INFO:__main__:PROCESS RUNNING ON cpu
INFO:__main__:NLL: 0.3065, L2: 0.0037, Reg: 0.1355
INFO:__main__:Total loss 0.4457
INFO:__main__:Predicted mean: -0.0184
INFO:__main__:Predicted uncertainity -0.0058
INFO:__main__:Completed epoch 1 of 100

INFO:__main__:NLL: 0.3080, L2: 0.0019, Reg: 0.1353
INFO:__main__:Total loss 0.4453
INFO:__main__:Predicted mean: -0.0137
INFO:__main__:Predicted uncertainity -0.0021
INFO:__main__:Completed epoch 2 of 100

INFO:__main__:NLL: 0.3077, L2: 0.0023, Reg: 0.1353
INFO:__main__:Total loss 0.4453
INFO:__main__:Predicted mean: -0.0147
INFO:__main__:Predicted uncertainity -0.0026
INFO:__main__:Completed epoch 3 of 100

INFO:__main__:NLL: 0.3070, L2: 0.0031, Reg: 0.1355
INFO:__main__:Total loss 0.4456
INFO:__main__:Predicted mean: -0.0164
INFO:__main__:Predicted uncertainity -0.0048
INFO:__main__:Completed epoch 4 of 100

INFO:__main__:NLL: 0.3065, L2: 0.0038, Reg: 0.1356
INFO:__main__:Total loss 0.4460
INFO:__main__:Predicted mean: -0.0183
INFO:__main__:Predicted uncertainity -0.0057
INFO:__main__:Completed epoch 5 of 100

INFO:__main__:NLL: 0.3062, L2: 0.0047, Reg: 0.1353
INFO:__main__:Total loss 0.4462
INFO:__main__:Predicted mean: -0.0196
INFO:__main__:Predicted uncertainity -0.0060
INFO:__main__:Completed epoch 6 of 100

INFO:__main__:NLL: 0.3061, L2: 0.0050, Reg: 0.1356
INFO:__main__:Total loss 0.4467
INFO:__main__:Predicted mean: -0.0203
INFO:__main__:Predicted uncertainity -0.0060
INFO:__main__:Completed epoch 7 of 100

INFO:__main__:NLL: 0.3061, L2: 0.0053, Reg: 0.1353
INFO:__main__:Total loss 0.4467
INFO:__main__:Predicted mean: -0.0206
INFO:__main__:Predicted uncertainity -0.0061
INFO:__main__:Completed epoch 8 of 100

INFO:__main__:NLL: 0.3060, L2: 0.0054, Reg: 0.1356
INFO:__main__:Total loss 0.4470
INFO:__main__:Predicted mean: -0.0207
INFO:__main__:Predicted uncertainity -0.0061
INFO:__main__:Completed epoch 9 of 100

INFO:__main__:NLL: 0.3060, L2: 0.0056, Reg: 0.1354
INFO:__main__:Total loss 0.4470
INFO:__main__:Predicted mean: -0.0208
INFO:__main__:Predicted uncertainity -0.0061
INFO:__main__:Completed epoch 10 of 100

INFO:__main__:NLL: 0.3060, L2: 0.0056, Reg: 0.1354
INFO:__main__:Total loss 0.4470
INFO:__main__:Predicted mean: -0.0208
INFO:__main__:Predicted uncertainity -0.0061
INFO:__main__:Completed epoch 11 of 100

INFO:__main__:NLL: 0.3060, L2: 0.0060, Reg: 0.1354
INFO:__main__:Total loss 0.4474
INFO:__main__:Predicted mean: -0.0208
INFO:__main__:Predicted uncertainity -0.0061
INFO:__main__:Completed epoch 12 of 100

INFO:__main__:NLL: 0.3060, L2: 0.0067, Reg: 0.1356
INFO:__main__:Total loss 0.4483
INFO:__main__:Predicted mean: -0.0208
INFO:__main__:Predicted uncertainity -0.0061
INFO:__main__:Completed epoch 13 of 100

INFO:__main__:NLL: 0.3060, L2: 0.0062, Reg: 0.1354
INFO:__main__:Total loss 0.4476
INFO:__main__:Predicted mean: -0.0208
INFO:__main__:Predicted uncertainity -0.0061
INFO:__main__:Completed epoch 14 of 100

INFO:__main__:NLL: 0.3060, L2: 0.0068, Reg: 0.1351
INFO:__main__:Total loss 0.4479
INFO:__main__:Predicted mean: -0.0208
INFO:__main__:Predicted uncertainity -0.0061
INFO:__main__:Completed epoch 15 of 100

INFO:__main__:NLL: 0.3060, L2: 0.0062, Reg: 0.1352
INFO:__main__:Total loss 0.4475
INFO:__main__:Predicted mean: -0.0208
INFO:__main__:Predicted uncertainity -0.0061
INFO:__main__:Completed epoch 16 of 100

INFO:__main__:NLL: 0.3060, L2: 0.0069, Reg: 0.1354
INFO:__main__:Total loss 0.4484
INFO:__main__:Predicted mean: -0.0208
INFO:__main__:Predicted uncertainity -0.0061
INFO:__main__:Completed epoch 17 of 100

INFO:__main__:NLL: 0.3060, L2: 0.0067, Reg: 0.1353
INFO:__main__:Total loss 0.4479
INFO:__main__:Predicted mean: -0.0208
INFO:__main__:Predicted uncertainity -0.0061
INFO:__main__:Completed epoch 18 of 100

INFO:__main__:NLL: 0.3060, L2: 0.0065, Reg: 0.1355
INFO:__main__:Total loss 0.4479
INFO:__main__:Predicted mean: -0.0208
INFO:__main__:Predicted uncertainity -0.0061
INFO:__main__:Completed epoch 19 of 100

INFO:__main__:NLL: 0.3060, L2: 0.0064, Reg: 0.1354
INFO:__main__:Total loss 0.4478
INFO:__main__:Predicted mean: -0.0208
INFO:__main__:Predicted uncertainity -0.0061
INFO:__main__:Completed epoch 20 of 100

INFO:__main__:NLL: 0.3060, L2: 0.0071, Reg: 0.1355
INFO:__main__:Total loss 0.4486
INFO:__main__:Predicted mean: -0.0208
INFO:__main__:Predicted uncertainity -0.0061
INFO:__main__:Completed epoch 21 of 100

INFO:__main__:NLL: 0.3060, L2: 0.0065, Reg: 0.1353
INFO:__main__:Total loss 0.4478
INFO:__main__:Predicted mean: -0.0208
INFO:__main__:Predicted uncertainity -0.0061
INFO:__main__:Completed epoch 22 of 100

INFO:__main__:NLL: 0.3060, L2: 0.0066, Reg: 0.1356
INFO:__main__:Total loss 0.4482
INFO:__main__:Predicted mean: -0.0208
INFO:__main__:Predicted uncertainity -0.0061
INFO:__main__:Completed epoch 23 of 100

INFO:__main__:NLL: 0.3060, L2: 0.0063, Reg: 0.1354
INFO:__main__:Total loss 0.4476
INFO:__main__:Predicted mean: -0.0208
INFO:__main__:Predicted uncertainity -0.0061
INFO:__main__:Completed epoch 24 of 100

INFO:__main__:NLL: 0.3060, L2: 0.0064, Reg: 0.1355
INFO:__main__:Total loss 0.4479
INFO:__main__:Predicted mean: -0.0208
INFO:__main__:Predicted uncertainity -0.0061
INFO:__main__:Completed epoch 25 of 100

INFO:__main__:NLL: 0.3060, L2: 0.0061, Reg: 0.1357
INFO:__main__:Total loss 0.4478
INFO:__main__:Predicted mean: -0.0208
INFO:__main__:Predicted uncertainity -0.0061
INFO:__main__:Completed epoch 26 of 100

INFO:__main__:NLL: 0.3060, L2: 0.0064, Reg: 0.1352
INFO:__main__:Total loss 0.4477
INFO:__main__:Predicted mean: -0.0208
INFO:__main__:Predicted uncertainity -0.0061
INFO:__main__:Completed epoch 27 of 100

INFO:__main__:NLL: 0.3060, L2: 0.0065, Reg: 0.1353
INFO:__main__:Total loss 0.4478
INFO:__main__:Predicted mean: -0.0208
INFO:__main__:Predicted uncertainity -0.0061
INFO:__main__:Completed epoch 28 of 100

INFO:__main__:NLL: 0.3060, L2: 0.0063, Reg: 0.1354
INFO:__main__:Total loss 0.4477
INFO:__main__:Predicted mean: -0.0208
INFO:__main__:Predicted uncertainity -0.0061
INFO:__main__:Completed epoch 29 of 100

INFO:__main__:NLL: 0.3060, L2: 0.0060, Reg: 0.1351
INFO:__main__:Total loss 0.4471
INFO:__main__:Predicted mean: -0.0208
INFO:__main__:Predicted uncertainity -0.0061
INFO:__main__:Completed epoch 30 of 100

INFO:__main__:NLL: 0.3060, L2: 0.0066, Reg: 0.1353
INFO:__main__:Total loss 0.4479
INFO:__main__:Predicted mean: -0.0208
INFO:__main__:Predicted uncertainity -0.0061
INFO:__main__:Completed epoch 31 of 100

INFO:__main__:NLL: 0.3060, L2: 0.0067, Reg: 0.1353
INFO:__main__:Total loss 0.4480
INFO:__main__:Predicted mean: -0.0208
INFO:__main__:Predicted uncertainity -0.0061
INFO:__main__:Completed epoch 32 of 100

INFO:__main__:NLL: 0.3060, L2: 0.0067, Reg: 0.1354
INFO:__main__:Total loss 0.4481
INFO:__main__:Predicted mean: -0.0208
INFO:__main__:Predicted uncertainity -0.0061
INFO:__main__:Completed epoch 33 of 100

INFO:__main__:NLL: 0.3060, L2: 0.0068, Reg: 0.1354
INFO:__main__:Total loss 0.4482
INFO:__main__:Predicted mean: -0.0208
INFO:__main__:Predicted uncertainity -0.0061
INFO:__main__:Completed epoch 34 of 100

INFO:__main__:NLL: 0.3060, L2: 0.0067, Reg: 0.1356
INFO:__main__:Total loss 0.4483
INFO:__main__:Predicted mean: -0.0208
INFO:__main__:Predicted uncertainity -0.0061
INFO:__main__:Completed epoch 35 of 100

INFO:__main__:NLL: 0.3060, L2: 0.0068, Reg: 0.1352
INFO:__main__:Total loss 0.4480
INFO:__main__:Predicted mean: -0.0208
INFO:__main__:Predicted uncertainity -0.0061
INFO:__main__:Completed epoch 36 of 100

INFO:__main__:NLL: 0.3060, L2: 0.0067, Reg: 0.1353
INFO:__main__:Total loss 0.4480
INFO:__main__:Predicted mean: -0.0208
INFO:__main__:Predicted uncertainity -0.0061
INFO:__main__:Completed epoch 37 of 100

INFO:__main__:NLL: 0.3060, L2: 0.0065, Reg: 0.1353
INFO:__main__:Total loss 0.4479
INFO:__main__:Predicted mean: -0.0208
INFO:__main__:Predicted uncertainity -0.0061
INFO:__main__:Completed epoch 38 of 100

INFO:__main__:NLL: 0.3060, L2: 0.0066, Reg: 0.1353
INFO:__main__:Total loss 0.4479
INFO:__main__:Predicted mean: -0.0208
INFO:__main__:Predicted uncertainity -0.0061
INFO:__main__:Completed epoch 39 of 100

INFO:__main__:NLL: 0.3060, L2: 0.0063, Reg: 0.1354
INFO:__main__:Total loss 0.4477
INFO:__main__:Predicted mean: -0.0208
INFO:__main__:Predicted uncertainity -0.0061
INFO:__main__:Completed epoch 40 of 100

INFO:__main__:NLL: 0.3060, L2: 0.0068, Reg: 0.1355
INFO:__main__:Total loss 0.4483
INFO:__main__:Predicted mean: -0.0208
INFO:__main__:Predicted uncertainity -0.0061
INFO:__main__:Completed epoch 41 of 100

INFO:__main__:NLL: 0.3060, L2: 0.0065, Reg: 0.1356
INFO:__main__:Total loss 0.4481
INFO:__main__:Predicted mean: -0.0208
INFO:__main__:Predicted uncertainity -0.0061
INFO:__main__:Completed epoch 42 of 100

INFO:__main__:NLL: 0.3060, L2: 0.0061, Reg: 0.1354
INFO:__main__:Total loss 0.4475
INFO:__main__:Predicted mean: -0.0208
INFO:__main__:Predicted uncertainity -0.0061
INFO:__main__:Completed epoch 43 of 100

INFO:__main__:NLL: 0.3060, L2: 0.0069, Reg: 0.1354
INFO:__main__:Total loss 0.4483
INFO:__main__:Predicted mean: -0.0208
INFO:__main__:Predicted uncertainity -0.0061
INFO:__main__:Completed epoch 44 of 100

INFO:__main__:NLL: 0.3060, L2: 0.0064, Reg: 0.1353
INFO:__main__:Total loss 0.4477
INFO:__main__:Predicted mean: -0.0208
INFO:__main__:Predicted uncertainity -0.0061
INFO:__main__:Completed epoch 45 of 100

INFO:__main__:NLL: 0.3060, L2: 0.0068, Reg: 0.1352
INFO:__main__:Total loss 0.4480
INFO:__main__:Predicted mean: -0.0208
INFO:__main__:Predicted uncertainity -0.0061
INFO:__main__:Completed epoch 46 of 100

INFO:__main__:NLL: 0.3060, L2: 0.0071, Reg: 0.1355
INFO:__main__:Total loss 0.4486
INFO:__main__:Predicted mean: -0.0208
INFO:__main__:Predicted uncertainity -0.0061
INFO:__main__:Completed epoch 47 of 100

INFO:__main__:NLL: 0.3060, L2: 0.0072, Reg: 0.1355
INFO:__main__:Total loss 0.4487
INFO:__main__:Predicted mean: -0.0208
INFO:__main__:Predicted uncertainity -0.0061
INFO:__main__:Completed epoch 48 of 100

INFO:__main__:NLL: 0.3060, L2: 0.0061, Reg: 0.1354
INFO:__main__:Total loss 0.4475
INFO:__main__:Predicted mean: -0.0208
INFO:__main__:Predicted uncertainity -0.0061
INFO:__main__:Completed epoch 49 of 100

INFO:__main__:NLL: 0.3060, L2: 0.0069, Reg: 0.1355
INFO:__main__:Total loss 0.4484
INFO:__main__:Predicted mean: -0.0208
INFO:__main__:Predicted uncertainity -0.0061
INFO:__main__:Completed epoch 50 of 100

INFO:__main__:NLL: 0.3060, L2: 0.0062, Reg: 0.1353
INFO:__main__:Total loss 0.4475
INFO:__main__:Predicted mean: -0.0208
INFO:__main__:Predicted uncertainity -0.0061
INFO:__main__:Completed epoch 51 of 100

INFO:__main__:NLL: 0.3060, L2: 0.0067, Reg: 0.1353
INFO:__main__:Total loss 0.4480
INFO:__main__:Predicted mean: -0.0208
INFO:__main__:Predicted uncertainity -0.0061
INFO:__main__:Completed epoch 52 of 100

INFO:__main__:NLL: 0.3060, L2: 0.0065, Reg: 0.1354
INFO:__main__:Total loss 0.4480
INFO:__main__:Predicted mean: -0.0208
INFO:__main__:Predicted uncertainity -0.0061
INFO:__main__:Completed epoch 53 of 100

INFO:__main__:NLL: 0.3060, L2: 0.0070, Reg: 0.1352
INFO:__main__:Total loss 0.4482
INFO:__main__:Predicted mean: -0.0208
INFO:__main__:Predicted uncertainity -0.0061
INFO:__main__:Completed epoch 54 of 100

INFO:__main__:NLL: 0.3060, L2: 0.0065, Reg: 0.1355
INFO:__main__:Total loss 0.4480
INFO:__main__:Predicted mean: -0.0208
INFO:__main__:Predicted uncertainity -0.0061
INFO:__main__:Completed epoch 55 of 100

INFO:__main__:NLL: 0.3060, L2: 0.0066, Reg: 0.1353
INFO:__main__:Total loss 0.4479
INFO:__main__:Predicted mean: -0.0208
INFO:__main__:Predicted uncertainity -0.0061
INFO:__main__:Completed epoch 56 of 100

INFO:__main__:NLL: 0.3060, L2: 0.0064, Reg: 0.1353
INFO:__main__:Total loss 0.4478
INFO:__main__:Predicted mean: -0.0208
INFO:__main__:Predicted uncertainity -0.0061
INFO:__main__:Completed epoch 57 of 100

INFO:__main__:NLL: 0.3060, L2: 0.0068, Reg: 0.1355
INFO:__main__:Total loss 0.4483
INFO:__main__:Predicted mean: -0.0208
INFO:__main__:Predicted uncertainity -0.0061
INFO:__main__:Completed epoch 58 of 100

INFO:__main__:NLL: 0.3060, L2: 0.0064, Reg: 0.1356
INFO:__main__:Total loss 0.4480
INFO:__main__:Predicted mean: -0.0208
INFO:__main__:Predicted uncertainity -0.0061
INFO:__main__:Completed epoch 59 of 100

INFO:__main__:NLL: 0.3060, L2: 0.0065, Reg: 0.1353
INFO:__main__:Total loss 0.4478
INFO:__main__:Predicted mean: -0.0208
INFO:__main__:Predicted uncertainity -0.0061
INFO:__main__:Completed epoch 60 of 100

INFO:__main__:NLL: 0.3060, L2: 0.0062, Reg: 0.1354
INFO:__main__:Total loss 0.4476
INFO:__main__:Predicted mean: -0.0208
INFO:__main__:Predicted uncertainity -0.0061
INFO:__main__:Completed epoch 61 of 100

INFO:__main__:NLL: 0.3060, L2: 0.0067, Reg: 0.1356
INFO:__main__:Total loss 0.4483
INFO:__main__:Predicted mean: -0.0208
INFO:__main__:Predicted uncertainity -0.0061
INFO:__main__:Completed epoch 62 of 100

INFO:__main__:NLL: 0.3060, L2: 0.0066, Reg: 0.1354
INFO:__main__:Total loss 0.4480
INFO:__main__:Predicted mean: -0.0208
INFO:__main__:Predicted uncertainity -0.0061
INFO:__main__:Completed epoch 63 of 100

INFO:__main__:NLL: 0.3060, L2: 0.0065, Reg: 0.1355
INFO:__main__:Total loss 0.4479
INFO:__main__:Predicted mean: -0.0208
INFO:__main__:Predicted uncertainity -0.0061
INFO:__main__:Completed epoch 64 of 100

INFO:__main__:NLL: 0.3060, L2: 0.0065, Reg: 0.1354
INFO:__main__:Total loss 0.4479
INFO:__main__:Predicted mean: -0.0208
INFO:__main__:Predicted uncertainity -0.0061
INFO:__main__:Completed epoch 65 of 100

INFO:__main__:NLL: 0.3060, L2: 0.0066, Reg: 0.1356
INFO:__main__:Total loss 0.4482
INFO:__main__:Predicted mean: -0.0208
INFO:__main__:Predicted uncertainity -0.0061
INFO:__main__:Completed epoch 66 of 100

INFO:__main__:NLL: 0.3060, L2: 0.0064, Reg: 0.1354
INFO:__main__:Total loss 0.4479
INFO:__main__:Predicted mean: -0.0208
INFO:__main__:Predicted uncertainity -0.0061
INFO:__main__:Completed epoch 67 of 100

INFO:__main__:NLL: 0.3060, L2: 0.0065, Reg: 0.1354
INFO:__main__:Total loss 0.4479
INFO:__main__:Predicted mean: -0.0208
INFO:__main__:Predicted uncertainity -0.0061
INFO:__main__:Completed epoch 68 of 100

INFO:__main__:NLL: 0.3060, L2: 0.0064, Reg: 0.1353
INFO:__main__:Total loss 0.4478
INFO:__main__:Predicted mean: -0.0208
INFO:__main__:Predicted uncertainity -0.0061
INFO:__main__:Completed epoch 69 of 100

INFO:__main__:NLL: 0.3060, L2: 0.0064, Reg: 0.1354
INFO:__main__:Total loss 0.4479
INFO:__main__:Predicted mean: -0.0208
INFO:__main__:Predicted uncertainity -0.0061
INFO:__main__:Completed epoch 70 of 100

INFO:__main__:NLL: 0.3060, L2: 0.0064, Reg: 0.1354
INFO:__main__:Total loss 0.4478
INFO:__main__:Predicted mean: -0.0208
INFO:__main__:Predicted uncertainity -0.0061
INFO:__main__:Completed epoch 71 of 100

INFO:__main__:NLL: 0.3060, L2: 0.0065, Reg: 0.1354
INFO:__main__:Total loss 0.4479
INFO:__main__:Predicted mean: -0.0208
INFO:__main__:Predicted uncertainity -0.0061
INFO:__main__:Completed epoch 72 of 100

INFO:__main__:NLL: 0.3060, L2: 0.0070, Reg: 0.1355
INFO:__main__:Total loss 0.4485
INFO:__main__:Predicted mean: -0.0208
INFO:__main__:Predicted uncertainity -0.0061
INFO:__main__:Completed epoch 73 of 100

INFO:__main__:NLL: 0.3060, L2: 0.0063, Reg: 0.1358
INFO:__main__:Total loss 0.4480
INFO:__main__:Predicted mean: -0.0208
INFO:__main__:Predicted uncertainity -0.0061
INFO:__main__:Completed epoch 74 of 100

INFO:__main__:NLL: 0.3060, L2: 0.0070, Reg: 0.1355
INFO:__main__:Total loss 0.4485
INFO:__main__:Predicted mean: -0.0208
INFO:__main__:Predicted uncertainity -0.0061
INFO:__main__:Completed epoch 75 of 100

INFO:__main__:NLL: 0.3060, L2: 0.0063, Reg: 0.1356
INFO:__main__:Total loss 0.4479
INFO:__main__:Predicted mean: -0.0208
INFO:__main__:Predicted uncertainity -0.0061
INFO:__main__:Completed epoch 76 of 100

INFO:__main__:NLL: 0.3060, L2: 0.0065, Reg: 0.1355
INFO:__main__:Total loss 0.4481
INFO:__main__:Predicted mean: -0.0208
INFO:__main__:Predicted uncertainity -0.0061
INFO:__main__:Completed epoch 77 of 100

INFO:__main__:NLL: 0.3060, L2: 0.0063, Reg: 0.1353
INFO:__main__:Total loss 0.4476
INFO:__main__:Predicted mean: -0.0208
INFO:__main__:Predicted uncertainity -0.0061
INFO:__main__:Completed epoch 78 of 100

INFO:__main__:NLL: 0.3060, L2: 0.0065, Reg: 0.1353
INFO:__main__:Total loss 0.4478
INFO:__main__:Predicted mean: -0.0208
INFO:__main__:Predicted uncertainity -0.0061
INFO:__main__:Completed epoch 79 of 100

INFO:__main__:NLL: 0.3060, L2: 0.0066, Reg: 0.1354
INFO:__main__:Total loss 0.4480
INFO:__main__:Predicted mean: -0.0208
INFO:__main__:Predicted uncertainity -0.0061
INFO:__main__:Completed epoch 80 of 100

INFO:__main__:NLL: 0.3060, L2: 0.0066, Reg: 0.1353
INFO:__main__:Total loss 0.4479
INFO:__main__:Predicted mean: -0.0208
INFO:__main__:Predicted uncertainity -0.0061
INFO:__main__:Completed epoch 81 of 100

INFO:__main__:NLL: 0.3060, L2: 0.0064, Reg: 0.1354
INFO:__main__:Total loss 0.4478
INFO:__main__:Predicted mean: -0.0208
INFO:__main__:Predicted uncertainity -0.0061
INFO:__main__:Completed epoch 82 of 100

INFO:__main__:NLL: 0.3060, L2: 0.0066, Reg: 0.1355
INFO:__main__:Total loss 0.4481
INFO:__main__:Predicted mean: -0.0208
INFO:__main__:Predicted uncertainity -0.0061
INFO:__main__:Completed epoch 83 of 100

INFO:__main__:NLL: 0.3060, L2: 0.0065, Reg: 0.1353
INFO:__main__:Total loss 0.4479
INFO:__main__:Predicted mean: -0.0208
INFO:__main__:Predicted uncertainity -0.0061
INFO:__main__:Completed epoch 84 of 100

INFO:__main__:NLL: 0.3060, L2: 0.0062, Reg: 0.1354
INFO:__main__:Total loss 0.4476
INFO:__main__:Predicted mean: -0.0208
INFO:__main__:Predicted uncertainity -0.0061
INFO:__main__:Completed epoch 85 of 100

INFO:__main__:NLL: 0.3060, L2: 0.0063, Reg: 0.1354
INFO:__main__:Total loss 0.4477
INFO:__main__:Predicted mean: -0.0208
INFO:__main__:Predicted uncertainity -0.0061
INFO:__main__:Completed epoch 86 of 100

INFO:__main__:NLL: 0.3060, L2: 0.0062, Reg: 0.1353
INFO:__main__:Total loss 0.4475
INFO:__main__:Predicted mean: -0.0208
INFO:__main__:Predicted uncertainity -0.0061
INFO:__main__:Completed epoch 87 of 100

INFO:__main__:NLL: 0.3060, L2: 0.0066, Reg: 0.1352
INFO:__main__:Total loss 0.4478
INFO:__main__:Predicted mean: -0.0208
INFO:__main__:Predicted uncertainity -0.0061
INFO:__main__:Completed epoch 88 of 100

INFO:__main__:NLL: 0.3060, L2: 0.0067, Reg: 0.1351
INFO:__main__:Total loss 0.4479
INFO:__main__:Predicted mean: -0.0208
INFO:__main__:Predicted uncertainity -0.0061
INFO:__main__:Completed epoch 89 of 100

INFO:__main__:NLL: 0.3060, L2: 0.0064, Reg: 0.1354
INFO:__main__:Total loss 0.4479
INFO:__main__:Predicted mean: -0.0208
INFO:__main__:Predicted uncertainity -0.0061
INFO:__main__:Completed epoch 90 of 100

INFO:__main__:NLL: 0.3060, L2: 0.0065, Reg: 0.1354
INFO:__main__:Total loss 0.4479
INFO:__main__:Predicted mean: -0.0208
INFO:__main__:Predicted uncertainity -0.0061
INFO:__main__:Completed epoch 91 of 100

INFO:__main__:NLL: 0.3060, L2: 0.0068, Reg: 0.1354
INFO:__main__:Total loss 0.4482
INFO:__main__:Predicted mean: -0.0208
INFO:__main__:Predicted uncertainity -0.0061
INFO:__main__:Completed epoch 92 of 100

INFO:__main__:NLL: 0.3060, L2: 0.0069, Reg: 0.1354
INFO:__main__:Total loss 0.4483
INFO:__main__:Predicted mean: -0.0208
INFO:__main__:Predicted uncertainity -0.0061
INFO:__main__:Completed epoch 93 of 100

INFO:__main__:NLL: 0.3060, L2: 0.0067, Reg: 0.1355
INFO:__main__:Total loss 0.4482
INFO:__main__:Predicted mean: -0.0208
INFO:__main__:Predicted uncertainity -0.0061
INFO:__main__:Completed epoch 94 of 100

INFO:__main__:NLL: 0.3060, L2: 0.0064, Reg: 0.1354
INFO:__main__:Total loss 0.4478
INFO:__main__:Predicted mean: -0.0208
INFO:__main__:Predicted uncertainity -0.0061
INFO:__main__:Completed epoch 95 of 100

INFO:__main__:NLL: 0.3060, L2: 0.0065, Reg: 0.1353
INFO:__main__:Total loss 0.4478
INFO:__main__:Predicted mean: -0.0208
INFO:__main__:Predicted uncertainity -0.0061
INFO:__main__:Completed epoch 96 of 100

INFO:__main__:NLL: 0.3060, L2: 0.0065, Reg: 0.1354
INFO:__main__:Total loss 0.4479
INFO:__main__:Predicted mean: -0.0208
INFO:__main__:Predicted uncertainity -0.0061
INFO:__main__:Completed epoch 97 of 100

INFO:__main__:NLL: 0.3060, L2: 0.0063, Reg: 0.1352
INFO:__main__:Total loss 0.4475
INFO:__main__:Predicted mean: -0.0208
INFO:__main__:Predicted uncertainity -0.0061
INFO:__main__:Completed epoch 98 of 100

INFO:__main__:NLL: 0.3060, L2: 0.0065, Reg: 0.1355
INFO:__main__:Total loss 0.4480
INFO:__main__:Predicted mean: -0.0208
INFO:__main__:Predicted uncertainity -0.0061
INFO:__main__:Completed epoch 99 of 100

INFO:__main__:NLL: 0.3060, L2: 0.0063, Reg: 0.1354
INFO:__main__:Total loss 0.4478
INFO:__main__:Predicted mean: -0.0208
INFO:__main__:Predicted uncertainity -0.0061
INFO:__main__:Completed epoch 100 of 100

INFO:__main__:352.615825 s
