INFO:__main__:PROCESS RUNNING ON cpu
INFO:__main__:NLL: 0.4613, L2: 0.0021, Reg: -0.2103
INFO:__main__:Total loss 0.2531
INFO:__main__:Predicted mean: -0.3692
INFO:__main__:Predicted uncertainity 0.5816
INFO:__main__:Completed epoch 1 of 100

INFO:__main__:NLL: 0.4587, L2: 0.0013, Reg: -0.2152
INFO:__main__:Total loss 0.2448
INFO:__main__:Predicted mean: -0.3711
INFO:__main__:Predicted uncertainity 0.5826
INFO:__main__:Completed epoch 2 of 100

INFO:__main__:NLL: 0.4667, L2: 0.0010, Reg: -0.2182
INFO:__main__:Total loss 0.2495
INFO:__main__:Predicted mean: -0.3673
INFO:__main__:Predicted uncertainity 0.5938
INFO:__main__:Completed epoch 3 of 100

INFO:__main__:NLL: 0.4603, L2: 0.0009, Reg: -0.2177
INFO:__main__:Total loss 0.2435
INFO:__main__:Predicted mean: -0.3603
INFO:__main__:Predicted uncertainity 0.5867
INFO:__main__:Completed epoch 4 of 100

INFO:__main__:NLL: 0.4634, L2: 0.0008, Reg: -0.2116
INFO:__main__:Total loss 0.2526
INFO:__main__:Predicted mean: -0.3558
INFO:__main__:Predicted uncertainity 0.5942
INFO:__main__:Completed epoch 5 of 100

INFO:__main__:NLL: 0.4602, L2: 0.0008, Reg: -0.2150
INFO:__main__:Total loss 0.2461
INFO:__main__:Predicted mean: -0.3536
INFO:__main__:Predicted uncertainity 0.5878
INFO:__main__:Completed epoch 6 of 100

INFO:__main__:NLL: 0.4644, L2: 0.0008, Reg: -0.2130
INFO:__main__:Total loss 0.2522
INFO:__main__:Predicted mean: -0.3571
INFO:__main__:Predicted uncertainity 0.5970
INFO:__main__:Completed epoch 7 of 100

INFO:__main__:NLL: 0.4605, L2: 0.0009, Reg: -0.2141
INFO:__main__:Total loss 0.2473
INFO:__main__:Predicted mean: -0.3561
INFO:__main__:Predicted uncertainity 0.5876
INFO:__main__:Completed epoch 8 of 100

INFO:__main__:NLL: 0.4647, L2: 0.0009, Reg: -0.2145
INFO:__main__:Total loss 0.2511
INFO:__main__:Predicted mean: -0.3601
INFO:__main__:Predicted uncertainity 0.6015
INFO:__main__:Completed epoch 9 of 100

INFO:__main__:NLL: 0.4629, L2: 0.0009, Reg: -0.2103
INFO:__main__:Total loss 0.2534
INFO:__main__:Predicted mean: -0.3575
INFO:__main__:Predicted uncertainity 0.5942
INFO:__main__:Completed epoch 10 of 100

INFO:__main__:NLL: 0.4615, L2: 0.0009, Reg: -0.2195
INFO:__main__:Total loss 0.2429
INFO:__main__:Predicted mean: -0.3596
INFO:__main__:Predicted uncertainity 0.5943
INFO:__main__:Completed epoch 11 of 100

INFO:__main__:NLL: 0.4667, L2: 0.0009, Reg: -0.2185
INFO:__main__:Total loss 0.2490
INFO:__main__:Predicted mean: -0.3584
INFO:__main__:Predicted uncertainity 0.5974
INFO:__main__:Completed epoch 12 of 100

INFO:__main__:NLL: 0.4623, L2: 0.0009, Reg: -0.2130
INFO:__main__:Total loss 0.2503
INFO:__main__:Predicted mean: -0.3605
INFO:__main__:Predicted uncertainity 0.5878
INFO:__main__:Completed epoch 13 of 100

INFO:__main__:NLL: 0.4634, L2: 0.0010, Reg: -0.2163
INFO:__main__:Total loss 0.2481
INFO:__main__:Predicted mean: -0.3593
INFO:__main__:Predicted uncertainity 0.5912
INFO:__main__:Completed epoch 14 of 100

INFO:__main__:NLL: 0.4581, L2: 0.0008, Reg: -0.2120
INFO:__main__:Total loss 0.2469
INFO:__main__:Predicted mean: -0.3585
INFO:__main__:Predicted uncertainity 0.5778
INFO:__main__:Completed epoch 15 of 100

INFO:__main__:NLL: 0.4579, L2: 0.0009, Reg: -0.2055
INFO:__main__:Total loss 0.2533
INFO:__main__:Predicted mean: -0.3548
INFO:__main__:Predicted uncertainity 0.5768
INFO:__main__:Completed epoch 16 of 100

INFO:__main__:NLL: 0.4642, L2: 0.0010, Reg: -0.2198
INFO:__main__:Total loss 0.2454
INFO:__main__:Predicted mean: -0.3575
INFO:__main__:Predicted uncertainity 0.5941
INFO:__main__:Completed epoch 17 of 100

INFO:__main__:NLL: 0.4605, L2: 0.0009, Reg: -0.2175
INFO:__main__:Total loss 0.2439
INFO:__main__:Predicted mean: -0.3588
INFO:__main__:Predicted uncertainity 0.5833
INFO:__main__:Completed epoch 18 of 100

INFO:__main__:NLL: 0.4609, L2: 0.0009, Reg: -0.2115
INFO:__main__:Total loss 0.2503
INFO:__main__:Predicted mean: -0.3576
INFO:__main__:Predicted uncertainity 0.5836
INFO:__main__:Completed epoch 19 of 100

INFO:__main__:NLL: 0.4641, L2: 0.0009, Reg: -0.2175
INFO:__main__:Total loss 0.2475
INFO:__main__:Predicted mean: -0.3567
INFO:__main__:Predicted uncertainity 0.5944
INFO:__main__:Completed epoch 20 of 100

INFO:__main__:NLL: 0.4601, L2: 0.0009, Reg: -0.2120
INFO:__main__:Total loss 0.2490
INFO:__main__:Predicted mean: -0.3615
INFO:__main__:Predicted uncertainity 0.5883
INFO:__main__:Completed epoch 21 of 100

INFO:__main__:NLL: 0.4657, L2: 0.0008, Reg: -0.2190
INFO:__main__:Total loss 0.2476
INFO:__main__:Predicted mean: -0.3618
INFO:__main__:Predicted uncertainity 0.5980
INFO:__main__:Completed epoch 22 of 100

INFO:__main__:NLL: 0.4631, L2: 0.0009, Reg: -0.2140
INFO:__main__:Total loss 0.2500
INFO:__main__:Predicted mean: -0.3533
INFO:__main__:Predicted uncertainity 0.5935
INFO:__main__:Completed epoch 23 of 100

INFO:__main__:NLL: 0.4628, L2: 0.0009, Reg: -0.2162
INFO:__main__:Total loss 0.2475
INFO:__main__:Predicted mean: -0.3575
INFO:__main__:Predicted uncertainity 0.5908
INFO:__main__:Completed epoch 24 of 100

INFO:__main__:NLL: 0.4587, L2: 0.0009, Reg: -0.2137
INFO:__main__:Total loss 0.2459
INFO:__main__:Predicted mean: -0.3580
INFO:__main__:Predicted uncertainity 0.5825
INFO:__main__:Completed epoch 25 of 100

INFO:__main__:NLL: 0.4635, L2: 0.0009, Reg: -0.2150
INFO:__main__:Total loss 0.2494
INFO:__main__:Predicted mean: -0.3607
INFO:__main__:Predicted uncertainity 0.5921
INFO:__main__:Completed epoch 26 of 100

INFO:__main__:NLL: 0.4619, L2: 0.0009, Reg: -0.2156
INFO:__main__:Total loss 0.2472
INFO:__main__:Predicted mean: -0.3552
INFO:__main__:Predicted uncertainity 0.5909
INFO:__main__:Completed epoch 27 of 100

INFO:__main__:NLL: 0.4674, L2: 0.0009, Reg: -0.2185
INFO:__main__:Total loss 0.2498
INFO:__main__:Predicted mean: -0.3608
INFO:__main__:Predicted uncertainity 0.6002
INFO:__main__:Completed epoch 28 of 100

INFO:__main__:NLL: 0.4672, L2: 0.0008, Reg: -0.2182
INFO:__main__:Total loss 0.2498
INFO:__main__:Predicted mean: -0.3676
INFO:__main__:Predicted uncertainity 0.5969
INFO:__main__:Completed epoch 29 of 100

INFO:__main__:NLL: 0.4626, L2: 0.0009, Reg: -0.2159
INFO:__main__:Total loss 0.2476
INFO:__main__:Predicted mean: -0.3575
INFO:__main__:Predicted uncertainity 0.5898
INFO:__main__:Completed epoch 30 of 100

INFO:__main__:NLL: 0.4632, L2: 0.0008, Reg: -0.2152
INFO:__main__:Total loss 0.2489
INFO:__main__:Predicted mean: -0.3599
INFO:__main__:Predicted uncertainity 0.5891
INFO:__main__:Completed epoch 31 of 100

INFO:__main__:NLL: 0.4591, L2: 0.0007, Reg: -0.2132
INFO:__main__:Total loss 0.2466
INFO:__main__:Predicted mean: -0.3563
INFO:__main__:Predicted uncertainity 0.5811
INFO:__main__:Completed epoch 32 of 100

INFO:__main__:NLL: 0.4689, L2: 0.0007, Reg: -0.2197
INFO:__main__:Total loss 0.2500
INFO:__main__:Predicted mean: -0.3616
INFO:__main__:Predicted uncertainity 0.6059
INFO:__main__:Completed epoch 33 of 100

INFO:__main__:NLL: 0.4606, L2: 0.0008, Reg: -0.2140
INFO:__main__:Total loss 0.2474
INFO:__main__:Predicted mean: -0.3596
INFO:__main__:Predicted uncertainity 0.5891
INFO:__main__:Completed epoch 34 of 100

INFO:__main__:NLL: 0.4603, L2: 0.0007, Reg: -0.2140
INFO:__main__:Total loss 0.2471
INFO:__main__:Predicted mean: -0.3602
INFO:__main__:Predicted uncertainity 0.5887
INFO:__main__:Completed epoch 35 of 100

INFO:__main__:NLL: 0.4665, L2: 0.0008, Reg: -0.2178
INFO:__main__:Total loss 0.2494
INFO:__main__:Predicted mean: -0.3605
INFO:__main__:Predicted uncertainity 0.5955
INFO:__main__:Completed epoch 36 of 100

INFO:__main__:NLL: 0.4599, L2: 0.0008, Reg: -0.2155
INFO:__main__:Total loss 0.2451
INFO:__main__:Predicted mean: -0.3564
INFO:__main__:Predicted uncertainity 0.5916
INFO:__main__:Completed epoch 37 of 100

INFO:__main__:NLL: 0.4647, L2: 0.0007, Reg: -0.2196
INFO:__main__:Total loss 0.2458
INFO:__main__:Predicted mean: -0.3576
INFO:__main__:Predicted uncertainity 0.5945
INFO:__main__:Completed epoch 38 of 100

INFO:__main__:NLL: 0.4633, L2: 0.0008, Reg: -0.2162
INFO:__main__:Total loss 0.2479
INFO:__main__:Predicted mean: -0.3573
INFO:__main__:Predicted uncertainity 0.5892
INFO:__main__:Completed epoch 39 of 100

INFO:__main__:NLL: 0.4633, L2: 0.0007, Reg: -0.2182
INFO:__main__:Total loss 0.2457
INFO:__main__:Predicted mean: -0.3615
INFO:__main__:Predicted uncertainity 0.5934
INFO:__main__:Completed epoch 40 of 100

INFO:__main__:NLL: 0.4624, L2: 0.0007, Reg: -0.2147
INFO:__main__:Total loss 0.2485
INFO:__main__:Predicted mean: -0.3601
INFO:__main__:Predicted uncertainity 0.5932
INFO:__main__:Completed epoch 41 of 100

INFO:__main__:NLL: 0.4638, L2: 0.0007, Reg: -0.2163
INFO:__main__:Total loss 0.2483
INFO:__main__:Predicted mean: -0.3578
INFO:__main__:Predicted uncertainity 0.5961
INFO:__main__:Completed epoch 42 of 100

INFO:__main__:NLL: 0.4578, L2: 0.0007, Reg: -0.2141
INFO:__main__:Total loss 0.2444
INFO:__main__:Predicted mean: -0.3602
INFO:__main__:Predicted uncertainity 0.5793
INFO:__main__:Completed epoch 43 of 100

INFO:__main__:NLL: 0.4627, L2: 0.0007, Reg: -0.2167
INFO:__main__:Total loss 0.2468
INFO:__main__:Predicted mean: -0.3592
INFO:__main__:Predicted uncertainity 0.5937
INFO:__main__:Completed epoch 44 of 100

INFO:__main__:NLL: 0.4606, L2: 0.0007, Reg: -0.2126
INFO:__main__:Total loss 0.2488
INFO:__main__:Predicted mean: -0.3587
INFO:__main__:Predicted uncertainity 0.5852
INFO:__main__:Completed epoch 45 of 100

INFO:__main__:NLL: 0.4641, L2: 0.0007, Reg: -0.2182
INFO:__main__:Total loss 0.2466
INFO:__main__:Predicted mean: -0.3579
INFO:__main__:Predicted uncertainity 0.5919
INFO:__main__:Completed epoch 46 of 100

INFO:__main__:NLL: 0.4625, L2: 0.0007, Reg: -0.2180
INFO:__main__:Total loss 0.2452
INFO:__main__:Predicted mean: -0.3595
INFO:__main__:Predicted uncertainity 0.5985
INFO:__main__:Completed epoch 47 of 100

INFO:__main__:NLL: 0.4661, L2: 0.0007, Reg: -0.2202
INFO:__main__:Total loss 0.2467
INFO:__main__:Predicted mean: -0.3592
INFO:__main__:Predicted uncertainity 0.5998
INFO:__main__:Completed epoch 48 of 100

INFO:__main__:NLL: 0.4630, L2: 0.0007, Reg: -0.2169
INFO:__main__:Total loss 0.2468
INFO:__main__:Predicted mean: -0.3565
INFO:__main__:Predicted uncertainity 0.5926
INFO:__main__:Completed epoch 49 of 100

INFO:__main__:NLL: 0.4670, L2: 0.0007, Reg: -0.2220
INFO:__main__:Total loss 0.2457
INFO:__main__:Predicted mean: -0.3608
INFO:__main__:Predicted uncertainity 0.6025
INFO:__main__:Completed epoch 50 of 100

INFO:__main__:NLL: 0.4605, L2: 0.0008, Reg: -0.2111
INFO:__main__:Total loss 0.2501
INFO:__main__:Predicted mean: -0.3581
INFO:__main__:Predicted uncertainity 0.5802
INFO:__main__:Completed epoch 51 of 100

INFO:__main__:NLL: 0.4651, L2: 0.0008, Reg: -0.2192
INFO:__main__:Total loss 0.2467
INFO:__main__:Predicted mean: -0.3584
INFO:__main__:Predicted uncertainity 0.6019
INFO:__main__:Completed epoch 52 of 100

INFO:__main__:NLL: 0.4620, L2: 0.0007, Reg: -0.2168
INFO:__main__:Total loss 0.2460
INFO:__main__:Predicted mean: -0.3591
INFO:__main__:Predicted uncertainity 0.5850
INFO:__main__:Completed epoch 53 of 100

INFO:__main__:NLL: 0.4641, L2: 0.0007, Reg: -0.2174
INFO:__main__:Total loss 0.2474
INFO:__main__:Predicted mean: -0.3569
INFO:__main__:Predicted uncertainity 0.5895
INFO:__main__:Completed epoch 54 of 100

INFO:__main__:NLL: 0.4617, L2: 0.0007, Reg: -0.2172
INFO:__main__:Total loss 0.2453
INFO:__main__:Predicted mean: -0.3572
INFO:__main__:Predicted uncertainity 0.5947
INFO:__main__:Completed epoch 55 of 100

INFO:__main__:NLL: 0.4650, L2: 0.0007, Reg: -0.2141
INFO:__main__:Total loss 0.2516
INFO:__main__:Predicted mean: -0.3572
INFO:__main__:Predicted uncertainity 0.5903
INFO:__main__:Completed epoch 56 of 100

INFO:__main__:NLL: 0.4691, L2: 0.0007, Reg: -0.2190
INFO:__main__:Total loss 0.2508
INFO:__main__:Predicted mean: -0.3595
INFO:__main__:Predicted uncertainity 0.6039
INFO:__main__:Completed epoch 57 of 100

INFO:__main__:NLL: 0.4626, L2: 0.0007, Reg: -0.2144
INFO:__main__:Total loss 0.2490
INFO:__main__:Predicted mean: -0.3594
INFO:__main__:Predicted uncertainity 0.5910
INFO:__main__:Completed epoch 58 of 100

INFO:__main__:NLL: 0.4624, L2: 0.0007, Reg: -0.2122
INFO:__main__:Total loss 0.2509
INFO:__main__:Predicted mean: -0.3591
INFO:__main__:Predicted uncertainity 0.5909
INFO:__main__:Completed epoch 59 of 100

INFO:__main__:NLL: 0.4605, L2: 0.0007, Reg: -0.2156
INFO:__main__:Total loss 0.2457
INFO:__main__:Predicted mean: -0.3569
INFO:__main__:Predicted uncertainity 0.5838
INFO:__main__:Completed epoch 60 of 100

INFO:__main__:NLL: 0.4645, L2: 0.0008, Reg: -0.2174
INFO:__main__:Total loss 0.2480
INFO:__main__:Predicted mean: -0.3566
INFO:__main__:Predicted uncertainity 0.5933
INFO:__main__:Completed epoch 61 of 100

INFO:__main__:NLL: 0.4640, L2: 0.0007, Reg: -0.2167
INFO:__main__:Total loss 0.2480
INFO:__main__:Predicted mean: -0.3568
INFO:__main__:Predicted uncertainity 0.5950
INFO:__main__:Completed epoch 62 of 100

INFO:__main__:NLL: 0.4659, L2: 0.0007, Reg: -0.2225
INFO:__main__:Total loss 0.2442
INFO:__main__:Predicted mean: -0.3584
INFO:__main__:Predicted uncertainity 0.5984
INFO:__main__:Completed epoch 63 of 100

INFO:__main__:NLL: 0.4633, L2: 0.0008, Reg: -0.2154
INFO:__main__:Total loss 0.2487
INFO:__main__:Predicted mean: -0.3578
INFO:__main__:Predicted uncertainity 0.5883
INFO:__main__:Completed epoch 64 of 100

INFO:__main__:NLL: 0.4562, L2: 0.0008, Reg: -0.2094
INFO:__main__:Total loss 0.2476
INFO:__main__:Predicted mean: -0.3606
INFO:__main__:Predicted uncertainity 0.5760
INFO:__main__:Completed epoch 65 of 100

INFO:__main__:NLL: 0.4627, L2: 0.0008, Reg: -0.2139
INFO:__main__:Total loss 0.2496
INFO:__main__:Predicted mean: -0.3584
INFO:__main__:Predicted uncertainity 0.5921
INFO:__main__:Completed epoch 66 of 100

INFO:__main__:NLL: 0.4609, L2: 0.0008, Reg: -0.2149
INFO:__main__:Total loss 0.2468
INFO:__main__:Predicted mean: -0.3585
INFO:__main__:Predicted uncertainity 0.5881
INFO:__main__:Completed epoch 67 of 100

INFO:__main__:NLL: 0.4657, L2: 0.0007, Reg: -0.2198
INFO:__main__:Total loss 0.2467
INFO:__main__:Predicted mean: -0.3606
INFO:__main__:Predicted uncertainity 0.5959
INFO:__main__:Completed epoch 68 of 100

INFO:__main__:NLL: 0.4618, L2: 0.0007, Reg: -0.2131
INFO:__main__:Total loss 0.2494
INFO:__main__:Predicted mean: -0.3617
INFO:__main__:Predicted uncertainity 0.5909
INFO:__main__:Completed epoch 69 of 100

INFO:__main__:NLL: 0.4626, L2: 0.0007, Reg: -0.2166
INFO:__main__:Total loss 0.2468
INFO:__main__:Predicted mean: -0.3632
INFO:__main__:Predicted uncertainity 0.5894
INFO:__main__:Completed epoch 70 of 100

INFO:__main__:NLL: 0.4581, L2: 0.0007, Reg: -0.2118
INFO:__main__:Total loss 0.2471
INFO:__main__:Predicted mean: -0.3571
INFO:__main__:Predicted uncertainity 0.5781
INFO:__main__:Completed epoch 71 of 100

INFO:__main__:NLL: 0.4656, L2: 0.0007, Reg: -0.2137
INFO:__main__:Total loss 0.2527
INFO:__main__:Predicted mean: -0.3597
INFO:__main__:Predicted uncertainity 0.5996
INFO:__main__:Completed epoch 72 of 100

INFO:__main__:NLL: 0.4629, L2: 0.0008, Reg: -0.2160
INFO:__main__:Total loss 0.2476
INFO:__main__:Predicted mean: -0.3605
INFO:__main__:Predicted uncertainity 0.5942
INFO:__main__:Completed epoch 73 of 100

INFO:__main__:NLL: 0.4650, L2: 0.0008, Reg: -0.2168
INFO:__main__:Total loss 0.2490
INFO:__main__:Predicted mean: -0.3586
INFO:__main__:Predicted uncertainity 0.5948
INFO:__main__:Completed epoch 74 of 100

INFO:__main__:NLL: 0.4671, L2: 0.0007, Reg: -0.2200
INFO:__main__:Total loss 0.2479
INFO:__main__:Predicted mean: -0.3609
INFO:__main__:Predicted uncertainity 0.6073
INFO:__main__:Completed epoch 75 of 100

INFO:__main__:NLL: 0.4593, L2: 0.0008, Reg: -0.2111
INFO:__main__:Total loss 0.2490
INFO:__main__:Predicted mean: -0.3573
INFO:__main__:Predicted uncertainity 0.5810
INFO:__main__:Completed epoch 76 of 100

INFO:__main__:NLL: 0.4623, L2: 0.0007, Reg: -0.2095
INFO:__main__:Total loss 0.2535
INFO:__main__:Predicted mean: -0.3595
INFO:__main__:Predicted uncertainity 0.5917
INFO:__main__:Completed epoch 77 of 100

INFO:__main__:NLL: 0.4682, L2: 0.0007, Reg: -0.2196
INFO:__main__:Total loss 0.2492
INFO:__main__:Predicted mean: -0.3600
INFO:__main__:Predicted uncertainity 0.6015
INFO:__main__:Completed epoch 78 of 100

INFO:__main__:NLL: 0.4654, L2: 0.0007, Reg: -0.2214
INFO:__main__:Total loss 0.2447
INFO:__main__:Predicted mean: -0.3596
INFO:__main__:Predicted uncertainity 0.5907
INFO:__main__:Completed epoch 79 of 100

INFO:__main__:NLL: 0.4601, L2: 0.0008, Reg: -0.2129
INFO:__main__:Total loss 0.2479
INFO:__main__:Predicted mean: -0.3594
INFO:__main__:Predicted uncertainity 0.5841
INFO:__main__:Completed epoch 80 of 100

INFO:__main__:NLL: 0.4599, L2: 0.0007, Reg: -0.2146
INFO:__main__:Total loss 0.2461
INFO:__main__:Predicted mean: -0.3610
INFO:__main__:Predicted uncertainity 0.5806
INFO:__main__:Completed epoch 81 of 100

INFO:__main__:NLL: 0.4685, L2: 0.0008, Reg: -0.2206
INFO:__main__:Total loss 0.2487
INFO:__main__:Predicted mean: -0.3593
INFO:__main__:Predicted uncertainity 0.6006
INFO:__main__:Completed epoch 82 of 100

INFO:__main__:NLL: 0.4640, L2: 0.0008, Reg: -0.2140
INFO:__main__:Total loss 0.2507
INFO:__main__:Predicted mean: -0.3604
INFO:__main__:Predicted uncertainity 0.5942
INFO:__main__:Completed epoch 83 of 100

INFO:__main__:NLL: 0.4657, L2: 0.0008, Reg: -0.2120
INFO:__main__:Total loss 0.2546
INFO:__main__:Predicted mean: -0.3607
INFO:__main__:Predicted uncertainity 0.5934
INFO:__main__:Completed epoch 84 of 100

INFO:__main__:NLL: 0.4632, L2: 0.0008, Reg: -0.2138
INFO:__main__:Total loss 0.2502
INFO:__main__:Predicted mean: -0.3590
INFO:__main__:Predicted uncertainity 0.5961
INFO:__main__:Completed epoch 85 of 100

INFO:__main__:NLL: 0.4596, L2: 0.0007, Reg: -0.2120
INFO:__main__:Total loss 0.2483
INFO:__main__:Predicted mean: -0.3565
INFO:__main__:Predicted uncertainity 0.5848
INFO:__main__:Completed epoch 86 of 100

INFO:__main__:NLL: 0.4630, L2: 0.0008, Reg: -0.2165
INFO:__main__:Total loss 0.2472
INFO:__main__:Predicted mean: -0.3636
INFO:__main__:Predicted uncertainity 0.5881
INFO:__main__:Completed epoch 87 of 100

INFO:__main__:NLL: 0.4621, L2: 0.0008, Reg: -0.2155
INFO:__main__:Total loss 0.2473
INFO:__main__:Predicted mean: -0.3578
INFO:__main__:Predicted uncertainity 0.5843
INFO:__main__:Completed epoch 88 of 100

INFO:__main__:NLL: 0.4644, L2: 0.0008, Reg: -0.2144
INFO:__main__:Total loss 0.2508
INFO:__main__:Predicted mean: -0.3609
INFO:__main__:Predicted uncertainity 0.5922
INFO:__main__:Completed epoch 89 of 100

INFO:__main__:NLL: 0.4614, L2: 0.0007, Reg: -0.2168
INFO:__main__:Total loss 0.2453
INFO:__main__:Predicted mean: -0.3599
INFO:__main__:Predicted uncertainity 0.5888
INFO:__main__:Completed epoch 90 of 100

INFO:__main__:NLL: 0.4605, L2: 0.0008, Reg: -0.2114
INFO:__main__:Total loss 0.2499
INFO:__main__:Predicted mean: -0.3593
INFO:__main__:Predicted uncertainity 0.5813
INFO:__main__:Completed epoch 91 of 100

INFO:__main__:NLL: 0.4593, L2: 0.0007, Reg: -0.2115
INFO:__main__:Total loss 0.2485
INFO:__main__:Predicted mean: -0.3541
INFO:__main__:Predicted uncertainity 0.5805
INFO:__main__:Completed epoch 92 of 100

INFO:__main__:NLL: 0.4629, L2: 0.0008, Reg: -0.2153
INFO:__main__:Total loss 0.2483
INFO:__main__:Predicted mean: -0.3615
INFO:__main__:Predicted uncertainity 0.5873
INFO:__main__:Completed epoch 93 of 100

INFO:__main__:NLL: 0.4595, L2: 0.0008, Reg: -0.2108
INFO:__main__:Total loss 0.2494
INFO:__main__:Predicted mean: -0.3561
INFO:__main__:Predicted uncertainity 0.5784
INFO:__main__:Completed epoch 94 of 100

INFO:__main__:NLL: 0.4611, L2: 0.0007, Reg: -0.2166
INFO:__main__:Total loss 0.2452
INFO:__main__:Predicted mean: -0.3568
INFO:__main__:Predicted uncertainity 0.5860
INFO:__main__:Completed epoch 95 of 100

INFO:__main__:NLL: 0.4622, L2: 0.0007, Reg: -0.2163
INFO:__main__:Total loss 0.2467
INFO:__main__:Predicted mean: -0.3565
INFO:__main__:Predicted uncertainity 0.5899
INFO:__main__:Completed epoch 96 of 100

INFO:__main__:NLL: 0.4619, L2: 0.0007, Reg: -0.2141
INFO:__main__:Total loss 0.2484
INFO:__main__:Predicted mean: -0.3595
INFO:__main__:Predicted uncertainity 0.5867
INFO:__main__:Completed epoch 97 of 100

INFO:__main__:NLL: 0.4600, L2: 0.0007, Reg: -0.2172
INFO:__main__:Total loss 0.2436
INFO:__main__:Predicted mean: -0.3568
INFO:__main__:Predicted uncertainity 0.5834
INFO:__main__:Completed epoch 98 of 100

INFO:__main__:NLL: 0.4615, L2: 0.0007, Reg: -0.2132
INFO:__main__:Total loss 0.2490
INFO:__main__:Predicted mean: -0.3646
INFO:__main__:Predicted uncertainity 0.5859
INFO:__main__:Completed epoch 99 of 100

INFO:__main__:NLL: 0.4623, L2: 0.0007, Reg: -0.2154
INFO:__main__:Total loss 0.2477
INFO:__main__:Predicted mean: -0.3567
INFO:__main__:Predicted uncertainity 0.5915
INFO:__main__:Completed epoch 100 of 100

INFO:__main__:521.818140 s
