INFO:__main__:PROCESS RUNNING ON cpu
INFO:__main__:NLL: 0.1991, L2: 0.0269, Reg: 0.0568
INFO:__main__:Total loss 0.2829
INFO:__main__:Predicted mean: -0.3866
INFO:__main__:Predicted uncertainity -0.7381
INFO:__main__:Completed epoch 1 of 100

INFO:__main__:NLL: 0.0646, L2: 0.0282, Reg: 0.0568
INFO:__main__:Total loss 0.1496
INFO:__main__:Predicted mean: -0.4006
INFO:__main__:Predicted uncertainity -0.8204
INFO:__main__:Completed epoch 2 of 100

INFO:__main__:NLL: 0.0551, L2: 0.0275, Reg: 0.0568
INFO:__main__:Total loss 0.1394
INFO:__main__:Predicted mean: -0.4119
INFO:__main__:Predicted uncertainity -0.7667
INFO:__main__:Completed epoch 3 of 100

INFO:__main__:NLL: -0.0374, L2: 0.0294, Reg: 0.0568
INFO:__main__:Total loss 0.0488
INFO:__main__:Predicted mean: -0.3651
INFO:__main__:Predicted uncertainity -0.7554
INFO:__main__:Completed epoch 4 of 100

INFO:__main__:NLL: 0.1489, L2: 0.0296, Reg: 0.0568
INFO:__main__:Total loss 0.2354
INFO:__main__:Predicted mean: -0.4231
INFO:__main__:Predicted uncertainity -0.7630
INFO:__main__:Completed epoch 5 of 100

INFO:__main__:NLL: 0.2137, L2: 0.0272, Reg: 0.0568
INFO:__main__:Total loss 0.2978
INFO:__main__:Predicted mean: -0.3928
INFO:__main__:Predicted uncertainity -0.7781
INFO:__main__:Completed epoch 6 of 100

INFO:__main__:NLL: 0.1706, L2: 0.0302, Reg: 0.0568
INFO:__main__:Total loss 0.2576
INFO:__main__:Predicted mean: -0.3672
INFO:__main__:Predicted uncertainity -0.6722
INFO:__main__:Completed epoch 7 of 100

INFO:__main__:NLL: 0.2674, L2: 0.0278, Reg: 0.0568
INFO:__main__:Total loss 0.3520
INFO:__main__:Predicted mean: -0.3816
INFO:__main__:Predicted uncertainity -0.8056
INFO:__main__:Completed epoch 8 of 100

INFO:__main__:NLL: 0.0163, L2: 0.0288, Reg: 0.0568
INFO:__main__:Total loss 0.1019
INFO:__main__:Predicted mean: -0.3544
INFO:__main__:Predicted uncertainity -0.8238
INFO:__main__:Completed epoch 9 of 100

INFO:__main__:NLL: 0.2456, L2: 0.0282, Reg: 0.0568
INFO:__main__:Total loss 0.3307
INFO:__main__:Predicted mean: -0.3823
INFO:__main__:Predicted uncertainity -0.7555
INFO:__main__:Completed epoch 10 of 100

INFO:__main__:NLL: -0.0003, L2: 0.0288, Reg: 0.0568
INFO:__main__:Total loss 0.0853
INFO:__main__:Predicted mean: -0.4108
INFO:__main__:Predicted uncertainity -0.8499
INFO:__main__:Completed epoch 11 of 100

INFO:__main__:NLL: 0.1920, L2: 0.0271, Reg: 0.0568
INFO:__main__:Total loss 0.2760
INFO:__main__:Predicted mean: -0.3772
INFO:__main__:Predicted uncertainity -0.7347
INFO:__main__:Completed epoch 12 of 100

INFO:__main__:NLL: -0.0011, L2: 0.0305, Reg: 0.0568
INFO:__main__:Total loss 0.0863
INFO:__main__:Predicted mean: -0.3574
INFO:__main__:Predicted uncertainity -0.7613
INFO:__main__:Completed epoch 13 of 100

INFO:__main__:NLL: 0.2452, L2: 0.0301, Reg: 0.0568
INFO:__main__:Total loss 0.3322
INFO:__main__:Predicted mean: -0.3360
INFO:__main__:Predicted uncertainity -0.7511
INFO:__main__:Completed epoch 14 of 100

INFO:__main__:NLL: 0.1800, L2: 0.0300, Reg: 0.0568
INFO:__main__:Total loss 0.2668
INFO:__main__:Predicted mean: -0.3969
INFO:__main__:Predicted uncertainity -0.8547
INFO:__main__:Completed epoch 15 of 100

INFO:__main__:NLL: 0.2031, L2: 0.0287, Reg: 0.0568
INFO:__main__:Total loss 0.2886
INFO:__main__:Predicted mean: -0.3357
INFO:__main__:Predicted uncertainity -0.8405
INFO:__main__:Completed epoch 16 of 100

INFO:__main__:NLL: 0.0502, L2: 0.0282, Reg: 0.0568
INFO:__main__:Total loss 0.1352
INFO:__main__:Predicted mean: -0.3581
INFO:__main__:Predicted uncertainity -0.7669
INFO:__main__:Completed epoch 17 of 100

INFO:__main__:NLL: 0.1932, L2: 0.0284, Reg: 0.0568
INFO:__main__:Total loss 0.2785
INFO:__main__:Predicted mean: -0.4361
INFO:__main__:Predicted uncertainity -0.6796
INFO:__main__:Completed epoch 18 of 100

INFO:__main__:NLL: -0.0821, L2: 0.0290, Reg: 0.0568
INFO:__main__:Total loss 0.0038
INFO:__main__:Predicted mean: -0.3905
INFO:__main__:Predicted uncertainity -0.7507
INFO:__main__:Completed epoch 19 of 100

INFO:__main__:NLL: 0.0723, L2: 0.0279, Reg: 0.0568
INFO:__main__:Total loss 0.1570
INFO:__main__:Predicted mean: -0.3775
INFO:__main__:Predicted uncertainity -0.6662
INFO:__main__:Completed epoch 20 of 100

INFO:__main__:NLL: -0.0214, L2: 0.0287, Reg: 0.0568
INFO:__main__:Total loss 0.0642
INFO:__main__:Predicted mean: -0.3536
INFO:__main__:Predicted uncertainity -0.7059
INFO:__main__:Completed epoch 21 of 100

INFO:__main__:NLL: 0.0583, L2: 0.0292, Reg: 0.0568
INFO:__main__:Total loss 0.1444
INFO:__main__:Predicted mean: -0.3487
INFO:__main__:Predicted uncertainity -0.8094
INFO:__main__:Completed epoch 22 of 100

INFO:__main__:NLL: 0.1264, L2: 0.0275, Reg: 0.0568
INFO:__main__:Total loss 0.2107
INFO:__main__:Predicted mean: -0.4010
INFO:__main__:Predicted uncertainity -0.7914
INFO:__main__:Completed epoch 23 of 100

INFO:__main__:NLL: 0.1893, L2: 0.0284, Reg: 0.0568
INFO:__main__:Total loss 0.2745
INFO:__main__:Predicted mean: -0.3314
INFO:__main__:Predicted uncertainity -0.7222
INFO:__main__:Completed epoch 24 of 100

INFO:__main__:NLL: 0.1921, L2: 0.0301, Reg: 0.0568
INFO:__main__:Total loss 0.2790
INFO:__main__:Predicted mean: -0.3867
INFO:__main__:Predicted uncertainity -0.7697
INFO:__main__:Completed epoch 25 of 100

INFO:__main__:NLL: -0.0113, L2: 0.0298, Reg: 0.0568
INFO:__main__:Total loss 0.0754
INFO:__main__:Predicted mean: -0.3733
INFO:__main__:Predicted uncertainity -0.6003
INFO:__main__:Completed epoch 26 of 100

INFO:__main__:NLL: 0.1623, L2: 0.0296, Reg: 0.0568
INFO:__main__:Total loss 0.2487
INFO:__main__:Predicted mean: -0.3966
INFO:__main__:Predicted uncertainity -0.8132
INFO:__main__:Completed epoch 27 of 100

INFO:__main__:NLL: 0.1373, L2: 0.0276, Reg: 0.0568
INFO:__main__:Total loss 0.2217
INFO:__main__:Predicted mean: -0.3707
INFO:__main__:Predicted uncertainity -0.6479
INFO:__main__:Completed epoch 28 of 100

INFO:__main__:NLL: 0.1238, L2: 0.0292, Reg: 0.0568
INFO:__main__:Total loss 0.2098
INFO:__main__:Predicted mean: -0.3630
INFO:__main__:Predicted uncertainity -0.7636
INFO:__main__:Completed epoch 29 of 100

INFO:__main__:NLL: 0.1666, L2: 0.0292, Reg: 0.0568
INFO:__main__:Total loss 0.2527
INFO:__main__:Predicted mean: -0.3475
INFO:__main__:Predicted uncertainity -0.6456
INFO:__main__:Completed epoch 30 of 100

INFO:__main__:NLL: 0.2028, L2: 0.0273, Reg: 0.0568
INFO:__main__:Total loss 0.2869
INFO:__main__:Predicted mean: -0.4384
INFO:__main__:Predicted uncertainity -0.7844
INFO:__main__:Completed epoch 31 of 100

INFO:__main__:NLL: -0.0691, L2: 0.0298, Reg: 0.0568
INFO:__main__:Total loss 0.0175
INFO:__main__:Predicted mean: -0.3632
INFO:__main__:Predicted uncertainity -0.8903
INFO:__main__:Completed epoch 32 of 100

INFO:__main__:NLL: 0.0578, L2: 0.0314, Reg: 0.0568
INFO:__main__:Total loss 0.1460
INFO:__main__:Predicted mean: -0.4352
INFO:__main__:Predicted uncertainity -0.7353
INFO:__main__:Completed epoch 33 of 100

INFO:__main__:NLL: 0.0143, L2: 0.0302, Reg: 0.0568
INFO:__main__:Total loss 0.1014
INFO:__main__:Predicted mean: -0.3332
INFO:__main__:Predicted uncertainity -0.7563
INFO:__main__:Completed epoch 34 of 100

INFO:__main__:NLL: -0.0272, L2: 0.0293, Reg: 0.0568
INFO:__main__:Total loss 0.0589
INFO:__main__:Predicted mean: -0.3750
INFO:__main__:Predicted uncertainity -0.7559
INFO:__main__:Completed epoch 35 of 100

INFO:__main__:NLL: 0.1249, L2: 0.0267, Reg: 0.0568
INFO:__main__:Total loss 0.2085
INFO:__main__:Predicted mean: -0.3271
INFO:__main__:Predicted uncertainity -0.8711
INFO:__main__:Completed epoch 36 of 100

INFO:__main__:NLL: -0.0216, L2: 0.0278, Reg: 0.0568
INFO:__main__:Total loss 0.0631
INFO:__main__:Predicted mean: -0.3516
INFO:__main__:Predicted uncertainity -0.8705
INFO:__main__:Completed epoch 37 of 100

INFO:__main__:NLL: 0.2823, L2: 0.0295, Reg: 0.0568
INFO:__main__:Total loss 0.3687
INFO:__main__:Predicted mean: -0.3831
INFO:__main__:Predicted uncertainity -0.8258
INFO:__main__:Completed epoch 38 of 100

INFO:__main__:NLL: 0.1861, L2: 0.0302, Reg: 0.0568
INFO:__main__:Total loss 0.2732
INFO:__main__:Predicted mean: -0.4356
INFO:__main__:Predicted uncertainity -0.7335
INFO:__main__:Completed epoch 39 of 100

INFO:__main__:NLL: 0.1093, L2: 0.0289, Reg: 0.0568
INFO:__main__:Total loss 0.1951
INFO:__main__:Predicted mean: -0.4215
INFO:__main__:Predicted uncertainity -0.6292
INFO:__main__:Completed epoch 40 of 100

INFO:__main__:NLL: -0.0987, L2: 0.0287, Reg: 0.0568
INFO:__main__:Total loss -0.0132
INFO:__main__:Predicted mean: -0.3668
INFO:__main__:Predicted uncertainity -0.7728
INFO:__main__:Completed epoch 41 of 100

INFO:__main__:NLL: 0.0652, L2: 0.0276, Reg: 0.0568
INFO:__main__:Total loss 0.1497
INFO:__main__:Predicted mean: -0.4357
INFO:__main__:Predicted uncertainity -0.6465
INFO:__main__:Completed epoch 42 of 100

INFO:__main__:NLL: 0.2141, L2: 0.0287, Reg: 0.0568
INFO:__main__:Total loss 0.2997
INFO:__main__:Predicted mean: -0.3970
INFO:__main__:Predicted uncertainity -0.7131
INFO:__main__:Completed epoch 43 of 100

INFO:__main__:NLL: 0.2743, L2: 0.0276, Reg: 0.0568
INFO:__main__:Total loss 0.3588
INFO:__main__:Predicted mean: -0.4305
INFO:__main__:Predicted uncertainity -0.7965
INFO:__main__:Completed epoch 44 of 100

INFO:__main__:NLL: 0.1612, L2: 0.0260, Reg: 0.0568
INFO:__main__:Total loss 0.2440
INFO:__main__:Predicted mean: -0.4217
INFO:__main__:Predicted uncertainity -0.7613
INFO:__main__:Completed epoch 45 of 100

INFO:__main__:NLL: 0.1668, L2: 0.0274, Reg: 0.0568
INFO:__main__:Total loss 0.2511
INFO:__main__:Predicted mean: -0.3907
INFO:__main__:Predicted uncertainity -0.8223
INFO:__main__:Completed epoch 46 of 100

INFO:__main__:NLL: 0.0809, L2: 0.0269, Reg: 0.0568
INFO:__main__:Total loss 0.1647
INFO:__main__:Predicted mean: -0.3904
INFO:__main__:Predicted uncertainity -0.7681
INFO:__main__:Completed epoch 47 of 100

INFO:__main__:NLL: 0.0681, L2: 0.0276, Reg: 0.0568
INFO:__main__:Total loss 0.1525
INFO:__main__:Predicted mean: -0.3981
INFO:__main__:Predicted uncertainity -0.6468
INFO:__main__:Completed epoch 48 of 100

INFO:__main__:NLL: -0.0289, L2: 0.0274, Reg: 0.0568
INFO:__main__:Total loss 0.0554
INFO:__main__:Predicted mean: -0.3586
INFO:__main__:Predicted uncertainity -0.6737
INFO:__main__:Completed epoch 49 of 100

INFO:__main__:NLL: 0.0380, L2: 0.0285, Reg: 0.0568
INFO:__main__:Total loss 0.1233
INFO:__main__:Predicted mean: -0.3608
INFO:__main__:Predicted uncertainity -0.7536
INFO:__main__:Completed epoch 50 of 100

INFO:__main__:NLL: 0.4161, L2: 0.0285, Reg: 0.0568
INFO:__main__:Total loss 0.5015
INFO:__main__:Predicted mean: -0.4265
INFO:__main__:Predicted uncertainity -0.8621
INFO:__main__:Completed epoch 51 of 100

INFO:__main__:NLL: -0.0917, L2: 0.0276, Reg: 0.0568
INFO:__main__:Total loss -0.0072
INFO:__main__:Predicted mean: -0.3938
INFO:__main__:Predicted uncertainity -0.8579
INFO:__main__:Completed epoch 52 of 100

INFO:__main__:NLL: 0.0270, L2: 0.0284, Reg: 0.0568
INFO:__main__:Total loss 0.1123
INFO:__main__:Predicted mean: -0.3819
INFO:__main__:Predicted uncertainity -0.6618
INFO:__main__:Completed epoch 53 of 100

INFO:__main__:NLL: 0.2582, L2: 0.0292, Reg: 0.0568
INFO:__main__:Total loss 0.3442
INFO:__main__:Predicted mean: -0.3804
INFO:__main__:Predicted uncertainity -0.7189
INFO:__main__:Completed epoch 54 of 100

INFO:__main__:NLL: 0.2424, L2: 0.0278, Reg: 0.0568
INFO:__main__:Total loss 0.3271
INFO:__main__:Predicted mean: -0.3428
INFO:__main__:Predicted uncertainity -0.7668
INFO:__main__:Completed epoch 55 of 100

INFO:__main__:NLL: 0.3068, L2: 0.0270, Reg: 0.0568
INFO:__main__:Total loss 0.3906
INFO:__main__:Predicted mean: -0.4166
INFO:__main__:Predicted uncertainity -0.7289
INFO:__main__:Completed epoch 56 of 100

INFO:__main__:NLL: 0.0695, L2: 0.0290, Reg: 0.0568
INFO:__main__:Total loss 0.1553
INFO:__main__:Predicted mean: -0.3787
INFO:__main__:Predicted uncertainity -0.7237
INFO:__main__:Completed epoch 57 of 100

INFO:__main__:NLL: 0.0372, L2: 0.0274, Reg: 0.0568
INFO:__main__:Total loss 0.1214
INFO:__main__:Predicted mean: -0.4550
INFO:__main__:Predicted uncertainity -0.7256
INFO:__main__:Completed epoch 58 of 100

INFO:__main__:NLL: -0.0111, L2: 0.0294, Reg: 0.0568
INFO:__main__:Total loss 0.0751
INFO:__main__:Predicted mean: -0.3361
INFO:__main__:Predicted uncertainity -0.7303
INFO:__main__:Completed epoch 59 of 100

INFO:__main__:NLL: 0.1292, L2: 0.0299, Reg: 0.0568
INFO:__main__:Total loss 0.2160
INFO:__main__:Predicted mean: -0.3776
INFO:__main__:Predicted uncertainity -0.7670
INFO:__main__:Completed epoch 60 of 100

INFO:__main__:NLL: 0.1578, L2: 0.0288, Reg: 0.0568
INFO:__main__:Total loss 0.2434
INFO:__main__:Predicted mean: -0.3439
INFO:__main__:Predicted uncertainity -0.7570
INFO:__main__:Completed epoch 61 of 100

INFO:__main__:NLL: 0.1694, L2: 0.0293, Reg: 0.0568
INFO:__main__:Total loss 0.2556
INFO:__main__:Predicted mean: -0.3476
INFO:__main__:Predicted uncertainity -0.6727
INFO:__main__:Completed epoch 62 of 100

INFO:__main__:NLL: 0.0686, L2: 0.0297, Reg: 0.0568
INFO:__main__:Total loss 0.1551
INFO:__main__:Predicted mean: -0.4427
INFO:__main__:Predicted uncertainity -0.7348
INFO:__main__:Completed epoch 63 of 100

INFO:__main__:NLL: 0.0188, L2: 0.0288, Reg: 0.0568
INFO:__main__:Total loss 0.1045
INFO:__main__:Predicted mean: -0.3537
INFO:__main__:Predicted uncertainity -0.7676
INFO:__main__:Completed epoch 64 of 100

INFO:__main__:NLL: 0.0402, L2: 0.0285, Reg: 0.0568
INFO:__main__:Total loss 0.1255
INFO:__main__:Predicted mean: -0.3358
INFO:__main__:Predicted uncertainity -0.7110
INFO:__main__:Completed epoch 65 of 100

INFO:__main__:NLL: 0.1714, L2: 0.0288, Reg: 0.0568
INFO:__main__:Total loss 0.2571
INFO:__main__:Predicted mean: -0.4079
INFO:__main__:Predicted uncertainity -0.8263
INFO:__main__:Completed epoch 66 of 100

INFO:__main__:NLL: -0.0035, L2: 0.0273, Reg: 0.0568
INFO:__main__:Total loss 0.0807
INFO:__main__:Predicted mean: -0.3603
INFO:__main__:Predicted uncertainity -0.7707
INFO:__main__:Completed epoch 67 of 100

INFO:__main__:NLL: 0.0173, L2: 0.0272, Reg: 0.0568
INFO:__main__:Total loss 0.1013
INFO:__main__:Predicted mean: -0.3503
INFO:__main__:Predicted uncertainity -0.8524
INFO:__main__:Completed epoch 68 of 100

INFO:__main__:NLL: 0.0338, L2: 0.0306, Reg: 0.0568
INFO:__main__:Total loss 0.1213
INFO:__main__:Predicted mean: -0.4093
INFO:__main__:Predicted uncertainity -0.7622
INFO:__main__:Completed epoch 69 of 100

INFO:__main__:NLL: 0.4732, L2: 0.0288, Reg: 0.0568
INFO:__main__:Total loss 0.5588
INFO:__main__:Predicted mean: -0.4421
INFO:__main__:Predicted uncertainity -0.6937
INFO:__main__:Completed epoch 70 of 100

INFO:__main__:NLL: -0.0468, L2: 0.0285, Reg: 0.0568
INFO:__main__:Total loss 0.0385
INFO:__main__:Predicted mean: -0.4283
INFO:__main__:Predicted uncertainity -0.7831
INFO:__main__:Completed epoch 71 of 100

INFO:__main__:NLL: 0.2874, L2: 0.0295, Reg: 0.0568
INFO:__main__:Total loss 0.3738
INFO:__main__:Predicted mean: -0.4290
INFO:__main__:Predicted uncertainity -0.8308
INFO:__main__:Completed epoch 72 of 100

INFO:__main__:NLL: 0.3034, L2: 0.0299, Reg: 0.0568
INFO:__main__:Total loss 0.3902
INFO:__main__:Predicted mean: -0.3710
INFO:__main__:Predicted uncertainity -0.7942
INFO:__main__:Completed epoch 73 of 100

INFO:__main__:NLL: 0.0485, L2: 0.0296, Reg: 0.0568
INFO:__main__:Total loss 0.1349
INFO:__main__:Predicted mean: -0.3684
INFO:__main__:Predicted uncertainity -0.7790
INFO:__main__:Completed epoch 74 of 100

INFO:__main__:NLL: 0.0424, L2: 0.0288, Reg: 0.0568
INFO:__main__:Total loss 0.1281
INFO:__main__:Predicted mean: -0.3985
INFO:__main__:Predicted uncertainity -0.7878
INFO:__main__:Completed epoch 75 of 100

INFO:__main__:NLL: 0.0887, L2: 0.0292, Reg: 0.0568
INFO:__main__:Total loss 0.1747
INFO:__main__:Predicted mean: -0.4072
INFO:__main__:Predicted uncertainity -0.7422
INFO:__main__:Completed epoch 76 of 100

INFO:__main__:NLL: 0.1942, L2: 0.0291, Reg: 0.0568
INFO:__main__:Total loss 0.2802
INFO:__main__:Predicted mean: -0.4441
INFO:__main__:Predicted uncertainity -0.8285
INFO:__main__:Completed epoch 77 of 100

INFO:__main__:NLL: 0.1248, L2: 0.0286, Reg: 0.0568
INFO:__main__:Total loss 0.2102
INFO:__main__:Predicted mean: -0.4023
INFO:__main__:Predicted uncertainity -0.7790
INFO:__main__:Completed epoch 78 of 100

INFO:__main__:NLL: 0.2367, L2: 0.0274, Reg: 0.0568
INFO:__main__:Total loss 0.3209
INFO:__main__:Predicted mean: -0.3645
INFO:__main__:Predicted uncertainity -0.7018
INFO:__main__:Completed epoch 79 of 100

INFO:__main__:NLL: 0.0728, L2: 0.0297, Reg: 0.0568
INFO:__main__:Total loss 0.1593
INFO:__main__:Predicted mean: -0.3924
INFO:__main__:Predicted uncertainity -0.6127
INFO:__main__:Completed epoch 80 of 100

INFO:__main__:NLL: 0.1356, L2: 0.0280, Reg: 0.0568
INFO:__main__:Total loss 0.2205
INFO:__main__:Predicted mean: -0.3955
INFO:__main__:Predicted uncertainity -0.6645
INFO:__main__:Completed epoch 81 of 100

INFO:__main__:NLL: 0.1037, L2: 0.0286, Reg: 0.0568
INFO:__main__:Total loss 0.1892
INFO:__main__:Predicted mean: -0.3755
INFO:__main__:Predicted uncertainity -0.7403
INFO:__main__:Completed epoch 82 of 100

INFO:__main__:NLL: 0.0245, L2: 0.0276, Reg: 0.0568
INFO:__main__:Total loss 0.1090
INFO:__main__:Predicted mean: -0.3882
INFO:__main__:Predicted uncertainity -0.8263
INFO:__main__:Completed epoch 83 of 100

INFO:__main__:NLL: 0.3981, L2: 0.0281, Reg: 0.0568
INFO:__main__:Total loss 0.4831
INFO:__main__:Predicted mean: -0.3787
INFO:__main__:Predicted uncertainity -0.6893
INFO:__main__:Completed epoch 84 of 100

INFO:__main__:NLL: 0.1173, L2: 0.0283, Reg: 0.0568
INFO:__main__:Total loss 0.2025
INFO:__main__:Predicted mean: -0.4115
INFO:__main__:Predicted uncertainity -0.6827
INFO:__main__:Completed epoch 85 of 100

INFO:__main__:NLL: -0.0245, L2: 0.0290, Reg: 0.0568
INFO:__main__:Total loss 0.0613
INFO:__main__:Predicted mean: -0.3920
INFO:__main__:Predicted uncertainity -0.7816
INFO:__main__:Completed epoch 86 of 100

INFO:__main__:NLL: 0.0946, L2: 0.0292, Reg: 0.0568
INFO:__main__:Total loss 0.1806
INFO:__main__:Predicted mean: -0.4268
INFO:__main__:Predicted uncertainity -0.6541
INFO:__main__:Completed epoch 87 of 100

INFO:__main__:NLL: 0.0213, L2: 0.0295, Reg: 0.0568
INFO:__main__:Total loss 0.1077
INFO:__main__:Predicted mean: -0.3569
INFO:__main__:Predicted uncertainity -0.6825
INFO:__main__:Completed epoch 88 of 100

INFO:__main__:NLL: 0.0441, L2: 0.0273, Reg: 0.0568
INFO:__main__:Total loss 0.1282
INFO:__main__:Predicted mean: -0.3464
INFO:__main__:Predicted uncertainity -0.7935
INFO:__main__:Completed epoch 89 of 100

INFO:__main__:NLL: 0.2181, L2: 0.0287, Reg: 0.0568
INFO:__main__:Total loss 0.3037
INFO:__main__:Predicted mean: -0.4028
INFO:__main__:Predicted uncertainity -0.7045
INFO:__main__:Completed epoch 90 of 100

INFO:__main__:NLL: 0.0383, L2: 0.0271, Reg: 0.0568
INFO:__main__:Total loss 0.1223
INFO:__main__:Predicted mean: -0.4481
INFO:__main__:Predicted uncertainity -0.7803
INFO:__main__:Completed epoch 91 of 100

INFO:__main__:NLL: 0.0640, L2: 0.0284, Reg: 0.0568
INFO:__main__:Total loss 0.1492
INFO:__main__:Predicted mean: -0.3799
INFO:__main__:Predicted uncertainity -0.9101
INFO:__main__:Completed epoch 92 of 100

INFO:__main__:NLL: 0.0788, L2: 0.0296, Reg: 0.0568
INFO:__main__:Total loss 0.1652
INFO:__main__:Predicted mean: -0.4356
INFO:__main__:Predicted uncertainity -0.6783
INFO:__main__:Completed epoch 93 of 100

INFO:__main__:NLL: 0.1382, L2: 0.0307, Reg: 0.0568
INFO:__main__:Total loss 0.2258
INFO:__main__:Predicted mean: -0.3230
INFO:__main__:Predicted uncertainity -0.6835
INFO:__main__:Completed epoch 94 of 100

INFO:__main__:NLL: 0.1480, L2: 0.0266, Reg: 0.0568
INFO:__main__:Total loss 0.2315
INFO:__main__:Predicted mean: -0.3847
INFO:__main__:Predicted uncertainity -0.6313
INFO:__main__:Completed epoch 95 of 100

INFO:__main__:NLL: 0.2584, L2: 0.0289, Reg: 0.0568
INFO:__main__:Total loss 0.3441
INFO:__main__:Predicted mean: -0.4086
INFO:__main__:Predicted uncertainity -0.8548
INFO:__main__:Completed epoch 96 of 100

INFO:__main__:NLL: 0.0036, L2: 0.0275, Reg: 0.0568
INFO:__main__:Total loss 0.0879
INFO:__main__:Predicted mean: -0.3476
INFO:__main__:Predicted uncertainity -0.7616
INFO:__main__:Completed epoch 97 of 100

INFO:__main__:NLL: 0.1872, L2: 0.0279, Reg: 0.0568
INFO:__main__:Total loss 0.2720
INFO:__main__:Predicted mean: -0.3748
INFO:__main__:Predicted uncertainity -0.7098
INFO:__main__:Completed epoch 98 of 100

INFO:__main__:NLL: 0.1518, L2: 0.0306, Reg: 0.0568
INFO:__main__:Total loss 0.2393
INFO:__main__:Predicted mean: -0.4524
INFO:__main__:Predicted uncertainity -0.7435
INFO:__main__:Completed epoch 99 of 100

INFO:__main__:NLL: 0.2758, L2: 0.0277, Reg: 0.0568
INFO:__main__:Total loss 0.3604
INFO:__main__:Predicted mean: -0.4027
INFO:__main__:Predicted uncertainity -0.8663
INFO:__main__:Completed epoch 100 of 100

INFO:__main__:320.034365 s
