INFO:__main__:PROCESS RUNNING ON cpu
INFO:__main__:NLL: 0.2004, L2: 0.0269, Reg: 0.0289
INFO:__main__:Total loss 0.2562
INFO:__main__:Predicted mean: -0.3869
INFO:__main__:Predicted uncertainity -0.7357
INFO:__main__:Completed epoch 1 of 100

INFO:__main__:NLL: 0.0682, L2: 0.0281, Reg: 0.0288
INFO:__main__:Total loss 0.1251
INFO:__main__:Predicted mean: -0.4015
INFO:__main__:Predicted uncertainity -0.8237
INFO:__main__:Completed epoch 2 of 100

INFO:__main__:NLL: 0.0587, L2: 0.0275, Reg: 0.0288
INFO:__main__:Total loss 0.1151
INFO:__main__:Predicted mean: -0.4170
INFO:__main__:Predicted uncertainity -0.7860
INFO:__main__:Completed epoch 3 of 100

INFO:__main__:NLL: -0.0375, L2: 0.0305, Reg: 0.0288
INFO:__main__:Total loss 0.0219
INFO:__main__:Predicted mean: -0.3539
INFO:__main__:Predicted uncertainity -0.7524
INFO:__main__:Completed epoch 4 of 100

INFO:__main__:NLL: 0.1185, L2: 0.0298, Reg: 0.0289
INFO:__main__:Total loss 0.1772
INFO:__main__:Predicted mean: -0.3973
INFO:__main__:Predicted uncertainity -0.7573
INFO:__main__:Completed epoch 5 of 100

INFO:__main__:NLL: 0.2253, L2: 0.0266, Reg: 0.0288
INFO:__main__:Total loss 0.2807
INFO:__main__:Predicted mean: -0.3972
INFO:__main__:Predicted uncertainity -0.7661
INFO:__main__:Completed epoch 6 of 100

INFO:__main__:NLL: 0.1122, L2: 0.0304, Reg: 0.0289
INFO:__main__:Total loss 0.1715
INFO:__main__:Predicted mean: -0.3876
INFO:__main__:Predicted uncertainity -0.6947
INFO:__main__:Completed epoch 7 of 100

INFO:__main__:NLL: 0.2445, L2: 0.0275, Reg: 0.0289
INFO:__main__:Total loss 0.3009
INFO:__main__:Predicted mean: -0.3783
INFO:__main__:Predicted uncertainity -0.8427
INFO:__main__:Completed epoch 8 of 100

INFO:__main__:NLL: 0.0291, L2: 0.0280, Reg: 0.0289
INFO:__main__:Total loss 0.0859
INFO:__main__:Predicted mean: -0.3584
INFO:__main__:Predicted uncertainity -0.8094
INFO:__main__:Completed epoch 9 of 100

INFO:__main__:NLL: 0.2603, L2: 0.0279, Reg: 0.0289
INFO:__main__:Total loss 0.3171
INFO:__main__:Predicted mean: -0.3969
INFO:__main__:Predicted uncertainity -0.7775
INFO:__main__:Completed epoch 10 of 100

INFO:__main__:NLL: 0.0178, L2: 0.0275, Reg: 0.0288
INFO:__main__:Total loss 0.0741
INFO:__main__:Predicted mean: -0.3964
INFO:__main__:Predicted uncertainity -0.8217
INFO:__main__:Completed epoch 11 of 100

INFO:__main__:NLL: 0.1680, L2: 0.0249, Reg: 0.0289
INFO:__main__:Total loss 0.2218
INFO:__main__:Predicted mean: -0.3674
INFO:__main__:Predicted uncertainity -0.6909
INFO:__main__:Completed epoch 12 of 100

INFO:__main__:NLL: -0.0114, L2: 0.0294, Reg: 0.0289
INFO:__main__:Total loss 0.0468
INFO:__main__:Predicted mean: -0.3412
INFO:__main__:Predicted uncertainity -0.7977
INFO:__main__:Completed epoch 13 of 100

INFO:__main__:NLL: 0.2178, L2: 0.0284, Reg: 0.0289
INFO:__main__:Total loss 0.2751
INFO:__main__:Predicted mean: -0.3449
INFO:__main__:Predicted uncertainity -0.7637
INFO:__main__:Completed epoch 14 of 100

INFO:__main__:NLL: 0.1612, L2: 0.0287, Reg: 0.0288
INFO:__main__:Total loss 0.2187
INFO:__main__:Predicted mean: -0.3764
INFO:__main__:Predicted uncertainity -0.7641
INFO:__main__:Completed epoch 15 of 100

INFO:__main__:NLL: 0.2008, L2: 0.0285, Reg: 0.0289
INFO:__main__:Total loss 0.2582
INFO:__main__:Predicted mean: -0.3582
INFO:__main__:Predicted uncertainity -0.8373
INFO:__main__:Completed epoch 16 of 100

INFO:__main__:NLL: 0.0524, L2: 0.0280, Reg: 0.0288
INFO:__main__:Total loss 0.1093
INFO:__main__:Predicted mean: -0.3499
INFO:__main__:Predicted uncertainity -0.6865
INFO:__main__:Completed epoch 17 of 100

INFO:__main__:NLL: 0.1926, L2: 0.0271, Reg: 0.0288
INFO:__main__:Total loss 0.2485
INFO:__main__:Predicted mean: -0.4137
INFO:__main__:Predicted uncertainity -0.6958
INFO:__main__:Completed epoch 18 of 100

INFO:__main__:NLL: -0.0863, L2: 0.0297, Reg: 0.0288
INFO:__main__:Total loss -0.0277
INFO:__main__:Predicted mean: -0.3954
INFO:__main__:Predicted uncertainity -0.7643
INFO:__main__:Completed epoch 19 of 100

INFO:__main__:NLL: 0.0887, L2: 0.0265, Reg: 0.0288
INFO:__main__:Total loss 0.1441
INFO:__main__:Predicted mean: -0.3898
INFO:__main__:Predicted uncertainity -0.7134
INFO:__main__:Completed epoch 20 of 100

INFO:__main__:NLL: -0.0309, L2: 0.0279, Reg: 0.0289
INFO:__main__:Total loss 0.0259
INFO:__main__:Predicted mean: -0.3617
INFO:__main__:Predicted uncertainity -0.7149
INFO:__main__:Completed epoch 21 of 100

INFO:__main__:NLL: 0.0400, L2: 0.0286, Reg: 0.0288
INFO:__main__:Total loss 0.0974
INFO:__main__:Predicted mean: -0.3694
INFO:__main__:Predicted uncertainity -0.8454
INFO:__main__:Completed epoch 22 of 100

INFO:__main__:NLL: 0.1896, L2: 0.0279, Reg: 0.0289
INFO:__main__:Total loss 0.2464
INFO:__main__:Predicted mean: -0.4042
INFO:__main__:Predicted uncertainity -0.6883
INFO:__main__:Completed epoch 23 of 100

INFO:__main__:NLL: 0.1757, L2: 0.0283, Reg: 0.0289
INFO:__main__:Total loss 0.2329
INFO:__main__:Predicted mean: -0.3374
INFO:__main__:Predicted uncertainity -0.6984
INFO:__main__:Completed epoch 24 of 100

INFO:__main__:NLL: 0.1842, L2: 0.0284, Reg: 0.0289
INFO:__main__:Total loss 0.2415
INFO:__main__:Predicted mean: -0.3754
INFO:__main__:Predicted uncertainity -0.7456
INFO:__main__:Completed epoch 25 of 100

INFO:__main__:NLL: -0.0547, L2: 0.0287, Reg: 0.0289
INFO:__main__:Total loss 0.0028
INFO:__main__:Predicted mean: -0.3726
INFO:__main__:Predicted uncertainity -0.7284
INFO:__main__:Completed epoch 26 of 100

INFO:__main__:NLL: 0.2002, L2: 0.0294, Reg: 0.0289
INFO:__main__:Total loss 0.2584
INFO:__main__:Predicted mean: -0.4282
INFO:__main__:Predicted uncertainity -0.8123
INFO:__main__:Completed epoch 27 of 100

INFO:__main__:NLL: 0.1543, L2: 0.0274, Reg: 0.0289
INFO:__main__:Total loss 0.2106
INFO:__main__:Predicted mean: -0.3664
INFO:__main__:Predicted uncertainity -0.6336
INFO:__main__:Completed epoch 28 of 100

INFO:__main__:NLL: 0.1028, L2: 0.0290, Reg: 0.0288
INFO:__main__:Total loss 0.1606
INFO:__main__:Predicted mean: -0.3525
INFO:__main__:Predicted uncertainity -0.8136
INFO:__main__:Completed epoch 29 of 100

INFO:__main__:NLL: 0.1477, L2: 0.0270, Reg: 0.0288
INFO:__main__:Total loss 0.2035
INFO:__main__:Predicted mean: -0.3435
INFO:__main__:Predicted uncertainity -0.6612
INFO:__main__:Completed epoch 30 of 100

INFO:__main__:NLL: 0.2085, L2: 0.0271, Reg: 0.0289
INFO:__main__:Total loss 0.2645
INFO:__main__:Predicted mean: -0.4440
INFO:__main__:Predicted uncertainity -0.7737
INFO:__main__:Completed epoch 31 of 100

INFO:__main__:NLL: -0.0326, L2: 0.0303, Reg: 0.0288
INFO:__main__:Total loss 0.0266
INFO:__main__:Predicted mean: -0.3707
INFO:__main__:Predicted uncertainity -0.8225
INFO:__main__:Completed epoch 32 of 100

INFO:__main__:NLL: 0.1148, L2: 0.0297, Reg: 0.0288
INFO:__main__:Total loss 0.1733
INFO:__main__:Predicted mean: -0.4361
INFO:__main__:Predicted uncertainity -0.7016
INFO:__main__:Completed epoch 33 of 100

INFO:__main__:NLL: 0.0340, L2: 0.0308, Reg: 0.0289
INFO:__main__:Total loss 0.0936
INFO:__main__:Predicted mean: -0.3516
INFO:__main__:Predicted uncertainity -0.7371
INFO:__main__:Completed epoch 34 of 100

INFO:__main__:NLL: -0.0188, L2: 0.0283, Reg: 0.0289
INFO:__main__:Total loss 0.0384
INFO:__main__:Predicted mean: -0.3847
INFO:__main__:Predicted uncertainity -0.7648
INFO:__main__:Completed epoch 35 of 100

INFO:__main__:NLL: 0.0974, L2: 0.0279, Reg: 0.0289
INFO:__main__:Total loss 0.1541
INFO:__main__:Predicted mean: -0.3383
INFO:__main__:Predicted uncertainity -0.7663
INFO:__main__:Completed epoch 36 of 100

INFO:__main__:NLL: 0.0195, L2: 0.0281, Reg: 0.0288
INFO:__main__:Total loss 0.0764
INFO:__main__:Predicted mean: -0.3564
INFO:__main__:Predicted uncertainity -0.7830
INFO:__main__:Completed epoch 37 of 100

INFO:__main__:NLL: 0.2710, L2: 0.0293, Reg: 0.0288
INFO:__main__:Total loss 0.3292
INFO:__main__:Predicted mean: -0.3658
INFO:__main__:Predicted uncertainity -0.8043
INFO:__main__:Completed epoch 38 of 100

INFO:__main__:NLL: 0.1989, L2: 0.0294, Reg: 0.0288
INFO:__main__:Total loss 0.2570
INFO:__main__:Predicted mean: -0.4396
INFO:__main__:Predicted uncertainity -0.7304
INFO:__main__:Completed epoch 39 of 100

INFO:__main__:NLL: 0.0984, L2: 0.0302, Reg: 0.0288
INFO:__main__:Total loss 0.1574
INFO:__main__:Predicted mean: -0.4159
INFO:__main__:Predicted uncertainity -0.5872
INFO:__main__:Completed epoch 40 of 100

INFO:__main__:NLL: -0.0963, L2: 0.0282, Reg: 0.0288
INFO:__main__:Total loss -0.0392
INFO:__main__:Predicted mean: -0.3629
INFO:__main__:Predicted uncertainity -0.7761
INFO:__main__:Completed epoch 41 of 100

INFO:__main__:NLL: 0.0959, L2: 0.0288, Reg: 0.0289
INFO:__main__:Total loss 0.1536
INFO:__main__:Predicted mean: -0.4155
INFO:__main__:Predicted uncertainity -0.6779
INFO:__main__:Completed epoch 42 of 100

INFO:__main__:NLL: 0.1576, L2: 0.0300, Reg: 0.0289
INFO:__main__:Total loss 0.2164
INFO:__main__:Predicted mean: -0.4056
INFO:__main__:Predicted uncertainity -0.7463
INFO:__main__:Completed epoch 43 of 100

INFO:__main__:NLL: 0.2782, L2: 0.0282, Reg: 0.0288
INFO:__main__:Total loss 0.3352
INFO:__main__:Predicted mean: -0.4068
INFO:__main__:Predicted uncertainity -0.7712
INFO:__main__:Completed epoch 44 of 100

INFO:__main__:NLL: 0.0828, L2: 0.0246, Reg: 0.0288
INFO:__main__:Total loss 0.1362
INFO:__main__:Predicted mean: -0.3876
INFO:__main__:Predicted uncertainity -0.7579
INFO:__main__:Completed epoch 45 of 100

INFO:__main__:NLL: 0.1675, L2: 0.0273, Reg: 0.0288
INFO:__main__:Total loss 0.2236
INFO:__main__:Predicted mean: -0.3878
INFO:__main__:Predicted uncertainity -0.7858
INFO:__main__:Completed epoch 46 of 100

INFO:__main__:NLL: 0.0763, L2: 0.0305, Reg: 0.0288
INFO:__main__:Total loss 0.1357
INFO:__main__:Predicted mean: -0.4028
INFO:__main__:Predicted uncertainity -0.7203
INFO:__main__:Completed epoch 47 of 100

INFO:__main__:NLL: 0.0801, L2: 0.0292, Reg: 0.0288
INFO:__main__:Total loss 0.1381
INFO:__main__:Predicted mean: -0.3979
INFO:__main__:Predicted uncertainity -0.7408
INFO:__main__:Completed epoch 48 of 100

INFO:__main__:NLL: -0.0117, L2: 0.0281, Reg: 0.0289
INFO:__main__:Total loss 0.0452
INFO:__main__:Predicted mean: -0.3996
INFO:__main__:Predicted uncertainity -0.6876
INFO:__main__:Completed epoch 49 of 100

INFO:__main__:NLL: 0.0843, L2: 0.0281, Reg: 0.0289
INFO:__main__:Total loss 0.1412
INFO:__main__:Predicted mean: -0.3738
INFO:__main__:Predicted uncertainity -0.7423
INFO:__main__:Completed epoch 50 of 100

INFO:__main__:NLL: 0.4381, L2: 0.0271, Reg: 0.0289
INFO:__main__:Total loss 0.4941
INFO:__main__:Predicted mean: -0.3522
INFO:__main__:Predicted uncertainity -0.7966
INFO:__main__:Completed epoch 51 of 100

INFO:__main__:NLL: -0.0703, L2: 0.0268, Reg: 0.0288
INFO:__main__:Total loss -0.0146
INFO:__main__:Predicted mean: -0.3906
INFO:__main__:Predicted uncertainity -0.7999
INFO:__main__:Completed epoch 52 of 100

INFO:__main__:NLL: 0.0645, L2: 0.0291, Reg: 0.0288
INFO:__main__:Total loss 0.1224
INFO:__main__:Predicted mean: -0.3835
INFO:__main__:Predicted uncertainity -0.5769
INFO:__main__:Completed epoch 53 of 100

INFO:__main__:NLL: 0.3413, L2: 0.0289, Reg: 0.0288
INFO:__main__:Total loss 0.3990
INFO:__main__:Predicted mean: -0.3832
INFO:__main__:Predicted uncertainity -0.7240
INFO:__main__:Completed epoch 54 of 100

INFO:__main__:NLL: 0.2575, L2: 0.0293, Reg: 0.0288
INFO:__main__:Total loss 0.3156
INFO:__main__:Predicted mean: -0.3484
INFO:__main__:Predicted uncertainity -0.7435
INFO:__main__:Completed epoch 55 of 100

INFO:__main__:NLL: 0.3328, L2: 0.0282, Reg: 0.0289
INFO:__main__:Total loss 0.3898
INFO:__main__:Predicted mean: -0.4009
INFO:__main__:Predicted uncertainity -0.8114
INFO:__main__:Completed epoch 56 of 100

INFO:__main__:NLL: 0.0790, L2: 0.0288, Reg: 0.0288
INFO:__main__:Total loss 0.1366
INFO:__main__:Predicted mean: -0.4055
INFO:__main__:Predicted uncertainity -0.7094
INFO:__main__:Completed epoch 57 of 100

INFO:__main__:NLL: 0.0777, L2: 0.0279, Reg: 0.0289
INFO:__main__:Total loss 0.1345
INFO:__main__:Predicted mean: -0.4737
INFO:__main__:Predicted uncertainity -0.7195
INFO:__main__:Completed epoch 58 of 100

INFO:__main__:NLL: -0.0471, L2: 0.0275, Reg: 0.0289
INFO:__main__:Total loss 0.0093
INFO:__main__:Predicted mean: -0.3580
INFO:__main__:Predicted uncertainity -0.7484
INFO:__main__:Completed epoch 59 of 100

INFO:__main__:NLL: 0.0832, L2: 0.0292, Reg: 0.0288
INFO:__main__:Total loss 0.1412
INFO:__main__:Predicted mean: -0.3875
INFO:__main__:Predicted uncertainity -0.7333
INFO:__main__:Completed epoch 60 of 100

INFO:__main__:NLL: 0.1853, L2: 0.0283, Reg: 0.0289
INFO:__main__:Total loss 0.2425
INFO:__main__:Predicted mean: -0.3117
INFO:__main__:Predicted uncertainity -0.7598
INFO:__main__:Completed epoch 61 of 100

INFO:__main__:NLL: 0.2030, L2: 0.0285, Reg: 0.0288
INFO:__main__:Total loss 0.2603
INFO:__main__:Predicted mean: -0.3423
INFO:__main__:Predicted uncertainity -0.7623
INFO:__main__:Completed epoch 62 of 100

INFO:__main__:NLL: 0.0514, L2: 0.0295, Reg: 0.0288
INFO:__main__:Total loss 0.1097
INFO:__main__:Predicted mean: -0.4755
INFO:__main__:Predicted uncertainity -0.7316
INFO:__main__:Completed epoch 63 of 100

INFO:__main__:NLL: -0.0029, L2: 0.0294, Reg: 0.0289
INFO:__main__:Total loss 0.0554
INFO:__main__:Predicted mean: -0.3682
INFO:__main__:Predicted uncertainity -0.7574
INFO:__main__:Completed epoch 64 of 100

INFO:__main__:NLL: 0.0114, L2: 0.0290, Reg: 0.0288
INFO:__main__:Total loss 0.0692
INFO:__main__:Predicted mean: -0.3602
INFO:__main__:Predicted uncertainity -0.6702
INFO:__main__:Completed epoch 65 of 100

INFO:__main__:NLL: 0.1482, L2: 0.0282, Reg: 0.0289
INFO:__main__:Total loss 0.2053
INFO:__main__:Predicted mean: -0.4059
INFO:__main__:Predicted uncertainity -0.8042
INFO:__main__:Completed epoch 66 of 100

INFO:__main__:NLL: 0.0454, L2: 0.0276, Reg: 0.0289
INFO:__main__:Total loss 0.1019
INFO:__main__:Predicted mean: -0.3748
INFO:__main__:Predicted uncertainity -0.7099
INFO:__main__:Completed epoch 67 of 100

INFO:__main__:NLL: 0.0072, L2: 0.0307, Reg: 0.0288
INFO:__main__:Total loss 0.0667
INFO:__main__:Predicted mean: -0.3601
INFO:__main__:Predicted uncertainity -0.7915
INFO:__main__:Completed epoch 68 of 100

INFO:__main__:NLL: 0.0281, L2: 0.0316, Reg: 0.0289
INFO:__main__:Total loss 0.0885
INFO:__main__:Predicted mean: -0.3917
INFO:__main__:Predicted uncertainity -0.8213
INFO:__main__:Completed epoch 69 of 100

INFO:__main__:NLL: 0.4598, L2: 0.0283, Reg: 0.0289
INFO:__main__:Total loss 0.5169
INFO:__main__:Predicted mean: -0.4199
INFO:__main__:Predicted uncertainity -0.7382
INFO:__main__:Completed epoch 70 of 100

INFO:__main__:NLL: -0.0289, L2: 0.0277, Reg: 0.0289
INFO:__main__:Total loss 0.0277
INFO:__main__:Predicted mean: -0.3938
INFO:__main__:Predicted uncertainity -0.7830
INFO:__main__:Completed epoch 71 of 100

INFO:__main__:NLL: 0.3259, L2: 0.0291, Reg: 0.0289
INFO:__main__:Total loss 0.3839
INFO:__main__:Predicted mean: -0.4318
INFO:__main__:Predicted uncertainity -0.8530
INFO:__main__:Completed epoch 72 of 100

INFO:__main__:NLL: 0.3101, L2: 0.0302, Reg: 0.0289
INFO:__main__:Total loss 0.3692
INFO:__main__:Predicted mean: -0.3696
INFO:__main__:Predicted uncertainity -0.8205
INFO:__main__:Completed epoch 73 of 100

INFO:__main__:NLL: 0.0305, L2: 0.0303, Reg: 0.0289
INFO:__main__:Total loss 0.0897
INFO:__main__:Predicted mean: -0.4028
INFO:__main__:Predicted uncertainity -0.8139
INFO:__main__:Completed epoch 74 of 100

INFO:__main__:NLL: 0.0595, L2: 0.0288, Reg: 0.0289
INFO:__main__:Total loss 0.1172
INFO:__main__:Predicted mean: -0.4186
INFO:__main__:Predicted uncertainity -0.8194
INFO:__main__:Completed epoch 75 of 100

INFO:__main__:NLL: 0.1416, L2: 0.0276, Reg: 0.0289
INFO:__main__:Total loss 0.1981
INFO:__main__:Predicted mean: -0.4225
INFO:__main__:Predicted uncertainity -0.7416
INFO:__main__:Completed epoch 76 of 100

INFO:__main__:NLL: 0.1941, L2: 0.0286, Reg: 0.0289
INFO:__main__:Total loss 0.2515
INFO:__main__:Predicted mean: -0.4069
INFO:__main__:Predicted uncertainity -0.7901
INFO:__main__:Completed epoch 77 of 100

INFO:__main__:NLL: 0.2018, L2: 0.0268, Reg: 0.0288
INFO:__main__:Total loss 0.2574
INFO:__main__:Predicted mean: -0.3771
INFO:__main__:Predicted uncertainity -0.7709
INFO:__main__:Completed epoch 78 of 100

INFO:__main__:NLL: 0.3490, L2: 0.0267, Reg: 0.0288
INFO:__main__:Total loss 0.4045
INFO:__main__:Predicted mean: -0.3791
INFO:__main__:Predicted uncertainity -0.6847
INFO:__main__:Completed epoch 79 of 100

INFO:__main__:NLL: 0.0585, L2: 0.0281, Reg: 0.0289
INFO:__main__:Total loss 0.1155
INFO:__main__:Predicted mean: -0.3536
INFO:__main__:Predicted uncertainity -0.6413
INFO:__main__:Completed epoch 80 of 100

INFO:__main__:NLL: 0.0439, L2: 0.0284, Reg: 0.0288
INFO:__main__:Total loss 0.1011
INFO:__main__:Predicted mean: -0.3902
INFO:__main__:Predicted uncertainity -0.6289
INFO:__main__:Completed epoch 81 of 100

INFO:__main__:NLL: 0.1059, L2: 0.0279, Reg: 0.0288
INFO:__main__:Total loss 0.1626
INFO:__main__:Predicted mean: -0.3921
INFO:__main__:Predicted uncertainity -0.7458
INFO:__main__:Completed epoch 82 of 100

INFO:__main__:NLL: -0.0364, L2: 0.0271, Reg: 0.0289
INFO:__main__:Total loss 0.0196
INFO:__main__:Predicted mean: -0.3748
INFO:__main__:Predicted uncertainity -0.8525
INFO:__main__:Completed epoch 83 of 100

INFO:__main__:NLL: 0.3308, L2: 0.0286, Reg: 0.0288
INFO:__main__:Total loss 0.3883
INFO:__main__:Predicted mean: -0.3447
INFO:__main__:Predicted uncertainity -0.7064
INFO:__main__:Completed epoch 84 of 100

INFO:__main__:NLL: 0.1011, L2: 0.0270, Reg: 0.0289
INFO:__main__:Total loss 0.1570
INFO:__main__:Predicted mean: -0.4104
INFO:__main__:Predicted uncertainity -0.6898
INFO:__main__:Completed epoch 85 of 100

INFO:__main__:NLL: 0.0111, L2: 0.0303, Reg: 0.0288
INFO:__main__:Total loss 0.0702
INFO:__main__:Predicted mean: -0.4245
INFO:__main__:Predicted uncertainity -0.8379
INFO:__main__:Completed epoch 86 of 100

INFO:__main__:NLL: 0.1483, L2: 0.0296, Reg: 0.0288
INFO:__main__:Total loss 0.2067
INFO:__main__:Predicted mean: -0.4568
INFO:__main__:Predicted uncertainity -0.6242
INFO:__main__:Completed epoch 87 of 100

INFO:__main__:NLL: 0.0170, L2: 0.0290, Reg: 0.0288
INFO:__main__:Total loss 0.0749
INFO:__main__:Predicted mean: -0.3681
INFO:__main__:Predicted uncertainity -0.7587
INFO:__main__:Completed epoch 88 of 100

INFO:__main__:NLL: 0.0145, L2: 0.0288, Reg: 0.0289
INFO:__main__:Total loss 0.0721
INFO:__main__:Predicted mean: -0.3329
INFO:__main__:Predicted uncertainity -0.8152
INFO:__main__:Completed epoch 89 of 100

INFO:__main__:NLL: 0.1443, L2: 0.0280, Reg: 0.0288
INFO:__main__:Total loss 0.2011
INFO:__main__:Predicted mean: -0.4017
INFO:__main__:Predicted uncertainity -0.7541
INFO:__main__:Completed epoch 90 of 100

INFO:__main__:NLL: 0.1080, L2: 0.0292, Reg: 0.0289
INFO:__main__:Total loss 0.1662
INFO:__main__:Predicted mean: -0.4319
INFO:__main__:Predicted uncertainity -0.7747
INFO:__main__:Completed epoch 91 of 100

INFO:__main__:NLL: 0.0927, L2: 0.0294, Reg: 0.0289
INFO:__main__:Total loss 0.1509
INFO:__main__:Predicted mean: -0.4009
INFO:__main__:Predicted uncertainity -0.8818
INFO:__main__:Completed epoch 92 of 100

INFO:__main__:NLL: 0.0822, L2: 0.0299, Reg: 0.0289
INFO:__main__:Total loss 0.1409
INFO:__main__:Predicted mean: -0.4186
INFO:__main__:Predicted uncertainity -0.7059
INFO:__main__:Completed epoch 93 of 100

INFO:__main__:NLL: 0.0743, L2: 0.0335, Reg: 0.0288
INFO:__main__:Total loss 0.1366
INFO:__main__:Predicted mean: -0.3295
INFO:__main__:Predicted uncertainity -0.7308
INFO:__main__:Completed epoch 94 of 100

INFO:__main__:NLL: 0.1595, L2: 0.0282, Reg: 0.0288
INFO:__main__:Total loss 0.2164
INFO:__main__:Predicted mean: -0.3797
INFO:__main__:Predicted uncertainity -0.6324
INFO:__main__:Completed epoch 95 of 100

INFO:__main__:NLL: 0.2116, L2: 0.0306, Reg: 0.0289
INFO:__main__:Total loss 0.2711
INFO:__main__:Predicted mean: -0.4250
INFO:__main__:Predicted uncertainity -0.8286
INFO:__main__:Completed epoch 96 of 100

INFO:__main__:NLL: 0.0646, L2: 0.0276, Reg: 0.0288
INFO:__main__:Total loss 0.1210
INFO:__main__:Predicted mean: -0.3611
INFO:__main__:Predicted uncertainity -0.7839
INFO:__main__:Completed epoch 97 of 100

INFO:__main__:NLL: 0.1156, L2: 0.0283, Reg: 0.0289
INFO:__main__:Total loss 0.1727
INFO:__main__:Predicted mean: -0.3525
INFO:__main__:Predicted uncertainity -0.7000
INFO:__main__:Completed epoch 98 of 100

INFO:__main__:NLL: 0.2195, L2: 0.0298, Reg: 0.0289
INFO:__main__:Total loss 0.2782
INFO:__main__:Predicted mean: -0.4324
INFO:__main__:Predicted uncertainity -0.8054
INFO:__main__:Completed epoch 99 of 100

INFO:__main__:NLL: 0.1584, L2: 0.0282, Reg: 0.0289
INFO:__main__:Total loss 0.2155
INFO:__main__:Predicted mean: -0.3981
INFO:__main__:Predicted uncertainity -0.8804
INFO:__main__:Completed epoch 100 of 100

INFO:__main__:423.304256 s
