INFO:__main__:PROCESS RUNNING ON cpu
INFO:__main__:NLL: 0.1991, L2: 0.0269, Reg: 0.0032
INFO:__main__:Total loss 0.2293
INFO:__main__:Predicted mean: -0.3867
INFO:__main__:Predicted uncertainity -0.7380
INFO:__main__:Completed epoch 1 of 100

INFO:__main__:NLL: 0.0646, L2: 0.0282, Reg: 0.0032
INFO:__main__:Total loss 0.0960
INFO:__main__:Predicted mean: -0.4010
INFO:__main__:Predicted uncertainity -0.8193
INFO:__main__:Completed epoch 2 of 100

INFO:__main__:NLL: 0.0539, L2: 0.0275, Reg: 0.0032
INFO:__main__:Total loss 0.0847
INFO:__main__:Predicted mean: -0.4138
INFO:__main__:Predicted uncertainity -0.7663
INFO:__main__:Completed epoch 3 of 100

INFO:__main__:NLL: -0.0351, L2: 0.0295, Reg: 0.0032
INFO:__main__:Total loss -0.0024
INFO:__main__:Predicted mean: -0.3590
INFO:__main__:Predicted uncertainity -0.7505
INFO:__main__:Completed epoch 4 of 100

INFO:__main__:NLL: 0.1210, L2: 0.0290, Reg: 0.0032
INFO:__main__:Total loss 0.1533
INFO:__main__:Predicted mean: -0.3799
INFO:__main__:Predicted uncertainity -0.7637
INFO:__main__:Completed epoch 5 of 100

INFO:__main__:NLL: 0.2218, L2: 0.0266, Reg: 0.0032
INFO:__main__:Total loss 0.2516
INFO:__main__:Predicted mean: -0.4058
INFO:__main__:Predicted uncertainity -0.7765
INFO:__main__:Completed epoch 6 of 100

INFO:__main__:NLL: 0.1639, L2: 0.0308, Reg: 0.0032
INFO:__main__:Total loss 0.1980
INFO:__main__:Predicted mean: -0.3739
INFO:__main__:Predicted uncertainity -0.7365
INFO:__main__:Completed epoch 7 of 100

INFO:__main__:NLL: 0.2707, L2: 0.0276, Reg: 0.0032
INFO:__main__:Total loss 0.3015
INFO:__main__:Predicted mean: -0.3474
INFO:__main__:Predicted uncertainity -0.8041
INFO:__main__:Completed epoch 8 of 100

INFO:__main__:NLL: 0.0166, L2: 0.0282, Reg: 0.0032
INFO:__main__:Total loss 0.0480
INFO:__main__:Predicted mean: -0.3594
INFO:__main__:Predicted uncertainity -0.8140
INFO:__main__:Completed epoch 9 of 100

INFO:__main__:NLL: 0.2448, L2: 0.0288, Reg: 0.0032
INFO:__main__:Total loss 0.2768
INFO:__main__:Predicted mean: -0.3782
INFO:__main__:Predicted uncertainity -0.7344
INFO:__main__:Completed epoch 10 of 100

INFO:__main__:NLL: -0.0007, L2: 0.0285, Reg: 0.0032
INFO:__main__:Total loss 0.0311
INFO:__main__:Predicted mean: -0.3876
INFO:__main__:Predicted uncertainity -0.8681
INFO:__main__:Completed epoch 11 of 100

INFO:__main__:NLL: 0.2216, L2: 0.0274, Reg: 0.0032
INFO:__main__:Total loss 0.2522
INFO:__main__:Predicted mean: -0.3618
INFO:__main__:Predicted uncertainity -0.6930
INFO:__main__:Completed epoch 12 of 100

INFO:__main__:NLL: 0.0103, L2: 0.0309, Reg: 0.0032
INFO:__main__:Total loss 0.0445
INFO:__main__:Predicted mean: -0.3614
INFO:__main__:Predicted uncertainity -0.7739
INFO:__main__:Completed epoch 13 of 100

INFO:__main__:NLL: 0.2589, L2: 0.0294, Reg: 0.0032
INFO:__main__:Total loss 0.2916
INFO:__main__:Predicted mean: -0.3471
INFO:__main__:Predicted uncertainity -0.7414
INFO:__main__:Completed epoch 14 of 100

INFO:__main__:NLL: 0.1927, L2: 0.0290, Reg: 0.0032
INFO:__main__:Total loss 0.2250
INFO:__main__:Predicted mean: -0.3751
INFO:__main__:Predicted uncertainity -0.7731
INFO:__main__:Completed epoch 15 of 100

INFO:__main__:NLL: 0.2223, L2: 0.0287, Reg: 0.0032
INFO:__main__:Total loss 0.2543
INFO:__main__:Predicted mean: -0.3503
INFO:__main__:Predicted uncertainity -0.8417
INFO:__main__:Completed epoch 16 of 100

INFO:__main__:NLL: 0.0571, L2: 0.0268, Reg: 0.0032
INFO:__main__:Total loss 0.0871
INFO:__main__:Predicted mean: -0.3740
INFO:__main__:Predicted uncertainity -0.7854
INFO:__main__:Completed epoch 17 of 100

INFO:__main__:NLL: 0.2033, L2: 0.0266, Reg: 0.0032
INFO:__main__:Total loss 0.2332
INFO:__main__:Predicted mean: -0.4386
INFO:__main__:Predicted uncertainity -0.6879
INFO:__main__:Completed epoch 18 of 100

INFO:__main__:NLL: -0.0786, L2: 0.0287, Reg: 0.0032
INFO:__main__:Total loss -0.0466
INFO:__main__:Predicted mean: -0.3926
INFO:__main__:Predicted uncertainity -0.7473
INFO:__main__:Completed epoch 19 of 100

INFO:__main__:NLL: 0.0625, L2: 0.0266, Reg: 0.0032
INFO:__main__:Total loss 0.0923
INFO:__main__:Predicted mean: -0.3721
INFO:__main__:Predicted uncertainity -0.6933
INFO:__main__:Completed epoch 20 of 100

INFO:__main__:NLL: 0.0018, L2: 0.0288, Reg: 0.0032
INFO:__main__:Total loss 0.0339
INFO:__main__:Predicted mean: -0.3669
INFO:__main__:Predicted uncertainity -0.6920
INFO:__main__:Completed epoch 21 of 100

INFO:__main__:NLL: 0.0450, L2: 0.0285, Reg: 0.0032
INFO:__main__:Total loss 0.0767
INFO:__main__:Predicted mean: -0.3393
INFO:__main__:Predicted uncertainity -0.8057
INFO:__main__:Completed epoch 22 of 100

INFO:__main__:NLL: 0.1300, L2: 0.0276, Reg: 0.0033
INFO:__main__:Total loss 0.1609
INFO:__main__:Predicted mean: -0.4057
INFO:__main__:Predicted uncertainity -0.6874
INFO:__main__:Completed epoch 23 of 100

INFO:__main__:NLL: 0.1744, L2: 0.0280, Reg: 0.0032
INFO:__main__:Total loss 0.2056
INFO:__main__:Predicted mean: -0.3369
INFO:__main__:Predicted uncertainity -0.6715
INFO:__main__:Completed epoch 24 of 100

INFO:__main__:NLL: 0.1685, L2: 0.0285, Reg: 0.0032
INFO:__main__:Total loss 0.2003
INFO:__main__:Predicted mean: -0.3818
INFO:__main__:Predicted uncertainity -0.7075
INFO:__main__:Completed epoch 25 of 100

INFO:__main__:NLL: -0.0235, L2: 0.0291, Reg: 0.0032
INFO:__main__:Total loss 0.0089
INFO:__main__:Predicted mean: -0.3842
INFO:__main__:Predicted uncertainity -0.6385
INFO:__main__:Completed epoch 26 of 100

INFO:__main__:NLL: 0.2259, L2: 0.0286, Reg: 0.0032
INFO:__main__:Total loss 0.2577
INFO:__main__:Predicted mean: -0.4249
INFO:__main__:Predicted uncertainity -0.7926
INFO:__main__:Completed epoch 27 of 100

INFO:__main__:NLL: 0.1500, L2: 0.0269, Reg: 0.0032
INFO:__main__:Total loss 0.1801
INFO:__main__:Predicted mean: -0.3529
INFO:__main__:Predicted uncertainity -0.6688
INFO:__main__:Completed epoch 28 of 100

INFO:__main__:NLL: 0.0916, L2: 0.0282, Reg: 0.0032
INFO:__main__:Total loss 0.1230
INFO:__main__:Predicted mean: -0.3451
INFO:__main__:Predicted uncertainity -0.8285
INFO:__main__:Completed epoch 29 of 100

INFO:__main__:NLL: 0.1642, L2: 0.0282, Reg: 0.0032
INFO:__main__:Total loss 0.1956
INFO:__main__:Predicted mean: -0.3307
INFO:__main__:Predicted uncertainity -0.6889
INFO:__main__:Completed epoch 30 of 100

INFO:__main__:NLL: 0.1308, L2: 0.0269, Reg: 0.0032
INFO:__main__:Total loss 0.1610
INFO:__main__:Predicted mean: -0.4183
INFO:__main__:Predicted uncertainity -0.7544
INFO:__main__:Completed epoch 31 of 100

INFO:__main__:NLL: -0.0810, L2: 0.0299, Reg: 0.0032
INFO:__main__:Total loss -0.0478
INFO:__main__:Predicted mean: -0.3743
INFO:__main__:Predicted uncertainity -0.9050
INFO:__main__:Completed epoch 32 of 100

INFO:__main__:NLL: 0.0617, L2: 0.0284, Reg: 0.0032
INFO:__main__:Total loss 0.0933
INFO:__main__:Predicted mean: -0.4368
INFO:__main__:Predicted uncertainity -0.6988
INFO:__main__:Completed epoch 33 of 100

INFO:__main__:NLL: 0.0570, L2: 0.0301, Reg: 0.0032
INFO:__main__:Total loss 0.0903
INFO:__main__:Predicted mean: -0.3472
INFO:__main__:Predicted uncertainity -0.6913
INFO:__main__:Completed epoch 34 of 100

INFO:__main__:NLL: 0.0126, L2: 0.0286, Reg: 0.0032
INFO:__main__:Total loss 0.0445
INFO:__main__:Predicted mean: -0.3964
INFO:__main__:Predicted uncertainity -0.7994
INFO:__main__:Completed epoch 35 of 100

INFO:__main__:NLL: 0.1714, L2: 0.0269, Reg: 0.0032
INFO:__main__:Total loss 0.2016
INFO:__main__:Predicted mean: -0.3231
INFO:__main__:Predicted uncertainity -0.8159
INFO:__main__:Completed epoch 36 of 100

INFO:__main__:NLL: -0.0182, L2: 0.0258, Reg: 0.0032
INFO:__main__:Total loss 0.0108
INFO:__main__:Predicted mean: -0.3628
INFO:__main__:Predicted uncertainity -0.8244
INFO:__main__:Completed epoch 37 of 100

INFO:__main__:NLL: 0.1911, L2: 0.0269, Reg: 0.0032
INFO:__main__:Total loss 0.2212
INFO:__main__:Predicted mean: -0.3666
INFO:__main__:Predicted uncertainity -0.8269
INFO:__main__:Completed epoch 38 of 100

INFO:__main__:NLL: 0.1840, L2: 0.0280, Reg: 0.0032
INFO:__main__:Total loss 0.2152
INFO:__main__:Predicted mean: -0.4786
INFO:__main__:Predicted uncertainity -0.7608
INFO:__main__:Completed epoch 39 of 100

INFO:__main__:NLL: 0.1338, L2: 0.0286, Reg: 0.0032
INFO:__main__:Total loss 0.1656
INFO:__main__:Predicted mean: -0.4068
INFO:__main__:Predicted uncertainity -0.6870
INFO:__main__:Completed epoch 40 of 100

INFO:__main__:NLL: -0.0844, L2: 0.0276, Reg: 0.0032
INFO:__main__:Total loss -0.0536
INFO:__main__:Predicted mean: -0.3658
INFO:__main__:Predicted uncertainity -0.7139
INFO:__main__:Completed epoch 41 of 100

INFO:__main__:NLL: 0.0938, L2: 0.0286, Reg: 0.0032
INFO:__main__:Total loss 0.1257
INFO:__main__:Predicted mean: -0.4451
INFO:__main__:Predicted uncertainity -0.6642
INFO:__main__:Completed epoch 42 of 100

INFO:__main__:NLL: 0.2212, L2: 0.0286, Reg: 0.0032
INFO:__main__:Total loss 0.2530
INFO:__main__:Predicted mean: -0.4068
INFO:__main__:Predicted uncertainity -0.8053
INFO:__main__:Completed epoch 43 of 100

INFO:__main__:NLL: 0.3539, L2: 0.0284, Reg: 0.0032
INFO:__main__:Total loss 0.3855
INFO:__main__:Predicted mean: -0.4405
INFO:__main__:Predicted uncertainity -0.7967
INFO:__main__:Completed epoch 44 of 100

INFO:__main__:NLL: 0.1376, L2: 0.0240, Reg: 0.0032
INFO:__main__:Total loss 0.1648
INFO:__main__:Predicted mean: -0.4087
INFO:__main__:Predicted uncertainity -0.7579
INFO:__main__:Completed epoch 45 of 100

INFO:__main__:NLL: 0.1385, L2: 0.0283, Reg: 0.0032
INFO:__main__:Total loss 0.1700
INFO:__main__:Predicted mean: -0.3738
INFO:__main__:Predicted uncertainity -0.8346
INFO:__main__:Completed epoch 46 of 100

INFO:__main__:NLL: 0.0861, L2: 0.0271, Reg: 0.0032
INFO:__main__:Total loss 0.1164
INFO:__main__:Predicted mean: -0.4210
INFO:__main__:Predicted uncertainity -0.8055
INFO:__main__:Completed epoch 47 of 100

INFO:__main__:NLL: 0.0735, L2: 0.0276, Reg: 0.0032
INFO:__main__:Total loss 0.1044
INFO:__main__:Predicted mean: -0.3668
INFO:__main__:Predicted uncertainity -0.7757
INFO:__main__:Completed epoch 48 of 100

INFO:__main__:NLL: -0.0188, L2: 0.0269, Reg: 0.0032
INFO:__main__:Total loss 0.0113
INFO:__main__:Predicted mean: -0.3637
INFO:__main__:Predicted uncertainity -0.7099
INFO:__main__:Completed epoch 49 of 100

INFO:__main__:NLL: 0.0580, L2: 0.0275, Reg: 0.0032
INFO:__main__:Total loss 0.0888
INFO:__main__:Predicted mean: -0.3755
INFO:__main__:Predicted uncertainity -0.7736
INFO:__main__:Completed epoch 50 of 100

INFO:__main__:NLL: 0.3921, L2: 0.0271, Reg: 0.0032
INFO:__main__:Total loss 0.4224
INFO:__main__:Predicted mean: -0.4030
INFO:__main__:Predicted uncertainity -0.8038
INFO:__main__:Completed epoch 51 of 100

INFO:__main__:NLL: -0.0593, L2: 0.0273, Reg: 0.0032
INFO:__main__:Total loss -0.0288
INFO:__main__:Predicted mean: -0.3597
INFO:__main__:Predicted uncertainity -0.7807
INFO:__main__:Completed epoch 52 of 100

INFO:__main__:NLL: 0.0506, L2: 0.0246, Reg: 0.0032
INFO:__main__:Total loss 0.0785
INFO:__main__:Predicted mean: -0.3724
INFO:__main__:Predicted uncertainity -0.6485
INFO:__main__:Completed epoch 53 of 100

INFO:__main__:NLL: 0.2683, L2: 0.0261, Reg: 0.0032
INFO:__main__:Total loss 0.2976
INFO:__main__:Predicted mean: -0.3958
INFO:__main__:Predicted uncertainity -0.6639
INFO:__main__:Completed epoch 54 of 100

INFO:__main__:NLL: 0.1832, L2: 0.0275, Reg: 0.0032
INFO:__main__:Total loss 0.2139
INFO:__main__:Predicted mean: -0.3582
INFO:__main__:Predicted uncertainity -0.7522
INFO:__main__:Completed epoch 55 of 100

INFO:__main__:NLL: 0.2984, L2: 0.0274, Reg: 0.0032
INFO:__main__:Total loss 0.3291
INFO:__main__:Predicted mean: -0.4010
INFO:__main__:Predicted uncertainity -0.7500
INFO:__main__:Completed epoch 56 of 100

INFO:__main__:NLL: 0.0742, L2: 0.0262, Reg: 0.0032
INFO:__main__:Total loss 0.1037
INFO:__main__:Predicted mean: -0.3913
INFO:__main__:Predicted uncertainity -0.7123
INFO:__main__:Completed epoch 57 of 100

INFO:__main__:NLL: 0.0182, L2: 0.0272, Reg: 0.0032
INFO:__main__:Total loss 0.0487
INFO:__main__:Predicted mean: -0.4846
INFO:__main__:Predicted uncertainity -0.6728
INFO:__main__:Completed epoch 58 of 100

INFO:__main__:NLL: -0.0159, L2: 0.0278, Reg: 0.0032
INFO:__main__:Total loss 0.0152
INFO:__main__:Predicted mean: -0.3602
INFO:__main__:Predicted uncertainity -0.7267
INFO:__main__:Completed epoch 59 of 100

INFO:__main__:NLL: 0.0951, L2: 0.0296, Reg: 0.0032
INFO:__main__:Total loss 0.1280
INFO:__main__:Predicted mean: -0.4014
INFO:__main__:Predicted uncertainity -0.7320
INFO:__main__:Completed epoch 60 of 100

INFO:__main__:NLL: 0.1221, L2: 0.0293, Reg: 0.0032
INFO:__main__:Total loss 0.1547
INFO:__main__:Predicted mean: -0.3560
INFO:__main__:Predicted uncertainity -0.7644
INFO:__main__:Completed epoch 61 of 100

INFO:__main__:NLL: 0.2606, L2: 0.0271, Reg: 0.0032
INFO:__main__:Total loss 0.2910
INFO:__main__:Predicted mean: -0.3837
INFO:__main__:Predicted uncertainity -0.7900
INFO:__main__:Completed epoch 62 of 100

INFO:__main__:NLL: 0.0835, L2: 0.0282, Reg: 0.0032
INFO:__main__:Total loss 0.1149
INFO:__main__:Predicted mean: -0.4820
INFO:__main__:Predicted uncertainity -0.7152
INFO:__main__:Completed epoch 63 of 100

INFO:__main__:NLL: 0.0076, L2: 0.0266, Reg: 0.0032
INFO:__main__:Total loss 0.0374
INFO:__main__:Predicted mean: -0.3681
INFO:__main__:Predicted uncertainity -0.8139
INFO:__main__:Completed epoch 64 of 100

INFO:__main__:NLL: 0.0457, L2: 0.0277, Reg: 0.0032
INFO:__main__:Total loss 0.0766
INFO:__main__:Predicted mean: -0.3217
INFO:__main__:Predicted uncertainity -0.8001
INFO:__main__:Completed epoch 65 of 100

INFO:__main__:NLL: 0.2152, L2: 0.0281, Reg: 0.0032
INFO:__main__:Total loss 0.2465
INFO:__main__:Predicted mean: -0.3814
INFO:__main__:Predicted uncertainity -0.8124
INFO:__main__:Completed epoch 66 of 100

INFO:__main__:NLL: 0.0503, L2: 0.0261, Reg: 0.0032
INFO:__main__:Total loss 0.0796
INFO:__main__:Predicted mean: -0.3737
INFO:__main__:Predicted uncertainity -0.7179
INFO:__main__:Completed epoch 67 of 100

INFO:__main__:NLL: -0.0299, L2: 0.0270, Reg: 0.0032
INFO:__main__:Total loss 0.0004
INFO:__main__:Predicted mean: -0.3686
INFO:__main__:Predicted uncertainity -0.7997
INFO:__main__:Completed epoch 68 of 100

INFO:__main__:NLL: 0.0469, L2: 0.0283, Reg: 0.0032
INFO:__main__:Total loss 0.0784
INFO:__main__:Predicted mean: -0.3896
INFO:__main__:Predicted uncertainity -0.7779
INFO:__main__:Completed epoch 69 of 100

INFO:__main__:NLL: 0.3535, L2: 0.0271, Reg: 0.0032
INFO:__main__:Total loss 0.3838
INFO:__main__:Predicted mean: -0.4464
INFO:__main__:Predicted uncertainity -0.7310
INFO:__main__:Completed epoch 70 of 100

INFO:__main__:NLL: -0.0425, L2: 0.0287, Reg: 0.0032
INFO:__main__:Total loss -0.0106
INFO:__main__:Predicted mean: -0.4101
INFO:__main__:Predicted uncertainity -0.7941
INFO:__main__:Completed epoch 71 of 100

INFO:__main__:NLL: 0.2422, L2: 0.0280, Reg: 0.0032
INFO:__main__:Total loss 0.2734
INFO:__main__:Predicted mean: -0.3941
INFO:__main__:Predicted uncertainity -0.8313
INFO:__main__:Completed epoch 72 of 100

INFO:__main__:NLL: 0.3613, L2: 0.0296, Reg: 0.0032
INFO:__main__:Total loss 0.3941
INFO:__main__:Predicted mean: -0.4026
INFO:__main__:Predicted uncertainity -0.8393
INFO:__main__:Completed epoch 73 of 100

INFO:__main__:NLL: 0.0712, L2: 0.0307, Reg: 0.0033
INFO:__main__:Total loss 0.1052
INFO:__main__:Predicted mean: -0.3965
INFO:__main__:Predicted uncertainity -0.7233
INFO:__main__:Completed epoch 74 of 100

INFO:__main__:NLL: 0.0483, L2: 0.0288, Reg: 0.0032
INFO:__main__:Total loss 0.0803
INFO:__main__:Predicted mean: -0.3953
INFO:__main__:Predicted uncertainity -0.7993
INFO:__main__:Completed epoch 75 of 100

INFO:__main__:NLL: 0.0833, L2: 0.0278, Reg: 0.0032
INFO:__main__:Total loss 0.1143
INFO:__main__:Predicted mean: -0.4315
INFO:__main__:Predicted uncertainity -0.7891
INFO:__main__:Completed epoch 76 of 100

INFO:__main__:NLL: 0.2777, L2: 0.0298, Reg: 0.0032
INFO:__main__:Total loss 0.3107
INFO:__main__:Predicted mean: -0.3999
INFO:__main__:Predicted uncertainity -0.7970
INFO:__main__:Completed epoch 77 of 100

INFO:__main__:NLL: 0.1787, L2: 0.0278, Reg: 0.0032
INFO:__main__:Total loss 0.2097
INFO:__main__:Predicted mean: -0.3791
INFO:__main__:Predicted uncertainity -0.7619
INFO:__main__:Completed epoch 78 of 100

INFO:__main__:NLL: 0.2812, L2: 0.0270, Reg: 0.0032
INFO:__main__:Total loss 0.3114
INFO:__main__:Predicted mean: -0.3821
INFO:__main__:Predicted uncertainity -0.7406
INFO:__main__:Completed epoch 79 of 100

INFO:__main__:NLL: 0.0651, L2: 0.0290, Reg: 0.0033
INFO:__main__:Total loss 0.0973
INFO:__main__:Predicted mean: -0.3690
INFO:__main__:Predicted uncertainity -0.6558
INFO:__main__:Completed epoch 80 of 100

INFO:__main__:NLL: 0.0595, L2: 0.0287, Reg: 0.0032
INFO:__main__:Total loss 0.0914
INFO:__main__:Predicted mean: -0.4235
INFO:__main__:Predicted uncertainity -0.7345
INFO:__main__:Completed epoch 81 of 100

INFO:__main__:NLL: 0.1395, L2: 0.0277, Reg: 0.0032
INFO:__main__:Total loss 0.1705
INFO:__main__:Predicted mean: -0.4048
INFO:__main__:Predicted uncertainity -0.7502
INFO:__main__:Completed epoch 82 of 100

INFO:__main__:NLL: -0.0296, L2: 0.0282, Reg: 0.0033
INFO:__main__:Total loss 0.0018
INFO:__main__:Predicted mean: -0.3871
INFO:__main__:Predicted uncertainity -0.8090
INFO:__main__:Completed epoch 83 of 100

INFO:__main__:NLL: 0.3084, L2: 0.0261, Reg: 0.0032
INFO:__main__:Total loss 0.3378
INFO:__main__:Predicted mean: -0.3848
INFO:__main__:Predicted uncertainity -0.7347
INFO:__main__:Completed epoch 84 of 100

INFO:__main__:NLL: 0.1165, L2: 0.0290, Reg: 0.0032
INFO:__main__:Total loss 0.1488
INFO:__main__:Predicted mean: -0.3530
INFO:__main__:Predicted uncertainity -0.6846
INFO:__main__:Completed epoch 85 of 100

INFO:__main__:NLL: -0.0436, L2: 0.0292, Reg: 0.0032
INFO:__main__:Total loss -0.0111
INFO:__main__:Predicted mean: -0.4247
INFO:__main__:Predicted uncertainity -0.8214
INFO:__main__:Completed epoch 86 of 100

INFO:__main__:NLL: 0.1283, L2: 0.0278, Reg: 0.0032
INFO:__main__:Total loss 0.1594
INFO:__main__:Predicted mean: -0.4216
INFO:__main__:Predicted uncertainity -0.6712
INFO:__main__:Completed epoch 87 of 100

INFO:__main__:NLL: 0.0875, L2: 0.0287, Reg: 0.0032
INFO:__main__:Total loss 0.1194
INFO:__main__:Predicted mean: -0.3645
INFO:__main__:Predicted uncertainity -0.6919
INFO:__main__:Completed epoch 88 of 100

INFO:__main__:NLL: 0.0149, L2: 0.0275, Reg: 0.0032
INFO:__main__:Total loss 0.0457
INFO:__main__:Predicted mean: -0.3473
INFO:__main__:Predicted uncertainity -0.8261
INFO:__main__:Completed epoch 89 of 100

INFO:__main__:NLL: 0.1253, L2: 0.0293, Reg: 0.0032
INFO:__main__:Total loss 0.1579
INFO:__main__:Predicted mean: -0.4197
INFO:__main__:Predicted uncertainity -0.7942
INFO:__main__:Completed epoch 90 of 100

INFO:__main__:NLL: 0.1267, L2: 0.0284, Reg: 0.0032
INFO:__main__:Total loss 0.1583
INFO:__main__:Predicted mean: -0.4187
INFO:__main__:Predicted uncertainity -0.8411
INFO:__main__:Completed epoch 91 of 100

INFO:__main__:NLL: 0.1085, L2: 0.0280, Reg: 0.0032
INFO:__main__:Total loss 0.1397
INFO:__main__:Predicted mean: -0.4107
INFO:__main__:Predicted uncertainity -0.8193
INFO:__main__:Completed epoch 92 of 100

INFO:__main__:NLL: 0.0727, L2: 0.0274, Reg: 0.0032
INFO:__main__:Total loss 0.1034
INFO:__main__:Predicted mean: -0.4098
INFO:__main__:Predicted uncertainity -0.6791
INFO:__main__:Completed epoch 93 of 100

INFO:__main__:NLL: 0.0870, L2: 0.0298, Reg: 0.0032
INFO:__main__:Total loss 0.1200
INFO:__main__:Predicted mean: -0.3261
INFO:__main__:Predicted uncertainity -0.7209
INFO:__main__:Completed epoch 94 of 100

INFO:__main__:NLL: 0.1731, L2: 0.0263, Reg: 0.0032
INFO:__main__:Total loss 0.2026
INFO:__main__:Predicted mean: -0.4024
INFO:__main__:Predicted uncertainity -0.5986
INFO:__main__:Completed epoch 95 of 100

INFO:__main__:NLL: 0.3667, L2: 0.0280, Reg: 0.0032
INFO:__main__:Total loss 0.3980
INFO:__main__:Predicted mean: -0.4407
INFO:__main__:Predicted uncertainity -0.8871
INFO:__main__:Completed epoch 96 of 100

INFO:__main__:NLL: 0.0546, L2: 0.0267, Reg: 0.0032
INFO:__main__:Total loss 0.0845
INFO:__main__:Predicted mean: -0.3703
INFO:__main__:Predicted uncertainity -0.7288
INFO:__main__:Completed epoch 97 of 100

INFO:__main__:NLL: 0.1729, L2: 0.0281, Reg: 0.0032
INFO:__main__:Total loss 0.2042
INFO:__main__:Predicted mean: -0.3765
INFO:__main__:Predicted uncertainity -0.7236
INFO:__main__:Completed epoch 98 of 100

INFO:__main__:NLL: 0.1617, L2: 0.0280, Reg: 0.0032
INFO:__main__:Total loss 0.1930
INFO:__main__:Predicted mean: -0.4219
INFO:__main__:Predicted uncertainity -0.8249
INFO:__main__:Completed epoch 99 of 100

INFO:__main__:NLL: 0.2489, L2: 0.0271, Reg: 0.0032
INFO:__main__:Total loss 0.2792
INFO:__main__:Predicted mean: -0.3658
INFO:__main__:Predicted uncertainity -0.8402
INFO:__main__:Completed epoch 100 of 100

INFO:__main__:360.974113 s
