INFO:__main__:PROCESS RUNNING ON cpu
INFO:__main__:NLL: 0.4570, L2: 0.0443, Reg: -0.2702
INFO:__main__:Total loss 0.2312
INFO:__main__:Predicted mean: -0.3503
INFO:__main__:Predicted uncertainity 0.5661
INFO:__main__:Completed epoch 1 of 100

INFO:__main__:NLL: 0.4582, L2: 0.0448, Reg: -0.2703
INFO:__main__:Total loss 0.2327
INFO:__main__:Predicted mean: -0.3526
INFO:__main__:Predicted uncertainity 0.5691
INFO:__main__:Completed epoch 2 of 100

INFO:__main__:NLL: 0.4552, L2: 0.0437, Reg: -0.2646
INFO:__main__:Total loss 0.2343
INFO:__main__:Predicted mean: -0.3498
INFO:__main__:Predicted uncertainity 0.5607
INFO:__main__:Completed epoch 3 of 100

INFO:__main__:NLL: 0.4569, L2: 0.0441, Reg: -0.2661
INFO:__main__:Total loss 0.2349
INFO:__main__:Predicted mean: -0.3460
INFO:__main__:Predicted uncertainity 0.5668
INFO:__main__:Completed epoch 4 of 100

INFO:__main__:NLL: 0.4566, L2: 0.0439, Reg: -0.2719
INFO:__main__:Total loss 0.2285
INFO:__main__:Predicted mean: -0.3424
INFO:__main__:Predicted uncertainity 0.5669
INFO:__main__:Completed epoch 5 of 100

INFO:__main__:NLL: 0.4538, L2: 0.0428, Reg: -0.2659
INFO:__main__:Total loss 0.2307
INFO:__main__:Predicted mean: -0.3401
INFO:__main__:Predicted uncertainity 0.5589
INFO:__main__:Completed epoch 6 of 100

INFO:__main__:NLL: 0.4572, L2: 0.0440, Reg: -0.2685
INFO:__main__:Total loss 0.2327
INFO:__main__:Predicted mean: -0.3403
INFO:__main__:Predicted uncertainity 0.5693
INFO:__main__:Completed epoch 7 of 100

INFO:__main__:NLL: 0.4552, L2: 0.0433, Reg: -0.2657
INFO:__main__:Total loss 0.2328
INFO:__main__:Predicted mean: -0.3395
INFO:__main__:Predicted uncertainity 0.5635
INFO:__main__:Completed epoch 8 of 100

INFO:__main__:NLL: 0.4584, L2: 0.0444, Reg: -0.2717
INFO:__main__:Total loss 0.2310
INFO:__main__:Predicted mean: -0.3394
INFO:__main__:Predicted uncertainity 0.5731
INFO:__main__:Completed epoch 9 of 100

INFO:__main__:NLL: 0.4531, L2: 0.0425, Reg: -0.2638
INFO:__main__:Total loss 0.2318
INFO:__main__:Predicted mean: -0.3382
INFO:__main__:Predicted uncertainity 0.5574
INFO:__main__:Completed epoch 10 of 100

INFO:__main__:NLL: 0.4529, L2: 0.0424, Reg: -0.2639
INFO:__main__:Total loss 0.2314
INFO:__main__:Predicted mean: -0.3379
INFO:__main__:Predicted uncertainity 0.5568
INFO:__main__:Completed epoch 11 of 100

INFO:__main__:NLL: 0.4546, L2: 0.0430, Reg: -0.2705
INFO:__main__:Total loss 0.2271
INFO:__main__:Predicted mean: -0.3387
INFO:__main__:Predicted uncertainity 0.5618
INFO:__main__:Completed epoch 12 of 100

INFO:__main__:NLL: 0.4592, L2: 0.0447, Reg: -0.2706
INFO:__main__:Total loss 0.2332
INFO:__main__:Predicted mean: -0.3403
INFO:__main__:Predicted uncertainity 0.5753
INFO:__main__:Completed epoch 13 of 100

INFO:__main__:NLL: 0.4554, L2: 0.0433, Reg: -0.2659
INFO:__main__:Total loss 0.2329
INFO:__main__:Predicted mean: -0.3386
INFO:__main__:Predicted uncertainity 0.5644
INFO:__main__:Completed epoch 14 of 100

INFO:__main__:NLL: 0.4572, L2: 0.0440, Reg: -0.2703
INFO:__main__:Total loss 0.2309
INFO:__main__:Predicted mean: -0.3391
INFO:__main__:Predicted uncertainity 0.5697
INFO:__main__:Completed epoch 15 of 100

INFO:__main__:NLL: 0.4584, L2: 0.0444, Reg: -0.2688
INFO:__main__:Total loss 0.2340
INFO:__main__:Predicted mean: -0.3395
INFO:__main__:Predicted uncertainity 0.5731
INFO:__main__:Completed epoch 16 of 100

INFO:__main__:NLL: 0.4564, L2: 0.0437, Reg: -0.2717
INFO:__main__:Total loss 0.2284
INFO:__main__:Predicted mean: -0.3394
INFO:__main__:Predicted uncertainity 0.5671
INFO:__main__:Completed epoch 17 of 100

INFO:__main__:NLL: 0.4557, L2: 0.0434, Reg: -0.2684
INFO:__main__:Total loss 0.2307
INFO:__main__:Predicted mean: -0.3389
INFO:__main__:Predicted uncertainity 0.5651
INFO:__main__:Completed epoch 18 of 100

INFO:__main__:NLL: 0.4573, L2: 0.0440, Reg: -0.2669
INFO:__main__:Total loss 0.2344
INFO:__main__:Predicted mean: -0.3391
INFO:__main__:Predicted uncertainity 0.5699
INFO:__main__:Completed epoch 19 of 100

INFO:__main__:NLL: 0.4585, L2: 0.0444, Reg: -0.2682
INFO:__main__:Total loss 0.2347
INFO:__main__:Predicted mean: -0.3398
INFO:__main__:Predicted uncertainity 0.5733
INFO:__main__:Completed epoch 20 of 100

INFO:__main__:NLL: 0.4569, L2: 0.0439, Reg: -0.2711
INFO:__main__:Total loss 0.2297
INFO:__main__:Predicted mean: -0.3399
INFO:__main__:Predicted uncertainity 0.5685
INFO:__main__:Completed epoch 21 of 100

INFO:__main__:NLL: 0.4546, L2: 0.0430, Reg: -0.2656
INFO:__main__:Total loss 0.2320
INFO:__main__:Predicted mean: -0.3382
INFO:__main__:Predicted uncertainity 0.5619
INFO:__main__:Completed epoch 22 of 100

INFO:__main__:NLL: 0.4578, L2: 0.0442, Reg: -0.2673
INFO:__main__:Total loss 0.2347
INFO:__main__:Predicted mean: -0.3397
INFO:__main__:Predicted uncertainity 0.5714
INFO:__main__:Completed epoch 23 of 100

INFO:__main__:NLL: 0.4605, L2: 0.0453, Reg: -0.2705
INFO:__main__:Total loss 0.2352
INFO:__main__:Predicted mean: -0.3408
INFO:__main__:Predicted uncertainity 0.5791
INFO:__main__:Completed epoch 24 of 100

INFO:__main__:NLL: 0.4544, L2: 0.0430, Reg: -0.2604
INFO:__main__:Total loss 0.2370
INFO:__main__:Predicted mean: -0.3386
INFO:__main__:Predicted uncertainity 0.5611
INFO:__main__:Completed epoch 25 of 100

INFO:__main__:NLL: 0.4535, L2: 0.0427, Reg: -0.2592
INFO:__main__:Total loss 0.2371
INFO:__main__:Predicted mean: -0.3392
INFO:__main__:Predicted uncertainity 0.5584
INFO:__main__:Completed epoch 26 of 100

INFO:__main__:NLL: 0.4560, L2: 0.0436, Reg: -0.2683
INFO:__main__:Total loss 0.2313
INFO:__main__:Predicted mean: -0.3390
INFO:__main__:Predicted uncertainity 0.5660
INFO:__main__:Completed epoch 27 of 100

INFO:__main__:NLL: 0.4565, L2: 0.0437, Reg: -0.2700
INFO:__main__:Total loss 0.2302
INFO:__main__:Predicted mean: -0.3387
INFO:__main__:Predicted uncertainity 0.5676
INFO:__main__:Completed epoch 28 of 100

INFO:__main__:NLL: 0.4569, L2: 0.0439, Reg: -0.2643
INFO:__main__:Total loss 0.2364
INFO:__main__:Predicted mean: -0.3393
INFO:__main__:Predicted uncertainity 0.5686
INFO:__main__:Completed epoch 29 of 100

INFO:__main__:NLL: 0.4577, L2: 0.0441, Reg: -0.2736
INFO:__main__:Total loss 0.2282
INFO:__main__:Predicted mean: -0.3392
INFO:__main__:Predicted uncertainity 0.5710
INFO:__main__:Completed epoch 30 of 100

INFO:__main__:NLL: 0.4571, L2: 0.0439, Reg: -0.2683
INFO:__main__:Total loss 0.2327
INFO:__main__:Predicted mean: -0.3390
INFO:__main__:Predicted uncertainity 0.5694
INFO:__main__:Completed epoch 31 of 100

INFO:__main__:NLL: 0.4546, L2: 0.0431, Reg: -0.2639
INFO:__main__:Total loss 0.2338
INFO:__main__:Predicted mean: -0.3397
INFO:__main__:Predicted uncertainity 0.5616
INFO:__main__:Completed epoch 32 of 100

INFO:__main__:NLL: 0.4535, L2: 0.0427, Reg: -0.2660
INFO:__main__:Total loss 0.2302
INFO:__main__:Predicted mean: -0.3387
INFO:__main__:Predicted uncertainity 0.5584
INFO:__main__:Completed epoch 33 of 100

INFO:__main__:NLL: 0.4571, L2: 0.0439, Reg: -0.2670
INFO:__main__:Total loss 0.2341
INFO:__main__:Predicted mean: -0.3393
INFO:__main__:Predicted uncertainity 0.5693
INFO:__main__:Completed epoch 34 of 100

INFO:__main__:NLL: 0.4527, L2: 0.0424, Reg: -0.2656
INFO:__main__:Total loss 0.2296
INFO:__main__:Predicted mean: -0.3377
INFO:__main__:Predicted uncertainity 0.5563
INFO:__main__:Completed epoch 35 of 100

INFO:__main__:NLL: 0.4561, L2: 0.0436, Reg: -0.2689
INFO:__main__:Total loss 0.2308
INFO:__main__:Predicted mean: -0.3402
INFO:__main__:Predicted uncertainity 0.5660
INFO:__main__:Completed epoch 36 of 100

INFO:__main__:NLL: 0.4599, L2: 0.0449, Reg: -0.2704
INFO:__main__:Total loss 0.2344
INFO:__main__:Predicted mean: -0.3396
INFO:__main__:Predicted uncertainity 0.5777
INFO:__main__:Completed epoch 37 of 100

INFO:__main__:NLL: 0.4580, L2: 0.0443, Reg: -0.2691
INFO:__main__:Total loss 0.2332
INFO:__main__:Predicted mean: -0.3400
INFO:__main__:Predicted uncertainity 0.5720
INFO:__main__:Completed epoch 38 of 100

INFO:__main__:NLL: 0.4530, L2: 0.0425, Reg: -0.2641
INFO:__main__:Total loss 0.2315
INFO:__main__:Predicted mean: -0.3378
INFO:__main__:Predicted uncertainity 0.5572
INFO:__main__:Completed epoch 39 of 100

INFO:__main__:NLL: 0.4601, L2: 0.0451, Reg: -0.2696
INFO:__main__:Total loss 0.2356
INFO:__main__:Predicted mean: -0.3407
INFO:__main__:Predicted uncertainity 0.5782
INFO:__main__:Completed epoch 40 of 100

INFO:__main__:NLL: 0.4550, L2: 0.0432, Reg: -0.2658
INFO:__main__:Total loss 0.2324
INFO:__main__:Predicted mean: -0.3384
INFO:__main__:Predicted uncertainity 0.5632
INFO:__main__:Completed epoch 41 of 100

INFO:__main__:NLL: 0.4576, L2: 0.0441, Reg: -0.2700
INFO:__main__:Total loss 0.2317
INFO:__main__:Predicted mean: -0.3391
INFO:__main__:Predicted uncertainity 0.5709
INFO:__main__:Completed epoch 42 of 100

INFO:__main__:NLL: 0.4546, L2: 0.0431, Reg: -0.2646
INFO:__main__:Total loss 0.2331
INFO:__main__:Predicted mean: -0.3386
INFO:__main__:Predicted uncertainity 0.5619
INFO:__main__:Completed epoch 43 of 100

INFO:__main__:NLL: 0.4565, L2: 0.0438, Reg: -0.2692
INFO:__main__:Total loss 0.2312
INFO:__main__:Predicted mean: -0.3402
INFO:__main__:Predicted uncertainity 0.5672
INFO:__main__:Completed epoch 44 of 100

INFO:__main__:NLL: 0.4570, L2: 0.0439, Reg: -0.2690
INFO:__main__:Total loss 0.2320
INFO:__main__:Predicted mean: -0.3392
INFO:__main__:Predicted uncertainity 0.5691
INFO:__main__:Completed epoch 45 of 100

INFO:__main__:NLL: 0.4571, L2: 0.0440, Reg: -0.2689
INFO:__main__:Total loss 0.2322
INFO:__main__:Predicted mean: -0.3392
INFO:__main__:Predicted uncertainity 0.5694
INFO:__main__:Completed epoch 46 of 100

INFO:__main__:NLL: 0.4584, L2: 0.0444, Reg: -0.2707
INFO:__main__:Total loss 0.2321
INFO:__main__:Predicted mean: -0.3399
INFO:__main__:Predicted uncertainity 0.5732
INFO:__main__:Completed epoch 47 of 100

INFO:__main__:NLL: 0.4583, L2: 0.0444, Reg: -0.2699
INFO:__main__:Total loss 0.2328
INFO:__main__:Predicted mean: -0.3397
INFO:__main__:Predicted uncertainity 0.5728
INFO:__main__:Completed epoch 48 of 100

INFO:__main__:NLL: 0.4601, L2: 0.0450, Reg: -0.2725
INFO:__main__:Total loss 0.2326
INFO:__main__:Predicted mean: -0.3394
INFO:__main__:Predicted uncertainity 0.5785
INFO:__main__:Completed epoch 49 of 100

INFO:__main__:NLL: 0.4601, L2: 0.0450, Reg: -0.2742
INFO:__main__:Total loss 0.2310
INFO:__main__:Predicted mean: -0.3408
INFO:__main__:Predicted uncertainity 0.5780
INFO:__main__:Completed epoch 50 of 100

INFO:__main__:NLL: 0.4583, L2: 0.0444, Reg: -0.2678
INFO:__main__:Total loss 0.2349
INFO:__main__:Predicted mean: -0.3397
INFO:__main__:Predicted uncertainity 0.5728
INFO:__main__:Completed epoch 51 of 100

INFO:__main__:NLL: 0.4567, L2: 0.0438, Reg: -0.2632
INFO:__main__:Total loss 0.2372
INFO:__main__:Predicted mean: -0.3385
INFO:__main__:Predicted uncertainity 0.5682
INFO:__main__:Completed epoch 52 of 100

INFO:__main__:NLL: 0.4564, L2: 0.0437, Reg: -0.2697
INFO:__main__:Total loss 0.2304
INFO:__main__:Predicted mean: -0.3389
INFO:__main__:Predicted uncertainity 0.5674
INFO:__main__:Completed epoch 53 of 100

INFO:__main__:NLL: 0.4552, L2: 0.0433, Reg: -0.2640
INFO:__main__:Total loss 0.2345
INFO:__main__:Predicted mean: -0.3386
INFO:__main__:Predicted uncertainity 0.5638
INFO:__main__:Completed epoch 54 of 100

INFO:__main__:NLL: 0.4545, L2: 0.0430, Reg: -0.2666
INFO:__main__:Total loss 0.2310
INFO:__main__:Predicted mean: -0.3386
INFO:__main__:Predicted uncertainity 0.5617
INFO:__main__:Completed epoch 55 of 100

INFO:__main__:NLL: 0.4571, L2: 0.0440, Reg: -0.2691
INFO:__main__:Total loss 0.2320
INFO:__main__:Predicted mean: -0.3394
INFO:__main__:Predicted uncertainity 0.5694
INFO:__main__:Completed epoch 56 of 100

INFO:__main__:NLL: 0.4547, L2: 0.0431, Reg: -0.2671
INFO:__main__:Total loss 0.2307
INFO:__main__:Predicted mean: -0.3392
INFO:__main__:Predicted uncertainity 0.5619
INFO:__main__:Completed epoch 57 of 100

INFO:__main__:NLL: 0.4534, L2: 0.0427, Reg: -0.2635
INFO:__main__:Total loss 0.2326
INFO:__main__:Predicted mean: -0.3392
INFO:__main__:Predicted uncertainity 0.5581
INFO:__main__:Completed epoch 58 of 100

INFO:__main__:NLL: 0.4567, L2: 0.0438, Reg: -0.2653
INFO:__main__:Total loss 0.2352
INFO:__main__:Predicted mean: -0.3401
INFO:__main__:Predicted uncertainity 0.5679
INFO:__main__:Completed epoch 59 of 100

INFO:__main__:NLL: 0.4574, L2: 0.0441, Reg: -0.2677
INFO:__main__:Total loss 0.2338
INFO:__main__:Predicted mean: -0.3395
INFO:__main__:Predicted uncertainity 0.5702
INFO:__main__:Completed epoch 60 of 100

INFO:__main__:NLL: 0.4548, L2: 0.0433, Reg: -0.2673
INFO:__main__:Total loss 0.2307
INFO:__main__:Predicted mean: -0.3401
INFO:__main__:Predicted uncertainity 0.5621
INFO:__main__:Completed epoch 61 of 100

INFO:__main__:NLL: 0.4573, L2: 0.0440, Reg: -0.2701
INFO:__main__:Total loss 0.2313
INFO:__main__:Predicted mean: -0.3399
INFO:__main__:Predicted uncertainity 0.5698
INFO:__main__:Completed epoch 62 of 100

INFO:__main__:NLL: 0.4547, L2: 0.0431, Reg: -0.2645
INFO:__main__:Total loss 0.2333
INFO:__main__:Predicted mean: -0.3391
INFO:__main__:Predicted uncertainity 0.5620
INFO:__main__:Completed epoch 63 of 100

INFO:__main__:NLL: 0.4541, L2: 0.0429, Reg: -0.2638
INFO:__main__:Total loss 0.2332
INFO:__main__:Predicted mean: -0.3384
INFO:__main__:Predicted uncertainity 0.5604
INFO:__main__:Completed epoch 64 of 100

INFO:__main__:NLL: 0.4563, L2: 0.0436, Reg: -0.2673
INFO:__main__:Total loss 0.2326
INFO:__main__:Predicted mean: -0.3387
INFO:__main__:Predicted uncertainity 0.5670
INFO:__main__:Completed epoch 65 of 100

INFO:__main__:NLL: 0.4560, L2: 0.0437, Reg: -0.2657
INFO:__main__:Total loss 0.2340
INFO:__main__:Predicted mean: -0.3393
INFO:__main__:Predicted uncertainity 0.5660
INFO:__main__:Completed epoch 66 of 100

INFO:__main__:NLL: 0.4574, L2: 0.0440, Reg: -0.2689
INFO:__main__:Total loss 0.2326
INFO:__main__:Predicted mean: -0.3392
INFO:__main__:Predicted uncertainity 0.5702
INFO:__main__:Completed epoch 67 of 100

INFO:__main__:NLL: 0.4569, L2: 0.0439, Reg: -0.2675
INFO:__main__:Total loss 0.2333
INFO:__main__:Predicted mean: -0.3396
INFO:__main__:Predicted uncertainity 0.5688
INFO:__main__:Completed epoch 68 of 100

INFO:__main__:NLL: 0.4522, L2: 0.0423, Reg: -0.2657
INFO:__main__:Total loss 0.2288
INFO:__main__:Predicted mean: -0.3388
INFO:__main__:Predicted uncertainity 0.5546
INFO:__main__:Completed epoch 69 of 100

INFO:__main__:NLL: 0.4528, L2: 0.0424, Reg: -0.2674
INFO:__main__:Total loss 0.2278
INFO:__main__:Predicted mean: -0.3381
INFO:__main__:Predicted uncertainity 0.5564
INFO:__main__:Completed epoch 70 of 100

INFO:__main__:NLL: 0.4571, L2: 0.0440, Reg: -0.2672
INFO:__main__:Total loss 0.2339
INFO:__main__:Predicted mean: -0.3397
INFO:__main__:Predicted uncertainity 0.5692
INFO:__main__:Completed epoch 71 of 100

INFO:__main__:NLL: 0.4564, L2: 0.0437, Reg: -0.2669
INFO:__main__:Total loss 0.2332
INFO:__main__:Predicted mean: -0.3387
INFO:__main__:Predicted uncertainity 0.5674
INFO:__main__:Completed epoch 72 of 100

INFO:__main__:NLL: 0.4561, L2: 0.0436, Reg: -0.2696
INFO:__main__:Total loss 0.2301
INFO:__main__:Predicted mean: -0.3396
INFO:__main__:Predicted uncertainity 0.5661
INFO:__main__:Completed epoch 73 of 100

INFO:__main__:NLL: 0.4592, L2: 0.0448, Reg: -0.2734
INFO:__main__:Total loss 0.2306
INFO:__main__:Predicted mean: -0.3404
INFO:__main__:Predicted uncertainity 0.5756
INFO:__main__:Completed epoch 74 of 100

INFO:__main__:NLL: 0.4563, L2: 0.0436, Reg: -0.2675
INFO:__main__:Total loss 0.2325
INFO:__main__:Predicted mean: -0.3387
INFO:__main__:Predicted uncertainity 0.5670
INFO:__main__:Completed epoch 75 of 100

INFO:__main__:NLL: 0.4588, L2: 0.0446, Reg: -0.2702
INFO:__main__:Total loss 0.2331
INFO:__main__:Predicted mean: -0.3395
INFO:__main__:Predicted uncertainity 0.5744
INFO:__main__:Completed epoch 76 of 100

INFO:__main__:NLL: 0.4559, L2: 0.0437, Reg: -0.2658
INFO:__main__:Total loss 0.2338
INFO:__main__:Predicted mean: -0.3398
INFO:__main__:Predicted uncertainity 0.5654
INFO:__main__:Completed epoch 77 of 100

INFO:__main__:NLL: 0.4551, L2: 0.0432, Reg: -0.2655
INFO:__main__:Total loss 0.2329
INFO:__main__:Predicted mean: -0.3384
INFO:__main__:Predicted uncertainity 0.5635
INFO:__main__:Completed epoch 78 of 100

INFO:__main__:NLL: 0.4584, L2: 0.0444, Reg: -0.2676
INFO:__main__:Total loss 0.2352
INFO:__main__:Predicted mean: -0.3391
INFO:__main__:Predicted uncertainity 0.5733
INFO:__main__:Completed epoch 79 of 100

INFO:__main__:NLL: 0.4557, L2: 0.0434, Reg: -0.2661
INFO:__main__:Total loss 0.2330
INFO:__main__:Predicted mean: -0.3386
INFO:__main__:Predicted uncertainity 0.5652
INFO:__main__:Completed epoch 80 of 100

INFO:__main__:NLL: 0.4581, L2: 0.0444, Reg: -0.2739
INFO:__main__:Total loss 0.2286
INFO:__main__:Predicted mean: -0.3402
INFO:__main__:Predicted uncertainity 0.5722
INFO:__main__:Completed epoch 81 of 100

INFO:__main__:NLL: 0.4559, L2: 0.0435, Reg: -0.2642
INFO:__main__:Total loss 0.2352
INFO:__main__:Predicted mean: -0.3388
INFO:__main__:Predicted uncertainity 0.5658
INFO:__main__:Completed epoch 82 of 100

INFO:__main__:NLL: 0.4603, L2: 0.0451, Reg: -0.2730
INFO:__main__:Total loss 0.2325
INFO:__main__:Predicted mean: -0.3397
INFO:__main__:Predicted uncertainity 0.5791
INFO:__main__:Completed epoch 83 of 100

INFO:__main__:NLL: 0.4577, L2: 0.0442, Reg: -0.2685
INFO:__main__:Total loss 0.2334
INFO:__main__:Predicted mean: -0.3396
INFO:__main__:Predicted uncertainity 0.5711
INFO:__main__:Completed epoch 84 of 100

INFO:__main__:NLL: 0.4548, L2: 0.0431, Reg: -0.2644
INFO:__main__:Total loss 0.2336
INFO:__main__:Predicted mean: -0.3383
INFO:__main__:Predicted uncertainity 0.5626
INFO:__main__:Completed epoch 85 of 100

INFO:__main__:NLL: 0.4556, L2: 0.0434, Reg: -0.2634
INFO:__main__:Total loss 0.2356
INFO:__main__:Predicted mean: -0.3386
INFO:__main__:Predicted uncertainity 0.5648
INFO:__main__:Completed epoch 86 of 100

INFO:__main__:NLL: 0.4579, L2: 0.0442, Reg: -0.2724
INFO:__main__:Total loss 0.2297
INFO:__main__:Predicted mean: -0.3396
INFO:__main__:Predicted uncertainity 0.5716
INFO:__main__:Completed epoch 87 of 100

INFO:__main__:NLL: 0.4567, L2: 0.0438, Reg: -0.2663
INFO:__main__:Total loss 0.2342
INFO:__main__:Predicted mean: -0.3397
INFO:__main__:Predicted uncertainity 0.5679
INFO:__main__:Completed epoch 88 of 100

INFO:__main__:NLL: 0.4590, L2: 0.0446, Reg: -0.2707
INFO:__main__:Total loss 0.2329
INFO:__main__:Predicted mean: -0.3391
INFO:__main__:Predicted uncertainity 0.5753
INFO:__main__:Completed epoch 89 of 100

INFO:__main__:NLL: 0.4566, L2: 0.0438, Reg: -0.2680
INFO:__main__:Total loss 0.2324
INFO:__main__:Predicted mean: -0.3397
INFO:__main__:Predicted uncertainity 0.5677
INFO:__main__:Completed epoch 90 of 100

INFO:__main__:NLL: 0.4591, L2: 0.0447, Reg: -0.2722
INFO:__main__:Total loss 0.2316
INFO:__main__:Predicted mean: -0.3398
INFO:__main__:Predicted uncertainity 0.5753
INFO:__main__:Completed epoch 91 of 100

INFO:__main__:NLL: 0.4565, L2: 0.0437, Reg: -0.2642
INFO:__main__:Total loss 0.2360
INFO:__main__:Predicted mean: -0.3390
INFO:__main__:Predicted uncertainity 0.5676
INFO:__main__:Completed epoch 92 of 100

INFO:__main__:NLL: 0.4587, L2: 0.0446, Reg: -0.2702
INFO:__main__:Total loss 0.2331
INFO:__main__:Predicted mean: -0.3404
INFO:__main__:Predicted uncertainity 0.5740
INFO:__main__:Completed epoch 93 of 100

INFO:__main__:NLL: 0.4588, L2: 0.0446, Reg: -0.2699
INFO:__main__:Total loss 0.2335
INFO:__main__:Predicted mean: -0.3398
INFO:__main__:Predicted uncertainity 0.5744
INFO:__main__:Completed epoch 94 of 100

INFO:__main__:NLL: 0.4560, L2: 0.0436, Reg: -0.2649
INFO:__main__:Total loss 0.2347
INFO:__main__:Predicted mean: -0.3389
INFO:__main__:Predicted uncertainity 0.5662
INFO:__main__:Completed epoch 95 of 100

INFO:__main__:NLL: 0.4579, L2: 0.0442, Reg: -0.2723
INFO:__main__:Total loss 0.2298
INFO:__main__:Predicted mean: -0.3394
INFO:__main__:Predicted uncertainity 0.5717
INFO:__main__:Completed epoch 96 of 100

INFO:__main__:NLL: 0.4577, L2: 0.0442, Reg: -0.2679
INFO:__main__:Total loss 0.2339
INFO:__main__:Predicted mean: -0.3393
INFO:__main__:Predicted uncertainity 0.5712
INFO:__main__:Completed epoch 97 of 100

INFO:__main__:NLL: 0.4586, L2: 0.0445, Reg: -0.2738
INFO:__main__:Total loss 0.2293
INFO:__main__:Predicted mean: -0.3398
INFO:__main__:Predicted uncertainity 0.5736
INFO:__main__:Completed epoch 98 of 100

INFO:__main__:NLL: 0.4609, L2: 0.0453, Reg: -0.2726
INFO:__main__:Total loss 0.2336
INFO:__main__:Predicted mean: -0.3401
INFO:__main__:Predicted uncertainity 0.5805
INFO:__main__:Completed epoch 99 of 100

INFO:__main__:NLL: 0.4554, L2: 0.0434, Reg: -0.2669
INFO:__main__:Total loss 0.2319
INFO:__main__:Predicted mean: -0.3392
INFO:__main__:Predicted uncertainity 0.5642
INFO:__main__:Completed epoch 100 of 100

INFO:__main__:839.301961 s
