INFO:__main__:PROCESS RUNNING ON cpu
INFO:__main__:NLL: 0.0439, L2: 0.0068, Reg: 0.0150
INFO:__main__:Total loss 0.0656
INFO:__main__:Predicted mean: -0.4508
INFO:__main__:Predicted uncertainity -0.7654
INFO:__main__:Completed epoch 1 of 100

INFO:__main__:NLL: 0.1171, L2: 0.0073, Reg: 0.0150
INFO:__main__:Total loss 0.1394
INFO:__main__:Predicted mean: -0.3785
INFO:__main__:Predicted uncertainity -0.7869
INFO:__main__:Completed epoch 2 of 100

INFO:__main__:NLL: 0.1319, L2: 0.0081, Reg: 0.0149
INFO:__main__:Total loss 0.1549
INFO:__main__:Predicted mean: -0.3850
INFO:__main__:Predicted uncertainity -0.7086
INFO:__main__:Completed epoch 3 of 100

INFO:__main__:NLL: -0.1586, L2: 0.0080, Reg: 0.0151
INFO:__main__:Total loss -0.1355
INFO:__main__:Predicted mean: -0.4480
INFO:__main__:Predicted uncertainity -0.8574
INFO:__main__:Completed epoch 4 of 100

INFO:__main__:NLL: 0.1998, L2: 0.0077, Reg: 0.0148
INFO:__main__:Total loss 0.2223
INFO:__main__:Predicted mean: -0.3645
INFO:__main__:Predicted uncertainity -0.7839
INFO:__main__:Completed epoch 5 of 100

INFO:__main__:NLL: -0.0129, L2: 0.0078, Reg: 0.0149
INFO:__main__:Total loss 0.0098
INFO:__main__:Predicted mean: -0.3548
INFO:__main__:Predicted uncertainity -0.6540
INFO:__main__:Completed epoch 6 of 100

INFO:__main__:NLL: -0.0622, L2: 0.0082, Reg: 0.0148
INFO:__main__:Total loss -0.0392
INFO:__main__:Predicted mean: -0.3569
INFO:__main__:Predicted uncertainity -0.7329
INFO:__main__:Completed epoch 7 of 100

INFO:__main__:NLL: 0.2281, L2: 0.0082, Reg: 0.0149
INFO:__main__:Total loss 0.2512
INFO:__main__:Predicted mean: -0.4505
INFO:__main__:Predicted uncertainity -0.6973
INFO:__main__:Completed epoch 8 of 100

INFO:__main__:NLL: 0.0416, L2: 0.0086, Reg: 0.0149
INFO:__main__:Total loss 0.0651
INFO:__main__:Predicted mean: -0.4088
INFO:__main__:Predicted uncertainity -0.8660
INFO:__main__:Completed epoch 9 of 100

INFO:__main__:NLL: 0.3131, L2: 0.0083, Reg: 0.0150
INFO:__main__:Total loss 0.3364
INFO:__main__:Predicted mean: -0.3714
INFO:__main__:Predicted uncertainity -0.7885
INFO:__main__:Completed epoch 10 of 100

INFO:__main__:NLL: 0.0656, L2: 0.0090, Reg: 0.0148
INFO:__main__:Total loss 0.0894
INFO:__main__:Predicted mean: -0.4129
INFO:__main__:Predicted uncertainity -0.7292
INFO:__main__:Completed epoch 11 of 100

INFO:__main__:NLL: 0.1590, L2: 0.0081, Reg: 0.0148
INFO:__main__:Total loss 0.1819
INFO:__main__:Predicted mean: -0.4171
INFO:__main__:Predicted uncertainity -0.7519
INFO:__main__:Completed epoch 12 of 100

INFO:__main__:NLL: 0.0020, L2: 0.0082, Reg: 0.0149
INFO:__main__:Total loss 0.0251
INFO:__main__:Predicted mean: -0.3470
INFO:__main__:Predicted uncertainity -0.7769
INFO:__main__:Completed epoch 13 of 100

INFO:__main__:NLL: 0.0511, L2: 0.0084, Reg: 0.0148
INFO:__main__:Total loss 0.0743
INFO:__main__:Predicted mean: -0.3841
INFO:__main__:Predicted uncertainity -0.7457
INFO:__main__:Completed epoch 14 of 100

INFO:__main__:NLL: 0.0276, L2: 0.0086, Reg: 0.0149
INFO:__main__:Total loss 0.0511
INFO:__main__:Predicted mean: -0.3462
INFO:__main__:Predicted uncertainity -0.8177
INFO:__main__:Completed epoch 15 of 100

INFO:__main__:NLL: 0.1099, L2: 0.0080, Reg: 0.0150
INFO:__main__:Total loss 0.1329
INFO:__main__:Predicted mean: -0.4406
INFO:__main__:Predicted uncertainity -0.7707
INFO:__main__:Completed epoch 16 of 100

INFO:__main__:NLL: 0.0067, L2: 0.0093, Reg: 0.0149
INFO:__main__:Total loss 0.0310
INFO:__main__:Predicted mean: -0.3780
INFO:__main__:Predicted uncertainity -0.8427
INFO:__main__:Completed epoch 17 of 100

INFO:__main__:NLL: 0.0572, L2: 0.0096, Reg: 0.0150
INFO:__main__:Total loss 0.0818
INFO:__main__:Predicted mean: -0.3574
INFO:__main__:Predicted uncertainity -0.7621
INFO:__main__:Completed epoch 18 of 100

INFO:__main__:NLL: -0.0059, L2: 0.0092, Reg: 0.0149
INFO:__main__:Total loss 0.0182
INFO:__main__:Predicted mean: -0.3367
INFO:__main__:Predicted uncertainity -0.7872
INFO:__main__:Completed epoch 19 of 100

INFO:__main__:NLL: 0.0211, L2: 0.0083, Reg: 0.0149
INFO:__main__:Total loss 0.0443
INFO:__main__:Predicted mean: -0.4037
INFO:__main__:Predicted uncertainity -0.7510
INFO:__main__:Completed epoch 20 of 100

INFO:__main__:NLL: 0.0708, L2: 0.0095, Reg: 0.0148
INFO:__main__:Total loss 0.0951
INFO:__main__:Predicted mean: -0.3741
INFO:__main__:Predicted uncertainity -0.6569
INFO:__main__:Completed epoch 21 of 100

INFO:__main__:NLL: 0.0782, L2: 0.0091, Reg: 0.0148
INFO:__main__:Total loss 0.1022
INFO:__main__:Predicted mean: -0.3884
INFO:__main__:Predicted uncertainity -0.7645
INFO:__main__:Completed epoch 22 of 100

INFO:__main__:NLL: 0.4515, L2: 0.0090, Reg: 0.0150
INFO:__main__:Total loss 0.4754
INFO:__main__:Predicted mean: -0.3565
INFO:__main__:Predicted uncertainity -0.8113
INFO:__main__:Completed epoch 23 of 100

INFO:__main__:NLL: -0.0079, L2: 0.0088, Reg: 0.0151
INFO:__main__:Total loss 0.0161
INFO:__main__:Predicted mean: -0.3864
INFO:__main__:Predicted uncertainity -0.7261
INFO:__main__:Completed epoch 24 of 100

INFO:__main__:NLL: 0.0435, L2: 0.0087, Reg: 0.0148
INFO:__main__:Total loss 0.0669
INFO:__main__:Predicted mean: -0.3381
INFO:__main__:Predicted uncertainity -0.7013
INFO:__main__:Completed epoch 25 of 100

INFO:__main__:NLL: 0.1726, L2: 0.0084, Reg: 0.0149
INFO:__main__:Total loss 0.1959
INFO:__main__:Predicted mean: -0.3784
INFO:__main__:Predicted uncertainity -0.7425
INFO:__main__:Completed epoch 26 of 100

INFO:__main__:NLL: 0.0399, L2: 0.0085, Reg: 0.0149
INFO:__main__:Total loss 0.0633
INFO:__main__:Predicted mean: -0.3346
INFO:__main__:Predicted uncertainity -0.7276
INFO:__main__:Completed epoch 27 of 100

INFO:__main__:NLL: -0.0371, L2: 0.0095, Reg: 0.0149
INFO:__main__:Total loss -0.0127
INFO:__main__:Predicted mean: -0.3712
INFO:__main__:Predicted uncertainity -0.8296
INFO:__main__:Completed epoch 28 of 100

INFO:__main__:NLL: 0.1075, L2: 0.0095, Reg: 0.0150
INFO:__main__:Total loss 0.1320
INFO:__main__:Predicted mean: -0.3561
INFO:__main__:Predicted uncertainity -0.7395
INFO:__main__:Completed epoch 29 of 100

INFO:__main__:NLL: 0.1026, L2: 0.0095, Reg: 0.0148
INFO:__main__:Total loss 0.1269
INFO:__main__:Predicted mean: -0.3891
INFO:__main__:Predicted uncertainity -0.7548
INFO:__main__:Completed epoch 30 of 100

INFO:__main__:NLL: -0.0727, L2: 0.0094, Reg: 0.0148
INFO:__main__:Total loss -0.0484
INFO:__main__:Predicted mean: -0.3305
INFO:__main__:Predicted uncertainity -0.7634
INFO:__main__:Completed epoch 31 of 100

INFO:__main__:NLL: 0.0197, L2: 0.0087, Reg: 0.0149
INFO:__main__:Total loss 0.0433
INFO:__main__:Predicted mean: -0.3574
INFO:__main__:Predicted uncertainity -0.7956
INFO:__main__:Completed epoch 32 of 100

INFO:__main__:NLL: 0.2552, L2: 0.0084, Reg: 0.0151
INFO:__main__:Total loss 0.2787
INFO:__main__:Predicted mean: -0.4041
INFO:__main__:Predicted uncertainity -0.8678
INFO:__main__:Completed epoch 33 of 100

INFO:__main__:NLL: 0.1572, L2: 0.0092, Reg: 0.0149
INFO:__main__:Total loss 0.1814
INFO:__main__:Predicted mean: -0.3828
INFO:__main__:Predicted uncertainity -0.7308
INFO:__main__:Completed epoch 34 of 100

INFO:__main__:NLL: 0.0603, L2: 0.0087, Reg: 0.0150
INFO:__main__:Total loss 0.0840
INFO:__main__:Predicted mean: -0.3619
INFO:__main__:Predicted uncertainity -0.7158
INFO:__main__:Completed epoch 35 of 100

INFO:__main__:NLL: 0.0490, L2: 0.0092, Reg: 0.0150
INFO:__main__:Total loss 0.0732
INFO:__main__:Predicted mean: -0.3394
INFO:__main__:Predicted uncertainity -0.8656
INFO:__main__:Completed epoch 36 of 100

INFO:__main__:NLL: 0.3361, L2: 0.0086, Reg: 0.0149
INFO:__main__:Total loss 0.3596
INFO:__main__:Predicted mean: -0.4066
INFO:__main__:Predicted uncertainity -0.7222
INFO:__main__:Completed epoch 37 of 100

INFO:__main__:NLL: -0.0688, L2: 0.0094, Reg: 0.0149
INFO:__main__:Total loss -0.0445
INFO:__main__:Predicted mean: -0.3186
INFO:__main__:Predicted uncertainity -0.8470
INFO:__main__:Completed epoch 38 of 100

INFO:__main__:NLL: 0.1321, L2: 0.0091, Reg: 0.0148
INFO:__main__:Total loss 0.1559
INFO:__main__:Predicted mean: -0.5063
INFO:__main__:Predicted uncertainity -0.7662
INFO:__main__:Completed epoch 39 of 100

INFO:__main__:NLL: 0.0204, L2: 0.0088, Reg: 0.0148
INFO:__main__:Total loss 0.0441
INFO:__main__:Predicted mean: -0.3836
INFO:__main__:Predicted uncertainity -0.7107
INFO:__main__:Completed epoch 40 of 100

INFO:__main__:NLL: 0.0742, L2: 0.0087, Reg: 0.0148
INFO:__main__:Total loss 0.0977
INFO:__main__:Predicted mean: -0.3263
INFO:__main__:Predicted uncertainity -0.6698
INFO:__main__:Completed epoch 41 of 100

INFO:__main__:NLL: 0.4100, L2: 0.0086, Reg: 0.0149
INFO:__main__:Total loss 0.4335
INFO:__main__:Predicted mean: -0.4215
INFO:__main__:Predicted uncertainity -0.7836
INFO:__main__:Completed epoch 42 of 100

INFO:__main__:NLL: 0.0759, L2: 0.0086, Reg: 0.0149
INFO:__main__:Total loss 0.0994
INFO:__main__:Predicted mean: -0.3459
INFO:__main__:Predicted uncertainity -0.7204
INFO:__main__:Completed epoch 43 of 100

INFO:__main__:NLL: -0.0106, L2: 0.0085, Reg: 0.0149
INFO:__main__:Total loss 0.0128
INFO:__main__:Predicted mean: -0.3600
INFO:__main__:Predicted uncertainity -0.7334
INFO:__main__:Completed epoch 44 of 100

INFO:__main__:NLL: 0.2004, L2: 0.0086, Reg: 0.0150
INFO:__main__:Total loss 0.2240
INFO:__main__:Predicted mean: -0.3630
INFO:__main__:Predicted uncertainity -0.7766
INFO:__main__:Completed epoch 45 of 100

INFO:__main__:NLL: 0.1787, L2: 0.0090, Reg: 0.0149
INFO:__main__:Total loss 0.2027
INFO:__main__:Predicted mean: -0.3523
INFO:__main__:Predicted uncertainity -0.7553
INFO:__main__:Completed epoch 46 of 100

INFO:__main__:NLL: 0.0834, L2: 0.0079, Reg: 0.0149
INFO:__main__:Total loss 0.1062
INFO:__main__:Predicted mean: -0.4145
INFO:__main__:Predicted uncertainity -0.7496
INFO:__main__:Completed epoch 47 of 100

INFO:__main__:NLL: 0.3412, L2: 0.0093, Reg: 0.0150
INFO:__main__:Total loss 0.3655
INFO:__main__:Predicted mean: -0.4321
INFO:__main__:Predicted uncertainity -0.6908
INFO:__main__:Completed epoch 48 of 100

INFO:__main__:NLL: 0.0612, L2: 0.0094, Reg: 0.0149
INFO:__main__:Total loss 0.0855
INFO:__main__:Predicted mean: -0.3851
INFO:__main__:Predicted uncertainity -0.8111
INFO:__main__:Completed epoch 49 of 100

INFO:__main__:NLL: 0.0592, L2: 0.0086, Reg: 0.0149
INFO:__main__:Total loss 0.0827
INFO:__main__:Predicted mean: -0.4002
INFO:__main__:Predicted uncertainity -0.6751
INFO:__main__:Completed epoch 50 of 100

INFO:__main__:NLL: 0.0739, L2: 0.0085, Reg: 0.0149
INFO:__main__:Total loss 0.0972
INFO:__main__:Predicted mean: -0.4293
INFO:__main__:Predicted uncertainity -0.8717
INFO:__main__:Completed epoch 51 of 100

INFO:__main__:NLL: 0.1039, L2: 0.0083, Reg: 0.0149
INFO:__main__:Total loss 0.1271
INFO:__main__:Predicted mean: -0.3885
INFO:__main__:Predicted uncertainity -0.8254
INFO:__main__:Completed epoch 52 of 100

INFO:__main__:NLL: 0.2038, L2: 0.0081, Reg: 0.0148
INFO:__main__:Total loss 0.2267
INFO:__main__:Predicted mean: -0.4153
INFO:__main__:Predicted uncertainity -0.7298
INFO:__main__:Completed epoch 53 of 100

INFO:__main__:NLL: 0.0558, L2: 0.0088, Reg: 0.0149
INFO:__main__:Total loss 0.0795
INFO:__main__:Predicted mean: -0.3672
INFO:__main__:Predicted uncertainity -0.7401
INFO:__main__:Completed epoch 54 of 100

INFO:__main__:NLL: 0.0158, L2: 0.0089, Reg: 0.0148
INFO:__main__:Total loss 0.0396
INFO:__main__:Predicted mean: -0.3812
INFO:__main__:Predicted uncertainity -0.7967
INFO:__main__:Completed epoch 55 of 100

INFO:__main__:NLL: 0.1160, L2: 0.0086, Reg: 0.0149
INFO:__main__:Total loss 0.1395
INFO:__main__:Predicted mean: -0.3810
INFO:__main__:Predicted uncertainity -0.7374
INFO:__main__:Completed epoch 56 of 100

INFO:__main__:NLL: 0.0891, L2: 0.0085, Reg: 0.0150
INFO:__main__:Total loss 0.1125
INFO:__main__:Predicted mean: -0.3260
INFO:__main__:Predicted uncertainity -0.8216
INFO:__main__:Completed epoch 57 of 100

INFO:__main__:NLL: 0.1551, L2: 0.0085, Reg: 0.0151
INFO:__main__:Total loss 0.1788
INFO:__main__:Predicted mean: -0.3781
INFO:__main__:Predicted uncertainity -0.8334
INFO:__main__:Completed epoch 58 of 100

INFO:__main__:NLL: 0.1638, L2: 0.0088, Reg: 0.0149
INFO:__main__:Total loss 0.1874
INFO:__main__:Predicted mean: -0.3615
INFO:__main__:Predicted uncertainity -0.7642
INFO:__main__:Completed epoch 59 of 100

INFO:__main__:NLL: 0.0831, L2: 0.0088, Reg: 0.0148
INFO:__main__:Total loss 0.1067
INFO:__main__:Predicted mean: -0.3766
INFO:__main__:Predicted uncertainity -0.5587
INFO:__main__:Completed epoch 60 of 100

INFO:__main__:NLL: 0.0240, L2: 0.0089, Reg: 0.0148
INFO:__main__:Total loss 0.0477
INFO:__main__:Predicted mean: -0.3634
INFO:__main__:Predicted uncertainity -0.6524
INFO:__main__:Completed epoch 61 of 100

INFO:__main__:NLL: 0.1334, L2: 0.0093, Reg: 0.0148
INFO:__main__:Total loss 0.1575
INFO:__main__:Predicted mean: -0.3982
INFO:__main__:Predicted uncertainity -0.8226
INFO:__main__:Completed epoch 62 of 100

INFO:__main__:NLL: 0.1339, L2: 0.0089, Reg: 0.0149
INFO:__main__:Total loss 0.1577
INFO:__main__:Predicted mean: -0.3474
INFO:__main__:Predicted uncertainity -0.7897
INFO:__main__:Completed epoch 63 of 100

INFO:__main__:NLL: 0.0465, L2: 0.0092, Reg: 0.0150
INFO:__main__:Total loss 0.0707
INFO:__main__:Predicted mean: -0.4067
INFO:__main__:Predicted uncertainity -0.8161
INFO:__main__:Completed epoch 64 of 100

INFO:__main__:NLL: -0.0640, L2: 0.0087, Reg: 0.0149
INFO:__main__:Total loss -0.0404
INFO:__main__:Predicted mean: -0.4337
INFO:__main__:Predicted uncertainity -0.7751
INFO:__main__:Completed epoch 65 of 100

INFO:__main__:NLL: 0.1481, L2: 0.0081, Reg: 0.0149
INFO:__main__:Total loss 0.1711
INFO:__main__:Predicted mean: -0.3425
INFO:__main__:Predicted uncertainity -0.7048
INFO:__main__:Completed epoch 66 of 100

INFO:__main__:NLL: 0.0400, L2: 0.0083, Reg: 0.0149
INFO:__main__:Total loss 0.0632
INFO:__main__:Predicted mean: -0.4344
INFO:__main__:Predicted uncertainity -0.7603
INFO:__main__:Completed epoch 67 of 100

INFO:__main__:NLL: 0.0891, L2: 0.0082, Reg: 0.0150
INFO:__main__:Total loss 0.1123
INFO:__main__:Predicted mean: -0.3530
INFO:__main__:Predicted uncertainity -0.7323
INFO:__main__:Completed epoch 68 of 100

INFO:__main__:NLL: 0.0688, L2: 0.0079, Reg: 0.0149
INFO:__main__:Total loss 0.0916
INFO:__main__:Predicted mean: -0.3500
INFO:__main__:Predicted uncertainity -0.7829
INFO:__main__:Completed epoch 69 of 100

INFO:__main__:NLL: -0.0959, L2: 0.0083, Reg: 0.0148
INFO:__main__:Total loss -0.0728
INFO:__main__:Predicted mean: -0.3530
INFO:__main__:Predicted uncertainity -0.7889
INFO:__main__:Completed epoch 70 of 100

INFO:__main__:NLL: 0.0495, L2: 0.0085, Reg: 0.0149
INFO:__main__:Total loss 0.0728
INFO:__main__:Predicted mean: -0.3638
INFO:__main__:Predicted uncertainity -0.7544
INFO:__main__:Completed epoch 71 of 100

INFO:__main__:NLL: 0.1776, L2: 0.0081, Reg: 0.0150
INFO:__main__:Total loss 0.2007
INFO:__main__:Predicted mean: -0.3613
INFO:__main__:Predicted uncertainity -0.7547
INFO:__main__:Completed epoch 72 of 100

INFO:__main__:NLL: -0.0957, L2: 0.0080, Reg: 0.0148
INFO:__main__:Total loss -0.0730
INFO:__main__:Predicted mean: -0.3614
INFO:__main__:Predicted uncertainity -0.7185
INFO:__main__:Completed epoch 73 of 100

INFO:__main__:NLL: 0.0352, L2: 0.0089, Reg: 0.0149
INFO:__main__:Total loss 0.0591
INFO:__main__:Predicted mean: -0.3684
INFO:__main__:Predicted uncertainity -0.9355
INFO:__main__:Completed epoch 74 of 100

INFO:__main__:NLL: 0.1112, L2: 0.0084, Reg: 0.0148
INFO:__main__:Total loss 0.1345
INFO:__main__:Predicted mean: -0.3855
INFO:__main__:Predicted uncertainity -0.6707
INFO:__main__:Completed epoch 75 of 100

INFO:__main__:NLL: -0.0375, L2: 0.0088, Reg: 0.0149
INFO:__main__:Total loss -0.0139
INFO:__main__:Predicted mean: -0.3477
INFO:__main__:Predicted uncertainity -0.7255
INFO:__main__:Completed epoch 76 of 100

INFO:__main__:NLL: 0.1540, L2: 0.0089, Reg: 0.0153
INFO:__main__:Total loss 0.1782
INFO:__main__:Predicted mean: -0.3434
INFO:__main__:Predicted uncertainity -0.6239
INFO:__main__:Completed epoch 77 of 100

INFO:__main__:NLL: 0.0132, L2: 0.0085, Reg: 0.0149
INFO:__main__:Total loss 0.0366
INFO:__main__:Predicted mean: -0.4058
INFO:__main__:Predicted uncertainity -0.7493
INFO:__main__:Completed epoch 78 of 100

INFO:__main__:NLL: 0.1377, L2: 0.0086, Reg: 0.0148
INFO:__main__:Total loss 0.1611
INFO:__main__:Predicted mean: -0.3340
INFO:__main__:Predicted uncertainity -0.7135
INFO:__main__:Completed epoch 79 of 100

INFO:__main__:NLL: 0.0116, L2: 0.0087, Reg: 0.0149
INFO:__main__:Total loss 0.0352
INFO:__main__:Predicted mean: -0.3920
INFO:__main__:Predicted uncertainity -0.7268
INFO:__main__:Completed epoch 80 of 100

INFO:__main__:NLL: -0.0350, L2: 0.0091, Reg: 0.0148
INFO:__main__:Total loss -0.0111
INFO:__main__:Predicted mean: -0.3353
INFO:__main__:Predicted uncertainity -0.6922
INFO:__main__:Completed epoch 81 of 100

INFO:__main__:NLL: 0.0926, L2: 0.0085, Reg: 0.0149
INFO:__main__:Total loss 0.1159
INFO:__main__:Predicted mean: -0.3386
INFO:__main__:Predicted uncertainity -0.6760
INFO:__main__:Completed epoch 82 of 100

INFO:__main__:NLL: 0.3043, L2: 0.0080, Reg: 0.0148
INFO:__main__:Total loss 0.3271
INFO:__main__:Predicted mean: -0.4227
INFO:__main__:Predicted uncertainity -0.7629
INFO:__main__:Completed epoch 83 of 100

INFO:__main__:NLL: -0.0260, L2: 0.0090, Reg: 0.0148
INFO:__main__:Total loss -0.0023
INFO:__main__:Predicted mean: -0.3836
INFO:__main__:Predicted uncertainity -0.7048
INFO:__main__:Completed epoch 84 of 100

INFO:__main__:NLL: 0.0568, L2: 0.0086, Reg: 0.0148
INFO:__main__:Total loss 0.0802
INFO:__main__:Predicted mean: -0.3113
INFO:__main__:Predicted uncertainity -0.8409
INFO:__main__:Completed epoch 85 of 100

INFO:__main__:NLL: -0.0783, L2: 0.0085, Reg: 0.0149
INFO:__main__:Total loss -0.0550
INFO:__main__:Predicted mean: -0.3422
INFO:__main__:Predicted uncertainity -0.7837
INFO:__main__:Completed epoch 86 of 100

INFO:__main__:NLL: 0.0640, L2: 0.0085, Reg: 0.0150
INFO:__main__:Total loss 0.0875
INFO:__main__:Predicted mean: -0.4470
INFO:__main__:Predicted uncertainity -0.7542
INFO:__main__:Completed epoch 87 of 100

INFO:__main__:NLL: 0.2043, L2: 0.0090, Reg: 0.0148
INFO:__main__:Total loss 0.2282
INFO:__main__:Predicted mean: -0.3447
INFO:__main__:Predicted uncertainity -0.8614
INFO:__main__:Completed epoch 88 of 100

INFO:__main__:NLL: 0.3796, L2: 0.0089, Reg: 0.0148
INFO:__main__:Total loss 0.4033
INFO:__main__:Predicted mean: -0.3587
INFO:__main__:Predicted uncertainity -0.7494
INFO:__main__:Completed epoch 89 of 100

INFO:__main__:NLL: 0.1173, L2: 0.0088, Reg: 0.0148
INFO:__main__:Total loss 0.1408
INFO:__main__:Predicted mean: -0.3871
INFO:__main__:Predicted uncertainity -0.6916
INFO:__main__:Completed epoch 90 of 100

INFO:__main__:NLL: 0.0422, L2: 0.0085, Reg: 0.0150
INFO:__main__:Total loss 0.0656
INFO:__main__:Predicted mean: -0.3287
INFO:__main__:Predicted uncertainity -0.7423
INFO:__main__:Completed epoch 91 of 100

INFO:__main__:NLL: 0.1009, L2: 0.0087, Reg: 0.0150
INFO:__main__:Total loss 0.1247
INFO:__main__:Predicted mean: -0.3994
INFO:__main__:Predicted uncertainity -0.7320
INFO:__main__:Completed epoch 92 of 100

INFO:__main__:NLL: 0.1832, L2: 0.0085, Reg: 0.0148
INFO:__main__:Total loss 0.2065
INFO:__main__:Predicted mean: -0.3534
INFO:__main__:Predicted uncertainity -0.7668
INFO:__main__:Completed epoch 93 of 100

INFO:__main__:NLL: 0.3177, L2: 0.0087, Reg: 0.0151
INFO:__main__:Total loss 0.3415
INFO:__main__:Predicted mean: -0.4098
INFO:__main__:Predicted uncertainity -0.8402
INFO:__main__:Completed epoch 94 of 100

INFO:__main__:NLL: 0.1177, L2: 0.0083, Reg: 0.0149
INFO:__main__:Total loss 0.1409
INFO:__main__:Predicted mean: -0.3637
INFO:__main__:Predicted uncertainity -0.7623
INFO:__main__:Completed epoch 95 of 100

INFO:__main__:NLL: 0.1057, L2: 0.0089, Reg: 0.0149
INFO:__main__:Total loss 0.1294
INFO:__main__:Predicted mean: -0.3807
INFO:__main__:Predicted uncertainity -0.7370
INFO:__main__:Completed epoch 96 of 100

INFO:__main__:NLL: 0.1538, L2: 0.0092, Reg: 0.0151
INFO:__main__:Total loss 0.1781
INFO:__main__:Predicted mean: -0.3698
INFO:__main__:Predicted uncertainity -0.7391
INFO:__main__:Completed epoch 97 of 100

INFO:__main__:NLL: 0.0221, L2: 0.0091, Reg: 0.0148
INFO:__main__:Total loss 0.0460
INFO:__main__:Predicted mean: -0.3257
INFO:__main__:Predicted uncertainity -0.7407
INFO:__main__:Completed epoch 98 of 100

INFO:__main__:NLL: -0.1289, L2: 0.0090, Reg: 0.0150
INFO:__main__:Total loss -0.1049
INFO:__main__:Predicted mean: -0.3237
INFO:__main__:Predicted uncertainity -0.8176
INFO:__main__:Completed epoch 99 of 100

INFO:__main__:NLL: 0.0598, L2: 0.0084, Reg: 0.0149
INFO:__main__:Total loss 0.0830
INFO:__main__:Predicted mean: -0.3890
INFO:__main__:Predicted uncertainity -0.7818
INFO:__main__:Completed epoch 100 of 100

INFO:__main__:710.276880 s
