INFO:__main__:PROCESS RUNNING ON cpu
INFO:__main__:NLL: 0.0439, L2: 0.0068, Reg: 0.0011
INFO:__main__:Total loss 0.0518
INFO:__main__:Predicted mean: -0.4508
INFO:__main__:Predicted uncertainity -0.7653
INFO:__main__:Completed epoch 1 of 100

INFO:__main__:NLL: 0.1169, L2: 0.0073, Reg: 0.0011
INFO:__main__:Total loss 0.1253
INFO:__main__:Predicted mean: -0.3781
INFO:__main__:Predicted uncertainity -0.7864
INFO:__main__:Completed epoch 2 of 100

INFO:__main__:NLL: 0.1312, L2: 0.0081, Reg: 0.0010
INFO:__main__:Total loss 0.1404
INFO:__main__:Predicted mean: -0.3852
INFO:__main__:Predicted uncertainity -0.7090
INFO:__main__:Completed epoch 3 of 100

INFO:__main__:NLL: -0.1589, L2: 0.0079, Reg: 0.0012
INFO:__main__:Total loss -0.1497
INFO:__main__:Predicted mean: -0.4435
INFO:__main__:Predicted uncertainity -0.8499
INFO:__main__:Completed epoch 4 of 100

INFO:__main__:NLL: 0.2178, L2: 0.0076, Reg: 0.0009
INFO:__main__:Total loss 0.2263
INFO:__main__:Predicted mean: -0.3750
INFO:__main__:Predicted uncertainity -0.7534
INFO:__main__:Completed epoch 5 of 100

INFO:__main__:NLL: 0.0145, L2: 0.0078, Reg: 0.0010
INFO:__main__:Total loss 0.0233
INFO:__main__:Predicted mean: -0.3434
INFO:__main__:Predicted uncertainity -0.6240
INFO:__main__:Completed epoch 6 of 100

INFO:__main__:NLL: -0.1092, L2: 0.0082, Reg: 0.0010
INFO:__main__:Total loss -0.1001
INFO:__main__:Predicted mean: -0.3666
INFO:__main__:Predicted uncertainity -0.7708
INFO:__main__:Completed epoch 7 of 100

INFO:__main__:NLL: 0.2890, L2: 0.0080, Reg: 0.0012
INFO:__main__:Total loss 0.2982
INFO:__main__:Predicted mean: -0.4822
INFO:__main__:Predicted uncertainity -0.7855
INFO:__main__:Completed epoch 8 of 100

INFO:__main__:NLL: 0.0398, L2: 0.0084, Reg: 0.0010
INFO:__main__:Total loss 0.0492
INFO:__main__:Predicted mean: -0.4086
INFO:__main__:Predicted uncertainity -0.8369
INFO:__main__:Completed epoch 9 of 100

INFO:__main__:NLL: 0.1809, L2: 0.0084, Reg: 0.0010
INFO:__main__:Total loss 0.1903
INFO:__main__:Predicted mean: -0.3569
INFO:__main__:Predicted uncertainity -0.7199
INFO:__main__:Completed epoch 10 of 100

INFO:__main__:NLL: 0.1063, L2: 0.0091, Reg: 0.0008
INFO:__main__:Total loss 0.1163
INFO:__main__:Predicted mean: -0.4133
INFO:__main__:Predicted uncertainity -0.7700
INFO:__main__:Completed epoch 11 of 100

INFO:__main__:NLL: 0.1174, L2: 0.0086, Reg: 0.0010
INFO:__main__:Total loss 0.1270
INFO:__main__:Predicted mean: -0.4303
INFO:__main__:Predicted uncertainity -0.7207
INFO:__main__:Completed epoch 12 of 100

INFO:__main__:NLL: 0.0394, L2: 0.0084, Reg: 0.0009
INFO:__main__:Total loss 0.0488
INFO:__main__:Predicted mean: -0.3705
INFO:__main__:Predicted uncertainity -0.7052
INFO:__main__:Completed epoch 13 of 100

INFO:__main__:NLL: 0.0326, L2: 0.0083, Reg: 0.0009
INFO:__main__:Total loss 0.0419
INFO:__main__:Predicted mean: -0.4110
INFO:__main__:Predicted uncertainity -0.7563
INFO:__main__:Completed epoch 14 of 100

INFO:__main__:NLL: 0.0648, L2: 0.0086, Reg: 0.0009
INFO:__main__:Total loss 0.0744
INFO:__main__:Predicted mean: -0.3460
INFO:__main__:Predicted uncertainity -0.8193
INFO:__main__:Completed epoch 15 of 100

INFO:__main__:NLL: 0.0915, L2: 0.0079, Reg: 0.0011
INFO:__main__:Total loss 0.1005
INFO:__main__:Predicted mean: -0.4245
INFO:__main__:Predicted uncertainity -0.7005
INFO:__main__:Completed epoch 16 of 100

INFO:__main__:NLL: 0.0518, L2: 0.0089, Reg: 0.0009
INFO:__main__:Total loss 0.0616
INFO:__main__:Predicted mean: -0.3572
INFO:__main__:Predicted uncertainity -0.8354
INFO:__main__:Completed epoch 17 of 100

INFO:__main__:NLL: 0.0565, L2: 0.0087, Reg: 0.0011
INFO:__main__:Total loss 0.0663
INFO:__main__:Predicted mean: -0.3975
INFO:__main__:Predicted uncertainity -0.7848
INFO:__main__:Completed epoch 18 of 100

INFO:__main__:NLL: -0.0213, L2: 0.0091, Reg: 0.0010
INFO:__main__:Total loss -0.0111
INFO:__main__:Predicted mean: -0.3252
INFO:__main__:Predicted uncertainity -0.7730
INFO:__main__:Completed epoch 19 of 100

INFO:__main__:NLL: -0.0050, L2: 0.0087, Reg: 0.0010
INFO:__main__:Total loss 0.0047
INFO:__main__:Predicted mean: -0.3909
INFO:__main__:Predicted uncertainity -0.7895
INFO:__main__:Completed epoch 20 of 100

INFO:__main__:NLL: 0.0310, L2: 0.0086, Reg: 0.0009
INFO:__main__:Total loss 0.0404
INFO:__main__:Predicted mean: -0.3655
INFO:__main__:Predicted uncertainity -0.6510
INFO:__main__:Completed epoch 21 of 100

INFO:__main__:NLL: 0.1814, L2: 0.0088, Reg: 0.0010
INFO:__main__:Total loss 0.1912
INFO:__main__:Predicted mean: -0.3629
INFO:__main__:Predicted uncertainity -0.7844
INFO:__main__:Completed epoch 22 of 100

INFO:__main__:NLL: 0.4381, L2: 0.0088, Reg: 0.0011
INFO:__main__:Total loss 0.4480
INFO:__main__:Predicted mean: -0.3665
INFO:__main__:Predicted uncertainity -0.8325
INFO:__main__:Completed epoch 23 of 100

INFO:__main__:NLL: -0.0027, L2: 0.0082, Reg: 0.0012
INFO:__main__:Total loss 0.0068
INFO:__main__:Predicted mean: -0.3609
INFO:__main__:Predicted uncertainity -0.6606
INFO:__main__:Completed epoch 24 of 100

INFO:__main__:NLL: 0.0189, L2: 0.0087, Reg: 0.0008
INFO:__main__:Total loss 0.0284
INFO:__main__:Predicted mean: -0.3448
INFO:__main__:Predicted uncertainity -0.7220
INFO:__main__:Completed epoch 25 of 100

INFO:__main__:NLL: 0.1447, L2: 0.0089, Reg: 0.0011
INFO:__main__:Total loss 0.1546
INFO:__main__:Predicted mean: -0.4071
INFO:__main__:Predicted uncertainity -0.7026
INFO:__main__:Completed epoch 26 of 100

INFO:__main__:NLL: 0.0399, L2: 0.0082, Reg: 0.0009
INFO:__main__:Total loss 0.0490
INFO:__main__:Predicted mean: -0.3156
INFO:__main__:Predicted uncertainity -0.7045
INFO:__main__:Completed epoch 27 of 100

INFO:__main__:NLL: -0.0738, L2: 0.0084, Reg: 0.0011
INFO:__main__:Total loss -0.0643
INFO:__main__:Predicted mean: -0.3652
INFO:__main__:Predicted uncertainity -0.8643
INFO:__main__:Completed epoch 28 of 100

INFO:__main__:NLL: 0.1598, L2: 0.0084, Reg: 0.0010
INFO:__main__:Total loss 0.1692
INFO:__main__:Predicted mean: -0.3849
INFO:__main__:Predicted uncertainity -0.7937
INFO:__main__:Completed epoch 29 of 100

INFO:__main__:NLL: 0.0709, L2: 0.0090, Reg: 0.0008
INFO:__main__:Total loss 0.0807
INFO:__main__:Predicted mean: -0.4173
INFO:__main__:Predicted uncertainity -0.7335
INFO:__main__:Completed epoch 30 of 100

INFO:__main__:NLL: -0.0944, L2: 0.0088, Reg: 0.0009
INFO:__main__:Total loss -0.0847
INFO:__main__:Predicted mean: -0.3252
INFO:__main__:Predicted uncertainity -0.7770
INFO:__main__:Completed epoch 31 of 100

INFO:__main__:NLL: 0.0558, L2: 0.0088, Reg: 0.0010
INFO:__main__:Total loss 0.0656
INFO:__main__:Predicted mean: -0.3360
INFO:__main__:Predicted uncertainity -0.8368
INFO:__main__:Completed epoch 32 of 100

INFO:__main__:NLL: 0.2402, L2: 0.0087, Reg: 0.0012
INFO:__main__:Total loss 0.2501
INFO:__main__:Predicted mean: -0.4178
INFO:__main__:Predicted uncertainity -0.8296
INFO:__main__:Completed epoch 33 of 100

INFO:__main__:NLL: 0.1152, L2: 0.0090, Reg: 0.0010
INFO:__main__:Total loss 0.1252
INFO:__main__:Predicted mean: -0.3416
INFO:__main__:Predicted uncertainity -0.7647
INFO:__main__:Completed epoch 34 of 100

INFO:__main__:NLL: 0.0853, L2: 0.0089, Reg: 0.0010
INFO:__main__:Total loss 0.0952
INFO:__main__:Predicted mean: -0.3669
INFO:__main__:Predicted uncertainity -0.7947
INFO:__main__:Completed epoch 35 of 100

INFO:__main__:NLL: 0.0791, L2: 0.0086, Reg: 0.0010
INFO:__main__:Total loss 0.0888
INFO:__main__:Predicted mean: -0.3613
INFO:__main__:Predicted uncertainity -0.8472
INFO:__main__:Completed epoch 36 of 100

INFO:__main__:NLL: 0.3464, L2: 0.0087, Reg: 0.0010
INFO:__main__:Total loss 0.3561
INFO:__main__:Predicted mean: -0.4096
INFO:__main__:Predicted uncertainity -0.7701
INFO:__main__:Completed epoch 37 of 100

INFO:__main__:NLL: -0.0656, L2: 0.0088, Reg: 0.0012
INFO:__main__:Total loss -0.0556
INFO:__main__:Predicted mean: -0.3245
INFO:__main__:Predicted uncertainity -0.8625
INFO:__main__:Completed epoch 38 of 100

INFO:__main__:NLL: 0.1975, L2: 0.0093, Reg: 0.0010
INFO:__main__:Total loss 0.2078
INFO:__main__:Predicted mean: -0.4771
INFO:__main__:Predicted uncertainity -0.8189
INFO:__main__:Completed epoch 39 of 100

INFO:__main__:NLL: 0.0215, L2: 0.0090, Reg: 0.0009
INFO:__main__:Total loss 0.0315
INFO:__main__:Predicted mean: -0.3614
INFO:__main__:Predicted uncertainity -0.7566
INFO:__main__:Completed epoch 40 of 100

INFO:__main__:NLL: 0.0670, L2: 0.0090, Reg: 0.0010
INFO:__main__:Total loss 0.0770
INFO:__main__:Predicted mean: -0.3287
INFO:__main__:Predicted uncertainity -0.6906
INFO:__main__:Completed epoch 41 of 100

INFO:__main__:NLL: 0.4743, L2: 0.0085, Reg: 0.0011
INFO:__main__:Total loss 0.4839
INFO:__main__:Predicted mean: -0.4137
INFO:__main__:Predicted uncertainity -0.7895
INFO:__main__:Completed epoch 42 of 100

INFO:__main__:NLL: 0.0775, L2: 0.0081, Reg: 0.0010
INFO:__main__:Total loss 0.0865
INFO:__main__:Predicted mean: -0.3867
INFO:__main__:Predicted uncertainity -0.7255
INFO:__main__:Completed epoch 43 of 100

INFO:__main__:NLL: 0.0332, L2: 0.0087, Reg: 0.0010
INFO:__main__:Total loss 0.0429
INFO:__main__:Predicted mean: -0.3213
INFO:__main__:Predicted uncertainity -0.7562
INFO:__main__:Completed epoch 44 of 100

INFO:__main__:NLL: 0.1187, L2: 0.0082, Reg: 0.0011
INFO:__main__:Total loss 0.1281
INFO:__main__:Predicted mean: -0.3532
INFO:__main__:Predicted uncertainity -0.8111
INFO:__main__:Completed epoch 45 of 100

INFO:__main__:NLL: 0.0962, L2: 0.0081, Reg: 0.0010
INFO:__main__:Total loss 0.1054
INFO:__main__:Predicted mean: -0.3382
INFO:__main__:Predicted uncertainity -0.7107
INFO:__main__:Completed epoch 46 of 100

INFO:__main__:NLL: 0.0906, L2: 0.0080, Reg: 0.0011
INFO:__main__:Total loss 0.0997
INFO:__main__:Predicted mean: -0.3989
INFO:__main__:Predicted uncertainity -0.8241
INFO:__main__:Completed epoch 47 of 100

INFO:__main__:NLL: 0.2857, L2: 0.0083, Reg: 0.0011
INFO:__main__:Total loss 0.2951
INFO:__main__:Predicted mean: -0.4118
INFO:__main__:Predicted uncertainity -0.7003
INFO:__main__:Completed epoch 48 of 100

INFO:__main__:NLL: 0.0033, L2: 0.0088, Reg: 0.0011
INFO:__main__:Total loss 0.0132
INFO:__main__:Predicted mean: -0.3691
INFO:__main__:Predicted uncertainity -0.7804
INFO:__main__:Completed epoch 49 of 100

INFO:__main__:NLL: 0.0079, L2: 0.0088, Reg: 0.0010
INFO:__main__:Total loss 0.0177
INFO:__main__:Predicted mean: -0.4072
INFO:__main__:Predicted uncertainity -0.7025
INFO:__main__:Completed epoch 50 of 100

INFO:__main__:NLL: 0.2231, L2: 0.0089, Reg: 0.0012
INFO:__main__:Total loss 0.2332
INFO:__main__:Predicted mean: -0.4411
INFO:__main__:Predicted uncertainity -0.8875
INFO:__main__:Completed epoch 51 of 100

INFO:__main__:NLL: 0.1134, L2: 0.0093, Reg: 0.0012
INFO:__main__:Total loss 0.1239
INFO:__main__:Predicted mean: -0.3876
INFO:__main__:Predicted uncertainity -0.7744
INFO:__main__:Completed epoch 52 of 100

INFO:__main__:NLL: 0.2219, L2: 0.0094, Reg: 0.0009
INFO:__main__:Total loss 0.2322
INFO:__main__:Predicted mean: -0.4216
INFO:__main__:Predicted uncertainity -0.7539
INFO:__main__:Completed epoch 53 of 100

INFO:__main__:NLL: 0.0714, L2: 0.0086, Reg: 0.0009
INFO:__main__:Total loss 0.0809
INFO:__main__:Predicted mean: -0.3561
INFO:__main__:Predicted uncertainity -0.7703
INFO:__main__:Completed epoch 54 of 100

INFO:__main__:NLL: 0.1241, L2: 0.0089, Reg: 0.0010
INFO:__main__:Total loss 0.1341
INFO:__main__:Predicted mean: -0.4153
INFO:__main__:Predicted uncertainity -0.7690
INFO:__main__:Completed epoch 55 of 100

INFO:__main__:NLL: 0.0883, L2: 0.0087, Reg: 0.0010
INFO:__main__:Total loss 0.0979
INFO:__main__:Predicted mean: -0.3726
INFO:__main__:Predicted uncertainity -0.7840
INFO:__main__:Completed epoch 56 of 100

INFO:__main__:NLL: 0.1057, L2: 0.0084, Reg: 0.0010
INFO:__main__:Total loss 0.1151
INFO:__main__:Predicted mean: -0.3150
INFO:__main__:Predicted uncertainity -0.8170
INFO:__main__:Completed epoch 57 of 100

INFO:__main__:NLL: 0.1132, L2: 0.0084, Reg: 0.0011
INFO:__main__:Total loss 0.1227
INFO:__main__:Predicted mean: -0.3677
INFO:__main__:Predicted uncertainity -0.6858
INFO:__main__:Completed epoch 58 of 100

INFO:__main__:NLL: 0.0937, L2: 0.0083, Reg: 0.0011
INFO:__main__:Total loss 0.1030
INFO:__main__:Predicted mean: -0.3628
INFO:__main__:Predicted uncertainity -0.7796
INFO:__main__:Completed epoch 59 of 100

INFO:__main__:NLL: 0.0315, L2: 0.0085, Reg: 0.0010
INFO:__main__:Total loss 0.0410
INFO:__main__:Predicted mean: -0.4048
INFO:__main__:Predicted uncertainity -0.6139
INFO:__main__:Completed epoch 60 of 100

INFO:__main__:NLL: -0.0072, L2: 0.0087, Reg: 0.0010
INFO:__main__:Total loss 0.0025
INFO:__main__:Predicted mean: -0.3916
INFO:__main__:Predicted uncertainity -0.6733
INFO:__main__:Completed epoch 61 of 100

INFO:__main__:NLL: 0.1860, L2: 0.0090, Reg: 0.0009
INFO:__main__:Total loss 0.1959
INFO:__main__:Predicted mean: -0.3838
INFO:__main__:Predicted uncertainity -0.8150
INFO:__main__:Completed epoch 62 of 100

INFO:__main__:NLL: 0.1360, L2: 0.0091, Reg: 0.0011
INFO:__main__:Total loss 0.1463
INFO:__main__:Predicted mean: -0.3719
INFO:__main__:Predicted uncertainity -0.7644
INFO:__main__:Completed epoch 63 of 100

INFO:__main__:NLL: 0.2167, L2: 0.0092, Reg: 0.0011
INFO:__main__:Total loss 0.2270
INFO:__main__:Predicted mean: -0.4041
INFO:__main__:Predicted uncertainity -0.8284
INFO:__main__:Completed epoch 64 of 100

INFO:__main__:NLL: -0.0432, L2: 0.0093, Reg: 0.0010
INFO:__main__:Total loss -0.0329
INFO:__main__:Predicted mean: -0.4122
INFO:__main__:Predicted uncertainity -0.8326
INFO:__main__:Completed epoch 65 of 100

INFO:__main__:NLL: 0.1216, L2: 0.0087, Reg: 0.0009
INFO:__main__:Total loss 0.1312
INFO:__main__:Predicted mean: -0.3656
INFO:__main__:Predicted uncertainity -0.6975
INFO:__main__:Completed epoch 66 of 100

INFO:__main__:NLL: 0.0336, L2: 0.0087, Reg: 0.0011
INFO:__main__:Total loss 0.0434
INFO:__main__:Predicted mean: -0.4263
INFO:__main__:Predicted uncertainity -0.7595
INFO:__main__:Completed epoch 67 of 100

INFO:__main__:NLL: 0.1436, L2: 0.0090, Reg: 0.0010
INFO:__main__:Total loss 0.1537
INFO:__main__:Predicted mean: -0.3587
INFO:__main__:Predicted uncertainity -0.7537
INFO:__main__:Completed epoch 68 of 100

INFO:__main__:NLL: 0.0767, L2: 0.0091, Reg: 0.0010
INFO:__main__:Total loss 0.0868
INFO:__main__:Predicted mean: -0.3572
INFO:__main__:Predicted uncertainity -0.7578
INFO:__main__:Completed epoch 69 of 100

INFO:__main__:NLL: -0.0641, L2: 0.0088, Reg: 0.0011
INFO:__main__:Total loss -0.0542
INFO:__main__:Predicted mean: -0.3687
INFO:__main__:Predicted uncertainity -0.8126
INFO:__main__:Completed epoch 70 of 100

INFO:__main__:NLL: 0.0745, L2: 0.0086, Reg: 0.0011
INFO:__main__:Total loss 0.0842
INFO:__main__:Predicted mean: -0.3770
INFO:__main__:Predicted uncertainity -0.7512
INFO:__main__:Completed epoch 71 of 100

INFO:__main__:NLL: 0.1084, L2: 0.0087, Reg: 0.0011
INFO:__main__:Total loss 0.1182
INFO:__main__:Predicted mean: -0.3387
INFO:__main__:Predicted uncertainity -0.7415
INFO:__main__:Completed epoch 72 of 100

INFO:__main__:NLL: -0.0262, L2: 0.0088, Reg: 0.0010
INFO:__main__:Total loss -0.0164
INFO:__main__:Predicted mean: -0.3865
INFO:__main__:Predicted uncertainity -0.7495
INFO:__main__:Completed epoch 73 of 100

INFO:__main__:NLL: 0.0867, L2: 0.0088, Reg: 0.0011
INFO:__main__:Total loss 0.0965
INFO:__main__:Predicted mean: -0.3761
INFO:__main__:Predicted uncertainity -0.9191
INFO:__main__:Completed epoch 74 of 100

INFO:__main__:NLL: 0.1856, L2: 0.0088, Reg: 0.0010
INFO:__main__:Total loss 0.1953
INFO:__main__:Predicted mean: -0.4193
INFO:__main__:Predicted uncertainity -0.6848
INFO:__main__:Completed epoch 75 of 100

INFO:__main__:NLL: 0.0225, L2: 0.0091, Reg: 0.0011
INFO:__main__:Total loss 0.0328
INFO:__main__:Predicted mean: -0.3986
INFO:__main__:Predicted uncertainity -0.7531
INFO:__main__:Completed epoch 76 of 100

INFO:__main__:NLL: 0.1884, L2: 0.0086, Reg: 0.0012
INFO:__main__:Total loss 0.1982
INFO:__main__:Predicted mean: -0.3356
INFO:__main__:Predicted uncertainity -0.7248
INFO:__main__:Completed epoch 77 of 100

INFO:__main__:NLL: -0.0866, L2: 0.0085, Reg: 0.0011
INFO:__main__:Total loss -0.0769
INFO:__main__:Predicted mean: -0.4031
INFO:__main__:Predicted uncertainity -0.7868
INFO:__main__:Completed epoch 78 of 100

INFO:__main__:NLL: 0.1381, L2: 0.0087, Reg: 0.0011
INFO:__main__:Total loss 0.1478
INFO:__main__:Predicted mean: -0.3659
INFO:__main__:Predicted uncertainity -0.7190
INFO:__main__:Completed epoch 79 of 100

INFO:__main__:NLL: 0.0205, L2: 0.0087, Reg: 0.0011
INFO:__main__:Total loss 0.0302
INFO:__main__:Predicted mean: -0.3980
INFO:__main__:Predicted uncertainity -0.7211
INFO:__main__:Completed epoch 80 of 100

INFO:__main__:NLL: -0.0254, L2: 0.0090, Reg: 0.0010
INFO:__main__:Total loss -0.0154
INFO:__main__:Predicted mean: -0.3431
INFO:__main__:Predicted uncertainity -0.7875
INFO:__main__:Completed epoch 81 of 100

INFO:__main__:NLL: 0.0983, L2: 0.0085, Reg: 0.0010
INFO:__main__:Total loss 0.1078
INFO:__main__:Predicted mean: -0.3242
INFO:__main__:Predicted uncertainity -0.8042
INFO:__main__:Completed epoch 82 of 100

INFO:__main__:NLL: 0.3322, L2: 0.0083, Reg: 0.0010
INFO:__main__:Total loss 0.3415
INFO:__main__:Predicted mean: -0.4257
INFO:__main__:Predicted uncertainity -0.7732
INFO:__main__:Completed epoch 83 of 100

INFO:__main__:NLL: -0.0081, L2: 0.0092, Reg: 0.0008
INFO:__main__:Total loss 0.0020
INFO:__main__:Predicted mean: -0.3781
INFO:__main__:Predicted uncertainity -0.7260
INFO:__main__:Completed epoch 84 of 100

INFO:__main__:NLL: 0.1794, L2: 0.0088, Reg: 0.0009
INFO:__main__:Total loss 0.1891
INFO:__main__:Predicted mean: -0.3168
INFO:__main__:Predicted uncertainity -0.7387
INFO:__main__:Completed epoch 85 of 100

INFO:__main__:NLL: -0.0500, L2: 0.0085, Reg: 0.0010
INFO:__main__:Total loss -0.0404
INFO:__main__:Predicted mean: -0.3218
INFO:__main__:Predicted uncertainity -0.7675
INFO:__main__:Completed epoch 86 of 100

INFO:__main__:NLL: 0.0455, L2: 0.0086, Reg: 0.0011
INFO:__main__:Total loss 0.0552
INFO:__main__:Predicted mean: -0.4162
INFO:__main__:Predicted uncertainity -0.7377
INFO:__main__:Completed epoch 87 of 100

INFO:__main__:NLL: 0.1337, L2: 0.0093, Reg: 0.0010
INFO:__main__:Total loss 0.1441
INFO:__main__:Predicted mean: -0.3020
INFO:__main__:Predicted uncertainity -0.8139
INFO:__main__:Completed epoch 88 of 100

INFO:__main__:NLL: 0.4222, L2: 0.0089, Reg: 0.0009
INFO:__main__:Total loss 0.4320
INFO:__main__:Predicted mean: -0.3565
INFO:__main__:Predicted uncertainity -0.7693
INFO:__main__:Completed epoch 89 of 100

INFO:__main__:NLL: 0.1578, L2: 0.0089, Reg: 0.0010
INFO:__main__:Total loss 0.1676
INFO:__main__:Predicted mean: -0.3440
INFO:__main__:Predicted uncertainity -0.6622
INFO:__main__:Completed epoch 90 of 100

INFO:__main__:NLL: 0.1007, L2: 0.0087, Reg: 0.0011
INFO:__main__:Total loss 0.1104
INFO:__main__:Predicted mean: -0.3482
INFO:__main__:Predicted uncertainity -0.6896
INFO:__main__:Completed epoch 91 of 100

INFO:__main__:NLL: -0.0101, L2: 0.0088, Reg: 0.0011
INFO:__main__:Total loss -0.0002
INFO:__main__:Predicted mean: -0.3990
INFO:__main__:Predicted uncertainity -0.7411
INFO:__main__:Completed epoch 92 of 100

INFO:__main__:NLL: 0.2638, L2: 0.0087, Reg: 0.0009
INFO:__main__:Total loss 0.2734
INFO:__main__:Predicted mean: -0.3834
INFO:__main__:Predicted uncertainity -0.7826
INFO:__main__:Completed epoch 93 of 100

INFO:__main__:NLL: 0.2557, L2: 0.0090, Reg: 0.0012
INFO:__main__:Total loss 0.2659
INFO:__main__:Predicted mean: -0.3915
INFO:__main__:Predicted uncertainity -0.8070
INFO:__main__:Completed epoch 94 of 100

INFO:__main__:NLL: 0.1315, L2: 0.0085, Reg: 0.0011
INFO:__main__:Total loss 0.1410
INFO:__main__:Predicted mean: -0.3814
INFO:__main__:Predicted uncertainity -0.7694
INFO:__main__:Completed epoch 95 of 100

INFO:__main__:NLL: 0.1964, L2: 0.0084, Reg: 0.0010
INFO:__main__:Total loss 0.2058
INFO:__main__:Predicted mean: -0.3915
INFO:__main__:Predicted uncertainity -0.7114
INFO:__main__:Completed epoch 96 of 100

INFO:__main__:NLL: 0.0782, L2: 0.0091, Reg: 0.0014
INFO:__main__:Total loss 0.0887
INFO:__main__:Predicted mean: -0.3444
INFO:__main__:Predicted uncertainity -0.7333
INFO:__main__:Completed epoch 97 of 100

INFO:__main__:NLL: -0.0204, L2: 0.0090, Reg: 0.0010
INFO:__main__:Total loss -0.0105
INFO:__main__:Predicted mean: -0.3648
INFO:__main__:Predicted uncertainity -0.7149
INFO:__main__:Completed epoch 98 of 100

INFO:__main__:NLL: -0.1343, L2: 0.0090, Reg: 0.0012
INFO:__main__:Total loss -0.1241
INFO:__main__:Predicted mean: -0.3743
INFO:__main__:Predicted uncertainity -0.8434
INFO:__main__:Completed epoch 99 of 100

INFO:__main__:NLL: 0.0986, L2: 0.0089, Reg: 0.0011
INFO:__main__:Total loss 0.1086
INFO:__main__:Predicted mean: -0.3947
INFO:__main__:Predicted uncertainity -0.7650
INFO:__main__:Completed epoch 100 of 100

INFO:__main__:821.113240 s
