INFO:__main__:PROCESS RUNNING ON cpu
INFO:__main__:NLL: 0.0180, L2: 0.0248, Reg: 0.0579
INFO:__main__:Total loss 0.1007
INFO:__main__:Predicted mean: -0.4300
INFO:__main__:Predicted uncertainity -0.7925
INFO:__main__:Completed epoch 1 of 100

INFO:__main__:NLL: 0.1268, L2: 0.0243, Reg: 0.0579
INFO:__main__:Total loss 0.2090
INFO:__main__:Predicted mean: -0.3913
INFO:__main__:Predicted uncertainity -0.7557
INFO:__main__:Completed epoch 2 of 100

INFO:__main__:NLL: 0.1695, L2: 0.0265, Reg: 0.0579
INFO:__main__:Total loss 0.2539
INFO:__main__:Predicted mean: -0.3498
INFO:__main__:Predicted uncertainity -0.7540
INFO:__main__:Completed epoch 3 of 100

INFO:__main__:NLL: -0.0802, L2: 0.0253, Reg: 0.0579
INFO:__main__:Total loss 0.0030
INFO:__main__:Predicted mean: -0.4323
INFO:__main__:Predicted uncertainity -0.8254
INFO:__main__:Completed epoch 4 of 100

INFO:__main__:NLL: 0.0872, L2: 0.0268, Reg: 0.0579
INFO:__main__:Total loss 0.1719
INFO:__main__:Predicted mean: -0.3389
INFO:__main__:Predicted uncertainity -0.8003
INFO:__main__:Completed epoch 5 of 100

INFO:__main__:NLL: -0.0211, L2: 0.0257, Reg: 0.0579
INFO:__main__:Total loss 0.0625
INFO:__main__:Predicted mean: -0.3712
INFO:__main__:Predicted uncertainity -0.6621
INFO:__main__:Completed epoch 6 of 100

INFO:__main__:NLL: -0.0826, L2: 0.0267, Reg: 0.0579
INFO:__main__:Total loss 0.0020
INFO:__main__:Predicted mean: -0.3478
INFO:__main__:Predicted uncertainity -0.7108
INFO:__main__:Completed epoch 7 of 100

INFO:__main__:NLL: 0.2995, L2: 0.0282, Reg: 0.0579
INFO:__main__:Total loss 0.3856
INFO:__main__:Predicted mean: -0.4310
INFO:__main__:Predicted uncertainity -0.8913
INFO:__main__:Completed epoch 8 of 100

INFO:__main__:NLL: 0.0799, L2: 0.0271, Reg: 0.0579
INFO:__main__:Total loss 0.1649
INFO:__main__:Predicted mean: -0.4721
INFO:__main__:Predicted uncertainity -0.9022
INFO:__main__:Completed epoch 9 of 100

INFO:__main__:NLL: 0.3074, L2: 0.0262, Reg: 0.0579
INFO:__main__:Total loss 0.3915
INFO:__main__:Predicted mean: -0.3836
INFO:__main__:Predicted uncertainity -0.7574
INFO:__main__:Completed epoch 10 of 100

INFO:__main__:NLL: 0.0549, L2: 0.0258, Reg: 0.0579
INFO:__main__:Total loss 0.1386
INFO:__main__:Predicted mean: -0.4250
INFO:__main__:Predicted uncertainity -0.7774
INFO:__main__:Completed epoch 11 of 100

INFO:__main__:NLL: 0.1853, L2: 0.0245, Reg: 0.0579
INFO:__main__:Total loss 0.2678
INFO:__main__:Predicted mean: -0.4671
INFO:__main__:Predicted uncertainity -0.7250
INFO:__main__:Completed epoch 12 of 100

INFO:__main__:NLL: 0.0480, L2: 0.0246, Reg: 0.0579
INFO:__main__:Total loss 0.1305
INFO:__main__:Predicted mean: -0.3759
INFO:__main__:Predicted uncertainity -0.6955
INFO:__main__:Completed epoch 13 of 100

INFO:__main__:NLL: 0.0948, L2: 0.0247, Reg: 0.0579
INFO:__main__:Total loss 0.1775
INFO:__main__:Predicted mean: -0.3684
INFO:__main__:Predicted uncertainity -0.7308
INFO:__main__:Completed epoch 14 of 100

INFO:__main__:NLL: 0.0796, L2: 0.0256, Reg: 0.0579
INFO:__main__:Total loss 0.1631
INFO:__main__:Predicted mean: -0.3467
INFO:__main__:Predicted uncertainity -0.7990
INFO:__main__:Completed epoch 15 of 100

INFO:__main__:NLL: 0.1216, L2: 0.0263, Reg: 0.0579
INFO:__main__:Total loss 0.2058
INFO:__main__:Predicted mean: -0.3838
INFO:__main__:Predicted uncertainity -0.7650
INFO:__main__:Completed epoch 16 of 100

INFO:__main__:NLL: 0.0282, L2: 0.0286, Reg: 0.0579
INFO:__main__:Total loss 0.1147
INFO:__main__:Predicted mean: -0.3791
INFO:__main__:Predicted uncertainity -0.8113
INFO:__main__:Completed epoch 17 of 100

INFO:__main__:NLL: 0.1352, L2: 0.0303, Reg: 0.0579
INFO:__main__:Total loss 0.2234
INFO:__main__:Predicted mean: -0.3900
INFO:__main__:Predicted uncertainity -0.7335
INFO:__main__:Completed epoch 18 of 100

INFO:__main__:NLL: 0.0588, L2: 0.0276, Reg: 0.0579
INFO:__main__:Total loss 0.1444
INFO:__main__:Predicted mean: -0.4226
INFO:__main__:Predicted uncertainity -0.7965
INFO:__main__:Completed epoch 19 of 100

INFO:__main__:NLL: 0.0557, L2: 0.0290, Reg: 0.0579
INFO:__main__:Total loss 0.1426
INFO:__main__:Predicted mean: -0.4023
INFO:__main__:Predicted uncertainity -0.7476
INFO:__main__:Completed epoch 20 of 100

INFO:__main__:NLL: 0.1061, L2: 0.0281, Reg: 0.0579
INFO:__main__:Total loss 0.1920
INFO:__main__:Predicted mean: -0.3731
INFO:__main__:Predicted uncertainity -0.6624
INFO:__main__:Completed epoch 21 of 100

INFO:__main__:NLL: -0.0356, L2: 0.0260, Reg: 0.0579
INFO:__main__:Total loss 0.0483
INFO:__main__:Predicted mean: -0.3962
INFO:__main__:Predicted uncertainity -0.7631
INFO:__main__:Completed epoch 22 of 100

INFO:__main__:NLL: 0.3595, L2: 0.0273, Reg: 0.0579
INFO:__main__:Total loss 0.4447
INFO:__main__:Predicted mean: -0.3849
INFO:__main__:Predicted uncertainity -0.8018
INFO:__main__:Completed epoch 23 of 100

INFO:__main__:NLL: 0.0694, L2: 0.0254, Reg: 0.0579
INFO:__main__:Total loss 0.1527
INFO:__main__:Predicted mean: -0.3775
INFO:__main__:Predicted uncertainity -0.6736
INFO:__main__:Completed epoch 24 of 100

INFO:__main__:NLL: 0.1605, L2: 0.0272, Reg: 0.0579
INFO:__main__:Total loss 0.2457
INFO:__main__:Predicted mean: -0.3037
INFO:__main__:Predicted uncertainity -0.6775
INFO:__main__:Completed epoch 25 of 100

INFO:__main__:NLL: 0.2291, L2: 0.0289, Reg: 0.0579
INFO:__main__:Total loss 0.3159
INFO:__main__:Predicted mean: -0.3129
INFO:__main__:Predicted uncertainity -0.6856
INFO:__main__:Completed epoch 26 of 100

INFO:__main__:NLL: 0.0848, L2: 0.0266, Reg: 0.0579
INFO:__main__:Total loss 0.1693
INFO:__main__:Predicted mean: -0.3101
INFO:__main__:Predicted uncertainity -0.7057
INFO:__main__:Completed epoch 27 of 100

INFO:__main__:NLL: 0.0143, L2: 0.0271, Reg: 0.0579
INFO:__main__:Total loss 0.0994
INFO:__main__:Predicted mean: -0.3522
INFO:__main__:Predicted uncertainity -0.8545
INFO:__main__:Completed epoch 28 of 100

INFO:__main__:NLL: 0.1144, L2: 0.0271, Reg: 0.0579
INFO:__main__:Total loss 0.1995
INFO:__main__:Predicted mean: -0.3540
INFO:__main__:Predicted uncertainity -0.7100
INFO:__main__:Completed epoch 29 of 100

INFO:__main__:NLL: 0.0614, L2: 0.0261, Reg: 0.0579
INFO:__main__:Total loss 0.1454
INFO:__main__:Predicted mean: -0.3321
INFO:__main__:Predicted uncertainity -0.7380
INFO:__main__:Completed epoch 30 of 100

INFO:__main__:NLL: -0.0696, L2: 0.0269, Reg: 0.0579
INFO:__main__:Total loss 0.0152
INFO:__main__:Predicted mean: -0.3873
INFO:__main__:Predicted uncertainity -0.7891
INFO:__main__:Completed epoch 31 of 100

INFO:__main__:NLL: 0.0996, L2: 0.0271, Reg: 0.0579
INFO:__main__:Total loss 0.1847
INFO:__main__:Predicted mean: -0.3697
INFO:__main__:Predicted uncertainity -0.7474
INFO:__main__:Completed epoch 32 of 100

INFO:__main__:NLL: 0.1272, L2: 0.0262, Reg: 0.0579
INFO:__main__:Total loss 0.2114
INFO:__main__:Predicted mean: -0.3949
INFO:__main__:Predicted uncertainity -0.8039
INFO:__main__:Completed epoch 33 of 100

INFO:__main__:NLL: 0.1411, L2: 0.0262, Reg: 0.0579
INFO:__main__:Total loss 0.2252
INFO:__main__:Predicted mean: -0.3828
INFO:__main__:Predicted uncertainity -0.7281
INFO:__main__:Completed epoch 34 of 100

INFO:__main__:NLL: 0.1015, L2: 0.0278, Reg: 0.0579
INFO:__main__:Total loss 0.1873
INFO:__main__:Predicted mean: -0.3631
INFO:__main__:Predicted uncertainity -0.7016
INFO:__main__:Completed epoch 35 of 100

INFO:__main__:NLL: 0.1034, L2: 0.0274, Reg: 0.0579
INFO:__main__:Total loss 0.1887
INFO:__main__:Predicted mean: -0.3365
INFO:__main__:Predicted uncertainity -0.7856
INFO:__main__:Completed epoch 36 of 100

INFO:__main__:NLL: 0.2923, L2: 0.0279, Reg: 0.0579
INFO:__main__:Total loss 0.3782
INFO:__main__:Predicted mean: -0.3874
INFO:__main__:Predicted uncertainity -0.7086
INFO:__main__:Completed epoch 37 of 100

INFO:__main__:NLL: -0.0305, L2: 0.0265, Reg: 0.0579
INFO:__main__:Total loss 0.0539
INFO:__main__:Predicted mean: -0.3478
INFO:__main__:Predicted uncertainity -0.7994
INFO:__main__:Completed epoch 38 of 100

INFO:__main__:NLL: 0.0436, L2: 0.0287, Reg: 0.0579
INFO:__main__:Total loss 0.1303
INFO:__main__:Predicted mean: -0.4420
INFO:__main__:Predicted uncertainity -0.8129
INFO:__main__:Completed epoch 39 of 100

INFO:__main__:NLL: 0.0396, L2: 0.0247, Reg: 0.0579
INFO:__main__:Total loss 0.1223
INFO:__main__:Predicted mean: -0.3622
INFO:__main__:Predicted uncertainity -0.6174
INFO:__main__:Completed epoch 40 of 100

INFO:__main__:NLL: 0.0391, L2: 0.0253, Reg: 0.0579
INFO:__main__:Total loss 0.1223
INFO:__main__:Predicted mean: -0.3386
INFO:__main__:Predicted uncertainity -0.7047
INFO:__main__:Completed epoch 41 of 100

INFO:__main__:NLL: 0.3552, L2: 0.0263, Reg: 0.0579
INFO:__main__:Total loss 0.4395
INFO:__main__:Predicted mean: -0.3992
INFO:__main__:Predicted uncertainity -0.7462
INFO:__main__:Completed epoch 42 of 100

INFO:__main__:NLL: 0.0454, L2: 0.0277, Reg: 0.0579
INFO:__main__:Total loss 0.1310
INFO:__main__:Predicted mean: -0.3182
INFO:__main__:Predicted uncertainity -0.7746
INFO:__main__:Completed epoch 43 of 100

INFO:__main__:NLL: 0.0931, L2: 0.0277, Reg: 0.0579
INFO:__main__:Total loss 0.1787
INFO:__main__:Predicted mean: -0.3559
INFO:__main__:Predicted uncertainity -0.7050
INFO:__main__:Completed epoch 44 of 100

INFO:__main__:NLL: 0.2032, L2: 0.0264, Reg: 0.0579
INFO:__main__:Total loss 0.2876
INFO:__main__:Predicted mean: -0.3645
INFO:__main__:Predicted uncertainity -0.7078
INFO:__main__:Completed epoch 45 of 100

INFO:__main__:NLL: 0.1811, L2: 0.0258, Reg: 0.0579
INFO:__main__:Total loss 0.2648
INFO:__main__:Predicted mean: -0.3238
INFO:__main__:Predicted uncertainity -0.7423
INFO:__main__:Completed epoch 46 of 100

INFO:__main__:NLL: 0.0551, L2: 0.0250, Reg: 0.0579
INFO:__main__:Total loss 0.1380
INFO:__main__:Predicted mean: -0.4118
INFO:__main__:Predicted uncertainity -0.7838
INFO:__main__:Completed epoch 47 of 100

INFO:__main__:NLL: 0.2582, L2: 0.0279, Reg: 0.0579
INFO:__main__:Total loss 0.3441
INFO:__main__:Predicted mean: -0.3899
INFO:__main__:Predicted uncertainity -0.6571
INFO:__main__:Completed epoch 48 of 100

INFO:__main__:NLL: 0.0703, L2: 0.0269, Reg: 0.0579
INFO:__main__:Total loss 0.1551
INFO:__main__:Predicted mean: -0.3565
INFO:__main__:Predicted uncertainity -0.8029
INFO:__main__:Completed epoch 49 of 100

INFO:__main__:NLL: 0.0584, L2: 0.0259, Reg: 0.0579
INFO:__main__:Total loss 0.1423
INFO:__main__:Predicted mean: -0.3669
INFO:__main__:Predicted uncertainity -0.7070
INFO:__main__:Completed epoch 50 of 100

INFO:__main__:NLL: 0.0825, L2: 0.0257, Reg: 0.0579
INFO:__main__:Total loss 0.1661
INFO:__main__:Predicted mean: -0.3945
INFO:__main__:Predicted uncertainity -0.9139
INFO:__main__:Completed epoch 51 of 100

INFO:__main__:NLL: 0.1402, L2: 0.0269, Reg: 0.0579
INFO:__main__:Total loss 0.2251
INFO:__main__:Predicted mean: -0.3798
INFO:__main__:Predicted uncertainity -0.7396
INFO:__main__:Completed epoch 52 of 100

INFO:__main__:NLL: 0.2085, L2: 0.0253, Reg: 0.0579
INFO:__main__:Total loss 0.2917
INFO:__main__:Predicted mean: -0.3974
INFO:__main__:Predicted uncertainity -0.7243
INFO:__main__:Completed epoch 53 of 100

INFO:__main__:NLL: 0.0942, L2: 0.0265, Reg: 0.0579
INFO:__main__:Total loss 0.1786
INFO:__main__:Predicted mean: -0.3262
INFO:__main__:Predicted uncertainity -0.7478
INFO:__main__:Completed epoch 54 of 100

INFO:__main__:NLL: 0.0688, L2: 0.0291, Reg: 0.0579
INFO:__main__:Total loss 0.1558
INFO:__main__:Predicted mean: -0.3583
INFO:__main__:Predicted uncertainity -0.7544
INFO:__main__:Completed epoch 55 of 100

INFO:__main__:NLL: 0.0859, L2: 0.0270, Reg: 0.0579
INFO:__main__:Total loss 0.1708
INFO:__main__:Predicted mean: -0.3692
INFO:__main__:Predicted uncertainity -0.7092
INFO:__main__:Completed epoch 56 of 100

INFO:__main__:NLL: 0.1803, L2: 0.0254, Reg: 0.0579
INFO:__main__:Total loss 0.2636
INFO:__main__:Predicted mean: -0.3434
INFO:__main__:Predicted uncertainity -0.8279
INFO:__main__:Completed epoch 57 of 100

INFO:__main__:NLL: 0.1167, L2: 0.0262, Reg: 0.0579
INFO:__main__:Total loss 0.2009
INFO:__main__:Predicted mean: -0.3681
INFO:__main__:Predicted uncertainity -0.7785
INFO:__main__:Completed epoch 58 of 100

INFO:__main__:NLL: 0.1911, L2: 0.0284, Reg: 0.0579
INFO:__main__:Total loss 0.2774
INFO:__main__:Predicted mean: -0.3621
INFO:__main__:Predicted uncertainity -0.7004
INFO:__main__:Completed epoch 59 of 100

INFO:__main__:NLL: 0.0779, L2: 0.0257, Reg: 0.0579
INFO:__main__:Total loss 0.1615
INFO:__main__:Predicted mean: -0.3764
INFO:__main__:Predicted uncertainity -0.6572
INFO:__main__:Completed epoch 60 of 100

INFO:__main__:NLL: 0.0772, L2: 0.0261, Reg: 0.0579
INFO:__main__:Total loss 0.1612
INFO:__main__:Predicted mean: -0.3713
INFO:__main__:Predicted uncertainity -0.6799
INFO:__main__:Completed epoch 61 of 100

INFO:__main__:NLL: 0.1904, L2: 0.0248, Reg: 0.0579
INFO:__main__:Total loss 0.2731
INFO:__main__:Predicted mean: -0.3517
INFO:__main__:Predicted uncertainity -0.7026
INFO:__main__:Completed epoch 62 of 100

INFO:__main__:NLL: 0.1069, L2: 0.0259, Reg: 0.0579
INFO:__main__:Total loss 0.1907
INFO:__main__:Predicted mean: -0.3491
INFO:__main__:Predicted uncertainity -0.8427
INFO:__main__:Completed epoch 63 of 100

INFO:__main__:NLL: 0.1797, L2: 0.0278, Reg: 0.0579
INFO:__main__:Total loss 0.2654
INFO:__main__:Predicted mean: -0.3813
INFO:__main__:Predicted uncertainity -0.8058
INFO:__main__:Completed epoch 64 of 100

INFO:__main__:NLL: -0.0615, L2: 0.0277, Reg: 0.0579
INFO:__main__:Total loss 0.0241
INFO:__main__:Predicted mean: -0.3917
INFO:__main__:Predicted uncertainity -0.8417
INFO:__main__:Completed epoch 65 of 100

INFO:__main__:NLL: 0.1304, L2: 0.0251, Reg: 0.0579
INFO:__main__:Total loss 0.2134
INFO:__main__:Predicted mean: -0.3742
INFO:__main__:Predicted uncertainity -0.7118
INFO:__main__:Completed epoch 66 of 100

INFO:__main__:NLL: 0.0670, L2: 0.0257, Reg: 0.0579
INFO:__main__:Total loss 0.1506
INFO:__main__:Predicted mean: -0.3990
INFO:__main__:Predicted uncertainity -0.8210
INFO:__main__:Completed epoch 67 of 100

INFO:__main__:NLL: 0.1229, L2: 0.0267, Reg: 0.0579
INFO:__main__:Total loss 0.2075
INFO:__main__:Predicted mean: -0.3554
INFO:__main__:Predicted uncertainity -0.7088
INFO:__main__:Completed epoch 68 of 100

INFO:__main__:NLL: 0.0702, L2: 0.0258, Reg: 0.0579
INFO:__main__:Total loss 0.1538
INFO:__main__:Predicted mean: -0.3654
INFO:__main__:Predicted uncertainity -0.7987
INFO:__main__:Completed epoch 69 of 100

INFO:__main__:NLL: -0.0233, L2: 0.0269, Reg: 0.0579
INFO:__main__:Total loss 0.0616
INFO:__main__:Predicted mean: -0.3486
INFO:__main__:Predicted uncertainity -0.7279
INFO:__main__:Completed epoch 70 of 100

INFO:__main__:NLL: 0.1123, L2: 0.0264, Reg: 0.0579
INFO:__main__:Total loss 0.1967
INFO:__main__:Predicted mean: -0.3200
INFO:__main__:Predicted uncertainity -0.7644
INFO:__main__:Completed epoch 71 of 100

INFO:__main__:NLL: 0.0268, L2: 0.0303, Reg: 0.0579
INFO:__main__:Total loss 0.1150
INFO:__main__:Predicted mean: -0.3136
INFO:__main__:Predicted uncertainity -0.6930
INFO:__main__:Completed epoch 72 of 100

INFO:__main__:NLL: -0.0282, L2: 0.0278, Reg: 0.0579
INFO:__main__:Total loss 0.0576
INFO:__main__:Predicted mean: -0.3697
INFO:__main__:Predicted uncertainity -0.6869
INFO:__main__:Completed epoch 73 of 100

INFO:__main__:NLL: -0.0457, L2: 0.0272, Reg: 0.0579
INFO:__main__:Total loss 0.0394
INFO:__main__:Predicted mean: -0.3960
INFO:__main__:Predicted uncertainity -0.9242
INFO:__main__:Completed epoch 74 of 100

INFO:__main__:NLL: 0.1245, L2: 0.0257, Reg: 0.0579
INFO:__main__:Total loss 0.2081
INFO:__main__:Predicted mean: -0.4012
INFO:__main__:Predicted uncertainity -0.7052
INFO:__main__:Completed epoch 75 of 100

INFO:__main__:NLL: 0.0770, L2: 0.0262, Reg: 0.0579
INFO:__main__:Total loss 0.1612
INFO:__main__:Predicted mean: -0.3812
INFO:__main__:Predicted uncertainity -0.7317
INFO:__main__:Completed epoch 76 of 100

INFO:__main__:NLL: 0.1056, L2: 0.0293, Reg: 0.0579
INFO:__main__:Total loss 0.1928
INFO:__main__:Predicted mean: -0.3268
INFO:__main__:Predicted uncertainity -0.6085
INFO:__main__:Completed epoch 77 of 100

INFO:__main__:NLL: 0.0130, L2: 0.0263, Reg: 0.0579
INFO:__main__:Total loss 0.0972
INFO:__main__:Predicted mean: -0.4321
INFO:__main__:Predicted uncertainity -0.7205
INFO:__main__:Completed epoch 78 of 100

INFO:__main__:NLL: 0.1286, L2: 0.0269, Reg: 0.0579
INFO:__main__:Total loss 0.2134
INFO:__main__:Predicted mean: -0.3579
INFO:__main__:Predicted uncertainity -0.6871
INFO:__main__:Completed epoch 79 of 100

INFO:__main__:NLL: 0.0721, L2: 0.0277, Reg: 0.0579
INFO:__main__:Total loss 0.1578
INFO:__main__:Predicted mean: -0.4126
INFO:__main__:Predicted uncertainity -0.6319
INFO:__main__:Completed epoch 80 of 100

INFO:__main__:NLL: 0.1017, L2: 0.0262, Reg: 0.0579
INFO:__main__:Total loss 0.1859
INFO:__main__:Predicted mean: -0.3316
INFO:__main__:Predicted uncertainity -0.6383
INFO:__main__:Completed epoch 81 of 100

INFO:__main__:NLL: 0.1491, L2: 0.0268, Reg: 0.0579
INFO:__main__:Total loss 0.2338
INFO:__main__:Predicted mean: -0.3477
INFO:__main__:Predicted uncertainity -0.7008
INFO:__main__:Completed epoch 82 of 100

INFO:__main__:NLL: 0.2750, L2: 0.0259, Reg: 0.0579
INFO:__main__:Total loss 0.3589
INFO:__main__:Predicted mean: -0.4164
INFO:__main__:Predicted uncertainity -0.6932
INFO:__main__:Completed epoch 83 of 100

INFO:__main__:NLL: 0.0314, L2: 0.0288, Reg: 0.0579
INFO:__main__:Total loss 0.1181
INFO:__main__:Predicted mean: -0.3891
INFO:__main__:Predicted uncertainity -0.5993
INFO:__main__:Completed epoch 84 of 100

INFO:__main__:NLL: 0.1388, L2: 0.0268, Reg: 0.0579
INFO:__main__:Total loss 0.2236
INFO:__main__:Predicted mean: -0.3320
INFO:__main__:Predicted uncertainity -0.7928
INFO:__main__:Completed epoch 85 of 100

INFO:__main__:NLL: -0.0135, L2: 0.0278, Reg: 0.0579
INFO:__main__:Total loss 0.0722
INFO:__main__:Predicted mean: -0.3534
INFO:__main__:Predicted uncertainity -0.8066
INFO:__main__:Completed epoch 86 of 100

INFO:__main__:NLL: 0.0323, L2: 0.0244, Reg: 0.0579
INFO:__main__:Total loss 0.1146
INFO:__main__:Predicted mean: -0.3863
INFO:__main__:Predicted uncertainity -0.8395
INFO:__main__:Completed epoch 87 of 100

INFO:__main__:NLL: 0.1949, L2: 0.0253, Reg: 0.0579
INFO:__main__:Total loss 0.2781
INFO:__main__:Predicted mean: -0.3441
INFO:__main__:Predicted uncertainity -0.7901
INFO:__main__:Completed epoch 88 of 100

INFO:__main__:NLL: 0.2989, L2: 0.0272, Reg: 0.0579
INFO:__main__:Total loss 0.3840
INFO:__main__:Predicted mean: -0.3177
INFO:__main__:Predicted uncertainity -0.7592
INFO:__main__:Completed epoch 89 of 100

INFO:__main__:NLL: 0.1399, L2: 0.0254, Reg: 0.0579
INFO:__main__:Total loss 0.2232
INFO:__main__:Predicted mean: -0.3618
INFO:__main__:Predicted uncertainity -0.6092
INFO:__main__:Completed epoch 90 of 100

INFO:__main__:NLL: 0.1556, L2: 0.0278, Reg: 0.0579
INFO:__main__:Total loss 0.2414
INFO:__main__:Predicted mean: -0.3188
INFO:__main__:Predicted uncertainity -0.6949
INFO:__main__:Completed epoch 91 of 100

INFO:__main__:NLL: 0.0233, L2: 0.0275, Reg: 0.0579
INFO:__main__:Total loss 0.1087
INFO:__main__:Predicted mean: -0.3569
INFO:__main__:Predicted uncertainity -0.7575
INFO:__main__:Completed epoch 92 of 100

INFO:__main__:NLL: 0.1901, L2: 0.0266, Reg: 0.0579
INFO:__main__:Total loss 0.2747
INFO:__main__:Predicted mean: -0.3386
INFO:__main__:Predicted uncertainity -0.8619
INFO:__main__:Completed epoch 93 of 100

INFO:__main__:NLL: 0.2197, L2: 0.0294, Reg: 0.0579
INFO:__main__:Total loss 0.3069
INFO:__main__:Predicted mean: -0.3719
INFO:__main__:Predicted uncertainity -0.7746
INFO:__main__:Completed epoch 94 of 100

INFO:__main__:NLL: 0.1231, L2: 0.0268, Reg: 0.0579
INFO:__main__:Total loss 0.2078
INFO:__main__:Predicted mean: -0.3926
INFO:__main__:Predicted uncertainity -0.8219
INFO:__main__:Completed epoch 95 of 100

INFO:__main__:NLL: 0.1360, L2: 0.0277, Reg: 0.0579
INFO:__main__:Total loss 0.2216
INFO:__main__:Predicted mean: -0.3784
INFO:__main__:Predicted uncertainity -0.7217
INFO:__main__:Completed epoch 96 of 100

INFO:__main__:NLL: 0.1678, L2: 0.0279, Reg: 0.0579
INFO:__main__:Total loss 0.2537
INFO:__main__:Predicted mean: -0.3584
INFO:__main__:Predicted uncertainity -0.7439
INFO:__main__:Completed epoch 97 of 100

INFO:__main__:NLL: -0.0165, L2: 0.0281, Reg: 0.0579
INFO:__main__:Total loss 0.0696
INFO:__main__:Predicted mean: -0.3198
INFO:__main__:Predicted uncertainity -0.7716
INFO:__main__:Completed epoch 98 of 100

INFO:__main__:NLL: -0.0550, L2: 0.0283, Reg: 0.0579
INFO:__main__:Total loss 0.0311
INFO:__main__:Predicted mean: -0.4096
INFO:__main__:Predicted uncertainity -0.8356
INFO:__main__:Completed epoch 99 of 100

INFO:__main__:NLL: 0.0612, L2: 0.0265, Reg: 0.0579
INFO:__main__:Total loss 0.1457
INFO:__main__:Predicted mean: -0.3924
INFO:__main__:Predicted uncertainity -0.7793
INFO:__main__:Completed epoch 100 of 100

INFO:__main__:552.265287 s
