INFO:__main__:PROCESS RUNNING ON cpu
INFO:__main__:NLL: 0.2174, L2: 0.0068, Reg: 0.0117
INFO:__main__:Total loss 0.2358
INFO:__main__:Predicted mean: -0.3970
INFO:__main__:Predicted uncertainity -0.6700
INFO:__main__:Completed epoch 1 of 100

INFO:__main__:NLL: 0.0393, L2: 0.0072, Reg: 0.0101
INFO:__main__:Total loss 0.0566
INFO:__main__:Predicted mean: -0.4055
INFO:__main__:Predicted uncertainity -0.7288
INFO:__main__:Completed epoch 2 of 100

INFO:__main__:NLL: 0.0470, L2: 0.0074, Reg: 0.0103
INFO:__main__:Total loss 0.0646
INFO:__main__:Predicted mean: -0.4404
INFO:__main__:Predicted uncertainity -0.6750
INFO:__main__:Completed epoch 3 of 100

INFO:__main__:NLL: -0.0112, L2: 0.0077, Reg: 0.0091
INFO:__main__:Total loss 0.0056
INFO:__main__:Predicted mean: -0.3238
INFO:__main__:Predicted uncertainity -0.7621
INFO:__main__:Completed epoch 4 of 100

INFO:__main__:NLL: 0.0047, L2: 0.0076, Reg: 0.0111
INFO:__main__:Total loss 0.0234
INFO:__main__:Predicted mean: -0.3525
INFO:__main__:Predicted uncertainity -0.7731
INFO:__main__:Completed epoch 5 of 100

INFO:__main__:NLL: 0.1815, L2: 0.0075, Reg: 0.0100
INFO:__main__:Total loss 0.1991
INFO:__main__:Predicted mean: -0.4241
INFO:__main__:Predicted uncertainity -0.6453
INFO:__main__:Completed epoch 6 of 100

INFO:__main__:NLL: 0.0999, L2: 0.0079, Reg: 0.0123
INFO:__main__:Total loss 0.1201
INFO:__main__:Predicted mean: -0.3568
INFO:__main__:Predicted uncertainity -0.6945
INFO:__main__:Completed epoch 7 of 100

INFO:__main__:NLL: 0.2804, L2: 0.0080, Reg: 0.0091
INFO:__main__:Total loss 0.2975
INFO:__main__:Predicted mean: -0.3416
INFO:__main__:Predicted uncertainity -0.7778
INFO:__main__:Completed epoch 8 of 100

INFO:__main__:NLL: 0.0431, L2: 0.0077, Reg: 0.0114
INFO:__main__:Total loss 0.0622
INFO:__main__:Predicted mean: -0.3487
INFO:__main__:Predicted uncertainity -0.7870
INFO:__main__:Completed epoch 9 of 100

INFO:__main__:NLL: 0.3411, L2: 0.0084, Reg: 0.0107
INFO:__main__:Total loss 0.3602
INFO:__main__:Predicted mean: -0.4117
INFO:__main__:Predicted uncertainity -0.7349
INFO:__main__:Completed epoch 10 of 100

INFO:__main__:NLL: 0.0325, L2: 0.0079, Reg: 0.0094
INFO:__main__:Total loss 0.0498
INFO:__main__:Predicted mean: -0.4219
INFO:__main__:Predicted uncertainity -0.8586
INFO:__main__:Completed epoch 11 of 100

INFO:__main__:NLL: 0.1881, L2: 0.0078, Reg: 0.0123
INFO:__main__:Total loss 0.2081
INFO:__main__:Predicted mean: -0.3633
INFO:__main__:Predicted uncertainity -0.6649
INFO:__main__:Completed epoch 12 of 100

INFO:__main__:NLL: -0.0237, L2: 0.0084, Reg: 0.0101
INFO:__main__:Total loss -0.0052
INFO:__main__:Predicted mean: -0.3365
INFO:__main__:Predicted uncertainity -0.8005
INFO:__main__:Completed epoch 13 of 100

INFO:__main__:NLL: 0.2539, L2: 0.0086, Reg: 0.0108
INFO:__main__:Total loss 0.2733
INFO:__main__:Predicted mean: -0.3948
INFO:__main__:Predicted uncertainity -0.7210
INFO:__main__:Completed epoch 14 of 100

INFO:__main__:NLL: 0.1924, L2: 0.0086, Reg: 0.0112
INFO:__main__:Total loss 0.2121
INFO:__main__:Predicted mean: -0.3941
INFO:__main__:Predicted uncertainity -0.7310
INFO:__main__:Completed epoch 15 of 100

INFO:__main__:NLL: 0.2039, L2: 0.0088, Reg: 0.0107
INFO:__main__:Total loss 0.2234
INFO:__main__:Predicted mean: -0.3407
INFO:__main__:Predicted uncertainity -0.8129
INFO:__main__:Completed epoch 16 of 100

INFO:__main__:NLL: 0.0094, L2: 0.0080, Reg: 0.0087
INFO:__main__:Total loss 0.0261
INFO:__main__:Predicted mean: -0.3590
INFO:__main__:Predicted uncertainity -0.7316
INFO:__main__:Completed epoch 17 of 100

INFO:__main__:NLL: 0.1453, L2: 0.0083, Reg: 0.0110
INFO:__main__:Total loss 0.1646
INFO:__main__:Predicted mean: -0.4309
INFO:__main__:Predicted uncertainity -0.6934
INFO:__main__:Completed epoch 18 of 100

INFO:__main__:NLL: -0.1094, L2: 0.0086, Reg: 0.0091
INFO:__main__:Total loss -0.0917
INFO:__main__:Predicted mean: -0.3941
INFO:__main__:Predicted uncertainity -0.6894
INFO:__main__:Completed epoch 19 of 100

INFO:__main__:NLL: 0.1275, L2: 0.0083, Reg: 0.0086
INFO:__main__:Total loss 0.1444
INFO:__main__:Predicted mean: -0.4167
INFO:__main__:Predicted uncertainity -0.6320
INFO:__main__:Completed epoch 20 of 100

INFO:__main__:NLL: 0.0753, L2: 0.0082, Reg: 0.0102
INFO:__main__:Total loss 0.0936
INFO:__main__:Predicted mean: -0.3865
INFO:__main__:Predicted uncertainity -0.6482
INFO:__main__:Completed epoch 21 of 100

INFO:__main__:NLL: -0.0017, L2: 0.0080, Reg: 0.0105
INFO:__main__:Total loss 0.0169
INFO:__main__:Predicted mean: -0.3876
INFO:__main__:Predicted uncertainity -0.8003
INFO:__main__:Completed epoch 22 of 100

INFO:__main__:NLL: 0.0356, L2: 0.0084, Reg: 0.0119
INFO:__main__:Total loss 0.0558
INFO:__main__:Predicted mean: -0.3924
INFO:__main__:Predicted uncertainity -0.7323
INFO:__main__:Completed epoch 23 of 100

INFO:__main__:NLL: 0.2469, L2: 0.0090, Reg: 0.0099
INFO:__main__:Total loss 0.2658
INFO:__main__:Predicted mean: -0.3581
INFO:__main__:Predicted uncertainity -0.6929
INFO:__main__:Completed epoch 24 of 100

INFO:__main__:NLL: 0.1660, L2: 0.0087, Reg: 0.0109
INFO:__main__:Total loss 0.1856
INFO:__main__:Predicted mean: -0.3967
INFO:__main__:Predicted uncertainity -0.7853
INFO:__main__:Completed epoch 25 of 100

INFO:__main__:NLL: -0.0837, L2: 0.0085, Reg: 0.0096
INFO:__main__:Total loss -0.0656
INFO:__main__:Predicted mean: -0.3857
INFO:__main__:Predicted uncertainity -0.6789
INFO:__main__:Completed epoch 26 of 100

INFO:__main__:NLL: 0.1645, L2: 0.0085, Reg: 0.0106
INFO:__main__:Total loss 0.1837
INFO:__main__:Predicted mean: -0.3551
INFO:__main__:Predicted uncertainity -0.8040
INFO:__main__:Completed epoch 27 of 100

INFO:__main__:NLL: 0.1835, L2: 0.0083, Reg: 0.0090
INFO:__main__:Total loss 0.2008
INFO:__main__:Predicted mean: -0.3930
INFO:__main__:Predicted uncertainity -0.6261
INFO:__main__:Completed epoch 28 of 100

INFO:__main__:NLL: 0.1584, L2: 0.0082, Reg: 0.0107
INFO:__main__:Total loss 0.1773
INFO:__main__:Predicted mean: -0.3398
INFO:__main__:Predicted uncertainity -0.7757
INFO:__main__:Completed epoch 29 of 100

INFO:__main__:NLL: 0.1592, L2: 0.0083, Reg: 0.0090
INFO:__main__:Total loss 0.1765
INFO:__main__:Predicted mean: -0.3446
INFO:__main__:Predicted uncertainity -0.6938
INFO:__main__:Completed epoch 30 of 100

INFO:__main__:NLL: 0.1020, L2: 0.0080, Reg: 0.0099
INFO:__main__:Total loss 0.1198
INFO:__main__:Predicted mean: -0.4123
INFO:__main__:Predicted uncertainity -0.7184
INFO:__main__:Completed epoch 31 of 100

INFO:__main__:NLL: -0.0200, L2: 0.0083, Reg: 0.0105
INFO:__main__:Total loss -0.0012
INFO:__main__:Predicted mean: -0.3833
INFO:__main__:Predicted uncertainity -0.8066
INFO:__main__:Completed epoch 32 of 100

INFO:__main__:NLL: 0.1264, L2: 0.0079, Reg: 0.0096
INFO:__main__:Total loss 0.1438
INFO:__main__:Predicted mean: -0.4175
INFO:__main__:Predicted uncertainity -0.6749
INFO:__main__:Completed epoch 33 of 100

INFO:__main__:NLL: 0.0631, L2: 0.0087, Reg: 0.0096
INFO:__main__:Total loss 0.0814
INFO:__main__:Predicted mean: -0.3637
INFO:__main__:Predicted uncertainity -0.7758
INFO:__main__:Completed epoch 34 of 100

INFO:__main__:NLL: -0.0714, L2: 0.0083, Reg: 0.0102
INFO:__main__:Total loss -0.0529
INFO:__main__:Predicted mean: -0.4072
INFO:__main__:Predicted uncertainity -0.7324
INFO:__main__:Completed epoch 35 of 100

INFO:__main__:NLL: 0.0910, L2: 0.0081, Reg: 0.0105
INFO:__main__:Total loss 0.1096
INFO:__main__:Predicted mean: -0.3245
INFO:__main__:Predicted uncertainity -0.7988
INFO:__main__:Completed epoch 36 of 100

INFO:__main__:NLL: -0.0984, L2: 0.0082, Reg: 0.0095
INFO:__main__:Total loss -0.0808
INFO:__main__:Predicted mean: -0.3443
INFO:__main__:Predicted uncertainity -0.8196
INFO:__main__:Completed epoch 37 of 100

INFO:__main__:NLL: 0.2725, L2: 0.0081, Reg: 0.0088
INFO:__main__:Total loss 0.2894
INFO:__main__:Predicted mean: -0.3511
INFO:__main__:Predicted uncertainity -0.8311
INFO:__main__:Completed epoch 38 of 100

INFO:__main__:NLL: 0.0466, L2: 0.0086, Reg: 0.0106
INFO:__main__:Total loss 0.0658
INFO:__main__:Predicted mean: -0.4063
INFO:__main__:Predicted uncertainity -0.6397
INFO:__main__:Completed epoch 39 of 100

INFO:__main__:NLL: 0.0435, L2: 0.0083, Reg: 0.0113
INFO:__main__:Total loss 0.0632
INFO:__main__:Predicted mean: -0.4082
INFO:__main__:Predicted uncertainity -0.6632
INFO:__main__:Completed epoch 40 of 100

INFO:__main__:NLL: -0.0546, L2: 0.0081, Reg: 0.0098
INFO:__main__:Total loss -0.0367
INFO:__main__:Predicted mean: -0.3730
INFO:__main__:Predicted uncertainity -0.7165
INFO:__main__:Completed epoch 41 of 100

INFO:__main__:NLL: 0.1583, L2: 0.0082, Reg: 0.0094
INFO:__main__:Total loss 0.1758
INFO:__main__:Predicted mean: -0.3983
INFO:__main__:Predicted uncertainity -0.6635
INFO:__main__:Completed epoch 42 of 100

INFO:__main__:NLL: 0.1627, L2: 0.0081, Reg: 0.0098
INFO:__main__:Total loss 0.1805
INFO:__main__:Predicted mean: -0.3793
INFO:__main__:Predicted uncertainity -0.7532
INFO:__main__:Completed epoch 43 of 100

INFO:__main__:NLL: 0.1907, L2: 0.0082, Reg: 0.0123
INFO:__main__:Total loss 0.2112
INFO:__main__:Predicted mean: -0.4298
INFO:__main__:Predicted uncertainity -0.7567
INFO:__main__:Completed epoch 44 of 100

INFO:__main__:NLL: 0.1561, L2: 0.0082, Reg: 0.0087
INFO:__main__:Total loss 0.1730
INFO:__main__:Predicted mean: -0.3794
INFO:__main__:Predicted uncertainity -0.7292
INFO:__main__:Completed epoch 45 of 100

INFO:__main__:NLL: 0.1149, L2: 0.0081, Reg: 0.0089
INFO:__main__:Total loss 0.1318
INFO:__main__:Predicted mean: -0.3615
INFO:__main__:Predicted uncertainity -0.7181
INFO:__main__:Completed epoch 46 of 100

INFO:__main__:NLL: 0.0492, L2: 0.0081, Reg: 0.0085
INFO:__main__:Total loss 0.0659
INFO:__main__:Predicted mean: -0.3952
INFO:__main__:Predicted uncertainity -0.7231
INFO:__main__:Completed epoch 47 of 100

INFO:__main__:NLL: -0.0016, L2: 0.0083, Reg: 0.0104
INFO:__main__:Total loss 0.0171
INFO:__main__:Predicted mean: -0.3753
INFO:__main__:Predicted uncertainity -0.7694
INFO:__main__:Completed epoch 48 of 100

INFO:__main__:NLL: -0.0216, L2: 0.0084, Reg: 0.0094
INFO:__main__:Total loss -0.0039
INFO:__main__:Predicted mean: -0.3919
INFO:__main__:Predicted uncertainity -0.6185
INFO:__main__:Completed epoch 49 of 100

INFO:__main__:NLL: -0.0008, L2: 0.0082, Reg: 0.0088
INFO:__main__:Total loss 0.0162
INFO:__main__:Predicted mean: -0.3415
INFO:__main__:Predicted uncertainity -0.7305
INFO:__main__:Completed epoch 50 of 100

INFO:__main__:NLL: 0.5051, L2: 0.0081, Reg: 0.0099
INFO:__main__:Total loss 0.5232
INFO:__main__:Predicted mean: -0.3894
INFO:__main__:Predicted uncertainity -0.8656
INFO:__main__:Completed epoch 51 of 100

INFO:__main__:NLL: -0.1817, L2: 0.0083, Reg: 0.0096
INFO:__main__:Total loss -0.1638
INFO:__main__:Predicted mean: -0.3950
INFO:__main__:Predicted uncertainity -0.8160
INFO:__main__:Completed epoch 52 of 100

INFO:__main__:NLL: 0.0232, L2: 0.0082, Reg: 0.0090
INFO:__main__:Total loss 0.0404
INFO:__main__:Predicted mean: -0.3873
INFO:__main__:Predicted uncertainity -0.6276
INFO:__main__:Completed epoch 53 of 100

INFO:__main__:NLL: 0.2061, L2: 0.0080, Reg: 0.0080
INFO:__main__:Total loss 0.2222
INFO:__main__:Predicted mean: -0.3390
INFO:__main__:Predicted uncertainity -0.6762
INFO:__main__:Completed epoch 54 of 100

INFO:__main__:NLL: 0.3741, L2: 0.0088, Reg: 0.0083
INFO:__main__:Total loss 0.3912
INFO:__main__:Predicted mean: -0.3628
INFO:__main__:Predicted uncertainity -0.7498
INFO:__main__:Completed epoch 55 of 100

INFO:__main__:NLL: 0.3729, L2: 0.0083, Reg: 0.0102
INFO:__main__:Total loss 0.3914
INFO:__main__:Predicted mean: -0.4107
INFO:__main__:Predicted uncertainity -0.7974
INFO:__main__:Completed epoch 56 of 100

INFO:__main__:NLL: 0.0612, L2: 0.0086, Reg: 0.0095
INFO:__main__:Total loss 0.0793
INFO:__main__:Predicted mean: -0.3926
INFO:__main__:Predicted uncertainity -0.6887
INFO:__main__:Completed epoch 57 of 100

INFO:__main__:NLL: -0.0383, L2: 0.0084, Reg: 0.0109
INFO:__main__:Total loss -0.0191
INFO:__main__:Predicted mean: -0.4543
INFO:__main__:Predicted uncertainity -0.7440
INFO:__main__:Completed epoch 58 of 100

INFO:__main__:NLL: 0.0035, L2: 0.0087, Reg: 0.0101
INFO:__main__:Total loss 0.0222
INFO:__main__:Predicted mean: -0.3314
INFO:__main__:Predicted uncertainity -0.6740
INFO:__main__:Completed epoch 59 of 100

INFO:__main__:NLL: 0.0297, L2: 0.0085, Reg: 0.0095
INFO:__main__:Total loss 0.0478
INFO:__main__:Predicted mean: -0.3461
INFO:__main__:Predicted uncertainity -0.8042
INFO:__main__:Completed epoch 60 of 100

INFO:__main__:NLL: 0.1043, L2: 0.0084, Reg: 0.0090
INFO:__main__:Total loss 0.1217
INFO:__main__:Predicted mean: -0.3094
INFO:__main__:Predicted uncertainity -0.7396
INFO:__main__:Completed epoch 61 of 100

INFO:__main__:NLL: 0.2343, L2: 0.0089, Reg: 0.0094
INFO:__main__:Total loss 0.2526
INFO:__main__:Predicted mean: -0.3563
INFO:__main__:Predicted uncertainity -0.6727
INFO:__main__:Completed epoch 62 of 100

INFO:__main__:NLL: 0.0675, L2: 0.0087, Reg: 0.0096
INFO:__main__:Total loss 0.0857
INFO:__main__:Predicted mean: -0.4566
INFO:__main__:Predicted uncertainity -0.7093
INFO:__main__:Completed epoch 63 of 100

INFO:__main__:NLL: 0.0345, L2: 0.0083, Reg: 0.0102
INFO:__main__:Total loss 0.0530
INFO:__main__:Predicted mean: -0.3624
INFO:__main__:Predicted uncertainity -0.7301
INFO:__main__:Completed epoch 64 of 100

INFO:__main__:NLL: 0.0181, L2: 0.0085, Reg: 0.0101
INFO:__main__:Total loss 0.0367
INFO:__main__:Predicted mean: -0.3575
INFO:__main__:Predicted uncertainity -0.7834
INFO:__main__:Completed epoch 65 of 100

INFO:__main__:NLL: 0.2602, L2: 0.0086, Reg: 0.0097
INFO:__main__:Total loss 0.2785
INFO:__main__:Predicted mean: -0.4144
INFO:__main__:Predicted uncertainity -0.7783
INFO:__main__:Completed epoch 66 of 100

INFO:__main__:NLL: -0.0024, L2: 0.0083, Reg: 0.0111
INFO:__main__:Total loss 0.0170
INFO:__main__:Predicted mean: -0.3572
INFO:__main__:Predicted uncertainity -0.7390
INFO:__main__:Completed epoch 67 of 100

INFO:__main__:NLL: 0.0416, L2: 0.0085, Reg: 0.0108
INFO:__main__:Total loss 0.0609
INFO:__main__:Predicted mean: -0.3564
INFO:__main__:Predicted uncertainity -0.7930
INFO:__main__:Completed epoch 68 of 100

INFO:__main__:NLL: 0.0676, L2: 0.0084, Reg: 0.0101
INFO:__main__:Total loss 0.0861
INFO:__main__:Predicted mean: -0.3916
INFO:__main__:Predicted uncertainity -0.7713
INFO:__main__:Completed epoch 69 of 100

INFO:__main__:NLL: 0.4163, L2: 0.0089, Reg: 0.0132
INFO:__main__:Total loss 0.4384
INFO:__main__:Predicted mean: -0.4526
INFO:__main__:Predicted uncertainity -0.6732
INFO:__main__:Completed epoch 70 of 100

INFO:__main__:NLL: -0.0632, L2: 0.0089, Reg: 0.0106
INFO:__main__:Total loss -0.0438
INFO:__main__:Predicted mean: -0.4024
INFO:__main__:Predicted uncertainity -0.7767
INFO:__main__:Completed epoch 71 of 100

INFO:__main__:NLL: 0.4509, L2: 0.0089, Reg: 0.0144
INFO:__main__:Total loss 0.4742
INFO:__main__:Predicted mean: -0.4270
INFO:__main__:Predicted uncertainity -0.8326
INFO:__main__:Completed epoch 72 of 100

INFO:__main__:NLL: 0.4443, L2: 0.0090, Reg: 0.0105
INFO:__main__:Total loss 0.4639
INFO:__main__:Predicted mean: -0.3567
INFO:__main__:Predicted uncertainity -0.8151
INFO:__main__:Completed epoch 73 of 100

INFO:__main__:NLL: 0.2141, L2: 0.0086, Reg: 0.0121
INFO:__main__:Total loss 0.2347
INFO:__main__:Predicted mean: -0.3910
INFO:__main__:Predicted uncertainity -0.8461
INFO:__main__:Completed epoch 74 of 100

INFO:__main__:NLL: -0.0214, L2: 0.0091, Reg: 0.0110
INFO:__main__:Total loss -0.0012
INFO:__main__:Predicted mean: -0.3810
INFO:__main__:Predicted uncertainity -0.8019
INFO:__main__:Completed epoch 75 of 100

INFO:__main__:NLL: 0.1174, L2: 0.0084, Reg: 0.0093
INFO:__main__:Total loss 0.1352
INFO:__main__:Predicted mean: -0.4149
INFO:__main__:Predicted uncertainity -0.7547
INFO:__main__:Completed epoch 76 of 100

INFO:__main__:NLL: 0.1112, L2: 0.0085, Reg: 0.0099
INFO:__main__:Total loss 0.1296
INFO:__main__:Predicted mean: -0.3999
INFO:__main__:Predicted uncertainity -0.7872
INFO:__main__:Completed epoch 77 of 100

INFO:__main__:NLL: 0.2238, L2: 0.0089, Reg: 0.0108
INFO:__main__:Total loss 0.2435
INFO:__main__:Predicted mean: -0.3358
INFO:__main__:Predicted uncertainity -0.6359
INFO:__main__:Completed epoch 78 of 100

INFO:__main__:NLL: 0.2506, L2: 0.0088, Reg: 0.0088
INFO:__main__:Total loss 0.2682
INFO:__main__:Predicted mean: -0.3415
INFO:__main__:Predicted uncertainity -0.6146
INFO:__main__:Completed epoch 79 of 100

INFO:__main__:NLL: 0.0917, L2: 0.0087, Reg: 0.0132
INFO:__main__:Total loss 0.1136
INFO:__main__:Predicted mean: -0.3656
INFO:__main__:Predicted uncertainity -0.6594
INFO:__main__:Completed epoch 80 of 100

INFO:__main__:NLL: -0.0018, L2: 0.0087, Reg: 0.0107
INFO:__main__:Total loss 0.0176
INFO:__main__:Predicted mean: -0.3913
INFO:__main__:Predicted uncertainity -0.7650
INFO:__main__:Completed epoch 81 of 100

INFO:__main__:NLL: 0.0927, L2: 0.0087, Reg: 0.0093
INFO:__main__:Total loss 0.1108
INFO:__main__:Predicted mean: -0.3763
INFO:__main__:Predicted uncertainity -0.7474
INFO:__main__:Completed epoch 82 of 100

INFO:__main__:NLL: 0.0126, L2: 0.0086, Reg: 0.0107
INFO:__main__:Total loss 0.0319
INFO:__main__:Predicted mean: -0.4033
INFO:__main__:Predicted uncertainity -0.7308
INFO:__main__:Completed epoch 83 of 100

INFO:__main__:NLL: 0.3221, L2: 0.0089, Reg: 0.0093
INFO:__main__:Total loss 0.3403
INFO:__main__:Predicted mean: -0.3664
INFO:__main__:Predicted uncertainity -0.7540
INFO:__main__:Completed epoch 84 of 100

INFO:__main__:NLL: 0.1183, L2: 0.0088, Reg: 0.0103
INFO:__main__:Total loss 0.1373
INFO:__main__:Predicted mean: -0.3664
INFO:__main__:Predicted uncertainity -0.6859
INFO:__main__:Completed epoch 85 of 100

INFO:__main__:NLL: -0.1090, L2: 0.0088, Reg: 0.0107
INFO:__main__:Total loss -0.0895
INFO:__main__:Predicted mean: -0.3909
INFO:__main__:Predicted uncertainity -0.7253
INFO:__main__:Completed epoch 86 of 100

INFO:__main__:NLL: 0.1256, L2: 0.0090, Reg: 0.0100
INFO:__main__:Total loss 0.1446
INFO:__main__:Predicted mean: -0.4009
INFO:__main__:Predicted uncertainity -0.7010
INFO:__main__:Completed epoch 87 of 100

INFO:__main__:NLL: 0.0685, L2: 0.0089, Reg: 0.0094
INFO:__main__:Total loss 0.0869
INFO:__main__:Predicted mean: -0.3703
INFO:__main__:Predicted uncertainity -0.7369
INFO:__main__:Completed epoch 88 of 100

INFO:__main__:NLL: 0.0586, L2: 0.0087, Reg: 0.0091
INFO:__main__:Total loss 0.0765
INFO:__main__:Predicted mean: -0.3394
INFO:__main__:Predicted uncertainity -0.7186
INFO:__main__:Completed epoch 89 of 100

INFO:__main__:NLL: 0.1720, L2: 0.0085, Reg: 0.0120
INFO:__main__:Total loss 0.1924
INFO:__main__:Predicted mean: -0.3712
INFO:__main__:Predicted uncertainity -0.7447
INFO:__main__:Completed epoch 90 of 100

INFO:__main__:NLL: 0.0938, L2: 0.0084, Reg: 0.0126
INFO:__main__:Total loss 0.1147
INFO:__main__:Predicted mean: -0.4032
INFO:__main__:Predicted uncertainity -0.8220
INFO:__main__:Completed epoch 91 of 100

INFO:__main__:NLL: 0.2057, L2: 0.0082, Reg: 0.0106
INFO:__main__:Total loss 0.2244
INFO:__main__:Predicted mean: -0.3764
INFO:__main__:Predicted uncertainity -0.8648
INFO:__main__:Completed epoch 92 of 100

INFO:__main__:NLL: 0.0281, L2: 0.0087, Reg: 0.0105
INFO:__main__:Total loss 0.0473
INFO:__main__:Predicted mean: -0.3809
INFO:__main__:Predicted uncertainity -0.6976
INFO:__main__:Completed epoch 93 of 100

INFO:__main__:NLL: 0.0241, L2: 0.0087, Reg: 0.0114
INFO:__main__:Total loss 0.0443
INFO:__main__:Predicted mean: -0.3098
INFO:__main__:Predicted uncertainity -0.6646
INFO:__main__:Completed epoch 94 of 100

INFO:__main__:NLL: 0.2361, L2: 0.0085, Reg: 0.0083
INFO:__main__:Total loss 0.2529
INFO:__main__:Predicted mean: -0.3949
INFO:__main__:Predicted uncertainity -0.7141
INFO:__main__:Completed epoch 95 of 100

INFO:__main__:NLL: 0.4046, L2: 0.0085, Reg: 0.0107
INFO:__main__:Total loss 0.4239
INFO:__main__:Predicted mean: -0.4106
INFO:__main__:Predicted uncertainity -0.8487
INFO:__main__:Completed epoch 96 of 100

INFO:__main__:NLL: 0.0218, L2: 0.0084, Reg: 0.0088
INFO:__main__:Total loss 0.0390
INFO:__main__:Predicted mean: -0.3153
INFO:__main__:Predicted uncertainity -0.6629
INFO:__main__:Completed epoch 97 of 100

INFO:__main__:NLL: 0.0287, L2: 0.0087, Reg: 0.0109
INFO:__main__:Total loss 0.0483
INFO:__main__:Predicted mean: -0.3639
INFO:__main__:Predicted uncertainity -0.6662
INFO:__main__:Completed epoch 98 of 100

INFO:__main__:NLL: 0.2758, L2: 0.0084, Reg: 0.0128
INFO:__main__:Total loss 0.2970
INFO:__main__:Predicted mean: -0.4376
INFO:__main__:Predicted uncertainity -0.8326
INFO:__main__:Completed epoch 99 of 100

INFO:__main__:NLL: 0.3109, L2: 0.0084, Reg: 0.0105
INFO:__main__:Total loss 0.3298
INFO:__main__:Predicted mean: -0.4041
INFO:__main__:Predicted uncertainity -0.7927
INFO:__main__:Completed epoch 100 of 100

INFO:__main__:546.739269 s
