INFO:__main__:PROCESS RUNNING ON cpu
INFO:__main__:NLL: 0.0181, L2: 0.0248, Reg: 0.0277
INFO:__main__:Total loss 0.0706
INFO:__main__:Predicted mean: -0.4299
INFO:__main__:Predicted uncertainity -0.7870
INFO:__main__:Completed epoch 1 of 100

INFO:__main__:NLL: 0.1368, L2: 0.0243, Reg: 0.0276
INFO:__main__:Total loss 0.1887
INFO:__main__:Predicted mean: -0.3942
INFO:__main__:Predicted uncertainity -0.7562
INFO:__main__:Completed epoch 2 of 100

INFO:__main__:NLL: 0.1595, L2: 0.0266, Reg: 0.0276
INFO:__main__:Total loss 0.2137
INFO:__main__:Predicted mean: -0.3440
INFO:__main__:Predicted uncertainity -0.7259
INFO:__main__:Completed epoch 3 of 100

INFO:__main__:NLL: -0.0836, L2: 0.0253, Reg: 0.0277
INFO:__main__:Total loss -0.0307
INFO:__main__:Predicted mean: -0.4214
INFO:__main__:Predicted uncertainity -0.8114
INFO:__main__:Completed epoch 4 of 100

INFO:__main__:NLL: 0.0672, L2: 0.0263, Reg: 0.0276
INFO:__main__:Total loss 0.1211
INFO:__main__:Predicted mean: -0.3338
INFO:__main__:Predicted uncertainity -0.8148
INFO:__main__:Completed epoch 5 of 100

INFO:__main__:NLL: -0.0242, L2: 0.0263, Reg: 0.0275
INFO:__main__:Total loss 0.0296
INFO:__main__:Predicted mean: -0.3811
INFO:__main__:Predicted uncertainity -0.6506
INFO:__main__:Completed epoch 6 of 100

INFO:__main__:NLL: -0.0612, L2: 0.0266, Reg: 0.0275
INFO:__main__:Total loss -0.0070
INFO:__main__:Predicted mean: -0.3583
INFO:__main__:Predicted uncertainity -0.7025
INFO:__main__:Completed epoch 7 of 100

INFO:__main__:NLL: 0.2859, L2: 0.0281, Reg: 0.0278
INFO:__main__:Total loss 0.3417
INFO:__main__:Predicted mean: -0.4402
INFO:__main__:Predicted uncertainity -0.8719
INFO:__main__:Completed epoch 8 of 100

INFO:__main__:NLL: 0.0673, L2: 0.0268, Reg: 0.0277
INFO:__main__:Total loss 0.1218
INFO:__main__:Predicted mean: -0.4341
INFO:__main__:Predicted uncertainity -0.8871
INFO:__main__:Completed epoch 9 of 100

INFO:__main__:NLL: 0.2612, L2: 0.0263, Reg: 0.0276
INFO:__main__:Total loss 0.3151
INFO:__main__:Predicted mean: -0.3901
INFO:__main__:Predicted uncertainity -0.7735
INFO:__main__:Completed epoch 10 of 100

INFO:__main__:NLL: 0.0610, L2: 0.0256, Reg: 0.0276
INFO:__main__:Total loss 0.1143
INFO:__main__:Predicted mean: -0.4237
INFO:__main__:Predicted uncertainity -0.7843
INFO:__main__:Completed epoch 11 of 100

INFO:__main__:NLL: 0.2198, L2: 0.0264, Reg: 0.0276
INFO:__main__:Total loss 0.2738
INFO:__main__:Predicted mean: -0.4724
INFO:__main__:Predicted uncertainity -0.7215
INFO:__main__:Completed epoch 12 of 100

INFO:__main__:NLL: 0.0770, L2: 0.0254, Reg: 0.0276
INFO:__main__:Total loss 0.1301
INFO:__main__:Predicted mean: -0.3924
INFO:__main__:Predicted uncertainity -0.7593
INFO:__main__:Completed epoch 13 of 100

INFO:__main__:NLL: 0.0501, L2: 0.0280, Reg: 0.0276
INFO:__main__:Total loss 0.1057
INFO:__main__:Predicted mean: -0.3705
INFO:__main__:Predicted uncertainity -0.7801
INFO:__main__:Completed epoch 14 of 100

INFO:__main__:NLL: 0.0365, L2: 0.0270, Reg: 0.0277
INFO:__main__:Total loss 0.0912
INFO:__main__:Predicted mean: -0.3429
INFO:__main__:Predicted uncertainity -0.8319
INFO:__main__:Completed epoch 15 of 100

INFO:__main__:NLL: 0.1096, L2: 0.0267, Reg: 0.0276
INFO:__main__:Total loss 0.1638
INFO:__main__:Predicted mean: -0.3809
INFO:__main__:Predicted uncertainity -0.7758
INFO:__main__:Completed epoch 16 of 100

INFO:__main__:NLL: 0.0254, L2: 0.0271, Reg: 0.0276
INFO:__main__:Total loss 0.0802
INFO:__main__:Predicted mean: -0.3802
INFO:__main__:Predicted uncertainity -0.8062
INFO:__main__:Completed epoch 17 of 100

INFO:__main__:NLL: 0.1663, L2: 0.0288, Reg: 0.0276
INFO:__main__:Total loss 0.2228
INFO:__main__:Predicted mean: -0.3517
INFO:__main__:Predicted uncertainity -0.7757
INFO:__main__:Completed epoch 18 of 100

INFO:__main__:NLL: 0.0663, L2: 0.0270, Reg: 0.0276
INFO:__main__:Total loss 0.1209
INFO:__main__:Predicted mean: -0.4022
INFO:__main__:Predicted uncertainity -0.7282
INFO:__main__:Completed epoch 19 of 100

INFO:__main__:NLL: 0.0790, L2: 0.0264, Reg: 0.0276
INFO:__main__:Total loss 0.1330
INFO:__main__:Predicted mean: -0.3867
INFO:__main__:Predicted uncertainity -0.7169
INFO:__main__:Completed epoch 20 of 100

INFO:__main__:NLL: 0.1089, L2: 0.0275, Reg: 0.0275
INFO:__main__:Total loss 0.1638
INFO:__main__:Predicted mean: -0.3489
INFO:__main__:Predicted uncertainity -0.6400
INFO:__main__:Completed epoch 21 of 100

INFO:__main__:NLL: -0.0057, L2: 0.0268, Reg: 0.0276
INFO:__main__:Total loss 0.0487
INFO:__main__:Predicted mean: -0.3943
INFO:__main__:Predicted uncertainity -0.7766
INFO:__main__:Completed epoch 22 of 100

INFO:__main__:NLL: 0.3718, L2: 0.0291, Reg: 0.0277
INFO:__main__:Total loss 0.4286
INFO:__main__:Predicted mean: -0.3757
INFO:__main__:Predicted uncertainity -0.8100
INFO:__main__:Completed epoch 23 of 100

INFO:__main__:NLL: 0.0666, L2: 0.0261, Reg: 0.0275
INFO:__main__:Total loss 0.1203
INFO:__main__:Predicted mean: -0.3871
INFO:__main__:Predicted uncertainity -0.6582
INFO:__main__:Completed epoch 24 of 100

INFO:__main__:NLL: 0.1277, L2: 0.0284, Reg: 0.0275
INFO:__main__:Total loss 0.1835
INFO:__main__:Predicted mean: -0.3375
INFO:__main__:Predicted uncertainity -0.6867
INFO:__main__:Completed epoch 25 of 100

INFO:__main__:NLL: 0.2236, L2: 0.0301, Reg: 0.0275
INFO:__main__:Total loss 0.2812
INFO:__main__:Predicted mean: -0.3664
INFO:__main__:Predicted uncertainity -0.6451
INFO:__main__:Completed epoch 26 of 100

INFO:__main__:NLL: 0.1026, L2: 0.0257, Reg: 0.0275
INFO:__main__:Total loss 0.1558
INFO:__main__:Predicted mean: -0.3210
INFO:__main__:Predicted uncertainity -0.6779
INFO:__main__:Completed epoch 27 of 100

INFO:__main__:NLL: 0.0129, L2: 0.0275, Reg: 0.0277
INFO:__main__:Total loss 0.0681
INFO:__main__:Predicted mean: -0.3431
INFO:__main__:Predicted uncertainity -0.8594
INFO:__main__:Completed epoch 28 of 100

INFO:__main__:NLL: 0.1105, L2: 0.0257, Reg: 0.0276
INFO:__main__:Total loss 0.1637
INFO:__main__:Predicted mean: -0.3307
INFO:__main__:Predicted uncertainity -0.7292
INFO:__main__:Completed epoch 29 of 100

INFO:__main__:NLL: 0.2106, L2: 0.0272, Reg: 0.0275
INFO:__main__:Total loss 0.2654
INFO:__main__:Predicted mean: -0.3670
INFO:__main__:Predicted uncertainity -0.6584
INFO:__main__:Completed epoch 30 of 100

INFO:__main__:NLL: -0.0505, L2: 0.0277, Reg: 0.0276
INFO:__main__:Total loss 0.0048
INFO:__main__:Predicted mean: -0.3420
INFO:__main__:Predicted uncertainity -0.7277
INFO:__main__:Completed epoch 31 of 100

INFO:__main__:NLL: 0.0419, L2: 0.0265, Reg: 0.0275
INFO:__main__:Total loss 0.0959
INFO:__main__:Predicted mean: -0.3639
INFO:__main__:Predicted uncertainity -0.6978
INFO:__main__:Completed epoch 32 of 100

INFO:__main__:NLL: 0.1543, L2: 0.0261, Reg: 0.0276
INFO:__main__:Total loss 0.2079
INFO:__main__:Predicted mean: -0.3988
INFO:__main__:Predicted uncertainity -0.7856
INFO:__main__:Completed epoch 33 of 100

INFO:__main__:NLL: 0.1716, L2: 0.0271, Reg: 0.0275
INFO:__main__:Total loss 0.2262
INFO:__main__:Predicted mean: -0.3644
INFO:__main__:Predicted uncertainity -0.6875
INFO:__main__:Completed epoch 34 of 100

INFO:__main__:NLL: 0.1357, L2: 0.0271, Reg: 0.0276
INFO:__main__:Total loss 0.1904
INFO:__main__:Predicted mean: -0.3575
INFO:__main__:Predicted uncertainity -0.7868
INFO:__main__:Completed epoch 35 of 100

INFO:__main__:NLL: 0.0371, L2: 0.0270, Reg: 0.0276
INFO:__main__:Total loss 0.0916
INFO:__main__:Predicted mean: -0.3750
INFO:__main__:Predicted uncertainity -0.7635
INFO:__main__:Completed epoch 36 of 100

INFO:__main__:NLL: 0.3447, L2: 0.0271, Reg: 0.0276
INFO:__main__:Total loss 0.3993
INFO:__main__:Predicted mean: -0.3985
INFO:__main__:Predicted uncertainity -0.7748
INFO:__main__:Completed epoch 37 of 100

INFO:__main__:NLL: -0.0531, L2: 0.0258, Reg: 0.0276
INFO:__main__:Total loss 0.0004
INFO:__main__:Predicted mean: -0.3285
INFO:__main__:Predicted uncertainity -0.7792
INFO:__main__:Completed epoch 38 of 100

INFO:__main__:NLL: 0.1339, L2: 0.0269, Reg: 0.0276
INFO:__main__:Total loss 0.1884
INFO:__main__:Predicted mean: -0.4119
INFO:__main__:Predicted uncertainity -0.7451
INFO:__main__:Completed epoch 39 of 100

INFO:__main__:NLL: 0.1016, L2: 0.0236, Reg: 0.0274
INFO:__main__:Total loss 0.1527
INFO:__main__:Predicted mean: -0.3427
INFO:__main__:Predicted uncertainity -0.6139
INFO:__main__:Completed epoch 40 of 100

INFO:__main__:NLL: 0.0205, L2: 0.0263, Reg: 0.0275
INFO:__main__:Total loss 0.0743
INFO:__main__:Predicted mean: -0.2960
INFO:__main__:Predicted uncertainity -0.6933
INFO:__main__:Completed epoch 41 of 100

INFO:__main__:NLL: 0.3334, L2: 0.0242, Reg: 0.0276
INFO:__main__:Total loss 0.3852
INFO:__main__:Predicted mean: -0.4314
INFO:__main__:Predicted uncertainity -0.7624
INFO:__main__:Completed epoch 42 of 100

INFO:__main__:NLL: 0.0299, L2: 0.0276, Reg: 0.0276
INFO:__main__:Total loss 0.0851
INFO:__main__:Predicted mean: -0.3431
INFO:__main__:Predicted uncertainity -0.7293
INFO:__main__:Completed epoch 43 of 100

INFO:__main__:NLL: 0.0160, L2: 0.0278, Reg: 0.0276
INFO:__main__:Total loss 0.0714
INFO:__main__:Predicted mean: -0.3634
INFO:__main__:Predicted uncertainity -0.7561
INFO:__main__:Completed epoch 44 of 100

INFO:__main__:NLL: 0.2028, L2: 0.0277, Reg: 0.0276
INFO:__main__:Total loss 0.2581
INFO:__main__:Predicted mean: -0.3256
INFO:__main__:Predicted uncertainity -0.7275
INFO:__main__:Completed epoch 45 of 100

INFO:__main__:NLL: 0.1459, L2: 0.0255, Reg: 0.0275
INFO:__main__:Total loss 0.1988
INFO:__main__:Predicted mean: -0.3206
INFO:__main__:Predicted uncertainity -0.6715
INFO:__main__:Completed epoch 46 of 100

INFO:__main__:NLL: 0.0374, L2: 0.0250, Reg: 0.0277
INFO:__main__:Total loss 0.0900
INFO:__main__:Predicted mean: -0.4390
INFO:__main__:Predicted uncertainity -0.8142
INFO:__main__:Completed epoch 47 of 100

INFO:__main__:NLL: 0.2289, L2: 0.0277, Reg: 0.0275
INFO:__main__:Total loss 0.2840
INFO:__main__:Predicted mean: -0.3908
INFO:__main__:Predicted uncertainity -0.5866
INFO:__main__:Completed epoch 48 of 100

INFO:__main__:NLL: -0.0301, L2: 0.0287, Reg: 0.0276
INFO:__main__:Total loss 0.0263
INFO:__main__:Predicted mean: -0.4068
INFO:__main__:Predicted uncertainity -0.7345
INFO:__main__:Completed epoch 49 of 100

INFO:__main__:NLL: 0.0460, L2: 0.0259, Reg: 0.0276
INFO:__main__:Total loss 0.0995
INFO:__main__:Predicted mean: -0.4096
INFO:__main__:Predicted uncertainity -0.7633
INFO:__main__:Completed epoch 50 of 100

INFO:__main__:NLL: 0.1071, L2: 0.0274, Reg: 0.0277
INFO:__main__:Total loss 0.1622
INFO:__main__:Predicted mean: -0.4028
INFO:__main__:Predicted uncertainity -0.8056
INFO:__main__:Completed epoch 51 of 100

INFO:__main__:NLL: 0.1442, L2: 0.0270, Reg: 0.0276
INFO:__main__:Total loss 0.1988
INFO:__main__:Predicted mean: -0.3660
INFO:__main__:Predicted uncertainity -0.6988
INFO:__main__:Completed epoch 52 of 100

INFO:__main__:NLL: 0.2574, L2: 0.0246, Reg: 0.0276
INFO:__main__:Total loss 0.3096
INFO:__main__:Predicted mean: -0.3735
INFO:__main__:Predicted uncertainity -0.7634
INFO:__main__:Completed epoch 53 of 100

INFO:__main__:NLL: 0.0650, L2: 0.0283, Reg: 0.0275
INFO:__main__:Total loss 0.1209
INFO:__main__:Predicted mean: -0.3552
INFO:__main__:Predicted uncertainity -0.7158
INFO:__main__:Completed epoch 54 of 100

INFO:__main__:NLL: 0.1143, L2: 0.0290, Reg: 0.0276
INFO:__main__:Total loss 0.1709
INFO:__main__:Predicted mean: -0.3695
INFO:__main__:Predicted uncertainity -0.8047
INFO:__main__:Completed epoch 55 of 100

INFO:__main__:NLL: 0.0510, L2: 0.0273, Reg: 0.0275
INFO:__main__:Total loss 0.1058
INFO:__main__:Predicted mean: -0.3616
INFO:__main__:Predicted uncertainity -0.7214
INFO:__main__:Completed epoch 56 of 100

INFO:__main__:NLL: 0.1092, L2: 0.0264, Reg: 0.0277
INFO:__main__:Total loss 0.1633
INFO:__main__:Predicted mean: -0.3359
INFO:__main__:Predicted uncertainity -0.8174
INFO:__main__:Completed epoch 57 of 100

INFO:__main__:NLL: 0.1023, L2: 0.0286, Reg: 0.0277
INFO:__main__:Total loss 0.1586
INFO:__main__:Predicted mean: -0.3907
INFO:__main__:Predicted uncertainity -0.7734
INFO:__main__:Completed epoch 58 of 100

INFO:__main__:NLL: 0.1764, L2: 0.0278, Reg: 0.0276
INFO:__main__:Total loss 0.2318
INFO:__main__:Predicted mean: -0.3872
INFO:__main__:Predicted uncertainity -0.7280
INFO:__main__:Completed epoch 59 of 100

INFO:__main__:NLL: 0.1376, L2: 0.0264, Reg: 0.0274
INFO:__main__:Total loss 0.1914
INFO:__main__:Predicted mean: -0.3974
INFO:__main__:Predicted uncertainity -0.5845
INFO:__main__:Completed epoch 60 of 100

INFO:__main__:NLL: 0.0144, L2: 0.0249, Reg: 0.0276
INFO:__main__:Total loss 0.0670
INFO:__main__:Predicted mean: -0.3519
INFO:__main__:Predicted uncertainity -0.7420
INFO:__main__:Completed epoch 61 of 100

INFO:__main__:NLL: 0.1584, L2: 0.0258, Reg: 0.0276
INFO:__main__:Total loss 0.2118
INFO:__main__:Predicted mean: -0.3466
INFO:__main__:Predicted uncertainity -0.7521
INFO:__main__:Completed epoch 62 of 100

INFO:__main__:NLL: 0.1280, L2: 0.0256, Reg: 0.0277
INFO:__main__:Total loss 0.1813
INFO:__main__:Predicted mean: -0.3635
INFO:__main__:Predicted uncertainity -0.7990
INFO:__main__:Completed epoch 63 of 100

INFO:__main__:NLL: 0.2020, L2: 0.0292, Reg: 0.0277
INFO:__main__:Total loss 0.2590
INFO:__main__:Predicted mean: -0.3926
INFO:__main__:Predicted uncertainity -0.8222
INFO:__main__:Completed epoch 64 of 100

INFO:__main__:NLL: -0.0224, L2: 0.0283, Reg: 0.0276
INFO:__main__:Total loss 0.0335
INFO:__main__:Predicted mean: -0.3705
INFO:__main__:Predicted uncertainity -0.7826
INFO:__main__:Completed epoch 65 of 100

INFO:__main__:NLL: 0.1082, L2: 0.0257, Reg: 0.0276
INFO:__main__:Total loss 0.1616
INFO:__main__:Predicted mean: -0.3692
INFO:__main__:Predicted uncertainity -0.7770
INFO:__main__:Completed epoch 66 of 100

INFO:__main__:NLL: 0.0141, L2: 0.0262, Reg: 0.0276
INFO:__main__:Total loss 0.0680
INFO:__main__:Predicted mean: -0.4156
INFO:__main__:Predicted uncertainity -0.7877
INFO:__main__:Completed epoch 67 of 100

INFO:__main__:NLL: 0.0796, L2: 0.0261, Reg: 0.0276
INFO:__main__:Total loss 0.1332
INFO:__main__:Predicted mean: -0.3600
INFO:__main__:Predicted uncertainity -0.7439
INFO:__main__:Completed epoch 68 of 100

INFO:__main__:NLL: 0.1153, L2: 0.0270, Reg: 0.0276
INFO:__main__:Total loss 0.1699
INFO:__main__:Predicted mean: -0.3803
INFO:__main__:Predicted uncertainity -0.7787
INFO:__main__:Completed epoch 69 of 100

INFO:__main__:NLL: -0.0351, L2: 0.0292, Reg: 0.0276
INFO:__main__:Total loss 0.0216
INFO:__main__:Predicted mean: -0.3636
INFO:__main__:Predicted uncertainity -0.7429
INFO:__main__:Completed epoch 70 of 100

INFO:__main__:NLL: 0.0989, L2: 0.0264, Reg: 0.0275
INFO:__main__:Total loss 0.1528
INFO:__main__:Predicted mean: -0.3343
INFO:__main__:Predicted uncertainity -0.7049
INFO:__main__:Completed epoch 71 of 100

INFO:__main__:NLL: 0.0736, L2: 0.0267, Reg: 0.0276
INFO:__main__:Total loss 0.1279
INFO:__main__:Predicted mean: -0.3527
INFO:__main__:Predicted uncertainity -0.7717
INFO:__main__:Completed epoch 72 of 100

INFO:__main__:NLL: -0.0429, L2: 0.0284, Reg: 0.0276
INFO:__main__:Total loss 0.0131
INFO:__main__:Predicted mean: -0.3559
INFO:__main__:Predicted uncertainity -0.7422
INFO:__main__:Completed epoch 73 of 100

INFO:__main__:NLL: 0.0049, L2: 0.0269, Reg: 0.0277
INFO:__main__:Total loss 0.0595
INFO:__main__:Predicted mean: -0.3832
INFO:__main__:Predicted uncertainity -0.9140
INFO:__main__:Completed epoch 74 of 100

INFO:__main__:NLL: 0.1260, L2: 0.0268, Reg: 0.0275
INFO:__main__:Total loss 0.1804
INFO:__main__:Predicted mean: -0.3498
INFO:__main__:Predicted uncertainity -0.7021
INFO:__main__:Completed epoch 75 of 100

INFO:__main__:NLL: 0.0526, L2: 0.0278, Reg: 0.0276
INFO:__main__:Total loss 0.1079
INFO:__main__:Predicted mean: -0.3896
INFO:__main__:Predicted uncertainity -0.7296
INFO:__main__:Completed epoch 76 of 100

INFO:__main__:NLL: 0.0790, L2: 0.0289, Reg: 0.0275
INFO:__main__:Total loss 0.1354
INFO:__main__:Predicted mean: -0.3748
INFO:__main__:Predicted uncertainity -0.6007
INFO:__main__:Completed epoch 77 of 100

INFO:__main__:NLL: -0.0048, L2: 0.0266, Reg: 0.0276
INFO:__main__:Total loss 0.0494
INFO:__main__:Predicted mean: -0.4546
INFO:__main__:Predicted uncertainity -0.6926
INFO:__main__:Completed epoch 78 of 100

INFO:__main__:NLL: 0.0353, L2: 0.0287, Reg: 0.0276
INFO:__main__:Total loss 0.0916
INFO:__main__:Predicted mean: -0.3483
INFO:__main__:Predicted uncertainity -0.7439
INFO:__main__:Completed epoch 79 of 100

INFO:__main__:NLL: 0.0329, L2: 0.0287, Reg: 0.0276
INFO:__main__:Total loss 0.0892
INFO:__main__:Predicted mean: -0.4045
INFO:__main__:Predicted uncertainity -0.6705
INFO:__main__:Completed epoch 80 of 100

INFO:__main__:NLL: 0.0368, L2: 0.0290, Reg: 0.0275
INFO:__main__:Total loss 0.0933
INFO:__main__:Predicted mean: -0.3507
INFO:__main__:Predicted uncertainity -0.6606
INFO:__main__:Completed epoch 81 of 100

INFO:__main__:NLL: 0.0964, L2: 0.0262, Reg: 0.0275
INFO:__main__:Total loss 0.1501
INFO:__main__:Predicted mean: -0.3151
INFO:__main__:Predicted uncertainity -0.6498
INFO:__main__:Completed epoch 82 of 100

INFO:__main__:NLL: 0.3485, L2: 0.0248, Reg: 0.0276
INFO:__main__:Total loss 0.4008
INFO:__main__:Predicted mean: -0.4065
INFO:__main__:Predicted uncertainity -0.7481
INFO:__main__:Completed epoch 83 of 100

INFO:__main__:NLL: 0.0427, L2: 0.0287, Reg: 0.0275
INFO:__main__:Total loss 0.0988
INFO:__main__:Predicted mean: -0.4161
INFO:__main__:Predicted uncertainity -0.6353
INFO:__main__:Completed epoch 84 of 100

INFO:__main__:NLL: 0.1956, L2: 0.0271, Reg: 0.0276
INFO:__main__:Total loss 0.2503
INFO:__main__:Predicted mean: -0.3317
INFO:__main__:Predicted uncertainity -0.7317
INFO:__main__:Completed epoch 85 of 100

INFO:__main__:NLL: 0.0100, L2: 0.0267, Reg: 0.0276
INFO:__main__:Total loss 0.0643
INFO:__main__:Predicted mean: -0.3528
INFO:__main__:Predicted uncertainity -0.7162
INFO:__main__:Completed epoch 86 of 100

INFO:__main__:NLL: 0.0967, L2: 0.0259, Reg: 0.0276
INFO:__main__:Total loss 0.1503
INFO:__main__:Predicted mean: -0.4221
INFO:__main__:Predicted uncertainity -0.7455
INFO:__main__:Completed epoch 87 of 100

INFO:__main__:NLL: 0.1125, L2: 0.0284, Reg: 0.0276
INFO:__main__:Total loss 0.1685
INFO:__main__:Predicted mean: -0.3425
INFO:__main__:Predicted uncertainity -0.7716
INFO:__main__:Completed epoch 88 of 100

INFO:__main__:NLL: 0.2985, L2: 0.0274, Reg: 0.0276
INFO:__main__:Total loss 0.3534
INFO:__main__:Predicted mean: -0.3761
INFO:__main__:Predicted uncertainity -0.7689
INFO:__main__:Completed epoch 89 of 100

INFO:__main__:NLL: 0.1484, L2: 0.0266, Reg: 0.0276
INFO:__main__:Total loss 0.2025
INFO:__main__:Predicted mean: -0.3364
INFO:__main__:Predicted uncertainity -0.7074
INFO:__main__:Completed epoch 90 of 100

INFO:__main__:NLL: 0.1706, L2: 0.0289, Reg: 0.0276
INFO:__main__:Total loss 0.2271
INFO:__main__:Predicted mean: -0.3300
INFO:__main__:Predicted uncertainity -0.7048
INFO:__main__:Completed epoch 91 of 100

INFO:__main__:NLL: 0.0767, L2: 0.0268, Reg: 0.0277
INFO:__main__:Total loss 0.1312
INFO:__main__:Predicted mean: -0.3881
INFO:__main__:Predicted uncertainity -0.7822
INFO:__main__:Completed epoch 92 of 100

INFO:__main__:NLL: 0.2103, L2: 0.0271, Reg: 0.0277
INFO:__main__:Total loss 0.2650
INFO:__main__:Predicted mean: -0.3435
INFO:__main__:Predicted uncertainity -0.8103
INFO:__main__:Completed epoch 93 of 100

INFO:__main__:NLL: 0.2812, L2: 0.0287, Reg: 0.0277
INFO:__main__:Total loss 0.3376
INFO:__main__:Predicted mean: -0.3646
INFO:__main__:Predicted uncertainity -0.8329
INFO:__main__:Completed epoch 94 of 100

INFO:__main__:NLL: 0.1733, L2: 0.0265, Reg: 0.0276
INFO:__main__:Total loss 0.2274
INFO:__main__:Predicted mean: -0.4110
INFO:__main__:Predicted uncertainity -0.8172
INFO:__main__:Completed epoch 95 of 100

INFO:__main__:NLL: 0.1629, L2: 0.0282, Reg: 0.0277
INFO:__main__:Total loss 0.2188
INFO:__main__:Predicted mean: -0.3743
INFO:__main__:Predicted uncertainity -0.8218
INFO:__main__:Completed epoch 96 of 100

INFO:__main__:NLL: 0.1584, L2: 0.0270, Reg: 0.0276
INFO:__main__:Total loss 0.2130
INFO:__main__:Predicted mean: -0.3773
INFO:__main__:Predicted uncertainity -0.7579
INFO:__main__:Completed epoch 97 of 100

INFO:__main__:NLL: -0.0188, L2: 0.0284, Reg: 0.0276
INFO:__main__:Total loss 0.0372
INFO:__main__:Predicted mean: -0.3177
INFO:__main__:Predicted uncertainity -0.8280
INFO:__main__:Completed epoch 98 of 100

INFO:__main__:NLL: -0.0773, L2: 0.0294, Reg: 0.0277
INFO:__main__:Total loss -0.0202
INFO:__main__:Predicted mean: -0.3922
INFO:__main__:Predicted uncertainity -0.8389
INFO:__main__:Completed epoch 99 of 100

INFO:__main__:NLL: 0.1705, L2: 0.0273, Reg: 0.0276
INFO:__main__:Total loss 0.2255
INFO:__main__:Predicted mean: -0.3943
INFO:__main__:Predicted uncertainity -0.8131
INFO:__main__:Completed epoch 100 of 100

INFO:__main__:660.735508 s
