INFO:__main__:PROCESS RUNNING ON cpu
INFO:__main__:NLL: 0.2596, L2: 0.0212, Reg: 0.0071
INFO:__main__:Total loss 0.2879
INFO:__main__:Predicted mean: -0.3366
INFO:__main__:Predicted uncertainity -0.3135
INFO:__main__:Completed epoch 1 of 100

INFO:__main__:NLL: 0.2594, L2: 0.0213, Reg: 0.0078
INFO:__main__:Total loss 0.2885
INFO:__main__:Predicted mean: -0.3364
INFO:__main__:Predicted uncertainity -0.3153
INFO:__main__:Completed epoch 2 of 100

INFO:__main__:NLL: 0.2594, L2: 0.0213, Reg: 0.0089
INFO:__main__:Total loss 0.2896
INFO:__main__:Predicted mean: -0.3363
INFO:__main__:Predicted uncertainity -0.3158
INFO:__main__:Completed epoch 3 of 100

INFO:__main__:NLL: 0.2593, L2: 0.0213, Reg: 0.0095
INFO:__main__:Total loss 0.2901
INFO:__main__:Predicted mean: -0.3362
INFO:__main__:Predicted uncertainity -0.3161
INFO:__main__:Completed epoch 4 of 100

INFO:__main__:NLL: 0.2593, L2: 0.0213, Reg: 0.0061
INFO:__main__:Total loss 0.2868
INFO:__main__:Predicted mean: -0.3364
INFO:__main__:Predicted uncertainity -0.3167
INFO:__main__:Completed epoch 5 of 100

INFO:__main__:NLL: 0.2592, L2: 0.0214, Reg: 0.0075
INFO:__main__:Total loss 0.2881
INFO:__main__:Predicted mean: -0.3363
INFO:__main__:Predicted uncertainity -0.3171
INFO:__main__:Completed epoch 6 of 100

INFO:__main__:NLL: 0.2593, L2: 0.0214, Reg: 0.0086
INFO:__main__:Total loss 0.2892
INFO:__main__:Predicted mean: -0.3363
INFO:__main__:Predicted uncertainity -0.3169
INFO:__main__:Completed epoch 7 of 100

INFO:__main__:NLL: 0.2592, L2: 0.0214, Reg: 0.0087
INFO:__main__:Total loss 0.2893
INFO:__main__:Predicted mean: -0.3362
INFO:__main__:Predicted uncertainity -0.3175
INFO:__main__:Completed epoch 8 of 100

INFO:__main__:NLL: 0.2594, L2: 0.0213, Reg: 0.0075
INFO:__main__:Total loss 0.2882
INFO:__main__:Predicted mean: -0.3364
INFO:__main__:Predicted uncertainity -0.3155
INFO:__main__:Completed epoch 9 of 100

INFO:__main__:NLL: 0.2594, L2: 0.0214, Reg: 0.0081
INFO:__main__:Total loss 0.2888
INFO:__main__:Predicted mean: -0.3364
INFO:__main__:Predicted uncertainity -0.3163
INFO:__main__:Completed epoch 10 of 100

INFO:__main__:NLL: 0.2593, L2: 0.0214, Reg: 0.0080
INFO:__main__:Total loss 0.2886
INFO:__main__:Predicted mean: -0.3363
INFO:__main__:Predicted uncertainity -0.3167
INFO:__main__:Completed epoch 11 of 100

INFO:__main__:NLL: 0.2592, L2: 0.0214, Reg: 0.0057
INFO:__main__:Total loss 0.2863
INFO:__main__:Predicted mean: -0.3363
INFO:__main__:Predicted uncertainity -0.3175
INFO:__main__:Completed epoch 12 of 100

INFO:__main__:NLL: 0.2591, L2: 0.0215, Reg: 0.0089
INFO:__main__:Total loss 0.2895
INFO:__main__:Predicted mean: -0.3362
INFO:__main__:Predicted uncertainity -0.3183
INFO:__main__:Completed epoch 13 of 100

INFO:__main__:NLL: 0.2594, L2: 0.0213, Reg: 0.0087
INFO:__main__:Total loss 0.2893
INFO:__main__:Predicted mean: -0.3362
INFO:__main__:Predicted uncertainity -0.3151
INFO:__main__:Completed epoch 14 of 100

INFO:__main__:NLL: 0.2593, L2: 0.0213, Reg: 0.0076
INFO:__main__:Total loss 0.2882
INFO:__main__:Predicted mean: -0.3362
INFO:__main__:Predicted uncertainity -0.3159
INFO:__main__:Completed epoch 15 of 100

INFO:__main__:NLL: 0.2596, L2: 0.0214, Reg: 0.0092
INFO:__main__:Total loss 0.2901
INFO:__main__:Predicted mean: -0.3367
INFO:__main__:Predicted uncertainity -0.3149
INFO:__main__:Completed epoch 16 of 100

INFO:__main__:NLL: 0.2593, L2: 0.0214, Reg: 0.0061
INFO:__main__:Total loss 0.2868
INFO:__main__:Predicted mean: -0.3363
INFO:__main__:Predicted uncertainity -0.3168
INFO:__main__:Completed epoch 17 of 100

INFO:__main__:NLL: 0.2594, L2: 0.0213, Reg: 0.0075
INFO:__main__:Total loss 0.2882
INFO:__main__:Predicted mean: -0.3363
INFO:__main__:Predicted uncertainity -0.3151
INFO:__main__:Completed epoch 18 of 100

INFO:__main__:NLL: 0.2594, L2: 0.0213, Reg: 0.0096
INFO:__main__:Total loss 0.2903
INFO:__main__:Predicted mean: -0.3363
INFO:__main__:Predicted uncertainity -0.3148
INFO:__main__:Completed epoch 19 of 100

INFO:__main__:NLL: 0.2594, L2: 0.0213, Reg: 0.0097
INFO:__main__:Total loss 0.2904
INFO:__main__:Predicted mean: -0.3361
INFO:__main__:Predicted uncertainity -0.3154
INFO:__main__:Completed epoch 20 of 100

INFO:__main__:NLL: 0.2591, L2: 0.0215, Reg: 0.0069
INFO:__main__:Total loss 0.2875
INFO:__main__:Predicted mean: -0.3363
INFO:__main__:Predicted uncertainity -0.3188
INFO:__main__:Completed epoch 21 of 100

INFO:__main__:NLL: 0.2593, L2: 0.0214, Reg: 0.0083
INFO:__main__:Total loss 0.2889
INFO:__main__:Predicted mean: -0.3364
INFO:__main__:Predicted uncertainity -0.3172
INFO:__main__:Completed epoch 22 of 100

INFO:__main__:NLL: 0.2594, L2: 0.0213, Reg: 0.0098
INFO:__main__:Total loss 0.2904
INFO:__main__:Predicted mean: -0.3363
INFO:__main__:Predicted uncertainity -0.3159
INFO:__main__:Completed epoch 23 of 100

INFO:__main__:NLL: 0.2593, L2: 0.0214, Reg: 0.0100
INFO:__main__:Total loss 0.2907
INFO:__main__:Predicted mean: -0.3364
INFO:__main__:Predicted uncertainity -0.3163
INFO:__main__:Completed epoch 24 of 100

INFO:__main__:NLL: 0.2594, L2: 0.0213, Reg: 0.0107
INFO:__main__:Total loss 0.2914
INFO:__main__:Predicted mean: -0.3362
INFO:__main__:Predicted uncertainity -0.3153
INFO:__main__:Completed epoch 25 of 100

INFO:__main__:NLL: 0.2592, L2: 0.0214, Reg: 0.0107
INFO:__main__:Total loss 0.2914
INFO:__main__:Predicted mean: -0.3362
INFO:__main__:Predicted uncertainity -0.3176
INFO:__main__:Completed epoch 26 of 100

INFO:__main__:NLL: 0.2593, L2: 0.0213, Reg: 0.0078
INFO:__main__:Total loss 0.2884
INFO:__main__:Predicted mean: -0.3363
INFO:__main__:Predicted uncertainity -0.3160
INFO:__main__:Completed epoch 27 of 100

INFO:__main__:NLL: 0.2594, L2: 0.0213, Reg: 0.0072
INFO:__main__:Total loss 0.2880
INFO:__main__:Predicted mean: -0.3365
INFO:__main__:Predicted uncertainity -0.3158
INFO:__main__:Completed epoch 28 of 100

INFO:__main__:NLL: 0.2595, L2: 0.0213, Reg: 0.0107
INFO:__main__:Total loss 0.2914
INFO:__main__:Predicted mean: -0.3364
INFO:__main__:Predicted uncertainity -0.3148
INFO:__main__:Completed epoch 29 of 100

INFO:__main__:NLL: 0.2592, L2: 0.0214, Reg: 0.0059
INFO:__main__:Total loss 0.2866
INFO:__main__:Predicted mean: -0.3362
INFO:__main__:Predicted uncertainity -0.3173
INFO:__main__:Completed epoch 30 of 100

INFO:__main__:NLL: 0.2594, L2: 0.0213, Reg: 0.0086
INFO:__main__:Total loss 0.2893
INFO:__main__:Predicted mean: -0.3363
INFO:__main__:Predicted uncertainity -0.3149
INFO:__main__:Completed epoch 31 of 100

INFO:__main__:NLL: 0.2591, L2: 0.0215, Reg: 0.0092
INFO:__main__:Total loss 0.2898
INFO:__main__:Predicted mean: -0.3362
INFO:__main__:Predicted uncertainity -0.3186
INFO:__main__:Completed epoch 32 of 100

INFO:__main__:NLL: 0.2592, L2: 0.0214, Reg: 0.0073
INFO:__main__:Total loss 0.2879
INFO:__main__:Predicted mean: -0.3363
INFO:__main__:Predicted uncertainity -0.3170
INFO:__main__:Completed epoch 33 of 100

INFO:__main__:NLL: 0.2595, L2: 0.0213, Reg: 0.0093
INFO:__main__:Total loss 0.2901
INFO:__main__:Predicted mean: -0.3364
INFO:__main__:Predicted uncertainity -0.3149
INFO:__main__:Completed epoch 34 of 100

INFO:__main__:NLL: 0.2594, L2: 0.0213, Reg: 0.0069
INFO:__main__:Total loss 0.2876
INFO:__main__:Predicted mean: -0.3363
INFO:__main__:Predicted uncertainity -0.3152
INFO:__main__:Completed epoch 35 of 100

INFO:__main__:NLL: 0.2593, L2: 0.0214, Reg: 0.0075
INFO:__main__:Total loss 0.2883
INFO:__main__:Predicted mean: -0.3363
INFO:__main__:Predicted uncertainity -0.3174
INFO:__main__:Completed epoch 36 of 100

INFO:__main__:NLL: 0.2594, L2: 0.0213, Reg: 0.0096
INFO:__main__:Total loss 0.2903
INFO:__main__:Predicted mean: -0.3363
INFO:__main__:Predicted uncertainity -0.3149
INFO:__main__:Completed epoch 37 of 100

INFO:__main__:NLL: 0.2593, L2: 0.0214, Reg: 0.0088
INFO:__main__:Total loss 0.2895
INFO:__main__:Predicted mean: -0.3363
INFO:__main__:Predicted uncertainity -0.3168
INFO:__main__:Completed epoch 38 of 100

INFO:__main__:NLL: 0.2594, L2: 0.0213, Reg: 0.0079
INFO:__main__:Total loss 0.2886
INFO:__main__:Predicted mean: -0.3364
INFO:__main__:Predicted uncertainity -0.3153
INFO:__main__:Completed epoch 39 of 100

INFO:__main__:NLL: 0.2592, L2: 0.0214, Reg: 0.0104
INFO:__main__:Total loss 0.2910
INFO:__main__:Predicted mean: -0.3363
INFO:__main__:Predicted uncertainity -0.3179
INFO:__main__:Completed epoch 40 of 100

INFO:__main__:NLL: 0.2593, L2: 0.0214, Reg: 0.0085
INFO:__main__:Total loss 0.2892
INFO:__main__:Predicted mean: -0.3363
INFO:__main__:Predicted uncertainity -0.3167
INFO:__main__:Completed epoch 41 of 100

INFO:__main__:NLL: 0.2594, L2: 0.0212, Reg: 0.0079
INFO:__main__:Total loss 0.2886
INFO:__main__:Predicted mean: -0.3362
INFO:__main__:Predicted uncertainity -0.3147
INFO:__main__:Completed epoch 42 of 100

INFO:__main__:NLL: 0.2593, L2: 0.0213, Reg: 0.0088
INFO:__main__:Total loss 0.2894
INFO:__main__:Predicted mean: -0.3363
INFO:__main__:Predicted uncertainity -0.3164
INFO:__main__:Completed epoch 43 of 100

INFO:__main__:NLL: 0.2592, L2: 0.0214, Reg: 0.0076
INFO:__main__:Total loss 0.2883
INFO:__main__:Predicted mean: -0.3363
INFO:__main__:Predicted uncertainity -0.3172
INFO:__main__:Completed epoch 44 of 100

INFO:__main__:NLL: 0.2594, L2: 0.0213, Reg: 0.0081
INFO:__main__:Total loss 0.2888
INFO:__main__:Predicted mean: -0.3363
INFO:__main__:Predicted uncertainity -0.3150
INFO:__main__:Completed epoch 45 of 100

INFO:__main__:NLL: 0.2593, L2: 0.0214, Reg: 0.0083
INFO:__main__:Total loss 0.2890
INFO:__main__:Predicted mean: -0.3363
INFO:__main__:Predicted uncertainity -0.3170
INFO:__main__:Completed epoch 46 of 100

INFO:__main__:NLL: 0.2595, L2: 0.0213, Reg: 0.0081
INFO:__main__:Total loss 0.2889
INFO:__main__:Predicted mean: -0.3363
INFO:__main__:Predicted uncertainity -0.3150
INFO:__main__:Completed epoch 47 of 100

INFO:__main__:NLL: 0.2594, L2: 0.0212, Reg: 0.0085
INFO:__main__:Total loss 0.2892
INFO:__main__:Predicted mean: -0.3362
INFO:__main__:Predicted uncertainity -0.3147
INFO:__main__:Completed epoch 48 of 100

INFO:__main__:NLL: 0.2596, L2: 0.0211, Reg: 0.0083
INFO:__main__:Total loss 0.2890
INFO:__main__:Predicted mean: -0.3362
INFO:__main__:Predicted uncertainity -0.3133
INFO:__main__:Completed epoch 49 of 100

INFO:__main__:NLL: 0.2592, L2: 0.0214, Reg: 0.0073
INFO:__main__:Total loss 0.2879
INFO:__main__:Predicted mean: -0.3362
INFO:__main__:Predicted uncertainity -0.3172
INFO:__main__:Completed epoch 50 of 100

INFO:__main__:NLL: 0.2593, L2: 0.0213, Reg: 0.0099
INFO:__main__:Total loss 0.2905
INFO:__main__:Predicted mean: -0.3362
INFO:__main__:Predicted uncertainity -0.3163
INFO:__main__:Completed epoch 51 of 100

INFO:__main__:NLL: 0.2594, L2: 0.0214, Reg: 0.0112
INFO:__main__:Total loss 0.2919
INFO:__main__:Predicted mean: -0.3366
INFO:__main__:Predicted uncertainity -0.3160
INFO:__main__:Completed epoch 52 of 100

INFO:__main__:NLL: 0.2594, L2: 0.0213, Reg: 0.0073
INFO:__main__:Total loss 0.2880
INFO:__main__:Predicted mean: -0.3362
INFO:__main__:Predicted uncertainity -0.3154
INFO:__main__:Completed epoch 53 of 100

INFO:__main__:NLL: 0.2593, L2: 0.0214, Reg: 0.0096
INFO:__main__:Total loss 0.2904
INFO:__main__:Predicted mean: -0.3364
INFO:__main__:Predicted uncertainity -0.3170
INFO:__main__:Completed epoch 54 of 100

INFO:__main__:NLL: 0.2594, L2: 0.0213, Reg: 0.0077
INFO:__main__:Total loss 0.2884
INFO:__main__:Predicted mean: -0.3363
INFO:__main__:Predicted uncertainity -0.3151
INFO:__main__:Completed epoch 55 of 100

INFO:__main__:NLL: 0.2593, L2: 0.0214, Reg: 0.0082
INFO:__main__:Total loss 0.2888
INFO:__main__:Predicted mean: -0.3362
INFO:__main__:Predicted uncertainity -0.3167
INFO:__main__:Completed epoch 56 of 100

INFO:__main__:NLL: 0.2591, L2: 0.0215, Reg: 0.0076
INFO:__main__:Total loss 0.2882
INFO:__main__:Predicted mean: -0.3363
INFO:__main__:Predicted uncertainity -0.3185
INFO:__main__:Completed epoch 57 of 100

INFO:__main__:NLL: 0.2591, L2: 0.0215, Reg: 0.0086
INFO:__main__:Total loss 0.2892
INFO:__main__:Predicted mean: -0.3362
INFO:__main__:Predicted uncertainity -0.3192
INFO:__main__:Completed epoch 58 of 100

INFO:__main__:NLL: 0.2593, L2: 0.0214, Reg: 0.0100
INFO:__main__:Total loss 0.2907
INFO:__main__:Predicted mean: -0.3363
INFO:__main__:Predicted uncertainity -0.3166
INFO:__main__:Completed epoch 59 of 100

INFO:__main__:NLL: 0.2594, L2: 0.0213, Reg: 0.0092
INFO:__main__:Total loss 0.2898
INFO:__main__:Predicted mean: -0.3363
INFO:__main__:Predicted uncertainity -0.3150
INFO:__main__:Completed epoch 60 of 100

INFO:__main__:NLL: 0.2594, L2: 0.0212, Reg: 0.0074
INFO:__main__:Total loss 0.2881
INFO:__main__:Predicted mean: -0.3361
INFO:__main__:Predicted uncertainity -0.3148
INFO:__main__:Completed epoch 61 of 100

INFO:__main__:NLL: 0.2592, L2: 0.0215, Reg: 0.0078
INFO:__main__:Total loss 0.2885
INFO:__main__:Predicted mean: -0.3364
INFO:__main__:Predicted uncertainity -0.3175
INFO:__main__:Completed epoch 62 of 100

INFO:__main__:NLL: 0.2593, L2: 0.0214, Reg: 0.0089
INFO:__main__:Total loss 0.2896
INFO:__main__:Predicted mean: -0.3363
INFO:__main__:Predicted uncertainity -0.3162
INFO:__main__:Completed epoch 63 of 100

INFO:__main__:NLL: 0.2592, L2: 0.0214, Reg: 0.0089
INFO:__main__:Total loss 0.2895
INFO:__main__:Predicted mean: -0.3362
INFO:__main__:Predicted uncertainity -0.3178
INFO:__main__:Completed epoch 64 of 100

INFO:__main__:NLL: 0.2594, L2: 0.0214, Reg: 0.0085
INFO:__main__:Total loss 0.2894
INFO:__main__:Predicted mean: -0.3367
INFO:__main__:Predicted uncertainity -0.3160
INFO:__main__:Completed epoch 65 of 100

INFO:__main__:NLL: 0.2592, L2: 0.0214, Reg: 0.0093
INFO:__main__:Total loss 0.2899
INFO:__main__:Predicted mean: -0.3363
INFO:__main__:Predicted uncertainity -0.3173
INFO:__main__:Completed epoch 66 of 100

INFO:__main__:NLL: 0.2593, L2: 0.0214, Reg: 0.0085
INFO:__main__:Total loss 0.2892
INFO:__main__:Predicted mean: -0.3363
INFO:__main__:Predicted uncertainity -0.3171
INFO:__main__:Completed epoch 67 of 100

INFO:__main__:NLL: 0.2593, L2: 0.0213, Reg: 0.0090
INFO:__main__:Total loss 0.2896
INFO:__main__:Predicted mean: -0.3363
INFO:__main__:Predicted uncertainity -0.3159
INFO:__main__:Completed epoch 68 of 100

INFO:__main__:NLL: 0.2592, L2: 0.0214, Reg: 0.0066
INFO:__main__:Total loss 0.2873
INFO:__main__:Predicted mean: -0.3362
INFO:__main__:Predicted uncertainity -0.3179
INFO:__main__:Completed epoch 69 of 100

INFO:__main__:NLL: 0.2594, L2: 0.0213, Reg: 0.0061
INFO:__main__:Total loss 0.2868
INFO:__main__:Predicted mean: -0.3363
INFO:__main__:Predicted uncertainity -0.3155
INFO:__main__:Completed epoch 70 of 100

INFO:__main__:NLL: 0.2593, L2: 0.0213, Reg: 0.0093
INFO:__main__:Total loss 0.2899
INFO:__main__:Predicted mean: -0.3361
INFO:__main__:Predicted uncertainity -0.3159
INFO:__main__:Completed epoch 71 of 100

INFO:__main__:NLL: 0.2594, L2: 0.0213, Reg: 0.0089
INFO:__main__:Total loss 0.2895
INFO:__main__:Predicted mean: -0.3362
INFO:__main__:Predicted uncertainity -0.3153
INFO:__main__:Completed epoch 72 of 100

INFO:__main__:NLL: 0.2593, L2: 0.0214, Reg: 0.0071
INFO:__main__:Total loss 0.2878
INFO:__main__:Predicted mean: -0.3364
INFO:__main__:Predicted uncertainity -0.3168
INFO:__main__:Completed epoch 73 of 100

INFO:__main__:NLL: 0.2592, L2: 0.0214, Reg: 0.0072
INFO:__main__:Total loss 0.2878
INFO:__main__:Predicted mean: -0.3363
INFO:__main__:Predicted uncertainity -0.3172
INFO:__main__:Completed epoch 74 of 100

INFO:__main__:NLL: 0.2594, L2: 0.0213, Reg: 0.0084
INFO:__main__:Total loss 0.2891
INFO:__main__:Predicted mean: -0.3363
INFO:__main__:Predicted uncertainity -0.3152
INFO:__main__:Completed epoch 75 of 100

INFO:__main__:NLL: 0.2594, L2: 0.0213, Reg: 0.0088
INFO:__main__:Total loss 0.2894
INFO:__main__:Predicted mean: -0.3362
INFO:__main__:Predicted uncertainity -0.3155
INFO:__main__:Completed epoch 76 of 100

INFO:__main__:NLL: 0.2592, L2: 0.0214, Reg: 0.0091
INFO:__main__:Total loss 0.2897
INFO:__main__:Predicted mean: -0.3362
INFO:__main__:Predicted uncertainity -0.3176
INFO:__main__:Completed epoch 77 of 100

INFO:__main__:NLL: 0.2594, L2: 0.0213, Reg: 0.0086
INFO:__main__:Total loss 0.2893
INFO:__main__:Predicted mean: -0.3364
INFO:__main__:Predicted uncertainity -0.3157
INFO:__main__:Completed epoch 78 of 100

INFO:__main__:NLL: 0.2594, L2: 0.0212, Reg: 0.0101
INFO:__main__:Total loss 0.2907
INFO:__main__:Predicted mean: -0.3362
INFO:__main__:Predicted uncertainity -0.3145
INFO:__main__:Completed epoch 79 of 100

INFO:__main__:NLL: 0.2592, L2: 0.0214, Reg: 0.0088
INFO:__main__:Total loss 0.2894
INFO:__main__:Predicted mean: -0.3362
INFO:__main__:Predicted uncertainity -0.3177
INFO:__main__:Completed epoch 80 of 100

INFO:__main__:NLL: 0.2594, L2: 0.0213, Reg: 0.0060
INFO:__main__:Total loss 0.2867
INFO:__main__:Predicted mean: -0.3363
INFO:__main__:Predicted uncertainity -0.3154
INFO:__main__:Completed epoch 81 of 100

INFO:__main__:NLL: 0.2593, L2: 0.0214, Reg: 0.0100
INFO:__main__:Total loss 0.2907
INFO:__main__:Predicted mean: -0.3363
INFO:__main__:Predicted uncertainity -0.3168
INFO:__main__:Completed epoch 82 of 100

INFO:__main__:NLL: 0.2595, L2: 0.0212, Reg: 0.0081
INFO:__main__:Total loss 0.2888
INFO:__main__:Predicted mean: -0.3362
INFO:__main__:Predicted uncertainity -0.3142
INFO:__main__:Completed epoch 83 of 100

INFO:__main__:NLL: 0.2594, L2: 0.0212, Reg: 0.0089
INFO:__main__:Total loss 0.2895
INFO:__main__:Predicted mean: -0.3362
INFO:__main__:Predicted uncertainity -0.3148
INFO:__main__:Completed epoch 84 of 100

INFO:__main__:NLL: 0.2593, L2: 0.0214, Reg: 0.0090
INFO:__main__:Total loss 0.2898
INFO:__main__:Predicted mean: -0.3368
INFO:__main__:Predicted uncertainity -0.3159
INFO:__main__:Completed epoch 85 of 100

INFO:__main__:NLL: 0.2594, L2: 0.0213, Reg: 0.0102
INFO:__main__:Total loss 0.2908
INFO:__main__:Predicted mean: -0.3362
INFO:__main__:Predicted uncertainity -0.3154
INFO:__main__:Completed epoch 86 of 100

INFO:__main__:NLL: 0.2594, L2: 0.0212, Reg: 0.0067
INFO:__main__:Total loss 0.2873
INFO:__main__:Predicted mean: -0.3361
INFO:__main__:Predicted uncertainity -0.3150
INFO:__main__:Completed epoch 87 of 100

INFO:__main__:NLL: 0.2593, L2: 0.0214, Reg: 0.0095
INFO:__main__:Total loss 0.2902
INFO:__main__:Predicted mean: -0.3364
INFO:__main__:Predicted uncertainity -0.3169
INFO:__main__:Completed epoch 88 of 100

INFO:__main__:NLL: 0.2594, L2: 0.0213, Reg: 0.0087
INFO:__main__:Total loss 0.2893
INFO:__main__:Predicted mean: -0.3363
INFO:__main__:Predicted uncertainity -0.3152
INFO:__main__:Completed epoch 89 of 100

INFO:__main__:NLL: 0.2594, L2: 0.0213, Reg: 0.0084
INFO:__main__:Total loss 0.2891
INFO:__main__:Predicted mean: -0.3364
INFO:__main__:Predicted uncertainity -0.3159
INFO:__main__:Completed epoch 90 of 100

INFO:__main__:NLL: 0.2594, L2: 0.0213, Reg: 0.0078
INFO:__main__:Total loss 0.2885
INFO:__main__:Predicted mean: -0.3363
INFO:__main__:Predicted uncertainity -0.3153
INFO:__main__:Completed epoch 91 of 100

INFO:__main__:NLL: 0.2594, L2: 0.0213, Reg: 0.0105
INFO:__main__:Total loss 0.2912
INFO:__main__:Predicted mean: -0.3362
INFO:__main__:Predicted uncertainity -0.3156
INFO:__main__:Completed epoch 92 of 100

INFO:__main__:NLL: 0.2592, L2: 0.0214, Reg: 0.0088
INFO:__main__:Total loss 0.2894
INFO:__main__:Predicted mean: -0.3363
INFO:__main__:Predicted uncertainity -0.3175
INFO:__main__:Completed epoch 93 of 100

INFO:__main__:NLL: 0.2594, L2: 0.0213, Reg: 0.0090
INFO:__main__:Total loss 0.2896
INFO:__main__:Predicted mean: -0.3362
INFO:__main__:Predicted uncertainity -0.3157
INFO:__main__:Completed epoch 94 of 100

INFO:__main__:NLL: 0.2593, L2: 0.0213, Reg: 0.0096
INFO:__main__:Total loss 0.2903
INFO:__main__:Predicted mean: -0.3362
INFO:__main__:Predicted uncertainity -0.3160
INFO:__main__:Completed epoch 95 of 100

INFO:__main__:NLL: 0.2594, L2: 0.0212, Reg: 0.0067
INFO:__main__:Total loss 0.2874
INFO:__main__:Predicted mean: -0.3362
INFO:__main__:Predicted uncertainity -0.3146
INFO:__main__:Completed epoch 96 of 100

INFO:__main__:NLL: 0.2593, L2: 0.0213, Reg: 0.0093
INFO:__main__:Total loss 0.2900
INFO:__main__:Predicted mean: -0.3363
INFO:__main__:Predicted uncertainity -0.3163
INFO:__main__:Completed epoch 97 of 100

INFO:__main__:NLL: 0.2594, L2: 0.0212, Reg: 0.0063
INFO:__main__:Total loss 0.2870
INFO:__main__:Predicted mean: -0.3362
INFO:__main__:Predicted uncertainity -0.3149
INFO:__main__:Completed epoch 98 of 100

INFO:__main__:NLL: 0.2592, L2: 0.0214, Reg: 0.0090
INFO:__main__:Total loss 0.2896
INFO:__main__:Predicted mean: -0.3363
INFO:__main__:Predicted uncertainity -0.3173
INFO:__main__:Completed epoch 99 of 100

INFO:__main__:NLL: 0.2593, L2: 0.0213, Reg: 0.0081
INFO:__main__:Total loss 0.2887
INFO:__main__:Predicted mean: -0.3361
INFO:__main__:Predicted uncertainity -0.3165
INFO:__main__:Completed epoch 100 of 100

INFO:__main__:594.759594 s
