INFO:__main__:PROCESS RUNNING ON cpu
INFO:__main__:NLL: 0.3104, L2: 0.0003, Reg: 0.2752
INFO:__main__:Total loss 0.5859
INFO:__main__:Predicted mean: -0.0016
INFO:__main__:Predicted uncertainity -0.0007
INFO:__main__:Completed epoch 1 of 100

INFO:__main__:NLL: 0.3105, L2: 0.0002, Reg: 0.2750
INFO:__main__:Total loss 0.5858
INFO:__main__:Predicted mean: -0.0014
INFO:__main__:Predicted uncertainity -0.0003
INFO:__main__:Completed epoch 2 of 100

INFO:__main__:NLL: 0.3104, L2: 0.0037, Reg: 0.2750
INFO:__main__:Total loss 0.5891
INFO:__main__:Predicted mean: -0.0020
INFO:__main__:Predicted uncertainity -0.0008
INFO:__main__:Completed epoch 3 of 100

INFO:__main__:NLL: 0.3103, L2: 0.0017, Reg: 0.2749
INFO:__main__:Total loss 0.5869
INFO:__main__:Predicted mean: -0.0024
INFO:__main__:Predicted uncertainity -0.0005
INFO:__main__:Completed epoch 4 of 100

INFO:__main__:NLL: 0.3104, L2: 0.0033, Reg: 0.2751
INFO:__main__:Total loss 0.5888
INFO:__main__:Predicted mean: -0.0019
INFO:__main__:Predicted uncertainity -0.0008
INFO:__main__:Completed epoch 5 of 100

INFO:__main__:NLL: 0.3104, L2: 0.0041, Reg: 0.2750
INFO:__main__:Total loss 0.5895
INFO:__main__:Predicted mean: -0.0022
INFO:__main__:Predicted uncertainity -0.0005
INFO:__main__:Completed epoch 6 of 100

INFO:__main__:NLL: 0.3104, L2: 0.0032, Reg: 0.2751
INFO:__main__:Total loss 0.5887
INFO:__main__:Predicted mean: -0.0019
INFO:__main__:Predicted uncertainity -0.0006
INFO:__main__:Completed epoch 7 of 100

INFO:__main__:NLL: 0.3104, L2: 0.0060, Reg: 0.2751
INFO:__main__:Total loss 0.5915
INFO:__main__:Predicted mean: -0.0024
INFO:__main__:Predicted uncertainity -0.0001
INFO:__main__:Completed epoch 8 of 100

INFO:__main__:NLL: 0.3104, L2: 0.0053, Reg: 0.2752
INFO:__main__:Total loss 0.5909
INFO:__main__:Predicted mean: -0.0028
INFO:__main__:Predicted uncertainity 0.0001
INFO:__main__:Completed epoch 9 of 100

INFO:__main__:NLL: 0.3104, L2: 0.0105, Reg: 0.2751
INFO:__main__:Total loss 0.5960
INFO:__main__:Predicted mean: -0.0027
INFO:__main__:Predicted uncertainity 0.0001
INFO:__main__:Completed epoch 10 of 100

INFO:__main__:NLL: 0.3103, L2: 0.0206, Reg: 0.2749
INFO:__main__:Total loss 0.6057
INFO:__main__:Predicted mean: -0.0032
INFO:__main__:Predicted uncertainity 0.0000
INFO:__main__:Completed epoch 11 of 100

INFO:__main__:NLL: 0.3102, L2: 0.0171, Reg: 0.2751
INFO:__main__:Total loss 0.6024
INFO:__main__:Predicted mean: -0.0035
INFO:__main__:Predicted uncertainity 0.0000
INFO:__main__:Completed epoch 12 of 100

INFO:__main__:NLL: 0.3102, L2: 0.0220, Reg: 0.2752
INFO:__main__:Total loss 0.6074
INFO:__main__:Predicted mean: -0.0036
INFO:__main__:Predicted uncertainity -0.0000
INFO:__main__:Completed epoch 13 of 100

INFO:__main__:NLL: 0.3102, L2: 0.0211, Reg: 0.2752
INFO:__main__:Total loss 0.6065
INFO:__main__:Predicted mean: -0.0036
INFO:__main__:Predicted uncertainity -0.0000
INFO:__main__:Completed epoch 14 of 100

INFO:__main__:NLL: 0.3102, L2: 0.0161, Reg: 0.2749
INFO:__main__:Total loss 0.6013
INFO:__main__:Predicted mean: -0.0036
INFO:__main__:Predicted uncertainity -0.0001
INFO:__main__:Completed epoch 15 of 100

INFO:__main__:NLL: 0.3102, L2: 0.0203, Reg: 0.2751
INFO:__main__:Total loss 0.6056
INFO:__main__:Predicted mean: -0.0036
INFO:__main__:Predicted uncertainity -0.0001
INFO:__main__:Completed epoch 16 of 100

INFO:__main__:NLL: 0.3102, L2: 0.0219, Reg: 0.2750
INFO:__main__:Total loss 0.6071
INFO:__main__:Predicted mean: -0.0036
INFO:__main__:Predicted uncertainity -0.0001
INFO:__main__:Completed epoch 17 of 100

INFO:__main__:NLL: 0.3102, L2: 0.0178, Reg: 0.2750
INFO:__main__:Total loss 0.6030
INFO:__main__:Predicted mean: -0.0036
INFO:__main__:Predicted uncertainity -0.0001
INFO:__main__:Completed epoch 18 of 100

INFO:__main__:NLL: 0.3102, L2: 0.0160, Reg: 0.2750
INFO:__main__:Total loss 0.6011
INFO:__main__:Predicted mean: -0.0036
INFO:__main__:Predicted uncertainity -0.0001
INFO:__main__:Completed epoch 19 of 100

INFO:__main__:NLL: 0.3102, L2: 0.0170, Reg: 0.2751
INFO:__main__:Total loss 0.6022
INFO:__main__:Predicted mean: -0.0036
INFO:__main__:Predicted uncertainity -0.0001
INFO:__main__:Completed epoch 20 of 100

INFO:__main__:NLL: 0.3102, L2: 0.0198, Reg: 0.2751
INFO:__main__:Total loss 0.6051
INFO:__main__:Predicted mean: -0.0036
INFO:__main__:Predicted uncertainity -0.0001
INFO:__main__:Completed epoch 21 of 100

INFO:__main__:NLL: 0.3102, L2: 0.0191, Reg: 0.2749
INFO:__main__:Total loss 0.6042
INFO:__main__:Predicted mean: -0.0036
INFO:__main__:Predicted uncertainity -0.0001
INFO:__main__:Completed epoch 22 of 100

INFO:__main__:NLL: 0.3102, L2: 0.0223, Reg: 0.2752
INFO:__main__:Total loss 0.6077
INFO:__main__:Predicted mean: -0.0036
INFO:__main__:Predicted uncertainity -0.0001
INFO:__main__:Completed epoch 23 of 100

INFO:__main__:NLL: 0.3102, L2: 0.0187, Reg: 0.2752
INFO:__main__:Total loss 0.6041
INFO:__main__:Predicted mean: -0.0036
INFO:__main__:Predicted uncertainity -0.0001
INFO:__main__:Completed epoch 24 of 100

INFO:__main__:NLL: 0.3102, L2: 0.0188, Reg: 0.2753
INFO:__main__:Total loss 0.6042
INFO:__main__:Predicted mean: -0.0036
INFO:__main__:Predicted uncertainity -0.0001
INFO:__main__:Completed epoch 25 of 100

INFO:__main__:NLL: 0.3102, L2: 0.0234, Reg: 0.2751
INFO:__main__:Total loss 0.6087
INFO:__main__:Predicted mean: -0.0036
INFO:__main__:Predicted uncertainity -0.0001
INFO:__main__:Completed epoch 26 of 100

INFO:__main__:NLL: 0.3102, L2: 0.0193, Reg: 0.2751
INFO:__main__:Total loss 0.6045
INFO:__main__:Predicted mean: -0.0036
INFO:__main__:Predicted uncertainity -0.0001
INFO:__main__:Completed epoch 27 of 100

INFO:__main__:NLL: 0.3102, L2: 0.0222, Reg: 0.2751
INFO:__main__:Total loss 0.6075
INFO:__main__:Predicted mean: -0.0036
INFO:__main__:Predicted uncertainity -0.0001
INFO:__main__:Completed epoch 28 of 100

INFO:__main__:NLL: 0.3102, L2: 0.0199, Reg: 0.2750
INFO:__main__:Total loss 0.6051
INFO:__main__:Predicted mean: -0.0036
INFO:__main__:Predicted uncertainity -0.0001
INFO:__main__:Completed epoch 29 of 100

INFO:__main__:NLL: 0.3102, L2: 0.0182, Reg: 0.2751
INFO:__main__:Total loss 0.6034
INFO:__main__:Predicted mean: -0.0036
INFO:__main__:Predicted uncertainity -0.0001
INFO:__main__:Completed epoch 30 of 100

INFO:__main__:NLL: 0.3102, L2: 0.0169, Reg: 0.2751
INFO:__main__:Total loss 0.6022
INFO:__main__:Predicted mean: -0.0036
INFO:__main__:Predicted uncertainity -0.0001
INFO:__main__:Completed epoch 31 of 100

INFO:__main__:NLL: 0.3102, L2: 0.0168, Reg: 0.2749
INFO:__main__:Total loss 0.6019
INFO:__main__:Predicted mean: -0.0036
INFO:__main__:Predicted uncertainity -0.0001
INFO:__main__:Completed epoch 32 of 100

INFO:__main__:NLL: 0.3102, L2: 0.0194, Reg: 0.2750
INFO:__main__:Total loss 0.6046
INFO:__main__:Predicted mean: -0.0036
INFO:__main__:Predicted uncertainity -0.0001
INFO:__main__:Completed epoch 33 of 100

INFO:__main__:NLL: 0.3102, L2: 0.0198, Reg: 0.2751
INFO:__main__:Total loss 0.6051
INFO:__main__:Predicted mean: -0.0036
INFO:__main__:Predicted uncertainity -0.0001
INFO:__main__:Completed epoch 34 of 100

INFO:__main__:NLL: 0.3102, L2: 0.0210, Reg: 0.2751
INFO:__main__:Total loss 0.6063
INFO:__main__:Predicted mean: -0.0036
INFO:__main__:Predicted uncertainity -0.0001
INFO:__main__:Completed epoch 35 of 100

INFO:__main__:NLL: 0.3102, L2: 0.0185, Reg: 0.2750
INFO:__main__:Total loss 0.6037
INFO:__main__:Predicted mean: -0.0036
INFO:__main__:Predicted uncertainity -0.0001
INFO:__main__:Completed epoch 36 of 100

INFO:__main__:NLL: 0.3102, L2: 0.0169, Reg: 0.2750
INFO:__main__:Total loss 0.6021
INFO:__main__:Predicted mean: -0.0036
INFO:__main__:Predicted uncertainity -0.0001
INFO:__main__:Completed epoch 37 of 100

INFO:__main__:NLL: 0.3102, L2: 0.0219, Reg: 0.2750
INFO:__main__:Total loss 0.6071
INFO:__main__:Predicted mean: -0.0036
INFO:__main__:Predicted uncertainity -0.0001
INFO:__main__:Completed epoch 38 of 100

INFO:__main__:NLL: 0.3102, L2: 0.0187, Reg: 0.2750
INFO:__main__:Total loss 0.6039
INFO:__main__:Predicted mean: -0.0036
INFO:__main__:Predicted uncertainity -0.0001
INFO:__main__:Completed epoch 39 of 100

INFO:__main__:NLL: 0.3102, L2: 0.0221, Reg: 0.2751
INFO:__main__:Total loss 0.6073
INFO:__main__:Predicted mean: -0.0036
INFO:__main__:Predicted uncertainity -0.0001
INFO:__main__:Completed epoch 40 of 100

INFO:__main__:NLL: 0.3102, L2: 0.0186, Reg: 0.2750
INFO:__main__:Total loss 0.6038
INFO:__main__:Predicted mean: -0.0036
INFO:__main__:Predicted uncertainity -0.0001
INFO:__main__:Completed epoch 41 of 100

INFO:__main__:NLL: 0.3102, L2: 0.0194, Reg: 0.2752
INFO:__main__:Total loss 0.6047
INFO:__main__:Predicted mean: -0.0036
INFO:__main__:Predicted uncertainity -0.0001
INFO:__main__:Completed epoch 42 of 100

INFO:__main__:NLL: 0.3102, L2: 0.0208, Reg: 0.2751
INFO:__main__:Total loss 0.6060
INFO:__main__:Predicted mean: -0.0036
INFO:__main__:Predicted uncertainity -0.0001
INFO:__main__:Completed epoch 43 of 100

INFO:__main__:NLL: 0.3102, L2: 0.0170, Reg: 0.2748
INFO:__main__:Total loss 0.6020
INFO:__main__:Predicted mean: -0.0036
INFO:__main__:Predicted uncertainity -0.0001
INFO:__main__:Completed epoch 44 of 100

INFO:__main__:NLL: 0.3102, L2: 0.0182, Reg: 0.2750
INFO:__main__:Total loss 0.6033
INFO:__main__:Predicted mean: -0.0036
INFO:__main__:Predicted uncertainity -0.0001
INFO:__main__:Completed epoch 45 of 100

INFO:__main__:NLL: 0.3102, L2: 0.0171, Reg: 0.2751
INFO:__main__:Total loss 0.6023
INFO:__main__:Predicted mean: -0.0036
INFO:__main__:Predicted uncertainity -0.0001
INFO:__main__:Completed epoch 46 of 100

INFO:__main__:NLL: 0.3102, L2: 0.0188, Reg: 0.2750
INFO:__main__:Total loss 0.6040
INFO:__main__:Predicted mean: -0.0036
INFO:__main__:Predicted uncertainity -0.0001
INFO:__main__:Completed epoch 47 of 100

INFO:__main__:NLL: 0.3102, L2: 0.0213, Reg: 0.2750
INFO:__main__:Total loss 0.6065
INFO:__main__:Predicted mean: -0.0036
INFO:__main__:Predicted uncertainity -0.0001
INFO:__main__:Completed epoch 48 of 100

INFO:__main__:NLL: 0.3102, L2: 0.0162, Reg: 0.2751
INFO:__main__:Total loss 0.6015
INFO:__main__:Predicted mean: -0.0036
INFO:__main__:Predicted uncertainity -0.0001
INFO:__main__:Completed epoch 49 of 100

INFO:__main__:NLL: 0.3102, L2: 0.0179, Reg: 0.2752
INFO:__main__:Total loss 0.6032
INFO:__main__:Predicted mean: -0.0036
INFO:__main__:Predicted uncertainity -0.0001
INFO:__main__:Completed epoch 50 of 100

INFO:__main__:NLL: 0.3102, L2: 0.0198, Reg: 0.2751
INFO:__main__:Total loss 0.6050
INFO:__main__:Predicted mean: -0.0036
INFO:__main__:Predicted uncertainity -0.0001
INFO:__main__:Completed epoch 51 of 100

INFO:__main__:NLL: 0.3102, L2: 0.0180, Reg: 0.2749
INFO:__main__:Total loss 0.6031
INFO:__main__:Predicted mean: -0.0036
INFO:__main__:Predicted uncertainity -0.0001
INFO:__main__:Completed epoch 52 of 100

INFO:__main__:NLL: 0.3102, L2: 0.0210, Reg: 0.2750
INFO:__main__:Total loss 0.6061
INFO:__main__:Predicted mean: -0.0036
INFO:__main__:Predicted uncertainity -0.0001
INFO:__main__:Completed epoch 53 of 100

INFO:__main__:NLL: 0.3102, L2: 0.0181, Reg: 0.2749
INFO:__main__:Total loss 0.6032
INFO:__main__:Predicted mean: -0.0036
INFO:__main__:Predicted uncertainity -0.0001
INFO:__main__:Completed epoch 54 of 100

INFO:__main__:NLL: 0.3102, L2: 0.0194, Reg: 0.2750
INFO:__main__:Total loss 0.6046
INFO:__main__:Predicted mean: -0.0036
INFO:__main__:Predicted uncertainity -0.0001
INFO:__main__:Completed epoch 55 of 100

INFO:__main__:NLL: 0.3102, L2: 0.0210, Reg: 0.2750
INFO:__main__:Total loss 0.6063
INFO:__main__:Predicted mean: -0.0036
INFO:__main__:Predicted uncertainity -0.0001
INFO:__main__:Completed epoch 56 of 100

INFO:__main__:NLL: 0.3102, L2: 0.0199, Reg: 0.2750
INFO:__main__:Total loss 0.6050
INFO:__main__:Predicted mean: -0.0036
INFO:__main__:Predicted uncertainity -0.0001
INFO:__main__:Completed epoch 57 of 100

INFO:__main__:NLL: 0.3102, L2: 0.0198, Reg: 0.2752
INFO:__main__:Total loss 0.6052
INFO:__main__:Predicted mean: -0.0036
INFO:__main__:Predicted uncertainity -0.0001
INFO:__main__:Completed epoch 58 of 100

INFO:__main__:NLL: 0.3102, L2: 0.0178, Reg: 0.2751
INFO:__main__:Total loss 0.6031
INFO:__main__:Predicted mean: -0.0036
INFO:__main__:Predicted uncertainity -0.0001
INFO:__main__:Completed epoch 59 of 100

INFO:__main__:NLL: 0.3102, L2: 0.0199, Reg: 0.2749
INFO:__main__:Total loss 0.6050
INFO:__main__:Predicted mean: -0.0036
INFO:__main__:Predicted uncertainity -0.0001
INFO:__main__:Completed epoch 60 of 100

INFO:__main__:NLL: 0.3102, L2: 0.0162, Reg: 0.2751
INFO:__main__:Total loss 0.6015
INFO:__main__:Predicted mean: -0.0036
INFO:__main__:Predicted uncertainity -0.0001
INFO:__main__:Completed epoch 61 of 100

INFO:__main__:NLL: 0.3102, L2: 0.0185, Reg: 0.2751
INFO:__main__:Total loss 0.6037
INFO:__main__:Predicted mean: -0.0036
INFO:__main__:Predicted uncertainity -0.0001
INFO:__main__:Completed epoch 62 of 100

INFO:__main__:NLL: 0.3102, L2: 0.0198, Reg: 0.2750
INFO:__main__:Total loss 0.6050
INFO:__main__:Predicted mean: -0.0036
INFO:__main__:Predicted uncertainity -0.0001
INFO:__main__:Completed epoch 63 of 100

INFO:__main__:NLL: 0.3102, L2: 0.0219, Reg: 0.2750
INFO:__main__:Total loss 0.6071
INFO:__main__:Predicted mean: -0.0036
INFO:__main__:Predicted uncertainity -0.0001
INFO:__main__:Completed epoch 64 of 100

INFO:__main__:NLL: 0.3102, L2: 0.0183, Reg: 0.2750
INFO:__main__:Total loss 0.6035
INFO:__main__:Predicted mean: -0.0036
INFO:__main__:Predicted uncertainity -0.0001
INFO:__main__:Completed epoch 65 of 100

INFO:__main__:NLL: 0.3102, L2: 0.0194, Reg: 0.2750
INFO:__main__:Total loss 0.6046
INFO:__main__:Predicted mean: -0.0036
INFO:__main__:Predicted uncertainity -0.0001
INFO:__main__:Completed epoch 66 of 100

INFO:__main__:NLL: 0.3102, L2: 0.0185, Reg: 0.2750
INFO:__main__:Total loss 0.6037
INFO:__main__:Predicted mean: -0.0036
INFO:__main__:Predicted uncertainity -0.0001
INFO:__main__:Completed epoch 67 of 100

INFO:__main__:NLL: 0.3102, L2: 0.0212, Reg: 0.2749
INFO:__main__:Total loss 0.6063
INFO:__main__:Predicted mean: -0.0036
INFO:__main__:Predicted uncertainity -0.0001
INFO:__main__:Completed epoch 68 of 100

INFO:__main__:NLL: 0.3102, L2: 0.0185, Reg: 0.2751
INFO:__main__:Total loss 0.6038
INFO:__main__:Predicted mean: -0.0036
INFO:__main__:Predicted uncertainity -0.0001
INFO:__main__:Completed epoch 69 of 100

INFO:__main__:NLL: 0.3102, L2: 0.0162, Reg: 0.2750
INFO:__main__:Total loss 0.6013
INFO:__main__:Predicted mean: -0.0036
INFO:__main__:Predicted uncertainity -0.0001
INFO:__main__:Completed epoch 70 of 100

INFO:__main__:NLL: 0.3102, L2: 0.0204, Reg: 0.2751
INFO:__main__:Total loss 0.6057
INFO:__main__:Predicted mean: -0.0036
INFO:__main__:Predicted uncertainity -0.0001
INFO:__main__:Completed epoch 71 of 100

INFO:__main__:NLL: 0.3102, L2: 0.0169, Reg: 0.2751
INFO:__main__:Total loss 0.6022
INFO:__main__:Predicted mean: -0.0036
INFO:__main__:Predicted uncertainity -0.0001
INFO:__main__:Completed epoch 72 of 100

INFO:__main__:NLL: 0.3102, L2: 0.0190, Reg: 0.2751
INFO:__main__:Total loss 0.6043
INFO:__main__:Predicted mean: -0.0036
INFO:__main__:Predicted uncertainity -0.0001
INFO:__main__:Completed epoch 73 of 100

INFO:__main__:NLL: 0.3102, L2: 0.0161, Reg: 0.2752
INFO:__main__:Total loss 0.6015
INFO:__main__:Predicted mean: -0.0036
INFO:__main__:Predicted uncertainity -0.0001
INFO:__main__:Completed epoch 74 of 100

INFO:__main__:NLL: 0.3102, L2: 0.0172, Reg: 0.2752
INFO:__main__:Total loss 0.6026
INFO:__main__:Predicted mean: -0.0036
INFO:__main__:Predicted uncertainity -0.0001
INFO:__main__:Completed epoch 75 of 100

INFO:__main__:NLL: 0.3102, L2: 0.0179, Reg: 0.2751
INFO:__main__:Total loss 0.6032
INFO:__main__:Predicted mean: -0.0036
INFO:__main__:Predicted uncertainity -0.0001
INFO:__main__:Completed epoch 76 of 100

INFO:__main__:NLL: 0.3102, L2: 0.0209, Reg: 0.2751
INFO:__main__:Total loss 0.6061
INFO:__main__:Predicted mean: -0.0036
INFO:__main__:Predicted uncertainity -0.0001
INFO:__main__:Completed epoch 77 of 100

INFO:__main__:NLL: 0.3102, L2: 0.0159, Reg: 0.2749
INFO:__main__:Total loss 0.6010
INFO:__main__:Predicted mean: -0.0036
INFO:__main__:Predicted uncertainity -0.0001
INFO:__main__:Completed epoch 78 of 100

INFO:__main__:NLL: 0.3102, L2: 0.0203, Reg: 0.2749
INFO:__main__:Total loss 0.6053
INFO:__main__:Predicted mean: -0.0036
INFO:__main__:Predicted uncertainity -0.0001
INFO:__main__:Completed epoch 79 of 100

INFO:__main__:NLL: 0.3102, L2: 0.0195, Reg: 0.2752
INFO:__main__:Total loss 0.6048
INFO:__main__:Predicted mean: -0.0036
INFO:__main__:Predicted uncertainity -0.0001
INFO:__main__:Completed epoch 80 of 100

INFO:__main__:NLL: 0.3102, L2: 0.0173, Reg: 0.2750
INFO:__main__:Total loss 0.6025
INFO:__main__:Predicted mean: -0.0036
INFO:__main__:Predicted uncertainity -0.0001
INFO:__main__:Completed epoch 81 of 100

INFO:__main__:NLL: 0.3102, L2: 0.0199, Reg: 0.2750
INFO:__main__:Total loss 0.6051
INFO:__main__:Predicted mean: -0.0036
INFO:__main__:Predicted uncertainity -0.0001
INFO:__main__:Completed epoch 82 of 100

INFO:__main__:NLL: 0.3102, L2: 0.0181, Reg: 0.2752
INFO:__main__:Total loss 0.6035
INFO:__main__:Predicted mean: -0.0036
INFO:__main__:Predicted uncertainity -0.0001
INFO:__main__:Completed epoch 83 of 100

INFO:__main__:NLL: 0.3102, L2: 0.0180, Reg: 0.2750
INFO:__main__:Total loss 0.6031
INFO:__main__:Predicted mean: -0.0036
INFO:__main__:Predicted uncertainity -0.0001
INFO:__main__:Completed epoch 84 of 100

INFO:__main__:NLL: 0.3102, L2: 0.0209, Reg: 0.2752
INFO:__main__:Total loss 0.6062
INFO:__main__:Predicted mean: -0.0036
INFO:__main__:Predicted uncertainity -0.0001
INFO:__main__:Completed epoch 85 of 100

INFO:__main__:NLL: 0.3102, L2: 0.0179, Reg: 0.2749
INFO:__main__:Total loss 0.6031
INFO:__main__:Predicted mean: -0.0036
INFO:__main__:Predicted uncertainity -0.0001
INFO:__main__:Completed epoch 86 of 100

INFO:__main__:NLL: 0.3102, L2: 0.0226, Reg: 0.2749
INFO:__main__:Total loss 0.6077
INFO:__main__:Predicted mean: -0.0036
INFO:__main__:Predicted uncertainity -0.0001
INFO:__main__:Completed epoch 87 of 100

INFO:__main__:NLL: 0.3102, L2: 0.0171, Reg: 0.2749
INFO:__main__:Total loss 0.6022
INFO:__main__:Predicted mean: -0.0036
INFO:__main__:Predicted uncertainity -0.0001
INFO:__main__:Completed epoch 88 of 100

INFO:__main__:NLL: 0.3102, L2: 0.0201, Reg: 0.2750
INFO:__main__:Total loss 0.6054
INFO:__main__:Predicted mean: -0.0036
INFO:__main__:Predicted uncertainity -0.0001
INFO:__main__:Completed epoch 89 of 100

INFO:__main__:NLL: 0.3102, L2: 0.0218, Reg: 0.2749
INFO:__main__:Total loss 0.6069
INFO:__main__:Predicted mean: -0.0036
INFO:__main__:Predicted uncertainity -0.0001
INFO:__main__:Completed epoch 90 of 100

INFO:__main__:NLL: 0.3102, L2: 0.0188, Reg: 0.2751
INFO:__main__:Total loss 0.6041
INFO:__main__:Predicted mean: -0.0036
INFO:__main__:Predicted uncertainity -0.0001
INFO:__main__:Completed epoch 91 of 100

INFO:__main__:NLL: 0.3102, L2: 0.0231, Reg: 0.2751
INFO:__main__:Total loss 0.6083
INFO:__main__:Predicted mean: -0.0036
INFO:__main__:Predicted uncertainity -0.0001
INFO:__main__:Completed epoch 92 of 100

INFO:__main__:NLL: 0.3102, L2: 0.0136, Reg: 0.2752
INFO:__main__:Total loss 0.5990
INFO:__main__:Predicted mean: -0.0036
INFO:__main__:Predicted uncertainity -0.0001
INFO:__main__:Completed epoch 93 of 100

INFO:__main__:NLL: 0.3102, L2: 0.0239, Reg: 0.2749
INFO:__main__:Total loss 0.6090
INFO:__main__:Predicted mean: -0.0036
INFO:__main__:Predicted uncertainity -0.0001
INFO:__main__:Completed epoch 94 of 100

INFO:__main__:NLL: 0.3102, L2: 0.0173, Reg: 0.2749
INFO:__main__:Total loss 0.6024
INFO:__main__:Predicted mean: -0.0036
INFO:__main__:Predicted uncertainity -0.0001
INFO:__main__:Completed epoch 95 of 100

INFO:__main__:NLL: 0.3102, L2: 0.0183, Reg: 0.2751
INFO:__main__:Total loss 0.6035
INFO:__main__:Predicted mean: -0.0036
INFO:__main__:Predicted uncertainity -0.0001
INFO:__main__:Completed epoch 96 of 100

INFO:__main__:NLL: 0.3102, L2: 0.0163, Reg: 0.2750
INFO:__main__:Total loss 0.6015
INFO:__main__:Predicted mean: -0.0036
INFO:__main__:Predicted uncertainity -0.0001
INFO:__main__:Completed epoch 97 of 100

INFO:__main__:NLL: 0.3102, L2: 0.0167, Reg: 0.2750
INFO:__main__:Total loss 0.6019
INFO:__main__:Predicted mean: -0.0036
INFO:__main__:Predicted uncertainity -0.0001
INFO:__main__:Completed epoch 98 of 100

INFO:__main__:NLL: 0.3102, L2: 0.0217, Reg: 0.2750
INFO:__main__:Total loss 0.6068
INFO:__main__:Predicted mean: -0.0036
INFO:__main__:Predicted uncertainity -0.0001
INFO:__main__:Completed epoch 99 of 100

INFO:__main__:NLL: 0.3102, L2: 0.0221, Reg: 0.2751
INFO:__main__:Total loss 0.6074
INFO:__main__:Predicted mean: -0.0036
INFO:__main__:Predicted uncertainity -0.0001
INFO:__main__:Completed epoch 100 of 100

INFO:__main__:1005.566075 s
