INFO:__main__:PROCESS RUNNING ON cpu
INFO:__main__:NLL: 0.1182, L2: 0.0614, Reg: 0.0107
INFO:__main__:Total loss 0.1904
INFO:__main__:Predicted mean: -0.5419
INFO:__main__:Predicted uncertainity -0.7782
INFO:__main__:Completed epoch 1 of 100

INFO:__main__:NLL: 0.2224, L2: 0.0534, Reg: 0.0074
INFO:__main__:Total loss 0.2832
INFO:__main__:Predicted mean: -0.5090
INFO:__main__:Predicted uncertainity -0.5884
INFO:__main__:Completed epoch 2 of 100

INFO:__main__:NLL: 0.1603, L2: 0.0462, Reg: 0.0068
INFO:__main__:Total loss 0.2133
INFO:__main__:Predicted mean: -0.4437
INFO:__main__:Predicted uncertainity -0.7097
INFO:__main__:Completed epoch 3 of 100

INFO:__main__:NLL: 0.1002, L2: 0.0510, Reg: 0.0081
INFO:__main__:Total loss 0.1594
INFO:__main__:Predicted mean: -0.5285
INFO:__main__:Predicted uncertainity -0.7275
INFO:__main__:Completed epoch 4 of 100

INFO:__main__:NLL: 0.1313, L2: 0.0472, Reg: 0.0067
INFO:__main__:Total loss 0.1852
INFO:__main__:Predicted mean: -0.4506
INFO:__main__:Predicted uncertainity -0.6603
INFO:__main__:Completed epoch 5 of 100

INFO:__main__:NLL: 0.0418, L2: 0.0530, Reg: 0.0077
INFO:__main__:Total loss 0.1024
INFO:__main__:Predicted mean: -0.4387
INFO:__main__:Predicted uncertainity -0.6818
INFO:__main__:Completed epoch 6 of 100

INFO:__main__:NLL: 0.1149, L2: 0.0448, Reg: 0.0067
INFO:__main__:Total loss 0.1663
INFO:__main__:Predicted mean: -0.4412
INFO:__main__:Predicted uncertainity -0.5557
INFO:__main__:Completed epoch 7 of 100

INFO:__main__:NLL: 0.2575, L2: 0.0529, Reg: 0.0091
INFO:__main__:Total loss 0.3195
INFO:__main__:Predicted mean: -0.4488
INFO:__main__:Predicted uncertainity -0.7599
INFO:__main__:Completed epoch 8 of 100

INFO:__main__:NLL: 0.1267, L2: 0.0501, Reg: 0.0066
INFO:__main__:Total loss 0.1835
INFO:__main__:Predicted mean: -0.4500
INFO:__main__:Predicted uncertainity -0.7187
INFO:__main__:Completed epoch 9 of 100

INFO:__main__:NLL: 0.2572, L2: 0.0525, Reg: 0.0079
INFO:__main__:Total loss 0.3176
INFO:__main__:Predicted mean: -0.4612
INFO:__main__:Predicted uncertainity -0.7078
INFO:__main__:Completed epoch 10 of 100

INFO:__main__:NLL: 0.1834, L2: 0.0510, Reg: 0.0078
INFO:__main__:Total loss 0.2422
INFO:__main__:Predicted mean: -0.4844
INFO:__main__:Predicted uncertainity -0.7690
INFO:__main__:Completed epoch 11 of 100

INFO:__main__:NLL: 0.2394, L2: 0.0515, Reg: 0.0070
INFO:__main__:Total loss 0.2978
INFO:__main__:Predicted mean: -0.4360
INFO:__main__:Predicted uncertainity -0.6620
INFO:__main__:Completed epoch 12 of 100

INFO:__main__:NLL: 0.0729, L2: 0.0492, Reg: 0.0074
INFO:__main__:Total loss 0.1295
INFO:__main__:Predicted mean: -0.4488
INFO:__main__:Predicted uncertainity -0.7382
INFO:__main__:Completed epoch 13 of 100

INFO:__main__:NLL: 0.1281, L2: 0.0483, Reg: 0.0073
INFO:__main__:Total loss 0.1838
INFO:__main__:Predicted mean: -0.4367
INFO:__main__:Predicted uncertainity -0.7311
INFO:__main__:Completed epoch 14 of 100

INFO:__main__:NLL: 0.1013, L2: 0.0520, Reg: 0.0070
INFO:__main__:Total loss 0.1603
INFO:__main__:Predicted mean: -0.4592
INFO:__main__:Predicted uncertainity -0.7034
INFO:__main__:Completed epoch 15 of 100

INFO:__main__:NLL: 0.1388, L2: 0.0508, Reg: 0.0078
INFO:__main__:Total loss 0.1974
INFO:__main__:Predicted mean: -0.4671
INFO:__main__:Predicted uncertainity -0.6928
INFO:__main__:Completed epoch 16 of 100

INFO:__main__:NLL: 0.0753, L2: 0.0501, Reg: 0.0069
INFO:__main__:Total loss 0.1323
INFO:__main__:Predicted mean: -0.4452
INFO:__main__:Predicted uncertainity -0.7361
INFO:__main__:Completed epoch 17 of 100

INFO:__main__:NLL: 0.1360, L2: 0.0510, Reg: 0.0081
INFO:__main__:Total loss 0.1952
INFO:__main__:Predicted mean: -0.4306
INFO:__main__:Predicted uncertainity -0.6908
INFO:__main__:Completed epoch 18 of 100

INFO:__main__:NLL: 0.2117, L2: 0.0514, Reg: 0.0077
INFO:__main__:Total loss 0.2708
INFO:__main__:Predicted mean: -0.4611
INFO:__main__:Predicted uncertainity -0.6869
INFO:__main__:Completed epoch 19 of 100

INFO:__main__:NLL: 0.1217, L2: 0.0504, Reg: 0.0076
INFO:__main__:Total loss 0.1797
INFO:__main__:Predicted mean: -0.4401
INFO:__main__:Predicted uncertainity -0.6775
INFO:__main__:Completed epoch 20 of 100

INFO:__main__:NLL: 0.1316, L2: 0.0511, Reg: 0.0065
INFO:__main__:Total loss 0.1891
INFO:__main__:Predicted mean: -0.4854
INFO:__main__:Predicted uncertainity -0.5898
INFO:__main__:Completed epoch 21 of 100

INFO:__main__:NLL: 0.0427, L2: 0.0484, Reg: 0.0071
INFO:__main__:Total loss 0.0982
INFO:__main__:Predicted mean: -0.4559
INFO:__main__:Predicted uncertainity -0.7173
INFO:__main__:Completed epoch 22 of 100

INFO:__main__:NLL: 0.2318, L2: 0.0563, Reg: 0.0089
INFO:__main__:Total loss 0.2970
INFO:__main__:Predicted mean: -0.4718
INFO:__main__:Predicted uncertainity -0.8126
INFO:__main__:Completed epoch 23 of 100

INFO:__main__:NLL: 0.1080, L2: 0.0484, Reg: 0.0066
INFO:__main__:Total loss 0.1630
INFO:__main__:Predicted mean: -0.4193
INFO:__main__:Predicted uncertainity -0.6266
INFO:__main__:Completed epoch 24 of 100

INFO:__main__:NLL: 0.1724, L2: 0.0419, Reg: 0.0063
INFO:__main__:Total loss 0.2206
INFO:__main__:Predicted mean: -0.4011
INFO:__main__:Predicted uncertainity -0.6059
INFO:__main__:Completed epoch 25 of 100

INFO:__main__:NLL: 0.3644, L2: 0.0483, Reg: 0.0075
INFO:__main__:Total loss 0.4202
INFO:__main__:Predicted mean: -0.4246
INFO:__main__:Predicted uncertainity -0.6459
INFO:__main__:Completed epoch 26 of 100

INFO:__main__:NLL: 0.1704, L2: 0.0462, Reg: 0.0060
INFO:__main__:Total loss 0.2225
INFO:__main__:Predicted mean: -0.4216
INFO:__main__:Predicted uncertainity -0.5483
INFO:__main__:Completed epoch 27 of 100

INFO:__main__:NLL: 0.1200, L2: 0.0512, Reg: 0.0082
INFO:__main__:Total loss 0.1794
INFO:__main__:Predicted mean: -0.4726
INFO:__main__:Predicted uncertainity -0.7703
INFO:__main__:Completed epoch 28 of 100

INFO:__main__:NLL: 0.1486, L2: 0.0491, Reg: 0.0072
INFO:__main__:Total loss 0.2049
INFO:__main__:Predicted mean: -0.4553
INFO:__main__:Predicted uncertainity -0.7092
INFO:__main__:Completed epoch 29 of 100

INFO:__main__:NLL: 0.1259, L2: 0.0495, Reg: 0.0064
INFO:__main__:Total loss 0.1818
INFO:__main__:Predicted mean: -0.4421
INFO:__main__:Predicted uncertainity -0.5947
INFO:__main__:Completed epoch 30 of 100

INFO:__main__:NLL: 0.0635, L2: 0.0511, Reg: 0.0071
INFO:__main__:Total loss 0.1217
INFO:__main__:Predicted mean: -0.4739
INFO:__main__:Predicted uncertainity -0.6834
INFO:__main__:Completed epoch 31 of 100

INFO:__main__:NLL: 0.0894, L2: 0.0464, Reg: 0.0068
INFO:__main__:Total loss 0.1427
INFO:__main__:Predicted mean: -0.4344
INFO:__main__:Predicted uncertainity -0.5900
INFO:__main__:Completed epoch 32 of 100

INFO:__main__:NLL: 0.1904, L2: 0.0558, Reg: 0.0084
INFO:__main__:Total loss 0.2546
INFO:__main__:Predicted mean: -0.4634
INFO:__main__:Predicted uncertainity -0.7539
INFO:__main__:Completed epoch 33 of 100

INFO:__main__:NLL: 0.1717, L2: 0.0534, Reg: 0.0079
INFO:__main__:Total loss 0.2330
INFO:__main__:Predicted mean: -0.4866
INFO:__main__:Predicted uncertainity -0.6891
INFO:__main__:Completed epoch 34 of 100

INFO:__main__:NLL: 0.1464, L2: 0.0525, Reg: 0.0080
INFO:__main__:Total loss 0.2069
INFO:__main__:Predicted mean: -0.4144
INFO:__main__:Predicted uncertainity -0.7500
INFO:__main__:Completed epoch 35 of 100

INFO:__main__:NLL: 0.1506, L2: 0.0515, Reg: 0.0071
INFO:__main__:Total loss 0.2092
INFO:__main__:Predicted mean: -0.4859
INFO:__main__:Predicted uncertainity -0.7238
INFO:__main__:Completed epoch 36 of 100

INFO:__main__:NLL: 0.2411, L2: 0.0446, Reg: 0.0063
INFO:__main__:Total loss 0.2920
INFO:__main__:Predicted mean: -0.4421
INFO:__main__:Predicted uncertainity -0.6173
INFO:__main__:Completed epoch 37 of 100

INFO:__main__:NLL: 0.1190, L2: 0.0484, Reg: 0.0071
INFO:__main__:Total loss 0.1746
INFO:__main__:Predicted mean: -0.4652
INFO:__main__:Predicted uncertainity -0.6760
INFO:__main__:Completed epoch 38 of 100

INFO:__main__:NLL: 0.0677, L2: 0.0507, Reg: 0.0065
INFO:__main__:Total loss 0.1248
INFO:__main__:Predicted mean: -0.4628
INFO:__main__:Predicted uncertainity -0.7595
INFO:__main__:Completed epoch 39 of 100

INFO:__main__:NLL: 0.1188, L2: 0.0477, Reg: 0.0071
INFO:__main__:Total loss 0.1736
INFO:__main__:Predicted mean: -0.4552
INFO:__main__:Predicted uncertainity -0.5928
INFO:__main__:Completed epoch 40 of 100

INFO:__main__:NLL: 0.1328, L2: 0.0497, Reg: 0.0073
INFO:__main__:Total loss 0.1898
INFO:__main__:Predicted mean: -0.4466
INFO:__main__:Predicted uncertainity -0.6948
INFO:__main__:Completed epoch 41 of 100

INFO:__main__:NLL: 0.2748, L2: 0.0527, Reg: 0.0075
INFO:__main__:Total loss 0.3350
INFO:__main__:Predicted mean: -0.4928
INFO:__main__:Predicted uncertainity -0.7167
INFO:__main__:Completed epoch 42 of 100

INFO:__main__:NLL: 0.1326, L2: 0.0534, Reg: 0.0079
INFO:__main__:Total loss 0.1939
INFO:__main__:Predicted mean: -0.5169
INFO:__main__:Predicted uncertainity -0.6684
INFO:__main__:Completed epoch 43 of 100

INFO:__main__:NLL: 0.1806, L2: 0.0511, Reg: 0.0073
INFO:__main__:Total loss 0.2391
INFO:__main__:Predicted mean: -0.4653
INFO:__main__:Predicted uncertainity -0.7875
INFO:__main__:Completed epoch 44 of 100

INFO:__main__:NLL: 0.2092, L2: 0.0488, Reg: 0.0076
INFO:__main__:Total loss 0.2656
INFO:__main__:Predicted mean: -0.4143
INFO:__main__:Predicted uncertainity -0.7333
INFO:__main__:Completed epoch 45 of 100

INFO:__main__:NLL: 0.3538, L2: 0.0502, Reg: 0.0073
INFO:__main__:Total loss 0.4114
INFO:__main__:Predicted mean: -0.4407
INFO:__main__:Predicted uncertainity -0.6914
INFO:__main__:Completed epoch 46 of 100

INFO:__main__:NLL: 0.0842, L2: 0.0536, Reg: 0.0088
INFO:__main__:Total loss 0.1466
INFO:__main__:Predicted mean: -0.4904
INFO:__main__:Predicted uncertainity -0.7151
INFO:__main__:Completed epoch 47 of 100

INFO:__main__:NLL: 0.2717, L2: 0.0526, Reg: 0.0082
INFO:__main__:Total loss 0.3324
INFO:__main__:Predicted mean: -0.4428
INFO:__main__:Predicted uncertainity -0.6468
INFO:__main__:Completed epoch 48 of 100

INFO:__main__:NLL: 0.0997, L2: 0.0522, Reg: 0.0073
INFO:__main__:Total loss 0.1592
INFO:__main__:Predicted mean: -0.4537
INFO:__main__:Predicted uncertainity -0.7007
INFO:__main__:Completed epoch 49 of 100

INFO:__main__:NLL: 0.1686, L2: 0.0452, Reg: 0.0061
INFO:__main__:Total loss 0.2199
INFO:__main__:Predicted mean: -0.4624
INFO:__main__:Predicted uncertainity -0.6488
INFO:__main__:Completed epoch 50 of 100

INFO:__main__:NLL: 0.1233, L2: 0.0551, Reg: 0.0095
INFO:__main__:Total loss 0.1878
INFO:__main__:Predicted mean: -0.4754
INFO:__main__:Predicted uncertainity -0.8756
INFO:__main__:Completed epoch 51 of 100

INFO:__main__:NLL: 0.0855, L2: 0.0496, Reg: 0.0083
INFO:__main__:Total loss 0.1434
INFO:__main__:Predicted mean: -0.4242
INFO:__main__:Predicted uncertainity -0.6943
INFO:__main__:Completed epoch 52 of 100

INFO:__main__:NLL: 0.2600, L2: 0.0540, Reg: 0.0080
INFO:__main__:Total loss 0.3220
INFO:__main__:Predicted mean: -0.5207
INFO:__main__:Predicted uncertainity -0.8089
INFO:__main__:Completed epoch 53 of 100

INFO:__main__:NLL: 0.1192, L2: 0.0457, Reg: 0.0066
INFO:__main__:Total loss 0.1716
INFO:__main__:Predicted mean: -0.4304
INFO:__main__:Predicted uncertainity -0.6435
INFO:__main__:Completed epoch 54 of 100

INFO:__main__:NLL: 0.1845, L2: 0.0514, Reg: 0.0078
INFO:__main__:Total loss 0.2437
INFO:__main__:Predicted mean: -0.4498
INFO:__main__:Predicted uncertainity -0.7350
INFO:__main__:Completed epoch 55 of 100

INFO:__main__:NLL: 0.1650, L2: 0.0507, Reg: 0.0071
INFO:__main__:Total loss 0.2228
INFO:__main__:Predicted mean: -0.4539
INFO:__main__:Predicted uncertainity -0.7102
INFO:__main__:Completed epoch 56 of 100

INFO:__main__:NLL: 0.1897, L2: 0.0514, Reg: 0.0071
INFO:__main__:Total loss 0.2482
INFO:__main__:Predicted mean: -0.4810
INFO:__main__:Predicted uncertainity -0.6937
INFO:__main__:Completed epoch 57 of 100

INFO:__main__:NLL: 0.2401, L2: 0.0576, Reg: 0.0096
INFO:__main__:Total loss 0.3073
INFO:__main__:Predicted mean: -0.5114
INFO:__main__:Predicted uncertainity -0.8235
INFO:__main__:Completed epoch 58 of 100

INFO:__main__:NLL: 0.1638, L2: 0.0451, Reg: 0.0061
INFO:__main__:Total loss 0.2151
INFO:__main__:Predicted mean: -0.4274
INFO:__main__:Predicted uncertainity -0.5766
INFO:__main__:Completed epoch 59 of 100

INFO:__main__:NLL: 0.0999, L2: 0.0507, Reg: 0.0073
INFO:__main__:Total loss 0.1579
INFO:__main__:Predicted mean: -0.3939
INFO:__main__:Predicted uncertainity -0.5449
INFO:__main__:Completed epoch 60 of 100

INFO:__main__:NLL: 0.1084, L2: 0.0488, Reg: 0.0066
INFO:__main__:Total loss 0.1639
INFO:__main__:Predicted mean: -0.4275
INFO:__main__:Predicted uncertainity -0.6372
INFO:__main__:Completed epoch 61 of 100

INFO:__main__:NLL: 0.1950, L2: 0.0465, Reg: 0.0070
INFO:__main__:Total loss 0.2485
INFO:__main__:Predicted mean: -0.4399
INFO:__main__:Predicted uncertainity -0.6946
INFO:__main__:Completed epoch 62 of 100

INFO:__main__:NLL: 0.7058, L2: 0.0607, Reg: 0.0109
INFO:__main__:Total loss 0.7775
INFO:__main__:Predicted mean: -0.5017
INFO:__main__:Predicted uncertainity -0.7876
INFO:__main__:Completed epoch 63 of 100

INFO:__main__:NLL: 0.0737, L2: 0.0569, Reg: 0.0087
INFO:__main__:Total loss 0.1393
INFO:__main__:Predicted mean: -0.5088
INFO:__main__:Predicted uncertainity -0.7242
INFO:__main__:Completed epoch 64 of 100

INFO:__main__:NLL: 0.0525, L2: 0.0502, Reg: 0.0072
INFO:__main__:Total loss 0.1099
INFO:__main__:Predicted mean: -0.4407
INFO:__main__:Predicted uncertainity -0.6934
INFO:__main__:Completed epoch 65 of 100

INFO:__main__:NLL: 0.1655, L2: 0.0530, Reg: 0.0084
INFO:__main__:Total loss 0.2268
INFO:__main__:Predicted mean: -0.4620
INFO:__main__:Predicted uncertainity -0.7336
INFO:__main__:Completed epoch 66 of 100

INFO:__main__:NLL: 0.1250, L2: 0.0522, Reg: 0.0088
INFO:__main__:Total loss 0.1860
INFO:__main__:Predicted mean: -0.4647
INFO:__main__:Predicted uncertainity -0.6908
INFO:__main__:Completed epoch 67 of 100

INFO:__main__:NLL: 0.1689, L2: 0.0531, Reg: 0.0082
INFO:__main__:Total loss 0.2302
INFO:__main__:Predicted mean: -0.4367
INFO:__main__:Predicted uncertainity -0.7245
INFO:__main__:Completed epoch 68 of 100

INFO:__main__:NLL: 0.1241, L2: 0.0555, Reg: 0.0079
INFO:__main__:Total loss 0.1875
INFO:__main__:Predicted mean: -0.4295
INFO:__main__:Predicted uncertainity -0.7126
INFO:__main__:Completed epoch 69 of 100

INFO:__main__:NLL: 0.0951, L2: 0.0471, Reg: 0.0060
INFO:__main__:Total loss 0.1482
INFO:__main__:Predicted mean: -0.4188
INFO:__main__:Predicted uncertainity -0.6621
INFO:__main__:Completed epoch 70 of 100

INFO:__main__:NLL: 0.1878, L2: 0.0367, Reg: 0.0054
INFO:__main__:Total loss 0.2299
INFO:__main__:Predicted mean: -0.3702
INFO:__main__:Predicted uncertainity -0.5854
INFO:__main__:Completed epoch 71 of 100

INFO:__main__:NLL: 0.1719, L2: 0.0469, Reg: 0.0068
INFO:__main__:Total loss 0.2256
INFO:__main__:Predicted mean: -0.3817
INFO:__main__:Predicted uncertainity -0.5603
INFO:__main__:Completed epoch 72 of 100

INFO:__main__:NLL: 0.0949, L2: 0.0450, Reg: 0.0059
INFO:__main__:Total loss 0.1459
INFO:__main__:Predicted mean: -0.4326
INFO:__main__:Predicted uncertainity -0.6338
INFO:__main__:Completed epoch 73 of 100

INFO:__main__:NLL: 0.1447, L2: 0.0395, Reg: 0.0050
INFO:__main__:Total loss 0.1892
INFO:__main__:Predicted mean: -0.4270
INFO:__main__:Predicted uncertainity -0.5677
INFO:__main__:Completed epoch 74 of 100

INFO:__main__:NLL: 0.2328, L2: 0.0490, Reg: 0.0074
INFO:__main__:Total loss 0.2892
INFO:__main__:Predicted mean: -0.4469
INFO:__main__:Predicted uncertainity -0.6729
INFO:__main__:Completed epoch 75 of 100

INFO:__main__:NLL: 0.1413, L2: 0.0494, Reg: 0.0077
INFO:__main__:Total loss 0.1983
INFO:__main__:Predicted mean: -0.4459
INFO:__main__:Predicted uncertainity -0.6399
INFO:__main__:Completed epoch 76 of 100

INFO:__main__:NLL: 0.1385, L2: 0.0514, Reg: 0.0077
INFO:__main__:Total loss 0.1976
INFO:__main__:Predicted mean: -0.4629
INFO:__main__:Predicted uncertainity -0.6145
INFO:__main__:Completed epoch 77 of 100

INFO:__main__:NLL: 0.0712, L2: 0.0531, Reg: 0.0074
INFO:__main__:Total loss 0.1317
INFO:__main__:Predicted mean: -0.5087
INFO:__main__:Predicted uncertainity -0.5368
INFO:__main__:Completed epoch 78 of 100

INFO:__main__:NLL: 0.0892, L2: 0.0461, Reg: 0.0070
INFO:__main__:Total loss 0.1424
INFO:__main__:Predicted mean: -0.4213
INFO:__main__:Predicted uncertainity -0.6905
INFO:__main__:Completed epoch 79 of 100

INFO:__main__:NLL: 0.1087, L2: 0.0440, Reg: 0.0067
INFO:__main__:Total loss 0.1594
INFO:__main__:Predicted mean: -0.4319
INFO:__main__:Predicted uncertainity -0.7185
INFO:__main__:Completed epoch 80 of 100

INFO:__main__:NLL: 0.2076, L2: 0.0450, Reg: 0.0056
INFO:__main__:Total loss 0.2581
INFO:__main__:Predicted mean: -0.4531
INFO:__main__:Predicted uncertainity -0.5988
INFO:__main__:Completed epoch 81 of 100

INFO:__main__:NLL: 0.2058, L2: 0.0469, Reg: 0.0070
INFO:__main__:Total loss 0.2597
INFO:__main__:Predicted mean: -0.3609
INFO:__main__:Predicted uncertainity -0.6562
INFO:__main__:Completed epoch 82 of 100

INFO:__main__:NLL: 0.1794, L2: 0.0441, Reg: 0.0068
INFO:__main__:Total loss 0.2303
INFO:__main__:Predicted mean: -0.4083
INFO:__main__:Predicted uncertainity -0.6958
INFO:__main__:Completed epoch 83 of 100

INFO:__main__:NLL: 0.1043, L2: 0.0457, Reg: 0.0068
INFO:__main__:Total loss 0.1569
INFO:__main__:Predicted mean: -0.4219
INFO:__main__:Predicted uncertainity -0.6850
INFO:__main__:Completed epoch 84 of 100

INFO:__main__:NLL: 0.1795, L2: 0.0514, Reg: 0.0077
INFO:__main__:Total loss 0.2387
INFO:__main__:Predicted mean: -0.4681
INFO:__main__:Predicted uncertainity -0.5950
INFO:__main__:Completed epoch 85 of 100

INFO:__main__:NLL: 0.1393, L2: 0.0517, Reg: 0.0075
INFO:__main__:Total loss 0.1984
INFO:__main__:Predicted mean: -0.4546
INFO:__main__:Predicted uncertainity -0.6099
INFO:__main__:Completed epoch 86 of 100

INFO:__main__:NLL: 0.1398, L2: 0.0582, Reg: 0.0096
INFO:__main__:Total loss 0.2077
INFO:__main__:Predicted mean: -0.4819
INFO:__main__:Predicted uncertainity -0.7481
INFO:__main__:Completed epoch 87 of 100

INFO:__main__:NLL: 0.3167, L2: 0.0531, Reg: 0.0074
INFO:__main__:Total loss 0.3772
INFO:__main__:Predicted mean: -0.4923
INFO:__main__:Predicted uncertainity -0.7370
INFO:__main__:Completed epoch 88 of 100

INFO:__main__:NLL: 0.3593, L2: 0.0513, Reg: 0.0067
INFO:__main__:Total loss 0.4173
INFO:__main__:Predicted mean: -0.4113
INFO:__main__:Predicted uncertainity -0.7115
INFO:__main__:Completed epoch 89 of 100

INFO:__main__:NLL: 0.2076, L2: 0.0500, Reg: 0.0077
INFO:__main__:Total loss 0.2653
INFO:__main__:Predicted mean: -0.4321
INFO:__main__:Predicted uncertainity -0.6614
INFO:__main__:Completed epoch 90 of 100

INFO:__main__:NLL: 0.2499, L2: 0.0575, Reg: 0.0091
INFO:__main__:Total loss 0.3165
INFO:__main__:Predicted mean: -0.4277
INFO:__main__:Predicted uncertainity -0.6264
INFO:__main__:Completed epoch 91 of 100

INFO:__main__:NLL: 0.0121, L2: 0.0560, Reg: 0.0090
INFO:__main__:Total loss 0.0770
INFO:__main__:Predicted mean: -0.4351
INFO:__main__:Predicted uncertainity -0.6365
INFO:__main__:Completed epoch 92 of 100

INFO:__main__:NLL: 0.2412, L2: 0.0502, Reg: 0.0078
INFO:__main__:Total loss 0.2992
INFO:__main__:Predicted mean: -0.4366
INFO:__main__:Predicted uncertainity -0.6816
INFO:__main__:Completed epoch 93 of 100

INFO:__main__:NLL: 0.2492, L2: 0.0559, Reg: 0.0081
INFO:__main__:Total loss 0.3133
INFO:__main__:Predicted mean: -0.4429
INFO:__main__:Predicted uncertainity -0.7847
INFO:__main__:Completed epoch 94 of 100

INFO:__main__:NLL: 0.1524, L2: 0.0477, Reg: 0.0074
INFO:__main__:Total loss 0.2075
INFO:__main__:Predicted mean: -0.4091
INFO:__main__:Predicted uncertainity -0.6920
INFO:__main__:Completed epoch 95 of 100

INFO:__main__:NLL: 0.2547, L2: 0.0520, Reg: 0.0073
INFO:__main__:Total loss 0.3140
INFO:__main__:Predicted mean: -0.4757
INFO:__main__:Predicted uncertainity -0.7200
INFO:__main__:Completed epoch 96 of 100

INFO:__main__:NLL: 0.2232, L2: 0.0491, Reg: 0.0077
INFO:__main__:Total loss 0.2800
INFO:__main__:Predicted mean: -0.4095
INFO:__main__:Predicted uncertainity -0.6520
INFO:__main__:Completed epoch 97 of 100

INFO:__main__:NLL: 0.1057, L2: 0.0463, Reg: 0.0063
INFO:__main__:Total loss 0.1583
INFO:__main__:Predicted mean: -0.4203
INFO:__main__:Predicted uncertainity -0.6833
INFO:__main__:Completed epoch 98 of 100

INFO:__main__:NLL: 0.1358, L2: 0.0491, Reg: 0.0073
INFO:__main__:Total loss 0.1922
INFO:__main__:Predicted mean: -0.4487
INFO:__main__:Predicted uncertainity -0.7239
INFO:__main__:Completed epoch 99 of 100

INFO:__main__:NLL: 0.2552, L2: 0.0474, Reg: 0.0070
INFO:__main__:Total loss 0.3097
INFO:__main__:Predicted mean: -0.4346
INFO:__main__:Predicted uncertainity -0.6992
INFO:__main__:Completed epoch 100 of 100

INFO:__main__:553.800885 s
