INFO:__main__:PROCESS RUNNING ON cpu
INFO:__main__:NLL: 0.1232, L2: 0.0480, Reg: 0.0567
INFO:__main__:Total loss 0.2279
INFO:__main__:Predicted mean: -0.4298
INFO:__main__:Predicted uncertainity -0.6912
INFO:__main__:Completed epoch 1 of 100

INFO:__main__:NLL: 0.1315, L2: 0.0550, Reg: 0.0567
INFO:__main__:Total loss 0.2432
INFO:__main__:Predicted mean: -0.4640
INFO:__main__:Predicted uncertainity -0.8129
INFO:__main__:Completed epoch 2 of 100

INFO:__main__:NLL: 0.2441, L2: 0.0485, Reg: 0.0567
INFO:__main__:Total loss 0.3493
INFO:__main__:Predicted mean: -0.4981
INFO:__main__:Predicted uncertainity -0.7024
INFO:__main__:Completed epoch 3 of 100

INFO:__main__:NLL: 0.1824, L2: 0.0465, Reg: 0.0567
INFO:__main__:Total loss 0.2856
INFO:__main__:Predicted mean: -0.4480
INFO:__main__:Predicted uncertainity -0.7252
INFO:__main__:Completed epoch 4 of 100

INFO:__main__:NLL: 0.2129, L2: 0.0431, Reg: 0.0567
INFO:__main__:Total loss 0.3127
INFO:__main__:Predicted mean: -0.4973
INFO:__main__:Predicted uncertainity -0.5462
INFO:__main__:Completed epoch 5 of 100

INFO:__main__:NLL: 0.2032, L2: 0.0557, Reg: 0.0567
INFO:__main__:Total loss 0.3156
INFO:__main__:Predicted mean: -0.4905
INFO:__main__:Predicted uncertainity -0.7217
INFO:__main__:Completed epoch 6 of 100

INFO:__main__:NLL: 0.1516, L2: 0.0526, Reg: 0.0567
INFO:__main__:Total loss 0.2609
INFO:__main__:Predicted mean: -0.4595
INFO:__main__:Predicted uncertainity -0.6481
INFO:__main__:Completed epoch 7 of 100

INFO:__main__:NLL: 0.2370, L2: 0.0550, Reg: 0.0567
INFO:__main__:Total loss 0.3487
INFO:__main__:Predicted mean: -0.4775
INFO:__main__:Predicted uncertainity -0.6272
INFO:__main__:Completed epoch 8 of 100

INFO:__main__:NLL: 0.0380, L2: 0.0603, Reg: 0.0567
INFO:__main__:Total loss 0.1550
INFO:__main__:Predicted mean: -0.4667
INFO:__main__:Predicted uncertainity -0.8119
INFO:__main__:Completed epoch 9 of 100

INFO:__main__:NLL: 0.3799, L2: 0.0542, Reg: 0.0567
INFO:__main__:Total loss 0.4908
INFO:__main__:Predicted mean: -0.4696
INFO:__main__:Predicted uncertainity -0.8616
INFO:__main__:Completed epoch 10 of 100

INFO:__main__:NLL: 0.1024, L2: 0.0478, Reg: 0.0567
INFO:__main__:Total loss 0.2069
INFO:__main__:Predicted mean: -0.4739
INFO:__main__:Predicted uncertainity -0.7811
INFO:__main__:Completed epoch 11 of 100

INFO:__main__:NLL: 0.2120, L2: 0.0472, Reg: 0.0567
INFO:__main__:Total loss 0.3159
INFO:__main__:Predicted mean: -0.4366
INFO:__main__:Predicted uncertainity -0.5246
INFO:__main__:Completed epoch 12 of 100

INFO:__main__:NLL: 0.1298, L2: 0.0489, Reg: 0.0567
INFO:__main__:Total loss 0.2354
INFO:__main__:Predicted mean: -0.4100
INFO:__main__:Predicted uncertainity -0.7234
INFO:__main__:Completed epoch 13 of 100

INFO:__main__:NLL: 0.2006, L2: 0.0523, Reg: 0.0567
INFO:__main__:Total loss 0.3097
INFO:__main__:Predicted mean: -0.4536
INFO:__main__:Predicted uncertainity -0.7869
INFO:__main__:Completed epoch 14 of 100

INFO:__main__:NLL: 0.2117, L2: 0.0489, Reg: 0.0567
INFO:__main__:Total loss 0.3173
INFO:__main__:Predicted mean: -0.3985
INFO:__main__:Predicted uncertainity -0.7807
INFO:__main__:Completed epoch 15 of 100

INFO:__main__:NLL: 0.1782, L2: 0.0546, Reg: 0.0567
INFO:__main__:Total loss 0.2896
INFO:__main__:Predicted mean: -0.4414
INFO:__main__:Predicted uncertainity -0.7515
INFO:__main__:Completed epoch 16 of 100

INFO:__main__:NLL: 0.1349, L2: 0.0531, Reg: 0.0567
INFO:__main__:Total loss 0.2447
INFO:__main__:Predicted mean: -0.4875
INFO:__main__:Predicted uncertainity -0.7977
INFO:__main__:Completed epoch 17 of 100

INFO:__main__:NLL: 0.1796, L2: 0.0436, Reg: 0.0567
INFO:__main__:Total loss 0.2799
INFO:__main__:Predicted mean: -0.4064
INFO:__main__:Predicted uncertainity -0.7021
INFO:__main__:Completed epoch 18 of 100

INFO:__main__:NLL: 0.1349, L2: 0.0459, Reg: 0.0567
INFO:__main__:Total loss 0.2374
INFO:__main__:Predicted mean: -0.4574
INFO:__main__:Predicted uncertainity -0.5770
INFO:__main__:Completed epoch 19 of 100

INFO:__main__:NLL: 0.1876, L2: 0.0472, Reg: 0.0567
INFO:__main__:Total loss 0.2916
INFO:__main__:Predicted mean: -0.4526
INFO:__main__:Predicted uncertainity -0.5588
INFO:__main__:Completed epoch 20 of 100

INFO:__main__:NLL: 0.1566, L2: 0.0489, Reg: 0.0567
INFO:__main__:Total loss 0.2621
INFO:__main__:Predicted mean: -0.5040
INFO:__main__:Predicted uncertainity -0.6008
INFO:__main__:Completed epoch 21 of 100

INFO:__main__:NLL: 0.1462, L2: 0.0498, Reg: 0.0567
INFO:__main__:Total loss 0.2527
INFO:__main__:Predicted mean: -0.3941
INFO:__main__:Predicted uncertainity -0.7221
INFO:__main__:Completed epoch 22 of 100

INFO:__main__:NLL: 0.2158, L2: 0.0500, Reg: 0.0567
INFO:__main__:Total loss 0.3225
INFO:__main__:Predicted mean: -0.4543
INFO:__main__:Predicted uncertainity -0.5644
INFO:__main__:Completed epoch 23 of 100

INFO:__main__:NLL: 0.2411, L2: 0.0468, Reg: 0.0567
INFO:__main__:Total loss 0.3446
INFO:__main__:Predicted mean: -0.4056
INFO:__main__:Predicted uncertainity -0.6422
INFO:__main__:Completed epoch 24 of 100

INFO:__main__:NLL: 0.2775, L2: 0.0561, Reg: 0.0567
INFO:__main__:Total loss 0.3903
INFO:__main__:Predicted mean: -0.4053
INFO:__main__:Predicted uncertainity -0.7257
INFO:__main__:Completed epoch 25 of 100

INFO:__main__:NLL: 0.0377, L2: 0.0527, Reg: 0.0567
INFO:__main__:Total loss 0.1471
INFO:__main__:Predicted mean: -0.4647
INFO:__main__:Predicted uncertainity -0.6994
INFO:__main__:Completed epoch 26 of 100

INFO:__main__:NLL: 0.3128, L2: 0.0552, Reg: 0.0567
INFO:__main__:Total loss 0.4247
INFO:__main__:Predicted mean: -0.4453
INFO:__main__:Predicted uncertainity -0.7736
INFO:__main__:Completed epoch 27 of 100

INFO:__main__:NLL: 0.1796, L2: 0.0474, Reg: 0.0567
INFO:__main__:Total loss 0.2838
INFO:__main__:Predicted mean: -0.4242
INFO:__main__:Predicted uncertainity -0.6471
INFO:__main__:Completed epoch 28 of 100

INFO:__main__:NLL: 0.2061, L2: 0.0504, Reg: 0.0567
INFO:__main__:Total loss 0.3132
INFO:__main__:Predicted mean: -0.4578
INFO:__main__:Predicted uncertainity -0.6512
INFO:__main__:Completed epoch 29 of 100

INFO:__main__:NLL: 0.1411, L2: 0.0497, Reg: 0.0567
INFO:__main__:Total loss 0.2475
INFO:__main__:Predicted mean: -0.3965
INFO:__main__:Predicted uncertainity -0.6758
INFO:__main__:Completed epoch 30 of 100

INFO:__main__:NLL: 0.2025, L2: 0.0448, Reg: 0.0567
INFO:__main__:Total loss 0.3041
INFO:__main__:Predicted mean: -0.4360
INFO:__main__:Predicted uncertainity -0.7167
INFO:__main__:Completed epoch 31 of 100

INFO:__main__:NLL: 0.1343, L2: 0.0521, Reg: 0.0567
INFO:__main__:Total loss 0.2430
INFO:__main__:Predicted mean: -0.4103
INFO:__main__:Predicted uncertainity -0.7928
INFO:__main__:Completed epoch 32 of 100

INFO:__main__:NLL: 0.1839, L2: 0.0563, Reg: 0.0567
INFO:__main__:Total loss 0.2970
INFO:__main__:Predicted mean: -0.4690
INFO:__main__:Predicted uncertainity -0.7127
INFO:__main__:Completed epoch 33 of 100

INFO:__main__:NLL: 0.1159, L2: 0.0494, Reg: 0.0567
INFO:__main__:Total loss 0.2220
INFO:__main__:Predicted mean: -0.4424
INFO:__main__:Predicted uncertainity -0.6428
INFO:__main__:Completed epoch 34 of 100

INFO:__main__:NLL: 0.1150, L2: 0.0498, Reg: 0.0567
INFO:__main__:Total loss 0.2215
INFO:__main__:Predicted mean: -0.4358
INFO:__main__:Predicted uncertainity -0.6985
INFO:__main__:Completed epoch 35 of 100

INFO:__main__:NLL: 0.1971, L2: 0.0515, Reg: 0.0567
INFO:__main__:Total loss 0.3053
INFO:__main__:Predicted mean: -0.4135
INFO:__main__:Predicted uncertainity -0.7105
INFO:__main__:Completed epoch 36 of 100

INFO:__main__:NLL: 0.1124, L2: 0.0486, Reg: 0.0567
INFO:__main__:Total loss 0.2177
INFO:__main__:Predicted mean: -0.5103
INFO:__main__:Predicted uncertainity -0.6723
INFO:__main__:Completed epoch 37 of 100

INFO:__main__:NLL: 0.2738, L2: 0.0490, Reg: 0.0567
INFO:__main__:Total loss 0.3796
INFO:__main__:Predicted mean: -0.4305
INFO:__main__:Predicted uncertainity -0.6926
INFO:__main__:Completed epoch 38 of 100

INFO:__main__:NLL: 0.1542, L2: 0.0461, Reg: 0.0567
INFO:__main__:Total loss 0.2571
INFO:__main__:Predicted mean: -0.4136
INFO:__main__:Predicted uncertainity -0.6478
INFO:__main__:Completed epoch 39 of 100

INFO:__main__:NLL: 0.1428, L2: 0.0597, Reg: 0.0567
INFO:__main__:Total loss 0.2591
INFO:__main__:Predicted mean: -0.5144
INFO:__main__:Predicted uncertainity -0.6548
INFO:__main__:Completed epoch 40 of 100

INFO:__main__:NLL: 0.1069, L2: 0.0503, Reg: 0.0567
INFO:__main__:Total loss 0.2140
INFO:__main__:Predicted mean: -0.4529
INFO:__main__:Predicted uncertainity -0.7168
INFO:__main__:Completed epoch 41 of 100

INFO:__main__:NLL: 0.1249, L2: 0.0514, Reg: 0.0567
INFO:__main__:Total loss 0.2330
INFO:__main__:Predicted mean: -0.4513
INFO:__main__:Predicted uncertainity -0.6812
INFO:__main__:Completed epoch 42 of 100

INFO:__main__:NLL: 0.2304, L2: 0.0475, Reg: 0.0567
INFO:__main__:Total loss 0.3346
INFO:__main__:Predicted mean: -0.4014
INFO:__main__:Predicted uncertainity -0.6701
INFO:__main__:Completed epoch 43 of 100

INFO:__main__:NLL: 0.2183, L2: 0.0600, Reg: 0.0567
INFO:__main__:Total loss 0.3350
INFO:__main__:Predicted mean: -0.4711
INFO:__main__:Predicted uncertainity -0.7191
INFO:__main__:Completed epoch 44 of 100

INFO:__main__:NLL: 0.2184, L2: 0.0476, Reg: 0.0567
INFO:__main__:Total loss 0.3227
INFO:__main__:Predicted mean: -0.4951
INFO:__main__:Predicted uncertainity -0.7075
INFO:__main__:Completed epoch 45 of 100

INFO:__main__:NLL: 0.1321, L2: 0.0526, Reg: 0.0567
INFO:__main__:Total loss 0.2414
INFO:__main__:Predicted mean: -0.4035
INFO:__main__:Predicted uncertainity -0.6926
INFO:__main__:Completed epoch 46 of 100

INFO:__main__:NLL: 0.1239, L2: 0.0547, Reg: 0.0567
INFO:__main__:Total loss 0.2353
INFO:__main__:Predicted mean: -0.4768
INFO:__main__:Predicted uncertainity -0.8135
INFO:__main__:Completed epoch 47 of 100

INFO:__main__:NLL: 0.1008, L2: 0.0566, Reg: 0.0567
INFO:__main__:Total loss 0.2142
INFO:__main__:Predicted mean: -0.4263
INFO:__main__:Predicted uncertainity -0.7171
INFO:__main__:Completed epoch 48 of 100

INFO:__main__:NLL: 0.0641, L2: 0.0507, Reg: 0.0567
INFO:__main__:Total loss 0.1716
INFO:__main__:Predicted mean: -0.4726
INFO:__main__:Predicted uncertainity -0.7403
INFO:__main__:Completed epoch 49 of 100

INFO:__main__:NLL: 0.1459, L2: 0.0471, Reg: 0.0567
INFO:__main__:Total loss 0.2497
INFO:__main__:Predicted mean: -0.4129
INFO:__main__:Predicted uncertainity -0.6831
INFO:__main__:Completed epoch 50 of 100

INFO:__main__:NLL: 0.3499, L2: 0.0530, Reg: 0.0567
INFO:__main__:Total loss 0.4595
INFO:__main__:Predicted mean: -0.4320
INFO:__main__:Predicted uncertainity -0.6947
INFO:__main__:Completed epoch 51 of 100

INFO:__main__:NLL: 0.0881, L2: 0.0531, Reg: 0.0567
INFO:__main__:Total loss 0.1980
INFO:__main__:Predicted mean: -0.4440
INFO:__main__:Predicted uncertainity -0.6051
INFO:__main__:Completed epoch 52 of 100

INFO:__main__:NLL: 0.1287, L2: 0.0533, Reg: 0.0567
INFO:__main__:Total loss 0.2387
INFO:__main__:Predicted mean: -0.3923
INFO:__main__:Predicted uncertainity -0.6708
INFO:__main__:Completed epoch 53 of 100

INFO:__main__:NLL: 0.2221, L2: 0.0431, Reg: 0.0567
INFO:__main__:Total loss 0.3219
INFO:__main__:Predicted mean: -0.3880
INFO:__main__:Predicted uncertainity -0.5279
INFO:__main__:Completed epoch 54 of 100

INFO:__main__:NLL: 0.1535, L2: 0.0472, Reg: 0.0567
INFO:__main__:Total loss 0.2574
INFO:__main__:Predicted mean: -0.3766
INFO:__main__:Predicted uncertainity -0.6489
INFO:__main__:Completed epoch 55 of 100

INFO:__main__:NLL: 0.2963, L2: 0.0461, Reg: 0.0567
INFO:__main__:Total loss 0.3991
INFO:__main__:Predicted mean: -0.4408
INFO:__main__:Predicted uncertainity -0.6517
INFO:__main__:Completed epoch 56 of 100

INFO:__main__:NLL: 0.1250, L2: 0.0447, Reg: 0.0567
INFO:__main__:Total loss 0.2264
INFO:__main__:Predicted mean: -0.3771
INFO:__main__:Predicted uncertainity -0.6072
INFO:__main__:Completed epoch 57 of 100

INFO:__main__:NLL: 0.1239, L2: 0.0462, Reg: 0.0567
INFO:__main__:Total loss 0.2268
INFO:__main__:Predicted mean: -0.4213
INFO:__main__:Predicted uncertainity -0.6711
INFO:__main__:Completed epoch 58 of 100

INFO:__main__:NLL: 0.0981, L2: 0.0525, Reg: 0.0567
INFO:__main__:Total loss 0.2073
INFO:__main__:Predicted mean: -0.4325
INFO:__main__:Predicted uncertainity -0.7122
INFO:__main__:Completed epoch 59 of 100

INFO:__main__:NLL: 0.1468, L2: 0.0479, Reg: 0.0567
INFO:__main__:Total loss 0.2514
INFO:__main__:Predicted mean: -0.4381
INFO:__main__:Predicted uncertainity -0.6645
INFO:__main__:Completed epoch 60 of 100

INFO:__main__:NLL: 0.2494, L2: 0.0442, Reg: 0.0567
INFO:__main__:Total loss 0.3503
INFO:__main__:Predicted mean: -0.3802
INFO:__main__:Predicted uncertainity -0.6354
INFO:__main__:Completed epoch 61 of 100

INFO:__main__:NLL: 0.1931, L2: 0.0417, Reg: 0.0567
INFO:__main__:Total loss 0.2915
INFO:__main__:Predicted mean: -0.4224
INFO:__main__:Predicted uncertainity -0.6626
INFO:__main__:Completed epoch 62 of 100

INFO:__main__:NLL: 0.1356, L2: 0.0561, Reg: 0.0567
INFO:__main__:Total loss 0.2485
INFO:__main__:Predicted mean: -0.4912
INFO:__main__:Predicted uncertainity -0.6681
INFO:__main__:Completed epoch 63 of 100

INFO:__main__:NLL: 0.0864, L2: 0.0574, Reg: 0.0567
INFO:__main__:Total loss 0.2005
INFO:__main__:Predicted mean: -0.4595
INFO:__main__:Predicted uncertainity -0.7008
INFO:__main__:Completed epoch 64 of 100

INFO:__main__:NLL: 0.1535, L2: 0.0455, Reg: 0.0567
INFO:__main__:Total loss 0.2557
INFO:__main__:Predicted mean: -0.4267
INFO:__main__:Predicted uncertainity -0.6625
INFO:__main__:Completed epoch 65 of 100

INFO:__main__:NLL: 0.1679, L2: 0.0495, Reg: 0.0567
INFO:__main__:Total loss 0.2741
INFO:__main__:Predicted mean: -0.4550
INFO:__main__:Predicted uncertainity -0.6207
INFO:__main__:Completed epoch 66 of 100

INFO:__main__:NLL: 0.1134, L2: 0.0474, Reg: 0.0567
INFO:__main__:Total loss 0.2175
INFO:__main__:Predicted mean: -0.4165
INFO:__main__:Predicted uncertainity -0.7212
INFO:__main__:Completed epoch 67 of 100

INFO:__main__:NLL: 0.0955, L2: 0.0554, Reg: 0.0567
INFO:__main__:Total loss 0.2076
INFO:__main__:Predicted mean: -0.4620
INFO:__main__:Predicted uncertainity -0.8212
INFO:__main__:Completed epoch 68 of 100

INFO:__main__:NLL: 0.1111, L2: 0.0547, Reg: 0.0567
INFO:__main__:Total loss 0.2225
INFO:__main__:Predicted mean: -0.5126
INFO:__main__:Predicted uncertainity -0.7299
INFO:__main__:Completed epoch 69 of 100

INFO:__main__:NLL: 0.4187, L2: 0.0558, Reg: 0.0567
INFO:__main__:Total loss 0.5311
INFO:__main__:Predicted mean: -0.5325
INFO:__main__:Predicted uncertainity -0.6669
INFO:__main__:Completed epoch 70 of 100

INFO:__main__:NLL: 0.1135, L2: 0.0508, Reg: 0.0567
INFO:__main__:Total loss 0.2210
INFO:__main__:Predicted mean: -0.4918
INFO:__main__:Predicted uncertainity -0.6261
INFO:__main__:Completed epoch 71 of 100

INFO:__main__:NLL: 0.2226, L2: 0.0548, Reg: 0.0567
INFO:__main__:Total loss 0.3341
INFO:__main__:Predicted mean: -0.4592
INFO:__main__:Predicted uncertainity -0.7636
INFO:__main__:Completed epoch 72 of 100

INFO:__main__:NLL: 0.1794, L2: 0.0532, Reg: 0.0567
INFO:__main__:Total loss 0.2894
INFO:__main__:Predicted mean: -0.5142
INFO:__main__:Predicted uncertainity -0.7492
INFO:__main__:Completed epoch 73 of 100

INFO:__main__:NLL: 0.1288, L2: 0.0574, Reg: 0.0567
INFO:__main__:Total loss 0.2430
INFO:__main__:Predicted mean: -0.4901
INFO:__main__:Predicted uncertainity -0.7354
INFO:__main__:Completed epoch 74 of 100

INFO:__main__:NLL: 0.1064, L2: 0.0521, Reg: 0.0567
INFO:__main__:Total loss 0.2152
INFO:__main__:Predicted mean: -0.4709
INFO:__main__:Predicted uncertainity -0.6676
INFO:__main__:Completed epoch 75 of 100

INFO:__main__:NLL: 0.1683, L2: 0.0520, Reg: 0.0567
INFO:__main__:Total loss 0.2770
INFO:__main__:Predicted mean: -0.4546
INFO:__main__:Predicted uncertainity -0.7702
INFO:__main__:Completed epoch 76 of 100

INFO:__main__:NLL: 0.2013, L2: 0.0432, Reg: 0.0567
INFO:__main__:Total loss 0.3012
INFO:__main__:Predicted mean: -0.4540
INFO:__main__:Predicted uncertainity -0.6773
INFO:__main__:Completed epoch 77 of 100

INFO:__main__:NLL: 0.1885, L2: 0.0461, Reg: 0.0567
INFO:__main__:Total loss 0.2914
INFO:__main__:Predicted mean: -0.4248
INFO:__main__:Predicted uncertainity -0.5797
INFO:__main__:Completed epoch 78 of 100

INFO:__main__:NLL: 0.1780, L2: 0.0457, Reg: 0.0567
INFO:__main__:Total loss 0.2804
INFO:__main__:Predicted mean: -0.3538
INFO:__main__:Predicted uncertainity -0.6707
INFO:__main__:Completed epoch 79 of 100

INFO:__main__:NLL: 0.0955, L2: 0.0529, Reg: 0.0567
INFO:__main__:Total loss 0.2052
INFO:__main__:Predicted mean: -0.4669
INFO:__main__:Predicted uncertainity -0.6908
INFO:__main__:Completed epoch 80 of 100

INFO:__main__:NLL: 0.1719, L2: 0.0507, Reg: 0.0567
INFO:__main__:Total loss 0.2793
INFO:__main__:Predicted mean: -0.4380
INFO:__main__:Predicted uncertainity -0.5599
INFO:__main__:Completed epoch 81 of 100

INFO:__main__:NLL: 0.1551, L2: 0.0447, Reg: 0.0567
INFO:__main__:Total loss 0.2565
INFO:__main__:Predicted mean: -0.4531
INFO:__main__:Predicted uncertainity -0.6857
INFO:__main__:Completed epoch 82 of 100

INFO:__main__:NLL: 0.0035, L2: 0.0583, Reg: 0.0567
INFO:__main__:Total loss 0.1185
INFO:__main__:Predicted mean: -0.5110
INFO:__main__:Predicted uncertainity -0.8662
INFO:__main__:Completed epoch 83 of 100

INFO:__main__:NLL: 0.2762, L2: 0.0445, Reg: 0.0567
INFO:__main__:Total loss 0.3774
INFO:__main__:Predicted mean: -0.4354
INFO:__main__:Predicted uncertainity -0.6814
INFO:__main__:Completed epoch 84 of 100

INFO:__main__:NLL: 0.1744, L2: 0.0526, Reg: 0.0567
INFO:__main__:Total loss 0.2837
INFO:__main__:Predicted mean: -0.4575
INFO:__main__:Predicted uncertainity -0.7106
INFO:__main__:Completed epoch 85 of 100

INFO:__main__:NLL: 0.0023, L2: 0.0589, Reg: 0.0567
INFO:__main__:Total loss 0.1179
INFO:__main__:Predicted mean: -0.4432
INFO:__main__:Predicted uncertainity -0.7547
INFO:__main__:Completed epoch 86 of 100

INFO:__main__:NLL: 0.1904, L2: 0.0463, Reg: 0.0567
INFO:__main__:Total loss 0.2934
INFO:__main__:Predicted mean: -0.4556
INFO:__main__:Predicted uncertainity -0.5845
INFO:__main__:Completed epoch 87 of 100

INFO:__main__:NLL: 0.1726, L2: 0.0437, Reg: 0.0567
INFO:__main__:Total loss 0.2730
INFO:__main__:Predicted mean: -0.4513
INFO:__main__:Predicted uncertainity -0.5481
INFO:__main__:Completed epoch 88 of 100

INFO:__main__:NLL: 0.1613, L2: 0.0504, Reg: 0.0567
INFO:__main__:Total loss 0.2684
INFO:__main__:Predicted mean: -0.4127
INFO:__main__:Predicted uncertainity -0.7061
INFO:__main__:Completed epoch 89 of 100

INFO:__main__:NLL: 0.3500, L2: 0.0592, Reg: 0.0567
INFO:__main__:Total loss 0.4659
INFO:__main__:Predicted mean: -0.4963
INFO:__main__:Predicted uncertainity -0.6769
INFO:__main__:Completed epoch 90 of 100

INFO:__main__:NLL: 0.0163, L2: 0.0553, Reg: 0.0567
INFO:__main__:Total loss 0.1283
INFO:__main__:Predicted mean: -0.4912
INFO:__main__:Predicted uncertainity -0.7960
INFO:__main__:Completed epoch 91 of 100

INFO:__main__:NLL: 0.3779, L2: 0.0530, Reg: 0.0567
INFO:__main__:Total loss 0.4876
INFO:__main__:Predicted mean: -0.4581
INFO:__main__:Predicted uncertainity -0.8102
INFO:__main__:Completed epoch 92 of 100

INFO:__main__:NLL: 0.1118, L2: 0.0484, Reg: 0.0567
INFO:__main__:Total loss 0.2169
INFO:__main__:Predicted mean: -0.4143
INFO:__main__:Predicted uncertainity -0.7301
INFO:__main__:Completed epoch 93 of 100

INFO:__main__:NLL: 0.1652, L2: 0.0511, Reg: 0.0567
INFO:__main__:Total loss 0.2730
INFO:__main__:Predicted mean: -0.4342
INFO:__main__:Predicted uncertainity -0.7611
INFO:__main__:Completed epoch 94 of 100

INFO:__main__:NLL: 0.1823, L2: 0.0463, Reg: 0.0567
INFO:__main__:Total loss 0.2854
INFO:__main__:Predicted mean: -0.4070
INFO:__main__:Predicted uncertainity -0.6534
INFO:__main__:Completed epoch 95 of 100

INFO:__main__:NLL: 0.2250, L2: 0.0541, Reg: 0.0567
INFO:__main__:Total loss 0.3358
INFO:__main__:Predicted mean: -0.4945
INFO:__main__:Predicted uncertainity -0.7084
INFO:__main__:Completed epoch 96 of 100

INFO:__main__:NLL: 0.2100, L2: 0.0425, Reg: 0.0567
INFO:__main__:Total loss 0.3092
INFO:__main__:Predicted mean: -0.4400
INFO:__main__:Predicted uncertainity -0.6596
INFO:__main__:Completed epoch 97 of 100

INFO:__main__:NLL: 0.2267, L2: 0.0528, Reg: 0.0567
INFO:__main__:Total loss 0.3362
INFO:__main__:Predicted mean: -0.4425
INFO:__main__:Predicted uncertainity -0.7091
INFO:__main__:Completed epoch 98 of 100

INFO:__main__:NLL: 0.1905, L2: 0.0464, Reg: 0.0567
INFO:__main__:Total loss 0.2936
INFO:__main__:Predicted mean: -0.3860
INFO:__main__:Predicted uncertainity -0.6866
INFO:__main__:Completed epoch 99 of 100

INFO:__main__:NLL: 0.4431, L2: 0.0548, Reg: 0.0567
INFO:__main__:Total loss 0.5546
INFO:__main__:Predicted mean: -0.4857
INFO:__main__:Predicted uncertainity -0.7565
INFO:__main__:Completed epoch 100 of 100

INFO:__main__:322.370901 s
