INFO:__main__:PROCESS RUNNING ON cpu
INFO:__main__:NLL: 0.1124, L2: 0.0631, Reg: 0.0057
INFO:__main__:Total loss 0.1812
INFO:__main__:Predicted mean: -0.5403
INFO:__main__:Predicted uncertainity -0.7851
INFO:__main__:Completed epoch 1 of 100

INFO:__main__:NLL: 0.2238, L2: 0.0539, Reg: 0.0057
INFO:__main__:Total loss 0.2834
INFO:__main__:Predicted mean: -0.4940
INFO:__main__:Predicted uncertainity -0.5985
INFO:__main__:Completed epoch 2 of 100

INFO:__main__:NLL: 0.1389, L2: 0.0472, Reg: 0.0057
INFO:__main__:Total loss 0.1917
INFO:__main__:Predicted mean: -0.4415
INFO:__main__:Predicted uncertainity -0.7422
INFO:__main__:Completed epoch 3 of 100

INFO:__main__:NLL: 0.1116, L2: 0.0495, Reg: 0.0057
INFO:__main__:Total loss 0.1668
INFO:__main__:Predicted mean: -0.4966
INFO:__main__:Predicted uncertainity -0.7278
INFO:__main__:Completed epoch 4 of 100

INFO:__main__:NLL: 0.1379, L2: 0.0476, Reg: 0.0057
INFO:__main__:Total loss 0.1911
INFO:__main__:Predicted mean: -0.4557
INFO:__main__:Predicted uncertainity -0.6795
INFO:__main__:Completed epoch 5 of 100

INFO:__main__:NLL: 0.0448, L2: 0.0526, Reg: 0.0057
INFO:__main__:Total loss 0.1030
INFO:__main__:Predicted mean: -0.4333
INFO:__main__:Predicted uncertainity -0.6660
INFO:__main__:Completed epoch 6 of 100

INFO:__main__:NLL: 0.1058, L2: 0.0470, Reg: 0.0057
INFO:__main__:Total loss 0.1585
INFO:__main__:Predicted mean: -0.4510
INFO:__main__:Predicted uncertainity -0.5526
INFO:__main__:Completed epoch 7 of 100

INFO:__main__:NLL: 0.2804, L2: 0.0535, Reg: 0.0057
INFO:__main__:Total loss 0.3395
INFO:__main__:Predicted mean: -0.4438
INFO:__main__:Predicted uncertainity -0.7396
INFO:__main__:Completed epoch 8 of 100

INFO:__main__:NLL: 0.1135, L2: 0.0552, Reg: 0.0057
INFO:__main__:Total loss 0.1744
INFO:__main__:Predicted mean: -0.4870
INFO:__main__:Predicted uncertainity -0.7718
INFO:__main__:Completed epoch 9 of 100

INFO:__main__:NLL: 0.2613, L2: 0.0546, Reg: 0.0057
INFO:__main__:Total loss 0.3215
INFO:__main__:Predicted mean: -0.4767
INFO:__main__:Predicted uncertainity -0.7691
INFO:__main__:Completed epoch 10 of 100

INFO:__main__:NLL: 0.2058, L2: 0.0520, Reg: 0.0057
INFO:__main__:Total loss 0.2635
INFO:__main__:Predicted mean: -0.5226
INFO:__main__:Predicted uncertainity -0.7294
INFO:__main__:Completed epoch 11 of 100

INFO:__main__:NLL: 0.2427, L2: 0.0508, Reg: 0.0057
INFO:__main__:Total loss 0.2991
INFO:__main__:Predicted mean: -0.4209
INFO:__main__:Predicted uncertainity -0.6625
INFO:__main__:Completed epoch 12 of 100

INFO:__main__:NLL: 0.0729, L2: 0.0552, Reg: 0.0057
INFO:__main__:Total loss 0.1338
INFO:__main__:Predicted mean: -0.4620
INFO:__main__:Predicted uncertainity -0.7637
INFO:__main__:Completed epoch 13 of 100

INFO:__main__:NLL: 0.1222, L2: 0.0486, Reg: 0.0057
INFO:__main__:Total loss 0.1765
INFO:__main__:Predicted mean: -0.4222
INFO:__main__:Predicted uncertainity -0.7483
INFO:__main__:Completed epoch 14 of 100

INFO:__main__:NLL: 0.0951, L2: 0.0530, Reg: 0.0057
INFO:__main__:Total loss 0.1537
INFO:__main__:Predicted mean: -0.4671
INFO:__main__:Predicted uncertainity -0.6977
INFO:__main__:Completed epoch 15 of 100

INFO:__main__:NLL: 0.1089, L2: 0.0528, Reg: 0.0057
INFO:__main__:Total loss 0.1674
INFO:__main__:Predicted mean: -0.4445
INFO:__main__:Predicted uncertainity -0.6846
INFO:__main__:Completed epoch 16 of 100

INFO:__main__:NLL: 0.0821, L2: 0.0509, Reg: 0.0057
INFO:__main__:Total loss 0.1387
INFO:__main__:Predicted mean: -0.4519
INFO:__main__:Predicted uncertainity -0.7236
INFO:__main__:Completed epoch 17 of 100

INFO:__main__:NLL: 0.1366, L2: 0.0532, Reg: 0.0057
INFO:__main__:Total loss 0.1954
INFO:__main__:Predicted mean: -0.4242
INFO:__main__:Predicted uncertainity -0.7258
INFO:__main__:Completed epoch 18 of 100

INFO:__main__:NLL: 0.2089, L2: 0.0508, Reg: 0.0057
INFO:__main__:Total loss 0.2654
INFO:__main__:Predicted mean: -0.4596
INFO:__main__:Predicted uncertainity -0.6895
INFO:__main__:Completed epoch 19 of 100

INFO:__main__:NLL: 0.1129, L2: 0.0511, Reg: 0.0057
INFO:__main__:Total loss 0.1697
INFO:__main__:Predicted mean: -0.4114
INFO:__main__:Predicted uncertainity -0.6919
INFO:__main__:Completed epoch 20 of 100

INFO:__main__:NLL: 0.1535, L2: 0.0500, Reg: 0.0057
INFO:__main__:Total loss 0.2091
INFO:__main__:Predicted mean: -0.4958
INFO:__main__:Predicted uncertainity -0.6158
INFO:__main__:Completed epoch 21 of 100

INFO:__main__:NLL: 0.0630, L2: 0.0520, Reg: 0.0057
INFO:__main__:Total loss 0.1206
INFO:__main__:Predicted mean: -0.4621
INFO:__main__:Predicted uncertainity -0.7264
INFO:__main__:Completed epoch 22 of 100

INFO:__main__:NLL: 0.2800, L2: 0.0541, Reg: 0.0057
INFO:__main__:Total loss 0.3397
INFO:__main__:Predicted mean: -0.4689
INFO:__main__:Predicted uncertainity -0.7769
INFO:__main__:Completed epoch 23 of 100

INFO:__main__:NLL: 0.1522, L2: 0.0517, Reg: 0.0057
INFO:__main__:Total loss 0.2096
INFO:__main__:Predicted mean: -0.4136
INFO:__main__:Predicted uncertainity -0.6139
INFO:__main__:Completed epoch 24 of 100

INFO:__main__:NLL: 0.1671, L2: 0.0419, Reg: 0.0057
INFO:__main__:Total loss 0.2146
INFO:__main__:Predicted mean: -0.4062
INFO:__main__:Predicted uncertainity -0.5958
INFO:__main__:Completed epoch 25 of 100

INFO:__main__:NLL: 0.3807, L2: 0.0481, Reg: 0.0057
INFO:__main__:Total loss 0.4344
INFO:__main__:Predicted mean: -0.4341
INFO:__main__:Predicted uncertainity -0.6473
INFO:__main__:Completed epoch 26 of 100

INFO:__main__:NLL: 0.1622, L2: 0.0474, Reg: 0.0057
INFO:__main__:Total loss 0.2152
INFO:__main__:Predicted mean: -0.4261
INFO:__main__:Predicted uncertainity -0.6010
INFO:__main__:Completed epoch 27 of 100

INFO:__main__:NLL: 0.1306, L2: 0.0518, Reg: 0.0057
INFO:__main__:Total loss 0.1881
INFO:__main__:Predicted mean: -0.4546
INFO:__main__:Predicted uncertainity -0.7874
INFO:__main__:Completed epoch 28 of 100

INFO:__main__:NLL: 0.1521, L2: 0.0509, Reg: 0.0057
INFO:__main__:Total loss 0.2088
INFO:__main__:Predicted mean: -0.4391
INFO:__main__:Predicted uncertainity -0.6927
INFO:__main__:Completed epoch 29 of 100

INFO:__main__:NLL: 0.1305, L2: 0.0481, Reg: 0.0057
INFO:__main__:Total loss 0.1842
INFO:__main__:Predicted mean: -0.4247
INFO:__main__:Predicted uncertainity -0.5926
INFO:__main__:Completed epoch 30 of 100

INFO:__main__:NLL: 0.1213, L2: 0.0475, Reg: 0.0057
INFO:__main__:Total loss 0.1745
INFO:__main__:Predicted mean: -0.4537
INFO:__main__:Predicted uncertainity -0.6314
INFO:__main__:Completed epoch 31 of 100

INFO:__main__:NLL: 0.1425, L2: 0.0478, Reg: 0.0057
INFO:__main__:Total loss 0.1959
INFO:__main__:Predicted mean: -0.4668
INFO:__main__:Predicted uncertainity -0.5824
INFO:__main__:Completed epoch 32 of 100

INFO:__main__:NLL: 0.1546, L2: 0.0584, Reg: 0.0057
INFO:__main__:Total loss 0.2186
INFO:__main__:Predicted mean: -0.4473
INFO:__main__:Predicted uncertainity -0.7894
INFO:__main__:Completed epoch 33 of 100

INFO:__main__:NLL: 0.1501, L2: 0.0554, Reg: 0.0057
INFO:__main__:Total loss 0.2112
INFO:__main__:Predicted mean: -0.4811
INFO:__main__:Predicted uncertainity -0.6675
INFO:__main__:Completed epoch 34 of 100

INFO:__main__:NLL: 0.1299, L2: 0.0518, Reg: 0.0057
INFO:__main__:Total loss 0.1874
INFO:__main__:Predicted mean: -0.4077
INFO:__main__:Predicted uncertainity -0.7461
INFO:__main__:Completed epoch 35 of 100

INFO:__main__:NLL: 0.1340, L2: 0.0551, Reg: 0.0057
INFO:__main__:Total loss 0.1948
INFO:__main__:Predicted mean: -0.4931
INFO:__main__:Predicted uncertainity -0.7332
INFO:__main__:Completed epoch 36 of 100

INFO:__main__:NLL: 0.2091, L2: 0.0471, Reg: 0.0057
INFO:__main__:Total loss 0.2618
INFO:__main__:Predicted mean: -0.4271
INFO:__main__:Predicted uncertainity -0.6286
INFO:__main__:Completed epoch 37 of 100

INFO:__main__:NLL: 0.1191, L2: 0.0496, Reg: 0.0057
INFO:__main__:Total loss 0.1744
INFO:__main__:Predicted mean: -0.4444
INFO:__main__:Predicted uncertainity -0.7108
INFO:__main__:Completed epoch 38 of 100

INFO:__main__:NLL: 0.0959, L2: 0.0519, Reg: 0.0057
INFO:__main__:Total loss 0.1535
INFO:__main__:Predicted mean: -0.4873
INFO:__main__:Predicted uncertainity -0.8343
INFO:__main__:Completed epoch 39 of 100

INFO:__main__:NLL: 0.1304, L2: 0.0491, Reg: 0.0057
INFO:__main__:Total loss 0.1852
INFO:__main__:Predicted mean: -0.4647
INFO:__main__:Predicted uncertainity -0.6515
INFO:__main__:Completed epoch 40 of 100

INFO:__main__:NLL: 0.1142, L2: 0.0523, Reg: 0.0057
INFO:__main__:Total loss 0.1722
INFO:__main__:Predicted mean: -0.4313
INFO:__main__:Predicted uncertainity -0.7350
INFO:__main__:Completed epoch 41 of 100

INFO:__main__:NLL: 0.3074, L2: 0.0529, Reg: 0.0057
INFO:__main__:Total loss 0.3660
INFO:__main__:Predicted mean: -0.4584
INFO:__main__:Predicted uncertainity -0.7429
INFO:__main__:Completed epoch 42 of 100

INFO:__main__:NLL: 0.1337, L2: 0.0512, Reg: 0.0057
INFO:__main__:Total loss 0.1906
INFO:__main__:Predicted mean: -0.4564
INFO:__main__:Predicted uncertainity -0.6723
INFO:__main__:Completed epoch 43 of 100

INFO:__main__:NLL: 0.1612, L2: 0.0565, Reg: 0.0057
INFO:__main__:Total loss 0.2233
INFO:__main__:Predicted mean: -0.4543
INFO:__main__:Predicted uncertainity -0.7636
INFO:__main__:Completed epoch 44 of 100

INFO:__main__:NLL: 0.1324, L2: 0.0490, Reg: 0.0057
INFO:__main__:Total loss 0.1870
INFO:__main__:Predicted mean: -0.4090
INFO:__main__:Predicted uncertainity -0.7336
INFO:__main__:Completed epoch 45 of 100

INFO:__main__:NLL: 0.3426, L2: 0.0506, Reg: 0.0057
INFO:__main__:Total loss 0.3988
INFO:__main__:Predicted mean: -0.4287
INFO:__main__:Predicted uncertainity -0.6844
INFO:__main__:Completed epoch 46 of 100

INFO:__main__:NLL: 0.1146, L2: 0.0561, Reg: 0.0057
INFO:__main__:Total loss 0.1764
INFO:__main__:Predicted mean: -0.5170
INFO:__main__:Predicted uncertainity -0.7642
INFO:__main__:Completed epoch 47 of 100

INFO:__main__:NLL: 0.2606, L2: 0.0500, Reg: 0.0057
INFO:__main__:Total loss 0.3163
INFO:__main__:Predicted mean: -0.4381
INFO:__main__:Predicted uncertainity -0.6412
INFO:__main__:Completed epoch 48 of 100

INFO:__main__:NLL: 0.1309, L2: 0.0535, Reg: 0.0057
INFO:__main__:Total loss 0.1901
INFO:__main__:Predicted mean: -0.5064
INFO:__main__:Predicted uncertainity -0.7355
INFO:__main__:Completed epoch 49 of 100

INFO:__main__:NLL: 0.1393, L2: 0.0481, Reg: 0.0057
INFO:__main__:Total loss 0.1931
INFO:__main__:Predicted mean: -0.4911
INFO:__main__:Predicted uncertainity -0.6687
INFO:__main__:Completed epoch 50 of 100

INFO:__main__:NLL: 0.1434, L2: 0.0555, Reg: 0.0057
INFO:__main__:Total loss 0.2046
INFO:__main__:Predicted mean: -0.4773
INFO:__main__:Predicted uncertainity -0.8542
INFO:__main__:Completed epoch 51 of 100

INFO:__main__:NLL: 0.0831, L2: 0.0539, Reg: 0.0057
INFO:__main__:Total loss 0.1427
INFO:__main__:Predicted mean: -0.4255
INFO:__main__:Predicted uncertainity -0.7173
INFO:__main__:Completed epoch 52 of 100

INFO:__main__:NLL: 0.1908, L2: 0.0537, Reg: 0.0057
INFO:__main__:Total loss 0.2502
INFO:__main__:Predicted mean: -0.4692
INFO:__main__:Predicted uncertainity -0.8298
INFO:__main__:Completed epoch 53 of 100

INFO:__main__:NLL: 0.0952, L2: 0.0487, Reg: 0.0057
INFO:__main__:Total loss 0.1496
INFO:__main__:Predicted mean: -0.4229
INFO:__main__:Predicted uncertainity -0.6640
INFO:__main__:Completed epoch 54 of 100

INFO:__main__:NLL: 0.1677, L2: 0.0535, Reg: 0.0057
INFO:__main__:Total loss 0.2268
INFO:__main__:Predicted mean: -0.4618
INFO:__main__:Predicted uncertainity -0.7751
INFO:__main__:Completed epoch 55 of 100

INFO:__main__:NLL: 0.1724, L2: 0.0521, Reg: 0.0057
INFO:__main__:Total loss 0.2302
INFO:__main__:Predicted mean: -0.4455
INFO:__main__:Predicted uncertainity -0.7657
INFO:__main__:Completed epoch 56 of 100

INFO:__main__:NLL: 0.2150, L2: 0.0524, Reg: 0.0057
INFO:__main__:Total loss 0.2731
INFO:__main__:Predicted mean: -0.4338
INFO:__main__:Predicted uncertainity -0.7103
INFO:__main__:Completed epoch 57 of 100

INFO:__main__:NLL: 0.2300, L2: 0.0577, Reg: 0.0057
INFO:__main__:Total loss 0.2933
INFO:__main__:Predicted mean: -0.5099
INFO:__main__:Predicted uncertainity -0.8219
INFO:__main__:Completed epoch 58 of 100

INFO:__main__:NLL: 0.1368, L2: 0.0492, Reg: 0.0057
INFO:__main__:Total loss 0.1917
INFO:__main__:Predicted mean: -0.4389
INFO:__main__:Predicted uncertainity -0.6095
INFO:__main__:Completed epoch 59 of 100

INFO:__main__:NLL: 0.1211, L2: 0.0530, Reg: 0.0057
INFO:__main__:Total loss 0.1798
INFO:__main__:Predicted mean: -0.4487
INFO:__main__:Predicted uncertainity -0.6278
INFO:__main__:Completed epoch 60 of 100

INFO:__main__:NLL: 0.0462, L2: 0.0543, Reg: 0.0057
INFO:__main__:Total loss 0.1062
INFO:__main__:Predicted mean: -0.4744
INFO:__main__:Predicted uncertainity -0.6810
INFO:__main__:Completed epoch 61 of 100

INFO:__main__:NLL: 0.2033, L2: 0.0456, Reg: 0.0057
INFO:__main__:Total loss 0.2546
INFO:__main__:Predicted mean: -0.4413
INFO:__main__:Predicted uncertainity -0.7297
INFO:__main__:Completed epoch 62 of 100

INFO:__main__:NLL: 0.3281, L2: 0.0603, Reg: 0.0057
INFO:__main__:Total loss 0.3941
INFO:__main__:Predicted mean: -0.5046
INFO:__main__:Predicted uncertainity -0.7846
INFO:__main__:Completed epoch 63 of 100

INFO:__main__:NLL: 0.1494, L2: 0.0603, Reg: 0.0057
INFO:__main__:Total loss 0.2153
INFO:__main__:Predicted mean: -0.5535
INFO:__main__:Predicted uncertainity -0.7297
INFO:__main__:Completed epoch 64 of 100

INFO:__main__:NLL: 0.0128, L2: 0.0543, Reg: 0.0057
INFO:__main__:Total loss 0.0728
INFO:__main__:Predicted mean: -0.4600
INFO:__main__:Predicted uncertainity -0.7646
INFO:__main__:Completed epoch 65 of 100

INFO:__main__:NLL: 0.1924, L2: 0.0494, Reg: 0.0057
INFO:__main__:Total loss 0.2475
INFO:__main__:Predicted mean: -0.4541
INFO:__main__:Predicted uncertainity -0.6833
INFO:__main__:Completed epoch 66 of 100

INFO:__main__:NLL: 0.1079, L2: 0.0567, Reg: 0.0057
INFO:__main__:Total loss 0.1703
INFO:__main__:Predicted mean: -0.5302
INFO:__main__:Predicted uncertainity -0.7887
INFO:__main__:Completed epoch 67 of 100

INFO:__main__:NLL: 0.1805, L2: 0.0532, Reg: 0.0057
INFO:__main__:Total loss 0.2394
INFO:__main__:Predicted mean: -0.4848
INFO:__main__:Predicted uncertainity -0.7465
INFO:__main__:Completed epoch 68 of 100

INFO:__main__:NLL: 0.1432, L2: 0.0528, Reg: 0.0057
INFO:__main__:Total loss 0.2017
INFO:__main__:Predicted mean: -0.4218
INFO:__main__:Predicted uncertainity -0.7081
INFO:__main__:Completed epoch 69 of 100

INFO:__main__:NLL: 0.1191, L2: 0.0463, Reg: 0.0057
INFO:__main__:Total loss 0.1710
INFO:__main__:Predicted mean: -0.4504
INFO:__main__:Predicted uncertainity -0.6942
INFO:__main__:Completed epoch 70 of 100

INFO:__main__:NLL: 0.1721, L2: 0.0441, Reg: 0.0057
INFO:__main__:Total loss 0.2219
INFO:__main__:Predicted mean: -0.4012
INFO:__main__:Predicted uncertainity -0.6775
INFO:__main__:Completed epoch 71 of 100

INFO:__main__:NLL: 0.1663, L2: 0.0474, Reg: 0.0057
INFO:__main__:Total loss 0.2194
INFO:__main__:Predicted mean: -0.3732
INFO:__main__:Predicted uncertainity -0.5622
INFO:__main__:Completed epoch 72 of 100

INFO:__main__:NLL: 0.0737, L2: 0.0470, Reg: 0.0057
INFO:__main__:Total loss 0.1264
INFO:__main__:Predicted mean: -0.4257
INFO:__main__:Predicted uncertainity -0.7019
INFO:__main__:Completed epoch 73 of 100

INFO:__main__:NLL: 0.0101, L2: 0.0526, Reg: 0.0057
INFO:__main__:Total loss 0.0684
INFO:__main__:Predicted mean: -0.4865
INFO:__main__:Predicted uncertainity -0.7917
INFO:__main__:Completed epoch 74 of 100

INFO:__main__:NLL: 0.2611, L2: 0.0540, Reg: 0.0057
INFO:__main__:Total loss 0.3208
INFO:__main__:Predicted mean: -0.4507
INFO:__main__:Predicted uncertainity -0.6934
INFO:__main__:Completed epoch 75 of 100

INFO:__main__:NLL: 0.1275, L2: 0.0515, Reg: 0.0057
INFO:__main__:Total loss 0.1847
INFO:__main__:Predicted mean: -0.4673
INFO:__main__:Predicted uncertainity -0.6861
INFO:__main__:Completed epoch 76 of 100

INFO:__main__:NLL: 0.1307, L2: 0.0512, Reg: 0.0057
INFO:__main__:Total loss 0.1875
INFO:__main__:Predicted mean: -0.4616
INFO:__main__:Predicted uncertainity -0.6040
INFO:__main__:Completed epoch 77 of 100

INFO:__main__:NLL: 0.0838, L2: 0.0550, Reg: 0.0057
INFO:__main__:Total loss 0.1444
INFO:__main__:Predicted mean: -0.5168
INFO:__main__:Predicted uncertainity -0.5835
INFO:__main__:Completed epoch 78 of 100

INFO:__main__:NLL: 0.1074, L2: 0.0472, Reg: 0.0057
INFO:__main__:Total loss 0.1603
INFO:__main__:Predicted mean: -0.4332
INFO:__main__:Predicted uncertainity -0.7421
INFO:__main__:Completed epoch 79 of 100

INFO:__main__:NLL: 0.1103, L2: 0.0508, Reg: 0.0057
INFO:__main__:Total loss 0.1668
INFO:__main__:Predicted mean: -0.4125
INFO:__main__:Predicted uncertainity -0.6957
INFO:__main__:Completed epoch 80 of 100

INFO:__main__:NLL: 0.1750, L2: 0.0505, Reg: 0.0057
INFO:__main__:Total loss 0.2313
INFO:__main__:Predicted mean: -0.4306
INFO:__main__:Predicted uncertainity -0.7362
INFO:__main__:Completed epoch 81 of 100

INFO:__main__:NLL: 0.2000, L2: 0.0497, Reg: 0.0057
INFO:__main__:Total loss 0.2554
INFO:__main__:Predicted mean: -0.3730
INFO:__main__:Predicted uncertainity -0.5964
INFO:__main__:Completed epoch 82 of 100

INFO:__main__:NLL: 0.1680, L2: 0.0436, Reg: 0.0057
INFO:__main__:Total loss 0.2172
INFO:__main__:Predicted mean: -0.3806
INFO:__main__:Predicted uncertainity -0.6884
INFO:__main__:Completed epoch 83 of 100

INFO:__main__:NLL: 0.1205, L2: 0.0464, Reg: 0.0057
INFO:__main__:Total loss 0.1726
INFO:__main__:Predicted mean: -0.4244
INFO:__main__:Predicted uncertainity -0.6688
INFO:__main__:Completed epoch 84 of 100

INFO:__main__:NLL: 0.1680, L2: 0.0545, Reg: 0.0057
INFO:__main__:Total loss 0.2282
INFO:__main__:Predicted mean: -0.5086
INFO:__main__:Predicted uncertainity -0.6381
INFO:__main__:Completed epoch 85 of 100

INFO:__main__:NLL: 0.1528, L2: 0.0572, Reg: 0.0057
INFO:__main__:Total loss 0.2157
INFO:__main__:Predicted mean: -0.4835
INFO:__main__:Predicted uncertainity -0.6957
INFO:__main__:Completed epoch 86 of 100

INFO:__main__:NLL: 0.1460, L2: 0.0617, Reg: 0.0057
INFO:__main__:Total loss 0.2133
INFO:__main__:Predicted mean: -0.5117
INFO:__main__:Predicted uncertainity -0.7984
INFO:__main__:Completed epoch 87 of 100

INFO:__main__:NLL: 0.3536, L2: 0.0518, Reg: 0.0057
INFO:__main__:Total loss 0.4110
INFO:__main__:Predicted mean: -0.4796
INFO:__main__:Predicted uncertainity -0.7574
INFO:__main__:Completed epoch 88 of 100

INFO:__main__:NLL: 0.4213, L2: 0.0556, Reg: 0.0057
INFO:__main__:Total loss 0.4826
INFO:__main__:Predicted mean: -0.4261
INFO:__main__:Predicted uncertainity -0.7547
INFO:__main__:Completed epoch 89 of 100

INFO:__main__:NLL: 0.1762, L2: 0.0516, Reg: 0.0057
INFO:__main__:Total loss 0.2335
INFO:__main__:Predicted mean: -0.4678
INFO:__main__:Predicted uncertainity -0.7164
INFO:__main__:Completed epoch 90 of 100

INFO:__main__:NLL: 0.1402, L2: 0.0604, Reg: 0.0057
INFO:__main__:Total loss 0.2062
INFO:__main__:Predicted mean: -0.4205
INFO:__main__:Predicted uncertainity -0.6303
INFO:__main__:Completed epoch 91 of 100

INFO:__main__:NLL: 0.0024, L2: 0.0559, Reg: 0.0057
INFO:__main__:Total loss 0.0640
INFO:__main__:Predicted mean: -0.4504
INFO:__main__:Predicted uncertainity -0.6868
INFO:__main__:Completed epoch 92 of 100

INFO:__main__:NLL: 0.2473, L2: 0.0493, Reg: 0.0057
INFO:__main__:Total loss 0.3022
INFO:__main__:Predicted mean: -0.4698
INFO:__main__:Predicted uncertainity -0.7228
INFO:__main__:Completed epoch 93 of 100

INFO:__main__:NLL: 0.2763, L2: 0.0555, Reg: 0.0057
INFO:__main__:Total loss 0.3375
INFO:__main__:Predicted mean: -0.4761
INFO:__main__:Predicted uncertainity -0.7816
INFO:__main__:Completed epoch 94 of 100

INFO:__main__:NLL: 0.1835, L2: 0.0443, Reg: 0.0057
INFO:__main__:Total loss 0.2335
INFO:__main__:Predicted mean: -0.3897
INFO:__main__:Predicted uncertainity -0.6376
INFO:__main__:Completed epoch 95 of 100

INFO:__main__:NLL: 0.2574, L2: 0.0554, Reg: 0.0057
INFO:__main__:Total loss 0.3186
INFO:__main__:Predicted mean: -0.4851
INFO:__main__:Predicted uncertainity -0.7939
INFO:__main__:Completed epoch 96 of 100

INFO:__main__:NLL: 0.2081, L2: 0.0550, Reg: 0.0057
INFO:__main__:Total loss 0.2688
INFO:__main__:Predicted mean: -0.4426
INFO:__main__:Predicted uncertainity -0.6470
INFO:__main__:Completed epoch 97 of 100

INFO:__main__:NLL: 0.0530, L2: 0.0515, Reg: 0.0057
INFO:__main__:Total loss 0.1101
INFO:__main__:Predicted mean: -0.4498
INFO:__main__:Predicted uncertainity -0.7345
INFO:__main__:Completed epoch 98 of 100

INFO:__main__:NLL: 0.1251, L2: 0.0553, Reg: 0.0057
INFO:__main__:Total loss 0.1860
INFO:__main__:Predicted mean: -0.4677
INFO:__main__:Predicted uncertainity -0.7653
INFO:__main__:Completed epoch 99 of 100

INFO:__main__:NLL: 0.2568, L2: 0.0421, Reg: 0.0057
INFO:__main__:Total loss 0.3045
INFO:__main__:Predicted mean: -0.4165
INFO:__main__:Predicted uncertainity -0.6834
INFO:__main__:Completed epoch 100 of 100

INFO:__main__:544.232991 s
