INFO:__main__:PROCESS RUNNING ON cpu
INFO:__main__:NLL: 0.4510, L2: 0.0422, Reg: -0.2338
INFO:__main__:Total loss 0.2594
INFO:__main__:Predicted mean: -0.3483
INFO:__main__:Predicted uncertainity 0.5482
INFO:__main__:Completed epoch 1 of 100

INFO:__main__:NLL: 0.4541, L2: 0.0433, Reg: -0.2452
INFO:__main__:Total loss 0.2522
INFO:__main__:Predicted mean: -0.3515
INFO:__main__:Predicted uncertainity 0.5566
INFO:__main__:Completed epoch 2 of 100

INFO:__main__:NLL: 0.4557, L2: 0.0439, Reg: -0.2448
INFO:__main__:Total loss 0.2547
INFO:__main__:Predicted mean: -0.3507
INFO:__main__:Predicted uncertainity 0.5618
INFO:__main__:Completed epoch 3 of 100

INFO:__main__:NLL: 0.4542, L2: 0.0432, Reg: -0.2464
INFO:__main__:Total loss 0.2510
INFO:__main__:Predicted mean: -0.3465
INFO:__main__:Predicted uncertainity 0.5584
INFO:__main__:Completed epoch 4 of 100

INFO:__main__:NLL: 0.4547, L2: 0.0432, Reg: -0.2338
INFO:__main__:Total loss 0.2641
INFO:__main__:Predicted mean: -0.3430
INFO:__main__:Predicted uncertainity 0.5609
INFO:__main__:Completed epoch 5 of 100

INFO:__main__:NLL: 0.4552, L2: 0.0433, Reg: -0.2434
INFO:__main__:Total loss 0.2551
INFO:__main__:Predicted mean: -0.3414
INFO:__main__:Predicted uncertainity 0.5629
INFO:__main__:Completed epoch 6 of 100

INFO:__main__:NLL: 0.4561, L2: 0.0436, Reg: -0.2329
INFO:__main__:Total loss 0.2668
INFO:__main__:Predicted mean: -0.3409
INFO:__main__:Predicted uncertainity 0.5659
INFO:__main__:Completed epoch 7 of 100

INFO:__main__:NLL: 0.4509, L2: 0.0418, Reg: -0.2389
INFO:__main__:Total loss 0.2539
INFO:__main__:Predicted mean: -0.3402
INFO:__main__:Predicted uncertainity 0.5500
INFO:__main__:Completed epoch 8 of 100

INFO:__main__:NLL: 0.4564, L2: 0.0437, Reg: -0.2366
INFO:__main__:Total loss 0.2635
INFO:__main__:Predicted mean: -0.3410
INFO:__main__:Predicted uncertainity 0.5666
INFO:__main__:Completed epoch 9 of 100

INFO:__main__:NLL: 0.4533, L2: 0.0427, Reg: -0.2364
INFO:__main__:Total loss 0.2596
INFO:__main__:Predicted mean: -0.3409
INFO:__main__:Predicted uncertainity 0.5574
INFO:__main__:Completed epoch 10 of 100

INFO:__main__:NLL: 0.4519, L2: 0.0422, Reg: -0.2428
INFO:__main__:Total loss 0.2513
INFO:__main__:Predicted mean: -0.3399
INFO:__main__:Predicted uncertainity 0.5533
INFO:__main__:Completed epoch 11 of 100

INFO:__main__:NLL: 0.4560, L2: 0.0437, Reg: -0.2422
INFO:__main__:Total loss 0.2575
INFO:__main__:Predicted mean: -0.3417
INFO:__main__:Predicted uncertainity 0.5652
INFO:__main__:Completed epoch 12 of 100

INFO:__main__:NLL: 0.4566, L2: 0.0438, Reg: -0.2435
INFO:__main__:Total loss 0.2568
INFO:__main__:Predicted mean: -0.3409
INFO:__main__:Predicted uncertainity 0.5673
INFO:__main__:Completed epoch 13 of 100

INFO:__main__:NLL: 0.4560, L2: 0.0437, Reg: -0.2440
INFO:__main__:Total loss 0.2556
INFO:__main__:Predicted mean: -0.3414
INFO:__main__:Predicted uncertainity 0.5653
INFO:__main__:Completed epoch 14 of 100

INFO:__main__:NLL: 0.4503, L2: 0.0416, Reg: -0.2352
INFO:__main__:Total loss 0.2566
INFO:__main__:Predicted mean: -0.3392
INFO:__main__:Predicted uncertainity 0.5484
INFO:__main__:Completed epoch 15 of 100

INFO:__main__:NLL: 0.4516, L2: 0.0421, Reg: -0.2297
INFO:__main__:Total loss 0.2640
INFO:__main__:Predicted mean: -0.3403
INFO:__main__:Predicted uncertainity 0.5520
INFO:__main__:Completed epoch 16 of 100

INFO:__main__:NLL: 0.4567, L2: 0.0438, Reg: -0.2515
INFO:__main__:Total loss 0.2490
INFO:__main__:Predicted mean: -0.3405
INFO:__main__:Predicted uncertainity 0.5676
INFO:__main__:Completed epoch 17 of 100

INFO:__main__:NLL: 0.4509, L2: 0.0421, Reg: -0.2438
INFO:__main__:Total loss 0.2492
INFO:__main__:Predicted mean: -0.3408
INFO:__main__:Predicted uncertainity 0.5500
INFO:__main__:Completed epoch 18 of 100

INFO:__main__:NLL: 0.4523, L2: 0.0424, Reg: -0.2359
INFO:__main__:Total loss 0.2588
INFO:__main__:Predicted mean: -0.3397
INFO:__main__:Predicted uncertainity 0.5545
INFO:__main__:Completed epoch 19 of 100

INFO:__main__:NLL: 0.4555, L2: 0.0434, Reg: -0.2445
INFO:__main__:Total loss 0.2544
INFO:__main__:Predicted mean: -0.3408
INFO:__main__:Predicted uncertainity 0.5640
INFO:__main__:Completed epoch 20 of 100

INFO:__main__:NLL: 0.4516, L2: 0.0421, Reg: -0.2368
INFO:__main__:Total loss 0.2569
INFO:__main__:Predicted mean: -0.3404
INFO:__main__:Predicted uncertainity 0.5521
INFO:__main__:Completed epoch 21 of 100

INFO:__main__:NLL: 0.4551, L2: 0.0433, Reg: -0.2435
INFO:__main__:Total loss 0.2549
INFO:__main__:Predicted mean: -0.3411
INFO:__main__:Predicted uncertainity 0.5626
INFO:__main__:Completed epoch 22 of 100

INFO:__main__:NLL: 0.4574, L2: 0.0442, Reg: -0.2393
INFO:__main__:Total loss 0.2622
INFO:__main__:Predicted mean: -0.3422
INFO:__main__:Predicted uncertainity 0.5694
INFO:__main__:Completed epoch 23 of 100

INFO:__main__:NLL: 0.4557, L2: 0.0437, Reg: -0.2449
INFO:__main__:Total loss 0.2545
INFO:__main__:Predicted mean: -0.3414
INFO:__main__:Predicted uncertainity 0.5646
INFO:__main__:Completed epoch 24 of 100

INFO:__main__:NLL: 0.4580, L2: 0.0443, Reg: -0.2489
INFO:__main__:Total loss 0.2534
INFO:__main__:Predicted mean: -0.3396
INFO:__main__:Predicted uncertainity 0.5721
INFO:__main__:Completed epoch 25 of 100

INFO:__main__:NLL: 0.4543, L2: 0.0430, Reg: -0.2399
INFO:__main__:Total loss 0.2575
INFO:__main__:Predicted mean: -0.3404
INFO:__main__:Predicted uncertainity 0.5604
INFO:__main__:Completed epoch 26 of 100

INFO:__main__:NLL: 0.4519, L2: 0.0422, Reg: -0.2414
INFO:__main__:Total loss 0.2527
INFO:__main__:Predicted mean: -0.3386
INFO:__main__:Predicted uncertainity 0.5535
INFO:__main__:Completed epoch 27 of 100

INFO:__main__:NLL: 0.4538, L2: 0.0430, Reg: -0.2418
INFO:__main__:Total loss 0.2550
INFO:__main__:Predicted mean: -0.3414
INFO:__main__:Predicted uncertainity 0.5583
INFO:__main__:Completed epoch 28 of 100

INFO:__main__:NLL: 0.4571, L2: 0.0440, Reg: -0.2440
INFO:__main__:Total loss 0.2571
INFO:__main__:Predicted mean: -0.3411
INFO:__main__:Predicted uncertainity 0.5688
INFO:__main__:Completed epoch 29 of 100

INFO:__main__:NLL: 0.4564, L2: 0.0439, Reg: -0.2453
INFO:__main__:Total loss 0.2550
INFO:__main__:Predicted mean: -0.3408
INFO:__main__:Predicted uncertainity 0.5669
INFO:__main__:Completed epoch 30 of 100

INFO:__main__:NLL: 0.4539, L2: 0.0429, Reg: -0.2402
INFO:__main__:Total loss 0.2567
INFO:__main__:Predicted mean: -0.3400
INFO:__main__:Predicted uncertainity 0.5595
INFO:__main__:Completed epoch 31 of 100

INFO:__main__:NLL: 0.4546, L2: 0.0431, Reg: -0.2424
INFO:__main__:Total loss 0.2553
INFO:__main__:Predicted mean: -0.3406
INFO:__main__:Predicted uncertainity 0.5613
INFO:__main__:Completed epoch 32 of 100

INFO:__main__:NLL: 0.4543, L2: 0.0430, Reg: -0.2401
INFO:__main__:Total loss 0.2572
INFO:__main__:Predicted mean: -0.3404
INFO:__main__:Predicted uncertainity 0.5606
INFO:__main__:Completed epoch 33 of 100

INFO:__main__:NLL: 0.4502, L2: 0.0417, Reg: -0.2321
INFO:__main__:Total loss 0.2599
INFO:__main__:Predicted mean: -0.3395
INFO:__main__:Predicted uncertainity 0.5481
INFO:__main__:Completed epoch 34 of 100

INFO:__main__:NLL: 0.4519, L2: 0.0422, Reg: -0.2387
INFO:__main__:Total loss 0.2554
INFO:__main__:Predicted mean: -0.3400
INFO:__main__:Predicted uncertainity 0.5531
INFO:__main__:Completed epoch 35 of 100

INFO:__main__:NLL: 0.4518, L2: 0.0422, Reg: -0.2362
INFO:__main__:Total loss 0.2579
INFO:__main__:Predicted mean: -0.3401
INFO:__main__:Predicted uncertainity 0.5530
INFO:__main__:Completed epoch 36 of 100

INFO:__main__:NLL: 0.4538, L2: 0.0428, Reg: -0.2440
INFO:__main__:Total loss 0.2526
INFO:__main__:Predicted mean: -0.3402
INFO:__main__:Predicted uncertainity 0.5588
INFO:__main__:Completed epoch 37 of 100

INFO:__main__:NLL: 0.4578, L2: 0.0443, Reg: -0.2493
INFO:__main__:Total loss 0.2528
INFO:__main__:Predicted mean: -0.3410
INFO:__main__:Predicted uncertainity 0.5711
INFO:__main__:Completed epoch 38 of 100

INFO:__main__:NLL: 0.4564, L2: 0.0437, Reg: -0.2480
INFO:__main__:Total loss 0.2522
INFO:__main__:Predicted mean: -0.3403
INFO:__main__:Predicted uncertainity 0.5669
INFO:__main__:Completed epoch 39 of 100

INFO:__main__:NLL: 0.4552, L2: 0.0433, Reg: -0.2433
INFO:__main__:Total loss 0.2552
INFO:__main__:Predicted mean: -0.3397
INFO:__main__:Predicted uncertainity 0.5633
INFO:__main__:Completed epoch 40 of 100

INFO:__main__:NLL: 0.4524, L2: 0.0424, Reg: -0.2391
INFO:__main__:Total loss 0.2557
INFO:__main__:Predicted mean: -0.3402
INFO:__main__:Predicted uncertainity 0.5547
INFO:__main__:Completed epoch 41 of 100

INFO:__main__:NLL: 0.4499, L2: 0.0415, Reg: -0.2331
INFO:__main__:Total loss 0.2583
INFO:__main__:Predicted mean: -0.3401
INFO:__main__:Predicted uncertainity 0.5469
INFO:__main__:Completed epoch 42 of 100

INFO:__main__:NLL: 0.4537, L2: 0.0428, Reg: -0.2443
INFO:__main__:Total loss 0.2522
INFO:__main__:Predicted mean: -0.3401
INFO:__main__:Predicted uncertainity 0.5588
INFO:__main__:Completed epoch 43 of 100

INFO:__main__:NLL: 0.4547, L2: 0.0431, Reg: -0.2403
INFO:__main__:Total loss 0.2575
INFO:__main__:Predicted mean: -0.3392
INFO:__main__:Predicted uncertainity 0.5619
INFO:__main__:Completed epoch 44 of 100

INFO:__main__:NLL: 0.4525, L2: 0.0423, Reg: -0.2349
INFO:__main__:Total loss 0.2600
INFO:__main__:Predicted mean: -0.3387
INFO:__main__:Predicted uncertainity 0.5554
INFO:__main__:Completed epoch 45 of 100

INFO:__main__:NLL: 0.4547, L2: 0.0432, Reg: -0.2458
INFO:__main__:Total loss 0.2521
INFO:__main__:Predicted mean: -0.3400
INFO:__main__:Predicted uncertainity 0.5619
INFO:__main__:Completed epoch 46 of 100

INFO:__main__:NLL: 0.4546, L2: 0.0431, Reg: -0.2421
INFO:__main__:Total loss 0.2556
INFO:__main__:Predicted mean: -0.3393
INFO:__main__:Predicted uncertainity 0.5615
INFO:__main__:Completed epoch 47 of 100

INFO:__main__:NLL: 0.4552, L2: 0.0434, Reg: -0.2445
INFO:__main__:Total loss 0.2541
INFO:__main__:Predicted mean: -0.3422
INFO:__main__:Predicted uncertainity 0.5626
INFO:__main__:Completed epoch 48 of 100

INFO:__main__:NLL: 0.4571, L2: 0.0440, Reg: -0.2443
INFO:__main__:Total loss 0.2567
INFO:__main__:Predicted mean: -0.3399
INFO:__main__:Predicted uncertainity 0.5691
INFO:__main__:Completed epoch 49 of 100

INFO:__main__:NLL: 0.4543, L2: 0.0430, Reg: -0.2422
INFO:__main__:Total loss 0.2551
INFO:__main__:Predicted mean: -0.3396
INFO:__main__:Predicted uncertainity 0.5607
INFO:__main__:Completed epoch 50 of 100

INFO:__main__:NLL: 0.4477, L2: 0.0409, Reg: -0.2263
INFO:__main__:Total loss 0.2623
INFO:__main__:Predicted mean: -0.3386
INFO:__main__:Predicted uncertainity 0.5408
INFO:__main__:Completed epoch 51 of 100

INFO:__main__:NLL: 0.4548, L2: 0.0432, Reg: -0.2447
INFO:__main__:Total loss 0.2533
INFO:__main__:Predicted mean: -0.3412
INFO:__main__:Predicted uncertainity 0.5616
INFO:__main__:Completed epoch 52 of 100

INFO:__main__:NLL: 0.4519, L2: 0.0423, Reg: -0.2433
INFO:__main__:Total loss 0.2509
INFO:__main__:Predicted mean: -0.3402
INFO:__main__:Predicted uncertainity 0.5532
INFO:__main__:Completed epoch 53 of 100

INFO:__main__:NLL: 0.4520, L2: 0.0422, Reg: -0.2387
INFO:__main__:Total loss 0.2555
INFO:__main__:Predicted mean: -0.3401
INFO:__main__:Predicted uncertainity 0.5534
INFO:__main__:Completed epoch 54 of 100

INFO:__main__:NLL: 0.4535, L2: 0.0427, Reg: -0.2418
INFO:__main__:Total loss 0.2545
INFO:__main__:Predicted mean: -0.3392
INFO:__main__:Predicted uncertainity 0.5584
INFO:__main__:Completed epoch 55 of 100

INFO:__main__:NLL: 0.4552, L2: 0.0434, Reg: -0.2410
INFO:__main__:Total loss 0.2576
INFO:__main__:Predicted mean: -0.3414
INFO:__main__:Predicted uncertainity 0.5628
INFO:__main__:Completed epoch 56 of 100

INFO:__main__:NLL: 0.4518, L2: 0.0424, Reg: -0.2385
INFO:__main__:Total loss 0.2557
INFO:__main__:Predicted mean: -0.3422
INFO:__main__:Predicted uncertainity 0.5524
INFO:__main__:Completed epoch 57 of 100

INFO:__main__:NLL: 0.4507, L2: 0.0417, Reg: -0.2359
INFO:__main__:Total loss 0.2565
INFO:__main__:Predicted mean: -0.3391
INFO:__main__:Predicted uncertainity 0.5496
INFO:__main__:Completed epoch 58 of 100

INFO:__main__:NLL: 0.4552, L2: 0.0434, Reg: -0.2367
INFO:__main__:Total loss 0.2619
INFO:__main__:Predicted mean: -0.3413
INFO:__main__:Predicted uncertainity 0.5630
INFO:__main__:Completed epoch 59 of 100

INFO:__main__:NLL: 0.4534, L2: 0.0427, Reg: -0.2425
INFO:__main__:Total loss 0.2536
INFO:__main__:Predicted mean: -0.3388
INFO:__main__:Predicted uncertainity 0.5581
INFO:__main__:Completed epoch 60 of 100

INFO:__main__:NLL: 0.4552, L2: 0.0433, Reg: -0.2408
INFO:__main__:Total loss 0.2577
INFO:__main__:Predicted mean: -0.3390
INFO:__main__:Predicted uncertainity 0.5635
INFO:__main__:Completed epoch 61 of 100

INFO:__main__:NLL: 0.4508, L2: 0.0418, Reg: -0.2341
INFO:__main__:Total loss 0.2585
INFO:__main__:Predicted mean: -0.3396
INFO:__main__:Predicted uncertainity 0.5498
INFO:__main__:Completed epoch 62 of 100

INFO:__main__:NLL: 0.4520, L2: 0.0422, Reg: -0.2426
INFO:__main__:Total loss 0.2516
INFO:__main__:Predicted mean: -0.3402
INFO:__main__:Predicted uncertainity 0.5534
INFO:__main__:Completed epoch 63 of 100

INFO:__main__:NLL: 0.4495, L2: 0.0413, Reg: -0.2356
INFO:__main__:Total loss 0.2552
INFO:__main__:Predicted mean: -0.3394
INFO:__main__:Predicted uncertainity 0.5460
INFO:__main__:Completed epoch 64 of 100

INFO:__main__:NLL: 0.4526, L2: 0.0424, Reg: -0.2414
INFO:__main__:Total loss 0.2536
INFO:__main__:Predicted mean: -0.3393
INFO:__main__:Predicted uncertainity 0.5556
INFO:__main__:Completed epoch 65 of 100

INFO:__main__:NLL: 0.4552, L2: 0.0435, Reg: -0.2396
INFO:__main__:Total loss 0.2590
INFO:__main__:Predicted mean: -0.3420
INFO:__main__:Predicted uncertainity 0.5627
INFO:__main__:Completed epoch 66 of 100

INFO:__main__:NLL: 0.4562, L2: 0.0437, Reg: -0.2459
INFO:__main__:Total loss 0.2540
INFO:__main__:Predicted mean: -0.3404
INFO:__main__:Predicted uncertainity 0.5663
INFO:__main__:Completed epoch 67 of 100

INFO:__main__:NLL: 0.4549, L2: 0.0432, Reg: -0.2448
INFO:__main__:Total loss 0.2533
INFO:__main__:Predicted mean: -0.3407
INFO:__main__:Predicted uncertainity 0.5621
INFO:__main__:Completed epoch 68 of 100

INFO:__main__:NLL: 0.4531, L2: 0.0427, Reg: -0.2343
INFO:__main__:Total loss 0.2614
INFO:__main__:Predicted mean: -0.3405
INFO:__main__:Predicted uncertainity 0.5567
INFO:__main__:Completed epoch 69 of 100

INFO:__main__:NLL: 0.4545, L2: 0.0430, Reg: -0.2399
INFO:__main__:Total loss 0.2576
INFO:__main__:Predicted mean: -0.3395
INFO:__main__:Predicted uncertainity 0.5613
INFO:__main__:Completed epoch 70 of 100

INFO:__main__:NLL: 0.4535, L2: 0.0428, Reg: -0.2431
INFO:__main__:Total loss 0.2531
INFO:__main__:Predicted mean: -0.3392
INFO:__main__:Predicted uncertainity 0.5584
INFO:__main__:Completed epoch 71 of 100

INFO:__main__:NLL: 0.4561, L2: 0.0436, Reg: -0.2387
INFO:__main__:Total loss 0.2610
INFO:__main__:Predicted mean: -0.3401
INFO:__main__:Predicted uncertainity 0.5659
INFO:__main__:Completed epoch 72 of 100

INFO:__main__:NLL: 0.4573, L2: 0.0441, Reg: -0.2451
INFO:__main__:Total loss 0.2563
INFO:__main__:Predicted mean: -0.3404
INFO:__main__:Predicted uncertainity 0.5696
INFO:__main__:Completed epoch 73 of 100

INFO:__main__:NLL: 0.4563, L2: 0.0438, Reg: -0.2433
INFO:__main__:Total loss 0.2568
INFO:__main__:Predicted mean: -0.3415
INFO:__main__:Predicted uncertainity 0.5661
INFO:__main__:Completed epoch 74 of 100

INFO:__main__:NLL: 0.4551, L2: 0.0434, Reg: -0.2399
INFO:__main__:Total loss 0.2587
INFO:__main__:Predicted mean: -0.3407
INFO:__main__:Predicted uncertainity 0.5628
INFO:__main__:Completed epoch 75 of 100

INFO:__main__:NLL: 0.4479, L2: 0.0408, Reg: -0.2307
INFO:__main__:Total loss 0.2580
INFO:__main__:Predicted mean: -0.3372
INFO:__main__:Predicted uncertainity 0.5416
INFO:__main__:Completed epoch 76 of 100

INFO:__main__:NLL: 0.4538, L2: 0.0429, Reg: -0.2344
INFO:__main__:Total loss 0.2622
INFO:__main__:Predicted mean: -0.3405
INFO:__main__:Predicted uncertainity 0.5590
INFO:__main__:Completed epoch 77 of 100

INFO:__main__:NLL: 0.4594, L2: 0.0450, Reg: -0.2468
INFO:__main__:Total loss 0.2576
INFO:__main__:Predicted mean: -0.3428
INFO:__main__:Predicted uncertainity 0.5753
INFO:__main__:Completed epoch 78 of 100

INFO:__main__:NLL: 0.4547, L2: 0.0432, Reg: -0.2482
INFO:__main__:Total loss 0.2497
INFO:__main__:Predicted mean: -0.3400
INFO:__main__:Predicted uncertainity 0.5618
INFO:__main__:Completed epoch 79 of 100

INFO:__main__:NLL: 0.4472, L2: 0.0406, Reg: -0.2250
INFO:__main__:Total loss 0.2627
INFO:__main__:Predicted mean: -0.3383
INFO:__main__:Predicted uncertainity 0.5391
INFO:__main__:Completed epoch 80 of 100

INFO:__main__:NLL: 0.4494, L2: 0.0414, Reg: -0.2353
INFO:__main__:Total loss 0.2555
INFO:__main__:Predicted mean: -0.3403
INFO:__main__:Predicted uncertainity 0.5454
INFO:__main__:Completed epoch 81 of 100

INFO:__main__:NLL: 0.4577, L2: 0.0443, Reg: -0.2469
INFO:__main__:Total loss 0.2551
INFO:__main__:Predicted mean: -0.3413
INFO:__main__:Predicted uncertainity 0.5707
INFO:__main__:Completed epoch 82 of 100

INFO:__main__:NLL: 0.4501, L2: 0.0416, Reg: -0.2370
INFO:__main__:Total loss 0.2546
INFO:__main__:Predicted mean: -0.3395
INFO:__main__:Predicted uncertainity 0.5479
INFO:__main__:Completed epoch 83 of 100

INFO:__main__:NLL: 0.4538, L2: 0.0428, Reg: -0.2336
INFO:__main__:Total loss 0.2630
INFO:__main__:Predicted mean: -0.3391
INFO:__main__:Predicted uncertainity 0.5593
INFO:__main__:Completed epoch 84 of 100

INFO:__main__:NLL: 0.4540, L2: 0.0429, Reg: -0.2371
INFO:__main__:Total loss 0.2598
INFO:__main__:Predicted mean: -0.3402
INFO:__main__:Predicted uncertainity 0.5596
INFO:__main__:Completed epoch 85 of 100

INFO:__main__:NLL: 0.4517, L2: 0.0421, Reg: -0.2351
INFO:__main__:Total loss 0.2588
INFO:__main__:Predicted mean: -0.3398
INFO:__main__:Predicted uncertainity 0.5527
INFO:__main__:Completed epoch 86 of 100

INFO:__main__:NLL: 0.4515, L2: 0.0422, Reg: -0.2411
INFO:__main__:Total loss 0.2526
INFO:__main__:Predicted mean: -0.3401
INFO:__main__:Predicted uncertainity 0.5517
INFO:__main__:Completed epoch 87 of 100

INFO:__main__:NLL: 0.4528, L2: 0.0425, Reg: -0.2429
INFO:__main__:Total loss 0.2525
INFO:__main__:Predicted mean: -0.3403
INFO:__main__:Predicted uncertainity 0.5559
INFO:__main__:Completed epoch 88 of 100

INFO:__main__:NLL: 0.4549, L2: 0.0434, Reg: -0.2381
INFO:__main__:Total loss 0.2602
INFO:__main__:Predicted mean: -0.3427
INFO:__main__:Predicted uncertainity 0.5618
INFO:__main__:Completed epoch 89 of 100

INFO:__main__:NLL: 0.4585, L2: 0.0445, Reg: -0.2479
INFO:__main__:Total loss 0.2551
INFO:__main__:Predicted mean: -0.3394
INFO:__main__:Predicted uncertainity 0.5735
INFO:__main__:Completed epoch 90 of 100

INFO:__main__:NLL: 0.4490, L2: 0.0412, Reg: -0.2301
INFO:__main__:Total loss 0.2601
INFO:__main__:Predicted mean: -0.3392
INFO:__main__:Predicted uncertainity 0.5444
INFO:__main__:Completed epoch 91 of 100

INFO:__main__:NLL: 0.4528, L2: 0.0425, Reg: -0.2387
INFO:__main__:Total loss 0.2567
INFO:__main__:Predicted mean: -0.3402
INFO:__main__:Predicted uncertainity 0.5561
INFO:__main__:Completed epoch 92 of 100

INFO:__main__:NLL: 0.4540, L2: 0.0430, Reg: -0.2413
INFO:__main__:Total loss 0.2557
INFO:__main__:Predicted mean: -0.3406
INFO:__main__:Predicted uncertainity 0.5595
INFO:__main__:Completed epoch 93 of 100

INFO:__main__:NLL: 0.4500, L2: 0.0415, Reg: -0.2381
INFO:__main__:Total loss 0.2534
INFO:__main__:Predicted mean: -0.3400
INFO:__main__:Predicted uncertainity 0.5472
INFO:__main__:Completed epoch 94 of 100

INFO:__main__:NLL: 0.4542, L2: 0.0430, Reg: -0.2438
INFO:__main__:Total loss 0.2534
INFO:__main__:Predicted mean: -0.3400
INFO:__main__:Predicted uncertainity 0.5603
INFO:__main__:Completed epoch 95 of 100

INFO:__main__:NLL: 0.4528, L2: 0.0425, Reg: -0.2398
INFO:__main__:Total loss 0.2554
INFO:__main__:Predicted mean: -0.3392
INFO:__main__:Predicted uncertainity 0.5562
INFO:__main__:Completed epoch 96 of 100

INFO:__main__:NLL: 0.4529, L2: 0.0425, Reg: -0.2409
INFO:__main__:Total loss 0.2544
INFO:__main__:Predicted mean: -0.3397
INFO:__main__:Predicted uncertainity 0.5562
INFO:__main__:Completed epoch 97 of 100

INFO:__main__:NLL: 0.4527, L2: 0.0424, Reg: -0.2451
INFO:__main__:Total loss 0.2500
INFO:__main__:Predicted mean: -0.3390
INFO:__main__:Predicted uncertainity 0.5558
INFO:__main__:Completed epoch 98 of 100

INFO:__main__:NLL: 0.4547, L2: 0.0431, Reg: -0.2387
INFO:__main__:Total loss 0.2591
INFO:__main__:Predicted mean: -0.3400
INFO:__main__:Predicted uncertainity 0.5617
INFO:__main__:Completed epoch 99 of 100

INFO:__main__:NLL: 0.4510, L2: 0.0419, Reg: -0.2364
INFO:__main__:Total loss 0.2564
INFO:__main__:Predicted mean: -0.3392
INFO:__main__:Predicted uncertainity 0.5506
INFO:__main__:Completed epoch 100 of 100

INFO:__main__:588.517144 s
