INFO:__main__:PROCESS RUNNING ON cpu
INFO:__main__:NLL: 0.1232, L2: 0.0480, Reg: 0.0587
INFO:__main__:Total loss 0.2298
INFO:__main__:Predicted mean: -0.4299
INFO:__main__:Predicted uncertainity -0.6912
INFO:__main__:Completed epoch 1 of 100

INFO:__main__:NLL: 0.1313, L2: 0.0549, Reg: 0.0586
INFO:__main__:Total loss 0.2449
INFO:__main__:Predicted mean: -0.4637
INFO:__main__:Predicted uncertainity -0.8120
INFO:__main__:Completed epoch 2 of 100

INFO:__main__:NLL: 0.2407, L2: 0.0492, Reg: 0.0586
INFO:__main__:Total loss 0.3485
INFO:__main__:Predicted mean: -0.4970
INFO:__main__:Predicted uncertainity -0.7094
INFO:__main__:Completed epoch 3 of 100

INFO:__main__:NLL: 0.1730, L2: 0.0488, Reg: 0.0586
INFO:__main__:Total loss 0.2804
INFO:__main__:Predicted mean: -0.4533
INFO:__main__:Predicted uncertainity -0.7208
INFO:__main__:Completed epoch 4 of 100

INFO:__main__:NLL: 0.1951, L2: 0.0440, Reg: 0.0586
INFO:__main__:Total loss 0.2977
INFO:__main__:Predicted mean: -0.4975
INFO:__main__:Predicted uncertainity -0.5960
INFO:__main__:Completed epoch 5 of 100

INFO:__main__:NLL: 0.2126, L2: 0.0578, Reg: 0.0586
INFO:__main__:Total loss 0.3290
INFO:__main__:Predicted mean: -0.5159
INFO:__main__:Predicted uncertainity -0.7462
INFO:__main__:Completed epoch 6 of 100

INFO:__main__:NLL: 0.1623, L2: 0.0525, Reg: 0.0586
INFO:__main__:Total loss 0.2735
INFO:__main__:Predicted mean: -0.4646
INFO:__main__:Predicted uncertainity -0.6582
INFO:__main__:Completed epoch 7 of 100

INFO:__main__:NLL: 0.2616, L2: 0.0551, Reg: 0.0586
INFO:__main__:Total loss 0.3754
INFO:__main__:Predicted mean: -0.4965
INFO:__main__:Predicted uncertainity -0.6501
INFO:__main__:Completed epoch 8 of 100

INFO:__main__:NLL: 0.0387, L2: 0.0612, Reg: 0.0586
INFO:__main__:Total loss 0.1586
INFO:__main__:Predicted mean: -0.4486
INFO:__main__:Predicted uncertainity -0.8035
INFO:__main__:Completed epoch 9 of 100

INFO:__main__:NLL: 0.2910, L2: 0.0489, Reg: 0.0586
INFO:__main__:Total loss 0.3985
INFO:__main__:Predicted mean: -0.4873
INFO:__main__:Predicted uncertainity -0.7885
INFO:__main__:Completed epoch 10 of 100

INFO:__main__:NLL: 0.0982, L2: 0.0515, Reg: 0.0586
INFO:__main__:Total loss 0.2083
INFO:__main__:Predicted mean: -0.4974
INFO:__main__:Predicted uncertainity -0.8283
INFO:__main__:Completed epoch 11 of 100

INFO:__main__:NLL: 0.1893, L2: 0.0472, Reg: 0.0586
INFO:__main__:Total loss 0.2951
INFO:__main__:Predicted mean: -0.4326
INFO:__main__:Predicted uncertainity -0.5427
INFO:__main__:Completed epoch 12 of 100

INFO:__main__:NLL: 0.1310, L2: 0.0488, Reg: 0.0586
INFO:__main__:Total loss 0.2384
INFO:__main__:Predicted mean: -0.3862
INFO:__main__:Predicted uncertainity -0.6772
INFO:__main__:Completed epoch 13 of 100

INFO:__main__:NLL: 0.2032, L2: 0.0555, Reg: 0.0586
INFO:__main__:Total loss 0.3173
INFO:__main__:Predicted mean: -0.4712
INFO:__main__:Predicted uncertainity -0.7815
INFO:__main__:Completed epoch 14 of 100

INFO:__main__:NLL: 0.2155, L2: 0.0464, Reg: 0.0586
INFO:__main__:Total loss 0.3205
INFO:__main__:Predicted mean: -0.4069
INFO:__main__:Predicted uncertainity -0.7573
INFO:__main__:Completed epoch 15 of 100

INFO:__main__:NLL: 0.1935, L2: 0.0554, Reg: 0.0586
INFO:__main__:Total loss 0.3075
INFO:__main__:Predicted mean: -0.4360
INFO:__main__:Predicted uncertainity -0.7752
INFO:__main__:Completed epoch 16 of 100

INFO:__main__:NLL: 0.0762, L2: 0.0555, Reg: 0.0586
INFO:__main__:Total loss 0.1903
INFO:__main__:Predicted mean: -0.4888
INFO:__main__:Predicted uncertainity -0.8211
INFO:__main__:Completed epoch 17 of 100

INFO:__main__:NLL: 0.1901, L2: 0.0467, Reg: 0.0586
INFO:__main__:Total loss 0.2954
INFO:__main__:Predicted mean: -0.4028
INFO:__main__:Predicted uncertainity -0.6744
INFO:__main__:Completed epoch 18 of 100

INFO:__main__:NLL: 0.1346, L2: 0.0435, Reg: 0.0586
INFO:__main__:Total loss 0.2367
INFO:__main__:Predicted mean: -0.4385
INFO:__main__:Predicted uncertainity -0.5825
INFO:__main__:Completed epoch 19 of 100

INFO:__main__:NLL: 0.1707, L2: 0.0484, Reg: 0.0586
INFO:__main__:Total loss 0.2777
INFO:__main__:Predicted mean: -0.4316
INFO:__main__:Predicted uncertainity -0.5873
INFO:__main__:Completed epoch 20 of 100

INFO:__main__:NLL: 0.1262, L2: 0.0529, Reg: 0.0586
INFO:__main__:Total loss 0.2378
INFO:__main__:Predicted mean: -0.4836
INFO:__main__:Predicted uncertainity -0.6674
INFO:__main__:Completed epoch 21 of 100

INFO:__main__:NLL: 0.2150, L2: 0.0475, Reg: 0.0586
INFO:__main__:Total loss 0.3211
INFO:__main__:Predicted mean: -0.4367
INFO:__main__:Predicted uncertainity -0.6768
INFO:__main__:Completed epoch 22 of 100

INFO:__main__:NLL: 0.1931, L2: 0.0507, Reg: 0.0587
INFO:__main__:Total loss 0.3025
INFO:__main__:Predicted mean: -0.4837
INFO:__main__:Predicted uncertainity -0.5855
INFO:__main__:Completed epoch 23 of 100

INFO:__main__:NLL: 0.2566, L2: 0.0477, Reg: 0.0587
INFO:__main__:Total loss 0.3629
INFO:__main__:Predicted mean: -0.4169
INFO:__main__:Predicted uncertainity -0.6359
INFO:__main__:Completed epoch 24 of 100

INFO:__main__:NLL: 0.2326, L2: 0.0587, Reg: 0.0587
INFO:__main__:Total loss 0.3500
INFO:__main__:Predicted mean: -0.4205
INFO:__main__:Predicted uncertainity -0.7580
INFO:__main__:Completed epoch 25 of 100

INFO:__main__:NLL: 0.0649, L2: 0.0491, Reg: 0.0586
INFO:__main__:Total loss 0.1726
INFO:__main__:Predicted mean: -0.4508
INFO:__main__:Predicted uncertainity -0.6167
INFO:__main__:Completed epoch 26 of 100

INFO:__main__:NLL: 0.2915, L2: 0.0533, Reg: 0.0586
INFO:__main__:Total loss 0.4035
INFO:__main__:Predicted mean: -0.4566
INFO:__main__:Predicted uncertainity -0.7435
INFO:__main__:Completed epoch 27 of 100

INFO:__main__:NLL: 0.2131, L2: 0.0474, Reg: 0.0586
INFO:__main__:Total loss 0.3192
INFO:__main__:Predicted mean: -0.4392
INFO:__main__:Predicted uncertainity -0.6973
INFO:__main__:Completed epoch 28 of 100

INFO:__main__:NLL: 0.2049, L2: 0.0510, Reg: 0.0586
INFO:__main__:Total loss 0.3145
INFO:__main__:Predicted mean: -0.4462
INFO:__main__:Predicted uncertainity -0.6769
INFO:__main__:Completed epoch 29 of 100

INFO:__main__:NLL: 0.1513, L2: 0.0448, Reg: 0.0586
INFO:__main__:Total loss 0.2547
INFO:__main__:Predicted mean: -0.4186
INFO:__main__:Predicted uncertainity -0.6501
INFO:__main__:Completed epoch 30 of 100

INFO:__main__:NLL: 0.2060, L2: 0.0463, Reg: 0.0586
INFO:__main__:Total loss 0.3110
INFO:__main__:Predicted mean: -0.4500
INFO:__main__:Predicted uncertainity -0.7519
INFO:__main__:Completed epoch 31 of 100

INFO:__main__:NLL: 0.1269, L2: 0.0531, Reg: 0.0586
INFO:__main__:Total loss 0.2386
INFO:__main__:Predicted mean: -0.4256
INFO:__main__:Predicted uncertainity -0.8053
INFO:__main__:Completed epoch 32 of 100

INFO:__main__:NLL: 0.1178, L2: 0.0539, Reg: 0.0586
INFO:__main__:Total loss 0.2303
INFO:__main__:Predicted mean: -0.4618
INFO:__main__:Predicted uncertainity -0.6661
INFO:__main__:Completed epoch 33 of 100

INFO:__main__:NLL: 0.1605, L2: 0.0477, Reg: 0.0586
INFO:__main__:Total loss 0.2669
INFO:__main__:Predicted mean: -0.4316
INFO:__main__:Predicted uncertainity -0.6699
INFO:__main__:Completed epoch 34 of 100

INFO:__main__:NLL: 0.0919, L2: 0.0518, Reg: 0.0586
INFO:__main__:Total loss 0.2023
INFO:__main__:Predicted mean: -0.4400
INFO:__main__:Predicted uncertainity -0.7240
INFO:__main__:Completed epoch 35 of 100

INFO:__main__:NLL: 0.1865, L2: 0.0507, Reg: 0.0586
INFO:__main__:Total loss 0.2959
INFO:__main__:Predicted mean: -0.4224
INFO:__main__:Predicted uncertainity -0.6311
INFO:__main__:Completed epoch 36 of 100

INFO:__main__:NLL: 0.1299, L2: 0.0475, Reg: 0.0586
INFO:__main__:Total loss 0.2360
INFO:__main__:Predicted mean: -0.5237
INFO:__main__:Predicted uncertainity -0.7196
INFO:__main__:Completed epoch 37 of 100

INFO:__main__:NLL: 0.2674, L2: 0.0497, Reg: 0.0586
INFO:__main__:Total loss 0.3757
INFO:__main__:Predicted mean: -0.4321
INFO:__main__:Predicted uncertainity -0.6683
INFO:__main__:Completed epoch 38 of 100

INFO:__main__:NLL: 0.1740, L2: 0.0442, Reg: 0.0586
INFO:__main__:Total loss 0.2768
INFO:__main__:Predicted mean: -0.3993
INFO:__main__:Predicted uncertainity -0.6348
INFO:__main__:Completed epoch 39 of 100

INFO:__main__:NLL: 0.1229, L2: 0.0536, Reg: 0.0586
INFO:__main__:Total loss 0.2351
INFO:__main__:Predicted mean: -0.4859
INFO:__main__:Predicted uncertainity -0.6656
INFO:__main__:Completed epoch 40 of 100

INFO:__main__:NLL: 0.0957, L2: 0.0508, Reg: 0.0586
INFO:__main__:Total loss 0.2050
INFO:__main__:Predicted mean: -0.4544
INFO:__main__:Predicted uncertainity -0.7416
INFO:__main__:Completed epoch 41 of 100

INFO:__main__:NLL: 0.1164, L2: 0.0532, Reg: 0.0587
INFO:__main__:Total loss 0.2282
INFO:__main__:Predicted mean: -0.4395
INFO:__main__:Predicted uncertainity -0.7083
INFO:__main__:Completed epoch 42 of 100

INFO:__main__:NLL: 0.1772, L2: 0.0543, Reg: 0.0586
INFO:__main__:Total loss 0.2902
INFO:__main__:Predicted mean: -0.4542
INFO:__main__:Predicted uncertainity -0.7221
INFO:__main__:Completed epoch 43 of 100

INFO:__main__:NLL: 0.1904, L2: 0.0549, Reg: 0.0586
INFO:__main__:Total loss 0.3039
INFO:__main__:Predicted mean: -0.4906
INFO:__main__:Predicted uncertainity -0.6811
INFO:__main__:Completed epoch 44 of 100

INFO:__main__:NLL: 0.2254, L2: 0.0446, Reg: 0.0586
INFO:__main__:Total loss 0.3286
INFO:__main__:Predicted mean: -0.4311
INFO:__main__:Predicted uncertainity -0.6575
INFO:__main__:Completed epoch 45 of 100

INFO:__main__:NLL: 0.1738, L2: 0.0494, Reg: 0.0586
INFO:__main__:Total loss 0.2818
INFO:__main__:Predicted mean: -0.4027
INFO:__main__:Predicted uncertainity -0.6469
INFO:__main__:Completed epoch 46 of 100

INFO:__main__:NLL: 0.1277, L2: 0.0551, Reg: 0.0586
INFO:__main__:Total loss 0.2414
INFO:__main__:Predicted mean: -0.4737
INFO:__main__:Predicted uncertainity -0.8312
INFO:__main__:Completed epoch 47 of 100

INFO:__main__:NLL: 0.0888, L2: 0.0569, Reg: 0.0586
INFO:__main__:Total loss 0.2043
INFO:__main__:Predicted mean: -0.4572
INFO:__main__:Predicted uncertainity -0.7252
INFO:__main__:Completed epoch 48 of 100

INFO:__main__:NLL: 0.0665, L2: 0.0517, Reg: 0.0586
INFO:__main__:Total loss 0.1768
INFO:__main__:Predicted mean: -0.4269
INFO:__main__:Predicted uncertainity -0.7032
INFO:__main__:Completed epoch 49 of 100

INFO:__main__:NLL: 0.1688, L2: 0.0470, Reg: 0.0587
INFO:__main__:Total loss 0.2745
INFO:__main__:Predicted mean: -0.4049
INFO:__main__:Predicted uncertainity -0.7174
INFO:__main__:Completed epoch 50 of 100

INFO:__main__:NLL: 0.4251, L2: 0.0533, Reg: 0.0586
INFO:__main__:Total loss 0.5370
INFO:__main__:Predicted mean: -0.4637
INFO:__main__:Predicted uncertainity -0.6491
INFO:__main__:Completed epoch 51 of 100

INFO:__main__:NLL: 0.0502, L2: 0.0574, Reg: 0.0586
INFO:__main__:Total loss 0.1663
INFO:__main__:Predicted mean: -0.5042
INFO:__main__:Predicted uncertainity -0.6712
INFO:__main__:Completed epoch 52 of 100

INFO:__main__:NLL: 0.1228, L2: 0.0492, Reg: 0.0586
INFO:__main__:Total loss 0.2306
INFO:__main__:Predicted mean: -0.4084
INFO:__main__:Predicted uncertainity -0.6400
INFO:__main__:Completed epoch 53 of 100

INFO:__main__:NLL: 0.2921, L2: 0.0415, Reg: 0.0586
INFO:__main__:Total loss 0.3922
INFO:__main__:Predicted mean: -0.3699
INFO:__main__:Predicted uncertainity -0.5499
INFO:__main__:Completed epoch 54 of 100

INFO:__main__:NLL: 0.1610, L2: 0.0446, Reg: 0.0586
INFO:__main__:Total loss 0.2642
INFO:__main__:Predicted mean: -0.3861
INFO:__main__:Predicted uncertainity -0.6474
INFO:__main__:Completed epoch 55 of 100

INFO:__main__:NLL: 0.2706, L2: 0.0463, Reg: 0.0586
INFO:__main__:Total loss 0.3755
INFO:__main__:Predicted mean: -0.4323
INFO:__main__:Predicted uncertainity -0.6261
INFO:__main__:Completed epoch 56 of 100

INFO:__main__:NLL: 0.1572, L2: 0.0424, Reg: 0.0586
INFO:__main__:Total loss 0.2582
INFO:__main__:Predicted mean: -0.3989
INFO:__main__:Predicted uncertainity -0.5962
INFO:__main__:Completed epoch 57 of 100

INFO:__main__:NLL: 0.1075, L2: 0.0505, Reg: 0.0587
INFO:__main__:Total loss 0.2166
INFO:__main__:Predicted mean: -0.4398
INFO:__main__:Predicted uncertainity -0.6787
INFO:__main__:Completed epoch 58 of 100

INFO:__main__:NLL: 0.1103, L2: 0.0497, Reg: 0.0586
INFO:__main__:Total loss 0.2186
INFO:__main__:Predicted mean: -0.4289
INFO:__main__:Predicted uncertainity -0.6964
INFO:__main__:Completed epoch 59 of 100

INFO:__main__:NLL: 0.1542, L2: 0.0525, Reg: 0.0586
INFO:__main__:Total loss 0.2653
INFO:__main__:Predicted mean: -0.4716
INFO:__main__:Predicted uncertainity -0.6703
INFO:__main__:Completed epoch 60 of 100

INFO:__main__:NLL: 0.2396, L2: 0.0429, Reg: 0.0586
INFO:__main__:Total loss 0.3412
INFO:__main__:Predicted mean: -0.3655
INFO:__main__:Predicted uncertainity -0.6452
INFO:__main__:Completed epoch 61 of 100

INFO:__main__:NLL: 0.1822, L2: 0.0493, Reg: 0.0586
INFO:__main__:Total loss 0.2901
INFO:__main__:Predicted mean: -0.4273
INFO:__main__:Predicted uncertainity -0.6821
INFO:__main__:Completed epoch 62 of 100

INFO:__main__:NLL: 0.1377, L2: 0.0562, Reg: 0.0586
INFO:__main__:Total loss 0.2525
INFO:__main__:Predicted mean: -0.5188
INFO:__main__:Predicted uncertainity -0.5942
INFO:__main__:Completed epoch 63 of 100

INFO:__main__:NLL: 0.1148, L2: 0.0487, Reg: 0.0586
INFO:__main__:Total loss 0.2222
INFO:__main__:Predicted mean: -0.4575
INFO:__main__:Predicted uncertainity -0.5919
INFO:__main__:Completed epoch 64 of 100

INFO:__main__:NLL: 0.1245, L2: 0.0475, Reg: 0.0586
INFO:__main__:Total loss 0.2306
INFO:__main__:Predicted mean: -0.4016
INFO:__main__:Predicted uncertainity -0.6696
INFO:__main__:Completed epoch 65 of 100

INFO:__main__:NLL: 0.1506, L2: 0.0498, Reg: 0.0586
INFO:__main__:Total loss 0.2591
INFO:__main__:Predicted mean: -0.4609
INFO:__main__:Predicted uncertainity -0.6763
INFO:__main__:Completed epoch 66 of 100

INFO:__main__:NLL: 0.1404, L2: 0.0475, Reg: 0.0586
INFO:__main__:Total loss 0.2466
INFO:__main__:Predicted mean: -0.4672
INFO:__main__:Predicted uncertainity -0.7243
INFO:__main__:Completed epoch 67 of 100

INFO:__main__:NLL: 0.0877, L2: 0.0560, Reg: 0.0586
INFO:__main__:Total loss 0.2024
INFO:__main__:Predicted mean: -0.4242
INFO:__main__:Predicted uncertainity -0.7927
INFO:__main__:Completed epoch 68 of 100

INFO:__main__:NLL: 0.1167, L2: 0.0552, Reg: 0.0586
INFO:__main__:Total loss 0.2306
INFO:__main__:Predicted mean: -0.4791
INFO:__main__:Predicted uncertainity -0.7576
INFO:__main__:Completed epoch 69 of 100

INFO:__main__:NLL: 0.3594, L2: 0.0573, Reg: 0.0586
INFO:__main__:Total loss 0.4753
INFO:__main__:Predicted mean: -0.5049
INFO:__main__:Predicted uncertainity -0.6898
INFO:__main__:Completed epoch 70 of 100

INFO:__main__:NLL: 0.1268, L2: 0.0504, Reg: 0.0586
INFO:__main__:Total loss 0.2359
INFO:__main__:Predicted mean: -0.5111
INFO:__main__:Predicted uncertainity -0.6741
INFO:__main__:Completed epoch 71 of 100

INFO:__main__:NLL: 0.3969, L2: 0.0540, Reg: 0.0586
INFO:__main__:Total loss 0.5095
INFO:__main__:Predicted mean: -0.4506
INFO:__main__:Predicted uncertainity -0.7854
INFO:__main__:Completed epoch 72 of 100

INFO:__main__:NLL: 0.2263, L2: 0.0465, Reg: 0.0586
INFO:__main__:Total loss 0.3314
INFO:__main__:Predicted mean: -0.4833
INFO:__main__:Predicted uncertainity -0.7367
INFO:__main__:Completed epoch 73 of 100

INFO:__main__:NLL: 0.1496, L2: 0.0561, Reg: 0.0587
INFO:__main__:Total loss 0.2644
INFO:__main__:Predicted mean: -0.4809
INFO:__main__:Predicted uncertainity -0.6725
INFO:__main__:Completed epoch 74 of 100

INFO:__main__:NLL: 0.1231, L2: 0.0546, Reg: 0.0587
INFO:__main__:Total loss 0.2363
INFO:__main__:Predicted mean: -0.4927
INFO:__main__:Predicted uncertainity -0.6762
INFO:__main__:Completed epoch 75 of 100

INFO:__main__:NLL: 0.1973, L2: 0.0493, Reg: 0.0586
INFO:__main__:Total loss 0.3052
INFO:__main__:Predicted mean: -0.4345
INFO:__main__:Predicted uncertainity -0.7835
INFO:__main__:Completed epoch 76 of 100

INFO:__main__:NLL: 0.1924, L2: 0.0459, Reg: 0.0586
INFO:__main__:Total loss 0.2970
INFO:__main__:Predicted mean: -0.4920
INFO:__main__:Predicted uncertainity -0.6541
INFO:__main__:Completed epoch 77 of 100

INFO:__main__:NLL: 0.1938, L2: 0.0496, Reg: 0.0586
INFO:__main__:Total loss 0.3020
INFO:__main__:Predicted mean: -0.4202
INFO:__main__:Predicted uncertainity -0.6306
INFO:__main__:Completed epoch 78 of 100

INFO:__main__:NLL: 0.1499, L2: 0.0486, Reg: 0.0586
INFO:__main__:Total loss 0.2571
INFO:__main__:Predicted mean: -0.3820
INFO:__main__:Predicted uncertainity -0.7088
INFO:__main__:Completed epoch 79 of 100

INFO:__main__:NLL: 0.1157, L2: 0.0534, Reg: 0.0587
INFO:__main__:Total loss 0.2278
INFO:__main__:Predicted mean: -0.4735
INFO:__main__:Predicted uncertainity -0.6545
INFO:__main__:Completed epoch 80 of 100

INFO:__main__:NLL: 0.2145, L2: 0.0478, Reg: 0.0586
INFO:__main__:Total loss 0.3209
INFO:__main__:Predicted mean: -0.4509
INFO:__main__:Predicted uncertainity -0.5296
INFO:__main__:Completed epoch 81 of 100

INFO:__main__:NLL: 0.1612, L2: 0.0426, Reg: 0.0586
INFO:__main__:Total loss 0.2624
INFO:__main__:Predicted mean: -0.4218
INFO:__main__:Predicted uncertainity -0.6572
INFO:__main__:Completed epoch 82 of 100

INFO:__main__:NLL: 0.0510, L2: 0.0519, Reg: 0.0587
INFO:__main__:Total loss 0.1615
INFO:__main__:Predicted mean: -0.4716
INFO:__main__:Predicted uncertainity -0.7105
INFO:__main__:Completed epoch 83 of 100

INFO:__main__:NLL: 0.2992, L2: 0.0478, Reg: 0.0586
INFO:__main__:Total loss 0.4057
INFO:__main__:Predicted mean: -0.4309
INFO:__main__:Predicted uncertainity -0.6190
INFO:__main__:Completed epoch 84 of 100

INFO:__main__:NLL: 0.1900, L2: 0.0477, Reg: 0.0586
INFO:__main__:Total loss 0.2964
INFO:__main__:Predicted mean: -0.4623
INFO:__main__:Predicted uncertainity -0.6753
INFO:__main__:Completed epoch 85 of 100

INFO:__main__:NLL: -0.0012, L2: 0.0573, Reg: 0.0586
INFO:__main__:Total loss 0.1147
INFO:__main__:Predicted mean: -0.4464
INFO:__main__:Predicted uncertainity -0.7123
INFO:__main__:Completed epoch 86 of 100

INFO:__main__:NLL: 0.1330, L2: 0.0513, Reg: 0.0586
INFO:__main__:Total loss 0.2429
INFO:__main__:Predicted mean: -0.4530
INFO:__main__:Predicted uncertainity -0.6356
INFO:__main__:Completed epoch 87 of 100

INFO:__main__:NLL: 0.1923, L2: 0.0430, Reg: 0.0586
INFO:__main__:Total loss 0.2939
INFO:__main__:Predicted mean: -0.4352
INFO:__main__:Predicted uncertainity -0.4845
INFO:__main__:Completed epoch 88 of 100

INFO:__main__:NLL: 0.1929, L2: 0.0505, Reg: 0.0586
INFO:__main__:Total loss 0.3021
INFO:__main__:Predicted mean: -0.4093
INFO:__main__:Predicted uncertainity -0.6823
INFO:__main__:Completed epoch 89 of 100

INFO:__main__:NLL: 0.3027, L2: 0.0544, Reg: 0.0586
INFO:__main__:Total loss 0.4156
INFO:__main__:Predicted mean: -0.4607
INFO:__main__:Predicted uncertainity -0.6675
INFO:__main__:Completed epoch 90 of 100

INFO:__main__:NLL: 0.0359, L2: 0.0596, Reg: 0.0586
INFO:__main__:Total loss 0.1541
INFO:__main__:Predicted mean: -0.5035
INFO:__main__:Predicted uncertainity -0.8150
INFO:__main__:Completed epoch 91 of 100

INFO:__main__:NLL: 0.1928, L2: 0.0548, Reg: 0.0586
INFO:__main__:Total loss 0.3063
INFO:__main__:Predicted mean: -0.4281
INFO:__main__:Predicted uncertainity -0.8036
INFO:__main__:Completed epoch 92 of 100

INFO:__main__:NLL: 0.0934, L2: 0.0525, Reg: 0.0587
INFO:__main__:Total loss 0.2045
INFO:__main__:Predicted mean: -0.4113
INFO:__main__:Predicted uncertainity -0.6780
INFO:__main__:Completed epoch 93 of 100

INFO:__main__:NLL: 0.1319, L2: 0.0487, Reg: 0.0586
INFO:__main__:Total loss 0.2391
INFO:__main__:Predicted mean: -0.4353
INFO:__main__:Predicted uncertainity -0.6907
INFO:__main__:Completed epoch 94 of 100

INFO:__main__:NLL: 0.1985, L2: 0.0470, Reg: 0.0586
INFO:__main__:Total loss 0.3041
INFO:__main__:Predicted mean: -0.4030
INFO:__main__:Predicted uncertainity -0.6793
INFO:__main__:Completed epoch 95 of 100

INFO:__main__:NLL: 0.1660, L2: 0.0563, Reg: 0.0586
INFO:__main__:Total loss 0.2810
INFO:__main__:Predicted mean: -0.5187
INFO:__main__:Predicted uncertainity -0.7041
INFO:__main__:Completed epoch 96 of 100

INFO:__main__:NLL: 0.1864, L2: 0.0432, Reg: 0.0586
INFO:__main__:Total loss 0.2883
INFO:__main__:Predicted mean: -0.4184
INFO:__main__:Predicted uncertainity -0.6543
INFO:__main__:Completed epoch 97 of 100

INFO:__main__:NLL: 0.1804, L2: 0.0578, Reg: 0.0586
INFO:__main__:Total loss 0.2969
INFO:__main__:Predicted mean: -0.4222
INFO:__main__:Predicted uncertainity -0.7310
INFO:__main__:Completed epoch 98 of 100

INFO:__main__:NLL: 0.2515, L2: 0.0404, Reg: 0.0586
INFO:__main__:Total loss 0.3506
INFO:__main__:Predicted mean: -0.3977
INFO:__main__:Predicted uncertainity -0.7004
INFO:__main__:Completed epoch 99 of 100

INFO:__main__:NLL: 0.4656, L2: 0.0536, Reg: 0.0586
INFO:__main__:Total loss 0.5778
INFO:__main__:Predicted mean: -0.4765
INFO:__main__:Predicted uncertainity -0.7852
INFO:__main__:Completed epoch 100 of 100

INFO:__main__:469.274941 s
