INFO:__main__:PROCESS RUNNING ON cpu
INFO:__main__:NLL: 0.4631, L2: 0.0047, Reg: -0.2487
INFO:__main__:Total loss 0.2190
INFO:__main__:Predicted mean: -0.3662
INFO:__main__:Predicted uncertainity 0.5799
INFO:__main__:Completed epoch 1 of 100

INFO:__main__:NLL: 0.4656, L2: 0.0048, Reg: -0.2559
INFO:__main__:Total loss 0.2145
INFO:__main__:Predicted mean: -0.3686
INFO:__main__:Predicted uncertainity 0.5869
INFO:__main__:Completed epoch 2 of 100

INFO:__main__:NLL: 0.4672, L2: 0.0049, Reg: -0.2562
INFO:__main__:Total loss 0.2159
INFO:__main__:Predicted mean: -0.3666
INFO:__main__:Predicted uncertainity 0.5925
INFO:__main__:Completed epoch 3 of 100

INFO:__main__:NLL: 0.4660, L2: 0.0048, Reg: -0.2574
INFO:__main__:Total loss 0.2134
INFO:__main__:Predicted mean: -0.3629
INFO:__main__:Predicted uncertainity 0.5900
INFO:__main__:Completed epoch 4 of 100

INFO:__main__:NLL: 0.4662, L2: 0.0048, Reg: -0.2497
INFO:__main__:Total loss 0.2213
INFO:__main__:Predicted mean: -0.3593
INFO:__main__:Predicted uncertainity 0.5915
INFO:__main__:Completed epoch 5 of 100

INFO:__main__:NLL: 0.4661, L2: 0.0048, Reg: -0.2551
INFO:__main__:Total loss 0.2158
INFO:__main__:Predicted mean: -0.3581
INFO:__main__:Predicted uncertainity 0.5917
INFO:__main__:Completed epoch 6 of 100

INFO:__main__:NLL: 0.4677, L2: 0.0048, Reg: -0.2500
INFO:__main__:Total loss 0.2226
INFO:__main__:Predicted mean: -0.3569
INFO:__main__:Predicted uncertainity 0.5968
INFO:__main__:Completed epoch 7 of 100

INFO:__main__:NLL: 0.4639, L2: 0.0047, Reg: -0.2534
INFO:__main__:Total loss 0.2151
INFO:__main__:Predicted mean: -0.3576
INFO:__main__:Predicted uncertainity 0.5849
INFO:__main__:Completed epoch 8 of 100

INFO:__main__:NLL: 0.4680, L2: 0.0048, Reg: -0.2522
INFO:__main__:Total loss 0.2207
INFO:__main__:Predicted mean: -0.3571
INFO:__main__:Predicted uncertainity 0.5977
INFO:__main__:Completed epoch 9 of 100

INFO:__main__:NLL: 0.4662, L2: 0.0049, Reg: -0.2522
INFO:__main__:Total loss 0.2189
INFO:__main__:Predicted mean: -0.3619
INFO:__main__:Predicted uncertainity 0.5908
INFO:__main__:Completed epoch 10 of 100

INFO:__main__:NLL: 0.4654, L2: 0.0048, Reg: -0.2568
INFO:__main__:Total loss 0.2134
INFO:__main__:Predicted mean: -0.3591
INFO:__main__:Predicted uncertainity 0.5898
INFO:__main__:Completed epoch 11 of 100

INFO:__main__:NLL: 0.4673, L2: 0.0050, Reg: -0.2547
INFO:__main__:Total loss 0.2176
INFO:__main__:Predicted mean: -0.3619
INFO:__main__:Predicted uncertainity 0.5942
INFO:__main__:Completed epoch 12 of 100

INFO:__main__:NLL: 0.4671, L2: 0.0052, Reg: -0.2542
INFO:__main__:Total loss 0.2181
INFO:__main__:Predicted mean: -0.3658
INFO:__main__:Predicted uncertainity 0.5922
INFO:__main__:Completed epoch 13 of 100

INFO:__main__:NLL: 0.4685, L2: 0.0050, Reg: -0.2567
INFO:__main__:Total loss 0.2169
INFO:__main__:Predicted mean: -0.3657
INFO:__main__:Predicted uncertainity 0.5970
INFO:__main__:Completed epoch 14 of 100

INFO:__main__:NLL: 0.4618, L2: 0.0047, Reg: -0.2491
INFO:__main__:Total loss 0.2174
INFO:__main__:Predicted mean: -0.3622
INFO:__main__:Predicted uncertainity 0.5771
INFO:__main__:Completed epoch 15 of 100

INFO:__main__:NLL: 0.4658, L2: 0.0049, Reg: -0.2492
INFO:__main__:Total loss 0.2215
INFO:__main__:Predicted mean: -0.3620
INFO:__main__:Predicted uncertainity 0.5887
INFO:__main__:Completed epoch 16 of 100

INFO:__main__:NLL: 0.4680, L2: 0.0050, Reg: -0.2605
INFO:__main__:Total loss 0.2125
INFO:__main__:Predicted mean: -0.3612
INFO:__main__:Predicted uncertainity 0.5968
INFO:__main__:Completed epoch 17 of 100

INFO:__main__:NLL: 0.4642, L2: 0.0050, Reg: -0.2560
INFO:__main__:Total loss 0.2131
INFO:__main__:Predicted mean: -0.3692
INFO:__main__:Predicted uncertainity 0.5831
INFO:__main__:Completed epoch 18 of 100

INFO:__main__:NLL: 0.4643, L2: 0.0049, Reg: -0.2505
INFO:__main__:Total loss 0.2188
INFO:__main__:Predicted mean: -0.3623
INFO:__main__:Predicted uncertainity 0.5849
INFO:__main__:Completed epoch 19 of 100

INFO:__main__:NLL: 0.4683, L2: 0.0051, Reg: -0.2573
INFO:__main__:Total loss 0.2162
INFO:__main__:Predicted mean: -0.3618
INFO:__main__:Predicted uncertainity 0.5969
INFO:__main__:Completed epoch 20 of 100

INFO:__main__:NLL: 0.4664, L2: 0.0051, Reg: -0.2520
INFO:__main__:Total loss 0.2195
INFO:__main__:Predicted mean: -0.3717
INFO:__main__:Predicted uncertainity 0.5874
INFO:__main__:Completed epoch 21 of 100

INFO:__main__:NLL: 0.4679, L2: 0.0051, Reg: -0.2562
INFO:__main__:Total loss 0.2167
INFO:__main__:Predicted mean: -0.3679
INFO:__main__:Predicted uncertainity 0.5942
INFO:__main__:Completed epoch 22 of 100

INFO:__main__:NLL: 0.4686, L2: 0.0051, Reg: -0.2525
INFO:__main__:Total loss 0.2212
INFO:__main__:Predicted mean: -0.3674
INFO:__main__:Predicted uncertainity 0.5966
INFO:__main__:Completed epoch 23 of 100

INFO:__main__:NLL: 0.4680, L2: 0.0051, Reg: -0.2558
INFO:__main__:Total loss 0.2172
INFO:__main__:Predicted mean: -0.3701
INFO:__main__:Predicted uncertainity 0.5936
INFO:__main__:Completed epoch 24 of 100

INFO:__main__:NLL: 0.4669, L2: 0.0051, Reg: -0.2562
INFO:__main__:Total loss 0.2157
INFO:__main__:Predicted mean: -0.3652
INFO:__main__:Predicted uncertainity 0.5916
INFO:__main__:Completed epoch 25 of 100

INFO:__main__:NLL: 0.4681, L2: 0.0050, Reg: -0.2549
INFO:__main__:Total loss 0.2182
INFO:__main__:Predicted mean: -0.3661
INFO:__main__:Predicted uncertainity 0.5959
INFO:__main__:Completed epoch 26 of 100

INFO:__main__:NLL: 0.4644, L2: 0.0049, Reg: -0.2541
INFO:__main__:Total loss 0.2152
INFO:__main__:Predicted mean: -0.3650
INFO:__main__:Predicted uncertainity 0.5850
INFO:__main__:Completed epoch 27 of 100

INFO:__main__:NLL: 0.4693, L2: 0.0050, Reg: -0.2578
INFO:__main__:Total loss 0.2166
INFO:__main__:Predicted mean: -0.3646
INFO:__main__:Predicted uncertainity 0.5995
INFO:__main__:Completed epoch 28 of 100

INFO:__main__:NLL: 0.4679, L2: 0.0052, Reg: -0.2557
INFO:__main__:Total loss 0.2174
INFO:__main__:Predicted mean: -0.3652
INFO:__main__:Predicted uncertainity 0.5969
INFO:__main__:Completed epoch 29 of 100

INFO:__main__:NLL: 0.4669, L2: 0.0049, Reg: -0.2554
INFO:__main__:Total loss 0.2164
INFO:__main__:Predicted mean: -0.3620
INFO:__main__:Predicted uncertainity 0.5922
INFO:__main__:Completed epoch 30 of 100

INFO:__main__:NLL: 0.4666, L2: 0.0049, Reg: -0.2540
INFO:__main__:Total loss 0.2176
INFO:__main__:Predicted mean: -0.3581
INFO:__main__:Predicted uncertainity 0.5921
INFO:__main__:Completed epoch 31 of 100

INFO:__main__:NLL: 0.4655, L2: 0.0049, Reg: -0.2540
INFO:__main__:Total loss 0.2165
INFO:__main__:Predicted mean: -0.3616
INFO:__main__:Predicted uncertainity 0.5884
INFO:__main__:Completed epoch 32 of 100

INFO:__main__:NLL: 0.4684, L2: 0.0051, Reg: -0.2554
INFO:__main__:Total loss 0.2181
INFO:__main__:Predicted mean: -0.3644
INFO:__main__:Predicted uncertainity 0.5962
INFO:__main__:Completed epoch 33 of 100

INFO:__main__:NLL: 0.4630, L2: 0.0049, Reg: -0.2488
INFO:__main__:Total loss 0.2191
INFO:__main__:Predicted mean: -0.3647
INFO:__main__:Predicted uncertainity 0.5817
INFO:__main__:Completed epoch 34 of 100

INFO:__main__:NLL: 0.4673, L2: 0.0050, Reg: -0.2554
INFO:__main__:Total loss 0.2168
INFO:__main__:Predicted mean: -0.3621
INFO:__main__:Predicted uncertainity 0.5933
INFO:__main__:Completed epoch 35 of 100

INFO:__main__:NLL: 0.4662, L2: 0.0050, Reg: -0.2528
INFO:__main__:Total loss 0.2183
INFO:__main__:Predicted mean: -0.3664
INFO:__main__:Predicted uncertainity 0.5890
INFO:__main__:Completed epoch 36 of 100

INFO:__main__:NLL: 0.4678, L2: 0.0050, Reg: -0.2572
INFO:__main__:Total loss 0.2156
INFO:__main__:Predicted mean: -0.3682
INFO:__main__:Predicted uncertainity 0.5943
INFO:__main__:Completed epoch 37 of 100

INFO:__main__:NLL: 0.4686, L2: 0.0051, Reg: -0.2585
INFO:__main__:Total loss 0.2152
INFO:__main__:Predicted mean: -0.3689
INFO:__main__:Predicted uncertainity 0.5958
INFO:__main__:Completed epoch 38 of 100

INFO:__main__:NLL: 0.4665, L2: 0.0051, Reg: -0.2571
INFO:__main__:Total loss 0.2145
INFO:__main__:Predicted mean: -0.3619
INFO:__main__:Predicted uncertainity 0.5915
INFO:__main__:Completed epoch 39 of 100

INFO:__main__:NLL: 0.4691, L2: 0.0051, Reg: -0.2572
INFO:__main__:Total loss 0.2170
INFO:__main__:Predicted mean: -0.3662
INFO:__main__:Predicted uncertainity 0.5984
INFO:__main__:Completed epoch 40 of 100

INFO:__main__:NLL: 0.4661, L2: 0.0050, Reg: -0.2542
INFO:__main__:Total loss 0.2169
INFO:__main__:Predicted mean: -0.3642
INFO:__main__:Predicted uncertainity 0.5897
INFO:__main__:Completed epoch 41 of 100

INFO:__main__:NLL: 0.4643, L2: 0.0048, Reg: -0.2511
INFO:__main__:Total loss 0.2181
INFO:__main__:Predicted mean: -0.3587
INFO:__main__:Predicted uncertainity 0.5858
INFO:__main__:Completed epoch 42 of 100

INFO:__main__:NLL: 0.4656, L2: 0.0049, Reg: -0.2553
INFO:__main__:Total loss 0.2153
INFO:__main__:Predicted mean: -0.3660
INFO:__main__:Predicted uncertainity 0.5872
INFO:__main__:Completed epoch 43 of 100

INFO:__main__:NLL: 0.4675, L2: 0.0050, Reg: -0.2552
INFO:__main__:Total loss 0.2174
INFO:__main__:Predicted mean: -0.3666
INFO:__main__:Predicted uncertainity 0.5950
INFO:__main__:Completed epoch 44 of 100

INFO:__main__:NLL: 0.4650, L2: 0.0049, Reg: -0.2501
INFO:__main__:Total loss 0.2198
INFO:__main__:Predicted mean: -0.3654
INFO:__main__:Predicted uncertainity 0.5858
INFO:__main__:Completed epoch 45 of 100

INFO:__main__:NLL: 0.4669, L2: 0.0050, Reg: -0.2573
INFO:__main__:Total loss 0.2146
INFO:__main__:Predicted mean: -0.3608
INFO:__main__:Predicted uncertainity 0.5931
INFO:__main__:Completed epoch 46 of 100

INFO:__main__:NLL: 0.4695, L2: 0.0051, Reg: -0.2571
INFO:__main__:Total loss 0.2174
INFO:__main__:Predicted mean: -0.3666
INFO:__main__:Predicted uncertainity 0.5990
INFO:__main__:Completed epoch 47 of 100

INFO:__main__:NLL: 0.4659, L2: 0.0051, Reg: -0.2550
INFO:__main__:Total loss 0.2160
INFO:__main__:Predicted mean: -0.3685
INFO:__main__:Predicted uncertainity 0.5886
INFO:__main__:Completed epoch 48 of 100

INFO:__main__:NLL: 0.4682, L2: 0.0050, Reg: -0.2559
INFO:__main__:Total loss 0.2173
INFO:__main__:Predicted mean: -0.3601
INFO:__main__:Predicted uncertainity 0.5971
INFO:__main__:Completed epoch 49 of 100

INFO:__main__:NLL: 0.4693, L2: 0.0050, Reg: -0.2567
INFO:__main__:Total loss 0.2177
INFO:__main__:Predicted mean: -0.3671
INFO:__main__:Predicted uncertainity 0.5978
INFO:__main__:Completed epoch 50 of 100

INFO:__main__:NLL: 0.4633, L2: 0.0048, Reg: -0.2477
INFO:__main__:Total loss 0.2204
INFO:__main__:Predicted mean: -0.3654
INFO:__main__:Predicted uncertainity 0.5811
INFO:__main__:Completed epoch 51 of 100

INFO:__main__:NLL: 0.4684, L2: 0.0050, Reg: -0.2583
INFO:__main__:Total loss 0.2151
INFO:__main__:Predicted mean: -0.3591
INFO:__main__:Predicted uncertainity 0.5978
INFO:__main__:Completed epoch 52 of 100

INFO:__main__:NLL: 0.4651, L2: 0.0049, Reg: -0.2555
INFO:__main__:Total loss 0.2145
INFO:__main__:Predicted mean: -0.3657
INFO:__main__:Predicted uncertainity 0.5857
INFO:__main__:Completed epoch 53 of 100

INFO:__main__:NLL: 0.4646, L2: 0.0049, Reg: -0.2533
INFO:__main__:Total loss 0.2162
INFO:__main__:Predicted mean: -0.3606
INFO:__main__:Predicted uncertainity 0.5867
INFO:__main__:Completed epoch 54 of 100

INFO:__main__:NLL: 0.4656, L2: 0.0049, Reg: -0.2548
INFO:__main__:Total loss 0.2157
INFO:__main__:Predicted mean: -0.3597
INFO:__main__:Predicted uncertainity 0.5897
INFO:__main__:Completed epoch 55 of 100

INFO:__main__:NLL: 0.4678, L2: 0.0051, Reg: -0.2542
INFO:__main__:Total loss 0.2187
INFO:__main__:Predicted mean: -0.3681
INFO:__main__:Predicted uncertainity 0.5931
INFO:__main__:Completed epoch 56 of 100

INFO:__main__:NLL: 0.4677, L2: 0.0052, Reg: -0.2551
INFO:__main__:Total loss 0.2178
INFO:__main__:Predicted mean: -0.3688
INFO:__main__:Predicted uncertainity 0.5932
INFO:__main__:Completed epoch 57 of 100

INFO:__main__:NLL: 0.4637, L2: 0.0048, Reg: -0.2508
INFO:__main__:Total loss 0.2176
INFO:__main__:Predicted mean: -0.3634
INFO:__main__:Predicted uncertainity 0.5822
INFO:__main__:Completed epoch 58 of 100

INFO:__main__:NLL: 0.4668, L2: 0.0050, Reg: -0.2507
INFO:__main__:Total loss 0.2211
INFO:__main__:Predicted mean: -0.3646
INFO:__main__:Predicted uncertainity 0.5915
INFO:__main__:Completed epoch 59 of 100

INFO:__main__:NLL: 0.4654, L2: 0.0049, Reg: -0.2547
INFO:__main__:Total loss 0.2156
INFO:__main__:Predicted mean: -0.3628
INFO:__main__:Predicted uncertainity 0.5879
INFO:__main__:Completed epoch 60 of 100

INFO:__main__:NLL: 0.4697, L2: 0.0051, Reg: -0.2562
INFO:__main__:Total loss 0.2186
INFO:__main__:Predicted mean: -0.3677
INFO:__main__:Predicted uncertainity 0.5999
INFO:__main__:Completed epoch 61 of 100

INFO:__main__:NLL: 0.4671, L2: 0.0051, Reg: -0.2539
INFO:__main__:Total loss 0.2182
INFO:__main__:Predicted mean: -0.3669
INFO:__main__:Predicted uncertainity 0.5935
INFO:__main__:Completed epoch 62 of 100

INFO:__main__:NLL: 0.4655, L2: 0.0049, Reg: -0.2560
INFO:__main__:Total loss 0.2144
INFO:__main__:Predicted mean: -0.3613
INFO:__main__:Predicted uncertainity 0.5884
INFO:__main__:Completed epoch 63 of 100

INFO:__main__:NLL: 0.4661, L2: 0.0050, Reg: -0.2535
INFO:__main__:Total loss 0.2176
INFO:__main__:Predicted mean: -0.3653
INFO:__main__:Predicted uncertainity 0.5886
INFO:__main__:Completed epoch 64 of 100

INFO:__main__:NLL: 0.4642, L2: 0.0049, Reg: -0.2532
INFO:__main__:Total loss 0.2159
INFO:__main__:Predicted mean: -0.3655
INFO:__main__:Predicted uncertainity 0.5834
INFO:__main__:Completed epoch 65 of 100

INFO:__main__:NLL: 0.4673, L2: 0.0050, Reg: -0.2535
INFO:__main__:Total loss 0.2188
INFO:__main__:Predicted mean: -0.3669
INFO:__main__:Predicted uncertainity 0.5938
INFO:__main__:Completed epoch 66 of 100

INFO:__main__:NLL: 0.4672, L2: 0.0050, Reg: -0.2563
INFO:__main__:Total loss 0.2160
INFO:__main__:Predicted mean: -0.3651
INFO:__main__:Predicted uncertainity 0.5930
INFO:__main__:Completed epoch 67 of 100

INFO:__main__:NLL: 0.4661, L2: 0.0050, Reg: -0.2558
INFO:__main__:Total loss 0.2154
INFO:__main__:Predicted mean: -0.3643
INFO:__main__:Predicted uncertainity 0.5900
INFO:__main__:Completed epoch 68 of 100

INFO:__main__:NLL: 0.4663, L2: 0.0050, Reg: -0.2513
INFO:__main__:Total loss 0.2200
INFO:__main__:Predicted mean: -0.3642
INFO:__main__:Predicted uncertainity 0.5915
INFO:__main__:Completed epoch 69 of 100

INFO:__main__:NLL: 0.4668, L2: 0.0050, Reg: -0.2535
INFO:__main__:Total loss 0.2182
INFO:__main__:Predicted mean: -0.3642
INFO:__main__:Predicted uncertainity 0.5919
INFO:__main__:Completed epoch 70 of 100

INFO:__main__:NLL: 0.4640, L2: 0.0049, Reg: -0.2536
INFO:__main__:Total loss 0.2153
INFO:__main__:Predicted mean: -0.3619
INFO:__main__:Predicted uncertainity 0.5841
INFO:__main__:Completed epoch 71 of 100

INFO:__main__:NLL: 0.4675, L2: 0.0050, Reg: -0.2515
INFO:__main__:Total loss 0.2211
INFO:__main__:Predicted mean: -0.3710
INFO:__main__:Predicted uncertainity 0.5921
INFO:__main__:Completed epoch 72 of 100

INFO:__main__:NLL: 0.4694, L2: 0.0051, Reg: -0.2564
INFO:__main__:Total loss 0.2180
INFO:__main__:Predicted mean: -0.3665
INFO:__main__:Predicted uncertainity 0.5978
INFO:__main__:Completed epoch 73 of 100

INFO:__main__:NLL: 0.4685, L2: 0.0051, Reg: -0.2555
INFO:__main__:Total loss 0.2180
INFO:__main__:Predicted mean: -0.3654
INFO:__main__:Predicted uncertainity 0.5962
INFO:__main__:Completed epoch 74 of 100

INFO:__main__:NLL: 0.4688, L2: 0.0051, Reg: -0.2544
INFO:__main__:Total loss 0.2195
INFO:__main__:Predicted mean: -0.3698
INFO:__main__:Predicted uncertainity 0.5960
INFO:__main__:Completed epoch 75 of 100

INFO:__main__:NLL: 0.4635, L2: 0.0049, Reg: -0.2495
INFO:__main__:Total loss 0.2189
INFO:__main__:Predicted mean: -0.3682
INFO:__main__:Predicted uncertainity 0.5806
INFO:__main__:Completed epoch 76 of 100

INFO:__main__:NLL: 0.4686, L2: 0.0050, Reg: -0.2533
INFO:__main__:Total loss 0.2203
INFO:__main__:Predicted mean: -0.3626
INFO:__main__:Predicted uncertainity 0.5980
INFO:__main__:Completed epoch 77 of 100

INFO:__main__:NLL: 0.4675, L2: 0.0052, Reg: -0.2542
INFO:__main__:Total loss 0.2185
INFO:__main__:Predicted mean: -0.3696
INFO:__main__:Predicted uncertainity 0.5924
INFO:__main__:Completed epoch 78 of 100

INFO:__main__:NLL: 0.4683, L2: 0.0050, Reg: -0.2599
INFO:__main__:Total loss 0.2134
INFO:__main__:Predicted mean: -0.3610
INFO:__main__:Predicted uncertainity 0.5973
INFO:__main__:Completed epoch 79 of 100

INFO:__main__:NLL: 0.4621, L2: 0.0048, Reg: -0.2455
INFO:__main__:Total loss 0.2214
INFO:__main__:Predicted mean: -0.3661
INFO:__main__:Predicted uncertainity 0.5768
INFO:__main__:Completed epoch 80 of 100

INFO:__main__:NLL: 0.4627, L2: 0.0049, Reg: -0.2506
INFO:__main__:Total loss 0.2169
INFO:__main__:Predicted mean: -0.3636
INFO:__main__:Predicted uncertainity 0.5792
INFO:__main__:Completed epoch 81 of 100

INFO:__main__:NLL: 0.4690, L2: 0.0050, Reg: -0.2580
INFO:__main__:Total loss 0.2160
INFO:__main__:Predicted mean: -0.3613
INFO:__main__:Predicted uncertainity 0.5997
INFO:__main__:Completed epoch 82 of 100

INFO:__main__:NLL: 0.4676, L2: 0.0050, Reg: -0.2547
INFO:__main__:Total loss 0.2179
INFO:__main__:Predicted mean: -0.3686
INFO:__main__:Predicted uncertainity 0.5917
INFO:__main__:Completed epoch 83 of 100

INFO:__main__:NLL: 0.4660, L2: 0.0049, Reg: -0.2499
INFO:__main__:Total loss 0.2210
INFO:__main__:Predicted mean: -0.3619
INFO:__main__:Predicted uncertainity 0.5900
INFO:__main__:Completed epoch 84 of 100

INFO:__main__:NLL: 0.4671, L2: 0.0050, Reg: -0.2524
INFO:__main__:Total loss 0.2197
INFO:__main__:Predicted mean: -0.3652
INFO:__main__:Predicted uncertainity 0.5921
INFO:__main__:Completed epoch 85 of 100

INFO:__main__:NLL: 0.4679, L2: 0.0050, Reg: -0.2540
INFO:__main__:Total loss 0.2189
INFO:__main__:Predicted mean: -0.3661
INFO:__main__:Predicted uncertainity 0.5946
INFO:__main__:Completed epoch 86 of 100

INFO:__main__:NLL: 0.4649, L2: 0.0049, Reg: -0.2547
INFO:__main__:Total loss 0.2151
INFO:__main__:Predicted mean: -0.3640
INFO:__main__:Predicted uncertainity 0.5864
INFO:__main__:Completed epoch 87 of 100

INFO:__main__:NLL: 0.4655, L2: 0.0049, Reg: -0.2553
INFO:__main__:Total loss 0.2151
INFO:__main__:Predicted mean: -0.3671
INFO:__main__:Predicted uncertainity 0.5870
INFO:__main__:Completed epoch 88 of 100

INFO:__main__:NLL: 0.4672, L2: 0.0050, Reg: -0.2523
INFO:__main__:Total loss 0.2200
INFO:__main__:Predicted mean: -0.3635
INFO:__main__:Predicted uncertainity 0.5926
INFO:__main__:Completed epoch 89 of 100

INFO:__main__:NLL: 0.4684, L2: 0.0051, Reg: -0.2571
INFO:__main__:Total loss 0.2163
INFO:__main__:Predicted mean: -0.3642
INFO:__main__:Predicted uncertainity 0.5966
INFO:__main__:Completed epoch 90 of 100

INFO:__main__:NLL: 0.4624, L2: 0.0048, Reg: -0.2478
INFO:__main__:Total loss 0.2194
INFO:__main__:Predicted mean: -0.3630
INFO:__main__:Predicted uncertainity 0.5791
INFO:__main__:Completed epoch 91 of 100

INFO:__main__:NLL: 0.4648, L2: 0.0048, Reg: -0.2527
INFO:__main__:Total loss 0.2170
INFO:__main__:Predicted mean: -0.3595
INFO:__main__:Predicted uncertainity 0.5875
INFO:__main__:Completed epoch 92 of 100

INFO:__main__:NLL: 0.4651, L2: 0.0049, Reg: -0.2532
INFO:__main__:Total loss 0.2167
INFO:__main__:Predicted mean: -0.3599
INFO:__main__:Predicted uncertainity 0.5875
INFO:__main__:Completed epoch 93 of 100

INFO:__main__:NLL: 0.4620, L2: 0.0049, Reg: -0.2514
INFO:__main__:Total loss 0.2155
INFO:__main__:Predicted mean: -0.3661
INFO:__main__:Predicted uncertainity 0.5772
INFO:__main__:Completed epoch 94 of 100

INFO:__main__:NLL: 0.4659, L2: 0.0049, Reg: -0.2556
INFO:__main__:Total loss 0.2152
INFO:__main__:Predicted mean: -0.3632
INFO:__main__:Predicted uncertainity 0.5896
INFO:__main__:Completed epoch 95 of 100

INFO:__main__:NLL: 0.4654, L2: 0.0049, Reg: -0.2530
INFO:__main__:Total loss 0.2173
INFO:__main__:Predicted mean: -0.3667
INFO:__main__:Predicted uncertainity 0.5866
INFO:__main__:Completed epoch 96 of 100

INFO:__main__:NLL: 0.4658, L2: 0.0049, Reg: -0.2541
INFO:__main__:Total loss 0.2165
INFO:__main__:Predicted mean: -0.3667
INFO:__main__:Predicted uncertainity 0.5876
INFO:__main__:Completed epoch 97 of 100

INFO:__main__:NLL: 0.4647, L2: 0.0050, Reg: -0.2552
INFO:__main__:Total loss 0.2145
INFO:__main__:Predicted mean: -0.3692
INFO:__main__:Predicted uncertainity 0.5827
INFO:__main__:Completed epoch 98 of 100

INFO:__main__:NLL: 0.4668, L2: 0.0050, Reg: -0.2523
INFO:__main__:Total loss 0.2196
INFO:__main__:Predicted mean: -0.3693
INFO:__main__:Predicted uncertainity 0.5902
INFO:__main__:Completed epoch 99 of 100

INFO:__main__:NLL: 0.4646, L2: 0.0049, Reg: -0.2521
INFO:__main__:Total loss 0.2174
INFO:__main__:Predicted mean: -0.3638
INFO:__main__:Predicted uncertainity 0.5853
INFO:__main__:Completed epoch 100 of 100

INFO:__main__:372.570513 s
