INFO:__main__:PROCESS RUNNING ON cpu
INFO:__main__:NLL: 0.0176, L2: 0.0248, Reg: 0.0027
INFO:__main__:Total loss 0.0451
INFO:__main__:Predicted mean: -0.4296
INFO:__main__:Predicted uncertainity -0.7942
INFO:__main__:Completed epoch 1 of 100

INFO:__main__:NLL: 0.1306, L2: 0.0242, Reg: 0.0027
INFO:__main__:Total loss 0.1575
INFO:__main__:Predicted mean: -0.3944
INFO:__main__:Predicted uncertainity -0.7729
INFO:__main__:Completed epoch 2 of 100

INFO:__main__:NLL: 0.1787, L2: 0.0267, Reg: 0.0027
INFO:__main__:Total loss 0.2081
INFO:__main__:Predicted mean: -0.3500
INFO:__main__:Predicted uncertainity -0.7360
INFO:__main__:Completed epoch 3 of 100

INFO:__main__:NLL: -0.0750, L2: 0.0250, Reg: 0.0027
INFO:__main__:Total loss -0.0473
INFO:__main__:Predicted mean: -0.4311
INFO:__main__:Predicted uncertainity -0.8284
INFO:__main__:Completed epoch 4 of 100

INFO:__main__:NLL: 0.0784, L2: 0.0264, Reg: 0.0027
INFO:__main__:Total loss 0.1075
INFO:__main__:Predicted mean: -0.3350
INFO:__main__:Predicted uncertainity -0.8281
INFO:__main__:Completed epoch 5 of 100

INFO:__main__:NLL: -0.0235, L2: 0.0260, Reg: 0.0027
INFO:__main__:Total loss 0.0052
INFO:__main__:Predicted mean: -0.3734
INFO:__main__:Predicted uncertainity -0.6490
INFO:__main__:Completed epoch 6 of 100

INFO:__main__:NLL: -0.0862, L2: 0.0261, Reg: 0.0027
INFO:__main__:Total loss -0.0573
INFO:__main__:Predicted mean: -0.3525
INFO:__main__:Predicted uncertainity -0.7305
INFO:__main__:Completed epoch 7 of 100

INFO:__main__:NLL: 0.2974, L2: 0.0282, Reg: 0.0027
INFO:__main__:Total loss 0.3283
INFO:__main__:Predicted mean: -0.4362
INFO:__main__:Predicted uncertainity -0.8767
INFO:__main__:Completed epoch 8 of 100

INFO:__main__:NLL: 0.0760, L2: 0.0264, Reg: 0.0027
INFO:__main__:Total loss 0.1052
INFO:__main__:Predicted mean: -0.4364
INFO:__main__:Predicted uncertainity -0.8537
INFO:__main__:Completed epoch 9 of 100

INFO:__main__:NLL: 0.2139, L2: 0.0259, Reg: 0.0027
INFO:__main__:Total loss 0.2425
INFO:__main__:Predicted mean: -0.4032
INFO:__main__:Predicted uncertainity -0.7526
INFO:__main__:Completed epoch 10 of 100

INFO:__main__:NLL: 0.1000, L2: 0.0258, Reg: 0.0027
INFO:__main__:Total loss 0.1286
INFO:__main__:Predicted mean: -0.4117
INFO:__main__:Predicted uncertainity -0.7906
INFO:__main__:Completed epoch 11 of 100

INFO:__main__:NLL: 0.1718, L2: 0.0253, Reg: 0.0027
INFO:__main__:Total loss 0.1998
INFO:__main__:Predicted mean: -0.4823
INFO:__main__:Predicted uncertainity -0.7658
INFO:__main__:Completed epoch 12 of 100

INFO:__main__:NLL: 0.0396, L2: 0.0244, Reg: 0.0027
INFO:__main__:Total loss 0.0667
INFO:__main__:Predicted mean: -0.3570
INFO:__main__:Predicted uncertainity -0.7190
INFO:__main__:Completed epoch 13 of 100

INFO:__main__:NLL: 0.1099, L2: 0.0246, Reg: 0.0027
INFO:__main__:Total loss 0.1373
INFO:__main__:Predicted mean: -0.3641
INFO:__main__:Predicted uncertainity -0.7591
INFO:__main__:Completed epoch 14 of 100

INFO:__main__:NLL: 0.0156, L2: 0.0251, Reg: 0.0027
INFO:__main__:Total loss 0.0435
INFO:__main__:Predicted mean: -0.3684
INFO:__main__:Predicted uncertainity -0.8552
INFO:__main__:Completed epoch 15 of 100

INFO:__main__:NLL: 0.1951, L2: 0.0248, Reg: 0.0027
INFO:__main__:Total loss 0.2226
INFO:__main__:Predicted mean: -0.3981
INFO:__main__:Predicted uncertainity -0.7568
INFO:__main__:Completed epoch 16 of 100

INFO:__main__:NLL: 0.0853, L2: 0.0260, Reg: 0.0027
INFO:__main__:Total loss 0.1140
INFO:__main__:Predicted mean: -0.3922
INFO:__main__:Predicted uncertainity -0.8066
INFO:__main__:Completed epoch 17 of 100

INFO:__main__:NLL: 0.1266, L2: 0.0278, Reg: 0.0027
INFO:__main__:Total loss 0.1571
INFO:__main__:Predicted mean: -0.3620
INFO:__main__:Predicted uncertainity -0.8239
INFO:__main__:Completed epoch 18 of 100

INFO:__main__:NLL: 0.0249, L2: 0.0267, Reg: 0.0027
INFO:__main__:Total loss 0.0544
INFO:__main__:Predicted mean: -0.3948
INFO:__main__:Predicted uncertainity -0.8015
INFO:__main__:Completed epoch 19 of 100

INFO:__main__:NLL: 0.0237, L2: 0.0281, Reg: 0.0027
INFO:__main__:Total loss 0.0545
INFO:__main__:Predicted mean: -0.3916
INFO:__main__:Predicted uncertainity -0.7685
INFO:__main__:Completed epoch 20 of 100

INFO:__main__:NLL: 0.1468, L2: 0.0282, Reg: 0.0027
INFO:__main__:Total loss 0.1777
INFO:__main__:Predicted mean: -0.3741
INFO:__main__:Predicted uncertainity -0.5575
INFO:__main__:Completed epoch 21 of 100

INFO:__main__:NLL: -0.0347, L2: 0.0266, Reg: 0.0027
INFO:__main__:Total loss -0.0053
INFO:__main__:Predicted mean: -0.4084
INFO:__main__:Predicted uncertainity -0.7683
INFO:__main__:Completed epoch 22 of 100

INFO:__main__:NLL: 0.3123, L2: 0.0277, Reg: 0.0027
INFO:__main__:Total loss 0.3428
INFO:__main__:Predicted mean: -0.3714
INFO:__main__:Predicted uncertainity -0.8474
INFO:__main__:Completed epoch 23 of 100

INFO:__main__:NLL: 0.0660, L2: 0.0260, Reg: 0.0027
INFO:__main__:Total loss 0.0947
INFO:__main__:Predicted mean: -0.3660
INFO:__main__:Predicted uncertainity -0.7153
INFO:__main__:Completed epoch 24 of 100

INFO:__main__:NLL: 0.1215, L2: 0.0274, Reg: 0.0027
INFO:__main__:Total loss 0.1516
INFO:__main__:Predicted mean: -0.3246
INFO:__main__:Predicted uncertainity -0.7000
INFO:__main__:Completed epoch 25 of 100

INFO:__main__:NLL: 0.1911, L2: 0.0279, Reg: 0.0027
INFO:__main__:Total loss 0.2218
INFO:__main__:Predicted mean: -0.3438
INFO:__main__:Predicted uncertainity -0.6675
INFO:__main__:Completed epoch 26 of 100

INFO:__main__:NLL: 0.0938, L2: 0.0259, Reg: 0.0027
INFO:__main__:Total loss 0.1224
INFO:__main__:Predicted mean: -0.3158
INFO:__main__:Predicted uncertainity -0.6845
INFO:__main__:Completed epoch 27 of 100

INFO:__main__:NLL: -0.0034, L2: 0.0272, Reg: 0.0027
INFO:__main__:Total loss 0.0266
INFO:__main__:Predicted mean: -0.3574
INFO:__main__:Predicted uncertainity -0.8796
INFO:__main__:Completed epoch 28 of 100

INFO:__main__:NLL: 0.1040, L2: 0.0273, Reg: 0.0027
INFO:__main__:Total loss 0.1341
INFO:__main__:Predicted mean: -0.3455
INFO:__main__:Predicted uncertainity -0.7146
INFO:__main__:Completed epoch 29 of 100

INFO:__main__:NLL: 0.0896, L2: 0.0262, Reg: 0.0027
INFO:__main__:Total loss 0.1185
INFO:__main__:Predicted mean: -0.3425
INFO:__main__:Predicted uncertainity -0.7155
INFO:__main__:Completed epoch 30 of 100

INFO:__main__:NLL: -0.0894, L2: 0.0287, Reg: 0.0027
INFO:__main__:Total loss -0.0580
INFO:__main__:Predicted mean: -0.3518
INFO:__main__:Predicted uncertainity -0.7868
INFO:__main__:Completed epoch 31 of 100

INFO:__main__:NLL: 0.0981, L2: 0.0280, Reg: 0.0027
INFO:__main__:Total loss 0.1288
INFO:__main__:Predicted mean: -0.3752
INFO:__main__:Predicted uncertainity -0.7428
INFO:__main__:Completed epoch 32 of 100

INFO:__main__:NLL: 0.1730, L2: 0.0277, Reg: 0.0027
INFO:__main__:Total loss 0.2034
INFO:__main__:Predicted mean: -0.4196
INFO:__main__:Predicted uncertainity -0.7644
INFO:__main__:Completed epoch 33 of 100

INFO:__main__:NLL: 0.0812, L2: 0.0272, Reg: 0.0027
INFO:__main__:Total loss 0.1111
INFO:__main__:Predicted mean: -0.3739
INFO:__main__:Predicted uncertainity -0.7504
INFO:__main__:Completed epoch 34 of 100

INFO:__main__:NLL: 0.1237, L2: 0.0274, Reg: 0.0027
INFO:__main__:Total loss 0.1538
INFO:__main__:Predicted mean: -0.3705
INFO:__main__:Predicted uncertainity -0.7715
INFO:__main__:Completed epoch 35 of 100

INFO:__main__:NLL: 0.1087, L2: 0.0274, Reg: 0.0027
INFO:__main__:Total loss 0.1388
INFO:__main__:Predicted mean: -0.3577
INFO:__main__:Predicted uncertainity -0.7300
INFO:__main__:Completed epoch 36 of 100

INFO:__main__:NLL: 0.2592, L2: 0.0286, Reg: 0.0027
INFO:__main__:Total loss 0.2906
INFO:__main__:Predicted mean: -0.4141
INFO:__main__:Predicted uncertainity -0.6793
INFO:__main__:Completed epoch 37 of 100

INFO:__main__:NLL: -0.0677, L2: 0.0264, Reg: 0.0027
INFO:__main__:Total loss -0.0385
INFO:__main__:Predicted mean: -0.3439
INFO:__main__:Predicted uncertainity -0.7887
INFO:__main__:Completed epoch 38 of 100

INFO:__main__:NLL: 0.0487, L2: 0.0281, Reg: 0.0027
INFO:__main__:Total loss 0.0796
INFO:__main__:Predicted mean: -0.4186
INFO:__main__:Predicted uncertainity -0.8452
INFO:__main__:Completed epoch 39 of 100

INFO:__main__:NLL: 0.0342, L2: 0.0257, Reg: 0.0027
INFO:__main__:Total loss 0.0627
INFO:__main__:Predicted mean: -0.3456
INFO:__main__:Predicted uncertainity -0.6669
INFO:__main__:Completed epoch 40 of 100

INFO:__main__:NLL: 0.0310, L2: 0.0271, Reg: 0.0027
INFO:__main__:Total loss 0.0609
INFO:__main__:Predicted mean: -0.3202
INFO:__main__:Predicted uncertainity -0.7057
INFO:__main__:Completed epoch 41 of 100

INFO:__main__:NLL: 0.3020, L2: 0.0244, Reg: 0.0027
INFO:__main__:Total loss 0.3291
INFO:__main__:Predicted mean: -0.3953
INFO:__main__:Predicted uncertainity -0.7060
INFO:__main__:Completed epoch 42 of 100

INFO:__main__:NLL: 0.0500, L2: 0.0265, Reg: 0.0027
INFO:__main__:Total loss 0.0792
INFO:__main__:Predicted mean: -0.3721
INFO:__main__:Predicted uncertainity -0.7530
INFO:__main__:Completed epoch 43 of 100

INFO:__main__:NLL: 0.0268, L2: 0.0264, Reg: 0.0027
INFO:__main__:Total loss 0.0559
INFO:__main__:Predicted mean: -0.3745
INFO:__main__:Predicted uncertainity -0.7733
INFO:__main__:Completed epoch 44 of 100

INFO:__main__:NLL: 0.1860, L2: 0.0268, Reg: 0.0027
INFO:__main__:Total loss 0.2155
INFO:__main__:Predicted mean: -0.3562
INFO:__main__:Predicted uncertainity -0.7169
INFO:__main__:Completed epoch 45 of 100

INFO:__main__:NLL: 0.1569, L2: 0.0262, Reg: 0.0027
INFO:__main__:Total loss 0.1858
INFO:__main__:Predicted mean: -0.3292
INFO:__main__:Predicted uncertainity -0.6870
INFO:__main__:Completed epoch 46 of 100

INFO:__main__:NLL: 0.0471, L2: 0.0245, Reg: 0.0027
INFO:__main__:Total loss 0.0744
INFO:__main__:Predicted mean: -0.4383
INFO:__main__:Predicted uncertainity -0.7701
INFO:__main__:Completed epoch 47 of 100

INFO:__main__:NLL: 0.2373, L2: 0.0263, Reg: 0.0027
INFO:__main__:Total loss 0.2663
INFO:__main__:Predicted mean: -0.3806
INFO:__main__:Predicted uncertainity -0.6660
INFO:__main__:Completed epoch 48 of 100

INFO:__main__:NLL: -0.0194, L2: 0.0279, Reg: 0.0027
INFO:__main__:Total loss 0.0112
INFO:__main__:Predicted mean: -0.3924
INFO:__main__:Predicted uncertainity -0.7951
INFO:__main__:Completed epoch 49 of 100

INFO:__main__:NLL: 0.0534, L2: 0.0253, Reg: 0.0027
INFO:__main__:Total loss 0.0814
INFO:__main__:Predicted mean: -0.3837
INFO:__main__:Predicted uncertainity -0.7490
INFO:__main__:Completed epoch 50 of 100

INFO:__main__:NLL: 0.0521, L2: 0.0267, Reg: 0.0027
INFO:__main__:Total loss 0.0815
INFO:__main__:Predicted mean: -0.3575
INFO:__main__:Predicted uncertainity -0.8579
INFO:__main__:Completed epoch 51 of 100

INFO:__main__:NLL: 0.1488, L2: 0.0252, Reg: 0.0027
INFO:__main__:Total loss 0.1768
INFO:__main__:Predicted mean: -0.3554
INFO:__main__:Predicted uncertainity -0.7348
INFO:__main__:Completed epoch 52 of 100

INFO:__main__:NLL: 0.2122, L2: 0.0254, Reg: 0.0027
INFO:__main__:Total loss 0.2403
INFO:__main__:Predicted mean: -0.4012
INFO:__main__:Predicted uncertainity -0.7115
INFO:__main__:Completed epoch 53 of 100

INFO:__main__:NLL: 0.0637, L2: 0.0250, Reg: 0.0027
INFO:__main__:Total loss 0.0915
INFO:__main__:Predicted mean: -0.3391
INFO:__main__:Predicted uncertainity -0.7567
INFO:__main__:Completed epoch 54 of 100

INFO:__main__:NLL: 0.0588, L2: 0.0253, Reg: 0.0027
INFO:__main__:Total loss 0.0869
INFO:__main__:Predicted mean: -0.4270
INFO:__main__:Predicted uncertainity -0.8055
INFO:__main__:Completed epoch 55 of 100

INFO:__main__:NLL: 0.0768, L2: 0.0270, Reg: 0.0027
INFO:__main__:Total loss 0.1065
INFO:__main__:Predicted mean: -0.3605
INFO:__main__:Predicted uncertainity -0.7138
INFO:__main__:Completed epoch 56 of 100

INFO:__main__:NLL: 0.1598, L2: 0.0267, Reg: 0.0027
INFO:__main__:Total loss 0.1893
INFO:__main__:Predicted mean: -0.3735
INFO:__main__:Predicted uncertainity -0.7784
INFO:__main__:Completed epoch 57 of 100

INFO:__main__:NLL: 0.1285, L2: 0.0269, Reg: 0.0027
INFO:__main__:Total loss 0.1581
INFO:__main__:Predicted mean: -0.3855
INFO:__main__:Predicted uncertainity -0.7425
INFO:__main__:Completed epoch 58 of 100

INFO:__main__:NLL: 0.1218, L2: 0.0281, Reg: 0.0027
INFO:__main__:Total loss 0.1526
INFO:__main__:Predicted mean: -0.3506
INFO:__main__:Predicted uncertainity -0.6925
INFO:__main__:Completed epoch 59 of 100

INFO:__main__:NLL: 0.1057, L2: 0.0284, Reg: 0.0027
INFO:__main__:Total loss 0.1368
INFO:__main__:Predicted mean: -0.4009
INFO:__main__:Predicted uncertainity -0.5306
INFO:__main__:Completed epoch 60 of 100

INFO:__main__:NLL: 0.0799, L2: 0.0275, Reg: 0.0027
INFO:__main__:Total loss 0.1101
INFO:__main__:Predicted mean: -0.3178
INFO:__main__:Predicted uncertainity -0.6312
INFO:__main__:Completed epoch 61 of 100

INFO:__main__:NLL: 0.1838, L2: 0.0255, Reg: 0.0027
INFO:__main__:Total loss 0.2121
INFO:__main__:Predicted mean: -0.3324
INFO:__main__:Predicted uncertainity -0.6955
INFO:__main__:Completed epoch 62 of 100

INFO:__main__:NLL: 0.0848, L2: 0.0270, Reg: 0.0027
INFO:__main__:Total loss 0.1146
INFO:__main__:Predicted mean: -0.3625
INFO:__main__:Predicted uncertainity -0.8550
INFO:__main__:Completed epoch 63 of 100

INFO:__main__:NLL: 0.2353, L2: 0.0279, Reg: 0.0027
INFO:__main__:Total loss 0.2660
INFO:__main__:Predicted mean: -0.3626
INFO:__main__:Predicted uncertainity -0.7692
INFO:__main__:Completed epoch 64 of 100

INFO:__main__:NLL: -0.0842, L2: 0.0279, Reg: 0.0027
INFO:__main__:Total loss -0.0536
INFO:__main__:Predicted mean: -0.3780
INFO:__main__:Predicted uncertainity -0.7977
INFO:__main__:Completed epoch 65 of 100

INFO:__main__:NLL: 0.1185, L2: 0.0250, Reg: 0.0027
INFO:__main__:Total loss 0.1462
INFO:__main__:Predicted mean: -0.3706
INFO:__main__:Predicted uncertainity -0.7621
INFO:__main__:Completed epoch 66 of 100

INFO:__main__:NLL: 0.1085, L2: 0.0264, Reg: 0.0027
INFO:__main__:Total loss 0.1377
INFO:__main__:Predicted mean: -0.4128
INFO:__main__:Predicted uncertainity -0.7215
INFO:__main__:Completed epoch 67 of 100

INFO:__main__:NLL: 0.0433, L2: 0.0249, Reg: 0.0027
INFO:__main__:Total loss 0.0709
INFO:__main__:Predicted mean: -0.3450
INFO:__main__:Predicted uncertainity -0.7836
INFO:__main__:Completed epoch 68 of 100

INFO:__main__:NLL: 0.0452, L2: 0.0251, Reg: 0.0027
INFO:__main__:Total loss 0.0731
INFO:__main__:Predicted mean: -0.3673
INFO:__main__:Predicted uncertainity -0.7803
INFO:__main__:Completed epoch 69 of 100

INFO:__main__:NLL: 0.0204, L2: 0.0265, Reg: 0.0027
INFO:__main__:Total loss 0.0497
INFO:__main__:Predicted mean: -0.3407
INFO:__main__:Predicted uncertainity -0.6672
INFO:__main__:Completed epoch 70 of 100

INFO:__main__:NLL: 0.1081, L2: 0.0271, Reg: 0.0027
INFO:__main__:Total loss 0.1379
INFO:__main__:Predicted mean: -0.3221
INFO:__main__:Predicted uncertainity -0.7370
INFO:__main__:Completed epoch 71 of 100

INFO:__main__:NLL: 0.0082, L2: 0.0252, Reg: 0.0027
INFO:__main__:Total loss 0.0362
INFO:__main__:Predicted mean: -0.3618
INFO:__main__:Predicted uncertainity -0.8046
INFO:__main__:Completed epoch 72 of 100

INFO:__main__:NLL: 0.0014, L2: 0.0265, Reg: 0.0027
INFO:__main__:Total loss 0.0306
INFO:__main__:Predicted mean: -0.3460
INFO:__main__:Predicted uncertainity -0.6838
INFO:__main__:Completed epoch 73 of 100

INFO:__main__:NLL: -0.0093, L2: 0.0271, Reg: 0.0027
INFO:__main__:Total loss 0.0206
INFO:__main__:Predicted mean: -0.3783
INFO:__main__:Predicted uncertainity -0.9990
INFO:__main__:Completed epoch 74 of 100

INFO:__main__:NLL: 0.1389, L2: 0.0269, Reg: 0.0027
INFO:__main__:Total loss 0.1685
INFO:__main__:Predicted mean: -0.3561
INFO:__main__:Predicted uncertainity -0.6728
INFO:__main__:Completed epoch 75 of 100

INFO:__main__:NLL: 0.0638, L2: 0.0298, Reg: 0.0027
INFO:__main__:Total loss 0.0964
INFO:__main__:Predicted mean: -0.3710
INFO:__main__:Predicted uncertainity -0.7205
INFO:__main__:Completed epoch 76 of 100

INFO:__main__:NLL: 0.0936, L2: 0.0294, Reg: 0.0027
INFO:__main__:Total loss 0.1257
INFO:__main__:Predicted mean: -0.3283
INFO:__main__:Predicted uncertainity -0.6668
INFO:__main__:Completed epoch 77 of 100

INFO:__main__:NLL: 0.0159, L2: 0.0269, Reg: 0.0027
INFO:__main__:Total loss 0.0456
INFO:__main__:Predicted mean: -0.4300
INFO:__main__:Predicted uncertainity -0.7086
INFO:__main__:Completed epoch 78 of 100

INFO:__main__:NLL: 0.1436, L2: 0.0265, Reg: 0.0027
INFO:__main__:Total loss 0.1728
INFO:__main__:Predicted mean: -0.3772
INFO:__main__:Predicted uncertainity -0.7127
INFO:__main__:Completed epoch 79 of 100

INFO:__main__:NLL: 0.0577, L2: 0.0270, Reg: 0.0027
INFO:__main__:Total loss 0.0874
INFO:__main__:Predicted mean: -0.3736
INFO:__main__:Predicted uncertainity -0.6462
INFO:__main__:Completed epoch 80 of 100

INFO:__main__:NLL: 0.0814, L2: 0.0252, Reg: 0.0027
INFO:__main__:Total loss 0.1094
INFO:__main__:Predicted mean: -0.3182
INFO:__main__:Predicted uncertainity -0.6623
INFO:__main__:Completed epoch 81 of 100

INFO:__main__:NLL: 0.0932, L2: 0.0262, Reg: 0.0027
INFO:__main__:Total loss 0.1221
INFO:__main__:Predicted mean: -0.3414
INFO:__main__:Predicted uncertainity -0.7111
INFO:__main__:Completed epoch 82 of 100

INFO:__main__:NLL: 0.2659, L2: 0.0262, Reg: 0.0027
INFO:__main__:Total loss 0.2949
INFO:__main__:Predicted mean: -0.4107
INFO:__main__:Predicted uncertainity -0.7918
INFO:__main__:Completed epoch 83 of 100

INFO:__main__:NLL: 0.0334, L2: 0.0273, Reg: 0.0027
INFO:__main__:Total loss 0.0635
INFO:__main__:Predicted mean: -0.4073
INFO:__main__:Predicted uncertainity -0.6203
INFO:__main__:Completed epoch 84 of 100

INFO:__main__:NLL: 0.1362, L2: 0.0262, Reg: 0.0027
INFO:__main__:Total loss 0.1652
INFO:__main__:Predicted mean: -0.3227
INFO:__main__:Predicted uncertainity -0.7820
INFO:__main__:Completed epoch 85 of 100

INFO:__main__:NLL: 0.0305, L2: 0.0269, Reg: 0.0027
INFO:__main__:Total loss 0.0601
INFO:__main__:Predicted mean: -0.3581
INFO:__main__:Predicted uncertainity -0.8414
INFO:__main__:Completed epoch 86 of 100

INFO:__main__:NLL: 0.0608, L2: 0.0249, Reg: 0.0027
INFO:__main__:Total loss 0.0885
INFO:__main__:Predicted mean: -0.4473
INFO:__main__:Predicted uncertainity -0.7897
INFO:__main__:Completed epoch 87 of 100

INFO:__main__:NLL: 0.2625, L2: 0.0272, Reg: 0.0027
INFO:__main__:Total loss 0.2925
INFO:__main__:Predicted mean: -0.3481
INFO:__main__:Predicted uncertainity -0.8743
INFO:__main__:Completed epoch 88 of 100

INFO:__main__:NLL: 0.3680, L2: 0.0272, Reg: 0.0027
INFO:__main__:Total loss 0.3979
INFO:__main__:Predicted mean: -0.3653
INFO:__main__:Predicted uncertainity -0.7528
INFO:__main__:Completed epoch 89 of 100

INFO:__main__:NLL: 0.1267, L2: 0.0254, Reg: 0.0027
INFO:__main__:Total loss 0.1549
INFO:__main__:Predicted mean: -0.3319
INFO:__main__:Predicted uncertainity -0.6544
INFO:__main__:Completed epoch 90 of 100

INFO:__main__:NLL: 0.1507, L2: 0.0274, Reg: 0.0027
INFO:__main__:Total loss 0.1808
INFO:__main__:Predicted mean: -0.3193
INFO:__main__:Predicted uncertainity -0.6840
INFO:__main__:Completed epoch 91 of 100

INFO:__main__:NLL: 0.1141, L2: 0.0265, Reg: 0.0027
INFO:__main__:Total loss 0.1433
INFO:__main__:Predicted mean: -0.3629
INFO:__main__:Predicted uncertainity -0.8028
INFO:__main__:Completed epoch 92 of 100

INFO:__main__:NLL: 0.1847, L2: 0.0253, Reg: 0.0027
INFO:__main__:Total loss 0.2128
INFO:__main__:Predicted mean: -0.3517
INFO:__main__:Predicted uncertainity -0.8042
INFO:__main__:Completed epoch 93 of 100

INFO:__main__:NLL: 0.2383, L2: 0.0287, Reg: 0.0027
INFO:__main__:Total loss 0.2698
INFO:__main__:Predicted mean: -0.4150
INFO:__main__:Predicted uncertainity -0.7733
INFO:__main__:Completed epoch 94 of 100

INFO:__main__:NLL: 0.1593, L2: 0.0254, Reg: 0.0027
INFO:__main__:Total loss 0.1874
INFO:__main__:Predicted mean: -0.3736
INFO:__main__:Predicted uncertainity -0.7520
INFO:__main__:Completed epoch 95 of 100

INFO:__main__:NLL: 0.2090, L2: 0.0261, Reg: 0.0027
INFO:__main__:Total loss 0.2378
INFO:__main__:Predicted mean: -0.3525
INFO:__main__:Predicted uncertainity -0.7403
INFO:__main__:Completed epoch 96 of 100

INFO:__main__:NLL: 0.1578, L2: 0.0273, Reg: 0.0027
INFO:__main__:Total loss 0.1879
INFO:__main__:Predicted mean: -0.3871
INFO:__main__:Predicted uncertainity -0.7310
INFO:__main__:Completed epoch 97 of 100

INFO:__main__:NLL: -0.0029, L2: 0.0287, Reg: 0.0027
INFO:__main__:Total loss 0.0285
INFO:__main__:Predicted mean: -0.3236
INFO:__main__:Predicted uncertainity -0.7173
INFO:__main__:Completed epoch 98 of 100

INFO:__main__:NLL: 0.0102, L2: 0.0281, Reg: 0.0027
INFO:__main__:Total loss 0.0411
INFO:__main__:Predicted mean: -0.3571
INFO:__main__:Predicted uncertainity -0.8737
INFO:__main__:Completed epoch 99 of 100

INFO:__main__:NLL: 0.2118, L2: 0.0275, Reg: 0.0027
INFO:__main__:Total loss 0.2421
INFO:__main__:Predicted mean: -0.3913
INFO:__main__:Predicted uncertainity -0.7940
INFO:__main__:Completed epoch 100 of 100

INFO:__main__:508.148232 s
