INFO:__main__:PROCESS RUNNING ON cpu
INFO:__main__:NLL: 0.1648, L2: 0.0436, Reg: 0.1663
INFO:__main__:Total loss 0.3748
INFO:__main__:Predicted mean: -0.4438
INFO:__main__:Predicted uncertainity -0.5274
INFO:__main__:Completed epoch 1 of 100

INFO:__main__:NLL: 0.1476, L2: 0.0493, Reg: 0.1723
INFO:__main__:Total loss 0.3693
INFO:__main__:Predicted mean: -0.4413
INFO:__main__:Predicted uncertainity -0.5869
INFO:__main__:Completed epoch 2 of 100

INFO:__main__:NLL: 0.2330, L2: 0.0439, Reg: 0.1655
INFO:__main__:Total loss 0.4424
INFO:__main__:Predicted mean: -0.4582
INFO:__main__:Predicted uncertainity -0.5532
INFO:__main__:Completed epoch 3 of 100

INFO:__main__:NLL: 0.1880, L2: 0.0430, Reg: 0.1676
INFO:__main__:Total loss 0.3986
INFO:__main__:Predicted mean: -0.4244
INFO:__main__:Predicted uncertainity -0.5741
INFO:__main__:Completed epoch 4 of 100

INFO:__main__:NLL: 0.1900, L2: 0.0442, Reg: 0.1632
INFO:__main__:Total loss 0.3974
INFO:__main__:Predicted mean: -0.4862
INFO:__main__:Predicted uncertainity -0.4982
INFO:__main__:Completed epoch 5 of 100

INFO:__main__:NLL: 0.1963, L2: 0.0472, Reg: 0.1626
INFO:__main__:Total loss 0.4062
INFO:__main__:Predicted mean: -0.4651
INFO:__main__:Predicted uncertainity -0.4736
INFO:__main__:Completed epoch 6 of 100

INFO:__main__:NLL: 0.1844, L2: 0.0484, Reg: 0.1670
INFO:__main__:Total loss 0.3998
INFO:__main__:Predicted mean: -0.4302
INFO:__main__:Predicted uncertainity -0.5082
INFO:__main__:Completed epoch 7 of 100

INFO:__main__:NLL: 0.2300, L2: 0.0448, Reg: 0.1611
INFO:__main__:Total loss 0.4359
INFO:__main__:Predicted mean: -0.4630
INFO:__main__:Predicted uncertainity -0.4602
INFO:__main__:Completed epoch 8 of 100

INFO:__main__:NLL: 0.0715, L2: 0.0497, Reg: 0.1734
INFO:__main__:Total loss 0.2946
INFO:__main__:Predicted mean: -0.4383
INFO:__main__:Predicted uncertainity -0.5968
INFO:__main__:Completed epoch 9 of 100

INFO:__main__:NLL: 0.2497, L2: 0.0410, Reg: 0.1657
INFO:__main__:Total loss 0.4565
INFO:__main__:Predicted mean: -0.4706
INFO:__main__:Predicted uncertainity -0.5635
INFO:__main__:Completed epoch 10 of 100

INFO:__main__:NLL: 0.1310, L2: 0.0434, Reg: 0.1653
INFO:__main__:Total loss 0.3398
INFO:__main__:Predicted mean: -0.4658
INFO:__main__:Predicted uncertainity -0.5489
INFO:__main__:Completed epoch 11 of 100

INFO:__main__:NLL: 0.2135, L2: 0.0419, Reg: 0.1583
INFO:__main__:Total loss 0.4138
INFO:__main__:Predicted mean: -0.4008
INFO:__main__:Predicted uncertainity -0.3952
INFO:__main__:Completed epoch 12 of 100

INFO:__main__:NLL: 0.1588, L2: 0.0433, Reg: 0.1663
INFO:__main__:Total loss 0.3683
INFO:__main__:Predicted mean: -0.4242
INFO:__main__:Predicted uncertainity -0.5481
INFO:__main__:Completed epoch 13 of 100

INFO:__main__:NLL: 0.2197, L2: 0.0482, Reg: 0.1696
INFO:__main__:Total loss 0.4375
INFO:__main__:Predicted mean: -0.4609
INFO:__main__:Predicted uncertainity -0.5666
INFO:__main__:Completed epoch 14 of 100

INFO:__main__:NLL: 0.2273, L2: 0.0403, Reg: 0.1653
INFO:__main__:Total loss 0.4329
INFO:__main__:Predicted mean: -0.4099
INFO:__main__:Predicted uncertainity -0.5740
INFO:__main__:Completed epoch 15 of 100

INFO:__main__:NLL: 0.1707, L2: 0.0476, Reg: 0.1696
INFO:__main__:Total loss 0.3879
INFO:__main__:Predicted mean: -0.4099
INFO:__main__:Predicted uncertainity -0.5778
INFO:__main__:Completed epoch 16 of 100

INFO:__main__:NLL: 0.1002, L2: 0.0516, Reg: 0.1733
INFO:__main__:Total loss 0.3252
INFO:__main__:Predicted mean: -0.4938
INFO:__main__:Predicted uncertainity -0.5927
INFO:__main__:Completed epoch 17 of 100

INFO:__main__:NLL: 0.1923, L2: 0.0425, Reg: 0.1650
INFO:__main__:Total loss 0.3998
INFO:__main__:Predicted mean: -0.4231
INFO:__main__:Predicted uncertainity -0.5554
INFO:__main__:Completed epoch 18 of 100

INFO:__main__:NLL: 0.1436, L2: 0.0423, Reg: 0.1584
INFO:__main__:Total loss 0.3443
INFO:__main__:Predicted mean: -0.4088
INFO:__main__:Predicted uncertainity -0.4564
INFO:__main__:Completed epoch 19 of 100

INFO:__main__:NLL: 0.2057, L2: 0.0425, Reg: 0.1563
INFO:__main__:Total loss 0.4044
INFO:__main__:Predicted mean: -0.3898
INFO:__main__:Predicted uncertainity -0.4165
INFO:__main__:Completed epoch 20 of 100

INFO:__main__:NLL: 0.1399, L2: 0.0487, Reg: 0.1674
INFO:__main__:Total loss 0.3559
INFO:__main__:Predicted mean: -0.4745
INFO:__main__:Predicted uncertainity -0.5244
INFO:__main__:Completed epoch 21 of 100

INFO:__main__:NLL: 0.1574, L2: 0.0450, Reg: 0.1643
INFO:__main__:Total loss 0.3667
INFO:__main__:Predicted mean: -0.3984
INFO:__main__:Predicted uncertainity -0.5336
INFO:__main__:Completed epoch 22 of 100

INFO:__main__:NLL: 0.2174, L2: 0.0452, Reg: 0.1648
INFO:__main__:Total loss 0.4274
INFO:__main__:Predicted mean: -0.4645
INFO:__main__:Predicted uncertainity -0.5075
INFO:__main__:Completed epoch 23 of 100

INFO:__main__:NLL: 0.2359, L2: 0.0426, Reg: 0.1621
INFO:__main__:Total loss 0.4407
INFO:__main__:Predicted mean: -0.4290
INFO:__main__:Predicted uncertainity -0.4824
INFO:__main__:Completed epoch 24 of 100

INFO:__main__:NLL: 0.2625, L2: 0.0441, Reg: 0.1634
INFO:__main__:Total loss 0.4700
INFO:__main__:Predicted mean: -0.4034
INFO:__main__:Predicted uncertainity -0.5074
INFO:__main__:Completed epoch 25 of 100

INFO:__main__:NLL: 0.1168, L2: 0.0476, Reg: 0.1646
INFO:__main__:Total loss 0.3290
INFO:__main__:Predicted mean: -0.4167
INFO:__main__:Predicted uncertainity -0.4735
INFO:__main__:Completed epoch 26 of 100

INFO:__main__:NLL: 0.2595, L2: 0.0465, Reg: 0.1656
INFO:__main__:Total loss 0.4716
INFO:__main__:Predicted mean: -0.4244
INFO:__main__:Predicted uncertainity -0.5344
INFO:__main__:Completed epoch 27 of 100

INFO:__main__:NLL: 0.1958, L2: 0.0426, Reg: 0.1623
INFO:__main__:Total loss 0.4007
INFO:__main__:Predicted mean: -0.4128
INFO:__main__:Predicted uncertainity -0.4947
INFO:__main__:Completed epoch 28 of 100

INFO:__main__:NLL: 0.2187, L2: 0.0431, Reg: 0.1639
INFO:__main__:Total loss 0.4257
INFO:__main__:Predicted mean: -0.4237
INFO:__main__:Predicted uncertainity -0.5089
INFO:__main__:Completed epoch 29 of 100

INFO:__main__:NLL: 0.1546, L2: 0.0444, Reg: 0.1612
INFO:__main__:Total loss 0.3602
INFO:__main__:Predicted mean: -0.4007
INFO:__main__:Predicted uncertainity -0.4976
INFO:__main__:Completed epoch 30 of 100

INFO:__main__:NLL: 0.2152, L2: 0.0418, Reg: 0.1670
INFO:__main__:Total loss 0.4239
INFO:__main__:Predicted mean: -0.4152
INFO:__main__:Predicted uncertainity -0.5541
INFO:__main__:Completed epoch 31 of 100

INFO:__main__:NLL: 0.1632, L2: 0.0448, Reg: 0.1683
INFO:__main__:Total loss 0.3763
INFO:__main__:Predicted mean: -0.4226
INFO:__main__:Predicted uncertainity -0.5701
INFO:__main__:Completed epoch 32 of 100

INFO:__main__:NLL: 0.1802, L2: 0.0546, Reg: 0.1652
INFO:__main__:Total loss 0.4001
INFO:__main__:Predicted mean: -0.4699
INFO:__main__:Predicted uncertainity -0.4380
INFO:__main__:Completed epoch 33 of 100

INFO:__main__:NLL: 0.1560, L2: 0.0425, Reg: 0.1605
INFO:__main__:Total loss 0.3591
INFO:__main__:Predicted mean: -0.4002
INFO:__main__:Predicted uncertainity -0.4673
INFO:__main__:Completed epoch 34 of 100

INFO:__main__:NLL: 0.1275, L2: 0.0438, Reg: 0.1636
INFO:__main__:Total loss 0.3349
INFO:__main__:Predicted mean: -0.4214
INFO:__main__:Predicted uncertainity -0.4952
INFO:__main__:Completed epoch 35 of 100

INFO:__main__:NLL: 0.1673, L2: 0.0472, Reg: 0.1676
INFO:__main__:Total loss 0.3821
INFO:__main__:Predicted mean: -0.4086
INFO:__main__:Predicted uncertainity -0.5485
INFO:__main__:Completed epoch 36 of 100

INFO:__main__:NLL: 0.1620, L2: 0.0416, Reg: 0.1602
INFO:__main__:Total loss 0.3637
INFO:__main__:Predicted mean: -0.4860
INFO:__main__:Predicted uncertainity -0.4897
INFO:__main__:Completed epoch 37 of 100

INFO:__main__:NLL: 0.2766, L2: 0.0456, Reg: 0.1633
INFO:__main__:Total loss 0.4855
INFO:__main__:Predicted mean: -0.4577
INFO:__main__:Predicted uncertainity -0.5203
INFO:__main__:Completed epoch 38 of 100

INFO:__main__:NLL: 0.1720, L2: 0.0441, Reg: 0.1605
INFO:__main__:Total loss 0.3766
INFO:__main__:Predicted mean: -0.4315
INFO:__main__:Predicted uncertainity -0.4690
INFO:__main__:Completed epoch 39 of 100

INFO:__main__:NLL: 0.1836, L2: 0.0488, Reg: 0.1625
INFO:__main__:Total loss 0.3949
INFO:__main__:Predicted mean: -0.4980
INFO:__main__:Predicted uncertainity -0.4527
INFO:__main__:Completed epoch 40 of 100

INFO:__main__:NLL: 0.1219, L2: 0.0450, Reg: 0.1648
INFO:__main__:Total loss 0.3318
INFO:__main__:Predicted mean: -0.4217
INFO:__main__:Predicted uncertainity -0.5253
INFO:__main__:Completed epoch 41 of 100

INFO:__main__:NLL: 0.1548, L2: 0.0450, Reg: 0.1634
INFO:__main__:Total loss 0.3632
INFO:__main__:Predicted mean: -0.4419
INFO:__main__:Predicted uncertainity -0.4950
INFO:__main__:Completed epoch 42 of 100

INFO:__main__:NLL: 0.1769, L2: 0.0472, Reg: 0.1668
INFO:__main__:Total loss 0.3909
INFO:__main__:Predicted mean: -0.4334
INFO:__main__:Predicted uncertainity -0.5172
INFO:__main__:Completed epoch 43 of 100

INFO:__main__:NLL: 0.2082, L2: 0.0491, Reg: 0.1656
INFO:__main__:Total loss 0.4230
INFO:__main__:Predicted mean: -0.4518
INFO:__main__:Predicted uncertainity -0.5134
INFO:__main__:Completed epoch 44 of 100

INFO:__main__:NLL: 0.2183, L2: 0.0432, Reg: 0.1637
INFO:__main__:Total loss 0.4253
INFO:__main__:Predicted mean: -0.4949
INFO:__main__:Predicted uncertainity -0.5297
INFO:__main__:Completed epoch 45 of 100

INFO:__main__:NLL: 0.1669, L2: 0.0480, Reg: 0.1698
INFO:__main__:Total loss 0.3847
INFO:__main__:Predicted mean: -0.4383
INFO:__main__:Predicted uncertainity -0.5559
INFO:__main__:Completed epoch 46 of 100

INFO:__main__:NLL: 0.1461, L2: 0.0507, Reg: 0.1757
INFO:__main__:Total loss 0.3725
INFO:__main__:Predicted mean: -0.4947
INFO:__main__:Predicted uncertainity -0.6277
INFO:__main__:Completed epoch 47 of 100

INFO:__main__:NLL: 0.1052, L2: 0.0497, Reg: 0.1692
INFO:__main__:Total loss 0.3241
INFO:__main__:Predicted mean: -0.4343
INFO:__main__:Predicted uncertainity -0.5222
INFO:__main__:Completed epoch 48 of 100

INFO:__main__:NLL: 0.0657, L2: 0.0489, Reg: 0.1660
INFO:__main__:Total loss 0.2805
INFO:__main__:Predicted mean: -0.4689
INFO:__main__:Predicted uncertainity -0.4891
INFO:__main__:Completed epoch 49 of 100

INFO:__main__:NLL: 0.1260, L2: 0.0448, Reg: 0.1670
INFO:__main__:Total loss 0.3378
INFO:__main__:Predicted mean: -0.3968
INFO:__main__:Predicted uncertainity -0.5255
INFO:__main__:Completed epoch 50 of 100

INFO:__main__:NLL: 0.4200, L2: 0.0455, Reg: 0.1626
INFO:__main__:Total loss 0.6281
INFO:__main__:Predicted mean: -0.4322
INFO:__main__:Predicted uncertainity -0.5094
INFO:__main__:Completed epoch 51 of 100

INFO:__main__:NLL: 0.1312, L2: 0.0458, Reg: 0.1658
INFO:__main__:Total loss 0.3428
INFO:__main__:Predicted mean: -0.4529
INFO:__main__:Predicted uncertainity -0.4934
INFO:__main__:Completed epoch 52 of 100

INFO:__main__:NLL: 0.1878, L2: 0.0429, Reg: 0.1608
INFO:__main__:Total loss 0.3916
INFO:__main__:Predicted mean: -0.4092
INFO:__main__:Predicted uncertainity -0.4766
INFO:__main__:Completed epoch 53 of 100

INFO:__main__:NLL: 0.2815, L2: 0.0389, Reg: 0.1551
INFO:__main__:Total loss 0.4755
INFO:__main__:Predicted mean: -0.4102
INFO:__main__:Predicted uncertainity -0.4313
INFO:__main__:Completed epoch 54 of 100

INFO:__main__:NLL: 0.1397, L2: 0.0461, Reg: 0.1631
INFO:__main__:Total loss 0.3489
INFO:__main__:Predicted mean: -0.3675
INFO:__main__:Predicted uncertainity -0.4783
INFO:__main__:Completed epoch 55 of 100

INFO:__main__:NLL: 0.2620, L2: 0.0427, Reg: 0.1616
INFO:__main__:Total loss 0.4663
INFO:__main__:Predicted mean: -0.4154
INFO:__main__:Predicted uncertainity -0.4866
INFO:__main__:Completed epoch 56 of 100

INFO:__main__:NLL: 0.1529, L2: 0.0380, Reg: 0.1584
INFO:__main__:Total loss 0.3494
INFO:__main__:Predicted mean: -0.3847
INFO:__main__:Predicted uncertainity -0.4727
INFO:__main__:Completed epoch 57 of 100

INFO:__main__:NLL: 0.1388, L2: 0.0509, Reg: 0.1617
INFO:__main__:Total loss 0.3514
INFO:__main__:Predicted mean: -0.4431
INFO:__main__:Predicted uncertainity -0.4821
INFO:__main__:Completed epoch 58 of 100

INFO:__main__:NLL: 0.1368, L2: 0.0506, Reg: 0.1683
INFO:__main__:Total loss 0.3558
INFO:__main__:Predicted mean: -0.4099
INFO:__main__:Predicted uncertainity -0.5385
INFO:__main__:Completed epoch 59 of 100

INFO:__main__:NLL: 0.1878, L2: 0.0499, Reg: 0.1654
INFO:__main__:Total loss 0.4031
INFO:__main__:Predicted mean: -0.4507
INFO:__main__:Predicted uncertainity -0.5127
INFO:__main__:Completed epoch 60 of 100

INFO:__main__:NLL: 0.1735, L2: 0.0464, Reg: 0.1649
INFO:__main__:Total loss 0.3847
INFO:__main__:Predicted mean: -0.3885
INFO:__main__:Predicted uncertainity -0.5149
INFO:__main__:Completed epoch 61 of 100

INFO:__main__:NLL: 0.2298, L2: 0.0338, Reg: 0.1589
INFO:__main__:Total loss 0.4225
INFO:__main__:Predicted mean: -0.3970
INFO:__main__:Predicted uncertainity -0.4946
INFO:__main__:Completed epoch 62 of 100

INFO:__main__:NLL: 0.1536, L2: 0.0544, Reg: 0.1632
INFO:__main__:Total loss 0.3711
INFO:__main__:Predicted mean: -0.4895
INFO:__main__:Predicted uncertainity -0.4567
INFO:__main__:Completed epoch 63 of 100

INFO:__main__:NLL: 0.1221, L2: 0.0482, Reg: 0.1644
INFO:__main__:Total loss 0.3347
INFO:__main__:Predicted mean: -0.4374
INFO:__main__:Predicted uncertainity -0.4988
INFO:__main__:Completed epoch 64 of 100

INFO:__main__:NLL: 0.1125, L2: 0.0442, Reg: 0.1648
INFO:__main__:Total loss 0.3214
INFO:__main__:Predicted mean: -0.3675
INFO:__main__:Predicted uncertainity -0.5243
INFO:__main__:Completed epoch 65 of 100

INFO:__main__:NLL: 0.1685, L2: 0.0420, Reg: 0.1578
INFO:__main__:Total loss 0.3684
INFO:__main__:Predicted mean: -0.4221
INFO:__main__:Predicted uncertainity -0.4301
INFO:__main__:Completed epoch 66 of 100

INFO:__main__:NLL: 0.1496, L2: 0.0437, Reg: 0.1639
INFO:__main__:Total loss 0.3573
INFO:__main__:Predicted mean: -0.4324
INFO:__main__:Predicted uncertainity -0.5245
INFO:__main__:Completed epoch 67 of 100

INFO:__main__:NLL: 0.1381, L2: 0.0505, Reg: 0.1751
INFO:__main__:Total loss 0.3637
INFO:__main__:Predicted mean: -0.4423
INFO:__main__:Predicted uncertainity -0.6138
INFO:__main__:Completed epoch 68 of 100

INFO:__main__:NLL: 0.1314, L2: 0.0516, Reg: 0.1728
INFO:__main__:Total loss 0.3557
INFO:__main__:Predicted mean: -0.4517
INFO:__main__:Predicted uncertainity -0.5703
INFO:__main__:Completed epoch 69 of 100

INFO:__main__:NLL: 0.2988, L2: 0.0483, Reg: 0.1663
INFO:__main__:Total loss 0.5134
INFO:__main__:Predicted mean: -0.4656
INFO:__main__:Predicted uncertainity -0.4982
INFO:__main__:Completed epoch 70 of 100

INFO:__main__:NLL: 0.1579, L2: 0.0438, Reg: 0.1605
INFO:__main__:Total loss 0.3622
INFO:__main__:Predicted mean: -0.4742
INFO:__main__:Predicted uncertainity -0.4427
INFO:__main__:Completed epoch 71 of 100

INFO:__main__:NLL: 0.2444, L2: 0.0508, Reg: 0.1733
INFO:__main__:Total loss 0.4686
INFO:__main__:Predicted mean: -0.4431
INFO:__main__:Predicted uncertainity -0.6003
INFO:__main__:Completed epoch 72 of 100

INFO:__main__:NLL: 0.1990, L2: 0.0452, Reg: 0.1618
INFO:__main__:Total loss 0.4060
INFO:__main__:Predicted mean: -0.4451
INFO:__main__:Predicted uncertainity -0.4912
INFO:__main__:Completed epoch 73 of 100

INFO:__main__:NLL: 0.2061, L2: 0.0499, Reg: 0.1674
INFO:__main__:Total loss 0.4234
INFO:__main__:Predicted mean: -0.4632
INFO:__main__:Predicted uncertainity -0.5082
INFO:__main__:Completed epoch 74 of 100

INFO:__main__:NLL: 0.1426, L2: 0.0465, Reg: 0.1640
INFO:__main__:Total loss 0.3532
INFO:__main__:Predicted mean: -0.4576
INFO:__main__:Predicted uncertainity -0.4999
INFO:__main__:Completed epoch 75 of 100

INFO:__main__:NLL: 0.2023, L2: 0.0436, Reg: 0.1687
INFO:__main__:Total loss 0.4146
INFO:__main__:Predicted mean: -0.4255
INFO:__main__:Predicted uncertainity -0.5854
INFO:__main__:Completed epoch 76 of 100

INFO:__main__:NLL: 0.2137, L2: 0.0421, Reg: 0.1604
INFO:__main__:Total loss 0.4162
INFO:__main__:Predicted mean: -0.4320
INFO:__main__:Predicted uncertainity -0.4940
INFO:__main__:Completed epoch 77 of 100

INFO:__main__:NLL: 0.1761, L2: 0.0460, Reg: 0.1605
INFO:__main__:Total loss 0.3825
INFO:__main__:Predicted mean: -0.4226
INFO:__main__:Predicted uncertainity -0.4616
INFO:__main__:Completed epoch 78 of 100

INFO:__main__:NLL: 0.1915, L2: 0.0426, Reg: 0.1638
INFO:__main__:Total loss 0.3979
INFO:__main__:Predicted mean: -0.3893
INFO:__main__:Predicted uncertainity -0.5295
INFO:__main__:Completed epoch 79 of 100

INFO:__main__:NLL: 0.1613, L2: 0.0465, Reg: 0.1640
INFO:__main__:Total loss 0.3718
INFO:__main__:Predicted mean: -0.4395
INFO:__main__:Predicted uncertainity -0.4971
INFO:__main__:Completed epoch 80 of 100

INFO:__main__:NLL: 0.1691, L2: 0.0466, Reg: 0.1645
INFO:__main__:Total loss 0.3801
INFO:__main__:Predicted mean: -0.4310
INFO:__main__:Predicted uncertainity -0.5050
INFO:__main__:Completed epoch 81 of 100

INFO:__main__:NLL: 0.1984, L2: 0.0398, Reg: 0.1614
INFO:__main__:Total loss 0.3996
INFO:__main__:Predicted mean: -0.4238
INFO:__main__:Predicted uncertainity -0.4869
INFO:__main__:Completed epoch 82 of 100

INFO:__main__:NLL: 0.0787, L2: 0.0461, Reg: 0.1732
INFO:__main__:Total loss 0.2980
INFO:__main__:Predicted mean: -0.4640
INFO:__main__:Predicted uncertainity -0.6404
INFO:__main__:Completed epoch 83 of 100

INFO:__main__:NLL: 0.2883, L2: 0.0422, Reg: 0.1617
INFO:__main__:Total loss 0.4922
INFO:__main__:Predicted mean: -0.4208
INFO:__main__:Predicted uncertainity -0.5145
INFO:__main__:Completed epoch 84 of 100

INFO:__main__:NLL: 0.1657, L2: 0.0432, Reg: 0.1618
INFO:__main__:Total loss 0.3707
INFO:__main__:Predicted mean: -0.4228
INFO:__main__:Predicted uncertainity -0.5064
INFO:__main__:Completed epoch 85 of 100

INFO:__main__:NLL: 0.0563, L2: 0.0519, Reg: 0.1735
INFO:__main__:Total loss 0.2817
INFO:__main__:Predicted mean: -0.4561
INFO:__main__:Predicted uncertainity -0.5366
INFO:__main__:Completed epoch 86 of 100

INFO:__main__:NLL: 0.1834, L2: 0.0446, Reg: 0.1562
INFO:__main__:Total loss 0.3843
INFO:__main__:Predicted mean: -0.4367
INFO:__main__:Predicted uncertainity -0.4196
INFO:__main__:Completed epoch 87 of 100

INFO:__main__:NLL: 0.1867, L2: 0.0369, Reg: 0.1555
INFO:__main__:Total loss 0.3792
INFO:__main__:Predicted mean: -0.4009
INFO:__main__:Predicted uncertainity -0.4295
INFO:__main__:Completed epoch 88 of 100

INFO:__main__:NLL: 0.1771, L2: 0.0439, Reg: 0.1632
INFO:__main__:Total loss 0.3843
INFO:__main__:Predicted mean: -0.4083
INFO:__main__:Predicted uncertainity -0.5196
INFO:__main__:Completed epoch 89 of 100

INFO:__main__:NLL: 0.2938, L2: 0.0569, Reg: 0.1758
INFO:__main__:Total loss 0.5264
INFO:__main__:Predicted mean: -0.4655
INFO:__main__:Predicted uncertainity -0.4812
INFO:__main__:Completed epoch 90 of 100

INFO:__main__:NLL: 0.0917, L2: 0.0492, Reg: 0.1702
INFO:__main__:Total loss 0.3111
INFO:__main__:Predicted mean: -0.4794
INFO:__main__:Predicted uncertainity -0.5523
INFO:__main__:Completed epoch 91 of 100

INFO:__main__:NLL: 0.3857, L2: 0.0497, Reg: 0.1720
INFO:__main__:Total loss 0.6075
INFO:__main__:Predicted mean: -0.4221
INFO:__main__:Predicted uncertainity -0.5769
INFO:__main__:Completed epoch 92 of 100

INFO:__main__:NLL: 0.1585, L2: 0.0549, Reg: 0.1656
INFO:__main__:Total loss 0.3789
INFO:__main__:Predicted mean: -0.4278
INFO:__main__:Predicted uncertainity -0.5121
INFO:__main__:Completed epoch 93 of 100

INFO:__main__:NLL: 0.1734, L2: 0.0452, Reg: 0.1654
INFO:__main__:Total loss 0.3840
INFO:__main__:Predicted mean: -0.4347
INFO:__main__:Predicted uncertainity -0.5488
INFO:__main__:Completed epoch 94 of 100

INFO:__main__:NLL: 0.1888, L2: 0.0418, Reg: 0.1602
INFO:__main__:Total loss 0.3908
INFO:__main__:Predicted mean: -0.3960
INFO:__main__:Predicted uncertainity -0.4479
INFO:__main__:Completed epoch 95 of 100

INFO:__main__:NLL: 0.1972, L2: 0.0485, Reg: 0.1688
INFO:__main__:Total loss 0.4146
INFO:__main__:Predicted mean: -0.4667
INFO:__main__:Predicted uncertainity -0.5077
INFO:__main__:Completed epoch 96 of 100

INFO:__main__:NLL: 0.1909, L2: 0.0407, Reg: 0.1643
INFO:__main__:Total loss 0.3958
INFO:__main__:Predicted mean: -0.4291
INFO:__main__:Predicted uncertainity -0.5367
INFO:__main__:Completed epoch 97 of 100

INFO:__main__:NLL: 0.2175, L2: 0.0537, Reg: 0.1748
INFO:__main__:Total loss 0.4461
INFO:__main__:Predicted mean: -0.4366
INFO:__main__:Predicted uncertainity -0.5456
INFO:__main__:Completed epoch 98 of 100

INFO:__main__:NLL: 0.2061, L2: 0.0463, Reg: 0.1671
INFO:__main__:Total loss 0.4196
INFO:__main__:Predicted mean: -0.4230
INFO:__main__:Predicted uncertainity -0.5725
INFO:__main__:Completed epoch 99 of 100

INFO:__main__:NLL: 0.2510, L2: 0.0462, Reg: 0.1697
INFO:__main__:Total loss 0.4670
INFO:__main__:Predicted mean: -0.4571
INFO:__main__:Predicted uncertainity -0.5710
INFO:__main__:Completed epoch 100 of 100

INFO:__main__:442.211178 s
