INFO:__main__:PROCESS RUNNING ON cpu
INFO:__main__:NLL: 0.4646, L2: 0.0019, Reg: -0.2786
INFO:__main__:Total loss 0.1879
INFO:__main__:Predicted mean: -0.3689
INFO:__main__:Predicted uncertainity 0.5911
INFO:__main__:Completed epoch 1 of 100

INFO:__main__:NLL: 0.4661, L2: 0.0012, Reg: -0.2785
INFO:__main__:Total loss 0.1888
INFO:__main__:Predicted mean: -0.3670
INFO:__main__:Predicted uncertainity 0.5924
INFO:__main__:Completed epoch 2 of 100

INFO:__main__:NLL: 0.4611, L2: 0.0010, Reg: -0.2756
INFO:__main__:Total loss 0.1865
INFO:__main__:Predicted mean: -0.3670
INFO:__main__:Predicted uncertainity 0.5873
INFO:__main__:Completed epoch 3 of 100

INFO:__main__:NLL: 0.4626, L2: 0.0009, Reg: -0.2777
INFO:__main__:Total loss 0.1858
INFO:__main__:Predicted mean: -0.3628
INFO:__main__:Predicted uncertainity 0.5964
INFO:__main__:Completed epoch 4 of 100

INFO:__main__:NLL: 0.4644, L2: 0.0009, Reg: -0.2796
INFO:__main__:Total loss 0.1857
INFO:__main__:Predicted mean: -0.3588
INFO:__main__:Predicted uncertainity 0.5928
INFO:__main__:Completed epoch 5 of 100

INFO:__main__:NLL: 0.4596, L2: 0.0008, Reg: -0.2767
INFO:__main__:Total loss 0.1837
INFO:__main__:Predicted mean: -0.3555
INFO:__main__:Predicted uncertainity 0.5889
INFO:__main__:Completed epoch 6 of 100

INFO:__main__:NLL: 0.4614, L2: 0.0008, Reg: -0.2768
INFO:__main__:Total loss 0.1854
INFO:__main__:Predicted mean: -0.3542
INFO:__main__:Predicted uncertainity 0.5944
INFO:__main__:Completed epoch 7 of 100

INFO:__main__:NLL: 0.4627, L2: 0.0009, Reg: -0.2774
INFO:__main__:Total loss 0.1862
INFO:__main__:Predicted mean: -0.3572
INFO:__main__:Predicted uncertainity 0.5946
INFO:__main__:Completed epoch 8 of 100

INFO:__main__:NLL: 0.4616, L2: 0.0008, Reg: -0.2789
INFO:__main__:Total loss 0.1836
INFO:__main__:Predicted mean: -0.3576
INFO:__main__:Predicted uncertainity 0.5931
INFO:__main__:Completed epoch 9 of 100

INFO:__main__:NLL: 0.4647, L2: 0.0008, Reg: -0.2797
INFO:__main__:Total loss 0.1858
INFO:__main__:Predicted mean: -0.3597
INFO:__main__:Predicted uncertainity 0.5948
INFO:__main__:Completed epoch 10 of 100

INFO:__main__:NLL: 0.4611, L2: 0.0008, Reg: -0.2772
INFO:__main__:Total loss 0.1847
INFO:__main__:Predicted mean: -0.3597
INFO:__main__:Predicted uncertainity 0.5919
INFO:__main__:Completed epoch 11 of 100

INFO:__main__:NLL: 0.4685, L2: 0.0009, Reg: -0.2814
INFO:__main__:Total loss 0.1880
INFO:__main__:Predicted mean: -0.3572
INFO:__main__:Predicted uncertainity 0.5953
INFO:__main__:Completed epoch 12 of 100

INFO:__main__:NLL: 0.4688, L2: 0.0008, Reg: -0.2815
INFO:__main__:Total loss 0.1881
INFO:__main__:Predicted mean: -0.3574
INFO:__main__:Predicted uncertainity 0.6068
INFO:__main__:Completed epoch 13 of 100

INFO:__main__:NLL: 0.4626, L2: 0.0009, Reg: -0.2745
INFO:__main__:Total loss 0.1890
INFO:__main__:Predicted mean: -0.3600
INFO:__main__:Predicted uncertainity 0.5934
INFO:__main__:Completed epoch 14 of 100

INFO:__main__:NLL: 0.4662, L2: 0.0009, Reg: -0.2824
INFO:__main__:Total loss 0.1847
INFO:__main__:Predicted mean: -0.3603
INFO:__main__:Predicted uncertainity 0.6058
INFO:__main__:Completed epoch 15 of 100

INFO:__main__:NLL: 0.4683, L2: 0.0009, Reg: -0.2822
INFO:__main__:Total loss 0.1870
INFO:__main__:Predicted mean: -0.3593
INFO:__main__:Predicted uncertainity 0.6072
INFO:__main__:Completed epoch 16 of 100

INFO:__main__:NLL: 0.4675, L2: 0.0009, Reg: -0.2825
INFO:__main__:Total loss 0.1860
INFO:__main__:Predicted mean: -0.3623
INFO:__main__:Predicted uncertainity 0.6009
INFO:__main__:Completed epoch 17 of 100

INFO:__main__:NLL: 0.4665, L2: 0.0008, Reg: -0.2819
INFO:__main__:Total loss 0.1854
INFO:__main__:Predicted mean: -0.3577
INFO:__main__:Predicted uncertainity 0.6019
INFO:__main__:Completed epoch 18 of 100

INFO:__main__:NLL: 0.4693, L2: 0.0009, Reg: -0.2819
INFO:__main__:Total loss 0.1882
INFO:__main__:Predicted mean: -0.3600
INFO:__main__:Predicted uncertainity 0.6060
INFO:__main__:Completed epoch 19 of 100

INFO:__main__:NLL: 0.4617, L2: 0.0008, Reg: -0.2764
INFO:__main__:Total loss 0.1862
INFO:__main__:Predicted mean: -0.3562
INFO:__main__:Predicted uncertainity 0.5956
INFO:__main__:Completed epoch 20 of 100

INFO:__main__:NLL: 0.4650, L2: 0.0008, Reg: -0.2813
INFO:__main__:Total loss 0.1846
INFO:__main__:Predicted mean: -0.3618
INFO:__main__:Predicted uncertainity 0.5959
INFO:__main__:Completed epoch 21 of 100

INFO:__main__:NLL: 0.4636, L2: 0.0008, Reg: -0.2788
INFO:__main__:Total loss 0.1857
INFO:__main__:Predicted mean: -0.3578
INFO:__main__:Predicted uncertainity 0.5970
INFO:__main__:Completed epoch 22 of 100

INFO:__main__:NLL: 0.4680, L2: 0.0009, Reg: -0.2824
INFO:__main__:Total loss 0.1865
INFO:__main__:Predicted mean: -0.3596
INFO:__main__:Predicted uncertainity 0.6096
INFO:__main__:Completed epoch 23 of 100

INFO:__main__:NLL: 0.4696, L2: 0.0009, Reg: -0.2831
INFO:__main__:Total loss 0.1874
INFO:__main__:Predicted mean: -0.3579
INFO:__main__:Predicted uncertainity 0.6127
INFO:__main__:Completed epoch 24 of 100

INFO:__main__:NLL: 0.4623, L2: 0.0009, Reg: -0.2740
INFO:__main__:Total loss 0.1891
INFO:__main__:Predicted mean: -0.3625
INFO:__main__:Predicted uncertainity 0.5881
INFO:__main__:Completed epoch 25 of 100

INFO:__main__:NLL: 0.4610, L2: 0.0009, Reg: -0.2744
INFO:__main__:Total loss 0.1875
INFO:__main__:Predicted mean: -0.3601
INFO:__main__:Predicted uncertainity 0.5879
INFO:__main__:Completed epoch 26 of 100

INFO:__main__:NLL: 0.4636, L2: 0.0009, Reg: -0.2767
INFO:__main__:Total loss 0.1878
INFO:__main__:Predicted mean: -0.3557
INFO:__main__:Predicted uncertainity 0.5903
INFO:__main__:Completed epoch 27 of 100

INFO:__main__:NLL: 0.4669, L2: 0.0009, Reg: -0.2800
INFO:__main__:Total loss 0.1878
INFO:__main__:Predicted mean: -0.3575
INFO:__main__:Predicted uncertainity 0.5983
INFO:__main__:Completed epoch 28 of 100

INFO:__main__:NLL: 0.4645, L2: 0.0009, Reg: -0.2787
INFO:__main__:Total loss 0.1866
INFO:__main__:Predicted mean: -0.3616
INFO:__main__:Predicted uncertainity 0.6012
INFO:__main__:Completed epoch 29 of 100

INFO:__main__:NLL: 0.4634, L2: 0.0008, Reg: -0.2833
INFO:__main__:Total loss 0.1809
INFO:__main__:Predicted mean: -0.3564
INFO:__main__:Predicted uncertainity 0.5997
INFO:__main__:Completed epoch 30 of 100

INFO:__main__:NLL: 0.4638, L2: 0.0008, Reg: -0.2807
INFO:__main__:Total loss 0.1839
INFO:__main__:Predicted mean: -0.3583
INFO:__main__:Predicted uncertainity 0.6012
INFO:__main__:Completed epoch 31 of 100

INFO:__main__:NLL: 0.4627, L2: 0.0009, Reg: -0.2772
INFO:__main__:Total loss 0.1864
INFO:__main__:Predicted mean: -0.3593
INFO:__main__:Predicted uncertainity 0.5918
INFO:__main__:Completed epoch 32 of 100

INFO:__main__:NLL: 0.4585, L2: 0.0009, Reg: -0.2746
INFO:__main__:Total loss 0.1848
INFO:__main__:Predicted mean: -0.3567
INFO:__main__:Predicted uncertainity 0.5820
INFO:__main__:Completed epoch 33 of 100

INFO:__main__:NLL: 0.4669, L2: 0.0008, Reg: -0.2808
INFO:__main__:Total loss 0.1870
INFO:__main__:Predicted mean: -0.3588
INFO:__main__:Predicted uncertainity 0.6043
INFO:__main__:Completed epoch 34 of 100

INFO:__main__:NLL: 0.4647, L2: 0.0008, Reg: -0.2817
INFO:__main__:Total loss 0.1839
INFO:__main__:Predicted mean: -0.3629
INFO:__main__:Predicted uncertainity 0.5970
INFO:__main__:Completed epoch 35 of 100

INFO:__main__:NLL: 0.4613, L2: 0.0008, Reg: -0.2791
INFO:__main__:Total loss 0.1830
INFO:__main__:Predicted mean: -0.3587
INFO:__main__:Predicted uncertainity 0.5940
INFO:__main__:Completed epoch 36 of 100

INFO:__main__:NLL: 0.4678, L2: 0.0009, Reg: -0.2812
INFO:__main__:Total loss 0.1875
INFO:__main__:Predicted mean: -0.3592
INFO:__main__:Predicted uncertainity 0.6059
INFO:__main__:Completed epoch 37 of 100

INFO:__main__:NLL: 0.4654, L2: 0.0009, Reg: -0.2781
INFO:__main__:Total loss 0.1881
INFO:__main__:Predicted mean: -0.3611
INFO:__main__:Predicted uncertainity 0.5926
INFO:__main__:Completed epoch 38 of 100

INFO:__main__:NLL: 0.4638, L2: 0.0009, Reg: -0.2781
INFO:__main__:Total loss 0.1866
INFO:__main__:Predicted mean: -0.3596
INFO:__main__:Predicted uncertainity 0.5939
INFO:__main__:Completed epoch 39 of 100

INFO:__main__:NLL: 0.4671, L2: 0.0009, Reg: -0.2804
INFO:__main__:Total loss 0.1875
INFO:__main__:Predicted mean: -0.3609
INFO:__main__:Predicted uncertainity 0.6018
INFO:__main__:Completed epoch 40 of 100

INFO:__main__:NLL: 0.4658, L2: 0.0009, Reg: -0.2788
INFO:__main__:Total loss 0.1879
INFO:__main__:Predicted mean: -0.3579
INFO:__main__:Predicted uncertainity 0.5964
INFO:__main__:Completed epoch 41 of 100

INFO:__main__:NLL: 0.4685, L2: 0.0009, Reg: -0.2819
INFO:__main__:Total loss 0.1875
INFO:__main__:Predicted mean: -0.3602
INFO:__main__:Predicted uncertainity 0.6098
INFO:__main__:Completed epoch 42 of 100

INFO:__main__:NLL: 0.4673, L2: 0.0009, Reg: -0.2816
INFO:__main__:Total loss 0.1866
INFO:__main__:Predicted mean: -0.3576
INFO:__main__:Predicted uncertainity 0.6060
INFO:__main__:Completed epoch 43 of 100

INFO:__main__:NLL: 0.4638, L2: 0.0009, Reg: -0.2786
INFO:__main__:Total loss 0.1860
INFO:__main__:Predicted mean: -0.3584
INFO:__main__:Predicted uncertainity 0.5967
INFO:__main__:Completed epoch 44 of 100

INFO:__main__:NLL: 0.4642, L2: 0.0008, Reg: -0.2794
INFO:__main__:Total loss 0.1856
INFO:__main__:Predicted mean: -0.3571
INFO:__main__:Predicted uncertainity 0.5934
INFO:__main__:Completed epoch 45 of 100

INFO:__main__:NLL: 0.4695, L2: 0.0008, Reg: -0.2816
INFO:__main__:Total loss 0.1888
INFO:__main__:Predicted mean: -0.3627
INFO:__main__:Predicted uncertainity 0.6021
INFO:__main__:Completed epoch 46 of 100

INFO:__main__:NLL: 0.4670, L2: 0.0009, Reg: -0.2790
INFO:__main__:Total loss 0.1889
INFO:__main__:Predicted mean: -0.3609
INFO:__main__:Predicted uncertainity 0.5957
INFO:__main__:Completed epoch 47 of 100

INFO:__main__:NLL: 0.4648, L2: 0.0008, Reg: -0.2784
INFO:__main__:Total loss 0.1872
INFO:__main__:Predicted mean: -0.3575
INFO:__main__:Predicted uncertainity 0.5938
INFO:__main__:Completed epoch 48 of 100

INFO:__main__:NLL: 0.4681, L2: 0.0008, Reg: -0.2810
INFO:__main__:Total loss 0.1880
INFO:__main__:Predicted mean: -0.3618
INFO:__main__:Predicted uncertainity 0.6012
INFO:__main__:Completed epoch 49 of 100

INFO:__main__:NLL: 0.4672, L2: 0.0009, Reg: -0.2815
INFO:__main__:Total loss 0.1866
INFO:__main__:Predicted mean: -0.3617
INFO:__main__:Predicted uncertainity 0.5976
INFO:__main__:Completed epoch 50 of 100

INFO:__main__:NLL: 0.4687, L2: 0.0009, Reg: -0.2797
INFO:__main__:Total loss 0.1898
INFO:__main__:Predicted mean: -0.3648
INFO:__main__:Predicted uncertainity 0.6056
INFO:__main__:Completed epoch 51 of 100

INFO:__main__:NLL: 0.4635, L2: 0.0008, Reg: -0.2769
INFO:__main__:Total loss 0.1874
INFO:__main__:Predicted mean: -0.3585
INFO:__main__:Predicted uncertainity 0.5961
INFO:__main__:Completed epoch 52 of 100

INFO:__main__:NLL: 0.4693, L2: 0.0008, Reg: -0.2843
INFO:__main__:Total loss 0.1858
INFO:__main__:Predicted mean: -0.3635
INFO:__main__:Predicted uncertainity 0.6066
INFO:__main__:Completed epoch 53 of 100

INFO:__main__:NLL: 0.4675, L2: 0.0008, Reg: -0.2809
INFO:__main__:Total loss 0.1874
INFO:__main__:Predicted mean: -0.3633
INFO:__main__:Predicted uncertainity 0.6017
INFO:__main__:Completed epoch 54 of 100

INFO:__main__:NLL: 0.4674, L2: 0.0009, Reg: -0.2830
INFO:__main__:Total loss 0.1852
INFO:__main__:Predicted mean: -0.3624
INFO:__main__:Predicted uncertainity 0.6042
INFO:__main__:Completed epoch 55 of 100

INFO:__main__:NLL: 0.4656, L2: 0.0009, Reg: -0.2807
INFO:__main__:Total loss 0.1859
INFO:__main__:Predicted mean: -0.3594
INFO:__main__:Predicted uncertainity 0.6009
INFO:__main__:Completed epoch 56 of 100

INFO:__main__:NLL: 0.4653, L2: 0.0009, Reg: -0.2817
INFO:__main__:Total loss 0.1845
INFO:__main__:Predicted mean: -0.3601
INFO:__main__:Predicted uncertainity 0.5999
INFO:__main__:Completed epoch 57 of 100

INFO:__main__:NLL: 0.4587, L2: 0.0008, Reg: -0.2740
INFO:__main__:Total loss 0.1855
INFO:__main__:Predicted mean: -0.3581
INFO:__main__:Predicted uncertainity 0.5873
INFO:__main__:Completed epoch 58 of 100

INFO:__main__:NLL: 0.4605, L2: 0.0009, Reg: -0.2738
INFO:__main__:Total loss 0.1876
INFO:__main__:Predicted mean: -0.3555
INFO:__main__:Predicted uncertainity 0.5890
INFO:__main__:Completed epoch 59 of 100

INFO:__main__:NLL: 0.4685, L2: 0.0008, Reg: -0.2817
INFO:__main__:Total loss 0.1877
INFO:__main__:Predicted mean: -0.3613
INFO:__main__:Predicted uncertainity 0.6083
INFO:__main__:Completed epoch 60 of 100

INFO:__main__:NLL: 0.4624, L2: 0.0008, Reg: -0.2792
INFO:__main__:Total loss 0.1840
INFO:__main__:Predicted mean: -0.3610
INFO:__main__:Predicted uncertainity 0.5926
INFO:__main__:Completed epoch 61 of 100

INFO:__main__:NLL: 0.4626, L2: 0.0008, Reg: -0.2775
INFO:__main__:Total loss 0.1858
INFO:__main__:Predicted mean: -0.3576
INFO:__main__:Predicted uncertainity 0.5908
INFO:__main__:Completed epoch 62 of 100

INFO:__main__:NLL: 0.4623, L2: 0.0008, Reg: -0.2761
INFO:__main__:Total loss 0.1870
INFO:__main__:Predicted mean: -0.3599
INFO:__main__:Predicted uncertainity 0.5946
INFO:__main__:Completed epoch 63 of 100

INFO:__main__:NLL: 0.4635, L2: 0.0008, Reg: -0.2769
INFO:__main__:Total loss 0.1874
INFO:__main__:Predicted mean: -0.3577
INFO:__main__:Predicted uncertainity 0.5946
INFO:__main__:Completed epoch 64 of 100

INFO:__main__:NLL: 0.4658, L2: 0.0008, Reg: -0.2807
INFO:__main__:Total loss 0.1859
INFO:__main__:Predicted mean: -0.3603
INFO:__main__:Predicted uncertainity 0.5980
INFO:__main__:Completed epoch 65 of 100

INFO:__main__:NLL: 0.4645, L2: 0.0008, Reg: -0.2790
INFO:__main__:Total loss 0.1863
INFO:__main__:Predicted mean: -0.3577
INFO:__main__:Predicted uncertainity 0.5980
INFO:__main__:Completed epoch 66 of 100

INFO:__main__:NLL: 0.4610, L2: 0.0008, Reg: -0.2783
INFO:__main__:Total loss 0.1835
INFO:__main__:Predicted mean: -0.3550
INFO:__main__:Predicted uncertainity 0.5917
INFO:__main__:Completed epoch 67 of 100

INFO:__main__:NLL: 0.4678, L2: 0.0008, Reg: -0.2818
INFO:__main__:Total loss 0.1868
INFO:__main__:Predicted mean: -0.3599
INFO:__main__:Predicted uncertainity 0.6042
INFO:__main__:Completed epoch 68 of 100

INFO:__main__:NLL: 0.4616, L2: 0.0009, Reg: -0.2782
INFO:__main__:Total loss 0.1843
INFO:__main__:Predicted mean: -0.3580
INFO:__main__:Predicted uncertainity 0.5855
INFO:__main__:Completed epoch 69 of 100

INFO:__main__:NLL: 0.4624, L2: 0.0009, Reg: -0.2803
INFO:__main__:Total loss 0.1830
INFO:__main__:Predicted mean: -0.3585
INFO:__main__:Predicted uncertainity 0.5937
INFO:__main__:Completed epoch 70 of 100

INFO:__main__:NLL: 0.4705, L2: 0.0009, Reg: -0.2823
INFO:__main__:Total loss 0.1891
INFO:__main__:Predicted mean: -0.3600
INFO:__main__:Predicted uncertainity 0.6111
INFO:__main__:Completed epoch 71 of 100

INFO:__main__:NLL: 0.4669, L2: 0.0009, Reg: -0.2800
INFO:__main__:Total loss 0.1878
INFO:__main__:Predicted mean: -0.3590
INFO:__main__:Predicted uncertainity 0.5983
INFO:__main__:Completed epoch 72 of 100

INFO:__main__:NLL: 0.4652, L2: 0.0008, Reg: -0.2808
INFO:__main__:Total loss 0.1852
INFO:__main__:Predicted mean: -0.3600
INFO:__main__:Predicted uncertainity 0.5961
INFO:__main__:Completed epoch 73 of 100

INFO:__main__:NLL: 0.4634, L2: 0.0009, Reg: -0.2777
INFO:__main__:Total loss 0.1866
INFO:__main__:Predicted mean: -0.3602
INFO:__main__:Predicted uncertainity 0.5923
INFO:__main__:Completed epoch 74 of 100

INFO:__main__:NLL: 0.4666, L2: 0.0008, Reg: -0.2801
INFO:__main__:Total loss 0.1874
INFO:__main__:Predicted mean: -0.3590
INFO:__main__:Predicted uncertainity 0.5983
INFO:__main__:Completed epoch 75 of 100

INFO:__main__:NLL: 0.4650, L2: 0.0008, Reg: -0.2794
INFO:__main__:Total loss 0.1865
INFO:__main__:Predicted mean: -0.3591
INFO:__main__:Predicted uncertainity 0.5938
INFO:__main__:Completed epoch 76 of 100

INFO:__main__:NLL: 0.4643, L2: 0.0008, Reg: -0.2786
INFO:__main__:Total loss 0.1866
INFO:__main__:Predicted mean: -0.3562
INFO:__main__:Predicted uncertainity 0.5976
INFO:__main__:Completed epoch 77 of 100

INFO:__main__:NLL: 0.4649, L2: 0.0009, Reg: -0.2773
INFO:__main__:Total loss 0.1884
INFO:__main__:Predicted mean: -0.3574
INFO:__main__:Predicted uncertainity 0.5975
INFO:__main__:Completed epoch 78 of 100

INFO:__main__:NLL: 0.4677, L2: 0.0009, Reg: -0.2796
INFO:__main__:Total loss 0.1889
INFO:__main__:Predicted mean: -0.3587
INFO:__main__:Predicted uncertainity 0.6105
INFO:__main__:Completed epoch 79 of 100

INFO:__main__:NLL: 0.4664, L2: 0.0009, Reg: -0.2810
INFO:__main__:Total loss 0.1863
INFO:__main__:Predicted mean: -0.3608
INFO:__main__:Predicted uncertainity 0.6025
INFO:__main__:Completed epoch 80 of 100

INFO:__main__:NLL: 0.4673, L2: 0.0008, Reg: -0.2842
INFO:__main__:Total loss 0.1839
INFO:__main__:Predicted mean: -0.3591
INFO:__main__:Predicted uncertainity 0.6074
INFO:__main__:Completed epoch 81 of 100

INFO:__main__:NLL: 0.4640, L2: 0.0009, Reg: -0.2758
INFO:__main__:Total loss 0.1891
INFO:__main__:Predicted mean: -0.3595
INFO:__main__:Predicted uncertainity 0.5961
INFO:__main__:Completed epoch 82 of 100

INFO:__main__:NLL: 0.4667, L2: 0.0008, Reg: -0.2807
INFO:__main__:Total loss 0.1868
INFO:__main__:Predicted mean: -0.3572
INFO:__main__:Predicted uncertainity 0.6011
INFO:__main__:Completed epoch 83 of 100

INFO:__main__:NLL: 0.4672, L2: 0.0008, Reg: -0.2832
INFO:__main__:Total loss 0.1848
INFO:__main__:Predicted mean: -0.3624
INFO:__main__:Predicted uncertainity 0.6053
INFO:__main__:Completed epoch 84 of 100

INFO:__main__:NLL: 0.4630, L2: 0.0009, Reg: -0.2764
INFO:__main__:Total loss 0.1875
INFO:__main__:Predicted mean: -0.3579
INFO:__main__:Predicted uncertainity 0.5955
INFO:__main__:Completed epoch 85 of 100

INFO:__main__:NLL: 0.4651, L2: 0.0009, Reg: -0.2793
INFO:__main__:Total loss 0.1867
INFO:__main__:Predicted mean: -0.3605
INFO:__main__:Predicted uncertainity 0.6024
INFO:__main__:Completed epoch 86 of 100

INFO:__main__:NLL: 0.4691, L2: 0.0009, Reg: -0.2823
INFO:__main__:Total loss 0.1877
INFO:__main__:Predicted mean: -0.3616
INFO:__main__:Predicted uncertainity 0.6083
INFO:__main__:Completed epoch 87 of 100

INFO:__main__:NLL: 0.4671, L2: 0.0008, Reg: -0.2804
INFO:__main__:Total loss 0.1876
INFO:__main__:Predicted mean: -0.3615
INFO:__main__:Predicted uncertainity 0.5986
INFO:__main__:Completed epoch 88 of 100

INFO:__main__:NLL: 0.4655, L2: 0.0009, Reg: -0.2784
INFO:__main__:Total loss 0.1880
INFO:__main__:Predicted mean: -0.3539
INFO:__main__:Predicted uncertainity 0.5946
INFO:__main__:Completed epoch 89 of 100

INFO:__main__:NLL: 0.4639, L2: 0.0009, Reg: -0.2788
INFO:__main__:Total loss 0.1860
INFO:__main__:Predicted mean: -0.3586
INFO:__main__:Predicted uncertainity 0.6000
INFO:__main__:Completed epoch 90 of 100

INFO:__main__:NLL: 0.4642, L2: 0.0008, Reg: -0.2794
INFO:__main__:Total loss 0.1857
INFO:__main__:Predicted mean: -0.3603
INFO:__main__:Predicted uncertainity 0.5935
INFO:__main__:Completed epoch 91 of 100

INFO:__main__:NLL: 0.4662, L2: 0.0009, Reg: -0.2800
INFO:__main__:Total loss 0.1871
INFO:__main__:Predicted mean: -0.3590
INFO:__main__:Predicted uncertainity 0.6033
INFO:__main__:Completed epoch 92 of 100

INFO:__main__:NLL: 0.4645, L2: 0.0009, Reg: -0.2790
INFO:__main__:Total loss 0.1864
INFO:__main__:Predicted mean: -0.3599
INFO:__main__:Predicted uncertainity 0.5986
INFO:__main__:Completed epoch 93 of 100

INFO:__main__:NLL: 0.4665, L2: 0.0009, Reg: -0.2811
INFO:__main__:Total loss 0.1863
INFO:__main__:Predicted mean: -0.3580
INFO:__main__:Predicted uncertainity 0.5999
INFO:__main__:Completed epoch 94 of 100

INFO:__main__:NLL: 0.4610, L2: 0.0009, Reg: -0.2767
INFO:__main__:Total loss 0.1852
INFO:__main__:Predicted mean: -0.3577
INFO:__main__:Predicted uncertainity 0.5916
INFO:__main__:Completed epoch 95 of 100

INFO:__main__:NLL: 0.4642, L2: 0.0009, Reg: -0.2796
INFO:__main__:Total loss 0.1854
INFO:__main__:Predicted mean: -0.3588
INFO:__main__:Predicted uncertainity 0.5943
INFO:__main__:Completed epoch 96 of 100

INFO:__main__:NLL: 0.4653, L2: 0.0008, Reg: -0.2781
INFO:__main__:Total loss 0.1880
INFO:__main__:Predicted mean: -0.3552
INFO:__main__:Predicted uncertainity 0.5955
INFO:__main__:Completed epoch 97 of 100

INFO:__main__:NLL: 0.4670, L2: 0.0008, Reg: -0.2838
INFO:__main__:Total loss 0.1841
INFO:__main__:Predicted mean: -0.3630
INFO:__main__:Predicted uncertainity 0.6023
INFO:__main__:Completed epoch 98 of 100

INFO:__main__:NLL: 0.4686, L2: 0.0009, Reg: -0.2824
INFO:__main__:Total loss 0.1870
INFO:__main__:Predicted mean: -0.3597
INFO:__main__:Predicted uncertainity 0.6056
INFO:__main__:Completed epoch 99 of 100

INFO:__main__:NLL: 0.4653, L2: 0.0008, Reg: -0.2796
INFO:__main__:Total loss 0.1865
INFO:__main__:Predicted mean: -0.3581
INFO:__main__:Predicted uncertainity 0.5968
INFO:__main__:Completed epoch 100 of 100

INFO:__main__:648.881419 s
