INFO:__main__:PROCESS RUNNING ON cpu
INFO:__main__:NLL: 0.3104, L2: 0.0003, Reg: 0.5672
INFO:__main__:Total loss 0.8779
INFO:__main__:Predicted mean: -0.0016
INFO:__main__:Predicted uncertainity -0.0007
INFO:__main__:Completed epoch 1 of 100

INFO:__main__:NLL: 0.3105, L2: 0.0002, Reg: 0.5672
INFO:__main__:Total loss 0.8779
INFO:__main__:Predicted mean: -0.0014
INFO:__main__:Predicted uncertainity -0.0003
INFO:__main__:Completed epoch 2 of 100

INFO:__main__:NLL: 0.3104, L2: 0.0038, Reg: 0.5672
INFO:__main__:Total loss 0.8813
INFO:__main__:Predicted mean: -0.0020
INFO:__main__:Predicted uncertainity -0.0008
INFO:__main__:Completed epoch 3 of 100

INFO:__main__:NLL: 0.3103, L2: 0.0012, Reg: 0.5672
INFO:__main__:Total loss 0.8787
INFO:__main__:Predicted mean: -0.0024
INFO:__main__:Predicted uncertainity -0.0005
INFO:__main__:Completed epoch 4 of 100

INFO:__main__:NLL: 0.3104, L2: 0.0038, Reg: 0.5672
INFO:__main__:Total loss 0.8813
INFO:__main__:Predicted mean: -0.0019
INFO:__main__:Predicted uncertainity -0.0008
INFO:__main__:Completed epoch 5 of 100

INFO:__main__:NLL: 0.3104, L2: 0.0030, Reg: 0.5672
INFO:__main__:Total loss 0.8805
INFO:__main__:Predicted mean: -0.0022
INFO:__main__:Predicted uncertainity -0.0005
INFO:__main__:Completed epoch 6 of 100

INFO:__main__:NLL: 0.3104, L2: 0.0044, Reg: 0.5672
INFO:__main__:Total loss 0.8820
INFO:__main__:Predicted mean: -0.0019
INFO:__main__:Predicted uncertainity -0.0006
INFO:__main__:Completed epoch 7 of 100

INFO:__main__:NLL: 0.3104, L2: 0.0068, Reg: 0.5672
INFO:__main__:Total loss 0.8844
INFO:__main__:Predicted mean: -0.0024
INFO:__main__:Predicted uncertainity -0.0001
INFO:__main__:Completed epoch 8 of 100

INFO:__main__:NLL: 0.3104, L2: 0.0079, Reg: 0.5672
INFO:__main__:Total loss 0.8854
INFO:__main__:Predicted mean: -0.0028
INFO:__main__:Predicted uncertainity 0.0001
INFO:__main__:Completed epoch 9 of 100

INFO:__main__:NLL: 0.3104, L2: 0.0099, Reg: 0.5672
INFO:__main__:Total loss 0.8875
INFO:__main__:Predicted mean: -0.0027
INFO:__main__:Predicted uncertainity 0.0001
INFO:__main__:Completed epoch 10 of 100

INFO:__main__:NLL: 0.3103, L2: 0.0146, Reg: 0.5672
INFO:__main__:Total loss 0.8921
INFO:__main__:Predicted mean: -0.0032
INFO:__main__:Predicted uncertainity 0.0000
INFO:__main__:Completed epoch 11 of 100

INFO:__main__:NLL: 0.3102, L2: 0.0138, Reg: 0.5672
INFO:__main__:Total loss 0.8912
INFO:__main__:Predicted mean: -0.0035
INFO:__main__:Predicted uncertainity 0.0000
INFO:__main__:Completed epoch 12 of 100

INFO:__main__:NLL: 0.3102, L2: 0.0170, Reg: 0.5672
INFO:__main__:Total loss 0.8944
INFO:__main__:Predicted mean: -0.0036
INFO:__main__:Predicted uncertainity -0.0000
INFO:__main__:Completed epoch 13 of 100

INFO:__main__:NLL: 0.3102, L2: 0.0140, Reg: 0.5672
INFO:__main__:Total loss 0.8914
INFO:__main__:Predicted mean: -0.0036
INFO:__main__:Predicted uncertainity -0.0000
INFO:__main__:Completed epoch 14 of 100

INFO:__main__:NLL: 0.3102, L2: 0.0231, Reg: 0.5672
INFO:__main__:Total loss 0.9004
INFO:__main__:Predicted mean: -0.0036
INFO:__main__:Predicted uncertainity -0.0001
INFO:__main__:Completed epoch 15 of 100

INFO:__main__:NLL: 0.3102, L2: 0.0204, Reg: 0.5672
INFO:__main__:Total loss 0.8978
INFO:__main__:Predicted mean: -0.0036
INFO:__main__:Predicted uncertainity -0.0001
INFO:__main__:Completed epoch 16 of 100

INFO:__main__:NLL: 0.3102, L2: 0.0190, Reg: 0.5672
INFO:__main__:Total loss 0.8963
INFO:__main__:Predicted mean: -0.0036
INFO:__main__:Predicted uncertainity -0.0001
INFO:__main__:Completed epoch 17 of 100

INFO:__main__:NLL: 0.3102, L2: 0.0207, Reg: 0.5672
INFO:__main__:Total loss 0.8981
INFO:__main__:Predicted mean: -0.0036
INFO:__main__:Predicted uncertainity -0.0001
INFO:__main__:Completed epoch 18 of 100

INFO:__main__:NLL: 0.3102, L2: 0.0176, Reg: 0.5672
INFO:__main__:Total loss 0.8950
INFO:__main__:Predicted mean: -0.0036
INFO:__main__:Predicted uncertainity -0.0001
INFO:__main__:Completed epoch 19 of 100

INFO:__main__:NLL: 0.3102, L2: 0.0158, Reg: 0.5672
INFO:__main__:Total loss 0.8931
INFO:__main__:Predicted mean: -0.0036
INFO:__main__:Predicted uncertainity -0.0001
INFO:__main__:Completed epoch 20 of 100

INFO:__main__:NLL: 0.3102, L2: 0.0208, Reg: 0.5672
INFO:__main__:Total loss 0.8981
INFO:__main__:Predicted mean: -0.0036
INFO:__main__:Predicted uncertainity -0.0001
INFO:__main__:Completed epoch 21 of 100

INFO:__main__:NLL: 0.3102, L2: 0.0152, Reg: 0.5672
INFO:__main__:Total loss 0.8926
INFO:__main__:Predicted mean: -0.0036
INFO:__main__:Predicted uncertainity -0.0001
INFO:__main__:Completed epoch 22 of 100

INFO:__main__:NLL: 0.3102, L2: 0.0171, Reg: 0.5672
INFO:__main__:Total loss 0.8945
INFO:__main__:Predicted mean: -0.0036
INFO:__main__:Predicted uncertainity -0.0001
INFO:__main__:Completed epoch 23 of 100

INFO:__main__:NLL: 0.3102, L2: 0.0204, Reg: 0.5672
INFO:__main__:Total loss 0.8978
INFO:__main__:Predicted mean: -0.0036
INFO:__main__:Predicted uncertainity -0.0001
INFO:__main__:Completed epoch 24 of 100

INFO:__main__:NLL: 0.3102, L2: 0.0209, Reg: 0.5672
INFO:__main__:Total loss 0.8982
INFO:__main__:Predicted mean: -0.0036
INFO:__main__:Predicted uncertainity -0.0001
INFO:__main__:Completed epoch 25 of 100

INFO:__main__:NLL: 0.3102, L2: 0.0204, Reg: 0.5672
INFO:__main__:Total loss 0.8978
INFO:__main__:Predicted mean: -0.0036
INFO:__main__:Predicted uncertainity -0.0001
INFO:__main__:Completed epoch 26 of 100

INFO:__main__:NLL: 0.3102, L2: 0.0224, Reg: 0.5672
INFO:__main__:Total loss 0.8997
INFO:__main__:Predicted mean: -0.0036
INFO:__main__:Predicted uncertainity -0.0001
INFO:__main__:Completed epoch 27 of 100

INFO:__main__:NLL: 0.3102, L2: 0.0204, Reg: 0.5672
INFO:__main__:Total loss 0.8977
INFO:__main__:Predicted mean: -0.0036
INFO:__main__:Predicted uncertainity -0.0001
INFO:__main__:Completed epoch 28 of 100

INFO:__main__:NLL: 0.3102, L2: 0.0146, Reg: 0.5672
INFO:__main__:Total loss 0.8920
INFO:__main__:Predicted mean: -0.0036
INFO:__main__:Predicted uncertainity -0.0001
INFO:__main__:Completed epoch 29 of 100

INFO:__main__:NLL: 0.3102, L2: 0.0247, Reg: 0.5672
INFO:__main__:Total loss 0.9020
INFO:__main__:Predicted mean: -0.0036
INFO:__main__:Predicted uncertainity -0.0001
INFO:__main__:Completed epoch 30 of 100

INFO:__main__:NLL: 0.3102, L2: 0.0174, Reg: 0.5672
INFO:__main__:Total loss 0.8948
INFO:__main__:Predicted mean: -0.0036
INFO:__main__:Predicted uncertainity -0.0001
INFO:__main__:Completed epoch 31 of 100

INFO:__main__:NLL: 0.3102, L2: 0.0186, Reg: 0.5672
INFO:__main__:Total loss 0.8960
INFO:__main__:Predicted mean: -0.0036
INFO:__main__:Predicted uncertainity -0.0001
INFO:__main__:Completed epoch 32 of 100

INFO:__main__:NLL: 0.3102, L2: 0.0203, Reg: 0.5672
INFO:__main__:Total loss 0.8977
INFO:__main__:Predicted mean: -0.0036
INFO:__main__:Predicted uncertainity -0.0001
INFO:__main__:Completed epoch 33 of 100

INFO:__main__:NLL: 0.3102, L2: 0.0165, Reg: 0.5672
INFO:__main__:Total loss 0.8939
INFO:__main__:Predicted mean: -0.0036
INFO:__main__:Predicted uncertainity -0.0001
INFO:__main__:Completed epoch 34 of 100

INFO:__main__:NLL: 0.3102, L2: 0.0196, Reg: 0.5672
INFO:__main__:Total loss 0.8970
INFO:__main__:Predicted mean: -0.0036
INFO:__main__:Predicted uncertainity -0.0001
INFO:__main__:Completed epoch 35 of 100

INFO:__main__:NLL: 0.3102, L2: 0.0174, Reg: 0.5672
INFO:__main__:Total loss 0.8948
INFO:__main__:Predicted mean: -0.0036
INFO:__main__:Predicted uncertainity -0.0001
INFO:__main__:Completed epoch 36 of 100

INFO:__main__:NLL: 0.3102, L2: 0.0191, Reg: 0.5672
INFO:__main__:Total loss 0.8964
INFO:__main__:Predicted mean: -0.0036
INFO:__main__:Predicted uncertainity -0.0001
INFO:__main__:Completed epoch 37 of 100

INFO:__main__:NLL: 0.3102, L2: 0.0191, Reg: 0.5672
INFO:__main__:Total loss 0.8965
INFO:__main__:Predicted mean: -0.0036
INFO:__main__:Predicted uncertainity -0.0001
INFO:__main__:Completed epoch 38 of 100

INFO:__main__:NLL: 0.3102, L2: 0.0188, Reg: 0.5672
INFO:__main__:Total loss 0.8961
INFO:__main__:Predicted mean: -0.0036
INFO:__main__:Predicted uncertainity -0.0001
INFO:__main__:Completed epoch 39 of 100

INFO:__main__:NLL: 0.3102, L2: 0.0194, Reg: 0.5672
INFO:__main__:Total loss 0.8967
INFO:__main__:Predicted mean: -0.0036
INFO:__main__:Predicted uncertainity -0.0001
INFO:__main__:Completed epoch 40 of 100

INFO:__main__:NLL: 0.3102, L2: 0.0194, Reg: 0.5672
INFO:__main__:Total loss 0.8968
INFO:__main__:Predicted mean: -0.0036
INFO:__main__:Predicted uncertainity -0.0001
INFO:__main__:Completed epoch 41 of 100

INFO:__main__:NLL: 0.3102, L2: 0.0163, Reg: 0.5672
INFO:__main__:Total loss 0.8937
INFO:__main__:Predicted mean: -0.0036
INFO:__main__:Predicted uncertainity -0.0001
INFO:__main__:Completed epoch 42 of 100

INFO:__main__:NLL: 0.3102, L2: 0.0199, Reg: 0.5672
INFO:__main__:Total loss 0.8972
INFO:__main__:Predicted mean: -0.0036
INFO:__main__:Predicted uncertainity -0.0001
INFO:__main__:Completed epoch 43 of 100

INFO:__main__:NLL: 0.3102, L2: 0.0140, Reg: 0.5672
INFO:__main__:Total loss 0.8913
INFO:__main__:Predicted mean: -0.0036
INFO:__main__:Predicted uncertainity -0.0001
INFO:__main__:Completed epoch 44 of 100

INFO:__main__:NLL: 0.3102, L2: 0.0218, Reg: 0.5672
INFO:__main__:Total loss 0.8992
INFO:__main__:Predicted mean: -0.0036
INFO:__main__:Predicted uncertainity -0.0001
INFO:__main__:Completed epoch 45 of 100

INFO:__main__:NLL: 0.3102, L2: 0.0206, Reg: 0.5672
INFO:__main__:Total loss 0.8980
INFO:__main__:Predicted mean: -0.0036
INFO:__main__:Predicted uncertainity -0.0001
INFO:__main__:Completed epoch 46 of 100

INFO:__main__:NLL: 0.3102, L2: 0.0181, Reg: 0.5672
INFO:__main__:Total loss 0.8955
INFO:__main__:Predicted mean: -0.0036
INFO:__main__:Predicted uncertainity -0.0001
INFO:__main__:Completed epoch 47 of 100

INFO:__main__:NLL: 0.3102, L2: 0.0165, Reg: 0.5672
INFO:__main__:Total loss 0.8939
INFO:__main__:Predicted mean: -0.0036
INFO:__main__:Predicted uncertainity -0.0001
INFO:__main__:Completed epoch 48 of 100

INFO:__main__:NLL: 0.3102, L2: 0.0218, Reg: 0.5672
INFO:__main__:Total loss 0.8992
INFO:__main__:Predicted mean: -0.0036
INFO:__main__:Predicted uncertainity -0.0001
INFO:__main__:Completed epoch 49 of 100

INFO:__main__:NLL: 0.3102, L2: 0.0184, Reg: 0.5672
INFO:__main__:Total loss 0.8958
INFO:__main__:Predicted mean: -0.0036
INFO:__main__:Predicted uncertainity -0.0001
INFO:__main__:Completed epoch 50 of 100

INFO:__main__:NLL: 0.3102, L2: 0.0178, Reg: 0.5672
INFO:__main__:Total loss 0.8951
INFO:__main__:Predicted mean: -0.0036
INFO:__main__:Predicted uncertainity -0.0001
INFO:__main__:Completed epoch 51 of 100

INFO:__main__:NLL: 0.3102, L2: 0.0235, Reg: 0.5672
INFO:__main__:Total loss 0.9008
INFO:__main__:Predicted mean: -0.0036
INFO:__main__:Predicted uncertainity -0.0001
INFO:__main__:Completed epoch 52 of 100

INFO:__main__:NLL: 0.3102, L2: 0.0179, Reg: 0.5672
INFO:__main__:Total loss 0.8953
INFO:__main__:Predicted mean: -0.0036
INFO:__main__:Predicted uncertainity -0.0001
INFO:__main__:Completed epoch 53 of 100

INFO:__main__:NLL: 0.3102, L2: 0.0186, Reg: 0.5672
INFO:__main__:Total loss 0.8959
INFO:__main__:Predicted mean: -0.0036
INFO:__main__:Predicted uncertainity -0.0001
INFO:__main__:Completed epoch 54 of 100

INFO:__main__:NLL: 0.3102, L2: 0.0231, Reg: 0.5672
INFO:__main__:Total loss 0.9004
INFO:__main__:Predicted mean: -0.0036
INFO:__main__:Predicted uncertainity -0.0001
INFO:__main__:Completed epoch 55 of 100

INFO:__main__:NLL: 0.3102, L2: 0.0195, Reg: 0.5672
INFO:__main__:Total loss 0.8969
INFO:__main__:Predicted mean: -0.0036
INFO:__main__:Predicted uncertainity -0.0001
INFO:__main__:Completed epoch 56 of 100

INFO:__main__:NLL: 0.3102, L2: 0.0191, Reg: 0.5672
INFO:__main__:Total loss 0.8964
INFO:__main__:Predicted mean: -0.0036
INFO:__main__:Predicted uncertainity -0.0001
INFO:__main__:Completed epoch 57 of 100

INFO:__main__:NLL: 0.3102, L2: 0.0196, Reg: 0.5672
INFO:__main__:Total loss 0.8970
INFO:__main__:Predicted mean: -0.0036
INFO:__main__:Predicted uncertainity -0.0001
INFO:__main__:Completed epoch 58 of 100

INFO:__main__:NLL: 0.3102, L2: 0.0173, Reg: 0.5672
INFO:__main__:Total loss 0.8946
INFO:__main__:Predicted mean: -0.0036
INFO:__main__:Predicted uncertainity -0.0001
INFO:__main__:Completed epoch 59 of 100

INFO:__main__:NLL: 0.3102, L2: 0.0186, Reg: 0.5672
INFO:__main__:Total loss 0.8960
INFO:__main__:Predicted mean: -0.0036
INFO:__main__:Predicted uncertainity -0.0001
INFO:__main__:Completed epoch 60 of 100

INFO:__main__:NLL: 0.3102, L2: 0.0213, Reg: 0.5672
INFO:__main__:Total loss 0.8986
INFO:__main__:Predicted mean: -0.0036
INFO:__main__:Predicted uncertainity -0.0001
INFO:__main__:Completed epoch 61 of 100

INFO:__main__:NLL: 0.3102, L2: 0.0171, Reg: 0.5672
INFO:__main__:Total loss 0.8945
INFO:__main__:Predicted mean: -0.0036
INFO:__main__:Predicted uncertainity -0.0001
INFO:__main__:Completed epoch 62 of 100

INFO:__main__:NLL: 0.3102, L2: 0.0218, Reg: 0.5672
INFO:__main__:Total loss 0.8992
INFO:__main__:Predicted mean: -0.0036
INFO:__main__:Predicted uncertainity -0.0001
INFO:__main__:Completed epoch 63 of 100

INFO:__main__:NLL: 0.3102, L2: 0.0193, Reg: 0.5672
INFO:__main__:Total loss 0.8967
INFO:__main__:Predicted mean: -0.0036
INFO:__main__:Predicted uncertainity -0.0001
INFO:__main__:Completed epoch 64 of 100

INFO:__main__:NLL: 0.3102, L2: 0.0188, Reg: 0.5672
INFO:__main__:Total loss 0.8961
INFO:__main__:Predicted mean: -0.0036
INFO:__main__:Predicted uncertainity -0.0001
INFO:__main__:Completed epoch 65 of 100

INFO:__main__:NLL: 0.3102, L2: 0.0252, Reg: 0.5672
INFO:__main__:Total loss 0.9025
INFO:__main__:Predicted mean: -0.0036
INFO:__main__:Predicted uncertainity -0.0001
INFO:__main__:Completed epoch 66 of 100

INFO:__main__:NLL: 0.3102, L2: 0.0164, Reg: 0.5672
INFO:__main__:Total loss 0.8937
INFO:__main__:Predicted mean: -0.0036
INFO:__main__:Predicted uncertainity -0.0001
INFO:__main__:Completed epoch 67 of 100

INFO:__main__:NLL: 0.3102, L2: 0.0216, Reg: 0.5672
INFO:__main__:Total loss 0.8990
INFO:__main__:Predicted mean: -0.0036
INFO:__main__:Predicted uncertainity -0.0001
INFO:__main__:Completed epoch 68 of 100

INFO:__main__:NLL: 0.3102, L2: 0.0221, Reg: 0.5672
INFO:__main__:Total loss 0.8995
INFO:__main__:Predicted mean: -0.0036
INFO:__main__:Predicted uncertainity -0.0001
INFO:__main__:Completed epoch 69 of 100

INFO:__main__:NLL: 0.3102, L2: 0.0170, Reg: 0.5672
INFO:__main__:Total loss 0.8944
INFO:__main__:Predicted mean: -0.0036
INFO:__main__:Predicted uncertainity -0.0001
INFO:__main__:Completed epoch 70 of 100

INFO:__main__:NLL: 0.3102, L2: 0.0215, Reg: 0.5672
INFO:__main__:Total loss 0.8989
INFO:__main__:Predicted mean: -0.0036
INFO:__main__:Predicted uncertainity -0.0001
INFO:__main__:Completed epoch 71 of 100

INFO:__main__:NLL: 0.3102, L2: 0.0202, Reg: 0.5672
INFO:__main__:Total loss 0.8975
INFO:__main__:Predicted mean: -0.0036
INFO:__main__:Predicted uncertainity -0.0001
INFO:__main__:Completed epoch 72 of 100

INFO:__main__:NLL: 0.3102, L2: 0.0205, Reg: 0.5672
INFO:__main__:Total loss 0.8979
INFO:__main__:Predicted mean: -0.0036
INFO:__main__:Predicted uncertainity -0.0001
INFO:__main__:Completed epoch 73 of 100

INFO:__main__:NLL: 0.3102, L2: 0.0225, Reg: 0.5672
INFO:__main__:Total loss 0.8999
INFO:__main__:Predicted mean: -0.0036
INFO:__main__:Predicted uncertainity -0.0001
INFO:__main__:Completed epoch 74 of 100

INFO:__main__:NLL: 0.3102, L2: 0.0232, Reg: 0.5672
INFO:__main__:Total loss 0.9005
INFO:__main__:Predicted mean: -0.0036
INFO:__main__:Predicted uncertainity -0.0001
INFO:__main__:Completed epoch 75 of 100

INFO:__main__:NLL: 0.3102, L2: 0.0183, Reg: 0.5672
INFO:__main__:Total loss 0.8956
INFO:__main__:Predicted mean: -0.0036
INFO:__main__:Predicted uncertainity -0.0001
INFO:__main__:Completed epoch 76 of 100

INFO:__main__:NLL: 0.3102, L2: 0.0202, Reg: 0.5672
INFO:__main__:Total loss 0.8975
INFO:__main__:Predicted mean: -0.0036
INFO:__main__:Predicted uncertainity -0.0001
INFO:__main__:Completed epoch 77 of 100

INFO:__main__:NLL: 0.3102, L2: 0.0203, Reg: 0.5672
INFO:__main__:Total loss 0.8977
INFO:__main__:Predicted mean: -0.0036
INFO:__main__:Predicted uncertainity -0.0001
INFO:__main__:Completed epoch 78 of 100

INFO:__main__:NLL: 0.3102, L2: 0.0199, Reg: 0.5672
INFO:__main__:Total loss 0.8973
INFO:__main__:Predicted mean: -0.0036
INFO:__main__:Predicted uncertainity -0.0001
INFO:__main__:Completed epoch 79 of 100

INFO:__main__:NLL: 0.3102, L2: 0.0189, Reg: 0.5672
INFO:__main__:Total loss 0.8963
INFO:__main__:Predicted mean: -0.0036
INFO:__main__:Predicted uncertainity -0.0001
INFO:__main__:Completed epoch 80 of 100

INFO:__main__:NLL: 0.3102, L2: 0.0205, Reg: 0.5672
INFO:__main__:Total loss 0.8978
INFO:__main__:Predicted mean: -0.0036
INFO:__main__:Predicted uncertainity -0.0001
INFO:__main__:Completed epoch 81 of 100

INFO:__main__:NLL: 0.3102, L2: 0.0200, Reg: 0.5672
INFO:__main__:Total loss 0.8974
INFO:__main__:Predicted mean: -0.0036
INFO:__main__:Predicted uncertainity -0.0001
INFO:__main__:Completed epoch 82 of 100

INFO:__main__:NLL: 0.3102, L2: 0.0199, Reg: 0.5672
INFO:__main__:Total loss 0.8973
INFO:__main__:Predicted mean: -0.0036
INFO:__main__:Predicted uncertainity -0.0001
INFO:__main__:Completed epoch 83 of 100

INFO:__main__:NLL: 0.3102, L2: 0.0196, Reg: 0.5672
INFO:__main__:Total loss 0.8970
INFO:__main__:Predicted mean: -0.0036
INFO:__main__:Predicted uncertainity -0.0001
INFO:__main__:Completed epoch 84 of 100

INFO:__main__:NLL: 0.3102, L2: 0.0211, Reg: 0.5672
INFO:__main__:Total loss 0.8984
INFO:__main__:Predicted mean: -0.0036
INFO:__main__:Predicted uncertainity -0.0001
INFO:__main__:Completed epoch 85 of 100

INFO:__main__:NLL: 0.3102, L2: 0.0178, Reg: 0.5672
INFO:__main__:Total loss 0.8952
INFO:__main__:Predicted mean: -0.0036
INFO:__main__:Predicted uncertainity -0.0001
INFO:__main__:Completed epoch 86 of 100

INFO:__main__:NLL: 0.3102, L2: 0.0215, Reg: 0.5672
INFO:__main__:Total loss 0.8989
INFO:__main__:Predicted mean: -0.0036
INFO:__main__:Predicted uncertainity -0.0001
INFO:__main__:Completed epoch 87 of 100

INFO:__main__:NLL: 0.3102, L2: 0.0180, Reg: 0.5672
INFO:__main__:Total loss 0.8954
INFO:__main__:Predicted mean: -0.0036
INFO:__main__:Predicted uncertainity -0.0001
INFO:__main__:Completed epoch 88 of 100

INFO:__main__:NLL: 0.3102, L2: 0.0216, Reg: 0.5672
INFO:__main__:Total loss 0.8990
INFO:__main__:Predicted mean: -0.0036
INFO:__main__:Predicted uncertainity -0.0001
INFO:__main__:Completed epoch 89 of 100

INFO:__main__:NLL: 0.3102, L2: 0.0188, Reg: 0.5672
INFO:__main__:Total loss 0.8961
INFO:__main__:Predicted mean: -0.0036
INFO:__main__:Predicted uncertainity -0.0001
INFO:__main__:Completed epoch 90 of 100

INFO:__main__:NLL: 0.3102, L2: 0.0183, Reg: 0.5672
INFO:__main__:Total loss 0.8957
INFO:__main__:Predicted mean: -0.0036
INFO:__main__:Predicted uncertainity -0.0001
INFO:__main__:Completed epoch 91 of 100

INFO:__main__:NLL: 0.3102, L2: 0.0232, Reg: 0.5672
INFO:__main__:Total loss 0.9006
INFO:__main__:Predicted mean: -0.0036
INFO:__main__:Predicted uncertainity -0.0001
INFO:__main__:Completed epoch 92 of 100

INFO:__main__:NLL: 0.3102, L2: 0.0157, Reg: 0.5672
INFO:__main__:Total loss 0.8931
INFO:__main__:Predicted mean: -0.0036
INFO:__main__:Predicted uncertainity -0.0001
INFO:__main__:Completed epoch 93 of 100

INFO:__main__:NLL: 0.3102, L2: 0.0159, Reg: 0.5672
INFO:__main__:Total loss 0.8933
INFO:__main__:Predicted mean: -0.0036
INFO:__main__:Predicted uncertainity -0.0001
INFO:__main__:Completed epoch 94 of 100

INFO:__main__:NLL: 0.3102, L2: 0.0239, Reg: 0.5672
INFO:__main__:Total loss 0.9013
INFO:__main__:Predicted mean: -0.0036
INFO:__main__:Predicted uncertainity -0.0001
INFO:__main__:Completed epoch 95 of 100

INFO:__main__:NLL: 0.3102, L2: 0.0159, Reg: 0.5672
INFO:__main__:Total loss 0.8932
INFO:__main__:Predicted mean: -0.0036
INFO:__main__:Predicted uncertainity -0.0001
INFO:__main__:Completed epoch 96 of 100

INFO:__main__:NLL: 0.3102, L2: 0.0217, Reg: 0.5672
INFO:__main__:Total loss 0.8991
INFO:__main__:Predicted mean: -0.0036
INFO:__main__:Predicted uncertainity -0.0001
INFO:__main__:Completed epoch 97 of 100

INFO:__main__:NLL: 0.3102, L2: 0.0181, Reg: 0.5672
INFO:__main__:Total loss 0.8954
INFO:__main__:Predicted mean: -0.0036
INFO:__main__:Predicted uncertainity -0.0001
INFO:__main__:Completed epoch 98 of 100

INFO:__main__:NLL: 0.3102, L2: 0.0209, Reg: 0.5672
INFO:__main__:Total loss 0.8982
INFO:__main__:Predicted mean: -0.0036
INFO:__main__:Predicted uncertainity -0.0001
INFO:__main__:Completed epoch 99 of 100

INFO:__main__:NLL: 0.3102, L2: 0.0187, Reg: 0.5672
INFO:__main__:Total loss 0.8961
INFO:__main__:Predicted mean: -0.0036
INFO:__main__:Predicted uncertainity -0.0001
INFO:__main__:Completed epoch 100 of 100

INFO:__main__:381.787488 s
