INFO:__main__:PROCESS RUNNING ON cpu
INFO:__main__:NLL: 0.3104, L2: 0.0003, Reg: 0.1325
INFO:__main__:Total loss 0.4433
INFO:__main__:Predicted mean: -0.0016
INFO:__main__:Predicted uncertainity -0.0007
INFO:__main__:Completed epoch 1 of 100

INFO:__main__:NLL: 0.3105, L2: 0.0002, Reg: 0.1324
INFO:__main__:Total loss 0.4432
INFO:__main__:Predicted mean: -0.0014
INFO:__main__:Predicted uncertainity -0.0003
INFO:__main__:Completed epoch 2 of 100

INFO:__main__:NLL: 0.3104, L2: 0.0036, Reg: 0.1326
INFO:__main__:Total loss 0.4465
INFO:__main__:Predicted mean: -0.0020
INFO:__main__:Predicted uncertainity -0.0008
INFO:__main__:Completed epoch 3 of 100

INFO:__main__:NLL: 0.3103, L2: 0.0019, Reg: 0.1325
INFO:__main__:Total loss 0.4447
INFO:__main__:Predicted mean: -0.0025
INFO:__main__:Predicted uncertainity -0.0005
INFO:__main__:Completed epoch 4 of 100

INFO:__main__:NLL: 0.3104, L2: 0.0037, Reg: 0.1324
INFO:__main__:Total loss 0.4465
INFO:__main__:Predicted mean: -0.0020
INFO:__main__:Predicted uncertainity -0.0008
INFO:__main__:Completed epoch 5 of 100

INFO:__main__:NLL: 0.3104, L2: 0.0014, Reg: 0.1325
INFO:__main__:Total loss 0.4442
INFO:__main__:Predicted mean: -0.0022
INFO:__main__:Predicted uncertainity -0.0005
INFO:__main__:Completed epoch 6 of 100

INFO:__main__:NLL: 0.3104, L2: 0.0060, Reg: 0.1326
INFO:__main__:Total loss 0.4490
INFO:__main__:Predicted mean: -0.0019
INFO:__main__:Predicted uncertainity -0.0006
INFO:__main__:Completed epoch 7 of 100

INFO:__main__:NLL: 0.3104, L2: 0.0058, Reg: 0.1325
INFO:__main__:Total loss 0.4487
INFO:__main__:Predicted mean: -0.0024
INFO:__main__:Predicted uncertainity -0.0001
INFO:__main__:Completed epoch 8 of 100

INFO:__main__:NLL: 0.3104, L2: 0.0078, Reg: 0.1324
INFO:__main__:Total loss 0.4506
INFO:__main__:Predicted mean: -0.0028
INFO:__main__:Predicted uncertainity 0.0001
INFO:__main__:Completed epoch 9 of 100

INFO:__main__:NLL: 0.3104, L2: 0.0128, Reg: 0.1325
INFO:__main__:Total loss 0.4556
INFO:__main__:Predicted mean: -0.0027
INFO:__main__:Predicted uncertainity 0.0001
INFO:__main__:Completed epoch 10 of 100

INFO:__main__:NLL: 0.3103, L2: 0.0114, Reg: 0.1326
INFO:__main__:Total loss 0.4543
INFO:__main__:Predicted mean: -0.0032
INFO:__main__:Predicted uncertainity 0.0001
INFO:__main__:Completed epoch 11 of 100

INFO:__main__:NLL: 0.3102, L2: 0.0148, Reg: 0.1323
INFO:__main__:Total loss 0.4573
INFO:__main__:Predicted mean: -0.0035
INFO:__main__:Predicted uncertainity 0.0000
INFO:__main__:Completed epoch 12 of 100

INFO:__main__:NLL: 0.3102, L2: 0.0185, Reg: 0.1326
INFO:__main__:Total loss 0.4613
INFO:__main__:Predicted mean: -0.0036
INFO:__main__:Predicted uncertainity -0.0000
INFO:__main__:Completed epoch 13 of 100

INFO:__main__:NLL: 0.3102, L2: 0.0183, Reg: 0.1325
INFO:__main__:Total loss 0.4610
INFO:__main__:Predicted mean: -0.0036
INFO:__main__:Predicted uncertainity -0.0000
INFO:__main__:Completed epoch 14 of 100

INFO:__main__:NLL: 0.3102, L2: 0.0194, Reg: 0.1326
INFO:__main__:Total loss 0.4622
INFO:__main__:Predicted mean: -0.0036
INFO:__main__:Predicted uncertainity -0.0000
INFO:__main__:Completed epoch 15 of 100

INFO:__main__:NLL: 0.3102, L2: 0.0208, Reg: 0.1325
INFO:__main__:Total loss 0.4635
INFO:__main__:Predicted mean: -0.0036
INFO:__main__:Predicted uncertainity -0.0001
INFO:__main__:Completed epoch 16 of 100

INFO:__main__:NLL: 0.3102, L2: 0.0223, Reg: 0.1324
INFO:__main__:Total loss 0.4649
INFO:__main__:Predicted mean: -0.0036
INFO:__main__:Predicted uncertainity -0.0001
INFO:__main__:Completed epoch 17 of 100

INFO:__main__:NLL: 0.3102, L2: 0.0167, Reg: 0.1325
INFO:__main__:Total loss 0.4593
INFO:__main__:Predicted mean: -0.0036
INFO:__main__:Predicted uncertainity -0.0001
INFO:__main__:Completed epoch 18 of 100

INFO:__main__:NLL: 0.3102, L2: 0.0183, Reg: 0.1327
INFO:__main__:Total loss 0.4612
INFO:__main__:Predicted mean: -0.0036
INFO:__main__:Predicted uncertainity -0.0001
INFO:__main__:Completed epoch 19 of 100

INFO:__main__:NLL: 0.3102, L2: 0.0184, Reg: 0.1326
INFO:__main__:Total loss 0.4612
INFO:__main__:Predicted mean: -0.0036
INFO:__main__:Predicted uncertainity -0.0001
INFO:__main__:Completed epoch 20 of 100

INFO:__main__:NLL: 0.3102, L2: 0.0218, Reg: 0.1324
INFO:__main__:Total loss 0.4644
INFO:__main__:Predicted mean: -0.0036
INFO:__main__:Predicted uncertainity -0.0001
INFO:__main__:Completed epoch 21 of 100

INFO:__main__:NLL: 0.3102, L2: 0.0164, Reg: 0.1325
INFO:__main__:Total loss 0.4591
INFO:__main__:Predicted mean: -0.0036
INFO:__main__:Predicted uncertainity -0.0001
INFO:__main__:Completed epoch 22 of 100

INFO:__main__:NLL: 0.3102, L2: 0.0242, Reg: 0.1326
INFO:__main__:Total loss 0.4669
INFO:__main__:Predicted mean: -0.0036
INFO:__main__:Predicted uncertainity -0.0001
INFO:__main__:Completed epoch 23 of 100

INFO:__main__:NLL: 0.3102, L2: 0.0165, Reg: 0.1327
INFO:__main__:Total loss 0.4594
INFO:__main__:Predicted mean: -0.0036
INFO:__main__:Predicted uncertainity -0.0001
INFO:__main__:Completed epoch 24 of 100

INFO:__main__:NLL: 0.3102, L2: 0.0178, Reg: 0.1327
INFO:__main__:Total loss 0.4607
INFO:__main__:Predicted mean: -0.0036
INFO:__main__:Predicted uncertainity -0.0001
INFO:__main__:Completed epoch 25 of 100

INFO:__main__:NLL: 0.3102, L2: 0.0183, Reg: 0.1327
INFO:__main__:Total loss 0.4612
INFO:__main__:Predicted mean: -0.0036
INFO:__main__:Predicted uncertainity -0.0001
INFO:__main__:Completed epoch 26 of 100

INFO:__main__:NLL: 0.3102, L2: 0.0195, Reg: 0.1325
INFO:__main__:Total loss 0.4622
INFO:__main__:Predicted mean: -0.0036
INFO:__main__:Predicted uncertainity -0.0001
INFO:__main__:Completed epoch 27 of 100

INFO:__main__:NLL: 0.3102, L2: 0.0211, Reg: 0.1326
INFO:__main__:Total loss 0.4639
INFO:__main__:Predicted mean: -0.0036
INFO:__main__:Predicted uncertainity -0.0001
INFO:__main__:Completed epoch 28 of 100

INFO:__main__:NLL: 0.3102, L2: 0.0165, Reg: 0.1328
INFO:__main__:Total loss 0.4594
INFO:__main__:Predicted mean: -0.0036
INFO:__main__:Predicted uncertainity -0.0001
INFO:__main__:Completed epoch 29 of 100

INFO:__main__:NLL: 0.3102, L2: 0.0148, Reg: 0.1324
INFO:__main__:Total loss 0.4574
INFO:__main__:Predicted mean: -0.0036
INFO:__main__:Predicted uncertainity -0.0001
INFO:__main__:Completed epoch 30 of 100

INFO:__main__:NLL: 0.3102, L2: 0.0191, Reg: 0.1327
INFO:__main__:Total loss 0.4620
INFO:__main__:Predicted mean: -0.0036
INFO:__main__:Predicted uncertainity -0.0001
INFO:__main__:Completed epoch 31 of 100

INFO:__main__:NLL: 0.3102, L2: 0.0197, Reg: 0.1327
INFO:__main__:Total loss 0.4625
INFO:__main__:Predicted mean: -0.0036
INFO:__main__:Predicted uncertainity -0.0001
INFO:__main__:Completed epoch 32 of 100

INFO:__main__:NLL: 0.3102, L2: 0.0171, Reg: 0.1325
INFO:__main__:Total loss 0.4597
INFO:__main__:Predicted mean: -0.0036
INFO:__main__:Predicted uncertainity -0.0001
INFO:__main__:Completed epoch 33 of 100

INFO:__main__:NLL: 0.3102, L2: 0.0191, Reg: 0.1326
INFO:__main__:Total loss 0.4618
INFO:__main__:Predicted mean: -0.0036
INFO:__main__:Predicted uncertainity -0.0001
INFO:__main__:Completed epoch 34 of 100

INFO:__main__:NLL: 0.3102, L2: 0.0203, Reg: 0.1324
INFO:__main__:Total loss 0.4629
INFO:__main__:Predicted mean: -0.0036
INFO:__main__:Predicted uncertainity -0.0001
INFO:__main__:Completed epoch 35 of 100

INFO:__main__:NLL: 0.3102, L2: 0.0172, Reg: 0.1324
INFO:__main__:Total loss 0.4598
INFO:__main__:Predicted mean: -0.0036
INFO:__main__:Predicted uncertainity -0.0001
INFO:__main__:Completed epoch 36 of 100

INFO:__main__:NLL: 0.3102, L2: 0.0199, Reg: 0.1327
INFO:__main__:Total loss 0.4628
INFO:__main__:Predicted mean: -0.0036
INFO:__main__:Predicted uncertainity -0.0001
INFO:__main__:Completed epoch 37 of 100

INFO:__main__:NLL: 0.3102, L2: 0.0179, Reg: 0.1325
INFO:__main__:Total loss 0.4606
INFO:__main__:Predicted mean: -0.0036
INFO:__main__:Predicted uncertainity -0.0001
INFO:__main__:Completed epoch 38 of 100

INFO:__main__:NLL: 0.3102, L2: 0.0216, Reg: 0.1325
INFO:__main__:Total loss 0.4642
INFO:__main__:Predicted mean: -0.0036
INFO:__main__:Predicted uncertainity -0.0001
INFO:__main__:Completed epoch 39 of 100

INFO:__main__:NLL: 0.3102, L2: 0.0171, Reg: 0.1327
INFO:__main__:Total loss 0.4600
INFO:__main__:Predicted mean: -0.0036
INFO:__main__:Predicted uncertainity -0.0001
INFO:__main__:Completed epoch 40 of 100

INFO:__main__:NLL: 0.3102, L2: 0.0169, Reg: 0.1326
INFO:__main__:Total loss 0.4597
INFO:__main__:Predicted mean: -0.0036
INFO:__main__:Predicted uncertainity -0.0001
INFO:__main__:Completed epoch 41 of 100

INFO:__main__:NLL: 0.3102, L2: 0.0190, Reg: 0.1325
INFO:__main__:Total loss 0.4617
INFO:__main__:Predicted mean: -0.0036
INFO:__main__:Predicted uncertainity -0.0001
INFO:__main__:Completed epoch 42 of 100

INFO:__main__:NLL: 0.3102, L2: 0.0198, Reg: 0.1325
INFO:__main__:Total loss 0.4625
INFO:__main__:Predicted mean: -0.0036
INFO:__main__:Predicted uncertainity -0.0001
INFO:__main__:Completed epoch 43 of 100

INFO:__main__:NLL: 0.3102, L2: 0.0201, Reg: 0.1324
INFO:__main__:Total loss 0.4627
INFO:__main__:Predicted mean: -0.0036
INFO:__main__:Predicted uncertainity -0.0001
INFO:__main__:Completed epoch 44 of 100

INFO:__main__:NLL: 0.3102, L2: 0.0225, Reg: 0.1325
INFO:__main__:Total loss 0.4652
INFO:__main__:Predicted mean: -0.0036
INFO:__main__:Predicted uncertainity -0.0001
INFO:__main__:Completed epoch 45 of 100

INFO:__main__:NLL: 0.3102, L2: 0.0174, Reg: 0.1325
INFO:__main__:Total loss 0.4602
INFO:__main__:Predicted mean: -0.0036
INFO:__main__:Predicted uncertainity -0.0001
INFO:__main__:Completed epoch 46 of 100

INFO:__main__:NLL: 0.3102, L2: 0.0145, Reg: 0.1325
INFO:__main__:Total loss 0.4572
INFO:__main__:Predicted mean: -0.0036
INFO:__main__:Predicted uncertainity -0.0001
INFO:__main__:Completed epoch 47 of 100

INFO:__main__:NLL: 0.3102, L2: 0.0214, Reg: 0.1326
INFO:__main__:Total loss 0.4641
INFO:__main__:Predicted mean: -0.0036
INFO:__main__:Predicted uncertainity -0.0001
INFO:__main__:Completed epoch 48 of 100

INFO:__main__:NLL: 0.3102, L2: 0.0185, Reg: 0.1325
INFO:__main__:Total loss 0.4611
INFO:__main__:Predicted mean: -0.0036
INFO:__main__:Predicted uncertainity -0.0001
INFO:__main__:Completed epoch 49 of 100

INFO:__main__:NLL: 0.3102, L2: 0.0196, Reg: 0.1325
INFO:__main__:Total loss 0.4623
INFO:__main__:Predicted mean: -0.0036
INFO:__main__:Predicted uncertainity -0.0001
INFO:__main__:Completed epoch 50 of 100

INFO:__main__:NLL: 0.3102, L2: 0.0209, Reg: 0.1326
INFO:__main__:Total loss 0.4637
INFO:__main__:Predicted mean: -0.0036
INFO:__main__:Predicted uncertainity -0.0001
INFO:__main__:Completed epoch 51 of 100

INFO:__main__:NLL: 0.3102, L2: 0.0160, Reg: 0.1327
INFO:__main__:Total loss 0.4588
INFO:__main__:Predicted mean: -0.0036
INFO:__main__:Predicted uncertainity -0.0001
INFO:__main__:Completed epoch 52 of 100

INFO:__main__:NLL: 0.3102, L2: 0.0186, Reg: 0.1325
INFO:__main__:Total loss 0.4613
INFO:__main__:Predicted mean: -0.0036
INFO:__main__:Predicted uncertainity -0.0001
INFO:__main__:Completed epoch 53 of 100

INFO:__main__:NLL: 0.3102, L2: 0.0155, Reg: 0.1327
INFO:__main__:Total loss 0.4584
INFO:__main__:Predicted mean: -0.0036
INFO:__main__:Predicted uncertainity -0.0001
INFO:__main__:Completed epoch 54 of 100

INFO:__main__:NLL: 0.3102, L2: 0.0167, Reg: 0.1326
INFO:__main__:Total loss 0.4595
INFO:__main__:Predicted mean: -0.0036
INFO:__main__:Predicted uncertainity -0.0001
INFO:__main__:Completed epoch 55 of 100

INFO:__main__:NLL: 0.3102, L2: 0.0186, Reg: 0.1325
INFO:__main__:Total loss 0.4613
INFO:__main__:Predicted mean: -0.0036
INFO:__main__:Predicted uncertainity -0.0001
INFO:__main__:Completed epoch 56 of 100

INFO:__main__:NLL: 0.3102, L2: 0.0204, Reg: 0.1325
INFO:__main__:Total loss 0.4630
INFO:__main__:Predicted mean: -0.0036
INFO:__main__:Predicted uncertainity -0.0001
INFO:__main__:Completed epoch 57 of 100

INFO:__main__:NLL: 0.3102, L2: 0.0159, Reg: 0.1326
INFO:__main__:Total loss 0.4587
INFO:__main__:Predicted mean: -0.0036
INFO:__main__:Predicted uncertainity -0.0001
INFO:__main__:Completed epoch 58 of 100

INFO:__main__:NLL: 0.3102, L2: 0.0241, Reg: 0.1326
INFO:__main__:Total loss 0.4670
INFO:__main__:Predicted mean: -0.0036
INFO:__main__:Predicted uncertainity -0.0001
INFO:__main__:Completed epoch 59 of 100

INFO:__main__:NLL: 0.3102, L2: 0.0212, Reg: 0.1326
INFO:__main__:Total loss 0.4639
INFO:__main__:Predicted mean: -0.0036
INFO:__main__:Predicted uncertainity -0.0001
INFO:__main__:Completed epoch 60 of 100

INFO:__main__:NLL: 0.3102, L2: 0.0192, Reg: 0.1325
INFO:__main__:Total loss 0.4619
INFO:__main__:Predicted mean: -0.0036
INFO:__main__:Predicted uncertainity -0.0001
INFO:__main__:Completed epoch 61 of 100

INFO:__main__:NLL: 0.3102, L2: 0.0234, Reg: 0.1325
INFO:__main__:Total loss 0.4661
INFO:__main__:Predicted mean: -0.0036
INFO:__main__:Predicted uncertainity -0.0001
INFO:__main__:Completed epoch 62 of 100

INFO:__main__:NLL: 0.3102, L2: 0.0220, Reg: 0.1326
INFO:__main__:Total loss 0.4648
INFO:__main__:Predicted mean: -0.0036
INFO:__main__:Predicted uncertainity -0.0001
INFO:__main__:Completed epoch 63 of 100

INFO:__main__:NLL: 0.3102, L2: 0.0153, Reg: 0.1326
INFO:__main__:Total loss 0.4581
INFO:__main__:Predicted mean: -0.0036
INFO:__main__:Predicted uncertainity -0.0001
INFO:__main__:Completed epoch 64 of 100

INFO:__main__:NLL: 0.3102, L2: 0.0193, Reg: 0.1325
INFO:__main__:Total loss 0.4620
INFO:__main__:Predicted mean: -0.0036
INFO:__main__:Predicted uncertainity -0.0001
INFO:__main__:Completed epoch 65 of 100

INFO:__main__:NLL: 0.3102, L2: 0.0254, Reg: 0.1327
INFO:__main__:Total loss 0.4682
INFO:__main__:Predicted mean: -0.0036
INFO:__main__:Predicted uncertainity -0.0001
INFO:__main__:Completed epoch 66 of 100

INFO:__main__:NLL: 0.3102, L2: 0.0205, Reg: 0.1326
INFO:__main__:Total loss 0.4632
INFO:__main__:Predicted mean: -0.0036
INFO:__main__:Predicted uncertainity -0.0001
INFO:__main__:Completed epoch 67 of 100

INFO:__main__:NLL: 0.3102, L2: 0.0180, Reg: 0.1326
INFO:__main__:Total loss 0.4609
INFO:__main__:Predicted mean: -0.0036
INFO:__main__:Predicted uncertainity -0.0001
INFO:__main__:Completed epoch 68 of 100

INFO:__main__:NLL: 0.3102, L2: 0.0186, Reg: 0.1324
INFO:__main__:Total loss 0.4612
INFO:__main__:Predicted mean: -0.0036
INFO:__main__:Predicted uncertainity -0.0001
INFO:__main__:Completed epoch 69 of 100

INFO:__main__:NLL: 0.3102, L2: 0.0199, Reg: 0.1323
INFO:__main__:Total loss 0.4624
INFO:__main__:Predicted mean: -0.0036
INFO:__main__:Predicted uncertainity -0.0001
INFO:__main__:Completed epoch 70 of 100

INFO:__main__:NLL: 0.3102, L2: 0.0202, Reg: 0.1326
INFO:__main__:Total loss 0.4630
INFO:__main__:Predicted mean: -0.0036
INFO:__main__:Predicted uncertainity -0.0001
INFO:__main__:Completed epoch 71 of 100

INFO:__main__:NLL: 0.3102, L2: 0.0200, Reg: 0.1325
INFO:__main__:Total loss 0.4627
INFO:__main__:Predicted mean: -0.0036
INFO:__main__:Predicted uncertainity -0.0001
INFO:__main__:Completed epoch 72 of 100

INFO:__main__:NLL: 0.3102, L2: 0.0157, Reg: 0.1324
INFO:__main__:Total loss 0.4582
INFO:__main__:Predicted mean: -0.0036
INFO:__main__:Predicted uncertainity -0.0001
INFO:__main__:Completed epoch 73 of 100

INFO:__main__:NLL: 0.3102, L2: 0.0192, Reg: 0.1325
INFO:__main__:Total loss 0.4619
INFO:__main__:Predicted mean: -0.0036
INFO:__main__:Predicted uncertainity -0.0001
INFO:__main__:Completed epoch 74 of 100

INFO:__main__:NLL: 0.3102, L2: 0.0205, Reg: 0.1325
INFO:__main__:Total loss 0.4633
INFO:__main__:Predicted mean: -0.0036
INFO:__main__:Predicted uncertainity -0.0001
INFO:__main__:Completed epoch 75 of 100

INFO:__main__:NLL: 0.3102, L2: 0.0189, Reg: 0.1326
INFO:__main__:Total loss 0.4617
INFO:__main__:Predicted mean: -0.0036
INFO:__main__:Predicted uncertainity -0.0001
INFO:__main__:Completed epoch 76 of 100

INFO:__main__:NLL: 0.3102, L2: 0.0213, Reg: 0.1327
INFO:__main__:Total loss 0.4641
INFO:__main__:Predicted mean: -0.0036
INFO:__main__:Predicted uncertainity -0.0001
INFO:__main__:Completed epoch 77 of 100

INFO:__main__:NLL: 0.3102, L2: 0.0193, Reg: 0.1325
INFO:__main__:Total loss 0.4620
INFO:__main__:Predicted mean: -0.0036
INFO:__main__:Predicted uncertainity -0.0001
INFO:__main__:Completed epoch 78 of 100

INFO:__main__:NLL: 0.3102, L2: 0.0212, Reg: 0.1327
INFO:__main__:Total loss 0.4640
INFO:__main__:Predicted mean: -0.0036
INFO:__main__:Predicted uncertainity -0.0001
INFO:__main__:Completed epoch 79 of 100

INFO:__main__:NLL: 0.3102, L2: 0.0213, Reg: 0.1326
INFO:__main__:Total loss 0.4641
INFO:__main__:Predicted mean: -0.0036
INFO:__main__:Predicted uncertainity -0.0001
INFO:__main__:Completed epoch 80 of 100

INFO:__main__:NLL: 0.3102, L2: 0.0208, Reg: 0.1324
INFO:__main__:Total loss 0.4634
INFO:__main__:Predicted mean: -0.0036
INFO:__main__:Predicted uncertainity -0.0001
INFO:__main__:Completed epoch 81 of 100

INFO:__main__:NLL: 0.3102, L2: 0.0200, Reg: 0.1327
INFO:__main__:Total loss 0.4628
INFO:__main__:Predicted mean: -0.0036
INFO:__main__:Predicted uncertainity -0.0001
INFO:__main__:Completed epoch 82 of 100

INFO:__main__:NLL: 0.3102, L2: 0.0178, Reg: 0.1324
INFO:__main__:Total loss 0.4604
INFO:__main__:Predicted mean: -0.0036
INFO:__main__:Predicted uncertainity -0.0001
INFO:__main__:Completed epoch 83 of 100

INFO:__main__:NLL: 0.3102, L2: 0.0172, Reg: 0.1325
INFO:__main__:Total loss 0.4599
INFO:__main__:Predicted mean: -0.0036
INFO:__main__:Predicted uncertainity -0.0001
INFO:__main__:Completed epoch 84 of 100

INFO:__main__:NLL: 0.3102, L2: 0.0164, Reg: 0.1326
INFO:__main__:Total loss 0.4592
INFO:__main__:Predicted mean: -0.0036
INFO:__main__:Predicted uncertainity -0.0001
INFO:__main__:Completed epoch 85 of 100

INFO:__main__:NLL: 0.3102, L2: 0.0173, Reg: 0.1327
INFO:__main__:Total loss 0.4602
INFO:__main__:Predicted mean: -0.0036
INFO:__main__:Predicted uncertainity -0.0001
INFO:__main__:Completed epoch 86 of 100

INFO:__main__:NLL: 0.3102, L2: 0.0228, Reg: 0.1324
INFO:__main__:Total loss 0.4654
INFO:__main__:Predicted mean: -0.0036
INFO:__main__:Predicted uncertainity -0.0001
INFO:__main__:Completed epoch 87 of 100

INFO:__main__:NLL: 0.3102, L2: 0.0209, Reg: 0.1326
INFO:__main__:Total loss 0.4636
INFO:__main__:Predicted mean: -0.0036
INFO:__main__:Predicted uncertainity -0.0001
INFO:__main__:Completed epoch 88 of 100

INFO:__main__:NLL: 0.3102, L2: 0.0185, Reg: 0.1326
INFO:__main__:Total loss 0.4613
INFO:__main__:Predicted mean: -0.0036
INFO:__main__:Predicted uncertainity -0.0001
INFO:__main__:Completed epoch 89 of 100

INFO:__main__:NLL: 0.3102, L2: 0.0190, Reg: 0.1325
INFO:__main__:Total loss 0.4617
INFO:__main__:Predicted mean: -0.0036
INFO:__main__:Predicted uncertainity -0.0001
INFO:__main__:Completed epoch 90 of 100

INFO:__main__:NLL: 0.3102, L2: 0.0211, Reg: 0.1326
INFO:__main__:Total loss 0.4639
INFO:__main__:Predicted mean: -0.0036
INFO:__main__:Predicted uncertainity -0.0001
INFO:__main__:Completed epoch 91 of 100

INFO:__main__:NLL: 0.3102, L2: 0.0216, Reg: 0.1328
INFO:__main__:Total loss 0.4646
INFO:__main__:Predicted mean: -0.0036
INFO:__main__:Predicted uncertainity -0.0001
INFO:__main__:Completed epoch 92 of 100

INFO:__main__:NLL: 0.3102, L2: 0.0262, Reg: 0.1326
INFO:__main__:Total loss 0.4690
INFO:__main__:Predicted mean: -0.0036
INFO:__main__:Predicted uncertainity -0.0001
INFO:__main__:Completed epoch 93 of 100

INFO:__main__:NLL: 0.3102, L2: 0.0198, Reg: 0.1326
INFO:__main__:Total loss 0.4626
INFO:__main__:Predicted mean: -0.0036
INFO:__main__:Predicted uncertainity -0.0001
INFO:__main__:Completed epoch 94 of 100

INFO:__main__:NLL: 0.3102, L2: 0.0183, Reg: 0.1326
INFO:__main__:Total loss 0.4610
INFO:__main__:Predicted mean: -0.0036
INFO:__main__:Predicted uncertainity -0.0001
INFO:__main__:Completed epoch 95 of 100

INFO:__main__:NLL: 0.3102, L2: 0.0217, Reg: 0.1324
INFO:__main__:Total loss 0.4643
INFO:__main__:Predicted mean: -0.0036
INFO:__main__:Predicted uncertainity -0.0001
INFO:__main__:Completed epoch 96 of 100

INFO:__main__:NLL: 0.3102, L2: 0.0192, Reg: 0.1327
INFO:__main__:Total loss 0.4620
INFO:__main__:Predicted mean: -0.0036
INFO:__main__:Predicted uncertainity -0.0001
INFO:__main__:Completed epoch 97 of 100

INFO:__main__:NLL: 0.3102, L2: 0.0152, Reg: 0.1324
INFO:__main__:Total loss 0.4578
INFO:__main__:Predicted mean: -0.0036
INFO:__main__:Predicted uncertainity -0.0001
INFO:__main__:Completed epoch 98 of 100

INFO:__main__:NLL: 0.3102, L2: 0.0197, Reg: 0.1325
INFO:__main__:Total loss 0.4624
INFO:__main__:Predicted mean: -0.0036
INFO:__main__:Predicted uncertainity -0.0001
INFO:__main__:Completed epoch 99 of 100

INFO:__main__:NLL: 0.3102, L2: 0.0203, Reg: 0.1325
INFO:__main__:Total loss 0.4630
INFO:__main__:Predicted mean: -0.0036
INFO:__main__:Predicted uncertainity -0.0001
INFO:__main__:Completed epoch 100 of 100

INFO:__main__:596.606852 s
