INFO:__main__:PROCESS RUNNING ON cpu
INFO:__main__:NLL: 0.2529, L2: 0.0069, Reg: 0.0567
INFO:__main__:Total loss 0.3165
INFO:__main__:Predicted mean: -0.3806
INFO:__main__:Predicted uncertainity -0.6995
INFO:__main__:Completed epoch 1 of 100

INFO:__main__:NLL: 0.0200, L2: 0.0073, Reg: 0.0567
INFO:__main__:Total loss 0.0841
INFO:__main__:Predicted mean: -0.3829
INFO:__main__:Predicted uncertainity -0.7432
INFO:__main__:Completed epoch 2 of 100

INFO:__main__:NLL: 0.0375, L2: 0.0075, Reg: 0.0567
INFO:__main__:Total loss 0.1017
INFO:__main__:Predicted mean: -0.4246
INFO:__main__:Predicted uncertainity -0.6819
INFO:__main__:Completed epoch 3 of 100

INFO:__main__:NLL: 0.0213, L2: 0.0077, Reg: 0.0567
INFO:__main__:Total loss 0.0858
INFO:__main__:Predicted mean: -0.3376
INFO:__main__:Predicted uncertainity -0.7487
INFO:__main__:Completed epoch 4 of 100

INFO:__main__:NLL: -0.0035, L2: 0.0082, Reg: 0.0567
INFO:__main__:Total loss 0.0615
INFO:__main__:Predicted mean: -0.3646
INFO:__main__:Predicted uncertainity -0.7678
INFO:__main__:Completed epoch 5 of 100

INFO:__main__:NLL: 0.1129, L2: 0.0078, Reg: 0.0567
INFO:__main__:Total loss 0.1774
INFO:__main__:Predicted mean: -0.4159
INFO:__main__:Predicted uncertainity -0.7461
INFO:__main__:Completed epoch 6 of 100

INFO:__main__:NLL: 0.0869, L2: 0.0080, Reg: 0.0567
INFO:__main__:Total loss 0.1516
INFO:__main__:Predicted mean: -0.3321
INFO:__main__:Predicted uncertainity -0.6905
INFO:__main__:Completed epoch 7 of 100

INFO:__main__:NLL: 0.2460, L2: 0.0079, Reg: 0.0567
INFO:__main__:Total loss 0.3106
INFO:__main__:Predicted mean: -0.3542
INFO:__main__:Predicted uncertainity -0.6949
INFO:__main__:Completed epoch 8 of 100

INFO:__main__:NLL: 0.0274, L2: 0.0085, Reg: 0.0567
INFO:__main__:Total loss 0.0925
INFO:__main__:Predicted mean: -0.3332
INFO:__main__:Predicted uncertainity -0.8356
INFO:__main__:Completed epoch 9 of 100

INFO:__main__:NLL: 0.3061, L2: 0.0087, Reg: 0.0567
INFO:__main__:Total loss 0.3715
INFO:__main__:Predicted mean: -0.3872
INFO:__main__:Predicted uncertainity -0.8152
INFO:__main__:Completed epoch 10 of 100

INFO:__main__:NLL: 0.0586, L2: 0.0084, Reg: 0.0567
INFO:__main__:Total loss 0.1237
INFO:__main__:Predicted mean: -0.4406
INFO:__main__:Predicted uncertainity -0.8729
INFO:__main__:Completed epoch 11 of 100

INFO:__main__:NLL: 0.2141, L2: 0.0084, Reg: 0.0567
INFO:__main__:Total loss 0.2792
INFO:__main__:Predicted mean: -0.3515
INFO:__main__:Predicted uncertainity -0.6767
INFO:__main__:Completed epoch 12 of 100

INFO:__main__:NLL: -0.0104, L2: 0.0085, Reg: 0.0567
INFO:__main__:Total loss 0.0548
INFO:__main__:Predicted mean: -0.3472
INFO:__main__:Predicted uncertainity -0.8203
INFO:__main__:Completed epoch 13 of 100

INFO:__main__:NLL: 0.3725, L2: 0.0081, Reg: 0.0567
INFO:__main__:Total loss 0.4374
INFO:__main__:Predicted mean: -0.3664
INFO:__main__:Predicted uncertainity -0.7525
INFO:__main__:Completed epoch 14 of 100

INFO:__main__:NLL: 0.2457, L2: 0.0090, Reg: 0.0567
INFO:__main__:Total loss 0.3114
INFO:__main__:Predicted mean: -0.4036
INFO:__main__:Predicted uncertainity -0.8042
INFO:__main__:Completed epoch 15 of 100

INFO:__main__:NLL: 0.2530, L2: 0.0088, Reg: 0.0567
INFO:__main__:Total loss 0.3185
INFO:__main__:Predicted mean: -0.3363
INFO:__main__:Predicted uncertainity -0.8411
INFO:__main__:Completed epoch 16 of 100

INFO:__main__:NLL: -0.0130, L2: 0.0088, Reg: 0.0567
INFO:__main__:Total loss 0.0525
INFO:__main__:Predicted mean: -0.3680
INFO:__main__:Predicted uncertainity -0.7780
INFO:__main__:Completed epoch 17 of 100

INFO:__main__:NLL: 0.1736, L2: 0.0087, Reg: 0.0567
INFO:__main__:Total loss 0.2390
INFO:__main__:Predicted mean: -0.4298
INFO:__main__:Predicted uncertainity -0.6911
INFO:__main__:Completed epoch 18 of 100

INFO:__main__:NLL: -0.1068, L2: 0.0084, Reg: 0.0567
INFO:__main__:Total loss -0.0417
INFO:__main__:Predicted mean: -0.3941
INFO:__main__:Predicted uncertainity -0.7057
INFO:__main__:Completed epoch 19 of 100

INFO:__main__:NLL: 0.1384, L2: 0.0081, Reg: 0.0567
INFO:__main__:Total loss 0.2032
INFO:__main__:Predicted mean: -0.3896
INFO:__main__:Predicted uncertainity -0.6669
INFO:__main__:Completed epoch 20 of 100

INFO:__main__:NLL: 0.0004, L2: 0.0089, Reg: 0.0567
INFO:__main__:Total loss 0.0660
INFO:__main__:Predicted mean: -0.3694
INFO:__main__:Predicted uncertainity -0.6865
INFO:__main__:Completed epoch 21 of 100

INFO:__main__:NLL: 0.0222, L2: 0.0089, Reg: 0.0567
INFO:__main__:Total loss 0.0878
INFO:__main__:Predicted mean: -0.3725
INFO:__main__:Predicted uncertainity -0.7979
INFO:__main__:Completed epoch 22 of 100

INFO:__main__:NLL: -0.0208, L2: 0.0092, Reg: 0.0567
INFO:__main__:Total loss 0.0451
INFO:__main__:Predicted mean: -0.3693
INFO:__main__:Predicted uncertainity -0.7902
INFO:__main__:Completed epoch 23 of 100

INFO:__main__:NLL: 0.2948, L2: 0.0094, Reg: 0.0567
INFO:__main__:Total loss 0.3608
INFO:__main__:Predicted mean: -0.3798
INFO:__main__:Predicted uncertainity -0.6220
INFO:__main__:Completed epoch 24 of 100

INFO:__main__:NLL: 0.1537, L2: 0.0087, Reg: 0.0567
INFO:__main__:Total loss 0.2192
INFO:__main__:Predicted mean: -0.3664
INFO:__main__:Predicted uncertainity -0.7345
INFO:__main__:Completed epoch 25 of 100

INFO:__main__:NLL: -0.0500, L2: 0.0090, Reg: 0.0567
INFO:__main__:Total loss 0.0157
INFO:__main__:Predicted mean: -0.3524
INFO:__main__:Predicted uncertainity -0.7035
INFO:__main__:Completed epoch 26 of 100

INFO:__main__:NLL: 0.2784, L2: 0.0090, Reg: 0.0567
INFO:__main__:Total loss 0.3442
INFO:__main__:Predicted mean: -0.3247
INFO:__main__:Predicted uncertainity -0.7630
INFO:__main__:Completed epoch 27 of 100

INFO:__main__:NLL: 0.1587, L2: 0.0091, Reg: 0.0567
INFO:__main__:Total loss 0.2245
INFO:__main__:Predicted mean: -0.3497
INFO:__main__:Predicted uncertainity -0.6087
INFO:__main__:Completed epoch 28 of 100

INFO:__main__:NLL: 0.1485, L2: 0.0090, Reg: 0.0567
INFO:__main__:Total loss 0.2142
INFO:__main__:Predicted mean: -0.3022
INFO:__main__:Predicted uncertainity -0.7936
INFO:__main__:Completed epoch 29 of 100

INFO:__main__:NLL: 0.1802, L2: 0.0086, Reg: 0.0567
INFO:__main__:Total loss 0.2455
INFO:__main__:Predicted mean: -0.3619
INFO:__main__:Predicted uncertainity -0.7077
INFO:__main__:Completed epoch 30 of 100

INFO:__main__:NLL: 0.1355, L2: 0.0087, Reg: 0.0567
INFO:__main__:Total loss 0.2009
INFO:__main__:Predicted mean: -0.4017
INFO:__main__:Predicted uncertainity -0.7118
INFO:__main__:Completed epoch 31 of 100

INFO:__main__:NLL: -0.0188, L2: 0.0095, Reg: 0.0567
INFO:__main__:Total loss 0.0474
INFO:__main__:Predicted mean: -0.3822
INFO:__main__:Predicted uncertainity -0.7956
INFO:__main__:Completed epoch 32 of 100

INFO:__main__:NLL: 0.1641, L2: 0.0091, Reg: 0.0567
INFO:__main__:Total loss 0.2299
INFO:__main__:Predicted mean: -0.3996
INFO:__main__:Predicted uncertainity -0.7717
INFO:__main__:Completed epoch 33 of 100

INFO:__main__:NLL: 0.0285, L2: 0.0097, Reg: 0.0567
INFO:__main__:Total loss 0.0949
INFO:__main__:Predicted mean: -0.3548
INFO:__main__:Predicted uncertainity -0.7603
INFO:__main__:Completed epoch 34 of 100

INFO:__main__:NLL: -0.0451, L2: 0.0092, Reg: 0.0567
INFO:__main__:Total loss 0.0209
INFO:__main__:Predicted mean: -0.4091
INFO:__main__:Predicted uncertainity -0.7461
INFO:__main__:Completed epoch 35 of 100

INFO:__main__:NLL: 0.0245, L2: 0.0086, Reg: 0.0567
INFO:__main__:Total loss 0.0898
INFO:__main__:Predicted mean: -0.3093
INFO:__main__:Predicted uncertainity -0.7983
INFO:__main__:Completed epoch 36 of 100

INFO:__main__:NLL: -0.0892, L2: 0.0088, Reg: 0.0567
INFO:__main__:Total loss -0.0237
INFO:__main__:Predicted mean: -0.3329
INFO:__main__:Predicted uncertainity -0.8832
INFO:__main__:Completed epoch 37 of 100

INFO:__main__:NLL: 0.3013, L2: 0.0087, Reg: 0.0567
INFO:__main__:Total loss 0.3668
INFO:__main__:Predicted mean: -0.3712
INFO:__main__:Predicted uncertainity -0.8145
INFO:__main__:Completed epoch 38 of 100

INFO:__main__:NLL: 0.0805, L2: 0.0089, Reg: 0.0567
INFO:__main__:Total loss 0.1461
INFO:__main__:Predicted mean: -0.4079
INFO:__main__:Predicted uncertainity -0.7223
INFO:__main__:Completed epoch 39 of 100

INFO:__main__:NLL: 0.0640, L2: 0.0091, Reg: 0.0567
INFO:__main__:Total loss 0.1297
INFO:__main__:Predicted mean: -0.4290
INFO:__main__:Predicted uncertainity -0.6932
INFO:__main__:Completed epoch 40 of 100

INFO:__main__:NLL: -0.0496, L2: 0.0087, Reg: 0.0567
INFO:__main__:Total loss 0.0159
INFO:__main__:Predicted mean: -0.4081
INFO:__main__:Predicted uncertainity -0.6796
INFO:__main__:Completed epoch 41 of 100

INFO:__main__:NLL: 0.0784, L2: 0.0084, Reg: 0.0567
INFO:__main__:Total loss 0.1435
INFO:__main__:Predicted mean: -0.4126
INFO:__main__:Predicted uncertainity -0.7287
INFO:__main__:Completed epoch 42 of 100

INFO:__main__:NLL: 0.3041, L2: 0.0085, Reg: 0.0567
INFO:__main__:Total loss 0.3693
INFO:__main__:Predicted mean: -0.3991
INFO:__main__:Predicted uncertainity -0.7848
INFO:__main__:Completed epoch 43 of 100

INFO:__main__:NLL: 0.3474, L2: 0.0086, Reg: 0.0567
INFO:__main__:Total loss 0.4126
INFO:__main__:Predicted mean: -0.4416
INFO:__main__:Predicted uncertainity -0.7636
INFO:__main__:Completed epoch 44 of 100

INFO:__main__:NLL: 0.1099, L2: 0.0084, Reg: 0.0567
INFO:__main__:Total loss 0.1750
INFO:__main__:Predicted mean: -0.3958
INFO:__main__:Predicted uncertainity -0.7214
INFO:__main__:Completed epoch 45 of 100

INFO:__main__:NLL: 0.1588, L2: 0.0082, Reg: 0.0567
INFO:__main__:Total loss 0.2237
INFO:__main__:Predicted mean: -0.3616
INFO:__main__:Predicted uncertainity -0.7354
INFO:__main__:Completed epoch 46 of 100

INFO:__main__:NLL: -0.0089, L2: 0.0082, Reg: 0.0567
INFO:__main__:Total loss 0.0559
INFO:__main__:Predicted mean: -0.4274
INFO:__main__:Predicted uncertainity -0.7520
INFO:__main__:Completed epoch 47 of 100

INFO:__main__:NLL: 0.0534, L2: 0.0088, Reg: 0.0567
INFO:__main__:Total loss 0.1189
INFO:__main__:Predicted mean: -0.3733
INFO:__main__:Predicted uncertainity -0.8758
INFO:__main__:Completed epoch 48 of 100

INFO:__main__:NLL: -0.0475, L2: 0.0087, Reg: 0.0567
INFO:__main__:Total loss 0.0179
INFO:__main__:Predicted mean: -0.3665
INFO:__main__:Predicted uncertainity -0.6740
INFO:__main__:Completed epoch 49 of 100

INFO:__main__:NLL: -0.0166, L2: 0.0094, Reg: 0.0567
INFO:__main__:Total loss 0.0495
INFO:__main__:Predicted mean: -0.3462
INFO:__main__:Predicted uncertainity -0.7398
INFO:__main__:Completed epoch 50 of 100

INFO:__main__:NLL: 0.4413, L2: 0.0087, Reg: 0.0567
INFO:__main__:Total loss 0.5068
INFO:__main__:Predicted mean: -0.3893
INFO:__main__:Predicted uncertainity -0.8715
INFO:__main__:Completed epoch 51 of 100

INFO:__main__:NLL: -0.1002, L2: 0.0087, Reg: 0.0567
INFO:__main__:Total loss -0.0348
INFO:__main__:Predicted mean: -0.3719
INFO:__main__:Predicted uncertainity -0.7687
INFO:__main__:Completed epoch 52 of 100

INFO:__main__:NLL: 0.0658, L2: 0.0090, Reg: 0.0567
INFO:__main__:Total loss 0.1315
INFO:__main__:Predicted mean: -0.3844
INFO:__main__:Predicted uncertainity -0.6240
INFO:__main__:Completed epoch 53 of 100

INFO:__main__:NLL: 0.2556, L2: 0.0087, Reg: 0.0567
INFO:__main__:Total loss 0.3210
INFO:__main__:Predicted mean: -0.3643
INFO:__main__:Predicted uncertainity -0.6980
INFO:__main__:Completed epoch 54 of 100

INFO:__main__:NLL: 0.3359, L2: 0.0096, Reg: 0.0567
INFO:__main__:Total loss 0.4023
INFO:__main__:Predicted mean: -0.3627
INFO:__main__:Predicted uncertainity -0.7229
INFO:__main__:Completed epoch 55 of 100

INFO:__main__:NLL: 0.3170, L2: 0.0093, Reg: 0.0567
INFO:__main__:Total loss 0.3829
INFO:__main__:Predicted mean: -0.4055
INFO:__main__:Predicted uncertainity -0.8004
INFO:__main__:Completed epoch 56 of 100

INFO:__main__:NLL: 0.0155, L2: 0.0085, Reg: 0.0567
INFO:__main__:Total loss 0.0808
INFO:__main__:Predicted mean: -0.3799
INFO:__main__:Predicted uncertainity -0.7603
INFO:__main__:Completed epoch 57 of 100

INFO:__main__:NLL: -0.0363, L2: 0.0091, Reg: 0.0567
INFO:__main__:Total loss 0.0295
INFO:__main__:Predicted mean: -0.4342
INFO:__main__:Predicted uncertainity -0.7081
INFO:__main__:Completed epoch 58 of 100

INFO:__main__:NLL: 0.0354, L2: 0.0090, Reg: 0.0567
INFO:__main__:Total loss 0.1011
INFO:__main__:Predicted mean: -0.3342
INFO:__main__:Predicted uncertainity -0.7180
INFO:__main__:Completed epoch 59 of 100

INFO:__main__:NLL: -0.0487, L2: 0.0090, Reg: 0.0567
INFO:__main__:Total loss 0.0170
INFO:__main__:Predicted mean: -0.3545
INFO:__main__:Predicted uncertainity -0.7679
INFO:__main__:Completed epoch 60 of 100

INFO:__main__:NLL: 0.1296, L2: 0.0093, Reg: 0.0567
INFO:__main__:Total loss 0.1956
INFO:__main__:Predicted mean: -0.3049
INFO:__main__:Predicted uncertainity -0.7402
INFO:__main__:Completed epoch 61 of 100

INFO:__main__:NLL: 0.2877, L2: 0.0094, Reg: 0.0567
INFO:__main__:Total loss 0.3538
INFO:__main__:Predicted mean: -0.3633
INFO:__main__:Predicted uncertainity -0.7189
INFO:__main__:Completed epoch 62 of 100

INFO:__main__:NLL: 0.0657, L2: 0.0090, Reg: 0.0567
INFO:__main__:Total loss 0.1314
INFO:__main__:Predicted mean: -0.4637
INFO:__main__:Predicted uncertainity -0.7373
INFO:__main__:Completed epoch 63 of 100

INFO:__main__:NLL: 0.0070, L2: 0.0090, Reg: 0.0567
INFO:__main__:Total loss 0.0726
INFO:__main__:Predicted mean: -0.3299
INFO:__main__:Predicted uncertainity -0.7598
INFO:__main__:Completed epoch 64 of 100

INFO:__main__:NLL: 0.0480, L2: 0.0087, Reg: 0.0567
INFO:__main__:Total loss 0.1134
INFO:__main__:Predicted mean: -0.3904
INFO:__main__:Predicted uncertainity -0.7812
INFO:__main__:Completed epoch 65 of 100

INFO:__main__:NLL: 0.1790, L2: 0.0091, Reg: 0.0567
INFO:__main__:Total loss 0.2448
INFO:__main__:Predicted mean: -0.3929
INFO:__main__:Predicted uncertainity -0.7365
INFO:__main__:Completed epoch 66 of 100

INFO:__main__:NLL: 0.0189, L2: 0.0088, Reg: 0.0567
INFO:__main__:Total loss 0.0843
INFO:__main__:Predicted mean: -0.3666
INFO:__main__:Predicted uncertainity -0.7336
INFO:__main__:Completed epoch 67 of 100

INFO:__main__:NLL: 0.0102, L2: 0.0089, Reg: 0.0567
INFO:__main__:Total loss 0.0758
INFO:__main__:Predicted mean: -0.3241
INFO:__main__:Predicted uncertainity -0.7943
INFO:__main__:Completed epoch 68 of 100

INFO:__main__:NLL: 0.0655, L2: 0.0085, Reg: 0.0567
INFO:__main__:Total loss 0.1307
INFO:__main__:Predicted mean: -0.3524
INFO:__main__:Predicted uncertainity -0.7242
INFO:__main__:Completed epoch 69 of 100

INFO:__main__:NLL: 0.3340, L2: 0.0089, Reg: 0.0567
INFO:__main__:Total loss 0.3996
INFO:__main__:Predicted mean: -0.4408
INFO:__main__:Predicted uncertainity -0.6929
INFO:__main__:Completed epoch 70 of 100

INFO:__main__:NLL: -0.0531, L2: 0.0086, Reg: 0.0567
INFO:__main__:Total loss 0.0122
INFO:__main__:Predicted mean: -0.3941
INFO:__main__:Predicted uncertainity -0.7562
INFO:__main__:Completed epoch 71 of 100

INFO:__main__:NLL: 0.3554, L2: 0.0084, Reg: 0.0567
INFO:__main__:Total loss 0.4205
INFO:__main__:Predicted mean: -0.4113
INFO:__main__:Predicted uncertainity -0.8193
INFO:__main__:Completed epoch 72 of 100

INFO:__main__:NLL: 0.3905, L2: 0.0087, Reg: 0.0567
INFO:__main__:Total loss 0.4559
INFO:__main__:Predicted mean: -0.3789
INFO:__main__:Predicted uncertainity -0.7896
INFO:__main__:Completed epoch 73 of 100

INFO:__main__:NLL: 0.1207, L2: 0.0086, Reg: 0.0567
INFO:__main__:Total loss 0.1861
INFO:__main__:Predicted mean: -0.3607
INFO:__main__:Predicted uncertainity -0.8832
INFO:__main__:Completed epoch 74 of 100

INFO:__main__:NLL: 0.0012, L2: 0.0087, Reg: 0.0567
INFO:__main__:Total loss 0.0666
INFO:__main__:Predicted mean: -0.4189
INFO:__main__:Predicted uncertainity -0.7957
INFO:__main__:Completed epoch 75 of 100

INFO:__main__:NLL: 0.0808, L2: 0.0085, Reg: 0.0567
INFO:__main__:Total loss 0.1460
INFO:__main__:Predicted mean: -0.4026
INFO:__main__:Predicted uncertainity -0.7563
INFO:__main__:Completed epoch 76 of 100

INFO:__main__:NLL: 0.1347, L2: 0.0084, Reg: 0.0567
INFO:__main__:Total loss 0.1997
INFO:__main__:Predicted mean: -0.4145
INFO:__main__:Predicted uncertainity -0.7732
INFO:__main__:Completed epoch 77 of 100

INFO:__main__:NLL: 0.1511, L2: 0.0088, Reg: 0.0567
INFO:__main__:Total loss 0.2167
INFO:__main__:Predicted mean: -0.3045
INFO:__main__:Predicted uncertainity -0.7731
INFO:__main__:Completed epoch 78 of 100

INFO:__main__:NLL: 0.2915, L2: 0.0088, Reg: 0.0567
INFO:__main__:Total loss 0.3570
INFO:__main__:Predicted mean: -0.3250
INFO:__main__:Predicted uncertainity -0.7023
INFO:__main__:Completed epoch 79 of 100

INFO:__main__:NLL: 0.0568, L2: 0.0092, Reg: 0.0567
INFO:__main__:Total loss 0.1227
INFO:__main__:Predicted mean: -0.3588
INFO:__main__:Predicted uncertainity -0.7038
INFO:__main__:Completed epoch 80 of 100

INFO:__main__:NLL: 0.0167, L2: 0.0092, Reg: 0.0567
INFO:__main__:Total loss 0.0826
INFO:__main__:Predicted mean: -0.3898
INFO:__main__:Predicted uncertainity -0.6998
INFO:__main__:Completed epoch 81 of 100

INFO:__main__:NLL: 0.0228, L2: 0.0088, Reg: 0.0567
INFO:__main__:Total loss 0.0883
INFO:__main__:Predicted mean: -0.3642
INFO:__main__:Predicted uncertainity -0.7883
INFO:__main__:Completed epoch 82 of 100

INFO:__main__:NLL: 0.0376, L2: 0.0085, Reg: 0.0567
INFO:__main__:Total loss 0.1028
INFO:__main__:Predicted mean: -0.4162
INFO:__main__:Predicted uncertainity -0.7840
INFO:__main__:Completed epoch 83 of 100

INFO:__main__:NLL: 0.3874, L2: 0.0082, Reg: 0.0567
INFO:__main__:Total loss 0.4522
INFO:__main__:Predicted mean: -0.3823
INFO:__main__:Predicted uncertainity -0.7367
INFO:__main__:Completed epoch 84 of 100

INFO:__main__:NLL: 0.0739, L2: 0.0085, Reg: 0.0567
INFO:__main__:Total loss 0.1391
INFO:__main__:Predicted mean: -0.3943
INFO:__main__:Predicted uncertainity -0.6709
INFO:__main__:Completed epoch 85 of 100

INFO:__main__:NLL: -0.1750, L2: 0.0087, Reg: 0.0567
INFO:__main__:Total loss -0.1096
INFO:__main__:Predicted mean: -0.4067
INFO:__main__:Predicted uncertainity -0.7493
INFO:__main__:Completed epoch 86 of 100

INFO:__main__:NLL: 0.0402, L2: 0.0085, Reg: 0.0567
INFO:__main__:Total loss 0.1055
INFO:__main__:Predicted mean: -0.3717
INFO:__main__:Predicted uncertainity -0.7920
INFO:__main__:Completed epoch 87 of 100

INFO:__main__:NLL: 0.0148, L2: 0.0086, Reg: 0.0567
INFO:__main__:Total loss 0.0800
INFO:__main__:Predicted mean: -0.3922
INFO:__main__:Predicted uncertainity -0.6535
INFO:__main__:Completed epoch 88 of 100

INFO:__main__:NLL: 0.0724, L2: 0.0084, Reg: 0.0567
INFO:__main__:Total loss 0.1376
INFO:__main__:Predicted mean: -0.3108
INFO:__main__:Predicted uncertainity -0.7300
INFO:__main__:Completed epoch 89 of 100

INFO:__main__:NLL: 0.1420, L2: 0.0083, Reg: 0.0567
INFO:__main__:Total loss 0.2069
INFO:__main__:Predicted mean: -0.3998
INFO:__main__:Predicted uncertainity -0.7439
INFO:__main__:Completed epoch 90 of 100

INFO:__main__:NLL: 0.1364, L2: 0.0083, Reg: 0.0567
INFO:__main__:Total loss 0.2014
INFO:__main__:Predicted mean: -0.4176
INFO:__main__:Predicted uncertainity -0.7778
INFO:__main__:Completed epoch 91 of 100

INFO:__main__:NLL: 0.0344, L2: 0.0083, Reg: 0.0567
INFO:__main__:Total loss 0.0994
INFO:__main__:Predicted mean: -0.3896
INFO:__main__:Predicted uncertainity -0.8675
INFO:__main__:Completed epoch 92 of 100

INFO:__main__:NLL: -0.0029, L2: 0.0084, Reg: 0.0567
INFO:__main__:Total loss 0.0621
INFO:__main__:Predicted mean: -0.3950
INFO:__main__:Predicted uncertainity -0.7067
INFO:__main__:Completed epoch 93 of 100

INFO:__main__:NLL: 0.0862, L2: 0.0088, Reg: 0.0567
INFO:__main__:Total loss 0.1517
INFO:__main__:Predicted mean: -0.3460
INFO:__main__:Predicted uncertainity -0.7025
INFO:__main__:Completed epoch 94 of 100

INFO:__main__:NLL: 0.1818, L2: 0.0079, Reg: 0.0567
INFO:__main__:Total loss 0.2464
INFO:__main__:Predicted mean: -0.3728
INFO:__main__:Predicted uncertainity -0.6235
INFO:__main__:Completed epoch 95 of 100

INFO:__main__:NLL: 0.2375, L2: 0.0084, Reg: 0.0567
INFO:__main__:Total loss 0.3026
INFO:__main__:Predicted mean: -0.4018
INFO:__main__:Predicted uncertainity -0.8064
INFO:__main__:Completed epoch 96 of 100

INFO:__main__:NLL: -0.0281, L2: 0.0090, Reg: 0.0567
INFO:__main__:Total loss 0.0376
INFO:__main__:Predicted mean: -0.3183
INFO:__main__:Predicted uncertainity -0.7368
INFO:__main__:Completed epoch 97 of 100

INFO:__main__:NLL: 0.1401, L2: 0.0089, Reg: 0.0567
INFO:__main__:Total loss 0.2057
INFO:__main__:Predicted mean: -0.3369
INFO:__main__:Predicted uncertainity -0.7734
INFO:__main__:Completed epoch 98 of 100

INFO:__main__:NLL: 0.1937, L2: 0.0086, Reg: 0.0567
INFO:__main__:Total loss 0.2590
INFO:__main__:Predicted mean: -0.4413
INFO:__main__:Predicted uncertainity -0.8872
INFO:__main__:Completed epoch 99 of 100

INFO:__main__:NLL: 0.2082, L2: 0.0086, Reg: 0.0567
INFO:__main__:Total loss 0.2736
INFO:__main__:Predicted mean: -0.4085
INFO:__main__:Predicted uncertainity -0.8454
INFO:__main__:Completed epoch 100 of 100

INFO:__main__:482.812777 s
