INFO:__main__:PROCESS RUNNING ON cpu
INFO:__main__:NLL: 0.1076, L2: 0.0628, Reg: 0.0137
INFO:__main__:Total loss 0.1840
INFO:__main__:Predicted mean: -0.5322
INFO:__main__:Predicted uncertainity -0.7604
INFO:__main__:Completed epoch 1 of 100

INFO:__main__:NLL: 0.2315, L2: 0.0534, Reg: 0.0132
INFO:__main__:Total loss 0.2981
INFO:__main__:Predicted mean: -0.4868
INFO:__main__:Predicted uncertainity -0.5908
INFO:__main__:Completed epoch 2 of 100

INFO:__main__:NLL: 0.1492, L2: 0.0459, Reg: 0.0131
INFO:__main__:Total loss 0.2082
INFO:__main__:Predicted mean: -0.4424
INFO:__main__:Predicted uncertainity -0.7317
INFO:__main__:Completed epoch 3 of 100

INFO:__main__:NLL: 0.0945, L2: 0.0516, Reg: 0.0133
INFO:__main__:Total loss 0.1594
INFO:__main__:Predicted mean: -0.5251
INFO:__main__:Predicted uncertainity -0.7366
INFO:__main__:Completed epoch 4 of 100

INFO:__main__:NLL: 0.1296, L2: 0.0492, Reg: 0.0132
INFO:__main__:Total loss 0.1920
INFO:__main__:Predicted mean: -0.4534
INFO:__main__:Predicted uncertainity -0.6817
INFO:__main__:Completed epoch 5 of 100

INFO:__main__:NLL: 0.0398, L2: 0.0510, Reg: 0.0132
INFO:__main__:Total loss 0.1040
INFO:__main__:Predicted mean: -0.4300
INFO:__main__:Predicted uncertainity -0.6911
INFO:__main__:Completed epoch 6 of 100

INFO:__main__:NLL: 0.1244, L2: 0.0441, Reg: 0.0131
INFO:__main__:Total loss 0.1816
INFO:__main__:Predicted mean: -0.4563
INFO:__main__:Predicted uncertainity -0.5517
INFO:__main__:Completed epoch 7 of 100

INFO:__main__:NLL: 0.2310, L2: 0.0519, Reg: 0.0133
INFO:__main__:Total loss 0.2962
INFO:__main__:Predicted mean: -0.4212
INFO:__main__:Predicted uncertainity -0.6991
INFO:__main__:Completed epoch 8 of 100

INFO:__main__:NLL: 0.1221, L2: 0.0514, Reg: 0.0131
INFO:__main__:Total loss 0.1866
INFO:__main__:Predicted mean: -0.4599
INFO:__main__:Predicted uncertainity -0.7388
INFO:__main__:Completed epoch 9 of 100

INFO:__main__:NLL: 0.2696, L2: 0.0531, Reg: 0.0133
INFO:__main__:Total loss 0.3360
INFO:__main__:Predicted mean: -0.4710
INFO:__main__:Predicted uncertainity -0.7233
INFO:__main__:Completed epoch 10 of 100

INFO:__main__:NLL: 0.1911, L2: 0.0521, Reg: 0.0133
INFO:__main__:Total loss 0.2565
INFO:__main__:Predicted mean: -0.5210
INFO:__main__:Predicted uncertainity -0.7609
INFO:__main__:Completed epoch 11 of 100

INFO:__main__:NLL: 0.2281, L2: 0.0490, Reg: 0.0131
INFO:__main__:Total loss 0.2902
INFO:__main__:Predicted mean: -0.4150
INFO:__main__:Predicted uncertainity -0.6522
INFO:__main__:Completed epoch 12 of 100

INFO:__main__:NLL: 0.0628, L2: 0.0517, Reg: 0.0133
INFO:__main__:Total loss 0.1278
INFO:__main__:Predicted mean: -0.4487
INFO:__main__:Predicted uncertainity -0.7917
INFO:__main__:Completed epoch 13 of 100

INFO:__main__:NLL: 0.1260, L2: 0.0495, Reg: 0.0132
INFO:__main__:Total loss 0.1887
INFO:__main__:Predicted mean: -0.4435
INFO:__main__:Predicted uncertainity -0.7521
INFO:__main__:Completed epoch 14 of 100

INFO:__main__:NLL: 0.1081, L2: 0.0530, Reg: 0.0132
INFO:__main__:Total loss 0.1743
INFO:__main__:Predicted mean: -0.4714
INFO:__main__:Predicted uncertainity -0.7035
INFO:__main__:Completed epoch 15 of 100

INFO:__main__:NLL: 0.1295, L2: 0.0526, Reg: 0.0132
INFO:__main__:Total loss 0.1953
INFO:__main__:Predicted mean: -0.4645
INFO:__main__:Predicted uncertainity -0.6632
INFO:__main__:Completed epoch 16 of 100

INFO:__main__:NLL: 0.1020, L2: 0.0500, Reg: 0.0131
INFO:__main__:Total loss 0.1652
INFO:__main__:Predicted mean: -0.4602
INFO:__main__:Predicted uncertainity -0.7328
INFO:__main__:Completed epoch 17 of 100

INFO:__main__:NLL: 0.1380, L2: 0.0539, Reg: 0.0133
INFO:__main__:Total loss 0.2052
INFO:__main__:Predicted mean: -0.4449
INFO:__main__:Predicted uncertainity -0.7190
INFO:__main__:Completed epoch 18 of 100

INFO:__main__:NLL: 0.2230, L2: 0.0505, Reg: 0.0132
INFO:__main__:Total loss 0.2867
INFO:__main__:Predicted mean: -0.4407
INFO:__main__:Predicted uncertainity -0.7079
INFO:__main__:Completed epoch 19 of 100

INFO:__main__:NLL: 0.0888, L2: 0.0548, Reg: 0.0134
INFO:__main__:Total loss 0.1570
INFO:__main__:Predicted mean: -0.4670
INFO:__main__:Predicted uncertainity -0.7789
INFO:__main__:Completed epoch 20 of 100

INFO:__main__:NLL: 0.1258, L2: 0.0515, Reg: 0.0131
INFO:__main__:Total loss 0.1903
INFO:__main__:Predicted mean: -0.4828
INFO:__main__:Predicted uncertainity -0.6166
INFO:__main__:Completed epoch 21 of 100

INFO:__main__:NLL: 0.0274, L2: 0.0521, Reg: 0.0132
INFO:__main__:Total loss 0.0927
INFO:__main__:Predicted mean: -0.4621
INFO:__main__:Predicted uncertainity -0.7172
INFO:__main__:Completed epoch 22 of 100

INFO:__main__:NLL: 0.2493, L2: 0.0520, Reg: 0.0133
INFO:__main__:Total loss 0.3146
INFO:__main__:Predicted mean: -0.4541
INFO:__main__:Predicted uncertainity -0.7862
INFO:__main__:Completed epoch 23 of 100

INFO:__main__:NLL: 0.1096, L2: 0.0546, Reg: 0.0132
INFO:__main__:Total loss 0.1775
INFO:__main__:Predicted mean: -0.4229
INFO:__main__:Predicted uncertainity -0.6293
INFO:__main__:Completed epoch 24 of 100

INFO:__main__:NLL: 0.1773, L2: 0.0401, Reg: 0.0129
INFO:__main__:Total loss 0.2303
INFO:__main__:Predicted mean: -0.4110
INFO:__main__:Predicted uncertainity -0.5700
INFO:__main__:Completed epoch 25 of 100

INFO:__main__:NLL: 0.3403, L2: 0.0486, Reg: 0.0132
INFO:__main__:Total loss 0.4020
INFO:__main__:Predicted mean: -0.4502
INFO:__main__:Predicted uncertainity -0.6265
INFO:__main__:Completed epoch 26 of 100

INFO:__main__:NLL: 0.1671, L2: 0.0481, Reg: 0.0131
INFO:__main__:Total loss 0.2283
INFO:__main__:Predicted mean: -0.3911
INFO:__main__:Predicted uncertainity -0.6129
INFO:__main__:Completed epoch 27 of 100

INFO:__main__:NLL: 0.1392, L2: 0.0527, Reg: 0.0133
INFO:__main__:Total loss 0.2052
INFO:__main__:Predicted mean: -0.4640
INFO:__main__:Predicted uncertainity -0.7845
INFO:__main__:Completed epoch 28 of 100

INFO:__main__:NLL: 0.1448, L2: 0.0464, Reg: 0.0132
INFO:__main__:Total loss 0.2044
INFO:__main__:Predicted mean: -0.4550
INFO:__main__:Predicted uncertainity -0.6940
INFO:__main__:Completed epoch 29 of 100

INFO:__main__:NLL: 0.1252, L2: 0.0518, Reg: 0.0131
INFO:__main__:Total loss 0.1902
INFO:__main__:Predicted mean: -0.4402
INFO:__main__:Predicted uncertainity -0.6048
INFO:__main__:Completed epoch 30 of 100

INFO:__main__:NLL: 0.0795, L2: 0.0503, Reg: 0.0131
INFO:__main__:Total loss 0.1428
INFO:__main__:Predicted mean: -0.4722
INFO:__main__:Predicted uncertainity -0.6500
INFO:__main__:Completed epoch 31 of 100

INFO:__main__:NLL: 0.1537, L2: 0.0417, Reg: 0.0129
INFO:__main__:Total loss 0.2084
INFO:__main__:Predicted mean: -0.4404
INFO:__main__:Predicted uncertainity -0.5201
INFO:__main__:Completed epoch 32 of 100

INFO:__main__:NLL: 0.1917, L2: 0.0563, Reg: 0.0133
INFO:__main__:Total loss 0.2614
INFO:__main__:Predicted mean: -0.4691
INFO:__main__:Predicted uncertainity -0.7760
INFO:__main__:Completed epoch 33 of 100

INFO:__main__:NLL: 0.1776, L2: 0.0522, Reg: 0.0132
INFO:__main__:Total loss 0.2430
INFO:__main__:Predicted mean: -0.4917
INFO:__main__:Predicted uncertainity -0.6927
INFO:__main__:Completed epoch 34 of 100

INFO:__main__:NLL: 0.1296, L2: 0.0536, Reg: 0.0134
INFO:__main__:Total loss 0.1966
INFO:__main__:Predicted mean: -0.4077
INFO:__main__:Predicted uncertainity -0.7561
INFO:__main__:Completed epoch 35 of 100

INFO:__main__:NLL: 0.1263, L2: 0.0531, Reg: 0.0132
INFO:__main__:Total loss 0.1926
INFO:__main__:Predicted mean: -0.4689
INFO:__main__:Predicted uncertainity -0.7437
INFO:__main__:Completed epoch 36 of 100

INFO:__main__:NLL: 0.2404, L2: 0.0451, Reg: 0.0130
INFO:__main__:Total loss 0.2985
INFO:__main__:Predicted mean: -0.4625
INFO:__main__:Predicted uncertainity -0.6041
INFO:__main__:Completed epoch 37 of 100

INFO:__main__:NLL: 0.1276, L2: 0.0481, Reg: 0.0131
INFO:__main__:Total loss 0.1888
INFO:__main__:Predicted mean: -0.4398
INFO:__main__:Predicted uncertainity -0.6169
INFO:__main__:Completed epoch 38 of 100

INFO:__main__:NLL: 0.0701, L2: 0.0518, Reg: 0.0131
INFO:__main__:Total loss 0.1351
INFO:__main__:Predicted mean: -0.4790
INFO:__main__:Predicted uncertainity -0.7435
INFO:__main__:Completed epoch 39 of 100

INFO:__main__:NLL: 0.1254, L2: 0.0483, Reg: 0.0132
INFO:__main__:Total loss 0.1869
INFO:__main__:Predicted mean: -0.4411
INFO:__main__:Predicted uncertainity -0.6245
INFO:__main__:Completed epoch 40 of 100

INFO:__main__:NLL: 0.1129, L2: 0.0526, Reg: 0.0133
INFO:__main__:Total loss 0.1787
INFO:__main__:Predicted mean: -0.4405
INFO:__main__:Predicted uncertainity -0.7097
INFO:__main__:Completed epoch 41 of 100

INFO:__main__:NLL: 0.3338, L2: 0.0526, Reg: 0.0133
INFO:__main__:Total loss 0.3997
INFO:__main__:Predicted mean: -0.4933
INFO:__main__:Predicted uncertainity -0.7532
INFO:__main__:Completed epoch 42 of 100

INFO:__main__:NLL: 0.1587, L2: 0.0520, Reg: 0.0132
INFO:__main__:Total loss 0.2238
INFO:__main__:Predicted mean: -0.5063
INFO:__main__:Predicted uncertainity -0.6477
INFO:__main__:Completed epoch 43 of 100

INFO:__main__:NLL: 0.1681, L2: 0.0552, Reg: 0.0133
INFO:__main__:Total loss 0.2366
INFO:__main__:Predicted mean: -0.4793
INFO:__main__:Predicted uncertainity -0.7939
INFO:__main__:Completed epoch 44 of 100

INFO:__main__:NLL: 0.2096, L2: 0.0502, Reg: 0.0133
INFO:__main__:Total loss 0.2730
INFO:__main__:Predicted mean: -0.3962
INFO:__main__:Predicted uncertainity -0.7534
INFO:__main__:Completed epoch 45 of 100

INFO:__main__:NLL: 0.3453, L2: 0.0488, Reg: 0.0131
INFO:__main__:Total loss 0.4072
INFO:__main__:Predicted mean: -0.4256
INFO:__main__:Predicted uncertainity -0.7084
INFO:__main__:Completed epoch 46 of 100

INFO:__main__:NLL: 0.1083, L2: 0.0548, Reg: 0.0134
INFO:__main__:Total loss 0.1765
INFO:__main__:Predicted mean: -0.5209
INFO:__main__:Predicted uncertainity -0.6935
INFO:__main__:Completed epoch 47 of 100

INFO:__main__:NLL: 0.2330, L2: 0.0485, Reg: 0.0130
INFO:__main__:Total loss 0.2946
INFO:__main__:Predicted mean: -0.4115
INFO:__main__:Predicted uncertainity -0.6305
INFO:__main__:Completed epoch 48 of 100

INFO:__main__:NLL: 0.1015, L2: 0.0536, Reg: 0.0133
INFO:__main__:Total loss 0.1684
INFO:__main__:Predicted mean: -0.4742
INFO:__main__:Predicted uncertainity -0.7869
INFO:__main__:Completed epoch 49 of 100

INFO:__main__:NLL: 0.1232, L2: 0.0467, Reg: 0.0131
INFO:__main__:Total loss 0.1830
INFO:__main__:Predicted mean: -0.4835
INFO:__main__:Predicted uncertainity -0.6575
INFO:__main__:Completed epoch 50 of 100

INFO:__main__:NLL: 0.1362, L2: 0.0569, Reg: 0.0135
INFO:__main__:Total loss 0.2067
INFO:__main__:Predicted mean: -0.4878
INFO:__main__:Predicted uncertainity -0.8615
INFO:__main__:Completed epoch 51 of 100

INFO:__main__:NLL: 0.0837, L2: 0.0474, Reg: 0.0132
INFO:__main__:Total loss 0.1443
INFO:__main__:Predicted mean: -0.4303
INFO:__main__:Predicted uncertainity -0.7102
INFO:__main__:Completed epoch 52 of 100

INFO:__main__:NLL: 0.3083, L2: 0.0558, Reg: 0.0135
INFO:__main__:Total loss 0.3775
INFO:__main__:Predicted mean: -0.5031
INFO:__main__:Predicted uncertainity -0.8693
INFO:__main__:Completed epoch 53 of 100

INFO:__main__:NLL: 0.1055, L2: 0.0510, Reg: 0.0131
INFO:__main__:Total loss 0.1697
INFO:__main__:Predicted mean: -0.4155
INFO:__main__:Predicted uncertainity -0.6597
INFO:__main__:Completed epoch 54 of 100

INFO:__main__:NLL: 0.1789, L2: 0.0472, Reg: 0.0131
INFO:__main__:Total loss 0.2392
INFO:__main__:Predicted mean: -0.4434
INFO:__main__:Predicted uncertainity -0.6925
INFO:__main__:Completed epoch 55 of 100

INFO:__main__:NLL: 0.1396, L2: 0.0499, Reg: 0.0132
INFO:__main__:Total loss 0.2027
INFO:__main__:Predicted mean: -0.4549
INFO:__main__:Predicted uncertainity -0.7312
INFO:__main__:Completed epoch 56 of 100

INFO:__main__:NLL: 0.1957, L2: 0.0498, Reg: 0.0132
INFO:__main__:Total loss 0.2587
INFO:__main__:Predicted mean: -0.4205
INFO:__main__:Predicted uncertainity -0.6859
INFO:__main__:Completed epoch 57 of 100

INFO:__main__:NLL: 0.3070, L2: 0.0580, Reg: 0.0136
INFO:__main__:Total loss 0.3786
INFO:__main__:Predicted mean: -0.4863
INFO:__main__:Predicted uncertainity -0.8359
INFO:__main__:Completed epoch 58 of 100

INFO:__main__:NLL: 0.1365, L2: 0.0480, Reg: 0.0131
INFO:__main__:Total loss 0.1976
INFO:__main__:Predicted mean: -0.4291
INFO:__main__:Predicted uncertainity -0.5928
INFO:__main__:Completed epoch 59 of 100

INFO:__main__:NLL: 0.0946, L2: 0.0528, Reg: 0.0132
INFO:__main__:Total loss 0.1607
INFO:__main__:Predicted mean: -0.4067
INFO:__main__:Predicted uncertainity -0.6543
INFO:__main__:Completed epoch 60 of 100

INFO:__main__:NLL: 0.1441, L2: 0.0437, Reg: 0.0129
INFO:__main__:Total loss 0.2007
INFO:__main__:Predicted mean: -0.4390
INFO:__main__:Predicted uncertainity -0.5842
INFO:__main__:Completed epoch 61 of 100

INFO:__main__:NLL: 0.1967, L2: 0.0467, Reg: 0.0131
INFO:__main__:Total loss 0.2565
INFO:__main__:Predicted mean: -0.4532
INFO:__main__:Predicted uncertainity -0.7162
INFO:__main__:Completed epoch 62 of 100

INFO:__main__:NLL: 0.7727, L2: 0.0648, Reg: 0.0137
INFO:__main__:Total loss 0.8512
INFO:__main__:Predicted mean: -0.5227
INFO:__main__:Predicted uncertainity -0.8461
INFO:__main__:Completed epoch 63 of 100

INFO:__main__:NLL: 0.0912, L2: 0.0607, Reg: 0.0135
INFO:__main__:Total loss 0.1654
INFO:__main__:Predicted mean: -0.5325
INFO:__main__:Predicted uncertainity -0.7158
INFO:__main__:Completed epoch 64 of 100

INFO:__main__:NLL: 0.0057, L2: 0.0520, Reg: 0.0133
INFO:__main__:Total loss 0.0711
INFO:__main__:Predicted mean: -0.4593
INFO:__main__:Predicted uncertainity -0.7330
INFO:__main__:Completed epoch 65 of 100

INFO:__main__:NLL: 0.1515, L2: 0.0529, Reg: 0.0133
INFO:__main__:Total loss 0.2177
INFO:__main__:Predicted mean: -0.4554
INFO:__main__:Predicted uncertainity -0.6927
INFO:__main__:Completed epoch 66 of 100

INFO:__main__:NLL: 0.1029, L2: 0.0560, Reg: 0.0135
INFO:__main__:Total loss 0.1723
INFO:__main__:Predicted mean: -0.4798
INFO:__main__:Predicted uncertainity -0.7490
INFO:__main__:Completed epoch 67 of 100

INFO:__main__:NLL: 0.2166, L2: 0.0510, Reg: 0.0133
INFO:__main__:Total loss 0.2809
INFO:__main__:Predicted mean: -0.4905
INFO:__main__:Predicted uncertainity -0.7209
INFO:__main__:Completed epoch 68 of 100

INFO:__main__:NLL: 0.1485, L2: 0.0555, Reg: 0.0133
INFO:__main__:Total loss 0.2172
INFO:__main__:Predicted mean: -0.4761
INFO:__main__:Predicted uncertainity -0.7376
INFO:__main__:Completed epoch 69 of 100

INFO:__main__:NLL: 0.0932, L2: 0.0472, Reg: 0.0130
INFO:__main__:Total loss 0.1534
INFO:__main__:Predicted mean: -0.4301
INFO:__main__:Predicted uncertainity -0.6355
INFO:__main__:Completed epoch 70 of 100

INFO:__main__:NLL: 0.1924, L2: 0.0406, Reg: 0.0130
INFO:__main__:Total loss 0.2459
INFO:__main__:Predicted mean: -0.4067
INFO:__main__:Predicted uncertainity -0.6422
INFO:__main__:Completed epoch 71 of 100

INFO:__main__:NLL: 0.1313, L2: 0.0504, Reg: 0.0133
INFO:__main__:Total loss 0.1950
INFO:__main__:Predicted mean: -0.4285
INFO:__main__:Predicted uncertainity -0.7069
INFO:__main__:Completed epoch 72 of 100

INFO:__main__:NLL: 0.0801, L2: 0.0449, Reg: 0.0130
INFO:__main__:Total loss 0.1380
INFO:__main__:Predicted mean: -0.4215
INFO:__main__:Predicted uncertainity -0.6615
INFO:__main__:Completed epoch 73 of 100

INFO:__main__:NLL: 0.0389, L2: 0.0507, Reg: 0.0132
INFO:__main__:Total loss 0.1028
INFO:__main__:Predicted mean: -0.4764
INFO:__main__:Predicted uncertainity -0.7555
INFO:__main__:Completed epoch 74 of 100

INFO:__main__:NLL: 0.2763, L2: 0.0524, Reg: 0.0131
INFO:__main__:Total loss 0.3418
INFO:__main__:Predicted mean: -0.4320
INFO:__main__:Predicted uncertainity -0.6322
INFO:__main__:Completed epoch 75 of 100

INFO:__main__:NLL: 0.1573, L2: 0.0541, Reg: 0.0133
INFO:__main__:Total loss 0.2248
INFO:__main__:Predicted mean: -0.4708
INFO:__main__:Predicted uncertainity -0.6339
INFO:__main__:Completed epoch 76 of 100

INFO:__main__:NLL: 0.1206, L2: 0.0523, Reg: 0.0132
INFO:__main__:Total loss 0.1861
INFO:__main__:Predicted mean: -0.4320
INFO:__main__:Predicted uncertainity -0.5861
INFO:__main__:Completed epoch 77 of 100

INFO:__main__:NLL: 0.1169, L2: 0.0525, Reg: 0.0132
INFO:__main__:Total loss 0.1826
INFO:__main__:Predicted mean: -0.5207
INFO:__main__:Predicted uncertainity -0.5419
INFO:__main__:Completed epoch 78 of 100

INFO:__main__:NLL: 0.0835, L2: 0.0495, Reg: 0.0131
INFO:__main__:Total loss 0.1461
INFO:__main__:Predicted mean: -0.4372
INFO:__main__:Predicted uncertainity -0.7241
INFO:__main__:Completed epoch 79 of 100

INFO:__main__:NLL: 0.0745, L2: 0.0525, Reg: 0.0132
INFO:__main__:Total loss 0.1402
INFO:__main__:Predicted mean: -0.4581
INFO:__main__:Predicted uncertainity -0.7473
INFO:__main__:Completed epoch 80 of 100

INFO:__main__:NLL: 0.1731, L2: 0.0508, Reg: 0.0131
INFO:__main__:Total loss 0.2370
INFO:__main__:Predicted mean: -0.4473
INFO:__main__:Predicted uncertainity -0.7159
INFO:__main__:Completed epoch 81 of 100

INFO:__main__:NLL: 0.1747, L2: 0.0491, Reg: 0.0132
INFO:__main__:Total loss 0.2371
INFO:__main__:Predicted mean: -0.3978
INFO:__main__:Predicted uncertainity -0.6583
INFO:__main__:Completed epoch 82 of 100

INFO:__main__:NLL: 0.1850, L2: 0.0430, Reg: 0.0131
INFO:__main__:Total loss 0.2410
INFO:__main__:Predicted mean: -0.3948
INFO:__main__:Predicted uncertainity -0.7106
INFO:__main__:Completed epoch 83 of 100

INFO:__main__:NLL: 0.1008, L2: 0.0464, Reg: 0.0131
INFO:__main__:Total loss 0.1604
INFO:__main__:Predicted mean: -0.4365
INFO:__main__:Predicted uncertainity -0.6887
INFO:__main__:Completed epoch 84 of 100

INFO:__main__:NLL: 0.1637, L2: 0.0516, Reg: 0.0132
INFO:__main__:Total loss 0.2285
INFO:__main__:Predicted mean: -0.4665
INFO:__main__:Predicted uncertainity -0.6207
INFO:__main__:Completed epoch 85 of 100

INFO:__main__:NLL: 0.1517, L2: 0.0580, Reg: 0.0135
INFO:__main__:Total loss 0.2232
INFO:__main__:Predicted mean: -0.4933
INFO:__main__:Predicted uncertainity -0.7518
INFO:__main__:Completed epoch 86 of 100

INFO:__main__:NLL: 0.1316, L2: 0.0612, Reg: 0.0136
INFO:__main__:Total loss 0.2064
INFO:__main__:Predicted mean: -0.5194
INFO:__main__:Predicted uncertainity -0.7909
INFO:__main__:Completed epoch 87 of 100

INFO:__main__:NLL: 0.3209, L2: 0.0505, Reg: 0.0132
INFO:__main__:Total loss 0.3846
INFO:__main__:Predicted mean: -0.4851
INFO:__main__:Predicted uncertainity -0.7608
INFO:__main__:Completed epoch 88 of 100

INFO:__main__:NLL: 0.3772, L2: 0.0506, Reg: 0.0132
INFO:__main__:Total loss 0.4410
INFO:__main__:Predicted mean: -0.4173
INFO:__main__:Predicted uncertainity -0.7440
INFO:__main__:Completed epoch 89 of 100

INFO:__main__:NLL: 0.1726, L2: 0.0516, Reg: 0.0133
INFO:__main__:Total loss 0.2376
INFO:__main__:Predicted mean: -0.4088
INFO:__main__:Predicted uncertainity -0.6829
INFO:__main__:Completed epoch 90 of 100

INFO:__main__:NLL: 0.1785, L2: 0.0599, Reg: 0.0134
INFO:__main__:Total loss 0.2518
INFO:__main__:Predicted mean: -0.4065
INFO:__main__:Predicted uncertainity -0.6292
INFO:__main__:Completed epoch 91 of 100

INFO:__main__:NLL: -0.0124, L2: 0.0576, Reg: 0.0136
INFO:__main__:Total loss 0.0588
INFO:__main__:Predicted mean: -0.4570
INFO:__main__:Predicted uncertainity -0.6677
INFO:__main__:Completed epoch 92 of 100

INFO:__main__:NLL: 0.2631, L2: 0.0475, Reg: 0.0132
INFO:__main__:Total loss 0.3238
INFO:__main__:Predicted mean: -0.4631
INFO:__main__:Predicted uncertainity -0.6879
INFO:__main__:Completed epoch 93 of 100

INFO:__main__:NLL: 0.2714, L2: 0.0583, Reg: 0.0134
INFO:__main__:Total loss 0.3431
INFO:__main__:Predicted mean: -0.4378
INFO:__main__:Predicted uncertainity -0.8250
INFO:__main__:Completed epoch 94 of 100

INFO:__main__:NLL: 0.1536, L2: 0.0483, Reg: 0.0132
INFO:__main__:Total loss 0.2150
INFO:__main__:Predicted mean: -0.4028
INFO:__main__:Predicted uncertainity -0.7009
INFO:__main__:Completed epoch 95 of 100

INFO:__main__:NLL: 0.2257, L2: 0.0563, Reg: 0.0134
INFO:__main__:Total loss 0.2953
INFO:__main__:Predicted mean: -0.4432
INFO:__main__:Predicted uncertainity -0.7875
INFO:__main__:Completed epoch 96 of 100

INFO:__main__:NLL: 0.1611, L2: 0.0520, Reg: 0.0133
INFO:__main__:Total loss 0.2264
INFO:__main__:Predicted mean: -0.3943
INFO:__main__:Predicted uncertainity -0.6338
INFO:__main__:Completed epoch 97 of 100

INFO:__main__:NLL: 0.0632, L2: 0.0480, Reg: 0.0131
INFO:__main__:Total loss 0.1243
INFO:__main__:Predicted mean: -0.4202
INFO:__main__:Predicted uncertainity -0.6865
INFO:__main__:Completed epoch 98 of 100

INFO:__main__:NLL: 0.0731, L2: 0.0526, Reg: 0.0133
INFO:__main__:Total loss 0.1390
INFO:__main__:Predicted mean: -0.4616
INFO:__main__:Predicted uncertainity -0.7817
INFO:__main__:Completed epoch 99 of 100

INFO:__main__:NLL: 0.2441, L2: 0.0473, Reg: 0.0131
INFO:__main__:Total loss 0.3045
INFO:__main__:Predicted mean: -0.4436
INFO:__main__:Predicted uncertainity -0.7198
INFO:__main__:Completed epoch 100 of 100

INFO:__main__:566.932841 s
