INFO:__main__:PROCESS RUNNING ON cpu
INFO:__main__:NLL: 0.0180, L2: 0.0248, Reg: 0.0057
INFO:__main__:Total loss 0.0485
INFO:__main__:Predicted mean: -0.4301
INFO:__main__:Predicted uncertainity -0.7924
INFO:__main__:Completed epoch 1 of 100

INFO:__main__:NLL: 0.1267, L2: 0.0243, Reg: 0.0057
INFO:__main__:Total loss 0.1567
INFO:__main__:Predicted mean: -0.3910
INFO:__main__:Predicted uncertainity -0.7549
INFO:__main__:Completed epoch 2 of 100

INFO:__main__:NLL: 0.1628, L2: 0.0265, Reg: 0.0057
INFO:__main__:Total loss 0.1949
INFO:__main__:Predicted mean: -0.3526
INFO:__main__:Predicted uncertainity -0.7395
INFO:__main__:Completed epoch 3 of 100

INFO:__main__:NLL: -0.0820, L2: 0.0249, Reg: 0.0057
INFO:__main__:Total loss -0.0514
INFO:__main__:Predicted mean: -0.4327
INFO:__main__:Predicted uncertainity -0.8243
INFO:__main__:Completed epoch 4 of 100

INFO:__main__:NLL: 0.0874, L2: 0.0264, Reg: 0.0057
INFO:__main__:Total loss 0.1194
INFO:__main__:Predicted mean: -0.3336
INFO:__main__:Predicted uncertainity -0.8016
INFO:__main__:Completed epoch 5 of 100

INFO:__main__:NLL: -0.0262, L2: 0.0259, Reg: 0.0057
INFO:__main__:Total loss 0.0054
INFO:__main__:Predicted mean: -0.3755
INFO:__main__:Predicted uncertainity -0.6628
INFO:__main__:Completed epoch 6 of 100

INFO:__main__:NLL: -0.0684, L2: 0.0267, Reg: 0.0057
INFO:__main__:Total loss -0.0360
INFO:__main__:Predicted mean: -0.3464
INFO:__main__:Predicted uncertainity -0.7015
INFO:__main__:Completed epoch 7 of 100

INFO:__main__:NLL: 0.2638, L2: 0.0289, Reg: 0.0057
INFO:__main__:Total loss 0.2984
INFO:__main__:Predicted mean: -0.4261
INFO:__main__:Predicted uncertainity -0.8668
INFO:__main__:Completed epoch 8 of 100

INFO:__main__:NLL: 0.0853, L2: 0.0270, Reg: 0.0057
INFO:__main__:Total loss 0.1180
INFO:__main__:Predicted mean: -0.4574
INFO:__main__:Predicted uncertainity -0.8757
INFO:__main__:Completed epoch 9 of 100

INFO:__main__:NLL: 0.2339, L2: 0.0266, Reg: 0.0057
INFO:__main__:Total loss 0.2661
INFO:__main__:Predicted mean: -0.3944
INFO:__main__:Predicted uncertainity -0.6910
INFO:__main__:Completed epoch 10 of 100

INFO:__main__:NLL: 0.0688, L2: 0.0270, Reg: 0.0057
INFO:__main__:Total loss 0.1015
INFO:__main__:Predicted mean: -0.4179
INFO:__main__:Predicted uncertainity -0.7710
INFO:__main__:Completed epoch 11 of 100

INFO:__main__:NLL: 0.1632, L2: 0.0252, Reg: 0.0057
INFO:__main__:Total loss 0.1940
INFO:__main__:Predicted mean: -0.4518
INFO:__main__:Predicted uncertainity -0.7351
INFO:__main__:Completed epoch 12 of 100

INFO:__main__:NLL: 0.0508, L2: 0.0260, Reg: 0.0057
INFO:__main__:Total loss 0.0825
INFO:__main__:Predicted mean: -0.3677
INFO:__main__:Predicted uncertainity -0.7049
INFO:__main__:Completed epoch 13 of 100

INFO:__main__:NLL: 0.0933, L2: 0.0246, Reg: 0.0057
INFO:__main__:Total loss 0.1235
INFO:__main__:Predicted mean: -0.3719
INFO:__main__:Predicted uncertainity -0.8028
INFO:__main__:Completed epoch 14 of 100

INFO:__main__:NLL: 0.0746, L2: 0.0236, Reg: 0.0057
INFO:__main__:Total loss 0.1039
INFO:__main__:Predicted mean: -0.3591
INFO:__main__:Predicted uncertainity -0.8322
INFO:__main__:Completed epoch 15 of 100

INFO:__main__:NLL: 0.1631, L2: 0.0256, Reg: 0.0057
INFO:__main__:Total loss 0.1944
INFO:__main__:Predicted mean: -0.3757
INFO:__main__:Predicted uncertainity -0.7885
INFO:__main__:Completed epoch 16 of 100

INFO:__main__:NLL: 0.0572, L2: 0.0286, Reg: 0.0057
INFO:__main__:Total loss 0.0915
INFO:__main__:Predicted mean: -0.3782
INFO:__main__:Predicted uncertainity -0.8153
INFO:__main__:Completed epoch 17 of 100

INFO:__main__:NLL: 0.1435, L2: 0.0286, Reg: 0.0057
INFO:__main__:Total loss 0.1777
INFO:__main__:Predicted mean: -0.3465
INFO:__main__:Predicted uncertainity -0.8448
INFO:__main__:Completed epoch 18 of 100

INFO:__main__:NLL: 0.0739, L2: 0.0264, Reg: 0.0057
INFO:__main__:Total loss 0.1060
INFO:__main__:Predicted mean: -0.4216
INFO:__main__:Predicted uncertainity -0.7903
INFO:__main__:Completed epoch 19 of 100

INFO:__main__:NLL: 0.0650, L2: 0.0283, Reg: 0.0057
INFO:__main__:Total loss 0.0990
INFO:__main__:Predicted mean: -0.4140
INFO:__main__:Predicted uncertainity -0.7455
INFO:__main__:Completed epoch 20 of 100

INFO:__main__:NLL: 0.1236, L2: 0.0272, Reg: 0.0057
INFO:__main__:Total loss 0.1564
INFO:__main__:Predicted mean: -0.3712
INFO:__main__:Predicted uncertainity -0.6557
INFO:__main__:Completed epoch 21 of 100

INFO:__main__:NLL: -0.0107, L2: 0.0264, Reg: 0.0057
INFO:__main__:Total loss 0.0214
INFO:__main__:Predicted mean: -0.4163
INFO:__main__:Predicted uncertainity -0.7823
INFO:__main__:Completed epoch 22 of 100

INFO:__main__:NLL: 0.3289, L2: 0.0272, Reg: 0.0057
INFO:__main__:Total loss 0.3618
INFO:__main__:Predicted mean: -0.3899
INFO:__main__:Predicted uncertainity -0.8179
INFO:__main__:Completed epoch 23 of 100

INFO:__main__:NLL: 0.0552, L2: 0.0262, Reg: 0.0057
INFO:__main__:Total loss 0.0871
INFO:__main__:Predicted mean: -0.3607
INFO:__main__:Predicted uncertainity -0.6783
INFO:__main__:Completed epoch 24 of 100

INFO:__main__:NLL: 0.1486, L2: 0.0265, Reg: 0.0057
INFO:__main__:Total loss 0.1808
INFO:__main__:Predicted mean: -0.3340
INFO:__main__:Predicted uncertainity -0.6538
INFO:__main__:Completed epoch 25 of 100

INFO:__main__:NLL: 0.2151, L2: 0.0289, Reg: 0.0057
INFO:__main__:Total loss 0.2497
INFO:__main__:Predicted mean: -0.3325
INFO:__main__:Predicted uncertainity -0.6806
INFO:__main__:Completed epoch 26 of 100

INFO:__main__:NLL: 0.0926, L2: 0.0262, Reg: 0.0057
INFO:__main__:Total loss 0.1245
INFO:__main__:Predicted mean: -0.3078
INFO:__main__:Predicted uncertainity -0.7057
INFO:__main__:Completed epoch 27 of 100

INFO:__main__:NLL: 0.0604, L2: 0.0272, Reg: 0.0057
INFO:__main__:Total loss 0.0933
INFO:__main__:Predicted mean: -0.3600
INFO:__main__:Predicted uncertainity -0.8435
INFO:__main__:Completed epoch 28 of 100

INFO:__main__:NLL: 0.1210, L2: 0.0277, Reg: 0.0057
INFO:__main__:Total loss 0.1544
INFO:__main__:Predicted mean: -0.3486
INFO:__main__:Predicted uncertainity -0.7332
INFO:__main__:Completed epoch 29 of 100

INFO:__main__:NLL: 0.0958, L2: 0.0280, Reg: 0.0057
INFO:__main__:Total loss 0.1295
INFO:__main__:Predicted mean: -0.3508
INFO:__main__:Predicted uncertainity -0.6787
INFO:__main__:Completed epoch 30 of 100

INFO:__main__:NLL: -0.0622, L2: 0.0273, Reg: 0.0057
INFO:__main__:Total loss -0.0293
INFO:__main__:Predicted mean: -0.3648
INFO:__main__:Predicted uncertainity -0.8179
INFO:__main__:Completed epoch 31 of 100

INFO:__main__:NLL: 0.1053, L2: 0.0296, Reg: 0.0057
INFO:__main__:Total loss 0.1406
INFO:__main__:Predicted mean: -0.3810
INFO:__main__:Predicted uncertainity -0.7331
INFO:__main__:Completed epoch 32 of 100

INFO:__main__:NLL: 0.1427, L2: 0.0264, Reg: 0.0057
INFO:__main__:Total loss 0.1749
INFO:__main__:Predicted mean: -0.4012
INFO:__main__:Predicted uncertainity -0.7907
INFO:__main__:Completed epoch 33 of 100

INFO:__main__:NLL: 0.1550, L2: 0.0261, Reg: 0.0057
INFO:__main__:Total loss 0.1867
INFO:__main__:Predicted mean: -0.3756
INFO:__main__:Predicted uncertainity -0.7522
INFO:__main__:Completed epoch 34 of 100

INFO:__main__:NLL: 0.1050, L2: 0.0279, Reg: 0.0057
INFO:__main__:Total loss 0.1386
INFO:__main__:Predicted mean: -0.3555
INFO:__main__:Predicted uncertainity -0.7864
INFO:__main__:Completed epoch 35 of 100

INFO:__main__:NLL: 0.0735, L2: 0.0265, Reg: 0.0057
INFO:__main__:Total loss 0.1057
INFO:__main__:Predicted mean: -0.3282
INFO:__main__:Predicted uncertainity -0.8046
INFO:__main__:Completed epoch 36 of 100

INFO:__main__:NLL: 0.3415, L2: 0.0280, Reg: 0.0057
INFO:__main__:Total loss 0.3751
INFO:__main__:Predicted mean: -0.3970
INFO:__main__:Predicted uncertainity -0.7142
INFO:__main__:Completed epoch 37 of 100

INFO:__main__:NLL: -0.0575, L2: 0.0261, Reg: 0.0057
INFO:__main__:Total loss -0.0257
INFO:__main__:Predicted mean: -0.3536
INFO:__main__:Predicted uncertainity -0.8143
INFO:__main__:Completed epoch 38 of 100

INFO:__main__:NLL: 0.0474, L2: 0.0283, Reg: 0.0057
INFO:__main__:Total loss 0.0814
INFO:__main__:Predicted mean: -0.4207
INFO:__main__:Predicted uncertainity -0.7873
INFO:__main__:Completed epoch 39 of 100

INFO:__main__:NLL: 0.0382, L2: 0.0276, Reg: 0.0057
INFO:__main__:Total loss 0.0714
INFO:__main__:Predicted mean: -0.3581
INFO:__main__:Predicted uncertainity -0.6300
INFO:__main__:Completed epoch 40 of 100

INFO:__main__:NLL: 0.0620, L2: 0.0262, Reg: 0.0057
INFO:__main__:Total loss 0.0939
INFO:__main__:Predicted mean: -0.3237
INFO:__main__:Predicted uncertainity -0.6890
INFO:__main__:Completed epoch 41 of 100

INFO:__main__:NLL: 0.3549, L2: 0.0255, Reg: 0.0057
INFO:__main__:Total loss 0.3862
INFO:__main__:Predicted mean: -0.4224
INFO:__main__:Predicted uncertainity -0.7554
INFO:__main__:Completed epoch 42 of 100

INFO:__main__:NLL: 0.0363, L2: 0.0275, Reg: 0.0057
INFO:__main__:Total loss 0.0695
INFO:__main__:Predicted mean: -0.3470
INFO:__main__:Predicted uncertainity -0.7265
INFO:__main__:Completed epoch 43 of 100

INFO:__main__:NLL: 0.0145, L2: 0.0271, Reg: 0.0057
INFO:__main__:Total loss 0.0473
INFO:__main__:Predicted mean: -0.3626
INFO:__main__:Predicted uncertainity -0.7582
INFO:__main__:Completed epoch 44 of 100

INFO:__main__:NLL: 0.1290, L2: 0.0272, Reg: 0.0057
INFO:__main__:Total loss 0.1618
INFO:__main__:Predicted mean: -0.3385
INFO:__main__:Predicted uncertainity -0.6991
INFO:__main__:Completed epoch 45 of 100

INFO:__main__:NLL: 0.1572, L2: 0.0258, Reg: 0.0057
INFO:__main__:Total loss 0.1886
INFO:__main__:Predicted mean: -0.3424
INFO:__main__:Predicted uncertainity -0.7096
INFO:__main__:Completed epoch 46 of 100

INFO:__main__:NLL: -0.0417, L2: 0.0264, Reg: 0.0057
INFO:__main__:Total loss -0.0096
INFO:__main__:Predicted mean: -0.4267
INFO:__main__:Predicted uncertainity -0.8016
INFO:__main__:Completed epoch 47 of 100

INFO:__main__:NLL: 0.2876, L2: 0.0295, Reg: 0.0057
INFO:__main__:Total loss 0.3227
INFO:__main__:Predicted mean: -0.3714
INFO:__main__:Predicted uncertainity -0.6318
INFO:__main__:Completed epoch 48 of 100

INFO:__main__:NLL: 0.0582, L2: 0.0269, Reg: 0.0057
INFO:__main__:Total loss 0.0908
INFO:__main__:Predicted mean: -0.3963
INFO:__main__:Predicted uncertainity -0.7342
INFO:__main__:Completed epoch 49 of 100

INFO:__main__:NLL: 0.0638, L2: 0.0261, Reg: 0.0057
INFO:__main__:Total loss 0.0956
INFO:__main__:Predicted mean: -0.3858
INFO:__main__:Predicted uncertainity -0.6790
INFO:__main__:Completed epoch 50 of 100

INFO:__main__:NLL: 0.0689, L2: 0.0265, Reg: 0.0057
INFO:__main__:Total loss 0.1011
INFO:__main__:Predicted mean: -0.3879
INFO:__main__:Predicted uncertainity -0.9354
INFO:__main__:Completed epoch 51 of 100

INFO:__main__:NLL: 0.1202, L2: 0.0256, Reg: 0.0057
INFO:__main__:Total loss 0.1514
INFO:__main__:Predicted mean: -0.3796
INFO:__main__:Predicted uncertainity -0.6826
INFO:__main__:Completed epoch 52 of 100

INFO:__main__:NLL: 0.2280, L2: 0.0250, Reg: 0.0057
INFO:__main__:Total loss 0.2587
INFO:__main__:Predicted mean: -0.3981
INFO:__main__:Predicted uncertainity -0.7553
INFO:__main__:Completed epoch 53 of 100

INFO:__main__:NLL: 0.0685, L2: 0.0246, Reg: 0.0057
INFO:__main__:Total loss 0.0987
INFO:__main__:Predicted mean: -0.3284
INFO:__main__:Predicted uncertainity -0.7497
INFO:__main__:Completed epoch 54 of 100

INFO:__main__:NLL: 0.0647, L2: 0.0271, Reg: 0.0057
INFO:__main__:Total loss 0.0975
INFO:__main__:Predicted mean: -0.3490
INFO:__main__:Predicted uncertainity -0.8324
INFO:__main__:Completed epoch 55 of 100

INFO:__main__:NLL: 0.1493, L2: 0.0263, Reg: 0.0057
INFO:__main__:Total loss 0.1812
INFO:__main__:Predicted mean: -0.3841
INFO:__main__:Predicted uncertainity -0.7850
INFO:__main__:Completed epoch 56 of 100

INFO:__main__:NLL: 0.1620, L2: 0.0268, Reg: 0.0057
INFO:__main__:Total loss 0.1945
INFO:__main__:Predicted mean: -0.3560
INFO:__main__:Predicted uncertainity -0.7950
INFO:__main__:Completed epoch 57 of 100

INFO:__main__:NLL: 0.1826, L2: 0.0282, Reg: 0.0057
INFO:__main__:Total loss 0.2165
INFO:__main__:Predicted mean: -0.4032
INFO:__main__:Predicted uncertainity -0.7474
INFO:__main__:Completed epoch 58 of 100

INFO:__main__:NLL: 0.1550, L2: 0.0282, Reg: 0.0057
INFO:__main__:Total loss 0.1889
INFO:__main__:Predicted mean: -0.3720
INFO:__main__:Predicted uncertainity -0.7870
INFO:__main__:Completed epoch 59 of 100

INFO:__main__:NLL: 0.0983, L2: 0.0264, Reg: 0.0057
INFO:__main__:Total loss 0.1304
INFO:__main__:Predicted mean: -0.4181
INFO:__main__:Predicted uncertainity -0.5695
INFO:__main__:Completed epoch 60 of 100

INFO:__main__:NLL: 0.0881, L2: 0.0263, Reg: 0.0057
INFO:__main__:Total loss 0.1200
INFO:__main__:Predicted mean: -0.3378
INFO:__main__:Predicted uncertainity -0.7279
INFO:__main__:Completed epoch 61 of 100

INFO:__main__:NLL: 0.1670, L2: 0.0265, Reg: 0.0057
INFO:__main__:Total loss 0.1991
INFO:__main__:Predicted mean: -0.3903
INFO:__main__:Predicted uncertainity -0.7552
INFO:__main__:Completed epoch 62 of 100

INFO:__main__:NLL: 0.1075, L2: 0.0261, Reg: 0.0057
INFO:__main__:Total loss 0.1392
INFO:__main__:Predicted mean: -0.3371
INFO:__main__:Predicted uncertainity -0.8310
INFO:__main__:Completed epoch 63 of 100

INFO:__main__:NLL: 0.1587, L2: 0.0281, Reg: 0.0057
INFO:__main__:Total loss 0.1925
INFO:__main__:Predicted mean: -0.4063
INFO:__main__:Predicted uncertainity -0.8328
INFO:__main__:Completed epoch 64 of 100

INFO:__main__:NLL: -0.0571, L2: 0.0272, Reg: 0.0057
INFO:__main__:Total loss -0.0243
INFO:__main__:Predicted mean: -0.3851
INFO:__main__:Predicted uncertainity -0.8202
INFO:__main__:Completed epoch 65 of 100

INFO:__main__:NLL: 0.0808, L2: 0.0257, Reg: 0.0057
INFO:__main__:Total loss 0.1121
INFO:__main__:Predicted mean: -0.3735
INFO:__main__:Predicted uncertainity -0.7523
INFO:__main__:Completed epoch 66 of 100

INFO:__main__:NLL: 0.0419, L2: 0.0268, Reg: 0.0057
INFO:__main__:Total loss 0.0744
INFO:__main__:Predicted mean: -0.4024
INFO:__main__:Predicted uncertainity -0.7911
INFO:__main__:Completed epoch 67 of 100

INFO:__main__:NLL: 0.1431, L2: 0.0263, Reg: 0.0057
INFO:__main__:Total loss 0.1750
INFO:__main__:Predicted mean: -0.3582
INFO:__main__:Predicted uncertainity -0.8031
INFO:__main__:Completed epoch 68 of 100

INFO:__main__:NLL: 0.0387, L2: 0.0248, Reg: 0.0057
INFO:__main__:Total loss 0.0692
INFO:__main__:Predicted mean: -0.3542
INFO:__main__:Predicted uncertainity -0.8396
INFO:__main__:Completed epoch 69 of 100

INFO:__main__:NLL: 0.0022, L2: 0.0260, Reg: 0.0057
INFO:__main__:Total loss 0.0339
INFO:__main__:Predicted mean: -0.3515
INFO:__main__:Predicted uncertainity -0.7319
INFO:__main__:Completed epoch 70 of 100

INFO:__main__:NLL: 0.1029, L2: 0.0263, Reg: 0.0057
INFO:__main__:Total loss 0.1349
INFO:__main__:Predicted mean: -0.3364
INFO:__main__:Predicted uncertainity -0.7081
INFO:__main__:Completed epoch 71 of 100

INFO:__main__:NLL: 0.0199, L2: 0.0271, Reg: 0.0057
INFO:__main__:Total loss 0.0526
INFO:__main__:Predicted mean: -0.3289
INFO:__main__:Predicted uncertainity -0.7380
INFO:__main__:Completed epoch 72 of 100

INFO:__main__:NLL: 0.0286, L2: 0.0253, Reg: 0.0057
INFO:__main__:Total loss 0.0596
INFO:__main__:Predicted mean: -0.3500
INFO:__main__:Predicted uncertainity -0.7043
INFO:__main__:Completed epoch 73 of 100

INFO:__main__:NLL: -0.0680, L2: 0.0272, Reg: 0.0057
INFO:__main__:Total loss -0.0352
INFO:__main__:Predicted mean: -0.3734
INFO:__main__:Predicted uncertainity -0.9442
INFO:__main__:Completed epoch 74 of 100

INFO:__main__:NLL: 0.1913, L2: 0.0278, Reg: 0.0057
INFO:__main__:Total loss 0.2247
INFO:__main__:Predicted mean: -0.3667
INFO:__main__:Predicted uncertainity -0.7223
INFO:__main__:Completed epoch 75 of 100

INFO:__main__:NLL: 0.0895, L2: 0.0291, Reg: 0.0057
INFO:__main__:Total loss 0.1243
INFO:__main__:Predicted mean: -0.3476
INFO:__main__:Predicted uncertainity -0.6522
INFO:__main__:Completed epoch 76 of 100

INFO:__main__:NLL: 0.1692, L2: 0.0272, Reg: 0.0057
INFO:__main__:Total loss 0.2021
INFO:__main__:Predicted mean: -0.3579
INFO:__main__:Predicted uncertainity -0.6712
INFO:__main__:Completed epoch 77 of 100

INFO:__main__:NLL: -0.0023, L2: 0.0280, Reg: 0.0057
INFO:__main__:Total loss 0.0313
INFO:__main__:Predicted mean: -0.4078
INFO:__main__:Predicted uncertainity -0.6418
INFO:__main__:Completed epoch 78 of 100

INFO:__main__:NLL: 0.1101, L2: 0.0271, Reg: 0.0057
INFO:__main__:Total loss 0.1429
INFO:__main__:Predicted mean: -0.3563
INFO:__main__:Predicted uncertainity -0.7379
INFO:__main__:Completed epoch 79 of 100

INFO:__main__:NLL: 0.0268, L2: 0.0259, Reg: 0.0057
INFO:__main__:Total loss 0.0584
INFO:__main__:Predicted mean: -0.4179
INFO:__main__:Predicted uncertainity -0.6759
INFO:__main__:Completed epoch 80 of 100

INFO:__main__:NLL: 0.0741, L2: 0.0268, Reg: 0.0057
INFO:__main__:Total loss 0.1065
INFO:__main__:Predicted mean: -0.3212
INFO:__main__:Predicted uncertainity -0.6476
INFO:__main__:Completed epoch 81 of 100

INFO:__main__:NLL: 0.0920, L2: 0.0253, Reg: 0.0057
INFO:__main__:Total loss 0.1230
INFO:__main__:Predicted mean: -0.3482
INFO:__main__:Predicted uncertainity -0.7336
INFO:__main__:Completed epoch 82 of 100

INFO:__main__:NLL: 0.2931, L2: 0.0244, Reg: 0.0057
INFO:__main__:Total loss 0.3232
INFO:__main__:Predicted mean: -0.4191
INFO:__main__:Predicted uncertainity -0.7075
INFO:__main__:Completed epoch 83 of 100

INFO:__main__:NLL: -0.0273, L2: 0.0275, Reg: 0.0057
INFO:__main__:Total loss 0.0059
INFO:__main__:Predicted mean: -0.4279
INFO:__main__:Predicted uncertainity -0.6029
INFO:__main__:Completed epoch 84 of 100

INFO:__main__:NLL: 0.0812, L2: 0.0275, Reg: 0.0057
INFO:__main__:Total loss 0.1144
INFO:__main__:Predicted mean: -0.3114
INFO:__main__:Predicted uncertainity -0.8041
INFO:__main__:Completed epoch 85 of 100

INFO:__main__:NLL: 0.0388, L2: 0.0252, Reg: 0.0057
INFO:__main__:Total loss 0.0696
INFO:__main__:Predicted mean: -0.3512
INFO:__main__:Predicted uncertainity -0.7615
INFO:__main__:Completed epoch 86 of 100

INFO:__main__:NLL: 0.0498, L2: 0.0251, Reg: 0.0057
INFO:__main__:Total loss 0.0806
INFO:__main__:Predicted mean: -0.4227
INFO:__main__:Predicted uncertainity -0.7445
INFO:__main__:Completed epoch 87 of 100

INFO:__main__:NLL: 0.2690, L2: 0.0284, Reg: 0.0057
INFO:__main__:Total loss 0.3030
INFO:__main__:Predicted mean: -0.3309
INFO:__main__:Predicted uncertainity -0.8179
INFO:__main__:Completed epoch 88 of 100

INFO:__main__:NLL: 0.3755, L2: 0.0265, Reg: 0.0057
INFO:__main__:Total loss 0.4077
INFO:__main__:Predicted mean: -0.3480
INFO:__main__:Predicted uncertainity -0.7559
INFO:__main__:Completed epoch 89 of 100

INFO:__main__:NLL: 0.1483, L2: 0.0251, Reg: 0.0057
INFO:__main__:Total loss 0.1790
INFO:__main__:Predicted mean: -0.3618
INFO:__main__:Predicted uncertainity -0.6795
INFO:__main__:Completed epoch 90 of 100

INFO:__main__:NLL: 0.1214, L2: 0.0311, Reg: 0.0057
INFO:__main__:Total loss 0.1582
INFO:__main__:Predicted mean: -0.3471
INFO:__main__:Predicted uncertainity -0.7136
INFO:__main__:Completed epoch 91 of 100

INFO:__main__:NLL: 0.0516, L2: 0.0261, Reg: 0.0057
INFO:__main__:Total loss 0.0834
INFO:__main__:Predicted mean: -0.3561
INFO:__main__:Predicted uncertainity -0.7309
INFO:__main__:Completed epoch 92 of 100

INFO:__main__:NLL: 0.2475, L2: 0.0258, Reg: 0.0057
INFO:__main__:Total loss 0.2790
INFO:__main__:Predicted mean: -0.3694
INFO:__main__:Predicted uncertainity -0.7777
INFO:__main__:Completed epoch 93 of 100

INFO:__main__:NLL: 0.2229, L2: 0.0286, Reg: 0.0057
INFO:__main__:Total loss 0.2572
INFO:__main__:Predicted mean: -0.3965
INFO:__main__:Predicted uncertainity -0.8316
INFO:__main__:Completed epoch 94 of 100

INFO:__main__:NLL: 0.1595, L2: 0.0262, Reg: 0.0057
INFO:__main__:Total loss 0.1914
INFO:__main__:Predicted mean: -0.3768
INFO:__main__:Predicted uncertainity -0.7988
INFO:__main__:Completed epoch 95 of 100

INFO:__main__:NLL: 0.1713, L2: 0.0288, Reg: 0.0057
INFO:__main__:Total loss 0.2058
INFO:__main__:Predicted mean: -0.3545
INFO:__main__:Predicted uncertainity -0.7866
INFO:__main__:Completed epoch 96 of 100

INFO:__main__:NLL: 0.1157, L2: 0.0270, Reg: 0.0057
INFO:__main__:Total loss 0.1484
INFO:__main__:Predicted mean: -0.3699
INFO:__main__:Predicted uncertainity -0.7013
INFO:__main__:Completed epoch 97 of 100

INFO:__main__:NLL: -0.0017, L2: 0.0279, Reg: 0.0057
INFO:__main__:Total loss 0.0318
INFO:__main__:Predicted mean: -0.3193
INFO:__main__:Predicted uncertainity -0.7575
INFO:__main__:Completed epoch 98 of 100

INFO:__main__:NLL: -0.0199, L2: 0.0296, Reg: 0.0057
INFO:__main__:Total loss 0.0154
INFO:__main__:Predicted mean: -0.3803
INFO:__main__:Predicted uncertainity -0.8493
INFO:__main__:Completed epoch 99 of 100

INFO:__main__:NLL: 0.1117, L2: 0.0271, Reg: 0.0057
INFO:__main__:Total loss 0.1445
INFO:__main__:Predicted mean: -0.3918
INFO:__main__:Predicted uncertainity -0.8645
INFO:__main__:Completed epoch 100 of 100

INFO:__main__:604.605637 s
