INFO:__main__:PROCESS RUNNING ON cpu
INFO:__main__:NLL: 0.2965, L2: 0.0219, Reg: 0.0618
INFO:__main__:Total loss 0.3802
INFO:__main__:Predicted mean: -0.1475
INFO:__main__:Predicted uncertainity 0.0116
INFO:__main__:Completed epoch 1 of 100

INFO:__main__:NLL: 0.2971, L2: 0.0227, Reg: 0.0441
INFO:__main__:Total loss 0.3640
INFO:__main__:Predicted mean: -0.1500
INFO:__main__:Predicted uncertainity 0.0153
INFO:__main__:Completed epoch 2 of 100

INFO:__main__:NLL: 0.2981, L2: 0.0235, Reg: 0.0491
INFO:__main__:Total loss 0.3708
INFO:__main__:Predicted mean: -0.1521
INFO:__main__:Predicted uncertainity 0.0201
INFO:__main__:Completed epoch 3 of 100

INFO:__main__:NLL: 0.2972, L2: 0.0234, Reg: 0.0427
INFO:__main__:Total loss 0.3632
INFO:__main__:Predicted mean: -0.1521
INFO:__main__:Predicted uncertainity 0.0157
INFO:__main__:Completed epoch 4 of 100

INFO:__main__:NLL: 0.2973, L2: 0.0236, Reg: 0.0760
INFO:__main__:Total loss 0.3969
INFO:__main__:Predicted mean: -0.1527
INFO:__main__:Predicted uncertainity 0.0163
INFO:__main__:Completed epoch 5 of 100

INFO:__main__:NLL: 0.2975, L2: 0.0238, Reg: 0.0532
INFO:__main__:Total loss 0.3745
INFO:__main__:Predicted mean: -0.1529
INFO:__main__:Predicted uncertainity 0.0175
INFO:__main__:Completed epoch 6 of 100

INFO:__main__:NLL: 0.2978, L2: 0.0239, Reg: 0.0844
INFO:__main__:Total loss 0.4060
INFO:__main__:Predicted mean: -0.1532
INFO:__main__:Predicted uncertainity 0.0189
INFO:__main__:Completed epoch 7 of 100

INFO:__main__:NLL: 0.2959, L2: 0.0231, Reg: 0.0518
INFO:__main__:Total loss 0.3708
INFO:__main__:Predicted mean: -0.1517
INFO:__main__:Predicted uncertainity 0.0094
INFO:__main__:Completed epoch 8 of 100

INFO:__main__:NLL: 0.2980, L2: 0.0240, Reg: 0.0749
INFO:__main__:Total loss 0.3969
INFO:__main__:Predicted mean: -0.1533
INFO:__main__:Predicted uncertainity 0.0198
INFO:__main__:Completed epoch 9 of 100

INFO:__main__:NLL: 0.2968, L2: 0.0236, Reg: 0.0647
INFO:__main__:Total loss 0.3851
INFO:__main__:Predicted mean: -0.1525
INFO:__main__:Predicted uncertainity 0.0141
INFO:__main__:Completed epoch 10 of 100

INFO:__main__:NLL: 0.2964, L2: 0.0233, Reg: 0.0469
INFO:__main__:Total loss 0.3666
INFO:__main__:Predicted mean: -0.1517
INFO:__main__:Predicted uncertainity 0.0119
INFO:__main__:Completed epoch 11 of 100

INFO:__main__:NLL: 0.2978, L2: 0.0241, Reg: 0.0583
INFO:__main__:Total loss 0.3801
INFO:__main__:Predicted mean: -0.1535
INFO:__main__:Predicted uncertainity 0.0192
INFO:__main__:Completed epoch 12 of 100

INFO:__main__:NLL: 0.2982, L2: 0.0242, Reg: 0.0564
INFO:__main__:Total loss 0.3788
INFO:__main__:Predicted mean: -0.1536
INFO:__main__:Predicted uncertainity 0.0209
INFO:__main__:Completed epoch 13 of 100

INFO:__main__:NLL: 0.2978, L2: 0.0241, Reg: 0.0532
INFO:__main__:Total loss 0.3751
INFO:__main__:Predicted mean: -0.1534
INFO:__main__:Predicted uncertainity 0.0190
INFO:__main__:Completed epoch 14 of 100

INFO:__main__:NLL: 0.2957, L2: 0.0232, Reg: 0.0589
INFO:__main__:Total loss 0.3778
INFO:__main__:Predicted mean: -0.1515
INFO:__main__:Predicted uncertainity 0.0087
INFO:__main__:Completed epoch 15 of 100

INFO:__main__:NLL: 0.2961, L2: 0.0234, Reg: 0.0753
INFO:__main__:Total loss 0.3948
INFO:__main__:Predicted mean: -0.1519
INFO:__main__:Predicted uncertainity 0.0106
INFO:__main__:Completed epoch 16 of 100

INFO:__main__:NLL: 0.2980, L2: 0.0241, Reg: 0.0354
INFO:__main__:Total loss 0.3576
INFO:__main__:Predicted mean: -0.1534
INFO:__main__:Predicted uncertainity 0.0201
INFO:__main__:Completed epoch 17 of 100

INFO:__main__:NLL: 0.2955, L2: 0.0231, Reg: 0.0410
INFO:__main__:Total loss 0.3596
INFO:__main__:Predicted mean: -0.1513
INFO:__main__:Predicted uncertainity 0.0079
INFO:__main__:Completed epoch 18 of 100

INFO:__main__:NLL: 0.2964, L2: 0.0236, Reg: 0.0635
INFO:__main__:Total loss 0.3835
INFO:__main__:Predicted mean: -0.1523
INFO:__main__:Predicted uncertainity 0.0124
INFO:__main__:Completed epoch 19 of 100

INFO:__main__:NLL: 0.2976, L2: 0.0240, Reg: 0.0507
INFO:__main__:Total loss 0.3724
INFO:__main__:Predicted mean: -0.1532
INFO:__main__:Predicted uncertainity 0.0181
INFO:__main__:Completed epoch 20 of 100

INFO:__main__:NLL: 0.2962, L2: 0.0233, Reg: 0.0581
INFO:__main__:Total loss 0.3776
INFO:__main__:Predicted mean: -0.1518
INFO:__main__:Predicted uncertainity 0.0110
INFO:__main__:Completed epoch 21 of 100

INFO:__main__:NLL: 0.2975, L2: 0.0238, Reg: 0.0533
INFO:__main__:Total loss 0.3746
INFO:__main__:Predicted mean: -0.1529
INFO:__main__:Predicted uncertainity 0.0173
INFO:__main__:Completed epoch 22 of 100

INFO:__main__:NLL: 0.2984, L2: 0.0243, Reg: 0.0704
INFO:__main__:Total loss 0.3932
INFO:__main__:Predicted mean: -0.1538
INFO:__main__:Predicted uncertainity 0.0218
INFO:__main__:Completed epoch 23 of 100

INFO:__main__:NLL: 0.2976, L2: 0.0241, Reg: 0.0498
INFO:__main__:Total loss 0.3715
INFO:__main__:Predicted mean: -0.1534
INFO:__main__:Predicted uncertainity 0.0182
INFO:__main__:Completed epoch 24 of 100

INFO:__main__:NLL: 0.2987, L2: 0.0246, Reg: 0.0451
INFO:__main__:Total loss 0.3684
INFO:__main__:Predicted mean: -0.1544
INFO:__main__:Predicted uncertainity 0.0233
INFO:__main__:Completed epoch 25 of 100

INFO:__main__:NLL: 0.2973, L2: 0.0238, Reg: 0.0591
INFO:__main__:Total loss 0.3802
INFO:__main__:Predicted mean: -0.1528
INFO:__main__:Predicted uncertainity 0.0164
INFO:__main__:Completed epoch 26 of 100

INFO:__main__:NLL: 0.2963, L2: 0.0234, Reg: 0.0486
INFO:__main__:Total loss 0.3683
INFO:__main__:Predicted mean: -0.1521
INFO:__main__:Predicted uncertainity 0.0117
INFO:__main__:Completed epoch 27 of 100

INFO:__main__:NLL: 0.2967, L2: 0.0236, Reg: 0.0523
INFO:__main__:Total loss 0.3726
INFO:__main__:Predicted mean: -0.1525
INFO:__main__:Predicted uncertainity 0.0136
INFO:__main__:Completed epoch 28 of 100

INFO:__main__:NLL: 0.2983, L2: 0.0243, Reg: 0.0577
INFO:__main__:Total loss 0.3803
INFO:__main__:Predicted mean: -0.1537
INFO:__main__:Predicted uncertainity 0.0212
INFO:__main__:Completed epoch 29 of 100

INFO:__main__:NLL: 0.2982, L2: 0.0242, Reg: 0.0515
INFO:__main__:Total loss 0.3738
INFO:__main__:Predicted mean: -0.1536
INFO:__main__:Predicted uncertainity 0.0207
INFO:__main__:Completed epoch 30 of 100

INFO:__main__:NLL: 0.2970, L2: 0.0237, Reg: 0.0575
INFO:__main__:Total loss 0.3782
INFO:__main__:Predicted mean: -0.1528
INFO:__main__:Predicted uncertainity 0.0150
INFO:__main__:Completed epoch 31 of 100

INFO:__main__:NLL: 0.2973, L2: 0.0239, Reg: 0.0546
INFO:__main__:Total loss 0.3757
INFO:__main__:Predicted mean: -0.1530
INFO:__main__:Predicted uncertainity 0.0164
INFO:__main__:Completed epoch 32 of 100

INFO:__main__:NLL: 0.2971, L2: 0.0237, Reg: 0.0595
INFO:__main__:Total loss 0.3803
INFO:__main__:Predicted mean: -0.1525
INFO:__main__:Predicted uncertainity 0.0157
INFO:__main__:Completed epoch 33 of 100

INFO:__main__:NLL: 0.2957, L2: 0.0232, Reg: 0.0652
INFO:__main__:Total loss 0.3840
INFO:__main__:Predicted mean: -0.1514
INFO:__main__:Predicted uncertainity 0.0085
INFO:__main__:Completed epoch 34 of 100

INFO:__main__:NLL: 0.2962, L2: 0.0233, Reg: 0.0550
INFO:__main__:Total loss 0.3746
INFO:__main__:Predicted mean: -0.1516
INFO:__main__:Predicted uncertainity 0.0111
INFO:__main__:Completed epoch 35 of 100

INFO:__main__:NLL: 0.2961, L2: 0.0234, Reg: 0.0612
INFO:__main__:Total loss 0.3807
INFO:__main__:Predicted mean: -0.1521
INFO:__main__:Predicted uncertainity 0.0106
INFO:__main__:Completed epoch 36 of 100

INFO:__main__:NLL: 0.2969, L2: 0.0237, Reg: 0.0481
INFO:__main__:Total loss 0.3688
INFO:__main__:Predicted mean: -0.1527
INFO:__main__:Predicted uncertainity 0.0148
INFO:__main__:Completed epoch 37 of 100

INFO:__main__:NLL: 0.2986, L2: 0.0245, Reg: 0.0451
INFO:__main__:Total loss 0.3681
INFO:__main__:Predicted mean: -0.1541
INFO:__main__:Predicted uncertainity 0.0227
INFO:__main__:Completed epoch 38 of 100

INFO:__main__:NLL: 0.2980, L2: 0.0242, Reg: 0.0448
INFO:__main__:Total loss 0.3670
INFO:__main__:Predicted mean: -0.1537
INFO:__main__:Predicted uncertainity 0.0198
INFO:__main__:Completed epoch 39 of 100

INFO:__main__:NLL: 0.2976, L2: 0.0241, Reg: 0.0532
INFO:__main__:Total loss 0.3749
INFO:__main__:Predicted mean: -0.1535
INFO:__main__:Predicted uncertainity 0.0183
INFO:__main__:Completed epoch 40 of 100

INFO:__main__:NLL: 0.2965, L2: 0.0235, Reg: 0.0559
INFO:__main__:Total loss 0.3758
INFO:__main__:Predicted mean: -0.1521
INFO:__main__:Predicted uncertainity 0.0124
INFO:__main__:Completed epoch 41 of 100

INFO:__main__:NLL: 0.2955, L2: 0.0231, Reg: 0.0613
INFO:__main__:Total loss 0.3799
INFO:__main__:Predicted mean: -0.1512
INFO:__main__:Predicted uncertainity 0.0078
INFO:__main__:Completed epoch 42 of 100

INFO:__main__:NLL: 0.2969, L2: 0.0238, Reg: 0.0465
INFO:__main__:Total loss 0.3672
INFO:__main__:Predicted mean: -0.1528
INFO:__main__:Predicted uncertainity 0.0148
INFO:__main__:Completed epoch 43 of 100

INFO:__main__:NLL: 0.2974, L2: 0.0239, Reg: 0.0610
INFO:__main__:Total loss 0.3824
INFO:__main__:Predicted mean: -0.1531
INFO:__main__:Predicted uncertainity 0.0171
INFO:__main__:Completed epoch 44 of 100

INFO:__main__:NLL: 0.2965, L2: 0.0236, Reg: 0.0663
INFO:__main__:Total loss 0.3864
INFO:__main__:Predicted mean: -0.1524
INFO:__main__:Predicted uncertainity 0.0127
INFO:__main__:Completed epoch 45 of 100

INFO:__main__:NLL: 0.2973, L2: 0.0239, Reg: 0.0456
INFO:__main__:Total loss 0.3669
INFO:__main__:Predicted mean: -0.1531
INFO:__main__:Predicted uncertainity 0.0168
INFO:__main__:Completed epoch 46 of 100

INFO:__main__:NLL: 0.2972, L2: 0.0239, Reg: 0.0550
INFO:__main__:Total loss 0.3761
INFO:__main__:Predicted mean: -0.1531
INFO:__main__:Predicted uncertainity 0.0163
INFO:__main__:Completed epoch 47 of 100

INFO:__main__:NLL: 0.2976, L2: 0.0239, Reg: 0.0504
INFO:__main__:Total loss 0.3719
INFO:__main__:Predicted mean: -0.1530
INFO:__main__:Predicted uncertainity 0.0182
INFO:__main__:Completed epoch 48 of 100

INFO:__main__:NLL: 0.2983, L2: 0.0243, Reg: 0.0561
INFO:__main__:Total loss 0.3788
INFO:__main__:Predicted mean: -0.1538
INFO:__main__:Predicted uncertainity 0.0216
INFO:__main__:Completed epoch 49 of 100

INFO:__main__:NLL: 0.2972, L2: 0.0238, Reg: 0.0529
INFO:__main__:Total loss 0.3739
INFO:__main__:Predicted mean: -0.1529
INFO:__main__:Predicted uncertainity 0.0161
INFO:__main__:Completed epoch 50 of 100

INFO:__main__:NLL: 0.2944, L2: 0.0228, Reg: 0.0700
INFO:__main__:Total loss 0.3873
INFO:__main__:Predicted mean: -0.1505
INFO:__main__:Predicted uncertainity 0.0025
INFO:__main__:Completed epoch 51 of 100

INFO:__main__:NLL: 0.2975, L2: 0.0239, Reg: 0.0492
INFO:__main__:Total loss 0.3706
INFO:__main__:Predicted mean: -0.1529
INFO:__main__:Predicted uncertainity 0.0173
INFO:__main__:Completed epoch 52 of 100

INFO:__main__:NLL: 0.2965, L2: 0.0235, Reg: 0.0443
INFO:__main__:Total loss 0.3642
INFO:__main__:Predicted mean: -0.1521
INFO:__main__:Predicted uncertainity 0.0125
INFO:__main__:Completed epoch 53 of 100

INFO:__main__:NLL: 0.2963, L2: 0.0235, Reg: 0.0559
INFO:__main__:Total loss 0.3757
INFO:__main__:Predicted mean: -0.1522
INFO:__main__:Predicted uncertainity 0.0118
INFO:__main__:Completed epoch 54 of 100

INFO:__main__:NLL: 0.2969, L2: 0.0238, Reg: 0.0528
INFO:__main__:Total loss 0.3734
INFO:__main__:Predicted mean: -0.1527
INFO:__main__:Predicted uncertainity 0.0145
INFO:__main__:Completed epoch 55 of 100

INFO:__main__:NLL: 0.2976, L2: 0.0240, Reg: 0.0590
INFO:__main__:Total loss 0.3806
INFO:__main__:Predicted mean: -0.1533
INFO:__main__:Predicted uncertainity 0.0183
INFO:__main__:Completed epoch 56 of 100

INFO:__main__:NLL: 0.2959, L2: 0.0233, Reg: 0.0559
INFO:__main__:Total loss 0.3751
INFO:__main__:Predicted mean: -0.1516
INFO:__main__:Predicted uncertainity 0.0098
INFO:__main__:Completed epoch 57 of 100

INFO:__main__:NLL: 0.2958, L2: 0.0233, Reg: 0.0574
INFO:__main__:Total loss 0.3765
INFO:__main__:Predicted mean: -0.1517
INFO:__main__:Predicted uncertainity 0.0093
INFO:__main__:Completed epoch 58 of 100

INFO:__main__:NLL: 0.2974, L2: 0.0239, Reg: 0.0705
INFO:__main__:Total loss 0.3918
INFO:__main__:Predicted mean: -0.1530
INFO:__main__:Predicted uncertainity 0.0172
INFO:__main__:Completed epoch 59 of 100

INFO:__main__:NLL: 0.2969, L2: 0.0238, Reg: 0.0508
INFO:__main__:Total loss 0.3715
INFO:__main__:Predicted mean: -0.1530
INFO:__main__:Predicted uncertainity 0.0148
INFO:__main__:Completed epoch 60 of 100

INFO:__main__:NLL: 0.2975, L2: 0.0240, Reg: 0.0597
INFO:__main__:Total loss 0.3812
INFO:__main__:Predicted mean: -0.1533
INFO:__main__:Predicted uncertainity 0.0177
INFO:__main__:Completed epoch 61 of 100

INFO:__main__:NLL: 0.2958, L2: 0.0232, Reg: 0.0625
INFO:__main__:Total loss 0.3815
INFO:__main__:Predicted mean: -0.1516
INFO:__main__:Predicted uncertainity 0.0092
INFO:__main__:Completed epoch 62 of 100

INFO:__main__:NLL: 0.2963, L2: 0.0234, Reg: 0.0467
INFO:__main__:Total loss 0.3664
INFO:__main__:Predicted mean: -0.1520
INFO:__main__:Predicted uncertainity 0.0117
INFO:__main__:Completed epoch 63 of 100

INFO:__main__:NLL: 0.2954, L2: 0.0231, Reg: 0.0557
INFO:__main__:Total loss 0.3741
INFO:__main__:Predicted mean: -0.1512
INFO:__main__:Predicted uncertainity 0.0070
INFO:__main__:Completed epoch 64 of 100

INFO:__main__:NLL: 0.2965, L2: 0.0236, Reg: 0.0511
INFO:__main__:Total loss 0.3711
INFO:__main__:Predicted mean: -0.1523
INFO:__main__:Predicted uncertainity 0.0126
INFO:__main__:Completed epoch 65 of 100

INFO:__main__:NLL: 0.2977, L2: 0.0239, Reg: 0.0627
INFO:__main__:Total loss 0.3843
INFO:__main__:Predicted mean: -0.1530
INFO:__main__:Predicted uncertainity 0.0183
INFO:__main__:Completed epoch 66 of 100

INFO:__main__:NLL: 0.2980, L2: 0.0242, Reg: 0.0494
INFO:__main__:Total loss 0.3716
INFO:__main__:Predicted mean: -0.1536
INFO:__main__:Predicted uncertainity 0.0198
INFO:__main__:Completed epoch 67 of 100

INFO:__main__:NLL: 0.2974, L2: 0.0238, Reg: 0.0492
INFO:__main__:Total loss 0.3705
INFO:__main__:Predicted mean: -0.1529
INFO:__main__:Predicted uncertainity 0.0169
INFO:__main__:Completed epoch 68 of 100

INFO:__main__:NLL: 0.2967, L2: 0.0236, Reg: 0.0693
INFO:__main__:Total loss 0.3896
INFO:__main__:Predicted mean: -0.1524
INFO:__main__:Predicted uncertainity 0.0134
INFO:__main__:Completed epoch 69 of 100

INFO:__main__:NLL: 0.2972, L2: 0.0238, Reg: 0.0608
INFO:__main__:Total loss 0.3818
INFO:__main__:Predicted mean: -0.1528
INFO:__main__:Predicted uncertainity 0.0162
INFO:__main__:Completed epoch 70 of 100

INFO:__main__:NLL: 0.2968, L2: 0.0237, Reg: 0.0492
INFO:__main__:Total loss 0.3697
INFO:__main__:Predicted mean: -0.1528
INFO:__main__:Predicted uncertainity 0.0141
INFO:__main__:Completed epoch 71 of 100

INFO:__main__:NLL: 0.2979, L2: 0.0241, Reg: 0.0687
INFO:__main__:Total loss 0.3906
INFO:__main__:Predicted mean: -0.1534
INFO:__main__:Predicted uncertainity 0.0195
INFO:__main__:Completed epoch 72 of 100

INFO:__main__:NLL: 0.2985, L2: 0.0244, Reg: 0.0544
INFO:__main__:Total loss 0.3774
INFO:__main__:Predicted mean: -0.1541
INFO:__main__:Predicted uncertainity 0.0225
INFO:__main__:Completed epoch 73 of 100

INFO:__main__:NLL: 0.2979, L2: 0.0241, Reg: 0.0558
INFO:__main__:Total loss 0.3778
INFO:__main__:Predicted mean: -0.1534
INFO:__main__:Predicted uncertainity 0.0195
INFO:__main__:Completed epoch 74 of 100

INFO:__main__:NLL: 0.2974, L2: 0.0240, Reg: 0.0618
INFO:__main__:Total loss 0.3832
INFO:__main__:Predicted mean: -0.1534
INFO:__main__:Predicted uncertainity 0.0173
INFO:__main__:Completed epoch 75 of 100

INFO:__main__:NLL: 0.2946, L2: 0.0230, Reg: 0.0616
INFO:__main__:Total loss 0.3791
INFO:__main__:Predicted mean: -0.1510
INFO:__main__:Predicted uncertainity 0.0031
INFO:__main__:Completed epoch 76 of 100

INFO:__main__:NLL: 0.2968, L2: 0.0238, Reg: 0.0717
INFO:__main__:Total loss 0.3923
INFO:__main__:Predicted mean: -0.1529
INFO:__main__:Predicted uncertainity 0.0142
INFO:__main__:Completed epoch 77 of 100

INFO:__main__:NLL: 0.2991, L2: 0.0247, Reg: 0.0571
INFO:__main__:Total loss 0.3810
INFO:__main__:Predicted mean: -0.1545
INFO:__main__:Predicted uncertainity 0.0255
INFO:__main__:Completed epoch 78 of 100

INFO:__main__:NLL: 0.2974, L2: 0.0239, Reg: 0.0402
INFO:__main__:Total loss 0.3615
INFO:__main__:Predicted mean: -0.1530
INFO:__main__:Predicted uncertainity 0.0169
INFO:__main__:Completed epoch 79 of 100

INFO:__main__:NLL: 0.2945, L2: 0.0229, Reg: 0.0702
INFO:__main__:Total loss 0.3876
INFO:__main__:Predicted mean: -0.1506
INFO:__main__:Predicted uncertainity 0.0028
INFO:__main__:Completed epoch 80 of 100

INFO:__main__:NLL: 0.2954, L2: 0.0231, Reg: 0.0562
INFO:__main__:Total loss 0.3746
INFO:__main__:Predicted mean: -0.1512
INFO:__main__:Predicted uncertainity 0.0070
INFO:__main__:Completed epoch 81 of 100

INFO:__main__:NLL: 0.2984, L2: 0.0243, Reg: 0.0518
INFO:__main__:Total loss 0.3746
INFO:__main__:Predicted mean: -0.1539
INFO:__main__:Predicted uncertainity 0.0219
INFO:__main__:Completed epoch 82 of 100

INFO:__main__:NLL: 0.2956, L2: 0.0232, Reg: 0.0534
INFO:__main__:Total loss 0.3722
INFO:__main__:Predicted mean: -0.1515
INFO:__main__:Predicted uncertainity 0.0083
INFO:__main__:Completed epoch 83 of 100

INFO:__main__:NLL: 0.2970, L2: 0.0238, Reg: 0.0744
INFO:__main__:Total loss 0.3951
INFO:__main__:Predicted mean: -0.1527
INFO:__main__:Predicted uncertainity 0.0151
INFO:__main__:Completed epoch 84 of 100

INFO:__main__:NLL: 0.2970, L2: 0.0238, Reg: 0.0651
INFO:__main__:Total loss 0.3859
INFO:__main__:Predicted mean: -0.1528
INFO:__main__:Predicted uncertainity 0.0152
INFO:__main__:Completed epoch 85 of 100

INFO:__main__:NLL: 0.2962, L2: 0.0234, Reg: 0.0638
INFO:__main__:Total loss 0.3834
INFO:__main__:Predicted mean: -0.1520
INFO:__main__:Predicted uncertainity 0.0112
INFO:__main__:Completed epoch 86 of 100

INFO:__main__:NLL: 0.2959, L2: 0.0233, Reg: 0.0495
INFO:__main__:Total loss 0.3686
INFO:__main__:Predicted mean: -0.1517
INFO:__main__:Predicted uncertainity 0.0095
INFO:__main__:Completed epoch 87 of 100

INFO:__main__:NLL: 0.2967, L2: 0.0236, Reg: 0.0487
INFO:__main__:Total loss 0.3689
INFO:__main__:Predicted mean: -0.1523
INFO:__main__:Predicted uncertainity 0.0136
INFO:__main__:Completed epoch 88 of 100

INFO:__main__:NLL: 0.2974, L2: 0.0238, Reg: 0.0659
INFO:__main__:Total loss 0.3872
INFO:__main__:Predicted mean: -0.1528
INFO:__main__:Predicted uncertainity 0.0171
INFO:__main__:Completed epoch 89 of 100

INFO:__main__:NLL: 0.2990, L2: 0.0247, Reg: 0.0514
INFO:__main__:Total loss 0.3751
INFO:__main__:Predicted mean: -0.1544
INFO:__main__:Predicted uncertainity 0.0247
INFO:__main__:Completed epoch 90 of 100

INFO:__main__:NLL: 0.2951, L2: 0.0230, Reg: 0.0655
INFO:__main__:Total loss 0.3837
INFO:__main__:Predicted mean: -0.1511
INFO:__main__:Predicted uncertainity 0.0058
INFO:__main__:Completed epoch 91 of 100

INFO:__main__:NLL: 0.2965, L2: 0.0236, Reg: 0.0578
INFO:__main__:Total loss 0.3780
INFO:__main__:Predicted mean: -0.1525
INFO:__main__:Predicted uncertainity 0.0127
INFO:__main__:Completed epoch 92 of 100

INFO:__main__:NLL: 0.2971, L2: 0.0238, Reg: 0.0541
INFO:__main__:Total loss 0.3750
INFO:__main__:Predicted mean: -0.1527
INFO:__main__:Predicted uncertainity 0.0158
INFO:__main__:Completed epoch 93 of 100

INFO:__main__:NLL: 0.2957, L2: 0.0232, Reg: 0.0519
INFO:__main__:Total loss 0.3708
INFO:__main__:Predicted mean: -0.1514
INFO:__main__:Predicted uncertainity 0.0089
INFO:__main__:Completed epoch 94 of 100

INFO:__main__:NLL: 0.2971, L2: 0.0239, Reg: 0.0501
INFO:__main__:Total loss 0.3711
INFO:__main__:Predicted mean: -0.1530
INFO:__main__:Predicted uncertainity 0.0158
INFO:__main__:Completed epoch 95 of 100

INFO:__main__:NLL: 0.2967, L2: 0.0236, Reg: 0.0549
INFO:__main__:Total loss 0.3752
INFO:__main__:Predicted mean: -0.1524
INFO:__main__:Predicted uncertainity 0.0134
INFO:__main__:Completed epoch 96 of 100

INFO:__main__:NLL: 0.2966, L2: 0.0237, Reg: 0.0526
INFO:__main__:Total loss 0.3729
INFO:__main__:Predicted mean: -0.1527
INFO:__main__:Predicted uncertainity 0.0133
INFO:__main__:Completed epoch 97 of 100

INFO:__main__:NLL: 0.2965, L2: 0.0236, Reg: 0.0424
INFO:__main__:Total loss 0.3625
INFO:__main__:Predicted mean: -0.1526
INFO:__main__:Predicted uncertainity 0.0128
INFO:__main__:Completed epoch 98 of 100

INFO:__main__:NLL: 0.2974, L2: 0.0239, Reg: 0.0640
INFO:__main__:Total loss 0.3853
INFO:__main__:Predicted mean: -0.1531
INFO:__main__:Predicted uncertainity 0.0171
INFO:__main__:Completed epoch 99 of 100

INFO:__main__:NLL: 0.2958, L2: 0.0233, Reg: 0.0577
INFO:__main__:Total loss 0.3769
INFO:__main__:Predicted mean: -0.1519
INFO:__main__:Predicted uncertainity 0.0092
INFO:__main__:Completed epoch 100 of 100

INFO:__main__:402.523488 s
