INFO:__main__:PROCESS RUNNING ON cpu
INFO:__main__:NLL: 0.1828, L2: 0.0265, Reg: 0.1369
INFO:__main__:Total loss 0.3462
INFO:__main__:Predicted mean: -0.3841
INFO:__main__:Predicted uncertainity -0.6830
INFO:__main__:Completed epoch 1 of 100

INFO:__main__:NLL: 0.0491, L2: 0.0277, Reg: 0.1367
INFO:__main__:Total loss 0.2135
INFO:__main__:Predicted mean: -0.3971
INFO:__main__:Predicted uncertainity -0.7908
INFO:__main__:Completed epoch 2 of 100

INFO:__main__:NLL: 0.0807, L2: 0.0284, Reg: 0.1370
INFO:__main__:Total loss 0.2460
INFO:__main__:Predicted mean: -0.4261
INFO:__main__:Predicted uncertainity -0.7676
INFO:__main__:Completed epoch 3 of 100

INFO:__main__:NLL: -0.0171, L2: 0.0294, Reg: 0.1350
INFO:__main__:Total loss 0.1473
INFO:__main__:Predicted mean: -0.3732
INFO:__main__:Predicted uncertainity -0.7403
INFO:__main__:Completed epoch 4 of 100

INFO:__main__:NLL: 0.1207, L2: 0.0276, Reg: 0.1375
INFO:__main__:Total loss 0.2858
INFO:__main__:Predicted mean: -0.3791
INFO:__main__:Predicted uncertainity -0.7291
INFO:__main__:Completed epoch 5 of 100

INFO:__main__:NLL: 0.1702, L2: 0.0281, Reg: 0.1358
INFO:__main__:Total loss 0.3342
INFO:__main__:Predicted mean: -0.4052
INFO:__main__:Predicted uncertainity -0.6994
INFO:__main__:Completed epoch 6 of 100

INFO:__main__:NLL: 0.1415, L2: 0.0300, Reg: 0.1374
INFO:__main__:Total loss 0.3089
INFO:__main__:Predicted mean: -0.3882
INFO:__main__:Predicted uncertainity -0.7257
INFO:__main__:Completed epoch 7 of 100

INFO:__main__:NLL: 0.2290, L2: 0.0296, Reg: 0.1359
INFO:__main__:Total loss 0.3944
INFO:__main__:Predicted mean: -0.3613
INFO:__main__:Predicted uncertainity -0.6717
INFO:__main__:Completed epoch 8 of 100

INFO:__main__:NLL: 0.0233, L2: 0.0274, Reg: 0.1402
INFO:__main__:Total loss 0.1908
INFO:__main__:Predicted mean: -0.3693
INFO:__main__:Predicted uncertainity -0.8356
INFO:__main__:Completed epoch 9 of 100

INFO:__main__:NLL: 0.2492, L2: 0.0298, Reg: 0.1367
INFO:__main__:Total loss 0.4157
INFO:__main__:Predicted mean: -0.3652
INFO:__main__:Predicted uncertainity -0.7013
INFO:__main__:Completed epoch 10 of 100

INFO:__main__:NLL: 0.0572, L2: 0.0274, Reg: 0.1354
INFO:__main__:Total loss 0.2200
INFO:__main__:Predicted mean: -0.3848
INFO:__main__:Predicted uncertainity -0.7541
INFO:__main__:Completed epoch 11 of 100

INFO:__main__:NLL: 0.1733, L2: 0.0264, Reg: 0.1374
INFO:__main__:Total loss 0.3371
INFO:__main__:Predicted mean: -0.3784
INFO:__main__:Predicted uncertainity -0.6252
INFO:__main__:Completed epoch 12 of 100

INFO:__main__:NLL: 0.0355, L2: 0.0290, Reg: 0.1381
INFO:__main__:Total loss 0.2026
INFO:__main__:Predicted mean: -0.3373
INFO:__main__:Predicted uncertainity -0.7350
INFO:__main__:Completed epoch 13 of 100

INFO:__main__:NLL: 0.2865, L2: 0.0295, Reg: 0.1372
INFO:__main__:Total loss 0.4532
INFO:__main__:Predicted mean: -0.3675
INFO:__main__:Predicted uncertainity -0.7094
INFO:__main__:Completed epoch 14 of 100

INFO:__main__:NLL: 0.1903, L2: 0.0283, Reg: 0.1377
INFO:__main__:Total loss 0.3563
INFO:__main__:Predicted mean: -0.4043
INFO:__main__:Predicted uncertainity -0.7723
INFO:__main__:Completed epoch 15 of 100

INFO:__main__:NLL: 0.1549, L2: 0.0285, Reg: 0.1377
INFO:__main__:Total loss 0.3210
INFO:__main__:Predicted mean: -0.3620
INFO:__main__:Predicted uncertainity -0.7879
INFO:__main__:Completed epoch 16 of 100

INFO:__main__:NLL: 0.0660, L2: 0.0271, Reg: 0.1356
INFO:__main__:Total loss 0.2287
INFO:__main__:Predicted mean: -0.3806
INFO:__main__:Predicted uncertainity -0.7404
INFO:__main__:Completed epoch 17 of 100

INFO:__main__:NLL: 0.1786, L2: 0.0276, Reg: 0.1365
INFO:__main__:Total loss 0.3427
INFO:__main__:Predicted mean: -0.4137
INFO:__main__:Predicted uncertainity -0.7052
INFO:__main__:Completed epoch 18 of 100

INFO:__main__:NLL: -0.0707, L2: 0.0282, Reg: 0.1353
INFO:__main__:Total loss 0.0928
INFO:__main__:Predicted mean: -0.3997
INFO:__main__:Predicted uncertainity -0.7003
INFO:__main__:Completed epoch 19 of 100

INFO:__main__:NLL: 0.1146, L2: 0.0270, Reg: 0.1356
INFO:__main__:Total loss 0.2772
INFO:__main__:Predicted mean: -0.4151
INFO:__main__:Predicted uncertainity -0.6859
INFO:__main__:Completed epoch 20 of 100

INFO:__main__:NLL: -0.0059, L2: 0.0288, Reg: 0.1359
INFO:__main__:Total loss 0.1588
INFO:__main__:Predicted mean: -0.3614
INFO:__main__:Predicted uncertainity -0.7016
INFO:__main__:Completed epoch 21 of 100

INFO:__main__:NLL: 0.0601, L2: 0.0278, Reg: 0.1365
INFO:__main__:Total loss 0.2244
INFO:__main__:Predicted mean: -0.3433
INFO:__main__:Predicted uncertainity -0.7843
INFO:__main__:Completed epoch 22 of 100

INFO:__main__:NLL: 0.1692, L2: 0.0283, Reg: 0.1382
INFO:__main__:Total loss 0.3357
INFO:__main__:Predicted mean: -0.4375
INFO:__main__:Predicted uncertainity -0.6582
INFO:__main__:Completed epoch 23 of 100

INFO:__main__:NLL: 0.2554, L2: 0.0281, Reg: 0.1367
INFO:__main__:Total loss 0.4202
INFO:__main__:Predicted mean: -0.3493
INFO:__main__:Predicted uncertainity -0.6903
INFO:__main__:Completed epoch 24 of 100

INFO:__main__:NLL: 0.2552, L2: 0.0294, Reg: 0.1381
INFO:__main__:Total loss 0.4227
INFO:__main__:Predicted mean: -0.4085
INFO:__main__:Predicted uncertainity -0.7393
INFO:__main__:Completed epoch 25 of 100

INFO:__main__:NLL: -0.0395, L2: 0.0300, Reg: 0.1363
INFO:__main__:Total loss 0.1268
INFO:__main__:Predicted mean: -0.3682
INFO:__main__:Predicted uncertainity -0.6344
INFO:__main__:Completed epoch 26 of 100

INFO:__main__:NLL: 0.3232, L2: 0.0283, Reg: 0.1374
INFO:__main__:Total loss 0.4889
INFO:__main__:Predicted mean: -0.3960
INFO:__main__:Predicted uncertainity -0.7503
INFO:__main__:Completed epoch 27 of 100

INFO:__main__:NLL: 0.1659, L2: 0.0278, Reg: 0.1357
INFO:__main__:Total loss 0.3294
INFO:__main__:Predicted mean: -0.3851
INFO:__main__:Predicted uncertainity -0.6202
INFO:__main__:Completed epoch 28 of 100

INFO:__main__:NLL: 0.1246, L2: 0.0290, Reg: 0.1366
INFO:__main__:Total loss 0.2902
INFO:__main__:Predicted mean: -0.3506
INFO:__main__:Predicted uncertainity -0.7129
INFO:__main__:Completed epoch 29 of 100

INFO:__main__:NLL: 0.1380, L2: 0.0262, Reg: 0.1347
INFO:__main__:Total loss 0.2990
INFO:__main__:Predicted mean: -0.3567
INFO:__main__:Predicted uncertainity -0.6648
INFO:__main__:Completed epoch 30 of 100

INFO:__main__:NLL: 0.1626, L2: 0.0271, Reg: 0.1367
INFO:__main__:Total loss 0.3264
INFO:__main__:Predicted mean: -0.4133
INFO:__main__:Predicted uncertainity -0.7331
INFO:__main__:Completed epoch 31 of 100

INFO:__main__:NLL: -0.0647, L2: 0.0279, Reg: 0.1380
INFO:__main__:Total loss 0.1011
INFO:__main__:Predicted mean: -0.3562
INFO:__main__:Predicted uncertainity -0.8435
INFO:__main__:Completed epoch 32 of 100

INFO:__main__:NLL: 0.0855, L2: 0.0288, Reg: 0.1373
INFO:__main__:Total loss 0.2516
INFO:__main__:Predicted mean: -0.4492
INFO:__main__:Predicted uncertainity -0.7541
INFO:__main__:Completed epoch 33 of 100

INFO:__main__:NLL: 0.0499, L2: 0.0283, Reg: 0.1369
INFO:__main__:Total loss 0.2151
INFO:__main__:Predicted mean: -0.3447
INFO:__main__:Predicted uncertainity -0.7306
INFO:__main__:Completed epoch 34 of 100

INFO:__main__:NLL: 0.0199, L2: 0.0271, Reg: 0.1356
INFO:__main__:Total loss 0.1827
INFO:__main__:Predicted mean: -0.4239
INFO:__main__:Predicted uncertainity -0.7172
INFO:__main__:Completed epoch 35 of 100

INFO:__main__:NLL: 0.0278, L2: 0.0262, Reg: 0.1385
INFO:__main__:Total loss 0.1926
INFO:__main__:Predicted mean: -0.3276
INFO:__main__:Predicted uncertainity -0.8015
INFO:__main__:Completed epoch 36 of 100

INFO:__main__:NLL: 0.0043, L2: 0.0282, Reg: 0.1375
INFO:__main__:Total loss 0.1700
INFO:__main__:Predicted mean: -0.3644
INFO:__main__:Predicted uncertainity -0.7713
INFO:__main__:Completed epoch 37 of 100

INFO:__main__:NLL: 0.2540, L2: 0.0290, Reg: 0.1350
INFO:__main__:Total loss 0.4180
INFO:__main__:Predicted mean: -0.3985
INFO:__main__:Predicted uncertainity -0.7324
INFO:__main__:Completed epoch 38 of 100

INFO:__main__:NLL: 0.1621, L2: 0.0294, Reg: 0.1365
INFO:__main__:Total loss 0.3280
INFO:__main__:Predicted mean: -0.4584
INFO:__main__:Predicted uncertainity -0.7055
INFO:__main__:Completed epoch 39 of 100

INFO:__main__:NLL: 0.1128, L2: 0.0289, Reg: 0.1363
INFO:__main__:Total loss 0.2780
INFO:__main__:Predicted mean: -0.4060
INFO:__main__:Predicted uncertainity -0.6339
INFO:__main__:Completed epoch 40 of 100

INFO:__main__:NLL: -0.0291, L2: 0.0280, Reg: 0.1361
INFO:__main__:Total loss 0.1350
INFO:__main__:Predicted mean: -0.3669
INFO:__main__:Predicted uncertainity -0.7202
INFO:__main__:Completed epoch 41 of 100

INFO:__main__:NLL: 0.0582, L2: 0.0287, Reg: 0.1359
INFO:__main__:Total loss 0.2227
INFO:__main__:Predicted mean: -0.4410
INFO:__main__:Predicted uncertainity -0.6294
INFO:__main__:Completed epoch 42 of 100

INFO:__main__:NLL: 0.2256, L2: 0.0291, Reg: 0.1366
INFO:__main__:Total loss 0.3913
INFO:__main__:Predicted mean: -0.4127
INFO:__main__:Predicted uncertainity -0.6983
INFO:__main__:Completed epoch 43 of 100

INFO:__main__:NLL: 0.2452, L2: 0.0293, Reg: 0.1378
INFO:__main__:Total loss 0.4122
INFO:__main__:Predicted mean: -0.4388
INFO:__main__:Predicted uncertainity -0.7559
INFO:__main__:Completed epoch 44 of 100

INFO:__main__:NLL: 0.1772, L2: 0.0249, Reg: 0.1364
INFO:__main__:Total loss 0.3385
INFO:__main__:Predicted mean: -0.4081
INFO:__main__:Predicted uncertainity -0.7662
INFO:__main__:Completed epoch 45 of 100

INFO:__main__:NLL: 0.1353, L2: 0.0252, Reg: 0.1359
INFO:__main__:Total loss 0.2963
INFO:__main__:Predicted mean: -0.3686
INFO:__main__:Predicted uncertainity -0.7561
INFO:__main__:Completed epoch 46 of 100

INFO:__main__:NLL: 0.0616, L2: 0.0263, Reg: 0.1353
INFO:__main__:Total loss 0.2232
INFO:__main__:Predicted mean: -0.4042
INFO:__main__:Predicted uncertainity -0.6906
INFO:__main__:Completed epoch 47 of 100

INFO:__main__:NLL: 0.1376, L2: 0.0291, Reg: 0.1372
INFO:__main__:Total loss 0.3038
INFO:__main__:Predicted mean: -0.4134
INFO:__main__:Predicted uncertainity -0.7024
INFO:__main__:Completed epoch 48 of 100

INFO:__main__:NLL: 0.0056, L2: 0.0274, Reg: 0.1353
INFO:__main__:Total loss 0.1684
INFO:__main__:Predicted mean: -0.3630
INFO:__main__:Predicted uncertainity -0.5993
INFO:__main__:Completed epoch 49 of 100

INFO:__main__:NLL: -0.0023, L2: 0.0286, Reg: 0.1358
INFO:__main__:Total loss 0.1621
INFO:__main__:Predicted mean: -0.3685
INFO:__main__:Predicted uncertainity -0.7053
INFO:__main__:Completed epoch 50 of 100

INFO:__main__:NLL: 0.4574, L2: 0.0269, Reg: 0.1361
INFO:__main__:Total loss 0.6204
INFO:__main__:Predicted mean: -0.3934
INFO:__main__:Predicted uncertainity -0.7544
INFO:__main__:Completed epoch 51 of 100

INFO:__main__:NLL: -0.0521, L2: 0.0263, Reg: 0.1360
INFO:__main__:Total loss 0.1101
INFO:__main__:Predicted mean: -0.3946
INFO:__main__:Predicted uncertainity -0.7923
INFO:__main__:Completed epoch 52 of 100

INFO:__main__:NLL: 0.0648, L2: 0.0264, Reg: 0.1349
INFO:__main__:Total loss 0.2261
INFO:__main__:Predicted mean: -0.3812
INFO:__main__:Predicted uncertainity -0.6086
INFO:__main__:Completed epoch 53 of 100

INFO:__main__:NLL: 0.2566, L2: 0.0272, Reg: 0.1339
INFO:__main__:Total loss 0.4177
INFO:__main__:Predicted mean: -0.3747
INFO:__main__:Predicted uncertainity -0.7010
INFO:__main__:Completed epoch 54 of 100

INFO:__main__:NLL: 0.2396, L2: 0.0291, Reg: 0.1358
INFO:__main__:Total loss 0.4045
INFO:__main__:Predicted mean: -0.3289
INFO:__main__:Predicted uncertainity -0.7733
INFO:__main__:Completed epoch 55 of 100

INFO:__main__:NLL: 0.3053, L2: 0.0282, Reg: 0.1349
INFO:__main__:Total loss 0.4684
INFO:__main__:Predicted mean: -0.3956
INFO:__main__:Predicted uncertainity -0.6724
INFO:__main__:Completed epoch 56 of 100

INFO:__main__:NLL: 0.0555, L2: 0.0283, Reg: 0.1364
INFO:__main__:Total loss 0.2202
INFO:__main__:Predicted mean: -0.3596
INFO:__main__:Predicted uncertainity -0.6780
INFO:__main__:Completed epoch 57 of 100

INFO:__main__:NLL: -0.0095, L2: 0.0279, Reg: 0.1368
INFO:__main__:Total loss 0.1553
INFO:__main__:Predicted mean: -0.4492
INFO:__main__:Predicted uncertainity -0.7492
INFO:__main__:Completed epoch 58 of 100

INFO:__main__:NLL: 0.0030, L2: 0.0272, Reg: 0.1358
INFO:__main__:Total loss 0.1659
INFO:__main__:Predicted mean: -0.3408
INFO:__main__:Predicted uncertainity -0.6900
INFO:__main__:Completed epoch 59 of 100

INFO:__main__:NLL: 0.1137, L2: 0.0297, Reg: 0.1361
INFO:__main__:Total loss 0.2795
INFO:__main__:Predicted mean: -0.3937
INFO:__main__:Predicted uncertainity -0.7022
INFO:__main__:Completed epoch 60 of 100

INFO:__main__:NLL: 0.1891, L2: 0.0288, Reg: 0.1349
INFO:__main__:Total loss 0.3529
INFO:__main__:Predicted mean: -0.3374
INFO:__main__:Predicted uncertainity -0.7144
INFO:__main__:Completed epoch 61 of 100

INFO:__main__:NLL: 0.2331, L2: 0.0273, Reg: 0.1365
INFO:__main__:Total loss 0.3969
INFO:__main__:Predicted mean: -0.3465
INFO:__main__:Predicted uncertainity -0.7578
INFO:__main__:Completed epoch 62 of 100

INFO:__main__:NLL: 0.0559, L2: 0.0280, Reg: 0.1360
INFO:__main__:Total loss 0.2199
INFO:__main__:Predicted mean: -0.4462
INFO:__main__:Predicted uncertainity -0.6842
INFO:__main__:Completed epoch 63 of 100

INFO:__main__:NLL: 0.0218, L2: 0.0298, Reg: 0.1365
INFO:__main__:Total loss 0.1882
INFO:__main__:Predicted mean: -0.3473
INFO:__main__:Predicted uncertainity -0.7080
INFO:__main__:Completed epoch 64 of 100

INFO:__main__:NLL: 0.0448, L2: 0.0280, Reg: 0.1355
INFO:__main__:Total loss 0.2083
INFO:__main__:Predicted mean: -0.3250
INFO:__main__:Predicted uncertainity -0.7055
INFO:__main__:Completed epoch 65 of 100

INFO:__main__:NLL: 0.1075, L2: 0.0282, Reg: 0.1375
INFO:__main__:Total loss 0.2733
INFO:__main__:Predicted mean: -0.4170
INFO:__main__:Predicted uncertainity -0.7334
INFO:__main__:Completed epoch 66 of 100

INFO:__main__:NLL: 0.0582, L2: 0.0273, Reg: 0.1364
INFO:__main__:Total loss 0.2219
INFO:__main__:Predicted mean: -0.3793
INFO:__main__:Predicted uncertainity -0.6298
INFO:__main__:Completed epoch 67 of 100

INFO:__main__:NLL: 0.0135, L2: 0.0276, Reg: 0.1371
INFO:__main__:Total loss 0.1782
INFO:__main__:Predicted mean: -0.3582
INFO:__main__:Predicted uncertainity -0.7653
INFO:__main__:Completed epoch 68 of 100

INFO:__main__:NLL: 0.0185, L2: 0.0293, Reg: 0.1374
INFO:__main__:Total loss 0.1852
INFO:__main__:Predicted mean: -0.4216
INFO:__main__:Predicted uncertainity -0.7200
INFO:__main__:Completed epoch 69 of 100

INFO:__main__:NLL: 0.4515, L2: 0.0284, Reg: 0.1409
INFO:__main__:Total loss 0.6208
INFO:__main__:Predicted mean: -0.4484
INFO:__main__:Predicted uncertainity -0.7018
INFO:__main__:Completed epoch 70 of 100

INFO:__main__:NLL: -0.0251, L2: 0.0282, Reg: 0.1378
INFO:__main__:Total loss 0.1409
INFO:__main__:Predicted mean: -0.3959
INFO:__main__:Predicted uncertainity -0.7072
INFO:__main__:Completed epoch 71 of 100

INFO:__main__:NLL: 0.4057, L2: 0.0295, Reg: 0.1394
INFO:__main__:Total loss 0.5746
INFO:__main__:Predicted mean: -0.4207
INFO:__main__:Predicted uncertainity -0.7820
INFO:__main__:Completed epoch 72 of 100

INFO:__main__:NLL: 0.2615, L2: 0.0287, Reg: 0.1368
INFO:__main__:Total loss 0.4270
INFO:__main__:Predicted mean: -0.4090
INFO:__main__:Predicted uncertainity -0.7783
INFO:__main__:Completed epoch 73 of 100

INFO:__main__:NLL: 0.0397, L2: 0.0286, Reg: 0.1379
INFO:__main__:Total loss 0.2062
INFO:__main__:Predicted mean: -0.4154
INFO:__main__:Predicted uncertainity -0.7477
INFO:__main__:Completed epoch 74 of 100

INFO:__main__:NLL: 0.0795, L2: 0.0298, Reg: 0.1369
INFO:__main__:Total loss 0.2462
INFO:__main__:Predicted mean: -0.4266
INFO:__main__:Predicted uncertainity -0.7056
INFO:__main__:Completed epoch 75 of 100

INFO:__main__:NLL: 0.1308, L2: 0.0275, Reg: 0.1367
INFO:__main__:Total loss 0.2950
INFO:__main__:Predicted mean: -0.4416
INFO:__main__:Predicted uncertainity -0.7412
INFO:__main__:Completed epoch 76 of 100

INFO:__main__:NLL: 0.1660, L2: 0.0269, Reg: 0.1361
INFO:__main__:Total loss 0.3290
INFO:__main__:Predicted mean: -0.4146
INFO:__main__:Predicted uncertainity -0.7464
INFO:__main__:Completed epoch 77 of 100

INFO:__main__:NLL: 0.1731, L2: 0.0262, Reg: 0.1369
INFO:__main__:Total loss 0.3362
INFO:__main__:Predicted mean: -0.3828
INFO:__main__:Predicted uncertainity -0.7123
INFO:__main__:Completed epoch 78 of 100

INFO:__main__:NLL: 0.2690, L2: 0.0268, Reg: 0.1348
INFO:__main__:Total loss 0.4306
INFO:__main__:Predicted mean: -0.3655
INFO:__main__:Predicted uncertainity -0.6477
INFO:__main__:Completed epoch 79 of 100

INFO:__main__:NLL: 0.0419, L2: 0.0299, Reg: 0.1381
INFO:__main__:Total loss 0.2100
INFO:__main__:Predicted mean: -0.3337
INFO:__main__:Predicted uncertainity -0.6310
INFO:__main__:Completed epoch 80 of 100

INFO:__main__:NLL: 0.0939, L2: 0.0278, Reg: 0.1362
INFO:__main__:Total loss 0.2579
INFO:__main__:Predicted mean: -0.4268
INFO:__main__:Predicted uncertainity -0.6417
INFO:__main__:Completed epoch 81 of 100

INFO:__main__:NLL: 0.1392, L2: 0.0285, Reg: 0.1355
INFO:__main__:Total loss 0.3032
INFO:__main__:Predicted mean: -0.4192
INFO:__main__:Predicted uncertainity -0.7138
INFO:__main__:Completed epoch 82 of 100

INFO:__main__:NLL: 0.0131, L2: 0.0265, Reg: 0.1381
INFO:__main__:Total loss 0.1778
INFO:__main__:Predicted mean: -0.3872
INFO:__main__:Predicted uncertainity -0.7715
INFO:__main__:Completed epoch 83 of 100

INFO:__main__:NLL: 0.3561, L2: 0.0293, Reg: 0.1367
INFO:__main__:Total loss 0.5220
INFO:__main__:Predicted mean: -0.3640
INFO:__main__:Predicted uncertainity -0.6891
INFO:__main__:Completed epoch 84 of 100

INFO:__main__:NLL: 0.1099, L2: 0.0277, Reg: 0.1354
INFO:__main__:Total loss 0.2729
INFO:__main__:Predicted mean: -0.3771
INFO:__main__:Predicted uncertainity -0.6562
INFO:__main__:Completed epoch 85 of 100

INFO:__main__:NLL: -0.0005, L2: 0.0271, Reg: 0.1375
INFO:__main__:Total loss 0.1641
INFO:__main__:Predicted mean: -0.4161
INFO:__main__:Predicted uncertainity -0.7857
INFO:__main__:Completed epoch 86 of 100

INFO:__main__:NLL: 0.1262, L2: 0.0268, Reg: 0.1349
INFO:__main__:Total loss 0.2879
INFO:__main__:Predicted mean: -0.4336
INFO:__main__:Predicted uncertainity -0.5772
INFO:__main__:Completed epoch 87 of 100

INFO:__main__:NLL: 0.0732, L2: 0.0293, Reg: 0.1357
INFO:__main__:Total loss 0.2382
INFO:__main__:Predicted mean: -0.3983
INFO:__main__:Predicted uncertainity -0.6638
INFO:__main__:Completed epoch 88 of 100

INFO:__main__:NLL: 0.0182, L2: 0.0271, Reg: 0.1370
INFO:__main__:Total loss 0.1823
INFO:__main__:Predicted mean: -0.3686
INFO:__main__:Predicted uncertainity -0.7731
INFO:__main__:Completed epoch 89 of 100

INFO:__main__:NLL: 0.1504, L2: 0.0277, Reg: 0.1383
INFO:__main__:Total loss 0.3165
INFO:__main__:Predicted mean: -0.4334
INFO:__main__:Predicted uncertainity -0.6806
INFO:__main__:Completed epoch 90 of 100

INFO:__main__:NLL: 0.0877, L2: 0.0267, Reg: 0.1386
INFO:__main__:Total loss 0.2531
INFO:__main__:Predicted mean: -0.4342
INFO:__main__:Predicted uncertainity -0.7915
INFO:__main__:Completed epoch 91 of 100

INFO:__main__:NLL: 0.1546, L2: 0.0267, Reg: 0.1396
INFO:__main__:Total loss 0.3209
INFO:__main__:Predicted mean: -0.3950
INFO:__main__:Predicted uncertainity -0.8594
INFO:__main__:Completed epoch 92 of 100

INFO:__main__:NLL: 0.0869, L2: 0.0288, Reg: 0.1368
INFO:__main__:Total loss 0.2524
INFO:__main__:Predicted mean: -0.4153
INFO:__main__:Predicted uncertainity -0.6284
INFO:__main__:Completed epoch 93 of 100

INFO:__main__:NLL: 0.1020, L2: 0.0303, Reg: 0.1361
INFO:__main__:Total loss 0.2684
INFO:__main__:Predicted mean: -0.3298
INFO:__main__:Predicted uncertainity -0.7263
INFO:__main__:Completed epoch 94 of 100

INFO:__main__:NLL: 0.1970, L2: 0.0263, Reg: 0.1360
INFO:__main__:Total loss 0.3593
INFO:__main__:Predicted mean: -0.3919
INFO:__main__:Predicted uncertainity -0.6906
INFO:__main__:Completed epoch 95 of 100

INFO:__main__:NLL: 0.2294, L2: 0.0267, Reg: 0.1369
INFO:__main__:Total loss 0.3930
INFO:__main__:Predicted mean: -0.4393
INFO:__main__:Predicted uncertainity -0.8064
INFO:__main__:Completed epoch 96 of 100

INFO:__main__:NLL: 0.0205, L2: 0.0254, Reg: 0.1352
INFO:__main__:Total loss 0.1810
INFO:__main__:Predicted mean: -0.3420
INFO:__main__:Predicted uncertainity -0.7007
INFO:__main__:Completed epoch 97 of 100

INFO:__main__:NLL: 0.1686, L2: 0.0271, Reg: 0.1386
INFO:__main__:Total loss 0.3343
INFO:__main__:Predicted mean: -0.3850
INFO:__main__:Predicted uncertainity -0.7148
INFO:__main__:Completed epoch 98 of 100

INFO:__main__:NLL: 0.1664, L2: 0.0284, Reg: 0.1398
INFO:__main__:Total loss 0.3346
INFO:__main__:Predicted mean: -0.4257
INFO:__main__:Predicted uncertainity -0.7861
INFO:__main__:Completed epoch 99 of 100

INFO:__main__:NLL: 0.2087, L2: 0.0269, Reg: 0.1384
INFO:__main__:Total loss 0.3741
INFO:__main__:Predicted mean: -0.3828
INFO:__main__:Predicted uncertainity -0.7869
INFO:__main__:Completed epoch 100 of 100

INFO:__main__:426.437259 s
