INFO:__main__:PROCESS RUNNING ON cpu
INFO:__main__:NLL: 0.2523, L2: 0.0069, Reg: 0.0276
INFO:__main__:Total loss 0.2868
INFO:__main__:Predicted mean: -0.3796
INFO:__main__:Predicted uncertainity -0.6931
INFO:__main__:Completed epoch 1 of 100

INFO:__main__:NLL: 0.0448, L2: 0.0070, Reg: 0.0276
INFO:__main__:Total loss 0.0795
INFO:__main__:Predicted mean: -0.4145
INFO:__main__:Predicted uncertainity -0.7356
INFO:__main__:Completed epoch 2 of 100

INFO:__main__:NLL: 0.0275, L2: 0.0077, Reg: 0.0276
INFO:__main__:Total loss 0.0628
INFO:__main__:Predicted mean: -0.4289
INFO:__main__:Predicted uncertainity -0.6957
INFO:__main__:Completed epoch 3 of 100

INFO:__main__:NLL: -0.0322, L2: 0.0080, Reg: 0.0276
INFO:__main__:Total loss 0.0034
INFO:__main__:Predicted mean: -0.3308
INFO:__main__:Predicted uncertainity -0.7367
INFO:__main__:Completed epoch 4 of 100

INFO:__main__:NLL: 0.0186, L2: 0.0079, Reg: 0.0277
INFO:__main__:Total loss 0.0542
INFO:__main__:Predicted mean: -0.3757
INFO:__main__:Predicted uncertainity -0.7896
INFO:__main__:Completed epoch 5 of 100

INFO:__main__:NLL: 0.0955, L2: 0.0081, Reg: 0.0276
INFO:__main__:Total loss 0.1312
INFO:__main__:Predicted mean: -0.4167
INFO:__main__:Predicted uncertainity -0.7049
INFO:__main__:Completed epoch 6 of 100

INFO:__main__:NLL: 0.1059, L2: 0.0083, Reg: 0.0276
INFO:__main__:Total loss 0.1418
INFO:__main__:Predicted mean: -0.3567
INFO:__main__:Predicted uncertainity -0.7158
INFO:__main__:Completed epoch 7 of 100

INFO:__main__:NLL: 0.2472, L2: 0.0086, Reg: 0.0276
INFO:__main__:Total loss 0.2834
INFO:__main__:Predicted mean: -0.3305
INFO:__main__:Predicted uncertainity -0.7956
INFO:__main__:Completed epoch 8 of 100

INFO:__main__:NLL: 0.0491, L2: 0.0081, Reg: 0.0277
INFO:__main__:Total loss 0.0850
INFO:__main__:Predicted mean: -0.3576
INFO:__main__:Predicted uncertainity -0.8375
INFO:__main__:Completed epoch 9 of 100

INFO:__main__:NLL: 0.4134, L2: 0.0090, Reg: 0.0277
INFO:__main__:Total loss 0.4501
INFO:__main__:Predicted mean: -0.4170
INFO:__main__:Predicted uncertainity -0.7843
INFO:__main__:Completed epoch 10 of 100

INFO:__main__:NLL: 0.0914, L2: 0.0084, Reg: 0.0277
INFO:__main__:Total loss 0.1275
INFO:__main__:Predicted mean: -0.4364
INFO:__main__:Predicted uncertainity -0.8339
INFO:__main__:Completed epoch 11 of 100

INFO:__main__:NLL: 0.2091, L2: 0.0084, Reg: 0.0276
INFO:__main__:Total loss 0.2450
INFO:__main__:Predicted mean: -0.3595
INFO:__main__:Predicted uncertainity -0.6790
INFO:__main__:Completed epoch 12 of 100

INFO:__main__:NLL: 0.0138, L2: 0.0093, Reg: 0.0277
INFO:__main__:Total loss 0.0508
INFO:__main__:Predicted mean: -0.3407
INFO:__main__:Predicted uncertainity -0.8359
INFO:__main__:Completed epoch 13 of 100

INFO:__main__:NLL: 0.2859, L2: 0.0091, Reg: 0.0277
INFO:__main__:Total loss 0.3226
INFO:__main__:Predicted mean: -0.3705
INFO:__main__:Predicted uncertainity -0.7925
INFO:__main__:Completed epoch 14 of 100

INFO:__main__:NLL: 0.1928, L2: 0.0092, Reg: 0.0277
INFO:__main__:Total loss 0.2297
INFO:__main__:Predicted mean: -0.4194
INFO:__main__:Predicted uncertainity -0.7984
INFO:__main__:Completed epoch 15 of 100

INFO:__main__:NLL: 0.2677, L2: 0.0094, Reg: 0.0277
INFO:__main__:Total loss 0.3049
INFO:__main__:Predicted mean: -0.3532
INFO:__main__:Predicted uncertainity -0.8498
INFO:__main__:Completed epoch 16 of 100

INFO:__main__:NLL: 0.0816, L2: 0.0088, Reg: 0.0275
INFO:__main__:Total loss 0.1179
INFO:__main__:Predicted mean: -0.3611
INFO:__main__:Predicted uncertainity -0.7150
INFO:__main__:Completed epoch 17 of 100

INFO:__main__:NLL: 0.1756, L2: 0.0087, Reg: 0.0276
INFO:__main__:Total loss 0.2119
INFO:__main__:Predicted mean: -0.4454
INFO:__main__:Predicted uncertainity -0.7279
INFO:__main__:Completed epoch 18 of 100

INFO:__main__:NLL: -0.0863, L2: 0.0087, Reg: 0.0276
INFO:__main__:Total loss -0.0500
INFO:__main__:Predicted mean: -0.4194
INFO:__main__:Predicted uncertainity -0.7162
INFO:__main__:Completed epoch 19 of 100

INFO:__main__:NLL: 0.1698, L2: 0.0084, Reg: 0.0275
INFO:__main__:Total loss 0.2057
INFO:__main__:Predicted mean: -0.3780
INFO:__main__:Predicted uncertainity -0.6750
INFO:__main__:Completed epoch 20 of 100

INFO:__main__:NLL: 0.0216, L2: 0.0088, Reg: 0.0275
INFO:__main__:Total loss 0.0580
INFO:__main__:Predicted mean: -0.3895
INFO:__main__:Predicted uncertainity -0.6633
INFO:__main__:Completed epoch 21 of 100

INFO:__main__:NLL: -0.0124, L2: 0.0090, Reg: 0.0276
INFO:__main__:Total loss 0.0243
INFO:__main__:Predicted mean: -0.3837
INFO:__main__:Predicted uncertainity -0.8070
INFO:__main__:Completed epoch 22 of 100

INFO:__main__:NLL: 0.0405, L2: 0.0084, Reg: 0.0276
INFO:__main__:Total loss 0.0765
INFO:__main__:Predicted mean: -0.3871
INFO:__main__:Predicted uncertainity -0.7278
INFO:__main__:Completed epoch 23 of 100

INFO:__main__:NLL: 0.3071, L2: 0.0084, Reg: 0.0276
INFO:__main__:Total loss 0.3431
INFO:__main__:Predicted mean: -0.3575
INFO:__main__:Predicted uncertainity -0.7410
INFO:__main__:Completed epoch 24 of 100

INFO:__main__:NLL: 0.1715, L2: 0.0087, Reg: 0.0276
INFO:__main__:Total loss 0.2078
INFO:__main__:Predicted mean: -0.3888
INFO:__main__:Predicted uncertainity -0.7380
INFO:__main__:Completed epoch 25 of 100

INFO:__main__:NLL: -0.1133, L2: 0.0089, Reg: 0.0275
INFO:__main__:Total loss -0.0769
INFO:__main__:Predicted mean: -0.3670
INFO:__main__:Predicted uncertainity -0.6836
INFO:__main__:Completed epoch 26 of 100

INFO:__main__:NLL: 0.3471, L2: 0.0090, Reg: 0.0277
INFO:__main__:Total loss 0.3837
INFO:__main__:Predicted mean: -0.3287
INFO:__main__:Predicted uncertainity -0.8006
INFO:__main__:Completed epoch 27 of 100

INFO:__main__:NLL: 0.1979, L2: 0.0089, Reg: 0.0275
INFO:__main__:Total loss 0.2343
INFO:__main__:Predicted mean: -0.3576
INFO:__main__:Predicted uncertainity -0.6582
INFO:__main__:Completed epoch 28 of 100

INFO:__main__:NLL: 0.0620, L2: 0.0087, Reg: 0.0276
INFO:__main__:Total loss 0.0983
INFO:__main__:Predicted mean: -0.3147
INFO:__main__:Predicted uncertainity -0.7886
INFO:__main__:Completed epoch 29 of 100

INFO:__main__:NLL: 0.1362, L2: 0.0085, Reg: 0.0275
INFO:__main__:Total loss 0.1721
INFO:__main__:Predicted mean: -0.3139
INFO:__main__:Predicted uncertainity -0.6493
INFO:__main__:Completed epoch 30 of 100

INFO:__main__:NLL: 0.1273, L2: 0.0080, Reg: 0.0276
INFO:__main__:Total loss 0.1628
INFO:__main__:Predicted mean: -0.4263
INFO:__main__:Predicted uncertainity -0.7232
INFO:__main__:Completed epoch 31 of 100

INFO:__main__:NLL: -0.0040, L2: 0.0084, Reg: 0.0277
INFO:__main__:Total loss 0.0321
INFO:__main__:Predicted mean: -0.3718
INFO:__main__:Predicted uncertainity -0.8181
INFO:__main__:Completed epoch 32 of 100

INFO:__main__:NLL: 0.1363, L2: 0.0083, Reg: 0.0277
INFO:__main__:Total loss 0.1723
INFO:__main__:Predicted mean: -0.4228
INFO:__main__:Predicted uncertainity -0.7927
INFO:__main__:Completed epoch 33 of 100

INFO:__main__:NLL: 0.0303, L2: 0.0086, Reg: 0.0277
INFO:__main__:Total loss 0.0666
INFO:__main__:Predicted mean: -0.3361
INFO:__main__:Predicted uncertainity -0.8121
INFO:__main__:Completed epoch 34 of 100

INFO:__main__:NLL: -0.0376, L2: 0.0086, Reg: 0.0276
INFO:__main__:Total loss -0.0014
INFO:__main__:Predicted mean: -0.4147
INFO:__main__:Predicted uncertainity -0.7172
INFO:__main__:Completed epoch 35 of 100

INFO:__main__:NLL: 0.1058, L2: 0.0080, Reg: 0.0278
INFO:__main__:Total loss 0.1416
INFO:__main__:Predicted mean: -0.3346
INFO:__main__:Predicted uncertainity -0.8511
INFO:__main__:Completed epoch 36 of 100

INFO:__main__:NLL: -0.0603, L2: 0.0089, Reg: 0.0277
INFO:__main__:Total loss -0.0237
INFO:__main__:Predicted mean: -0.3395
INFO:__main__:Predicted uncertainity -0.8830
INFO:__main__:Completed epoch 37 of 100

INFO:__main__:NLL: 0.2333, L2: 0.0085, Reg: 0.0277
INFO:__main__:Total loss 0.2695
INFO:__main__:Predicted mean: -0.3554
INFO:__main__:Predicted uncertainity -0.8734
INFO:__main__:Completed epoch 38 of 100

INFO:__main__:NLL: 0.1273, L2: 0.0087, Reg: 0.0276
INFO:__main__:Total loss 0.1636
INFO:__main__:Predicted mean: -0.4097
INFO:__main__:Predicted uncertainity -0.7640
INFO:__main__:Completed epoch 39 of 100

INFO:__main__:NLL: 0.1260, L2: 0.0086, Reg: 0.0276
INFO:__main__:Total loss 0.1622
INFO:__main__:Predicted mean: -0.3985
INFO:__main__:Predicted uncertainity -0.6635
INFO:__main__:Completed epoch 40 of 100

INFO:__main__:NLL: -0.0149, L2: 0.0085, Reg: 0.0276
INFO:__main__:Total loss 0.0212
INFO:__main__:Predicted mean: -0.3653
INFO:__main__:Predicted uncertainity -0.7130
INFO:__main__:Completed epoch 41 of 100

INFO:__main__:NLL: 0.1038, L2: 0.0087, Reg: 0.0276
INFO:__main__:Total loss 0.1401
INFO:__main__:Predicted mean: -0.3989
INFO:__main__:Predicted uncertainity -0.7044
INFO:__main__:Completed epoch 42 of 100

INFO:__main__:NLL: 0.2424, L2: 0.0085, Reg: 0.0276
INFO:__main__:Total loss 0.2785
INFO:__main__:Predicted mean: -0.4011
INFO:__main__:Predicted uncertainity -0.7632
INFO:__main__:Completed epoch 43 of 100

INFO:__main__:NLL: 0.2643, L2: 0.0091, Reg: 0.0277
INFO:__main__:Total loss 0.3011
INFO:__main__:Predicted mean: -0.4259
INFO:__main__:Predicted uncertainity -0.7890
INFO:__main__:Completed epoch 44 of 100

INFO:__main__:NLL: 0.1463, L2: 0.0093, Reg: 0.0276
INFO:__main__:Total loss 0.1832
INFO:__main__:Predicted mean: -0.3707
INFO:__main__:Predicted uncertainity -0.7418
INFO:__main__:Completed epoch 45 of 100

INFO:__main__:NLL: 0.1190, L2: 0.0089, Reg: 0.0276
INFO:__main__:Total loss 0.1555
INFO:__main__:Predicted mean: -0.3738
INFO:__main__:Predicted uncertainity -0.7266
INFO:__main__:Completed epoch 46 of 100

INFO:__main__:NLL: -0.0516, L2: 0.0089, Reg: 0.0277
INFO:__main__:Total loss -0.0150
INFO:__main__:Predicted mean: -0.3974
INFO:__main__:Predicted uncertainity -0.8231
INFO:__main__:Completed epoch 47 of 100

INFO:__main__:NLL: 0.0298, L2: 0.0088, Reg: 0.0277
INFO:__main__:Total loss 0.0663
INFO:__main__:Predicted mean: -0.3845
INFO:__main__:Predicted uncertainity -0.8016
INFO:__main__:Completed epoch 48 of 100

INFO:__main__:NLL: -0.0139, L2: 0.0089, Reg: 0.0276
INFO:__main__:Total loss 0.0225
INFO:__main__:Predicted mean: -0.3938
INFO:__main__:Predicted uncertainity -0.6592
INFO:__main__:Completed epoch 49 of 100

INFO:__main__:NLL: 0.0491, L2: 0.0087, Reg: 0.0276
INFO:__main__:Total loss 0.0853
INFO:__main__:Predicted mean: -0.3261
INFO:__main__:Predicted uncertainity -0.7453
INFO:__main__:Completed epoch 50 of 100

INFO:__main__:NLL: 0.4647, L2: 0.0087, Reg: 0.0278
INFO:__main__:Total loss 0.5012
INFO:__main__:Predicted mean: -0.3800
INFO:__main__:Predicted uncertainity -0.8885
INFO:__main__:Completed epoch 51 of 100

INFO:__main__:NLL: -0.1171, L2: 0.0091, Reg: 0.0277
INFO:__main__:Total loss -0.0803
INFO:__main__:Predicted mean: -0.4035
INFO:__main__:Predicted uncertainity -0.8038
INFO:__main__:Completed epoch 52 of 100

INFO:__main__:NLL: 0.0876, L2: 0.0090, Reg: 0.0275
INFO:__main__:Total loss 0.1241
INFO:__main__:Predicted mean: -0.3937
INFO:__main__:Predicted uncertainity -0.6413
INFO:__main__:Completed epoch 53 of 100

INFO:__main__:NLL: 0.2638, L2: 0.0088, Reg: 0.0276
INFO:__main__:Total loss 0.3002
INFO:__main__:Predicted mean: -0.3752
INFO:__main__:Predicted uncertainity -0.7222
INFO:__main__:Completed epoch 54 of 100

INFO:__main__:NLL: 0.2465, L2: 0.0094, Reg: 0.0275
INFO:__main__:Total loss 0.2835
INFO:__main__:Predicted mean: -0.3684
INFO:__main__:Predicted uncertainity -0.7257
INFO:__main__:Completed epoch 55 of 100

INFO:__main__:NLL: 0.2788, L2: 0.0092, Reg: 0.0276
INFO:__main__:Total loss 0.3156
INFO:__main__:Predicted mean: -0.4073
INFO:__main__:Predicted uncertainity -0.7860
INFO:__main__:Completed epoch 56 of 100

INFO:__main__:NLL: 0.0569, L2: 0.0085, Reg: 0.0276
INFO:__main__:Total loss 0.0930
INFO:__main__:Predicted mean: -0.3848
INFO:__main__:Predicted uncertainity -0.7424
INFO:__main__:Completed epoch 57 of 100

INFO:__main__:NLL: -0.0475, L2: 0.0087, Reg: 0.0276
INFO:__main__:Total loss -0.0113
INFO:__main__:Predicted mean: -0.4454
INFO:__main__:Predicted uncertainity -0.6932
INFO:__main__:Completed epoch 58 of 100

INFO:__main__:NLL: -0.0486, L2: 0.0084, Reg: 0.0276
INFO:__main__:Total loss -0.0126
INFO:__main__:Predicted mean: -0.3146
INFO:__main__:Predicted uncertainity -0.7783
INFO:__main__:Completed epoch 59 of 100

INFO:__main__:NLL: 0.0354, L2: 0.0091, Reg: 0.0276
INFO:__main__:Total loss 0.0721
INFO:__main__:Predicted mean: -0.3714
INFO:__main__:Predicted uncertainity -0.7827
INFO:__main__:Completed epoch 60 of 100

INFO:__main__:NLL: 0.0939, L2: 0.0093, Reg: 0.0276
INFO:__main__:Total loss 0.1308
INFO:__main__:Predicted mean: -0.3121
INFO:__main__:Predicted uncertainity -0.7507
INFO:__main__:Completed epoch 61 of 100

INFO:__main__:NLL: 0.2733, L2: 0.0086, Reg: 0.0276
INFO:__main__:Total loss 0.3094
INFO:__main__:Predicted mean: -0.3647
INFO:__main__:Predicted uncertainity -0.7309
INFO:__main__:Completed epoch 62 of 100

INFO:__main__:NLL: 0.0456, L2: 0.0090, Reg: 0.0276
INFO:__main__:Total loss 0.0822
INFO:__main__:Predicted mean: -0.4755
INFO:__main__:Predicted uncertainity -0.6987
INFO:__main__:Completed epoch 63 of 100

INFO:__main__:NLL: -0.0033, L2: 0.0089, Reg: 0.0276
INFO:__main__:Total loss 0.0332
INFO:__main__:Predicted mean: -0.3863
INFO:__main__:Predicted uncertainity -0.7813
INFO:__main__:Completed epoch 64 of 100

INFO:__main__:NLL: -0.0341, L2: 0.0086, Reg: 0.0277
INFO:__main__:Total loss 0.0021
INFO:__main__:Predicted mean: -0.3559
INFO:__main__:Predicted uncertainity -0.8194
INFO:__main__:Completed epoch 65 of 100

INFO:__main__:NLL: 0.0939, L2: 0.0090, Reg: 0.0275
INFO:__main__:Total loss 0.1305
INFO:__main__:Predicted mean: -0.4133
INFO:__main__:Predicted uncertainity -0.6903
INFO:__main__:Completed epoch 66 of 100

INFO:__main__:NLL: 0.0320, L2: 0.0082, Reg: 0.0276
INFO:__main__:Total loss 0.0678
INFO:__main__:Predicted mean: -0.3640
INFO:__main__:Predicted uncertainity -0.7787
INFO:__main__:Completed epoch 67 of 100

INFO:__main__:NLL: -0.0044, L2: 0.0086, Reg: 0.0277
INFO:__main__:Total loss 0.0318
INFO:__main__:Predicted mean: -0.3429
INFO:__main__:Predicted uncertainity -0.7994
INFO:__main__:Completed epoch 68 of 100

INFO:__main__:NLL: 0.0654, L2: 0.0086, Reg: 0.0275
INFO:__main__:Total loss 0.1015
INFO:__main__:Predicted mean: -0.3625
INFO:__main__:Predicted uncertainity -0.6916
INFO:__main__:Completed epoch 69 of 100

INFO:__main__:NLL: 0.4547, L2: 0.0089, Reg: 0.0276
INFO:__main__:Total loss 0.4912
INFO:__main__:Predicted mean: -0.4335
INFO:__main__:Predicted uncertainity -0.6869
INFO:__main__:Completed epoch 70 of 100

INFO:__main__:NLL: -0.0331, L2: 0.0088, Reg: 0.0277
INFO:__main__:Total loss 0.0033
INFO:__main__:Predicted mean: -0.4249
INFO:__main__:Predicted uncertainity -0.7735
INFO:__main__:Completed epoch 71 of 100

INFO:__main__:NLL: 0.2968, L2: 0.0087, Reg: 0.0278
INFO:__main__:Total loss 0.3333
INFO:__main__:Predicted mean: -0.4090
INFO:__main__:Predicted uncertainity -0.8373
INFO:__main__:Completed epoch 72 of 100

INFO:__main__:NLL: 0.4026, L2: 0.0088, Reg: 0.0277
INFO:__main__:Total loss 0.4391
INFO:__main__:Predicted mean: -0.4172
INFO:__main__:Predicted uncertainity -0.7810
INFO:__main__:Completed epoch 73 of 100

INFO:__main__:NLL: 0.0678, L2: 0.0087, Reg: 0.0277
INFO:__main__:Total loss 0.1042
INFO:__main__:Predicted mean: -0.3582
INFO:__main__:Predicted uncertainity -0.8108
INFO:__main__:Completed epoch 74 of 100

INFO:__main__:NLL: 0.0090, L2: 0.0088, Reg: 0.0277
INFO:__main__:Total loss 0.0455
INFO:__main__:Predicted mean: -0.3868
INFO:__main__:Predicted uncertainity -0.8246
INFO:__main__:Completed epoch 75 of 100

INFO:__main__:NLL: 0.0736, L2: 0.0089, Reg: 0.0275
INFO:__main__:Total loss 0.1099
INFO:__main__:Predicted mean: -0.4083
INFO:__main__:Predicted uncertainity -0.6563
INFO:__main__:Completed epoch 76 of 100

INFO:__main__:NLL: 0.1187, L2: 0.0083, Reg: 0.0276
INFO:__main__:Total loss 0.1546
INFO:__main__:Predicted mean: -0.4291
INFO:__main__:Predicted uncertainity -0.7443
INFO:__main__:Completed epoch 77 of 100

INFO:__main__:NLL: 0.2504, L2: 0.0090, Reg: 0.0276
INFO:__main__:Total loss 0.2870
INFO:__main__:Predicted mean: -0.3781
INFO:__main__:Predicted uncertainity -0.7177
INFO:__main__:Completed epoch 78 of 100

INFO:__main__:NLL: 0.2716, L2: 0.0090, Reg: 0.0276
INFO:__main__:Total loss 0.3082
INFO:__main__:Predicted mean: -0.3224
INFO:__main__:Predicted uncertainity -0.6785
INFO:__main__:Completed epoch 79 of 100

INFO:__main__:NLL: 0.0672, L2: 0.0091, Reg: 0.0276
INFO:__main__:Total loss 0.1039
INFO:__main__:Predicted mean: -0.3575
INFO:__main__:Predicted uncertainity -0.7191
INFO:__main__:Completed epoch 80 of 100

INFO:__main__:NLL: -0.0939, L2: 0.0088, Reg: 0.0276
INFO:__main__:Total loss -0.0575
INFO:__main__:Predicted mean: -0.3335
INFO:__main__:Predicted uncertainity -0.6719
INFO:__main__:Completed epoch 81 of 100

INFO:__main__:NLL: 0.0481, L2: 0.0088, Reg: 0.0277
INFO:__main__:Total loss 0.0845
INFO:__main__:Predicted mean: -0.3458
INFO:__main__:Predicted uncertainity -0.8082
INFO:__main__:Completed epoch 82 of 100

INFO:__main__:NLL: -0.0169, L2: 0.0087, Reg: 0.0276
INFO:__main__:Total loss 0.0193
INFO:__main__:Predicted mean: -0.4291
INFO:__main__:Predicted uncertainity -0.7210
INFO:__main__:Completed epoch 83 of 100

INFO:__main__:NLL: 0.2978, L2: 0.0084, Reg: 0.0275
INFO:__main__:Total loss 0.3337
INFO:__main__:Predicted mean: -0.3520
INFO:__main__:Predicted uncertainity -0.6842
INFO:__main__:Completed epoch 84 of 100

INFO:__main__:NLL: 0.0957, L2: 0.0081, Reg: 0.0275
INFO:__main__:Total loss 0.1313
INFO:__main__:Predicted mean: -0.3676
INFO:__main__:Predicted uncertainity -0.6249
INFO:__main__:Completed epoch 85 of 100

INFO:__main__:NLL: -0.1664, L2: 0.0085, Reg: 0.0277
INFO:__main__:Total loss -0.1301
INFO:__main__:Predicted mean: -0.4168
INFO:__main__:Predicted uncertainity -0.7914
INFO:__main__:Completed epoch 86 of 100

INFO:__main__:NLL: 0.0540, L2: 0.0082, Reg: 0.0276
INFO:__main__:Total loss 0.0899
INFO:__main__:Predicted mean: -0.4043
INFO:__main__:Predicted uncertainity -0.7066
INFO:__main__:Completed epoch 87 of 100

INFO:__main__:NLL: 0.0700, L2: 0.0084, Reg: 0.0276
INFO:__main__:Total loss 0.1060
INFO:__main__:Predicted mean: -0.3251
INFO:__main__:Predicted uncertainity -0.7176
INFO:__main__:Completed epoch 88 of 100

INFO:__main__:NLL: 0.0901, L2: 0.0082, Reg: 0.0276
INFO:__main__:Total loss 0.1259
INFO:__main__:Predicted mean: -0.3317
INFO:__main__:Predicted uncertainity -0.7197
INFO:__main__:Completed epoch 89 of 100

INFO:__main__:NLL: 0.1241, L2: 0.0080, Reg: 0.0277
INFO:__main__:Total loss 0.1597
INFO:__main__:Predicted mean: -0.3704
INFO:__main__:Predicted uncertainity -0.7263
INFO:__main__:Completed epoch 90 of 100

INFO:__main__:NLL: 0.2368, L2: 0.0080, Reg: 0.0276
INFO:__main__:Total loss 0.2724
INFO:__main__:Predicted mean: -0.4303
INFO:__main__:Predicted uncertainity -0.7756
INFO:__main__:Completed epoch 91 of 100

INFO:__main__:NLL: 0.0402, L2: 0.0080, Reg: 0.0277
INFO:__main__:Total loss 0.0759
INFO:__main__:Predicted mean: -0.3626
INFO:__main__:Predicted uncertainity -0.8595
INFO:__main__:Completed epoch 92 of 100

INFO:__main__:NLL: 0.0357, L2: 0.0084, Reg: 0.0276
INFO:__main__:Total loss 0.0717
INFO:__main__:Predicted mean: -0.3801
INFO:__main__:Predicted uncertainity -0.7536
INFO:__main__:Completed epoch 93 of 100

INFO:__main__:NLL: 0.0712, L2: 0.0085, Reg: 0.0276
INFO:__main__:Total loss 0.1073
INFO:__main__:Predicted mean: -0.3145
INFO:__main__:Predicted uncertainity -0.7385
INFO:__main__:Completed epoch 94 of 100

INFO:__main__:NLL: 0.2091, L2: 0.0082, Reg: 0.0275
INFO:__main__:Total loss 0.2448
INFO:__main__:Predicted mean: -0.3757
INFO:__main__:Predicted uncertainity -0.6592
INFO:__main__:Completed epoch 95 of 100

INFO:__main__:NLL: 0.2979, L2: 0.0081, Reg: 0.0277
INFO:__main__:Total loss 0.3337
INFO:__main__:Predicted mean: -0.4160
INFO:__main__:Predicted uncertainity -0.8728
INFO:__main__:Completed epoch 96 of 100

INFO:__main__:NLL: 0.0523, L2: 0.0080, Reg: 0.0276
INFO:__main__:Total loss 0.0879
INFO:__main__:Predicted mean: -0.3238
INFO:__main__:Predicted uncertainity -0.7552
INFO:__main__:Completed epoch 97 of 100

INFO:__main__:NLL: 0.0671, L2: 0.0083, Reg: 0.0276
INFO:__main__:Total loss 0.1030
INFO:__main__:Predicted mean: -0.3375
INFO:__main__:Predicted uncertainity -0.7351
INFO:__main__:Completed epoch 98 of 100

INFO:__main__:NLL: 0.2102, L2: 0.0084, Reg: 0.0277
INFO:__main__:Total loss 0.2463
INFO:__main__:Predicted mean: -0.4543
INFO:__main__:Predicted uncertainity -0.7947
INFO:__main__:Completed epoch 99 of 100

INFO:__main__:NLL: 0.1982, L2: 0.0081, Reg: 0.0277
INFO:__main__:Total loss 0.2340
INFO:__main__:Predicted mean: -0.4019
INFO:__main__:Predicted uncertainity -0.8263
INFO:__main__:Completed epoch 100 of 100

INFO:__main__:417.380332 s
