INFO:__main__:PROCESS RUNNING ON cpu
INFO:__main__:NLL: 0.1910, L2: 0.0271, Reg: 0.0183
INFO:__main__:Total loss 0.2364
INFO:__main__:Predicted mean: -0.3823
INFO:__main__:Predicted uncertainity -0.7219
INFO:__main__:Completed epoch 1 of 100

INFO:__main__:NLL: 0.0652, L2: 0.0280, Reg: 0.0188
INFO:__main__:Total loss 0.1120
INFO:__main__:Predicted mean: -0.3997
INFO:__main__:Predicted uncertainity -0.7863
INFO:__main__:Completed epoch 2 of 100

INFO:__main__:NLL: 0.0534, L2: 0.0282, Reg: 0.0186
INFO:__main__:Total loss 0.1002
INFO:__main__:Predicted mean: -0.4181
INFO:__main__:Predicted uncertainity -0.7534
INFO:__main__:Completed epoch 3 of 100

INFO:__main__:NLL: -0.0357, L2: 0.0297, Reg: 0.0182
INFO:__main__:Total loss 0.0121
INFO:__main__:Predicted mean: -0.3677
INFO:__main__:Predicted uncertainity -0.7499
INFO:__main__:Completed epoch 4 of 100

INFO:__main__:NLL: 0.1273, L2: 0.0295, Reg: 0.0183
INFO:__main__:Total loss 0.1750
INFO:__main__:Predicted mean: -0.4099
INFO:__main__:Predicted uncertainity -0.7191
INFO:__main__:Completed epoch 5 of 100

INFO:__main__:NLL: 0.1797, L2: 0.0283, Reg: 0.0184
INFO:__main__:Total loss 0.2263
INFO:__main__:Predicted mean: -0.3828
INFO:__main__:Predicted uncertainity -0.7563
INFO:__main__:Completed epoch 6 of 100

INFO:__main__:NLL: 0.1008, L2: 0.0286, Reg: 0.0184
INFO:__main__:Total loss 0.1478
INFO:__main__:Predicted mean: -0.3902
INFO:__main__:Predicted uncertainity -0.7256
INFO:__main__:Completed epoch 7 of 100

INFO:__main__:NLL: 0.2486, L2: 0.0280, Reg: 0.0184
INFO:__main__:Total loss 0.2949
INFO:__main__:Predicted mean: -0.3797
INFO:__main__:Predicted uncertainity -0.7480
INFO:__main__:Completed epoch 8 of 100

INFO:__main__:NLL: 0.0115, L2: 0.0283, Reg: 0.0191
INFO:__main__:Total loss 0.0588
INFO:__main__:Predicted mean: -0.3673
INFO:__main__:Predicted uncertainity -0.8203
INFO:__main__:Completed epoch 9 of 100

INFO:__main__:NLL: 0.2470, L2: 0.0287, Reg: 0.0179
INFO:__main__:Total loss 0.2937
INFO:__main__:Predicted mean: -0.4014
INFO:__main__:Predicted uncertainity -0.7066
INFO:__main__:Completed epoch 10 of 100

INFO:__main__:NLL: 0.0396, L2: 0.0276, Reg: 0.0188
INFO:__main__:Total loss 0.0860
INFO:__main__:Predicted mean: -0.3956
INFO:__main__:Predicted uncertainity -0.7933
INFO:__main__:Completed epoch 11 of 100

INFO:__main__:NLL: 0.1757, L2: 0.0263, Reg: 0.0178
INFO:__main__:Total loss 0.2198
INFO:__main__:Predicted mean: -0.3823
INFO:__main__:Predicted uncertainity -0.6313
INFO:__main__:Completed epoch 12 of 100

INFO:__main__:NLL: -0.0019, L2: 0.0287, Reg: 0.0187
INFO:__main__:Total loss 0.0456
INFO:__main__:Predicted mean: -0.3370
INFO:__main__:Predicted uncertainity -0.7870
INFO:__main__:Completed epoch 13 of 100

INFO:__main__:NLL: 0.2551, L2: 0.0288, Reg: 0.0186
INFO:__main__:Total loss 0.3025
INFO:__main__:Predicted mean: -0.3380
INFO:__main__:Predicted uncertainity -0.7456
INFO:__main__:Completed epoch 14 of 100

INFO:__main__:NLL: 0.2133, L2: 0.0290, Reg: 0.0188
INFO:__main__:Total loss 0.2610
INFO:__main__:Predicted mean: -0.3819
INFO:__main__:Predicted uncertainity -0.7754
INFO:__main__:Completed epoch 15 of 100

INFO:__main__:NLL: 0.1437, L2: 0.0303, Reg: 0.0189
INFO:__main__:Total loss 0.1929
INFO:__main__:Predicted mean: -0.3398
INFO:__main__:Predicted uncertainity -0.7968
INFO:__main__:Completed epoch 16 of 100

INFO:__main__:NLL: 0.0864, L2: 0.0291, Reg: 0.0184
INFO:__main__:Total loss 0.1338
INFO:__main__:Predicted mean: -0.3388
INFO:__main__:Predicted uncertainity -0.7411
INFO:__main__:Completed epoch 17 of 100

INFO:__main__:NLL: 0.2260, L2: 0.0287, Reg: 0.0178
INFO:__main__:Total loss 0.2726
INFO:__main__:Predicted mean: -0.4171
INFO:__main__:Predicted uncertainity -0.6597
INFO:__main__:Completed epoch 18 of 100

INFO:__main__:NLL: -0.0959, L2: 0.0278, Reg: 0.0182
INFO:__main__:Total loss -0.0498
INFO:__main__:Predicted mean: -0.3968
INFO:__main__:Predicted uncertainity -0.7558
INFO:__main__:Completed epoch 19 of 100

INFO:__main__:NLL: 0.1110, L2: 0.0271, Reg: 0.0177
INFO:__main__:Total loss 0.1558
INFO:__main__:Predicted mean: -0.4140
INFO:__main__:Predicted uncertainity -0.6796
INFO:__main__:Completed epoch 20 of 100

INFO:__main__:NLL: -0.0128, L2: 0.0286, Reg: 0.0181
INFO:__main__:Total loss 0.0340
INFO:__main__:Predicted mean: -0.3636
INFO:__main__:Predicted uncertainity -0.7012
INFO:__main__:Completed epoch 21 of 100

INFO:__main__:NLL: 0.0531, L2: 0.0312, Reg: 0.0181
INFO:__main__:Total loss 0.1024
INFO:__main__:Predicted mean: -0.3103
INFO:__main__:Predicted uncertainity -0.7425
INFO:__main__:Completed epoch 22 of 100

INFO:__main__:NLL: 0.2224, L2: 0.0280, Reg: 0.0178
INFO:__main__:Total loss 0.2682
INFO:__main__:Predicted mean: -0.4154
INFO:__main__:Predicted uncertainity -0.6435
INFO:__main__:Completed epoch 23 of 100

INFO:__main__:NLL: 0.2663, L2: 0.0291, Reg: 0.0181
INFO:__main__:Total loss 0.3134
INFO:__main__:Predicted mean: -0.3532
INFO:__main__:Predicted uncertainity -0.6920
INFO:__main__:Completed epoch 24 of 100

INFO:__main__:NLL: 0.2052, L2: 0.0277, Reg: 0.0184
INFO:__main__:Total loss 0.2514
INFO:__main__:Predicted mean: -0.3785
INFO:__main__:Predicted uncertainity -0.7325
INFO:__main__:Completed epoch 25 of 100

INFO:__main__:NLL: -0.0361, L2: 0.0287, Reg: 0.0175
INFO:__main__:Total loss 0.0101
INFO:__main__:Predicted mean: -0.3624
INFO:__main__:Predicted uncertainity -0.6235
INFO:__main__:Completed epoch 26 of 100

INFO:__main__:NLL: 0.1990, L2: 0.0299, Reg: 0.0189
INFO:__main__:Total loss 0.2478
INFO:__main__:Predicted mean: -0.3844
INFO:__main__:Predicted uncertainity -0.7976
INFO:__main__:Completed epoch 27 of 100

INFO:__main__:NLL: 0.1232, L2: 0.0284, Reg: 0.0173
INFO:__main__:Total loss 0.1689
INFO:__main__:Predicted mean: -0.3794
INFO:__main__:Predicted uncertainity -0.6175
INFO:__main__:Completed epoch 28 of 100

INFO:__main__:NLL: 0.1473, L2: 0.0285, Reg: 0.0184
INFO:__main__:Total loss 0.1943
INFO:__main__:Predicted mean: -0.3498
INFO:__main__:Predicted uncertainity -0.7574
INFO:__main__:Completed epoch 29 of 100

INFO:__main__:NLL: 0.1508, L2: 0.0281, Reg: 0.0171
INFO:__main__:Total loss 0.1960
INFO:__main__:Predicted mean: -0.3353
INFO:__main__:Predicted uncertainity -0.6298
INFO:__main__:Completed epoch 30 of 100

INFO:__main__:NLL: 0.1437, L2: 0.0270, Reg: 0.0183
INFO:__main__:Total loss 0.1889
INFO:__main__:Predicted mean: -0.4063
INFO:__main__:Predicted uncertainity -0.7272
INFO:__main__:Completed epoch 31 of 100

INFO:__main__:NLL: -0.0613, L2: 0.0282, Reg: 0.0196
INFO:__main__:Total loss -0.0136
INFO:__main__:Predicted mean: -0.3751
INFO:__main__:Predicted uncertainity -0.8450
INFO:__main__:Completed epoch 32 of 100

INFO:__main__:NLL: 0.1122, L2: 0.0294, Reg: 0.0187
INFO:__main__:Total loss 0.1604
INFO:__main__:Predicted mean: -0.4233
INFO:__main__:Predicted uncertainity -0.7446
INFO:__main__:Completed epoch 33 of 100

INFO:__main__:NLL: 0.0678, L2: 0.0304, Reg: 0.0188
INFO:__main__:Total loss 0.1169
INFO:__main__:Predicted mean: -0.3433
INFO:__main__:Predicted uncertainity -0.7902
INFO:__main__:Completed epoch 34 of 100

INFO:__main__:NLL: -0.0033, L2: 0.0287, Reg: 0.0183
INFO:__main__:Total loss 0.0437
INFO:__main__:Predicted mean: -0.3971
INFO:__main__:Predicted uncertainity -0.7410
INFO:__main__:Completed epoch 35 of 100

INFO:__main__:NLL: 0.0645, L2: 0.0274, Reg: 0.0188
INFO:__main__:Total loss 0.1107
INFO:__main__:Predicted mean: -0.3196
INFO:__main__:Predicted uncertainity -0.7791
INFO:__main__:Completed epoch 36 of 100

INFO:__main__:NLL: 0.0018, L2: 0.0275, Reg: 0.0183
INFO:__main__:Total loss 0.0476
INFO:__main__:Predicted mean: -0.3736
INFO:__main__:Predicted uncertainity -0.7388
INFO:__main__:Completed epoch 37 of 100

INFO:__main__:NLL: 0.2103, L2: 0.0286, Reg: 0.0181
INFO:__main__:Total loss 0.2571
INFO:__main__:Predicted mean: -0.3690
INFO:__main__:Predicted uncertainity -0.7669
INFO:__main__:Completed epoch 38 of 100

INFO:__main__:NLL: 0.2209, L2: 0.0294, Reg: 0.0182
INFO:__main__:Total loss 0.2685
INFO:__main__:Predicted mean: -0.4366
INFO:__main__:Predicted uncertainity -0.6867
INFO:__main__:Completed epoch 39 of 100

INFO:__main__:NLL: 0.0542, L2: 0.0271, Reg: 0.0179
INFO:__main__:Total loss 0.0992
INFO:__main__:Predicted mean: -0.4282
INFO:__main__:Predicted uncertainity -0.6350
INFO:__main__:Completed epoch 40 of 100

INFO:__main__:NLL: -0.0423, L2: 0.0281, Reg: 0.0180
INFO:__main__:Total loss 0.0038
INFO:__main__:Predicted mean: -0.3524
INFO:__main__:Predicted uncertainity -0.7190
INFO:__main__:Completed epoch 41 of 100

INFO:__main__:NLL: 0.0806, L2: 0.0278, Reg: 0.0176
INFO:__main__:Total loss 0.1260
INFO:__main__:Predicted mean: -0.4341
INFO:__main__:Predicted uncertainity -0.6246
INFO:__main__:Completed epoch 42 of 100

INFO:__main__:NLL: 0.1813, L2: 0.0285, Reg: 0.0187
INFO:__main__:Total loss 0.2285
INFO:__main__:Predicted mean: -0.4165
INFO:__main__:Predicted uncertainity -0.7659
INFO:__main__:Completed epoch 43 of 100

INFO:__main__:NLL: 0.3077, L2: 0.0280, Reg: 0.0187
INFO:__main__:Total loss 0.3544
INFO:__main__:Predicted mean: -0.4375
INFO:__main__:Predicted uncertainity -0.7550
INFO:__main__:Completed epoch 44 of 100

INFO:__main__:NLL: 0.1429, L2: 0.0263, Reg: 0.0177
INFO:__main__:Total loss 0.1870
INFO:__main__:Predicted mean: -0.4127
INFO:__main__:Predicted uncertainity -0.7178
INFO:__main__:Completed epoch 45 of 100

INFO:__main__:NLL: 0.1411, L2: 0.0278, Reg: 0.0182
INFO:__main__:Total loss 0.1871
INFO:__main__:Predicted mean: -0.3841
INFO:__main__:Predicted uncertainity -0.7602
INFO:__main__:Completed epoch 46 of 100

INFO:__main__:NLL: 0.0571, L2: 0.0276, Reg: 0.0189
INFO:__main__:Total loss 0.1036
INFO:__main__:Predicted mean: -0.4113
INFO:__main__:Predicted uncertainity -0.8007
INFO:__main__:Completed epoch 47 of 100

INFO:__main__:NLL: 0.1298, L2: 0.0281, Reg: 0.0184
INFO:__main__:Total loss 0.1763
INFO:__main__:Predicted mean: -0.4408
INFO:__main__:Predicted uncertainity -0.6810
INFO:__main__:Completed epoch 48 of 100

INFO:__main__:NLL: 0.0015, L2: 0.0271, Reg: 0.0173
INFO:__main__:Total loss 0.0458
INFO:__main__:Predicted mean: -0.3742
INFO:__main__:Predicted uncertainity -0.5659
INFO:__main__:Completed epoch 49 of 100

INFO:__main__:NLL: 0.0546, L2: 0.0275, Reg: 0.0184
INFO:__main__:Total loss 0.1005
INFO:__main__:Predicted mean: -0.3684
INFO:__main__:Predicted uncertainity -0.7716
INFO:__main__:Completed epoch 50 of 100

INFO:__main__:NLL: 0.4923, L2: 0.0288, Reg: 0.0198
INFO:__main__:Total loss 0.5408
INFO:__main__:Predicted mean: -0.4151
INFO:__main__:Predicted uncertainity -0.8793
INFO:__main__:Completed epoch 51 of 100

INFO:__main__:NLL: -0.0965, L2: 0.0268, Reg: 0.0184
INFO:__main__:Total loss -0.0513
INFO:__main__:Predicted mean: -0.3775
INFO:__main__:Predicted uncertainity -0.7730
INFO:__main__:Completed epoch 52 of 100

INFO:__main__:NLL: 0.0657, L2: 0.0272, Reg: 0.0172
INFO:__main__:Total loss 0.1100
INFO:__main__:Predicted mean: -0.3542
INFO:__main__:Predicted uncertainity -0.5706
INFO:__main__:Completed epoch 53 of 100

INFO:__main__:NLL: 0.2907, L2: 0.0269, Reg: 0.0180
INFO:__main__:Total loss 0.3356
INFO:__main__:Predicted mean: -0.3737
INFO:__main__:Predicted uncertainity -0.7421
INFO:__main__:Completed epoch 54 of 100

INFO:__main__:NLL: 0.2427, L2: 0.0294, Reg: 0.0179
INFO:__main__:Total loss 0.2900
INFO:__main__:Predicted mean: -0.3409
INFO:__main__:Predicted uncertainity -0.7266
INFO:__main__:Completed epoch 55 of 100

INFO:__main__:NLL: 0.3157, L2: 0.0270, Reg: 0.0181
INFO:__main__:Total loss 0.3608
INFO:__main__:Predicted mean: -0.4173
INFO:__main__:Predicted uncertainity -0.7368
INFO:__main__:Completed epoch 56 of 100

INFO:__main__:NLL: 0.0523, L2: 0.0277, Reg: 0.0180
INFO:__main__:Total loss 0.0980
INFO:__main__:Predicted mean: -0.3635
INFO:__main__:Predicted uncertainity -0.6931
INFO:__main__:Completed epoch 57 of 100

INFO:__main__:NLL: 0.0647, L2: 0.0280, Reg: 0.0178
INFO:__main__:Total loss 0.1105
INFO:__main__:Predicted mean: -0.4456
INFO:__main__:Predicted uncertainity -0.6945
INFO:__main__:Completed epoch 58 of 100

INFO:__main__:NLL: -0.0239, L2: 0.0284, Reg: 0.0186
INFO:__main__:Total loss 0.0231
INFO:__main__:Predicted mean: -0.3419
INFO:__main__:Predicted uncertainity -0.7777
INFO:__main__:Completed epoch 59 of 100

INFO:__main__:NLL: 0.0930, L2: 0.0287, Reg: 0.0177
INFO:__main__:Total loss 0.1394
INFO:__main__:Predicted mean: -0.3741
INFO:__main__:Predicted uncertainity -0.7201
INFO:__main__:Completed epoch 60 of 100

INFO:__main__:NLL: 0.2337, L2: 0.0304, Reg: 0.0181
INFO:__main__:Total loss 0.2822
INFO:__main__:Predicted mean: -0.3318
INFO:__main__:Predicted uncertainity -0.7600
INFO:__main__:Completed epoch 61 of 100

INFO:__main__:NLL: 0.2639, L2: 0.0264, Reg: 0.0184
INFO:__main__:Total loss 0.3086
INFO:__main__:Predicted mean: -0.3675
INFO:__main__:Predicted uncertainity -0.7527
INFO:__main__:Completed epoch 62 of 100

INFO:__main__:NLL: 0.0761, L2: 0.0290, Reg: 0.0184
INFO:__main__:Total loss 0.1236
INFO:__main__:Predicted mean: -0.4551
INFO:__main__:Predicted uncertainity -0.7131
INFO:__main__:Completed epoch 63 of 100

INFO:__main__:NLL: 0.0563, L2: 0.0293, Reg: 0.0184
INFO:__main__:Total loss 0.1041
INFO:__main__:Predicted mean: -0.3468
INFO:__main__:Predicted uncertainity -0.7319
INFO:__main__:Completed epoch 64 of 100

INFO:__main__:NLL: 0.0685, L2: 0.0291, Reg: 0.0176
INFO:__main__:Total loss 0.1153
INFO:__main__:Predicted mean: -0.3427
INFO:__main__:Predicted uncertainity -0.6735
INFO:__main__:Completed epoch 65 of 100

INFO:__main__:NLL: 0.2237, L2: 0.0282, Reg: 0.0186
INFO:__main__:Total loss 0.2705
INFO:__main__:Predicted mean: -0.3854
INFO:__main__:Predicted uncertainity -0.7865
INFO:__main__:Completed epoch 66 of 100

INFO:__main__:NLL: 0.0663, L2: 0.0262, Reg: 0.0177
INFO:__main__:Total loss 0.1101
INFO:__main__:Predicted mean: -0.3967
INFO:__main__:Predicted uncertainity -0.6728
INFO:__main__:Completed epoch 67 of 100

INFO:__main__:NLL: 0.0308, L2: 0.0276, Reg: 0.0185
INFO:__main__:Total loss 0.0770
INFO:__main__:Predicted mean: -0.3617
INFO:__main__:Predicted uncertainity -0.7619
INFO:__main__:Completed epoch 68 of 100

INFO:__main__:NLL: 0.0432, L2: 0.0295, Reg: 0.0192
INFO:__main__:Total loss 0.0919
INFO:__main__:Predicted mean: -0.3971
INFO:__main__:Predicted uncertainity -0.8312
INFO:__main__:Completed epoch 69 of 100

INFO:__main__:NLL: 0.5180, L2: 0.0285, Reg: 0.0184
INFO:__main__:Total loss 0.5649
INFO:__main__:Predicted mean: -0.4929
INFO:__main__:Predicted uncertainity -0.6241
INFO:__main__:Completed epoch 70 of 100

INFO:__main__:NLL: -0.0197, L2: 0.0283, Reg: 0.0190
INFO:__main__:Total loss 0.0276
INFO:__main__:Predicted mean: -0.3850
INFO:__main__:Predicted uncertainity -0.7909
INFO:__main__:Completed epoch 71 of 100

INFO:__main__:NLL: 0.2790, L2: 0.0287, Reg: 0.0194
INFO:__main__:Total loss 0.3271
INFO:__main__:Predicted mean: -0.4164
INFO:__main__:Predicted uncertainity -0.8272
INFO:__main__:Completed epoch 72 of 100

INFO:__main__:NLL: 0.3993, L2: 0.0299, Reg: 0.0188
INFO:__main__:Total loss 0.4480
INFO:__main__:Predicted mean: -0.3955
INFO:__main__:Predicted uncertainity -0.7974
INFO:__main__:Completed epoch 73 of 100

INFO:__main__:NLL: 0.0672, L2: 0.0289, Reg: 0.0182
INFO:__main__:Total loss 0.1143
INFO:__main__:Predicted mean: -0.3817
INFO:__main__:Predicted uncertainity -0.7019
INFO:__main__:Completed epoch 74 of 100

INFO:__main__:NLL: 0.0735, L2: 0.0300, Reg: 0.0182
INFO:__main__:Total loss 0.1216
INFO:__main__:Predicted mean: -0.4232
INFO:__main__:Predicted uncertainity -0.6869
INFO:__main__:Completed epoch 75 of 100

INFO:__main__:NLL: 0.1120, L2: 0.0285, Reg: 0.0183
INFO:__main__:Total loss 0.1588
INFO:__main__:Predicted mean: -0.4216
INFO:__main__:Predicted uncertainity -0.7142
INFO:__main__:Completed epoch 76 of 100

INFO:__main__:NLL: 0.1654, L2: 0.0269, Reg: 0.0184
INFO:__main__:Total loss 0.2107
INFO:__main__:Predicted mean: -0.4087
INFO:__main__:Predicted uncertainity -0.7939
INFO:__main__:Completed epoch 77 of 100

INFO:__main__:NLL: 0.1656, L2: 0.0280, Reg: 0.0184
INFO:__main__:Total loss 0.2120
INFO:__main__:Predicted mean: -0.3681
INFO:__main__:Predicted uncertainity -0.7455
INFO:__main__:Completed epoch 78 of 100

INFO:__main__:NLL: 0.2084, L2: 0.0265, Reg: 0.0176
INFO:__main__:Total loss 0.2526
INFO:__main__:Predicted mean: -0.3563
INFO:__main__:Predicted uncertainity -0.6417
INFO:__main__:Completed epoch 79 of 100

INFO:__main__:NLL: 0.0925, L2: 0.0301, Reg: 0.0174
INFO:__main__:Total loss 0.1400
INFO:__main__:Predicted mean: -0.3550
INFO:__main__:Predicted uncertainity -0.5831
INFO:__main__:Completed epoch 80 of 100

INFO:__main__:NLL: 0.0956, L2: 0.0273, Reg: 0.0175
INFO:__main__:Total loss 0.1403
INFO:__main__:Predicted mean: -0.4032
INFO:__main__:Predicted uncertainity -0.6083
INFO:__main__:Completed epoch 81 of 100

INFO:__main__:NLL: 0.1166, L2: 0.0279, Reg: 0.0180
INFO:__main__:Total loss 0.1625
INFO:__main__:Predicted mean: -0.4017
INFO:__main__:Predicted uncertainity -0.7191
INFO:__main__:Completed epoch 82 of 100

INFO:__main__:NLL: 0.0060, L2: 0.0268, Reg: 0.0187
INFO:__main__:Total loss 0.0516
INFO:__main__:Predicted mean: -0.3840
INFO:__main__:Predicted uncertainity -0.7904
INFO:__main__:Completed epoch 83 of 100

INFO:__main__:NLL: 0.3339, L2: 0.0288, Reg: 0.0177
INFO:__main__:Total loss 0.3804
INFO:__main__:Predicted mean: -0.3737
INFO:__main__:Predicted uncertainity -0.6631
INFO:__main__:Completed epoch 84 of 100

INFO:__main__:NLL: 0.1174, L2: 0.0264, Reg: 0.0176
INFO:__main__:Total loss 0.1615
INFO:__main__:Predicted mean: -0.3917
INFO:__main__:Predicted uncertainity -0.6914
INFO:__main__:Completed epoch 85 of 100

INFO:__main__:NLL: -0.1045, L2: 0.0287, Reg: 0.0192
INFO:__main__:Total loss -0.0566
INFO:__main__:Predicted mean: -0.3891
INFO:__main__:Predicted uncertainity -0.8005
INFO:__main__:Completed epoch 86 of 100

INFO:__main__:NLL: 0.1563, L2: 0.0270, Reg: 0.0174
INFO:__main__:Total loss 0.2007
INFO:__main__:Predicted mean: -0.4268
INFO:__main__:Predicted uncertainity -0.6273
INFO:__main__:Completed epoch 87 of 100

INFO:__main__:NLL: 0.0787, L2: 0.0278, Reg: 0.0174
INFO:__main__:Total loss 0.1238
INFO:__main__:Predicted mean: -0.3772
INFO:__main__:Predicted uncertainity -0.6360
INFO:__main__:Completed epoch 88 of 100

INFO:__main__:NLL: 0.0334, L2: 0.0270, Reg: 0.0186
INFO:__main__:Total loss 0.0790
INFO:__main__:Predicted mean: -0.3776
INFO:__main__:Predicted uncertainity -0.7864
INFO:__main__:Completed epoch 89 of 100

INFO:__main__:NLL: 0.1316, L2: 0.0272, Reg: 0.0186
INFO:__main__:Total loss 0.1774
INFO:__main__:Predicted mean: -0.3945
INFO:__main__:Predicted uncertainity -0.7469
INFO:__main__:Completed epoch 90 of 100

INFO:__main__:NLL: 0.0706, L2: 0.0282, Reg: 0.0187
INFO:__main__:Total loss 0.1176
INFO:__main__:Predicted mean: -0.4203
INFO:__main__:Predicted uncertainity -0.7834
INFO:__main__:Completed epoch 91 of 100

INFO:__main__:NLL: 0.0709, L2: 0.0272, Reg: 0.0196
INFO:__main__:Total loss 0.1178
INFO:__main__:Predicted mean: -0.4007
INFO:__main__:Predicted uncertainity -0.8717
INFO:__main__:Completed epoch 92 of 100

INFO:__main__:NLL: 0.0216, L2: 0.0291, Reg: 0.0183
INFO:__main__:Total loss 0.0689
INFO:__main__:Predicted mean: -0.4097
INFO:__main__:Predicted uncertainity -0.7099
INFO:__main__:Completed epoch 93 of 100

INFO:__main__:NLL: 0.1048, L2: 0.0313, Reg: 0.0180
INFO:__main__:Total loss 0.1541
INFO:__main__:Predicted mean: -0.3618
INFO:__main__:Predicted uncertainity -0.7125
INFO:__main__:Completed epoch 94 of 100

INFO:__main__:NLL: 0.1213, L2: 0.0265, Reg: 0.0174
INFO:__main__:Total loss 0.1651
INFO:__main__:Predicted mean: -0.3622
INFO:__main__:Predicted uncertainity -0.6267
INFO:__main__:Completed epoch 95 of 100

INFO:__main__:NLL: 0.2630, L2: 0.0277, Reg: 0.0187
INFO:__main__:Total loss 0.3094
INFO:__main__:Predicted mean: -0.4347
INFO:__main__:Predicted uncertainity -0.8128
INFO:__main__:Completed epoch 96 of 100

INFO:__main__:NLL: 0.0399, L2: 0.0262, Reg: 0.0176
INFO:__main__:Total loss 0.0838
INFO:__main__:Predicted mean: -0.3453
INFO:__main__:Predicted uncertainity -0.7070
INFO:__main__:Completed epoch 97 of 100

INFO:__main__:NLL: 0.1095, L2: 0.0280, Reg: 0.0188
INFO:__main__:Total loss 0.1563
INFO:__main__:Predicted mean: -0.3890
INFO:__main__:Predicted uncertainity -0.7487
INFO:__main__:Completed epoch 98 of 100

INFO:__main__:NLL: 0.1529, L2: 0.0279, Reg: 0.0199
INFO:__main__:Total loss 0.2007
INFO:__main__:Predicted mean: -0.4325
INFO:__main__:Predicted uncertainity -0.8564
INFO:__main__:Completed epoch 99 of 100

INFO:__main__:NLL: 0.2653, L2: 0.0269, Reg: 0.0189
INFO:__main__:Total loss 0.3111
INFO:__main__:Predicted mean: -0.3811
INFO:__main__:Predicted uncertainity -0.7958
INFO:__main__:Completed epoch 100 of 100

INFO:__main__:477.461266 s
