INFO:__main__:PROCESS RUNNING ON cpu
INFO:__main__:NLL: 0.1810, L2: 0.0266, Reg: 0.0134
INFO:__main__:Total loss 0.2210
INFO:__main__:Predicted mean: -0.3814
INFO:__main__:Predicted uncertainity -0.7116
INFO:__main__:Completed epoch 1 of 100

INFO:__main__:NLL: 0.0542, L2: 0.0279, Reg: 0.0128
INFO:__main__:Total loss 0.0949
INFO:__main__:Predicted mean: -0.4002
INFO:__main__:Predicted uncertainity -0.8130
INFO:__main__:Completed epoch 2 of 100

INFO:__main__:NLL: 0.0759, L2: 0.0278, Reg: 0.0132
INFO:__main__:Total loss 0.1168
INFO:__main__:Predicted mean: -0.4297
INFO:__main__:Predicted uncertainity -0.7815
INFO:__main__:Completed epoch 3 of 100

INFO:__main__:NLL: -0.0232, L2: 0.0296, Reg: 0.0119
INFO:__main__:Total loss 0.0183
INFO:__main__:Predicted mean: -0.3787
INFO:__main__:Predicted uncertainity -0.7597
INFO:__main__:Completed epoch 4 of 100

INFO:__main__:NLL: 0.1266, L2: 0.0283, Reg: 0.0139
INFO:__main__:Total loss 0.1689
INFO:__main__:Predicted mean: -0.4068
INFO:__main__:Predicted uncertainity -0.7235
INFO:__main__:Completed epoch 5 of 100

INFO:__main__:NLL: 0.1822, L2: 0.0275, Reg: 0.0129
INFO:__main__:Total loss 0.2226
INFO:__main__:Predicted mean: -0.3894
INFO:__main__:Predicted uncertainity -0.7257
INFO:__main__:Completed epoch 6 of 100

INFO:__main__:NLL: 0.1232, L2: 0.0283, Reg: 0.0138
INFO:__main__:Total loss 0.1653
INFO:__main__:Predicted mean: -0.4037
INFO:__main__:Predicted uncertainity -0.7050
INFO:__main__:Completed epoch 7 of 100

INFO:__main__:NLL: 0.2452, L2: 0.0280, Reg: 0.0126
INFO:__main__:Total loss 0.2858
INFO:__main__:Predicted mean: -0.3809
INFO:__main__:Predicted uncertainity -0.7257
INFO:__main__:Completed epoch 8 of 100

INFO:__main__:NLL: 0.0263, L2: 0.0280, Reg: 0.0157
INFO:__main__:Total loss 0.0700
INFO:__main__:Predicted mean: -0.3710
INFO:__main__:Predicted uncertainity -0.8331
INFO:__main__:Completed epoch 9 of 100

INFO:__main__:NLL: 0.2468, L2: 0.0281, Reg: 0.0130
INFO:__main__:Total loss 0.2879
INFO:__main__:Predicted mean: -0.3935
INFO:__main__:Predicted uncertainity -0.7181
INFO:__main__:Completed epoch 10 of 100

INFO:__main__:NLL: 0.0456, L2: 0.0280, Reg: 0.0122
INFO:__main__:Total loss 0.0858
INFO:__main__:Predicted mean: -0.3883
INFO:__main__:Predicted uncertainity -0.7759
INFO:__main__:Completed epoch 11 of 100

INFO:__main__:NLL: 0.1936, L2: 0.0259, Reg: 0.0148
INFO:__main__:Total loss 0.2343
INFO:__main__:Predicted mean: -0.3685
INFO:__main__:Predicted uncertainity -0.6613
INFO:__main__:Completed epoch 12 of 100

INFO:__main__:NLL: 0.0190, L2: 0.0295, Reg: 0.0140
INFO:__main__:Total loss 0.0626
INFO:__main__:Predicted mean: -0.3391
INFO:__main__:Predicted uncertainity -0.7599
INFO:__main__:Completed epoch 13 of 100

INFO:__main__:NLL: 0.2544, L2: 0.0286, Reg: 0.0135
INFO:__main__:Total loss 0.2964
INFO:__main__:Predicted mean: -0.3629
INFO:__main__:Predicted uncertainity -0.7337
INFO:__main__:Completed epoch 14 of 100

INFO:__main__:NLL: 0.1882, L2: 0.0282, Reg: 0.0138
INFO:__main__:Total loss 0.2302
INFO:__main__:Predicted mean: -0.3822
INFO:__main__:Predicted uncertainity -0.7802
INFO:__main__:Completed epoch 15 of 100

INFO:__main__:NLL: 0.2085, L2: 0.0286, Reg: 0.0141
INFO:__main__:Total loss 0.2513
INFO:__main__:Predicted mean: -0.3584
INFO:__main__:Predicted uncertainity -0.8089
INFO:__main__:Completed epoch 16 of 100

INFO:__main__:NLL: 0.0898, L2: 0.0270, Reg: 0.0120
INFO:__main__:Total loss 0.1287
INFO:__main__:Predicted mean: -0.3735
INFO:__main__:Predicted uncertainity -0.7244
INFO:__main__:Completed epoch 17 of 100

INFO:__main__:NLL: 0.1990, L2: 0.0274, Reg: 0.0136
INFO:__main__:Total loss 0.2400
INFO:__main__:Predicted mean: -0.3906
INFO:__main__:Predicted uncertainity -0.6862
INFO:__main__:Completed epoch 18 of 100

INFO:__main__:NLL: -0.0634, L2: 0.0278, Reg: 0.0117
INFO:__main__:Total loss -0.0239
INFO:__main__:Predicted mean: -0.4299
INFO:__main__:Predicted uncertainity -0.7166
INFO:__main__:Completed epoch 19 of 100

INFO:__main__:NLL: 0.1365, L2: 0.0277, Reg: 0.0118
INFO:__main__:Total loss 0.1760
INFO:__main__:Predicted mean: -0.4014
INFO:__main__:Predicted uncertainity -0.6851
INFO:__main__:Completed epoch 20 of 100

INFO:__main__:NLL: -0.0419, L2: 0.0272, Reg: 0.0123
INFO:__main__:Total loss -0.0024
INFO:__main__:Predicted mean: -0.3569
INFO:__main__:Predicted uncertainity -0.6944
INFO:__main__:Completed epoch 21 of 100

INFO:__main__:NLL: 0.0222, L2: 0.0293, Reg: 0.0132
INFO:__main__:Total loss 0.0647
INFO:__main__:Predicted mean: -0.3507
INFO:__main__:Predicted uncertainity -0.7985
INFO:__main__:Completed epoch 22 of 100

INFO:__main__:NLL: 0.1550, L2: 0.0270, Reg: 0.0147
INFO:__main__:Total loss 0.1968
INFO:__main__:Predicted mean: -0.4148
INFO:__main__:Predicted uncertainity -0.7357
INFO:__main__:Completed epoch 23 of 100

INFO:__main__:NLL: 0.1724, L2: 0.0277, Reg: 0.0125
INFO:__main__:Total loss 0.2126
INFO:__main__:Predicted mean: -0.3569
INFO:__main__:Predicted uncertainity -0.7097
INFO:__main__:Completed epoch 24 of 100

INFO:__main__:NLL: 0.2013, L2: 0.0287, Reg: 0.0132
INFO:__main__:Total loss 0.2431
INFO:__main__:Predicted mean: -0.3839
INFO:__main__:Predicted uncertainity -0.7369
INFO:__main__:Completed epoch 25 of 100

INFO:__main__:NLL: 0.0042, L2: 0.0292, Reg: 0.0125
INFO:__main__:Total loss 0.0460
INFO:__main__:Predicted mean: -0.3844
INFO:__main__:Predicted uncertainity -0.6364
INFO:__main__:Completed epoch 26 of 100

INFO:__main__:NLL: 0.1944, L2: 0.0283, Reg: 0.0137
INFO:__main__:Total loss 0.2364
INFO:__main__:Predicted mean: -0.3949
INFO:__main__:Predicted uncertainity -0.8292
INFO:__main__:Completed epoch 27 of 100

INFO:__main__:NLL: 0.1522, L2: 0.0266, Reg: 0.0122
INFO:__main__:Total loss 0.1910
INFO:__main__:Predicted mean: -0.3784
INFO:__main__:Predicted uncertainity -0.6783
INFO:__main__:Completed epoch 28 of 100

INFO:__main__:NLL: 0.1597, L2: 0.0280, Reg: 0.0128
INFO:__main__:Total loss 0.2004
INFO:__main__:Predicted mean: -0.3472
INFO:__main__:Predicted uncertainity -0.7587
INFO:__main__:Completed epoch 29 of 100

INFO:__main__:NLL: 0.1672, L2: 0.0258, Reg: 0.0124
INFO:__main__:Total loss 0.2053
INFO:__main__:Predicted mean: -0.3545
INFO:__main__:Predicted uncertainity -0.6623
INFO:__main__:Completed epoch 30 of 100

INFO:__main__:NLL: 0.1635, L2: 0.0254, Reg: 0.0129
INFO:__main__:Total loss 0.2018
INFO:__main__:Predicted mean: -0.4149
INFO:__main__:Predicted uncertainity -0.7203
INFO:__main__:Completed epoch 31 of 100

INFO:__main__:NLL: -0.0497, L2: 0.0304, Reg: 0.0145
INFO:__main__:Total loss -0.0048
INFO:__main__:Predicted mean: -0.3650
INFO:__main__:Predicted uncertainity -0.8855
INFO:__main__:Completed epoch 32 of 100

INFO:__main__:NLL: 0.0289, L2: 0.0291, Reg: 0.0130
INFO:__main__:Total loss 0.0710
INFO:__main__:Predicted mean: -0.4381
INFO:__main__:Predicted uncertainity -0.7140
INFO:__main__:Completed epoch 33 of 100

INFO:__main__:NLL: 0.0073, L2: 0.0293, Reg: 0.0134
INFO:__main__:Total loss 0.0500
INFO:__main__:Predicted mean: -0.3495
INFO:__main__:Predicted uncertainity -0.7245
INFO:__main__:Completed epoch 34 of 100

INFO:__main__:NLL: -0.0186, L2: 0.0280, Reg: 0.0118
INFO:__main__:Total loss 0.0212
INFO:__main__:Predicted mean: -0.3920
INFO:__main__:Predicted uncertainity -0.7180
INFO:__main__:Completed epoch 35 of 100

INFO:__main__:NLL: 0.1554, L2: 0.0255, Reg: 0.0137
INFO:__main__:Total loss 0.1947
INFO:__main__:Predicted mean: -0.3435
INFO:__main__:Predicted uncertainity -0.7527
INFO:__main__:Completed epoch 36 of 100

INFO:__main__:NLL: -0.0170, L2: 0.0264, Reg: 0.0130
INFO:__main__:Total loss 0.0224
INFO:__main__:Predicted mean: -0.3528
INFO:__main__:Predicted uncertainity -0.8151
INFO:__main__:Completed epoch 37 of 100

INFO:__main__:NLL: 0.2869, L2: 0.0286, Reg: 0.0124
INFO:__main__:Total loss 0.3279
INFO:__main__:Predicted mean: -0.3941
INFO:__main__:Predicted uncertainity -0.8214
INFO:__main__:Completed epoch 38 of 100

INFO:__main__:NLL: 0.2114, L2: 0.0277, Reg: 0.0129
INFO:__main__:Total loss 0.2519
INFO:__main__:Predicted mean: -0.4656
INFO:__main__:Predicted uncertainity -0.6787
INFO:__main__:Completed epoch 39 of 100

INFO:__main__:NLL: 0.1466, L2: 0.0293, Reg: 0.0123
INFO:__main__:Total loss 0.1882
INFO:__main__:Predicted mean: -0.4431
INFO:__main__:Predicted uncertainity -0.5707
INFO:__main__:Completed epoch 40 of 100

INFO:__main__:NLL: -0.0609, L2: 0.0267, Reg: 0.0129
INFO:__main__:Total loss -0.0213
INFO:__main__:Predicted mean: -0.3565
INFO:__main__:Predicted uncertainity -0.7570
INFO:__main__:Completed epoch 41 of 100

INFO:__main__:NLL: 0.0736, L2: 0.0275, Reg: 0.0130
INFO:__main__:Total loss 0.1141
INFO:__main__:Predicted mean: -0.4152
INFO:__main__:Predicted uncertainity -0.6957
INFO:__main__:Completed epoch 42 of 100

INFO:__main__:NLL: 0.2289, L2: 0.0275, Reg: 0.0131
INFO:__main__:Total loss 0.2695
INFO:__main__:Predicted mean: -0.4021
INFO:__main__:Predicted uncertainity -0.7066
INFO:__main__:Completed epoch 43 of 100

INFO:__main__:NLL: 0.3502, L2: 0.0278, Reg: 0.0138
INFO:__main__:Total loss 0.3918
INFO:__main__:Predicted mean: -0.4377
INFO:__main__:Predicted uncertainity -0.7487
INFO:__main__:Completed epoch 44 of 100

INFO:__main__:NLL: 0.1106, L2: 0.0232, Reg: 0.0127
INFO:__main__:Total loss 0.1465
INFO:__main__:Predicted mean: -0.3981
INFO:__main__:Predicted uncertainity -0.7193
INFO:__main__:Completed epoch 45 of 100

INFO:__main__:NLL: 0.1364, L2: 0.0246, Reg: 0.0129
INFO:__main__:Total loss 0.1739
INFO:__main__:Predicted mean: -0.3737
INFO:__main__:Predicted uncertainity -0.7949
INFO:__main__:Completed epoch 46 of 100

INFO:__main__:NLL: 0.1133, L2: 0.0263, Reg: 0.0124
INFO:__main__:Total loss 0.1521
INFO:__main__:Predicted mean: -0.4093
INFO:__main__:Predicted uncertainity -0.7726
INFO:__main__:Completed epoch 47 of 100

INFO:__main__:NLL: 0.0684, L2: 0.0280, Reg: 0.0136
INFO:__main__:Total loss 0.1101
INFO:__main__:Predicted mean: -0.3944
INFO:__main__:Predicted uncertainity -0.7918
INFO:__main__:Completed epoch 48 of 100

INFO:__main__:NLL: -0.0327, L2: 0.0267, Reg: 0.0132
INFO:__main__:Total loss 0.0072
INFO:__main__:Predicted mean: -0.3603
INFO:__main__:Predicted uncertainity -0.6881
INFO:__main__:Completed epoch 49 of 100

INFO:__main__:NLL: 0.0572, L2: 0.0266, Reg: 0.0120
INFO:__main__:Total loss 0.0958
INFO:__main__:Predicted mean: -0.3708
INFO:__main__:Predicted uncertainity -0.7625
INFO:__main__:Completed epoch 50 of 100

INFO:__main__:NLL: 0.4421, L2: 0.0274, Reg: 0.0140
INFO:__main__:Total loss 0.4835
INFO:__main__:Predicted mean: -0.3699
INFO:__main__:Predicted uncertainity -0.8162
INFO:__main__:Completed epoch 51 of 100

INFO:__main__:NLL: -0.0606, L2: 0.0255, Reg: 0.0123
INFO:__main__:Total loss -0.0228
INFO:__main__:Predicted mean: -0.3871
INFO:__main__:Predicted uncertainity -0.8016
INFO:__main__:Completed epoch 52 of 100

INFO:__main__:NLL: 0.0475, L2: 0.0255, Reg: 0.0117
INFO:__main__:Total loss 0.0848
INFO:__main__:Predicted mean: -0.3550
INFO:__main__:Predicted uncertainity -0.6270
INFO:__main__:Completed epoch 53 of 100

INFO:__main__:NLL: 0.2563, L2: 0.0264, Reg: 0.0112
INFO:__main__:Total loss 0.2939
INFO:__main__:Predicted mean: -0.3764
INFO:__main__:Predicted uncertainity -0.6841
INFO:__main__:Completed epoch 54 of 100

INFO:__main__:NLL: 0.2559, L2: 0.0269, Reg: 0.0117
INFO:__main__:Total loss 0.2946
INFO:__main__:Predicted mean: -0.3509
INFO:__main__:Predicted uncertainity -0.7242
INFO:__main__:Completed epoch 55 of 100

INFO:__main__:NLL: 0.3100, L2: 0.0270, Reg: 0.0132
INFO:__main__:Total loss 0.3501
INFO:__main__:Predicted mean: -0.4018
INFO:__main__:Predicted uncertainity -0.7228
INFO:__main__:Completed epoch 56 of 100

INFO:__main__:NLL: 0.1200, L2: 0.0268, Reg: 0.0133
INFO:__main__:Total loss 0.1601
INFO:__main__:Predicted mean: -0.3857
INFO:__main__:Predicted uncertainity -0.6914
INFO:__main__:Completed epoch 57 of 100

INFO:__main__:NLL: 0.0319, L2: 0.0280, Reg: 0.0130
INFO:__main__:Total loss 0.0728
INFO:__main__:Predicted mean: -0.4640
INFO:__main__:Predicted uncertainity -0.7110
INFO:__main__:Completed epoch 58 of 100

INFO:__main__:NLL: -0.0043, L2: 0.0278, Reg: 0.0130
INFO:__main__:Total loss 0.0366
INFO:__main__:Predicted mean: -0.3502
INFO:__main__:Predicted uncertainity -0.6086
INFO:__main__:Completed epoch 59 of 100

INFO:__main__:NLL: 0.0893, L2: 0.0305, Reg: 0.0131
INFO:__main__:Total loss 0.1329
INFO:__main__:Predicted mean: -0.3738
INFO:__main__:Predicted uncertainity -0.7344
INFO:__main__:Completed epoch 60 of 100

INFO:__main__:NLL: 0.1476, L2: 0.0284, Reg: 0.0119
INFO:__main__:Total loss 0.1879
INFO:__main__:Predicted mean: -0.3565
INFO:__main__:Predicted uncertainity -0.7294
INFO:__main__:Completed epoch 61 of 100

INFO:__main__:NLL: 0.1760, L2: 0.0261, Reg: 0.0123
INFO:__main__:Total loss 0.2144
INFO:__main__:Predicted mean: -0.3602
INFO:__main__:Predicted uncertainity -0.7880
INFO:__main__:Completed epoch 62 of 100

INFO:__main__:NLL: 0.0885, L2: 0.0283, Reg: 0.0136
INFO:__main__:Total loss 0.1304
INFO:__main__:Predicted mean: -0.4868
INFO:__main__:Predicted uncertainity -0.7411
INFO:__main__:Completed epoch 63 of 100

INFO:__main__:NLL: 0.0132, L2: 0.0276, Reg: 0.0129
INFO:__main__:Total loss 0.0537
INFO:__main__:Predicted mean: -0.3587
INFO:__main__:Predicted uncertainity -0.7019
INFO:__main__:Completed epoch 64 of 100

INFO:__main__:NLL: 0.0377, L2: 0.0279, Reg: 0.0131
INFO:__main__:Total loss 0.0786
INFO:__main__:Predicted mean: -0.3492
INFO:__main__:Predicted uncertainity -0.7020
INFO:__main__:Completed epoch 65 of 100

INFO:__main__:NLL: 0.2105, L2: 0.0301, Reg: 0.0128
INFO:__main__:Total loss 0.2535
INFO:__main__:Predicted mean: -0.4075
INFO:__main__:Predicted uncertainity -0.7571
INFO:__main__:Completed epoch 66 of 100

INFO:__main__:NLL: 0.0220, L2: 0.0260, Reg: 0.0130
INFO:__main__:Total loss 0.0610
INFO:__main__:Predicted mean: -0.3937
INFO:__main__:Predicted uncertainity -0.7289
INFO:__main__:Completed epoch 67 of 100

INFO:__main__:NLL: 0.0312, L2: 0.0277, Reg: 0.0141
INFO:__main__:Total loss 0.0731
INFO:__main__:Predicted mean: -0.3562
INFO:__main__:Predicted uncertainity -0.7909
INFO:__main__:Completed epoch 68 of 100

INFO:__main__:NLL: 0.0436, L2: 0.0286, Reg: 0.0137
INFO:__main__:Total loss 0.0859
INFO:__main__:Predicted mean: -0.4059
INFO:__main__:Predicted uncertainity -0.7452
INFO:__main__:Completed epoch 69 of 100

INFO:__main__:NLL: 0.4308, L2: 0.0279, Reg: 0.0164
INFO:__main__:Total loss 0.4750
INFO:__main__:Predicted mean: -0.4704
INFO:__main__:Predicted uncertainity -0.7394
INFO:__main__:Completed epoch 70 of 100

INFO:__main__:NLL: -0.0343, L2: 0.0265, Reg: 0.0141
INFO:__main__:Total loss 0.0063
INFO:__main__:Predicted mean: -0.3998
INFO:__main__:Predicted uncertainity -0.7704
INFO:__main__:Completed epoch 71 of 100

INFO:__main__:NLL: 0.3141, L2: 0.0280, Reg: 0.0154
INFO:__main__:Total loss 0.3575
INFO:__main__:Predicted mean: -0.4273
INFO:__main__:Predicted uncertainity -0.8006
INFO:__main__:Completed epoch 72 of 100

INFO:__main__:NLL: 0.2927, L2: 0.0284, Reg: 0.0132
INFO:__main__:Total loss 0.3344
INFO:__main__:Predicted mean: -0.3572
INFO:__main__:Predicted uncertainity -0.8147
INFO:__main__:Completed epoch 73 of 100

INFO:__main__:NLL: 0.0394, L2: 0.0294, Reg: 0.0146
INFO:__main__:Total loss 0.0834
INFO:__main__:Predicted mean: -0.3910
INFO:__main__:Predicted uncertainity -0.7895
INFO:__main__:Completed epoch 74 of 100

INFO:__main__:NLL: 0.0332, L2: 0.0282, Reg: 0.0138
INFO:__main__:Total loss 0.0752
INFO:__main__:Predicted mean: -0.4109
INFO:__main__:Predicted uncertainity -0.7612
INFO:__main__:Completed epoch 75 of 100

INFO:__main__:NLL: 0.0811, L2: 0.0267, Reg: 0.0128
INFO:__main__:Total loss 0.1207
INFO:__main__:Predicted mean: -0.4421
INFO:__main__:Predicted uncertainity -0.7124
INFO:__main__:Completed epoch 76 of 100

INFO:__main__:NLL: 0.2306, L2: 0.0251, Reg: 0.0124
INFO:__main__:Total loss 0.2681
INFO:__main__:Predicted mean: -0.4325
INFO:__main__:Predicted uncertainity -0.7594
INFO:__main__:Completed epoch 77 of 100

INFO:__main__:NLL: 0.2541, L2: 0.0266, Reg: 0.0143
INFO:__main__:Total loss 0.2949
INFO:__main__:Predicted mean: -0.3555
INFO:__main__:Predicted uncertainity -0.7662
INFO:__main__:Completed epoch 78 of 100

INFO:__main__:NLL: 0.2583, L2: 0.0264, Reg: 0.0116
INFO:__main__:Total loss 0.2963
INFO:__main__:Predicted mean: -0.3665
INFO:__main__:Predicted uncertainity -0.6677
INFO:__main__:Completed epoch 79 of 100

INFO:__main__:NLL: 0.0667, L2: 0.0275, Reg: 0.0145
INFO:__main__:Total loss 0.1087
INFO:__main__:Predicted mean: -0.3699
INFO:__main__:Predicted uncertainity -0.6429
INFO:__main__:Completed epoch 80 of 100

INFO:__main__:NLL: 0.0049, L2: 0.0296, Reg: 0.0132
INFO:__main__:Total loss 0.0477
INFO:__main__:Predicted mean: -0.4037
INFO:__main__:Predicted uncertainity -0.6953
INFO:__main__:Completed epoch 81 of 100

INFO:__main__:NLL: 0.1299, L2: 0.0275, Reg: 0.0121
INFO:__main__:Total loss 0.1695
INFO:__main__:Predicted mean: -0.4106
INFO:__main__:Predicted uncertainity -0.7551
INFO:__main__:Completed epoch 82 of 100

INFO:__main__:NLL: -0.0130, L2: 0.0280, Reg: 0.0147
INFO:__main__:Total loss 0.0297
INFO:__main__:Predicted mean: -0.4063
INFO:__main__:Predicted uncertainity -0.7610
INFO:__main__:Completed epoch 83 of 100

INFO:__main__:NLL: 0.3445, L2: 0.0263, Reg: 0.0133
INFO:__main__:Total loss 0.3841
INFO:__main__:Predicted mean: -0.3638
INFO:__main__:Predicted uncertainity -0.6915
INFO:__main__:Completed epoch 84 of 100

INFO:__main__:NLL: 0.1117, L2: 0.0277, Reg: 0.0126
INFO:__main__:Total loss 0.1521
INFO:__main__:Predicted mean: -0.3857
INFO:__main__:Predicted uncertainity -0.6606
INFO:__main__:Completed epoch 85 of 100

INFO:__main__:NLL: -0.0894, L2: 0.0280, Reg: 0.0137
INFO:__main__:Total loss -0.0477
INFO:__main__:Predicted mean: -0.4125
INFO:__main__:Predicted uncertainity -0.8228
INFO:__main__:Completed epoch 86 of 100

INFO:__main__:NLL: 0.1530, L2: 0.0276, Reg: 0.0133
INFO:__main__:Total loss 0.1940
INFO:__main__:Predicted mean: -0.4091
INFO:__main__:Predicted uncertainity -0.6807
INFO:__main__:Completed epoch 87 of 100

INFO:__main__:NLL: 0.1252, L2: 0.0295, Reg: 0.0114
INFO:__main__:Total loss 0.1662
INFO:__main__:Predicted mean: -0.3976
INFO:__main__:Predicted uncertainity -0.6639
INFO:__main__:Completed epoch 88 of 100

INFO:__main__:NLL: 0.0586, L2: 0.0266, Reg: 0.0126
INFO:__main__:Total loss 0.0978
INFO:__main__:Predicted mean: -0.3451
INFO:__main__:Predicted uncertainity -0.7247
INFO:__main__:Completed epoch 89 of 100

INFO:__main__:NLL: 0.2455, L2: 0.0279, Reg: 0.0142
INFO:__main__:Total loss 0.2876
INFO:__main__:Predicted mean: -0.3974
INFO:__main__:Predicted uncertainity -0.7793
INFO:__main__:Completed epoch 90 of 100

INFO:__main__:NLL: 0.0844, L2: 0.0291, Reg: 0.0138
INFO:__main__:Total loss 0.1273
INFO:__main__:Predicted mean: -0.4362
INFO:__main__:Predicted uncertainity -0.7484
INFO:__main__:Completed epoch 91 of 100

INFO:__main__:NLL: 0.0412, L2: 0.0280, Reg: 0.0155
INFO:__main__:Total loss 0.0848
INFO:__main__:Predicted mean: -0.4055
INFO:__main__:Predicted uncertainity -0.8401
INFO:__main__:Completed epoch 92 of 100

INFO:__main__:NLL: 0.1014, L2: 0.0294, Reg: 0.0127
INFO:__main__:Total loss 0.1435
INFO:__main__:Predicted mean: -0.4036
INFO:__main__:Predicted uncertainity -0.6506
INFO:__main__:Completed epoch 93 of 100

INFO:__main__:NLL: 0.0969, L2: 0.0298, Reg: 0.0118
INFO:__main__:Total loss 0.1385
INFO:__main__:Predicted mean: -0.3401
INFO:__main__:Predicted uncertainity -0.7284
INFO:__main__:Completed epoch 94 of 100

INFO:__main__:NLL: 0.1993, L2: 0.0266, Reg: 0.0115
INFO:__main__:Total loss 0.2374
INFO:__main__:Predicted mean: -0.3910
INFO:__main__:Predicted uncertainity -0.6273
INFO:__main__:Completed epoch 95 of 100

INFO:__main__:NLL: 0.2446, L2: 0.0279, Reg: 0.0135
INFO:__main__:Total loss 0.2861
INFO:__main__:Predicted mean: -0.4213
INFO:__main__:Predicted uncertainity -0.8451
INFO:__main__:Completed epoch 96 of 100

INFO:__main__:NLL: 0.0335, L2: 0.0259, Reg: 0.0124
INFO:__main__:Total loss 0.0718
INFO:__main__:Predicted mean: -0.3664
INFO:__main__:Predicted uncertainity -0.7610
INFO:__main__:Completed epoch 97 of 100

INFO:__main__:NLL: 0.0975, L2: 0.0287, Reg: 0.0133
INFO:__main__:Total loss 0.1395
INFO:__main__:Predicted mean: -0.3649
INFO:__main__:Predicted uncertainity -0.6988
INFO:__main__:Completed epoch 98 of 100

INFO:__main__:NLL: 0.2897, L2: 0.0270, Reg: 0.0157
INFO:__main__:Total loss 0.3323
INFO:__main__:Predicted mean: -0.4256
INFO:__main__:Predicted uncertainity -0.8409
INFO:__main__:Completed epoch 99 of 100

INFO:__main__:NLL: 0.2358, L2: 0.0275, Reg: 0.0133
INFO:__main__:Total loss 0.2766
INFO:__main__:Predicted mean: -0.3953
INFO:__main__:Predicted uncertainity -0.8280
INFO:__main__:Completed epoch 100 of 100

INFO:__main__:357.856138 s
