INFO:__main__:PROCESS RUNNING ON cpu
INFO:__main__:NLL: 0.1899, L2: 0.0249, Reg: 0.0537
INFO:__main__:Total loss 0.2685
INFO:__main__:Predicted mean: -0.4037
INFO:__main__:Predicted uncertainity -0.6344
INFO:__main__:Completed epoch 1 of 100

INFO:__main__:NLL: 0.0440, L2: 0.0250, Reg: 0.0476
INFO:__main__:Total loss 0.1166
INFO:__main__:Predicted mean: -0.4052
INFO:__main__:Predicted uncertainity -0.6092
INFO:__main__:Completed epoch 2 of 100

INFO:__main__:NLL: 0.0920, L2: 0.0235, Reg: 0.0453
INFO:__main__:Total loss 0.1608
INFO:__main__:Predicted mean: -0.3974
INFO:__main__:Predicted uncertainity -0.6238
INFO:__main__:Completed epoch 3 of 100

INFO:__main__:NLL: 0.0530, L2: 0.0250, Reg: 0.0382
INFO:__main__:Total loss 0.1163
INFO:__main__:Predicted mean: -0.4136
INFO:__main__:Predicted uncertainity -0.6416
INFO:__main__:Completed epoch 4 of 100

INFO:__main__:NLL: 0.0541, L2: 0.0245, Reg: 0.0482
INFO:__main__:Total loss 0.1269
INFO:__main__:Predicted mean: -0.3926
INFO:__main__:Predicted uncertainity -0.6255
INFO:__main__:Completed epoch 5 of 100

INFO:__main__:NLL: 0.1618, L2: 0.0246, Reg: 0.0442
INFO:__main__:Total loss 0.2306
INFO:__main__:Predicted mean: -0.4228
INFO:__main__:Predicted uncertainity -0.6028
INFO:__main__:Completed epoch 6 of 100

INFO:__main__:NLL: 0.2303, L2: 0.0255, Reg: 0.0490
INFO:__main__:Total loss 0.3048
INFO:__main__:Predicted mean: -0.3905
INFO:__main__:Predicted uncertainity -0.5549
INFO:__main__:Completed epoch 7 of 100

INFO:__main__:NLL: 0.1895, L2: 0.0263, Reg: 0.0443
INFO:__main__:Total loss 0.2601
INFO:__main__:Predicted mean: -0.3979
INFO:__main__:Predicted uncertainity -0.5935
INFO:__main__:Completed epoch 8 of 100

INFO:__main__:NLL: 0.0327, L2: 0.0258, Reg: 0.0573
INFO:__main__:Total loss 0.1157
INFO:__main__:Predicted mean: -0.3892
INFO:__main__:Predicted uncertainity -0.6640
INFO:__main__:Completed epoch 9 of 100

INFO:__main__:NLL: 0.2134, L2: 0.0275, Reg: 0.0452
INFO:__main__:Total loss 0.2861
INFO:__main__:Predicted mean: -0.3910
INFO:__main__:Predicted uncertainity -0.5991
INFO:__main__:Completed epoch 10 of 100

INFO:__main__:NLL: 0.0470, L2: 0.0255, Reg: 0.0437
INFO:__main__:Total loss 0.1162
INFO:__main__:Predicted mean: -0.4234
INFO:__main__:Predicted uncertainity -0.6874
INFO:__main__:Completed epoch 11 of 100

INFO:__main__:NLL: 0.1149, L2: 0.0245, Reg: 0.0492
INFO:__main__:Total loss 0.1886
INFO:__main__:Predicted mean: -0.3787
INFO:__main__:Predicted uncertainity -0.5395
INFO:__main__:Completed epoch 12 of 100

INFO:__main__:NLL: 0.1024, L2: 0.0271, Reg: 0.0530
INFO:__main__:Total loss 0.1825
INFO:__main__:Predicted mean: -0.3622
INFO:__main__:Predicted uncertainity -0.6222
INFO:__main__:Completed epoch 13 of 100

INFO:__main__:NLL: 0.2944, L2: 0.0267, Reg: 0.0461
INFO:__main__:Total loss 0.3671
INFO:__main__:Predicted mean: -0.4075
INFO:__main__:Predicted uncertainity -0.6298
INFO:__main__:Completed epoch 14 of 100

INFO:__main__:NLL: 0.1674, L2: 0.0266, Reg: 0.0505
INFO:__main__:Total loss 0.2445
INFO:__main__:Predicted mean: -0.4158
INFO:__main__:Predicted uncertainity -0.6353
INFO:__main__:Completed epoch 15 of 100

INFO:__main__:NLL: 0.2022, L2: 0.0257, Reg: 0.0501
INFO:__main__:Total loss 0.2780
INFO:__main__:Predicted mean: -0.3649
INFO:__main__:Predicted uncertainity -0.6435
INFO:__main__:Completed epoch 16 of 100

INFO:__main__:NLL: 0.0656, L2: 0.0248, Reg: 0.0349
INFO:__main__:Total loss 0.1253
INFO:__main__:Predicted mean: -0.3935
INFO:__main__:Predicted uncertainity -0.5886
INFO:__main__:Completed epoch 17 of 100

INFO:__main__:NLL: 0.1916, L2: 0.0250, Reg: 0.0424
INFO:__main__:Total loss 0.2591
INFO:__main__:Predicted mean: -0.4461
INFO:__main__:Predicted uncertainity -0.5578
INFO:__main__:Completed epoch 18 of 100

INFO:__main__:NLL: 0.0159, L2: 0.0260, Reg: 0.0386
INFO:__main__:Total loss 0.0804
INFO:__main__:Predicted mean: -0.4389
INFO:__main__:Predicted uncertainity -0.5328
INFO:__main__:Completed epoch 19 of 100

INFO:__main__:NLL: 0.1601, L2: 0.0242, Reg: 0.0395
INFO:__main__:Total loss 0.2237
INFO:__main__:Predicted mean: -0.4102
INFO:__main__:Predicted uncertainity -0.6629
INFO:__main__:Completed epoch 20 of 100

INFO:__main__:NLL: 0.0345, L2: 0.0261, Reg: 0.0453
INFO:__main__:Total loss 0.1059
INFO:__main__:Predicted mean: -0.3917
INFO:__main__:Predicted uncertainity -0.5751
INFO:__main__:Completed epoch 21 of 100

INFO:__main__:NLL: 0.1247, L2: 0.0258, Reg: 0.0451
INFO:__main__:Total loss 0.1956
INFO:__main__:Predicted mean: -0.3807
INFO:__main__:Predicted uncertainity -0.6196
INFO:__main__:Completed epoch 22 of 100

INFO:__main__:NLL: 0.1395, L2: 0.0268, Reg: 0.0545
INFO:__main__:Total loss 0.2208
INFO:__main__:Predicted mean: -0.3994
INFO:__main__:Predicted uncertainity -0.5971
INFO:__main__:Completed epoch 23 of 100

INFO:__main__:NLL: 0.2268, L2: 0.0248, Reg: 0.0402
INFO:__main__:Total loss 0.2917
INFO:__main__:Predicted mean: -0.3787
INFO:__main__:Predicted uncertainity -0.5466
INFO:__main__:Completed epoch 24 of 100

INFO:__main__:NLL: 0.1757, L2: 0.0246, Reg: 0.0405
INFO:__main__:Total loss 0.2408
INFO:__main__:Predicted mean: -0.3904
INFO:__main__:Predicted uncertainity -0.6183
INFO:__main__:Completed epoch 25 of 100

INFO:__main__:NLL: 0.0413, L2: 0.0246, Reg: 0.0385
INFO:__main__:Total loss 0.1044
INFO:__main__:Predicted mean: -0.3856
INFO:__main__:Predicted uncertainity -0.5470
INFO:__main__:Completed epoch 26 of 100

INFO:__main__:NLL: 0.2723, L2: 0.0253, Reg: 0.0475
INFO:__main__:Total loss 0.3452
INFO:__main__:Predicted mean: -0.4058
INFO:__main__:Predicted uncertainity -0.6015
INFO:__main__:Completed epoch 27 of 100

INFO:__main__:NLL: 0.1809, L2: 0.0251, Reg: 0.0351
INFO:__main__:Total loss 0.2410
INFO:__main__:Predicted mean: -0.4068
INFO:__main__:Predicted uncertainity -0.5489
INFO:__main__:Completed epoch 28 of 100

INFO:__main__:NLL: 0.1604, L2: 0.0258, Reg: 0.0423
INFO:__main__:Total loss 0.2285
INFO:__main__:Predicted mean: -0.3668
INFO:__main__:Predicted uncertainity -0.6309
INFO:__main__:Completed epoch 29 of 100

INFO:__main__:NLL: 0.1396, L2: 0.0245, Reg: 0.0366
INFO:__main__:Total loss 0.2007
INFO:__main__:Predicted mean: -0.3611
INFO:__main__:Predicted uncertainity -0.5172
INFO:__main__:Completed epoch 30 of 100

INFO:__main__:NLL: 0.1811, L2: 0.0249, Reg: 0.0431
INFO:__main__:Total loss 0.2491
INFO:__main__:Predicted mean: -0.4440
INFO:__main__:Predicted uncertainity -0.6563
INFO:__main__:Completed epoch 31 of 100

INFO:__main__:NLL: -0.0027, L2: 0.0257, Reg: 0.0507
INFO:__main__:Total loss 0.0736
INFO:__main__:Predicted mean: -0.3654
INFO:__main__:Predicted uncertainity -0.6812
INFO:__main__:Completed epoch 32 of 100

INFO:__main__:NLL: 0.1081, L2: 0.0270, Reg: 0.0444
INFO:__main__:Total loss 0.1795
INFO:__main__:Predicted mean: -0.4185
INFO:__main__:Predicted uncertainity -0.5765
INFO:__main__:Completed epoch 33 of 100

INFO:__main__:NLL: 0.0743, L2: 0.0254, Reg: 0.0471
INFO:__main__:Total loss 0.1468
INFO:__main__:Predicted mean: -0.3982
INFO:__main__:Predicted uncertainity -0.6658
INFO:__main__:Completed epoch 34 of 100

INFO:__main__:NLL: 0.0374, L2: 0.0253, Reg: 0.0424
INFO:__main__:Total loss 0.1050
INFO:__main__:Predicted mean: -0.4203
INFO:__main__:Predicted uncertainity -0.6456
INFO:__main__:Completed epoch 35 of 100

INFO:__main__:NLL: 0.0556, L2: 0.0250, Reg: 0.0444
INFO:__main__:Total loss 0.1250
INFO:__main__:Predicted mean: -0.3414
INFO:__main__:Predicted uncertainity -0.6029
INFO:__main__:Completed epoch 36 of 100

INFO:__main__:NLL: -0.0011, L2: 0.0249, Reg: 0.0488
INFO:__main__:Total loss 0.0726
INFO:__main__:Predicted mean: -0.3770
INFO:__main__:Predicted uncertainity -0.6920
INFO:__main__:Completed epoch 37 of 100

INFO:__main__:NLL: 0.2456, L2: 0.0256, Reg: 0.0394
INFO:__main__:Total loss 0.3106
INFO:__main__:Predicted mean: -0.3966
INFO:__main__:Predicted uncertainity -0.6585
INFO:__main__:Completed epoch 38 of 100

INFO:__main__:NLL: 0.1139, L2: 0.0261, Reg: 0.0428
INFO:__main__:Total loss 0.1828
INFO:__main__:Predicted mean: -0.4376
INFO:__main__:Predicted uncertainity -0.5823
INFO:__main__:Completed epoch 39 of 100

INFO:__main__:NLL: 0.1405, L2: 0.0249, Reg: 0.0423
INFO:__main__:Total loss 0.2077
INFO:__main__:Predicted mean: -0.4784
INFO:__main__:Predicted uncertainity -0.5553
INFO:__main__:Completed epoch 40 of 100

INFO:__main__:NLL: -0.0206, L2: 0.0261, Reg: 0.0435
INFO:__main__:Total loss 0.0490
INFO:__main__:Predicted mean: -0.3974
INFO:__main__:Predicted uncertainity -0.6337
INFO:__main__:Completed epoch 41 of 100

INFO:__main__:NLL: 0.1118, L2: 0.0249, Reg: 0.0456
INFO:__main__:Total loss 0.1823
INFO:__main__:Predicted mean: -0.4122
INFO:__main__:Predicted uncertainity -0.5476
INFO:__main__:Completed epoch 42 of 100

INFO:__main__:NLL: 0.1416, L2: 0.0252, Reg: 0.0424
INFO:__main__:Total loss 0.2092
INFO:__main__:Predicted mean: -0.4098
INFO:__main__:Predicted uncertainity -0.6035
INFO:__main__:Completed epoch 43 of 100

INFO:__main__:NLL: 0.2484, L2: 0.0261, Reg: 0.0529
INFO:__main__:Total loss 0.3274
INFO:__main__:Predicted mean: -0.4487
INFO:__main__:Predicted uncertainity -0.6360
INFO:__main__:Completed epoch 44 of 100

INFO:__main__:NLL: 0.1394, L2: 0.0235, Reg: 0.0414
INFO:__main__:Total loss 0.2043
INFO:__main__:Predicted mean: -0.3979
INFO:__main__:Predicted uncertainity -0.6319
INFO:__main__:Completed epoch 45 of 100

INFO:__main__:NLL: 0.1071, L2: 0.0252, Reg: 0.0485
INFO:__main__:Total loss 0.1807
INFO:__main__:Predicted mean: -0.4069
INFO:__main__:Predicted uncertainity -0.6532
INFO:__main__:Completed epoch 46 of 100

INFO:__main__:NLL: 0.0854, L2: 0.0247, Reg: 0.0434
INFO:__main__:Total loss 0.1534
INFO:__main__:Predicted mean: -0.4135
INFO:__main__:Predicted uncertainity -0.6596
INFO:__main__:Completed epoch 47 of 100

INFO:__main__:NLL: 0.1350, L2: 0.0262, Reg: 0.0441
INFO:__main__:Total loss 0.2053
INFO:__main__:Predicted mean: -0.3943
INFO:__main__:Predicted uncertainity -0.6417
INFO:__main__:Completed epoch 48 of 100

INFO:__main__:NLL: 0.0534, L2: 0.0246, Reg: 0.0392
INFO:__main__:Total loss 0.1171
INFO:__main__:Predicted mean: -0.3724
INFO:__main__:Predicted uncertainity -0.5276
INFO:__main__:Completed epoch 49 of 100

INFO:__main__:NLL: 0.0470, L2: 0.0260, Reg: 0.0378
INFO:__main__:Total loss 0.1108
INFO:__main__:Predicted mean: -0.4039
INFO:__main__:Predicted uncertainity -0.6318
INFO:__main__:Completed epoch 50 of 100

INFO:__main__:NLL: 0.4267, L2: 0.0248, Reg: 0.0468
INFO:__main__:Total loss 0.4983
INFO:__main__:Predicted mean: -0.4185
INFO:__main__:Predicted uncertainity -0.6998
INFO:__main__:Completed epoch 51 of 100

INFO:__main__:NLL: 0.0023, L2: 0.0248, Reg: 0.0409
INFO:__main__:Total loss 0.0680
INFO:__main__:Predicted mean: -0.4063
INFO:__main__:Predicted uncertainity -0.6478
INFO:__main__:Completed epoch 52 of 100

INFO:__main__:NLL: 0.1494, L2: 0.0249, Reg: 0.0377
INFO:__main__:Total loss 0.2120
INFO:__main__:Predicted mean: -0.4119
INFO:__main__:Predicted uncertainity -0.5282
INFO:__main__:Completed epoch 53 of 100

INFO:__main__:NLL: 0.2716, L2: 0.0251, Reg: 0.0325
INFO:__main__:Total loss 0.3292
INFO:__main__:Predicted mean: -0.3587
INFO:__main__:Predicted uncertainity -0.5927
INFO:__main__:Completed epoch 54 of 100

INFO:__main__:NLL: 0.1731, L2: 0.0259, Reg: 0.0391
INFO:__main__:Total loss 0.2381
INFO:__main__:Predicted mean: -0.3553
INFO:__main__:Predicted uncertainity -0.6529
INFO:__main__:Completed epoch 55 of 100

INFO:__main__:NLL: 0.2945, L2: 0.0243, Reg: 0.0446
INFO:__main__:Total loss 0.3633
INFO:__main__:Predicted mean: -0.4340
INFO:__main__:Predicted uncertainity -0.6300
INFO:__main__:Completed epoch 56 of 100

INFO:__main__:NLL: 0.1212, L2: 0.0252, Reg: 0.0415
INFO:__main__:Total loss 0.1880
INFO:__main__:Predicted mean: -0.3861
INFO:__main__:Predicted uncertainity -0.5356
INFO:__main__:Completed epoch 57 of 100

INFO:__main__:NLL: 0.0726, L2: 0.0267, Reg: 0.0451
INFO:__main__:Total loss 0.1444
INFO:__main__:Predicted mean: -0.4645
INFO:__main__:Predicted uncertainity -0.5641
INFO:__main__:Completed epoch 58 of 100

INFO:__main__:NLL: 0.0817, L2: 0.0241, Reg: 0.0426
INFO:__main__:Total loss 0.1484
INFO:__main__:Predicted mean: -0.3615
INFO:__main__:Predicted uncertainity -0.5189
INFO:__main__:Completed epoch 59 of 100

INFO:__main__:NLL: 0.0671, L2: 0.0260, Reg: 0.0348
INFO:__main__:Total loss 0.1279
INFO:__main__:Predicted mean: -0.3943
INFO:__main__:Predicted uncertainity -0.6296
INFO:__main__:Completed epoch 60 of 100

INFO:__main__:NLL: 0.1934, L2: 0.0258, Reg: 0.0414
INFO:__main__:Total loss 0.2606
INFO:__main__:Predicted mean: -0.3532
INFO:__main__:Predicted uncertainity -0.6383
INFO:__main__:Completed epoch 61 of 100

INFO:__main__:NLL: 0.2464, L2: 0.0262, Reg: 0.0410
INFO:__main__:Total loss 0.3135
INFO:__main__:Predicted mean: -0.3816
INFO:__main__:Predicted uncertainity -0.5608
INFO:__main__:Completed epoch 62 of 100

INFO:__main__:NLL: 0.0830, L2: 0.0252, Reg: 0.0446
INFO:__main__:Total loss 0.1528
INFO:__main__:Predicted mean: -0.4651
INFO:__main__:Predicted uncertainity -0.6145
INFO:__main__:Completed epoch 63 of 100

INFO:__main__:NLL: 0.0652, L2: 0.0250, Reg: 0.0458
INFO:__main__:Total loss 0.1360
INFO:__main__:Predicted mean: -0.3946
INFO:__main__:Predicted uncertainity -0.6485
INFO:__main__:Completed epoch 64 of 100

INFO:__main__:NLL: 0.0379, L2: 0.0271, Reg: 0.0440
INFO:__main__:Total loss 0.1090
INFO:__main__:Predicted mean: -0.3816
INFO:__main__:Predicted uncertainity -0.6157
INFO:__main__:Completed epoch 65 of 100

INFO:__main__:NLL: 0.1878, L2: 0.0255, Reg: 0.0478
INFO:__main__:Total loss 0.2611
INFO:__main__:Predicted mean: -0.4348
INFO:__main__:Predicted uncertainity -0.6782
INFO:__main__:Completed epoch 66 of 100

INFO:__main__:NLL: 0.1159, L2: 0.0249, Reg: 0.0395
INFO:__main__:Total loss 0.1802
INFO:__main__:Predicted mean: -0.3863
INFO:__main__:Predicted uncertainity -0.6269
INFO:__main__:Completed epoch 67 of 100

INFO:__main__:NLL: 0.0626, L2: 0.0258, Reg: 0.0483
INFO:__main__:Total loss 0.1367
INFO:__main__:Predicted mean: -0.3874
INFO:__main__:Predicted uncertainity -0.6295
INFO:__main__:Completed epoch 68 of 100

INFO:__main__:NLL: 0.0657, L2: 0.0264, Reg: 0.0524
INFO:__main__:Total loss 0.1445
INFO:__main__:Predicted mean: -0.3964
INFO:__main__:Predicted uncertainity -0.6382
INFO:__main__:Completed epoch 69 of 100

INFO:__main__:NLL: 0.3964, L2: 0.0264, Reg: 0.0574
INFO:__main__:Total loss 0.4802
INFO:__main__:Predicted mean: -0.4815
INFO:__main__:Predicted uncertainity -0.5928
INFO:__main__:Completed epoch 70 of 100

INFO:__main__:NLL: -0.0360, L2: 0.0260, Reg: 0.0484
INFO:__main__:Total loss 0.0384
INFO:__main__:Predicted mean: -0.4263
INFO:__main__:Predicted uncertainity -0.6228
INFO:__main__:Completed epoch 71 of 100

INFO:__main__:NLL: 0.2918, L2: 0.0258, Reg: 0.0670
INFO:__main__:Total loss 0.3846
INFO:__main__:Predicted mean: -0.4062
INFO:__main__:Predicted uncertainity -0.7156
INFO:__main__:Completed epoch 72 of 100

INFO:__main__:NLL: 0.2796, L2: 0.0262, Reg: 0.0446
INFO:__main__:Total loss 0.3504
INFO:__main__:Predicted mean: -0.4094
INFO:__main__:Predicted uncertainity -0.6852
INFO:__main__:Completed epoch 73 of 100

INFO:__main__:NLL: 0.0425, L2: 0.0264, Reg: 0.0591
INFO:__main__:Total loss 0.1280
INFO:__main__:Predicted mean: -0.4011
INFO:__main__:Predicted uncertainity -0.6846
INFO:__main__:Completed epoch 74 of 100

INFO:__main__:NLL: 0.0879, L2: 0.0261, Reg: 0.0505
INFO:__main__:Total loss 0.1644
INFO:__main__:Predicted mean: -0.3964
INFO:__main__:Predicted uncertainity -0.6043
INFO:__main__:Completed epoch 75 of 100

INFO:__main__:NLL: 0.1071, L2: 0.0251, Reg: 0.0396
INFO:__main__:Total loss 0.1719
INFO:__main__:Predicted mean: -0.4447
INFO:__main__:Predicted uncertainity -0.5852
INFO:__main__:Completed epoch 76 of 100

INFO:__main__:NLL: 0.2069, L2: 0.0257, Reg: 0.0454
INFO:__main__:Total loss 0.2780
INFO:__main__:Predicted mean: -0.4219
INFO:__main__:Predicted uncertainity -0.5986
INFO:__main__:Completed epoch 77 of 100

INFO:__main__:NLL: 0.2134, L2: 0.0260, Reg: 0.0524
INFO:__main__:Total loss 0.2918
INFO:__main__:Predicted mean: -0.3688
INFO:__main__:Predicted uncertainity -0.6065
INFO:__main__:Completed epoch 78 of 100

INFO:__main__:NLL: 0.1540, L2: 0.0237, Reg: 0.0340
INFO:__main__:Total loss 0.2117
INFO:__main__:Predicted mean: -0.3913
INFO:__main__:Predicted uncertainity -0.6246
INFO:__main__:Completed epoch 79 of 100

INFO:__main__:NLL: 0.1203, L2: 0.0260, Reg: 0.0517
INFO:__main__:Total loss 0.1980
INFO:__main__:Predicted mean: -0.3863
INFO:__main__:Predicted uncertainity -0.5839
INFO:__main__:Completed epoch 80 of 100

INFO:__main__:NLL: 0.1371, L2: 0.0264, Reg: 0.0424
INFO:__main__:Total loss 0.2059
INFO:__main__:Predicted mean: -0.4030
INFO:__main__:Predicted uncertainity -0.5543
INFO:__main__:Completed epoch 81 of 100

INFO:__main__:NLL: 0.1356, L2: 0.0254, Reg: 0.0411
INFO:__main__:Total loss 0.2021
INFO:__main__:Predicted mean: -0.4099
INFO:__main__:Predicted uncertainity -0.6188
INFO:__main__:Completed epoch 82 of 100

INFO:__main__:NLL: 0.0894, L2: 0.0256, Reg: 0.0446
INFO:__main__:Total loss 0.1597
INFO:__main__:Predicted mean: -0.4212
INFO:__main__:Predicted uncertainity -0.6340
INFO:__main__:Completed epoch 83 of 100

INFO:__main__:NLL: 0.3084, L2: 0.0247, Reg: 0.0430
INFO:__main__:Total loss 0.3761
INFO:__main__:Predicted mean: -0.3875
INFO:__main__:Predicted uncertainity -0.5618
INFO:__main__:Completed epoch 84 of 100

INFO:__main__:NLL: 0.1636, L2: 0.0247, Reg: 0.0438
INFO:__main__:Total loss 0.2321
INFO:__main__:Predicted mean: -0.4079
INFO:__main__:Predicted uncertainity -0.5658
INFO:__main__:Completed epoch 85 of 100

INFO:__main__:NLL: -0.0473, L2: 0.0264, Reg: 0.0505
INFO:__main__:Total loss 0.0296
INFO:__main__:Predicted mean: -0.4151
INFO:__main__:Predicted uncertainity -0.6969
INFO:__main__:Completed epoch 86 of 100

INFO:__main__:NLL: 0.1827, L2: 0.0244, Reg: 0.0414
INFO:__main__:Total loss 0.2485
INFO:__main__:Predicted mean: -0.4487
INFO:__main__:Predicted uncertainity -0.6100
INFO:__main__:Completed epoch 87 of 100

INFO:__main__:NLL: 0.0799, L2: 0.0263, Reg: 0.0376
INFO:__main__:Total loss 0.1438
INFO:__main__:Predicted mean: -0.3997
INFO:__main__:Predicted uncertainity -0.5769
INFO:__main__:Completed epoch 88 of 100

INFO:__main__:NLL: 0.0735, L2: 0.0256, Reg: 0.0415
INFO:__main__:Total loss 0.1406
INFO:__main__:Predicted mean: -0.3377
INFO:__main__:Predicted uncertainity -0.6317
INFO:__main__:Completed epoch 89 of 100

INFO:__main__:NLL: 0.1693, L2: 0.0248, Reg: 0.0458
INFO:__main__:Total loss 0.2398
INFO:__main__:Predicted mean: -0.3964
INFO:__main__:Predicted uncertainity -0.6428
INFO:__main__:Completed epoch 90 of 100

INFO:__main__:NLL: 0.1449, L2: 0.0246, Reg: 0.0505
INFO:__main__:Total loss 0.2200
INFO:__main__:Predicted mean: -0.4688
INFO:__main__:Predicted uncertainity -0.6858
INFO:__main__:Completed epoch 91 of 100

INFO:__main__:NLL: 0.1241, L2: 0.0258, Reg: 0.0578
INFO:__main__:Total loss 0.2077
INFO:__main__:Predicted mean: -0.4190
INFO:__main__:Predicted uncertainity -0.7175
INFO:__main__:Completed epoch 92 of 100

INFO:__main__:NLL: 0.0935, L2: 0.0263, Reg: 0.0444
INFO:__main__:Total loss 0.1642
INFO:__main__:Predicted mean: -0.4056
INFO:__main__:Predicted uncertainity -0.5707
INFO:__main__:Completed epoch 93 of 100

INFO:__main__:NLL: 0.1529, L2: 0.0257, Reg: 0.0447
INFO:__main__:Total loss 0.2233
INFO:__main__:Predicted mean: -0.4256
INFO:__main__:Predicted uncertainity -0.6155
INFO:__main__:Completed epoch 94 of 100

INFO:__main__:NLL: 0.1198, L2: 0.0242, Reg: 0.0370
INFO:__main__:Total loss 0.1810
INFO:__main__:Predicted mean: -0.4193
INFO:__main__:Predicted uncertainity -0.5447
INFO:__main__:Completed epoch 95 of 100

INFO:__main__:NLL: 0.2125, L2: 0.0231, Reg: 0.0453
INFO:__main__:Total loss 0.2809
INFO:__main__:Predicted mean: -0.4678
INFO:__main__:Predicted uncertainity -0.7027
INFO:__main__:Completed epoch 96 of 100

INFO:__main__:NLL: 0.1211, L2: 0.0229, Reg: 0.0326
INFO:__main__:Total loss 0.1766
INFO:__main__:Predicted mean: -0.3536
INFO:__main__:Predicted uncertainity -0.6269
INFO:__main__:Completed epoch 97 of 100

INFO:__main__:NLL: 0.1120, L2: 0.0252, Reg: 0.0441
INFO:__main__:Total loss 0.1813
INFO:__main__:Predicted mean: -0.4025
INFO:__main__:Predicted uncertainity -0.6014
INFO:__main__:Completed epoch 98 of 100

INFO:__main__:NLL: 0.1043, L2: 0.0262, Reg: 0.0582
INFO:__main__:Total loss 0.1888
INFO:__main__:Predicted mean: -0.4196
INFO:__main__:Predicted uncertainity -0.6816
INFO:__main__:Completed epoch 99 of 100

INFO:__main__:NLL: 0.2575, L2: 0.0249, Reg: 0.0492
INFO:__main__:Total loss 0.3316
INFO:__main__:Predicted mean: -0.4213
INFO:__main__:Predicted uncertainity -0.7022
INFO:__main__:Completed epoch 100 of 100

INFO:__main__:703.170999 s
