INFO:__main__:PROCESS RUNNING ON cpu
INFO:__main__:NLL: 0.1272, L2: 0.0212, Reg: 0.0449
INFO:__main__:Total loss 0.1933
INFO:__main__:Predicted mean: -0.4294
INFO:__main__:Predicted uncertainity -0.5706
INFO:__main__:Completed epoch 1 of 100

INFO:__main__:NLL: 0.1664, L2: 0.0200, Reg: 0.0442
INFO:__main__:Total loss 0.2306
INFO:__main__:Predicted mean: -0.3977
INFO:__main__:Predicted uncertainity -0.5656
INFO:__main__:Completed epoch 2 of 100

INFO:__main__:NLL: 0.1026, L2: 0.0210, Reg: 0.0477
INFO:__main__:Total loss 0.1713
INFO:__main__:Predicted mean: -0.3517
INFO:__main__:Predicted uncertainity -0.5613
INFO:__main__:Completed epoch 3 of 100

INFO:__main__:NLL: -0.0370, L2: 0.0212, Reg: 0.0584
INFO:__main__:Total loss 0.0426
INFO:__main__:Predicted mean: -0.4367
INFO:__main__:Predicted uncertainity -0.6273
INFO:__main__:Completed epoch 4 of 100

INFO:__main__:NLL: 0.1890, L2: 0.0216, Reg: 0.0397
INFO:__main__:Total loss 0.2503
INFO:__main__:Predicted mean: -0.3939
INFO:__main__:Predicted uncertainity -0.5559
INFO:__main__:Completed epoch 5 of 100

INFO:__main__:NLL: 0.0630, L2: 0.0225, Reg: 0.0412
INFO:__main__:Total loss 0.1268
INFO:__main__:Predicted mean: -0.3601
INFO:__main__:Predicted uncertainity -0.5537
INFO:__main__:Completed epoch 6 of 100

INFO:__main__:NLL: 0.0483, L2: 0.0211, Reg: 0.0412
INFO:__main__:Total loss 0.1106
INFO:__main__:Predicted mean: -0.3691
INFO:__main__:Predicted uncertainity -0.5924
INFO:__main__:Completed epoch 7 of 100

INFO:__main__:NLL: 0.2234, L2: 0.0220, Reg: 0.0527
INFO:__main__:Total loss 0.2981
INFO:__main__:Predicted mean: -0.4439
INFO:__main__:Predicted uncertainity -0.6478
INFO:__main__:Completed epoch 8 of 100

INFO:__main__:NLL: 0.1304, L2: 0.0225, Reg: 0.0438
INFO:__main__:Total loss 0.1966
INFO:__main__:Predicted mean: -0.4408
INFO:__main__:Predicted uncertainity -0.6532
INFO:__main__:Completed epoch 9 of 100

INFO:__main__:NLL: 0.2536, L2: 0.0210, Reg: 0.0454
INFO:__main__:Total loss 0.3200
INFO:__main__:Predicted mean: -0.3913
INFO:__main__:Predicted uncertainity -0.5639
INFO:__main__:Completed epoch 10 of 100

INFO:__main__:NLL: 0.1336, L2: 0.0208, Reg: 0.0411
INFO:__main__:Total loss 0.1954
INFO:__main__:Predicted mean: -0.4167
INFO:__main__:Predicted uncertainity -0.5313
INFO:__main__:Completed epoch 11 of 100

INFO:__main__:NLL: 0.2170, L2: 0.0202, Reg: 0.0416
INFO:__main__:Total loss 0.2788
INFO:__main__:Predicted mean: -0.4369
INFO:__main__:Predicted uncertainity -0.5974
INFO:__main__:Completed epoch 12 of 100

INFO:__main__:NLL: 0.1315, L2: 0.0225, Reg: 0.0424
INFO:__main__:Total loss 0.1964
INFO:__main__:Predicted mean: -0.3932
INFO:__main__:Predicted uncertainity -0.6156
INFO:__main__:Completed epoch 13 of 100

INFO:__main__:NLL: 0.0736, L2: 0.0229, Reg: 0.0446
INFO:__main__:Total loss 0.1411
INFO:__main__:Predicted mean: -0.3735
INFO:__main__:Predicted uncertainity -0.5733
INFO:__main__:Completed epoch 14 of 100

INFO:__main__:NLL: 0.0309, L2: 0.0219, Reg: 0.0405
INFO:__main__:Total loss 0.0933
INFO:__main__:Predicted mean: -0.3810
INFO:__main__:Predicted uncertainity -0.5610
INFO:__main__:Completed epoch 15 of 100

INFO:__main__:NLL: 0.1481, L2: 0.0211, Reg: 0.0447
INFO:__main__:Total loss 0.2140
INFO:__main__:Predicted mean: -0.3811
INFO:__main__:Predicted uncertainity -0.5879
INFO:__main__:Completed epoch 16 of 100

INFO:__main__:NLL: 0.0279, L2: 0.0241, Reg: 0.0461
INFO:__main__:Total loss 0.0981
INFO:__main__:Predicted mean: -0.3824
INFO:__main__:Predicted uncertainity -0.6432
INFO:__main__:Completed epoch 17 of 100

INFO:__main__:NLL: 0.1635, L2: 0.0232, Reg: 0.0543
INFO:__main__:Total loss 0.2410
INFO:__main__:Predicted mean: -0.3763
INFO:__main__:Predicted uncertainity -0.6354
INFO:__main__:Completed epoch 18 of 100

INFO:__main__:NLL: 0.0712, L2: 0.0225, Reg: 0.0506
INFO:__main__:Total loss 0.1442
INFO:__main__:Predicted mean: -0.3818
INFO:__main__:Predicted uncertainity -0.6065
INFO:__main__:Completed epoch 19 of 100

INFO:__main__:NLL: 0.1148, L2: 0.0209, Reg: 0.0428
INFO:__main__:Total loss 0.1784
INFO:__main__:Predicted mean: -0.3944
INFO:__main__:Predicted uncertainity -0.5968
INFO:__main__:Completed epoch 20 of 100

INFO:__main__:NLL: 0.1674, L2: 0.0219, Reg: 0.0386
INFO:__main__:Total loss 0.2279
INFO:__main__:Predicted mean: -0.4068
INFO:__main__:Predicted uncertainity -0.5553
INFO:__main__:Completed epoch 21 of 100

INFO:__main__:NLL: 0.1050, L2: 0.0215, Reg: 0.0473
INFO:__main__:Total loss 0.1738
INFO:__main__:Predicted mean: -0.3970
INFO:__main__:Predicted uncertainity -0.6251
INFO:__main__:Completed epoch 22 of 100

INFO:__main__:NLL: 0.2604, L2: 0.0218, Reg: 0.0482
INFO:__main__:Total loss 0.3305
INFO:__main__:Predicted mean: -0.3732
INFO:__main__:Predicted uncertainity -0.6093
INFO:__main__:Completed epoch 23 of 100

INFO:__main__:NLL: 0.0788, L2: 0.0209, Reg: 0.0525
INFO:__main__:Total loss 0.1523
INFO:__main__:Predicted mean: -0.3851
INFO:__main__:Predicted uncertainity -0.5785
INFO:__main__:Completed epoch 24 of 100

INFO:__main__:NLL: 0.1322, L2: 0.0216, Reg: 0.0415
INFO:__main__:Total loss 0.1953
INFO:__main__:Predicted mean: -0.3307
INFO:__main__:Predicted uncertainity -0.5724
INFO:__main__:Completed epoch 25 of 100

INFO:__main__:NLL: 0.2131, L2: 0.0238, Reg: 0.0462
INFO:__main__:Total loss 0.2831
INFO:__main__:Predicted mean: -0.3866
INFO:__main__:Predicted uncertainity -0.5281
INFO:__main__:Completed epoch 26 of 100

INFO:__main__:NLL: 0.1235, L2: 0.0219, Reg: 0.0432
INFO:__main__:Total loss 0.1886
INFO:__main__:Predicted mean: -0.3641
INFO:__main__:Predicted uncertainity -0.5552
INFO:__main__:Completed epoch 27 of 100

INFO:__main__:NLL: 0.0778, L2: 0.0238, Reg: 0.0493
INFO:__main__:Total loss 0.1510
INFO:__main__:Predicted mean: -0.3496
INFO:__main__:Predicted uncertainity -0.6289
INFO:__main__:Completed epoch 28 of 100

INFO:__main__:NLL: 0.1325, L2: 0.0224, Reg: 0.0411
INFO:__main__:Total loss 0.1960
INFO:__main__:Predicted mean: -0.3852
INFO:__main__:Predicted uncertainity -0.5317
INFO:__main__:Completed epoch 29 of 100

INFO:__main__:NLL: 0.1049, L2: 0.0209, Reg: 0.0380
INFO:__main__:Total loss 0.1638
INFO:__main__:Predicted mean: -0.3996
INFO:__main__:Predicted uncertainity -0.5884
INFO:__main__:Completed epoch 30 of 100

INFO:__main__:NLL: -0.0273, L2: 0.0228, Reg: 0.0402
INFO:__main__:Total loss 0.0357
INFO:__main__:Predicted mean: -0.3417
INFO:__main__:Predicted uncertainity -0.5316
INFO:__main__:Completed epoch 31 of 100

INFO:__main__:NLL: 0.1454, L2: 0.0213, Reg: 0.0386
INFO:__main__:Total loss 0.2054
INFO:__main__:Predicted mean: -0.3859
INFO:__main__:Predicted uncertainity -0.6188
INFO:__main__:Completed epoch 32 of 100

INFO:__main__:NLL: 0.1869, L2: 0.0219, Reg: 0.0431
INFO:__main__:Total loss 0.2519
INFO:__main__:Predicted mean: -0.4242
INFO:__main__:Predicted uncertainity -0.6128
INFO:__main__:Completed epoch 33 of 100

INFO:__main__:NLL: 0.2000, L2: 0.0222, Reg: 0.0489
INFO:__main__:Total loss 0.2712
INFO:__main__:Predicted mean: -0.4312
INFO:__main__:Predicted uncertainity -0.5385
INFO:__main__:Completed epoch 34 of 100

INFO:__main__:NLL: 0.1610, L2: 0.0227, Reg: 0.0424
INFO:__main__:Total loss 0.2261
INFO:__main__:Predicted mean: -0.3457
INFO:__main__:Predicted uncertainity -0.6375
INFO:__main__:Completed epoch 35 of 100

INFO:__main__:NLL: 0.0839, L2: 0.0228, Reg: 0.0410
INFO:__main__:Total loss 0.1477
INFO:__main__:Predicted mean: -0.3877
INFO:__main__:Predicted uncertainity -0.6023
INFO:__main__:Completed epoch 36 of 100

INFO:__main__:NLL: 0.2798, L2: 0.0207, Reg: 0.0412
INFO:__main__:Total loss 0.3417
INFO:__main__:Predicted mean: -0.3960
INFO:__main__:Predicted uncertainity -0.5813
INFO:__main__:Completed epoch 37 of 100

INFO:__main__:NLL: 0.0564, L2: 0.0195, Reg: 0.0482
INFO:__main__:Total loss 0.1240
INFO:__main__:Predicted mean: -0.3597
INFO:__main__:Predicted uncertainity -0.6132
INFO:__main__:Completed epoch 38 of 100

INFO:__main__:NLL: 0.1434, L2: 0.0216, Reg: 0.0453
INFO:__main__:Total loss 0.2103
INFO:__main__:Predicted mean: -0.4150
INFO:__main__:Predicted uncertainity -0.6299
INFO:__main__:Completed epoch 39 of 100

INFO:__main__:NLL: 0.1663, L2: 0.0203, Reg: 0.0415
INFO:__main__:Total loss 0.2280
INFO:__main__:Predicted mean: -0.3872
INFO:__main__:Predicted uncertainity -0.5447
INFO:__main__:Completed epoch 40 of 100

INFO:__main__:NLL: 0.1468, L2: 0.0216, Reg: 0.0442
INFO:__main__:Total loss 0.2126
INFO:__main__:Predicted mean: -0.3423
INFO:__main__:Predicted uncertainity -0.5185
INFO:__main__:Completed epoch 41 of 100

INFO:__main__:NLL: 0.2754, L2: 0.0210, Reg: 0.0439
INFO:__main__:Total loss 0.3403
INFO:__main__:Predicted mean: -0.4445
INFO:__main__:Predicted uncertainity -0.5761
INFO:__main__:Completed epoch 42 of 100

INFO:__main__:NLL: 0.1214, L2: 0.0212, Reg: 0.0467
INFO:__main__:Total loss 0.1893
INFO:__main__:Predicted mean: -0.4167
INFO:__main__:Predicted uncertainity -0.5432
INFO:__main__:Completed epoch 43 of 100

INFO:__main__:NLL: 0.1371, L2: 0.0216, Reg: 0.0400
INFO:__main__:Total loss 0.1988
INFO:__main__:Predicted mean: -0.3665
INFO:__main__:Predicted uncertainity -0.5929
INFO:__main__:Completed epoch 44 of 100

INFO:__main__:NLL: 0.1818, L2: 0.0207, Reg: 0.0501
INFO:__main__:Total loss 0.2526
INFO:__main__:Predicted mean: -0.3683
INFO:__main__:Predicted uncertainity -0.6380
INFO:__main__:Completed epoch 45 of 100

INFO:__main__:NLL: 0.1692, L2: 0.0217, Reg: 0.0451
INFO:__main__:Total loss 0.2360
INFO:__main__:Predicted mean: -0.3140
INFO:__main__:Predicted uncertainity -0.5931
INFO:__main__:Completed epoch 46 of 100

INFO:__main__:NLL: 0.0837, L2: 0.0213, Reg: 0.0546
INFO:__main__:Total loss 0.1596
INFO:__main__:Predicted mean: -0.4117
INFO:__main__:Predicted uncertainity -0.6338
INFO:__main__:Completed epoch 47 of 100

INFO:__main__:NLL: 0.2823, L2: 0.0222, Reg: 0.0451
INFO:__main__:Total loss 0.3497
INFO:__main__:Predicted mean: -0.3545
INFO:__main__:Predicted uncertainity -0.5103
INFO:__main__:Completed epoch 48 of 100

INFO:__main__:NLL: 0.0565, L2: 0.0225, Reg: 0.0520
INFO:__main__:Total loss 0.1310
INFO:__main__:Predicted mean: -0.3895
INFO:__main__:Predicted uncertainity -0.6157
INFO:__main__:Completed epoch 49 of 100

INFO:__main__:NLL: 0.1276, L2: 0.0193, Reg: 0.0359
INFO:__main__:Total loss 0.1827
INFO:__main__:Predicted mean: -0.4335
INFO:__main__:Predicted uncertainity -0.5462
INFO:__main__:Completed epoch 50 of 100

INFO:__main__:NLL: 0.1780, L2: 0.0196, Reg: 0.0541
INFO:__main__:Total loss 0.2517
INFO:__main__:Predicted mean: -0.4183
INFO:__main__:Predicted uncertainity -0.6128
INFO:__main__:Completed epoch 51 of 100

INFO:__main__:NLL: 0.0764, L2: 0.0200, Reg: 0.0540
INFO:__main__:Total loss 0.1504
INFO:__main__:Predicted mean: -0.3911
INFO:__main__:Predicted uncertainity -0.5846
INFO:__main__:Completed epoch 52 of 100

INFO:__main__:NLL: 0.1765, L2: 0.0220, Reg: 0.0407
INFO:__main__:Total loss 0.2391
INFO:__main__:Predicted mean: -0.3832
INFO:__main__:Predicted uncertainity -0.5295
INFO:__main__:Completed epoch 53 of 100

INFO:__main__:NLL: 0.1071, L2: 0.0214, Reg: 0.0442
INFO:__main__:Total loss 0.1727
INFO:__main__:Predicted mean: -0.3653
INFO:__main__:Predicted uncertainity -0.5897
INFO:__main__:Completed epoch 54 of 100

INFO:__main__:NLL: 0.0661, L2: 0.0221, Reg: 0.0424
INFO:__main__:Total loss 0.1305
INFO:__main__:Predicted mean: -0.3649
INFO:__main__:Predicted uncertainity -0.6308
INFO:__main__:Completed epoch 55 of 100

INFO:__main__:NLL: 0.1344, L2: 0.0225, Reg: 0.0387
INFO:__main__:Total loss 0.1956
INFO:__main__:Predicted mean: -0.3724
INFO:__main__:Predicted uncertainity -0.5437
INFO:__main__:Completed epoch 56 of 100

INFO:__main__:NLL: 0.1511, L2: 0.0224, Reg: 0.0434
INFO:__main__:Total loss 0.2169
INFO:__main__:Predicted mean: -0.3502
INFO:__main__:Predicted uncertainity -0.5974
INFO:__main__:Completed epoch 57 of 100

INFO:__main__:NLL: 0.1783, L2: 0.0212, Reg: 0.0474
INFO:__main__:Total loss 0.2469
INFO:__main__:Predicted mean: -0.3819
INFO:__main__:Predicted uncertainity -0.5729
INFO:__main__:Completed epoch 58 of 100

INFO:__main__:NLL: 0.1399, L2: 0.0219, Reg: 0.0470
INFO:__main__:Total loss 0.2088
INFO:__main__:Predicted mean: -0.3885
INFO:__main__:Predicted uncertainity -0.5794
INFO:__main__:Completed epoch 59 of 100

INFO:__main__:NLL: 0.1273, L2: 0.0210, Reg: 0.0423
INFO:__main__:Total loss 0.1906
INFO:__main__:Predicted mean: -0.3839
INFO:__main__:Predicted uncertainity -0.4758
INFO:__main__:Completed epoch 60 of 100

INFO:__main__:NLL: 0.1059, L2: 0.0208, Reg: 0.0440
INFO:__main__:Total loss 0.1707
INFO:__main__:Predicted mean: -0.3347
INFO:__main__:Predicted uncertainity -0.5797
INFO:__main__:Completed epoch 61 of 100

INFO:__main__:NLL: 0.1809, L2: 0.0217, Reg: 0.0373
INFO:__main__:Total loss 0.2399
INFO:__main__:Predicted mean: -0.3800
INFO:__main__:Predicted uncertainity -0.5219
INFO:__main__:Completed epoch 62 of 100

INFO:__main__:NLL: 0.0991, L2: 0.0207, Reg: 0.0569
INFO:__main__:Total loss 0.1766
INFO:__main__:Predicted mean: -0.3614
INFO:__main__:Predicted uncertainity -0.6343
INFO:__main__:Completed epoch 63 of 100

INFO:__main__:NLL: 0.1343, L2: 0.0201, Reg: 0.0501
INFO:__main__:Total loss 0.2045
INFO:__main__:Predicted mean: -0.3928
INFO:__main__:Predicted uncertainity -0.6376
INFO:__main__:Completed epoch 64 of 100

INFO:__main__:NLL: 0.0236, L2: 0.0221, Reg: 0.0482
INFO:__main__:Total loss 0.0939
INFO:__main__:Predicted mean: -0.3888
INFO:__main__:Predicted uncertainity -0.6766
INFO:__main__:Completed epoch 65 of 100

INFO:__main__:NLL: 0.1558, L2: 0.0206, Reg: 0.0452
INFO:__main__:Total loss 0.2217
INFO:__main__:Predicted mean: -0.4015
INFO:__main__:Predicted uncertainity -0.5514
INFO:__main__:Completed epoch 66 of 100

INFO:__main__:NLL: 0.0803, L2: 0.0214, Reg: 0.0404
INFO:__main__:Total loss 0.1421
INFO:__main__:Predicted mean: -0.4068
INFO:__main__:Predicted uncertainity -0.6037
INFO:__main__:Completed epoch 67 of 100

INFO:__main__:NLL: 0.1651, L2: 0.0205, Reg: 0.0478
INFO:__main__:Total loss 0.2335
INFO:__main__:Predicted mean: -0.3908
INFO:__main__:Predicted uncertainity -0.5387
INFO:__main__:Completed epoch 68 of 100

INFO:__main__:NLL: 0.0731, L2: 0.0199, Reg: 0.0437
INFO:__main__:Total loss 0.1368
INFO:__main__:Predicted mean: -0.3784
INFO:__main__:Predicted uncertainity -0.6565
INFO:__main__:Completed epoch 69 of 100

INFO:__main__:NLL: 0.0135, L2: 0.0206, Reg: 0.0438
INFO:__main__:Total loss 0.0780
INFO:__main__:Predicted mean: -0.3681
INFO:__main__:Predicted uncertainity -0.5854
INFO:__main__:Completed epoch 70 of 100

INFO:__main__:NLL: 0.1153, L2: 0.0206, Reg: 0.0428
INFO:__main__:Total loss 0.1788
INFO:__main__:Predicted mean: -0.3154
INFO:__main__:Predicted uncertainity -0.5452
INFO:__main__:Completed epoch 71 of 100

INFO:__main__:NLL: 0.0885, L2: 0.0212, Reg: 0.0471
INFO:__main__:Total loss 0.1568
INFO:__main__:Predicted mean: -0.3593
INFO:__main__:Predicted uncertainity -0.5866
INFO:__main__:Completed epoch 72 of 100

INFO:__main__:NLL: 0.0477, L2: 0.0217, Reg: 0.0432
INFO:__main__:Total loss 0.1126
INFO:__main__:Predicted mean: -0.3748
INFO:__main__:Predicted uncertainity -0.5786
INFO:__main__:Completed epoch 73 of 100

INFO:__main__:NLL: 0.0483, L2: 0.0212, Reg: 0.0474
INFO:__main__:Total loss 0.1170
INFO:__main__:Predicted mean: -0.3719
INFO:__main__:Predicted uncertainity -0.7564
INFO:__main__:Completed epoch 74 of 100

INFO:__main__:NLL: 0.1561, L2: 0.0204, Reg: 0.0393
INFO:__main__:Total loss 0.2158
INFO:__main__:Predicted mean: -0.4065
INFO:__main__:Predicted uncertainity -0.5942
INFO:__main__:Completed epoch 75 of 100

INFO:__main__:NLL: 0.1337, L2: 0.0203, Reg: 0.0411
INFO:__main__:Total loss 0.1951
INFO:__main__:Predicted mean: -0.3965
INFO:__main__:Predicted uncertainity -0.5845
INFO:__main__:Completed epoch 76 of 100

INFO:__main__:NLL: 0.1394, L2: 0.0216, Reg: 0.0450
INFO:__main__:Total loss 0.2060
INFO:__main__:Predicted mean: -0.3357
INFO:__main__:Predicted uncertainity -0.5415
INFO:__main__:Completed epoch 77 of 100

INFO:__main__:NLL: 0.0276, L2: 0.0210, Reg: 0.0485
INFO:__main__:Total loss 0.0972
INFO:__main__:Predicted mean: -0.3852
INFO:__main__:Predicted uncertainity -0.5577
INFO:__main__:Completed epoch 78 of 100

INFO:__main__:NLL: 0.1571, L2: 0.0220, Reg: 0.0438
INFO:__main__:Total loss 0.2229
INFO:__main__:Predicted mean: -0.3671
INFO:__main__:Predicted uncertainity -0.5881
INFO:__main__:Completed epoch 79 of 100

INFO:__main__:NLL: 0.0782, L2: 0.0204, Reg: 0.0489
INFO:__main__:Total loss 0.1475
INFO:__main__:Predicted mean: -0.4175
INFO:__main__:Predicted uncertainity -0.6025
INFO:__main__:Completed epoch 80 of 100

INFO:__main__:NLL: 0.1022, L2: 0.0214, Reg: 0.0423
INFO:__main__:Total loss 0.1659
INFO:__main__:Predicted mean: -0.3893
INFO:__main__:Predicted uncertainity -0.5488
INFO:__main__:Completed epoch 81 of 100

INFO:__main__:NLL: 0.1201, L2: 0.0215, Reg: 0.0473
INFO:__main__:Total loss 0.1889
INFO:__main__:Predicted mean: -0.3783
INFO:__main__:Predicted uncertainity -0.5461
INFO:__main__:Completed epoch 82 of 100

INFO:__main__:NLL: 0.2156, L2: 0.0218, Reg: 0.0423
INFO:__main__:Total loss 0.2798
INFO:__main__:Predicted mean: -0.4249
INFO:__main__:Predicted uncertainity -0.5702
INFO:__main__:Completed epoch 83 of 100

INFO:__main__:NLL: 0.0776, L2: 0.0248, Reg: 0.0416
INFO:__main__:Total loss 0.1440
INFO:__main__:Predicted mean: -0.3840
INFO:__main__:Predicted uncertainity -0.5488
INFO:__main__:Completed epoch 84 of 100

INFO:__main__:NLL: 0.1063, L2: 0.0210, Reg: 0.0420
INFO:__main__:Total loss 0.1693
INFO:__main__:Predicted mean: -0.3546
INFO:__main__:Predicted uncertainity -0.6069
INFO:__main__:Completed epoch 85 of 100

INFO:__main__:NLL: 0.0519, L2: 0.0222, Reg: 0.0527
INFO:__main__:Total loss 0.1268
INFO:__main__:Predicted mean: -0.3882
INFO:__main__:Predicted uncertainity -0.6532
INFO:__main__:Completed epoch 86 of 100

INFO:__main__:NLL: 0.1364, L2: 0.0213, Reg: 0.0526
INFO:__main__:Total loss 0.2104
INFO:__main__:Predicted mean: -0.4598
INFO:__main__:Predicted uncertainity -0.6028
INFO:__main__:Completed epoch 87 of 100

INFO:__main__:NLL: 0.1867, L2: 0.0222, Reg: 0.0440
INFO:__main__:Total loss 0.2529
INFO:__main__:Predicted mean: -0.3558
INFO:__main__:Predicted uncertainity -0.6150
INFO:__main__:Completed epoch 88 of 100

INFO:__main__:NLL: 0.2507, L2: 0.0215, Reg: 0.0341
INFO:__main__:Total loss 0.3063
INFO:__main__:Predicted mean: -0.3482
INFO:__main__:Predicted uncertainity -0.5500
INFO:__main__:Completed epoch 89 of 100

INFO:__main__:NLL: 0.1701, L2: 0.0191, Reg: 0.0416
INFO:__main__:Total loss 0.2308
INFO:__main__:Predicted mean: -0.3609
INFO:__main__:Predicted uncertainity -0.5360
INFO:__main__:Completed epoch 90 of 100

INFO:__main__:NLL: 0.1226, L2: 0.0225, Reg: 0.0436
INFO:__main__:Total loss 0.1887
INFO:__main__:Predicted mean: -0.3242
INFO:__main__:Predicted uncertainity -0.5299
INFO:__main__:Completed epoch 91 of 100

INFO:__main__:NLL: 0.0235, L2: 0.0219, Reg: 0.0564
INFO:__main__:Total loss 0.1018
INFO:__main__:Predicted mean: -0.3650
INFO:__main__:Predicted uncertainity -0.5945
INFO:__main__:Completed epoch 92 of 100

INFO:__main__:NLL: 0.2532, L2: 0.0227, Reg: 0.0455
INFO:__main__:Total loss 0.3214
INFO:__main__:Predicted mean: -0.3730
INFO:__main__:Predicted uncertainity -0.6117
INFO:__main__:Completed epoch 93 of 100

INFO:__main__:NLL: 0.2092, L2: 0.0230, Reg: 0.0515
INFO:__main__:Total loss 0.2837
INFO:__main__:Predicted mean: -0.3507
INFO:__main__:Predicted uncertainity -0.6562
INFO:__main__:Completed epoch 94 of 100

INFO:__main__:NLL: 0.1620, L2: 0.0216, Reg: 0.0479
INFO:__main__:Total loss 0.2315
INFO:__main__:Predicted mean: -0.3959
INFO:__main__:Predicted uncertainity -0.5697
INFO:__main__:Completed epoch 95 of 100

INFO:__main__:NLL: 0.1903, L2: 0.0218, Reg: 0.0448
INFO:__main__:Total loss 0.2569
INFO:__main__:Predicted mean: -0.3757
INFO:__main__:Predicted uncertainity -0.5986
INFO:__main__:Completed epoch 96 of 100

INFO:__main__:NLL: 0.1959, L2: 0.0213, Reg: 0.0547
INFO:__main__:Total loss 0.2719
INFO:__main__:Predicted mean: -0.3900
INFO:__main__:Predicted uncertainity -0.6217
INFO:__main__:Completed epoch 97 of 100

INFO:__main__:NLL: 0.0712, L2: 0.0203, Reg: 0.0367
INFO:__main__:Total loss 0.1282
INFO:__main__:Predicted mean: -0.3717
INFO:__main__:Predicted uncertainity -0.5850
INFO:__main__:Completed epoch 98 of 100

INFO:__main__:NLL: 0.0090, L2: 0.0229, Reg: 0.0546
INFO:__main__:Total loss 0.0864
INFO:__main__:Predicted mean: -0.3865
INFO:__main__:Predicted uncertainity -0.6606
INFO:__main__:Completed epoch 99 of 100

INFO:__main__:NLL: 0.1600, L2: 0.0215, Reg: 0.0466
INFO:__main__:Total loss 0.2280
INFO:__main__:Predicted mean: -0.3924
INFO:__main__:Predicted uncertainity -0.5786
INFO:__main__:Completed epoch 100 of 100

INFO:__main__:557.829961 s
