INFO:__main__:PROCESS RUNNING ON cpu
INFO:__main__:NLL: 0.0448, L2: 0.0068, Reg: 0.0276
INFO:__main__:Total loss 0.0793
INFO:__main__:Predicted mean: -0.4506
INFO:__main__:Predicted uncertainity -0.7650
INFO:__main__:Completed epoch 1 of 100

INFO:__main__:NLL: 0.0887, L2: 0.0074, Reg: 0.0277
INFO:__main__:Total loss 0.1237
INFO:__main__:Predicted mean: -0.3758
INFO:__main__:Predicted uncertainity -0.7929
INFO:__main__:Completed epoch 2 of 100

INFO:__main__:NLL: 0.1409, L2: 0.0083, Reg: 0.0276
INFO:__main__:Total loss 0.1768
INFO:__main__:Predicted mean: -0.3871
INFO:__main__:Predicted uncertainity -0.7015
INFO:__main__:Completed epoch 3 of 100

INFO:__main__:NLL: -0.1891, L2: 0.0082, Reg: 0.0277
INFO:__main__:Total loss -0.1532
INFO:__main__:Predicted mean: -0.4663
INFO:__main__:Predicted uncertainity -0.8074
INFO:__main__:Completed epoch 4 of 100

INFO:__main__:NLL: 0.1862, L2: 0.0081, Reg: 0.0276
INFO:__main__:Total loss 0.2219
INFO:__main__:Predicted mean: -0.3616
INFO:__main__:Predicted uncertainity -0.7614
INFO:__main__:Completed epoch 5 of 100

INFO:__main__:NLL: 0.0085, L2: 0.0086, Reg: 0.0275
INFO:__main__:Total loss 0.0446
INFO:__main__:Predicted mean: -0.3441
INFO:__main__:Predicted uncertainity -0.6128
INFO:__main__:Completed epoch 6 of 100

INFO:__main__:NLL: -0.0919, L2: 0.0087, Reg: 0.0276
INFO:__main__:Total loss -0.0556
INFO:__main__:Predicted mean: -0.3659
INFO:__main__:Predicted uncertainity -0.7478
INFO:__main__:Completed epoch 7 of 100

INFO:__main__:NLL: 0.1964, L2: 0.0086, Reg: 0.0276
INFO:__main__:Total loss 0.2327
INFO:__main__:Predicted mean: -0.4566
INFO:__main__:Predicted uncertainity -0.7681
INFO:__main__:Completed epoch 8 of 100

INFO:__main__:NLL: 0.0607, L2: 0.0087, Reg: 0.0276
INFO:__main__:Total loss 0.0971
INFO:__main__:Predicted mean: -0.4100
INFO:__main__:Predicted uncertainity -0.7905
INFO:__main__:Completed epoch 9 of 100

INFO:__main__:NLL: 0.2091, L2: 0.0088, Reg: 0.0277
INFO:__main__:Total loss 0.2455
INFO:__main__:Predicted mean: -0.3361
INFO:__main__:Predicted uncertainity -0.7671
INFO:__main__:Completed epoch 10 of 100

INFO:__main__:NLL: 0.0983, L2: 0.0094, Reg: 0.0276
INFO:__main__:Total loss 0.1353
INFO:__main__:Predicted mean: -0.3998
INFO:__main__:Predicted uncertainity -0.7856
INFO:__main__:Completed epoch 11 of 100

INFO:__main__:NLL: 0.1341, L2: 0.0089, Reg: 0.0276
INFO:__main__:Total loss 0.1706
INFO:__main__:Predicted mean: -0.4189
INFO:__main__:Predicted uncertainity -0.7316
INFO:__main__:Completed epoch 12 of 100

INFO:__main__:NLL: -0.0096, L2: 0.0088, Reg: 0.0276
INFO:__main__:Total loss 0.0267
INFO:__main__:Predicted mean: -0.3600
INFO:__main__:Predicted uncertainity -0.7562
INFO:__main__:Completed epoch 13 of 100

INFO:__main__:NLL: 0.0976, L2: 0.0087, Reg: 0.0276
INFO:__main__:Total loss 0.1340
INFO:__main__:Predicted mean: -0.3996
INFO:__main__:Predicted uncertainity -0.7394
INFO:__main__:Completed epoch 14 of 100

INFO:__main__:NLL: 0.0265, L2: 0.0087, Reg: 0.0276
INFO:__main__:Total loss 0.0628
INFO:__main__:Predicted mean: -0.3357
INFO:__main__:Predicted uncertainity -0.8109
INFO:__main__:Completed epoch 15 of 100

INFO:__main__:NLL: 0.1030, L2: 0.0080, Reg: 0.0276
INFO:__main__:Total loss 0.1386
INFO:__main__:Predicted mean: -0.4010
INFO:__main__:Predicted uncertainity -0.7198
INFO:__main__:Completed epoch 16 of 100

INFO:__main__:NLL: 0.0367, L2: 0.0090, Reg: 0.0277
INFO:__main__:Total loss 0.0734
INFO:__main__:Predicted mean: -0.3816
INFO:__main__:Predicted uncertainity -0.8618
INFO:__main__:Completed epoch 17 of 100

INFO:__main__:NLL: 0.0717, L2: 0.0087, Reg: 0.0276
INFO:__main__:Total loss 0.1080
INFO:__main__:Predicted mean: -0.3623
INFO:__main__:Predicted uncertainity -0.7328
INFO:__main__:Completed epoch 18 of 100

INFO:__main__:NLL: -0.0414, L2: 0.0084, Reg: 0.0276
INFO:__main__:Total loss -0.0054
INFO:__main__:Predicted mean: -0.3558
INFO:__main__:Predicted uncertainity -0.7738
INFO:__main__:Completed epoch 19 of 100

INFO:__main__:NLL: 0.0109, L2: 0.0086, Reg: 0.0276
INFO:__main__:Total loss 0.0470
INFO:__main__:Predicted mean: -0.3692
INFO:__main__:Predicted uncertainity -0.7166
INFO:__main__:Completed epoch 20 of 100

INFO:__main__:NLL: 0.0925, L2: 0.0084, Reg: 0.0275
INFO:__main__:Total loss 0.1284
INFO:__main__:Predicted mean: -0.3861
INFO:__main__:Predicted uncertainity -0.6426
INFO:__main__:Completed epoch 21 of 100

INFO:__main__:NLL: 0.0987, L2: 0.0084, Reg: 0.0276
INFO:__main__:Total loss 0.1347
INFO:__main__:Predicted mean: -0.3894
INFO:__main__:Predicted uncertainity -0.7975
INFO:__main__:Completed epoch 22 of 100

INFO:__main__:NLL: 0.4513, L2: 0.0080, Reg: 0.0277
INFO:__main__:Total loss 0.4870
INFO:__main__:Predicted mean: -0.3508
INFO:__main__:Predicted uncertainity -0.8433
INFO:__main__:Completed epoch 23 of 100

INFO:__main__:NLL: -0.0297, L2: 0.0078, Reg: 0.0276
INFO:__main__:Total loss 0.0057
INFO:__main__:Predicted mean: -0.3747
INFO:__main__:Predicted uncertainity -0.7098
INFO:__main__:Completed epoch 24 of 100

INFO:__main__:NLL: 0.0877, L2: 0.0087, Reg: 0.0275
INFO:__main__:Total loss 0.1239
INFO:__main__:Predicted mean: -0.3546
INFO:__main__:Predicted uncertainity -0.6740
INFO:__main__:Completed epoch 25 of 100

INFO:__main__:NLL: 0.1228, L2: 0.0089, Reg: 0.0276
INFO:__main__:Total loss 0.1592
INFO:__main__:Predicted mean: -0.3922
INFO:__main__:Predicted uncertainity -0.7053
INFO:__main__:Completed epoch 26 of 100

INFO:__main__:NLL: 0.0728, L2: 0.0083, Reg: 0.0275
INFO:__main__:Total loss 0.1087
INFO:__main__:Predicted mean: -0.3255
INFO:__main__:Predicted uncertainity -0.6955
INFO:__main__:Completed epoch 27 of 100

INFO:__main__:NLL: -0.0135, L2: 0.0084, Reg: 0.0277
INFO:__main__:Total loss 0.0226
INFO:__main__:Predicted mean: -0.3642
INFO:__main__:Predicted uncertainity -0.8215
INFO:__main__:Completed epoch 28 of 100

INFO:__main__:NLL: 0.2268, L2: 0.0089, Reg: 0.0276
INFO:__main__:Total loss 0.2633
INFO:__main__:Predicted mean: -0.3722
INFO:__main__:Predicted uncertainity -0.7639
INFO:__main__:Completed epoch 29 of 100

INFO:__main__:NLL: 0.0863, L2: 0.0087, Reg: 0.0276
INFO:__main__:Total loss 0.1226
INFO:__main__:Predicted mean: -0.3508
INFO:__main__:Predicted uncertainity -0.7676
INFO:__main__:Completed epoch 30 of 100

INFO:__main__:NLL: -0.1092, L2: 0.0085, Reg: 0.0276
INFO:__main__:Total loss -0.0731
INFO:__main__:Predicted mean: -0.3319
INFO:__main__:Predicted uncertainity -0.8098
INFO:__main__:Completed epoch 31 of 100

INFO:__main__:NLL: -0.0135, L2: 0.0082, Reg: 0.0276
INFO:__main__:Total loss 0.0223
INFO:__main__:Predicted mean: -0.3545
INFO:__main__:Predicted uncertainity -0.7727
INFO:__main__:Completed epoch 32 of 100

INFO:__main__:NLL: 0.2459, L2: 0.0081, Reg: 0.0277
INFO:__main__:Total loss 0.2817
INFO:__main__:Predicted mean: -0.4168
INFO:__main__:Predicted uncertainity -0.7914
INFO:__main__:Completed epoch 33 of 100

INFO:__main__:NLL: 0.1080, L2: 0.0088, Reg: 0.0276
INFO:__main__:Total loss 0.1444
INFO:__main__:Predicted mean: -0.3756
INFO:__main__:Predicted uncertainity -0.7578
INFO:__main__:Completed epoch 34 of 100

INFO:__main__:NLL: 0.0487, L2: 0.0086, Reg: 0.0277
INFO:__main__:Total loss 0.0850
INFO:__main__:Predicted mean: -0.3735
INFO:__main__:Predicted uncertainity -0.8145
INFO:__main__:Completed epoch 35 of 100

INFO:__main__:NLL: 0.1258, L2: 0.0087, Reg: 0.0277
INFO:__main__:Total loss 0.1622
INFO:__main__:Predicted mean: -0.3475
INFO:__main__:Predicted uncertainity -0.8347
INFO:__main__:Completed epoch 36 of 100

INFO:__main__:NLL: 0.3272, L2: 0.0084, Reg: 0.0276
INFO:__main__:Total loss 0.3632
INFO:__main__:Predicted mean: -0.3953
INFO:__main__:Predicted uncertainity -0.7666
INFO:__main__:Completed epoch 37 of 100

INFO:__main__:NLL: -0.0813, L2: 0.0083, Reg: 0.0277
INFO:__main__:Total loss -0.0453
INFO:__main__:Predicted mean: -0.3539
INFO:__main__:Predicted uncertainity -0.8382
INFO:__main__:Completed epoch 38 of 100

INFO:__main__:NLL: 0.1493, L2: 0.0083, Reg: 0.0276
INFO:__main__:Total loss 0.1851
INFO:__main__:Predicted mean: -0.5055
INFO:__main__:Predicted uncertainity -0.7049
INFO:__main__:Completed epoch 39 of 100

INFO:__main__:NLL: 0.0170, L2: 0.0081, Reg: 0.0276
INFO:__main__:Total loss 0.0526
INFO:__main__:Predicted mean: -0.3775
INFO:__main__:Predicted uncertainity -0.7323
INFO:__main__:Completed epoch 40 of 100

INFO:__main__:NLL: 0.0816, L2: 0.0080, Reg: 0.0275
INFO:__main__:Total loss 0.1171
INFO:__main__:Predicted mean: -0.3223
INFO:__main__:Predicted uncertainity -0.6634
INFO:__main__:Completed epoch 41 of 100

INFO:__main__:NLL: 0.4091, L2: 0.0083, Reg: 0.0276
INFO:__main__:Total loss 0.4450
INFO:__main__:Predicted mean: -0.4046
INFO:__main__:Predicted uncertainity -0.8017
INFO:__main__:Completed epoch 42 of 100

INFO:__main__:NLL: 0.0311, L2: 0.0085, Reg: 0.0275
INFO:__main__:Total loss 0.0671
INFO:__main__:Predicted mean: -0.3542
INFO:__main__:Predicted uncertainity -0.7044
INFO:__main__:Completed epoch 43 of 100

INFO:__main__:NLL: -0.0099, L2: 0.0087, Reg: 0.0276
INFO:__main__:Total loss 0.0264
INFO:__main__:Predicted mean: -0.3269
INFO:__main__:Predicted uncertainity -0.7777
INFO:__main__:Completed epoch 44 of 100

INFO:__main__:NLL: 0.1602, L2: 0.0080, Reg: 0.0276
INFO:__main__:Total loss 0.1958
INFO:__main__:Predicted mean: -0.3664
INFO:__main__:Predicted uncertainity -0.7321
INFO:__main__:Completed epoch 45 of 100

INFO:__main__:NLL: 0.1115, L2: 0.0082, Reg: 0.0276
INFO:__main__:Total loss 0.1473
INFO:__main__:Predicted mean: -0.3758
INFO:__main__:Predicted uncertainity -0.7014
INFO:__main__:Completed epoch 46 of 100

INFO:__main__:NLL: -0.0051, L2: 0.0079, Reg: 0.0276
INFO:__main__:Total loss 0.0305
INFO:__main__:Predicted mean: -0.3877
INFO:__main__:Predicted uncertainity -0.7553
INFO:__main__:Completed epoch 47 of 100

INFO:__main__:NLL: 0.3580, L2: 0.0084, Reg: 0.0275
INFO:__main__:Total loss 0.3940
INFO:__main__:Predicted mean: -0.4182
INFO:__main__:Predicted uncertainity -0.6399
INFO:__main__:Completed epoch 48 of 100

INFO:__main__:NLL: 0.0481, L2: 0.0082, Reg: 0.0276
INFO:__main__:Total loss 0.0840
INFO:__main__:Predicted mean: -0.3598
INFO:__main__:Predicted uncertainity -0.7962
INFO:__main__:Completed epoch 49 of 100

INFO:__main__:NLL: 0.0542, L2: 0.0081, Reg: 0.0276
INFO:__main__:Total loss 0.0898
INFO:__main__:Predicted mean: -0.4079
INFO:__main__:Predicted uncertainity -0.6679
INFO:__main__:Completed epoch 50 of 100

INFO:__main__:NLL: 0.1320, L2: 0.0085, Reg: 0.0277
INFO:__main__:Total loss 0.1682
INFO:__main__:Predicted mean: -0.4122
INFO:__main__:Predicted uncertainity -0.8650
INFO:__main__:Completed epoch 51 of 100

INFO:__main__:NLL: 0.1226, L2: 0.0090, Reg: 0.0276
INFO:__main__:Total loss 0.1592
INFO:__main__:Predicted mean: -0.4092
INFO:__main__:Predicted uncertainity -0.7835
INFO:__main__:Completed epoch 52 of 100

INFO:__main__:NLL: 0.2023, L2: 0.0089, Reg: 0.0276
INFO:__main__:Total loss 0.2387
INFO:__main__:Predicted mean: -0.4017
INFO:__main__:Predicted uncertainity -0.7090
INFO:__main__:Completed epoch 53 of 100

INFO:__main__:NLL: 0.0321, L2: 0.0091, Reg: 0.0276
INFO:__main__:Total loss 0.0688
INFO:__main__:Predicted mean: -0.3681
INFO:__main__:Predicted uncertainity -0.7410
INFO:__main__:Completed epoch 54 of 100

INFO:__main__:NLL: 0.1176, L2: 0.0089, Reg: 0.0276
INFO:__main__:Total loss 0.1541
INFO:__main__:Predicted mean: -0.3981
INFO:__main__:Predicted uncertainity -0.7783
INFO:__main__:Completed epoch 55 of 100

INFO:__main__:NLL: 0.0769, L2: 0.0087, Reg: 0.0276
INFO:__main__:Total loss 0.1132
INFO:__main__:Predicted mean: -0.3934
INFO:__main__:Predicted uncertainity -0.7764
INFO:__main__:Completed epoch 56 of 100

INFO:__main__:NLL: 0.1695, L2: 0.0089, Reg: 0.0276
INFO:__main__:Total loss 0.2060
INFO:__main__:Predicted mean: -0.3388
INFO:__main__:Predicted uncertainity -0.8142
INFO:__main__:Completed epoch 57 of 100

INFO:__main__:NLL: 0.1479, L2: 0.0088, Reg: 0.0276
INFO:__main__:Total loss 0.1842
INFO:__main__:Predicted mean: -0.3748
INFO:__main__:Predicted uncertainity -0.7267
INFO:__main__:Completed epoch 58 of 100

INFO:__main__:NLL: 0.1495, L2: 0.0086, Reg: 0.0277
INFO:__main__:Total loss 0.1857
INFO:__main__:Predicted mean: -0.3990
INFO:__main__:Predicted uncertainity -0.8277
INFO:__main__:Completed epoch 59 of 100

INFO:__main__:NLL: 0.0062, L2: 0.0089, Reg: 0.0274
INFO:__main__:Total loss 0.0426
INFO:__main__:Predicted mean: -0.3706
INFO:__main__:Predicted uncertainity -0.5666
INFO:__main__:Completed epoch 60 of 100

INFO:__main__:NLL: -0.0382, L2: 0.0089, Reg: 0.0275
INFO:__main__:Total loss -0.0017
INFO:__main__:Predicted mean: -0.3560
INFO:__main__:Predicted uncertainity -0.6695
INFO:__main__:Completed epoch 61 of 100

INFO:__main__:NLL: 0.1117, L2: 0.0092, Reg: 0.0276
INFO:__main__:Total loss 0.1485
INFO:__main__:Predicted mean: -0.3641
INFO:__main__:Predicted uncertainity -0.7526
INFO:__main__:Completed epoch 62 of 100

INFO:__main__:NLL: 0.1297, L2: 0.0085, Reg: 0.0276
INFO:__main__:Total loss 0.1658
INFO:__main__:Predicted mean: -0.3531
INFO:__main__:Predicted uncertainity -0.7422
INFO:__main__:Completed epoch 63 of 100

INFO:__main__:NLL: 0.1770, L2: 0.0091, Reg: 0.0277
INFO:__main__:Total loss 0.2138
INFO:__main__:Predicted mean: -0.3841
INFO:__main__:Predicted uncertainity -0.8737
INFO:__main__:Completed epoch 64 of 100

INFO:__main__:NLL: -0.0202, L2: 0.0089, Reg: 0.0276
INFO:__main__:Total loss 0.0163
INFO:__main__:Predicted mean: -0.4483
INFO:__main__:Predicted uncertainity -0.7833
INFO:__main__:Completed epoch 65 of 100

INFO:__main__:NLL: 0.1214, L2: 0.0083, Reg: 0.0276
INFO:__main__:Total loss 0.1573
INFO:__main__:Predicted mean: -0.3682
INFO:__main__:Predicted uncertainity -0.7487
INFO:__main__:Completed epoch 66 of 100

INFO:__main__:NLL: 0.0122, L2: 0.0084, Reg: 0.0276
INFO:__main__:Total loss 0.0482
INFO:__main__:Predicted mean: -0.4323
INFO:__main__:Predicted uncertainity -0.7394
INFO:__main__:Completed epoch 67 of 100

INFO:__main__:NLL: 0.0891, L2: 0.0085, Reg: 0.0276
INFO:__main__:Total loss 0.1251
INFO:__main__:Predicted mean: -0.3648
INFO:__main__:Predicted uncertainity -0.7409
INFO:__main__:Completed epoch 68 of 100

INFO:__main__:NLL: 0.1071, L2: 0.0083, Reg: 0.0276
INFO:__main__:Total loss 0.1430
INFO:__main__:Predicted mean: -0.3659
INFO:__main__:Predicted uncertainity -0.7786
INFO:__main__:Completed epoch 69 of 100

INFO:__main__:NLL: -0.0694, L2: 0.0086, Reg: 0.0277
INFO:__main__:Total loss -0.0331
INFO:__main__:Predicted mean: -0.3626
INFO:__main__:Predicted uncertainity -0.8096
INFO:__main__:Completed epoch 70 of 100

INFO:__main__:NLL: 0.1218, L2: 0.0088, Reg: 0.0276
INFO:__main__:Total loss 0.1582
INFO:__main__:Predicted mean: -0.3658
INFO:__main__:Predicted uncertainity -0.7910
INFO:__main__:Completed epoch 71 of 100

INFO:__main__:NLL: 0.0376, L2: 0.0083, Reg: 0.0276
INFO:__main__:Total loss 0.0735
INFO:__main__:Predicted mean: -0.3552
INFO:__main__:Predicted uncertainity -0.7753
INFO:__main__:Completed epoch 72 of 100

INFO:__main__:NLL: -0.0696, L2: 0.0088, Reg: 0.0275
INFO:__main__:Total loss -0.0332
INFO:__main__:Predicted mean: -0.3874
INFO:__main__:Predicted uncertainity -0.6712
INFO:__main__:Completed epoch 73 of 100

INFO:__main__:NLL: -0.0155, L2: 0.0086, Reg: 0.0278
INFO:__main__:Total loss 0.0209
INFO:__main__:Predicted mean: -0.3736
INFO:__main__:Predicted uncertainity -0.9561
INFO:__main__:Completed epoch 74 of 100

INFO:__main__:NLL: 0.1540, L2: 0.0083, Reg: 0.0275
INFO:__main__:Total loss 0.1898
INFO:__main__:Predicted mean: -0.4018
INFO:__main__:Predicted uncertainity -0.6697
INFO:__main__:Completed epoch 75 of 100

INFO:__main__:NLL: 0.0406, L2: 0.0092, Reg: 0.0276
INFO:__main__:Total loss 0.0774
INFO:__main__:Predicted mean: -0.3679
INFO:__main__:Predicted uncertainity -0.7396
INFO:__main__:Completed epoch 76 of 100

INFO:__main__:NLL: 0.1241, L2: 0.0087, Reg: 0.0275
INFO:__main__:Total loss 0.1602
INFO:__main__:Predicted mean: -0.3389
INFO:__main__:Predicted uncertainity -0.6039
INFO:__main__:Completed epoch 77 of 100

INFO:__main__:NLL: 0.0180, L2: 0.0089, Reg: 0.0277
INFO:__main__:Total loss 0.0546
INFO:__main__:Predicted mean: -0.4370
INFO:__main__:Predicted uncertainity -0.7864
INFO:__main__:Completed epoch 78 of 100

INFO:__main__:NLL: 0.1117, L2: 0.0086, Reg: 0.0276
INFO:__main__:Total loss 0.1479
INFO:__main__:Predicted mean: -0.3520
INFO:__main__:Predicted uncertainity -0.7634
INFO:__main__:Completed epoch 79 of 100

INFO:__main__:NLL: 0.0465, L2: 0.0085, Reg: 0.0276
INFO:__main__:Total loss 0.0826
INFO:__main__:Predicted mean: -0.3754
INFO:__main__:Predicted uncertainity -0.7396
INFO:__main__:Completed epoch 80 of 100

INFO:__main__:NLL: 0.0474, L2: 0.0087, Reg: 0.0275
INFO:__main__:Total loss 0.0837
INFO:__main__:Predicted mean: -0.3802
INFO:__main__:Predicted uncertainity -0.6634
INFO:__main__:Completed epoch 81 of 100

INFO:__main__:NLL: 0.0778, L2: 0.0087, Reg: 0.0275
INFO:__main__:Total loss 0.1141
INFO:__main__:Predicted mean: -0.3494
INFO:__main__:Predicted uncertainity -0.6838
INFO:__main__:Completed epoch 82 of 100

INFO:__main__:NLL: 0.2533, L2: 0.0085, Reg: 0.0276
INFO:__main__:Total loss 0.2895
INFO:__main__:Predicted mean: -0.4536
INFO:__main__:Predicted uncertainity -0.8005
INFO:__main__:Completed epoch 83 of 100

INFO:__main__:NLL: 0.0792, L2: 0.0089, Reg: 0.0275
INFO:__main__:Total loss 0.1155
INFO:__main__:Predicted mean: -0.4043
INFO:__main__:Predicted uncertainity -0.6429
INFO:__main__:Completed epoch 84 of 100

INFO:__main__:NLL: 0.0801, L2: 0.0083, Reg: 0.0276
INFO:__main__:Total loss 0.1160
INFO:__main__:Predicted mean: -0.3354
INFO:__main__:Predicted uncertainity -0.7842
INFO:__main__:Completed epoch 85 of 100

INFO:__main__:NLL: -0.0843, L2: 0.0082, Reg: 0.0276
INFO:__main__:Total loss -0.0485
INFO:__main__:Predicted mean: -0.3427
INFO:__main__:Predicted uncertainity -0.7962
INFO:__main__:Completed epoch 86 of 100

INFO:__main__:NLL: 0.0477, L2: 0.0081, Reg: 0.0277
INFO:__main__:Total loss 0.0835
INFO:__main__:Predicted mean: -0.4170
INFO:__main__:Predicted uncertainity -0.7596
INFO:__main__:Completed epoch 87 of 100

INFO:__main__:NLL: 0.1619, L2: 0.0087, Reg: 0.0276
INFO:__main__:Total loss 0.1981
INFO:__main__:Predicted mean: -0.3415
INFO:__main__:Predicted uncertainity -0.7504
INFO:__main__:Completed epoch 88 of 100

INFO:__main__:NLL: 0.4596, L2: 0.0086, Reg: 0.0276
INFO:__main__:Total loss 0.4957
INFO:__main__:Predicted mean: -0.3391
INFO:__main__:Predicted uncertainity -0.7117
INFO:__main__:Completed epoch 89 of 100

INFO:__main__:NLL: 0.1989, L2: 0.0083, Reg: 0.0275
INFO:__main__:Total loss 0.2347
INFO:__main__:Predicted mean: -0.3551
INFO:__main__:Predicted uncertainity -0.6804
INFO:__main__:Completed epoch 90 of 100

INFO:__main__:NLL: 0.1029, L2: 0.0085, Reg: 0.0275
INFO:__main__:Total loss 0.1390
INFO:__main__:Predicted mean: -0.3504
INFO:__main__:Predicted uncertainity -0.6304
INFO:__main__:Completed epoch 91 of 100

INFO:__main__:NLL: 0.0050, L2: 0.0087, Reg: 0.0276
INFO:__main__:Total loss 0.0413
INFO:__main__:Predicted mean: -0.3892
INFO:__main__:Predicted uncertainity -0.7146
INFO:__main__:Completed epoch 92 of 100

INFO:__main__:NLL: 0.1991, L2: 0.0088, Reg: 0.0276
INFO:__main__:Total loss 0.2355
INFO:__main__:Predicted mean: -0.3454
INFO:__main__:Predicted uncertainity -0.7454
INFO:__main__:Completed epoch 93 of 100

INFO:__main__:NLL: 0.2162, L2: 0.0089, Reg: 0.0276
INFO:__main__:Total loss 0.2527
INFO:__main__:Predicted mean: -0.3919
INFO:__main__:Predicted uncertainity -0.7799
INFO:__main__:Completed epoch 94 of 100

INFO:__main__:NLL: 0.1004, L2: 0.0090, Reg: 0.0276
INFO:__main__:Total loss 0.1370
INFO:__main__:Predicted mean: -0.3659
INFO:__main__:Predicted uncertainity -0.7802
INFO:__main__:Completed epoch 95 of 100

INFO:__main__:NLL: 0.1742, L2: 0.0089, Reg: 0.0276
INFO:__main__:Total loss 0.2107
INFO:__main__:Predicted mean: -0.3614
INFO:__main__:Predicted uncertainity -0.7262
INFO:__main__:Completed epoch 96 of 100

INFO:__main__:NLL: 0.0744, L2: 0.0094, Reg: 0.0276
INFO:__main__:Total loss 0.1114
INFO:__main__:Predicted mean: -0.3539
INFO:__main__:Predicted uncertainity -0.7361
INFO:__main__:Completed epoch 97 of 100

INFO:__main__:NLL: -0.0074, L2: 0.0092, Reg: 0.0276
INFO:__main__:Total loss 0.0293
INFO:__main__:Predicted mean: -0.3360
INFO:__main__:Predicted uncertainity -0.7435
INFO:__main__:Completed epoch 98 of 100

INFO:__main__:NLL: -0.0569, L2: 0.0093, Reg: 0.0277
INFO:__main__:Total loss -0.0199
INFO:__main__:Predicted mean: -0.3240
INFO:__main__:Predicted uncertainity -0.8492
INFO:__main__:Completed epoch 99 of 100

INFO:__main__:NLL: 0.1455, L2: 0.0090, Reg: 0.0276
INFO:__main__:Total loss 0.1821
INFO:__main__:Predicted mean: -0.3795
INFO:__main__:Predicted uncertainity -0.7513
INFO:__main__:Completed epoch 100 of 100

INFO:__main__:684.726548 s
