INFO:__main__:PROCESS RUNNING ON cpu
INFO:__main__:NLL: 0.1076, L2: 0.0628, Reg: 0.2745
INFO:__main__:Total loss 0.4449
INFO:__main__:Predicted mean: -0.5322
INFO:__main__:Predicted uncertainity -0.7604
INFO:__main__:Completed epoch 1 of 100

INFO:__main__:NLL: 0.2315, L2: 0.0534, Reg: 0.2739
INFO:__main__:Total loss 0.5588
INFO:__main__:Predicted mean: -0.4868
INFO:__main__:Predicted uncertainity -0.5908
INFO:__main__:Completed epoch 2 of 100

INFO:__main__:NLL: 0.1493, L2: 0.0459, Reg: 0.2740
INFO:__main__:Total loss 0.4692
INFO:__main__:Predicted mean: -0.4424
INFO:__main__:Predicted uncertainity -0.7321
INFO:__main__:Completed epoch 3 of 100

INFO:__main__:NLL: 0.0939, L2: 0.0515, Reg: 0.2741
INFO:__main__:Total loss 0.4194
INFO:__main__:Predicted mean: -0.5177
INFO:__main__:Predicted uncertainity -0.7230
INFO:__main__:Completed epoch 4 of 100

INFO:__main__:NLL: 0.1314, L2: 0.0484, Reg: 0.2740
INFO:__main__:Total loss 0.4538
INFO:__main__:Predicted mean: -0.4593
INFO:__main__:Predicted uncertainity -0.7186
INFO:__main__:Completed epoch 5 of 100

INFO:__main__:NLL: 0.0231, L2: 0.0534, Reg: 0.2740
INFO:__main__:Total loss 0.3505
INFO:__main__:Predicted mean: -0.4270
INFO:__main__:Predicted uncertainity -0.6785
INFO:__main__:Completed epoch 6 of 100

INFO:__main__:NLL: 0.0954, L2: 0.0445, Reg: 0.2739
INFO:__main__:Total loss 0.4138
INFO:__main__:Predicted mean: -0.4375
INFO:__main__:Predicted uncertainity -0.5558
INFO:__main__:Completed epoch 7 of 100

INFO:__main__:NLL: 0.2500, L2: 0.0529, Reg: 0.2741
INFO:__main__:Total loss 0.5771
INFO:__main__:Predicted mean: -0.4404
INFO:__main__:Predicted uncertainity -0.7185
INFO:__main__:Completed epoch 8 of 100

INFO:__main__:NLL: 0.0958, L2: 0.0553, Reg: 0.2739
INFO:__main__:Total loss 0.4251
INFO:__main__:Predicted mean: -0.5007
INFO:__main__:Predicted uncertainity -0.7553
INFO:__main__:Completed epoch 9 of 100

INFO:__main__:NLL: 0.2625, L2: 0.0540, Reg: 0.2741
INFO:__main__:Total loss 0.5906
INFO:__main__:Predicted mean: -0.4659
INFO:__main__:Predicted uncertainity -0.7052
INFO:__main__:Completed epoch 10 of 100

INFO:__main__:NLL: 0.1954, L2: 0.0506, Reg: 0.2741
INFO:__main__:Total loss 0.5200
INFO:__main__:Predicted mean: -0.5141
INFO:__main__:Predicted uncertainity -0.7380
INFO:__main__:Completed epoch 11 of 100

INFO:__main__:NLL: 0.2241, L2: 0.0517, Reg: 0.2739
INFO:__main__:Total loss 0.5497
INFO:__main__:Predicted mean: -0.4366
INFO:__main__:Predicted uncertainity -0.6823
INFO:__main__:Completed epoch 12 of 100

INFO:__main__:NLL: 0.0772, L2: 0.0486, Reg: 0.2740
INFO:__main__:Total loss 0.3998
INFO:__main__:Predicted mean: -0.4474
INFO:__main__:Predicted uncertainity -0.7276
INFO:__main__:Completed epoch 13 of 100

INFO:__main__:NLL: 0.1288, L2: 0.0507, Reg: 0.2740
INFO:__main__:Total loss 0.4535
INFO:__main__:Predicted mean: -0.4390
INFO:__main__:Predicted uncertainity -0.7617
INFO:__main__:Completed epoch 14 of 100

INFO:__main__:NLL: 0.0889, L2: 0.0499, Reg: 0.2739
INFO:__main__:Total loss 0.4127
INFO:__main__:Predicted mean: -0.4699
INFO:__main__:Predicted uncertainity -0.6679
INFO:__main__:Completed epoch 15 of 100

INFO:__main__:NLL: 0.0884, L2: 0.0524, Reg: 0.2740
INFO:__main__:Total loss 0.4149
INFO:__main__:Predicted mean: -0.4685
INFO:__main__:Predicted uncertainity -0.6951
INFO:__main__:Completed epoch 16 of 100

INFO:__main__:NLL: 0.0717, L2: 0.0548, Reg: 0.2740
INFO:__main__:Total loss 0.4004
INFO:__main__:Predicted mean: -0.4872
INFO:__main__:Predicted uncertainity -0.7205
INFO:__main__:Completed epoch 17 of 100

INFO:__main__:NLL: 0.1493, L2: 0.0507, Reg: 0.2740
INFO:__main__:Total loss 0.4741
INFO:__main__:Predicted mean: -0.4294
INFO:__main__:Predicted uncertainity -0.6693
INFO:__main__:Completed epoch 18 of 100

INFO:__main__:NLL: 0.2331, L2: 0.0501, Reg: 0.2741
INFO:__main__:Total loss 0.5573
INFO:__main__:Predicted mean: -0.4440
INFO:__main__:Predicted uncertainity -0.6722
INFO:__main__:Completed epoch 19 of 100

INFO:__main__:NLL: 0.0884, L2: 0.0573, Reg: 0.2742
INFO:__main__:Total loss 0.4198
INFO:__main__:Predicted mean: -0.4282
INFO:__main__:Predicted uncertainity -0.7682
INFO:__main__:Completed epoch 20 of 100

INFO:__main__:NLL: 0.1364, L2: 0.0527, Reg: 0.2739
INFO:__main__:Total loss 0.4630
INFO:__main__:Predicted mean: -0.4837
INFO:__main__:Predicted uncertainity -0.5798
INFO:__main__:Completed epoch 21 of 100

INFO:__main__:NLL: 0.0543, L2: 0.0511, Reg: 0.2740
INFO:__main__:Total loss 0.3793
INFO:__main__:Predicted mean: -0.4457
INFO:__main__:Predicted uncertainity -0.7134
INFO:__main__:Completed epoch 22 of 100

INFO:__main__:NLL: 0.2437, L2: 0.0531, Reg: 0.2741
INFO:__main__:Total loss 0.5710
INFO:__main__:Predicted mean: -0.4452
INFO:__main__:Predicted uncertainity -0.6682
INFO:__main__:Completed epoch 23 of 100

INFO:__main__:NLL: 0.1393, L2: 0.0501, Reg: 0.2740
INFO:__main__:Total loss 0.4634
INFO:__main__:Predicted mean: -0.4244
INFO:__main__:Predicted uncertainity -0.6468
INFO:__main__:Completed epoch 24 of 100

INFO:__main__:NLL: 0.1834, L2: 0.0399, Reg: 0.2738
INFO:__main__:Total loss 0.4971
INFO:__main__:Predicted mean: -0.4082
INFO:__main__:Predicted uncertainity -0.5844
INFO:__main__:Completed epoch 25 of 100

INFO:__main__:NLL: 0.3608, L2: 0.0469, Reg: 0.2740
INFO:__main__:Total loss 0.6817
INFO:__main__:Predicted mean: -0.4103
INFO:__main__:Predicted uncertainity -0.6908
INFO:__main__:Completed epoch 26 of 100

INFO:__main__:NLL: 0.1387, L2: 0.0471, Reg: 0.2739
INFO:__main__:Total loss 0.4597
INFO:__main__:Predicted mean: -0.3965
INFO:__main__:Predicted uncertainity -0.6164
INFO:__main__:Completed epoch 27 of 100

INFO:__main__:NLL: 0.1240, L2: 0.0517, Reg: 0.2741
INFO:__main__:Total loss 0.4497
INFO:__main__:Predicted mean: -0.4545
INFO:__main__:Predicted uncertainity -0.7657
INFO:__main__:Completed epoch 28 of 100

INFO:__main__:NLL: 0.1313, L2: 0.0479, Reg: 0.2740
INFO:__main__:Total loss 0.4532
INFO:__main__:Predicted mean: -0.4290
INFO:__main__:Predicted uncertainity -0.6727
INFO:__main__:Completed epoch 29 of 100

INFO:__main__:NLL: 0.1329, L2: 0.0472, Reg: 0.2738
INFO:__main__:Total loss 0.4539
INFO:__main__:Predicted mean: -0.4502
INFO:__main__:Predicted uncertainity -0.5912
INFO:__main__:Completed epoch 30 of 100

INFO:__main__:NLL: 0.0937, L2: 0.0489, Reg: 0.2740
INFO:__main__:Total loss 0.4167
INFO:__main__:Predicted mean: -0.4763
INFO:__main__:Predicted uncertainity -0.6831
INFO:__main__:Completed epoch 31 of 100

INFO:__main__:NLL: 0.1439, L2: 0.0458, Reg: 0.2739
INFO:__main__:Total loss 0.4636
INFO:__main__:Predicted mean: -0.4592
INFO:__main__:Predicted uncertainity -0.5633
INFO:__main__:Completed epoch 32 of 100

INFO:__main__:NLL: 0.1849, L2: 0.0628, Reg: 0.2743
INFO:__main__:Total loss 0.5220
INFO:__main__:Predicted mean: -0.4693
INFO:__main__:Predicted uncertainity -0.7978
INFO:__main__:Completed epoch 33 of 100

INFO:__main__:NLL: 0.1652, L2: 0.0514, Reg: 0.2740
INFO:__main__:Total loss 0.4906
INFO:__main__:Predicted mean: -0.4768
INFO:__main__:Predicted uncertainity -0.6550
INFO:__main__:Completed epoch 34 of 100

INFO:__main__:NLL: 0.1166, L2: 0.0537, Reg: 0.2741
INFO:__main__:Total loss 0.4444
INFO:__main__:Predicted mean: -0.4272
INFO:__main__:Predicted uncertainity -0.7524
INFO:__main__:Completed epoch 35 of 100

INFO:__main__:NLL: 0.1829, L2: 0.0508, Reg: 0.2739
INFO:__main__:Total loss 0.5076
INFO:__main__:Predicted mean: -0.4775
INFO:__main__:Predicted uncertainity -0.6034
INFO:__main__:Completed epoch 36 of 100

INFO:__main__:NLL: 0.2314, L2: 0.0455, Reg: 0.2739
INFO:__main__:Total loss 0.5508
INFO:__main__:Predicted mean: -0.4426
INFO:__main__:Predicted uncertainity -0.6120
INFO:__main__:Completed epoch 37 of 100

INFO:__main__:NLL: 0.1214, L2: 0.0503, Reg: 0.2740
INFO:__main__:Total loss 0.4458
INFO:__main__:Predicted mean: -0.4718
INFO:__main__:Predicted uncertainity -0.7191
INFO:__main__:Completed epoch 38 of 100

INFO:__main__:NLL: 0.0865, L2: 0.0530, Reg: 0.2740
INFO:__main__:Total loss 0.4134
INFO:__main__:Predicted mean: -0.4586
INFO:__main__:Predicted uncertainity -0.7889
INFO:__main__:Completed epoch 39 of 100

INFO:__main__:NLL: 0.1146, L2: 0.0487, Reg: 0.2740
INFO:__main__:Total loss 0.4373
INFO:__main__:Predicted mean: -0.4607
INFO:__main__:Predicted uncertainity -0.6478
INFO:__main__:Completed epoch 40 of 100

INFO:__main__:NLL: 0.1486, L2: 0.0510, Reg: 0.2741
INFO:__main__:Total loss 0.4736
INFO:__main__:Predicted mean: -0.4144
INFO:__main__:Predicted uncertainity -0.6795
INFO:__main__:Completed epoch 41 of 100

INFO:__main__:NLL: 0.2909, L2: 0.0563, Reg: 0.2742
INFO:__main__:Total loss 0.6214
INFO:__main__:Predicted mean: -0.4810
INFO:__main__:Predicted uncertainity -0.7361
INFO:__main__:Completed epoch 42 of 100

INFO:__main__:NLL: 0.1699, L2: 0.0498, Reg: 0.2739
INFO:__main__:Total loss 0.4936
INFO:__main__:Predicted mean: -0.4716
INFO:__main__:Predicted uncertainity -0.6644
INFO:__main__:Completed epoch 43 of 100

INFO:__main__:NLL: 0.1195, L2: 0.0522, Reg: 0.2740
INFO:__main__:Total loss 0.4457
INFO:__main__:Predicted mean: -0.4516
INFO:__main__:Predicted uncertainity -0.7820
INFO:__main__:Completed epoch 44 of 100

INFO:__main__:NLL: 0.1570, L2: 0.0507, Reg: 0.2741
INFO:__main__:Total loss 0.4817
INFO:__main__:Predicted mean: -0.3993
INFO:__main__:Predicted uncertainity -0.7414
INFO:__main__:Completed epoch 45 of 100

INFO:__main__:NLL: 0.3117, L2: 0.0522, Reg: 0.2740
INFO:__main__:Total loss 0.6379
INFO:__main__:Predicted mean: -0.4546
INFO:__main__:Predicted uncertainity -0.6894
INFO:__main__:Completed epoch 46 of 100

INFO:__main__:NLL: 0.1145, L2: 0.0565, Reg: 0.2742
INFO:__main__:Total loss 0.4452
INFO:__main__:Predicted mean: -0.5014
INFO:__main__:Predicted uncertainity -0.7203
INFO:__main__:Completed epoch 47 of 100

INFO:__main__:NLL: 0.2598, L2: 0.0473, Reg: 0.2740
INFO:__main__:Total loss 0.5811
INFO:__main__:Predicted mean: -0.4356
INFO:__main__:Predicted uncertainity -0.6634
INFO:__main__:Completed epoch 48 of 100

INFO:__main__:NLL: 0.1253, L2: 0.0532, Reg: 0.2740
INFO:__main__:Total loss 0.4524
INFO:__main__:Predicted mean: -0.5028
INFO:__main__:Predicted uncertainity -0.7300
INFO:__main__:Completed epoch 49 of 100

INFO:__main__:NLL: 0.1198, L2: 0.0466, Reg: 0.2739
INFO:__main__:Total loss 0.4403
INFO:__main__:Predicted mean: -0.4319
INFO:__main__:Predicted uncertainity -0.6696
INFO:__main__:Completed epoch 50 of 100

INFO:__main__:NLL: 0.1827, L2: 0.0507, Reg: 0.2741
INFO:__main__:Total loss 0.5075
INFO:__main__:Predicted mean: -0.4652
INFO:__main__:Predicted uncertainity -0.8300
INFO:__main__:Completed epoch 51 of 100

INFO:__main__:NLL: 0.0917, L2: 0.0488, Reg: 0.2740
INFO:__main__:Total loss 0.4145
INFO:__main__:Predicted mean: -0.4422
INFO:__main__:Predicted uncertainity -0.7002
INFO:__main__:Completed epoch 52 of 100

INFO:__main__:NLL: 0.2056, L2: 0.0563, Reg: 0.2742
INFO:__main__:Total loss 0.5361
INFO:__main__:Predicted mean: -0.4820
INFO:__main__:Predicted uncertainity -0.8261
INFO:__main__:Completed epoch 53 of 100

INFO:__main__:NLL: 0.1251, L2: 0.0488, Reg: 0.2739
INFO:__main__:Total loss 0.4478
INFO:__main__:Predicted mean: -0.4110
INFO:__main__:Predicted uncertainity -0.6523
INFO:__main__:Completed epoch 54 of 100

INFO:__main__:NLL: 0.1719, L2: 0.0495, Reg: 0.2741
INFO:__main__:Total loss 0.4955
INFO:__main__:Predicted mean: -0.4496
INFO:__main__:Predicted uncertainity -0.7243
INFO:__main__:Completed epoch 55 of 100

INFO:__main__:NLL: 0.1505, L2: 0.0523, Reg: 0.2740
INFO:__main__:Total loss 0.4768
INFO:__main__:Predicted mean: -0.4685
INFO:__main__:Predicted uncertainity -0.7635
INFO:__main__:Completed epoch 56 of 100

INFO:__main__:NLL: 0.1674, L2: 0.0518, Reg: 0.2740
INFO:__main__:Total loss 0.4931
INFO:__main__:Predicted mean: -0.4666
INFO:__main__:Predicted uncertainity -0.6991
INFO:__main__:Completed epoch 57 of 100

INFO:__main__:NLL: 0.3130, L2: 0.0563, Reg: 0.2743
INFO:__main__:Total loss 0.6436
INFO:__main__:Predicted mean: -0.4851
INFO:__main__:Predicted uncertainity -0.7963
INFO:__main__:Completed epoch 58 of 100

INFO:__main__:NLL: 0.1371, L2: 0.0485, Reg: 0.2740
INFO:__main__:Total loss 0.4596
INFO:__main__:Predicted mean: -0.4261
INFO:__main__:Predicted uncertainity -0.6074
INFO:__main__:Completed epoch 59 of 100

INFO:__main__:NLL: 0.1014, L2: 0.0501, Reg: 0.2740
INFO:__main__:Total loss 0.4254
INFO:__main__:Predicted mean: -0.3976
INFO:__main__:Predicted uncertainity -0.6200
INFO:__main__:Completed epoch 60 of 100

INFO:__main__:NLL: 0.1355, L2: 0.0452, Reg: 0.2738
INFO:__main__:Total loss 0.4546
INFO:__main__:Predicted mean: -0.4592
INFO:__main__:Predicted uncertainity -0.6141
INFO:__main__:Completed epoch 61 of 100

INFO:__main__:NLL: 0.2040, L2: 0.0458, Reg: 0.2740
INFO:__main__:Total loss 0.5238
INFO:__main__:Predicted mean: -0.4456
INFO:__main__:Predicted uncertainity -0.7108
INFO:__main__:Completed epoch 62 of 100

INFO:__main__:NLL: 0.3640, L2: 0.0600, Reg: 0.2744
INFO:__main__:Total loss 0.6984
INFO:__main__:Predicted mean: -0.5026
INFO:__main__:Predicted uncertainity -0.7414
INFO:__main__:Completed epoch 63 of 100

INFO:__main__:NLL: 0.1631, L2: 0.0560, Reg: 0.2742
INFO:__main__:Total loss 0.4934
INFO:__main__:Predicted mean: -0.5125
INFO:__main__:Predicted uncertainity -0.6904
INFO:__main__:Completed epoch 64 of 100

INFO:__main__:NLL: 0.0441, L2: 0.0519, Reg: 0.2740
INFO:__main__:Total loss 0.3700
INFO:__main__:Predicted mean: -0.4484
INFO:__main__:Predicted uncertainity -0.7304
INFO:__main__:Completed epoch 65 of 100

INFO:__main__:NLL: 0.1556, L2: 0.0522, Reg: 0.2742
INFO:__main__:Total loss 0.4820
INFO:__main__:Predicted mean: -0.4530
INFO:__main__:Predicted uncertainity -0.7039
INFO:__main__:Completed epoch 66 of 100

INFO:__main__:NLL: 0.1124, L2: 0.0586, Reg: 0.2744
INFO:__main__:Total loss 0.4454
INFO:__main__:Predicted mean: -0.5423
INFO:__main__:Predicted uncertainity -0.7841
INFO:__main__:Completed epoch 67 of 100

INFO:__main__:NLL: 0.1791, L2: 0.0513, Reg: 0.2742
INFO:__main__:Total loss 0.5045
INFO:__main__:Predicted mean: -0.4904
INFO:__main__:Predicted uncertainity -0.7223
INFO:__main__:Completed epoch 68 of 100

INFO:__main__:NLL: 0.1150, L2: 0.0545, Reg: 0.2741
INFO:__main__:Total loss 0.4437
INFO:__main__:Predicted mean: -0.4259
INFO:__main__:Predicted uncertainity -0.7568
INFO:__main__:Completed epoch 69 of 100

INFO:__main__:NLL: 0.0617, L2: 0.0492, Reg: 0.2738
INFO:__main__:Total loss 0.3846
INFO:__main__:Predicted mean: -0.4249
INFO:__main__:Predicted uncertainity -0.6420
INFO:__main__:Completed epoch 70 of 100

INFO:__main__:NLL: 0.1479, L2: 0.0455, Reg: 0.2739
INFO:__main__:Total loss 0.4673
INFO:__main__:Predicted mean: -0.3897
INFO:__main__:Predicted uncertainity -0.6726
INFO:__main__:Completed epoch 71 of 100

INFO:__main__:NLL: 0.1775, L2: 0.0488, Reg: 0.2740
INFO:__main__:Total loss 0.5003
INFO:__main__:Predicted mean: -0.4354
INFO:__main__:Predicted uncertainity -0.6042
INFO:__main__:Completed epoch 72 of 100

INFO:__main__:NLL: 0.0530, L2: 0.0497, Reg: 0.2739
INFO:__main__:Total loss 0.3765
INFO:__main__:Predicted mean: -0.4425
INFO:__main__:Predicted uncertainity -0.6965
INFO:__main__:Completed epoch 73 of 100

INFO:__main__:NLL: 0.0635, L2: 0.0483, Reg: 0.2739
INFO:__main__:Total loss 0.3857
INFO:__main__:Predicted mean: -0.4719
INFO:__main__:Predicted uncertainity -0.7087
INFO:__main__:Completed epoch 74 of 100

INFO:__main__:NLL: 0.3043, L2: 0.0532, Reg: 0.2740
INFO:__main__:Total loss 0.6316
INFO:__main__:Predicted mean: -0.4613
INFO:__main__:Predicted uncertainity -0.6585
INFO:__main__:Completed epoch 75 of 100

INFO:__main__:NLL: 0.1028, L2: 0.0514, Reg: 0.2742
INFO:__main__:Total loss 0.4284
INFO:__main__:Predicted mean: -0.4859
INFO:__main__:Predicted uncertainity -0.6625
INFO:__main__:Completed epoch 76 of 100

INFO:__main__:NLL: 0.1199, L2: 0.0534, Reg: 0.2741
INFO:__main__:Total loss 0.4474
INFO:__main__:Predicted mean: -0.4586
INFO:__main__:Predicted uncertainity -0.6216
INFO:__main__:Completed epoch 77 of 100

INFO:__main__:NLL: 0.0713, L2: 0.0547, Reg: 0.2740
INFO:__main__:Total loss 0.4001
INFO:__main__:Predicted mean: -0.5065
INFO:__main__:Predicted uncertainity -0.5844
INFO:__main__:Completed epoch 78 of 100

INFO:__main__:NLL: 0.0830, L2: 0.0487, Reg: 0.2740
INFO:__main__:Total loss 0.4056
INFO:__main__:Predicted mean: -0.4385
INFO:__main__:Predicted uncertainity -0.7239
INFO:__main__:Completed epoch 79 of 100

INFO:__main__:NLL: 0.0994, L2: 0.0515, Reg: 0.2740
INFO:__main__:Total loss 0.4249
INFO:__main__:Predicted mean: -0.4448
INFO:__main__:Predicted uncertainity -0.7206
INFO:__main__:Completed epoch 80 of 100

INFO:__main__:NLL: 0.1278, L2: 0.0532, Reg: 0.2742
INFO:__main__:Total loss 0.4553
INFO:__main__:Predicted mean: -0.4491
INFO:__main__:Predicted uncertainity -0.7835
INFO:__main__:Completed epoch 81 of 100

INFO:__main__:NLL: 0.1801, L2: 0.0504, Reg: 0.2740
INFO:__main__:Total loss 0.5045
INFO:__main__:Predicted mean: -0.3747
INFO:__main__:Predicted uncertainity -0.6367
INFO:__main__:Completed epoch 82 of 100

INFO:__main__:NLL: 0.1784, L2: 0.0433, Reg: 0.2738
INFO:__main__:Total loss 0.4956
INFO:__main__:Predicted mean: -0.3899
INFO:__main__:Predicted uncertainity -0.6883
INFO:__main__:Completed epoch 83 of 100

INFO:__main__:NLL: 0.1080, L2: 0.0445, Reg: 0.2738
INFO:__main__:Total loss 0.4263
INFO:__main__:Predicted mean: -0.4065
INFO:__main__:Predicted uncertainity -0.6697
INFO:__main__:Completed epoch 84 of 100

INFO:__main__:NLL: 0.1764, L2: 0.0539, Reg: 0.2742
INFO:__main__:Total loss 0.5046
INFO:__main__:Predicted mean: -0.4816
INFO:__main__:Predicted uncertainity -0.6601
INFO:__main__:Completed epoch 85 of 100

INFO:__main__:NLL: 0.1705, L2: 0.0579, Reg: 0.2742
INFO:__main__:Total loss 0.5026
INFO:__main__:Predicted mean: -0.4580
INFO:__main__:Predicted uncertainity -0.6608
INFO:__main__:Completed epoch 86 of 100

INFO:__main__:NLL: 0.1321, L2: 0.0601, Reg: 0.2743
INFO:__main__:Total loss 0.4665
INFO:__main__:Predicted mean: -0.5056
INFO:__main__:Predicted uncertainity -0.7524
INFO:__main__:Completed epoch 87 of 100

INFO:__main__:NLL: 0.2803, L2: 0.0526, Reg: 0.2740
INFO:__main__:Total loss 0.6069
INFO:__main__:Predicted mean: -0.4625
INFO:__main__:Predicted uncertainity -0.7036
INFO:__main__:Completed epoch 88 of 100

INFO:__main__:NLL: 0.3427, L2: 0.0513, Reg: 0.2739
INFO:__main__:Total loss 0.6680
INFO:__main__:Predicted mean: -0.4202
INFO:__main__:Predicted uncertainity -0.7265
INFO:__main__:Completed epoch 89 of 100

INFO:__main__:NLL: 0.1774, L2: 0.0491, Reg: 0.2740
INFO:__main__:Total loss 0.5006
INFO:__main__:Predicted mean: -0.3994
INFO:__main__:Predicted uncertainity -0.6424
INFO:__main__:Completed epoch 90 of 100

INFO:__main__:NLL: 0.2580, L2: 0.0538, Reg: 0.2742
INFO:__main__:Total loss 0.5860
INFO:__main__:Predicted mean: -0.4166
INFO:__main__:Predicted uncertainity -0.5864
INFO:__main__:Completed epoch 91 of 100

INFO:__main__:NLL: 0.0437, L2: 0.0536, Reg: 0.2741
INFO:__main__:Total loss 0.3715
INFO:__main__:Predicted mean: -0.4682
INFO:__main__:Predicted uncertainity -0.6627
INFO:__main__:Completed epoch 92 of 100

INFO:__main__:NLL: 0.2857, L2: 0.0539, Reg: 0.2742
INFO:__main__:Total loss 0.6139
INFO:__main__:Predicted mean: -0.4562
INFO:__main__:Predicted uncertainity -0.7236
INFO:__main__:Completed epoch 93 of 100

INFO:__main__:NLL: 0.2304, L2: 0.0576, Reg: 0.2742
INFO:__main__:Total loss 0.5622
INFO:__main__:Predicted mean: -0.4675
INFO:__main__:Predicted uncertainity -0.7766
INFO:__main__:Completed epoch 94 of 100

INFO:__main__:NLL: 0.1418, L2: 0.0509, Reg: 0.2740
INFO:__main__:Total loss 0.4667
INFO:__main__:Predicted mean: -0.4025
INFO:__main__:Predicted uncertainity -0.7107
INFO:__main__:Completed epoch 95 of 100

INFO:__main__:NLL: 0.2431, L2: 0.0555, Reg: 0.2741
INFO:__main__:Total loss 0.5727
INFO:__main__:Predicted mean: -0.4731
INFO:__main__:Predicted uncertainity -0.7804
INFO:__main__:Completed epoch 96 of 100

INFO:__main__:NLL: 0.2277, L2: 0.0527, Reg: 0.2741
INFO:__main__:Total loss 0.5546
INFO:__main__:Predicted mean: -0.4346
INFO:__main__:Predicted uncertainity -0.6822
INFO:__main__:Completed epoch 97 of 100

INFO:__main__:NLL: 0.1009, L2: 0.0474, Reg: 0.2739
INFO:__main__:Total loss 0.4221
INFO:__main__:Predicted mean: -0.4339
INFO:__main__:Predicted uncertainity -0.6740
INFO:__main__:Completed epoch 98 of 100

INFO:__main__:NLL: 0.1001, L2: 0.0550, Reg: 0.2742
INFO:__main__:Total loss 0.4292
INFO:__main__:Predicted mean: -0.4756
INFO:__main__:Predicted uncertainity -0.7795
INFO:__main__:Completed epoch 99 of 100

INFO:__main__:NLL: 0.3188, L2: 0.0499, Reg: 0.2740
INFO:__main__:Total loss 0.6426
INFO:__main__:Predicted mean: -0.4485
INFO:__main__:Predicted uncertainity -0.7737
INFO:__main__:Completed epoch 100 of 100

INFO:__main__:573.441560 s
