INFO:__main__:PROCESS RUNNING ON cpu
INFO:__main__:NLL: 0.1990, L2: 0.0269, Reg: 0.0057
INFO:__main__:Total loss 0.2316
INFO:__main__:Predicted mean: -0.3866
INFO:__main__:Predicted uncertainity -0.7383
INFO:__main__:Completed epoch 1 of 100

INFO:__main__:NLL: 0.0642, L2: 0.0282, Reg: 0.0057
INFO:__main__:Total loss 0.0981
INFO:__main__:Predicted mean: -0.4010
INFO:__main__:Predicted uncertainity -0.8188
INFO:__main__:Completed epoch 2 of 100

INFO:__main__:NLL: 0.0574, L2: 0.0275, Reg: 0.0057
INFO:__main__:Total loss 0.0906
INFO:__main__:Predicted mean: -0.4125
INFO:__main__:Predicted uncertainity -0.7693
INFO:__main__:Completed epoch 3 of 100

INFO:__main__:NLL: -0.0289, L2: 0.0295, Reg: 0.0057
INFO:__main__:Total loss 0.0062
INFO:__main__:Predicted mean: -0.3540
INFO:__main__:Predicted uncertainity -0.7399
INFO:__main__:Completed epoch 4 of 100

INFO:__main__:NLL: 0.1189, L2: 0.0289, Reg: 0.0057
INFO:__main__:Total loss 0.1535
INFO:__main__:Predicted mean: -0.3946
INFO:__main__:Predicted uncertainity -0.7870
INFO:__main__:Completed epoch 5 of 100

INFO:__main__:NLL: 0.2178, L2: 0.0270, Reg: 0.0057
INFO:__main__:Total loss 0.2505
INFO:__main__:Predicted mean: -0.3965
INFO:__main__:Predicted uncertainity -0.7634
INFO:__main__:Completed epoch 6 of 100

INFO:__main__:NLL: 0.1532, L2: 0.0301, Reg: 0.0057
INFO:__main__:Total loss 0.1890
INFO:__main__:Predicted mean: -0.3788
INFO:__main__:Predicted uncertainity -0.6691
INFO:__main__:Completed epoch 7 of 100

INFO:__main__:NLL: 0.2831, L2: 0.0271, Reg: 0.0057
INFO:__main__:Total loss 0.3158
INFO:__main__:Predicted mean: -0.3755
INFO:__main__:Predicted uncertainity -0.8129
INFO:__main__:Completed epoch 8 of 100

INFO:__main__:NLL: 0.0319, L2: 0.0284, Reg: 0.0057
INFO:__main__:Total loss 0.0659
INFO:__main__:Predicted mean: -0.3613
INFO:__main__:Predicted uncertainity -0.8046
INFO:__main__:Completed epoch 9 of 100

INFO:__main__:NLL: 0.2145, L2: 0.0285, Reg: 0.0057
INFO:__main__:Total loss 0.2487
INFO:__main__:Predicted mean: -0.3903
INFO:__main__:Predicted uncertainity -0.7527
INFO:__main__:Completed epoch 10 of 100

INFO:__main__:NLL: 0.0095, L2: 0.0288, Reg: 0.0057
INFO:__main__:Total loss 0.0439
INFO:__main__:Predicted mean: -0.3943
INFO:__main__:Predicted uncertainity -0.8472
INFO:__main__:Completed epoch 11 of 100

INFO:__main__:NLL: 0.1970, L2: 0.0272, Reg: 0.0057
INFO:__main__:Total loss 0.2299
INFO:__main__:Predicted mean: -0.3608
INFO:__main__:Predicted uncertainity -0.6946
INFO:__main__:Completed epoch 12 of 100

INFO:__main__:NLL: 0.0025, L2: 0.0302, Reg: 0.0057
INFO:__main__:Total loss 0.0384
INFO:__main__:Predicted mean: -0.3530
INFO:__main__:Predicted uncertainity -0.7731
INFO:__main__:Completed epoch 13 of 100

INFO:__main__:NLL: 0.2346, L2: 0.0296, Reg: 0.0057
INFO:__main__:Total loss 0.2698
INFO:__main__:Predicted mean: -0.3551
INFO:__main__:Predicted uncertainity -0.7492
INFO:__main__:Completed epoch 14 of 100

INFO:__main__:NLL: 0.1993, L2: 0.0292, Reg: 0.0057
INFO:__main__:Total loss 0.2342
INFO:__main__:Predicted mean: -0.3814
INFO:__main__:Predicted uncertainity -0.8447
INFO:__main__:Completed epoch 15 of 100

INFO:__main__:NLL: 0.1871, L2: 0.0275, Reg: 0.0057
INFO:__main__:Total loss 0.2203
INFO:__main__:Predicted mean: -0.3396
INFO:__main__:Predicted uncertainity -0.8250
INFO:__main__:Completed epoch 16 of 100

INFO:__main__:NLL: 0.0478, L2: 0.0281, Reg: 0.0057
INFO:__main__:Total loss 0.0815
INFO:__main__:Predicted mean: -0.3649
INFO:__main__:Predicted uncertainity -0.7871
INFO:__main__:Completed epoch 17 of 100

INFO:__main__:NLL: 0.1864, L2: 0.0269, Reg: 0.0057
INFO:__main__:Total loss 0.2190
INFO:__main__:Predicted mean: -0.4176
INFO:__main__:Predicted uncertainity -0.7223
INFO:__main__:Completed epoch 18 of 100

INFO:__main__:NLL: -0.0711, L2: 0.0280, Reg: 0.0057
INFO:__main__:Total loss -0.0375
INFO:__main__:Predicted mean: -0.3882
INFO:__main__:Predicted uncertainity -0.7547
INFO:__main__:Completed epoch 19 of 100

INFO:__main__:NLL: 0.0764, L2: 0.0268, Reg: 0.0057
INFO:__main__:Total loss 0.1089
INFO:__main__:Predicted mean: -0.3831
INFO:__main__:Predicted uncertainity -0.7238
INFO:__main__:Completed epoch 20 of 100

INFO:__main__:NLL: 0.0120, L2: 0.0287, Reg: 0.0057
INFO:__main__:Total loss 0.0464
INFO:__main__:Predicted mean: -0.3692
INFO:__main__:Predicted uncertainity -0.7086
INFO:__main__:Completed epoch 21 of 100

INFO:__main__:NLL: 0.0004, L2: 0.0279, Reg: 0.0057
INFO:__main__:Total loss 0.0339
INFO:__main__:Predicted mean: -0.3539
INFO:__main__:Predicted uncertainity -0.8061
INFO:__main__:Completed epoch 22 of 100

INFO:__main__:NLL: 0.1737, L2: 0.0277, Reg: 0.0057
INFO:__main__:Total loss 0.2070
INFO:__main__:Predicted mean: -0.4308
INFO:__main__:Predicted uncertainity -0.6568
INFO:__main__:Completed epoch 23 of 100

INFO:__main__:NLL: 0.2626, L2: 0.0282, Reg: 0.0057
INFO:__main__:Total loss 0.2965
INFO:__main__:Predicted mean: -0.3407
INFO:__main__:Predicted uncertainity -0.6599
INFO:__main__:Completed epoch 24 of 100

INFO:__main__:NLL: 0.1511, L2: 0.0301, Reg: 0.0057
INFO:__main__:Total loss 0.1869
INFO:__main__:Predicted mean: -0.3747
INFO:__main__:Predicted uncertainity -0.7469
INFO:__main__:Completed epoch 25 of 100

INFO:__main__:NLL: -0.0482, L2: 0.0290, Reg: 0.0057
INFO:__main__:Total loss -0.0135
INFO:__main__:Predicted mean: -0.3706
INFO:__main__:Predicted uncertainity -0.6405
INFO:__main__:Completed epoch 26 of 100

INFO:__main__:NLL: 0.2853, L2: 0.0288, Reg: 0.0057
INFO:__main__:Total loss 0.3197
INFO:__main__:Predicted mean: -0.3991
INFO:__main__:Predicted uncertainity -0.8185
INFO:__main__:Completed epoch 27 of 100

INFO:__main__:NLL: 0.1782, L2: 0.0266, Reg: 0.0057
INFO:__main__:Total loss 0.2105
INFO:__main__:Predicted mean: -0.4291
INFO:__main__:Predicted uncertainity -0.6484
INFO:__main__:Completed epoch 28 of 100

INFO:__main__:NLL: 0.0932, L2: 0.0284, Reg: 0.0057
INFO:__main__:Total loss 0.1273
INFO:__main__:Predicted mean: -0.3283
INFO:__main__:Predicted uncertainity -0.8398
INFO:__main__:Completed epoch 29 of 100

INFO:__main__:NLL: 0.1359, L2: 0.0279, Reg: 0.0057
INFO:__main__:Total loss 0.1694
INFO:__main__:Predicted mean: -0.3427
INFO:__main__:Predicted uncertainity -0.6183
INFO:__main__:Completed epoch 30 of 100

INFO:__main__:NLL: 0.1537, L2: 0.0268, Reg: 0.0057
INFO:__main__:Total loss 0.1862
INFO:__main__:Predicted mean: -0.4205
INFO:__main__:Predicted uncertainity -0.7470
INFO:__main__:Completed epoch 31 of 100

INFO:__main__:NLL: -0.0620, L2: 0.0287, Reg: 0.0057
INFO:__main__:Total loss -0.0277
INFO:__main__:Predicted mean: -0.3611
INFO:__main__:Predicted uncertainity -0.8046
INFO:__main__:Completed epoch 32 of 100

INFO:__main__:NLL: 0.1347, L2: 0.0289, Reg: 0.0057
INFO:__main__:Total loss 0.1692
INFO:__main__:Predicted mean: -0.4660
INFO:__main__:Predicted uncertainity -0.6832
INFO:__main__:Completed epoch 33 of 100

INFO:__main__:NLL: 0.0752, L2: 0.0279, Reg: 0.0057
INFO:__main__:Total loss 0.1089
INFO:__main__:Predicted mean: -0.3771
INFO:__main__:Predicted uncertainity -0.7966
INFO:__main__:Completed epoch 34 of 100

INFO:__main__:NLL: 0.0025, L2: 0.0273, Reg: 0.0057
INFO:__main__:Total loss 0.0354
INFO:__main__:Predicted mean: -0.3907
INFO:__main__:Predicted uncertainity -0.7850
INFO:__main__:Completed epoch 35 of 100

INFO:__main__:NLL: 0.0181, L2: 0.0268, Reg: 0.0057
INFO:__main__:Total loss 0.0506
INFO:__main__:Predicted mean: -0.2988
INFO:__main__:Predicted uncertainity -0.7868
INFO:__main__:Completed epoch 36 of 100

INFO:__main__:NLL: -0.0331, L2: 0.0269, Reg: 0.0057
INFO:__main__:Total loss -0.0005
INFO:__main__:Predicted mean: -0.3368
INFO:__main__:Predicted uncertainity -0.8350
INFO:__main__:Completed epoch 37 of 100

INFO:__main__:NLL: 0.2818, L2: 0.0288, Reg: 0.0057
INFO:__main__:Total loss 0.3163
INFO:__main__:Predicted mean: -0.3999
INFO:__main__:Predicted uncertainity -0.7746
INFO:__main__:Completed epoch 38 of 100

INFO:__main__:NLL: 0.1965, L2: 0.0302, Reg: 0.0057
INFO:__main__:Total loss 0.2323
INFO:__main__:Predicted mean: -0.4557
INFO:__main__:Predicted uncertainity -0.7414
INFO:__main__:Completed epoch 39 of 100

INFO:__main__:NLL: 0.0772, L2: 0.0278, Reg: 0.0057
INFO:__main__:Total loss 0.1107
INFO:__main__:Predicted mean: -0.4246
INFO:__main__:Predicted uncertainity -0.6833
INFO:__main__:Completed epoch 40 of 100

INFO:__main__:NLL: -0.0974, L2: 0.0279, Reg: 0.0057
INFO:__main__:Total loss -0.0639
INFO:__main__:Predicted mean: -0.3854
INFO:__main__:Predicted uncertainity -0.7755
INFO:__main__:Completed epoch 41 of 100

INFO:__main__:NLL: 0.0349, L2: 0.0289, Reg: 0.0057
INFO:__main__:Total loss 0.0695
INFO:__main__:Predicted mean: -0.4173
INFO:__main__:Predicted uncertainity -0.6606
INFO:__main__:Completed epoch 42 of 100

INFO:__main__:NLL: 0.2087, L2: 0.0272, Reg: 0.0057
INFO:__main__:Total loss 0.2416
INFO:__main__:Predicted mean: -0.3787
INFO:__main__:Predicted uncertainity -0.7793
INFO:__main__:Completed epoch 43 of 100

INFO:__main__:NLL: 0.2579, L2: 0.0288, Reg: 0.0057
INFO:__main__:Total loss 0.2924
INFO:__main__:Predicted mean: -0.4373
INFO:__main__:Predicted uncertainity -0.7755
INFO:__main__:Completed epoch 44 of 100

INFO:__main__:NLL: 0.1535, L2: 0.0251, Reg: 0.0057
INFO:__main__:Total loss 0.1843
INFO:__main__:Predicted mean: -0.3833
INFO:__main__:Predicted uncertainity -0.7848
INFO:__main__:Completed epoch 45 of 100

INFO:__main__:NLL: 0.1250, L2: 0.0274, Reg: 0.0057
INFO:__main__:Total loss 0.1580
INFO:__main__:Predicted mean: -0.3834
INFO:__main__:Predicted uncertainity -0.7958
INFO:__main__:Completed epoch 46 of 100

INFO:__main__:NLL: 0.1412, L2: 0.0272, Reg: 0.0057
INFO:__main__:Total loss 0.1741
INFO:__main__:Predicted mean: -0.4216
INFO:__main__:Predicted uncertainity -0.7695
INFO:__main__:Completed epoch 47 of 100

INFO:__main__:NLL: 0.0476, L2: 0.0276, Reg: 0.0057
INFO:__main__:Total loss 0.0809
INFO:__main__:Predicted mean: -0.3670
INFO:__main__:Predicted uncertainity -0.7146
INFO:__main__:Completed epoch 48 of 100

INFO:__main__:NLL: -0.0301, L2: 0.0279, Reg: 0.0057
INFO:__main__:Total loss 0.0034
INFO:__main__:Predicted mean: -0.3867
INFO:__main__:Predicted uncertainity -0.6168
INFO:__main__:Completed epoch 49 of 100

INFO:__main__:NLL: 0.0901, L2: 0.0286, Reg: 0.0057
INFO:__main__:Total loss 0.1243
INFO:__main__:Predicted mean: -0.3764
INFO:__main__:Predicted uncertainity -0.8050
INFO:__main__:Completed epoch 50 of 100

INFO:__main__:NLL: 0.5062, L2: 0.0279, Reg: 0.0057
INFO:__main__:Total loss 0.5398
INFO:__main__:Predicted mean: -0.3861
INFO:__main__:Predicted uncertainity -0.7729
INFO:__main__:Completed epoch 51 of 100

INFO:__main__:NLL: -0.0660, L2: 0.0279, Reg: 0.0057
INFO:__main__:Total loss -0.0324
INFO:__main__:Predicted mean: -0.3818
INFO:__main__:Predicted uncertainity -0.7801
INFO:__main__:Completed epoch 52 of 100

INFO:__main__:NLL: 0.0708, L2: 0.0261, Reg: 0.0057
INFO:__main__:Total loss 0.1026
INFO:__main__:Predicted mean: -0.3718
INFO:__main__:Predicted uncertainity -0.7079
INFO:__main__:Completed epoch 53 of 100

INFO:__main__:NLL: 0.2840, L2: 0.0264, Reg: 0.0057
INFO:__main__:Total loss 0.3161
INFO:__main__:Predicted mean: -0.3832
INFO:__main__:Predicted uncertainity -0.7096
INFO:__main__:Completed epoch 54 of 100

INFO:__main__:NLL: 0.2089, L2: 0.0272, Reg: 0.0057
INFO:__main__:Total loss 0.2418
INFO:__main__:Predicted mean: -0.3530
INFO:__main__:Predicted uncertainity -0.7278
INFO:__main__:Completed epoch 55 of 100

INFO:__main__:NLL: 0.3047, L2: 0.0274, Reg: 0.0057
INFO:__main__:Total loss 0.3378
INFO:__main__:Predicted mean: -0.3951
INFO:__main__:Predicted uncertainity -0.7282
INFO:__main__:Completed epoch 56 of 100

INFO:__main__:NLL: 0.0541, L2: 0.0287, Reg: 0.0057
INFO:__main__:Total loss 0.0884
INFO:__main__:Predicted mean: -0.3960
INFO:__main__:Predicted uncertainity -0.7211
INFO:__main__:Completed epoch 57 of 100

INFO:__main__:NLL: 0.0436, L2: 0.0293, Reg: 0.0057
INFO:__main__:Total loss 0.0786
INFO:__main__:Predicted mean: -0.4401
INFO:__main__:Predicted uncertainity -0.7326
INFO:__main__:Completed epoch 58 of 100

INFO:__main__:NLL: 0.0121, L2: 0.0285, Reg: 0.0057
INFO:__main__:Total loss 0.0462
INFO:__main__:Predicted mean: -0.3305
INFO:__main__:Predicted uncertainity -0.6997
INFO:__main__:Completed epoch 59 of 100

INFO:__main__:NLL: 0.1139, L2: 0.0304, Reg: 0.0057
INFO:__main__:Total loss 0.1499
INFO:__main__:Predicted mean: -0.4000
INFO:__main__:Predicted uncertainity -0.7385
INFO:__main__:Completed epoch 60 of 100

INFO:__main__:NLL: 0.1429, L2: 0.0305, Reg: 0.0057
INFO:__main__:Total loss 0.1791
INFO:__main__:Predicted mean: -0.3357
INFO:__main__:Predicted uncertainity -0.7708
INFO:__main__:Completed epoch 61 of 100

INFO:__main__:NLL: 0.2697, L2: 0.0273, Reg: 0.0057
INFO:__main__:Total loss 0.3027
INFO:__main__:Predicted mean: -0.3643
INFO:__main__:Predicted uncertainity -0.7119
INFO:__main__:Completed epoch 62 of 100

INFO:__main__:NLL: 0.0277, L2: 0.0294, Reg: 0.0057
INFO:__main__:Total loss 0.0627
INFO:__main__:Predicted mean: -0.4320
INFO:__main__:Predicted uncertainity -0.7754
INFO:__main__:Completed epoch 63 of 100

INFO:__main__:NLL: -0.0140, L2: 0.0267, Reg: 0.0057
INFO:__main__:Total loss 0.0184
INFO:__main__:Predicted mean: -0.3510
INFO:__main__:Predicted uncertainity -0.8434
INFO:__main__:Completed epoch 64 of 100

INFO:__main__:NLL: 0.0320, L2: 0.0275, Reg: 0.0057
INFO:__main__:Total loss 0.0651
INFO:__main__:Predicted mean: -0.3345
INFO:__main__:Predicted uncertainity -0.7429
INFO:__main__:Completed epoch 65 of 100

INFO:__main__:NLL: 0.1270, L2: 0.0280, Reg: 0.0057
INFO:__main__:Total loss 0.1607
INFO:__main__:Predicted mean: -0.3918
INFO:__main__:Predicted uncertainity -0.7873
INFO:__main__:Completed epoch 66 of 100

INFO:__main__:NLL: 0.0463, L2: 0.0276, Reg: 0.0057
INFO:__main__:Total loss 0.0795
INFO:__main__:Predicted mean: -0.3657
INFO:__main__:Predicted uncertainity -0.6888
INFO:__main__:Completed epoch 67 of 100

INFO:__main__:NLL: 0.0006, L2: 0.0282, Reg: 0.0057
INFO:__main__:Total loss 0.0345
INFO:__main__:Predicted mean: -0.3620
INFO:__main__:Predicted uncertainity -0.7878
INFO:__main__:Completed epoch 68 of 100

INFO:__main__:NLL: 0.0176, L2: 0.0302, Reg: 0.0057
INFO:__main__:Total loss 0.0535
INFO:__main__:Predicted mean: -0.3999
INFO:__main__:Predicted uncertainity -0.7790
INFO:__main__:Completed epoch 69 of 100

INFO:__main__:NLL: 0.4584, L2: 0.0282, Reg: 0.0057
INFO:__main__:Total loss 0.4923
INFO:__main__:Predicted mean: -0.4553
INFO:__main__:Predicted uncertainity -0.7266
INFO:__main__:Completed epoch 70 of 100

INFO:__main__:NLL: -0.0735, L2: 0.0291, Reg: 0.0057
INFO:__main__:Total loss -0.0388
INFO:__main__:Predicted mean: -0.4131
INFO:__main__:Predicted uncertainity -0.7667
INFO:__main__:Completed epoch 71 of 100

INFO:__main__:NLL: 0.2501, L2: 0.0294, Reg: 0.0057
INFO:__main__:Total loss 0.2852
INFO:__main__:Predicted mean: -0.4176
INFO:__main__:Predicted uncertainity -0.8529
INFO:__main__:Completed epoch 72 of 100

INFO:__main__:NLL: 0.3140, L2: 0.0288, Reg: 0.0057
INFO:__main__:Total loss 0.3485
INFO:__main__:Predicted mean: -0.3918
INFO:__main__:Predicted uncertainity -0.8094
INFO:__main__:Completed epoch 73 of 100

INFO:__main__:NLL: 0.0825, L2: 0.0304, Reg: 0.0057
INFO:__main__:Total loss 0.1185
INFO:__main__:Predicted mean: -0.4049
INFO:__main__:Predicted uncertainity -0.7168
INFO:__main__:Completed epoch 74 of 100

INFO:__main__:NLL: 0.0745, L2: 0.0280, Reg: 0.0057
INFO:__main__:Total loss 0.1082
INFO:__main__:Predicted mean: -0.3610
INFO:__main__:Predicted uncertainity -0.7674
INFO:__main__:Completed epoch 75 of 100

INFO:__main__:NLL: 0.1322, L2: 0.0282, Reg: 0.0057
INFO:__main__:Total loss 0.1661
INFO:__main__:Predicted mean: -0.4047
INFO:__main__:Predicted uncertainity -0.7703
INFO:__main__:Completed epoch 76 of 100

INFO:__main__:NLL: 0.2315, L2: 0.0272, Reg: 0.0057
INFO:__main__:Total loss 0.2644
INFO:__main__:Predicted mean: -0.3787
INFO:__main__:Predicted uncertainity -0.8124
INFO:__main__:Completed epoch 77 of 100

INFO:__main__:NLL: 0.2278, L2: 0.0268, Reg: 0.0057
INFO:__main__:Total loss 0.2603
INFO:__main__:Predicted mean: -0.3723
INFO:__main__:Predicted uncertainity -0.7963
INFO:__main__:Completed epoch 78 of 100

INFO:__main__:NLL: 0.2437, L2: 0.0255, Reg: 0.0057
INFO:__main__:Total loss 0.2749
INFO:__main__:Predicted mean: -0.3550
INFO:__main__:Predicted uncertainity -0.7293
INFO:__main__:Completed epoch 79 of 100

INFO:__main__:NLL: 0.0436, L2: 0.0291, Reg: 0.0057
INFO:__main__:Total loss 0.0784
INFO:__main__:Predicted mean: -0.3534
INFO:__main__:Predicted uncertainity -0.6934
INFO:__main__:Completed epoch 80 of 100

INFO:__main__:NLL: 0.0814, L2: 0.0295, Reg: 0.0057
INFO:__main__:Total loss 0.1166
INFO:__main__:Predicted mean: -0.3649
INFO:__main__:Predicted uncertainity -0.6302
INFO:__main__:Completed epoch 81 of 100

INFO:__main__:NLL: 0.1173, L2: 0.0287, Reg: 0.0057
INFO:__main__:Total loss 0.1518
INFO:__main__:Predicted mean: -0.4061
INFO:__main__:Predicted uncertainity -0.7226
INFO:__main__:Completed epoch 82 of 100

INFO:__main__:NLL: 0.0214, L2: 0.0279, Reg: 0.0057
INFO:__main__:Total loss 0.0549
INFO:__main__:Predicted mean: -0.4167
INFO:__main__:Predicted uncertainity -0.8049
INFO:__main__:Completed epoch 83 of 100

INFO:__main__:NLL: 0.3807, L2: 0.0273, Reg: 0.0057
INFO:__main__:Total loss 0.4137
INFO:__main__:Predicted mean: -0.3606
INFO:__main__:Predicted uncertainity -0.7802
INFO:__main__:Completed epoch 84 of 100

INFO:__main__:NLL: 0.1021, L2: 0.0277, Reg: 0.0057
INFO:__main__:Total loss 0.1355
INFO:__main__:Predicted mean: -0.3773
INFO:__main__:Predicted uncertainity -0.6556
INFO:__main__:Completed epoch 85 of 100

INFO:__main__:NLL: -0.0338, L2: 0.0272, Reg: 0.0057
INFO:__main__:Total loss -0.0010
INFO:__main__:Predicted mean: -0.3835
INFO:__main__:Predicted uncertainity -0.7979
INFO:__main__:Completed epoch 86 of 100

INFO:__main__:NLL: 0.1378, L2: 0.0293, Reg: 0.0057
INFO:__main__:Total loss 0.1728
INFO:__main__:Predicted mean: -0.4342
INFO:__main__:Predicted uncertainity -0.6807
INFO:__main__:Completed epoch 87 of 100

INFO:__main__:NLL: 0.0350, L2: 0.0308, Reg: 0.0057
INFO:__main__:Total loss 0.0715
INFO:__main__:Predicted mean: -0.3873
INFO:__main__:Predicted uncertainity -0.6987
INFO:__main__:Completed epoch 88 of 100

INFO:__main__:NLL: 0.0406, L2: 0.0278, Reg: 0.0057
INFO:__main__:Total loss 0.0742
INFO:__main__:Predicted mean: -0.3319
INFO:__main__:Predicted uncertainity -0.8040
INFO:__main__:Completed epoch 89 of 100

INFO:__main__:NLL: 0.2273, L2: 0.0293, Reg: 0.0057
INFO:__main__:Total loss 0.2623
INFO:__main__:Predicted mean: -0.4114
INFO:__main__:Predicted uncertainity -0.7409
INFO:__main__:Completed epoch 90 of 100

INFO:__main__:NLL: 0.0508, L2: 0.0275, Reg: 0.0057
INFO:__main__:Total loss 0.0840
INFO:__main__:Predicted mean: -0.4110
INFO:__main__:Predicted uncertainity -0.7601
INFO:__main__:Completed epoch 91 of 100

INFO:__main__:NLL: 0.1047, L2: 0.0285, Reg: 0.0057
INFO:__main__:Total loss 0.1389
INFO:__main__:Predicted mean: -0.4001
INFO:__main__:Predicted uncertainity -0.8560
INFO:__main__:Completed epoch 92 of 100

INFO:__main__:NLL: 0.0932, L2: 0.0294, Reg: 0.0057
INFO:__main__:Total loss 0.1282
INFO:__main__:Predicted mean: -0.4270
INFO:__main__:Predicted uncertainity -0.6613
INFO:__main__:Completed epoch 93 of 100

INFO:__main__:NLL: 0.0917, L2: 0.0294, Reg: 0.0057
INFO:__main__:Total loss 0.1267
INFO:__main__:Predicted mean: -0.3412
INFO:__main__:Predicted uncertainity -0.6838
INFO:__main__:Completed epoch 94 of 100

INFO:__main__:NLL: 0.1603, L2: 0.0257, Reg: 0.0057
INFO:__main__:Total loss 0.1917
INFO:__main__:Predicted mean: -0.3890
INFO:__main__:Predicted uncertainity -0.6466
INFO:__main__:Completed epoch 95 of 100

INFO:__main__:NLL: 0.3070, L2: 0.0281, Reg: 0.0057
INFO:__main__:Total loss 0.3407
INFO:__main__:Predicted mean: -0.4186
INFO:__main__:Predicted uncertainity -0.9031
INFO:__main__:Completed epoch 96 of 100

INFO:__main__:NLL: 0.0789, L2: 0.0283, Reg: 0.0057
INFO:__main__:Total loss 0.1129
INFO:__main__:Predicted mean: -0.3453
INFO:__main__:Predicted uncertainity -0.7496
INFO:__main__:Completed epoch 97 of 100

INFO:__main__:NLL: 0.2025, L2: 0.0285, Reg: 0.0057
INFO:__main__:Total loss 0.2367
INFO:__main__:Predicted mean: -0.3644
INFO:__main__:Predicted uncertainity -0.7267
INFO:__main__:Completed epoch 98 of 100

INFO:__main__:NLL: 0.2219, L2: 0.0295, Reg: 0.0057
INFO:__main__:Total loss 0.2571
INFO:__main__:Predicted mean: -0.4444
INFO:__main__:Predicted uncertainity -0.7719
INFO:__main__:Completed epoch 99 of 100

INFO:__main__:NLL: 0.3268, L2: 0.0279, Reg: 0.0057
INFO:__main__:Total loss 0.3603
INFO:__main__:Predicted mean: -0.3991
INFO:__main__:Predicted uncertainity -0.8448
INFO:__main__:Completed epoch 100 of 100

INFO:__main__:372.446440 s
