INFO:__main__:PROCESS RUNNING ON cpu
INFO:__main__:NLL: 0.0181, L2: 0.0248, Reg: 0.0057
INFO:__main__:Total loss 0.0485
INFO:__main__:Predicted mean: -0.4301
INFO:__main__:Predicted uncertainity -0.7924
INFO:__main__:Completed epoch 1 of 100

INFO:__main__:NLL: 0.1267, L2: 0.0243, Reg: 0.0057
INFO:__main__:Total loss 0.1567
INFO:__main__:Predicted mean: -0.3910
INFO:__main__:Predicted uncertainity -0.7548
INFO:__main__:Completed epoch 2 of 100

INFO:__main__:NLL: 0.1620, L2: 0.0265, Reg: 0.0057
INFO:__main__:Total loss 0.1942
INFO:__main__:Predicted mean: -0.3527
INFO:__main__:Predicted uncertainity -0.7381
INFO:__main__:Completed epoch 3 of 100

INFO:__main__:NLL: -0.0828, L2: 0.0249, Reg: 0.0057
INFO:__main__:Total loss -0.0522
INFO:__main__:Predicted mean: -0.4333
INFO:__main__:Predicted uncertainity -0.8254
INFO:__main__:Completed epoch 4 of 100

INFO:__main__:NLL: 0.0908, L2: 0.0268, Reg: 0.0057
INFO:__main__:Total loss 0.1233
INFO:__main__:Predicted mean: -0.3524
INFO:__main__:Predicted uncertainity -0.7627
INFO:__main__:Completed epoch 5 of 100

INFO:__main__:NLL: -0.0261, L2: 0.0256, Reg: 0.0057
INFO:__main__:Total loss 0.0051
INFO:__main__:Predicted mean: -0.3775
INFO:__main__:Predicted uncertainity -0.6544
INFO:__main__:Completed epoch 6 of 100

INFO:__main__:NLL: -0.0696, L2: 0.0266, Reg: 0.0057
INFO:__main__:Total loss -0.0373
INFO:__main__:Predicted mean: -0.3546
INFO:__main__:Predicted uncertainity -0.6969
INFO:__main__:Completed epoch 7 of 100

INFO:__main__:NLL: 0.2656, L2: 0.0280, Reg: 0.0057
INFO:__main__:Total loss 0.2993
INFO:__main__:Predicted mean: -0.4418
INFO:__main__:Predicted uncertainity -0.8880
INFO:__main__:Completed epoch 8 of 100

INFO:__main__:NLL: 0.0659, L2: 0.0264, Reg: 0.0057
INFO:__main__:Total loss 0.0980
INFO:__main__:Predicted mean: -0.4426
INFO:__main__:Predicted uncertainity -0.8940
INFO:__main__:Completed epoch 9 of 100

INFO:__main__:NLL: 0.2294, L2: 0.0259, Reg: 0.0057
INFO:__main__:Total loss 0.2609
INFO:__main__:Predicted mean: -0.3804
INFO:__main__:Predicted uncertainity -0.7832
INFO:__main__:Completed epoch 10 of 100

INFO:__main__:NLL: 0.0962, L2: 0.0265, Reg: 0.0057
INFO:__main__:Total loss 0.1283
INFO:__main__:Predicted mean: -0.4236
INFO:__main__:Predicted uncertainity -0.7786
INFO:__main__:Completed epoch 11 of 100

INFO:__main__:NLL: 0.2157, L2: 0.0253, Reg: 0.0057
INFO:__main__:Total loss 0.2467
INFO:__main__:Predicted mean: -0.4532
INFO:__main__:Predicted uncertainity -0.7336
INFO:__main__:Completed epoch 12 of 100

INFO:__main__:NLL: 0.0419, L2: 0.0254, Reg: 0.0057
INFO:__main__:Total loss 0.0729
INFO:__main__:Predicted mean: -0.3746
INFO:__main__:Predicted uncertainity -0.7056
INFO:__main__:Completed epoch 13 of 100

INFO:__main__:NLL: 0.0546, L2: 0.0265, Reg: 0.0057
INFO:__main__:Total loss 0.0867
INFO:__main__:Predicted mean: -0.3649
INFO:__main__:Predicted uncertainity -0.7207
INFO:__main__:Completed epoch 14 of 100

INFO:__main__:NLL: -0.0170, L2: 0.0261, Reg: 0.0057
INFO:__main__:Total loss 0.0148
INFO:__main__:Predicted mean: -0.3653
INFO:__main__:Predicted uncertainity -0.8449
INFO:__main__:Completed epoch 15 of 100

INFO:__main__:NLL: 0.1098, L2: 0.0250, Reg: 0.0057
INFO:__main__:Total loss 0.1405
INFO:__main__:Predicted mean: -0.3842
INFO:__main__:Predicted uncertainity -0.7820
INFO:__main__:Completed epoch 16 of 100

INFO:__main__:NLL: 0.0243, L2: 0.0260, Reg: 0.0057
INFO:__main__:Total loss 0.0560
INFO:__main__:Predicted mean: -0.3873
INFO:__main__:Predicted uncertainity -0.7935
INFO:__main__:Completed epoch 17 of 100

INFO:__main__:NLL: 0.1739, L2: 0.0271, Reg: 0.0057
INFO:__main__:Total loss 0.2066
INFO:__main__:Predicted mean: -0.3616
INFO:__main__:Predicted uncertainity -0.8032
INFO:__main__:Completed epoch 18 of 100

INFO:__main__:NLL: 0.0569, L2: 0.0265, Reg: 0.0057
INFO:__main__:Total loss 0.0892
INFO:__main__:Predicted mean: -0.4151
INFO:__main__:Predicted uncertainity -0.7469
INFO:__main__:Completed epoch 19 of 100

INFO:__main__:NLL: 0.0552, L2: 0.0275, Reg: 0.0057
INFO:__main__:Total loss 0.0883
INFO:__main__:Predicted mean: -0.3985
INFO:__main__:Predicted uncertainity -0.6932
INFO:__main__:Completed epoch 20 of 100

INFO:__main__:NLL: 0.1514, L2: 0.0275, Reg: 0.0057
INFO:__main__:Total loss 0.1846
INFO:__main__:Predicted mean: -0.3681
INFO:__main__:Predicted uncertainity -0.6007
INFO:__main__:Completed epoch 21 of 100

INFO:__main__:NLL: 0.0149, L2: 0.0264, Reg: 0.0057
INFO:__main__:Total loss 0.0470
INFO:__main__:Predicted mean: -0.4300
INFO:__main__:Predicted uncertainity -0.8095
INFO:__main__:Completed epoch 22 of 100

INFO:__main__:NLL: 0.4189, L2: 0.0278, Reg: 0.0057
INFO:__main__:Total loss 0.4524
INFO:__main__:Predicted mean: -0.3849
INFO:__main__:Predicted uncertainity -0.7984
INFO:__main__:Completed epoch 23 of 100

INFO:__main__:NLL: 0.1070, L2: 0.0254, Reg: 0.0057
INFO:__main__:Total loss 0.1381
INFO:__main__:Predicted mean: -0.3951
INFO:__main__:Predicted uncertainity -0.6392
INFO:__main__:Completed epoch 24 of 100

INFO:__main__:NLL: 0.1542, L2: 0.0260, Reg: 0.0057
INFO:__main__:Total loss 0.1859
INFO:__main__:Predicted mean: -0.3386
INFO:__main__:Predicted uncertainity -0.6894
INFO:__main__:Completed epoch 25 of 100

INFO:__main__:NLL: 0.2594, L2: 0.0274, Reg: 0.0057
INFO:__main__:Total loss 0.2924
INFO:__main__:Predicted mean: -0.3531
INFO:__main__:Predicted uncertainity -0.6898
INFO:__main__:Completed epoch 26 of 100

INFO:__main__:NLL: 0.0855, L2: 0.0250, Reg: 0.0057
INFO:__main__:Total loss 0.1162
INFO:__main__:Predicted mean: -0.3007
INFO:__main__:Predicted uncertainity -0.7373
INFO:__main__:Completed epoch 27 of 100

INFO:__main__:NLL: 0.0614, L2: 0.0269, Reg: 0.0057
INFO:__main__:Total loss 0.0939
INFO:__main__:Predicted mean: -0.3377
INFO:__main__:Predicted uncertainity -0.8740
INFO:__main__:Completed epoch 28 of 100

INFO:__main__:NLL: 0.1172, L2: 0.0269, Reg: 0.0057
INFO:__main__:Total loss 0.1497
INFO:__main__:Predicted mean: -0.3460
INFO:__main__:Predicted uncertainity -0.7014
INFO:__main__:Completed epoch 29 of 100

INFO:__main__:NLL: 0.1245, L2: 0.0265, Reg: 0.0057
INFO:__main__:Total loss 0.1567
INFO:__main__:Predicted mean: -0.3741
INFO:__main__:Predicted uncertainity -0.6761
INFO:__main__:Completed epoch 30 of 100

INFO:__main__:NLL: -0.0833, L2: 0.0279, Reg: 0.0057
INFO:__main__:Total loss -0.0498
INFO:__main__:Predicted mean: -0.3535
INFO:__main__:Predicted uncertainity -0.7368
INFO:__main__:Completed epoch 31 of 100

INFO:__main__:NLL: 0.1190, L2: 0.0270, Reg: 0.0057
INFO:__main__:Total loss 0.1517
INFO:__main__:Predicted mean: -0.3883
INFO:__main__:Predicted uncertainity -0.7483
INFO:__main__:Completed epoch 32 of 100

INFO:__main__:NLL: 0.2065, L2: 0.0264, Reg: 0.0057
INFO:__main__:Total loss 0.2385
INFO:__main__:Predicted mean: -0.4039
INFO:__main__:Predicted uncertainity -0.7847
INFO:__main__:Completed epoch 33 of 100

INFO:__main__:NLL: 0.1397, L2: 0.0253, Reg: 0.0057
INFO:__main__:Total loss 0.1707
INFO:__main__:Predicted mean: -0.3717
INFO:__main__:Predicted uncertainity -0.7127
INFO:__main__:Completed epoch 34 of 100

INFO:__main__:NLL: 0.1043, L2: 0.0266, Reg: 0.0057
INFO:__main__:Total loss 0.1366
INFO:__main__:Predicted mean: -0.3781
INFO:__main__:Predicted uncertainity -0.7673
INFO:__main__:Completed epoch 35 of 100

INFO:__main__:NLL: 0.0762, L2: 0.0270, Reg: 0.0057
INFO:__main__:Total loss 0.1088
INFO:__main__:Predicted mean: -0.3367
INFO:__main__:Predicted uncertainity -0.7650
INFO:__main__:Completed epoch 36 of 100

INFO:__main__:NLL: 0.3577, L2: 0.0278, Reg: 0.0057
INFO:__main__:Total loss 0.3911
INFO:__main__:Predicted mean: -0.4589
INFO:__main__:Predicted uncertainity -0.6395
INFO:__main__:Completed epoch 37 of 100

INFO:__main__:NLL: -0.0687, L2: 0.0260, Reg: 0.0057
INFO:__main__:Total loss -0.0370
INFO:__main__:Predicted mean: -0.3443
INFO:__main__:Predicted uncertainity -0.8105
INFO:__main__:Completed epoch 38 of 100

INFO:__main__:NLL: 0.1789, L2: 0.0277, Reg: 0.0057
INFO:__main__:Total loss 0.2123
INFO:__main__:Predicted mean: -0.4199
INFO:__main__:Predicted uncertainity -0.7862
INFO:__main__:Completed epoch 39 of 100

INFO:__main__:NLL: 0.0745, L2: 0.0261, Reg: 0.0057
INFO:__main__:Total loss 0.1063
INFO:__main__:Predicted mean: -0.3438
INFO:__main__:Predicted uncertainity -0.7077
INFO:__main__:Completed epoch 40 of 100

INFO:__main__:NLL: 0.0346, L2: 0.0272, Reg: 0.0057
INFO:__main__:Total loss 0.0674
INFO:__main__:Predicted mean: -0.3125
INFO:__main__:Predicted uncertainity -0.6944
INFO:__main__:Completed epoch 41 of 100

INFO:__main__:NLL: 0.3475, L2: 0.0254, Reg: 0.0057
INFO:__main__:Total loss 0.3786
INFO:__main__:Predicted mean: -0.4128
INFO:__main__:Predicted uncertainity -0.7464
INFO:__main__:Completed epoch 42 of 100

INFO:__main__:NLL: 0.0593, L2: 0.0268, Reg: 0.0057
INFO:__main__:Total loss 0.0918
INFO:__main__:Predicted mean: -0.3894
INFO:__main__:Predicted uncertainity -0.7694
INFO:__main__:Completed epoch 43 of 100

INFO:__main__:NLL: 0.0486, L2: 0.0284, Reg: 0.0057
INFO:__main__:Total loss 0.0826
INFO:__main__:Predicted mean: -0.3401
INFO:__main__:Predicted uncertainity -0.7334
INFO:__main__:Completed epoch 44 of 100

INFO:__main__:NLL: 0.1929, L2: 0.0262, Reg: 0.0057
INFO:__main__:Total loss 0.2248
INFO:__main__:Predicted mean: -0.3421
INFO:__main__:Predicted uncertainity -0.7374
INFO:__main__:Completed epoch 45 of 100

INFO:__main__:NLL: 0.1520, L2: 0.0273, Reg: 0.0057
INFO:__main__:Total loss 0.1850
INFO:__main__:Predicted mean: -0.3404
INFO:__main__:Predicted uncertainity -0.6766
INFO:__main__:Completed epoch 46 of 100

INFO:__main__:NLL: 0.0347, L2: 0.0249, Reg: 0.0057
INFO:__main__:Total loss 0.0653
INFO:__main__:Predicted mean: -0.4155
INFO:__main__:Predicted uncertainity -0.7921
INFO:__main__:Completed epoch 47 of 100

INFO:__main__:NLL: 0.2768, L2: 0.0281, Reg: 0.0057
INFO:__main__:Total loss 0.3106
INFO:__main__:Predicted mean: -0.3499
INFO:__main__:Predicted uncertainity -0.6806
INFO:__main__:Completed epoch 48 of 100

INFO:__main__:NLL: 0.0178, L2: 0.0259, Reg: 0.0057
INFO:__main__:Total loss 0.0494
INFO:__main__:Predicted mean: -0.3531
INFO:__main__:Predicted uncertainity -0.7609
INFO:__main__:Completed epoch 49 of 100

INFO:__main__:NLL: 0.0985, L2: 0.0244, Reg: 0.0057
INFO:__main__:Total loss 0.1286
INFO:__main__:Predicted mean: -0.3848
INFO:__main__:Predicted uncertainity -0.6911
INFO:__main__:Completed epoch 50 of 100

INFO:__main__:NLL: 0.0993, L2: 0.0270, Reg: 0.0057
INFO:__main__:Total loss 0.1320
INFO:__main__:Predicted mean: -0.3762
INFO:__main__:Predicted uncertainity -0.8848
INFO:__main__:Completed epoch 51 of 100

INFO:__main__:NLL: 0.0645, L2: 0.0276, Reg: 0.0057
INFO:__main__:Total loss 0.0978
INFO:__main__:Predicted mean: -0.3668
INFO:__main__:Predicted uncertainity -0.7278
INFO:__main__:Completed epoch 52 of 100

INFO:__main__:NLL: 0.1811, L2: 0.0246, Reg: 0.0057
INFO:__main__:Total loss 0.2114
INFO:__main__:Predicted mean: -0.4177
INFO:__main__:Predicted uncertainity -0.6783
INFO:__main__:Completed epoch 53 of 100

INFO:__main__:NLL: 0.0427, L2: 0.0251, Reg: 0.0057
INFO:__main__:Total loss 0.0735
INFO:__main__:Predicted mean: -0.3181
INFO:__main__:Predicted uncertainity -0.7164
INFO:__main__:Completed epoch 54 of 100

INFO:__main__:NLL: 0.1170, L2: 0.0279, Reg: 0.0057
INFO:__main__:Total loss 0.1505
INFO:__main__:Predicted mean: -0.3735
INFO:__main__:Predicted uncertainity -0.8591
INFO:__main__:Completed epoch 55 of 100

INFO:__main__:NLL: 0.1036, L2: 0.0273, Reg: 0.0057
INFO:__main__:Total loss 0.1366
INFO:__main__:Predicted mean: -0.3649
INFO:__main__:Predicted uncertainity -0.6169
INFO:__main__:Completed epoch 56 of 100

INFO:__main__:NLL: 0.1853, L2: 0.0249, Reg: 0.0057
INFO:__main__:Total loss 0.2158
INFO:__main__:Predicted mean: -0.3186
INFO:__main__:Predicted uncertainity -0.8413
INFO:__main__:Completed epoch 57 of 100

INFO:__main__:NLL: 0.1463, L2: 0.0277, Reg: 0.0057
INFO:__main__:Total loss 0.1796
INFO:__main__:Predicted mean: -0.3904
INFO:__main__:Predicted uncertainity -0.7663
INFO:__main__:Completed epoch 58 of 100

INFO:__main__:NLL: 0.1661, L2: 0.0292, Reg: 0.0057
INFO:__main__:Total loss 0.2010
INFO:__main__:Predicted mean: -0.3813
INFO:__main__:Predicted uncertainity -0.6933
INFO:__main__:Completed epoch 59 of 100

INFO:__main__:NLL: 0.1401, L2: 0.0271, Reg: 0.0057
INFO:__main__:Total loss 0.1729
INFO:__main__:Predicted mean: -0.4172
INFO:__main__:Predicted uncertainity -0.5604
INFO:__main__:Completed epoch 60 of 100

INFO:__main__:NLL: 0.0469, L2: 0.0267, Reg: 0.0057
INFO:__main__:Total loss 0.0794
INFO:__main__:Predicted mean: -0.3448
INFO:__main__:Predicted uncertainity -0.7206
INFO:__main__:Completed epoch 61 of 100

INFO:__main__:NLL: 0.1928, L2: 0.0240, Reg: 0.0057
INFO:__main__:Total loss 0.2226
INFO:__main__:Predicted mean: -0.3948
INFO:__main__:Predicted uncertainity -0.8331
INFO:__main__:Completed epoch 62 of 100

INFO:__main__:NLL: 0.0522, L2: 0.0269, Reg: 0.0057
INFO:__main__:Total loss 0.0847
INFO:__main__:Predicted mean: -0.3630
INFO:__main__:Predicted uncertainity -0.7947
INFO:__main__:Completed epoch 63 of 100

INFO:__main__:NLL: 0.2282, L2: 0.0286, Reg: 0.0057
INFO:__main__:Total loss 0.2624
INFO:__main__:Predicted mean: -0.4029
INFO:__main__:Predicted uncertainity -0.8273
INFO:__main__:Completed epoch 64 of 100

INFO:__main__:NLL: -0.0621, L2: 0.0278, Reg: 0.0057
INFO:__main__:Total loss -0.0286
INFO:__main__:Predicted mean: -0.3827
INFO:__main__:Predicted uncertainity -0.7391
INFO:__main__:Completed epoch 65 of 100

INFO:__main__:NLL: 0.1076, L2: 0.0238, Reg: 0.0057
INFO:__main__:Total loss 0.1371
INFO:__main__:Predicted mean: -0.3742
INFO:__main__:Predicted uncertainity -0.7487
INFO:__main__:Completed epoch 66 of 100

INFO:__main__:NLL: 0.0284, L2: 0.0263, Reg: 0.0057
INFO:__main__:Total loss 0.0603
INFO:__main__:Predicted mean: -0.4129
INFO:__main__:Predicted uncertainity -0.8361
INFO:__main__:Completed epoch 67 of 100

INFO:__main__:NLL: 0.0405, L2: 0.0255, Reg: 0.0057
INFO:__main__:Total loss 0.0717
INFO:__main__:Predicted mean: -0.3528
INFO:__main__:Predicted uncertainity -0.7542
INFO:__main__:Completed epoch 68 of 100

INFO:__main__:NLL: 0.0482, L2: 0.0254, Reg: 0.0057
INFO:__main__:Total loss 0.0793
INFO:__main__:Predicted mean: -0.3324
INFO:__main__:Predicted uncertainity -0.8042
INFO:__main__:Completed epoch 69 of 100

INFO:__main__:NLL: 0.0046, L2: 0.0264, Reg: 0.0057
INFO:__main__:Total loss 0.0366
INFO:__main__:Predicted mean: -0.3345
INFO:__main__:Predicted uncertainity -0.7128
INFO:__main__:Completed epoch 70 of 100

INFO:__main__:NLL: 0.1047, L2: 0.0251, Reg: 0.0057
INFO:__main__:Total loss 0.1355
INFO:__main__:Predicted mean: -0.3416
INFO:__main__:Predicted uncertainity -0.7298
INFO:__main__:Completed epoch 71 of 100

INFO:__main__:NLL: 0.0457, L2: 0.0271, Reg: 0.0057
INFO:__main__:Total loss 0.0785
INFO:__main__:Predicted mean: -0.3433
INFO:__main__:Predicted uncertainity -0.7897
INFO:__main__:Completed epoch 72 of 100

INFO:__main__:NLL: 0.0447, L2: 0.0271, Reg: 0.0057
INFO:__main__:Total loss 0.0775
INFO:__main__:Predicted mean: -0.3475
INFO:__main__:Predicted uncertainity -0.7239
INFO:__main__:Completed epoch 73 of 100

INFO:__main__:NLL: 0.0381, L2: 0.0254, Reg: 0.0057
INFO:__main__:Total loss 0.0692
INFO:__main__:Predicted mean: -0.3814
INFO:__main__:Predicted uncertainity -0.8971
INFO:__main__:Completed epoch 74 of 100

INFO:__main__:NLL: 0.1652, L2: 0.0261, Reg: 0.0057
INFO:__main__:Total loss 0.1970
INFO:__main__:Predicted mean: -0.3941
INFO:__main__:Predicted uncertainity -0.7349
INFO:__main__:Completed epoch 75 of 100

INFO:__main__:NLL: 0.0941, L2: 0.0295, Reg: 0.0057
INFO:__main__:Total loss 0.1293
INFO:__main__:Predicted mean: -0.3728
INFO:__main__:Predicted uncertainity -0.6606
INFO:__main__:Completed epoch 76 of 100

INFO:__main__:NLL: 0.0850, L2: 0.0303, Reg: 0.0057
INFO:__main__:Total loss 0.1209
INFO:__main__:Predicted mean: -0.3575
INFO:__main__:Predicted uncertainity -0.6400
INFO:__main__:Completed epoch 77 of 100

INFO:__main__:NLL: 0.0268, L2: 0.0278, Reg: 0.0057
INFO:__main__:Total loss 0.0603
INFO:__main__:Predicted mean: -0.4469
INFO:__main__:Predicted uncertainity -0.7713
INFO:__main__:Completed epoch 78 of 100

INFO:__main__:NLL: 0.0765, L2: 0.0277, Reg: 0.0057
INFO:__main__:Total loss 0.1098
INFO:__main__:Predicted mean: -0.3753
INFO:__main__:Predicted uncertainity -0.7142
INFO:__main__:Completed epoch 79 of 100

INFO:__main__:NLL: 0.0501, L2: 0.0295, Reg: 0.0057
INFO:__main__:Total loss 0.0853
INFO:__main__:Predicted mean: -0.4283
INFO:__main__:Predicted uncertainity -0.7095
INFO:__main__:Completed epoch 80 of 100

INFO:__main__:NLL: 0.0204, L2: 0.0277, Reg: 0.0057
INFO:__main__:Total loss 0.0538
INFO:__main__:Predicted mean: -0.3403
INFO:__main__:Predicted uncertainity -0.6205
INFO:__main__:Completed epoch 81 of 100

INFO:__main__:NLL: 0.1279, L2: 0.0270, Reg: 0.0057
INFO:__main__:Total loss 0.1606
INFO:__main__:Predicted mean: -0.3519
INFO:__main__:Predicted uncertainity -0.6999
INFO:__main__:Completed epoch 82 of 100

INFO:__main__:NLL: 0.2648, L2: 0.0260, Reg: 0.0057
INFO:__main__:Total loss 0.2965
INFO:__main__:Predicted mean: -0.4052
INFO:__main__:Predicted uncertainity -0.7758
INFO:__main__:Completed epoch 83 of 100

INFO:__main__:NLL: 0.0403, L2: 0.0273, Reg: 0.0057
INFO:__main__:Total loss 0.0733
INFO:__main__:Predicted mean: -0.4222
INFO:__main__:Predicted uncertainity -0.6497
INFO:__main__:Completed epoch 84 of 100

INFO:__main__:NLL: -0.0024, L2: 0.0265, Reg: 0.0057
INFO:__main__:Total loss 0.0298
INFO:__main__:Predicted mean: -0.3381
INFO:__main__:Predicted uncertainity -0.7622
INFO:__main__:Completed epoch 85 of 100

INFO:__main__:NLL: 0.0146, L2: 0.0269, Reg: 0.0057
INFO:__main__:Total loss 0.0472
INFO:__main__:Predicted mean: -0.3324
INFO:__main__:Predicted uncertainity -0.7971
INFO:__main__:Completed epoch 86 of 100

INFO:__main__:NLL: 0.0361, L2: 0.0254, Reg: 0.0057
INFO:__main__:Total loss 0.0672
INFO:__main__:Predicted mean: -0.3933
INFO:__main__:Predicted uncertainity -0.7369
INFO:__main__:Completed epoch 87 of 100

INFO:__main__:NLL: 0.2177, L2: 0.0251, Reg: 0.0057
INFO:__main__:Total loss 0.2484
INFO:__main__:Predicted mean: -0.3278
INFO:__main__:Predicted uncertainity -0.8151
INFO:__main__:Completed epoch 88 of 100

INFO:__main__:NLL: 0.3072, L2: 0.0264, Reg: 0.0057
INFO:__main__:Total loss 0.3394
INFO:__main__:Predicted mean: -0.3433
INFO:__main__:Predicted uncertainity -0.7488
INFO:__main__:Completed epoch 89 of 100

INFO:__main__:NLL: 0.1471, L2: 0.0253, Reg: 0.0057
INFO:__main__:Total loss 0.1781
INFO:__main__:Predicted mean: -0.3496
INFO:__main__:Predicted uncertainity -0.7063
INFO:__main__:Completed epoch 90 of 100

INFO:__main__:NLL: 0.0766, L2: 0.0268, Reg: 0.0057
INFO:__main__:Total loss 0.1091
INFO:__main__:Predicted mean: -0.3198
INFO:__main__:Predicted uncertainity -0.7080
INFO:__main__:Completed epoch 91 of 100

INFO:__main__:NLL: 0.1007, L2: 0.0262, Reg: 0.0057
INFO:__main__:Total loss 0.1327
INFO:__main__:Predicted mean: -0.3597
INFO:__main__:Predicted uncertainity -0.7333
INFO:__main__:Completed epoch 92 of 100

INFO:__main__:NLL: 0.1993, L2: 0.0270, Reg: 0.0057
INFO:__main__:Total loss 0.2320
INFO:__main__:Predicted mean: -0.3319
INFO:__main__:Predicted uncertainity -0.8049
INFO:__main__:Completed epoch 93 of 100

INFO:__main__:NLL: 0.1621, L2: 0.0285, Reg: 0.0057
INFO:__main__:Total loss 0.1963
INFO:__main__:Predicted mean: -0.3855
INFO:__main__:Predicted uncertainity -0.8864
INFO:__main__:Completed epoch 94 of 100

INFO:__main__:NLL: 0.1509, L2: 0.0262, Reg: 0.0057
INFO:__main__:Total loss 0.1828
INFO:__main__:Predicted mean: -0.3539
INFO:__main__:Predicted uncertainity -0.8098
INFO:__main__:Completed epoch 95 of 100

INFO:__main__:NLL: 0.2166, L2: 0.0267, Reg: 0.0057
INFO:__main__:Total loss 0.2490
INFO:__main__:Predicted mean: -0.3842
INFO:__main__:Predicted uncertainity -0.7573
INFO:__main__:Completed epoch 96 of 100

INFO:__main__:NLL: 0.1394, L2: 0.0272, Reg: 0.0057
INFO:__main__:Total loss 0.1723
INFO:__main__:Predicted mean: -0.3595
INFO:__main__:Predicted uncertainity -0.7516
INFO:__main__:Completed epoch 97 of 100

INFO:__main__:NLL: -0.0180, L2: 0.0278, Reg: 0.0057
INFO:__main__:Total loss 0.0155
INFO:__main__:Predicted mean: -0.3084
INFO:__main__:Predicted uncertainity -0.7067
INFO:__main__:Completed epoch 98 of 100

INFO:__main__:NLL: -0.0184, L2: 0.0271, Reg: 0.0057
INFO:__main__:Total loss 0.0143
INFO:__main__:Predicted mean: -0.3660
INFO:__main__:Predicted uncertainity -0.8350
INFO:__main__:Completed epoch 99 of 100

INFO:__main__:NLL: 0.1032, L2: 0.0276, Reg: 0.0057
INFO:__main__:Total loss 0.1365
INFO:__main__:Predicted mean: -0.4000
INFO:__main__:Predicted uncertainity -0.7284
INFO:__main__:Completed epoch 100 of 100

INFO:__main__:661.339440 s
