INFO:__main__:PROCESS RUNNING ON cpu
INFO:__main__:NLL: 0.1182, L2: 0.0614, Reg: 0.0089
INFO:__main__:Total loss 0.1885
INFO:__main__:Predicted mean: -0.5419
INFO:__main__:Predicted uncertainity -0.7784
INFO:__main__:Completed epoch 1 of 100

INFO:__main__:NLL: 0.2226, L2: 0.0532, Reg: 0.0054
INFO:__main__:Total loss 0.2812
INFO:__main__:Predicted mean: -0.5088
INFO:__main__:Predicted uncertainity -0.5878
INFO:__main__:Completed epoch 2 of 100

INFO:__main__:NLL: 0.1604, L2: 0.0447, Reg: 0.0047
INFO:__main__:Total loss 0.2098
INFO:__main__:Predicted mean: -0.4485
INFO:__main__:Predicted uncertainity -0.6984
INFO:__main__:Completed epoch 3 of 100

INFO:__main__:NLL: 0.1079, L2: 0.0515, Reg: 0.0064
INFO:__main__:Total loss 0.1659
INFO:__main__:Predicted mean: -0.5330
INFO:__main__:Predicted uncertainity -0.7344
INFO:__main__:Completed epoch 4 of 100

INFO:__main__:NLL: 0.1434, L2: 0.0462, Reg: 0.0049
INFO:__main__:Total loss 0.1945
INFO:__main__:Predicted mean: -0.4558
INFO:__main__:Predicted uncertainity -0.6898
INFO:__main__:Completed epoch 5 of 100

INFO:__main__:NLL: 0.0405, L2: 0.0539, Reg: 0.0057
INFO:__main__:Total loss 0.1000
INFO:__main__:Predicted mean: -0.4395
INFO:__main__:Predicted uncertainity -0.6734
INFO:__main__:Completed epoch 6 of 100

INFO:__main__:NLL: 0.1213, L2: 0.0431, Reg: 0.0045
INFO:__main__:Total loss 0.1689
INFO:__main__:Predicted mean: -0.4287
INFO:__main__:Predicted uncertainity -0.5398
INFO:__main__:Completed epoch 7 of 100

INFO:__main__:NLL: 0.2680, L2: 0.0531, Reg: 0.0068
INFO:__main__:Total loss 0.3280
INFO:__main__:Predicted mean: -0.4334
INFO:__main__:Predicted uncertainity -0.7196
INFO:__main__:Completed epoch 8 of 100

INFO:__main__:NLL: 0.1035, L2: 0.0552, Reg: 0.0053
INFO:__main__:Total loss 0.1640
INFO:__main__:Predicted mean: -0.4679
INFO:__main__:Predicted uncertainity -0.7378
INFO:__main__:Completed epoch 9 of 100

INFO:__main__:NLL: 0.2647, L2: 0.0514, Reg: 0.0058
INFO:__main__:Total loss 0.3219
INFO:__main__:Predicted mean: -0.4618
INFO:__main__:Predicted uncertainity -0.6920
INFO:__main__:Completed epoch 10 of 100

INFO:__main__:NLL: 0.1839, L2: 0.0512, Reg: 0.0061
INFO:__main__:Total loss 0.2411
INFO:__main__:Predicted mean: -0.5013
INFO:__main__:Predicted uncertainity -0.7515
INFO:__main__:Completed epoch 11 of 100

INFO:__main__:NLL: 0.2463, L2: 0.0506, Reg: 0.0051
INFO:__main__:Total loss 0.3020
INFO:__main__:Predicted mean: -0.4343
INFO:__main__:Predicted uncertainity -0.6528
INFO:__main__:Completed epoch 12 of 100

INFO:__main__:NLL: 0.0553, L2: 0.0533, Reg: 0.0063
INFO:__main__:Total loss 0.1149
INFO:__main__:Predicted mean: -0.4389
INFO:__main__:Predicted uncertainity -0.7547
INFO:__main__:Completed epoch 13 of 100

INFO:__main__:NLL: 0.1073, L2: 0.0470, Reg: 0.0054
INFO:__main__:Total loss 0.1597
INFO:__main__:Predicted mean: -0.4305
INFO:__main__:Predicted uncertainity -0.7358
INFO:__main__:Completed epoch 14 of 100

INFO:__main__:NLL: 0.0884, L2: 0.0495, Reg: 0.0051
INFO:__main__:Total loss 0.1430
INFO:__main__:Predicted mean: -0.4026
INFO:__main__:Predicted uncertainity -0.6430
INFO:__main__:Completed epoch 15 of 100

INFO:__main__:NLL: 0.1395, L2: 0.0491, Reg: 0.0055
INFO:__main__:Total loss 0.1942
INFO:__main__:Predicted mean: -0.4526
INFO:__main__:Predicted uncertainity -0.6852
INFO:__main__:Completed epoch 16 of 100

INFO:__main__:NLL: 0.0755, L2: 0.0520, Reg: 0.0051
INFO:__main__:Total loss 0.1326
INFO:__main__:Predicted mean: -0.4480
INFO:__main__:Predicted uncertainity -0.7424
INFO:__main__:Completed epoch 17 of 100

INFO:__main__:NLL: 0.1484, L2: 0.0533, Reg: 0.0069
INFO:__main__:Total loss 0.2086
INFO:__main__:Predicted mean: -0.4462
INFO:__main__:Predicted uncertainity -0.7105
INFO:__main__:Completed epoch 18 of 100

INFO:__main__:NLL: 0.1852, L2: 0.0473, Reg: 0.0048
INFO:__main__:Total loss 0.2373
INFO:__main__:Predicted mean: -0.4666
INFO:__main__:Predicted uncertainity -0.6421
INFO:__main__:Completed epoch 19 of 100

INFO:__main__:NLL: 0.0843, L2: 0.0535, Reg: 0.0069
INFO:__main__:Total loss 0.1446
INFO:__main__:Predicted mean: -0.4503
INFO:__main__:Predicted uncertainity -0.7354
INFO:__main__:Completed epoch 20 of 100

INFO:__main__:NLL: 0.1434, L2: 0.0517, Reg: 0.0047
INFO:__main__:Total loss 0.1998
INFO:__main__:Predicted mean: -0.4973
INFO:__main__:Predicted uncertainity -0.6104
INFO:__main__:Completed epoch 21 of 100

INFO:__main__:NLL: 0.0459, L2: 0.0509, Reg: 0.0054
INFO:__main__:Total loss 0.1021
INFO:__main__:Predicted mean: -0.4353
INFO:__main__:Predicted uncertainity -0.6689
INFO:__main__:Completed epoch 22 of 100

INFO:__main__:NLL: 0.2561, L2: 0.0566, Reg: 0.0071
INFO:__main__:Total loss 0.3199
INFO:__main__:Predicted mean: -0.4924
INFO:__main__:Predicted uncertainity -0.7754
INFO:__main__:Completed epoch 23 of 100

INFO:__main__:NLL: 0.1130, L2: 0.0491, Reg: 0.0051
INFO:__main__:Total loss 0.1673
INFO:__main__:Predicted mean: -0.4086
INFO:__main__:Predicted uncertainity -0.6128
INFO:__main__:Completed epoch 24 of 100

INFO:__main__:NLL: 0.1892, L2: 0.0416, Reg: 0.0040
INFO:__main__:Total loss 0.2349
INFO:__main__:Predicted mean: -0.4045
INFO:__main__:Predicted uncertainity -0.5676
INFO:__main__:Completed epoch 25 of 100

INFO:__main__:NLL: 0.3273, L2: 0.0469, Reg: 0.0051
INFO:__main__:Total loss 0.3792
INFO:__main__:Predicted mean: -0.4277
INFO:__main__:Predicted uncertainity -0.6352
INFO:__main__:Completed epoch 26 of 100

INFO:__main__:NLL: 0.1616, L2: 0.0464, Reg: 0.0048
INFO:__main__:Total loss 0.2128
INFO:__main__:Predicted mean: -0.4060
INFO:__main__:Predicted uncertainity -0.6192
INFO:__main__:Completed epoch 27 of 100

INFO:__main__:NLL: 0.1335, L2: 0.0505, Reg: 0.0057
INFO:__main__:Total loss 0.1896
INFO:__main__:Predicted mean: -0.4565
INFO:__main__:Predicted uncertainity -0.7419
INFO:__main__:Completed epoch 28 of 100

INFO:__main__:NLL: 0.1263, L2: 0.0478, Reg: 0.0049
INFO:__main__:Total loss 0.1790
INFO:__main__:Predicted mean: -0.4400
INFO:__main__:Predicted uncertainity -0.6904
INFO:__main__:Completed epoch 29 of 100

INFO:__main__:NLL: 0.1536, L2: 0.0479, Reg: 0.0040
INFO:__main__:Total loss 0.2055
INFO:__main__:Predicted mean: -0.4399
INFO:__main__:Predicted uncertainity -0.6171
INFO:__main__:Completed epoch 30 of 100

INFO:__main__:NLL: 0.0802, L2: 0.0491, Reg: 0.0048
INFO:__main__:Total loss 0.1340
INFO:__main__:Predicted mean: -0.4829
INFO:__main__:Predicted uncertainity -0.6401
INFO:__main__:Completed epoch 31 of 100

INFO:__main__:NLL: 0.1203, L2: 0.0471, Reg: 0.0044
INFO:__main__:Total loss 0.1718
INFO:__main__:Predicted mean: -0.4571
INFO:__main__:Predicted uncertainity -0.5563
INFO:__main__:Completed epoch 32 of 100

INFO:__main__:NLL: 0.1361, L2: 0.0617, Reg: 0.0069
INFO:__main__:Total loss 0.2047
INFO:__main__:Predicted mean: -0.4873
INFO:__main__:Predicted uncertainity -0.7783
INFO:__main__:Completed epoch 33 of 100

INFO:__main__:NLL: 0.1788, L2: 0.0511, Reg: 0.0055
INFO:__main__:Total loss 0.2354
INFO:__main__:Predicted mean: -0.4886
INFO:__main__:Predicted uncertainity -0.6706
INFO:__main__:Completed epoch 34 of 100

INFO:__main__:NLL: 0.1477, L2: 0.0552, Reg: 0.0067
INFO:__main__:Total loss 0.2096
INFO:__main__:Predicted mean: -0.4252
INFO:__main__:Predicted uncertainity -0.7868
INFO:__main__:Completed epoch 35 of 100

INFO:__main__:NLL: 0.1388, L2: 0.0530, Reg: 0.0060
INFO:__main__:Total loss 0.1978
INFO:__main__:Predicted mean: -0.4954
INFO:__main__:Predicted uncertainity -0.7360
INFO:__main__:Completed epoch 36 of 100

INFO:__main__:NLL: 0.2420, L2: 0.0448, Reg: 0.0047
INFO:__main__:Total loss 0.2915
INFO:__main__:Predicted mean: -0.4617
INFO:__main__:Predicted uncertainity -0.6163
INFO:__main__:Completed epoch 37 of 100

INFO:__main__:NLL: 0.1208, L2: 0.0500, Reg: 0.0054
INFO:__main__:Total loss 0.1761
INFO:__main__:Predicted mean: -0.4829
INFO:__main__:Predicted uncertainity -0.6942
INFO:__main__:Completed epoch 38 of 100

INFO:__main__:NLL: 0.0727, L2: 0.0522, Reg: 0.0056
INFO:__main__:Total loss 0.1304
INFO:__main__:Predicted mean: -0.4921
INFO:__main__:Predicted uncertainity -0.8193
INFO:__main__:Completed epoch 39 of 100

INFO:__main__:NLL: 0.1161, L2: 0.0476, Reg: 0.0053
INFO:__main__:Total loss 0.1691
INFO:__main__:Predicted mean: -0.4424
INFO:__main__:Predicted uncertainity -0.6209
INFO:__main__:Completed epoch 40 of 100

INFO:__main__:NLL: 0.1674, L2: 0.0505, Reg: 0.0058
INFO:__main__:Total loss 0.2237
INFO:__main__:Predicted mean: -0.4369
INFO:__main__:Predicted uncertainity -0.7033
INFO:__main__:Completed epoch 41 of 100

INFO:__main__:NLL: 0.3172, L2: 0.0514, Reg: 0.0055
INFO:__main__:Total loss 0.3741
INFO:__main__:Predicted mean: -0.4824
INFO:__main__:Predicted uncertainity -0.7463
INFO:__main__:Completed epoch 42 of 100

INFO:__main__:NLL: 0.1392, L2: 0.0492, Reg: 0.0052
INFO:__main__:Total loss 0.1935
INFO:__main__:Predicted mean: -0.5078
INFO:__main__:Predicted uncertainity -0.6504
INFO:__main__:Completed epoch 43 of 100

INFO:__main__:NLL: 0.1412, L2: 0.0525, Reg: 0.0054
INFO:__main__:Total loss 0.1991
INFO:__main__:Predicted mean: -0.4642
INFO:__main__:Predicted uncertainity -0.7552
INFO:__main__:Completed epoch 44 of 100

INFO:__main__:NLL: 0.1640, L2: 0.0463, Reg: 0.0053
INFO:__main__:Total loss 0.2157
INFO:__main__:Predicted mean: -0.3844
INFO:__main__:Predicted uncertainity -0.6834
INFO:__main__:Completed epoch 45 of 100

INFO:__main__:NLL: 0.3390, L2: 0.0511, Reg: 0.0054
INFO:__main__:Total loss 0.3954
INFO:__main__:Predicted mean: -0.4434
INFO:__main__:Predicted uncertainity -0.6885
INFO:__main__:Completed epoch 46 of 100

INFO:__main__:NLL: 0.1747, L2: 0.0580, Reg: 0.0077
INFO:__main__:Total loss 0.2405
INFO:__main__:Predicted mean: -0.5416
INFO:__main__:Predicted uncertainity -0.7642
INFO:__main__:Completed epoch 47 of 100

INFO:__main__:NLL: 0.2365, L2: 0.0472, Reg: 0.0056
INFO:__main__:Total loss 0.2892
INFO:__main__:Predicted mean: -0.4177
INFO:__main__:Predicted uncertainity -0.6674
INFO:__main__:Completed epoch 48 of 100

INFO:__main__:NLL: 0.1217, L2: 0.0579, Reg: 0.0065
INFO:__main__:Total loss 0.1860
INFO:__main__:Predicted mean: -0.5131
INFO:__main__:Predicted uncertainity -0.7489
INFO:__main__:Completed epoch 49 of 100

INFO:__main__:NLL: 0.1296, L2: 0.0430, Reg: 0.0040
INFO:__main__:Total loss 0.1766
INFO:__main__:Predicted mean: -0.4550
INFO:__main__:Predicted uncertainity -0.6415
INFO:__main__:Completed epoch 50 of 100

INFO:__main__:NLL: 0.1378, L2: 0.0525, Reg: 0.0068
INFO:__main__:Total loss 0.1971
INFO:__main__:Predicted mean: -0.4762
INFO:__main__:Predicted uncertainity -0.8037
INFO:__main__:Completed epoch 51 of 100

INFO:__main__:NLL: 0.0979, L2: 0.0470, Reg: 0.0055
INFO:__main__:Total loss 0.1503
INFO:__main__:Predicted mean: -0.4194
INFO:__main__:Predicted uncertainity -0.6826
INFO:__main__:Completed epoch 52 of 100

INFO:__main__:NLL: 0.2541, L2: 0.0521, Reg: 0.0063
INFO:__main__:Total loss 0.3125
INFO:__main__:Predicted mean: -0.4839
INFO:__main__:Predicted uncertainity -0.8516
INFO:__main__:Completed epoch 53 of 100

INFO:__main__:NLL: 0.1151, L2: 0.0475, Reg: 0.0047
INFO:__main__:Total loss 0.1673
INFO:__main__:Predicted mean: -0.4180
INFO:__main__:Predicted uncertainity -0.6397
INFO:__main__:Completed epoch 54 of 100

INFO:__main__:NLL: 0.1561, L2: 0.0497, Reg: 0.0057
INFO:__main__:Total loss 0.2116
INFO:__main__:Predicted mean: -0.4458
INFO:__main__:Predicted uncertainity -0.7483
INFO:__main__:Completed epoch 55 of 100

INFO:__main__:NLL: 0.1867, L2: 0.0514, Reg: 0.0062
INFO:__main__:Total loss 0.2442
INFO:__main__:Predicted mean: -0.4515
INFO:__main__:Predicted uncertainity -0.7166
INFO:__main__:Completed epoch 56 of 100

INFO:__main__:NLL: 0.1318, L2: 0.0539, Reg: 0.0060
INFO:__main__:Total loss 0.1917
INFO:__main__:Predicted mean: -0.4588
INFO:__main__:Predicted uncertainity -0.7095
INFO:__main__:Completed epoch 57 of 100

INFO:__main__:NLL: 0.2758, L2: 0.0574, Reg: 0.0078
INFO:__main__:Total loss 0.3410
INFO:__main__:Predicted mean: -0.5035
INFO:__main__:Predicted uncertainity -0.7889
INFO:__main__:Completed epoch 58 of 100

INFO:__main__:NLL: 0.1410, L2: 0.0461, Reg: 0.0046
INFO:__main__:Total loss 0.1917
INFO:__main__:Predicted mean: -0.4227
INFO:__main__:Predicted uncertainity -0.5882
INFO:__main__:Completed epoch 59 of 100

INFO:__main__:NLL: 0.1045, L2: 0.0532, Reg: 0.0058
INFO:__main__:Total loss 0.1635
INFO:__main__:Predicted mean: -0.4168
INFO:__main__:Predicted uncertainity -0.6110
INFO:__main__:Completed epoch 60 of 100

INFO:__main__:NLL: 0.0825, L2: 0.0494, Reg: 0.0049
INFO:__main__:Total loss 0.1368
INFO:__main__:Predicted mean: -0.4476
INFO:__main__:Predicted uncertainity -0.6549
INFO:__main__:Completed epoch 61 of 100

INFO:__main__:NLL: 0.1942, L2: 0.0440, Reg: 0.0046
INFO:__main__:Total loss 0.2428
INFO:__main__:Predicted mean: -0.4214
INFO:__main__:Predicted uncertainity -0.6977
INFO:__main__:Completed epoch 62 of 100

INFO:__main__:NLL: 0.4646, L2: 0.0606, Reg: 0.0082
INFO:__main__:Total loss 0.5334
INFO:__main__:Predicted mean: -0.4933
INFO:__main__:Predicted uncertainity -0.8230
INFO:__main__:Completed epoch 63 of 100

INFO:__main__:NLL: 0.1492, L2: 0.0587, Reg: 0.0070
INFO:__main__:Total loss 0.2149
INFO:__main__:Predicted mean: -0.5446
INFO:__main__:Predicted uncertainity -0.6905
INFO:__main__:Completed epoch 64 of 100

INFO:__main__:NLL: 0.0505, L2: 0.0511, Reg: 0.0057
INFO:__main__:Total loss 0.1072
INFO:__main__:Predicted mean: -0.4605
INFO:__main__:Predicted uncertainity -0.7304
INFO:__main__:Completed epoch 65 of 100

INFO:__main__:NLL: 0.1689, L2: 0.0512, Reg: 0.0062
INFO:__main__:Total loss 0.2264
INFO:__main__:Predicted mean: -0.4412
INFO:__main__:Predicted uncertainity -0.7022
INFO:__main__:Completed epoch 66 of 100

INFO:__main__:NLL: 0.1123, L2: 0.0566, Reg: 0.0075
INFO:__main__:Total loss 0.1763
INFO:__main__:Predicted mean: -0.5331
INFO:__main__:Predicted uncertainity -0.7994
INFO:__main__:Completed epoch 67 of 100

INFO:__main__:NLL: 0.1778, L2: 0.0539, Reg: 0.0066
INFO:__main__:Total loss 0.2383
INFO:__main__:Predicted mean: -0.4941
INFO:__main__:Predicted uncertainity -0.7755
INFO:__main__:Completed epoch 68 of 100

INFO:__main__:NLL: 0.1408, L2: 0.0539, Reg: 0.0058
INFO:__main__:Total loss 0.2004
INFO:__main__:Predicted mean: -0.4298
INFO:__main__:Predicted uncertainity -0.7162
INFO:__main__:Completed epoch 69 of 100

INFO:__main__:NLL: 0.1043, L2: 0.0465, Reg: 0.0038
INFO:__main__:Total loss 0.1546
INFO:__main__:Predicted mean: -0.4560
INFO:__main__:Predicted uncertainity -0.6447
INFO:__main__:Completed epoch 70 of 100

INFO:__main__:NLL: 0.2050, L2: 0.0453, Reg: 0.0044
INFO:__main__:Total loss 0.2546
INFO:__main__:Predicted mean: -0.4110
INFO:__main__:Predicted uncertainity -0.6425
INFO:__main__:Completed epoch 71 of 100

INFO:__main__:NLL: 0.1468, L2: 0.0493, Reg: 0.0059
INFO:__main__:Total loss 0.2020
INFO:__main__:Predicted mean: -0.4326
INFO:__main__:Predicted uncertainity -0.6432
INFO:__main__:Completed epoch 72 of 100

INFO:__main__:NLL: 0.0811, L2: 0.0496, Reg: 0.0049
INFO:__main__:Total loss 0.1356
INFO:__main__:Predicted mean: -0.4276
INFO:__main__:Predicted uncertainity -0.6350
INFO:__main__:Completed epoch 73 of 100

INFO:__main__:NLL: 0.0847, L2: 0.0481, Reg: 0.0038
INFO:__main__:Total loss 0.1366
INFO:__main__:Predicted mean: -0.4451
INFO:__main__:Predicted uncertainity -0.6167
INFO:__main__:Completed epoch 74 of 100

INFO:__main__:NLL: 0.2011, L2: 0.0501, Reg: 0.0051
INFO:__main__:Total loss 0.2563
INFO:__main__:Predicted mean: -0.4624
INFO:__main__:Predicted uncertainity -0.6390
INFO:__main__:Completed epoch 75 of 100

INFO:__main__:NLL: 0.1118, L2: 0.0499, Reg: 0.0058
INFO:__main__:Total loss 0.1675
INFO:__main__:Predicted mean: -0.4613
INFO:__main__:Predicted uncertainity -0.6296
INFO:__main__:Completed epoch 76 of 100

INFO:__main__:NLL: 0.1555, L2: 0.0482, Reg: 0.0048
INFO:__main__:Total loss 0.2085
INFO:__main__:Predicted mean: -0.4421
INFO:__main__:Predicted uncertainity -0.5638
INFO:__main__:Completed epoch 77 of 100

INFO:__main__:NLL: 0.0989, L2: 0.0525, Reg: 0.0051
INFO:__main__:Total loss 0.1565
INFO:__main__:Predicted mean: -0.4909
INFO:__main__:Predicted uncertainity -0.5680
INFO:__main__:Completed epoch 78 of 100

INFO:__main__:NLL: 0.0868, L2: 0.0487, Reg: 0.0053
INFO:__main__:Total loss 0.1407
INFO:__main__:Predicted mean: -0.4026
INFO:__main__:Predicted uncertainity -0.7200
INFO:__main__:Completed epoch 79 of 100

INFO:__main__:NLL: 0.0840, L2: 0.0485, Reg: 0.0049
INFO:__main__:Total loss 0.1373
INFO:__main__:Predicted mean: -0.4091
INFO:__main__:Predicted uncertainity -0.7052
INFO:__main__:Completed epoch 80 of 100

INFO:__main__:NLL: 0.1671, L2: 0.0505, Reg: 0.0059
INFO:__main__:Total loss 0.2235
INFO:__main__:Predicted mean: -0.4163
INFO:__main__:Predicted uncertainity -0.7031
INFO:__main__:Completed epoch 81 of 100

INFO:__main__:NLL: 0.1802, L2: 0.0468, Reg: 0.0054
INFO:__main__:Total loss 0.2324
INFO:__main__:Predicted mean: -0.4093
INFO:__main__:Predicted uncertainity -0.6469
INFO:__main__:Completed epoch 82 of 100

INFO:__main__:NLL: 0.1929, L2: 0.0437, Reg: 0.0049
INFO:__main__:Total loss 0.2414
INFO:__main__:Predicted mean: -0.4045
INFO:__main__:Predicted uncertainity -0.6691
INFO:__main__:Completed epoch 83 of 100

INFO:__main__:NLL: 0.1115, L2: 0.0432, Reg: 0.0042
INFO:__main__:Total loss 0.1589
INFO:__main__:Predicted mean: -0.4317
INFO:__main__:Predicted uncertainity -0.6514
INFO:__main__:Completed epoch 84 of 100

INFO:__main__:NLL: 0.1587, L2: 0.0465, Reg: 0.0045
INFO:__main__:Total loss 0.2097
INFO:__main__:Predicted mean: -0.4646
INFO:__main__:Predicted uncertainity -0.5734
INFO:__main__:Completed epoch 85 of 100

INFO:__main__:NLL: 0.1238, L2: 0.0566, Reg: 0.0076
INFO:__main__:Total loss 0.1879
INFO:__main__:Predicted mean: -0.4447
INFO:__main__:Predicted uncertainity -0.6709
INFO:__main__:Completed epoch 86 of 100

INFO:__main__:NLL: 0.1254, L2: 0.0570, Reg: 0.0076
INFO:__main__:Total loss 0.1900
INFO:__main__:Predicted mean: -0.4842
INFO:__main__:Predicted uncertainity -0.7664
INFO:__main__:Completed epoch 87 of 100

INFO:__main__:NLL: 0.3043, L2: 0.0486, Reg: 0.0047
INFO:__main__:Total loss 0.3576
INFO:__main__:Predicted mean: -0.4597
INFO:__main__:Predicted uncertainity -0.6853
INFO:__main__:Completed epoch 88 of 100

INFO:__main__:NLL: 0.3239, L2: 0.0502, Reg: 0.0050
INFO:__main__:Total loss 0.3791
INFO:__main__:Predicted mean: -0.4253
INFO:__main__:Predicted uncertainity -0.7252
INFO:__main__:Completed epoch 89 of 100

INFO:__main__:NLL: 0.1808, L2: 0.0519, Reg: 0.0065
INFO:__main__:Total loss 0.2392
INFO:__main__:Predicted mean: -0.4315
INFO:__main__:Predicted uncertainity -0.7020
INFO:__main__:Completed epoch 90 of 100

INFO:__main__:NLL: 0.2037, L2: 0.0571, Reg: 0.0070
INFO:__main__:Total loss 0.2678
INFO:__main__:Predicted mean: -0.4372
INFO:__main__:Predicted uncertainity -0.5929
INFO:__main__:Completed epoch 91 of 100

INFO:__main__:NLL: 0.0248, L2: 0.0572, Reg: 0.0071
INFO:__main__:Total loss 0.0890
INFO:__main__:Predicted mean: -0.4527
INFO:__main__:Predicted uncertainity -0.6420
INFO:__main__:Completed epoch 92 of 100

INFO:__main__:NLL: 0.2326, L2: 0.0480, Reg: 0.0056
INFO:__main__:Total loss 0.2861
INFO:__main__:Predicted mean: -0.4311
INFO:__main__:Predicted uncertainity -0.7032
INFO:__main__:Completed epoch 93 of 100

INFO:__main__:NLL: 0.2904, L2: 0.0566, Reg: 0.0068
INFO:__main__:Total loss 0.3537
INFO:__main__:Predicted mean: -0.4555
INFO:__main__:Predicted uncertainity -0.7944
INFO:__main__:Completed epoch 94 of 100

INFO:__main__:NLL: 0.1622, L2: 0.0487, Reg: 0.0057
INFO:__main__:Total loss 0.2166
INFO:__main__:Predicted mean: -0.3935
INFO:__main__:Predicted uncertainity -0.6751
INFO:__main__:Completed epoch 95 of 100

INFO:__main__:NLL: 0.2205, L2: 0.0483, Reg: 0.0051
INFO:__main__:Total loss 0.2739
INFO:__main__:Predicted mean: -0.4298
INFO:__main__:Predicted uncertainity -0.6801
INFO:__main__:Completed epoch 96 of 100

INFO:__main__:NLL: 0.1830, L2: 0.0515, Reg: 0.0057
INFO:__main__:Total loss 0.2401
INFO:__main__:Predicted mean: -0.4255
INFO:__main__:Predicted uncertainity -0.6241
INFO:__main__:Completed epoch 97 of 100

INFO:__main__:NLL: 0.0644, L2: 0.0487, Reg: 0.0046
INFO:__main__:Total loss 0.1178
INFO:__main__:Predicted mean: -0.4492
INFO:__main__:Predicted uncertainity -0.6967
INFO:__main__:Completed epoch 98 of 100

INFO:__main__:NLL: 0.1372, L2: 0.0510, Reg: 0.0058
INFO:__main__:Total loss 0.1939
INFO:__main__:Predicted mean: -0.4739
INFO:__main__:Predicted uncertainity -0.7364
INFO:__main__:Completed epoch 99 of 100

INFO:__main__:NLL: 0.2210, L2: 0.0481, Reg: 0.0052
INFO:__main__:Total loss 0.2743
INFO:__main__:Predicted mean: -0.4348
INFO:__main__:Predicted uncertainity -0.7435
INFO:__main__:Completed epoch 100 of 100

INFO:__main__:1025.192343 s
