INFO:__main__:PROCESS RUNNING ON cpu
INFO:__main__:NLL: 0.3104, L2: 0.0003, Reg: 0.2734
INFO:__main__:Total loss 0.5841
INFO:__main__:Predicted mean: -0.0016
INFO:__main__:Predicted uncertainity -0.0007
INFO:__main__:Completed epoch 1 of 100

INFO:__main__:NLL: 0.3105, L2: 0.0002, Reg: 0.2733
INFO:__main__:Total loss 0.5841
INFO:__main__:Predicted mean: -0.0014
INFO:__main__:Predicted uncertainity -0.0003
INFO:__main__:Completed epoch 2 of 100

INFO:__main__:NLL: 0.3104, L2: 0.0045, Reg: 0.2734
INFO:__main__:Total loss 0.5883
INFO:__main__:Predicted mean: -0.0020
INFO:__main__:Predicted uncertainity -0.0008
INFO:__main__:Completed epoch 3 of 100

INFO:__main__:NLL: 0.3103, L2: 0.0013, Reg: 0.2733
INFO:__main__:Total loss 0.5849
INFO:__main__:Predicted mean: -0.0024
INFO:__main__:Predicted uncertainity -0.0005
INFO:__main__:Completed epoch 4 of 100

INFO:__main__:NLL: 0.3104, L2: 0.0024, Reg: 0.2733
INFO:__main__:Total loss 0.5861
INFO:__main__:Predicted mean: -0.0019
INFO:__main__:Predicted uncertainity -0.0008
INFO:__main__:Completed epoch 5 of 100

INFO:__main__:NLL: 0.3104, L2: 0.0024, Reg: 0.2733
INFO:__main__:Total loss 0.5861
INFO:__main__:Predicted mean: -0.0022
INFO:__main__:Predicted uncertainity -0.0005
INFO:__main__:Completed epoch 6 of 100

INFO:__main__:NLL: 0.3104, L2: 0.0054, Reg: 0.2734
INFO:__main__:Total loss 0.5892
INFO:__main__:Predicted mean: -0.0019
INFO:__main__:Predicted uncertainity -0.0006
INFO:__main__:Completed epoch 7 of 100

INFO:__main__:NLL: 0.3104, L2: 0.0066, Reg: 0.2733
INFO:__main__:Total loss 0.5903
INFO:__main__:Predicted mean: -0.0024
INFO:__main__:Predicted uncertainity -0.0001
INFO:__main__:Completed epoch 8 of 100

INFO:__main__:NLL: 0.3104, L2: 0.0080, Reg: 0.2733
INFO:__main__:Total loss 0.5917
INFO:__main__:Predicted mean: -0.0028
INFO:__main__:Predicted uncertainity 0.0001
INFO:__main__:Completed epoch 9 of 100

INFO:__main__:NLL: 0.3104, L2: 0.0106, Reg: 0.2733
INFO:__main__:Total loss 0.5943
INFO:__main__:Predicted mean: -0.0027
INFO:__main__:Predicted uncertainity 0.0001
INFO:__main__:Completed epoch 10 of 100

INFO:__main__:NLL: 0.3103, L2: 0.0141, Reg: 0.2734
INFO:__main__:Total loss 0.5978
INFO:__main__:Predicted mean: -0.0032
INFO:__main__:Predicted uncertainity 0.0000
INFO:__main__:Completed epoch 11 of 100

INFO:__main__:NLL: 0.3102, L2: 0.0185, Reg: 0.2733
INFO:__main__:Total loss 0.6020
INFO:__main__:Predicted mean: -0.0035
INFO:__main__:Predicted uncertainity 0.0000
INFO:__main__:Completed epoch 12 of 100

INFO:__main__:NLL: 0.3102, L2: 0.0232, Reg: 0.2734
INFO:__main__:Total loss 0.6068
INFO:__main__:Predicted mean: -0.0036
INFO:__main__:Predicted uncertainity -0.0000
INFO:__main__:Completed epoch 13 of 100

INFO:__main__:NLL: 0.3102, L2: 0.0148, Reg: 0.2733
INFO:__main__:Total loss 0.5984
INFO:__main__:Predicted mean: -0.0036
INFO:__main__:Predicted uncertainity -0.0000
INFO:__main__:Completed epoch 14 of 100

INFO:__main__:NLL: 0.3102, L2: 0.0177, Reg: 0.2734
INFO:__main__:Total loss 0.6013
INFO:__main__:Predicted mean: -0.0036
INFO:__main__:Predicted uncertainity -0.0001
INFO:__main__:Completed epoch 15 of 100

INFO:__main__:NLL: 0.3102, L2: 0.0210, Reg: 0.2733
INFO:__main__:Total loss 0.6045
INFO:__main__:Predicted mean: -0.0036
INFO:__main__:Predicted uncertainity -0.0001
INFO:__main__:Completed epoch 16 of 100

INFO:__main__:NLL: 0.3102, L2: 0.0197, Reg: 0.2733
INFO:__main__:Total loss 0.6032
INFO:__main__:Predicted mean: -0.0036
INFO:__main__:Predicted uncertainity -0.0001
INFO:__main__:Completed epoch 17 of 100

INFO:__main__:NLL: 0.3102, L2: 0.0224, Reg: 0.2734
INFO:__main__:Total loss 0.6060
INFO:__main__:Predicted mean: -0.0036
INFO:__main__:Predicted uncertainity -0.0001
INFO:__main__:Completed epoch 18 of 100

INFO:__main__:NLL: 0.3102, L2: 0.0179, Reg: 0.2734
INFO:__main__:Total loss 0.6015
INFO:__main__:Predicted mean: -0.0036
INFO:__main__:Predicted uncertainity -0.0001
INFO:__main__:Completed epoch 19 of 100

INFO:__main__:NLL: 0.3102, L2: 0.0208, Reg: 0.2733
INFO:__main__:Total loss 0.6043
INFO:__main__:Predicted mean: -0.0036
INFO:__main__:Predicted uncertainity -0.0001
INFO:__main__:Completed epoch 20 of 100

INFO:__main__:NLL: 0.3102, L2: 0.0192, Reg: 0.2733
INFO:__main__:Total loss 0.6027
INFO:__main__:Predicted mean: -0.0036
INFO:__main__:Predicted uncertainity -0.0001
INFO:__main__:Completed epoch 21 of 100

INFO:__main__:NLL: 0.3102, L2: 0.0132, Reg: 0.2734
INFO:__main__:Total loss 0.5968
INFO:__main__:Predicted mean: -0.0036
INFO:__main__:Predicted uncertainity -0.0001
INFO:__main__:Completed epoch 22 of 100

INFO:__main__:NLL: 0.3102, L2: 0.0153, Reg: 0.2734
INFO:__main__:Total loss 0.5988
INFO:__main__:Predicted mean: -0.0036
INFO:__main__:Predicted uncertainity -0.0001
INFO:__main__:Completed epoch 23 of 100

INFO:__main__:NLL: 0.3102, L2: 0.0210, Reg: 0.2734
INFO:__main__:Total loss 0.6046
INFO:__main__:Predicted mean: -0.0036
INFO:__main__:Predicted uncertainity -0.0001
INFO:__main__:Completed epoch 24 of 100

INFO:__main__:NLL: 0.3102, L2: 0.0173, Reg: 0.2734
INFO:__main__:Total loss 0.6009
INFO:__main__:Predicted mean: -0.0036
INFO:__main__:Predicted uncertainity -0.0001
INFO:__main__:Completed epoch 25 of 100

INFO:__main__:NLL: 0.3102, L2: 0.0195, Reg: 0.2734
INFO:__main__:Total loss 0.6031
INFO:__main__:Predicted mean: -0.0036
INFO:__main__:Predicted uncertainity -0.0001
INFO:__main__:Completed epoch 26 of 100

INFO:__main__:NLL: 0.3102, L2: 0.0185, Reg: 0.2734
INFO:__main__:Total loss 0.6021
INFO:__main__:Predicted mean: -0.0036
INFO:__main__:Predicted uncertainity -0.0001
INFO:__main__:Completed epoch 27 of 100

INFO:__main__:NLL: 0.3102, L2: 0.0234, Reg: 0.2734
INFO:__main__:Total loss 0.6070
INFO:__main__:Predicted mean: -0.0036
INFO:__main__:Predicted uncertainity -0.0001
INFO:__main__:Completed epoch 28 of 100

INFO:__main__:NLL: 0.3102, L2: 0.0208, Reg: 0.2734
INFO:__main__:Total loss 0.6044
INFO:__main__:Predicted mean: -0.0036
INFO:__main__:Predicted uncertainity -0.0001
INFO:__main__:Completed epoch 29 of 100

INFO:__main__:NLL: 0.3102, L2: 0.0200, Reg: 0.2734
INFO:__main__:Total loss 0.6035
INFO:__main__:Predicted mean: -0.0036
INFO:__main__:Predicted uncertainity -0.0001
INFO:__main__:Completed epoch 30 of 100

INFO:__main__:NLL: 0.3102, L2: 0.0197, Reg: 0.2735
INFO:__main__:Total loss 0.6033
INFO:__main__:Predicted mean: -0.0036
INFO:__main__:Predicted uncertainity -0.0001
INFO:__main__:Completed epoch 31 of 100

INFO:__main__:NLL: 0.3102, L2: 0.0156, Reg: 0.2734
INFO:__main__:Total loss 0.5993
INFO:__main__:Predicted mean: -0.0036
INFO:__main__:Predicted uncertainity -0.0001
INFO:__main__:Completed epoch 32 of 100

INFO:__main__:NLL: 0.3102, L2: 0.0222, Reg: 0.2733
INFO:__main__:Total loss 0.6057
INFO:__main__:Predicted mean: -0.0036
INFO:__main__:Predicted uncertainity -0.0001
INFO:__main__:Completed epoch 33 of 100

INFO:__main__:NLL: 0.3102, L2: 0.0222, Reg: 0.2734
INFO:__main__:Total loss 0.6057
INFO:__main__:Predicted mean: -0.0036
INFO:__main__:Predicted uncertainity -0.0001
INFO:__main__:Completed epoch 34 of 100

INFO:__main__:NLL: 0.3102, L2: 0.0181, Reg: 0.2733
INFO:__main__:Total loss 0.6016
INFO:__main__:Predicted mean: -0.0036
INFO:__main__:Predicted uncertainity -0.0001
INFO:__main__:Completed epoch 35 of 100

INFO:__main__:NLL: 0.3102, L2: 0.0148, Reg: 0.2733
INFO:__main__:Total loss 0.5983
INFO:__main__:Predicted mean: -0.0036
INFO:__main__:Predicted uncertainity -0.0001
INFO:__main__:Completed epoch 36 of 100

INFO:__main__:NLL: 0.3102, L2: 0.0199, Reg: 0.2734
INFO:__main__:Total loss 0.6035
INFO:__main__:Predicted mean: -0.0036
INFO:__main__:Predicted uncertainity -0.0001
INFO:__main__:Completed epoch 37 of 100

INFO:__main__:NLL: 0.3102, L2: 0.0164, Reg: 0.2733
INFO:__main__:Total loss 0.5999
INFO:__main__:Predicted mean: -0.0036
INFO:__main__:Predicted uncertainity -0.0001
INFO:__main__:Completed epoch 38 of 100

INFO:__main__:NLL: 0.3102, L2: 0.0247, Reg: 0.2733
INFO:__main__:Total loss 0.6082
INFO:__main__:Predicted mean: -0.0036
INFO:__main__:Predicted uncertainity -0.0001
INFO:__main__:Completed epoch 39 of 100

INFO:__main__:NLL: 0.3102, L2: 0.0156, Reg: 0.2734
INFO:__main__:Total loss 0.5992
INFO:__main__:Predicted mean: -0.0036
INFO:__main__:Predicted uncertainity -0.0001
INFO:__main__:Completed epoch 40 of 100

INFO:__main__:NLL: 0.3102, L2: 0.0165, Reg: 0.2734
INFO:__main__:Total loss 0.6001
INFO:__main__:Predicted mean: -0.0036
INFO:__main__:Predicted uncertainity -0.0001
INFO:__main__:Completed epoch 41 of 100

INFO:__main__:NLL: 0.3102, L2: 0.0165, Reg: 0.2734
INFO:__main__:Total loss 0.6000
INFO:__main__:Predicted mean: -0.0036
INFO:__main__:Predicted uncertainity -0.0001
INFO:__main__:Completed epoch 42 of 100

INFO:__main__:NLL: 0.3102, L2: 0.0214, Reg: 0.2733
INFO:__main__:Total loss 0.6049
INFO:__main__:Predicted mean: -0.0036
INFO:__main__:Predicted uncertainity -0.0001
INFO:__main__:Completed epoch 43 of 100

INFO:__main__:NLL: 0.3102, L2: 0.0187, Reg: 0.2733
INFO:__main__:Total loss 0.6022
INFO:__main__:Predicted mean: -0.0036
INFO:__main__:Predicted uncertainity -0.0001
INFO:__main__:Completed epoch 44 of 100

INFO:__main__:NLL: 0.3102, L2: 0.0176, Reg: 0.2733
INFO:__main__:Total loss 0.6011
INFO:__main__:Predicted mean: -0.0036
INFO:__main__:Predicted uncertainity -0.0001
INFO:__main__:Completed epoch 45 of 100

INFO:__main__:NLL: 0.3102, L2: 0.0222, Reg: 0.2734
INFO:__main__:Total loss 0.6058
INFO:__main__:Predicted mean: -0.0036
INFO:__main__:Predicted uncertainity -0.0001
INFO:__main__:Completed epoch 46 of 100

INFO:__main__:NLL: 0.3102, L2: 0.0206, Reg: 0.2733
INFO:__main__:Total loss 0.6041
INFO:__main__:Predicted mean: -0.0036
INFO:__main__:Predicted uncertainity -0.0001
INFO:__main__:Completed epoch 47 of 100

INFO:__main__:NLL: 0.3102, L2: 0.0191, Reg: 0.2734
INFO:__main__:Total loss 0.6027
INFO:__main__:Predicted mean: -0.0036
INFO:__main__:Predicted uncertainity -0.0001
INFO:__main__:Completed epoch 48 of 100

INFO:__main__:NLL: 0.3102, L2: 0.0195, Reg: 0.2733
INFO:__main__:Total loss 0.6030
INFO:__main__:Predicted mean: -0.0036
INFO:__main__:Predicted uncertainity -0.0001
INFO:__main__:Completed epoch 49 of 100

INFO:__main__:NLL: 0.3102, L2: 0.0209, Reg: 0.2734
INFO:__main__:Total loss 0.6044
INFO:__main__:Predicted mean: -0.0036
INFO:__main__:Predicted uncertainity -0.0001
INFO:__main__:Completed epoch 50 of 100

INFO:__main__:NLL: 0.3102, L2: 0.0209, Reg: 0.2733
INFO:__main__:Total loss 0.6045
INFO:__main__:Predicted mean: -0.0036
INFO:__main__:Predicted uncertainity -0.0001
INFO:__main__:Completed epoch 51 of 100

INFO:__main__:NLL: 0.3102, L2: 0.0179, Reg: 0.2734
INFO:__main__:Total loss 0.6014
INFO:__main__:Predicted mean: -0.0036
INFO:__main__:Predicted uncertainity -0.0001
INFO:__main__:Completed epoch 52 of 100

INFO:__main__:NLL: 0.3102, L2: 0.0209, Reg: 0.2734
INFO:__main__:Total loss 0.6045
INFO:__main__:Predicted mean: -0.0036
INFO:__main__:Predicted uncertainity -0.0001
INFO:__main__:Completed epoch 53 of 100

INFO:__main__:NLL: 0.3102, L2: 0.0199, Reg: 0.2734
INFO:__main__:Total loss 0.6035
INFO:__main__:Predicted mean: -0.0036
INFO:__main__:Predicted uncertainity -0.0001
INFO:__main__:Completed epoch 54 of 100

INFO:__main__:NLL: 0.3102, L2: 0.0153, Reg: 0.2734
INFO:__main__:Total loss 0.5989
INFO:__main__:Predicted mean: -0.0036
INFO:__main__:Predicted uncertainity -0.0001
INFO:__main__:Completed epoch 55 of 100

INFO:__main__:NLL: 0.3102, L2: 0.0172, Reg: 0.2734
INFO:__main__:Total loss 0.6007
INFO:__main__:Predicted mean: -0.0036
INFO:__main__:Predicted uncertainity -0.0001
INFO:__main__:Completed epoch 56 of 100

INFO:__main__:NLL: 0.3102, L2: 0.0209, Reg: 0.2734
INFO:__main__:Total loss 0.6044
INFO:__main__:Predicted mean: -0.0036
INFO:__main__:Predicted uncertainity -0.0001
INFO:__main__:Completed epoch 57 of 100

INFO:__main__:NLL: 0.3102, L2: 0.0193, Reg: 0.2734
INFO:__main__:Total loss 0.6029
INFO:__main__:Predicted mean: -0.0036
INFO:__main__:Predicted uncertainity -0.0001
INFO:__main__:Completed epoch 58 of 100

INFO:__main__:NLL: 0.3102, L2: 0.0197, Reg: 0.2734
INFO:__main__:Total loss 0.6033
INFO:__main__:Predicted mean: -0.0036
INFO:__main__:Predicted uncertainity -0.0001
INFO:__main__:Completed epoch 59 of 100

INFO:__main__:NLL: 0.3102, L2: 0.0234, Reg: 0.2734
INFO:__main__:Total loss 0.6070
INFO:__main__:Predicted mean: -0.0036
INFO:__main__:Predicted uncertainity -0.0001
INFO:__main__:Completed epoch 60 of 100

INFO:__main__:NLL: 0.3102, L2: 0.0193, Reg: 0.2734
INFO:__main__:Total loss 0.6028
INFO:__main__:Predicted mean: -0.0036
INFO:__main__:Predicted uncertainity -0.0001
INFO:__main__:Completed epoch 61 of 100

INFO:__main__:NLL: 0.3102, L2: 0.0214, Reg: 0.2734
INFO:__main__:Total loss 0.6050
INFO:__main__:Predicted mean: -0.0036
INFO:__main__:Predicted uncertainity -0.0001
INFO:__main__:Completed epoch 62 of 100

INFO:__main__:NLL: 0.3102, L2: 0.0175, Reg: 0.2734
INFO:__main__:Total loss 0.6011
INFO:__main__:Predicted mean: -0.0036
INFO:__main__:Predicted uncertainity -0.0001
INFO:__main__:Completed epoch 63 of 100

INFO:__main__:NLL: 0.3102, L2: 0.0195, Reg: 0.2734
INFO:__main__:Total loss 0.6030
INFO:__main__:Predicted mean: -0.0036
INFO:__main__:Predicted uncertainity -0.0001
INFO:__main__:Completed epoch 64 of 100

INFO:__main__:NLL: 0.3102, L2: 0.0166, Reg: 0.2734
INFO:__main__:Total loss 0.6001
INFO:__main__:Predicted mean: -0.0036
INFO:__main__:Predicted uncertainity -0.0001
INFO:__main__:Completed epoch 65 of 100

INFO:__main__:NLL: 0.3102, L2: 0.0196, Reg: 0.2734
INFO:__main__:Total loss 0.6032
INFO:__main__:Predicted mean: -0.0036
INFO:__main__:Predicted uncertainity -0.0001
INFO:__main__:Completed epoch 66 of 100

INFO:__main__:NLL: 0.3102, L2: 0.0191, Reg: 0.2734
INFO:__main__:Total loss 0.6026
INFO:__main__:Predicted mean: -0.0036
INFO:__main__:Predicted uncertainity -0.0001
INFO:__main__:Completed epoch 67 of 100

INFO:__main__:NLL: 0.3102, L2: 0.0163, Reg: 0.2734
INFO:__main__:Total loss 0.5999
INFO:__main__:Predicted mean: -0.0036
INFO:__main__:Predicted uncertainity -0.0001
INFO:__main__:Completed epoch 68 of 100

INFO:__main__:NLL: 0.3102, L2: 0.0201, Reg: 0.2734
INFO:__main__:Total loss 0.6036
INFO:__main__:Predicted mean: -0.0036
INFO:__main__:Predicted uncertainity -0.0001
INFO:__main__:Completed epoch 69 of 100

INFO:__main__:NLL: 0.3102, L2: 0.0167, Reg: 0.2733
INFO:__main__:Total loss 0.6002
INFO:__main__:Predicted mean: -0.0036
INFO:__main__:Predicted uncertainity -0.0001
INFO:__main__:Completed epoch 70 of 100

INFO:__main__:NLL: 0.3102, L2: 0.0170, Reg: 0.2734
INFO:__main__:Total loss 0.6006
INFO:__main__:Predicted mean: -0.0036
INFO:__main__:Predicted uncertainity -0.0001
INFO:__main__:Completed epoch 71 of 100

INFO:__main__:NLL: 0.3102, L2: 0.0172, Reg: 0.2734
INFO:__main__:Total loss 0.6007
INFO:__main__:Predicted mean: -0.0036
INFO:__main__:Predicted uncertainity -0.0001
INFO:__main__:Completed epoch 72 of 100

INFO:__main__:NLL: 0.3102, L2: 0.0193, Reg: 0.2733
INFO:__main__:Total loss 0.6028
INFO:__main__:Predicted mean: -0.0036
INFO:__main__:Predicted uncertainity -0.0001
INFO:__main__:Completed epoch 73 of 100

INFO:__main__:NLL: 0.3102, L2: 0.0155, Reg: 0.2734
INFO:__main__:Total loss 0.5991
INFO:__main__:Predicted mean: -0.0036
INFO:__main__:Predicted uncertainity -0.0001
INFO:__main__:Completed epoch 74 of 100

INFO:__main__:NLL: 0.3102, L2: 0.0204, Reg: 0.2734
INFO:__main__:Total loss 0.6039
INFO:__main__:Predicted mean: -0.0036
INFO:__main__:Predicted uncertainity -0.0001
INFO:__main__:Completed epoch 75 of 100

INFO:__main__:NLL: 0.3102, L2: 0.0156, Reg: 0.2734
INFO:__main__:Total loss 0.5992
INFO:__main__:Predicted mean: -0.0036
INFO:__main__:Predicted uncertainity -0.0001
INFO:__main__:Completed epoch 76 of 100

INFO:__main__:NLL: 0.3102, L2: 0.0184, Reg: 0.2734
INFO:__main__:Total loss 0.6020
INFO:__main__:Predicted mean: -0.0036
INFO:__main__:Predicted uncertainity -0.0001
INFO:__main__:Completed epoch 77 of 100

INFO:__main__:NLL: 0.3102, L2: 0.0200, Reg: 0.2733
INFO:__main__:Total loss 0.6035
INFO:__main__:Predicted mean: -0.0036
INFO:__main__:Predicted uncertainity -0.0001
INFO:__main__:Completed epoch 78 of 100

INFO:__main__:NLL: 0.3102, L2: 0.0135, Reg: 0.2734
INFO:__main__:Total loss 0.5971
INFO:__main__:Predicted mean: -0.0036
INFO:__main__:Predicted uncertainity -0.0001
INFO:__main__:Completed epoch 79 of 100

INFO:__main__:NLL: 0.3102, L2: 0.0248, Reg: 0.2734
INFO:__main__:Total loss 0.6083
INFO:__main__:Predicted mean: -0.0036
INFO:__main__:Predicted uncertainity -0.0001
INFO:__main__:Completed epoch 80 of 100

INFO:__main__:NLL: 0.3102, L2: 0.0146, Reg: 0.2734
INFO:__main__:Total loss 0.5982
INFO:__main__:Predicted mean: -0.0036
INFO:__main__:Predicted uncertainity -0.0001
INFO:__main__:Completed epoch 81 of 100

INFO:__main__:NLL: 0.3102, L2: 0.0222, Reg: 0.2734
INFO:__main__:Total loss 0.6058
INFO:__main__:Predicted mean: -0.0036
INFO:__main__:Predicted uncertainity -0.0001
INFO:__main__:Completed epoch 82 of 100

INFO:__main__:NLL: 0.3102, L2: 0.0202, Reg: 0.2733
INFO:__main__:Total loss 0.6036
INFO:__main__:Predicted mean: -0.0036
INFO:__main__:Predicted uncertainity -0.0001
INFO:__main__:Completed epoch 83 of 100

INFO:__main__:NLL: 0.3102, L2: 0.0178, Reg: 0.2733
INFO:__main__:Total loss 0.6013
INFO:__main__:Predicted mean: -0.0036
INFO:__main__:Predicted uncertainity -0.0001
INFO:__main__:Completed epoch 84 of 100

INFO:__main__:NLL: 0.3102, L2: 0.0230, Reg: 0.2734
INFO:__main__:Total loss 0.6065
INFO:__main__:Predicted mean: -0.0036
INFO:__main__:Predicted uncertainity -0.0001
INFO:__main__:Completed epoch 85 of 100

INFO:__main__:NLL: 0.3102, L2: 0.0186, Reg: 0.2734
INFO:__main__:Total loss 0.6022
INFO:__main__:Predicted mean: -0.0036
INFO:__main__:Predicted uncertainity -0.0001
INFO:__main__:Completed epoch 86 of 100

INFO:__main__:NLL: 0.3102, L2: 0.0206, Reg: 0.2734
INFO:__main__:Total loss 0.6041
INFO:__main__:Predicted mean: -0.0036
INFO:__main__:Predicted uncertainity -0.0001
INFO:__main__:Completed epoch 87 of 100

INFO:__main__:NLL: 0.3102, L2: 0.0192, Reg: 0.2734
INFO:__main__:Total loss 0.6028
INFO:__main__:Predicted mean: -0.0036
INFO:__main__:Predicted uncertainity -0.0001
INFO:__main__:Completed epoch 88 of 100

INFO:__main__:NLL: 0.3102, L2: 0.0183, Reg: 0.2734
INFO:__main__:Total loss 0.6019
INFO:__main__:Predicted mean: -0.0036
INFO:__main__:Predicted uncertainity -0.0001
INFO:__main__:Completed epoch 89 of 100

INFO:__main__:NLL: 0.3102, L2: 0.0193, Reg: 0.2733
INFO:__main__:Total loss 0.6028
INFO:__main__:Predicted mean: -0.0036
INFO:__main__:Predicted uncertainity -0.0001
INFO:__main__:Completed epoch 90 of 100

INFO:__main__:NLL: 0.3102, L2: 0.0187, Reg: 0.2734
INFO:__main__:Total loss 0.6023
INFO:__main__:Predicted mean: -0.0036
INFO:__main__:Predicted uncertainity -0.0001
INFO:__main__:Completed epoch 91 of 100

INFO:__main__:NLL: 0.3102, L2: 0.0210, Reg: 0.2734
INFO:__main__:Total loss 0.6046
INFO:__main__:Predicted mean: -0.0036
INFO:__main__:Predicted uncertainity -0.0001
INFO:__main__:Completed epoch 92 of 100

INFO:__main__:NLL: 0.3102, L2: 0.0193, Reg: 0.2734
INFO:__main__:Total loss 0.6029
INFO:__main__:Predicted mean: -0.0036
INFO:__main__:Predicted uncertainity -0.0001
INFO:__main__:Completed epoch 93 of 100

INFO:__main__:NLL: 0.3102, L2: 0.0187, Reg: 0.2734
INFO:__main__:Total loss 0.6023
INFO:__main__:Predicted mean: -0.0036
INFO:__main__:Predicted uncertainity -0.0001
INFO:__main__:Completed epoch 94 of 100

INFO:__main__:NLL: 0.3102, L2: 0.0206, Reg: 0.2733
INFO:__main__:Total loss 0.6041
INFO:__main__:Predicted mean: -0.0036
INFO:__main__:Predicted uncertainity -0.0001
INFO:__main__:Completed epoch 95 of 100

INFO:__main__:NLL: 0.3102, L2: 0.0189, Reg: 0.2733
INFO:__main__:Total loss 0.6024
INFO:__main__:Predicted mean: -0.0036
INFO:__main__:Predicted uncertainity -0.0001
INFO:__main__:Completed epoch 96 of 100

INFO:__main__:NLL: 0.3102, L2: 0.0199, Reg: 0.2734
INFO:__main__:Total loss 0.6035
INFO:__main__:Predicted mean: -0.0036
INFO:__main__:Predicted uncertainity -0.0001
INFO:__main__:Completed epoch 97 of 100

INFO:__main__:NLL: 0.3102, L2: 0.0182, Reg: 0.2733
INFO:__main__:Total loss 0.6017
INFO:__main__:Predicted mean: -0.0036
INFO:__main__:Predicted uncertainity -0.0001
INFO:__main__:Completed epoch 98 of 100

INFO:__main__:NLL: 0.3102, L2: 0.0149, Reg: 0.2733
INFO:__main__:Total loss 0.5984
INFO:__main__:Predicted mean: -0.0036
INFO:__main__:Predicted uncertainity -0.0001
INFO:__main__:Completed epoch 99 of 100

INFO:__main__:NLL: 0.3102, L2: 0.0197, Reg: 0.2733
INFO:__main__:Total loss 0.6032
INFO:__main__:Predicted mean: -0.0036
INFO:__main__:Predicted uncertainity -0.0001
INFO:__main__:Completed epoch 100 of 100

INFO:__main__:720.980398 s
