INFO:__main__:PROCESS RUNNING ON cpu
INFO:__main__:NLL: 0.2915, L2: 0.0037, Reg: 0.0933
INFO:__main__:Total loss 0.3886
INFO:__main__:Predicted mean: -0.4147
INFO:__main__:Predicted uncertainity -0.0354
INFO:__main__:Completed epoch 1 of 100

INFO:__main__:NLL: 0.2584, L2: 0.0039, Reg: 0.0698
INFO:__main__:Total loss 0.3321
INFO:__main__:Predicted mean: -0.4053
INFO:__main__:Predicted uncertainity -0.0422
INFO:__main__:Completed epoch 2 of 100

INFO:__main__:NLL: 0.2904, L2: 0.0038, Reg: 0.0764
INFO:__main__:Total loss 0.3707
INFO:__main__:Predicted mean: -0.4279
INFO:__main__:Predicted uncertainity -0.0231
INFO:__main__:Completed epoch 3 of 100

INFO:__main__:NLL: 0.2350, L2: 0.0039, Reg: 0.0630
INFO:__main__:Total loss 0.3018
INFO:__main__:Predicted mean: -0.4075
INFO:__main__:Predicted uncertainity -0.0232
INFO:__main__:Completed epoch 4 of 100

INFO:__main__:NLL: 0.2635, L2: 0.0039, Reg: 0.0984
INFO:__main__:Total loss 0.3658
INFO:__main__:Predicted mean: -0.4346
INFO:__main__:Predicted uncertainity 0.0019
INFO:__main__:Completed epoch 5 of 100

INFO:__main__:NLL: 0.2666, L2: 0.0038, Reg: 0.0743
INFO:__main__:Total loss 0.3446
INFO:__main__:Predicted mean: -0.4416
INFO:__main__:Predicted uncertainity -0.0397
INFO:__main__:Completed epoch 6 of 100

INFO:__main__:NLL: 0.2837, L2: 0.0039, Reg: 0.0967
INFO:__main__:Total loss 0.3844
INFO:__main__:Predicted mean: -0.3895
INFO:__main__:Predicted uncertainity -0.0255
INFO:__main__:Completed epoch 7 of 100

INFO:__main__:NLL: 0.2773, L2: 0.0038, Reg: 0.0721
INFO:__main__:Total loss 0.3532
INFO:__main__:Predicted mean: -0.3994
INFO:__main__:Predicted uncertainity -0.0432
INFO:__main__:Completed epoch 8 of 100

INFO:__main__:NLL: 0.2385, L2: 0.0038, Reg: 0.1043
INFO:__main__:Total loss 0.3466
INFO:__main__:Predicted mean: -0.4177
INFO:__main__:Predicted uncertainity -0.0347
INFO:__main__:Completed epoch 9 of 100

INFO:__main__:NLL: 0.2869, L2: 0.0038, Reg: 0.0930
INFO:__main__:Total loss 0.3837
INFO:__main__:Predicted mean: -0.4165
INFO:__main__:Predicted uncertainity -0.0490
INFO:__main__:Completed epoch 10 of 100

INFO:__main__:NLL: 0.2762, L2: 0.0038, Reg: 0.0682
INFO:__main__:Total loss 0.3483
INFO:__main__:Predicted mean: -0.4363
INFO:__main__:Predicted uncertainity -0.0447
INFO:__main__:Completed epoch 11 of 100

INFO:__main__:NLL: 0.2711, L2: 0.0038, Reg: 0.0695
INFO:__main__:Total loss 0.3444
INFO:__main__:Predicted mean: -0.4108
INFO:__main__:Predicted uncertainity -0.0021
INFO:__main__:Completed epoch 12 of 100

INFO:__main__:NLL: 0.2848, L2: 0.0038, Reg: 0.0846
INFO:__main__:Total loss 0.3731
INFO:__main__:Predicted mean: -0.4066
INFO:__main__:Predicted uncertainity -0.0514
INFO:__main__:Completed epoch 13 of 100

INFO:__main__:NLL: 0.3028, L2: 0.0037, Reg: 0.0747
INFO:__main__:Total loss 0.3812
INFO:__main__:Predicted mean: -0.4197
INFO:__main__:Predicted uncertainity -0.0200
INFO:__main__:Completed epoch 14 of 100

INFO:__main__:NLL: 0.2769, L2: 0.0038, Reg: 0.0912
INFO:__main__:Total loss 0.3719
INFO:__main__:Predicted mean: -0.4211
INFO:__main__:Predicted uncertainity -0.0402
INFO:__main__:Completed epoch 15 of 100

INFO:__main__:NLL: 0.2642, L2: 0.0038, Reg: 0.1067
INFO:__main__:Total loss 0.3747
INFO:__main__:Predicted mean: -0.3904
INFO:__main__:Predicted uncertainity -0.0484
INFO:__main__:Completed epoch 16 of 100

INFO:__main__:NLL: 0.2765, L2: 0.0037, Reg: 0.0607
INFO:__main__:Total loss 0.3410
INFO:__main__:Predicted mean: -0.4191
INFO:__main__:Predicted uncertainity -0.0247
INFO:__main__:Completed epoch 17 of 100

INFO:__main__:NLL: 0.2810, L2: 0.0036, Reg: 0.0799
INFO:__main__:Total loss 0.3646
INFO:__main__:Predicted mean: -0.4140
INFO:__main__:Predicted uncertainity -0.0517
INFO:__main__:Completed epoch 18 of 100

INFO:__main__:NLL: 0.2584, L2: 0.0038, Reg: 0.0790
INFO:__main__:Total loss 0.3413
INFO:__main__:Predicted mean: -0.4304
INFO:__main__:Predicted uncertainity -0.0186
INFO:__main__:Completed epoch 19 of 100

INFO:__main__:NLL: 0.2854, L2: 0.0038, Reg: 0.0719
INFO:__main__:Total loss 0.3611
INFO:__main__:Predicted mean: -0.4172
INFO:__main__:Predicted uncertainity -0.0478
INFO:__main__:Completed epoch 20 of 100

INFO:__main__:NLL: 0.2515, L2: 0.0038, Reg: 0.0941
INFO:__main__:Total loss 0.3494
INFO:__main__:Predicted mean: -0.4085
INFO:__main__:Predicted uncertainity -0.0616
INFO:__main__:Completed epoch 21 of 100

INFO:__main__:NLL: 0.2575, L2: 0.0038, Reg: 0.0922
INFO:__main__:Total loss 0.3535
INFO:__main__:Predicted mean: -0.4105
INFO:__main__:Predicted uncertainity -0.0455
INFO:__main__:Completed epoch 22 of 100

INFO:__main__:NLL: 0.2583, L2: 0.0039, Reg: 0.0970
INFO:__main__:Total loss 0.3592
INFO:__main__:Predicted mean: -0.4107
INFO:__main__:Predicted uncertainity -0.0205
INFO:__main__:Completed epoch 23 of 100

INFO:__main__:NLL: 0.3140, L2: 0.0039, Reg: 0.0634
INFO:__main__:Total loss 0.3812
INFO:__main__:Predicted mean: -0.4193
INFO:__main__:Predicted uncertainity -0.0111
INFO:__main__:Completed epoch 24 of 100

INFO:__main__:NLL: 0.2964, L2: 0.0037, Reg: 0.0571
INFO:__main__:Total loss 0.3572
INFO:__main__:Predicted mean: -0.4070
INFO:__main__:Predicted uncertainity 0.0009
INFO:__main__:Completed epoch 25 of 100

INFO:__main__:NLL: 0.2303, L2: 0.0039, Reg: 0.0753
INFO:__main__:Total loss 0.3094
INFO:__main__:Predicted mean: -0.4087
INFO:__main__:Predicted uncertainity -0.0382
INFO:__main__:Completed epoch 26 of 100

INFO:__main__:NLL: 0.2694, L2: 0.0038, Reg: 0.0776
INFO:__main__:Total loss 0.3508
INFO:__main__:Predicted mean: -0.4258
INFO:__main__:Predicted uncertainity -0.0229
INFO:__main__:Completed epoch 27 of 100

INFO:__main__:NLL: 0.2902, L2: 0.0036, Reg: 0.0715
INFO:__main__:Total loss 0.3653
INFO:__main__:Predicted mean: -0.4198
INFO:__main__:Predicted uncertainity -0.0113
INFO:__main__:Completed epoch 28 of 100

INFO:__main__:NLL: 0.2814, L2: 0.0037, Reg: 0.0773
INFO:__main__:Total loss 0.3624
INFO:__main__:Predicted mean: -0.4054
INFO:__main__:Predicted uncertainity -0.0436
INFO:__main__:Completed epoch 29 of 100

INFO:__main__:NLL: 0.2901, L2: 0.0037, Reg: 0.0663
INFO:__main__:Total loss 0.3601
INFO:__main__:Predicted mean: -0.4105
INFO:__main__:Predicted uncertainity -0.0249
INFO:__main__:Completed epoch 30 of 100

INFO:__main__:NLL: 0.2779, L2: 0.0037, Reg: 0.0862
INFO:__main__:Total loss 0.3678
INFO:__main__:Predicted mean: -0.4315
INFO:__main__:Predicted uncertainity -0.0182
INFO:__main__:Completed epoch 31 of 100

INFO:__main__:NLL: 0.2490, L2: 0.0038, Reg: 0.0775
INFO:__main__:Total loss 0.3303
INFO:__main__:Predicted mean: -0.4033
INFO:__main__:Predicted uncertainity -0.0548
INFO:__main__:Completed epoch 32 of 100

INFO:__main__:NLL: 0.2687, L2: 0.0039, Reg: 0.0836
INFO:__main__:Total loss 0.3561
INFO:__main__:Predicted mean: -0.4300
INFO:__main__:Predicted uncertainity -0.0329
INFO:__main__:Completed epoch 33 of 100

INFO:__main__:NLL: 0.2608, L2: 0.0038, Reg: 0.0804
INFO:__main__:Total loss 0.3449
INFO:__main__:Predicted mean: -0.4183
INFO:__main__:Predicted uncertainity -0.0459
INFO:__main__:Completed epoch 34 of 100

INFO:__main__:NLL: 0.2145, L2: 0.0038, Reg: 0.0838
INFO:__main__:Total loss 0.3021
INFO:__main__:Predicted mean: -0.4338
INFO:__main__:Predicted uncertainity -0.0400
INFO:__main__:Completed epoch 35 of 100

INFO:__main__:NLL: 0.2686, L2: 0.0038, Reg: 0.0744
INFO:__main__:Total loss 0.3468
INFO:__main__:Predicted mean: -0.3825
INFO:__main__:Predicted uncertainity -0.0337
INFO:__main__:Completed epoch 36 of 100

INFO:__main__:NLL: 0.2369, L2: 0.0038, Reg: 0.0666
INFO:__main__:Total loss 0.3072
INFO:__main__:Predicted mean: -0.4252
INFO:__main__:Predicted uncertainity -0.0183
INFO:__main__:Completed epoch 37 of 100

INFO:__main__:NLL: 0.2963, L2: 0.0037, Reg: 0.0659
INFO:__main__:Total loss 0.3659
INFO:__main__:Predicted mean: -0.4120
INFO:__main__:Predicted uncertainity -0.0243
INFO:__main__:Completed epoch 38 of 100

INFO:__main__:NLL: 0.2880, L2: 0.0037, Reg: 0.0733
INFO:__main__:Total loss 0.3651
INFO:__main__:Predicted mean: -0.4233
INFO:__main__:Predicted uncertainity -0.0183
INFO:__main__:Completed epoch 39 of 100

INFO:__main__:NLL: 0.2415, L2: 0.0038, Reg: 0.0744
INFO:__main__:Total loss 0.3197
INFO:__main__:Predicted mean: -0.4255
INFO:__main__:Predicted uncertainity -0.0117
INFO:__main__:Completed epoch 40 of 100

INFO:__main__:NLL: 0.2257, L2: 0.0037, Reg: 0.0852
INFO:__main__:Total loss 0.3146
INFO:__main__:Predicted mean: -0.4065
INFO:__main__:Predicted uncertainity -0.0515
INFO:__main__:Completed epoch 41 of 100

INFO:__main__:NLL: 0.2542, L2: 0.0037, Reg: 0.0901
INFO:__main__:Total loss 0.3479
INFO:__main__:Predicted mean: -0.4214
INFO:__main__:Predicted uncertainity -0.0352
INFO:__main__:Completed epoch 42 of 100

INFO:__main__:NLL: 0.2714, L2: 0.0038, Reg: 0.0792
INFO:__main__:Total loss 0.3545
INFO:__main__:Predicted mean: -0.4450
INFO:__main__:Predicted uncertainity -0.0166
INFO:__main__:Completed epoch 43 of 100

INFO:__main__:NLL: 0.2852, L2: 0.0037, Reg: 0.0773
INFO:__main__:Total loss 0.3662
INFO:__main__:Predicted mean: -0.4169
INFO:__main__:Predicted uncertainity -0.0104
INFO:__main__:Completed epoch 44 of 100

INFO:__main__:NLL: 0.2794, L2: 0.0035, Reg: 0.0717
INFO:__main__:Total loss 0.3546
INFO:__main__:Predicted mean: -0.4114
INFO:__main__:Predicted uncertainity -0.0048
INFO:__main__:Completed epoch 45 of 100

INFO:__main__:NLL: 0.2868, L2: 0.0036, Reg: 0.0746
INFO:__main__:Total loss 0.3650
INFO:__main__:Predicted mean: -0.4291
INFO:__main__:Predicted uncertainity -0.0470
INFO:__main__:Completed epoch 46 of 100

INFO:__main__:NLL: 0.2587, L2: 0.0037, Reg: 0.0672
INFO:__main__:Total loss 0.3297
INFO:__main__:Predicted mean: -0.4243
INFO:__main__:Predicted uncertainity -0.0149
INFO:__main__:Completed epoch 47 of 100

INFO:__main__:NLL: 0.2610, L2: 0.0037, Reg: 0.0702
INFO:__main__:Total loss 0.3349
INFO:__main__:Predicted mean: -0.4073
INFO:__main__:Predicted uncertainity -0.0495
INFO:__main__:Completed epoch 48 of 100

INFO:__main__:NLL: 0.2636, L2: 0.0036, Reg: 0.0700
INFO:__main__:Total loss 0.3371
INFO:__main__:Predicted mean: -0.4224
INFO:__main__:Predicted uncertainity -0.0099
INFO:__main__:Completed epoch 49 of 100

INFO:__main__:NLL: 0.2431, L2: 0.0037, Reg: 0.0604
INFO:__main__:Total loss 0.3071
INFO:__main__:Predicted mean: -0.4200
INFO:__main__:Predicted uncertainity -0.0080
INFO:__main__:Completed epoch 50 of 100

INFO:__main__:NLL: 0.3432, L2: 0.0036, Reg: 0.0778
INFO:__main__:Total loss 0.4246
INFO:__main__:Predicted mean: -0.4025
INFO:__main__:Predicted uncertainity -0.0153
INFO:__main__:Completed epoch 51 of 100

INFO:__main__:NLL: 0.2267, L2: 0.0037, Reg: 0.0802
INFO:__main__:Total loss 0.3105
INFO:__main__:Predicted mean: -0.4145
INFO:__main__:Predicted uncertainity -0.0776
INFO:__main__:Completed epoch 52 of 100

INFO:__main__:NLL: 0.2863, L2: 0.0037, Reg: 0.0598
INFO:__main__:Total loss 0.3498
INFO:__main__:Predicted mean: -0.4123
INFO:__main__:Predicted uncertainity -0.0247
INFO:__main__:Completed epoch 53 of 100

INFO:__main__:NLL: 0.2903, L2: 0.0037, Reg: 0.0804
INFO:__main__:Total loss 0.3745
INFO:__main__:Predicted mean: -0.4150
INFO:__main__:Predicted uncertainity -0.0551
INFO:__main__:Completed epoch 54 of 100

INFO:__main__:NLL: 0.2789, L2: 0.0038, Reg: 0.0693
INFO:__main__:Total loss 0.3520
INFO:__main__:Predicted mean: -0.4144
INFO:__main__:Predicted uncertainity -0.0116
INFO:__main__:Completed epoch 55 of 100

INFO:__main__:NLL: 0.3015, L2: 0.0037, Reg: 0.0776
INFO:__main__:Total loss 0.3829
INFO:__main__:Predicted mean: -0.4076
INFO:__main__:Predicted uncertainity -0.0261
INFO:__main__:Completed epoch 56 of 100

INFO:__main__:NLL: 0.2758, L2: 0.0037, Reg: 0.0721
INFO:__main__:Total loss 0.3516
INFO:__main__:Predicted mean: -0.3967
INFO:__main__:Predicted uncertainity -0.0364
INFO:__main__:Completed epoch 57 of 100

INFO:__main__:NLL: 0.2428, L2: 0.0038, Reg: 0.0870
INFO:__main__:Total loss 0.3337
INFO:__main__:Predicted mean: -0.4290
INFO:__main__:Predicted uncertainity -0.0188
INFO:__main__:Completed epoch 58 of 100

INFO:__main__:NLL: 0.2568, L2: 0.0037, Reg: 0.0987
INFO:__main__:Total loss 0.3591
INFO:__main__:Predicted mean: -0.4089
INFO:__main__:Predicted uncertainity -0.0052
INFO:__main__:Completed epoch 59 of 100

INFO:__main__:NLL: 0.2622, L2: 0.0036, Reg: 0.0580
INFO:__main__:Total loss 0.3238
INFO:__main__:Predicted mean: -0.4071
INFO:__main__:Predicted uncertainity 0.0049
INFO:__main__:Completed epoch 60 of 100

INFO:__main__:NLL: 0.2669, L2: 0.0038, Reg: 0.0759
INFO:__main__:Total loss 0.3466
INFO:__main__:Predicted mean: -0.3965
INFO:__main__:Predicted uncertainity -0.0180
INFO:__main__:Completed epoch 61 of 100

INFO:__main__:NLL: 0.2776, L2: 0.0037, Reg: 0.0857
INFO:__main__:Total loss 0.3671
INFO:__main__:Predicted mean: -0.4188
INFO:__main__:Predicted uncertainity -0.0301
INFO:__main__:Completed epoch 62 of 100

INFO:__main__:NLL: 0.2589, L2: 0.0037, Reg: 0.0618
INFO:__main__:Total loss 0.3244
INFO:__main__:Predicted mean: -0.4435
INFO:__main__:Predicted uncertainity -0.0241
INFO:__main__:Completed epoch 63 of 100

INFO:__main__:NLL: 0.2534, L2: 0.0036, Reg: 0.0749
INFO:__main__:Total loss 0.3319
INFO:__main__:Predicted mean: -0.4217
INFO:__main__:Predicted uncertainity -0.0235
INFO:__main__:Completed epoch 64 of 100

INFO:__main__:NLL: 0.2377, L2: 0.0037, Reg: 0.0730
INFO:__main__:Total loss 0.3144
INFO:__main__:Predicted mean: -0.4062
INFO:__main__:Predicted uncertainity -0.0450
INFO:__main__:Completed epoch 65 of 100

INFO:__main__:NLL: 0.2573, L2: 0.0039, Reg: 0.1008
INFO:__main__:Total loss 0.3620
INFO:__main__:Predicted mean: -0.4261
INFO:__main__:Predicted uncertainity -0.0691
INFO:__main__:Completed epoch 66 of 100

INFO:__main__:NLL: 0.2504, L2: 0.0037, Reg: 0.0758
INFO:__main__:Total loss 0.3300
INFO:__main__:Predicted mean: -0.4326
INFO:__main__:Predicted uncertainity -0.0184
INFO:__main__:Completed epoch 67 of 100

INFO:__main__:NLL: 0.2771, L2: 0.0038, Reg: 0.0617
INFO:__main__:Total loss 0.3426
INFO:__main__:Predicted mean: -0.4258
INFO:__main__:Predicted uncertainity -0.0277
INFO:__main__:Completed epoch 68 of 100

INFO:__main__:NLL: 0.2462, L2: 0.0037, Reg: 0.0909
INFO:__main__:Total loss 0.3408
INFO:__main__:Predicted mean: -0.4146
INFO:__main__:Predicted uncertainity -0.0356
INFO:__main__:Completed epoch 69 of 100

INFO:__main__:NLL: 0.3016, L2: 0.0037, Reg: 0.0676
INFO:__main__:Total loss 0.3729
INFO:__main__:Predicted mean: -0.4241
INFO:__main__:Predicted uncertainity -0.0104
INFO:__main__:Completed epoch 70 of 100

INFO:__main__:NLL: 0.2228, L2: 0.0037, Reg: 0.0817
INFO:__main__:Total loss 0.3082
INFO:__main__:Predicted mean: -0.4163
INFO:__main__:Predicted uncertainity -0.0147
INFO:__main__:Completed epoch 71 of 100

INFO:__main__:NLL: 0.3226, L2: 0.0037, Reg: 0.1100
INFO:__main__:Total loss 0.4363
INFO:__main__:Predicted mean: -0.4074
INFO:__main__:Predicted uncertainity -0.0515
INFO:__main__:Completed epoch 72 of 100

INFO:__main__:NLL: 0.3019, L2: 0.0041, Reg: 0.0832
INFO:__main__:Total loss 0.3892
INFO:__main__:Predicted mean: -0.4237
INFO:__main__:Predicted uncertainity 0.0102
INFO:__main__:Completed epoch 73 of 100

INFO:__main__:NLL: 0.2652, L2: 0.0038, Reg: 0.0871
INFO:__main__:Total loss 0.3561
INFO:__main__:Predicted mean: -0.4265
INFO:__main__:Predicted uncertainity -0.0504
INFO:__main__:Completed epoch 74 of 100

INFO:__main__:NLL: 0.2618, L2: 0.0039, Reg: 0.0726
INFO:__main__:Total loss 0.3382
INFO:__main__:Predicted mean: -0.4353
INFO:__main__:Predicted uncertainity -0.0097
INFO:__main__:Completed epoch 75 of 100

INFO:__main__:NLL: 0.2577, L2: 0.0038, Reg: 0.0862
INFO:__main__:Total loss 0.3478
INFO:__main__:Predicted mean: -0.4114
INFO:__main__:Predicted uncertainity -0.0091
INFO:__main__:Completed epoch 76 of 100

INFO:__main__:NLL: 0.2925, L2: 0.0037, Reg: 0.0945
INFO:__main__:Total loss 0.3907
INFO:__main__:Predicted mean: -0.4277
INFO:__main__:Predicted uncertainity 0.0178
INFO:__main__:Completed epoch 77 of 100

INFO:__main__:NLL: 0.2811, L2: 0.0037, Reg: 0.0758
INFO:__main__:Total loss 0.3606
INFO:__main__:Predicted mean: -0.4255
INFO:__main__:Predicted uncertainity -0.0114
INFO:__main__:Completed epoch 78 of 100

INFO:__main__:NLL: 0.2806, L2: 0.0037, Reg: 0.0451
INFO:__main__:Total loss 0.3294
INFO:__main__:Predicted mean: -0.4044
INFO:__main__:Predicted uncertainity -0.0343
INFO:__main__:Completed epoch 79 of 100

INFO:__main__:NLL: 0.2633, L2: 0.0039, Reg: 0.0912
INFO:__main__:Total loss 0.3584
INFO:__main__:Predicted mean: -0.3939
INFO:__main__:Predicted uncertainity -0.0598
INFO:__main__:Completed epoch 80 of 100

INFO:__main__:NLL: 0.2523, L2: 0.0039, Reg: 0.0667
INFO:__main__:Total loss 0.3229
INFO:__main__:Predicted mean: -0.4139
INFO:__main__:Predicted uncertainity -0.0612
INFO:__main__:Completed epoch 81 of 100

INFO:__main__:NLL: 0.2919, L2: 0.0037, Reg: 0.0729
INFO:__main__:Total loss 0.3685
INFO:__main__:Predicted mean: -0.4241
INFO:__main__:Predicted uncertainity -0.0187
INFO:__main__:Completed epoch 82 of 100

INFO:__main__:NLL: 0.2788, L2: 0.0037, Reg: 0.0705
INFO:__main__:Total loss 0.3529
INFO:__main__:Predicted mean: -0.4361
INFO:__main__:Predicted uncertainity -0.0338
INFO:__main__:Completed epoch 83 of 100

INFO:__main__:NLL: 0.3326, L2: 0.0037, Reg: 0.0978
INFO:__main__:Total loss 0.4341
INFO:__main__:Predicted mean: -0.4185
INFO:__main__:Predicted uncertainity -0.0179
INFO:__main__:Completed epoch 84 of 100

INFO:__main__:NLL: 0.2519, L2: 0.0038, Reg: 0.0841
INFO:__main__:Total loss 0.3398
INFO:__main__:Predicted mean: -0.4193
INFO:__main__:Predicted uncertainity -0.0072
INFO:__main__:Completed epoch 85 of 100

INFO:__main__:NLL: 0.2167, L2: 0.0037, Reg: 0.0887
INFO:__main__:Total loss 0.3090
INFO:__main__:Predicted mean: -0.4091
INFO:__main__:Predicted uncertainity -0.0514
INFO:__main__:Completed epoch 86 of 100

INFO:__main__:NLL: 0.2579, L2: 0.0038, Reg: 0.0795
INFO:__main__:Total loss 0.3412
INFO:__main__:Predicted mean: -0.4152
INFO:__main__:Predicted uncertainity -0.0295
INFO:__main__:Completed epoch 87 of 100

INFO:__main__:NLL: 0.2480, L2: 0.0037, Reg: 0.0996
INFO:__main__:Total loss 0.3512
INFO:__main__:Predicted mean: -0.4157
INFO:__main__:Predicted uncertainity -0.0944
INFO:__main__:Completed epoch 88 of 100

INFO:__main__:NLL: 0.2674, L2: 0.0038, Reg: 0.0855
INFO:__main__:Total loss 0.3567
INFO:__main__:Predicted mean: -0.4204
INFO:__main__:Predicted uncertainity -0.0525
INFO:__main__:Completed epoch 89 of 100

INFO:__main__:NLL: 0.2740, L2: 0.0037, Reg: 0.0703
INFO:__main__:Total loss 0.3480
INFO:__main__:Predicted mean: -0.4014
INFO:__main__:Predicted uncertainity -0.0278
INFO:__main__:Completed epoch 90 of 100

INFO:__main__:NLL: 0.2549, L2: 0.0037, Reg: 0.1006
INFO:__main__:Total loss 0.3592
INFO:__main__:Predicted mean: -0.4496
INFO:__main__:Predicted uncertainity -0.0544
INFO:__main__:Completed epoch 91 of 100

INFO:__main__:NLL: 0.2693, L2: 0.0038, Reg: 0.0924
INFO:__main__:Total loss 0.3654
INFO:__main__:Predicted mean: -0.4003
INFO:__main__:Predicted uncertainity -0.0276
INFO:__main__:Completed epoch 92 of 100

INFO:__main__:NLL: 0.2522, L2: 0.0038, Reg: 0.0799
INFO:__main__:Total loss 0.3359
INFO:__main__:Predicted mean: -0.4179
INFO:__main__:Predicted uncertainity -0.0377
INFO:__main__:Completed epoch 93 of 100

INFO:__main__:NLL: 0.2487, L2: 0.0038, Reg: 0.0947
INFO:__main__:Total loss 0.3472
INFO:__main__:Predicted mean: -0.4273
INFO:__main__:Predicted uncertainity -0.0604
INFO:__main__:Completed epoch 94 of 100

INFO:__main__:NLL: 0.2638, L2: 0.0037, Reg: 0.0668
INFO:__main__:Total loss 0.3342
INFO:__main__:Predicted mean: -0.4249
INFO:__main__:Predicted uncertainity -0.0181
INFO:__main__:Completed epoch 95 of 100

INFO:__main__:NLL: 0.2862, L2: 0.0036, Reg: 0.0588
INFO:__main__:Total loss 0.3487
INFO:__main__:Predicted mean: -0.4124
INFO:__main__:Predicted uncertainity 0.0025
INFO:__main__:Completed epoch 96 of 100

INFO:__main__:NLL: 0.2864, L2: 0.0036, Reg: 0.0570
INFO:__main__:Total loss 0.3470
INFO:__main__:Predicted mean: -0.4125
INFO:__main__:Predicted uncertainity -0.0230
INFO:__main__:Completed epoch 97 of 100

INFO:__main__:NLL: 0.2642, L2: 0.0036, Reg: 0.0624
INFO:__main__:Total loss 0.3302
INFO:__main__:Predicted mean: -0.4156
INFO:__main__:Predicted uncertainity -0.0273
INFO:__main__:Completed epoch 98 of 100

INFO:__main__:NLL: 0.2272, L2: 0.0038, Reg: 0.0969
INFO:__main__:Total loss 0.3279
INFO:__main__:Predicted mean: -0.4336
INFO:__main__:Predicted uncertainity -0.0414
INFO:__main__:Completed epoch 99 of 100

INFO:__main__:NLL: 0.2776, L2: 0.0036, Reg: 0.0704
INFO:__main__:Total loss 0.3516
INFO:__main__:Predicted mean: -0.4250
INFO:__main__:Predicted uncertainity -0.0373
INFO:__main__:Completed epoch 100 of 100

INFO:__main__:538.745966 s
