INFO:__main__:PROCESS RUNNING ON cpu
INFO:__main__:NLL: 0.1155, L2: 0.0626, Reg: 0.0028
INFO:__main__:Total loss 0.1809
INFO:__main__:Predicted mean: -0.5405
INFO:__main__:Predicted uncertainity -0.7782
INFO:__main__:Completed epoch 1 of 100

INFO:__main__:NLL: 0.2199, L2: 0.0546, Reg: 0.0018
INFO:__main__:Total loss 0.2762
INFO:__main__:Predicted mean: -0.4928
INFO:__main__:Predicted uncertainity -0.6026
INFO:__main__:Completed epoch 2 of 100

INFO:__main__:NLL: 0.1531, L2: 0.0458, Reg: 0.0016
INFO:__main__:Total loss 0.2005
INFO:__main__:Predicted mean: -0.4476
INFO:__main__:Predicted uncertainity -0.7352
INFO:__main__:Completed epoch 3 of 100

INFO:__main__:NLL: 0.0966, L2: 0.0510, Reg: 0.0019
INFO:__main__:Total loss 0.1495
INFO:__main__:Predicted mean: -0.5248
INFO:__main__:Predicted uncertainity -0.7122
INFO:__main__:Completed epoch 4 of 100

INFO:__main__:NLL: 0.1286, L2: 0.0483, Reg: 0.0017
INFO:__main__:Total loss 0.1786
INFO:__main__:Predicted mean: -0.4511
INFO:__main__:Predicted uncertainity -0.7034
INFO:__main__:Completed epoch 5 of 100

INFO:__main__:NLL: 0.0254, L2: 0.0523, Reg: 0.0018
INFO:__main__:Total loss 0.0794
INFO:__main__:Predicted mean: -0.4465
INFO:__main__:Predicted uncertainity -0.6863
INFO:__main__:Completed epoch 6 of 100

INFO:__main__:NLL: 0.1239, L2: 0.0452, Reg: 0.0013
INFO:__main__:Total loss 0.1704
INFO:__main__:Predicted mean: -0.4465
INFO:__main__:Predicted uncertainity -0.5582
INFO:__main__:Completed epoch 7 of 100

INFO:__main__:NLL: 0.2512, L2: 0.0535, Reg: 0.0020
INFO:__main__:Total loss 0.3067
INFO:__main__:Predicted mean: -0.4376
INFO:__main__:Predicted uncertainity -0.7279
INFO:__main__:Completed epoch 8 of 100

INFO:__main__:NLL: 0.1303, L2: 0.0536, Reg: 0.0016
INFO:__main__:Total loss 0.1855
INFO:__main__:Predicted mean: -0.4513
INFO:__main__:Predicted uncertainity -0.7324
INFO:__main__:Completed epoch 9 of 100

INFO:__main__:NLL: 0.2450, L2: 0.0547, Reg: 0.0021
INFO:__main__:Total loss 0.3018
INFO:__main__:Predicted mean: -0.4584
INFO:__main__:Predicted uncertainity -0.7743
INFO:__main__:Completed epoch 10 of 100

INFO:__main__:NLL: 0.1761, L2: 0.0525, Reg: 0.0020
INFO:__main__:Total loss 0.2306
INFO:__main__:Predicted mean: -0.4952
INFO:__main__:Predicted uncertainity -0.7720
INFO:__main__:Completed epoch 11 of 100

INFO:__main__:NLL: 0.2472, L2: 0.0529, Reg: 0.0017
INFO:__main__:Total loss 0.3019
INFO:__main__:Predicted mean: -0.4540
INFO:__main__:Predicted uncertainity -0.6790
INFO:__main__:Completed epoch 12 of 100

INFO:__main__:NLL: 0.0324, L2: 0.0573, Reg: 0.0020
INFO:__main__:Total loss 0.0916
INFO:__main__:Predicted mean: -0.4517
INFO:__main__:Predicted uncertainity -0.7510
INFO:__main__:Completed epoch 13 of 100

INFO:__main__:NLL: 0.1084, L2: 0.0517, Reg: 0.0018
INFO:__main__:Total loss 0.1619
INFO:__main__:Predicted mean: -0.4478
INFO:__main__:Predicted uncertainity -0.7545
INFO:__main__:Completed epoch 14 of 100

INFO:__main__:NLL: 0.0774, L2: 0.0518, Reg: 0.0017
INFO:__main__:Total loss 0.1308
INFO:__main__:Predicted mean: -0.4441
INFO:__main__:Predicted uncertainity -0.6834
INFO:__main__:Completed epoch 15 of 100

INFO:__main__:NLL: 0.1147, L2: 0.0537, Reg: 0.0019
INFO:__main__:Total loss 0.1703
INFO:__main__:Predicted mean: -0.4733
INFO:__main__:Predicted uncertainity -0.7163
INFO:__main__:Completed epoch 16 of 100

INFO:__main__:NLL: 0.0928, L2: 0.0528, Reg: 0.0017
INFO:__main__:Total loss 0.1474
INFO:__main__:Predicted mean: -0.4466
INFO:__main__:Predicted uncertainity -0.7345
INFO:__main__:Completed epoch 17 of 100

INFO:__main__:NLL: 0.1532, L2: 0.0566, Reg: 0.0022
INFO:__main__:Total loss 0.2121
INFO:__main__:Predicted mean: -0.4872
INFO:__main__:Predicted uncertainity -0.7359
INFO:__main__:Completed epoch 18 of 100

INFO:__main__:NLL: 0.2302, L2: 0.0527, Reg: 0.0019
INFO:__main__:Total loss 0.2847
INFO:__main__:Predicted mean: -0.4612
INFO:__main__:Predicted uncertainity -0.6974
INFO:__main__:Completed epoch 19 of 100

INFO:__main__:NLL: 0.0793, L2: 0.0581, Reg: 0.0023
INFO:__main__:Total loss 0.1397
INFO:__main__:Predicted mean: -0.4559
INFO:__main__:Predicted uncertainity -0.7898
INFO:__main__:Completed epoch 20 of 100

INFO:__main__:NLL: 0.1499, L2: 0.0503, Reg: 0.0014
INFO:__main__:Total loss 0.2016
INFO:__main__:Predicted mean: -0.5054
INFO:__main__:Predicted uncertainity -0.6226
INFO:__main__:Completed epoch 21 of 100

INFO:__main__:NLL: 0.0139, L2: 0.0515, Reg: 0.0018
INFO:__main__:Total loss 0.0672
INFO:__main__:Predicted mean: -0.4458
INFO:__main__:Predicted uncertainity -0.7398
INFO:__main__:Completed epoch 22 of 100

INFO:__main__:NLL: 0.2724, L2: 0.0531, Reg: 0.0021
INFO:__main__:Total loss 0.3276
INFO:__main__:Predicted mean: -0.4718
INFO:__main__:Predicted uncertainity -0.7833
INFO:__main__:Completed epoch 23 of 100

INFO:__main__:NLL: 0.1321, L2: 0.0491, Reg: 0.0015
INFO:__main__:Total loss 0.1827
INFO:__main__:Predicted mean: -0.4095
INFO:__main__:Predicted uncertainity -0.6318
INFO:__main__:Completed epoch 24 of 100

INFO:__main__:NLL: 0.1762, L2: 0.0386, Reg: 0.0012
INFO:__main__:Total loss 0.2160
INFO:__main__:Predicted mean: -0.3986
INFO:__main__:Predicted uncertainity -0.5698
INFO:__main__:Completed epoch 25 of 100

INFO:__main__:NLL: 0.3880, L2: 0.0486, Reg: 0.0015
INFO:__main__:Total loss 0.4381
INFO:__main__:Predicted mean: -0.4610
INFO:__main__:Predicted uncertainity -0.5947
INFO:__main__:Completed epoch 26 of 100

INFO:__main__:NLL: 0.1603, L2: 0.0481, Reg: 0.0015
INFO:__main__:Total loss 0.2098
INFO:__main__:Predicted mean: -0.4234
INFO:__main__:Predicted uncertainity -0.6197
INFO:__main__:Completed epoch 27 of 100

INFO:__main__:NLL: 0.1357, L2: 0.0481, Reg: 0.0015
INFO:__main__:Total loss 0.1854
INFO:__main__:Predicted mean: -0.4446
INFO:__main__:Predicted uncertainity -0.7040
INFO:__main__:Completed epoch 28 of 100

INFO:__main__:NLL: 0.1494, L2: 0.0446, Reg: 0.0016
INFO:__main__:Total loss 0.1956
INFO:__main__:Predicted mean: -0.4418
INFO:__main__:Predicted uncertainity -0.7048
INFO:__main__:Completed epoch 29 of 100

INFO:__main__:NLL: 0.1551, L2: 0.0466, Reg: 0.0013
INFO:__main__:Total loss 0.2031
INFO:__main__:Predicted mean: -0.4400
INFO:__main__:Predicted uncertainity -0.6138
INFO:__main__:Completed epoch 30 of 100

INFO:__main__:NLL: 0.0655, L2: 0.0521, Reg: 0.0016
INFO:__main__:Total loss 0.1191
INFO:__main__:Predicted mean: -0.4639
INFO:__main__:Predicted uncertainity -0.6869
INFO:__main__:Completed epoch 31 of 100

INFO:__main__:NLL: 0.1279, L2: 0.0478, Reg: 0.0014
INFO:__main__:Total loss 0.1771
INFO:__main__:Predicted mean: -0.4683
INFO:__main__:Predicted uncertainity -0.5898
INFO:__main__:Completed epoch 32 of 100

INFO:__main__:NLL: 0.2019, L2: 0.0558, Reg: 0.0021
INFO:__main__:Total loss 0.2597
INFO:__main__:Predicted mean: -0.4441
INFO:__main__:Predicted uncertainity -0.7716
INFO:__main__:Completed epoch 33 of 100

INFO:__main__:NLL: 0.1895, L2: 0.0532, Reg: 0.0016
INFO:__main__:Total loss 0.2443
INFO:__main__:Predicted mean: -0.4887
INFO:__main__:Predicted uncertainity -0.6720
INFO:__main__:Completed epoch 34 of 100

INFO:__main__:NLL: 0.1114, L2: 0.0532, Reg: 0.0022
INFO:__main__:Total loss 0.1668
INFO:__main__:Predicted mean: -0.4096
INFO:__main__:Predicted uncertainity -0.7833
INFO:__main__:Completed epoch 35 of 100

INFO:__main__:NLL: 0.1192, L2: 0.0538, Reg: 0.0019
INFO:__main__:Total loss 0.1749
INFO:__main__:Predicted mean: -0.4755
INFO:__main__:Predicted uncertainity -0.7383
INFO:__main__:Completed epoch 36 of 100

INFO:__main__:NLL: 0.2447, L2: 0.0416, Reg: 0.0011
INFO:__main__:Total loss 0.2874
INFO:__main__:Predicted mean: -0.4163
INFO:__main__:Predicted uncertainity -0.5787
INFO:__main__:Completed epoch 37 of 100

INFO:__main__:NLL: 0.0872, L2: 0.0507, Reg: 0.0017
INFO:__main__:Total loss 0.1396
INFO:__main__:Predicted mean: -0.4667
INFO:__main__:Predicted uncertainity -0.7078
INFO:__main__:Completed epoch 38 of 100

INFO:__main__:NLL: 0.0874, L2: 0.0526, Reg: 0.0018
INFO:__main__:Total loss 0.1418
INFO:__main__:Predicted mean: -0.4825
INFO:__main__:Predicted uncertainity -0.7556
INFO:__main__:Completed epoch 39 of 100

INFO:__main__:NLL: 0.1059, L2: 0.0486, Reg: 0.0017
INFO:__main__:Total loss 0.1561
INFO:__main__:Predicted mean: -0.4530
INFO:__main__:Predicted uncertainity -0.6228
INFO:__main__:Completed epoch 40 of 100

INFO:__main__:NLL: 0.1538, L2: 0.0521, Reg: 0.0017
INFO:__main__:Total loss 0.2077
INFO:__main__:Predicted mean: -0.4406
INFO:__main__:Predicted uncertainity -0.6951
INFO:__main__:Completed epoch 41 of 100

INFO:__main__:NLL: 0.2905, L2: 0.0517, Reg: 0.0018
INFO:__main__:Total loss 0.3440
INFO:__main__:Predicted mean: -0.4711
INFO:__main__:Predicted uncertainity -0.7253
INFO:__main__:Completed epoch 42 of 100

INFO:__main__:NLL: 0.1407, L2: 0.0517, Reg: 0.0017
INFO:__main__:Total loss 0.1941
INFO:__main__:Predicted mean: -0.4774
INFO:__main__:Predicted uncertainity -0.6742
INFO:__main__:Completed epoch 43 of 100

INFO:__main__:NLL: 0.1635, L2: 0.0551, Reg: 0.0020
INFO:__main__:Total loss 0.2206
INFO:__main__:Predicted mean: -0.4699
INFO:__main__:Predicted uncertainity -0.8075
INFO:__main__:Completed epoch 44 of 100

INFO:__main__:NLL: 0.1936, L2: 0.0470, Reg: 0.0018
INFO:__main__:Total loss 0.2424
INFO:__main__:Predicted mean: -0.4000
INFO:__main__:Predicted uncertainity -0.7144
INFO:__main__:Completed epoch 45 of 100

INFO:__main__:NLL: 0.2744, L2: 0.0511, Reg: 0.0016
INFO:__main__:Total loss 0.3271
INFO:__main__:Predicted mean: -0.4511
INFO:__main__:Predicted uncertainity -0.6802
INFO:__main__:Completed epoch 46 of 100

INFO:__main__:NLL: 0.0968, L2: 0.0590, Reg: 0.0022
INFO:__main__:Total loss 0.1580
INFO:__main__:Predicted mean: -0.5115
INFO:__main__:Predicted uncertainity -0.7475
INFO:__main__:Completed epoch 47 of 100

INFO:__main__:NLL: 0.2772, L2: 0.0500, Reg: 0.0016
INFO:__main__:Total loss 0.3288
INFO:__main__:Predicted mean: -0.4307
INFO:__main__:Predicted uncertainity -0.6379
INFO:__main__:Completed epoch 48 of 100

INFO:__main__:NLL: 0.0867, L2: 0.0568, Reg: 0.0021
INFO:__main__:Total loss 0.1456
INFO:__main__:Predicted mean: -0.4879
INFO:__main__:Predicted uncertainity -0.7935
INFO:__main__:Completed epoch 49 of 100

INFO:__main__:NLL: 0.1430, L2: 0.0469, Reg: 0.0016
INFO:__main__:Total loss 0.1915
INFO:__main__:Predicted mean: -0.4909
INFO:__main__:Predicted uncertainity -0.7025
INFO:__main__:Completed epoch 50 of 100

INFO:__main__:NLL: 0.1467, L2: 0.0548, Reg: 0.0024
INFO:__main__:Total loss 0.2039
INFO:__main__:Predicted mean: -0.4930
INFO:__main__:Predicted uncertainity -0.8930
INFO:__main__:Completed epoch 51 of 100

INFO:__main__:NLL: 0.0534, L2: 0.0523, Reg: 0.0020
INFO:__main__:Total loss 0.1077
INFO:__main__:Predicted mean: -0.4516
INFO:__main__:Predicted uncertainity -0.7249
INFO:__main__:Completed epoch 52 of 100

INFO:__main__:NLL: 0.2626, L2: 0.0555, Reg: 0.0021
INFO:__main__:Total loss 0.3202
INFO:__main__:Predicted mean: -0.5017
INFO:__main__:Predicted uncertainity -0.7917
INFO:__main__:Completed epoch 53 of 100

INFO:__main__:NLL: 0.1091, L2: 0.0489, Reg: 0.0015
INFO:__main__:Total loss 0.1595
INFO:__main__:Predicted mean: -0.4378
INFO:__main__:Predicted uncertainity -0.6587
INFO:__main__:Completed epoch 54 of 100

INFO:__main__:NLL: 0.1661, L2: 0.0504, Reg: 0.0018
INFO:__main__:Total loss 0.2183
INFO:__main__:Predicted mean: -0.4397
INFO:__main__:Predicted uncertainity -0.7343
INFO:__main__:Completed epoch 55 of 100

INFO:__main__:NLL: 0.1945, L2: 0.0526, Reg: 0.0019
INFO:__main__:Total loss 0.2490
INFO:__main__:Predicted mean: -0.4473
INFO:__main__:Predicted uncertainity -0.7483
INFO:__main__:Completed epoch 56 of 100

INFO:__main__:NLL: 0.2152, L2: 0.0569, Reg: 0.0022
INFO:__main__:Total loss 0.2743
INFO:__main__:Predicted mean: -0.4611
INFO:__main__:Predicted uncertainity -0.7704
INFO:__main__:Completed epoch 57 of 100

INFO:__main__:NLL: 0.2210, L2: 0.0572, Reg: 0.0025
INFO:__main__:Total loss 0.2807
INFO:__main__:Predicted mean: -0.5011
INFO:__main__:Predicted uncertainity -0.8095
INFO:__main__:Completed epoch 58 of 100

INFO:__main__:NLL: 0.1528, L2: 0.0459, Reg: 0.0014
INFO:__main__:Total loss 0.2001
INFO:__main__:Predicted mean: -0.4123
INFO:__main__:Predicted uncertainity -0.5793
INFO:__main__:Completed epoch 59 of 100

INFO:__main__:NLL: 0.1072, L2: 0.0503, Reg: 0.0015
INFO:__main__:Total loss 0.1590
INFO:__main__:Predicted mean: -0.4302
INFO:__main__:Predicted uncertainity -0.5935
INFO:__main__:Completed epoch 60 of 100

INFO:__main__:NLL: 0.0327, L2: 0.0539, Reg: 0.0021
INFO:__main__:Total loss 0.0886
INFO:__main__:Predicted mean: -0.4650
INFO:__main__:Predicted uncertainity -0.6985
INFO:__main__:Completed epoch 61 of 100

INFO:__main__:NLL: 0.2025, L2: 0.0455, Reg: 0.0015
INFO:__main__:Total loss 0.2495
INFO:__main__:Predicted mean: -0.4486
INFO:__main__:Predicted uncertainity -0.6773
INFO:__main__:Completed epoch 62 of 100

INFO:__main__:NLL: 0.5072, L2: 0.0607, Reg: 0.0027
INFO:__main__:Total loss 0.5706
INFO:__main__:Predicted mean: -0.4842
INFO:__main__:Predicted uncertainity -0.7740
INFO:__main__:Completed epoch 63 of 100

INFO:__main__:NLL: 0.1201, L2: 0.0587, Reg: 0.0020
INFO:__main__:Total loss 0.1808
INFO:__main__:Predicted mean: -0.5424
INFO:__main__:Predicted uncertainity -0.7037
INFO:__main__:Completed epoch 64 of 100

INFO:__main__:NLL: 0.0176, L2: 0.0532, Reg: 0.0019
INFO:__main__:Total loss 0.0727
INFO:__main__:Predicted mean: -0.4798
INFO:__main__:Predicted uncertainity -0.7235
INFO:__main__:Completed epoch 65 of 100

INFO:__main__:NLL: 0.1556, L2: 0.0542, Reg: 0.0021
INFO:__main__:Total loss 0.2119
INFO:__main__:Predicted mean: -0.4647
INFO:__main__:Predicted uncertainity -0.7414
INFO:__main__:Completed epoch 66 of 100

INFO:__main__:NLL: 0.1305, L2: 0.0554, Reg: 0.0021
INFO:__main__:Total loss 0.1881
INFO:__main__:Predicted mean: -0.5199
INFO:__main__:Predicted uncertainity -0.7349
INFO:__main__:Completed epoch 67 of 100

INFO:__main__:NLL: 0.1930, L2: 0.0495, Reg: 0.0017
INFO:__main__:Total loss 0.2442
INFO:__main__:Predicted mean: -0.4720
INFO:__main__:Predicted uncertainity -0.7171
INFO:__main__:Completed epoch 68 of 100

INFO:__main__:NLL: 0.1333, L2: 0.0550, Reg: 0.0020
INFO:__main__:Total loss 0.1903
INFO:__main__:Predicted mean: -0.4435
INFO:__main__:Predicted uncertainity -0.7120
INFO:__main__:Completed epoch 69 of 100

INFO:__main__:NLL: 0.0626, L2: 0.0486, Reg: 0.0015
INFO:__main__:Total loss 0.1127
INFO:__main__:Predicted mean: -0.4387
INFO:__main__:Predicted uncertainity -0.7068
INFO:__main__:Completed epoch 70 of 100

INFO:__main__:NLL: 0.1971, L2: 0.0456, Reg: 0.0016
INFO:__main__:Total loss 0.2444
INFO:__main__:Predicted mean: -0.4045
INFO:__main__:Predicted uncertainity -0.6891
INFO:__main__:Completed epoch 71 of 100

INFO:__main__:NLL: 0.1912, L2: 0.0465, Reg: 0.0015
INFO:__main__:Total loss 0.2392
INFO:__main__:Predicted mean: -0.4332
INFO:__main__:Predicted uncertainity -0.6457
INFO:__main__:Completed epoch 72 of 100

INFO:__main__:NLL: 0.0826, L2: 0.0518, Reg: 0.0015
INFO:__main__:Total loss 0.1359
INFO:__main__:Predicted mean: -0.4302
INFO:__main__:Predicted uncertainity -0.6413
INFO:__main__:Completed epoch 73 of 100

INFO:__main__:NLL: 0.0532, L2: 0.0468, Reg: 0.0014
INFO:__main__:Total loss 0.1013
INFO:__main__:Predicted mean: -0.4633
INFO:__main__:Predicted uncertainity -0.6667
INFO:__main__:Completed epoch 74 of 100

INFO:__main__:NLL: 0.4390, L2: 0.0542, Reg: 0.0017
INFO:__main__:Total loss 0.4949
INFO:__main__:Predicted mean: -0.4469
INFO:__main__:Predicted uncertainity -0.6502
INFO:__main__:Completed epoch 75 of 100

INFO:__main__:NLL: 0.0849, L2: 0.0531, Reg: 0.0020
INFO:__main__:Total loss 0.1400
INFO:__main__:Predicted mean: -0.4657
INFO:__main__:Predicted uncertainity -0.6760
INFO:__main__:Completed epoch 76 of 100

INFO:__main__:NLL: 0.1463, L2: 0.0498, Reg: 0.0014
INFO:__main__:Total loss 0.1976
INFO:__main__:Predicted mean: -0.4760
INFO:__main__:Predicted uncertainity -0.5764
INFO:__main__:Completed epoch 77 of 100

INFO:__main__:NLL: 0.0520, L2: 0.0577, Reg: 0.0021
INFO:__main__:Total loss 0.1118
INFO:__main__:Predicted mean: -0.5103
INFO:__main__:Predicted uncertainity -0.5954
INFO:__main__:Completed epoch 78 of 100

INFO:__main__:NLL: 0.0838, L2: 0.0505, Reg: 0.0017
INFO:__main__:Total loss 0.1360
INFO:__main__:Predicted mean: -0.4482
INFO:__main__:Predicted uncertainity -0.7193
INFO:__main__:Completed epoch 79 of 100

INFO:__main__:NLL: 0.1025, L2: 0.0518, Reg: 0.0015
INFO:__main__:Total loss 0.1558
INFO:__main__:Predicted mean: -0.4176
INFO:__main__:Predicted uncertainity -0.6366
INFO:__main__:Completed epoch 80 of 100

INFO:__main__:NLL: 0.1871, L2: 0.0505, Reg: 0.0020
INFO:__main__:Total loss 0.2396
INFO:__main__:Predicted mean: -0.4449
INFO:__main__:Predicted uncertainity -0.7624
INFO:__main__:Completed epoch 81 of 100

INFO:__main__:NLL: 0.1947, L2: 0.0483, Reg: 0.0015
INFO:__main__:Total loss 0.2445
INFO:__main__:Predicted mean: -0.3969
INFO:__main__:Predicted uncertainity -0.6192
INFO:__main__:Completed epoch 82 of 100

INFO:__main__:NLL: 0.1732, L2: 0.0465, Reg: 0.0018
INFO:__main__:Total loss 0.2215
INFO:__main__:Predicted mean: -0.4006
INFO:__main__:Predicted uncertainity -0.7209
INFO:__main__:Completed epoch 83 of 100

INFO:__main__:NLL: 0.1279, L2: 0.0434, Reg: 0.0014
INFO:__main__:Total loss 0.1726
INFO:__main__:Predicted mean: -0.3928
INFO:__main__:Predicted uncertainity -0.6441
INFO:__main__:Completed epoch 84 of 100

INFO:__main__:NLL: 0.1560, L2: 0.0528, Reg: 0.0018
INFO:__main__:Total loss 0.2106
INFO:__main__:Predicted mean: -0.4711
INFO:__main__:Predicted uncertainity -0.6221
INFO:__main__:Completed epoch 85 of 100

INFO:__main__:NLL: 0.1369, L2: 0.0569, Reg: 0.0022
INFO:__main__:Total loss 0.1959
INFO:__main__:Predicted mean: -0.4711
INFO:__main__:Predicted uncertainity -0.7092
INFO:__main__:Completed epoch 86 of 100

INFO:__main__:NLL: 0.1267, L2: 0.0606, Reg: 0.0024
INFO:__main__:Total loss 0.1897
INFO:__main__:Predicted mean: -0.5200
INFO:__main__:Predicted uncertainity -0.7569
INFO:__main__:Completed epoch 87 of 100

INFO:__main__:NLL: 0.2938, L2: 0.0540, Reg: 0.0018
INFO:__main__:Total loss 0.3496
INFO:__main__:Predicted mean: -0.4861
INFO:__main__:Predicted uncertainity -0.7399
INFO:__main__:Completed epoch 88 of 100

INFO:__main__:NLL: 0.3191, L2: 0.0508, Reg: 0.0016
INFO:__main__:Total loss 0.3716
INFO:__main__:Predicted mean: -0.4346
INFO:__main__:Predicted uncertainity -0.7202
INFO:__main__:Completed epoch 89 of 100

INFO:__main__:NLL: 0.1935, L2: 0.0525, Reg: 0.0019
INFO:__main__:Total loss 0.2480
INFO:__main__:Predicted mean: -0.4365
INFO:__main__:Predicted uncertainity -0.6762
INFO:__main__:Completed epoch 90 of 100

INFO:__main__:NLL: 0.1334, L2: 0.0564, Reg: 0.0018
INFO:__main__:Total loss 0.1916
INFO:__main__:Predicted mean: -0.4676
INFO:__main__:Predicted uncertainity -0.6219
INFO:__main__:Completed epoch 91 of 100

INFO:__main__:NLL: 0.0703, L2: 0.0520, Reg: 0.0019
INFO:__main__:Total loss 0.1241
INFO:__main__:Predicted mean: -0.4646
INFO:__main__:Predicted uncertainity -0.6740
INFO:__main__:Completed epoch 92 of 100

INFO:__main__:NLL: 0.2167, L2: 0.0509, Reg: 0.0018
INFO:__main__:Total loss 0.2694
INFO:__main__:Predicted mean: -0.4687
INFO:__main__:Predicted uncertainity -0.7024
INFO:__main__:Completed epoch 93 of 100

INFO:__main__:NLL: 0.2929, L2: 0.0580, Reg: 0.0023
INFO:__main__:Total loss 0.3532
INFO:__main__:Predicted mean: -0.4585
INFO:__main__:Predicted uncertainity -0.7907
INFO:__main__:Completed epoch 94 of 100

INFO:__main__:NLL: 0.1749, L2: 0.0448, Reg: 0.0016
INFO:__main__:Total loss 0.2212
INFO:__main__:Predicted mean: -0.3930
INFO:__main__:Predicted uncertainity -0.6917
INFO:__main__:Completed epoch 95 of 100

INFO:__main__:NLL: 0.2177, L2: 0.0526, Reg: 0.0019
INFO:__main__:Total loss 0.2723
INFO:__main__:Predicted mean: -0.4493
INFO:__main__:Predicted uncertainity -0.7807
INFO:__main__:Completed epoch 96 of 100

INFO:__main__:NLL: 0.2019, L2: 0.0532, Reg: 0.0020
INFO:__main__:Total loss 0.2571
INFO:__main__:Predicted mean: -0.4389
INFO:__main__:Predicted uncertainity -0.6764
INFO:__main__:Completed epoch 97 of 100

INFO:__main__:NLL: 0.0518, L2: 0.0500, Reg: 0.0017
INFO:__main__:Total loss 0.1036
INFO:__main__:Predicted mean: -0.4227
INFO:__main__:Predicted uncertainity -0.7218
INFO:__main__:Completed epoch 98 of 100

INFO:__main__:NLL: 0.1014, L2: 0.0557, Reg: 0.0020
INFO:__main__:Total loss 0.1591
INFO:__main__:Predicted mean: -0.4555
INFO:__main__:Predicted uncertainity -0.7540
INFO:__main__:Completed epoch 99 of 100

INFO:__main__:NLL: 0.2490, L2: 0.0479, Reg: 0.0015
INFO:__main__:Total loss 0.2985
INFO:__main__:Predicted mean: -0.4331
INFO:__main__:Predicted uncertainity -0.7282
INFO:__main__:Completed epoch 100 of 100

INFO:__main__:684.499078 s
