INFO:__main__:PROCESS RUNNING ON cpu
INFO:__main__:NLL: 0.0445, L2: 0.0068, Reg: 0.0274
INFO:__main__:Total loss 0.0787
INFO:__main__:Predicted mean: -0.4504
INFO:__main__:Predicted uncertainity -0.7669
INFO:__main__:Completed epoch 1 of 100

INFO:__main__:NLL: 0.0974, L2: 0.0075, Reg: 0.0274
INFO:__main__:Total loss 0.1323
INFO:__main__:Predicted mean: -0.3741
INFO:__main__:Predicted uncertainity -0.7820
INFO:__main__:Completed epoch 2 of 100

INFO:__main__:NLL: 0.1262, L2: 0.0079, Reg: 0.0274
INFO:__main__:Total loss 0.1616
INFO:__main__:Predicted mean: -0.3887
INFO:__main__:Predicted uncertainity -0.6946
INFO:__main__:Completed epoch 3 of 100

INFO:__main__:NLL: -0.1976, L2: 0.0080, Reg: 0.0274
INFO:__main__:Total loss -0.1622
INFO:__main__:Predicted mean: -0.4625
INFO:__main__:Predicted uncertainity -0.8679
INFO:__main__:Completed epoch 4 of 100

INFO:__main__:NLL: 0.2321, L2: 0.0079, Reg: 0.0274
INFO:__main__:Total loss 0.2675
INFO:__main__:Predicted mean: -0.3713
INFO:__main__:Predicted uncertainity -0.7670
INFO:__main__:Completed epoch 5 of 100

INFO:__main__:NLL: 0.0321, L2: 0.0081, Reg: 0.0274
INFO:__main__:Total loss 0.0676
INFO:__main__:Predicted mean: -0.3416
INFO:__main__:Predicted uncertainity -0.6475
INFO:__main__:Completed epoch 6 of 100

INFO:__main__:NLL: -0.1361, L2: 0.0081, Reg: 0.0274
INFO:__main__:Total loss -0.1006
INFO:__main__:Predicted mean: -0.3816
INFO:__main__:Predicted uncertainity -0.7788
INFO:__main__:Completed epoch 7 of 100

INFO:__main__:NLL: 0.2441, L2: 0.0082, Reg: 0.0274
INFO:__main__:Total loss 0.2798
INFO:__main__:Predicted mean: -0.4487
INFO:__main__:Predicted uncertainity -0.7860
INFO:__main__:Completed epoch 8 of 100

INFO:__main__:NLL: 0.0725, L2: 0.0083, Reg: 0.0274
INFO:__main__:Total loss 0.1082
INFO:__main__:Predicted mean: -0.4369
INFO:__main__:Predicted uncertainity -0.7822
INFO:__main__:Completed epoch 9 of 100

INFO:__main__:NLL: 0.2125, L2: 0.0083, Reg: 0.0274
INFO:__main__:Total loss 0.2482
INFO:__main__:Predicted mean: -0.3401
INFO:__main__:Predicted uncertainity -0.7717
INFO:__main__:Completed epoch 10 of 100

INFO:__main__:NLL: 0.0568, L2: 0.0082, Reg: 0.0274
INFO:__main__:Total loss 0.0925
INFO:__main__:Predicted mean: -0.3787
INFO:__main__:Predicted uncertainity -0.7618
INFO:__main__:Completed epoch 11 of 100

INFO:__main__:NLL: 0.1668, L2: 0.0079, Reg: 0.0274
INFO:__main__:Total loss 0.2021
INFO:__main__:Predicted mean: -0.4388
INFO:__main__:Predicted uncertainity -0.7189
INFO:__main__:Completed epoch 12 of 100

INFO:__main__:NLL: 0.0146, L2: 0.0083, Reg: 0.0274
INFO:__main__:Total loss 0.0503
INFO:__main__:Predicted mean: -0.3563
INFO:__main__:Predicted uncertainity -0.7220
INFO:__main__:Completed epoch 13 of 100

INFO:__main__:NLL: 0.0701, L2: 0.0087, Reg: 0.0274
INFO:__main__:Total loss 0.1062
INFO:__main__:Predicted mean: -0.3936
INFO:__main__:Predicted uncertainity -0.7494
INFO:__main__:Completed epoch 14 of 100

INFO:__main__:NLL: 0.0311, L2: 0.0089, Reg: 0.0274
INFO:__main__:Total loss 0.0674
INFO:__main__:Predicted mean: -0.3635
INFO:__main__:Predicted uncertainity -0.8107
INFO:__main__:Completed epoch 15 of 100

INFO:__main__:NLL: 0.0905, L2: 0.0080, Reg: 0.0274
INFO:__main__:Total loss 0.1259
INFO:__main__:Predicted mean: -0.4033
INFO:__main__:Predicted uncertainity -0.6978
INFO:__main__:Completed epoch 16 of 100

INFO:__main__:NLL: 0.1182, L2: 0.0086, Reg: 0.0274
INFO:__main__:Total loss 0.1542
INFO:__main__:Predicted mean: -0.4015
INFO:__main__:Predicted uncertainity -0.7964
INFO:__main__:Completed epoch 17 of 100

INFO:__main__:NLL: 0.0654, L2: 0.0087, Reg: 0.0274
INFO:__main__:Total loss 0.1015
INFO:__main__:Predicted mean: -0.3827
INFO:__main__:Predicted uncertainity -0.7344
INFO:__main__:Completed epoch 18 of 100

INFO:__main__:NLL: -0.0364, L2: 0.0088, Reg: 0.0274
INFO:__main__:Total loss -0.0002
INFO:__main__:Predicted mean: -0.3467
INFO:__main__:Predicted uncertainity -0.8125
INFO:__main__:Completed epoch 19 of 100

INFO:__main__:NLL: 0.0586, L2: 0.0087, Reg: 0.0274
INFO:__main__:Total loss 0.0947
INFO:__main__:Predicted mean: -0.3844
INFO:__main__:Predicted uncertainity -0.7916
INFO:__main__:Completed epoch 20 of 100

INFO:__main__:NLL: 0.0883, L2: 0.0088, Reg: 0.0274
INFO:__main__:Total loss 0.1245
INFO:__main__:Predicted mean: -0.3666
INFO:__main__:Predicted uncertainity -0.6340
INFO:__main__:Completed epoch 21 of 100

INFO:__main__:NLL: 0.0714, L2: 0.0083, Reg: 0.0274
INFO:__main__:Total loss 0.1071
INFO:__main__:Predicted mean: -0.3543
INFO:__main__:Predicted uncertainity -0.7355
INFO:__main__:Completed epoch 22 of 100

INFO:__main__:NLL: 0.4006, L2: 0.0082, Reg: 0.0274
INFO:__main__:Total loss 0.4363
INFO:__main__:Predicted mean: -0.4096
INFO:__main__:Predicted uncertainity -0.7756
INFO:__main__:Completed epoch 23 of 100

INFO:__main__:NLL: 0.0263, L2: 0.0087, Reg: 0.0274
INFO:__main__:Total loss 0.0625
INFO:__main__:Predicted mean: -0.3838
INFO:__main__:Predicted uncertainity -0.6795
INFO:__main__:Completed epoch 24 of 100

INFO:__main__:NLL: 0.0163, L2: 0.0091, Reg: 0.0274
INFO:__main__:Total loss 0.0528
INFO:__main__:Predicted mean: -0.3397
INFO:__main__:Predicted uncertainity -0.7484
INFO:__main__:Completed epoch 25 of 100

INFO:__main__:NLL: 0.2742, L2: 0.0091, Reg: 0.0274
INFO:__main__:Total loss 0.3107
INFO:__main__:Predicted mean: -0.3868
INFO:__main__:Predicted uncertainity -0.7236
INFO:__main__:Completed epoch 26 of 100

INFO:__main__:NLL: 0.1017, L2: 0.0084, Reg: 0.0274
INFO:__main__:Total loss 0.1376
INFO:__main__:Predicted mean: -0.3294
INFO:__main__:Predicted uncertainity -0.6786
INFO:__main__:Completed epoch 27 of 100

INFO:__main__:NLL: -0.0239, L2: 0.0085, Reg: 0.0275
INFO:__main__:Total loss 0.0121
INFO:__main__:Predicted mean: -0.3736
INFO:__main__:Predicted uncertainity -0.8607
INFO:__main__:Completed epoch 28 of 100

INFO:__main__:NLL: 0.1758, L2: 0.0085, Reg: 0.0274
INFO:__main__:Total loss 0.2117
INFO:__main__:Predicted mean: -0.3426
INFO:__main__:Predicted uncertainity -0.7417
INFO:__main__:Completed epoch 29 of 100

INFO:__main__:NLL: 0.0605, L2: 0.0085, Reg: 0.0274
INFO:__main__:Total loss 0.0965
INFO:__main__:Predicted mean: -0.3959
INFO:__main__:Predicted uncertainity -0.7656
INFO:__main__:Completed epoch 30 of 100

INFO:__main__:NLL: -0.1015, L2: 0.0089, Reg: 0.0274
INFO:__main__:Total loss -0.0652
INFO:__main__:Predicted mean: -0.3266
INFO:__main__:Predicted uncertainity -0.7609
INFO:__main__:Completed epoch 31 of 100

INFO:__main__:NLL: 0.0431, L2: 0.0090, Reg: 0.0274
INFO:__main__:Total loss 0.0795
INFO:__main__:Predicted mean: -0.3158
INFO:__main__:Predicted uncertainity -0.7699
INFO:__main__:Completed epoch 32 of 100

INFO:__main__:NLL: 0.1545, L2: 0.0087, Reg: 0.0274
INFO:__main__:Total loss 0.1906
INFO:__main__:Predicted mean: -0.4130
INFO:__main__:Predicted uncertainity -0.8719
INFO:__main__:Completed epoch 33 of 100

INFO:__main__:NLL: 0.1081, L2: 0.0090, Reg: 0.0274
INFO:__main__:Total loss 0.1446
INFO:__main__:Predicted mean: -0.3765
INFO:__main__:Predicted uncertainity -0.7652
INFO:__main__:Completed epoch 34 of 100

INFO:__main__:NLL: 0.0937, L2: 0.0089, Reg: 0.0274
INFO:__main__:Total loss 0.1300
INFO:__main__:Predicted mean: -0.3748
INFO:__main__:Predicted uncertainity -0.7976
INFO:__main__:Completed epoch 35 of 100

INFO:__main__:NLL: 0.0458, L2: 0.0092, Reg: 0.0274
INFO:__main__:Total loss 0.0824
INFO:__main__:Predicted mean: -0.3624
INFO:__main__:Predicted uncertainity -0.8532
INFO:__main__:Completed epoch 36 of 100

INFO:__main__:NLL: 0.2989, L2: 0.0092, Reg: 0.0274
INFO:__main__:Total loss 0.3355
INFO:__main__:Predicted mean: -0.3997
INFO:__main__:Predicted uncertainity -0.7387
INFO:__main__:Completed epoch 37 of 100

INFO:__main__:NLL: -0.0719, L2: 0.0094, Reg: 0.0274
INFO:__main__:Total loss -0.0352
INFO:__main__:Predicted mean: -0.3344
INFO:__main__:Predicted uncertainity -0.8233
INFO:__main__:Completed epoch 38 of 100

INFO:__main__:NLL: 0.1181, L2: 0.0091, Reg: 0.0274
INFO:__main__:Total loss 0.1547
INFO:__main__:Predicted mean: -0.4490
INFO:__main__:Predicted uncertainity -0.8201
INFO:__main__:Completed epoch 39 of 100

INFO:__main__:NLL: 0.0303, L2: 0.0089, Reg: 0.0274
INFO:__main__:Total loss 0.0666
INFO:__main__:Predicted mean: -0.3631
INFO:__main__:Predicted uncertainity -0.6828
INFO:__main__:Completed epoch 40 of 100

INFO:__main__:NLL: 0.0829, L2: 0.0086, Reg: 0.0274
INFO:__main__:Total loss 0.1188
INFO:__main__:Predicted mean: -0.3025
INFO:__main__:Predicted uncertainity -0.7106
INFO:__main__:Completed epoch 41 of 100

INFO:__main__:NLL: 0.4504, L2: 0.0089, Reg: 0.0274
INFO:__main__:Total loss 0.4868
INFO:__main__:Predicted mean: -0.4308
INFO:__main__:Predicted uncertainity -0.8054
INFO:__main__:Completed epoch 42 of 100

INFO:__main__:NLL: 0.0613, L2: 0.0095, Reg: 0.0274
INFO:__main__:Total loss 0.0982
INFO:__main__:Predicted mean: -0.3488
INFO:__main__:Predicted uncertainity -0.7341
INFO:__main__:Completed epoch 43 of 100

INFO:__main__:NLL: 0.0060, L2: 0.0095, Reg: 0.0274
INFO:__main__:Total loss 0.0429
INFO:__main__:Predicted mean: -0.3293
INFO:__main__:Predicted uncertainity -0.7073
INFO:__main__:Completed epoch 44 of 100

INFO:__main__:NLL: 0.1807, L2: 0.0093, Reg: 0.0274
INFO:__main__:Total loss 0.2174
INFO:__main__:Predicted mean: -0.3737
INFO:__main__:Predicted uncertainity -0.7731
INFO:__main__:Completed epoch 45 of 100

INFO:__main__:NLL: 0.0946, L2: 0.0092, Reg: 0.0274
INFO:__main__:Total loss 0.1313
INFO:__main__:Predicted mean: -0.3470
INFO:__main__:Predicted uncertainity -0.7422
INFO:__main__:Completed epoch 46 of 100

INFO:__main__:NLL: -0.0278, L2: 0.0094, Reg: 0.0274
INFO:__main__:Total loss 0.0090
INFO:__main__:Predicted mean: -0.3881
INFO:__main__:Predicted uncertainity -0.7475
INFO:__main__:Completed epoch 47 of 100

INFO:__main__:NLL: 0.3442, L2: 0.0096, Reg: 0.0274
INFO:__main__:Total loss 0.3812
INFO:__main__:Predicted mean: -0.4119
INFO:__main__:Predicted uncertainity -0.6591
INFO:__main__:Completed epoch 48 of 100

INFO:__main__:NLL: 0.0758, L2: 0.0096, Reg: 0.0274
INFO:__main__:Total loss 0.1129
INFO:__main__:Predicted mean: -0.3879
INFO:__main__:Predicted uncertainity -0.7898
INFO:__main__:Completed epoch 49 of 100

INFO:__main__:NLL: -0.0232, L2: 0.0091, Reg: 0.0274
INFO:__main__:Total loss 0.0133
INFO:__main__:Predicted mean: -0.4120
INFO:__main__:Predicted uncertainity -0.7374
INFO:__main__:Completed epoch 50 of 100

INFO:__main__:NLL: 0.1104, L2: 0.0097, Reg: 0.0274
INFO:__main__:Total loss 0.1475
INFO:__main__:Predicted mean: -0.4186
INFO:__main__:Predicted uncertainity -0.8187
INFO:__main__:Completed epoch 51 of 100

INFO:__main__:NLL: 0.0777, L2: 0.0087, Reg: 0.0274
INFO:__main__:Total loss 0.1139
INFO:__main__:Predicted mean: -0.3678
INFO:__main__:Predicted uncertainity -0.7291
INFO:__main__:Completed epoch 52 of 100

INFO:__main__:NLL: 0.1846, L2: 0.0085, Reg: 0.0274
INFO:__main__:Total loss 0.2205
INFO:__main__:Predicted mean: -0.4151
INFO:__main__:Predicted uncertainity -0.7059
INFO:__main__:Completed epoch 53 of 100

INFO:__main__:NLL: 0.0305, L2: 0.0088, Reg: 0.0274
INFO:__main__:Total loss 0.0667
INFO:__main__:Predicted mean: -0.3533
INFO:__main__:Predicted uncertainity -0.7457
INFO:__main__:Completed epoch 54 of 100

INFO:__main__:NLL: 0.1419, L2: 0.0090, Reg: 0.0274
INFO:__main__:Total loss 0.1784
INFO:__main__:Predicted mean: -0.3924
INFO:__main__:Predicted uncertainity -0.7886
INFO:__main__:Completed epoch 55 of 100

INFO:__main__:NLL: 0.1889, L2: 0.0087, Reg: 0.0274
INFO:__main__:Total loss 0.2250
INFO:__main__:Predicted mean: -0.3859
INFO:__main__:Predicted uncertainity -0.7856
INFO:__main__:Completed epoch 56 of 100

INFO:__main__:NLL: 0.1831, L2: 0.0088, Reg: 0.0274
INFO:__main__:Total loss 0.2193
INFO:__main__:Predicted mean: -0.3335
INFO:__main__:Predicted uncertainity -0.8291
INFO:__main__:Completed epoch 57 of 100

INFO:__main__:NLL: 0.1455, L2: 0.0090, Reg: 0.0275
INFO:__main__:Total loss 0.1820
INFO:__main__:Predicted mean: -0.3657
INFO:__main__:Predicted uncertainity -0.7745
INFO:__main__:Completed epoch 58 of 100

INFO:__main__:NLL: 0.0901, L2: 0.0092, Reg: 0.0274
INFO:__main__:Total loss 0.1267
INFO:__main__:Predicted mean: -0.3823
INFO:__main__:Predicted uncertainity -0.7713
INFO:__main__:Completed epoch 59 of 100

INFO:__main__:NLL: 0.0597, L2: 0.0088, Reg: 0.0274
INFO:__main__:Total loss 0.0960
INFO:__main__:Predicted mean: -0.4083
INFO:__main__:Predicted uncertainity -0.5812
INFO:__main__:Completed epoch 60 of 100

INFO:__main__:NLL: 0.0138, L2: 0.0094, Reg: 0.0274
INFO:__main__:Total loss 0.0506
INFO:__main__:Predicted mean: -0.3722
INFO:__main__:Predicted uncertainity -0.6620
INFO:__main__:Completed epoch 61 of 100

INFO:__main__:NLL: 0.1470, L2: 0.0088, Reg: 0.0274
INFO:__main__:Total loss 0.1832
INFO:__main__:Predicted mean: -0.3941
INFO:__main__:Predicted uncertainity -0.7860
INFO:__main__:Completed epoch 62 of 100

INFO:__main__:NLL: 0.1047, L2: 0.0089, Reg: 0.0274
INFO:__main__:Total loss 0.1410
INFO:__main__:Predicted mean: -0.3352
INFO:__main__:Predicted uncertainity -0.7648
INFO:__main__:Completed epoch 63 of 100

INFO:__main__:NLL: 0.2010, L2: 0.0091, Reg: 0.0274
INFO:__main__:Total loss 0.2376
INFO:__main__:Predicted mean: -0.3946
INFO:__main__:Predicted uncertainity -0.8451
INFO:__main__:Completed epoch 64 of 100

INFO:__main__:NLL: 0.0153, L2: 0.0087, Reg: 0.0274
INFO:__main__:Total loss 0.0514
INFO:__main__:Predicted mean: -0.4238
INFO:__main__:Predicted uncertainity -0.7764
INFO:__main__:Completed epoch 65 of 100

INFO:__main__:NLL: 0.1473, L2: 0.0082, Reg: 0.0274
INFO:__main__:Total loss 0.1830
INFO:__main__:Predicted mean: -0.3861
INFO:__main__:Predicted uncertainity -0.7010
INFO:__main__:Completed epoch 66 of 100

INFO:__main__:NLL: 0.0089, L2: 0.0091, Reg: 0.0274
INFO:__main__:Total loss 0.0455
INFO:__main__:Predicted mean: -0.4169
INFO:__main__:Predicted uncertainity -0.8146
INFO:__main__:Completed epoch 67 of 100

INFO:__main__:NLL: 0.1042, L2: 0.0089, Reg: 0.0274
INFO:__main__:Total loss 0.1406
INFO:__main__:Predicted mean: -0.3719
INFO:__main__:Predicted uncertainity -0.7368
INFO:__main__:Completed epoch 68 of 100

INFO:__main__:NLL: 0.0944, L2: 0.0087, Reg: 0.0274
INFO:__main__:Total loss 0.1305
INFO:__main__:Predicted mean: -0.3576
INFO:__main__:Predicted uncertainity -0.7954
INFO:__main__:Completed epoch 69 of 100

INFO:__main__:NLL: -0.1335, L2: 0.0091, Reg: 0.0274
INFO:__main__:Total loss -0.0970
INFO:__main__:Predicted mean: -0.3439
INFO:__main__:Predicted uncertainity -0.7868
INFO:__main__:Completed epoch 70 of 100

INFO:__main__:NLL: 0.0816, L2: 0.0092, Reg: 0.0274
INFO:__main__:Total loss 0.1183
INFO:__main__:Predicted mean: -0.3595
INFO:__main__:Predicted uncertainity -0.7622
INFO:__main__:Completed epoch 71 of 100

INFO:__main__:NLL: 0.0308, L2: 0.0083, Reg: 0.0274
INFO:__main__:Total loss 0.0666
INFO:__main__:Predicted mean: -0.3610
INFO:__main__:Predicted uncertainity -0.6968
INFO:__main__:Completed epoch 72 of 100

INFO:__main__:NLL: -0.0527, L2: 0.0084, Reg: 0.0274
INFO:__main__:Total loss -0.0169
INFO:__main__:Predicted mean: -0.3921
INFO:__main__:Predicted uncertainity -0.6932
INFO:__main__:Completed epoch 73 of 100

INFO:__main__:NLL: -0.0166, L2: 0.0085, Reg: 0.0274
INFO:__main__:Total loss 0.0193
INFO:__main__:Predicted mean: -0.3901
INFO:__main__:Predicted uncertainity -0.9331
INFO:__main__:Completed epoch 74 of 100

INFO:__main__:NLL: 0.0770, L2: 0.0086, Reg: 0.0274
INFO:__main__:Total loss 0.1130
INFO:__main__:Predicted mean: -0.3866
INFO:__main__:Predicted uncertainity -0.6772
INFO:__main__:Completed epoch 75 of 100

INFO:__main__:NLL: 0.0323, L2: 0.0090, Reg: 0.0274
INFO:__main__:Total loss 0.0687
INFO:__main__:Predicted mean: -0.4002
INFO:__main__:Predicted uncertainity -0.7213
INFO:__main__:Completed epoch 76 of 100

INFO:__main__:NLL: 0.1341, L2: 0.0088, Reg: 0.0275
INFO:__main__:Total loss 0.1704
INFO:__main__:Predicted mean: -0.3315
INFO:__main__:Predicted uncertainity -0.6039
INFO:__main__:Completed epoch 77 of 100

INFO:__main__:NLL: 0.0453, L2: 0.0082, Reg: 0.0274
INFO:__main__:Total loss 0.0810
INFO:__main__:Predicted mean: -0.3915
INFO:__main__:Predicted uncertainity -0.7327
INFO:__main__:Completed epoch 78 of 100

INFO:__main__:NLL: 0.2042, L2: 0.0086, Reg: 0.0274
INFO:__main__:Total loss 0.2402
INFO:__main__:Predicted mean: -0.3866
INFO:__main__:Predicted uncertainity -0.7601
INFO:__main__:Completed epoch 79 of 100

INFO:__main__:NLL: 0.0347, L2: 0.0085, Reg: 0.0274
INFO:__main__:Total loss 0.0707
INFO:__main__:Predicted mean: -0.4014
INFO:__main__:Predicted uncertainity -0.7104
INFO:__main__:Completed epoch 80 of 100

INFO:__main__:NLL: -0.0391, L2: 0.0086, Reg: 0.0274
INFO:__main__:Total loss -0.0031
INFO:__main__:Predicted mean: -0.3205
INFO:__main__:Predicted uncertainity -0.7322
INFO:__main__:Completed epoch 81 of 100

INFO:__main__:NLL: 0.1191, L2: 0.0088, Reg: 0.0274
INFO:__main__:Total loss 0.1553
INFO:__main__:Predicted mean: -0.3627
INFO:__main__:Predicted uncertainity -0.7285
INFO:__main__:Completed epoch 82 of 100

INFO:__main__:NLL: 0.2857, L2: 0.0082, Reg: 0.0274
INFO:__main__:Total loss 0.3213
INFO:__main__:Predicted mean: -0.4370
INFO:__main__:Predicted uncertainity -0.7181
INFO:__main__:Completed epoch 83 of 100

INFO:__main__:NLL: -0.0147, L2: 0.0090, Reg: 0.0274
INFO:__main__:Total loss 0.0217
INFO:__main__:Predicted mean: -0.4079
INFO:__main__:Predicted uncertainity -0.7003
INFO:__main__:Completed epoch 84 of 100

INFO:__main__:NLL: 0.0669, L2: 0.0088, Reg: 0.0274
INFO:__main__:Total loss 0.1031
INFO:__main__:Predicted mean: -0.3213
INFO:__main__:Predicted uncertainity -0.6845
INFO:__main__:Completed epoch 85 of 100

INFO:__main__:NLL: -0.0732, L2: 0.0085, Reg: 0.0274
INFO:__main__:Total loss -0.0373
INFO:__main__:Predicted mean: -0.3427
INFO:__main__:Predicted uncertainity -0.8006
INFO:__main__:Completed epoch 86 of 100

INFO:__main__:NLL: 0.0448, L2: 0.0086, Reg: 0.0274
INFO:__main__:Total loss 0.0808
INFO:__main__:Predicted mean: -0.4311
INFO:__main__:Predicted uncertainity -0.7350
INFO:__main__:Completed epoch 87 of 100

INFO:__main__:NLL: 0.1654, L2: 0.0091, Reg: 0.0274
INFO:__main__:Total loss 0.2019
INFO:__main__:Predicted mean: -0.3725
INFO:__main__:Predicted uncertainity -0.7845
INFO:__main__:Completed epoch 88 of 100

INFO:__main__:NLL: 0.3434, L2: 0.0089, Reg: 0.0274
INFO:__main__:Total loss 0.3797
INFO:__main__:Predicted mean: -0.3502
INFO:__main__:Predicted uncertainity -0.7800
INFO:__main__:Completed epoch 89 of 100

INFO:__main__:NLL: 0.1101, L2: 0.0085, Reg: 0.0274
INFO:__main__:Total loss 0.1460
INFO:__main__:Predicted mean: -0.3467
INFO:__main__:Predicted uncertainity -0.7174
INFO:__main__:Completed epoch 90 of 100

INFO:__main__:NLL: 0.1319, L2: 0.0087, Reg: 0.0274
INFO:__main__:Total loss 0.1680
INFO:__main__:Predicted mean: -0.3312
INFO:__main__:Predicted uncertainity -0.6971
INFO:__main__:Completed epoch 91 of 100

INFO:__main__:NLL: 0.0028, L2: 0.0083, Reg: 0.0274
INFO:__main__:Total loss 0.0386
INFO:__main__:Predicted mean: -0.3933
INFO:__main__:Predicted uncertainity -0.7105
INFO:__main__:Completed epoch 92 of 100

INFO:__main__:NLL: 0.2537, L2: 0.0086, Reg: 0.0274
INFO:__main__:Total loss 0.2897
INFO:__main__:Predicted mean: -0.3522
INFO:__main__:Predicted uncertainity -0.8092
INFO:__main__:Completed epoch 93 of 100

INFO:__main__:NLL: 0.3444, L2: 0.0086, Reg: 0.0275
INFO:__main__:Total loss 0.3804
INFO:__main__:Predicted mean: -0.3682
INFO:__main__:Predicted uncertainity -0.8344
INFO:__main__:Completed epoch 94 of 100

INFO:__main__:NLL: 0.1204, L2: 0.0084, Reg: 0.0274
INFO:__main__:Total loss 0.1563
INFO:__main__:Predicted mean: -0.3989
INFO:__main__:Predicted uncertainity -0.8264
INFO:__main__:Completed epoch 95 of 100

INFO:__main__:NLL: 0.1262, L2: 0.0082, Reg: 0.0274
INFO:__main__:Total loss 0.1618
INFO:__main__:Predicted mean: -0.3614
INFO:__main__:Predicted uncertainity -0.8354
INFO:__main__:Completed epoch 96 of 100

INFO:__main__:NLL: 0.1307, L2: 0.0086, Reg: 0.0275
INFO:__main__:Total loss 0.1668
INFO:__main__:Predicted mean: -0.3742
INFO:__main__:Predicted uncertainity -0.7649
INFO:__main__:Completed epoch 97 of 100

INFO:__main__:NLL: 0.0232, L2: 0.0091, Reg: 0.0274
INFO:__main__:Total loss 0.0597
INFO:__main__:Predicted mean: -0.3581
INFO:__main__:Predicted uncertainity -0.7605
INFO:__main__:Completed epoch 98 of 100

INFO:__main__:NLL: -0.1233, L2: 0.0087, Reg: 0.0274
INFO:__main__:Total loss -0.0872
INFO:__main__:Predicted mean: -0.3433
INFO:__main__:Predicted uncertainity -0.8228
INFO:__main__:Completed epoch 99 of 100

INFO:__main__:NLL: 0.0612, L2: 0.0090, Reg: 0.0274
INFO:__main__:Total loss 0.0976
INFO:__main__:Predicted mean: -0.3931
INFO:__main__:Predicted uncertainity -0.7879
INFO:__main__:Completed epoch 100 of 100

INFO:__main__:726.437411 s
