INFO:__main__:PROCESS RUNNING ON cpu
INFO:__main__:NLL: 0.4637, L2: 0.0013, Reg: -0.2300
INFO:__main__:Total loss 0.2350
INFO:__main__:Predicted mean: -0.3673
INFO:__main__:Predicted uncertainity 0.5844
INFO:__main__:Completed epoch 1 of 100

INFO:__main__:NLL: 0.4633, L2: 0.0010, Reg: -0.2369
INFO:__main__:Total loss 0.2274
INFO:__main__:Predicted mean: -0.3699
INFO:__main__:Predicted uncertainity 0.5896
INFO:__main__:Completed epoch 2 of 100

INFO:__main__:NLL: 0.4667, L2: 0.0010, Reg: -0.2375
INFO:__main__:Total loss 0.2302
INFO:__main__:Predicted mean: -0.3655
INFO:__main__:Predicted uncertainity 0.5920
INFO:__main__:Completed epoch 3 of 100

INFO:__main__:NLL: 0.4612, L2: 0.0009, Reg: -0.2360
INFO:__main__:Total loss 0.2261
INFO:__main__:Predicted mean: -0.3583
INFO:__main__:Predicted uncertainity 0.5826
INFO:__main__:Completed epoch 4 of 100

INFO:__main__:NLL: 0.4659, L2: 0.0010, Reg: -0.2307
INFO:__main__:Total loss 0.2362
INFO:__main__:Predicted mean: -0.3580
INFO:__main__:Predicted uncertainity 0.5914
INFO:__main__:Completed epoch 5 of 100

INFO:__main__:NLL: 0.4626, L2: 0.0010, Reg: -0.2333
INFO:__main__:Total loss 0.2303
INFO:__main__:Predicted mean: -0.3535
INFO:__main__:Predicted uncertainity 0.5861
INFO:__main__:Completed epoch 6 of 100

INFO:__main__:NLL: 0.4700, L2: 0.0010, Reg: -0.2341
INFO:__main__:Total loss 0.2368
INFO:__main__:Predicted mean: -0.3593
INFO:__main__:Predicted uncertainity 0.6041
INFO:__main__:Completed epoch 7 of 100

INFO:__main__:NLL: 0.4659, L2: 0.0011, Reg: -0.2364
INFO:__main__:Total loss 0.2306
INFO:__main__:Predicted mean: -0.3628
INFO:__main__:Predicted uncertainity 0.5940
INFO:__main__:Completed epoch 8 of 100

INFO:__main__:NLL: 0.4700, L2: 0.0011, Reg: -0.2360
INFO:__main__:Total loss 0.2351
INFO:__main__:Predicted mean: -0.3653
INFO:__main__:Predicted uncertainity 0.6061
INFO:__main__:Completed epoch 9 of 100

INFO:__main__:NLL: 0.4665, L2: 0.0011, Reg: -0.2337
INFO:__main__:Total loss 0.2339
INFO:__main__:Predicted mean: -0.3625
INFO:__main__:Predicted uncertainity 0.5942
INFO:__main__:Completed epoch 10 of 100

INFO:__main__:NLL: 0.4686, L2: 0.0013, Reg: -0.2416
INFO:__main__:Total loss 0.2283
INFO:__main__:Predicted mean: -0.3658
INFO:__main__:Predicted uncertainity 0.6036
INFO:__main__:Completed epoch 11 of 100

INFO:__main__:NLL: 0.4710, L2: 0.0010, Reg: -0.2391
INFO:__main__:Total loss 0.2329
INFO:__main__:Predicted mean: -0.3646
INFO:__main__:Predicted uncertainity 0.6044
INFO:__main__:Completed epoch 12 of 100

INFO:__main__:NLL: 0.4682, L2: 0.0011, Reg: -0.2363
INFO:__main__:Total loss 0.2330
INFO:__main__:Predicted mean: -0.3664
INFO:__main__:Predicted uncertainity 0.5967
INFO:__main__:Completed epoch 13 of 100

INFO:__main__:NLL: 0.4703, L2: 0.0014, Reg: -0.2389
INFO:__main__:Total loss 0.2328
INFO:__main__:Predicted mean: -0.3650
INFO:__main__:Predicted uncertainity 0.6025
INFO:__main__:Completed epoch 14 of 100

INFO:__main__:NLL: 0.4650, L2: 0.0011, Reg: -0.2335
INFO:__main__:Total loss 0.2327
INFO:__main__:Predicted mean: -0.3667
INFO:__main__:Predicted uncertainity 0.5866
INFO:__main__:Completed epoch 15 of 100

INFO:__main__:NLL: 0.4654, L2: 0.0012, Reg: -0.2305
INFO:__main__:Total loss 0.2360
INFO:__main__:Predicted mean: -0.3633
INFO:__main__:Predicted uncertainity 0.5913
INFO:__main__:Completed epoch 16 of 100

INFO:__main__:NLL: 0.4700, L2: 0.0013, Reg: -0.2414
INFO:__main__:Total loss 0.2299
INFO:__main__:Predicted mean: -0.3699
INFO:__main__:Predicted uncertainity 0.6051
INFO:__main__:Completed epoch 17 of 100

INFO:__main__:NLL: 0.4654, L2: 0.0012, Reg: -0.2389
INFO:__main__:Total loss 0.2277
INFO:__main__:Predicted mean: -0.3649
INFO:__main__:Predicted uncertainity 0.5903
INFO:__main__:Completed epoch 18 of 100

INFO:__main__:NLL: 0.4661, L2: 0.0012, Reg: -0.2342
INFO:__main__:Total loss 0.2331
INFO:__main__:Predicted mean: -0.3634
INFO:__main__:Predicted uncertainity 0.5916
INFO:__main__:Completed epoch 19 of 100

INFO:__main__:NLL: 0.4705, L2: 0.0012, Reg: -0.2400
INFO:__main__:Total loss 0.2316
INFO:__main__:Predicted mean: -0.3659
INFO:__main__:Predicted uncertainity 0.6039
INFO:__main__:Completed epoch 20 of 100

INFO:__main__:NLL: 0.4650, L2: 0.0013, Reg: -0.2319
INFO:__main__:Total loss 0.2344
INFO:__main__:Predicted mean: -0.3655
INFO:__main__:Predicted uncertainity 0.5901
INFO:__main__:Completed epoch 21 of 100

INFO:__main__:NLL: 0.4700, L2: 0.0012, Reg: -0.2400
INFO:__main__:Total loss 0.2312
INFO:__main__:Predicted mean: -0.3612
INFO:__main__:Predicted uncertainity 0.6041
INFO:__main__:Completed epoch 22 of 100

INFO:__main__:NLL: 0.4700, L2: 0.0012, Reg: -0.2361
INFO:__main__:Total loss 0.2351
INFO:__main__:Predicted mean: -0.3612
INFO:__main__:Predicted uncertainity 0.6056
INFO:__main__:Completed epoch 23 of 100

INFO:__main__:NLL: 0.4675, L2: 0.0012, Reg: -0.2380
INFO:__main__:Total loss 0.2308
INFO:__main__:Predicted mean: -0.3625
INFO:__main__:Predicted uncertainity 0.5967
INFO:__main__:Completed epoch 24 of 100

INFO:__main__:NLL: 0.4651, L2: 0.0013, Reg: -0.2359
INFO:__main__:Total loss 0.2304
INFO:__main__:Predicted mean: -0.3634
INFO:__main__:Predicted uncertainity 0.5880
INFO:__main__:Completed epoch 25 of 100

INFO:__main__:NLL: 0.4693, L2: 0.0012, Reg: -0.2390
INFO:__main__:Total loss 0.2315
INFO:__main__:Predicted mean: -0.3677
INFO:__main__:Predicted uncertainity 0.6046
INFO:__main__:Completed epoch 26 of 100

INFO:__main__:NLL: 0.4665, L2: 0.0013, Reg: -0.2365
INFO:__main__:Total loss 0.2312
INFO:__main__:Predicted mean: -0.3652
INFO:__main__:Predicted uncertainity 0.5926
INFO:__main__:Completed epoch 27 of 100

INFO:__main__:NLL: 0.4719, L2: 0.0015, Reg: -0.2399
INFO:__main__:Total loss 0.2335
INFO:__main__:Predicted mean: -0.3688
INFO:__main__:Predicted uncertainity 0.6108
INFO:__main__:Completed epoch 28 of 100

INFO:__main__:NLL: 0.4696, L2: 0.0014, Reg: -0.2393
INFO:__main__:Total loss 0.2316
INFO:__main__:Predicted mean: -0.3652
INFO:__main__:Predicted uncertainity 0.6032
INFO:__main__:Completed epoch 29 of 100

INFO:__main__:NLL: 0.4695, L2: 0.0011, Reg: -0.2391
INFO:__main__:Total loss 0.2314
INFO:__main__:Predicted mean: -0.3676
INFO:__main__:Predicted uncertainity 0.6007
INFO:__main__:Completed epoch 30 of 100

INFO:__main__:NLL: 0.4680, L2: 0.0013, Reg: -0.2368
INFO:__main__:Total loss 0.2325
INFO:__main__:Predicted mean: -0.3646
INFO:__main__:Predicted uncertainity 0.5979
INFO:__main__:Completed epoch 31 of 100

INFO:__main__:NLL: 0.4667, L2: 0.0012, Reg: -0.2368
INFO:__main__:Total loss 0.2311
INFO:__main__:Predicted mean: -0.3668
INFO:__main__:Predicted uncertainity 0.5931
INFO:__main__:Completed epoch 32 of 100

INFO:__main__:NLL: 0.4733, L2: 0.0011, Reg: -0.2411
INFO:__main__:Total loss 0.2333
INFO:__main__:Predicted mean: -0.3684
INFO:__main__:Predicted uncertainity 0.6112
INFO:__main__:Completed epoch 33 of 100

INFO:__main__:NLL: 0.4676, L2: 0.0011, Reg: -0.2354
INFO:__main__:Total loss 0.2333
INFO:__main__:Predicted mean: -0.3695
INFO:__main__:Predicted uncertainity 0.5990
INFO:__main__:Completed epoch 34 of 100

INFO:__main__:NLL: 0.4667, L2: 0.0012, Reg: -0.2361
INFO:__main__:Total loss 0.2318
INFO:__main__:Predicted mean: -0.3638
INFO:__main__:Predicted uncertainity 0.5959
INFO:__main__:Completed epoch 35 of 100

INFO:__main__:NLL: 0.4689, L2: 0.0011, Reg: -0.2372
INFO:__main__:Total loss 0.2328
INFO:__main__:Predicted mean: -0.3652
INFO:__main__:Predicted uncertainity 0.5979
INFO:__main__:Completed epoch 36 of 100

INFO:__main__:NLL: 0.4671, L2: 0.0014, Reg: -0.2387
INFO:__main__:Total loss 0.2298
INFO:__main__:Predicted mean: -0.3672
INFO:__main__:Predicted uncertainity 0.6002
INFO:__main__:Completed epoch 37 of 100

INFO:__main__:NLL: 0.4680, L2: 0.0014, Reg: -0.2391
INFO:__main__:Total loss 0.2303
INFO:__main__:Predicted mean: -0.3612
INFO:__main__:Predicted uncertainity 0.5994
INFO:__main__:Completed epoch 38 of 100

INFO:__main__:NLL: 0.4668, L2: 0.0011, Reg: -0.2384
INFO:__main__:Total loss 0.2295
INFO:__main__:Predicted mean: -0.3626
INFO:__main__:Predicted uncertainity 0.5940
INFO:__main__:Completed epoch 39 of 100

INFO:__main__:NLL: 0.4705, L2: 0.0011, Reg: -0.2408
INFO:__main__:Total loss 0.2309
INFO:__main__:Predicted mean: -0.3695
INFO:__main__:Predicted uncertainity 0.6064
INFO:__main__:Completed epoch 40 of 100

INFO:__main__:NLL: 0.4675, L2: 0.0012, Reg: -0.2378
INFO:__main__:Total loss 0.2309
INFO:__main__:Predicted mean: -0.3681
INFO:__main__:Predicted uncertainity 0.5997
INFO:__main__:Completed epoch 41 of 100

INFO:__main__:NLL: 0.4663, L2: 0.0013, Reg: -0.2353
INFO:__main__:Total loss 0.2324
INFO:__main__:Predicted mean: -0.3651
INFO:__main__:Predicted uncertainity 0.5951
INFO:__main__:Completed epoch 42 of 100

INFO:__main__:NLL: 0.4615, L2: 0.0012, Reg: -0.2339
INFO:__main__:Total loss 0.2288
INFO:__main__:Predicted mean: -0.3626
INFO:__main__:Predicted uncertainity 0.5808
INFO:__main__:Completed epoch 43 of 100

INFO:__main__:NLL: 0.4669, L2: 0.0012, Reg: -0.2368
INFO:__main__:Total loss 0.2313
INFO:__main__:Predicted mean: -0.3648
INFO:__main__:Predicted uncertainity 0.5984
INFO:__main__:Completed epoch 44 of 100

INFO:__main__:NLL: 0.4674, L2: 0.0012, Reg: -0.2358
INFO:__main__:Total loss 0.2328
INFO:__main__:Predicted mean: -0.3666
INFO:__main__:Predicted uncertainity 0.5974
INFO:__main__:Completed epoch 45 of 100

INFO:__main__:NLL: 0.4690, L2: 0.0011, Reg: -0.2402
INFO:__main__:Total loss 0.2299
INFO:__main__:Predicted mean: -0.3646
INFO:__main__:Predicted uncertainity 0.5984
INFO:__main__:Completed epoch 46 of 100

INFO:__main__:NLL: 0.4730, L2: 0.0014, Reg: -0.2422
INFO:__main__:Total loss 0.2321
INFO:__main__:Predicted mean: -0.3749
INFO:__main__:Predicted uncertainity 0.6129
INFO:__main__:Completed epoch 47 of 100

INFO:__main__:NLL: 0.4693, L2: 0.0012, Reg: -0.2394
INFO:__main__:Total loss 0.2310
INFO:__main__:Predicted mean: -0.3688
INFO:__main__:Predicted uncertainity 0.6013
INFO:__main__:Completed epoch 48 of 100

INFO:__main__:NLL: 0.4659, L2: 0.0012, Reg: -0.2375
INFO:__main__:Total loss 0.2296
INFO:__main__:Predicted mean: -0.3601
INFO:__main__:Predicted uncertainity 0.5983
INFO:__main__:Completed epoch 49 of 100

INFO:__main__:NLL: 0.4714, L2: 0.0012, Reg: -0.2412
INFO:__main__:Total loss 0.2314
INFO:__main__:Predicted mean: -0.3664
INFO:__main__:Predicted uncertainity 0.6073
INFO:__main__:Completed epoch 50 of 100

INFO:__main__:NLL: 0.4649, L2: 0.0013, Reg: -0.2314
INFO:__main__:Total loss 0.2348
INFO:__main__:Predicted mean: -0.3678
INFO:__main__:Predicted uncertainity 0.5879
INFO:__main__:Completed epoch 51 of 100

INFO:__main__:NLL: 0.4689, L2: 0.0011, Reg: -0.2415
INFO:__main__:Total loss 0.2285
INFO:__main__:Predicted mean: -0.3615
INFO:__main__:Predicted uncertainity 0.6047
INFO:__main__:Completed epoch 52 of 100

INFO:__main__:NLL: 0.4670, L2: 0.0011, Reg: -0.2384
INFO:__main__:Total loss 0.2297
INFO:__main__:Predicted mean: -0.3669
INFO:__main__:Predicted uncertainity 0.5933
INFO:__main__:Completed epoch 53 of 100

INFO:__main__:NLL: 0.4676, L2: 0.0012, Reg: -0.2377
INFO:__main__:Total loss 0.2310
INFO:__main__:Predicted mean: -0.3656
INFO:__main__:Predicted uncertainity 0.5955
INFO:__main__:Completed epoch 54 of 100

INFO:__main__:NLL: 0.4677, L2: 0.0013, Reg: -0.2383
INFO:__main__:Total loss 0.2307
INFO:__main__:Predicted mean: -0.3657
INFO:__main__:Predicted uncertainity 0.6024
INFO:__main__:Completed epoch 55 of 100

INFO:__main__:NLL: 0.4692, L2: 0.0011, Reg: -0.2379
INFO:__main__:Total loss 0.2325
INFO:__main__:Predicted mean: -0.3656
INFO:__main__:Predicted uncertainity 0.6001
INFO:__main__:Completed epoch 56 of 100

INFO:__main__:NLL: 0.4717, L2: 0.0013, Reg: -0.2404
INFO:__main__:Total loss 0.2327
INFO:__main__:Predicted mean: -0.3698
INFO:__main__:Predicted uncertainity 0.6081
INFO:__main__:Completed epoch 57 of 100

INFO:__main__:NLL: 0.4672, L2: 0.0011, Reg: -0.2361
INFO:__main__:Total loss 0.2323
INFO:__main__:Predicted mean: -0.3658
INFO:__main__:Predicted uncertainity 0.5962
INFO:__main__:Completed epoch 58 of 100

INFO:__main__:NLL: 0.4657, L2: 0.0014, Reg: -0.2329
INFO:__main__:Total loss 0.2341
INFO:__main__:Predicted mean: -0.3628
INFO:__main__:Predicted uncertainity 0.5946
INFO:__main__:Completed epoch 59 of 100

INFO:__main__:NLL: 0.4639, L2: 0.0014, Reg: -0.2353
INFO:__main__:Total loss 0.2300
INFO:__main__:Predicted mean: -0.3635
INFO:__main__:Predicted uncertainity 0.5894
INFO:__main__:Completed epoch 60 of 100

INFO:__main__:NLL: 0.4712, L2: 0.0011, Reg: -0.2398
INFO:__main__:Total loss 0.2324
INFO:__main__:Predicted mean: -0.3647
INFO:__main__:Predicted uncertainity 0.6069
INFO:__main__:Completed epoch 61 of 100

INFO:__main__:NLL: 0.4698, L2: 0.0011, Reg: -0.2379
INFO:__main__:Total loss 0.2329
INFO:__main__:Predicted mean: -0.3704
INFO:__main__:Predicted uncertainity 0.6023
INFO:__main__:Completed epoch 62 of 100

INFO:__main__:NLL: 0.4669, L2: 0.0012, Reg: -0.2391
INFO:__main__:Total loss 0.2289
INFO:__main__:Predicted mean: -0.3648
INFO:__main__:Predicted uncertainity 0.5964
INFO:__main__:Completed epoch 63 of 100

INFO:__main__:NLL: 0.4679, L2: 0.0013, Reg: -0.2372
INFO:__main__:Total loss 0.2320
INFO:__main__:Predicted mean: -0.3668
INFO:__main__:Predicted uncertainity 0.5984
INFO:__main__:Completed epoch 64 of 100

INFO:__main__:NLL: 0.4647, L2: 0.0012, Reg: -0.2353
INFO:__main__:Total loss 0.2306
INFO:__main__:Predicted mean: -0.3641
INFO:__main__:Predicted uncertainity 0.5905
INFO:__main__:Completed epoch 65 of 100

INFO:__main__:NLL: 0.4699, L2: 0.0011, Reg: -0.2375
INFO:__main__:Total loss 0.2335
INFO:__main__:Predicted mean: -0.3669
INFO:__main__:Predicted uncertainity 0.6047
INFO:__main__:Completed epoch 66 of 100

INFO:__main__:NLL: 0.4661, L2: 0.0016, Reg: -0.2347
INFO:__main__:Total loss 0.2330
INFO:__main__:Predicted mean: -0.3598
INFO:__main__:Predicted uncertainity 0.5968
INFO:__main__:Completed epoch 67 of 100

INFO:__main__:NLL: 0.4692, L2: 0.0011, Reg: -0.2398
INFO:__main__:Total loss 0.2305
INFO:__main__:Predicted mean: -0.3657
INFO:__main__:Predicted uncertainity 0.6013
INFO:__main__:Completed epoch 68 of 100

INFO:__main__:NLL: 0.4695, L2: 0.0012, Reg: -0.2360
INFO:__main__:Total loss 0.2348
INFO:__main__:Predicted mean: -0.3689
INFO:__main__:Predicted uncertainity 0.6019
INFO:__main__:Completed epoch 69 of 100

INFO:__main__:NLL: 0.4683, L2: 0.0013, Reg: -0.2369
INFO:__main__:Total loss 0.2327
INFO:__main__:Predicted mean: -0.3634
INFO:__main__:Predicted uncertainity 0.6012
INFO:__main__:Completed epoch 70 of 100

INFO:__main__:NLL: 0.4653, L2: 0.0012, Reg: -0.2362
INFO:__main__:Total loss 0.2302
INFO:__main__:Predicted mean: -0.3637
INFO:__main__:Predicted uncertainity 0.5912
INFO:__main__:Completed epoch 71 of 100

INFO:__main__:NLL: 0.4718, L2: 0.0013, Reg: -0.2353
INFO:__main__:Total loss 0.2378
INFO:__main__:Predicted mean: -0.3632
INFO:__main__:Predicted uncertainity 0.6069
INFO:__main__:Completed epoch 72 of 100

INFO:__main__:NLL: 0.4684, L2: 0.0013, Reg: -0.2379
INFO:__main__:Total loss 0.2318
INFO:__main__:Predicted mean: -0.3650
INFO:__main__:Predicted uncertainity 0.6006
INFO:__main__:Completed epoch 73 of 100

INFO:__main__:NLL: 0.4718, L2: 0.0012, Reg: -0.2398
INFO:__main__:Total loss 0.2332
INFO:__main__:Predicted mean: -0.3675
INFO:__main__:Predicted uncertainity 0.6063
INFO:__main__:Completed epoch 74 of 100

INFO:__main__:NLL: 0.4736, L2: 0.0012, Reg: -0.2405
INFO:__main__:Total loss 0.2342
INFO:__main__:Predicted mean: -0.3697
INFO:__main__:Predicted uncertainity 0.6148
INFO:__main__:Completed epoch 75 of 100

INFO:__main__:NLL: 0.4631, L2: 0.0014, Reg: -0.2315
INFO:__main__:Total loss 0.2330
INFO:__main__:Predicted mean: -0.3627
INFO:__main__:Predicted uncertainity 0.5895
INFO:__main__:Completed epoch 76 of 100

INFO:__main__:NLL: 0.4679, L2: 0.0014, Reg: -0.2322
INFO:__main__:Total loss 0.2371
INFO:__main__:Predicted mean: -0.3650
INFO:__main__:Predicted uncertainity 0.5991
INFO:__main__:Completed epoch 77 of 100

INFO:__main__:NLL: 0.4717, L2: 0.0010, Reg: -0.2400
INFO:__main__:Total loss 0.2327
INFO:__main__:Predicted mean: -0.3694
INFO:__main__:Predicted uncertainity 0.6063
INFO:__main__:Completed epoch 78 of 100

INFO:__main__:NLL: 0.4711, L2: 0.0011, Reg: -0.2431
INFO:__main__:Total loss 0.2291
INFO:__main__:Predicted mean: -0.3649
INFO:__main__:Predicted uncertainity 0.6042
INFO:__main__:Completed epoch 79 of 100

INFO:__main__:NLL: 0.4660, L2: 0.0012, Reg: -0.2323
INFO:__main__:Total loss 0.2348
INFO:__main__:Predicted mean: -0.3657
INFO:__main__:Predicted uncertainity 0.5903
INFO:__main__:Completed epoch 80 of 100

INFO:__main__:NLL: 0.4643, L2: 0.0012, Reg: -0.2344
INFO:__main__:Total loss 0.2310
INFO:__main__:Predicted mean: -0.3638
INFO:__main__:Predicted uncertainity 0.5865
INFO:__main__:Completed epoch 81 of 100

INFO:__main__:NLL: 0.4732, L2: 0.0013, Reg: -0.2431
INFO:__main__:Total loss 0.2314
INFO:__main__:Predicted mean: -0.3656
INFO:__main__:Predicted uncertainity 0.6150
INFO:__main__:Completed epoch 82 of 100

INFO:__main__:NLL: 0.4686, L2: 0.0012, Reg: -0.2365
INFO:__main__:Total loss 0.2334
INFO:__main__:Predicted mean: -0.3689
INFO:__main__:Predicted uncertainity 0.6000
INFO:__main__:Completed epoch 83 of 100

INFO:__main__:NLL: 0.4691, L2: 0.0012, Reg: -0.2346
INFO:__main__:Total loss 0.2357
INFO:__main__:Predicted mean: -0.3620
INFO:__main__:Predicted uncertainity 0.6014
INFO:__main__:Completed epoch 84 of 100

INFO:__main__:NLL: 0.4671, L2: 0.0014, Reg: -0.2352
INFO:__main__:Total loss 0.2333
INFO:__main__:Predicted mean: -0.3625
INFO:__main__:Predicted uncertainity 0.6001
INFO:__main__:Completed epoch 85 of 100

INFO:__main__:NLL: 0.4664, L2: 0.0014, Reg: -0.2350
INFO:__main__:Total loss 0.2328
INFO:__main__:Predicted mean: -0.3650
INFO:__main__:Predicted uncertainity 0.5966
INFO:__main__:Completed epoch 86 of 100

INFO:__main__:NLL: 0.4670, L2: 0.0015, Reg: -0.2373
INFO:__main__:Total loss 0.2312
INFO:__main__:Predicted mean: -0.3672
INFO:__main__:Predicted uncertainity 0.5950
INFO:__main__:Completed epoch 87 of 100

INFO:__main__:NLL: 0.4687, L2: 0.0012, Reg: -0.2387
INFO:__main__:Total loss 0.2313
INFO:__main__:Predicted mean: -0.3631
INFO:__main__:Predicted uncertainity 0.5993
INFO:__main__:Completed epoch 88 of 100

INFO:__main__:NLL: 0.4654, L2: 0.0011, Reg: -0.2336
INFO:__main__:Total loss 0.2329
INFO:__main__:Predicted mean: -0.3612
INFO:__main__:Predicted uncertainity 0.5946
INFO:__main__:Completed epoch 89 of 100

INFO:__main__:NLL: 0.4692, L2: 0.0014, Reg: -0.2395
INFO:__main__:Total loss 0.2311
INFO:__main__:Predicted mean: -0.3717
INFO:__main__:Predicted uncertainity 0.6011
INFO:__main__:Completed epoch 90 of 100

INFO:__main__:NLL: 0.4645, L2: 0.0012, Reg: -0.2331
INFO:__main__:Total loss 0.2326
INFO:__main__:Predicted mean: -0.3669
INFO:__main__:Predicted uncertainity 0.5899
INFO:__main__:Completed epoch 91 of 100

INFO:__main__:NLL: 0.4633, L2: 0.0012, Reg: -0.2323
INFO:__main__:Total loss 0.2322
INFO:__main__:Predicted mean: -0.3618
INFO:__main__:Predicted uncertainity 0.5883
INFO:__main__:Completed epoch 92 of 100

INFO:__main__:NLL: 0.4712, L2: 0.0013, Reg: -0.2393
INFO:__main__:Total loss 0.2331
INFO:__main__:Predicted mean: -0.3679
INFO:__main__:Predicted uncertainity 0.6043
INFO:__main__:Completed epoch 93 of 100

INFO:__main__:NLL: 0.4597, L2: 0.0013, Reg: -0.2292
INFO:__main__:Total loss 0.2317
INFO:__main__:Predicted mean: -0.3550
INFO:__main__:Predicted uncertainity 0.5751
INFO:__main__:Completed epoch 94 of 100

INFO:__main__:NLL: 0.4650, L2: 0.0013, Reg: -0.2370
INFO:__main__:Total loss 0.2292
INFO:__main__:Predicted mean: -0.3628
INFO:__main__:Predicted uncertainity 0.5926
INFO:__main__:Completed epoch 95 of 100

INFO:__main__:NLL: 0.4671, L2: 0.0011, Reg: -0.2372
INFO:__main__:Total loss 0.2309
INFO:__main__:Predicted mean: -0.3648
INFO:__main__:Predicted uncertainity 0.5965
INFO:__main__:Completed epoch 96 of 100

INFO:__main__:NLL: 0.4689, L2: 0.0013, Reg: -0.2385
INFO:__main__:Total loss 0.2318
INFO:__main__:Predicted mean: -0.3687
INFO:__main__:Predicted uncertainity 0.5990
INFO:__main__:Completed epoch 97 of 100

INFO:__main__:NLL: 0.4636, L2: 0.0011, Reg: -0.2371
INFO:__main__:Total loss 0.2276
INFO:__main__:Predicted mean: -0.3594
INFO:__main__:Predicted uncertainity 0.5873
INFO:__main__:Completed epoch 98 of 100

INFO:__main__:NLL: 0.4655, L2: 0.0013, Reg: -0.2329
INFO:__main__:Total loss 0.2339
INFO:__main__:Predicted mean: -0.3710
INFO:__main__:Predicted uncertainity 0.5926
INFO:__main__:Completed epoch 99 of 100

INFO:__main__:NLL: 0.4676, L2: 0.0012, Reg: -0.2381
INFO:__main__:Total loss 0.2307
INFO:__main__:Predicted mean: -0.3639
INFO:__main__:Predicted uncertainity 0.5992
INFO:__main__:Completed epoch 100 of 100

INFO:__main__:568.579732 s
