INFO:__main__:PROCESS RUNNING ON cpu
INFO:__main__:NLL: 0.0445, L2: 0.0068, Reg: 0.0282
INFO:__main__:Total loss 0.0794
INFO:__main__:Predicted mean: -0.4504
INFO:__main__:Predicted uncertainity -0.7668
INFO:__main__:Completed epoch 1 of 100

INFO:__main__:NLL: 0.0990, L2: 0.0075, Reg: 0.0282
INFO:__main__:Total loss 0.1346
INFO:__main__:Predicted mean: -0.3738
INFO:__main__:Predicted uncertainity -0.7824
INFO:__main__:Completed epoch 2 of 100

INFO:__main__:NLL: 0.1239, L2: 0.0079, Reg: 0.0282
INFO:__main__:Total loss 0.1600
INFO:__main__:Predicted mean: -0.3856
INFO:__main__:Predicted uncertainity -0.6908
INFO:__main__:Completed epoch 3 of 100

INFO:__main__:NLL: -0.1898, L2: 0.0081, Reg: 0.0282
INFO:__main__:Total loss -0.1535
INFO:__main__:Predicted mean: -0.4541
INFO:__main__:Predicted uncertainity -0.8721
INFO:__main__:Completed epoch 4 of 100

INFO:__main__:NLL: 0.2475, L2: 0.0084, Reg: 0.0282
INFO:__main__:Total loss 0.2841
INFO:__main__:Predicted mean: -0.3628
INFO:__main__:Predicted uncertainity -0.7698
INFO:__main__:Completed epoch 5 of 100

INFO:__main__:NLL: 0.0408, L2: 0.0079, Reg: 0.0282
INFO:__main__:Total loss 0.0769
INFO:__main__:Predicted mean: -0.3750
INFO:__main__:Predicted uncertainity -0.6986
INFO:__main__:Completed epoch 6 of 100

INFO:__main__:NLL: -0.1232, L2: 0.0080, Reg: 0.0282
INFO:__main__:Total loss -0.0871
INFO:__main__:Predicted mean: -0.3621
INFO:__main__:Predicted uncertainity -0.7756
INFO:__main__:Completed epoch 7 of 100

INFO:__main__:NLL: 0.2959, L2: 0.0082, Reg: 0.0282
INFO:__main__:Total loss 0.3323
INFO:__main__:Predicted mean: -0.4529
INFO:__main__:Predicted uncertainity -0.7491
INFO:__main__:Completed epoch 8 of 100

INFO:__main__:NLL: 0.0880, L2: 0.0088, Reg: 0.0281
INFO:__main__:Total loss 0.1249
INFO:__main__:Predicted mean: -0.4132
INFO:__main__:Predicted uncertainity -0.7999
INFO:__main__:Completed epoch 9 of 100

INFO:__main__:NLL: 0.3104, L2: 0.0081, Reg: 0.0282
INFO:__main__:Total loss 0.3466
INFO:__main__:Predicted mean: -0.3798
INFO:__main__:Predicted uncertainity -0.7293
INFO:__main__:Completed epoch 10 of 100

INFO:__main__:NLL: 0.0487, L2: 0.0083, Reg: 0.0282
INFO:__main__:Total loss 0.0852
INFO:__main__:Predicted mean: -0.4122
INFO:__main__:Predicted uncertainity -0.8055
INFO:__main__:Completed epoch 11 of 100

INFO:__main__:NLL: 0.1520, L2: 0.0083, Reg: 0.0281
INFO:__main__:Total loss 0.1885
INFO:__main__:Predicted mean: -0.4433
INFO:__main__:Predicted uncertainity -0.7550
INFO:__main__:Completed epoch 12 of 100

INFO:__main__:NLL: 0.0484, L2: 0.0086, Reg: 0.0282
INFO:__main__:Total loss 0.0852
INFO:__main__:Predicted mean: -0.3862
INFO:__main__:Predicted uncertainity -0.7611
INFO:__main__:Completed epoch 13 of 100

INFO:__main__:NLL: 0.0685, L2: 0.0090, Reg: 0.0281
INFO:__main__:Total loss 0.1057
INFO:__main__:Predicted mean: -0.3975
INFO:__main__:Predicted uncertainity -0.8043
INFO:__main__:Completed epoch 14 of 100

INFO:__main__:NLL: 0.1111, L2: 0.0088, Reg: 0.0282
INFO:__main__:Total loss 0.1480
INFO:__main__:Predicted mean: -0.3578
INFO:__main__:Predicted uncertainity -0.8040
INFO:__main__:Completed epoch 15 of 100

INFO:__main__:NLL: 0.0745, L2: 0.0081, Reg: 0.0281
INFO:__main__:Total loss 0.1107
INFO:__main__:Predicted mean: -0.3845
INFO:__main__:Predicted uncertainity -0.7239
INFO:__main__:Completed epoch 16 of 100

INFO:__main__:NLL: 0.0752, L2: 0.0083, Reg: 0.0282
INFO:__main__:Total loss 0.1116
INFO:__main__:Predicted mean: -0.4073
INFO:__main__:Predicted uncertainity -0.8706
INFO:__main__:Completed epoch 17 of 100

INFO:__main__:NLL: 0.0417, L2: 0.0082, Reg: 0.0282
INFO:__main__:Total loss 0.0781
INFO:__main__:Predicted mean: -0.3566
INFO:__main__:Predicted uncertainity -0.7618
INFO:__main__:Completed epoch 18 of 100

INFO:__main__:NLL: -0.0174, L2: 0.0085, Reg: 0.0282
INFO:__main__:Total loss 0.0193
INFO:__main__:Predicted mean: -0.3428
INFO:__main__:Predicted uncertainity -0.7919
INFO:__main__:Completed epoch 19 of 100

INFO:__main__:NLL: 0.0165, L2: 0.0079, Reg: 0.0282
INFO:__main__:Total loss 0.0525
INFO:__main__:Predicted mean: -0.3844
INFO:__main__:Predicted uncertainity -0.7498
INFO:__main__:Completed epoch 20 of 100

INFO:__main__:NLL: 0.0737, L2: 0.0091, Reg: 0.0281
INFO:__main__:Total loss 0.1110
INFO:__main__:Predicted mean: -0.3542
INFO:__main__:Predicted uncertainity -0.6762
INFO:__main__:Completed epoch 21 of 100

INFO:__main__:NLL: 0.0770, L2: 0.0087, Reg: 0.0282
INFO:__main__:Total loss 0.1139
INFO:__main__:Predicted mean: -0.3744
INFO:__main__:Predicted uncertainity -0.8089
INFO:__main__:Completed epoch 22 of 100

INFO:__main__:NLL: 0.4348, L2: 0.0081, Reg: 0.0282
INFO:__main__:Total loss 0.4710
INFO:__main__:Predicted mean: -0.3895
INFO:__main__:Predicted uncertainity -0.7946
INFO:__main__:Completed epoch 23 of 100

INFO:__main__:NLL: 0.0747, L2: 0.0084, Reg: 0.0282
INFO:__main__:Total loss 0.1112
INFO:__main__:Predicted mean: -0.3560
INFO:__main__:Predicted uncertainity -0.6048
INFO:__main__:Completed epoch 24 of 100

INFO:__main__:NLL: 0.0586, L2: 0.0085, Reg: 0.0282
INFO:__main__:Total loss 0.0953
INFO:__main__:Predicted mean: -0.3595
INFO:__main__:Predicted uncertainity -0.7351
INFO:__main__:Completed epoch 25 of 100

INFO:__main__:NLL: 0.1884, L2: 0.0084, Reg: 0.0282
INFO:__main__:Total loss 0.2249
INFO:__main__:Predicted mean: -0.4187
INFO:__main__:Predicted uncertainity -0.7377
INFO:__main__:Completed epoch 26 of 100

INFO:__main__:NLL: 0.0596, L2: 0.0082, Reg: 0.0282
INFO:__main__:Total loss 0.0960
INFO:__main__:Predicted mean: -0.3163
INFO:__main__:Predicted uncertainity -0.6602
INFO:__main__:Completed epoch 27 of 100

INFO:__main__:NLL: 0.0106, L2: 0.0086, Reg: 0.0282
INFO:__main__:Total loss 0.0474
INFO:__main__:Predicted mean: -0.3925
INFO:__main__:Predicted uncertainity -0.8342
INFO:__main__:Completed epoch 28 of 100

INFO:__main__:NLL: 0.1997, L2: 0.0086, Reg: 0.0282
INFO:__main__:Total loss 0.2365
INFO:__main__:Predicted mean: -0.3815
INFO:__main__:Predicted uncertainity -0.7193
INFO:__main__:Completed epoch 29 of 100

INFO:__main__:NLL: 0.1178, L2: 0.0095, Reg: 0.0282
INFO:__main__:Total loss 0.1554
INFO:__main__:Predicted mean: -0.3845
INFO:__main__:Predicted uncertainity -0.7474
INFO:__main__:Completed epoch 30 of 100

INFO:__main__:NLL: -0.0822, L2: 0.0093, Reg: 0.0282
INFO:__main__:Total loss -0.0447
INFO:__main__:Predicted mean: -0.3307
INFO:__main__:Predicted uncertainity -0.7647
INFO:__main__:Completed epoch 31 of 100

INFO:__main__:NLL: 0.0707, L2: 0.0084, Reg: 0.0282
INFO:__main__:Total loss 0.1073
INFO:__main__:Predicted mean: -0.3265
INFO:__main__:Predicted uncertainity -0.8336
INFO:__main__:Completed epoch 32 of 100

INFO:__main__:NLL: 0.2095, L2: 0.0084, Reg: 0.0282
INFO:__main__:Total loss 0.2461
INFO:__main__:Predicted mean: -0.3852
INFO:__main__:Predicted uncertainity -0.8078
INFO:__main__:Completed epoch 33 of 100

INFO:__main__:NLL: 0.1306, L2: 0.0086, Reg: 0.0282
INFO:__main__:Total loss 0.1673
INFO:__main__:Predicted mean: -0.3788
INFO:__main__:Predicted uncertainity -0.7268
INFO:__main__:Completed epoch 34 of 100

INFO:__main__:NLL: 0.1561, L2: 0.0089, Reg: 0.0281
INFO:__main__:Total loss 0.1931
INFO:__main__:Predicted mean: -0.3641
INFO:__main__:Predicted uncertainity -0.8249
INFO:__main__:Completed epoch 35 of 100

INFO:__main__:NLL: 0.0504, L2: 0.0087, Reg: 0.0282
INFO:__main__:Total loss 0.0873
INFO:__main__:Predicted mean: -0.3379
INFO:__main__:Predicted uncertainity -0.8599
INFO:__main__:Completed epoch 36 of 100

INFO:__main__:NLL: 0.3655, L2: 0.0094, Reg: 0.0282
INFO:__main__:Total loss 0.4030
INFO:__main__:Predicted mean: -0.4169
INFO:__main__:Predicted uncertainity -0.7679
INFO:__main__:Completed epoch 37 of 100

INFO:__main__:NLL: -0.0548, L2: 0.0087, Reg: 0.0281
INFO:__main__:Total loss -0.0180
INFO:__main__:Predicted mean: -0.3171
INFO:__main__:Predicted uncertainity -0.7666
INFO:__main__:Completed epoch 38 of 100

INFO:__main__:NLL: 0.0585, L2: 0.0090, Reg: 0.0281
INFO:__main__:Total loss 0.0956
INFO:__main__:Predicted mean: -0.4596
INFO:__main__:Predicted uncertainity -0.8179
INFO:__main__:Completed epoch 39 of 100

INFO:__main__:NLL: 0.0071, L2: 0.0088, Reg: 0.0282
INFO:__main__:Total loss 0.0440
INFO:__main__:Predicted mean: -0.3882
INFO:__main__:Predicted uncertainity -0.7405
INFO:__main__:Completed epoch 40 of 100

INFO:__main__:NLL: 0.0874, L2: 0.0084, Reg: 0.0282
INFO:__main__:Total loss 0.1239
INFO:__main__:Predicted mean: -0.3165
INFO:__main__:Predicted uncertainity -0.6535
INFO:__main__:Completed epoch 41 of 100

INFO:__main__:NLL: 0.2992, L2: 0.0088, Reg: 0.0282
INFO:__main__:Total loss 0.3362
INFO:__main__:Predicted mean: -0.4174
INFO:__main__:Predicted uncertainity -0.7910
INFO:__main__:Completed epoch 42 of 100

INFO:__main__:NLL: 0.0617, L2: 0.0086, Reg: 0.0281
INFO:__main__:Total loss 0.0984
INFO:__main__:Predicted mean: -0.3615
INFO:__main__:Predicted uncertainity -0.6987
INFO:__main__:Completed epoch 43 of 100

INFO:__main__:NLL: 0.0398, L2: 0.0088, Reg: 0.0281
INFO:__main__:Total loss 0.0768
INFO:__main__:Predicted mean: -0.3391
INFO:__main__:Predicted uncertainity -0.7868
INFO:__main__:Completed epoch 44 of 100

INFO:__main__:NLL: 0.1527, L2: 0.0094, Reg: 0.0282
INFO:__main__:Total loss 0.1902
INFO:__main__:Predicted mean: -0.3586
INFO:__main__:Predicted uncertainity -0.7606
INFO:__main__:Completed epoch 45 of 100

INFO:__main__:NLL: 0.0710, L2: 0.0094, Reg: 0.0282
INFO:__main__:Total loss 0.1085
INFO:__main__:Predicted mean: -0.3471
INFO:__main__:Predicted uncertainity -0.7101
INFO:__main__:Completed epoch 46 of 100

INFO:__main__:NLL: -0.0304, L2: 0.0090, Reg: 0.0282
INFO:__main__:Total loss 0.0067
INFO:__main__:Predicted mean: -0.4159
INFO:__main__:Predicted uncertainity -0.7592
INFO:__main__:Completed epoch 47 of 100

INFO:__main__:NLL: 0.3861, L2: 0.0096, Reg: 0.0282
INFO:__main__:Total loss 0.4239
INFO:__main__:Predicted mean: -0.4015
INFO:__main__:Predicted uncertainity -0.6700
INFO:__main__:Completed epoch 48 of 100

INFO:__main__:NLL: 0.0637, L2: 0.0091, Reg: 0.0282
INFO:__main__:Total loss 0.1010
INFO:__main__:Predicted mean: -0.3762
INFO:__main__:Predicted uncertainity -0.7658
INFO:__main__:Completed epoch 49 of 100

INFO:__main__:NLL: 0.0088, L2: 0.0088, Reg: 0.0282
INFO:__main__:Total loss 0.0457
INFO:__main__:Predicted mean: -0.4089
INFO:__main__:Predicted uncertainity -0.7372
INFO:__main__:Completed epoch 50 of 100

INFO:__main__:NLL: 0.1974, L2: 0.0096, Reg: 0.0282
INFO:__main__:Total loss 0.2352
INFO:__main__:Predicted mean: -0.4209
INFO:__main__:Predicted uncertainity -0.8347
INFO:__main__:Completed epoch 51 of 100

INFO:__main__:NLL: 0.1252, L2: 0.0089, Reg: 0.0282
INFO:__main__:Total loss 0.1623
INFO:__main__:Predicted mean: -0.3994
INFO:__main__:Predicted uncertainity -0.7736
INFO:__main__:Completed epoch 52 of 100

INFO:__main__:NLL: 0.2105, L2: 0.0090, Reg: 0.0281
INFO:__main__:Total loss 0.2476
INFO:__main__:Predicted mean: -0.4077
INFO:__main__:Predicted uncertainity -0.6922
INFO:__main__:Completed epoch 53 of 100

INFO:__main__:NLL: 0.0094, L2: 0.0094, Reg: 0.0282
INFO:__main__:Total loss 0.0470
INFO:__main__:Predicted mean: -0.3533
INFO:__main__:Predicted uncertainity -0.7510
INFO:__main__:Completed epoch 54 of 100

INFO:__main__:NLL: 0.1238, L2: 0.0096, Reg: 0.0282
INFO:__main__:Total loss 0.1616
INFO:__main__:Predicted mean: -0.4246
INFO:__main__:Predicted uncertainity -0.8096
INFO:__main__:Completed epoch 55 of 100

INFO:__main__:NLL: 0.0279, L2: 0.0097, Reg: 0.0281
INFO:__main__:Total loss 0.0657
INFO:__main__:Predicted mean: -0.3789
INFO:__main__:Predicted uncertainity -0.7548
INFO:__main__:Completed epoch 56 of 100

INFO:__main__:NLL: 0.2142, L2: 0.0096, Reg: 0.0282
INFO:__main__:Total loss 0.2520
INFO:__main__:Predicted mean: -0.3312
INFO:__main__:Predicted uncertainity -0.8426
INFO:__main__:Completed epoch 57 of 100

INFO:__main__:NLL: 0.1002, L2: 0.0092, Reg: 0.0282
INFO:__main__:Total loss 0.1376
INFO:__main__:Predicted mean: -0.3921
INFO:__main__:Predicted uncertainity -0.7621
INFO:__main__:Completed epoch 58 of 100

INFO:__main__:NLL: 0.1707, L2: 0.0090, Reg: 0.0282
INFO:__main__:Total loss 0.2078
INFO:__main__:Predicted mean: -0.3873
INFO:__main__:Predicted uncertainity -0.7513
INFO:__main__:Completed epoch 59 of 100

INFO:__main__:NLL: 0.0505, L2: 0.0096, Reg: 0.0282
INFO:__main__:Total loss 0.0882
INFO:__main__:Predicted mean: -0.3690
INFO:__main__:Predicted uncertainity -0.5512
INFO:__main__:Completed epoch 60 of 100

INFO:__main__:NLL: -0.0288, L2: 0.0085, Reg: 0.0282
INFO:__main__:Total loss 0.0079
INFO:__main__:Predicted mean: -0.3551
INFO:__main__:Predicted uncertainity -0.6573
INFO:__main__:Completed epoch 61 of 100

INFO:__main__:NLL: 0.1347, L2: 0.0089, Reg: 0.0282
INFO:__main__:Total loss 0.1717
INFO:__main__:Predicted mean: -0.3731
INFO:__main__:Predicted uncertainity -0.8231
INFO:__main__:Completed epoch 62 of 100

INFO:__main__:NLL: 0.0474, L2: 0.0092, Reg: 0.0282
INFO:__main__:Total loss 0.0847
INFO:__main__:Predicted mean: -0.3584
INFO:__main__:Predicted uncertainity -0.7378
INFO:__main__:Completed epoch 63 of 100

INFO:__main__:NLL: 0.2738, L2: 0.0095, Reg: 0.0282
INFO:__main__:Total loss 0.3114
INFO:__main__:Predicted mean: -0.4102
INFO:__main__:Predicted uncertainity -0.8270
INFO:__main__:Completed epoch 64 of 100

INFO:__main__:NLL: -0.0548, L2: 0.0091, Reg: 0.0282
INFO:__main__:Total loss -0.0176
INFO:__main__:Predicted mean: -0.4406
INFO:__main__:Predicted uncertainity -0.8363
INFO:__main__:Completed epoch 65 of 100

INFO:__main__:NLL: 0.1535, L2: 0.0089, Reg: 0.0282
INFO:__main__:Total loss 0.1906
INFO:__main__:Predicted mean: -0.3717
INFO:__main__:Predicted uncertainity -0.7272
INFO:__main__:Completed epoch 66 of 100

INFO:__main__:NLL: 0.0743, L2: 0.0088, Reg: 0.0282
INFO:__main__:Total loss 0.1113
INFO:__main__:Predicted mean: -0.4647
INFO:__main__:Predicted uncertainity -0.8437
INFO:__main__:Completed epoch 67 of 100

INFO:__main__:NLL: 0.0716, L2: 0.0085, Reg: 0.0282
INFO:__main__:Total loss 0.1082
INFO:__main__:Predicted mean: -0.3669
INFO:__main__:Predicted uncertainity -0.7332
INFO:__main__:Completed epoch 68 of 100

INFO:__main__:NLL: 0.1247, L2: 0.0088, Reg: 0.0282
INFO:__main__:Total loss 0.1617
INFO:__main__:Predicted mean: -0.3525
INFO:__main__:Predicted uncertainity -0.8066
INFO:__main__:Completed epoch 69 of 100

INFO:__main__:NLL: -0.0986, L2: 0.0090, Reg: 0.0282
INFO:__main__:Total loss -0.0614
INFO:__main__:Predicted mean: -0.3260
INFO:__main__:Predicted uncertainity -0.8060
INFO:__main__:Completed epoch 70 of 100

INFO:__main__:NLL: 0.0303, L2: 0.0088, Reg: 0.0282
INFO:__main__:Total loss 0.0672
INFO:__main__:Predicted mean: -0.3683
INFO:__main__:Predicted uncertainity -0.7421
INFO:__main__:Completed epoch 71 of 100

INFO:__main__:NLL: 0.0242, L2: 0.0088, Reg: 0.0282
INFO:__main__:Total loss 0.0611
INFO:__main__:Predicted mean: -0.3573
INFO:__main__:Predicted uncertainity -0.7867
INFO:__main__:Completed epoch 72 of 100

INFO:__main__:NLL: 0.0021, L2: 0.0087, Reg: 0.0281
INFO:__main__:Total loss 0.0390
INFO:__main__:Predicted mean: -0.3831
INFO:__main__:Predicted uncertainity -0.6938
INFO:__main__:Completed epoch 73 of 100

INFO:__main__:NLL: 0.0254, L2: 0.0091, Reg: 0.0282
INFO:__main__:Total loss 0.0627
INFO:__main__:Predicted mean: -0.3765
INFO:__main__:Predicted uncertainity -0.9290
INFO:__main__:Completed epoch 74 of 100

INFO:__main__:NLL: 0.1380, L2: 0.0090, Reg: 0.0282
INFO:__main__:Total loss 0.1752
INFO:__main__:Predicted mean: -0.4332
INFO:__main__:Predicted uncertainity -0.7471
INFO:__main__:Completed epoch 75 of 100

INFO:__main__:NLL: 0.0696, L2: 0.0093, Reg: 0.0282
INFO:__main__:Total loss 0.1071
INFO:__main__:Predicted mean: -0.3699
INFO:__main__:Predicted uncertainity -0.7213
INFO:__main__:Completed epoch 76 of 100

INFO:__main__:NLL: 0.1210, L2: 0.0093, Reg: 0.0282
INFO:__main__:Total loss 0.1584
INFO:__main__:Predicted mean: -0.3039
INFO:__main__:Predicted uncertainity -0.6579
INFO:__main__:Completed epoch 77 of 100

INFO:__main__:NLL: -0.0404, L2: 0.0086, Reg: 0.0282
INFO:__main__:Total loss -0.0036
INFO:__main__:Predicted mean: -0.4208
INFO:__main__:Predicted uncertainity -0.7623
INFO:__main__:Completed epoch 78 of 100

INFO:__main__:NLL: 0.1395, L2: 0.0090, Reg: 0.0282
INFO:__main__:Total loss 0.1767
INFO:__main__:Predicted mean: -0.3507
INFO:__main__:Predicted uncertainity -0.7026
INFO:__main__:Completed epoch 79 of 100

INFO:__main__:NLL: 0.0382, L2: 0.0088, Reg: 0.0282
INFO:__main__:Total loss 0.0752
INFO:__main__:Predicted mean: -0.3718
INFO:__main__:Predicted uncertainity -0.6780
INFO:__main__:Completed epoch 80 of 100

INFO:__main__:NLL: 0.0059, L2: 0.0094, Reg: 0.0282
INFO:__main__:Total loss 0.0435
INFO:__main__:Predicted mean: -0.3483
INFO:__main__:Predicted uncertainity -0.7656
INFO:__main__:Completed epoch 81 of 100

INFO:__main__:NLL: 0.1887, L2: 0.0094, Reg: 0.0282
INFO:__main__:Total loss 0.2263
INFO:__main__:Predicted mean: -0.3670
INFO:__main__:Predicted uncertainity -0.7136
INFO:__main__:Completed epoch 82 of 100

INFO:__main__:NLL: 0.2695, L2: 0.0092, Reg: 0.0281
INFO:__main__:Total loss 0.3068
INFO:__main__:Predicted mean: -0.4266
INFO:__main__:Predicted uncertainity -0.7379
INFO:__main__:Completed epoch 83 of 100

INFO:__main__:NLL: 0.0167, L2: 0.0094, Reg: 0.0281
INFO:__main__:Total loss 0.0542
INFO:__main__:Predicted mean: -0.4239
INFO:__main__:Predicted uncertainity -0.6820
INFO:__main__:Completed epoch 84 of 100

INFO:__main__:NLL: 0.2151, L2: 0.0095, Reg: 0.0282
INFO:__main__:Total loss 0.2528
INFO:__main__:Predicted mean: -0.3158
INFO:__main__:Predicted uncertainity -0.7811
INFO:__main__:Completed epoch 85 of 100

INFO:__main__:NLL: -0.0430, L2: 0.0092, Reg: 0.0282
INFO:__main__:Total loss -0.0057
INFO:__main__:Predicted mean: -0.3408
INFO:__main__:Predicted uncertainity -0.7639
INFO:__main__:Completed epoch 86 of 100

INFO:__main__:NLL: -0.0021, L2: 0.0091, Reg: 0.0282
INFO:__main__:Total loss 0.0352
INFO:__main__:Predicted mean: -0.4025
INFO:__main__:Predicted uncertainity -0.7901
INFO:__main__:Completed epoch 87 of 100

INFO:__main__:NLL: 0.2540, L2: 0.0092, Reg: 0.0282
INFO:__main__:Total loss 0.2913
INFO:__main__:Predicted mean: -0.3137
INFO:__main__:Predicted uncertainity -0.7736
INFO:__main__:Completed epoch 88 of 100

INFO:__main__:NLL: 0.4047, L2: 0.0092, Reg: 0.0281
INFO:__main__:Total loss 0.4420
INFO:__main__:Predicted mean: -0.3613
INFO:__main__:Predicted uncertainity -0.7585
INFO:__main__:Completed epoch 89 of 100

INFO:__main__:NLL: 0.1616, L2: 0.0088, Reg: 0.0281
INFO:__main__:Total loss 0.1986
INFO:__main__:Predicted mean: -0.3663
INFO:__main__:Predicted uncertainity -0.7176
INFO:__main__:Completed epoch 90 of 100

INFO:__main__:NLL: 0.0567, L2: 0.0088, Reg: 0.0282
INFO:__main__:Total loss 0.0937
INFO:__main__:Predicted mean: -0.3558
INFO:__main__:Predicted uncertainity -0.7139
INFO:__main__:Completed epoch 91 of 100

INFO:__main__:NLL: -0.0339, L2: 0.0084, Reg: 0.0282
INFO:__main__:Total loss 0.0027
INFO:__main__:Predicted mean: -0.3931
INFO:__main__:Predicted uncertainity -0.7546
INFO:__main__:Completed epoch 92 of 100

INFO:__main__:NLL: 0.1957, L2: 0.0084, Reg: 0.0282
INFO:__main__:Total loss 0.2323
INFO:__main__:Predicted mean: -0.3367
INFO:__main__:Predicted uncertainity -0.7993
INFO:__main__:Completed epoch 93 of 100

INFO:__main__:NLL: 0.2693, L2: 0.0095, Reg: 0.0282
INFO:__main__:Total loss 0.3069
INFO:__main__:Predicted mean: -0.3929
INFO:__main__:Predicted uncertainity -0.8051
INFO:__main__:Completed epoch 94 of 100

INFO:__main__:NLL: 0.0944, L2: 0.0090, Reg: 0.0282
INFO:__main__:Total loss 0.1316
INFO:__main__:Predicted mean: -0.3868
INFO:__main__:Predicted uncertainity -0.7668
INFO:__main__:Completed epoch 95 of 100

INFO:__main__:NLL: 0.2360, L2: 0.0086, Reg: 0.0282
INFO:__main__:Total loss 0.2728
INFO:__main__:Predicted mean: -0.3573
INFO:__main__:Predicted uncertainity -0.7873
INFO:__main__:Completed epoch 96 of 100

INFO:__main__:NLL: 0.1196, L2: 0.0093, Reg: 0.0282
INFO:__main__:Total loss 0.1571
INFO:__main__:Predicted mean: -0.3343
INFO:__main__:Predicted uncertainity -0.7774
INFO:__main__:Completed epoch 97 of 100

INFO:__main__:NLL: 0.0332, L2: 0.0092, Reg: 0.0282
INFO:__main__:Total loss 0.0706
INFO:__main__:Predicted mean: -0.3321
INFO:__main__:Predicted uncertainity -0.7538
INFO:__main__:Completed epoch 98 of 100

INFO:__main__:NLL: -0.1203, L2: 0.0096, Reg: 0.0282
INFO:__main__:Total loss -0.0825
INFO:__main__:Predicted mean: -0.3605
INFO:__main__:Predicted uncertainity -0.8686
INFO:__main__:Completed epoch 99 of 100

INFO:__main__:NLL: 0.0861, L2: 0.0092, Reg: 0.0282
INFO:__main__:Total loss 0.1234
INFO:__main__:Predicted mean: -0.3915
INFO:__main__:Predicted uncertainity -0.8221
INFO:__main__:Completed epoch 100 of 100

INFO:__main__:752.016436 s
