INFO:__main__:PROCESS RUNNING ON cpu
INFO:__main__:NLL: 0.4638, L2: 0.0013, Reg: -0.2487
INFO:__main__:Total loss 0.2163
INFO:__main__:Predicted mean: -0.3672
INFO:__main__:Predicted uncertainity 0.5846
INFO:__main__:Completed epoch 1 of 100

INFO:__main__:NLL: 0.4633, L2: 0.0010, Reg: -0.2556
INFO:__main__:Total loss 0.2088
INFO:__main__:Predicted mean: -0.3699
INFO:__main__:Predicted uncertainity 0.5898
INFO:__main__:Completed epoch 2 of 100

INFO:__main__:NLL: 0.4668, L2: 0.0010, Reg: -0.2562
INFO:__main__:Total loss 0.2116
INFO:__main__:Predicted mean: -0.3655
INFO:__main__:Predicted uncertainity 0.5921
INFO:__main__:Completed epoch 3 of 100

INFO:__main__:NLL: 0.4612, L2: 0.0009, Reg: -0.2546
INFO:__main__:Total loss 0.2075
INFO:__main__:Predicted mean: -0.3583
INFO:__main__:Predicted uncertainity 0.5827
INFO:__main__:Completed epoch 4 of 100

INFO:__main__:NLL: 0.4659, L2: 0.0010, Reg: -0.2494
INFO:__main__:Total loss 0.2175
INFO:__main__:Predicted mean: -0.3580
INFO:__main__:Predicted uncertainity 0.5915
INFO:__main__:Completed epoch 5 of 100

INFO:__main__:NLL: 0.4627, L2: 0.0010, Reg: -0.2520
INFO:__main__:Total loss 0.2116
INFO:__main__:Predicted mean: -0.3535
INFO:__main__:Predicted uncertainity 0.5864
INFO:__main__:Completed epoch 6 of 100

INFO:__main__:NLL: 0.4700, L2: 0.0010, Reg: -0.2529
INFO:__main__:Total loss 0.2181
INFO:__main__:Predicted mean: -0.3594
INFO:__main__:Predicted uncertainity 0.6043
INFO:__main__:Completed epoch 7 of 100

INFO:__main__:NLL: 0.4660, L2: 0.0010, Reg: -0.2553
INFO:__main__:Total loss 0.2118
INFO:__main__:Predicted mean: -0.3599
INFO:__main__:Predicted uncertainity 0.5946
INFO:__main__:Completed epoch 8 of 100

INFO:__main__:NLL: 0.4710, L2: 0.0011, Reg: -0.2556
INFO:__main__:Total loss 0.2164
INFO:__main__:Predicted mean: -0.3650
INFO:__main__:Predicted uncertainity 0.6085
INFO:__main__:Completed epoch 9 of 100

INFO:__main__:NLL: 0.4683, L2: 0.0012, Reg: -0.2539
INFO:__main__:Total loss 0.2155
INFO:__main__:Predicted mean: -0.3661
INFO:__main__:Predicted uncertainity 0.6006
INFO:__main__:Completed epoch 10 of 100

INFO:__main__:NLL: 0.4680, L2: 0.0013, Reg: -0.2598
INFO:__main__:Total loss 0.2095
INFO:__main__:Predicted mean: -0.3646
INFO:__main__:Predicted uncertainity 0.6013
INFO:__main__:Completed epoch 11 of 100

INFO:__main__:NLL: 0.4712, L2: 0.0010, Reg: -0.2580
INFO:__main__:Total loss 0.2141
INFO:__main__:Predicted mean: -0.3641
INFO:__main__:Predicted uncertainity 0.6058
INFO:__main__:Completed epoch 12 of 100

INFO:__main__:NLL: 0.4671, L2: 0.0012, Reg: -0.2538
INFO:__main__:Total loss 0.2145
INFO:__main__:Predicted mean: -0.3638
INFO:__main__:Predicted uncertainity 0.5943
INFO:__main__:Completed epoch 13 of 100

INFO:__main__:NLL: 0.4715, L2: 0.0015, Reg: -0.2586
INFO:__main__:Total loss 0.2143
INFO:__main__:Predicted mean: -0.3659
INFO:__main__:Predicted uncertainity 0.6064
INFO:__main__:Completed epoch 14 of 100

INFO:__main__:NLL: 0.4647, L2: 0.0011, Reg: -0.2521
INFO:__main__:Total loss 0.2137
INFO:__main__:Predicted mean: -0.3658
INFO:__main__:Predicted uncertainity 0.5861
INFO:__main__:Completed epoch 15 of 100

INFO:__main__:NLL: 0.4649, L2: 0.0012, Reg: -0.2482
INFO:__main__:Total loss 0.2179
INFO:__main__:Predicted mean: -0.3628
INFO:__main__:Predicted uncertainity 0.5893
INFO:__main__:Completed epoch 16 of 100

INFO:__main__:NLL: 0.4695, L2: 0.0013, Reg: -0.2604
INFO:__main__:Total loss 0.2105
INFO:__main__:Predicted mean: -0.3709
INFO:__main__:Predicted uncertainity 0.6040
INFO:__main__:Completed epoch 17 of 100

INFO:__main__:NLL: 0.4672, L2: 0.0014, Reg: -0.2589
INFO:__main__:Total loss 0.2097
INFO:__main__:Predicted mean: -0.3675
INFO:__main__:Predicted uncertainity 0.5967
INFO:__main__:Completed epoch 18 of 100

INFO:__main__:NLL: 0.4646, L2: 0.0011, Reg: -0.2518
INFO:__main__:Total loss 0.2139
INFO:__main__:Predicted mean: -0.3601
INFO:__main__:Predicted uncertainity 0.5885
INFO:__main__:Completed epoch 19 of 100

INFO:__main__:NLL: 0.4716, L2: 0.0011, Reg: -0.2594
INFO:__main__:Total loss 0.2133
INFO:__main__:Predicted mean: -0.3661
INFO:__main__:Predicted uncertainity 0.6061
INFO:__main__:Completed epoch 20 of 100

INFO:__main__:NLL: 0.4671, L2: 0.0011, Reg: -0.2535
INFO:__main__:Total loss 0.2147
INFO:__main__:Predicted mean: -0.3637
INFO:__main__:Predicted uncertainity 0.5954
INFO:__main__:Completed epoch 21 of 100

INFO:__main__:NLL: 0.4717, L2: 0.0012, Reg: -0.2598
INFO:__main__:Total loss 0.2131
INFO:__main__:Predicted mean: -0.3636
INFO:__main__:Predicted uncertainity 0.6079
INFO:__main__:Completed epoch 22 of 100

INFO:__main__:NLL: 0.4721, L2: 0.0012, Reg: -0.2569
INFO:__main__:Total loss 0.2164
INFO:__main__:Predicted mean: -0.3657
INFO:__main__:Predicted uncertainity 0.6106
INFO:__main__:Completed epoch 23 of 100

INFO:__main__:NLL: 0.4656, L2: 0.0011, Reg: -0.2549
INFO:__main__:Total loss 0.2119
INFO:__main__:Predicted mean: -0.3623
INFO:__main__:Predicted uncertainity 0.5902
INFO:__main__:Completed epoch 24 of 100

INFO:__main__:NLL: 0.4628, L2: 0.0011, Reg: -0.2526
INFO:__main__:Total loss 0.2113
INFO:__main__:Predicted mean: -0.3583
INFO:__main__:Predicted uncertainity 0.5836
INFO:__main__:Completed epoch 25 of 100

INFO:__main__:NLL: 0.4706, L2: 0.0013, Reg: -0.2583
INFO:__main__:Total loss 0.2135
INFO:__main__:Predicted mean: -0.3703
INFO:__main__:Predicted uncertainity 0.6070
INFO:__main__:Completed epoch 26 of 100

INFO:__main__:NLL: 0.4670, L2: 0.0013, Reg: -0.2562
INFO:__main__:Total loss 0.2121
INFO:__main__:Predicted mean: -0.3629
INFO:__main__:Predicted uncertainity 0.5953
INFO:__main__:Completed epoch 27 of 100

INFO:__main__:NLL: 0.4727, L2: 0.0014, Reg: -0.2601
INFO:__main__:Total loss 0.2141
INFO:__main__:Predicted mean: -0.3682
INFO:__main__:Predicted uncertainity 0.6122
INFO:__main__:Completed epoch 28 of 100

INFO:__main__:NLL: 0.4694, L2: 0.0013, Reg: -0.2573
INFO:__main__:Total loss 0.2135
INFO:__main__:Predicted mean: -0.3650
INFO:__main__:Predicted uncertainity 0.6030
INFO:__main__:Completed epoch 29 of 100

INFO:__main__:NLL: 0.4702, L2: 0.0011, Reg: -0.2587
INFO:__main__:Total loss 0.2125
INFO:__main__:Predicted mean: -0.3657
INFO:__main__:Predicted uncertainity 0.6032
INFO:__main__:Completed epoch 30 of 100

INFO:__main__:NLL: 0.4680, L2: 0.0013, Reg: -0.2551
INFO:__main__:Total loss 0.2142
INFO:__main__:Predicted mean: -0.3625
INFO:__main__:Predicted uncertainity 0.5980
INFO:__main__:Completed epoch 31 of 100

INFO:__main__:NLL: 0.4658, L2: 0.0013, Reg: -0.2540
INFO:__main__:Total loss 0.2132
INFO:__main__:Predicted mean: -0.3698
INFO:__main__:Predicted uncertainity 0.5905
INFO:__main__:Completed epoch 32 of 100

INFO:__main__:NLL: 0.4740, L2: 0.0012, Reg: -0.2601
INFO:__main__:Total loss 0.2150
INFO:__main__:Predicted mean: -0.3690
INFO:__main__:Predicted uncertainity 0.6137
INFO:__main__:Completed epoch 33 of 100

INFO:__main__:NLL: 0.4670, L2: 0.0011, Reg: -0.2539
INFO:__main__:Total loss 0.2142
INFO:__main__:Predicted mean: -0.3704
INFO:__main__:Predicted uncertainity 0.5968
INFO:__main__:Completed epoch 34 of 100

INFO:__main__:NLL: 0.4664, L2: 0.0013, Reg: -0.2547
INFO:__main__:Total loss 0.2130
INFO:__main__:Predicted mean: -0.3625
INFO:__main__:Predicted uncertainity 0.5963
INFO:__main__:Completed epoch 35 of 100

INFO:__main__:NLL: 0.4689, L2: 0.0011, Reg: -0.2559
INFO:__main__:Total loss 0.2141
INFO:__main__:Predicted mean: -0.3648
INFO:__main__:Predicted uncertainity 0.5983
INFO:__main__:Completed epoch 36 of 100

INFO:__main__:NLL: 0.4684, L2: 0.0013, Reg: -0.2586
INFO:__main__:Total loss 0.2111
INFO:__main__:Predicted mean: -0.3648
INFO:__main__:Predicted uncertainity 0.6030
INFO:__main__:Completed epoch 37 of 100

INFO:__main__:NLL: 0.4686, L2: 0.0013, Reg: -0.2585
INFO:__main__:Total loss 0.2115
INFO:__main__:Predicted mean: -0.3607
INFO:__main__:Predicted uncertainity 0.6019
INFO:__main__:Completed epoch 38 of 100

INFO:__main__:NLL: 0.4649, L2: 0.0011, Reg: -0.2558
INFO:__main__:Total loss 0.2103
INFO:__main__:Predicted mean: -0.3580
INFO:__main__:Predicted uncertainity 0.5895
INFO:__main__:Completed epoch 39 of 100

INFO:__main__:NLL: 0.4687, L2: 0.0015, Reg: -0.2587
INFO:__main__:Total loss 0.2115
INFO:__main__:Predicted mean: -0.3655
INFO:__main__:Predicted uncertainity 0.6068
INFO:__main__:Completed epoch 40 of 100

INFO:__main__:NLL: 0.4688, L2: 0.0012, Reg: -0.2575
INFO:__main__:Total loss 0.2126
INFO:__main__:Predicted mean: -0.3709
INFO:__main__:Predicted uncertainity 0.6023
INFO:__main__:Completed epoch 41 of 100

INFO:__main__:NLL: 0.4699, L2: 0.0012, Reg: -0.2569
INFO:__main__:Total loss 0.2141
INFO:__main__:Predicted mean: -0.3687
INFO:__main__:Predicted uncertainity 0.6028
INFO:__main__:Completed epoch 42 of 100

INFO:__main__:NLL: 0.4650, L2: 0.0011, Reg: -0.2555
INFO:__main__:Total loss 0.2106
INFO:__main__:Predicted mean: -0.3656
INFO:__main__:Predicted uncertainity 0.5900
INFO:__main__:Completed epoch 43 of 100

INFO:__main__:NLL: 0.4676, L2: 0.0012, Reg: -0.2561
INFO:__main__:Total loss 0.2127
INFO:__main__:Predicted mean: -0.3654
INFO:__main__:Predicted uncertainity 0.6000
INFO:__main__:Completed epoch 44 of 100

INFO:__main__:NLL: 0.4673, L2: 0.0012, Reg: -0.2543
INFO:__main__:Total loss 0.2142
INFO:__main__:Predicted mean: -0.3641
INFO:__main__:Predicted uncertainity 0.5978
INFO:__main__:Completed epoch 45 of 100

INFO:__main__:NLL: 0.4704, L2: 0.0012, Reg: -0.2589
INFO:__main__:Total loss 0.2127
INFO:__main__:Predicted mean: -0.3680
INFO:__main__:Predicted uncertainity 0.6010
INFO:__main__:Completed epoch 46 of 100

INFO:__main__:NLL: 0.4724, L2: 0.0013, Reg: -0.2606
INFO:__main__:Total loss 0.2132
INFO:__main__:Predicted mean: -0.3741
INFO:__main__:Predicted uncertainity 0.6112
INFO:__main__:Completed epoch 47 of 100

INFO:__main__:NLL: 0.4686, L2: 0.0011, Reg: -0.2579
INFO:__main__:Total loss 0.2117
INFO:__main__:Predicted mean: -0.3634
INFO:__main__:Predicted uncertainity 0.6015
INFO:__main__:Completed epoch 48 of 100

INFO:__main__:NLL: 0.4671, L2: 0.0012, Reg: -0.2571
INFO:__main__:Total loss 0.2112
INFO:__main__:Predicted mean: -0.3619
INFO:__main__:Predicted uncertainity 0.6009
INFO:__main__:Completed epoch 49 of 100

INFO:__main__:NLL: 0.4718, L2: 0.0012, Reg: -0.2601
INFO:__main__:Total loss 0.2129
INFO:__main__:Predicted mean: -0.3675
INFO:__main__:Predicted uncertainity 0.6083
INFO:__main__:Completed epoch 50 of 100

INFO:__main__:NLL: 0.4646, L2: 0.0013, Reg: -0.2488
INFO:__main__:Total loss 0.2171
INFO:__main__:Predicted mean: -0.3662
INFO:__main__:Predicted uncertainity 0.5858
INFO:__main__:Completed epoch 51 of 100

INFO:__main__:NLL: 0.4708, L2: 0.0010, Reg: -0.2606
INFO:__main__:Total loss 0.2111
INFO:__main__:Predicted mean: -0.3643
INFO:__main__:Predicted uncertainity 0.6062
INFO:__main__:Completed epoch 52 of 100

INFO:__main__:NLL: 0.4665, L2: 0.0010, Reg: -0.2567
INFO:__main__:Total loss 0.2108
INFO:__main__:Predicted mean: -0.3653
INFO:__main__:Predicted uncertainity 0.5920
INFO:__main__:Completed epoch 53 of 100

INFO:__main__:NLL: 0.4687, L2: 0.0012, Reg: -0.2570
INFO:__main__:Total loss 0.2129
INFO:__main__:Predicted mean: -0.3675
INFO:__main__:Predicted uncertainity 0.5986
INFO:__main__:Completed epoch 54 of 100

INFO:__main__:NLL: 0.4665, L2: 0.0013, Reg: -0.2558
INFO:__main__:Total loss 0.2120
INFO:__main__:Predicted mean: -0.3653
INFO:__main__:Predicted uncertainity 0.6004
INFO:__main__:Completed epoch 55 of 100

INFO:__main__:NLL: 0.4690, L2: 0.0012, Reg: -0.2560
INFO:__main__:Total loss 0.2142
INFO:__main__:Predicted mean: -0.3667
INFO:__main__:Predicted uncertainity 0.5995
INFO:__main__:Completed epoch 56 of 100

INFO:__main__:NLL: 0.4733, L2: 0.0012, Reg: -0.2596
INFO:__main__:Total loss 0.2149
INFO:__main__:Predicted mean: -0.3697
INFO:__main__:Predicted uncertainity 0.6096
INFO:__main__:Completed epoch 57 of 100

INFO:__main__:NLL: 0.4655, L2: 0.0012, Reg: -0.2533
INFO:__main__:Total loss 0.2135
INFO:__main__:Predicted mean: -0.3632
INFO:__main__:Predicted uncertainity 0.5921
INFO:__main__:Completed epoch 58 of 100

INFO:__main__:NLL: 0.4659, L2: 0.0013, Reg: -0.2519
INFO:__main__:Total loss 0.2153
INFO:__main__:Predicted mean: -0.3603
INFO:__main__:Predicted uncertainity 0.5959
INFO:__main__:Completed epoch 59 of 100

INFO:__main__:NLL: 0.4654, L2: 0.0013, Reg: -0.2548
INFO:__main__:Total loss 0.2119
INFO:__main__:Predicted mean: -0.3666
INFO:__main__:Predicted uncertainity 0.5897
INFO:__main__:Completed epoch 60 of 100

INFO:__main__:NLL: 0.4719, L2: 0.0011, Reg: -0.2590
INFO:__main__:Total loss 0.2140
INFO:__main__:Predicted mean: -0.3656
INFO:__main__:Predicted uncertainity 0.6082
INFO:__main__:Completed epoch 61 of 100

INFO:__main__:NLL: 0.4690, L2: 0.0011, Reg: -0.2564
INFO:__main__:Total loss 0.2137
INFO:__main__:Predicted mean: -0.3677
INFO:__main__:Predicted uncertainity 0.6012
INFO:__main__:Completed epoch 62 of 100

INFO:__main__:NLL: 0.4668, L2: 0.0012, Reg: -0.2579
INFO:__main__:Total loss 0.2101
INFO:__main__:Predicted mean: -0.3638
INFO:__main__:Predicted uncertainity 0.5971
INFO:__main__:Completed epoch 63 of 100

INFO:__main__:NLL: 0.4683, L2: 0.0014, Reg: -0.2561
INFO:__main__:Total loss 0.2136
INFO:__main__:Predicted mean: -0.3669
INFO:__main__:Predicted uncertainity 0.5978
INFO:__main__:Completed epoch 64 of 100

INFO:__main__:NLL: 0.4635, L2: 0.0013, Reg: -0.2530
INFO:__main__:Total loss 0.2118
INFO:__main__:Predicted mean: -0.3623
INFO:__main__:Predicted uncertainity 0.5878
INFO:__main__:Completed epoch 65 of 100

INFO:__main__:NLL: 0.4683, L2: 0.0012, Reg: -0.2545
INFO:__main__:Total loss 0.2149
INFO:__main__:Predicted mean: -0.3686
INFO:__main__:Predicted uncertainity 0.6004
INFO:__main__:Completed epoch 66 of 100

INFO:__main__:NLL: 0.4658, L2: 0.0015, Reg: -0.2539
INFO:__main__:Total loss 0.2133
INFO:__main__:Predicted mean: -0.3620
INFO:__main__:Predicted uncertainity 0.5976
INFO:__main__:Completed epoch 67 of 100

INFO:__main__:NLL: 0.4682, L2: 0.0012, Reg: -0.2576
INFO:__main__:Total loss 0.2118
INFO:__main__:Predicted mean: -0.3639
INFO:__main__:Predicted uncertainity 0.6002
INFO:__main__:Completed epoch 68 of 100

INFO:__main__:NLL: 0.4681, L2: 0.0013, Reg: -0.2538
INFO:__main__:Total loss 0.2156
INFO:__main__:Predicted mean: -0.3692
INFO:__main__:Predicted uncertainity 0.6013
INFO:__main__:Completed epoch 69 of 100

INFO:__main__:NLL: 0.4676, L2: 0.0014, Reg: -0.2554
INFO:__main__:Total loss 0.2136
INFO:__main__:Predicted mean: -0.3616
INFO:__main__:Predicted uncertainity 0.5988
INFO:__main__:Completed epoch 70 of 100

INFO:__main__:NLL: 0.4640, L2: 0.0012, Reg: -0.2538
INFO:__main__:Total loss 0.2114
INFO:__main__:Predicted mean: -0.3645
INFO:__main__:Predicted uncertainity 0.5863
INFO:__main__:Completed epoch 71 of 100

INFO:__main__:NLL: 0.4709, L2: 0.0012, Reg: -0.2541
INFO:__main__:Total loss 0.2181
INFO:__main__:Predicted mean: -0.3639
INFO:__main__:Predicted uncertainity 0.6060
INFO:__main__:Completed epoch 72 of 100

INFO:__main__:NLL: 0.4677, L2: 0.0013, Reg: -0.2555
INFO:__main__:Total loss 0.2135
INFO:__main__:Predicted mean: -0.3645
INFO:__main__:Predicted uncertainity 0.5975
INFO:__main__:Completed epoch 73 of 100

INFO:__main__:NLL: 0.4712, L2: 0.0012, Reg: -0.2585
INFO:__main__:Total loss 0.2140
INFO:__main__:Predicted mean: -0.3662
INFO:__main__:Predicted uncertainity 0.6047
INFO:__main__:Completed epoch 74 of 100

INFO:__main__:NLL: 0.4730, L2: 0.0012, Reg: -0.2583
INFO:__main__:Total loss 0.2159
INFO:__main__:Predicted mean: -0.3698
INFO:__main__:Predicted uncertainity 0.6109
INFO:__main__:Completed epoch 75 of 100

INFO:__main__:NLL: 0.4629, L2: 0.0014, Reg: -0.2500
INFO:__main__:Total loss 0.2143
INFO:__main__:Predicted mean: -0.3633
INFO:__main__:Predicted uncertainity 0.5883
INFO:__main__:Completed epoch 76 of 100

INFO:__main__:NLL: 0.4689, L2: 0.0014, Reg: -0.2520
INFO:__main__:Total loss 0.2183
INFO:__main__:Predicted mean: -0.3679
INFO:__main__:Predicted uncertainity 0.6025
INFO:__main__:Completed epoch 77 of 100

INFO:__main__:NLL: 0.4722, L2: 0.0011, Reg: -0.2592
INFO:__main__:Total loss 0.2141
INFO:__main__:Predicted mean: -0.3682
INFO:__main__:Predicted uncertainity 0.6082
INFO:__main__:Completed epoch 78 of 100

INFO:__main__:NLL: 0.4698, L2: 0.0010, Reg: -0.2609
INFO:__main__:Total loss 0.2099
INFO:__main__:Predicted mean: -0.3644
INFO:__main__:Predicted uncertainity 0.6008
INFO:__main__:Completed epoch 79 of 100

INFO:__main__:NLL: 0.4657, L2: 0.0011, Reg: -0.2506
INFO:__main__:Total loss 0.2162
INFO:__main__:Predicted mean: -0.3654
INFO:__main__:Predicted uncertainity 0.5894
INFO:__main__:Completed epoch 80 of 100

INFO:__main__:NLL: 0.4638, L2: 0.0012, Reg: -0.2527
INFO:__main__:Total loss 0.2123
INFO:__main__:Predicted mean: -0.3647
INFO:__main__:Predicted uncertainity 0.5866
INFO:__main__:Completed epoch 81 of 100

INFO:__main__:NLL: 0.4724, L2: 0.0013, Reg: -0.2610
INFO:__main__:Total loss 0.2128
INFO:__main__:Predicted mean: -0.3647
INFO:__main__:Predicted uncertainity 0.6146
INFO:__main__:Completed epoch 82 of 100

INFO:__main__:NLL: 0.4694, L2: 0.0012, Reg: -0.2555
INFO:__main__:Total loss 0.2151
INFO:__main__:Predicted mean: -0.3680
INFO:__main__:Predicted uncertainity 0.6019
INFO:__main__:Completed epoch 83 of 100

INFO:__main__:NLL: 0.4693, L2: 0.0013, Reg: -0.2524
INFO:__main__:Total loss 0.2181
INFO:__main__:Predicted mean: -0.3628
INFO:__main__:Predicted uncertainity 0.6005
INFO:__main__:Completed epoch 84 of 100

INFO:__main__:NLL: 0.4662, L2: 0.0013, Reg: -0.2533
INFO:__main__:Total loss 0.2142
INFO:__main__:Predicted mean: -0.3608
INFO:__main__:Predicted uncertainity 0.5987
INFO:__main__:Completed epoch 85 of 100

INFO:__main__:NLL: 0.4673, L2: 0.0014, Reg: -0.2546
INFO:__main__:Total loss 0.2141
INFO:__main__:Predicted mean: -0.3668
INFO:__main__:Predicted uncertainity 0.5991
INFO:__main__:Completed epoch 86 of 100

INFO:__main__:NLL: 0.4671, L2: 0.0016, Reg: -0.2555
INFO:__main__:Total loss 0.2131
INFO:__main__:Predicted mean: -0.3664
INFO:__main__:Predicted uncertainity 0.5959
INFO:__main__:Completed epoch 87 of 100

INFO:__main__:NLL: 0.4676, L2: 0.0012, Reg: -0.2568
INFO:__main__:Total loss 0.2121
INFO:__main__:Predicted mean: -0.3647
INFO:__main__:Predicted uncertainity 0.5967
INFO:__main__:Completed epoch 88 of 100

INFO:__main__:NLL: 0.4682, L2: 0.0007, Reg: -0.2539
INFO:__main__:Total loss 0.2150
INFO:__main__:Predicted mean: -0.3615
INFO:__main__:Predicted uncertainity 0.5966
INFO:__main__:Completed epoch 89 of 100

INFO:__main__:NLL: 0.4687, L2: 0.0012, Reg: -0.2578
INFO:__main__:Total loss 0.2120
INFO:__main__:Predicted mean: -0.3691
INFO:__main__:Predicted uncertainity 0.5986
INFO:__main__:Completed epoch 90 of 100

INFO:__main__:NLL: 0.4656, L2: 0.0012, Reg: -0.2518
INFO:__main__:Total loss 0.2149
INFO:__main__:Predicted mean: -0.3691
INFO:__main__:Predicted uncertainity 0.5894
INFO:__main__:Completed epoch 91 of 100

INFO:__main__:NLL: 0.4630, L2: 0.0012, Reg: -0.2507
INFO:__main__:Total loss 0.2135
INFO:__main__:Predicted mean: -0.3615
INFO:__main__:Predicted uncertainity 0.5870
INFO:__main__:Completed epoch 92 of 100

INFO:__main__:NLL: 0.4693, L2: 0.0013, Reg: -0.2565
INFO:__main__:Total loss 0.2141
INFO:__main__:Predicted mean: -0.3660
INFO:__main__:Predicted uncertainity 0.6006
INFO:__main__:Completed epoch 93 of 100

INFO:__main__:NLL: 0.4610, L2: 0.0013, Reg: -0.2498
INFO:__main__:Total loss 0.2124
INFO:__main__:Predicted mean: -0.3570
INFO:__main__:Predicted uncertainity 0.5784
INFO:__main__:Completed epoch 94 of 100

INFO:__main__:NLL: 0.4653, L2: 0.0013, Reg: -0.2559
INFO:__main__:Total loss 0.2107
INFO:__main__:Predicted mean: -0.3660
INFO:__main__:Predicted uncertainity 0.5921
INFO:__main__:Completed epoch 95 of 100

INFO:__main__:NLL: 0.4666, L2: 0.0011, Reg: -0.2561
INFO:__main__:Total loss 0.2117
INFO:__main__:Predicted mean: -0.3627
INFO:__main__:Predicted uncertainity 0.5961
INFO:__main__:Completed epoch 96 of 100

INFO:__main__:NLL: 0.4680, L2: 0.0013, Reg: -0.2568
INFO:__main__:Total loss 0.2125
INFO:__main__:Predicted mean: -0.3633
INFO:__main__:Predicted uncertainity 0.5979
INFO:__main__:Completed epoch 97 of 100

INFO:__main__:NLL: 0.4644, L2: 0.0011, Reg: -0.2564
INFO:__main__:Total loss 0.2090
INFO:__main__:Predicted mean: -0.3612
INFO:__main__:Predicted uncertainity 0.5886
INFO:__main__:Completed epoch 98 of 100

INFO:__main__:NLL: 0.4656, L2: 0.0012, Reg: -0.2516
INFO:__main__:Total loss 0.2153
INFO:__main__:Predicted mean: -0.3685
INFO:__main__:Predicted uncertainity 0.5908
INFO:__main__:Completed epoch 99 of 100

INFO:__main__:NLL: 0.4671, L2: 0.0011, Reg: -0.2564
INFO:__main__:Total loss 0.2119
INFO:__main__:Predicted mean: -0.3628
INFO:__main__:Predicted uncertainity 0.5985
INFO:__main__:Completed epoch 100 of 100

INFO:__main__:467.498185 s
