INFO:__main__:PROCESS RUNNING ON cpu
INFO:__main__:NLL: 0.3064, L2: 0.0037, Reg: 0.0176
INFO:__main__:Total loss 0.3277
INFO:__main__:Predicted mean: -0.0181
INFO:__main__:Predicted uncertainity -0.0067
INFO:__main__:Completed epoch 1 of 100

INFO:__main__:NLL: 0.3079, L2: 0.0019, Reg: 0.0153
INFO:__main__:Total loss 0.3250
INFO:__main__:Predicted mean: -0.0134
INFO:__main__:Predicted uncertainity -0.0030
INFO:__main__:Completed epoch 2 of 100

INFO:__main__:NLL: 0.3077, L2: 0.0022, Reg: 0.0160
INFO:__main__:Total loss 0.3259
INFO:__main__:Predicted mean: -0.0144
INFO:__main__:Predicted uncertainity -0.0031
INFO:__main__:Completed epoch 3 of 100

INFO:__main__:NLL: 0.3069, L2: 0.0030, Reg: 0.0149
INFO:__main__:Total loss 0.3248
INFO:__main__:Predicted mean: -0.0160
INFO:__main__:Predicted uncertainity -0.0055
INFO:__main__:Completed epoch 4 of 100

INFO:__main__:NLL: 0.3065, L2: 0.0037, Reg: 0.0193
INFO:__main__:Total loss 0.3295
INFO:__main__:Predicted mean: -0.0180
INFO:__main__:Predicted uncertainity -0.0063
INFO:__main__:Completed epoch 5 of 100

INFO:__main__:NLL: 0.3061, L2: 0.0046, Reg: 0.0164
INFO:__main__:Total loss 0.3271
INFO:__main__:Predicted mean: -0.0193
INFO:__main__:Predicted uncertainity -0.0068
INFO:__main__:Completed epoch 6 of 100

INFO:__main__:NLL: 0.3060, L2: 0.0048, Reg: 0.0204
INFO:__main__:Total loss 0.3312
INFO:__main__:Predicted mean: -0.0200
INFO:__main__:Predicted uncertainity -0.0068
INFO:__main__:Completed epoch 7 of 100

INFO:__main__:NLL: 0.3060, L2: 0.0053, Reg: 0.0162
INFO:__main__:Total loss 0.3274
INFO:__main__:Predicted mean: -0.0202
INFO:__main__:Predicted uncertainity -0.0069
INFO:__main__:Completed epoch 8 of 100

INFO:__main__:NLL: 0.3059, L2: 0.0053, Reg: 0.0194
INFO:__main__:Total loss 0.3306
INFO:__main__:Predicted mean: -0.0204
INFO:__main__:Predicted uncertainity -0.0068
INFO:__main__:Completed epoch 9 of 100

INFO:__main__:NLL: 0.3060, L2: 0.0057, Reg: 0.0178
INFO:__main__:Total loss 0.3296
INFO:__main__:Predicted mean: -0.0204
INFO:__main__:Predicted uncertainity -0.0065
INFO:__main__:Completed epoch 10 of 100

INFO:__main__:NLL: 0.3059, L2: 0.0058, Reg: 0.0150
INFO:__main__:Total loss 0.3267
INFO:__main__:Predicted mean: -0.0205
INFO:__main__:Predicted uncertainity -0.0069
INFO:__main__:Completed epoch 11 of 100

INFO:__main__:NLL: 0.3060, L2: 0.0064, Reg: 0.0172
INFO:__main__:Total loss 0.3296
INFO:__main__:Predicted mean: -0.0204
INFO:__main__:Predicted uncertainity -0.0065
INFO:__main__:Completed epoch 12 of 100

INFO:__main__:NLL: 0.3059, L2: 0.0065, Reg: 0.0171
INFO:__main__:Total loss 0.3295
INFO:__main__:Predicted mean: -0.0205
INFO:__main__:Predicted uncertainity -0.0068
INFO:__main__:Completed epoch 13 of 100

INFO:__main__:NLL: 0.3060, L2: 0.0066, Reg: 0.0167
INFO:__main__:Total loss 0.3292
INFO:__main__:Predicted mean: -0.0205
INFO:__main__:Predicted uncertainity -0.0066
INFO:__main__:Completed epoch 14 of 100

INFO:__main__:NLL: 0.3059, L2: 0.0065, Reg: 0.0167
INFO:__main__:Total loss 0.3290
INFO:__main__:Predicted mean: -0.0204
INFO:__main__:Predicted uncertainity -0.0070
INFO:__main__:Completed epoch 15 of 100

INFO:__main__:NLL: 0.3060, L2: 0.0067, Reg: 0.0188
INFO:__main__:Total loss 0.3315
INFO:__main__:Predicted mean: -0.0205
INFO:__main__:Predicted uncertainity -0.0066
INFO:__main__:Completed epoch 16 of 100

INFO:__main__:NLL: 0.3059, L2: 0.0064, Reg: 0.0143
INFO:__main__:Total loss 0.3266
INFO:__main__:Predicted mean: -0.0205
INFO:__main__:Predicted uncertainity -0.0069
INFO:__main__:Completed epoch 17 of 100

INFO:__main__:NLL: 0.3060, L2: 0.0063, Reg: 0.0146
INFO:__main__:Total loss 0.3268
INFO:__main__:Predicted mean: -0.0205
INFO:__main__:Predicted uncertainity -0.0067
INFO:__main__:Completed epoch 18 of 100

INFO:__main__:NLL: 0.3059, L2: 0.0066, Reg: 0.0173
INFO:__main__:Total loss 0.3299
INFO:__main__:Predicted mean: -0.0204
INFO:__main__:Predicted uncertainity -0.0070
INFO:__main__:Completed epoch 19 of 100

INFO:__main__:NLL: 0.3060, L2: 0.0063, Reg: 0.0163
INFO:__main__:Total loss 0.3286
INFO:__main__:Predicted mean: -0.0205
INFO:__main__:Predicted uncertainity -0.0064
INFO:__main__:Completed epoch 20 of 100

INFO:__main__:NLL: 0.3060, L2: 0.0064, Reg: 0.0171
INFO:__main__:Total loss 0.3294
INFO:__main__:Predicted mean: -0.0204
INFO:__main__:Predicted uncertainity -0.0067
INFO:__main__:Completed epoch 21 of 100

INFO:__main__:NLL: 0.3059, L2: 0.0062, Reg: 0.0161
INFO:__main__:Total loss 0.3282
INFO:__main__:Predicted mean: -0.0204
INFO:__main__:Predicted uncertainity -0.0069
INFO:__main__:Completed epoch 22 of 100

INFO:__main__:NLL: 0.3060, L2: 0.0066, Reg: 0.0191
INFO:__main__:Total loss 0.3317
INFO:__main__:Predicted mean: -0.0205
INFO:__main__:Predicted uncertainity -0.0067
INFO:__main__:Completed epoch 23 of 100

INFO:__main__:NLL: 0.3059, L2: 0.0065, Reg: 0.0164
INFO:__main__:Total loss 0.3289
INFO:__main__:Predicted mean: -0.0204
INFO:__main__:Predicted uncertainity -0.0070
INFO:__main__:Completed epoch 24 of 100

INFO:__main__:NLL: 0.3059, L2: 0.0065, Reg: 0.0160
INFO:__main__:Total loss 0.3285
INFO:__main__:Predicted mean: -0.0204
INFO:__main__:Predicted uncertainity -0.0069
INFO:__main__:Completed epoch 25 of 100

INFO:__main__:NLL: 0.3060, L2: 0.0063, Reg: 0.0173
INFO:__main__:Total loss 0.3295
INFO:__main__:Predicted mean: -0.0205
INFO:__main__:Predicted uncertainity -0.0065
INFO:__main__:Completed epoch 26 of 100

INFO:__main__:NLL: 0.3059, L2: 0.0066, Reg: 0.0159
INFO:__main__:Total loss 0.3284
INFO:__main__:Predicted mean: -0.0204
INFO:__main__:Predicted uncertainity -0.0071
INFO:__main__:Completed epoch 27 of 100

INFO:__main__:NLL: 0.3060, L2: 0.0064, Reg: 0.0164
INFO:__main__:Total loss 0.3287
INFO:__main__:Predicted mean: -0.0206
INFO:__main__:Predicted uncertainity -0.0065
INFO:__main__:Completed epoch 28 of 100

INFO:__main__:NLL: 0.3059, L2: 0.0061, Reg: 0.0170
INFO:__main__:Total loss 0.3290
INFO:__main__:Predicted mean: -0.0205
INFO:__main__:Predicted uncertainity -0.0067
INFO:__main__:Completed epoch 29 of 100

INFO:__main__:NLL: 0.3059, L2: 0.0064, Reg: 0.0164
INFO:__main__:Total loss 0.3287
INFO:__main__:Predicted mean: -0.0205
INFO:__main__:Predicted uncertainity -0.0068
INFO:__main__:Completed epoch 30 of 100

INFO:__main__:NLL: 0.3059, L2: 0.0062, Reg: 0.0170
INFO:__main__:Total loss 0.3292
INFO:__main__:Predicted mean: -0.0204
INFO:__main__:Predicted uncertainity -0.0068
INFO:__main__:Completed epoch 31 of 100

INFO:__main__:NLL: 0.3060, L2: 0.0068, Reg: 0.0163
INFO:__main__:Total loss 0.3290
INFO:__main__:Predicted mean: -0.0204
INFO:__main__:Predicted uncertainity -0.0067
INFO:__main__:Completed epoch 32 of 100

INFO:__main__:NLL: 0.3059, L2: 0.0065, Reg: 0.0170
INFO:__main__:Total loss 0.3295
INFO:__main__:Predicted mean: -0.0205
INFO:__main__:Predicted uncertainity -0.0067
INFO:__main__:Completed epoch 33 of 100

INFO:__main__:NLL: 0.3059, L2: 0.0066, Reg: 0.0177
INFO:__main__:Total loss 0.3302
INFO:__main__:Predicted mean: -0.0204
INFO:__main__:Predicted uncertainity -0.0068
INFO:__main__:Completed epoch 34 of 100

INFO:__main__:NLL: 0.3059, L2: 0.0061, Reg: 0.0166
INFO:__main__:Total loss 0.3286
INFO:__main__:Predicted mean: -0.0204
INFO:__main__:Predicted uncertainity -0.0069
INFO:__main__:Completed epoch 35 of 100

INFO:__main__:NLL: 0.3059, L2: 0.0063, Reg: 0.0172
INFO:__main__:Total loss 0.3294
INFO:__main__:Predicted mean: -0.0205
INFO:__main__:Predicted uncertainity -0.0069
INFO:__main__:Completed epoch 36 of 100

INFO:__main__:NLL: 0.3060, L2: 0.0063, Reg: 0.0156
INFO:__main__:Total loss 0.3279
INFO:__main__:Predicted mean: -0.0205
INFO:__main__:Predicted uncertainity -0.0064
INFO:__main__:Completed epoch 37 of 100

INFO:__main__:NLL: 0.3060, L2: 0.0065, Reg: 0.0154
INFO:__main__:Total loss 0.3279
INFO:__main__:Predicted mean: -0.0204
INFO:__main__:Predicted uncertainity -0.0067
INFO:__main__:Completed epoch 38 of 100

INFO:__main__:NLL: 0.3059, L2: 0.0064, Reg: 0.0153
INFO:__main__:Total loss 0.3276
INFO:__main__:Predicted mean: -0.0204
INFO:__main__:Predicted uncertainity -0.0069
INFO:__main__:Completed epoch 39 of 100

INFO:__main__:NLL: 0.3060, L2: 0.0065, Reg: 0.0164
INFO:__main__:Total loss 0.3289
INFO:__main__:Predicted mean: -0.0205
INFO:__main__:Predicted uncertainity -0.0066
INFO:__main__:Completed epoch 40 of 100

INFO:__main__:NLL: 0.3059, L2: 0.0066, Reg: 0.0166
INFO:__main__:Total loss 0.3291
INFO:__main__:Predicted mean: -0.0205
INFO:__main__:Predicted uncertainity -0.0069
INFO:__main__:Completed epoch 41 of 100

INFO:__main__:NLL: 0.3059, L2: 0.0067, Reg: 0.0174
INFO:__main__:Total loss 0.3301
INFO:__main__:Predicted mean: -0.0205
INFO:__main__:Predicted uncertainity -0.0068
INFO:__main__:Completed epoch 42 of 100

INFO:__main__:NLL: 0.3059, L2: 0.0062, Reg: 0.0157
INFO:__main__:Total loss 0.3279
INFO:__main__:Predicted mean: -0.0204
INFO:__main__:Predicted uncertainity -0.0068
INFO:__main__:Completed epoch 43 of 100

INFO:__main__:NLL: 0.3059, L2: 0.0062, Reg: 0.0169
INFO:__main__:Total loss 0.3291
INFO:__main__:Predicted mean: -0.0205
INFO:__main__:Predicted uncertainity -0.0067
INFO:__main__:Completed epoch 44 of 100

INFO:__main__:NLL: 0.3059, L2: 0.0062, Reg: 0.0178
INFO:__main__:Total loss 0.3300
INFO:__main__:Predicted mean: -0.0204
INFO:__main__:Predicted uncertainity -0.0069
INFO:__main__:Completed epoch 45 of 100

INFO:__main__:NLL: 0.3059, L2: 0.0064, Reg: 0.0155
INFO:__main__:Total loss 0.3279
INFO:__main__:Predicted mean: -0.0205
INFO:__main__:Predicted uncertainity -0.0068
INFO:__main__:Completed epoch 46 of 100

INFO:__main__:NLL: 0.3059, L2: 0.0064, Reg: 0.0166
INFO:__main__:Total loss 0.3289
INFO:__main__:Predicted mean: -0.0206
INFO:__main__:Predicted uncertainity -0.0067
INFO:__main__:Completed epoch 47 of 100

INFO:__main__:NLL: 0.3059, L2: 0.0063, Reg: 0.0159
INFO:__main__:Total loss 0.3281
INFO:__main__:Predicted mean: -0.0204
INFO:__main__:Predicted uncertainity -0.0069
INFO:__main__:Completed epoch 48 of 100

INFO:__main__:NLL: 0.3059, L2: 0.0062, Reg: 0.0170
INFO:__main__:Total loss 0.3292
INFO:__main__:Predicted mean: -0.0204
INFO:__main__:Predicted uncertainity -0.0068
INFO:__main__:Completed epoch 49 of 100

INFO:__main__:NLL: 0.3059, L2: 0.0064, Reg: 0.0167
INFO:__main__:Total loss 0.3290
INFO:__main__:Predicted mean: -0.0205
INFO:__main__:Predicted uncertainity -0.0068
INFO:__main__:Completed epoch 50 of 100

INFO:__main__:NLL: 0.3059, L2: 0.0062, Reg: 0.0180
INFO:__main__:Total loss 0.3301
INFO:__main__:Predicted mean: -0.0205
INFO:__main__:Predicted uncertainity -0.0068
INFO:__main__:Completed epoch 51 of 100

INFO:__main__:NLL: 0.3060, L2: 0.0065, Reg: 0.0156
INFO:__main__:Total loss 0.3281
INFO:__main__:Predicted mean: -0.0205
INFO:__main__:Predicted uncertainity -0.0067
INFO:__main__:Completed epoch 52 of 100

INFO:__main__:NLL: 0.3059, L2: 0.0066, Reg: 0.0153
INFO:__main__:Total loss 0.3277
INFO:__main__:Predicted mean: -0.0205
INFO:__main__:Predicted uncertainity -0.0068
INFO:__main__:Completed epoch 53 of 100

INFO:__main__:NLL: 0.3059, L2: 0.0065, Reg: 0.0164
INFO:__main__:Total loss 0.3288
INFO:__main__:Predicted mean: -0.0205
INFO:__main__:Predicted uncertainity -0.0068
INFO:__main__:Completed epoch 54 of 100

INFO:__main__:NLL: 0.3060, L2: 0.0064, Reg: 0.0162
INFO:__main__:Total loss 0.3286
INFO:__main__:Predicted mean: -0.0205
INFO:__main__:Predicted uncertainity -0.0066
INFO:__main__:Completed epoch 55 of 100

INFO:__main__:NLL: 0.3060, L2: 0.0065, Reg: 0.0172
INFO:__main__:Total loss 0.3297
INFO:__main__:Predicted mean: -0.0204
INFO:__main__:Predicted uncertainity -0.0066
INFO:__main__:Completed epoch 56 of 100

INFO:__main__:NLL: 0.3059, L2: 0.0065, Reg: 0.0164
INFO:__main__:Total loss 0.3289
INFO:__main__:Predicted mean: -0.0205
INFO:__main__:Predicted uncertainity -0.0067
INFO:__main__:Completed epoch 57 of 100

INFO:__main__:NLL: 0.3060, L2: 0.0063, Reg: 0.0171
INFO:__main__:Total loss 0.3294
INFO:__main__:Predicted mean: -0.0204
INFO:__main__:Predicted uncertainity -0.0067
INFO:__main__:Completed epoch 58 of 100

INFO:__main__:NLL: 0.3060, L2: 0.0067, Reg: 0.0187
INFO:__main__:Total loss 0.3313
INFO:__main__:Predicted mean: -0.0204
INFO:__main__:Predicted uncertainity -0.0067
INFO:__main__:Completed epoch 59 of 100

INFO:__main__:NLL: 0.3060, L2: 0.0064, Reg: 0.0159
INFO:__main__:Total loss 0.3282
INFO:__main__:Predicted mean: -0.0205
INFO:__main__:Predicted uncertainity -0.0067
INFO:__main__:Completed epoch 60 of 100

INFO:__main__:NLL: 0.3059, L2: 0.0065, Reg: 0.0174
INFO:__main__:Total loss 0.3298
INFO:__main__:Predicted mean: -0.0206
INFO:__main__:Predicted uncertainity -0.0068
INFO:__main__:Completed epoch 61 of 100

INFO:__main__:NLL: 0.3060, L2: 0.0062, Reg: 0.0174
INFO:__main__:Total loss 0.3296
INFO:__main__:Predicted mean: -0.0205
INFO:__main__:Predicted uncertainity -0.0066
INFO:__main__:Completed epoch 62 of 100

INFO:__main__:NLL: 0.3059, L2: 0.0069, Reg: 0.0153
INFO:__main__:Total loss 0.3282
INFO:__main__:Predicted mean: -0.0204
INFO:__main__:Predicted uncertainity -0.0068
INFO:__main__:Completed epoch 63 of 100

INFO:__main__:NLL: 0.3059, L2: 0.0064, Reg: 0.0164
INFO:__main__:Total loss 0.3288
INFO:__main__:Predicted mean: -0.0205
INFO:__main__:Predicted uncertainity -0.0068
INFO:__main__:Completed epoch 64 of 100

INFO:__main__:NLL: 0.3060, L2: 0.0063, Reg: 0.0160
INFO:__main__:Total loss 0.3282
INFO:__main__:Predicted mean: -0.0204
INFO:__main__:Predicted uncertainity -0.0067
INFO:__main__:Completed epoch 65 of 100

INFO:__main__:NLL: 0.3059, L2: 0.0062, Reg: 0.0176
INFO:__main__:Total loss 0.3298
INFO:__main__:Predicted mean: -0.0204
INFO:__main__:Predicted uncertainity -0.0069
INFO:__main__:Completed epoch 66 of 100

INFO:__main__:NLL: 0.3060, L2: 0.0067, Reg: 0.0160
INFO:__main__:Total loss 0.3287
INFO:__main__:Predicted mean: -0.0204
INFO:__main__:Predicted uncertainity -0.0066
INFO:__main__:Completed epoch 67 of 100

INFO:__main__:NLL: 0.3059, L2: 0.0062, Reg: 0.0157
INFO:__main__:Total loss 0.3278
INFO:__main__:Predicted mean: -0.0204
INFO:__main__:Predicted uncertainity -0.0070
INFO:__main__:Completed epoch 68 of 100

INFO:__main__:NLL: 0.3059, L2: 0.0064, Reg: 0.0183
INFO:__main__:Total loss 0.3306
INFO:__main__:Predicted mean: -0.0205
INFO:__main__:Predicted uncertainity -0.0068
INFO:__main__:Completed epoch 69 of 100

INFO:__main__:NLL: 0.3059, L2: 0.0062, Reg: 0.0171
INFO:__main__:Total loss 0.3293
INFO:__main__:Predicted mean: -0.0205
INFO:__main__:Predicted uncertainity -0.0069
INFO:__main__:Completed epoch 70 of 100

INFO:__main__:NLL: 0.3059, L2: 0.0067, Reg: 0.0160
INFO:__main__:Total loss 0.3286
INFO:__main__:Predicted mean: -0.0204
INFO:__main__:Predicted uncertainity -0.0069
INFO:__main__:Completed epoch 71 of 100

INFO:__main__:NLL: 0.3059, L2: 0.0061, Reg: 0.0183
INFO:__main__:Total loss 0.3304
INFO:__main__:Predicted mean: -0.0205
INFO:__main__:Predicted uncertainity -0.0068
INFO:__main__:Completed epoch 72 of 100

INFO:__main__:NLL: 0.3060, L2: 0.0068, Reg: 0.0169
INFO:__main__:Total loss 0.3297
INFO:__main__:Predicted mean: -0.0205
INFO:__main__:Predicted uncertainity -0.0066
INFO:__main__:Completed epoch 73 of 100

INFO:__main__:NLL: 0.3059, L2: 0.0064, Reg: 0.0171
INFO:__main__:Total loss 0.3294
INFO:__main__:Predicted mean: -0.0205
INFO:__main__:Predicted uncertainity -0.0067
INFO:__main__:Completed epoch 74 of 100

INFO:__main__:NLL: 0.3059, L2: 0.0061, Reg: 0.0177
INFO:__main__:Total loss 0.3297
INFO:__main__:Predicted mean: -0.0205
INFO:__main__:Predicted uncertainity -0.0068
INFO:__main__:Completed epoch 75 of 100

INFO:__main__:NLL: 0.3059, L2: 0.0065, Reg: 0.0171
INFO:__main__:Total loss 0.3296
INFO:__main__:Predicted mean: -0.0204
INFO:__main__:Predicted uncertainity -0.0069
INFO:__main__:Completed epoch 76 of 100

INFO:__main__:NLL: 0.3060, L2: 0.0062, Reg: 0.0186
INFO:__main__:Total loss 0.3308
INFO:__main__:Predicted mean: -0.0205
INFO:__main__:Predicted uncertainity -0.0064
INFO:__main__:Completed epoch 77 of 100

INFO:__main__:NLL: 0.3060, L2: 0.0066, Reg: 0.0170
INFO:__main__:Total loss 0.3295
INFO:__main__:Predicted mean: -0.0204
INFO:__main__:Predicted uncertainity -0.0067
INFO:__main__:Completed epoch 78 of 100

INFO:__main__:NLL: 0.3059, L2: 0.0066, Reg: 0.0145
INFO:__main__:Total loss 0.3271
INFO:__main__:Predicted mean: -0.0205
INFO:__main__:Predicted uncertainity -0.0069
INFO:__main__:Completed epoch 79 of 100

INFO:__main__:NLL: 0.3059, L2: 0.0063, Reg: 0.0183
INFO:__main__:Total loss 0.3306
INFO:__main__:Predicted mean: -0.0205
INFO:__main__:Predicted uncertainity -0.0068
INFO:__main__:Completed epoch 80 of 100

INFO:__main__:NLL: 0.3059, L2: 0.0063, Reg: 0.0164
INFO:__main__:Total loss 0.3286
INFO:__main__:Predicted mean: -0.0204
INFO:__main__:Predicted uncertainity -0.0068
INFO:__main__:Completed epoch 81 of 100

INFO:__main__:NLL: 0.3059, L2: 0.0068, Reg: 0.0162
INFO:__main__:Total loss 0.3290
INFO:__main__:Predicted mean: -0.0206
INFO:__main__:Predicted uncertainity -0.0067
INFO:__main__:Completed epoch 82 of 100

INFO:__main__:NLL: 0.3059, L2: 0.0064, Reg: 0.0165
INFO:__main__:Total loss 0.3288
INFO:__main__:Predicted mean: -0.0205
INFO:__main__:Predicted uncertainity -0.0068
INFO:__main__:Completed epoch 83 of 100

INFO:__main__:NLL: 0.3059, L2: 0.0063, Reg: 0.0187
INFO:__main__:Total loss 0.3309
INFO:__main__:Predicted mean: -0.0205
INFO:__main__:Predicted uncertainity -0.0069
INFO:__main__:Completed epoch 84 of 100

INFO:__main__:NLL: 0.3060, L2: 0.0063, Reg: 0.0180
INFO:__main__:Total loss 0.3303
INFO:__main__:Predicted mean: -0.0205
INFO:__main__:Predicted uncertainity -0.0067
INFO:__main__:Completed epoch 85 of 100

INFO:__main__:NLL: 0.3060, L2: 0.0062, Reg: 0.0173
INFO:__main__:Total loss 0.3294
INFO:__main__:Predicted mean: -0.0205
INFO:__main__:Predicted uncertainity -0.0067
INFO:__main__:Completed epoch 86 of 100

INFO:__main__:NLL: 0.3059, L2: 0.0066, Reg: 0.0154
INFO:__main__:Total loss 0.3279
INFO:__main__:Predicted mean: -0.0204
INFO:__main__:Predicted uncertainity -0.0071
INFO:__main__:Completed epoch 87 of 100

INFO:__main__:NLL: 0.3060, L2: 0.0064, Reg: 0.0154
INFO:__main__:Total loss 0.3278
INFO:__main__:Predicted mean: -0.0204
INFO:__main__:Predicted uncertainity -0.0067
INFO:__main__:Completed epoch 88 of 100

INFO:__main__:NLL: 0.3060, L2: 0.0066, Reg: 0.0180
INFO:__main__:Total loss 0.3305
INFO:__main__:Predicted mean: -0.0205
INFO:__main__:Predicted uncertainity -0.0066
INFO:__main__:Completed epoch 89 of 100

INFO:__main__:NLL: 0.3059, L2: 0.0065, Reg: 0.0162
INFO:__main__:Total loss 0.3285
INFO:__main__:Predicted mean: -0.0204
INFO:__main__:Predicted uncertainity -0.0070
INFO:__main__:Completed epoch 90 of 100

INFO:__main__:NLL: 0.3059, L2: 0.0065, Reg: 0.0177
INFO:__main__:Total loss 0.3302
INFO:__main__:Predicted mean: -0.0204
INFO:__main__:Predicted uncertainity -0.0068
INFO:__main__:Completed epoch 91 of 100

INFO:__main__:NLL: 0.3060, L2: 0.0064, Reg: 0.0170
INFO:__main__:Total loss 0.3294
INFO:__main__:Predicted mean: -0.0204
INFO:__main__:Predicted uncertainity -0.0067
INFO:__main__:Completed epoch 92 of 100

INFO:__main__:NLL: 0.3060, L2: 0.0065, Reg: 0.0169
INFO:__main__:Total loss 0.3293
INFO:__main__:Predicted mean: -0.0205
INFO:__main__:Predicted uncertainity -0.0066
INFO:__main__:Completed epoch 93 of 100

INFO:__main__:NLL: 0.3059, L2: 0.0068, Reg: 0.0157
INFO:__main__:Total loss 0.3283
INFO:__main__:Predicted mean: -0.0204
INFO:__main__:Predicted uncertainity -0.0070
INFO:__main__:Completed epoch 94 of 100

INFO:__main__:NLL: 0.3059, L2: 0.0062, Reg: 0.0157
INFO:__main__:Total loss 0.3278
INFO:__main__:Predicted mean: -0.0205
INFO:__main__:Predicted uncertainity -0.0068
INFO:__main__:Completed epoch 95 of 100

INFO:__main__:NLL: 0.3059, L2: 0.0066, Reg: 0.0167
INFO:__main__:Total loss 0.3291
INFO:__main__:Predicted mean: -0.0204
INFO:__main__:Predicted uncertainity -0.0070
INFO:__main__:Completed epoch 96 of 100

INFO:__main__:NLL: 0.3060, L2: 0.0064, Reg: 0.0163
INFO:__main__:Total loss 0.3286
INFO:__main__:Predicted mean: -0.0204
INFO:__main__:Predicted uncertainity -0.0067
INFO:__main__:Completed epoch 97 of 100

INFO:__main__:NLL: 0.3059, L2: 0.0063, Reg: 0.0150
INFO:__main__:Total loss 0.3272
INFO:__main__:Predicted mean: -0.0203
INFO:__main__:Predicted uncertainity -0.0070
INFO:__main__:Completed epoch 98 of 100

INFO:__main__:NLL: 0.3059, L2: 0.0065, Reg: 0.0176
INFO:__main__:Total loss 0.3301
INFO:__main__:Predicted mean: -0.0205
INFO:__main__:Predicted uncertainity -0.0068
INFO:__main__:Completed epoch 99 of 100

INFO:__main__:NLL: 0.3059, L2: 0.0068, Reg: 0.0169
INFO:__main__:Total loss 0.3296
INFO:__main__:Predicted mean: -0.0205
INFO:__main__:Predicted uncertainity -0.0068
INFO:__main__:Completed epoch 100 of 100

INFO:__main__:344.061365 s
