INFO:__main__:PROCESS RUNNING ON cpu
INFO:__main__:NLL: 0.1796, L2: 0.0062, Reg: 0.0581
INFO:__main__:Total loss 0.2439
INFO:__main__:Predicted mean: -0.4003
INFO:__main__:Predicted uncertainity -0.6182
INFO:__main__:Completed epoch 1 of 100

INFO:__main__:NLL: 0.0403, L2: 0.0063, Reg: 0.0577
INFO:__main__:Total loss 0.1043
INFO:__main__:Predicted mean: -0.4161
INFO:__main__:Predicted uncertainity -0.5887
INFO:__main__:Completed epoch 2 of 100

INFO:__main__:NLL: 0.0626, L2: 0.0062, Reg: 0.0515
INFO:__main__:Total loss 0.1203
INFO:__main__:Predicted mean: -0.4151
INFO:__main__:Predicted uncertainity -0.5826
INFO:__main__:Completed epoch 3 of 100

INFO:__main__:NLL: -0.0107, L2: 0.0067, Reg: 0.0376
INFO:__main__:Total loss 0.0336
INFO:__main__:Predicted mean: -0.3947
INFO:__main__:Predicted uncertainity -0.6440
INFO:__main__:Completed epoch 4 of 100

INFO:__main__:NLL: 0.0352, L2: 0.0066, Reg: 0.0494
INFO:__main__:Total loss 0.0912
INFO:__main__:Predicted mean: -0.3838
INFO:__main__:Predicted uncertainity -0.6778
INFO:__main__:Completed epoch 5 of 100

INFO:__main__:NLL: 0.1704, L2: 0.0067, Reg: 0.0501
INFO:__main__:Total loss 0.2271
INFO:__main__:Predicted mean: -0.4012
INFO:__main__:Predicted uncertainity -0.6016
INFO:__main__:Completed epoch 6 of 100

INFO:__main__:NLL: 0.1619, L2: 0.0068, Reg: 0.0556
INFO:__main__:Total loss 0.2242
INFO:__main__:Predicted mean: -0.4042
INFO:__main__:Predicted uncertainity -0.6078
INFO:__main__:Completed epoch 7 of 100

INFO:__main__:NLL: 0.1954, L2: 0.0067, Reg: 0.0452
INFO:__main__:Total loss 0.2474
INFO:__main__:Predicted mean: -0.3736
INFO:__main__:Predicted uncertainity -0.6324
INFO:__main__:Completed epoch 8 of 100

INFO:__main__:NLL: -0.0048, L2: 0.0069, Reg: 0.0570
INFO:__main__:Total loss 0.0591
INFO:__main__:Predicted mean: -0.3935
INFO:__main__:Predicted uncertainity -0.6442
INFO:__main__:Completed epoch 9 of 100

INFO:__main__:NLL: 0.2790, L2: 0.0073, Reg: 0.0530
INFO:__main__:Total loss 0.3393
INFO:__main__:Predicted mean: -0.4194
INFO:__main__:Predicted uncertainity -0.6365
INFO:__main__:Completed epoch 10 of 100

INFO:__main__:NLL: 0.1216, L2: 0.0070, Reg: 0.0472
INFO:__main__:Total loss 0.1758
INFO:__main__:Predicted mean: -0.4277
INFO:__main__:Predicted uncertainity -0.6792
INFO:__main__:Completed epoch 11 of 100

INFO:__main__:NLL: 0.2206, L2: 0.0069, Reg: 0.0556
INFO:__main__:Total loss 0.2831
INFO:__main__:Predicted mean: -0.4192
INFO:__main__:Predicted uncertainity -0.5596
INFO:__main__:Completed epoch 12 of 100

INFO:__main__:NLL: 0.0350, L2: 0.0072, Reg: 0.0541
INFO:__main__:Total loss 0.0963
INFO:__main__:Predicted mean: -0.3569
INFO:__main__:Predicted uncertainity -0.6233
INFO:__main__:Completed epoch 13 of 100

INFO:__main__:NLL: 0.2973, L2: 0.0074, Reg: 0.0500
INFO:__main__:Total loss 0.3547
INFO:__main__:Predicted mean: -0.4178
INFO:__main__:Predicted uncertainity -0.6252
INFO:__main__:Completed epoch 14 of 100

INFO:__main__:NLL: 0.2060, L2: 0.0075, Reg: 0.0554
INFO:__main__:Total loss 0.2689
INFO:__main__:Predicted mean: -0.4103
INFO:__main__:Predicted uncertainity -0.6702
INFO:__main__:Completed epoch 15 of 100

INFO:__main__:NLL: 0.2094, L2: 0.0076, Reg: 0.0589
INFO:__main__:Total loss 0.2759
INFO:__main__:Predicted mean: -0.3789
INFO:__main__:Predicted uncertainity -0.7034
INFO:__main__:Completed epoch 16 of 100

INFO:__main__:NLL: 0.0977, L2: 0.0073, Reg: 0.0377
INFO:__main__:Total loss 0.1427
INFO:__main__:Predicted mean: -0.3909
INFO:__main__:Predicted uncertainity -0.6372
INFO:__main__:Completed epoch 17 of 100

INFO:__main__:NLL: 0.1558, L2: 0.0077, Reg: 0.0529
INFO:__main__:Total loss 0.2164
INFO:__main__:Predicted mean: -0.4308
INFO:__main__:Predicted uncertainity -0.6433
INFO:__main__:Completed epoch 18 of 100

INFO:__main__:NLL: -0.0284, L2: 0.0076, Reg: 0.0416
INFO:__main__:Total loss 0.0208
INFO:__main__:Predicted mean: -0.4428
INFO:__main__:Predicted uncertainity -0.5343
INFO:__main__:Completed epoch 19 of 100

INFO:__main__:NLL: 0.1701, L2: 0.0075, Reg: 0.0414
INFO:__main__:Total loss 0.2189
INFO:__main__:Predicted mean: -0.4174
INFO:__main__:Predicted uncertainity -0.6539
INFO:__main__:Completed epoch 20 of 100

INFO:__main__:NLL: 0.0686, L2: 0.0078, Reg: 0.0419
INFO:__main__:Total loss 0.1182
INFO:__main__:Predicted mean: -0.4166
INFO:__main__:Predicted uncertainity -0.5622
INFO:__main__:Completed epoch 21 of 100

INFO:__main__:NLL: 0.0246, L2: 0.0076, Reg: 0.0453
INFO:__main__:Total loss 0.0776
INFO:__main__:Predicted mean: -0.4019
INFO:__main__:Predicted uncertainity -0.6241
INFO:__main__:Completed epoch 22 of 100

INFO:__main__:NLL: 0.0416, L2: 0.0075, Reg: 0.0606
INFO:__main__:Total loss 0.1096
INFO:__main__:Predicted mean: -0.3999
INFO:__main__:Predicted uncertainity -0.6500
INFO:__main__:Completed epoch 23 of 100

INFO:__main__:NLL: 0.2721, L2: 0.0076, Reg: 0.0413
INFO:__main__:Total loss 0.3211
INFO:__main__:Predicted mean: -0.3924
INFO:__main__:Predicted uncertainity -0.6141
INFO:__main__:Completed epoch 24 of 100

INFO:__main__:NLL: 0.2079, L2: 0.0075, Reg: 0.0435
INFO:__main__:Total loss 0.2589
INFO:__main__:Predicted mean: -0.4127
INFO:__main__:Predicted uncertainity -0.5859
INFO:__main__:Completed epoch 25 of 100

INFO:__main__:NLL: -0.0312, L2: 0.0075, Reg: 0.0473
INFO:__main__:Total loss 0.0235
INFO:__main__:Predicted mean: -0.4071
INFO:__main__:Predicted uncertainity -0.5650
INFO:__main__:Completed epoch 26 of 100

INFO:__main__:NLL: 0.1781, L2: 0.0074, Reg: 0.0509
INFO:__main__:Total loss 0.2364
INFO:__main__:Predicted mean: -0.3740
INFO:__main__:Predicted uncertainity -0.6474
INFO:__main__:Completed epoch 27 of 100

INFO:__main__:NLL: 0.2000, L2: 0.0076, Reg: 0.0477
INFO:__main__:Total loss 0.2553
INFO:__main__:Predicted mean: -0.4184
INFO:__main__:Predicted uncertainity -0.5459
INFO:__main__:Completed epoch 28 of 100

INFO:__main__:NLL: 0.1638, L2: 0.0078, Reg: 0.0478
INFO:__main__:Total loss 0.2194
INFO:__main__:Predicted mean: -0.3847
INFO:__main__:Predicted uncertainity -0.6433
INFO:__main__:Completed epoch 29 of 100

INFO:__main__:NLL: 0.1557, L2: 0.0076, Reg: 0.0438
INFO:__main__:Total loss 0.2071
INFO:__main__:Predicted mean: -0.3946
INFO:__main__:Predicted uncertainity -0.5595
INFO:__main__:Completed epoch 30 of 100

INFO:__main__:NLL: 0.1502, L2: 0.0076, Reg: 0.0482
INFO:__main__:Total loss 0.2060
INFO:__main__:Predicted mean: -0.4390
INFO:__main__:Predicted uncertainity -0.6576
INFO:__main__:Completed epoch 31 of 100

INFO:__main__:NLL: 0.0236, L2: 0.0083, Reg: 0.0557
INFO:__main__:Total loss 0.0876
INFO:__main__:Predicted mean: -0.4108
INFO:__main__:Predicted uncertainity -0.6953
INFO:__main__:Completed epoch 32 of 100

INFO:__main__:NLL: 0.1380, L2: 0.0078, Reg: 0.0494
INFO:__main__:Total loss 0.1951
INFO:__main__:Predicted mean: -0.4323
INFO:__main__:Predicted uncertainity -0.6008
INFO:__main__:Completed epoch 33 of 100

INFO:__main__:NLL: 0.0767, L2: 0.0076, Reg: 0.0531
INFO:__main__:Total loss 0.1374
INFO:__main__:Predicted mean: -0.3933
INFO:__main__:Predicted uncertainity -0.6944
INFO:__main__:Completed epoch 34 of 100

INFO:__main__:NLL: -0.0075, L2: 0.0077, Reg: 0.0534
INFO:__main__:Total loss 0.0536
INFO:__main__:Predicted mean: -0.4289
INFO:__main__:Predicted uncertainity -0.6185
INFO:__main__:Completed epoch 35 of 100

INFO:__main__:NLL: 0.1052, L2: 0.0077, Reg: 0.0459
INFO:__main__:Total loss 0.1588
INFO:__main__:Predicted mean: -0.3494
INFO:__main__:Predicted uncertainity -0.6252
INFO:__main__:Completed epoch 36 of 100

INFO:__main__:NLL: -0.0101, L2: 0.0079, Reg: 0.0470
INFO:__main__:Total loss 0.0447
INFO:__main__:Predicted mean: -0.3605
INFO:__main__:Predicted uncertainity -0.6876
INFO:__main__:Completed epoch 37 of 100

INFO:__main__:NLL: 0.2801, L2: 0.0076, Reg: 0.0381
INFO:__main__:Total loss 0.3258
INFO:__main__:Predicted mean: -0.3985
INFO:__main__:Predicted uncertainity -0.6483
INFO:__main__:Completed epoch 38 of 100

INFO:__main__:NLL: 0.1231, L2: 0.0077, Reg: 0.0486
INFO:__main__:Total loss 0.1795
INFO:__main__:Predicted mean: -0.4410
INFO:__main__:Predicted uncertainity -0.5911
INFO:__main__:Completed epoch 39 of 100

INFO:__main__:NLL: 0.0653, L2: 0.0078, Reg: 0.0506
INFO:__main__:Total loss 0.1236
INFO:__main__:Predicted mean: -0.4319
INFO:__main__:Predicted uncertainity -0.5893
INFO:__main__:Completed epoch 40 of 100

INFO:__main__:NLL: 0.0293, L2: 0.0077, Reg: 0.0478
INFO:__main__:Total loss 0.0848
INFO:__main__:Predicted mean: -0.4052
INFO:__main__:Predicted uncertainity -0.6415
INFO:__main__:Completed epoch 41 of 100

INFO:__main__:NLL: 0.1320, L2: 0.0078, Reg: 0.0475
INFO:__main__:Total loss 0.1873
INFO:__main__:Predicted mean: -0.4111
INFO:__main__:Predicted uncertainity -0.5939
INFO:__main__:Completed epoch 42 of 100

INFO:__main__:NLL: 0.1783, L2: 0.0076, Reg: 0.0516
INFO:__main__:Total loss 0.2375
INFO:__main__:Predicted mean: -0.4229
INFO:__main__:Predicted uncertainity -0.6222
INFO:__main__:Completed epoch 43 of 100

INFO:__main__:NLL: 0.2582, L2: 0.0078, Reg: 0.0571
INFO:__main__:Total loss 0.3231
INFO:__main__:Predicted mean: -0.4508
INFO:__main__:Predicted uncertainity -0.6402
INFO:__main__:Completed epoch 44 of 100

INFO:__main__:NLL: 0.1089, L2: 0.0074, Reg: 0.0403
INFO:__main__:Total loss 0.1567
INFO:__main__:Predicted mean: -0.4013
INFO:__main__:Predicted uncertainity -0.5582
INFO:__main__:Completed epoch 45 of 100

INFO:__main__:NLL: 0.1493, L2: 0.0078, Reg: 0.0411
INFO:__main__:Total loss 0.1982
INFO:__main__:Predicted mean: -0.3994
INFO:__main__:Predicted uncertainity -0.6189
INFO:__main__:Completed epoch 46 of 100

INFO:__main__:NLL: 0.0700, L2: 0.0074, Reg: 0.0460
INFO:__main__:Total loss 0.1234
INFO:__main__:Predicted mean: -0.4074
INFO:__main__:Predicted uncertainity -0.5894
INFO:__main__:Completed epoch 47 of 100

INFO:__main__:NLL: 0.1118, L2: 0.0075, Reg: 0.0418
INFO:__main__:Total loss 0.1610
INFO:__main__:Predicted mean: -0.4062
INFO:__main__:Predicted uncertainity -0.6015
INFO:__main__:Completed epoch 48 of 100

INFO:__main__:NLL: 0.0169, L2: 0.0079, Reg: 0.0447
INFO:__main__:Total loss 0.0695
INFO:__main__:Predicted mean: -0.3917
INFO:__main__:Predicted uncertainity -0.5326
INFO:__main__:Completed epoch 49 of 100

INFO:__main__:NLL: 0.0254, L2: 0.0079, Reg: 0.0379
INFO:__main__:Total loss 0.0712
INFO:__main__:Predicted mean: -0.3924
INFO:__main__:Predicted uncertainity -0.6192
INFO:__main__:Completed epoch 50 of 100

INFO:__main__:NLL: 0.4149, L2: 0.0080, Reg: 0.0434
INFO:__main__:Total loss 0.4663
INFO:__main__:Predicted mean: -0.4145
INFO:__main__:Predicted uncertainity -0.6982
INFO:__main__:Completed epoch 51 of 100

INFO:__main__:NLL: -0.0171, L2: 0.0077, Reg: 0.0448
INFO:__main__:Total loss 0.0355
INFO:__main__:Predicted mean: -0.3984
INFO:__main__:Predicted uncertainity -0.6691
INFO:__main__:Completed epoch 52 of 100

INFO:__main__:NLL: 0.0965, L2: 0.0076, Reg: 0.0438
INFO:__main__:Total loss 0.1480
INFO:__main__:Predicted mean: -0.4415
INFO:__main__:Predicted uncertainity -0.5370
INFO:__main__:Completed epoch 53 of 100

INFO:__main__:NLL: 0.2294, L2: 0.0081, Reg: 0.0392
INFO:__main__:Total loss 0.2768
INFO:__main__:Predicted mean: -0.3711
INFO:__main__:Predicted uncertainity -0.6197
INFO:__main__:Completed epoch 54 of 100

INFO:__main__:NLL: 0.2533, L2: 0.0076, Reg: 0.0413
INFO:__main__:Total loss 0.3023
INFO:__main__:Predicted mean: -0.3850
INFO:__main__:Predicted uncertainity -0.6525
INFO:__main__:Completed epoch 55 of 100

INFO:__main__:NLL: 0.2293, L2: 0.0079, Reg: 0.0502
INFO:__main__:Total loss 0.2874
INFO:__main__:Predicted mean: -0.4103
INFO:__main__:Predicted uncertainity -0.6419
INFO:__main__:Completed epoch 56 of 100

INFO:__main__:NLL: 0.1092, L2: 0.0074, Reg: 0.0428
INFO:__main__:Total loss 0.1594
INFO:__main__:Predicted mean: -0.3855
INFO:__main__:Predicted uncertainity -0.5230
INFO:__main__:Completed epoch 57 of 100

INFO:__main__:NLL: 0.0444, L2: 0.0078, Reg: 0.0534
INFO:__main__:Total loss 0.1056
INFO:__main__:Predicted mean: -0.4384
INFO:__main__:Predicted uncertainity -0.6018
INFO:__main__:Completed epoch 58 of 100

INFO:__main__:NLL: 0.0941, L2: 0.0077, Reg: 0.0474
INFO:__main__:Total loss 0.1492
INFO:__main__:Predicted mean: -0.4059
INFO:__main__:Predicted uncertainity -0.5728
INFO:__main__:Completed epoch 59 of 100

INFO:__main__:NLL: 0.0927, L2: 0.0079, Reg: 0.0383
INFO:__main__:Total loss 0.1389
INFO:__main__:Predicted mean: -0.3881
INFO:__main__:Predicted uncertainity -0.6574
INFO:__main__:Completed epoch 60 of 100

INFO:__main__:NLL: 0.1796, L2: 0.0076, Reg: 0.0445
INFO:__main__:Total loss 0.2318
INFO:__main__:Predicted mean: -0.3398
INFO:__main__:Predicted uncertainity -0.6430
INFO:__main__:Completed epoch 61 of 100

INFO:__main__:NLL: 0.2468, L2: 0.0076, Reg: 0.0445
INFO:__main__:Total loss 0.2989
INFO:__main__:Predicted mean: -0.3851
INFO:__main__:Predicted uncertainity -0.5621
INFO:__main__:Completed epoch 62 of 100

INFO:__main__:NLL: 0.1016, L2: 0.0079, Reg: 0.0479
INFO:__main__:Total loss 0.1574
INFO:__main__:Predicted mean: -0.4749
INFO:__main__:Predicted uncertainity -0.6021
INFO:__main__:Completed epoch 63 of 100

INFO:__main__:NLL: -0.0017, L2: 0.0077, Reg: 0.0521
INFO:__main__:Total loss 0.0581
INFO:__main__:Predicted mean: -0.4118
INFO:__main__:Predicted uncertainity -0.6276
INFO:__main__:Completed epoch 64 of 100

INFO:__main__:NLL: 0.0355, L2: 0.0077, Reg: 0.0491
INFO:__main__:Total loss 0.0923
INFO:__main__:Predicted mean: -0.3966
INFO:__main__:Predicted uncertainity -0.6959
INFO:__main__:Completed epoch 65 of 100

INFO:__main__:NLL: 0.1905, L2: 0.0078, Reg: 0.0528
INFO:__main__:Total loss 0.2511
INFO:__main__:Predicted mean: -0.4458
INFO:__main__:Predicted uncertainity -0.5908
INFO:__main__:Completed epoch 66 of 100

INFO:__main__:NLL: 0.0685, L2: 0.0073, Reg: 0.0456
INFO:__main__:Total loss 0.1214
INFO:__main__:Predicted mean: -0.3978
INFO:__main__:Predicted uncertainity -0.6519
INFO:__main__:Completed epoch 67 of 100

INFO:__main__:NLL: 0.0496, L2: 0.0076, Reg: 0.0485
INFO:__main__:Total loss 0.1057
INFO:__main__:Predicted mean: -0.3737
INFO:__main__:Predicted uncertainity -0.6515
INFO:__main__:Completed epoch 68 of 100

INFO:__main__:NLL: 0.1126, L2: 0.0079, Reg: 0.0494
INFO:__main__:Total loss 0.1699
INFO:__main__:Predicted mean: -0.3945
INFO:__main__:Predicted uncertainity -0.6461
INFO:__main__:Completed epoch 69 of 100

INFO:__main__:NLL: 0.4738, L2: 0.0084, Reg: 0.0637
INFO:__main__:Total loss 0.5458
INFO:__main__:Predicted mean: -0.4713
INFO:__main__:Predicted uncertainity -0.5849
INFO:__main__:Completed epoch 70 of 100

INFO:__main__:NLL: -0.0415, L2: 0.0079, Reg: 0.0472
INFO:__main__:Total loss 0.0136
INFO:__main__:Predicted mean: -0.3957
INFO:__main__:Predicted uncertainity -0.6587
INFO:__main__:Completed epoch 71 of 100

INFO:__main__:NLL: 0.2458, L2: 0.0077, Reg: 0.0726
INFO:__main__:Total loss 0.3262
INFO:__main__:Predicted mean: -0.4507
INFO:__main__:Predicted uncertainity -0.6536
INFO:__main__:Completed epoch 72 of 100

INFO:__main__:NLL: 0.3437, L2: 0.0082, Reg: 0.0495
INFO:__main__:Total loss 0.4014
INFO:__main__:Predicted mean: -0.4294
INFO:__main__:Predicted uncertainity -0.6231
INFO:__main__:Completed epoch 73 of 100

INFO:__main__:NLL: 0.1102, L2: 0.0079, Reg: 0.0598
INFO:__main__:Total loss 0.1779
INFO:__main__:Predicted mean: -0.3945
INFO:__main__:Predicted uncertainity -0.6875
INFO:__main__:Completed epoch 74 of 100

INFO:__main__:NLL: 0.0148, L2: 0.0078, Reg: 0.0557
INFO:__main__:Total loss 0.0783
INFO:__main__:Predicted mean: -0.4096
INFO:__main__:Predicted uncertainity -0.6174
INFO:__main__:Completed epoch 75 of 100

INFO:__main__:NLL: 0.1279, L2: 0.0079, Reg: 0.0450
INFO:__main__:Total loss 0.1808
INFO:__main__:Predicted mean: -0.4166
INFO:__main__:Predicted uncertainity -0.5579
INFO:__main__:Completed epoch 76 of 100

INFO:__main__:NLL: 0.1593, L2: 0.0077, Reg: 0.0520
INFO:__main__:Total loss 0.2190
INFO:__main__:Predicted mean: -0.4622
INFO:__main__:Predicted uncertainity -0.6126
INFO:__main__:Completed epoch 77 of 100

INFO:__main__:NLL: 0.1972, L2: 0.0078, Reg: 0.0554
INFO:__main__:Total loss 0.2604
INFO:__main__:Predicted mean: -0.3791
INFO:__main__:Predicted uncertainity -0.6067
INFO:__main__:Completed epoch 78 of 100

INFO:__main__:NLL: 0.2187, L2: 0.0076, Reg: 0.0376
INFO:__main__:Total loss 0.2640
INFO:__main__:Predicted mean: -0.3925
INFO:__main__:Predicted uncertainity -0.5975
INFO:__main__:Completed epoch 79 of 100

INFO:__main__:NLL: 0.1197, L2: 0.0079, Reg: 0.0614
INFO:__main__:Total loss 0.1890
INFO:__main__:Predicted mean: -0.3735
INFO:__main__:Predicted uncertainity -0.5913
INFO:__main__:Completed epoch 80 of 100

INFO:__main__:NLL: 0.0909, L2: 0.0082, Reg: 0.0498
INFO:__main__:Total loss 0.1489
INFO:__main__:Predicted mean: -0.3855
INFO:__main__:Predicted uncertainity -0.6432
INFO:__main__:Completed epoch 81 of 100

INFO:__main__:NLL: 0.1022, L2: 0.0076, Reg: 0.0456
INFO:__main__:Total loss 0.1554
INFO:__main__:Predicted mean: -0.4007
INFO:__main__:Predicted uncertainity -0.6596
INFO:__main__:Completed epoch 82 of 100

INFO:__main__:NLL: 0.0959, L2: 0.0080, Reg: 0.0475
INFO:__main__:Total loss 0.1514
INFO:__main__:Predicted mean: -0.4327
INFO:__main__:Predicted uncertainity -0.5910
INFO:__main__:Completed epoch 83 of 100

INFO:__main__:NLL: 0.3098, L2: 0.0074, Reg: 0.0509
INFO:__main__:Total loss 0.3682
INFO:__main__:Predicted mean: -0.3784
INFO:__main__:Predicted uncertainity -0.6323
INFO:__main__:Completed epoch 84 of 100

INFO:__main__:NLL: 0.1162, L2: 0.0075, Reg: 0.0423
INFO:__main__:Total loss 0.1661
INFO:__main__:Predicted mean: -0.3863
INFO:__main__:Predicted uncertainity -0.5546
INFO:__main__:Completed epoch 85 of 100

INFO:__main__:NLL: -0.0757, L2: 0.0077, Reg: 0.0605
INFO:__main__:Total loss -0.0075
INFO:__main__:Predicted mean: -0.4116
INFO:__main__:Predicted uncertainity -0.6640
INFO:__main__:Completed epoch 86 of 100

INFO:__main__:NLL: 0.1454, L2: 0.0073, Reg: 0.0494
INFO:__main__:Total loss 0.2021
INFO:__main__:Predicted mean: -0.4232
INFO:__main__:Predicted uncertainity -0.5597
INFO:__main__:Completed epoch 87 of 100

INFO:__main__:NLL: 0.0906, L2: 0.0078, Reg: 0.0459
INFO:__main__:Total loss 0.1443
INFO:__main__:Predicted mean: -0.3793
INFO:__main__:Predicted uncertainity -0.6251
INFO:__main__:Completed epoch 88 of 100

INFO:__main__:NLL: 0.0862, L2: 0.0075, Reg: 0.0452
INFO:__main__:Total loss 0.1390
INFO:__main__:Predicted mean: -0.3779
INFO:__main__:Predicted uncertainity -0.6082
INFO:__main__:Completed epoch 89 of 100

INFO:__main__:NLL: 0.1926, L2: 0.0078, Reg: 0.0496
INFO:__main__:Total loss 0.2499
INFO:__main__:Predicted mean: -0.4181
INFO:__main__:Predicted uncertainity -0.6582
INFO:__main__:Completed epoch 90 of 100

INFO:__main__:NLL: 0.2115, L2: 0.0075, Reg: 0.0569
INFO:__main__:Total loss 0.2760
INFO:__main__:Predicted mean: -0.4587
INFO:__main__:Predicted uncertainity -0.7022
INFO:__main__:Completed epoch 91 of 100

INFO:__main__:NLL: 0.1300, L2: 0.0074, Reg: 0.0553
INFO:__main__:Total loss 0.1927
INFO:__main__:Predicted mean: -0.4017
INFO:__main__:Predicted uncertainity -0.6950
INFO:__main__:Completed epoch 92 of 100

INFO:__main__:NLL: 0.0928, L2: 0.0076, Reg: 0.0525
INFO:__main__:Total loss 0.1530
INFO:__main__:Predicted mean: -0.4177
INFO:__main__:Predicted uncertainity -0.6108
INFO:__main__:Completed epoch 93 of 100

INFO:__main__:NLL: 0.1124, L2: 0.0080, Reg: 0.0520
INFO:__main__:Total loss 0.1725
INFO:__main__:Predicted mean: -0.3654
INFO:__main__:Predicted uncertainity -0.5843
INFO:__main__:Completed epoch 94 of 100

INFO:__main__:NLL: 0.1414, L2: 0.0077, Reg: 0.0419
INFO:__main__:Total loss 0.1911
INFO:__main__:Predicted mean: -0.3700
INFO:__main__:Predicted uncertainity -0.5984
INFO:__main__:Completed epoch 95 of 100

INFO:__main__:NLL: 0.2642, L2: 0.0075, Reg: 0.0496
INFO:__main__:Total loss 0.3213
INFO:__main__:Predicted mean: -0.4480
INFO:__main__:Predicted uncertainity -0.6444
INFO:__main__:Completed epoch 96 of 100

INFO:__main__:NLL: 0.1223, L2: 0.0076, Reg: 0.0364
INFO:__main__:Total loss 0.1663
INFO:__main__:Predicted mean: -0.3342
INFO:__main__:Predicted uncertainity -0.5675
INFO:__main__:Completed epoch 97 of 100

INFO:__main__:NLL: 0.0390, L2: 0.0075, Reg: 0.0488
INFO:__main__:Total loss 0.0953
INFO:__main__:Predicted mean: -0.3850
INFO:__main__:Predicted uncertainity -0.6544
INFO:__main__:Completed epoch 98 of 100

INFO:__main__:NLL: 0.1396, L2: 0.0075, Reg: 0.0597
INFO:__main__:Total loss 0.2067
INFO:__main__:Predicted mean: -0.4461
INFO:__main__:Predicted uncertainity -0.7332
INFO:__main__:Completed epoch 99 of 100

INFO:__main__:NLL: 0.1587, L2: 0.0075, Reg: 0.0431
INFO:__main__:Total loss 0.2093
INFO:__main__:Predicted mean: -0.4225
INFO:__main__:Predicted uncertainity -0.6673
INFO:__main__:Completed epoch 100 of 100

INFO:__main__:519.970611 s
