INFO:__main__:PROCESS RUNNING ON cpu
INFO:__main__:NLL: 0.0445, L2: 0.0068, Reg: 0.0014
INFO:__main__:Total loss 0.0527
INFO:__main__:Predicted mean: -0.4504
INFO:__main__:Predicted uncertainity -0.7668
INFO:__main__:Completed epoch 1 of 100

INFO:__main__:NLL: 0.0990, L2: 0.0075, Reg: 0.0014
INFO:__main__:Total loss 0.1078
INFO:__main__:Predicted mean: -0.3738
INFO:__main__:Predicted uncertainity -0.7824
INFO:__main__:Completed epoch 2 of 100

INFO:__main__:NLL: 0.1239, L2: 0.0079, Reg: 0.0014
INFO:__main__:Total loss 0.1332
INFO:__main__:Predicted mean: -0.3856
INFO:__main__:Predicted uncertainity -0.6907
INFO:__main__:Completed epoch 3 of 100

INFO:__main__:NLL: -0.1897, L2: 0.0081, Reg: 0.0014
INFO:__main__:Total loss -0.1802
INFO:__main__:Predicted mean: -0.4541
INFO:__main__:Predicted uncertainity -0.8720
INFO:__main__:Completed epoch 4 of 100

INFO:__main__:NLL: 0.2470, L2: 0.0084, Reg: 0.0014
INFO:__main__:Total loss 0.2567
INFO:__main__:Predicted mean: -0.3627
INFO:__main__:Predicted uncertainity -0.7702
INFO:__main__:Completed epoch 5 of 100

INFO:__main__:NLL: 0.0343, L2: 0.0079, Reg: 0.0014
INFO:__main__:Total loss 0.0437
INFO:__main__:Predicted mean: -0.3735
INFO:__main__:Predicted uncertainity -0.6929
INFO:__main__:Completed epoch 6 of 100

INFO:__main__:NLL: -0.1253, L2: 0.0080, Reg: 0.0014
INFO:__main__:Total loss -0.1160
INFO:__main__:Predicted mean: -0.3673
INFO:__main__:Predicted uncertainity -0.7716
INFO:__main__:Completed epoch 7 of 100

INFO:__main__:NLL: 0.2123, L2: 0.0085, Reg: 0.0014
INFO:__main__:Total loss 0.2221
INFO:__main__:Predicted mean: -0.4301
INFO:__main__:Predicted uncertainity -0.7112
INFO:__main__:Completed epoch 8 of 100

INFO:__main__:NLL: 0.0816, L2: 0.0079, Reg: 0.0014
INFO:__main__:Total loss 0.0910
INFO:__main__:Predicted mean: -0.4404
INFO:__main__:Predicted uncertainity -0.8604
INFO:__main__:Completed epoch 9 of 100

INFO:__main__:NLL: 0.2273, L2: 0.0079, Reg: 0.0014
INFO:__main__:Total loss 0.2366
INFO:__main__:Predicted mean: -0.3679
INFO:__main__:Predicted uncertainity -0.7667
INFO:__main__:Completed epoch 10 of 100

INFO:__main__:NLL: 0.0850, L2: 0.0083, Reg: 0.0014
INFO:__main__:Total loss 0.0947
INFO:__main__:Predicted mean: -0.4102
INFO:__main__:Predicted uncertainity -0.7961
INFO:__main__:Completed epoch 11 of 100

INFO:__main__:NLL: 0.0727, L2: 0.0080, Reg: 0.0014
INFO:__main__:Total loss 0.0821
INFO:__main__:Predicted mean: -0.4296
INFO:__main__:Predicted uncertainity -0.7501
INFO:__main__:Completed epoch 12 of 100

INFO:__main__:NLL: 0.0100, L2: 0.0085, Reg: 0.0014
INFO:__main__:Total loss 0.0198
INFO:__main__:Predicted mean: -0.3687
INFO:__main__:Predicted uncertainity -0.7152
INFO:__main__:Completed epoch 13 of 100

INFO:__main__:NLL: 0.0265, L2: 0.0086, Reg: 0.0014
INFO:__main__:Total loss 0.0365
INFO:__main__:Predicted mean: -0.3964
INFO:__main__:Predicted uncertainity -0.7948
INFO:__main__:Completed epoch 14 of 100

INFO:__main__:NLL: 0.0167, L2: 0.0085, Reg: 0.0014
INFO:__main__:Total loss 0.0266
INFO:__main__:Predicted mean: -0.3193
INFO:__main__:Predicted uncertainity -0.7680
INFO:__main__:Completed epoch 15 of 100

INFO:__main__:NLL: 0.0762, L2: 0.0078, Reg: 0.0014
INFO:__main__:Total loss 0.0855
INFO:__main__:Predicted mean: -0.4047
INFO:__main__:Predicted uncertainity -0.6581
INFO:__main__:Completed epoch 16 of 100

INFO:__main__:NLL: 0.0190, L2: 0.0082, Reg: 0.0014
INFO:__main__:Total loss 0.0286
INFO:__main__:Predicted mean: -0.3882
INFO:__main__:Predicted uncertainity -0.8137
INFO:__main__:Completed epoch 17 of 100

INFO:__main__:NLL: 0.0901, L2: 0.0083, Reg: 0.0014
INFO:__main__:Total loss 0.0998
INFO:__main__:Predicted mean: -0.3725
INFO:__main__:Predicted uncertainity -0.7805
INFO:__main__:Completed epoch 18 of 100

INFO:__main__:NLL: -0.0488, L2: 0.0087, Reg: 0.0014
INFO:__main__:Total loss -0.0387
INFO:__main__:Predicted mean: -0.3476
INFO:__main__:Predicted uncertainity -0.7341
INFO:__main__:Completed epoch 19 of 100

INFO:__main__:NLL: -0.0006, L2: 0.0085, Reg: 0.0014
INFO:__main__:Total loss 0.0092
INFO:__main__:Predicted mean: -0.3781
INFO:__main__:Predicted uncertainity -0.6991
INFO:__main__:Completed epoch 20 of 100

INFO:__main__:NLL: 0.0935, L2: 0.0085, Reg: 0.0014
INFO:__main__:Total loss 0.1033
INFO:__main__:Predicted mean: -0.3598
INFO:__main__:Predicted uncertainity -0.7066
INFO:__main__:Completed epoch 21 of 100

INFO:__main__:NLL: 0.1052, L2: 0.0082, Reg: 0.0014
INFO:__main__:Total loss 0.1148
INFO:__main__:Predicted mean: -0.3698
INFO:__main__:Predicted uncertainity -0.7218
INFO:__main__:Completed epoch 22 of 100

INFO:__main__:NLL: 0.4838, L2: 0.0081, Reg: 0.0014
INFO:__main__:Total loss 0.4933
INFO:__main__:Predicted mean: -0.3531
INFO:__main__:Predicted uncertainity -0.8047
INFO:__main__:Completed epoch 23 of 100

INFO:__main__:NLL: 0.0395, L2: 0.0080, Reg: 0.0014
INFO:__main__:Total loss 0.0489
INFO:__main__:Predicted mean: -0.3627
INFO:__main__:Predicted uncertainity -0.7013
INFO:__main__:Completed epoch 24 of 100

INFO:__main__:NLL: 0.0301, L2: 0.0082, Reg: 0.0014
INFO:__main__:Total loss 0.0398
INFO:__main__:Predicted mean: -0.3176
INFO:__main__:Predicted uncertainity -0.7378
INFO:__main__:Completed epoch 25 of 100

INFO:__main__:NLL: 0.2237, L2: 0.0085, Reg: 0.0014
INFO:__main__:Total loss 0.2336
INFO:__main__:Predicted mean: -0.3701
INFO:__main__:Predicted uncertainity -0.7279
INFO:__main__:Completed epoch 26 of 100

INFO:__main__:NLL: 0.0414, L2: 0.0084, Reg: 0.0014
INFO:__main__:Total loss 0.0511
INFO:__main__:Predicted mean: -0.3288
INFO:__main__:Predicted uncertainity -0.7265
INFO:__main__:Completed epoch 27 of 100

INFO:__main__:NLL: -0.0234, L2: 0.0086, Reg: 0.0014
INFO:__main__:Total loss -0.0135
INFO:__main__:Predicted mean: -0.3682
INFO:__main__:Predicted uncertainity -0.7938
INFO:__main__:Completed epoch 28 of 100

INFO:__main__:NLL: 0.1665, L2: 0.0085, Reg: 0.0014
INFO:__main__:Total loss 0.1764
INFO:__main__:Predicted mean: -0.3347
INFO:__main__:Predicted uncertainity -0.7710
INFO:__main__:Completed epoch 29 of 100

INFO:__main__:NLL: 0.1237, L2: 0.0089, Reg: 0.0014
INFO:__main__:Total loss 0.1340
INFO:__main__:Predicted mean: -0.3815
INFO:__main__:Predicted uncertainity -0.7478
INFO:__main__:Completed epoch 30 of 100

INFO:__main__:NLL: -0.0747, L2: 0.0096, Reg: 0.0014
INFO:__main__:Total loss -0.0637
INFO:__main__:Predicted mean: -0.3450
INFO:__main__:Predicted uncertainity -0.7963
INFO:__main__:Completed epoch 31 of 100

INFO:__main__:NLL: 0.0585, L2: 0.0088, Reg: 0.0014
INFO:__main__:Total loss 0.0687
INFO:__main__:Predicted mean: -0.3308
INFO:__main__:Predicted uncertainity -0.7786
INFO:__main__:Completed epoch 32 of 100

INFO:__main__:NLL: 0.1466, L2: 0.0093, Reg: 0.0014
INFO:__main__:Total loss 0.1574
INFO:__main__:Predicted mean: -0.4205
INFO:__main__:Predicted uncertainity -0.8089
INFO:__main__:Completed epoch 33 of 100

INFO:__main__:NLL: 0.0868, L2: 0.0092, Reg: 0.0014
INFO:__main__:Total loss 0.0973
INFO:__main__:Predicted mean: -0.3632
INFO:__main__:Predicted uncertainity -0.7588
INFO:__main__:Completed epoch 34 of 100

INFO:__main__:NLL: 0.0728, L2: 0.0089, Reg: 0.0014
INFO:__main__:Total loss 0.0831
INFO:__main__:Predicted mean: -0.3740
INFO:__main__:Predicted uncertainity -0.7923
INFO:__main__:Completed epoch 35 of 100

INFO:__main__:NLL: 0.0544, L2: 0.0084, Reg: 0.0014
INFO:__main__:Total loss 0.0643
INFO:__main__:Predicted mean: -0.3413
INFO:__main__:Predicted uncertainity -0.8798
INFO:__main__:Completed epoch 36 of 100

INFO:__main__:NLL: 0.4018, L2: 0.0088, Reg: 0.0014
INFO:__main__:Total loss 0.4120
INFO:__main__:Predicted mean: -0.4233
INFO:__main__:Predicted uncertainity -0.7547
INFO:__main__:Completed epoch 37 of 100

INFO:__main__:NLL: -0.0631, L2: 0.0087, Reg: 0.0014
INFO:__main__:Total loss -0.0530
INFO:__main__:Predicted mean: -0.3421
INFO:__main__:Predicted uncertainity -0.8662
INFO:__main__:Completed epoch 38 of 100

INFO:__main__:NLL: 0.1579, L2: 0.0090, Reg: 0.0014
INFO:__main__:Total loss 0.1682
INFO:__main__:Predicted mean: -0.5126
INFO:__main__:Predicted uncertainity -0.7593
INFO:__main__:Completed epoch 39 of 100

INFO:__main__:NLL: 0.0342, L2: 0.0087, Reg: 0.0014
INFO:__main__:Total loss 0.0443
INFO:__main__:Predicted mean: -0.3628
INFO:__main__:Predicted uncertainity -0.7441
INFO:__main__:Completed epoch 40 of 100

INFO:__main__:NLL: 0.0625, L2: 0.0089, Reg: 0.0014
INFO:__main__:Total loss 0.0728
INFO:__main__:Predicted mean: -0.3198
INFO:__main__:Predicted uncertainity -0.6655
INFO:__main__:Completed epoch 41 of 100

INFO:__main__:NLL: 0.3645, L2: 0.0083, Reg: 0.0014
INFO:__main__:Total loss 0.3743
INFO:__main__:Predicted mean: -0.4123
INFO:__main__:Predicted uncertainity -0.7997
INFO:__main__:Completed epoch 42 of 100

INFO:__main__:NLL: 0.0681, L2: 0.0090, Reg: 0.0014
INFO:__main__:Total loss 0.0785
INFO:__main__:Predicted mean: -0.3784
INFO:__main__:Predicted uncertainity -0.7298
INFO:__main__:Completed epoch 43 of 100

INFO:__main__:NLL: 0.0210, L2: 0.0093, Reg: 0.0014
INFO:__main__:Total loss 0.0317
INFO:__main__:Predicted mean: -0.3531
INFO:__main__:Predicted uncertainity -0.7220
INFO:__main__:Completed epoch 44 of 100

INFO:__main__:NLL: 0.1806, L2: 0.0092, Reg: 0.0014
INFO:__main__:Total loss 0.1912
INFO:__main__:Predicted mean: -0.3557
INFO:__main__:Predicted uncertainity -0.8027
INFO:__main__:Completed epoch 45 of 100

INFO:__main__:NLL: 0.0767, L2: 0.0088, Reg: 0.0014
INFO:__main__:Total loss 0.0869
INFO:__main__:Predicted mean: -0.3410
INFO:__main__:Predicted uncertainity -0.7003
INFO:__main__:Completed epoch 46 of 100

INFO:__main__:NLL: -0.0841, L2: 0.0081, Reg: 0.0014
INFO:__main__:Total loss -0.0746
INFO:__main__:Predicted mean: -0.4082
INFO:__main__:Predicted uncertainity -0.7773
INFO:__main__:Completed epoch 47 of 100

INFO:__main__:NLL: 0.2705, L2: 0.0090, Reg: 0.0014
INFO:__main__:Total loss 0.2809
INFO:__main__:Predicted mean: -0.4299
INFO:__main__:Predicted uncertainity -0.7099
INFO:__main__:Completed epoch 48 of 100

INFO:__main__:NLL: 0.0197, L2: 0.0092, Reg: 0.0014
INFO:__main__:Total loss 0.0304
INFO:__main__:Predicted mean: -0.3955
INFO:__main__:Predicted uncertainity -0.7627
INFO:__main__:Completed epoch 49 of 100

INFO:__main__:NLL: 0.0962, L2: 0.0084, Reg: 0.0014
INFO:__main__:Total loss 0.1060
INFO:__main__:Predicted mean: -0.3993
INFO:__main__:Predicted uncertainity -0.6765
INFO:__main__:Completed epoch 50 of 100

INFO:__main__:NLL: 0.0683, L2: 0.0084, Reg: 0.0014
INFO:__main__:Total loss 0.0782
INFO:__main__:Predicted mean: -0.4029
INFO:__main__:Predicted uncertainity -0.8682
INFO:__main__:Completed epoch 51 of 100

INFO:__main__:NLL: 0.0775, L2: 0.0087, Reg: 0.0014
INFO:__main__:Total loss 0.0875
INFO:__main__:Predicted mean: -0.3935
INFO:__main__:Predicted uncertainity -0.7929
INFO:__main__:Completed epoch 52 of 100

INFO:__main__:NLL: 0.2510, L2: 0.0086, Reg: 0.0014
INFO:__main__:Total loss 0.2610
INFO:__main__:Predicted mean: -0.3943
INFO:__main__:Predicted uncertainity -0.7461
INFO:__main__:Completed epoch 53 of 100

INFO:__main__:NLL: 0.0289, L2: 0.0085, Reg: 0.0014
INFO:__main__:Total loss 0.0388
INFO:__main__:Predicted mean: -0.3649
INFO:__main__:Predicted uncertainity -0.7936
INFO:__main__:Completed epoch 54 of 100

INFO:__main__:NLL: 0.1808, L2: 0.0087, Reg: 0.0014
INFO:__main__:Total loss 0.1909
INFO:__main__:Predicted mean: -0.3980
INFO:__main__:Predicted uncertainity -0.8200
INFO:__main__:Completed epoch 55 of 100

INFO:__main__:NLL: 0.1936, L2: 0.0096, Reg: 0.0014
INFO:__main__:Total loss 0.2046
INFO:__main__:Predicted mean: -0.3792
INFO:__main__:Predicted uncertainity -0.7585
INFO:__main__:Completed epoch 56 of 100

INFO:__main__:NLL: 0.1365, L2: 0.0086, Reg: 0.0014
INFO:__main__:Total loss 0.1465
INFO:__main__:Predicted mean: -0.3435
INFO:__main__:Predicted uncertainity -0.8090
INFO:__main__:Completed epoch 57 of 100

INFO:__main__:NLL: 0.0932, L2: 0.0086, Reg: 0.0014
INFO:__main__:Total loss 0.1033
INFO:__main__:Predicted mean: -0.3991
INFO:__main__:Predicted uncertainity -0.7895
INFO:__main__:Completed epoch 58 of 100

INFO:__main__:NLL: 0.1500, L2: 0.0083, Reg: 0.0014
INFO:__main__:Total loss 0.1597
INFO:__main__:Predicted mean: -0.3640
INFO:__main__:Predicted uncertainity -0.8144
INFO:__main__:Completed epoch 59 of 100

INFO:__main__:NLL: 0.0583, L2: 0.0088, Reg: 0.0014
INFO:__main__:Total loss 0.0685
INFO:__main__:Predicted mean: -0.4023
INFO:__main__:Predicted uncertainity -0.6011
INFO:__main__:Completed epoch 60 of 100

INFO:__main__:NLL: 0.0534, L2: 0.0084, Reg: 0.0014
INFO:__main__:Total loss 0.0631
INFO:__main__:Predicted mean: -0.3911
INFO:__main__:Predicted uncertainity -0.6882
INFO:__main__:Completed epoch 61 of 100

INFO:__main__:NLL: 0.1284, L2: 0.0084, Reg: 0.0014
INFO:__main__:Total loss 0.1382
INFO:__main__:Predicted mean: -0.3834
INFO:__main__:Predicted uncertainity -0.7694
INFO:__main__:Completed epoch 62 of 100

INFO:__main__:NLL: 0.0104, L2: 0.0087, Reg: 0.0014
INFO:__main__:Total loss 0.0205
INFO:__main__:Predicted mean: -0.3460
INFO:__main__:Predicted uncertainity -0.7564
INFO:__main__:Completed epoch 63 of 100

INFO:__main__:NLL: 0.2022, L2: 0.0089, Reg: 0.0014
INFO:__main__:Total loss 0.2125
INFO:__main__:Predicted mean: -0.3919
INFO:__main__:Predicted uncertainity -0.7733
INFO:__main__:Completed epoch 64 of 100

INFO:__main__:NLL: -0.0828, L2: 0.0088, Reg: 0.0014
INFO:__main__:Total loss -0.0726
INFO:__main__:Predicted mean: -0.4417
INFO:__main__:Predicted uncertainity -0.8074
INFO:__main__:Completed epoch 65 of 100

INFO:__main__:NLL: 0.1098, L2: 0.0082, Reg: 0.0014
INFO:__main__:Total loss 0.1195
INFO:__main__:Predicted mean: -0.3644
INFO:__main__:Predicted uncertainity -0.7448
INFO:__main__:Completed epoch 66 of 100

INFO:__main__:NLL: 0.0638, L2: 0.0086, Reg: 0.0014
INFO:__main__:Total loss 0.0738
INFO:__main__:Predicted mean: -0.4230
INFO:__main__:Predicted uncertainity -0.7990
INFO:__main__:Completed epoch 67 of 100

INFO:__main__:NLL: 0.0607, L2: 0.0089, Reg: 0.0014
INFO:__main__:Total loss 0.0711
INFO:__main__:Predicted mean: -0.3621
INFO:__main__:Predicted uncertainity -0.7272
INFO:__main__:Completed epoch 68 of 100

INFO:__main__:NLL: 0.1031, L2: 0.0083, Reg: 0.0014
INFO:__main__:Total loss 0.1128
INFO:__main__:Predicted mean: -0.3639
INFO:__main__:Predicted uncertainity -0.7983
INFO:__main__:Completed epoch 69 of 100

INFO:__main__:NLL: -0.0975, L2: 0.0086, Reg: 0.0014
INFO:__main__:Total loss -0.0875
INFO:__main__:Predicted mean: -0.3329
INFO:__main__:Predicted uncertainity -0.8254
INFO:__main__:Completed epoch 70 of 100

INFO:__main__:NLL: 0.0437, L2: 0.0085, Reg: 0.0014
INFO:__main__:Total loss 0.0536
INFO:__main__:Predicted mean: -0.3721
INFO:__main__:Predicted uncertainity -0.7482
INFO:__main__:Completed epoch 71 of 100

INFO:__main__:NLL: 0.0062, L2: 0.0084, Reg: 0.0014
INFO:__main__:Total loss 0.0161
INFO:__main__:Predicted mean: -0.3510
INFO:__main__:Predicted uncertainity -0.7619
INFO:__main__:Completed epoch 72 of 100

INFO:__main__:NLL: 0.0047, L2: 0.0087, Reg: 0.0014
INFO:__main__:Total loss 0.0148
INFO:__main__:Predicted mean: -0.3846
INFO:__main__:Predicted uncertainity -0.6965
INFO:__main__:Completed epoch 73 of 100

INFO:__main__:NLL: -0.0636, L2: 0.0083, Reg: 0.0014
INFO:__main__:Total loss -0.0539
INFO:__main__:Predicted mean: -0.3910
INFO:__main__:Predicted uncertainity -0.9013
INFO:__main__:Completed epoch 74 of 100

INFO:__main__:NLL: 0.1873, L2: 0.0082, Reg: 0.0014
INFO:__main__:Total loss 0.1968
INFO:__main__:Predicted mean: -0.4045
INFO:__main__:Predicted uncertainity -0.6696
INFO:__main__:Completed epoch 75 of 100

INFO:__main__:NLL: 0.0643, L2: 0.0086, Reg: 0.0014
INFO:__main__:Total loss 0.0744
INFO:__main__:Predicted mean: -0.3983
INFO:__main__:Predicted uncertainity -0.7640
INFO:__main__:Completed epoch 76 of 100

INFO:__main__:NLL: 0.1620, L2: 0.0084, Reg: 0.0014
INFO:__main__:Total loss 0.1718
INFO:__main__:Predicted mean: -0.3240
INFO:__main__:Predicted uncertainity -0.5952
INFO:__main__:Completed epoch 77 of 100

INFO:__main__:NLL: -0.0606, L2: 0.0080, Reg: 0.0014
INFO:__main__:Total loss -0.0512
INFO:__main__:Predicted mean: -0.4145
INFO:__main__:Predicted uncertainity -0.7152
INFO:__main__:Completed epoch 78 of 100

INFO:__main__:NLL: 0.1043, L2: 0.0083, Reg: 0.0014
INFO:__main__:Total loss 0.1139
INFO:__main__:Predicted mean: -0.3669
INFO:__main__:Predicted uncertainity -0.7289
INFO:__main__:Completed epoch 79 of 100

INFO:__main__:NLL: -0.0160, L2: 0.0087, Reg: 0.0014
INFO:__main__:Total loss -0.0059
INFO:__main__:Predicted mean: -0.3852
INFO:__main__:Predicted uncertainity -0.6859
INFO:__main__:Completed epoch 80 of 100

INFO:__main__:NLL: 0.0016, L2: 0.0086, Reg: 0.0014
INFO:__main__:Total loss 0.0116
INFO:__main__:Predicted mean: -0.3448
INFO:__main__:Predicted uncertainity -0.6573
INFO:__main__:Completed epoch 81 of 100

INFO:__main__:NLL: 0.0867, L2: 0.0089, Reg: 0.0014
INFO:__main__:Total loss 0.0970
INFO:__main__:Predicted mean: -0.3543
INFO:__main__:Predicted uncertainity -0.7052
INFO:__main__:Completed epoch 82 of 100

INFO:__main__:NLL: 0.2999, L2: 0.0082, Reg: 0.0014
INFO:__main__:Total loss 0.3095
INFO:__main__:Predicted mean: -0.4268
INFO:__main__:Predicted uncertainity -0.7457
INFO:__main__:Completed epoch 83 of 100

INFO:__main__:NLL: -0.0145, L2: 0.0089, Reg: 0.0014
INFO:__main__:Total loss -0.0043
INFO:__main__:Predicted mean: -0.4042
INFO:__main__:Predicted uncertainity -0.6353
INFO:__main__:Completed epoch 84 of 100

INFO:__main__:NLL: 0.1070, L2: 0.0085, Reg: 0.0014
INFO:__main__:Total loss 0.1169
INFO:__main__:Predicted mean: -0.3274
INFO:__main__:Predicted uncertainity -0.8079
INFO:__main__:Completed epoch 85 of 100

INFO:__main__:NLL: -0.0614, L2: 0.0084, Reg: 0.0014
INFO:__main__:Total loss -0.0516
INFO:__main__:Predicted mean: -0.3294
INFO:__main__:Predicted uncertainity -0.8329
INFO:__main__:Completed epoch 86 of 100

INFO:__main__:NLL: 0.0356, L2: 0.0081, Reg: 0.0014
INFO:__main__:Total loss 0.0451
INFO:__main__:Predicted mean: -0.3937
INFO:__main__:Predicted uncertainity -0.7732
INFO:__main__:Completed epoch 87 of 100

INFO:__main__:NLL: 0.1271, L2: 0.0088, Reg: 0.0014
INFO:__main__:Total loss 0.1373
INFO:__main__:Predicted mean: -0.3510
INFO:__main__:Predicted uncertainity -0.8179
INFO:__main__:Completed epoch 88 of 100

INFO:__main__:NLL: 0.3648, L2: 0.0083, Reg: 0.0014
INFO:__main__:Total loss 0.3745
INFO:__main__:Predicted mean: -0.3317
INFO:__main__:Predicted uncertainity -0.7452
INFO:__main__:Completed epoch 89 of 100

INFO:__main__:NLL: 0.1482, L2: 0.0080, Reg: 0.0014
INFO:__main__:Total loss 0.1576
INFO:__main__:Predicted mean: -0.3576
INFO:__main__:Predicted uncertainity -0.7078
INFO:__main__:Completed epoch 90 of 100

INFO:__main__:NLL: 0.0890, L2: 0.0084, Reg: 0.0014
INFO:__main__:Total loss 0.0988
INFO:__main__:Predicted mean: -0.3540
INFO:__main__:Predicted uncertainity -0.6816
INFO:__main__:Completed epoch 91 of 100

INFO:__main__:NLL: -0.0326, L2: 0.0082, Reg: 0.0014
INFO:__main__:Total loss -0.0230
INFO:__main__:Predicted mean: -0.3772
INFO:__main__:Predicted uncertainity -0.7321
INFO:__main__:Completed epoch 92 of 100

INFO:__main__:NLL: 0.2828, L2: 0.0088, Reg: 0.0014
INFO:__main__:Total loss 0.2929
INFO:__main__:Predicted mean: -0.3655
INFO:__main__:Predicted uncertainity -0.7550
INFO:__main__:Completed epoch 93 of 100

INFO:__main__:NLL: 0.2167, L2: 0.0086, Reg: 0.0014
INFO:__main__:Total loss 0.2266
INFO:__main__:Predicted mean: -0.3806
INFO:__main__:Predicted uncertainity -0.8300
INFO:__main__:Completed epoch 94 of 100

INFO:__main__:NLL: 0.0885, L2: 0.0081, Reg: 0.0014
INFO:__main__:Total loss 0.0979
INFO:__main__:Predicted mean: -0.4055
INFO:__main__:Predicted uncertainity -0.8034
INFO:__main__:Completed epoch 95 of 100

INFO:__main__:NLL: 0.1925, L2: 0.0086, Reg: 0.0014
INFO:__main__:Total loss 0.2025
INFO:__main__:Predicted mean: -0.3789
INFO:__main__:Predicted uncertainity -0.7260
INFO:__main__:Completed epoch 96 of 100

INFO:__main__:NLL: 0.0539, L2: 0.0082, Reg: 0.0014
INFO:__main__:Total loss 0.0635
INFO:__main__:Predicted mean: -0.3634
INFO:__main__:Predicted uncertainity -0.7637
INFO:__main__:Completed epoch 97 of 100

INFO:__main__:NLL: 0.0275, L2: 0.0085, Reg: 0.0014
INFO:__main__:Total loss 0.0373
INFO:__main__:Predicted mean: -0.3359
INFO:__main__:Predicted uncertainity -0.7486
INFO:__main__:Completed epoch 98 of 100

INFO:__main__:NLL: -0.0960, L2: 0.0091, Reg: 0.0014
INFO:__main__:Total loss -0.0855
INFO:__main__:Predicted mean: -0.3631
INFO:__main__:Predicted uncertainity -0.8129
INFO:__main__:Completed epoch 99 of 100

INFO:__main__:NLL: 0.1716, L2: 0.0088, Reg: 0.0014
INFO:__main__:Total loss 0.1818
INFO:__main__:Predicted mean: -0.3805
INFO:__main__:Predicted uncertainity -0.8414
INFO:__main__:Completed epoch 100 of 100

INFO:__main__:701.087228 s
