INFO:__main__:PROCESS RUNNING ON cpu
INFO:__main__:NLL: 0.1432, L2: 0.0482, Reg: 0.0421
INFO:__main__:Total loss 0.2335
INFO:__main__:Predicted mean: -0.4777
INFO:__main__:Predicted uncertainity -0.5811
INFO:__main__:Completed epoch 1 of 100

INFO:__main__:NLL: 0.2342, L2: 0.0450, Reg: 0.0331
INFO:__main__:Total loss 0.3123
INFO:__main__:Predicted mean: -0.4469
INFO:__main__:Predicted uncertainity -0.5076
INFO:__main__:Completed epoch 2 of 100

INFO:__main__:NLL: 0.2136, L2: 0.0326, Reg: 0.0281
INFO:__main__:Total loss 0.2742
INFO:__main__:Predicted mean: -0.4256
INFO:__main__:Predicted uncertainity -0.5514
INFO:__main__:Completed epoch 3 of 100

INFO:__main__:NLL: 0.1060, L2: 0.0445, Reg: 0.0411
INFO:__main__:Total loss 0.1917
INFO:__main__:Predicted mean: -0.4915
INFO:__main__:Predicted uncertainity -0.6081
INFO:__main__:Completed epoch 4 of 100

INFO:__main__:NLL: 0.1746, L2: 0.0396, Reg: 0.0281
INFO:__main__:Total loss 0.2423
INFO:__main__:Predicted mean: -0.4243
INFO:__main__:Predicted uncertainity -0.5286
INFO:__main__:Completed epoch 5 of 100

INFO:__main__:NLL: 0.1234, L2: 0.0415, Reg: 0.0293
INFO:__main__:Total loss 0.1941
INFO:__main__:Predicted mean: -0.4241
INFO:__main__:Predicted uncertainity -0.5230
INFO:__main__:Completed epoch 6 of 100

INFO:__main__:NLL: 0.1619, L2: 0.0349, Reg: 0.0278
INFO:__main__:Total loss 0.2246
INFO:__main__:Predicted mean: -0.3988
INFO:__main__:Predicted uncertainity -0.4621
INFO:__main__:Completed epoch 7 of 100

INFO:__main__:NLL: 0.2500, L2: 0.0461, Reg: 0.0398
INFO:__main__:Total loss 0.3359
INFO:__main__:Predicted mean: -0.4341
INFO:__main__:Predicted uncertainity -0.6455
INFO:__main__:Completed epoch 8 of 100

INFO:__main__:NLL: 0.1212, L2: 0.0477, Reg: 0.0365
INFO:__main__:Total loss 0.2054
INFO:__main__:Predicted mean: -0.4604
INFO:__main__:Predicted uncertainity -0.5959
INFO:__main__:Completed epoch 9 of 100

INFO:__main__:NLL: 0.2378, L2: 0.0406, Reg: 0.0352
INFO:__main__:Total loss 0.3136
INFO:__main__:Predicted mean: -0.4041
INFO:__main__:Predicted uncertainity -0.5835
INFO:__main__:Completed epoch 10 of 100

INFO:__main__:NLL: 0.1678, L2: 0.0436, Reg: 0.0370
INFO:__main__:Total loss 0.2484
INFO:__main__:Predicted mean: -0.4786
INFO:__main__:Predicted uncertainity -0.6087
INFO:__main__:Completed epoch 11 of 100

INFO:__main__:NLL: 0.2452, L2: 0.0435, Reg: 0.0279
INFO:__main__:Total loss 0.3166
INFO:__main__:Predicted mean: -0.4137
INFO:__main__:Predicted uncertainity -0.4976
INFO:__main__:Completed epoch 12 of 100

INFO:__main__:NLL: 0.1305, L2: 0.0428, Reg: 0.0309
INFO:__main__:Total loss 0.2042
INFO:__main__:Predicted mean: -0.4313
INFO:__main__:Predicted uncertainity -0.5745
INFO:__main__:Completed epoch 13 of 100

INFO:__main__:NLL: 0.1320, L2: 0.0390, Reg: 0.0320
INFO:__main__:Total loss 0.2030
INFO:__main__:Predicted mean: -0.4059
INFO:__main__:Predicted uncertainity -0.5695
INFO:__main__:Completed epoch 14 of 100

INFO:__main__:NLL: 0.1116, L2: 0.0404, Reg: 0.0293
INFO:__main__:Total loss 0.1813
INFO:__main__:Predicted mean: -0.4003
INFO:__main__:Predicted uncertainity -0.5465
INFO:__main__:Completed epoch 15 of 100

INFO:__main__:NLL: 0.1704, L2: 0.0393, Reg: 0.0312
INFO:__main__:Total loss 0.2408
INFO:__main__:Predicted mean: -0.4203
INFO:__main__:Predicted uncertainity -0.5321
INFO:__main__:Completed epoch 16 of 100

INFO:__main__:NLL: 0.1204, L2: 0.0395, Reg: 0.0260
INFO:__main__:Total loss 0.1860
INFO:__main__:Predicted mean: -0.4331
INFO:__main__:Predicted uncertainity -0.5588
INFO:__main__:Completed epoch 17 of 100

INFO:__main__:NLL: 0.1806, L2: 0.0454, Reg: 0.0419
INFO:__main__:Total loss 0.2679
INFO:__main__:Predicted mean: -0.4148
INFO:__main__:Predicted uncertainity -0.6163
INFO:__main__:Completed epoch 18 of 100

INFO:__main__:NLL: 0.1916, L2: 0.0378, Reg: 0.0278
INFO:__main__:Total loss 0.2572
INFO:__main__:Predicted mean: -0.3892
INFO:__main__:Predicted uncertainity -0.4952
INFO:__main__:Completed epoch 19 of 100

INFO:__main__:NLL: 0.1774, L2: 0.0475, Reg: 0.0385
INFO:__main__:Total loss 0.2633
INFO:__main__:Predicted mean: -0.4911
INFO:__main__:Predicted uncertainity -0.6047
INFO:__main__:Completed epoch 20 of 100

INFO:__main__:NLL: 0.1583, L2: 0.0476, Reg: 0.0306
INFO:__main__:Total loss 0.2365
INFO:__main__:Predicted mean: -0.4611
INFO:__main__:Predicted uncertainity -0.5394
INFO:__main__:Completed epoch 21 of 100

INFO:__main__:NLL: 0.0861, L2: 0.0422, Reg: 0.0315
INFO:__main__:Total loss 0.1598
INFO:__main__:Predicted mean: -0.4144
INFO:__main__:Predicted uncertainity -0.5569
INFO:__main__:Completed epoch 22 of 100

INFO:__main__:NLL: 0.2470, L2: 0.0428, Reg: 0.0389
INFO:__main__:Total loss 0.3287
INFO:__main__:Predicted mean: -0.4457
INFO:__main__:Predicted uncertainity -0.6101
INFO:__main__:Completed epoch 23 of 100

INFO:__main__:NLL: 0.1662, L2: 0.0427, Reg: 0.0315
INFO:__main__:Total loss 0.2405
INFO:__main__:Predicted mean: -0.4132
INFO:__main__:Predicted uncertainity -0.4794
INFO:__main__:Completed epoch 24 of 100

INFO:__main__:NLL: 0.2022, L2: 0.0350, Reg: 0.0298
INFO:__main__:Total loss 0.2670
INFO:__main__:Predicted mean: -0.3750
INFO:__main__:Predicted uncertainity -0.4966
INFO:__main__:Completed epoch 25 of 100

INFO:__main__:NLL: 0.2589, L2: 0.0407, Reg: 0.0350
INFO:__main__:Total loss 0.3346
INFO:__main__:Predicted mean: -0.4077
INFO:__main__:Predicted uncertainity -0.5224
INFO:__main__:Completed epoch 26 of 100

INFO:__main__:NLL: 0.1922, L2: 0.0368, Reg: 0.0264
INFO:__main__:Total loss 0.2554
INFO:__main__:Predicted mean: -0.3768
INFO:__main__:Predicted uncertainity -0.5029
INFO:__main__:Completed epoch 27 of 100

INFO:__main__:NLL: 0.1476, L2: 0.0464, Reg: 0.0421
INFO:__main__:Total loss 0.2361
INFO:__main__:Predicted mean: -0.4411
INFO:__main__:Predicted uncertainity -0.6706
INFO:__main__:Completed epoch 28 of 100

INFO:__main__:NLL: 0.1543, L2: 0.0453, Reg: 0.0325
INFO:__main__:Total loss 0.2321
INFO:__main__:Predicted mean: -0.4084
INFO:__main__:Predicted uncertainity -0.5149
INFO:__main__:Completed epoch 29 of 100

INFO:__main__:NLL: 0.1704, L2: 0.0376, Reg: 0.0221
INFO:__main__:Total loss 0.2302
INFO:__main__:Predicted mean: -0.4287
INFO:__main__:Predicted uncertainity -0.4947
INFO:__main__:Completed epoch 30 of 100

INFO:__main__:NLL: 0.1360, L2: 0.0410, Reg: 0.0306
INFO:__main__:Total loss 0.2075
INFO:__main__:Predicted mean: -0.4405
INFO:__main__:Predicted uncertainity -0.5449
INFO:__main__:Completed epoch 31 of 100

INFO:__main__:NLL: 0.1696, L2: 0.0367, Reg: 0.0289
INFO:__main__:Total loss 0.2352
INFO:__main__:Predicted mean: -0.3920
INFO:__main__:Predicted uncertainity -0.4795
INFO:__main__:Completed epoch 32 of 100

INFO:__main__:NLL: 0.2233, L2: 0.0473, Reg: 0.0393
INFO:__main__:Total loss 0.3099
INFO:__main__:Predicted mean: -0.4375
INFO:__main__:Predicted uncertainity -0.6414
INFO:__main__:Completed epoch 33 of 100

INFO:__main__:NLL: 0.2135, L2: 0.0431, Reg: 0.0327
INFO:__main__:Total loss 0.2893
INFO:__main__:Predicted mean: -0.4468
INFO:__main__:Predicted uncertainity -0.5095
INFO:__main__:Completed epoch 34 of 100

INFO:__main__:NLL: 0.1639, L2: 0.0461, Reg: 0.0350
INFO:__main__:Total loss 0.2451
INFO:__main__:Predicted mean: -0.4467
INFO:__main__:Predicted uncertainity -0.5985
INFO:__main__:Completed epoch 35 of 100

INFO:__main__:NLL: 0.1855, L2: 0.0417, Reg: 0.0308
INFO:__main__:Total loss 0.2580
INFO:__main__:Predicted mean: -0.4319
INFO:__main__:Predicted uncertainity -0.5472
INFO:__main__:Completed epoch 36 of 100

INFO:__main__:NLL: 0.2623, L2: 0.0354, Reg: 0.0261
INFO:__main__:Total loss 0.3238
INFO:__main__:Predicted mean: -0.4368
INFO:__main__:Predicted uncertainity -0.4905
INFO:__main__:Completed epoch 37 of 100

INFO:__main__:NLL: 0.1443, L2: 0.0387, Reg: 0.0339
INFO:__main__:Total loss 0.2169
INFO:__main__:Predicted mean: -0.4421
INFO:__main__:Predicted uncertainity -0.5948
INFO:__main__:Completed epoch 38 of 100

INFO:__main__:NLL: 0.1593, L2: 0.0397, Reg: 0.0297
INFO:__main__:Total loss 0.2287
INFO:__main__:Predicted mean: -0.4602
INFO:__main__:Predicted uncertainity -0.6021
INFO:__main__:Completed epoch 39 of 100

INFO:__main__:NLL: 0.1538, L2: 0.0381, Reg: 0.0306
INFO:__main__:Total loss 0.2225
INFO:__main__:Predicted mean: -0.3939
INFO:__main__:Predicted uncertainity -0.5036
INFO:__main__:Completed epoch 40 of 100

INFO:__main__:NLL: 0.1815, L2: 0.0375, Reg: 0.0301
INFO:__main__:Total loss 0.2491
INFO:__main__:Predicted mean: -0.4216
INFO:__main__:Predicted uncertainity -0.5494
INFO:__main__:Completed epoch 41 of 100

INFO:__main__:NLL: 0.2863, L2: 0.0403, Reg: 0.0324
INFO:__main__:Total loss 0.3590
INFO:__main__:Predicted mean: -0.4531
INFO:__main__:Predicted uncertainity -0.5675
INFO:__main__:Completed epoch 42 of 100

INFO:__main__:NLL: 0.1856, L2: 0.0443, Reg: 0.0383
INFO:__main__:Total loss 0.2681
INFO:__main__:Predicted mean: -0.4751
INFO:__main__:Predicted uncertainity -0.5689
INFO:__main__:Completed epoch 43 of 100

INFO:__main__:NLL: 0.1824, L2: 0.0481, Reg: 0.0340
INFO:__main__:Total loss 0.2645
INFO:__main__:Predicted mean: -0.4391
INFO:__main__:Predicted uncertainity -0.6177
INFO:__main__:Completed epoch 44 of 100

INFO:__main__:NLL: 0.1513, L2: 0.0420, Reg: 0.0345
INFO:__main__:Total loss 0.2277
INFO:__main__:Predicted mean: -0.3636
INFO:__main__:Predicted uncertainity -0.5429
INFO:__main__:Completed epoch 45 of 100

INFO:__main__:NLL: 0.2923, L2: 0.0364, Reg: 0.0278
INFO:__main__:Total loss 0.3564
INFO:__main__:Predicted mean: -0.3989
INFO:__main__:Predicted uncertainity -0.5345
INFO:__main__:Completed epoch 46 of 100

INFO:__main__:NLL: 0.1514, L2: 0.0462, Reg: 0.0423
INFO:__main__:Total loss 0.2399
INFO:__main__:Predicted mean: -0.4817
INFO:__main__:Predicted uncertainity -0.5962
INFO:__main__:Completed epoch 47 of 100

INFO:__main__:NLL: 0.2356, L2: 0.0405, Reg: 0.0315
INFO:__main__:Total loss 0.3076
INFO:__main__:Predicted mean: -0.3868
INFO:__main__:Predicted uncertainity -0.5051
INFO:__main__:Completed epoch 48 of 100

INFO:__main__:NLL: 0.1566, L2: 0.0416, Reg: 0.0326
INFO:__main__:Total loss 0.2307
INFO:__main__:Predicted mean: -0.4709
INFO:__main__:Predicted uncertainity -0.5765
INFO:__main__:Completed epoch 49 of 100

INFO:__main__:NLL: 0.1718, L2: 0.0387, Reg: 0.0248
INFO:__main__:Total loss 0.2353
INFO:__main__:Predicted mean: -0.4564
INFO:__main__:Predicted uncertainity -0.5000
INFO:__main__:Completed epoch 50 of 100

INFO:__main__:NLL: 0.2216, L2: 0.0358, Reg: 0.0322
INFO:__main__:Total loss 0.2895
INFO:__main__:Predicted mean: -0.4314
INFO:__main__:Predicted uncertainity -0.5933
INFO:__main__:Completed epoch 51 of 100

INFO:__main__:NLL: 0.1062, L2: 0.0410, Reg: 0.0385
INFO:__main__:Total loss 0.1857
INFO:__main__:Predicted mean: -0.4281
INFO:__main__:Predicted uncertainity -0.5763
INFO:__main__:Completed epoch 52 of 100

INFO:__main__:NLL: 0.2249, L2: 0.0400, Reg: 0.0318
INFO:__main__:Total loss 0.2967
INFO:__main__:Predicted mean: -0.4496
INFO:__main__:Predicted uncertainity -0.6067
INFO:__main__:Completed epoch 53 of 100

INFO:__main__:NLL: 0.1489, L2: 0.0387, Reg: 0.0305
INFO:__main__:Total loss 0.2181
INFO:__main__:Predicted mean: -0.3911
INFO:__main__:Predicted uncertainity -0.5332
INFO:__main__:Completed epoch 54 of 100

INFO:__main__:NLL: 0.1709, L2: 0.0433, Reg: 0.0364
INFO:__main__:Total loss 0.2507
INFO:__main__:Predicted mean: -0.4392
INFO:__main__:Predicted uncertainity -0.6213
INFO:__main__:Completed epoch 55 of 100

INFO:__main__:NLL: 0.1742, L2: 0.0428, Reg: 0.0349
INFO:__main__:Total loss 0.2519
INFO:__main__:Predicted mean: -0.4437
INFO:__main__:Predicted uncertainity -0.6105
INFO:__main__:Completed epoch 56 of 100

INFO:__main__:NLL: 0.1837, L2: 0.0454, Reg: 0.0369
INFO:__main__:Total loss 0.2660
INFO:__main__:Predicted mean: -0.4412
INFO:__main__:Predicted uncertainity -0.6283
INFO:__main__:Completed epoch 57 of 100

INFO:__main__:NLL: 0.1995, L2: 0.0480, Reg: 0.0425
INFO:__main__:Total loss 0.2900
INFO:__main__:Predicted mean: -0.4842
INFO:__main__:Predicted uncertainity -0.6580
INFO:__main__:Completed epoch 58 of 100

INFO:__main__:NLL: 0.1770, L2: 0.0374, Reg: 0.0284
INFO:__main__:Total loss 0.2428
INFO:__main__:Predicted mean: -0.3925
INFO:__main__:Predicted uncertainity -0.4958
INFO:__main__:Completed epoch 59 of 100

INFO:__main__:NLL: 0.2217, L2: 0.0196, Reg: 0.0231
INFO:__main__:Total loss 0.2644
INFO:__main__:Predicted mean: -0.3665
INFO:__main__:Predicted uncertainity -0.4765
INFO:__main__:Completed epoch 60 of 100

INFO:__main__:NLL: 0.1995, L2: 0.0206, Reg: 0.0219
INFO:__main__:Total loss 0.2419
INFO:__main__:Predicted mean: -0.4153
INFO:__main__:Predicted uncertainity -0.4966
INFO:__main__:Completed epoch 61 of 100

INFO:__main__:NLL: 0.2842, L2: 0.0188, Reg: 0.0217
INFO:__main__:Total loss 0.3247
INFO:__main__:Predicted mean: -0.4225
INFO:__main__:Predicted uncertainity -0.5197
INFO:__main__:Completed epoch 62 of 100

INFO:__main__:NLL: 0.2715, L2: 0.0228, Reg: 0.0271
INFO:__main__:Total loss 0.3214
INFO:__main__:Predicted mean: -0.4328
INFO:__main__:Predicted uncertainity -0.5510
INFO:__main__:Completed epoch 63 of 100

INFO:__main__:NLL: 0.2002, L2: 0.0239, Reg: 0.0254
INFO:__main__:Total loss 0.2495
INFO:__main__:Predicted mean: -0.4103
INFO:__main__:Predicted uncertainity -0.5139
INFO:__main__:Completed epoch 64 of 100

INFO:__main__:NLL: 0.1809, L2: 0.0216, Reg: 0.0241
INFO:__main__:Total loss 0.2266
INFO:__main__:Predicted mean: -0.4172
INFO:__main__:Predicted uncertainity -0.5215
INFO:__main__:Completed epoch 65 of 100

INFO:__main__:NLL: 0.2407, L2: 0.0220, Reg: 0.0264
INFO:__main__:Total loss 0.2892
INFO:__main__:Predicted mean: -0.4150
INFO:__main__:Predicted uncertainity -0.5222
INFO:__main__:Completed epoch 66 of 100

INFO:__main__:NLL: 0.1907, L2: 0.0215, Reg: 0.0253
INFO:__main__:Total loss 0.2375
INFO:__main__:Predicted mean: -0.3985
INFO:__main__:Predicted uncertainity -0.5304
INFO:__main__:Completed epoch 67 of 100

INFO:__main__:NLL: 0.2169, L2: 0.0253, Reg: 0.0268
INFO:__main__:Total loss 0.2690
INFO:__main__:Predicted mean: -0.4175
INFO:__main__:Predicted uncertainity -0.5340
INFO:__main__:Completed epoch 68 of 100

INFO:__main__:NLL: 0.1486, L2: 0.0234, Reg: 0.0246
INFO:__main__:Total loss 0.1965
INFO:__main__:Predicted mean: -0.3753
INFO:__main__:Predicted uncertainity -0.5171
INFO:__main__:Completed epoch 69 of 100

INFO:__main__:NLL: 0.1866, L2: 0.0204, Reg: 0.0193
INFO:__main__:Total loss 0.2262
INFO:__main__:Predicted mean: -0.3788
INFO:__main__:Predicted uncertainity -0.5013
INFO:__main__:Completed epoch 70 of 100

INFO:__main__:NLL: 0.2396, L2: 0.0193, Reg: 0.0239
INFO:__main__:Total loss 0.2828
INFO:__main__:Predicted mean: -0.3787
INFO:__main__:Predicted uncertainity -0.5070
INFO:__main__:Completed epoch 71 of 100

INFO:__main__:NLL: 0.2469, L2: 0.0181, Reg: 0.0206
INFO:__main__:Total loss 0.2856
INFO:__main__:Predicted mean: -0.3398
INFO:__main__:Predicted uncertainity -0.4698
INFO:__main__:Completed epoch 72 of 100

INFO:__main__:NLL: 0.1626, L2: 0.0219, Reg: 0.0216
INFO:__main__:Total loss 0.2060
INFO:__main__:Predicted mean: -0.3878
INFO:__main__:Predicted uncertainity -0.5203
INFO:__main__:Completed epoch 73 of 100

INFO:__main__:NLL: 0.1567, L2: 0.0233, Reg: 0.0239
INFO:__main__:Total loss 0.2039
INFO:__main__:Predicted mean: -0.4302
INFO:__main__:Predicted uncertainity -0.5350
INFO:__main__:Completed epoch 74 of 100

INFO:__main__:NLL: 0.2814, L2: 0.0246, Reg: 0.0251
INFO:__main__:Total loss 0.3310
INFO:__main__:Predicted mean: -0.4217
INFO:__main__:Predicted uncertainity -0.4967
INFO:__main__:Completed epoch 75 of 100

INFO:__main__:NLL: 0.2122, L2: 0.0212, Reg: 0.0227
INFO:__main__:Total loss 0.2561
INFO:__main__:Predicted mean: -0.3746
INFO:__main__:Predicted uncertainity -0.4701
INFO:__main__:Completed epoch 76 of 100

INFO:__main__:NLL: 0.1746, L2: 0.0228, Reg: 0.0254
INFO:__main__:Total loss 0.2228
INFO:__main__:Predicted mean: -0.3930
INFO:__main__:Predicted uncertainity -0.4858
INFO:__main__:Completed epoch 77 of 100

INFO:__main__:NLL: 0.1833, L2: 0.0263, Reg: 0.0273
INFO:__main__:Total loss 0.2368
INFO:__main__:Predicted mean: -0.4241
INFO:__main__:Predicted uncertainity -0.5195
INFO:__main__:Completed epoch 78 of 100

INFO:__main__:NLL: 0.2035, L2: 0.0172, Reg: 0.0227
INFO:__main__:Total loss 0.2434
INFO:__main__:Predicted mean: -0.3788
INFO:__main__:Predicted uncertainity -0.4729
INFO:__main__:Completed epoch 79 of 100

INFO:__main__:NLL: 0.2222, L2: 0.0223, Reg: 0.0240
INFO:__main__:Total loss 0.2685
INFO:__main__:Predicted mean: -0.4048
INFO:__main__:Predicted uncertainity -0.5238
INFO:__main__:Completed epoch 80 of 100

INFO:__main__:NLL: 0.2200, L2: 0.0205, Reg: 0.0201
INFO:__main__:Total loss 0.2607
INFO:__main__:Predicted mean: -0.3765
INFO:__main__:Predicted uncertainity -0.5056
INFO:__main__:Completed epoch 81 of 100

INFO:__main__:NLL: 0.2444, L2: 0.0177, Reg: 0.0231
INFO:__main__:Total loss 0.2851
INFO:__main__:Predicted mean: -0.3520
INFO:__main__:Predicted uncertainity -0.4829
INFO:__main__:Completed epoch 82 of 100

INFO:__main__:NLL: 0.2222, L2: 0.0214, Reg: 0.0236
INFO:__main__:Total loss 0.2671
INFO:__main__:Predicted mean: -0.3871
INFO:__main__:Predicted uncertainity -0.5034
INFO:__main__:Completed epoch 83 of 100

INFO:__main__:NLL: 0.1723, L2: 0.0221, Reg: 0.0233
INFO:__main__:Total loss 0.2178
INFO:__main__:Predicted mean: -0.4068
INFO:__main__:Predicted uncertainity -0.4665
INFO:__main__:Completed epoch 84 of 100

INFO:__main__:NLL: 0.2087, L2: 0.0175, Reg: 0.0225
INFO:__main__:Total loss 0.2488
INFO:__main__:Predicted mean: -0.4226
INFO:__main__:Predicted uncertainity -0.4941
INFO:__main__:Completed epoch 85 of 100

INFO:__main__:NLL: 0.2108, L2: 0.0242, Reg: 0.0271
INFO:__main__:Total loss 0.2621
INFO:__main__:Predicted mean: -0.4324
INFO:__main__:Predicted uncertainity -0.5052
INFO:__main__:Completed epoch 86 of 100

INFO:__main__:NLL: 0.2086, L2: 0.0232, Reg: 0.0240
INFO:__main__:Total loss 0.2558
INFO:__main__:Predicted mean: -0.4686
INFO:__main__:Predicted uncertainity -0.5348
INFO:__main__:Completed epoch 87 of 100

INFO:__main__:NLL: 0.3033, L2: 0.0208, Reg: 0.0238
INFO:__main__:Total loss 0.3479
INFO:__main__:Predicted mean: -0.4114
INFO:__main__:Predicted uncertainity -0.4909
INFO:__main__:Completed epoch 88 of 100

INFO:__main__:NLL: 0.2894, L2: 0.0207, Reg: 0.0221
INFO:__main__:Total loss 0.3323
INFO:__main__:Predicted mean: -0.4042
INFO:__main__:Predicted uncertainity -0.4827
INFO:__main__:Completed epoch 89 of 100

INFO:__main__:NLL: 0.2406, L2: 0.0174, Reg: 0.0210
INFO:__main__:Total loss 0.2790
INFO:__main__:Predicted mean: -0.3769
INFO:__main__:Predicted uncertainity -0.4819
INFO:__main__:Completed epoch 90 of 100

INFO:__main__:NLL: 0.2083, L2: 0.0209, Reg: 0.0208
INFO:__main__:Total loss 0.2499
INFO:__main__:Predicted mean: -0.3707
INFO:__main__:Predicted uncertainity -0.4825
INFO:__main__:Completed epoch 91 of 100

INFO:__main__:NLL: 0.1740, L2: 0.0207, Reg: 0.0272
INFO:__main__:Total loss 0.2219
INFO:__main__:Predicted mean: -0.4149
INFO:__main__:Predicted uncertainity -0.5166
INFO:__main__:Completed epoch 92 of 100

INFO:__main__:NLL: 0.2496, L2: 0.0217, Reg: 0.0252
INFO:__main__:Total loss 0.2965
INFO:__main__:Predicted mean: -0.4131
INFO:__main__:Predicted uncertainity -0.5231
INFO:__main__:Completed epoch 93 of 100

INFO:__main__:NLL: 0.2617, L2: 0.0236, Reg: 0.0279
INFO:__main__:Total loss 0.3132
INFO:__main__:Predicted mean: -0.4274
INFO:__main__:Predicted uncertainity -0.5398
INFO:__main__:Completed epoch 94 of 100

INFO:__main__:NLL: 0.2037, L2: 0.0240, Reg: 0.0274
INFO:__main__:Total loss 0.2552
INFO:__main__:Predicted mean: -0.4224
INFO:__main__:Predicted uncertainity -0.5011
INFO:__main__:Completed epoch 95 of 100

INFO:__main__:NLL: 0.2423, L2: 0.0193, Reg: 0.0202
INFO:__main__:Total loss 0.2818
INFO:__main__:Predicted mean: -0.4009
INFO:__main__:Predicted uncertainity -0.5046
INFO:__main__:Completed epoch 96 of 100

INFO:__main__:NLL: 0.2273, L2: 0.0180, Reg: 0.0215
INFO:__main__:Total loss 0.2669
INFO:__main__:Predicted mean: -0.3914
INFO:__main__:Predicted uncertainity -0.4665
INFO:__main__:Completed epoch 97 of 100

INFO:__main__:NLL: 0.1840, L2: 0.0218, Reg: 0.0213
INFO:__main__:Total loss 0.2271
INFO:__main__:Predicted mean: -0.4209
INFO:__main__:Predicted uncertainity -0.4936
INFO:__main__:Completed epoch 98 of 100

INFO:__main__:NLL: 0.2013, L2: 0.0208, Reg: 0.0266
INFO:__main__:Total loss 0.2486
INFO:__main__:Predicted mean: -0.4430
INFO:__main__:Predicted uncertainity -0.5473
INFO:__main__:Completed epoch 99 of 100

INFO:__main__:NLL: 0.2609, L2: 0.0184, Reg: 0.0208
INFO:__main__:Total loss 0.3000
INFO:__main__:Predicted mean: -0.3923
INFO:__main__:Predicted uncertainity -0.4899
INFO:__main__:Completed epoch 100 of 100

INFO:__main__:610.043237 s
