INFO:__main__:PROCESS RUNNING ON cpu
INFO:__main__:NLL: 0.0611, L2: 0.0065, Reg: 0.1488
INFO:__main__:Total loss 0.2164
INFO:__main__:Predicted mean: -0.4513
INFO:__main__:Predicted uncertainity -0.7425
INFO:__main__:Completed epoch 1 of 100

INFO:__main__:NLL: 0.1348, L2: 0.0069, Reg: 0.1498
INFO:__main__:Total loss 0.2915
INFO:__main__:Predicted mean: -0.3993
INFO:__main__:Predicted uncertainity -0.8051
INFO:__main__:Completed epoch 2 of 100

INFO:__main__:NLL: 0.1241, L2: 0.0075, Reg: 0.1483
INFO:__main__:Total loss 0.2798
INFO:__main__:Predicted mean: -0.3877
INFO:__main__:Predicted uncertainity -0.6621
INFO:__main__:Completed epoch 3 of 100

INFO:__main__:NLL: -0.1450, L2: 0.0078, Reg: 0.1495
INFO:__main__:Total loss 0.0123
INFO:__main__:Predicted mean: -0.4266
INFO:__main__:Predicted uncertainity -0.8410
INFO:__main__:Completed epoch 4 of 100

INFO:__main__:NLL: 0.2084, L2: 0.0079, Reg: 0.1472
INFO:__main__:Total loss 0.3635
INFO:__main__:Predicted mean: -0.3797
INFO:__main__:Predicted uncertainity -0.7201
INFO:__main__:Completed epoch 5 of 100

INFO:__main__:NLL: 0.0191, L2: 0.0082, Reg: 0.1476
INFO:__main__:Total loss 0.1749
INFO:__main__:Predicted mean: -0.3733
INFO:__main__:Predicted uncertainity -0.5962
INFO:__main__:Completed epoch 6 of 100

INFO:__main__:NLL: -0.1067, L2: 0.0080, Reg: 0.1480
INFO:__main__:Total loss 0.0493
INFO:__main__:Predicted mean: -0.3567
INFO:__main__:Predicted uncertainity -0.7673
INFO:__main__:Completed epoch 7 of 100

INFO:__main__:NLL: 0.2713, L2: 0.0083, Reg: 0.1495
INFO:__main__:Total loss 0.4291
INFO:__main__:Predicted mean: -0.4634
INFO:__main__:Predicted uncertainity -0.7777
INFO:__main__:Completed epoch 8 of 100

INFO:__main__:NLL: 0.0562, L2: 0.0078, Reg: 0.1468
INFO:__main__:Total loss 0.2108
INFO:__main__:Predicted mean: -0.4240
INFO:__main__:Predicted uncertainity -0.7364
INFO:__main__:Completed epoch 9 of 100

INFO:__main__:NLL: 0.1568, L2: 0.0080, Reg: 0.1492
INFO:__main__:Total loss 0.3140
INFO:__main__:Predicted mean: -0.3729
INFO:__main__:Predicted uncertainity -0.7087
INFO:__main__:Completed epoch 10 of 100

INFO:__main__:NLL: 0.0203, L2: 0.0083, Reg: 0.1476
INFO:__main__:Total loss 0.1762
INFO:__main__:Predicted mean: -0.3797
INFO:__main__:Predicted uncertainity -0.7479
INFO:__main__:Completed epoch 11 of 100

INFO:__main__:NLL: 0.1452, L2: 0.0075, Reg: 0.1483
INFO:__main__:Total loss 0.3010
INFO:__main__:Predicted mean: -0.4311
INFO:__main__:Predicted uncertainity -0.7108
INFO:__main__:Completed epoch 12 of 100

INFO:__main__:NLL: 0.0292, L2: 0.0085, Reg: 0.1475
INFO:__main__:Total loss 0.1852
INFO:__main__:Predicted mean: -0.3596
INFO:__main__:Predicted uncertainity -0.6854
INFO:__main__:Completed epoch 13 of 100

INFO:__main__:NLL: 0.1046, L2: 0.0084, Reg: 0.1475
INFO:__main__:Total loss 0.2605
INFO:__main__:Predicted mean: -0.3949
INFO:__main__:Predicted uncertainity -0.7187
INFO:__main__:Completed epoch 14 of 100

INFO:__main__:NLL: 0.0310, L2: 0.0081, Reg: 0.1480
INFO:__main__:Total loss 0.1871
INFO:__main__:Predicted mean: -0.3487
INFO:__main__:Predicted uncertainity -0.7996
INFO:__main__:Completed epoch 15 of 100

INFO:__main__:NLL: 0.1840, L2: 0.0074, Reg: 0.1495
INFO:__main__:Total loss 0.3410
INFO:__main__:Predicted mean: -0.4017
INFO:__main__:Predicted uncertainity -0.7098
INFO:__main__:Completed epoch 16 of 100

INFO:__main__:NLL: 0.0610, L2: 0.0087, Reg: 0.1484
INFO:__main__:Total loss 0.2181
INFO:__main__:Predicted mean: -0.3839
INFO:__main__:Predicted uncertainity -0.7941
INFO:__main__:Completed epoch 17 of 100

INFO:__main__:NLL: 0.0745, L2: 0.0086, Reg: 0.1497
INFO:__main__:Total loss 0.2328
INFO:__main__:Predicted mean: -0.3595
INFO:__main__:Predicted uncertainity -0.7506
INFO:__main__:Completed epoch 18 of 100

INFO:__main__:NLL: -0.0263, L2: 0.0082, Reg: 0.1480
INFO:__main__:Total loss 0.1300
INFO:__main__:Predicted mean: -0.3540
INFO:__main__:Predicted uncertainity -0.7316
INFO:__main__:Completed epoch 19 of 100

INFO:__main__:NLL: 0.0183, L2: 0.0084, Reg: 0.1480
INFO:__main__:Total loss 0.1746
INFO:__main__:Predicted mean: -0.3904
INFO:__main__:Predicted uncertainity -0.7506
INFO:__main__:Completed epoch 20 of 100

INFO:__main__:NLL: 0.0947, L2: 0.0085, Reg: 0.1469
INFO:__main__:Total loss 0.2501
INFO:__main__:Predicted mean: -0.3869
INFO:__main__:Predicted uncertainity -0.6388
INFO:__main__:Completed epoch 21 of 100

INFO:__main__:NLL: 0.0727, L2: 0.0091, Reg: 0.1475
INFO:__main__:Total loss 0.2293
INFO:__main__:Predicted mean: -0.3533
INFO:__main__:Predicted uncertainity -0.7252
INFO:__main__:Completed epoch 22 of 100

INFO:__main__:NLL: 0.4688, L2: 0.0085, Reg: 0.1487
INFO:__main__:Total loss 0.6260
INFO:__main__:Predicted mean: -0.3586
INFO:__main__:Predicted uncertainity -0.8434
INFO:__main__:Completed epoch 23 of 100

INFO:__main__:NLL: -0.0496, L2: 0.0088, Reg: 0.1514
INFO:__main__:Total loss 0.1106
INFO:__main__:Predicted mean: -0.3895
INFO:__main__:Predicted uncertainity -0.7470
INFO:__main__:Completed epoch 24 of 100

INFO:__main__:NLL: 0.0414, L2: 0.0082, Reg: 0.1474
INFO:__main__:Total loss 0.1970
INFO:__main__:Predicted mean: -0.3385
INFO:__main__:Predicted uncertainity -0.7000
INFO:__main__:Completed epoch 25 of 100

INFO:__main__:NLL: 0.2412, L2: 0.0082, Reg: 0.1489
INFO:__main__:Total loss 0.3982
INFO:__main__:Predicted mean: -0.3977
INFO:__main__:Predicted uncertainity -0.6926
INFO:__main__:Completed epoch 26 of 100

INFO:__main__:NLL: 0.0479, L2: 0.0079, Reg: 0.1470
INFO:__main__:Total loss 0.2028
INFO:__main__:Predicted mean: -0.3260
INFO:__main__:Predicted uncertainity -0.6945
INFO:__main__:Completed epoch 27 of 100

INFO:__main__:NLL: -0.0533, L2: 0.0082, Reg: 0.1498
INFO:__main__:Total loss 0.1047
INFO:__main__:Predicted mean: -0.3635
INFO:__main__:Predicted uncertainity -0.8517
INFO:__main__:Completed epoch 28 of 100

INFO:__main__:NLL: 0.2151, L2: 0.0087, Reg: 0.1488
INFO:__main__:Total loss 0.3726
INFO:__main__:Predicted mean: -0.3804
INFO:__main__:Predicted uncertainity -0.6844
INFO:__main__:Completed epoch 29 of 100

INFO:__main__:NLL: 0.1520, L2: 0.0091, Reg: 0.1470
INFO:__main__:Total loss 0.3081
INFO:__main__:Predicted mean: -0.3588
INFO:__main__:Predicted uncertainity -0.7225
INFO:__main__:Completed epoch 30 of 100

INFO:__main__:NLL: -0.0943, L2: 0.0088, Reg: 0.1469
INFO:__main__:Total loss 0.0614
INFO:__main__:Predicted mean: -0.3328
INFO:__main__:Predicted uncertainity -0.7413
INFO:__main__:Completed epoch 31 of 100

INFO:__main__:NLL: 0.0068, L2: 0.0084, Reg: 0.1475
INFO:__main__:Total loss 0.1628
INFO:__main__:Predicted mean: -0.3545
INFO:__main__:Predicted uncertainity -0.7628
INFO:__main__:Completed epoch 32 of 100

INFO:__main__:NLL: 0.2515, L2: 0.0084, Reg: 0.1493
INFO:__main__:Total loss 0.4092
INFO:__main__:Predicted mean: -0.4073
INFO:__main__:Predicted uncertainity -0.7957
INFO:__main__:Completed epoch 33 of 100

INFO:__main__:NLL: 0.0965, L2: 0.0089, Reg: 0.1486
INFO:__main__:Total loss 0.2540
INFO:__main__:Predicted mean: -0.3846
INFO:__main__:Predicted uncertainity -0.7415
INFO:__main__:Completed epoch 34 of 100

INFO:__main__:NLL: 0.1096, L2: 0.0092, Reg: 0.1475
INFO:__main__:Total loss 0.2664
INFO:__main__:Predicted mean: -0.3647
INFO:__main__:Predicted uncertainity -0.7488
INFO:__main__:Completed epoch 35 of 100

INFO:__main__:NLL: 0.1047, L2: 0.0086, Reg: 0.1486
INFO:__main__:Total loss 0.2619
INFO:__main__:Predicted mean: -0.3625
INFO:__main__:Predicted uncertainity -0.8443
INFO:__main__:Completed epoch 36 of 100

INFO:__main__:NLL: 0.3335, L2: 0.0088, Reg: 0.1485
INFO:__main__:Total loss 0.4907
INFO:__main__:Predicted mean: -0.4229
INFO:__main__:Predicted uncertainity -0.7525
INFO:__main__:Completed epoch 37 of 100

INFO:__main__:NLL: -0.0501, L2: 0.0085, Reg: 0.1476
INFO:__main__:Total loss 0.1060
INFO:__main__:Predicted mean: -0.3459
INFO:__main__:Predicted uncertainity -0.7687
INFO:__main__:Completed epoch 38 of 100

INFO:__main__:NLL: 0.1424, L2: 0.0086, Reg: 0.1476
INFO:__main__:Total loss 0.2986
INFO:__main__:Predicted mean: -0.4947
INFO:__main__:Predicted uncertainity -0.8296
INFO:__main__:Completed epoch 39 of 100

INFO:__main__:NLL: 0.0492, L2: 0.0085, Reg: 0.1475
INFO:__main__:Total loss 0.2051
INFO:__main__:Predicted mean: -0.3574
INFO:__main__:Predicted uncertainity -0.7208
INFO:__main__:Completed epoch 40 of 100

INFO:__main__:NLL: 0.1016, L2: 0.0083, Reg: 0.1478
INFO:__main__:Total loss 0.2577
INFO:__main__:Predicted mean: -0.3275
INFO:__main__:Predicted uncertainity -0.6586
INFO:__main__:Completed epoch 41 of 100

INFO:__main__:NLL: 0.3597, L2: 0.0088, Reg: 0.1478
INFO:__main__:Total loss 0.5163
INFO:__main__:Predicted mean: -0.4251
INFO:__main__:Predicted uncertainity -0.7373
INFO:__main__:Completed epoch 42 of 100

INFO:__main__:NLL: 0.0593, L2: 0.0094, Reg: 0.1487
INFO:__main__:Total loss 0.2175
INFO:__main__:Predicted mean: -0.3647
INFO:__main__:Predicted uncertainity -0.6772
INFO:__main__:Completed epoch 43 of 100

INFO:__main__:NLL: 0.0196, L2: 0.0094, Reg: 0.1472
INFO:__main__:Total loss 0.1762
INFO:__main__:Predicted mean: -0.3494
INFO:__main__:Predicted uncertainity -0.6926
INFO:__main__:Completed epoch 44 of 100

INFO:__main__:NLL: 0.0954, L2: 0.0094, Reg: 0.1490
INFO:__main__:Total loss 0.2538
INFO:__main__:Predicted mean: -0.3682
INFO:__main__:Predicted uncertainity -0.7661
INFO:__main__:Completed epoch 45 of 100

INFO:__main__:NLL: 0.0710, L2: 0.0090, Reg: 0.1488
INFO:__main__:Total loss 0.2288
INFO:__main__:Predicted mean: -0.3461
INFO:__main__:Predicted uncertainity -0.7328
INFO:__main__:Completed epoch 46 of 100

INFO:__main__:NLL: -0.0549, L2: 0.0085, Reg: 0.1488
INFO:__main__:Total loss 0.1024
INFO:__main__:Predicted mean: -0.4093
INFO:__main__:Predicted uncertainity -0.7118
INFO:__main__:Completed epoch 47 of 100

INFO:__main__:NLL: 0.3507, L2: 0.0092, Reg: 0.1489
INFO:__main__:Total loss 0.5088
INFO:__main__:Predicted mean: -0.3790
INFO:__main__:Predicted uncertainity -0.6917
INFO:__main__:Completed epoch 48 of 100

INFO:__main__:NLL: 0.0747, L2: 0.0088, Reg: 0.1499
INFO:__main__:Total loss 0.2334
INFO:__main__:Predicted mean: -0.3789
INFO:__main__:Predicted uncertainity -0.7425
INFO:__main__:Completed epoch 49 of 100

INFO:__main__:NLL: 0.0599, L2: 0.0086, Reg: 0.1480
INFO:__main__:Total loss 0.2165
INFO:__main__:Predicted mean: -0.3922
INFO:__main__:Predicted uncertainity -0.6840
INFO:__main__:Completed epoch 50 of 100

INFO:__main__:NLL: 0.2050, L2: 0.0090, Reg: 0.1496
INFO:__main__:Total loss 0.3635
INFO:__main__:Predicted mean: -0.4145
INFO:__main__:Predicted uncertainity -0.7928
INFO:__main__:Completed epoch 51 of 100

INFO:__main__:NLL: 0.2348, L2: 0.0091, Reg: 0.1497
INFO:__main__:Total loss 0.3935
INFO:__main__:Predicted mean: -0.3991
INFO:__main__:Predicted uncertainity -0.7528
INFO:__main__:Completed epoch 52 of 100

INFO:__main__:NLL: 0.2058, L2: 0.0082, Reg: 0.1479
INFO:__main__:Total loss 0.3619
INFO:__main__:Predicted mean: -0.4128
INFO:__main__:Predicted uncertainity -0.7322
INFO:__main__:Completed epoch 53 of 100

INFO:__main__:NLL: 0.0860, L2: 0.0083, Reg: 0.1480
INFO:__main__:Total loss 0.2423
INFO:__main__:Predicted mean: -0.3663
INFO:__main__:Predicted uncertainity -0.7842
INFO:__main__:Completed epoch 54 of 100

INFO:__main__:NLL: 0.1038, L2: 0.0084, Reg: 0.1489
INFO:__main__:Total loss 0.2611
INFO:__main__:Predicted mean: -0.3963
INFO:__main__:Predicted uncertainity -0.7826
INFO:__main__:Completed epoch 55 of 100

INFO:__main__:NLL: 0.1008, L2: 0.0089, Reg: 0.1481
INFO:__main__:Total loss 0.2579
INFO:__main__:Predicted mean: -0.3744
INFO:__main__:Predicted uncertainity -0.7424
INFO:__main__:Completed epoch 56 of 100

INFO:__main__:NLL: 0.1261, L2: 0.0085, Reg: 0.1490
INFO:__main__:Total loss 0.2835
INFO:__main__:Predicted mean: -0.3419
INFO:__main__:Predicted uncertainity -0.8499
INFO:__main__:Completed epoch 57 of 100

INFO:__main__:NLL: 0.0856, L2: 0.0089, Reg: 0.1496
INFO:__main__:Total loss 0.2440
INFO:__main__:Predicted mean: -0.3871
INFO:__main__:Predicted uncertainity -0.7582
INFO:__main__:Completed epoch 58 of 100

INFO:__main__:NLL: 0.1415, L2: 0.0083, Reg: 0.1481
INFO:__main__:Total loss 0.2980
INFO:__main__:Predicted mean: -0.3663
INFO:__main__:Predicted uncertainity -0.7141
INFO:__main__:Completed epoch 59 of 100

INFO:__main__:NLL: 0.0453, L2: 0.0087, Reg: 0.1478
INFO:__main__:Total loss 0.2018
INFO:__main__:Predicted mean: -0.3665
INFO:__main__:Predicted uncertainity -0.5584
INFO:__main__:Completed epoch 60 of 100

INFO:__main__:NLL: 0.0063, L2: 0.0089, Reg: 0.1475
INFO:__main__:Total loss 0.1627
INFO:__main__:Predicted mean: -0.3834
INFO:__main__:Predicted uncertainity -0.6518
INFO:__main__:Completed epoch 61 of 100

INFO:__main__:NLL: 0.1230, L2: 0.0083, Reg: 0.1479
INFO:__main__:Total loss 0.2792
INFO:__main__:Predicted mean: -0.4069
INFO:__main__:Predicted uncertainity -0.7623
INFO:__main__:Completed epoch 62 of 100

INFO:__main__:NLL: 0.0567, L2: 0.0083, Reg: 0.1488
INFO:__main__:Total loss 0.2138
INFO:__main__:Predicted mean: -0.3431
INFO:__main__:Predicted uncertainity -0.7805
INFO:__main__:Completed epoch 63 of 100

INFO:__main__:NLL: 0.2273, L2: 0.0084, Reg: 0.1499
INFO:__main__:Total loss 0.3856
INFO:__main__:Predicted mean: -0.4098
INFO:__main__:Predicted uncertainity -0.7785
INFO:__main__:Completed epoch 64 of 100

INFO:__main__:NLL: 0.0263, L2: 0.0085, Reg: 0.1474
INFO:__main__:Total loss 0.1821
INFO:__main__:Predicted mean: -0.4275
INFO:__main__:Predicted uncertainity -0.7490
INFO:__main__:Completed epoch 65 of 100

INFO:__main__:NLL: 0.1315, L2: 0.0081, Reg: 0.1484
INFO:__main__:Total loss 0.2880
INFO:__main__:Predicted mean: -0.3853
INFO:__main__:Predicted uncertainity -0.6907
INFO:__main__:Completed epoch 66 of 100

INFO:__main__:NLL: 0.0109, L2: 0.0082, Reg: 0.1491
INFO:__main__:Total loss 0.1682
INFO:__main__:Predicted mean: -0.4173
INFO:__main__:Predicted uncertainity -0.7258
INFO:__main__:Completed epoch 67 of 100

INFO:__main__:NLL: 0.0239, L2: 0.0082, Reg: 0.1494
INFO:__main__:Total loss 0.1815
INFO:__main__:Predicted mean: -0.3546
INFO:__main__:Predicted uncertainity -0.7174
INFO:__main__:Completed epoch 68 of 100

INFO:__main__:NLL: 0.1287, L2: 0.0078, Reg: 0.1479
INFO:__main__:Total loss 0.2844
INFO:__main__:Predicted mean: -0.3794
INFO:__main__:Predicted uncertainity -0.7571
INFO:__main__:Completed epoch 69 of 100

INFO:__main__:NLL: -0.1012, L2: 0.0084, Reg: 0.1478
INFO:__main__:Total loss 0.0550
INFO:__main__:Predicted mean: -0.3602
INFO:__main__:Predicted uncertainity -0.8373
INFO:__main__:Completed epoch 70 of 100

INFO:__main__:NLL: 0.0391, L2: 0.0082, Reg: 0.1483
INFO:__main__:Total loss 0.1957
INFO:__main__:Predicted mean: -0.3736
INFO:__main__:Predicted uncertainity -0.6793
INFO:__main__:Completed epoch 71 of 100

INFO:__main__:NLL: 0.0434, L2: 0.0090, Reg: 0.1491
INFO:__main__:Total loss 0.2015
INFO:__main__:Predicted mean: -0.3876
INFO:__main__:Predicted uncertainity -0.8410
INFO:__main__:Completed epoch 72 of 100

INFO:__main__:NLL: -0.0505, L2: 0.0085, Reg: 0.1479
INFO:__main__:Total loss 0.1059
INFO:__main__:Predicted mean: -0.3949
INFO:__main__:Predicted uncertainity -0.6976
INFO:__main__:Completed epoch 73 of 100

INFO:__main__:NLL: -0.0066, L2: 0.0086, Reg: 0.1487
INFO:__main__:Total loss 0.1508
INFO:__main__:Predicted mean: -0.3787
INFO:__main__:Predicted uncertainity -0.8642
INFO:__main__:Completed epoch 74 of 100

INFO:__main__:NLL: 0.1360, L2: 0.0081, Reg: 0.1479
INFO:__main__:Total loss 0.2920
INFO:__main__:Predicted mean: -0.4048
INFO:__main__:Predicted uncertainity -0.6852
INFO:__main__:Completed epoch 75 of 100

INFO:__main__:NLL: 0.0344, L2: 0.0084, Reg: 0.1487
INFO:__main__:Total loss 0.1915
INFO:__main__:Predicted mean: -0.3929
INFO:__main__:Predicted uncertainity -0.7165
INFO:__main__:Completed epoch 76 of 100

INFO:__main__:NLL: 0.1797, L2: 0.0083, Reg: 0.1496
INFO:__main__:Total loss 0.3376
INFO:__main__:Predicted mean: -0.3637
INFO:__main__:Predicted uncertainity -0.5948
INFO:__main__:Completed epoch 77 of 100

INFO:__main__:NLL: -0.0141, L2: 0.0083, Reg: 0.1491
INFO:__main__:Total loss 0.1433
INFO:__main__:Predicted mean: -0.4061
INFO:__main__:Predicted uncertainity -0.7291
INFO:__main__:Completed epoch 78 of 100

INFO:__main__:NLL: 0.0721, L2: 0.0084, Reg: 0.1487
INFO:__main__:Total loss 0.2291
INFO:__main__:Predicted mean: -0.3682
INFO:__main__:Predicted uncertainity -0.6950
INFO:__main__:Completed epoch 79 of 100

INFO:__main__:NLL: 0.0281, L2: 0.0086, Reg: 0.1485
INFO:__main__:Total loss 0.1852
INFO:__main__:Predicted mean: -0.3876
INFO:__main__:Predicted uncertainity -0.6513
INFO:__main__:Completed epoch 80 of 100

INFO:__main__:NLL: 0.0011, L2: 0.0087, Reg: 0.1478
INFO:__main__:Total loss 0.1575
INFO:__main__:Predicted mean: -0.3438
INFO:__main__:Predicted uncertainity -0.7114
INFO:__main__:Completed epoch 81 of 100

INFO:__main__:NLL: 0.1188, L2: 0.0082, Reg: 0.1498
INFO:__main__:Total loss 0.2767
INFO:__main__:Predicted mean: -0.3536
INFO:__main__:Predicted uncertainity -0.7255
INFO:__main__:Completed epoch 82 of 100

INFO:__main__:NLL: 0.2504, L2: 0.0080, Reg: 0.1471
INFO:__main__:Total loss 0.4056
INFO:__main__:Predicted mean: -0.4209
INFO:__main__:Predicted uncertainity -0.7237
INFO:__main__:Completed epoch 83 of 100

INFO:__main__:NLL: 0.0097, L2: 0.0087, Reg: 0.1469
INFO:__main__:Total loss 0.1653
INFO:__main__:Predicted mean: -0.4150
INFO:__main__:Predicted uncertainity -0.6675
INFO:__main__:Completed epoch 84 of 100

INFO:__main__:NLL: 0.1137, L2: 0.0081, Reg: 0.1482
INFO:__main__:Total loss 0.2701
INFO:__main__:Predicted mean: -0.3376
INFO:__main__:Predicted uncertainity -0.7690
INFO:__main__:Completed epoch 85 of 100

INFO:__main__:NLL: -0.0436, L2: 0.0082, Reg: 0.1490
INFO:__main__:Total loss 0.1136
INFO:__main__:Predicted mean: -0.3426
INFO:__main__:Predicted uncertainity -0.8173
INFO:__main__:Completed epoch 86 of 100

INFO:__main__:NLL: 0.0420, L2: 0.0079, Reg: 0.1502
INFO:__main__:Total loss 0.2000
INFO:__main__:Predicted mean: -0.4138
INFO:__main__:Predicted uncertainity -0.7487
INFO:__main__:Completed epoch 87 of 100

INFO:__main__:NLL: 0.1087, L2: 0.0088, Reg: 0.1476
INFO:__main__:Total loss 0.2651
INFO:__main__:Predicted mean: -0.3400
INFO:__main__:Predicted uncertainity -0.7255
INFO:__main__:Completed epoch 88 of 100

INFO:__main__:NLL: 0.3524, L2: 0.0087, Reg: 0.1472
INFO:__main__:Total loss 0.5083
INFO:__main__:Predicted mean: -0.3494
INFO:__main__:Predicted uncertainity -0.7453
INFO:__main__:Completed epoch 89 of 100

INFO:__main__:NLL: 0.1719, L2: 0.0082, Reg: 0.1478
INFO:__main__:Total loss 0.3279
INFO:__main__:Predicted mean: -0.3635
INFO:__main__:Predicted uncertainity -0.7132
INFO:__main__:Completed epoch 90 of 100

INFO:__main__:NLL: 0.1104, L2: 0.0084, Reg: 0.1485
INFO:__main__:Total loss 0.2673
INFO:__main__:Predicted mean: -0.3808
INFO:__main__:Predicted uncertainity -0.6771
INFO:__main__:Completed epoch 91 of 100

INFO:__main__:NLL: 0.0232, L2: 0.0089, Reg: 0.1489
INFO:__main__:Total loss 0.1810
INFO:__main__:Predicted mean: -0.4050
INFO:__main__:Predicted uncertainity -0.7075
INFO:__main__:Completed epoch 92 of 100

INFO:__main__:NLL: 0.1983, L2: 0.0087, Reg: 0.1476
INFO:__main__:Total loss 0.3546
INFO:__main__:Predicted mean: -0.3656
INFO:__main__:Predicted uncertainity -0.6910
INFO:__main__:Completed epoch 93 of 100

INFO:__main__:NLL: 0.2460, L2: 0.0088, Reg: 0.1505
INFO:__main__:Total loss 0.4053
INFO:__main__:Predicted mean: -0.3988
INFO:__main__:Predicted uncertainity -0.8010
INFO:__main__:Completed epoch 94 of 100

INFO:__main__:NLL: 0.0945, L2: 0.0086, Reg: 0.1483
INFO:__main__:Total loss 0.2514
INFO:__main__:Predicted mean: -0.3706
INFO:__main__:Predicted uncertainity -0.7770
INFO:__main__:Completed epoch 95 of 100

INFO:__main__:NLL: 0.1562, L2: 0.0083, Reg: 0.1491
INFO:__main__:Total loss 0.3136
INFO:__main__:Predicted mean: -0.3771
INFO:__main__:Predicted uncertainity -0.7315
INFO:__main__:Completed epoch 96 of 100

INFO:__main__:NLL: 0.1212, L2: 0.0083, Reg: 0.1497
INFO:__main__:Total loss 0.2793
INFO:__main__:Predicted mean: -0.3815
INFO:__main__:Predicted uncertainity -0.7105
INFO:__main__:Completed epoch 97 of 100

INFO:__main__:NLL: 0.0235, L2: 0.0084, Reg: 0.1480
INFO:__main__:Total loss 0.1798
INFO:__main__:Predicted mean: -0.3353
INFO:__main__:Predicted uncertainity -0.7290
INFO:__main__:Completed epoch 98 of 100

INFO:__main__:NLL: -0.0897, L2: 0.0085, Reg: 0.1507
INFO:__main__:Total loss 0.0695
INFO:__main__:Predicted mean: -0.3535
INFO:__main__:Predicted uncertainity -0.7999
INFO:__main__:Completed epoch 99 of 100

INFO:__main__:NLL: 0.0838, L2: 0.0088, Reg: 0.1491
INFO:__main__:Total loss 0.2417
INFO:__main__:Predicted mean: -0.4182
INFO:__main__:Predicted uncertainity -0.7193
INFO:__main__:Completed epoch 100 of 100

INFO:__main__:734.021756 s
