INFO:__main__:PROCESS RUNNING ON cpu
INFO:__main__:NLL: 0.2782, L2: 0.0067, Reg: 0.0844
INFO:__main__:Total loss 0.3693
INFO:__main__:Predicted mean: -0.4291
INFO:__main__:Predicted uncertainity -0.0446
INFO:__main__:Completed epoch 1 of 100

INFO:__main__:NLL: 0.2765, L2: 0.0074, Reg: 0.0539
INFO:__main__:Total loss 0.3378
INFO:__main__:Predicted mean: -0.4173
INFO:__main__:Predicted uncertainity 0.0018
INFO:__main__:Completed epoch 2 of 100

INFO:__main__:NLL: 0.3074, L2: 0.0071, Reg: 0.0513
INFO:__main__:Total loss 0.3658
INFO:__main__:Predicted mean: -0.3973
INFO:__main__:Predicted uncertainity 0.0064
INFO:__main__:Completed epoch 3 of 100

INFO:__main__:NLL: 0.2686, L2: 0.0073, Reg: 0.0446
INFO:__main__:Total loss 0.3204
INFO:__main__:Predicted mean: -0.4089
INFO:__main__:Predicted uncertainity -0.0011
INFO:__main__:Completed epoch 4 of 100

INFO:__main__:NLL: 0.2887, L2: 0.0080, Reg: 0.0867
INFO:__main__:Total loss 0.3834
INFO:__main__:Predicted mean: -0.4203
INFO:__main__:Predicted uncertainity 0.0246
INFO:__main__:Completed epoch 5 of 100

INFO:__main__:NLL: 0.2866, L2: 0.0070, Reg: 0.0658
INFO:__main__:Total loss 0.3594
INFO:__main__:Predicted mean: -0.4226
INFO:__main__:Predicted uncertainity -0.0242
INFO:__main__:Completed epoch 6 of 100

INFO:__main__:NLL: 0.2974, L2: 0.0074, Reg: 0.0847
INFO:__main__:Total loss 0.3895
INFO:__main__:Predicted mean: -0.3928
INFO:__main__:Predicted uncertainity 0.0036
INFO:__main__:Completed epoch 7 of 100

INFO:__main__:NLL: 0.2966, L2: 0.0069, Reg: 0.0528
INFO:__main__:Total loss 0.3563
INFO:__main__:Predicted mean: -0.3851
INFO:__main__:Predicted uncertainity 0.0030
INFO:__main__:Completed epoch 8 of 100

INFO:__main__:NLL: 0.2692, L2: 0.0074, Reg: 0.0853
INFO:__main__:Total loss 0.3619
INFO:__main__:Predicted mean: -0.3915
INFO:__main__:Predicted uncertainity -0.0250
INFO:__main__:Completed epoch 9 of 100

INFO:__main__:NLL: 0.2964, L2: 0.0078, Reg: 0.0753
INFO:__main__:Total loss 0.3795
INFO:__main__:Predicted mean: -0.4085
INFO:__main__:Predicted uncertainity -0.0074
INFO:__main__:Completed epoch 10 of 100

INFO:__main__:NLL: 0.2622, L2: 0.0075, Reg: 0.0619
INFO:__main__:Total loss 0.3316
INFO:__main__:Predicted mean: -0.4168
INFO:__main__:Predicted uncertainity -0.0420
INFO:__main__:Completed epoch 11 of 100

INFO:__main__:NLL: 0.2928, L2: 0.0072, Reg: 0.0506
INFO:__main__:Total loss 0.3507
INFO:__main__:Predicted mean: -0.3933
INFO:__main__:Predicted uncertainity 0.0124
INFO:__main__:Completed epoch 12 of 100

INFO:__main__:NLL: 0.2936, L2: 0.0072, Reg: 0.0690
INFO:__main__:Total loss 0.3699
INFO:__main__:Predicted mean: -0.3870
INFO:__main__:Predicted uncertainity -0.0187
INFO:__main__:Completed epoch 13 of 100

INFO:__main__:NLL: 0.2921, L2: 0.0076, Reg: 0.0674
INFO:__main__:Total loss 0.3671
INFO:__main__:Predicted mean: -0.3994
INFO:__main__:Predicted uncertainity -0.0267
INFO:__main__:Completed epoch 14 of 100

INFO:__main__:NLL: 0.2902, L2: 0.0074, Reg: 0.0815
INFO:__main__:Total loss 0.3791
INFO:__main__:Predicted mean: -0.4108
INFO:__main__:Predicted uncertainity -0.0423
INFO:__main__:Completed epoch 15 of 100

INFO:__main__:NLL: 0.2782, L2: 0.0074, Reg: 0.0924
INFO:__main__:Total loss 0.3781
INFO:__main__:Predicted mean: -0.3876
INFO:__main__:Predicted uncertainity -0.0333
INFO:__main__:Completed epoch 16 of 100

INFO:__main__:NLL: 0.2651, L2: 0.0077, Reg: 0.0538
INFO:__main__:Total loss 0.3265
INFO:__main__:Predicted mean: -0.4041
INFO:__main__:Predicted uncertainity -0.0067
INFO:__main__:Completed epoch 17 of 100

INFO:__main__:NLL: 0.2907, L2: 0.0066, Reg: 0.0421
INFO:__main__:Total loss 0.3394
INFO:__main__:Predicted mean: -0.3890
INFO:__main__:Predicted uncertainity -0.0191
INFO:__main__:Completed epoch 18 of 100

INFO:__main__:NLL: 0.2926, L2: 0.0074, Reg: 0.0584
INFO:__main__:Total loss 0.3584
INFO:__main__:Predicted mean: -0.4061
INFO:__main__:Predicted uncertainity 0.0205
INFO:__main__:Completed epoch 19 of 100

INFO:__main__:NLL: 0.3269, L2: 0.0072, Reg: 0.0599
INFO:__main__:Total loss 0.3940
INFO:__main__:Predicted mean: -0.4116
INFO:__main__:Predicted uncertainity -0.0151
INFO:__main__:Completed epoch 20 of 100

INFO:__main__:NLL: 0.2776, L2: 0.0074, Reg: 0.0740
INFO:__main__:Total loss 0.3589
INFO:__main__:Predicted mean: -0.4000
INFO:__main__:Predicted uncertainity -0.0319
INFO:__main__:Completed epoch 21 of 100

INFO:__main__:NLL: 0.2798, L2: 0.0070, Reg: 0.0606
INFO:__main__:Total loss 0.3474
INFO:__main__:Predicted mean: -0.3888
INFO:__main__:Predicted uncertainity -0.0239
INFO:__main__:Completed epoch 22 of 100

INFO:__main__:NLL: 0.2918, L2: 0.0079, Reg: 0.0777
INFO:__main__:Total loss 0.3773
INFO:__main__:Predicted mean: -0.4031
INFO:__main__:Predicted uncertainity 0.0066
INFO:__main__:Completed epoch 23 of 100

INFO:__main__:NLL: 0.2984, L2: 0.0073, Reg: 0.0551
INFO:__main__:Total loss 0.3609
INFO:__main__:Predicted mean: -0.4096
INFO:__main__:Predicted uncertainity 0.0112
INFO:__main__:Completed epoch 24 of 100

INFO:__main__:NLL: 0.2928, L2: 0.0073, Reg: 0.0509
INFO:__main__:Total loss 0.3510
INFO:__main__:Predicted mean: -0.4000
INFO:__main__:Predicted uncertainity 0.0182
INFO:__main__:Completed epoch 25 of 100

INFO:__main__:NLL: 0.2695, L2: 0.0076, Reg: 0.0576
INFO:__main__:Total loss 0.3347
INFO:__main__:Predicted mean: -0.4218
INFO:__main__:Predicted uncertainity 0.0049
INFO:__main__:Completed epoch 26 of 100

INFO:__main__:NLL: 0.2976, L2: 0.0078, Reg: 0.0682
INFO:__main__:Total loss 0.3736
INFO:__main__:Predicted mean: -0.4083
INFO:__main__:Predicted uncertainity 0.0124
INFO:__main__:Completed epoch 27 of 100

INFO:__main__:NLL: 0.3028, L2: 0.0073, Reg: 0.0601
INFO:__main__:Total loss 0.3703
INFO:__main__:Predicted mean: -0.3989
INFO:__main__:Predicted uncertainity 0.0149
INFO:__main__:Completed epoch 28 of 100

INFO:__main__:NLL: 0.2979, L2: 0.0080, Reg: 0.0601
INFO:__main__:Total loss 0.3660
INFO:__main__:Predicted mean: -0.3907
INFO:__main__:Predicted uncertainity 0.0011
INFO:__main__:Completed epoch 29 of 100

INFO:__main__:NLL: 0.2930, L2: 0.0070, Reg: 0.0496
INFO:__main__:Total loss 0.3495
INFO:__main__:Predicted mean: -0.3923
INFO:__main__:Predicted uncertainity 0.0124
INFO:__main__:Completed epoch 30 of 100

INFO:__main__:NLL: 0.3007, L2: 0.0077, Reg: 0.0739
INFO:__main__:Total loss 0.3822
INFO:__main__:Predicted mean: -0.3933
INFO:__main__:Predicted uncertainity -0.0088
INFO:__main__:Completed epoch 31 of 100

INFO:__main__:NLL: 0.2860, L2: 0.0073, Reg: 0.0605
INFO:__main__:Total loss 0.3538
INFO:__main__:Predicted mean: -0.4002
INFO:__main__:Predicted uncertainity 0.0092
INFO:__main__:Completed epoch 32 of 100

INFO:__main__:NLL: 0.2746, L2: 0.0074, Reg: 0.0684
INFO:__main__:Total loss 0.3504
INFO:__main__:Predicted mean: -0.4220
INFO:__main__:Predicted uncertainity -0.0078
INFO:__main__:Completed epoch 33 of 100

INFO:__main__:NLL: 0.2714, L2: 0.0074, Reg: 0.0743
INFO:__main__:Total loss 0.3531
INFO:__main__:Predicted mean: -0.4098
INFO:__main__:Predicted uncertainity -0.0286
INFO:__main__:Completed epoch 34 of 100

INFO:__main__:NLL: 0.2673, L2: 0.0074, Reg: 0.0607
INFO:__main__:Total loss 0.3354
INFO:__main__:Predicted mean: -0.4167
INFO:__main__:Predicted uncertainity -0.0049
INFO:__main__:Completed epoch 35 of 100

INFO:__main__:NLL: 0.2813, L2: 0.0075, Reg: 0.0745
INFO:__main__:Total loss 0.3632
INFO:__main__:Predicted mean: -0.3836
INFO:__main__:Predicted uncertainity -0.0204
INFO:__main__:Completed epoch 36 of 100

INFO:__main__:NLL: 0.2731, L2: 0.0075, Reg: 0.0543
INFO:__main__:Total loss 0.3350
INFO:__main__:Predicted mean: -0.4027
INFO:__main__:Predicted uncertainity -0.0178
INFO:__main__:Completed epoch 37 of 100

INFO:__main__:NLL: 0.3104, L2: 0.0075, Reg: 0.0526
INFO:__main__:Total loss 0.3705
INFO:__main__:Predicted mean: -0.4148
INFO:__main__:Predicted uncertainity 0.0050
INFO:__main__:Completed epoch 38 of 100

INFO:__main__:NLL: 0.2853, L2: 0.0078, Reg: 0.0578
INFO:__main__:Total loss 0.3509
INFO:__main__:Predicted mean: -0.4122
INFO:__main__:Predicted uncertainity 0.0007
INFO:__main__:Completed epoch 39 of 100

INFO:__main__:NLL: 0.2712, L2: 0.0079, Reg: 0.0565
INFO:__main__:Total loss 0.3356
INFO:__main__:Predicted mean: -0.4100
INFO:__main__:Predicted uncertainity 0.0250
INFO:__main__:Completed epoch 40 of 100

INFO:__main__:NLL: 0.2510, L2: 0.0074, Reg: 0.0707
INFO:__main__:Total loss 0.3290
INFO:__main__:Predicted mean: -0.3958
INFO:__main__:Predicted uncertainity -0.0278
INFO:__main__:Completed epoch 41 of 100

INFO:__main__:NLL: 0.2749, L2: 0.0075, Reg: 0.0703
INFO:__main__:Total loss 0.3526
INFO:__main__:Predicted mean: -0.3978
INFO:__main__:Predicted uncertainity -0.0228
INFO:__main__:Completed epoch 42 of 100

INFO:__main__:NLL: 0.2787, L2: 0.0082, Reg: 0.0552
INFO:__main__:Total loss 0.3421
INFO:__main__:Predicted mean: -0.4081
INFO:__main__:Predicted uncertainity 0.0184
INFO:__main__:Completed epoch 43 of 100

INFO:__main__:NLL: 0.2861, L2: 0.0072, Reg: 0.0697
INFO:__main__:Total loss 0.3630
INFO:__main__:Predicted mean: -0.4080
INFO:__main__:Predicted uncertainity -0.0088
INFO:__main__:Completed epoch 44 of 100

INFO:__main__:NLL: 0.2925, L2: 0.0072, Reg: 0.0697
INFO:__main__:Total loss 0.3694
INFO:__main__:Predicted mean: -0.3944
INFO:__main__:Predicted uncertainity -0.0076
INFO:__main__:Completed epoch 45 of 100

INFO:__main__:NLL: 0.2842, L2: 0.0072, Reg: 0.0579
INFO:__main__:Total loss 0.3492
INFO:__main__:Predicted mean: -0.3931
INFO:__main__:Predicted uncertainity -0.0186
INFO:__main__:Completed epoch 46 of 100

INFO:__main__:NLL: 0.2699, L2: 0.0075, Reg: 0.0553
INFO:__main__:Total loss 0.3327
INFO:__main__:Predicted mean: -0.4223
INFO:__main__:Predicted uncertainity -0.0153
INFO:__main__:Completed epoch 47 of 100

INFO:__main__:NLL: 0.2950, L2: 0.0075, Reg: 0.0553
INFO:__main__:Total loss 0.3577
INFO:__main__:Predicted mean: -0.3931
INFO:__main__:Predicted uncertainity -0.0105
INFO:__main__:Completed epoch 48 of 100

INFO:__main__:NLL: 0.2888, L2: 0.0072, Reg: 0.0520
INFO:__main__:Total loss 0.3480
INFO:__main__:Predicted mean: -0.4138
INFO:__main__:Predicted uncertainity 0.0342
INFO:__main__:Completed epoch 49 of 100

INFO:__main__:NLL: 0.2729, L2: 0.0073, Reg: 0.0508
INFO:__main__:Total loss 0.3310
INFO:__main__:Predicted mean: -0.4218
INFO:__main__:Predicted uncertainity 0.0124
INFO:__main__:Completed epoch 50 of 100

INFO:__main__:NLL: 0.3466, L2: 0.0077, Reg: 0.0778
INFO:__main__:Total loss 0.4321
INFO:__main__:Predicted mean: -0.4018
INFO:__main__:Predicted uncertainity -0.0038
INFO:__main__:Completed epoch 51 of 100

INFO:__main__:NLL: 0.2501, L2: 0.0075, Reg: 0.0545
INFO:__main__:Total loss 0.3121
INFO:__main__:Predicted mean: -0.3934
INFO:__main__:Predicted uncertainity -0.0323
INFO:__main__:Completed epoch 52 of 100

INFO:__main__:NLL: 0.2978, L2: 0.0073, Reg: 0.0520
INFO:__main__:Total loss 0.3571
INFO:__main__:Predicted mean: -0.4096
INFO:__main__:Predicted uncertainity 0.0078
INFO:__main__:Completed epoch 53 of 100

INFO:__main__:NLL: 0.2979, L2: 0.0072, Reg: 0.0614
INFO:__main__:Total loss 0.3665
INFO:__main__:Predicted mean: -0.3858
INFO:__main__:Predicted uncertainity -0.0230
INFO:__main__:Completed epoch 54 of 100

INFO:__main__:NLL: 0.2871, L2: 0.0078, Reg: 0.0565
INFO:__main__:Total loss 0.3513
INFO:__main__:Predicted mean: -0.4072
INFO:__main__:Predicted uncertainity 0.0358
INFO:__main__:Completed epoch 55 of 100

INFO:__main__:NLL: 0.3083, L2: 0.0073, Reg: 0.0614
INFO:__main__:Total loss 0.3770
INFO:__main__:Predicted mean: -0.4109
INFO:__main__:Predicted uncertainity 0.0020
INFO:__main__:Completed epoch 56 of 100

INFO:__main__:NLL: 0.2815, L2: 0.0068, Reg: 0.0610
INFO:__main__:Total loss 0.3493
INFO:__main__:Predicted mean: -0.3946
INFO:__main__:Predicted uncertainity -0.0285
INFO:__main__:Completed epoch 57 of 100

INFO:__main__:NLL: 0.2898, L2: 0.0075, Reg: 0.0585
INFO:__main__:Total loss 0.3559
INFO:__main__:Predicted mean: -0.4238
INFO:__main__:Predicted uncertainity 0.0100
INFO:__main__:Completed epoch 58 of 100

INFO:__main__:NLL: 0.2938, L2: 0.0071, Reg: 0.0767
INFO:__main__:Total loss 0.3776
INFO:__main__:Predicted mean: -0.4136
INFO:__main__:Predicted uncertainity 0.0257
INFO:__main__:Completed epoch 59 of 100

INFO:__main__:NLL: 0.2879, L2: 0.0072, Reg: 0.0423
INFO:__main__:Total loss 0.3374
INFO:__main__:Predicted mean: -0.3832
INFO:__main__:Predicted uncertainity 0.0183
INFO:__main__:Completed epoch 60 of 100

INFO:__main__:NLL: 0.2965, L2: 0.0077, Reg: 0.0616
INFO:__main__:Total loss 0.3658
INFO:__main__:Predicted mean: -0.4025
INFO:__main__:Predicted uncertainity 0.0166
INFO:__main__:Completed epoch 61 of 100

INFO:__main__:NLL: 0.2849, L2: 0.0072, Reg: 0.0621
INFO:__main__:Total loss 0.3542
INFO:__main__:Predicted mean: -0.4077
INFO:__main__:Predicted uncertainity 0.0036
INFO:__main__:Completed epoch 62 of 100

INFO:__main__:NLL: 0.2712, L2: 0.0076, Reg: 0.0572
INFO:__main__:Total loss 0.3360
INFO:__main__:Predicted mean: -0.4178
INFO:__main__:Predicted uncertainity -0.0179
INFO:__main__:Completed epoch 63 of 100

INFO:__main__:NLL: 0.2605, L2: 0.0076, Reg: 0.0634
INFO:__main__:Total loss 0.3316
INFO:__main__:Predicted mean: -0.4038
INFO:__main__:Predicted uncertainity 0.0023
INFO:__main__:Completed epoch 64 of 100

INFO:__main__:NLL: 0.2627, L2: 0.0077, Reg: 0.0616
INFO:__main__:Total loss 0.3319
INFO:__main__:Predicted mean: -0.3857
INFO:__main__:Predicted uncertainity -0.0124
INFO:__main__:Completed epoch 65 of 100

INFO:__main__:NLL: 0.2729, L2: 0.0074, Reg: 0.0758
INFO:__main__:Total loss 0.3562
INFO:__main__:Predicted mean: -0.4008
INFO:__main__:Predicted uncertainity -0.0440
INFO:__main__:Completed epoch 66 of 100

INFO:__main__:NLL: 0.2902, L2: 0.0069, Reg: 0.0478
INFO:__main__:Total loss 0.3449
INFO:__main__:Predicted mean: -0.3926
INFO:__main__:Predicted uncertainity 0.0018
INFO:__main__:Completed epoch 67 of 100

INFO:__main__:NLL: 0.2862, L2: 0.0071, Reg: 0.0488
INFO:__main__:Total loss 0.3421
INFO:__main__:Predicted mean: -0.4032
INFO:__main__:Predicted uncertainity -0.0193
INFO:__main__:Completed epoch 68 of 100

INFO:__main__:NLL: 0.2589, L2: 0.0077, Reg: 0.0811
INFO:__main__:Total loss 0.3477
INFO:__main__:Predicted mean: -0.4146
INFO:__main__:Predicted uncertainity -0.0191
INFO:__main__:Completed epoch 69 of 100

INFO:__main__:NLL: 0.2937, L2: 0.0082, Reg: 0.0624
INFO:__main__:Total loss 0.3643
INFO:__main__:Predicted mean: -0.4288
INFO:__main__:Predicted uncertainity 0.0219
INFO:__main__:Completed epoch 70 of 100

INFO:__main__:NLL: 0.2607, L2: 0.0071, Reg: 0.0566
INFO:__main__:Total loss 0.3244
INFO:__main__:Predicted mean: -0.4035
INFO:__main__:Predicted uncertainity -0.0004
INFO:__main__:Completed epoch 71 of 100

INFO:__main__:NLL: 0.3465, L2: 0.0077, Reg: 0.0819
INFO:__main__:Total loss 0.4361
INFO:__main__:Predicted mean: -0.4166
INFO:__main__:Predicted uncertainity 0.0262
INFO:__main__:Completed epoch 72 of 100

INFO:__main__:NLL: 0.2932, L2: 0.0077, Reg: 0.0641
INFO:__main__:Total loss 0.3650
INFO:__main__:Predicted mean: -0.4181
INFO:__main__:Predicted uncertainity 0.0128
INFO:__main__:Completed epoch 73 of 100

INFO:__main__:NLL: 0.2947, L2: 0.0074, Reg: 0.0647
INFO:__main__:Total loss 0.3669
INFO:__main__:Predicted mean: -0.4163
INFO:__main__:Predicted uncertainity -0.0122
INFO:__main__:Completed epoch 74 of 100

INFO:__main__:NLL: 0.2931, L2: 0.0074, Reg: 0.0575
INFO:__main__:Total loss 0.3580
INFO:__main__:Predicted mean: -0.4087
INFO:__main__:Predicted uncertainity 0.0191
INFO:__main__:Completed epoch 75 of 100

INFO:__main__:NLL: 0.3028, L2: 0.0076, Reg: 0.0610
INFO:__main__:Total loss 0.3713
INFO:__main__:Predicted mean: -0.4173
INFO:__main__:Predicted uncertainity 0.0364
INFO:__main__:Completed epoch 76 of 100

INFO:__main__:NLL: 0.3109, L2: 0.0077, Reg: 0.0791
INFO:__main__:Total loss 0.3976
INFO:__main__:Predicted mean: -0.4226
INFO:__main__:Predicted uncertainity 0.0444
INFO:__main__:Completed epoch 77 of 100

INFO:__main__:NLL: 0.2908, L2: 0.0074, Reg: 0.0627
INFO:__main__:Total loss 0.3609
INFO:__main__:Predicted mean: -0.4006
INFO:__main__:Predicted uncertainity -0.0101
INFO:__main__:Completed epoch 78 of 100

INFO:__main__:NLL: 0.2943, L2: 0.0068, Reg: 0.0354
INFO:__main__:Total loss 0.3366
INFO:__main__:Predicted mean: -0.3772
INFO:__main__:Predicted uncertainity -0.0089
INFO:__main__:Completed epoch 79 of 100

INFO:__main__:NLL: 0.2830, L2: 0.0070, Reg: 0.0786
INFO:__main__:Total loss 0.3686
INFO:__main__:Predicted mean: -0.3855
INFO:__main__:Predicted uncertainity -0.0287
INFO:__main__:Completed epoch 80 of 100

INFO:__main__:NLL: 0.2816, L2: 0.0076, Reg: 0.0561
INFO:__main__:Total loss 0.3453
INFO:__main__:Predicted mean: -0.4207
INFO:__main__:Predicted uncertainity -0.0269
INFO:__main__:Completed epoch 81 of 100

INFO:__main__:NLL: 0.2981, L2: 0.0080, Reg: 0.0549
INFO:__main__:Total loss 0.3611
INFO:__main__:Predicted mean: -0.4090
INFO:__main__:Predicted uncertainity 0.0258
INFO:__main__:Completed epoch 82 of 100

INFO:__main__:NLL: 0.2691, L2: 0.0073, Reg: 0.0711
INFO:__main__:Total loss 0.3475
INFO:__main__:Predicted mean: -0.4127
INFO:__main__:Predicted uncertainity -0.0420
INFO:__main__:Completed epoch 83 of 100

INFO:__main__:NLL: 0.3254, L2: 0.0073, Reg: 0.0783
INFO:__main__:Total loss 0.4110
INFO:__main__:Predicted mean: -0.4247
INFO:__main__:Predicted uncertainity 0.0085
INFO:__main__:Completed epoch 84 of 100

INFO:__main__:NLL: 0.2662, L2: 0.0074, Reg: 0.0703
INFO:__main__:Total loss 0.3440
INFO:__main__:Predicted mean: -0.4017
INFO:__main__:Predicted uncertainity 0.0075
INFO:__main__:Completed epoch 85 of 100

INFO:__main__:NLL: 0.2310, L2: 0.0074, Reg: 0.0764
INFO:__main__:Total loss 0.3148
INFO:__main__:Predicted mean: -0.3867
INFO:__main__:Predicted uncertainity -0.0463
INFO:__main__:Completed epoch 86 of 100

INFO:__main__:NLL: 0.2808, L2: 0.0076, Reg: 0.0624
INFO:__main__:Total loss 0.3508
INFO:__main__:Predicted mean: -0.4020
INFO:__main__:Predicted uncertainity -0.0035
INFO:__main__:Completed epoch 87 of 100

INFO:__main__:NLL: 0.2879, L2: 0.0075, Reg: 0.0664
INFO:__main__:Total loss 0.3618
INFO:__main__:Predicted mean: -0.3827
INFO:__main__:Predicted uncertainity -0.0169
INFO:__main__:Completed epoch 88 of 100

INFO:__main__:NLL: 0.2816, L2: 0.0077, Reg: 0.0780
INFO:__main__:Total loss 0.3673
INFO:__main__:Predicted mean: -0.4077
INFO:__main__:Predicted uncertainity -0.0389
INFO:__main__:Completed epoch 89 of 100

INFO:__main__:NLL: 0.2875, L2: 0.0075, Reg: 0.0566
INFO:__main__:Total loss 0.3516
INFO:__main__:Predicted mean: -0.3961
INFO:__main__:Predicted uncertainity 0.0022
INFO:__main__:Completed epoch 90 of 100

INFO:__main__:NLL: 0.2734, L2: 0.0075, Reg: 0.0729
INFO:__main__:Total loss 0.3538
INFO:__main__:Predicted mean: -0.4227
INFO:__main__:Predicted uncertainity -0.0306
INFO:__main__:Completed epoch 91 of 100

INFO:__main__:NLL: 0.2822, L2: 0.0075, Reg: 0.0717
INFO:__main__:Total loss 0.3614
INFO:__main__:Predicted mean: -0.4090
INFO:__main__:Predicted uncertainity 0.0083
INFO:__main__:Completed epoch 92 of 100

INFO:__main__:NLL: 0.2836, L2: 0.0078, Reg: 0.0570
INFO:__main__:Total loss 0.3484
INFO:__main__:Predicted mean: -0.4136
INFO:__main__:Predicted uncertainity 0.0170
INFO:__main__:Completed epoch 93 of 100

INFO:__main__:NLL: 0.2860, L2: 0.0076, Reg: 0.0773
INFO:__main__:Total loss 0.3709
INFO:__main__:Predicted mean: -0.3936
INFO:__main__:Predicted uncertainity -0.0267
INFO:__main__:Completed epoch 94 of 100

INFO:__main__:NLL: 0.2875, L2: 0.0073, Reg: 0.0514
INFO:__main__:Total loss 0.3462
INFO:__main__:Predicted mean: -0.4093
INFO:__main__:Predicted uncertainity 0.0228
INFO:__main__:Completed epoch 95 of 100

INFO:__main__:NLL: 0.2908, L2: 0.0070, Reg: 0.0564
INFO:__main__:Total loss 0.3542
INFO:__main__:Predicted mean: -0.4347
INFO:__main__:Predicted uncertainity 0.0076
INFO:__main__:Completed epoch 96 of 100

INFO:__main__:NLL: 0.3019, L2: 0.0067, Reg: 0.0473
INFO:__main__:Total loss 0.3560
INFO:__main__:Predicted mean: -0.3909
INFO:__main__:Predicted uncertainity -0.0058
INFO:__main__:Completed epoch 97 of 100

INFO:__main__:NLL: 0.2829, L2: 0.0071, Reg: 0.0476
INFO:__main__:Total loss 0.3377
INFO:__main__:Predicted mean: -0.3912
INFO:__main__:Predicted uncertainity -0.0218
INFO:__main__:Completed epoch 98 of 100

INFO:__main__:NLL: 0.2635, L2: 0.0079, Reg: 0.0739
INFO:__main__:Total loss 0.3453
INFO:__main__:Predicted mean: -0.4016
INFO:__main__:Predicted uncertainity -0.0016
INFO:__main__:Completed epoch 99 of 100

INFO:__main__:NLL: 0.2825, L2: 0.0067, Reg: 0.0630
INFO:__main__:Total loss 0.3522
INFO:__main__:Predicted mean: -0.3885
INFO:__main__:Predicted uncertainity -0.0251
INFO:__main__:Completed epoch 100 of 100

INFO:__main__:459.205699 s
