INFO:__main__:PROCESS RUNNING ON cpu
INFO:__main__:NLL: 0.1894, L2: 0.0249, Reg: 0.0532
INFO:__main__:Total loss 0.2675
INFO:__main__:Predicted mean: -0.4044
INFO:__main__:Predicted uncertainity -0.6345
INFO:__main__:Completed epoch 1 of 100

INFO:__main__:NLL: 0.0446, L2: 0.0250, Reg: 0.0472
INFO:__main__:Total loss 0.1167
INFO:__main__:Predicted mean: -0.4058
INFO:__main__:Predicted uncertainity -0.6094
INFO:__main__:Completed epoch 2 of 100

INFO:__main__:NLL: 0.0893, L2: 0.0235, Reg: 0.0450
INFO:__main__:Total loss 0.1579
INFO:__main__:Predicted mean: -0.3972
INFO:__main__:Predicted uncertainity -0.6236
INFO:__main__:Completed epoch 3 of 100

INFO:__main__:NLL: 0.0546, L2: 0.0252, Reg: 0.0389
INFO:__main__:Total loss 0.1187
INFO:__main__:Predicted mean: -0.4132
INFO:__main__:Predicted uncertainity -0.6534
INFO:__main__:Completed epoch 4 of 100

INFO:__main__:NLL: 0.0508, L2: 0.0246, Reg: 0.0498
INFO:__main__:Total loss 0.1252
INFO:__main__:Predicted mean: -0.3963
INFO:__main__:Predicted uncertainity -0.6339
INFO:__main__:Completed epoch 5 of 100

INFO:__main__:NLL: 0.1582, L2: 0.0246, Reg: 0.0422
INFO:__main__:Total loss 0.2250
INFO:__main__:Predicted mean: -0.4180
INFO:__main__:Predicted uncertainity -0.6032
INFO:__main__:Completed epoch 6 of 100

INFO:__main__:NLL: 0.2387, L2: 0.0257, Reg: 0.0484
INFO:__main__:Total loss 0.3128
INFO:__main__:Predicted mean: -0.3948
INFO:__main__:Predicted uncertainity -0.5581
INFO:__main__:Completed epoch 7 of 100

INFO:__main__:NLL: 0.1911, L2: 0.0265, Reg: 0.0460
INFO:__main__:Total loss 0.2636
INFO:__main__:Predicted mean: -0.3955
INFO:__main__:Predicted uncertainity -0.6141
INFO:__main__:Completed epoch 8 of 100

INFO:__main__:NLL: 0.0301, L2: 0.0259, Reg: 0.0594
INFO:__main__:Total loss 0.1154
INFO:__main__:Predicted mean: -0.3891
INFO:__main__:Predicted uncertainity -0.6706
INFO:__main__:Completed epoch 9 of 100

INFO:__main__:NLL: 0.2142, L2: 0.0268, Reg: 0.0448
INFO:__main__:Total loss 0.2857
INFO:__main__:Predicted mean: -0.3900
INFO:__main__:Predicted uncertainity -0.6288
INFO:__main__:Completed epoch 10 of 100

INFO:__main__:NLL: 0.0641, L2: 0.0254, Reg: 0.0409
INFO:__main__:Total loss 0.1304
INFO:__main__:Predicted mean: -0.4190
INFO:__main__:Predicted uncertainity -0.6805
INFO:__main__:Completed epoch 11 of 100

INFO:__main__:NLL: 0.1283, L2: 0.0245, Reg: 0.0487
INFO:__main__:Total loss 0.2015
INFO:__main__:Predicted mean: -0.3839
INFO:__main__:Predicted uncertainity -0.5344
INFO:__main__:Completed epoch 12 of 100

INFO:__main__:NLL: 0.0960, L2: 0.0270, Reg: 0.0535
INFO:__main__:Total loss 0.1765
INFO:__main__:Predicted mean: -0.3511
INFO:__main__:Predicted uncertainity -0.6346
INFO:__main__:Completed epoch 13 of 100

INFO:__main__:NLL: 0.2758, L2: 0.0261, Reg: 0.0461
INFO:__main__:Total loss 0.3480
INFO:__main__:Predicted mean: -0.4020
INFO:__main__:Predicted uncertainity -0.6409
INFO:__main__:Completed epoch 14 of 100

INFO:__main__:NLL: 0.1691, L2: 0.0265, Reg: 0.0514
INFO:__main__:Total loss 0.2470
INFO:__main__:Predicted mean: -0.4115
INFO:__main__:Predicted uncertainity -0.6361
INFO:__main__:Completed epoch 15 of 100

INFO:__main__:NLL: 0.2010, L2: 0.0257, Reg: 0.0510
INFO:__main__:Total loss 0.2778
INFO:__main__:Predicted mean: -0.3762
INFO:__main__:Predicted uncertainity -0.6387
INFO:__main__:Completed epoch 16 of 100

INFO:__main__:NLL: 0.0599, L2: 0.0256, Reg: 0.0347
INFO:__main__:Total loss 0.1201
INFO:__main__:Predicted mean: -0.4064
INFO:__main__:Predicted uncertainity -0.5950
INFO:__main__:Completed epoch 17 of 100

INFO:__main__:NLL: 0.1704, L2: 0.0256, Reg: 0.0390
INFO:__main__:Total loss 0.2351
INFO:__main__:Predicted mean: -0.4380
INFO:__main__:Predicted uncertainity -0.5911
INFO:__main__:Completed epoch 18 of 100

INFO:__main__:NLL: 0.0006, L2: 0.0261, Reg: 0.0386
INFO:__main__:Total loss 0.0653
INFO:__main__:Predicted mean: -0.4128
INFO:__main__:Predicted uncertainity -0.5581
INFO:__main__:Completed epoch 19 of 100

INFO:__main__:NLL: 0.1644, L2: 0.0243, Reg: 0.0387
INFO:__main__:Total loss 0.2275
INFO:__main__:Predicted mean: -0.4158
INFO:__main__:Predicted uncertainity -0.6536
INFO:__main__:Completed epoch 20 of 100

INFO:__main__:NLL: 0.0349, L2: 0.0259, Reg: 0.0453
INFO:__main__:Total loss 0.1062
INFO:__main__:Predicted mean: -0.3813
INFO:__main__:Predicted uncertainity -0.5826
INFO:__main__:Completed epoch 21 of 100

INFO:__main__:NLL: 0.1357, L2: 0.0252, Reg: 0.0433
INFO:__main__:Total loss 0.2042
INFO:__main__:Predicted mean: -0.3777
INFO:__main__:Predicted uncertainity -0.6010
INFO:__main__:Completed epoch 22 of 100

INFO:__main__:NLL: 0.1430, L2: 0.0263, Reg: 0.0539
INFO:__main__:Total loss 0.2232
INFO:__main__:Predicted mean: -0.4039
INFO:__main__:Predicted uncertainity -0.5916
INFO:__main__:Completed epoch 23 of 100

INFO:__main__:NLL: 0.2060, L2: 0.0249, Reg: 0.0398
INFO:__main__:Total loss 0.2707
INFO:__main__:Predicted mean: -0.3787
INFO:__main__:Predicted uncertainity -0.5691
INFO:__main__:Completed epoch 24 of 100

INFO:__main__:NLL: 0.1578, L2: 0.0248, Reg: 0.0393
INFO:__main__:Total loss 0.2218
INFO:__main__:Predicted mean: -0.3903
INFO:__main__:Predicted uncertainity -0.6074
INFO:__main__:Completed epoch 25 of 100

INFO:__main__:NLL: 0.0308, L2: 0.0247, Reg: 0.0391
INFO:__main__:Total loss 0.0947
INFO:__main__:Predicted mean: -0.3803
INFO:__main__:Predicted uncertainity -0.5701
INFO:__main__:Completed epoch 26 of 100

INFO:__main__:NLL: 0.2891, L2: 0.0257, Reg: 0.0472
INFO:__main__:Total loss 0.3619
INFO:__main__:Predicted mean: -0.4076
INFO:__main__:Predicted uncertainity -0.5946
INFO:__main__:Completed epoch 27 of 100

INFO:__main__:NLL: 0.1734, L2: 0.0253, Reg: 0.0351
INFO:__main__:Total loss 0.2337
INFO:__main__:Predicted mean: -0.3942
INFO:__main__:Predicted uncertainity -0.5401
INFO:__main__:Completed epoch 28 of 100

INFO:__main__:NLL: 0.1477, L2: 0.0259, Reg: 0.0425
INFO:__main__:Total loss 0.2161
INFO:__main__:Predicted mean: -0.3688
INFO:__main__:Predicted uncertainity -0.6136
INFO:__main__:Completed epoch 29 of 100

INFO:__main__:NLL: 0.1502, L2: 0.0254, Reg: 0.0372
INFO:__main__:Total loss 0.2129
INFO:__main__:Predicted mean: -0.3675
INFO:__main__:Predicted uncertainity -0.5197
INFO:__main__:Completed epoch 30 of 100

INFO:__main__:NLL: 0.1828, L2: 0.0245, Reg: 0.0431
INFO:__main__:Total loss 0.2504
INFO:__main__:Predicted mean: -0.4487
INFO:__main__:Predicted uncertainity -0.6830
INFO:__main__:Completed epoch 31 of 100

INFO:__main__:NLL: 0.0096, L2: 0.0259, Reg: 0.0502
INFO:__main__:Total loss 0.0857
INFO:__main__:Predicted mean: -0.3627
INFO:__main__:Predicted uncertainity -0.6721
INFO:__main__:Completed epoch 32 of 100

INFO:__main__:NLL: 0.1001, L2: 0.0261, Reg: 0.0502
INFO:__main__:Total loss 0.1765
INFO:__main__:Predicted mean: -0.4475
INFO:__main__:Predicted uncertainity -0.6102
INFO:__main__:Completed epoch 33 of 100

INFO:__main__:NLL: 0.1150, L2: 0.0257, Reg: 0.0448
INFO:__main__:Total loss 0.1855
INFO:__main__:Predicted mean: -0.4061
INFO:__main__:Predicted uncertainity -0.6550
INFO:__main__:Completed epoch 34 of 100

INFO:__main__:NLL: 0.0444, L2: 0.0242, Reg: 0.0397
INFO:__main__:Total loss 0.1084
INFO:__main__:Predicted mean: -0.4058
INFO:__main__:Predicted uncertainity -0.6249
INFO:__main__:Completed epoch 35 of 100

INFO:__main__:NLL: 0.0834, L2: 0.0239, Reg: 0.0481
INFO:__main__:Total loss 0.1555
INFO:__main__:Predicted mean: -0.3641
INFO:__main__:Predicted uncertainity -0.6399
INFO:__main__:Completed epoch 36 of 100

INFO:__main__:NLL: 0.0143, L2: 0.0246, Reg: 0.0481
INFO:__main__:Total loss 0.0870
INFO:__main__:Predicted mean: -0.3732
INFO:__main__:Predicted uncertainity -0.6663
INFO:__main__:Completed epoch 37 of 100

INFO:__main__:NLL: 0.2608, L2: 0.0263, Reg: 0.0369
INFO:__main__:Total loss 0.3241
INFO:__main__:Predicted mean: -0.3917
INFO:__main__:Predicted uncertainity -0.6572
INFO:__main__:Completed epoch 38 of 100

INFO:__main__:NLL: 0.1700, L2: 0.0262, Reg: 0.0420
INFO:__main__:Total loss 0.2382
INFO:__main__:Predicted mean: -0.4531
INFO:__main__:Predicted uncertainity -0.5823
INFO:__main__:Completed epoch 39 of 100

INFO:__main__:NLL: 0.0973, L2: 0.0266, Reg: 0.0445
INFO:__main__:Total loss 0.1684
INFO:__main__:Predicted mean: -0.4605
INFO:__main__:Predicted uncertainity -0.5442
INFO:__main__:Completed epoch 40 of 100

INFO:__main__:NLL: -0.0074, L2: 0.0265, Reg: 0.0422
INFO:__main__:Total loss 0.0613
INFO:__main__:Predicted mean: -0.3848
INFO:__main__:Predicted uncertainity -0.6060
INFO:__main__:Completed epoch 41 of 100

INFO:__main__:NLL: 0.0915, L2: 0.0268, Reg: 0.0463
INFO:__main__:Total loss 0.1646
INFO:__main__:Predicted mean: -0.4012
INFO:__main__:Predicted uncertainity -0.5421
INFO:__main__:Completed epoch 42 of 100

INFO:__main__:NLL: 0.1537, L2: 0.0252, Reg: 0.0431
INFO:__main__:Total loss 0.2221
INFO:__main__:Predicted mean: -0.4153
INFO:__main__:Predicted uncertainity -0.6217
INFO:__main__:Completed epoch 43 of 100

INFO:__main__:NLL: 0.2839, L2: 0.0265, Reg: 0.0538
INFO:__main__:Total loss 0.3641
INFO:__main__:Predicted mean: -0.4576
INFO:__main__:Predicted uncertainity -0.6573
INFO:__main__:Completed epoch 44 of 100

INFO:__main__:NLL: 0.1411, L2: 0.0240, Reg: 0.0428
INFO:__main__:Total loss 0.2078
INFO:__main__:Predicted mean: -0.4174
INFO:__main__:Predicted uncertainity -0.6120
INFO:__main__:Completed epoch 45 of 100

INFO:__main__:NLL: 0.1295, L2: 0.0255, Reg: 0.0445
INFO:__main__:Total loss 0.1995
INFO:__main__:Predicted mean: -0.3900
INFO:__main__:Predicted uncertainity -0.6208
INFO:__main__:Completed epoch 46 of 100

INFO:__main__:NLL: 0.1023, L2: 0.0254, Reg: 0.0424
INFO:__main__:Total loss 0.1700
INFO:__main__:Predicted mean: -0.4233
INFO:__main__:Predicted uncertainity -0.6517
INFO:__main__:Completed epoch 47 of 100

INFO:__main__:NLL: 0.1205, L2: 0.0261, Reg: 0.0437
INFO:__main__:Total loss 0.1903
INFO:__main__:Predicted mean: -0.3929
INFO:__main__:Predicted uncertainity -0.6675
INFO:__main__:Completed epoch 48 of 100

INFO:__main__:NLL: 0.0266, L2: 0.0245, Reg: 0.0399
INFO:__main__:Total loss 0.0910
INFO:__main__:Predicted mean: -0.3707
INFO:__main__:Predicted uncertainity -0.5389
INFO:__main__:Completed epoch 49 of 100

INFO:__main__:NLL: 0.0507, L2: 0.0262, Reg: 0.0355
INFO:__main__:Total loss 0.1124
INFO:__main__:Predicted mean: -0.4076
INFO:__main__:Predicted uncertainity -0.6229
INFO:__main__:Completed epoch 50 of 100

INFO:__main__:NLL: 0.4046, L2: 0.0252, Reg: 0.0457
INFO:__main__:Total loss 0.4755
INFO:__main__:Predicted mean: -0.4156
INFO:__main__:Predicted uncertainity -0.6718
INFO:__main__:Completed epoch 51 of 100

INFO:__main__:NLL: 0.0061, L2: 0.0251, Reg: 0.0417
INFO:__main__:Total loss 0.0729
INFO:__main__:Predicted mean: -0.4054
INFO:__main__:Predicted uncertainity -0.6458
INFO:__main__:Completed epoch 52 of 100

INFO:__main__:NLL: 0.1191, L2: 0.0255, Reg: 0.0373
INFO:__main__:Total loss 0.1819
INFO:__main__:Predicted mean: -0.4173
INFO:__main__:Predicted uncertainity -0.5412
INFO:__main__:Completed epoch 53 of 100

INFO:__main__:NLL: 0.2850, L2: 0.0252, Reg: 0.0336
INFO:__main__:Total loss 0.3438
INFO:__main__:Predicted mean: -0.3672
INFO:__main__:Predicted uncertainity -0.6047
INFO:__main__:Completed epoch 54 of 100

INFO:__main__:NLL: 0.2114, L2: 0.0257, Reg: 0.0388
INFO:__main__:Total loss 0.2759
INFO:__main__:Predicted mean: -0.3670
INFO:__main__:Predicted uncertainity -0.6715
INFO:__main__:Completed epoch 55 of 100

INFO:__main__:NLL: 0.2666, L2: 0.0259, Reg: 0.0481
INFO:__main__:Total loss 0.3406
INFO:__main__:Predicted mean: -0.3994
INFO:__main__:Predicted uncertainity -0.5824
INFO:__main__:Completed epoch 56 of 100

INFO:__main__:NLL: 0.1346, L2: 0.0256, Reg: 0.0400
INFO:__main__:Total loss 0.2002
INFO:__main__:Predicted mean: -0.3838
INFO:__main__:Predicted uncertainity -0.5330
INFO:__main__:Completed epoch 57 of 100

INFO:__main__:NLL: 0.0704, L2: 0.0259, Reg: 0.0415
INFO:__main__:Total loss 0.1378
INFO:__main__:Predicted mean: -0.4591
INFO:__main__:Predicted uncertainity -0.5558
INFO:__main__:Completed epoch 58 of 100

INFO:__main__:NLL: 0.0744, L2: 0.0250, Reg: 0.0410
INFO:__main__:Total loss 0.1404
INFO:__main__:Predicted mean: -0.3646
INFO:__main__:Predicted uncertainity -0.5166
INFO:__main__:Completed epoch 59 of 100

INFO:__main__:NLL: 0.0800, L2: 0.0272, Reg: 0.0346
INFO:__main__:Total loss 0.1417
INFO:__main__:Predicted mean: -0.4023
INFO:__main__:Predicted uncertainity -0.6006
INFO:__main__:Completed epoch 60 of 100

INFO:__main__:NLL: 0.2000, L2: 0.0256, Reg: 0.0370
INFO:__main__:Total loss 0.2627
INFO:__main__:Predicted mean: -0.3714
INFO:__main__:Predicted uncertainity -0.6224
INFO:__main__:Completed epoch 61 of 100

INFO:__main__:NLL: 0.2272, L2: 0.0257, Reg: 0.0395
INFO:__main__:Total loss 0.2925
INFO:__main__:Predicted mean: -0.3807
INFO:__main__:Predicted uncertainity -0.5617
INFO:__main__:Completed epoch 62 of 100

INFO:__main__:NLL: 0.1004, L2: 0.0243, Reg: 0.0435
INFO:__main__:Total loss 0.1682
INFO:__main__:Predicted mean: -0.4587
INFO:__main__:Predicted uncertainity -0.6130
INFO:__main__:Completed epoch 63 of 100

INFO:__main__:NLL: 0.0696, L2: 0.0254, Reg: 0.0439
INFO:__main__:Total loss 0.1388
INFO:__main__:Predicted mean: -0.4046
INFO:__main__:Predicted uncertainity -0.6436
INFO:__main__:Completed epoch 64 of 100

INFO:__main__:NLL: 0.0624, L2: 0.0263, Reg: 0.0442
INFO:__main__:Total loss 0.1329
INFO:__main__:Predicted mean: -0.3600
INFO:__main__:Predicted uncertainity -0.6083
INFO:__main__:Completed epoch 65 of 100

INFO:__main__:NLL: 0.1673, L2: 0.0250, Reg: 0.0480
INFO:__main__:Total loss 0.2402
INFO:__main__:Predicted mean: -0.4374
INFO:__main__:Predicted uncertainity -0.6660
INFO:__main__:Completed epoch 66 of 100

INFO:__main__:NLL: 0.1333, L2: 0.0251, Reg: 0.0375
INFO:__main__:Total loss 0.1958
INFO:__main__:Predicted mean: -0.3882
INFO:__main__:Predicted uncertainity -0.6041
INFO:__main__:Completed epoch 67 of 100

INFO:__main__:NLL: 0.0779, L2: 0.0266, Reg: 0.0491
INFO:__main__:Total loss 0.1536
INFO:__main__:Predicted mean: -0.3831
INFO:__main__:Predicted uncertainity -0.5910
INFO:__main__:Completed epoch 68 of 100

INFO:__main__:NLL: 0.0381, L2: 0.0257, Reg: 0.0518
INFO:__main__:Total loss 0.1157
INFO:__main__:Predicted mean: -0.3792
INFO:__main__:Predicted uncertainity -0.6665
INFO:__main__:Completed epoch 69 of 100

INFO:__main__:NLL: 0.3418, L2: 0.0267, Reg: 0.0551
INFO:__main__:Total loss 0.4236
INFO:__main__:Predicted mean: -0.4582
INFO:__main__:Predicted uncertainity -0.5956
INFO:__main__:Completed epoch 70 of 100

INFO:__main__:NLL: -0.0274, L2: 0.0262, Reg: 0.0476
INFO:__main__:Total loss 0.0464
INFO:__main__:Predicted mean: -0.4273
INFO:__main__:Predicted uncertainity -0.6264
INFO:__main__:Completed epoch 71 of 100

INFO:__main__:NLL: 0.2352, L2: 0.0259, Reg: 0.0644
INFO:__main__:Total loss 0.3255
INFO:__main__:Predicted mean: -0.3858
INFO:__main__:Predicted uncertainity -0.7145
INFO:__main__:Completed epoch 72 of 100

INFO:__main__:NLL: 0.3637, L2: 0.0272, Reg: 0.0428
INFO:__main__:Total loss 0.4337
INFO:__main__:Predicted mean: -0.4442
INFO:__main__:Predicted uncertainity -0.6522
INFO:__main__:Completed epoch 73 of 100

INFO:__main__:NLL: 0.0498, L2: 0.0264, Reg: 0.0575
INFO:__main__:Total loss 0.1337
INFO:__main__:Predicted mean: -0.4000
INFO:__main__:Predicted uncertainity -0.6491
INFO:__main__:Completed epoch 74 of 100

INFO:__main__:NLL: 0.1025, L2: 0.0260, Reg: 0.0481
INFO:__main__:Total loss 0.1766
INFO:__main__:Predicted mean: -0.4111
INFO:__main__:Predicted uncertainity -0.6111
INFO:__main__:Completed epoch 75 of 100

INFO:__main__:NLL: 0.1533, L2: 0.0250, Reg: 0.0410
INFO:__main__:Total loss 0.2193
INFO:__main__:Predicted mean: -0.4530
INFO:__main__:Predicted uncertainity -0.6019
INFO:__main__:Completed epoch 76 of 100

INFO:__main__:NLL: 0.2040, L2: 0.0248, Reg: 0.0430
INFO:__main__:Total loss 0.2718
INFO:__main__:Predicted mean: -0.4332
INFO:__main__:Predicted uncertainity -0.5935
INFO:__main__:Completed epoch 77 of 100

INFO:__main__:NLL: 0.1817, L2: 0.0257, Reg: 0.0531
INFO:__main__:Total loss 0.2606
INFO:__main__:Predicted mean: -0.3723
INFO:__main__:Predicted uncertainity -0.6250
INFO:__main__:Completed epoch 78 of 100

INFO:__main__:NLL: 0.1373, L2: 0.0236, Reg: 0.0344
INFO:__main__:Total loss 0.1953
INFO:__main__:Predicted mean: -0.3859
INFO:__main__:Predicted uncertainity -0.6123
INFO:__main__:Completed epoch 79 of 100

INFO:__main__:NLL: 0.0911, L2: 0.0266, Reg: 0.0567
INFO:__main__:Total loss 0.1743
INFO:__main__:Predicted mean: -0.3876
INFO:__main__:Predicted uncertainity -0.5465
INFO:__main__:Completed epoch 80 of 100

INFO:__main__:NLL: 0.1236, L2: 0.0260, Reg: 0.0435
INFO:__main__:Total loss 0.1931
INFO:__main__:Predicted mean: -0.4087
INFO:__main__:Predicted uncertainity -0.5831
INFO:__main__:Completed epoch 81 of 100

INFO:__main__:NLL: 0.1485, L2: 0.0245, Reg: 0.0400
INFO:__main__:Total loss 0.2130
INFO:__main__:Predicted mean: -0.4265
INFO:__main__:Predicted uncertainity -0.6353
INFO:__main__:Completed epoch 82 of 100

INFO:__main__:NLL: 0.0809, L2: 0.0250, Reg: 0.0473
INFO:__main__:Total loss 0.1531
INFO:__main__:Predicted mean: -0.4355
INFO:__main__:Predicted uncertainity -0.6413
INFO:__main__:Completed epoch 83 of 100

INFO:__main__:NLL: 0.2684, L2: 0.0246, Reg: 0.0423
INFO:__main__:Total loss 0.3353
INFO:__main__:Predicted mean: -0.3797
INFO:__main__:Predicted uncertainity -0.5846
INFO:__main__:Completed epoch 84 of 100

INFO:__main__:NLL: 0.1505, L2: 0.0248, Reg: 0.0408
INFO:__main__:Total loss 0.2161
INFO:__main__:Predicted mean: -0.3929
INFO:__main__:Predicted uncertainity -0.5653
INFO:__main__:Completed epoch 85 of 100

INFO:__main__:NLL: -0.0020, L2: 0.0253, Reg: 0.0477
INFO:__main__:Total loss 0.0710
INFO:__main__:Predicted mean: -0.4207
INFO:__main__:Predicted uncertainity -0.6850
INFO:__main__:Completed epoch 86 of 100

INFO:__main__:NLL: 0.1392, L2: 0.0248, Reg: 0.0431
INFO:__main__:Total loss 0.2070
INFO:__main__:Predicted mean: -0.4335
INFO:__main__:Predicted uncertainity -0.6047
INFO:__main__:Completed epoch 87 of 100

INFO:__main__:NLL: 0.0644, L2: 0.0265, Reg: 0.0393
INFO:__main__:Total loss 0.1302
INFO:__main__:Predicted mean: -0.3813
INFO:__main__:Predicted uncertainity -0.5752
INFO:__main__:Completed epoch 88 of 100

INFO:__main__:NLL: 0.0647, L2: 0.0254, Reg: 0.0431
INFO:__main__:Total loss 0.1332
INFO:__main__:Predicted mean: -0.3512
INFO:__main__:Predicted uncertainity -0.6313
INFO:__main__:Completed epoch 89 of 100

INFO:__main__:NLL: 0.1879, L2: 0.0260, Reg: 0.0504
INFO:__main__:Total loss 0.2643
INFO:__main__:Predicted mean: -0.3979
INFO:__main__:Predicted uncertainity -0.6391
INFO:__main__:Completed epoch 90 of 100

INFO:__main__:NLL: 0.1473, L2: 0.0253, Reg: 0.0547
INFO:__main__:Total loss 0.2273
INFO:__main__:Predicted mean: -0.4535
INFO:__main__:Predicted uncertainity -0.6823
INFO:__main__:Completed epoch 91 of 100

INFO:__main__:NLL: 0.1133, L2: 0.0257, Reg: 0.0580
INFO:__main__:Total loss 0.1970
INFO:__main__:Predicted mean: -0.4078
INFO:__main__:Predicted uncertainity -0.7125
INFO:__main__:Completed epoch 92 of 100

INFO:__main__:NLL: 0.1284, L2: 0.0268, Reg: 0.0455
INFO:__main__:Total loss 0.2007
INFO:__main__:Predicted mean: -0.4164
INFO:__main__:Predicted uncertainity -0.5914
INFO:__main__:Completed epoch 93 of 100

INFO:__main__:NLL: 0.1246, L2: 0.0257, Reg: 0.0399
INFO:__main__:Total loss 0.1902
INFO:__main__:Predicted mean: -0.3835
INFO:__main__:Predicted uncertainity -0.5634
INFO:__main__:Completed epoch 94 of 100

INFO:__main__:NLL: 0.1606, L2: 0.0232, Reg: 0.0338
INFO:__main__:Total loss 0.2176
INFO:__main__:Predicted mean: -0.4162
INFO:__main__:Predicted uncertainity -0.5735
INFO:__main__:Completed epoch 95 of 100

INFO:__main__:NLL: 0.2243, L2: 0.0235, Reg: 0.0468
INFO:__main__:Total loss 0.2946
INFO:__main__:Predicted mean: -0.4281
INFO:__main__:Predicted uncertainity -0.6907
INFO:__main__:Completed epoch 96 of 100

INFO:__main__:NLL: 0.1306, L2: 0.0227, Reg: 0.0344
INFO:__main__:Total loss 0.1877
INFO:__main__:Predicted mean: -0.3874
INFO:__main__:Predicted uncertainity -0.6262
INFO:__main__:Completed epoch 97 of 100

INFO:__main__:NLL: 0.1258, L2: 0.0259, Reg: 0.0478
INFO:__main__:Total loss 0.1995
INFO:__main__:Predicted mean: -0.4050
INFO:__main__:Predicted uncertainity -0.6147
INFO:__main__:Completed epoch 98 of 100

INFO:__main__:NLL: 0.1665, L2: 0.0271, Reg: 0.0594
INFO:__main__:Total loss 0.2530
INFO:__main__:Predicted mean: -0.4351
INFO:__main__:Predicted uncertainity -0.7015
INFO:__main__:Completed epoch 99 of 100

INFO:__main__:NLL: 0.2350, L2: 0.0254, Reg: 0.0499
INFO:__main__:Total loss 0.3103
INFO:__main__:Predicted mean: -0.4322
INFO:__main__:Predicted uncertainity -0.6829
INFO:__main__:Completed epoch 100 of 100

INFO:__main__:990.399495 s
