INFO:__main__:PROCESS RUNNING ON cpu
INFO:__main__:NLL: 0.0446, L2: 0.0068, Reg: 0.0567
INFO:__main__:Total loss 0.1081
INFO:__main__:Predicted mean: -0.4504
INFO:__main__:Predicted uncertainity -0.7670
INFO:__main__:Completed epoch 1 of 100

INFO:__main__:NLL: 0.1045, L2: 0.0075, Reg: 0.0567
INFO:__main__:Total loss 0.1687
INFO:__main__:Predicted mean: -0.3745
INFO:__main__:Predicted uncertainity -0.7838
INFO:__main__:Completed epoch 2 of 100

INFO:__main__:NLL: 0.1038, L2: 0.0078, Reg: 0.0567
INFO:__main__:Total loss 0.1683
INFO:__main__:Predicted mean: -0.3907
INFO:__main__:Predicted uncertainity -0.6860
INFO:__main__:Completed epoch 3 of 100

INFO:__main__:NLL: -0.1533, L2: 0.0080, Reg: 0.0567
INFO:__main__:Total loss -0.0886
INFO:__main__:Predicted mean: -0.4495
INFO:__main__:Predicted uncertainity -0.8677
INFO:__main__:Completed epoch 4 of 100

INFO:__main__:NLL: 0.2467, L2: 0.0079, Reg: 0.0567
INFO:__main__:Total loss 0.3114
INFO:__main__:Predicted mean: -0.3654
INFO:__main__:Predicted uncertainity -0.7674
INFO:__main__:Completed epoch 5 of 100

INFO:__main__:NLL: 0.0318, L2: 0.0081, Reg: 0.0567
INFO:__main__:Total loss 0.0966
INFO:__main__:Predicted mean: -0.3361
INFO:__main__:Predicted uncertainity -0.6529
INFO:__main__:Completed epoch 6 of 100

INFO:__main__:NLL: -0.0632, L2: 0.0084, Reg: 0.0567
INFO:__main__:Total loss 0.0019
INFO:__main__:Predicted mean: -0.3576
INFO:__main__:Predicted uncertainity -0.7485
INFO:__main__:Completed epoch 7 of 100

INFO:__main__:NLL: 0.2387, L2: 0.0089, Reg: 0.0567
INFO:__main__:Total loss 0.3043
INFO:__main__:Predicted mean: -0.4629
INFO:__main__:Predicted uncertainity -0.7688
INFO:__main__:Completed epoch 8 of 100

INFO:__main__:NLL: 0.0263, L2: 0.0089, Reg: 0.0567
INFO:__main__:Total loss 0.0919
INFO:__main__:Predicted mean: -0.4087
INFO:__main__:Predicted uncertainity -0.8179
INFO:__main__:Completed epoch 9 of 100

INFO:__main__:NLL: 0.2300, L2: 0.0085, Reg: 0.0567
INFO:__main__:Total loss 0.2952
INFO:__main__:Predicted mean: -0.3695
INFO:__main__:Predicted uncertainity -0.7782
INFO:__main__:Completed epoch 10 of 100

INFO:__main__:NLL: 0.0530, L2: 0.0091, Reg: 0.0567
INFO:__main__:Total loss 0.1188
INFO:__main__:Predicted mean: -0.4122
INFO:__main__:Predicted uncertainity -0.7623
INFO:__main__:Completed epoch 11 of 100

INFO:__main__:NLL: 0.1336, L2: 0.0085, Reg: 0.0567
INFO:__main__:Total loss 0.1988
INFO:__main__:Predicted mean: -0.4209
INFO:__main__:Predicted uncertainity -0.6821
INFO:__main__:Completed epoch 12 of 100

INFO:__main__:NLL: 0.0076, L2: 0.0086, Reg: 0.0567
INFO:__main__:Total loss 0.0730
INFO:__main__:Predicted mean: -0.3702
INFO:__main__:Predicted uncertainity -0.7045
INFO:__main__:Completed epoch 13 of 100

INFO:__main__:NLL: 0.0560, L2: 0.0085, Reg: 0.0567
INFO:__main__:Total loss 0.1212
INFO:__main__:Predicted mean: -0.3633
INFO:__main__:Predicted uncertainity -0.7223
INFO:__main__:Completed epoch 14 of 100

INFO:__main__:NLL: 0.0813, L2: 0.0086, Reg: 0.0567
INFO:__main__:Total loss 0.1466
INFO:__main__:Predicted mean: -0.3314
INFO:__main__:Predicted uncertainity -0.8327
INFO:__main__:Completed epoch 15 of 100

INFO:__main__:NLL: 0.0997, L2: 0.0080, Reg: 0.0567
INFO:__main__:Total loss 0.1644
INFO:__main__:Predicted mean: -0.4077
INFO:__main__:Predicted uncertainity -0.7457
INFO:__main__:Completed epoch 16 of 100

INFO:__main__:NLL: 0.0011, L2: 0.0089, Reg: 0.0567
INFO:__main__:Total loss 0.0667
INFO:__main__:Predicted mean: -0.3640
INFO:__main__:Predicted uncertainity -0.8576
INFO:__main__:Completed epoch 17 of 100

INFO:__main__:NLL: 0.0803, L2: 0.0089, Reg: 0.0567
INFO:__main__:Total loss 0.1459
INFO:__main__:Predicted mean: -0.3612
INFO:__main__:Predicted uncertainity -0.7238
INFO:__main__:Completed epoch 18 of 100

INFO:__main__:NLL: -0.0372, L2: 0.0082, Reg: 0.0567
INFO:__main__:Total loss 0.0277
INFO:__main__:Predicted mean: -0.3489
INFO:__main__:Predicted uncertainity -0.7628
INFO:__main__:Completed epoch 19 of 100

INFO:__main__:NLL: 0.0241, L2: 0.0084, Reg: 0.0567
INFO:__main__:Total loss 0.0892
INFO:__main__:Predicted mean: -0.4077
INFO:__main__:Predicted uncertainity -0.7468
INFO:__main__:Completed epoch 20 of 100

INFO:__main__:NLL: 0.1019, L2: 0.0084, Reg: 0.0567
INFO:__main__:Total loss 0.1670
INFO:__main__:Predicted mean: -0.3737
INFO:__main__:Predicted uncertainity -0.6872
INFO:__main__:Completed epoch 21 of 100

INFO:__main__:NLL: 0.1154, L2: 0.0085, Reg: 0.0567
INFO:__main__:Total loss 0.1806
INFO:__main__:Predicted mean: -0.3745
INFO:__main__:Predicted uncertainity -0.8058
INFO:__main__:Completed epoch 22 of 100

INFO:__main__:NLL: 0.4563, L2: 0.0083, Reg: 0.0567
INFO:__main__:Total loss 0.5214
INFO:__main__:Predicted mean: -0.3613
INFO:__main__:Predicted uncertainity -0.8077
INFO:__main__:Completed epoch 23 of 100

INFO:__main__:NLL: -0.0197, L2: 0.0083, Reg: 0.0567
INFO:__main__:Total loss 0.0453
INFO:__main__:Predicted mean: -0.3585
INFO:__main__:Predicted uncertainity -0.7081
INFO:__main__:Completed epoch 24 of 100

INFO:__main__:NLL: 0.0749, L2: 0.0088, Reg: 0.0567
INFO:__main__:Total loss 0.1404
INFO:__main__:Predicted mean: -0.3637
INFO:__main__:Predicted uncertainity -0.7095
INFO:__main__:Completed epoch 25 of 100

INFO:__main__:NLL: 0.2022, L2: 0.0083, Reg: 0.0567
INFO:__main__:Total loss 0.2672
INFO:__main__:Predicted mean: -0.3871
INFO:__main__:Predicted uncertainity -0.6692
INFO:__main__:Completed epoch 26 of 100

INFO:__main__:NLL: 0.0890, L2: 0.0084, Reg: 0.0567
INFO:__main__:Total loss 0.1541
INFO:__main__:Predicted mean: -0.3400
INFO:__main__:Predicted uncertainity -0.7018
INFO:__main__:Completed epoch 27 of 100

INFO:__main__:NLL: -0.0322, L2: 0.0086, Reg: 0.0567
INFO:__main__:Total loss 0.0331
INFO:__main__:Predicted mean: -0.3602
INFO:__main__:Predicted uncertainity -0.8534
INFO:__main__:Completed epoch 28 of 100

INFO:__main__:NLL: 0.1026, L2: 0.0087, Reg: 0.0567
INFO:__main__:Total loss 0.1680
INFO:__main__:Predicted mean: -0.3713
INFO:__main__:Predicted uncertainity -0.7598
INFO:__main__:Completed epoch 29 of 100

INFO:__main__:NLL: 0.0830, L2: 0.0085, Reg: 0.0567
INFO:__main__:Total loss 0.1482
INFO:__main__:Predicted mean: -0.3861
INFO:__main__:Predicted uncertainity -0.7372
INFO:__main__:Completed epoch 30 of 100

INFO:__main__:NLL: -0.0986, L2: 0.0090, Reg: 0.0567
INFO:__main__:Total loss -0.0329
INFO:__main__:Predicted mean: -0.3167
INFO:__main__:Predicted uncertainity -0.7735
INFO:__main__:Completed epoch 31 of 100

INFO:__main__:NLL: 0.0193, L2: 0.0088, Reg: 0.0567
INFO:__main__:Total loss 0.0849
INFO:__main__:Predicted mean: -0.3417
INFO:__main__:Predicted uncertainity -0.8043
INFO:__main__:Completed epoch 32 of 100

INFO:__main__:NLL: 0.2090, L2: 0.0082, Reg: 0.0567
INFO:__main__:Total loss 0.2739
INFO:__main__:Predicted mean: -0.4376
INFO:__main__:Predicted uncertainity -0.8147
INFO:__main__:Completed epoch 33 of 100

INFO:__main__:NLL: 0.1729, L2: 0.0087, Reg: 0.0567
INFO:__main__:Total loss 0.2383
INFO:__main__:Predicted mean: -0.3625
INFO:__main__:Predicted uncertainity -0.6922
INFO:__main__:Completed epoch 34 of 100

INFO:__main__:NLL: 0.0624, L2: 0.0088, Reg: 0.0567
INFO:__main__:Total loss 0.1279
INFO:__main__:Predicted mean: -0.3799
INFO:__main__:Predicted uncertainity -0.7947
INFO:__main__:Completed epoch 35 of 100

INFO:__main__:NLL: 0.0896, L2: 0.0086, Reg: 0.0567
INFO:__main__:Total loss 0.1549
INFO:__main__:Predicted mean: -0.3368
INFO:__main__:Predicted uncertainity -0.8346
INFO:__main__:Completed epoch 36 of 100

INFO:__main__:NLL: 0.3519, L2: 0.0085, Reg: 0.0567
INFO:__main__:Total loss 0.4171
INFO:__main__:Predicted mean: -0.4229
INFO:__main__:Predicted uncertainity -0.7414
INFO:__main__:Completed epoch 37 of 100

INFO:__main__:NLL: -0.0634, L2: 0.0086, Reg: 0.0567
INFO:__main__:Total loss 0.0019
INFO:__main__:Predicted mean: -0.3369
INFO:__main__:Predicted uncertainity -0.8536
INFO:__main__:Completed epoch 38 of 100

INFO:__main__:NLL: 0.1475, L2: 0.0089, Reg: 0.0567
INFO:__main__:Total loss 0.2131
INFO:__main__:Predicted mean: -0.4651
INFO:__main__:Predicted uncertainity -0.8021
INFO:__main__:Completed epoch 39 of 100

INFO:__main__:NLL: -0.0095, L2: 0.0089, Reg: 0.0567
INFO:__main__:Total loss 0.0560
INFO:__main__:Predicted mean: -0.3817
INFO:__main__:Predicted uncertainity -0.6967
INFO:__main__:Completed epoch 40 of 100

INFO:__main__:NLL: 0.0766, L2: 0.0088, Reg: 0.0567
INFO:__main__:Total loss 0.1421
INFO:__main__:Predicted mean: -0.3231
INFO:__main__:Predicted uncertainity -0.6808
INFO:__main__:Completed epoch 41 of 100

INFO:__main__:NLL: 0.4020, L2: 0.0084, Reg: 0.0567
INFO:__main__:Total loss 0.4671
INFO:__main__:Predicted mean: -0.4333
INFO:__main__:Predicted uncertainity -0.8271
INFO:__main__:Completed epoch 42 of 100

INFO:__main__:NLL: 0.0296, L2: 0.0087, Reg: 0.0567
INFO:__main__:Total loss 0.0951
INFO:__main__:Predicted mean: -0.3691
INFO:__main__:Predicted uncertainity -0.7312
INFO:__main__:Completed epoch 43 of 100

INFO:__main__:NLL: 0.0396, L2: 0.0090, Reg: 0.0567
INFO:__main__:Total loss 0.1053
INFO:__main__:Predicted mean: -0.3458
INFO:__main__:Predicted uncertainity -0.7272
INFO:__main__:Completed epoch 44 of 100

INFO:__main__:NLL: 0.1571, L2: 0.0089, Reg: 0.0567
INFO:__main__:Total loss 0.2227
INFO:__main__:Predicted mean: -0.3605
INFO:__main__:Predicted uncertainity -0.7875
INFO:__main__:Completed epoch 45 of 100

INFO:__main__:NLL: 0.0925, L2: 0.0089, Reg: 0.0567
INFO:__main__:Total loss 0.1582
INFO:__main__:Predicted mean: -0.3727
INFO:__main__:Predicted uncertainity -0.7208
INFO:__main__:Completed epoch 46 of 100

INFO:__main__:NLL: -0.0185, L2: 0.0079, Reg: 0.0567
INFO:__main__:Total loss 0.0462
INFO:__main__:Predicted mean: -0.3999
INFO:__main__:Predicted uncertainity -0.7170
INFO:__main__:Completed epoch 47 of 100

INFO:__main__:NLL: 0.3516, L2: 0.0085, Reg: 0.0567
INFO:__main__:Total loss 0.4168
INFO:__main__:Predicted mean: -0.3937
INFO:__main__:Predicted uncertainity -0.6735
INFO:__main__:Completed epoch 48 of 100

INFO:__main__:NLL: 0.0608, L2: 0.0089, Reg: 0.0567
INFO:__main__:Total loss 0.1264
INFO:__main__:Predicted mean: -0.3644
INFO:__main__:Predicted uncertainity -0.8106
INFO:__main__:Completed epoch 49 of 100

INFO:__main__:NLL: -0.0079, L2: 0.0088, Reg: 0.0567
INFO:__main__:Total loss 0.0576
INFO:__main__:Predicted mean: -0.4102
INFO:__main__:Predicted uncertainity -0.6905
INFO:__main__:Completed epoch 50 of 100

INFO:__main__:NLL: 0.1792, L2: 0.0086, Reg: 0.0567
INFO:__main__:Total loss 0.2446
INFO:__main__:Predicted mean: -0.4334
INFO:__main__:Predicted uncertainity -0.8005
INFO:__main__:Completed epoch 51 of 100

INFO:__main__:NLL: 0.1203, L2: 0.0084, Reg: 0.0567
INFO:__main__:Total loss 0.1855
INFO:__main__:Predicted mean: -0.3983
INFO:__main__:Predicted uncertainity -0.7442
INFO:__main__:Completed epoch 52 of 100

INFO:__main__:NLL: 0.2311, L2: 0.0083, Reg: 0.0567
INFO:__main__:Total loss 0.2961
INFO:__main__:Predicted mean: -0.4034
INFO:__main__:Predicted uncertainity -0.6782
INFO:__main__:Completed epoch 53 of 100

INFO:__main__:NLL: 0.0587, L2: 0.0094, Reg: 0.0567
INFO:__main__:Total loss 0.1248
INFO:__main__:Predicted mean: -0.3694
INFO:__main__:Predicted uncertainity -0.7575
INFO:__main__:Completed epoch 54 of 100

INFO:__main__:NLL: 0.1703, L2: 0.0093, Reg: 0.0567
INFO:__main__:Total loss 0.2363
INFO:__main__:Predicted mean: -0.4058
INFO:__main__:Predicted uncertainity -0.7736
INFO:__main__:Completed epoch 55 of 100

INFO:__main__:NLL: 0.1142, L2: 0.0091, Reg: 0.0567
INFO:__main__:Total loss 0.1800
INFO:__main__:Predicted mean: -0.3697
INFO:__main__:Predicted uncertainity -0.7182
INFO:__main__:Completed epoch 56 of 100

INFO:__main__:NLL: 0.1178, L2: 0.0085, Reg: 0.0567
INFO:__main__:Total loss 0.1831
INFO:__main__:Predicted mean: -0.3318
INFO:__main__:Predicted uncertainity -0.8623
INFO:__main__:Completed epoch 57 of 100

INFO:__main__:NLL: 0.1344, L2: 0.0088, Reg: 0.0567
INFO:__main__:Total loss 0.1999
INFO:__main__:Predicted mean: -0.3711
INFO:__main__:Predicted uncertainity -0.7483
INFO:__main__:Completed epoch 58 of 100

INFO:__main__:NLL: 0.0884, L2: 0.0089, Reg: 0.0567
INFO:__main__:Total loss 0.1540
INFO:__main__:Predicted mean: -0.3671
INFO:__main__:Predicted uncertainity -0.7606
INFO:__main__:Completed epoch 59 of 100

INFO:__main__:NLL: 0.0217, L2: 0.0085, Reg: 0.0567
INFO:__main__:Total loss 0.0869
INFO:__main__:Predicted mean: -0.4045
INFO:__main__:Predicted uncertainity -0.6229
INFO:__main__:Completed epoch 60 of 100

INFO:__main__:NLL: -0.0036, L2: 0.0089, Reg: 0.0567
INFO:__main__:Total loss 0.0620
INFO:__main__:Predicted mean: -0.3873
INFO:__main__:Predicted uncertainity -0.6303
INFO:__main__:Completed epoch 61 of 100

INFO:__main__:NLL: 0.1298, L2: 0.0084, Reg: 0.0567
INFO:__main__:Total loss 0.1949
INFO:__main__:Predicted mean: -0.3607
INFO:__main__:Predicted uncertainity -0.7235
INFO:__main__:Completed epoch 62 of 100

INFO:__main__:NLL: 0.0449, L2: 0.0088, Reg: 0.0567
INFO:__main__:Total loss 0.1105
INFO:__main__:Predicted mean: -0.3074
INFO:__main__:Predicted uncertainity -0.7924
INFO:__main__:Completed epoch 63 of 100

INFO:__main__:NLL: 0.1854, L2: 0.0090, Reg: 0.0567
INFO:__main__:Total loss 0.2512
INFO:__main__:Predicted mean: -0.4004
INFO:__main__:Predicted uncertainity -0.8621
INFO:__main__:Completed epoch 64 of 100

INFO:__main__:NLL: -0.0331, L2: 0.0090, Reg: 0.0567
INFO:__main__:Total loss 0.0326
INFO:__main__:Predicted mean: -0.4494
INFO:__main__:Predicted uncertainity -0.7485
INFO:__main__:Completed epoch 65 of 100

INFO:__main__:NLL: 0.1204, L2: 0.0086, Reg: 0.0567
INFO:__main__:Total loss 0.1857
INFO:__main__:Predicted mean: -0.3522
INFO:__main__:Predicted uncertainity -0.7375
INFO:__main__:Completed epoch 66 of 100

INFO:__main__:NLL: 0.1004, L2: 0.0083, Reg: 0.0567
INFO:__main__:Total loss 0.1655
INFO:__main__:Predicted mean: -0.4492
INFO:__main__:Predicted uncertainity -0.7846
INFO:__main__:Completed epoch 67 of 100

INFO:__main__:NLL: 0.1241, L2: 0.0085, Reg: 0.0567
INFO:__main__:Total loss 0.1892
INFO:__main__:Predicted mean: -0.3611
INFO:__main__:Predicted uncertainity -0.7466
INFO:__main__:Completed epoch 68 of 100

INFO:__main__:NLL: 0.1208, L2: 0.0083, Reg: 0.0567
INFO:__main__:Total loss 0.1858
INFO:__main__:Predicted mean: -0.3502
INFO:__main__:Predicted uncertainity -0.7833
INFO:__main__:Completed epoch 69 of 100

INFO:__main__:NLL: -0.0603, L2: 0.0085, Reg: 0.0567
INFO:__main__:Total loss 0.0049
INFO:__main__:Predicted mean: -0.3660
INFO:__main__:Predicted uncertainity -0.7615
INFO:__main__:Completed epoch 70 of 100

INFO:__main__:NLL: 0.1690, L2: 0.0091, Reg: 0.0567
INFO:__main__:Total loss 0.2348
INFO:__main__:Predicted mean: -0.3696
INFO:__main__:Predicted uncertainity -0.7261
INFO:__main__:Completed epoch 71 of 100

INFO:__main__:NLL: 0.0318, L2: 0.0089, Reg: 0.0567
INFO:__main__:Total loss 0.0974
INFO:__main__:Predicted mean: -0.3324
INFO:__main__:Predicted uncertainity -0.6861
INFO:__main__:Completed epoch 72 of 100

INFO:__main__:NLL: -0.0200, L2: 0.0088, Reg: 0.0567
INFO:__main__:Total loss 0.0455
INFO:__main__:Predicted mean: -0.3961
INFO:__main__:Predicted uncertainity -0.6475
INFO:__main__:Completed epoch 73 of 100

INFO:__main__:NLL: 0.0966, L2: 0.0084, Reg: 0.0567
INFO:__main__:Total loss 0.1617
INFO:__main__:Predicted mean: -0.3942
INFO:__main__:Predicted uncertainity -0.9140
INFO:__main__:Completed epoch 74 of 100

INFO:__main__:NLL: 0.0919, L2: 0.0083, Reg: 0.0567
INFO:__main__:Total loss 0.1569
INFO:__main__:Predicted mean: -0.4220
INFO:__main__:Predicted uncertainity -0.6960
INFO:__main__:Completed epoch 75 of 100

INFO:__main__:NLL: 0.0439, L2: 0.0088, Reg: 0.0567
INFO:__main__:Total loss 0.1095
INFO:__main__:Predicted mean: -0.3841
INFO:__main__:Predicted uncertainity -0.7269
INFO:__main__:Completed epoch 76 of 100

INFO:__main__:NLL: 0.1291, L2: 0.0092, Reg: 0.0567
INFO:__main__:Total loss 0.1949
INFO:__main__:Predicted mean: -0.3433
INFO:__main__:Predicted uncertainity -0.6526
INFO:__main__:Completed epoch 77 of 100

INFO:__main__:NLL: 0.0343, L2: 0.0082, Reg: 0.0567
INFO:__main__:Total loss 0.0993
INFO:__main__:Predicted mean: -0.3841
INFO:__main__:Predicted uncertainity -0.7889
INFO:__main__:Completed epoch 78 of 100

INFO:__main__:NLL: 0.1058, L2: 0.0088, Reg: 0.0567
INFO:__main__:Total loss 0.1713
INFO:__main__:Predicted mean: -0.3528
INFO:__main__:Predicted uncertainity -0.7241
INFO:__main__:Completed epoch 79 of 100

INFO:__main__:NLL: 0.0325, L2: 0.0086, Reg: 0.0567
INFO:__main__:Total loss 0.0979
INFO:__main__:Predicted mean: -0.3829
INFO:__main__:Predicted uncertainity -0.6624
INFO:__main__:Completed epoch 80 of 100

INFO:__main__:NLL: -0.0141, L2: 0.0090, Reg: 0.0567
INFO:__main__:Total loss 0.0516
INFO:__main__:Predicted mean: -0.3598
INFO:__main__:Predicted uncertainity -0.7001
INFO:__main__:Completed epoch 81 of 100

INFO:__main__:NLL: 0.1272, L2: 0.0087, Reg: 0.0567
INFO:__main__:Total loss 0.1926
INFO:__main__:Predicted mean: -0.3747
INFO:__main__:Predicted uncertainity -0.7072
INFO:__main__:Completed epoch 82 of 100

INFO:__main__:NLL: 0.2855, L2: 0.0087, Reg: 0.0567
INFO:__main__:Total loss 0.3510
INFO:__main__:Predicted mean: -0.4222
INFO:__main__:Predicted uncertainity -0.7560
INFO:__main__:Completed epoch 83 of 100

INFO:__main__:NLL: 0.0651, L2: 0.0091, Reg: 0.0567
INFO:__main__:Total loss 0.1310
INFO:__main__:Predicted mean: -0.3979
INFO:__main__:Predicted uncertainity -0.6183
INFO:__main__:Completed epoch 84 of 100

INFO:__main__:NLL: 0.1312, L2: 0.0088, Reg: 0.0567
INFO:__main__:Total loss 0.1967
INFO:__main__:Predicted mean: -0.3345
INFO:__main__:Predicted uncertainity -0.7084
INFO:__main__:Completed epoch 85 of 100

INFO:__main__:NLL: -0.0649, L2: 0.0083, Reg: 0.0567
INFO:__main__:Total loss 0.0001
INFO:__main__:Predicted mean: -0.3648
INFO:__main__:Predicted uncertainity -0.8035
INFO:__main__:Completed epoch 86 of 100

INFO:__main__:NLL: 0.0037, L2: 0.0083, Reg: 0.0567
INFO:__main__:Total loss 0.0687
INFO:__main__:Predicted mean: -0.4079
INFO:__main__:Predicted uncertainity -0.7166
INFO:__main__:Completed epoch 87 of 100

INFO:__main__:NLL: 0.1227, L2: 0.0088, Reg: 0.0567
INFO:__main__:Total loss 0.1882
INFO:__main__:Predicted mean: -0.3089
INFO:__main__:Predicted uncertainity -0.8212
INFO:__main__:Completed epoch 88 of 100

INFO:__main__:NLL: 0.2672, L2: 0.0087, Reg: 0.0567
INFO:__main__:Total loss 0.3327
INFO:__main__:Predicted mean: -0.2970
INFO:__main__:Predicted uncertainity -0.7299
INFO:__main__:Completed epoch 89 of 100

INFO:__main__:NLL: 0.1526, L2: 0.0085, Reg: 0.0567
INFO:__main__:Total loss 0.2179
INFO:__main__:Predicted mean: -0.3676
INFO:__main__:Predicted uncertainity -0.7099
INFO:__main__:Completed epoch 90 of 100

INFO:__main__:NLL: 0.1354, L2: 0.0085, Reg: 0.0567
INFO:__main__:Total loss 0.2005
INFO:__main__:Predicted mean: -0.3672
INFO:__main__:Predicted uncertainity -0.6949
INFO:__main__:Completed epoch 91 of 100

INFO:__main__:NLL: 0.0169, L2: 0.0088, Reg: 0.0567
INFO:__main__:Total loss 0.0825
INFO:__main__:Predicted mean: -0.3976
INFO:__main__:Predicted uncertainity -0.7461
INFO:__main__:Completed epoch 92 of 100

INFO:__main__:NLL: 0.2808, L2: 0.0089, Reg: 0.0567
INFO:__main__:Total loss 0.3465
INFO:__main__:Predicted mean: -0.3682
INFO:__main__:Predicted uncertainity -0.7252
INFO:__main__:Completed epoch 93 of 100

INFO:__main__:NLL: 0.2108, L2: 0.0089, Reg: 0.0567
INFO:__main__:Total loss 0.2764
INFO:__main__:Predicted mean: -0.3929
INFO:__main__:Predicted uncertainity -0.8187
INFO:__main__:Completed epoch 94 of 100

INFO:__main__:NLL: 0.1190, L2: 0.0085, Reg: 0.0567
INFO:__main__:Total loss 0.1842
INFO:__main__:Predicted mean: -0.3797
INFO:__main__:Predicted uncertainity -0.8110
INFO:__main__:Completed epoch 95 of 100

INFO:__main__:NLL: 0.1592, L2: 0.0084, Reg: 0.0567
INFO:__main__:Total loss 0.2243
INFO:__main__:Predicted mean: -0.3736
INFO:__main__:Predicted uncertainity -0.7822
INFO:__main__:Completed epoch 96 of 100

INFO:__main__:NLL: 0.2091, L2: 0.0085, Reg: 0.0567
INFO:__main__:Total loss 0.2744
INFO:__main__:Predicted mean: -0.3620
INFO:__main__:Predicted uncertainity -0.7349
INFO:__main__:Completed epoch 97 of 100

INFO:__main__:NLL: 0.0594, L2: 0.0086, Reg: 0.0567
INFO:__main__:Total loss 0.1247
INFO:__main__:Predicted mean: -0.3455
INFO:__main__:Predicted uncertainity -0.7357
INFO:__main__:Completed epoch 98 of 100

INFO:__main__:NLL: -0.1434, L2: 0.0087, Reg: 0.0567
INFO:__main__:Total loss -0.0780
INFO:__main__:Predicted mean: -0.3589
INFO:__main__:Predicted uncertainity -0.8536
INFO:__main__:Completed epoch 99 of 100

INFO:__main__:NLL: 0.1172, L2: 0.0083, Reg: 0.0567
INFO:__main__:Total loss 0.1822
INFO:__main__:Predicted mean: -0.3799
INFO:__main__:Predicted uncertainity -0.7976
INFO:__main__:Completed epoch 100 of 100

INFO:__main__:700.374989 s
