INFO:__main__:PROCESS RUNNING ON cpu
INFO:__main__:NLL: 0.3117, L2: 0.0195, Reg: 0.6780
INFO:__main__:Total loss 1.0092
INFO:__main__:Predicted mean: -0.0078
INFO:__main__:Predicted uncertainity 0.0116
INFO:__main__:Completed epoch 1 of 100

INFO:__main__:NLL: 0.3116, L2: 0.0174, Reg: 0.7267
INFO:__main__:Total loss 1.0557
INFO:__main__:Predicted mean: -0.0073
INFO:__main__:Predicted uncertainity 0.0110
INFO:__main__:Completed epoch 2 of 100

INFO:__main__:NLL: 0.3117, L2: 0.0203, Reg: 0.7634
INFO:__main__:Total loss 1.0954
INFO:__main__:Predicted mean: -0.0077
INFO:__main__:Predicted uncertainity 0.0115
INFO:__main__:Completed epoch 3 of 100

INFO:__main__:NLL: 0.3121, L2: 0.0314, Reg: 0.7997
INFO:__main__:Total loss 1.1432
INFO:__main__:Predicted mean: -0.0091
INFO:__main__:Predicted uncertainity 0.0149
INFO:__main__:Completed epoch 4 of 100

INFO:__main__:NLL: 0.3116, L2: 0.0210, Reg: 0.6175
INFO:__main__:Total loss 0.9501
INFO:__main__:Predicted mean: -0.0082
INFO:__main__:Predicted uncertainity 0.0115
INFO:__main__:Completed epoch 5 of 100

INFO:__main__:NLL: 0.3112, L2: 0.0175, Reg: 0.6944
INFO:__main__:Total loss 1.0231
INFO:__main__:Predicted mean: -0.0078
INFO:__main__:Predicted uncertainity 0.0091
INFO:__main__:Completed epoch 6 of 100

INFO:__main__:NLL: 0.3114, L2: 0.0235, Reg: 0.7552
INFO:__main__:Total loss 1.0901
INFO:__main__:Predicted mean: -0.0081
INFO:__main__:Predicted uncertainity 0.0105
INFO:__main__:Completed epoch 7 of 100

INFO:__main__:NLL: 0.3114, L2: 0.0247, Reg: 0.7705
INFO:__main__:Total loss 1.1066
INFO:__main__:Predicted mean: -0.0076
INFO:__main__:Predicted uncertainity 0.0098
INFO:__main__:Completed epoch 8 of 100

INFO:__main__:NLL: 0.3115, L2: 0.0327, Reg: 0.6866
INFO:__main__:Total loss 1.0307
INFO:__main__:Predicted mean: -0.0098
INFO:__main__:Predicted uncertainity 0.0125
INFO:__main__:Completed epoch 9 of 100

INFO:__main__:NLL: 0.3113, L2: 0.0301, Reg: 0.7232
INFO:__main__:Total loss 1.0645
INFO:__main__:Predicted mean: -0.0092
INFO:__main__:Predicted uncertainity 0.0109
INFO:__main__:Completed epoch 10 of 100

INFO:__main__:NLL: 0.3115, L2: 0.0300, Reg: 0.7196
INFO:__main__:Total loss 1.0611
INFO:__main__:Predicted mean: -0.0077
INFO:__main__:Predicted uncertainity 0.0106
INFO:__main__:Completed epoch 11 of 100

INFO:__main__:NLL: 0.3115, L2: 0.0328, Reg: 0.6048
INFO:__main__:Total loss 0.9491
INFO:__main__:Predicted mean: -0.0073
INFO:__main__:Predicted uncertainity 0.0100
INFO:__main__:Completed epoch 12 of 100

INFO:__main__:NLL: 0.3116, L2: 0.0428, Reg: 0.7591
INFO:__main__:Total loss 1.1135
INFO:__main__:Predicted mean: -0.0090
INFO:__main__:Predicted uncertainity 0.0125
INFO:__main__:Completed epoch 13 of 100

INFO:__main__:NLL: 0.3120, L2: 0.0422, Reg: 0.7540
INFO:__main__:Total loss 1.1082
INFO:__main__:Predicted mean: -0.0084
INFO:__main__:Predicted uncertainity 0.0137
INFO:__main__:Completed epoch 14 of 100

INFO:__main__:NLL: 0.3114, L2: 0.0365, Reg: 0.6889
INFO:__main__:Total loss 1.0369
INFO:__main__:Predicted mean: -0.0088
INFO:__main__:Predicted uncertainity 0.0111
INFO:__main__:Completed epoch 15 of 100

INFO:__main__:NLL: 0.3117, L2: 0.0398, Reg: 0.7935
INFO:__main__:Total loss 1.1450
INFO:__main__:Predicted mean: -0.0089
INFO:__main__:Predicted uncertainity 0.0127
INFO:__main__:Completed epoch 16 of 100

INFO:__main__:NLL: 0.3114, L2: 0.0446, Reg: 0.6124
INFO:__main__:Total loss 0.9684
INFO:__main__:Predicted mean: -0.0101
INFO:__main__:Predicted uncertainity 0.0123
INFO:__main__:Completed epoch 17 of 100

INFO:__main__:NLL: 0.3112, L2: 0.0372, Reg: 0.6915
INFO:__main__:Total loss 1.0399
INFO:__main__:Predicted mean: -0.0092
INFO:__main__:Predicted uncertainity 0.0103
INFO:__main__:Completed epoch 18 of 100

INFO:__main__:NLL: 0.3115, L2: 0.0425, Reg: 0.7985
INFO:__main__:Total loss 1.1525
INFO:__main__:Predicted mean: -0.0099
INFO:__main__:Predicted uncertainity 0.0126
INFO:__main__:Completed epoch 19 of 100

INFO:__main__:NLL: 0.3116, L2: 0.0459, Reg: 0.8193
INFO:__main__:Total loss 1.1769
INFO:__main__:Predicted mean: -0.0101
INFO:__main__:Predicted uncertainity 0.0136
INFO:__main__:Completed epoch 20 of 100

INFO:__main__:NLL: 0.3115, L2: 0.0372, Reg: 0.6590
INFO:__main__:Total loss 1.0077
INFO:__main__:Predicted mean: -0.0087
INFO:__main__:Predicted uncertainity 0.0116
INFO:__main__:Completed epoch 21 of 100

INFO:__main__:NLL: 0.3114, L2: 0.0381, Reg: 0.7307
INFO:__main__:Total loss 1.0802
INFO:__main__:Predicted mean: -0.0084
INFO:__main__:Predicted uncertainity 0.0110
INFO:__main__:Completed epoch 22 of 100

INFO:__main__:NLL: 0.3113, L2: 0.0385, Reg: 0.8223
INFO:__main__:Total loss 1.1721
INFO:__main__:Predicted mean: -0.0088
INFO:__main__:Predicted uncertainity 0.0105
INFO:__main__:Completed epoch 23 of 100

INFO:__main__:NLL: 0.3113, L2: 0.0410, Reg: 0.8308
INFO:__main__:Total loss 1.1830
INFO:__main__:Predicted mean: -0.0090
INFO:__main__:Predicted uncertainity 0.0106
INFO:__main__:Completed epoch 24 of 100

INFO:__main__:NLL: 0.3119, L2: 0.0395, Reg: 0.8738
INFO:__main__:Total loss 1.2252
INFO:__main__:Predicted mean: -0.0085
INFO:__main__:Predicted uncertainity 0.0135
INFO:__main__:Completed epoch 25 of 100

INFO:__main__:NLL: 0.3117, L2: 0.0425, Reg: 0.8645
INFO:__main__:Total loss 1.2186
INFO:__main__:Predicted mean: -0.0098
INFO:__main__:Predicted uncertainity 0.0136
INFO:__main__:Completed epoch 26 of 100

INFO:__main__:NLL: 0.3115, L2: 0.0379, Reg: 0.7048
INFO:__main__:Total loss 1.0541
INFO:__main__:Predicted mean: -0.0086
INFO:__main__:Predicted uncertainity 0.0113
INFO:__main__:Completed epoch 27 of 100

INFO:__main__:NLL: 0.3111, L2: 0.0353, Reg: 0.6722
INFO:__main__:Total loss 1.0186
INFO:__main__:Predicted mean: -0.0090
INFO:__main__:Predicted uncertainity 0.0098
INFO:__main__:Completed epoch 28 of 100

INFO:__main__:NLL: 0.3114, L2: 0.0379, Reg: 0.8789
INFO:__main__:Total loss 1.2282
INFO:__main__:Predicted mean: -0.0085
INFO:__main__:Predicted uncertainity 0.0111
INFO:__main__:Completed epoch 29 of 100

INFO:__main__:NLL: 0.3112, L2: 0.0341, Reg: 0.6011
INFO:__main__:Total loss 0.9465
INFO:__main__:Predicted mean: -0.0080
INFO:__main__:Predicted uncertainity 0.0096
INFO:__main__:Completed epoch 30 of 100

INFO:__main__:NLL: 0.3113, L2: 0.0434, Reg: 0.7508
INFO:__main__:Total loss 1.1055
INFO:__main__:Predicted mean: -0.0099
INFO:__main__:Predicted uncertainity 0.0115
INFO:__main__:Completed epoch 31 of 100

INFO:__main__:NLL: 0.3121, L2: 0.0492, Reg: 0.7751
INFO:__main__:Total loss 1.1364
INFO:__main__:Predicted mean: -0.0087
INFO:__main__:Predicted uncertainity 0.0146
INFO:__main__:Completed epoch 32 of 100

INFO:__main__:NLL: 0.3118, L2: 0.0402, Reg: 0.6799
INFO:__main__:Total loss 1.0318
INFO:__main__:Predicted mean: -0.0080
INFO:__main__:Predicted uncertainity 0.0122
INFO:__main__:Completed epoch 33 of 100

INFO:__main__:NLL: 0.3116, L2: 0.0415, Reg: 0.7974
INFO:__main__:Total loss 1.1504
INFO:__main__:Predicted mean: -0.0085
INFO:__main__:Predicted uncertainity 0.0118
INFO:__main__:Completed epoch 34 of 100

INFO:__main__:NLL: 0.3111, L2: 0.0370, Reg: 0.6603
INFO:__main__:Total loss 1.0083
INFO:__main__:Predicted mean: -0.0093
INFO:__main__:Predicted uncertainity 0.0099
INFO:__main__:Completed epoch 35 of 100

INFO:__main__:NLL: 0.3116, L2: 0.0430, Reg: 0.6871
INFO:__main__:Total loss 1.0417
INFO:__main__:Predicted mean: -0.0093
INFO:__main__:Predicted uncertainity 0.0127
INFO:__main__:Completed epoch 36 of 100

INFO:__main__:NLL: 0.3116, L2: 0.0356, Reg: 0.8123
INFO:__main__:Total loss 1.1595
INFO:__main__:Predicted mean: -0.0083
INFO:__main__:Predicted uncertainity 0.0117
INFO:__main__:Completed epoch 37 of 100

INFO:__main__:NLL: 0.3118, L2: 0.0454, Reg: 0.7605
INFO:__main__:Total loss 1.1178
INFO:__main__:Predicted mean: -0.0086
INFO:__main__:Predicted uncertainity 0.0130
INFO:__main__:Completed epoch 38 of 100

INFO:__main__:NLL: 0.3119, L2: 0.0442, Reg: 0.7127
INFO:__main__:Total loss 1.0687
INFO:__main__:Predicted mean: -0.0085
INFO:__main__:Predicted uncertainity 0.0133
INFO:__main__:Completed epoch 39 of 100

INFO:__main__:NLL: 0.3114, L2: 0.0415, Reg: 0.8552
INFO:__main__:Total loss 1.2082
INFO:__main__:Predicted mean: -0.0088
INFO:__main__:Predicted uncertainity 0.0113
INFO:__main__:Completed epoch 40 of 100

INFO:__main__:NLL: 0.3111, L2: 0.0313, Reg: 0.7630
INFO:__main__:Total loss 1.1054
INFO:__main__:Predicted mean: -0.0073
INFO:__main__:Predicted uncertainity 0.0082
INFO:__main__:Completed epoch 41 of 100

INFO:__main__:NLL: 0.3115, L2: 0.0354, Reg: 0.7204
INFO:__main__:Total loss 1.0674
INFO:__main__:Predicted mean: -0.0082
INFO:__main__:Predicted uncertainity 0.0111
INFO:__main__:Completed epoch 42 of 100

INFO:__main__:NLL: 0.3116, L2: 0.0410, Reg: 0.7719
INFO:__main__:Total loss 1.1244
INFO:__main__:Predicted mean: -0.0087
INFO:__main__:Predicted uncertainity 0.0121
INFO:__main__:Completed epoch 43 of 100

INFO:__main__:NLL: 0.3114, L2: 0.0301, Reg: 0.7191
INFO:__main__:Total loss 1.0606
INFO:__main__:Predicted mean: -0.0080
INFO:__main__:Predicted uncertainity 0.0104
INFO:__main__:Completed epoch 44 of 100

INFO:__main__:NLL: 0.3119, L2: 0.0455, Reg: 0.7289
INFO:__main__:Total loss 1.0863
INFO:__main__:Predicted mean: -0.0093
INFO:__main__:Predicted uncertainity 0.0141
INFO:__main__:Completed epoch 45 of 100

INFO:__main__:NLL: 0.3114, L2: 0.0289, Reg: 0.7425
INFO:__main__:Total loss 1.0828
INFO:__main__:Predicted mean: -0.0069
INFO:__main__:Predicted uncertainity 0.0091
INFO:__main__:Completed epoch 46 of 100

INFO:__main__:NLL: 0.3118, L2: 0.0432, Reg: 0.7353
INFO:__main__:Total loss 1.0903
INFO:__main__:Predicted mean: -0.0085
INFO:__main__:Predicted uncertainity 0.0126
INFO:__main__:Completed epoch 47 of 100

INFO:__main__:NLL: 0.3112, L2: 0.0452, Reg: 0.7507
INFO:__main__:Total loss 1.1071
INFO:__main__:Predicted mean: -0.0106
INFO:__main__:Predicted uncertainity 0.0116
INFO:__main__:Completed epoch 48 of 100

INFO:__main__:NLL: 0.3113, L2: 0.0436, Reg: 0.7479
INFO:__main__:Total loss 1.1029
INFO:__main__:Predicted mean: -0.0097
INFO:__main__:Predicted uncertainity 0.0116
INFO:__main__:Completed epoch 49 of 100

INFO:__main__:NLL: 0.3115, L2: 0.0361, Reg: 0.6781
INFO:__main__:Total loss 1.0257
INFO:__main__:Predicted mean: -0.0090
INFO:__main__:Predicted uncertainity 0.0118
INFO:__main__:Completed epoch 50 of 100

INFO:__main__:NLL: 0.3117, L2: 0.0396, Reg: 0.8195
INFO:__main__:Total loss 1.1708
INFO:__main__:Predicted mean: -0.0092
INFO:__main__:Predicted uncertainity 0.0129
INFO:__main__:Completed epoch 51 of 100

INFO:__main__:NLL: 0.3111, L2: 0.0322, Reg: 0.9170
INFO:__main__:Total loss 1.2603
INFO:__main__:Predicted mean: -0.0086
INFO:__main__:Predicted uncertainity 0.0093
INFO:__main__:Completed epoch 52 of 100

INFO:__main__:NLL: 0.3118, L2: 0.0385, Reg: 0.6920
INFO:__main__:Total loss 1.0423
INFO:__main__:Predicted mean: -0.0069
INFO:__main__:Predicted uncertainity 0.0114
INFO:__main__:Completed epoch 53 of 100

INFO:__main__:NLL: 0.3115, L2: 0.0458, Reg: 0.8015
INFO:__main__:Total loss 1.1588
INFO:__main__:Predicted mean: -0.0102
INFO:__main__:Predicted uncertainity 0.0127
INFO:__main__:Completed epoch 54 of 100

INFO:__main__:NLL: 0.3115, L2: 0.0368, Reg: 0.7027
INFO:__main__:Total loss 1.0511
INFO:__main__:Predicted mean: -0.0076
INFO:__main__:Predicted uncertainity 0.0107
INFO:__main__:Completed epoch 55 of 100

INFO:__main__:NLL: 0.3114, L2: 0.0341, Reg: 0.7368
INFO:__main__:Total loss 1.0823
INFO:__main__:Predicted mean: -0.0078
INFO:__main__:Predicted uncertainity 0.0102
INFO:__main__:Completed epoch 56 of 100

INFO:__main__:NLL: 0.3113, L2: 0.0364, Reg: 0.7020
INFO:__main__:Total loss 1.0496
INFO:__main__:Predicted mean: -0.0072
INFO:__main__:Predicted uncertainity 0.0091
INFO:__main__:Completed epoch 57 of 100

INFO:__main__:NLL: 0.3115, L2: 0.0364, Reg: 0.7575
INFO:__main__:Total loss 1.1054
INFO:__main__:Predicted mean: -0.0080
INFO:__main__:Predicted uncertainity 0.0110
INFO:__main__:Completed epoch 58 of 100

INFO:__main__:NLL: 0.3114, L2: 0.0444, Reg: 0.8315
INFO:__main__:Total loss 1.1873
INFO:__main__:Predicted mean: -0.0106
INFO:__main__:Predicted uncertainity 0.0129
INFO:__main__:Completed epoch 59 of 100

INFO:__main__:NLL: 0.3116, L2: 0.0439, Reg: 0.7836
INFO:__main__:Total loss 1.1391
INFO:__main__:Predicted mean: -0.0098
INFO:__main__:Predicted uncertainity 0.0129
INFO:__main__:Completed epoch 60 of 100

INFO:__main__:NLL: 0.3120, L2: 0.0403, Reg: 0.6837
INFO:__main__:Total loss 1.0360
INFO:__main__:Predicted mean: -0.0080
INFO:__main__:Predicted uncertainity 0.0133
INFO:__main__:Completed epoch 61 of 100

INFO:__main__:NLL: 0.3118, L2: 0.0321, Reg: 0.7065
INFO:__main__:Total loss 1.0504
INFO:__main__:Predicted mean: -0.0075
INFO:__main__:Predicted uncertainity 0.0118
INFO:__main__:Completed epoch 62 of 100

INFO:__main__:NLL: 0.3118, L2: 0.0410, Reg: 0.7644
INFO:__main__:Total loss 1.1172
INFO:__main__:Predicted mean: -0.0085
INFO:__main__:Predicted uncertainity 0.0127
INFO:__main__:Completed epoch 63 of 100

INFO:__main__:NLL: 0.3113, L2: 0.0321, Reg: 0.7631
INFO:__main__:Total loss 1.1065
INFO:__main__:Predicted mean: -0.0076
INFO:__main__:Predicted uncertainity 0.0096
INFO:__main__:Completed epoch 64 of 100

INFO:__main__:NLL: 0.3116, L2: 0.0321, Reg: 0.7599
INFO:__main__:Total loss 1.1036
INFO:__main__:Predicted mean: -0.0068
INFO:__main__:Predicted uncertainity 0.0105
INFO:__main__:Completed epoch 65 of 100

INFO:__main__:NLL: 0.3113, L2: 0.0409, Reg: 0.7871
INFO:__main__:Total loss 1.1394
INFO:__main__:Predicted mean: -0.0096
INFO:__main__:Predicted uncertainity 0.0114
INFO:__main__:Completed epoch 66 of 100

INFO:__main__:NLL: 0.3112, L2: 0.0369, Reg: 0.7398
INFO:__main__:Total loss 1.0879
INFO:__main__:Predicted mean: -0.0085
INFO:__main__:Predicted uncertainity 0.0100
INFO:__main__:Completed epoch 67 of 100

INFO:__main__:NLL: 0.3113, L2: 0.0424, Reg: 0.7794
INFO:__main__:Total loss 1.1330
INFO:__main__:Predicted mean: -0.0095
INFO:__main__:Predicted uncertainity 0.0112
INFO:__main__:Completed epoch 68 of 100

INFO:__main__:NLL: 0.3114, L2: 0.0412, Reg: 0.6387
INFO:__main__:Total loss 0.9912
INFO:__main__:Predicted mean: -0.0090
INFO:__main__:Predicted uncertainity 0.0111
INFO:__main__:Completed epoch 69 of 100

INFO:__main__:NLL: 0.3118, L2: 0.0457, Reg: 0.6116
INFO:__main__:Total loss 0.9692
INFO:__main__:Predicted mean: -0.0092
INFO:__main__:Predicted uncertainity 0.0135
INFO:__main__:Completed epoch 70 of 100

INFO:__main__:NLL: 0.3114, L2: 0.0378, Reg: 0.7869
INFO:__main__:Total loss 1.1360
INFO:__main__:Predicted mean: -0.0088
INFO:__main__:Predicted uncertainity 0.0110
INFO:__main__:Completed epoch 71 of 100

INFO:__main__:NLL: 0.3121, L2: 0.0465, Reg: 0.7708
INFO:__main__:Total loss 1.1293
INFO:__main__:Predicted mean: -0.0080
INFO:__main__:Predicted uncertainity 0.0138
INFO:__main__:Completed epoch 72 of 100

INFO:__main__:NLL: 0.3113, L2: 0.0396, Reg: 0.6691
INFO:__main__:Total loss 1.0200
INFO:__main__:Predicted mean: -0.0092
INFO:__main__:Predicted uncertainity 0.0110
INFO:__main__:Completed epoch 73 of 100

INFO:__main__:NLL: 0.3118, L2: 0.0379, Reg: 0.6634
INFO:__main__:Total loss 1.0131
INFO:__main__:Predicted mean: -0.0083
INFO:__main__:Predicted uncertainity 0.0128
INFO:__main__:Completed epoch 74 of 100

INFO:__main__:NLL: 0.3110, L2: 0.0340, Reg: 0.7442
INFO:__main__:Total loss 1.0892
INFO:__main__:Predicted mean: -0.0091
INFO:__main__:Predicted uncertainity 0.0092
INFO:__main__:Completed epoch 75 of 100

INFO:__main__:NLL: 0.3117, L2: 0.0444, Reg: 0.7613
INFO:__main__:Total loss 1.1173
INFO:__main__:Predicted mean: -0.0087
INFO:__main__:Predicted uncertainity 0.0123
INFO:__main__:Completed epoch 76 of 100

INFO:__main__:NLL: 0.3115, L2: 0.0375, Reg: 0.7781
INFO:__main__:Total loss 1.1272
INFO:__main__:Predicted mean: -0.0070
INFO:__main__:Predicted uncertainity 0.0102
INFO:__main__:Completed epoch 77 of 100

INFO:__main__:NLL: 0.3117, L2: 0.0437, Reg: 0.7537
INFO:__main__:Total loss 1.1091
INFO:__main__:Predicted mean: -0.0094
INFO:__main__:Predicted uncertainity 0.0135
INFO:__main__:Completed epoch 78 of 100

INFO:__main__:NLL: 0.3119, L2: 0.0453, Reg: 0.8282
INFO:__main__:Total loss 1.1854
INFO:__main__:Predicted mean: -0.0096
INFO:__main__:Predicted uncertainity 0.0146
INFO:__main__:Completed epoch 79 of 100

INFO:__main__:NLL: 0.3116, L2: 0.0368, Reg: 0.7646
INFO:__main__:Total loss 1.1129
INFO:__main__:Predicted mean: -0.0082
INFO:__main__:Predicted uncertainity 0.0114
INFO:__main__:Completed epoch 80 of 100

INFO:__main__:NLL: 0.3115, L2: 0.0377, Reg: 0.6050
INFO:__main__:Total loss 0.9541
INFO:__main__:Predicted mean: -0.0089
INFO:__main__:Predicted uncertainity 0.0117
INFO:__main__:Completed epoch 81 of 100

INFO:__main__:NLL: 0.3116, L2: 0.0461, Reg: 0.8263
INFO:__main__:Total loss 1.1840
INFO:__main__:Predicted mean: -0.0094
INFO:__main__:Predicted uncertainity 0.0127
INFO:__main__:Completed epoch 82 of 100

INFO:__main__:NLL: 0.3116, L2: 0.0404, Reg: 0.7468
INFO:__main__:Total loss 1.0987
INFO:__main__:Predicted mean: -0.0091
INFO:__main__:Predicted uncertainity 0.0123
INFO:__main__:Completed epoch 83 of 100

INFO:__main__:NLL: 0.3115, L2: 0.0475, Reg: 0.7676
INFO:__main__:Total loss 1.1266
INFO:__main__:Predicted mean: -0.0108
INFO:__main__:Predicted uncertainity 0.0135
INFO:__main__:Completed epoch 84 of 100

INFO:__main__:NLL: 0.3117, L2: 0.0447, Reg: 0.7744
INFO:__main__:Total loss 1.1308
INFO:__main__:Predicted mean: -0.0100
INFO:__main__:Predicted uncertainity 0.0137
INFO:__main__:Completed epoch 85 of 100

INFO:__main__:NLL: 0.3117, L2: 0.0439, Reg: 0.8431
INFO:__main__:Total loss 1.1987
INFO:__main__:Predicted mean: -0.0092
INFO:__main__:Predicted uncertainity 0.0129
INFO:__main__:Completed epoch 86 of 100

INFO:__main__:NLL: 0.3124, L2: 0.0508, Reg: 0.6380
INFO:__main__:Total loss 1.0012
INFO:__main__:Predicted mean: -0.0079
INFO:__main__:Predicted uncertainity 0.0152
INFO:__main__:Completed epoch 87 of 100

INFO:__main__:NLL: 0.3113, L2: 0.0402, Reg: 0.7991
INFO:__main__:Total loss 1.1506
INFO:__main__:Predicted mean: -0.0097
INFO:__main__:Predicted uncertainity 0.0116
INFO:__main__:Completed epoch 88 of 100

INFO:__main__:NLL: 0.3110, L2: 0.0353, Reg: 0.7561
INFO:__main__:Total loss 1.1024
INFO:__main__:Predicted mean: -0.0097
INFO:__main__:Predicted uncertainity 0.0099
INFO:__main__:Completed epoch 89 of 100

INFO:__main__:NLL: 0.3120, L2: 0.0440, Reg: 0.7452
INFO:__main__:Total loss 1.1012
INFO:__main__:Predicted mean: -0.0083
INFO:__main__:Predicted uncertainity 0.0136
INFO:__main__:Completed epoch 90 of 100

INFO:__main__:NLL: 0.3114, L2: 0.0406, Reg: 0.7078
INFO:__main__:Total loss 1.0598
INFO:__main__:Predicted mean: -0.0088
INFO:__main__:Predicted uncertainity 0.0113
INFO:__main__:Completed epoch 91 of 100

INFO:__main__:NLL: 0.3118, L2: 0.0453, Reg: 0.8553
INFO:__main__:Total loss 1.2125
INFO:__main__:Predicted mean: -0.0095
INFO:__main__:Predicted uncertainity 0.0140
INFO:__main__:Completed epoch 92 of 100

INFO:__main__:NLL: 0.3114, L2: 0.0376, Reg: 0.7598
INFO:__main__:Total loss 1.1088
INFO:__main__:Predicted mean: -0.0095
INFO:__main__:Predicted uncertainity 0.0118
INFO:__main__:Completed epoch 93 of 100

INFO:__main__:NLL: 0.3113, L2: 0.0405, Reg: 0.7780
INFO:__main__:Total loss 1.1297
INFO:__main__:Predicted mean: -0.0096
INFO:__main__:Predicted uncertainity 0.0115
INFO:__main__:Completed epoch 94 of 100

INFO:__main__:NLL: 0.3114, L2: 0.0404, Reg: 0.8159
INFO:__main__:Total loss 1.1677
INFO:__main__:Predicted mean: -0.0093
INFO:__main__:Predicted uncertainity 0.0115
INFO:__main__:Completed epoch 95 of 100

INFO:__main__:NLL: 0.3121, L2: 0.0477, Reg: 0.6448
INFO:__main__:Total loss 1.0046
INFO:__main__:Predicted mean: -0.0092
INFO:__main__:Predicted uncertainity 0.0149
INFO:__main__:Completed epoch 96 of 100

INFO:__main__:NLL: 0.3119, L2: 0.0349, Reg: 0.7908
INFO:__main__:Total loss 1.1376
INFO:__main__:Predicted mean: -0.0077
INFO:__main__:Predicted uncertainity 0.0126
INFO:__main__:Completed epoch 97 of 100

INFO:__main__:NLL: 0.3114, L2: 0.0426, Reg: 0.6191
INFO:__main__:Total loss 0.9731
INFO:__main__:Predicted mean: -0.0093
INFO:__main__:Predicted uncertainity 0.0118
INFO:__main__:Completed epoch 98 of 100

INFO:__main__:NLL: 0.3115, L2: 0.0407, Reg: 0.7757
INFO:__main__:Total loss 1.1278
INFO:__main__:Predicted mean: -0.0089
INFO:__main__:Predicted uncertainity 0.0116
INFO:__main__:Completed epoch 99 of 100

INFO:__main__:NLL: 0.3119, L2: 0.0395, Reg: 0.7300
INFO:__main__:Total loss 1.0814
INFO:__main__:Predicted mean: -0.0083
INFO:__main__:Predicted uncertainity 0.0133
INFO:__main__:Completed epoch 100 of 100

INFO:__main__:1055.791205 s
