INFO:__main__:PROCESS RUNNING ON cpu
INFO:__main__:NLL: 0.3074, L2: 0.0051, Reg: 0.0778
INFO:__main__:Total loss 0.3904
INFO:__main__:Predicted mean: -0.0225
INFO:__main__:Predicted uncertainity 0.0026
INFO:__main__:Completed epoch 1 of 100

INFO:__main__:NLL: 0.3087, L2: 0.0036, Reg: 0.0581
INFO:__main__:Total loss 0.3704
INFO:__main__:Predicted mean: -0.0181
INFO:__main__:Predicted uncertainity 0.0055
INFO:__main__:Completed epoch 2 of 100

INFO:__main__:NLL: 0.3090, L2: 0.0045, Reg: 0.0645
INFO:__main__:Total loss 0.3780
INFO:__main__:Predicted mean: -0.0193
INFO:__main__:Predicted uncertainity 0.0081
INFO:__main__:Completed epoch 3 of 100

INFO:__main__:NLL: 0.3082, L2: 0.0044, Reg: 0.0565
INFO:__main__:Total loss 0.3691
INFO:__main__:Predicted mean: -0.0198
INFO:__main__:Predicted uncertainity 0.0042
INFO:__main__:Completed epoch 4 of 100

INFO:__main__:NLL: 0.3079, L2: 0.0055, Reg: 0.0959
INFO:__main__:Total loss 0.4094
INFO:__main__:Predicted mean: -0.0225
INFO:__main__:Predicted uncertainity 0.0054
INFO:__main__:Completed epoch 5 of 100

INFO:__main__:NLL: 0.3074, L2: 0.0061, Reg: 0.0697
INFO:__main__:Total loss 0.3833
INFO:__main__:Predicted mean: -0.0235
INFO:__main__:Predicted uncertainity 0.0037
INFO:__main__:Completed epoch 6 of 100

INFO:__main__:NLL: 0.3070, L2: 0.0068, Reg: 0.1062
INFO:__main__:Total loss 0.4200
INFO:__main__:Predicted mean: -0.0251
INFO:__main__:Predicted uncertainity 0.0026
INFO:__main__:Completed epoch 7 of 100

INFO:__main__:NLL: 0.3070, L2: 0.0066, Reg: 0.0659
INFO:__main__:Total loss 0.3795
INFO:__main__:Predicted mean: -0.0244
INFO:__main__:Predicted uncertainity 0.0021
INFO:__main__:Completed epoch 8 of 100

INFO:__main__:NLL: 0.3069, L2: 0.0072, Reg: 0.0957
INFO:__main__:Total loss 0.4098
INFO:__main__:Predicted mean: -0.0253
INFO:__main__:Predicted uncertainity 0.0023
INFO:__main__:Completed epoch 9 of 100

INFO:__main__:NLL: 0.3078, L2: 0.0080, Reg: 0.0807
INFO:__main__:Total loss 0.3965
INFO:__main__:Predicted mean: -0.0253
INFO:__main__:Predicted uncertainity 0.0069
INFO:__main__:Completed epoch 10 of 100

INFO:__main__:NLL: 0.3071, L2: 0.0083, Reg: 0.0601
INFO:__main__:Total loss 0.3755
INFO:__main__:Predicted mean: -0.0259
INFO:__main__:Predicted uncertainity 0.0040
INFO:__main__:Completed epoch 11 of 100

INFO:__main__:NLL: 0.3079, L2: 0.0080, Reg: 0.0746
INFO:__main__:Total loss 0.3905
INFO:__main__:Predicted mean: -0.0250
INFO:__main__:Predicted uncertainity 0.0071
INFO:__main__:Completed epoch 12 of 100

INFO:__main__:NLL: 0.3075, L2: 0.0086, Reg: 0.0733
INFO:__main__:Total loss 0.3895
INFO:__main__:Predicted mean: -0.0252
INFO:__main__:Predicted uncertainity 0.0054
INFO:__main__:Completed epoch 13 of 100

INFO:__main__:NLL: 0.3076, L2: 0.0086, Reg: 0.0691
INFO:__main__:Total loss 0.3852
INFO:__main__:Predicted mean: -0.0254
INFO:__main__:Predicted uncertainity 0.0059
INFO:__main__:Completed epoch 14 of 100

INFO:__main__:NLL: 0.3071, L2: 0.0074, Reg: 0.0734
INFO:__main__:Total loss 0.3879
INFO:__main__:Predicted mean: -0.0242
INFO:__main__:Predicted uncertainity 0.0024
INFO:__main__:Completed epoch 15 of 100

INFO:__main__:NLL: 0.3076, L2: 0.0083, Reg: 0.0919
INFO:__main__:Total loss 0.4077
INFO:__main__:Predicted mean: -0.0253
INFO:__main__:Predicted uncertainity 0.0057
INFO:__main__:Completed epoch 16 of 100

INFO:__main__:NLL: 0.3070, L2: 0.0090, Reg: 0.0483
INFO:__main__:Total loss 0.3643
INFO:__main__:Predicted mean: -0.0257
INFO:__main__:Predicted uncertainity 0.0033
INFO:__main__:Completed epoch 17 of 100

INFO:__main__:NLL: 0.3074, L2: 0.0083, Reg: 0.0522
INFO:__main__:Total loss 0.3679
INFO:__main__:Predicted mean: -0.0252
INFO:__main__:Predicted uncertainity 0.0048
INFO:__main__:Completed epoch 18 of 100

INFO:__main__:NLL: 0.3072, L2: 0.0076, Reg: 0.0798
INFO:__main__:Total loss 0.3946
INFO:__main__:Predicted mean: -0.0242
INFO:__main__:Predicted uncertainity 0.0030
INFO:__main__:Completed epoch 19 of 100

INFO:__main__:NLL: 0.3079, L2: 0.0086, Reg: 0.0653
INFO:__main__:Total loss 0.3818
INFO:__main__:Predicted mean: -0.0254
INFO:__main__:Predicted uncertainity 0.0076
INFO:__main__:Completed epoch 20 of 100

INFO:__main__:NLL: 0.3076, L2: 0.0080, Reg: 0.0725
INFO:__main__:Total loss 0.3880
INFO:__main__:Predicted mean: -0.0246
INFO:__main__:Predicted uncertainity 0.0051
INFO:__main__:Completed epoch 21 of 100

INFO:__main__:NLL: 0.3072, L2: 0.0082, Reg: 0.0690
INFO:__main__:Total loss 0.3844
INFO:__main__:Predicted mean: -0.0247
INFO:__main__:Predicted uncertainity 0.0032
INFO:__main__:Completed epoch 22 of 100

INFO:__main__:NLL: 0.3074, L2: 0.0085, Reg: 0.0900
INFO:__main__:Total loss 0.4058
INFO:__main__:Predicted mean: -0.0253
INFO:__main__:Predicted uncertainity 0.0047
INFO:__main__:Completed epoch 23 of 100

INFO:__main__:NLL: 0.3073, L2: 0.0082, Reg: 0.0651
INFO:__main__:Total loss 0.3806
INFO:__main__:Predicted mean: -0.0248
INFO:__main__:Predicted uncertainity 0.0039
INFO:__main__:Completed epoch 24 of 100

INFO:__main__:NLL: 0.3071, L2: 0.0082, Reg: 0.0609
INFO:__main__:Total loss 0.3761
INFO:__main__:Predicted mean: -0.0249
INFO:__main__:Predicted uncertainity 0.0032
INFO:__main__:Completed epoch 25 of 100

INFO:__main__:NLL: 0.3077, L2: 0.0089, Reg: 0.0749
INFO:__main__:Total loss 0.3915
INFO:__main__:Predicted mean: -0.0259
INFO:__main__:Predicted uncertainity 0.0067
INFO:__main__:Completed epoch 26 of 100

INFO:__main__:NLL: 0.3067, L2: 0.0081, Reg: 0.0627
INFO:__main__:Total loss 0.3775
INFO:__main__:Predicted mean: -0.0249
INFO:__main__:Predicted uncertainity 0.0011
INFO:__main__:Completed epoch 27 of 100

INFO:__main__:NLL: 0.3076, L2: 0.0092, Reg: 0.0657
INFO:__main__:Total loss 0.3825
INFO:__main__:Predicted mean: -0.0265
INFO:__main__:Predicted uncertainity 0.0069
INFO:__main__:Completed epoch 28 of 100

INFO:__main__:NLL: 0.3072, L2: 0.0085, Reg: 0.0754
INFO:__main__:Total loss 0.3910
INFO:__main__:Predicted mean: -0.0257
INFO:__main__:Predicted uncertainity 0.0040
INFO:__main__:Completed epoch 29 of 100

INFO:__main__:NLL: 0.3072, L2: 0.0084, Reg: 0.0677
INFO:__main__:Total loss 0.3833
INFO:__main__:Predicted mean: -0.0255
INFO:__main__:Predicted uncertainity 0.0040
INFO:__main__:Completed epoch 30 of 100

INFO:__main__:NLL: 0.3073, L2: 0.0078, Reg: 0.0732
INFO:__main__:Total loss 0.3884
INFO:__main__:Predicted mean: -0.0249
INFO:__main__:Predicted uncertainity 0.0042
INFO:__main__:Completed epoch 31 of 100

INFO:__main__:NLL: 0.3073, L2: 0.0081, Reg: 0.0699
INFO:__main__:Total loss 0.3854
INFO:__main__:Predicted mean: -0.0250
INFO:__main__:Predicted uncertainity 0.0044
INFO:__main__:Completed epoch 32 of 100

INFO:__main__:NLL: 0.3073, L2: 0.0082, Reg: 0.0755
INFO:__main__:Total loss 0.3910
INFO:__main__:Predicted mean: -0.0258
INFO:__main__:Predicted uncertainity 0.0049
INFO:__main__:Completed epoch 33 of 100

INFO:__main__:NLL: 0.3073, L2: 0.0080, Reg: 0.0804
INFO:__main__:Total loss 0.3958
INFO:__main__:Predicted mean: -0.0248
INFO:__main__:Predicted uncertainity 0.0040
INFO:__main__:Completed epoch 34 of 100

INFO:__main__:NLL: 0.3071, L2: 0.0081, Reg: 0.0695
INFO:__main__:Total loss 0.3847
INFO:__main__:Predicted mean: -0.0249
INFO:__main__:Predicted uncertainity 0.0030
INFO:__main__:Completed epoch 35 of 100

INFO:__main__:NLL: 0.3069, L2: 0.0083, Reg: 0.0766
INFO:__main__:Total loss 0.3918
INFO:__main__:Predicted mean: -0.0251
INFO:__main__:Predicted uncertainity 0.0024
INFO:__main__:Completed epoch 36 of 100

INFO:__main__:NLL: 0.3079, L2: 0.0087, Reg: 0.0615
INFO:__main__:Total loss 0.3781
INFO:__main__:Predicted mean: -0.0254
INFO:__main__:Predicted uncertainity 0.0074
INFO:__main__:Completed epoch 37 of 100

INFO:__main__:NLL: 0.3077, L2: 0.0087, Reg: 0.0602
INFO:__main__:Total loss 0.3766
INFO:__main__:Predicted mean: -0.0250
INFO:__main__:Predicted uncertainity 0.0064
INFO:__main__:Completed epoch 38 of 100

INFO:__main__:NLL: 0.3072, L2: 0.0076, Reg: 0.0599
INFO:__main__:Total loss 0.3748
INFO:__main__:Predicted mean: -0.0243
INFO:__main__:Predicted uncertainity 0.0032
INFO:__main__:Completed epoch 39 of 100

INFO:__main__:NLL: 0.3075, L2: 0.0087, Reg: 0.0689
INFO:__main__:Total loss 0.3851
INFO:__main__:Predicted mean: -0.0257
INFO:__main__:Predicted uncertainity 0.0058
INFO:__main__:Completed epoch 40 of 100

INFO:__main__:NLL: 0.3072, L2: 0.0088, Reg: 0.0705
INFO:__main__:Total loss 0.3866
INFO:__main__:Predicted mean: -0.0259
INFO:__main__:Predicted uncertainity 0.0046
INFO:__main__:Completed epoch 41 of 100

INFO:__main__:NLL: 0.3071, L2: 0.0084, Reg: 0.0757
INFO:__main__:Total loss 0.3912
INFO:__main__:Predicted mean: -0.0253
INFO:__main__:Predicted uncertainity 0.0034
INFO:__main__:Completed epoch 42 of 100

INFO:__main__:NLL: 0.3072, L2: 0.0076, Reg: 0.0610
INFO:__main__:Total loss 0.3759
INFO:__main__:Predicted mean: -0.0242
INFO:__main__:Predicted uncertainity 0.0031
INFO:__main__:Completed epoch 43 of 100

INFO:__main__:NLL: 0.3071, L2: 0.0084, Reg: 0.0778
INFO:__main__:Total loss 0.3933
INFO:__main__:Predicted mean: -0.0258
INFO:__main__:Predicted uncertainity 0.0040
INFO:__main__:Completed epoch 44 of 100

INFO:__main__:NLL: 0.3072, L2: 0.0080, Reg: 0.0832
INFO:__main__:Total loss 0.3985
INFO:__main__:Predicted mean: -0.0247
INFO:__main__:Predicted uncertainity 0.0035
INFO:__main__:Completed epoch 45 of 100

INFO:__main__:NLL: 0.3073, L2: 0.0085, Reg: 0.0593
INFO:__main__:Total loss 0.3751
INFO:__main__:Predicted mean: -0.0257
INFO:__main__:Predicted uncertainity 0.0049
INFO:__main__:Completed epoch 46 of 100

INFO:__main__:NLL: 0.3075, L2: 0.0093, Reg: 0.0699
INFO:__main__:Total loss 0.3866
INFO:__main__:Predicted mean: -0.0265
INFO:__main__:Predicted uncertainity 0.0062
INFO:__main__:Completed epoch 47 of 100

INFO:__main__:NLL: 0.3072, L2: 0.0077, Reg: 0.0658
INFO:__main__:Total loss 0.3807
INFO:__main__:Predicted mean: -0.0243
INFO:__main__:Predicted uncertainity 0.0029
INFO:__main__:Completed epoch 48 of 100

INFO:__main__:NLL: 0.3072, L2: 0.0081, Reg: 0.0737
INFO:__main__:Total loss 0.3889
INFO:__main__:Predicted mean: -0.0248
INFO:__main__:Predicted uncertainity 0.0034
INFO:__main__:Completed epoch 49 of 100

INFO:__main__:NLL: 0.3069, L2: 0.0085, Reg: 0.0683
INFO:__main__:Total loss 0.3837
INFO:__main__:Predicted mean: -0.0258
INFO:__main__:Predicted uncertainity 0.0030
INFO:__main__:Completed epoch 50 of 100

INFO:__main__:NLL: 0.3069, L2: 0.0080, Reg: 0.0843
INFO:__main__:Total loss 0.3992
INFO:__main__:Predicted mean: -0.0251
INFO:__main__:Predicted uncertainity 0.0022
INFO:__main__:Completed epoch 51 of 100

INFO:__main__:NLL: 0.3074, L2: 0.0082, Reg: 0.0640
INFO:__main__:Total loss 0.3797
INFO:__main__:Predicted mean: -0.0252
INFO:__main__:Predicted uncertainity 0.0048
INFO:__main__:Completed epoch 52 of 100

INFO:__main__:NLL: 0.3070, L2: 0.0083, Reg: 0.0573
INFO:__main__:Total loss 0.3726
INFO:__main__:Predicted mean: -0.0253
INFO:__main__:Predicted uncertainity 0.0029
INFO:__main__:Completed epoch 53 of 100

INFO:__main__:NLL: 0.3072, L2: 0.0089, Reg: 0.0708
INFO:__main__:Total loss 0.3868
INFO:__main__:Predicted mean: -0.0256
INFO:__main__:Predicted uncertainity 0.0040
INFO:__main__:Completed epoch 54 of 100

INFO:__main__:NLL: 0.3075, L2: 0.0087, Reg: 0.0675
INFO:__main__:Total loss 0.3837
INFO:__main__:Predicted mean: -0.0260
INFO:__main__:Predicted uncertainity 0.0060
INFO:__main__:Completed epoch 55 of 100

INFO:__main__:NLL: 0.3076, L2: 0.0087, Reg: 0.0755
INFO:__main__:Total loss 0.3918
INFO:__main__:Predicted mean: -0.0250
INFO:__main__:Predicted uncertainity 0.0058
INFO:__main__:Completed epoch 56 of 100

INFO:__main__:NLL: 0.3074, L2: 0.0083, Reg: 0.0697
INFO:__main__:Total loss 0.3854
INFO:__main__:Predicted mean: -0.0255
INFO:__main__:Predicted uncertainity 0.0053
INFO:__main__:Completed epoch 57 of 100

INFO:__main__:NLL: 0.3074, L2: 0.0080, Reg: 0.0717
INFO:__main__:Total loss 0.3870
INFO:__main__:Predicted mean: -0.0250
INFO:__main__:Predicted uncertainity 0.0045
INFO:__main__:Completed epoch 58 of 100

INFO:__main__:NLL: 0.3075, L2: 0.0080, Reg: 0.0888
INFO:__main__:Total loss 0.4043
INFO:__main__:Predicted mean: -0.0247
INFO:__main__:Predicted uncertainity 0.0048
INFO:__main__:Completed epoch 59 of 100

INFO:__main__:NLL: 0.3075, L2: 0.0086, Reg: 0.0651
INFO:__main__:Total loss 0.3812
INFO:__main__:Predicted mean: -0.0252
INFO:__main__:Predicted uncertainity 0.0052
INFO:__main__:Completed epoch 60 of 100

INFO:__main__:NLL: 0.3070, L2: 0.0088, Reg: 0.0763
INFO:__main__:Total loss 0.3922
INFO:__main__:Predicted mean: -0.0260
INFO:__main__:Predicted uncertainity 0.0035
INFO:__main__:Completed epoch 61 of 100

INFO:__main__:NLL: 0.3076, L2: 0.0083, Reg: 0.0776
INFO:__main__:Total loss 0.3935
INFO:__main__:Predicted mean: -0.0252
INFO:__main__:Predicted uncertainity 0.0060
INFO:__main__:Completed epoch 62 of 100

INFO:__main__:NLL: 0.3070, L2: 0.0080, Reg: 0.0598
INFO:__main__:Total loss 0.3749
INFO:__main__:Predicted mean: -0.0248
INFO:__main__:Predicted uncertainity 0.0027
INFO:__main__:Completed epoch 63 of 100

INFO:__main__:NLL: 0.3072, L2: 0.0084, Reg: 0.0695
INFO:__main__:Total loss 0.3851
INFO:__main__:Predicted mean: -0.0256
INFO:__main__:Predicted uncertainity 0.0039
INFO:__main__:Completed epoch 64 of 100

INFO:__main__:NLL: 0.3073, L2: 0.0082, Reg: 0.0650
INFO:__main__:Total loss 0.3805
INFO:__main__:Predicted mean: -0.0244
INFO:__main__:Predicted uncertainity 0.0036
INFO:__main__:Completed epoch 65 of 100

INFO:__main__:NLL: 0.3071, L2: 0.0082, Reg: 0.0809
INFO:__main__:Total loss 0.3962
INFO:__main__:Predicted mean: -0.0250
INFO:__main__:Predicted uncertainity 0.0030
INFO:__main__:Completed epoch 66 of 100

INFO:__main__:NLL: 0.3077, L2: 0.0082, Reg: 0.0644
INFO:__main__:Total loss 0.3803
INFO:__main__:Predicted mean: -0.0250
INFO:__main__:Predicted uncertainity 0.0061
INFO:__main__:Completed epoch 67 of 100

INFO:__main__:NLL: 0.3071, L2: 0.0079, Reg: 0.0644
INFO:__main__:Total loss 0.3794
INFO:__main__:Predicted mean: -0.0246
INFO:__main__:Predicted uncertainity 0.0030
INFO:__main__:Completed epoch 68 of 100

INFO:__main__:NLL: 0.3075, L2: 0.0082, Reg: 0.0868
INFO:__main__:Total loss 0.4025
INFO:__main__:Predicted mean: -0.0253
INFO:__main__:Predicted uncertainity 0.0052
INFO:__main__:Completed epoch 69 of 100

INFO:__main__:NLL: 0.3070, L2: 0.0081, Reg: 0.0779
INFO:__main__:Total loss 0.3929
INFO:__main__:Predicted mean: -0.0255
INFO:__main__:Predicted uncertainity 0.0029
INFO:__main__:Completed epoch 70 of 100

INFO:__main__:NLL: 0.3069, L2: 0.0080, Reg: 0.0642
INFO:__main__:Total loss 0.3791
INFO:__main__:Predicted mean: -0.0244
INFO:__main__:Predicted uncertainity 0.0019
INFO:__main__:Completed epoch 71 of 100

INFO:__main__:NLL: 0.3070, L2: 0.0083, Reg: 0.0876
INFO:__main__:Total loss 0.4029
INFO:__main__:Predicted mean: -0.0258
INFO:__main__:Predicted uncertainity 0.0033
INFO:__main__:Completed epoch 72 of 100

INFO:__main__:NLL: 0.3076, L2: 0.0088, Reg: 0.0714
INFO:__main__:Total loss 0.3878
INFO:__main__:Predicted mean: -0.0255
INFO:__main__:Predicted uncertainity 0.0061
INFO:__main__:Completed epoch 73 of 100

INFO:__main__:NLL: 0.3072, L2: 0.0084, Reg: 0.0725
INFO:__main__:Total loss 0.3881
INFO:__main__:Predicted mean: -0.0255
INFO:__main__:Predicted uncertainity 0.0040
INFO:__main__:Completed epoch 74 of 100

INFO:__main__:NLL: 0.3073, L2: 0.0085, Reg: 0.0787
INFO:__main__:Total loss 0.3945
INFO:__main__:Predicted mean: -0.0257
INFO:__main__:Predicted uncertainity 0.0048
INFO:__main__:Completed epoch 75 of 100

INFO:__main__:NLL: 0.3072, L2: 0.0081, Reg: 0.0751
INFO:__main__:Total loss 0.3904
INFO:__main__:Predicted mean: -0.0249
INFO:__main__:Predicted uncertainity 0.0035
INFO:__main__:Completed epoch 76 of 100

INFO:__main__:NLL: 0.3077, L2: 0.0084, Reg: 0.0897
INFO:__main__:Total loss 0.4058
INFO:__main__:Predicted mean: -0.0254
INFO:__main__:Predicted uncertainity 0.0065
INFO:__main__:Completed epoch 77 of 100

INFO:__main__:NLL: 0.3073, L2: 0.0078, Reg: 0.0756
INFO:__main__:Total loss 0.3907
INFO:__main__:Predicted mean: -0.0250
INFO:__main__:Predicted uncertainity 0.0039
INFO:__main__:Completed epoch 78 of 100

INFO:__main__:NLL: 0.3072, L2: 0.0084, Reg: 0.0537
INFO:__main__:Total loss 0.3692
INFO:__main__:Predicted mean: -0.0252
INFO:__main__:Predicted uncertainity 0.0038
INFO:__main__:Completed epoch 79 of 100

INFO:__main__:NLL: 0.3072, L2: 0.0082, Reg: 0.0843
INFO:__main__:Total loss 0.3998
INFO:__main__:Predicted mean: -0.0251
INFO:__main__:Predicted uncertainity 0.0039
INFO:__main__:Completed epoch 80 of 100

INFO:__main__:NLL: 0.3071, L2: 0.0082, Reg: 0.0698
INFO:__main__:Total loss 0.3852
INFO:__main__:Predicted mean: -0.0248
INFO:__main__:Predicted uncertainity 0.0032
INFO:__main__:Completed epoch 81 of 100

INFO:__main__:NLL: 0.3072, L2: 0.0087, Reg: 0.0682
INFO:__main__:Total loss 0.3841
INFO:__main__:Predicted mean: -0.0261
INFO:__main__:Predicted uncertainity 0.0047
INFO:__main__:Completed epoch 82 of 100

INFO:__main__:NLL: 0.3072, L2: 0.0085, Reg: 0.0668
INFO:__main__:Total loss 0.3825
INFO:__main__:Predicted mean: -0.0253
INFO:__main__:Predicted uncertainity 0.0037
INFO:__main__:Completed epoch 83 of 100

INFO:__main__:NLL: 0.3070, L2: 0.0087, Reg: 0.0932
INFO:__main__:Total loss 0.4088
INFO:__main__:Predicted mean: -0.0256
INFO:__main__:Predicted uncertainity 0.0029
INFO:__main__:Completed epoch 84 of 100

INFO:__main__:NLL: 0.3073, L2: 0.0091, Reg: 0.0821
INFO:__main__:Total loss 0.3985
INFO:__main__:Predicted mean: -0.0254
INFO:__main__:Predicted uncertainity 0.0045
INFO:__main__:Completed epoch 85 of 100

INFO:__main__:NLL: 0.3076, L2: 0.0087, Reg: 0.0789
INFO:__main__:Total loss 0.3952
INFO:__main__:Predicted mean: -0.0257
INFO:__main__:Predicted uncertainity 0.0064
INFO:__main__:Completed epoch 86 of 100

INFO:__main__:NLL: 0.3069, L2: 0.0083, Reg: 0.0630
INFO:__main__:Total loss 0.3782
INFO:__main__:Predicted mean: -0.0250
INFO:__main__:Predicted uncertainity 0.0022
INFO:__main__:Completed epoch 87 of 100

INFO:__main__:NLL: 0.3076, L2: 0.0081, Reg: 0.0624
INFO:__main__:Total loss 0.3781
INFO:__main__:Predicted mean: -0.0250
INFO:__main__:Predicted uncertainity 0.0055
INFO:__main__:Completed epoch 88 of 100

INFO:__main__:NLL: 0.3073, L2: 0.0089, Reg: 0.0834
INFO:__main__:Total loss 0.3996
INFO:__main__:Predicted mean: -0.0255
INFO:__main__:Predicted uncertainity 0.0044
INFO:__main__:Completed epoch 89 of 100

INFO:__main__:NLL: 0.3072, L2: 0.0082, Reg: 0.0684
INFO:__main__:Total loss 0.3838
INFO:__main__:Predicted mean: -0.0250
INFO:__main__:Predicted uncertainity 0.0039
INFO:__main__:Completed epoch 90 of 100

INFO:__main__:NLL: 0.3073, L2: 0.0079, Reg: 0.0798
INFO:__main__:Total loss 0.3950
INFO:__main__:Predicted mean: -0.0249
INFO:__main__:Predicted uncertainity 0.0041
INFO:__main__:Completed epoch 91 of 100

INFO:__main__:NLL: 0.3072, L2: 0.0079, Reg: 0.0728
INFO:__main__:Total loss 0.3880
INFO:__main__:Predicted mean: -0.0247
INFO:__main__:Predicted uncertainity 0.0036
INFO:__main__:Completed epoch 92 of 100

INFO:__main__:NLL: 0.3076, L2: 0.0089, Reg: 0.0684
INFO:__main__:Total loss 0.3849
INFO:__main__:Predicted mean: -0.0258
INFO:__main__:Predicted uncertainity 0.0063
INFO:__main__:Completed epoch 93 of 100

INFO:__main__:NLL: 0.3070, L2: 0.0080, Reg: 0.0660
INFO:__main__:Total loss 0.3810
INFO:__main__:Predicted mean: -0.0244
INFO:__main__:Predicted uncertainity 0.0022
INFO:__main__:Completed epoch 94 of 100

INFO:__main__:NLL: 0.3074, L2: 0.0084, Reg: 0.0647
INFO:__main__:Total loss 0.3805
INFO:__main__:Predicted mean: -0.0252
INFO:__main__:Predicted uncertainity 0.0047
INFO:__main__:Completed epoch 95 of 100

INFO:__main__:NLL: 0.3071, L2: 0.0080, Reg: 0.0704
INFO:__main__:Total loss 0.3855
INFO:__main__:Predicted mean: -0.0244
INFO:__main__:Predicted uncertainity 0.0025
INFO:__main__:Completed epoch 96 of 100

INFO:__main__:NLL: 0.3075, L2: 0.0079, Reg: 0.0669
INFO:__main__:Total loss 0.3823
INFO:__main__:Predicted mean: -0.0244
INFO:__main__:Predicted uncertainity 0.0048
INFO:__main__:Completed epoch 97 of 100

INFO:__main__:NLL: 0.3072, L2: 0.0082, Reg: 0.0554
INFO:__main__:Total loss 0.3708
INFO:__main__:Predicted mean: -0.0240
INFO:__main__:Predicted uncertainity 0.0030
INFO:__main__:Completed epoch 98 of 100

INFO:__main__:NLL: 0.3072, L2: 0.0082, Reg: 0.0811
INFO:__main__:Total loss 0.3965
INFO:__main__:Predicted mean: -0.0252
INFO:__main__:Predicted uncertainity 0.0039
INFO:__main__:Completed epoch 99 of 100

INFO:__main__:NLL: 0.3072, L2: 0.0085, Reg: 0.0718
INFO:__main__:Total loss 0.3874
INFO:__main__:Predicted mean: -0.0254
INFO:__main__:Predicted uncertainity 0.0040
INFO:__main__:Completed epoch 100 of 100

INFO:__main__:376.859983 s
