INFO:__main__:PROCESS RUNNING ON cpu
INFO:__main__:NLL: 0.0446, L2: 0.0068, Reg: 0.0567
INFO:__main__:Total loss 0.1081
INFO:__main__:Predicted mean: -0.4504
INFO:__main__:Predicted uncertainity -0.7670
INFO:__main__:Completed epoch 1 of 100

INFO:__main__:NLL: 0.1044, L2: 0.0075, Reg: 0.0567
INFO:__main__:Total loss 0.1686
INFO:__main__:Predicted mean: -0.3745
INFO:__main__:Predicted uncertainity -0.7837
INFO:__main__:Completed epoch 2 of 100

INFO:__main__:NLL: 0.1038, L2: 0.0078, Reg: 0.0567
INFO:__main__:Total loss 0.1683
INFO:__main__:Predicted mean: -0.3908
INFO:__main__:Predicted uncertainity -0.6860
INFO:__main__:Completed epoch 3 of 100

INFO:__main__:NLL: -0.1530, L2: 0.0080, Reg: 0.0567
INFO:__main__:Total loss -0.0883
INFO:__main__:Predicted mean: -0.4503
INFO:__main__:Predicted uncertainity -0.8638
INFO:__main__:Completed epoch 4 of 100

INFO:__main__:NLL: 0.2496, L2: 0.0079, Reg: 0.0567
INFO:__main__:Total loss 0.3142
INFO:__main__:Predicted mean: -0.3695
INFO:__main__:Predicted uncertainity -0.7687
INFO:__main__:Completed epoch 5 of 100

INFO:__main__:NLL: 0.0338, L2: 0.0078, Reg: 0.0567
INFO:__main__:Total loss 0.0982
INFO:__main__:Predicted mean: -0.3509
INFO:__main__:Predicted uncertainity -0.6329
INFO:__main__:Completed epoch 6 of 100

INFO:__main__:NLL: -0.0683, L2: 0.0085, Reg: 0.0567
INFO:__main__:Total loss -0.0031
INFO:__main__:Predicted mean: -0.3451
INFO:__main__:Predicted uncertainity -0.7583
INFO:__main__:Completed epoch 7 of 100

INFO:__main__:NLL: 0.2266, L2: 0.0091, Reg: 0.0567
INFO:__main__:Total loss 0.2924
INFO:__main__:Predicted mean: -0.4520
INFO:__main__:Predicted uncertainity -0.7871
INFO:__main__:Completed epoch 8 of 100

INFO:__main__:NLL: 0.0365, L2: 0.0087, Reg: 0.0567
INFO:__main__:Total loss 0.1019
INFO:__main__:Predicted mean: -0.4210
INFO:__main__:Predicted uncertainity -0.8187
INFO:__main__:Completed epoch 9 of 100

INFO:__main__:NLL: 0.2471, L2: 0.0089, Reg: 0.0567
INFO:__main__:Total loss 0.3127
INFO:__main__:Predicted mean: -0.3487
INFO:__main__:Predicted uncertainity -0.7417
INFO:__main__:Completed epoch 10 of 100

INFO:__main__:NLL: 0.0413, L2: 0.0091, Reg: 0.0567
INFO:__main__:Total loss 0.1072
INFO:__main__:Predicted mean: -0.4040
INFO:__main__:Predicted uncertainity -0.7661
INFO:__main__:Completed epoch 11 of 100

INFO:__main__:NLL: 0.1275, L2: 0.0087, Reg: 0.0567
INFO:__main__:Total loss 0.1930
INFO:__main__:Predicted mean: -0.4288
INFO:__main__:Predicted uncertainity -0.7506
INFO:__main__:Completed epoch 12 of 100

INFO:__main__:NLL: 0.0146, L2: 0.0088, Reg: 0.0567
INFO:__main__:Total loss 0.0801
INFO:__main__:Predicted mean: -0.3472
INFO:__main__:Predicted uncertainity -0.7328
INFO:__main__:Completed epoch 13 of 100

INFO:__main__:NLL: 0.0930, L2: 0.0090, Reg: 0.0567
INFO:__main__:Total loss 0.1587
INFO:__main__:Predicted mean: -0.3906
INFO:__main__:Predicted uncertainity -0.7363
INFO:__main__:Completed epoch 14 of 100

INFO:__main__:NLL: 0.0134, L2: 0.0086, Reg: 0.0567
INFO:__main__:Total loss 0.0787
INFO:__main__:Predicted mean: -0.3373
INFO:__main__:Predicted uncertainity -0.8517
INFO:__main__:Completed epoch 15 of 100

INFO:__main__:NLL: 0.1295, L2: 0.0083, Reg: 0.0567
INFO:__main__:Total loss 0.1945
INFO:__main__:Predicted mean: -0.3876
INFO:__main__:Predicted uncertainity -0.7462
INFO:__main__:Completed epoch 16 of 100

INFO:__main__:NLL: -0.0026, L2: 0.0092, Reg: 0.0567
INFO:__main__:Total loss 0.0633
INFO:__main__:Predicted mean: -0.3741
INFO:__main__:Predicted uncertainity -0.8521
INFO:__main__:Completed epoch 17 of 100

INFO:__main__:NLL: 0.1275, L2: 0.0092, Reg: 0.0567
INFO:__main__:Total loss 0.1934
INFO:__main__:Predicted mean: -0.3908
INFO:__main__:Predicted uncertainity -0.6479
INFO:__main__:Completed epoch 18 of 100

INFO:__main__:NLL: -0.0421, L2: 0.0091, Reg: 0.0567
INFO:__main__:Total loss 0.0237
INFO:__main__:Predicted mean: -0.3735
INFO:__main__:Predicted uncertainity -0.7561
INFO:__main__:Completed epoch 19 of 100

INFO:__main__:NLL: 0.0544, L2: 0.0087, Reg: 0.0567
INFO:__main__:Total loss 0.1198
INFO:__main__:Predicted mean: -0.3681
INFO:__main__:Predicted uncertainity -0.7829
INFO:__main__:Completed epoch 20 of 100

INFO:__main__:NLL: 0.1371, L2: 0.0085, Reg: 0.0567
INFO:__main__:Total loss 0.2022
INFO:__main__:Predicted mean: -0.3374
INFO:__main__:Predicted uncertainity -0.6146
INFO:__main__:Completed epoch 21 of 100

INFO:__main__:NLL: 0.0298, L2: 0.0087, Reg: 0.0567
INFO:__main__:Total loss 0.0953
INFO:__main__:Predicted mean: -0.3896
INFO:__main__:Predicted uncertainity -0.7590
INFO:__main__:Completed epoch 22 of 100

INFO:__main__:NLL: 0.4577, L2: 0.0088, Reg: 0.0567
INFO:__main__:Total loss 0.5232
INFO:__main__:Predicted mean: -0.3886
INFO:__main__:Predicted uncertainity -0.7891
INFO:__main__:Completed epoch 23 of 100

INFO:__main__:NLL: -0.0037, L2: 0.0083, Reg: 0.0567
INFO:__main__:Total loss 0.0612
INFO:__main__:Predicted mean: -0.3405
INFO:__main__:Predicted uncertainity -0.6990
INFO:__main__:Completed epoch 24 of 100

INFO:__main__:NLL: 0.0901, L2: 0.0085, Reg: 0.0567
INFO:__main__:Total loss 0.1554
INFO:__main__:Predicted mean: -0.3205
INFO:__main__:Predicted uncertainity -0.6671
INFO:__main__:Completed epoch 25 of 100

INFO:__main__:NLL: 0.1471, L2: 0.0086, Reg: 0.0567
INFO:__main__:Total loss 0.2124
INFO:__main__:Predicted mean: -0.3458
INFO:__main__:Predicted uncertainity -0.7496
INFO:__main__:Completed epoch 26 of 100

INFO:__main__:NLL: 0.0750, L2: 0.0084, Reg: 0.0567
INFO:__main__:Total loss 0.1402
INFO:__main__:Predicted mean: -0.3294
INFO:__main__:Predicted uncertainity -0.6535
INFO:__main__:Completed epoch 27 of 100

INFO:__main__:NLL: -0.0093, L2: 0.0079, Reg: 0.0567
INFO:__main__:Total loss 0.0553
INFO:__main__:Predicted mean: -0.3790
INFO:__main__:Predicted uncertainity -0.8545
INFO:__main__:Completed epoch 28 of 100

INFO:__main__:NLL: 0.1627, L2: 0.0084, Reg: 0.0567
INFO:__main__:Total loss 0.2278
INFO:__main__:Predicted mean: -0.3870
INFO:__main__:Predicted uncertainity -0.7712
INFO:__main__:Completed epoch 29 of 100

INFO:__main__:NLL: 0.0887, L2: 0.0085, Reg: 0.0567
INFO:__main__:Total loss 0.1539
INFO:__main__:Predicted mean: -0.3941
INFO:__main__:Predicted uncertainity -0.7650
INFO:__main__:Completed epoch 30 of 100

INFO:__main__:NLL: -0.0675, L2: 0.0088, Reg: 0.0567
INFO:__main__:Total loss -0.0020
INFO:__main__:Predicted mean: -0.3200
INFO:__main__:Predicted uncertainity -0.7552
INFO:__main__:Completed epoch 31 of 100

INFO:__main__:NLL: 0.0385, L2: 0.0087, Reg: 0.0567
INFO:__main__:Total loss 0.1039
INFO:__main__:Predicted mean: -0.3669
INFO:__main__:Predicted uncertainity -0.7336
INFO:__main__:Completed epoch 32 of 100

INFO:__main__:NLL: 0.0880, L2: 0.0081, Reg: 0.0567
INFO:__main__:Total loss 0.1528
INFO:__main__:Predicted mean: -0.4129
INFO:__main__:Predicted uncertainity -0.8007
INFO:__main__:Completed epoch 33 of 100

INFO:__main__:NLL: 0.0775, L2: 0.0086, Reg: 0.0567
INFO:__main__:Total loss 0.1428
INFO:__main__:Predicted mean: -0.3543
INFO:__main__:Predicted uncertainity -0.7323
INFO:__main__:Completed epoch 34 of 100

INFO:__main__:NLL: 0.0927, L2: 0.0087, Reg: 0.0567
INFO:__main__:Total loss 0.1581
INFO:__main__:Predicted mean: -0.3657
INFO:__main__:Predicted uncertainity -0.8149
INFO:__main__:Completed epoch 35 of 100

INFO:__main__:NLL: 0.0840, L2: 0.0088, Reg: 0.0567
INFO:__main__:Total loss 0.1496
INFO:__main__:Predicted mean: -0.3375
INFO:__main__:Predicted uncertainity -0.8357
INFO:__main__:Completed epoch 36 of 100

INFO:__main__:NLL: 0.3770, L2: 0.0090, Reg: 0.0567
INFO:__main__:Total loss 0.4427
INFO:__main__:Predicted mean: -0.4077
INFO:__main__:Predicted uncertainity -0.7542
INFO:__main__:Completed epoch 37 of 100

INFO:__main__:NLL: -0.0409, L2: 0.0085, Reg: 0.0567
INFO:__main__:Total loss 0.0243
INFO:__main__:Predicted mean: -0.3261
INFO:__main__:Predicted uncertainity -0.8627
INFO:__main__:Completed epoch 38 of 100

INFO:__main__:NLL: 0.1415, L2: 0.0091, Reg: 0.0567
INFO:__main__:Total loss 0.2073
INFO:__main__:Predicted mean: -0.4940
INFO:__main__:Predicted uncertainity -0.7685
INFO:__main__:Completed epoch 39 of 100

INFO:__main__:NLL: 0.0285, L2: 0.0090, Reg: 0.0567
INFO:__main__:Total loss 0.0941
INFO:__main__:Predicted mean: -0.3745
INFO:__main__:Predicted uncertainity -0.7533
INFO:__main__:Completed epoch 40 of 100

INFO:__main__:NLL: 0.1260, L2: 0.0086, Reg: 0.0567
INFO:__main__:Total loss 0.1913
INFO:__main__:Predicted mean: -0.3467
INFO:__main__:Predicted uncertainity -0.6825
INFO:__main__:Completed epoch 41 of 100

INFO:__main__:NLL: 0.4381, L2: 0.0083, Reg: 0.0567
INFO:__main__:Total loss 0.5031
INFO:__main__:Predicted mean: -0.4297
INFO:__main__:Predicted uncertainity -0.8197
INFO:__main__:Completed epoch 42 of 100

INFO:__main__:NLL: 0.1296, L2: 0.0084, Reg: 0.0567
INFO:__main__:Total loss 0.1947
INFO:__main__:Predicted mean: -0.3945
INFO:__main__:Predicted uncertainity -0.6980
INFO:__main__:Completed epoch 43 of 100

INFO:__main__:NLL: 0.0253, L2: 0.0089, Reg: 0.0567
INFO:__main__:Total loss 0.0909
INFO:__main__:Predicted mean: -0.3489
INFO:__main__:Predicted uncertainity -0.7440
INFO:__main__:Completed epoch 44 of 100

INFO:__main__:NLL: 0.1981, L2: 0.0092, Reg: 0.0567
INFO:__main__:Total loss 0.2640
INFO:__main__:Predicted mean: -0.3623
INFO:__main__:Predicted uncertainity -0.7496
INFO:__main__:Completed epoch 45 of 100

INFO:__main__:NLL: 0.1071, L2: 0.0087, Reg: 0.0567
INFO:__main__:Total loss 0.1725
INFO:__main__:Predicted mean: -0.3717
INFO:__main__:Predicted uncertainity -0.7012
INFO:__main__:Completed epoch 46 of 100

INFO:__main__:NLL: -0.0063, L2: 0.0085, Reg: 0.0567
INFO:__main__:Total loss 0.0588
INFO:__main__:Predicted mean: -0.4063
INFO:__main__:Predicted uncertainity -0.7864
INFO:__main__:Completed epoch 47 of 100

INFO:__main__:NLL: 0.3788, L2: 0.0091, Reg: 0.0567
INFO:__main__:Total loss 0.4446
INFO:__main__:Predicted mean: -0.3934
INFO:__main__:Predicted uncertainity -0.7533
INFO:__main__:Completed epoch 48 of 100

INFO:__main__:NLL: 0.0770, L2: 0.0085, Reg: 0.0567
INFO:__main__:Total loss 0.1423
INFO:__main__:Predicted mean: -0.3813
INFO:__main__:Predicted uncertainity -0.8006
INFO:__main__:Completed epoch 49 of 100

INFO:__main__:NLL: 0.0829, L2: 0.0084, Reg: 0.0567
INFO:__main__:Total loss 0.1479
INFO:__main__:Predicted mean: -0.4122
INFO:__main__:Predicted uncertainity -0.7088
INFO:__main__:Completed epoch 50 of 100

INFO:__main__:NLL: 0.1210, L2: 0.0080, Reg: 0.0567
INFO:__main__:Total loss 0.1857
INFO:__main__:Predicted mean: -0.4124
INFO:__main__:Predicted uncertainity -0.8563
INFO:__main__:Completed epoch 51 of 100

INFO:__main__:NLL: 0.1380, L2: 0.0079, Reg: 0.0567
INFO:__main__:Total loss 0.2026
INFO:__main__:Predicted mean: -0.4055
INFO:__main__:Predicted uncertainity -0.7718
INFO:__main__:Completed epoch 52 of 100

INFO:__main__:NLL: 0.2045, L2: 0.0080, Reg: 0.0567
INFO:__main__:Total loss 0.2692
INFO:__main__:Predicted mean: -0.3957
INFO:__main__:Predicted uncertainity -0.7294
INFO:__main__:Completed epoch 53 of 100

INFO:__main__:NLL: 0.0424, L2: 0.0084, Reg: 0.0567
INFO:__main__:Total loss 0.1075
INFO:__main__:Predicted mean: -0.3636
INFO:__main__:Predicted uncertainity -0.7450
INFO:__main__:Completed epoch 54 of 100

INFO:__main__:NLL: 0.1182, L2: 0.0088, Reg: 0.0567
INFO:__main__:Total loss 0.1837
INFO:__main__:Predicted mean: -0.3605
INFO:__main__:Predicted uncertainity -0.7863
INFO:__main__:Completed epoch 55 of 100

INFO:__main__:NLL: 0.1046, L2: 0.0088, Reg: 0.0567
INFO:__main__:Total loss 0.1702
INFO:__main__:Predicted mean: -0.4109
INFO:__main__:Predicted uncertainity -0.7427
INFO:__main__:Completed epoch 56 of 100

INFO:__main__:NLL: 0.0842, L2: 0.0087, Reg: 0.0567
INFO:__main__:Total loss 0.1496
INFO:__main__:Predicted mean: -0.3379
INFO:__main__:Predicted uncertainity -0.8410
INFO:__main__:Completed epoch 57 of 100

INFO:__main__:NLL: 0.1367, L2: 0.0085, Reg: 0.0567
INFO:__main__:Total loss 0.2019
INFO:__main__:Predicted mean: -0.3484
INFO:__main__:Predicted uncertainity -0.7727
INFO:__main__:Completed epoch 58 of 100

INFO:__main__:NLL: 0.1456, L2: 0.0079, Reg: 0.0567
INFO:__main__:Total loss 0.2103
INFO:__main__:Predicted mean: -0.3624
INFO:__main__:Predicted uncertainity -0.8041
INFO:__main__:Completed epoch 59 of 100

INFO:__main__:NLL: 0.0023, L2: 0.0083, Reg: 0.0567
INFO:__main__:Total loss 0.0673
INFO:__main__:Predicted mean: -0.3602
INFO:__main__:Predicted uncertainity -0.5972
INFO:__main__:Completed epoch 60 of 100

INFO:__main__:NLL: 0.0311, L2: 0.0086, Reg: 0.0567
INFO:__main__:Total loss 0.0963
INFO:__main__:Predicted mean: -0.3923
INFO:__main__:Predicted uncertainity -0.6407
INFO:__main__:Completed epoch 61 of 100

INFO:__main__:NLL: 0.1796, L2: 0.0082, Reg: 0.0567
INFO:__main__:Total loss 0.2445
INFO:__main__:Predicted mean: -0.3777
INFO:__main__:Predicted uncertainity -0.7803
INFO:__main__:Completed epoch 62 of 100

INFO:__main__:NLL: -0.0132, L2: 0.0085, Reg: 0.0567
INFO:__main__:Total loss 0.0520
INFO:__main__:Predicted mean: -0.3627
INFO:__main__:Predicted uncertainity -0.7719
INFO:__main__:Completed epoch 63 of 100

INFO:__main__:NLL: 0.2923, L2: 0.0083, Reg: 0.0567
INFO:__main__:Total loss 0.3574
INFO:__main__:Predicted mean: -0.3892
INFO:__main__:Predicted uncertainity -0.8007
INFO:__main__:Completed epoch 64 of 100

INFO:__main__:NLL: -0.0396, L2: 0.0084, Reg: 0.0567
INFO:__main__:Total loss 0.0254
INFO:__main__:Predicted mean: -0.4323
INFO:__main__:Predicted uncertainity -0.8180
INFO:__main__:Completed epoch 65 of 100

INFO:__main__:NLL: 0.1084, L2: 0.0080, Reg: 0.0567
INFO:__main__:Total loss 0.1731
INFO:__main__:Predicted mean: -0.3465
INFO:__main__:Predicted uncertainity -0.7072
INFO:__main__:Completed epoch 66 of 100

INFO:__main__:NLL: 0.0661, L2: 0.0084, Reg: 0.0567
INFO:__main__:Total loss 0.1312
INFO:__main__:Predicted mean: -0.4298
INFO:__main__:Predicted uncertainity -0.7917
INFO:__main__:Completed epoch 67 of 100

INFO:__main__:NLL: 0.0784, L2: 0.0082, Reg: 0.0567
INFO:__main__:Total loss 0.1433
INFO:__main__:Predicted mean: -0.3301
INFO:__main__:Predicted uncertainity -0.7248
INFO:__main__:Completed epoch 68 of 100

INFO:__main__:NLL: 0.1180, L2: 0.0084, Reg: 0.0567
INFO:__main__:Total loss 0.1830
INFO:__main__:Predicted mean: -0.3412
INFO:__main__:Predicted uncertainity -0.7993
INFO:__main__:Completed epoch 69 of 100

INFO:__main__:NLL: -0.0785, L2: 0.0089, Reg: 0.0567
INFO:__main__:Total loss -0.0129
INFO:__main__:Predicted mean: -0.3488
INFO:__main__:Predicted uncertainity -0.7898
INFO:__main__:Completed epoch 70 of 100

INFO:__main__:NLL: 0.0710, L2: 0.0086, Reg: 0.0567
INFO:__main__:Total loss 0.1363
INFO:__main__:Predicted mean: -0.3658
INFO:__main__:Predicted uncertainity -0.7335
INFO:__main__:Completed epoch 71 of 100

INFO:__main__:NLL: 0.0914, L2: 0.0081, Reg: 0.0567
INFO:__main__:Total loss 0.1562
INFO:__main__:Predicted mean: -0.3625
INFO:__main__:Predicted uncertainity -0.8585
INFO:__main__:Completed epoch 72 of 100

INFO:__main__:NLL: -0.0687, L2: 0.0087, Reg: 0.0567
INFO:__main__:Total loss -0.0032
INFO:__main__:Predicted mean: -0.3919
INFO:__main__:Predicted uncertainity -0.7519
INFO:__main__:Completed epoch 73 of 100

INFO:__main__:NLL: 0.0459, L2: 0.0089, Reg: 0.0567
INFO:__main__:Total loss 0.1115
INFO:__main__:Predicted mean: -0.3733
INFO:__main__:Predicted uncertainity -0.9229
INFO:__main__:Completed epoch 74 of 100

INFO:__main__:NLL: 0.1432, L2: 0.0089, Reg: 0.0567
INFO:__main__:Total loss 0.2088
INFO:__main__:Predicted mean: -0.4114
INFO:__main__:Predicted uncertainity -0.7551
INFO:__main__:Completed epoch 75 of 100

INFO:__main__:NLL: 0.0455, L2: 0.0090, Reg: 0.0567
INFO:__main__:Total loss 0.1112
INFO:__main__:Predicted mean: -0.3763
INFO:__main__:Predicted uncertainity -0.6742
INFO:__main__:Completed epoch 76 of 100

INFO:__main__:NLL: 0.1427, L2: 0.0085, Reg: 0.0567
INFO:__main__:Total loss 0.2079
INFO:__main__:Predicted mean: -0.3391
INFO:__main__:Predicted uncertainity -0.6296
INFO:__main__:Completed epoch 77 of 100

INFO:__main__:NLL: 0.0292, L2: 0.0090, Reg: 0.0567
INFO:__main__:Total loss 0.0949
INFO:__main__:Predicted mean: -0.3995
INFO:__main__:Predicted uncertainity -0.7270
INFO:__main__:Completed epoch 78 of 100

INFO:__main__:NLL: 0.1263, L2: 0.0094, Reg: 0.0567
INFO:__main__:Total loss 0.1925
INFO:__main__:Predicted mean: -0.3360
INFO:__main__:Predicted uncertainity -0.7027
INFO:__main__:Completed epoch 79 of 100

INFO:__main__:NLL: 0.0573, L2: 0.0092, Reg: 0.0567
INFO:__main__:Total loss 0.1232
INFO:__main__:Predicted mean: -0.3883
INFO:__main__:Predicted uncertainity -0.6981
INFO:__main__:Completed epoch 80 of 100

INFO:__main__:NLL: -0.0472, L2: 0.0090, Reg: 0.0567
INFO:__main__:Total loss 0.0184
INFO:__main__:Predicted mean: -0.3269
INFO:__main__:Predicted uncertainity -0.7318
INFO:__main__:Completed epoch 81 of 100

INFO:__main__:NLL: 0.0766, L2: 0.0092, Reg: 0.0567
INFO:__main__:Total loss 0.1425
INFO:__main__:Predicted mean: -0.3394
INFO:__main__:Predicted uncertainity -0.7414
INFO:__main__:Completed epoch 82 of 100

INFO:__main__:NLL: 0.3032, L2: 0.0090, Reg: 0.0567
INFO:__main__:Total loss 0.3689
INFO:__main__:Predicted mean: -0.4056
INFO:__main__:Predicted uncertainity -0.7396
INFO:__main__:Completed epoch 83 of 100

INFO:__main__:NLL: 0.0087, L2: 0.0092, Reg: 0.0567
INFO:__main__:Total loss 0.0746
INFO:__main__:Predicted mean: -0.3639
INFO:__main__:Predicted uncertainity -0.6594
INFO:__main__:Completed epoch 84 of 100

INFO:__main__:NLL: 0.0853, L2: 0.0085, Reg: 0.0567
INFO:__main__:Total loss 0.1505
INFO:__main__:Predicted mean: -0.3319
INFO:__main__:Predicted uncertainity -0.7995
INFO:__main__:Completed epoch 85 of 100

INFO:__main__:NLL: -0.0358, L2: 0.0085, Reg: 0.0567
INFO:__main__:Total loss 0.0294
INFO:__main__:Predicted mean: -0.3467
INFO:__main__:Predicted uncertainity -0.7518
INFO:__main__:Completed epoch 86 of 100

INFO:__main__:NLL: 0.0029, L2: 0.0087, Reg: 0.0567
INFO:__main__:Total loss 0.0683
INFO:__main__:Predicted mean: -0.4357
INFO:__main__:Predicted uncertainity -0.7176
INFO:__main__:Completed epoch 87 of 100

INFO:__main__:NLL: 0.2065, L2: 0.0088, Reg: 0.0567
INFO:__main__:Total loss 0.2720
INFO:__main__:Predicted mean: -0.3202
INFO:__main__:Predicted uncertainity -0.8150
INFO:__main__:Completed epoch 88 of 100

INFO:__main__:NLL: 0.2808, L2: 0.0088, Reg: 0.0567
INFO:__main__:Total loss 0.3463
INFO:__main__:Predicted mean: -0.3536
INFO:__main__:Predicted uncertainity -0.7050
INFO:__main__:Completed epoch 89 of 100

INFO:__main__:NLL: 0.1193, L2: 0.0086, Reg: 0.0567
INFO:__main__:Total loss 0.1846
INFO:__main__:Predicted mean: -0.3485
INFO:__main__:Predicted uncertainity -0.6362
INFO:__main__:Completed epoch 90 of 100

INFO:__main__:NLL: 0.1350, L2: 0.0089, Reg: 0.0567
INFO:__main__:Total loss 0.2006
INFO:__main__:Predicted mean: -0.3432
INFO:__main__:Predicted uncertainity -0.7318
INFO:__main__:Completed epoch 91 of 100

INFO:__main__:NLL: 0.0595, L2: 0.0085, Reg: 0.0567
INFO:__main__:Total loss 0.1246
INFO:__main__:Predicted mean: -0.3965
INFO:__main__:Predicted uncertainity -0.7241
INFO:__main__:Completed epoch 92 of 100

INFO:__main__:NLL: 0.3019, L2: 0.0092, Reg: 0.0567
INFO:__main__:Total loss 0.3678
INFO:__main__:Predicted mean: -0.3473
INFO:__main__:Predicted uncertainity -0.7553
INFO:__main__:Completed epoch 93 of 100

INFO:__main__:NLL: 0.2725, L2: 0.0094, Reg: 0.0567
INFO:__main__:Total loss 0.3385
INFO:__main__:Predicted mean: -0.3961
INFO:__main__:Predicted uncertainity -0.8151
INFO:__main__:Completed epoch 94 of 100

INFO:__main__:NLL: 0.1142, L2: 0.0090, Reg: 0.0567
INFO:__main__:Total loss 0.1799
INFO:__main__:Predicted mean: -0.3866
INFO:__main__:Predicted uncertainity -0.7820
INFO:__main__:Completed epoch 95 of 100

INFO:__main__:NLL: 0.1899, L2: 0.0087, Reg: 0.0567
INFO:__main__:Total loss 0.2553
INFO:__main__:Predicted mean: -0.3819
INFO:__main__:Predicted uncertainity -0.7115
INFO:__main__:Completed epoch 96 of 100

INFO:__main__:NLL: 0.1993, L2: 0.0086, Reg: 0.0567
INFO:__main__:Total loss 0.2647
INFO:__main__:Predicted mean: -0.3708
INFO:__main__:Predicted uncertainity -0.7640
INFO:__main__:Completed epoch 97 of 100

INFO:__main__:NLL: 0.0037, L2: 0.0089, Reg: 0.0567
INFO:__main__:Total loss 0.0694
INFO:__main__:Predicted mean: -0.3438
INFO:__main__:Predicted uncertainity -0.7234
INFO:__main__:Completed epoch 98 of 100

INFO:__main__:NLL: -0.1492, L2: 0.0090, Reg: 0.0567
INFO:__main__:Total loss -0.0834
INFO:__main__:Predicted mean: -0.3341
INFO:__main__:Predicted uncertainity -0.8765
INFO:__main__:Completed epoch 99 of 100

INFO:__main__:NLL: 0.0892, L2: 0.0089, Reg: 0.0567
INFO:__main__:Total loss 0.1549
INFO:__main__:Predicted mean: -0.3931
INFO:__main__:Predicted uncertainity -0.7819
INFO:__main__:Completed epoch 100 of 100

INFO:__main__:658.247662 s
