INFO:__main__:PROCESS RUNNING ON cpu
INFO:__main__:NLL: 0.0446, L2: 0.0068, Reg: 0.0057
INFO:__main__:Total loss 0.0571
INFO:__main__:Predicted mean: -0.4504
INFO:__main__:Predicted uncertainity -0.7670
INFO:__main__:Completed epoch 1 of 100

INFO:__main__:NLL: 0.1049, L2: 0.0075, Reg: 0.0057
INFO:__main__:Total loss 0.1180
INFO:__main__:Predicted mean: -0.3744
INFO:__main__:Predicted uncertainity -0.7838
INFO:__main__:Completed epoch 2 of 100

INFO:__main__:NLL: 0.1045, L2: 0.0078, Reg: 0.0057
INFO:__main__:Total loss 0.1179
INFO:__main__:Predicted mean: -0.3899
INFO:__main__:Predicted uncertainity -0.6860
INFO:__main__:Completed epoch 3 of 100

INFO:__main__:NLL: -0.1549, L2: 0.0080, Reg: 0.0057
INFO:__main__:Total loss -0.1413
INFO:__main__:Predicted mean: -0.4488
INFO:__main__:Predicted uncertainity -0.8836
INFO:__main__:Completed epoch 4 of 100

INFO:__main__:NLL: 0.2535, L2: 0.0079, Reg: 0.0057
INFO:__main__:Total loss 0.2671
INFO:__main__:Predicted mean: -0.3579
INFO:__main__:Predicted uncertainity -0.7730
INFO:__main__:Completed epoch 5 of 100

INFO:__main__:NLL: 0.0330, L2: 0.0084, Reg: 0.0057
INFO:__main__:Total loss 0.0470
INFO:__main__:Predicted mean: -0.3484
INFO:__main__:Predicted uncertainity -0.6558
INFO:__main__:Completed epoch 6 of 100

INFO:__main__:NLL: -0.0566, L2: 0.0082, Reg: 0.0057
INFO:__main__:Total loss -0.0427
INFO:__main__:Predicted mean: -0.3633
INFO:__main__:Predicted uncertainity -0.7515
INFO:__main__:Completed epoch 7 of 100

INFO:__main__:NLL: 0.1949, L2: 0.0093, Reg: 0.0057
INFO:__main__:Total loss 0.2099
INFO:__main__:Predicted mean: -0.4399
INFO:__main__:Predicted uncertainity -0.7501
INFO:__main__:Completed epoch 8 of 100

INFO:__main__:NLL: 0.0379, L2: 0.0096, Reg: 0.0057
INFO:__main__:Total loss 0.0531
INFO:__main__:Predicted mean: -0.4081
INFO:__main__:Predicted uncertainity -0.8452
INFO:__main__:Completed epoch 9 of 100

INFO:__main__:NLL: 0.2592, L2: 0.0092, Reg: 0.0057
INFO:__main__:Total loss 0.2740
INFO:__main__:Predicted mean: -0.3565
INFO:__main__:Predicted uncertainity -0.7718
INFO:__main__:Completed epoch 10 of 100

INFO:__main__:NLL: 0.0404, L2: 0.0090, Reg: 0.0057
INFO:__main__:Total loss 0.0552
INFO:__main__:Predicted mean: -0.3912
INFO:__main__:Predicted uncertainity -0.8199
INFO:__main__:Completed epoch 11 of 100

INFO:__main__:NLL: 0.1615, L2: 0.0087, Reg: 0.0057
INFO:__main__:Total loss 0.1758
INFO:__main__:Predicted mean: -0.4258
INFO:__main__:Predicted uncertainity -0.7250
INFO:__main__:Completed epoch 12 of 100

INFO:__main__:NLL: 0.0229, L2: 0.0089, Reg: 0.0057
INFO:__main__:Total loss 0.0375
INFO:__main__:Predicted mean: -0.3762
INFO:__main__:Predicted uncertainity -0.7014
INFO:__main__:Completed epoch 13 of 100

INFO:__main__:NLL: 0.0575, L2: 0.0085, Reg: 0.0057
INFO:__main__:Total loss 0.0717
INFO:__main__:Predicted mean: -0.4112
INFO:__main__:Predicted uncertainity -0.7834
INFO:__main__:Completed epoch 14 of 100

INFO:__main__:NLL: 0.0680, L2: 0.0084, Reg: 0.0057
INFO:__main__:Total loss 0.0821
INFO:__main__:Predicted mean: -0.3445
INFO:__main__:Predicted uncertainity -0.7905
INFO:__main__:Completed epoch 15 of 100

INFO:__main__:NLL: 0.1125, L2: 0.0079, Reg: 0.0057
INFO:__main__:Total loss 0.1261
INFO:__main__:Predicted mean: -0.4025
INFO:__main__:Predicted uncertainity -0.7303
INFO:__main__:Completed epoch 16 of 100

INFO:__main__:NLL: 0.1247, L2: 0.0091, Reg: 0.0057
INFO:__main__:Total loss 0.1394
INFO:__main__:Predicted mean: -0.3989
INFO:__main__:Predicted uncertainity -0.8332
INFO:__main__:Completed epoch 17 of 100

INFO:__main__:NLL: 0.0689, L2: 0.0096, Reg: 0.0057
INFO:__main__:Total loss 0.0841
INFO:__main__:Predicted mean: -0.3660
INFO:__main__:Predicted uncertainity -0.7771
INFO:__main__:Completed epoch 18 of 100

INFO:__main__:NLL: -0.0664, L2: 0.0093, Reg: 0.0057
INFO:__main__:Total loss -0.0514
INFO:__main__:Predicted mean: -0.3712
INFO:__main__:Predicted uncertainity -0.7277
INFO:__main__:Completed epoch 19 of 100

INFO:__main__:NLL: 0.0276, L2: 0.0090, Reg: 0.0057
INFO:__main__:Total loss 0.0422
INFO:__main__:Predicted mean: -0.3700
INFO:__main__:Predicted uncertainity -0.6886
INFO:__main__:Completed epoch 20 of 100

INFO:__main__:NLL: 0.0653, L2: 0.0094, Reg: 0.0057
INFO:__main__:Total loss 0.0803
INFO:__main__:Predicted mean: -0.3771
INFO:__main__:Predicted uncertainity -0.6015
INFO:__main__:Completed epoch 21 of 100

INFO:__main__:NLL: 0.0187, L2: 0.0094, Reg: 0.0057
INFO:__main__:Total loss 0.0338
INFO:__main__:Predicted mean: -0.3636
INFO:__main__:Predicted uncertainity -0.7597
INFO:__main__:Completed epoch 22 of 100

INFO:__main__:NLL: 0.3737, L2: 0.0086, Reg: 0.0057
INFO:__main__:Total loss 0.3880
INFO:__main__:Predicted mean: -0.3855
INFO:__main__:Predicted uncertainity -0.8124
INFO:__main__:Completed epoch 23 of 100

INFO:__main__:NLL: -0.0080, L2: 0.0085, Reg: 0.0057
INFO:__main__:Total loss 0.0062
INFO:__main__:Predicted mean: -0.3562
INFO:__main__:Predicted uncertainity -0.7192
INFO:__main__:Completed epoch 24 of 100

INFO:__main__:NLL: 0.0432, L2: 0.0086, Reg: 0.0057
INFO:__main__:Total loss 0.0575
INFO:__main__:Predicted mean: -0.3185
INFO:__main__:Predicted uncertainity -0.7344
INFO:__main__:Completed epoch 25 of 100

INFO:__main__:NLL: 0.1673, L2: 0.0092, Reg: 0.0057
INFO:__main__:Total loss 0.1822
INFO:__main__:Predicted mean: -0.3755
INFO:__main__:Predicted uncertainity -0.7285
INFO:__main__:Completed epoch 26 of 100

INFO:__main__:NLL: 0.0650, L2: 0.0088, Reg: 0.0057
INFO:__main__:Total loss 0.0795
INFO:__main__:Predicted mean: -0.3273
INFO:__main__:Predicted uncertainity -0.7241
INFO:__main__:Completed epoch 27 of 100

INFO:__main__:NLL: -0.0712, L2: 0.0085, Reg: 0.0057
INFO:__main__:Total loss -0.0570
INFO:__main__:Predicted mean: -0.3806
INFO:__main__:Predicted uncertainity -0.8881
INFO:__main__:Completed epoch 28 of 100

INFO:__main__:NLL: 0.1065, L2: 0.0089, Reg: 0.0057
INFO:__main__:Total loss 0.1210
INFO:__main__:Predicted mean: -0.3653
INFO:__main__:Predicted uncertainity -0.7521
INFO:__main__:Completed epoch 29 of 100

INFO:__main__:NLL: 0.0727, L2: 0.0087, Reg: 0.0057
INFO:__main__:Total loss 0.0871
INFO:__main__:Predicted mean: -0.3728
INFO:__main__:Predicted uncertainity -0.7816
INFO:__main__:Completed epoch 30 of 100

INFO:__main__:NLL: -0.1262, L2: 0.0094, Reg: 0.0057
INFO:__main__:Total loss -0.1111
INFO:__main__:Predicted mean: -0.3086
INFO:__main__:Predicted uncertainity -0.7673
INFO:__main__:Completed epoch 31 of 100

INFO:__main__:NLL: 0.0591, L2: 0.0090, Reg: 0.0057
INFO:__main__:Total loss 0.0738
INFO:__main__:Predicted mean: -0.3473
INFO:__main__:Predicted uncertainity -0.8124
INFO:__main__:Completed epoch 32 of 100

INFO:__main__:NLL: 0.1212, L2: 0.0090, Reg: 0.0057
INFO:__main__:Total loss 0.1358
INFO:__main__:Predicted mean: -0.4114
INFO:__main__:Predicted uncertainity -0.8902
INFO:__main__:Completed epoch 33 of 100

INFO:__main__:NLL: 0.0496, L2: 0.0090, Reg: 0.0057
INFO:__main__:Total loss 0.0643
INFO:__main__:Predicted mean: -0.3674
INFO:__main__:Predicted uncertainity -0.7526
INFO:__main__:Completed epoch 34 of 100

INFO:__main__:NLL: 0.0906, L2: 0.0091, Reg: 0.0057
INFO:__main__:Total loss 0.1054
INFO:__main__:Predicted mean: -0.3802
INFO:__main__:Predicted uncertainity -0.7441
INFO:__main__:Completed epoch 35 of 100

INFO:__main__:NLL: 0.1243, L2: 0.0090, Reg: 0.0057
INFO:__main__:Total loss 0.1389
INFO:__main__:Predicted mean: -0.3468
INFO:__main__:Predicted uncertainity -0.8713
INFO:__main__:Completed epoch 36 of 100

INFO:__main__:NLL: 0.3079, L2: 0.0092, Reg: 0.0057
INFO:__main__:Total loss 0.3227
INFO:__main__:Predicted mean: -0.4025
INFO:__main__:Predicted uncertainity -0.7535
INFO:__main__:Completed epoch 37 of 100

INFO:__main__:NLL: -0.0529, L2: 0.0090, Reg: 0.0057
INFO:__main__:Total loss -0.0382
INFO:__main__:Predicted mean: -0.3456
INFO:__main__:Predicted uncertainity -0.8380
INFO:__main__:Completed epoch 38 of 100

INFO:__main__:NLL: 0.1344, L2: 0.0097, Reg: 0.0057
INFO:__main__:Total loss 0.1498
INFO:__main__:Predicted mean: -0.4927
INFO:__main__:Predicted uncertainity -0.8442
INFO:__main__:Completed epoch 39 of 100

INFO:__main__:NLL: 0.0664, L2: 0.0098, Reg: 0.0057
INFO:__main__:Total loss 0.0819
INFO:__main__:Predicted mean: -0.3845
INFO:__main__:Predicted uncertainity -0.7107
INFO:__main__:Completed epoch 40 of 100

INFO:__main__:NLL: 0.0551, L2: 0.0093, Reg: 0.0057
INFO:__main__:Total loss 0.0701
INFO:__main__:Predicted mean: -0.3049
INFO:__main__:Predicted uncertainity -0.6617
INFO:__main__:Completed epoch 41 of 100

INFO:__main__:NLL: 0.3441, L2: 0.0088, Reg: 0.0057
INFO:__main__:Total loss 0.3585
INFO:__main__:Predicted mean: -0.4286
INFO:__main__:Predicted uncertainity -0.7751
INFO:__main__:Completed epoch 42 of 100

INFO:__main__:NLL: 0.0310, L2: 0.0090, Reg: 0.0057
INFO:__main__:Total loss 0.0457
INFO:__main__:Predicted mean: -0.3751
INFO:__main__:Predicted uncertainity -0.7864
INFO:__main__:Completed epoch 43 of 100

INFO:__main__:NLL: -0.0431, L2: 0.0104, Reg: 0.0057
INFO:__main__:Total loss -0.0270
INFO:__main__:Predicted mean: -0.3247
INFO:__main__:Predicted uncertainity -0.7524
INFO:__main__:Completed epoch 44 of 100

INFO:__main__:NLL: 0.1579, L2: 0.0096, Reg: 0.0057
INFO:__main__:Total loss 0.1731
INFO:__main__:Predicted mean: -0.3448
INFO:__main__:Predicted uncertainity -0.7824
INFO:__main__:Completed epoch 45 of 100

INFO:__main__:NLL: 0.0830, L2: 0.0093, Reg: 0.0057
INFO:__main__:Total loss 0.0980
INFO:__main__:Predicted mean: -0.3069
INFO:__main__:Predicted uncertainity -0.7280
INFO:__main__:Completed epoch 46 of 100

INFO:__main__:NLL: -0.0035, L2: 0.0089, Reg: 0.0057
INFO:__main__:Total loss 0.0111
INFO:__main__:Predicted mean: -0.4075
INFO:__main__:Predicted uncertainity -0.7521
INFO:__main__:Completed epoch 47 of 100

INFO:__main__:NLL: 0.3170, L2: 0.0093, Reg: 0.0057
INFO:__main__:Total loss 0.3320
INFO:__main__:Predicted mean: -0.4124
INFO:__main__:Predicted uncertainity -0.6563
INFO:__main__:Completed epoch 48 of 100

INFO:__main__:NLL: 0.0978, L2: 0.0089, Reg: 0.0057
INFO:__main__:Total loss 0.1124
INFO:__main__:Predicted mean: -0.3547
INFO:__main__:Predicted uncertainity -0.7892
INFO:__main__:Completed epoch 49 of 100

INFO:__main__:NLL: 0.0339, L2: 0.0087, Reg: 0.0057
INFO:__main__:Total loss 0.0483
INFO:__main__:Predicted mean: -0.3865
INFO:__main__:Predicted uncertainity -0.6692
INFO:__main__:Completed epoch 50 of 100

INFO:__main__:NLL: 0.1441, L2: 0.0091, Reg: 0.0057
INFO:__main__:Total loss 0.1589
INFO:__main__:Predicted mean: -0.4017
INFO:__main__:Predicted uncertainity -0.8391
INFO:__main__:Completed epoch 51 of 100

INFO:__main__:NLL: 0.0451, L2: 0.0088, Reg: 0.0057
INFO:__main__:Total loss 0.0596
INFO:__main__:Predicted mean: -0.3902
INFO:__main__:Predicted uncertainity -0.7570
INFO:__main__:Completed epoch 52 of 100

INFO:__main__:NLL: 0.2211, L2: 0.0092, Reg: 0.0057
INFO:__main__:Total loss 0.2360
INFO:__main__:Predicted mean: -0.3980
INFO:__main__:Predicted uncertainity -0.6990
INFO:__main__:Completed epoch 53 of 100

INFO:__main__:NLL: 0.0557, L2: 0.0095, Reg: 0.0057
INFO:__main__:Total loss 0.0709
INFO:__main__:Predicted mean: -0.3482
INFO:__main__:Predicted uncertainity -0.7763
INFO:__main__:Completed epoch 54 of 100

INFO:__main__:NLL: 0.1242, L2: 0.0099, Reg: 0.0057
INFO:__main__:Total loss 0.1397
INFO:__main__:Predicted mean: -0.4068
INFO:__main__:Predicted uncertainity -0.8123
INFO:__main__:Completed epoch 55 of 100

INFO:__main__:NLL: 0.0904, L2: 0.0099, Reg: 0.0057
INFO:__main__:Total loss 0.1060
INFO:__main__:Predicted mean: -0.4009
INFO:__main__:Predicted uncertainity -0.7410
INFO:__main__:Completed epoch 56 of 100

INFO:__main__:NLL: 0.0906, L2: 0.0095, Reg: 0.0057
INFO:__main__:Total loss 0.1058
INFO:__main__:Predicted mean: -0.3150
INFO:__main__:Predicted uncertainity -0.8110
INFO:__main__:Completed epoch 57 of 100

INFO:__main__:NLL: 0.1319, L2: 0.0100, Reg: 0.0057
INFO:__main__:Total loss 0.1476
INFO:__main__:Predicted mean: -0.4051
INFO:__main__:Predicted uncertainity -0.7986
INFO:__main__:Completed epoch 58 of 100

INFO:__main__:NLL: 0.1472, L2: 0.0095, Reg: 0.0057
INFO:__main__:Total loss 0.1623
INFO:__main__:Predicted mean: -0.3828
INFO:__main__:Predicted uncertainity -0.7672
INFO:__main__:Completed epoch 59 of 100

INFO:__main__:NLL: 0.0183, L2: 0.0089, Reg: 0.0057
INFO:__main__:Total loss 0.0329
INFO:__main__:Predicted mean: -0.3832
INFO:__main__:Predicted uncertainity -0.5983
INFO:__main__:Completed epoch 60 of 100

INFO:__main__:NLL: 0.0001, L2: 0.0087, Reg: 0.0057
INFO:__main__:Total loss 0.0146
INFO:__main__:Predicted mean: -0.3425
INFO:__main__:Predicted uncertainity -0.6381
INFO:__main__:Completed epoch 61 of 100

INFO:__main__:NLL: 0.1307, L2: 0.0090, Reg: 0.0057
INFO:__main__:Total loss 0.1454
INFO:__main__:Predicted mean: -0.3561
INFO:__main__:Predicted uncertainity -0.7606
INFO:__main__:Completed epoch 62 of 100

INFO:__main__:NLL: 0.0382, L2: 0.0089, Reg: 0.0057
INFO:__main__:Total loss 0.0527
INFO:__main__:Predicted mean: -0.3378
INFO:__main__:Predicted uncertainity -0.7853
INFO:__main__:Completed epoch 63 of 100

INFO:__main__:NLL: 0.2402, L2: 0.0088, Reg: 0.0057
INFO:__main__:Total loss 0.2547
INFO:__main__:Predicted mean: -0.4177
INFO:__main__:Predicted uncertainity -0.7943
INFO:__main__:Completed epoch 64 of 100

INFO:__main__:NLL: -0.0329, L2: 0.0085, Reg: 0.0057
INFO:__main__:Total loss -0.0187
INFO:__main__:Predicted mean: -0.4395
INFO:__main__:Predicted uncertainity -0.7784
INFO:__main__:Completed epoch 65 of 100

INFO:__main__:NLL: 0.1404, L2: 0.0081, Reg: 0.0057
INFO:__main__:Total loss 0.1542
INFO:__main__:Predicted mean: -0.3581
INFO:__main__:Predicted uncertainity -0.7443
INFO:__main__:Completed epoch 66 of 100

INFO:__main__:NLL: 0.0221, L2: 0.0086, Reg: 0.0057
INFO:__main__:Total loss 0.0363
INFO:__main__:Predicted mean: -0.4225
INFO:__main__:Predicted uncertainity -0.7773
INFO:__main__:Completed epoch 67 of 100

INFO:__main__:NLL: 0.1097, L2: 0.0087, Reg: 0.0057
INFO:__main__:Total loss 0.1240
INFO:__main__:Predicted mean: -0.3462
INFO:__main__:Predicted uncertainity -0.7399
INFO:__main__:Completed epoch 68 of 100

INFO:__main__:NLL: 0.1079, L2: 0.0083, Reg: 0.0057
INFO:__main__:Total loss 0.1219
INFO:__main__:Predicted mean: -0.3884
INFO:__main__:Predicted uncertainity -0.8042
INFO:__main__:Completed epoch 69 of 100

INFO:__main__:NLL: -0.0811, L2: 0.0082, Reg: 0.0057
INFO:__main__:Total loss -0.0672
INFO:__main__:Predicted mean: -0.3599
INFO:__main__:Predicted uncertainity -0.7790
INFO:__main__:Completed epoch 70 of 100

INFO:__main__:NLL: 0.0802, L2: 0.0086, Reg: 0.0057
INFO:__main__:Total loss 0.0946
INFO:__main__:Predicted mean: -0.4047
INFO:__main__:Predicted uncertainity -0.7081
INFO:__main__:Completed epoch 71 of 100

INFO:__main__:NLL: 0.1430, L2: 0.0085, Reg: 0.0057
INFO:__main__:Total loss 0.1572
INFO:__main__:Predicted mean: -0.3571
INFO:__main__:Predicted uncertainity -0.7444
INFO:__main__:Completed epoch 72 of 100

INFO:__main__:NLL: -0.0335, L2: 0.0088, Reg: 0.0057
INFO:__main__:Total loss -0.0190
INFO:__main__:Predicted mean: -0.3769
INFO:__main__:Predicted uncertainity -0.6682
INFO:__main__:Completed epoch 73 of 100

INFO:__main__:NLL: 0.0553, L2: 0.0084, Reg: 0.0057
INFO:__main__:Total loss 0.0694
INFO:__main__:Predicted mean: -0.3807
INFO:__main__:Predicted uncertainity -0.9561
INFO:__main__:Completed epoch 74 of 100

INFO:__main__:NLL: 0.1218, L2: 0.0080, Reg: 0.0057
INFO:__main__:Total loss 0.1354
INFO:__main__:Predicted mean: -0.4137
INFO:__main__:Predicted uncertainity -0.6730
INFO:__main__:Completed epoch 75 of 100

INFO:__main__:NLL: -0.0168, L2: 0.0085, Reg: 0.0057
INFO:__main__:Total loss -0.0026
INFO:__main__:Predicted mean: -0.3943
INFO:__main__:Predicted uncertainity -0.7521
INFO:__main__:Completed epoch 76 of 100

INFO:__main__:NLL: 0.1414, L2: 0.0085, Reg: 0.0057
INFO:__main__:Total loss 0.1556
INFO:__main__:Predicted mean: -0.3257
INFO:__main__:Predicted uncertainity -0.5900
INFO:__main__:Completed epoch 77 of 100

INFO:__main__:NLL: 0.0057, L2: 0.0087, Reg: 0.0057
INFO:__main__:Total loss 0.0200
INFO:__main__:Predicted mean: -0.4119
INFO:__main__:Predicted uncertainity -0.7729
INFO:__main__:Completed epoch 78 of 100

INFO:__main__:NLL: 0.1350, L2: 0.0087, Reg: 0.0057
INFO:__main__:Total loss 0.1493
INFO:__main__:Predicted mean: -0.3526
INFO:__main__:Predicted uncertainity -0.7088
INFO:__main__:Completed epoch 79 of 100

INFO:__main__:NLL: -0.0308, L2: 0.0086, Reg: 0.0057
INFO:__main__:Total loss -0.0166
INFO:__main__:Predicted mean: -0.3841
INFO:__main__:Predicted uncertainity -0.6825
INFO:__main__:Completed epoch 80 of 100

INFO:__main__:NLL: 0.0057, L2: 0.0086, Reg: 0.0057
INFO:__main__:Total loss 0.0200
INFO:__main__:Predicted mean: -0.3380
INFO:__main__:Predicted uncertainity -0.7490
INFO:__main__:Completed epoch 81 of 100

INFO:__main__:NLL: 0.1011, L2: 0.0086, Reg: 0.0057
INFO:__main__:Total loss 0.1154
INFO:__main__:Predicted mean: -0.3540
INFO:__main__:Predicted uncertainity -0.7729
INFO:__main__:Completed epoch 82 of 100

INFO:__main__:NLL: 0.2656, L2: 0.0086, Reg: 0.0057
INFO:__main__:Total loss 0.2799
INFO:__main__:Predicted mean: -0.4274
INFO:__main__:Predicted uncertainity -0.7432
INFO:__main__:Completed epoch 83 of 100

INFO:__main__:NLL: -0.0050, L2: 0.0089, Reg: 0.0057
INFO:__main__:Total loss 0.0096
INFO:__main__:Predicted mean: -0.4074
INFO:__main__:Predicted uncertainity -0.6789
INFO:__main__:Completed epoch 84 of 100

INFO:__main__:NLL: 0.1486, L2: 0.0085, Reg: 0.0057
INFO:__main__:Total loss 0.1628
INFO:__main__:Predicted mean: -0.3191
INFO:__main__:Predicted uncertainity -0.7163
INFO:__main__:Completed epoch 85 of 100

INFO:__main__:NLL: -0.0951, L2: 0.0084, Reg: 0.0057
INFO:__main__:Total loss -0.0810
INFO:__main__:Predicted mean: -0.3481
INFO:__main__:Predicted uncertainity -0.7635
INFO:__main__:Completed epoch 86 of 100

INFO:__main__:NLL: 0.0605, L2: 0.0082, Reg: 0.0057
INFO:__main__:Total loss 0.0744
INFO:__main__:Predicted mean: -0.4174
INFO:__main__:Predicted uncertainity -0.7588
INFO:__main__:Completed epoch 87 of 100

INFO:__main__:NLL: 0.2360, L2: 0.0090, Reg: 0.0057
INFO:__main__:Total loss 0.2507
INFO:__main__:Predicted mean: -0.3533
INFO:__main__:Predicted uncertainity -0.8505
INFO:__main__:Completed epoch 88 of 100

INFO:__main__:NLL: 0.2836, L2: 0.0090, Reg: 0.0057
INFO:__main__:Total loss 0.2983
INFO:__main__:Predicted mean: -0.3488
INFO:__main__:Predicted uncertainity -0.7073
INFO:__main__:Completed epoch 89 of 100

INFO:__main__:NLL: 0.1530, L2: 0.0087, Reg: 0.0057
INFO:__main__:Total loss 0.1674
INFO:__main__:Predicted mean: -0.3462
INFO:__main__:Predicted uncertainity -0.7496
INFO:__main__:Completed epoch 90 of 100

INFO:__main__:NLL: 0.0543, L2: 0.0090, Reg: 0.0057
INFO:__main__:Total loss 0.0690
INFO:__main__:Predicted mean: -0.3591
INFO:__main__:Predicted uncertainity -0.6794
INFO:__main__:Completed epoch 91 of 100

INFO:__main__:NLL: 0.0047, L2: 0.0086, Reg: 0.0057
INFO:__main__:Total loss 0.0189
INFO:__main__:Predicted mean: -0.3885
INFO:__main__:Predicted uncertainity -0.7596
INFO:__main__:Completed epoch 92 of 100

INFO:__main__:NLL: 0.2741, L2: 0.0095, Reg: 0.0057
INFO:__main__:Total loss 0.2893
INFO:__main__:Predicted mean: -0.3287
INFO:__main__:Predicted uncertainity -0.7644
INFO:__main__:Completed epoch 93 of 100

INFO:__main__:NLL: 0.2467, L2: 0.0093, Reg: 0.0057
INFO:__main__:Total loss 0.2616
INFO:__main__:Predicted mean: -0.3862
INFO:__main__:Predicted uncertainity -0.7927
INFO:__main__:Completed epoch 94 of 100

INFO:__main__:NLL: 0.1209, L2: 0.0089, Reg: 0.0057
INFO:__main__:Total loss 0.1354
INFO:__main__:Predicted mean: -0.3792
INFO:__main__:Predicted uncertainity -0.7433
INFO:__main__:Completed epoch 95 of 100

INFO:__main__:NLL: 0.1616, L2: 0.0087, Reg: 0.0057
INFO:__main__:Total loss 0.1759
INFO:__main__:Predicted mean: -0.3838
INFO:__main__:Predicted uncertainity -0.7252
INFO:__main__:Completed epoch 96 of 100

INFO:__main__:NLL: 0.1680, L2: 0.0087, Reg: 0.0057
INFO:__main__:Total loss 0.1824
INFO:__main__:Predicted mean: -0.3595
INFO:__main__:Predicted uncertainity -0.7125
INFO:__main__:Completed epoch 97 of 100

INFO:__main__:NLL: -0.0330, L2: 0.0092, Reg: 0.0057
INFO:__main__:Total loss -0.0182
INFO:__main__:Predicted mean: -0.3329
INFO:__main__:Predicted uncertainity -0.7694
INFO:__main__:Completed epoch 98 of 100

INFO:__main__:NLL: -0.1502, L2: 0.0090, Reg: 0.0057
INFO:__main__:Total loss -0.1355
INFO:__main__:Predicted mean: -0.3287
INFO:__main__:Predicted uncertainity -0.8465
INFO:__main__:Completed epoch 99 of 100

INFO:__main__:NLL: 0.1158, L2: 0.0087, Reg: 0.0057
INFO:__main__:Total loss 0.1302
INFO:__main__:Predicted mean: -0.3755
INFO:__main__:Predicted uncertainity -0.7838
INFO:__main__:Completed epoch 100 of 100

INFO:__main__:694.826914 s
