INFO:__main__:PROCESS RUNNING ON cpu
INFO:__main__:NLL: 0.1232, L2: 0.0480, Reg: 0.5866
INFO:__main__:Total loss 0.7578
INFO:__main__:Predicted mean: -0.4296
INFO:__main__:Predicted uncertainity -0.6913
INFO:__main__:Completed epoch 1 of 100

INFO:__main__:NLL: 0.1332, L2: 0.0549, Reg: 0.5863
INFO:__main__:Total loss 0.7744
INFO:__main__:Predicted mean: -0.4641
INFO:__main__:Predicted uncertainity -0.8179
INFO:__main__:Completed epoch 2 of 100

INFO:__main__:NLL: 0.2444, L2: 0.0481, Reg: 0.5863
INFO:__main__:Total loss 0.8787
INFO:__main__:Predicted mean: -0.5027
INFO:__main__:Predicted uncertainity -0.6806
INFO:__main__:Completed epoch 3 of 100

INFO:__main__:NLL: 0.1839, L2: 0.0462, Reg: 0.5861
INFO:__main__:Total loss 0.8162
INFO:__main__:Predicted mean: -0.4423
INFO:__main__:Predicted uncertainity -0.7229
INFO:__main__:Completed epoch 4 of 100

INFO:__main__:NLL: 0.2021, L2: 0.0426, Reg: 0.5864
INFO:__main__:Total loss 0.8311
INFO:__main__:Predicted mean: -0.5017
INFO:__main__:Predicted uncertainity -0.6005
INFO:__main__:Completed epoch 5 of 100

INFO:__main__:NLL: 0.2151, L2: 0.0541, Reg: 0.5862
INFO:__main__:Total loss 0.8554
INFO:__main__:Predicted mean: -0.5059
INFO:__main__:Predicted uncertainity -0.7077
INFO:__main__:Completed epoch 6 of 100

INFO:__main__:NLL: 0.1683, L2: 0.0528, Reg: 0.5864
INFO:__main__:Total loss 0.8074
INFO:__main__:Predicted mean: -0.4557
INFO:__main__:Predicted uncertainity -0.6758
INFO:__main__:Completed epoch 7 of 100

INFO:__main__:NLL: 0.2504, L2: 0.0547, Reg: 0.5864
INFO:__main__:Total loss 0.8915
INFO:__main__:Predicted mean: -0.4961
INFO:__main__:Predicted uncertainity -0.6226
INFO:__main__:Completed epoch 8 of 100

INFO:__main__:NLL: 0.0424, L2: 0.0597, Reg: 0.5865
INFO:__main__:Total loss 0.6885
INFO:__main__:Predicted mean: -0.4364
INFO:__main__:Predicted uncertainity -0.8110
INFO:__main__:Completed epoch 9 of 100

INFO:__main__:NLL: 0.3197, L2: 0.0519, Reg: 0.5864
INFO:__main__:Total loss 0.9579
INFO:__main__:Predicted mean: -0.4697
INFO:__main__:Predicted uncertainity -0.7897
INFO:__main__:Completed epoch 10 of 100

INFO:__main__:NLL: 0.0985, L2: 0.0482, Reg: 0.5858
INFO:__main__:Total loss 0.7326
INFO:__main__:Predicted mean: -0.4627
INFO:__main__:Predicted uncertainity -0.7822
INFO:__main__:Completed epoch 11 of 100

INFO:__main__:NLL: 0.1969, L2: 0.0450, Reg: 0.5863
INFO:__main__:Total loss 0.8282
INFO:__main__:Predicted mean: -0.4120
INFO:__main__:Predicted uncertainity -0.5183
INFO:__main__:Completed epoch 12 of 100

INFO:__main__:NLL: 0.1499, L2: 0.0439, Reg: 0.5865
INFO:__main__:Total loss 0.7803
INFO:__main__:Predicted mean: -0.3810
INFO:__main__:Predicted uncertainity -0.6601
INFO:__main__:Completed epoch 13 of 100

INFO:__main__:NLL: 0.2409, L2: 0.0547, Reg: 0.5865
INFO:__main__:Total loss 0.8822
INFO:__main__:Predicted mean: -0.4596
INFO:__main__:Predicted uncertainity -0.7469
INFO:__main__:Completed epoch 14 of 100

INFO:__main__:NLL: 0.2146, L2: 0.0510, Reg: 0.5861
INFO:__main__:Total loss 0.8517
INFO:__main__:Predicted mean: -0.4053
INFO:__main__:Predicted uncertainity -0.7904
INFO:__main__:Completed epoch 15 of 100

INFO:__main__:NLL: 0.1943, L2: 0.0547, Reg: 0.5862
INFO:__main__:Total loss 0.8352
INFO:__main__:Predicted mean: -0.4360
INFO:__main__:Predicted uncertainity -0.7717
INFO:__main__:Completed epoch 16 of 100

INFO:__main__:NLL: 0.1258, L2: 0.0520, Reg: 0.5862
INFO:__main__:Total loss 0.7640
INFO:__main__:Predicted mean: -0.5008
INFO:__main__:Predicted uncertainity -0.7810
INFO:__main__:Completed epoch 17 of 100

INFO:__main__:NLL: 0.1548, L2: 0.0484, Reg: 0.5862
INFO:__main__:Total loss 0.7894
INFO:__main__:Predicted mean: -0.4318
INFO:__main__:Predicted uncertainity -0.7358
INFO:__main__:Completed epoch 18 of 100

INFO:__main__:NLL: 0.1350, L2: 0.0469, Reg: 0.5861
INFO:__main__:Total loss 0.7679
INFO:__main__:Predicted mean: -0.4388
INFO:__main__:Predicted uncertainity -0.6635
INFO:__main__:Completed epoch 19 of 100

INFO:__main__:NLL: 0.1631, L2: 0.0486, Reg: 0.5864
INFO:__main__:Total loss 0.7981
INFO:__main__:Predicted mean: -0.4316
INFO:__main__:Predicted uncertainity -0.5443
INFO:__main__:Completed epoch 20 of 100

INFO:__main__:NLL: 0.1333, L2: 0.0507, Reg: 0.5865
INFO:__main__:Total loss 0.7705
INFO:__main__:Predicted mean: -0.4644
INFO:__main__:Predicted uncertainity -0.6755
INFO:__main__:Completed epoch 21 of 100

INFO:__main__:NLL: 0.1947, L2: 0.0475, Reg: 0.5860
INFO:__main__:Total loss 0.8282
INFO:__main__:Predicted mean: -0.4258
INFO:__main__:Predicted uncertainity -0.6819
INFO:__main__:Completed epoch 22 of 100

INFO:__main__:NLL: 0.1764, L2: 0.0508, Reg: 0.5866
INFO:__main__:Total loss 0.8139
INFO:__main__:Predicted mean: -0.4578
INFO:__main__:Predicted uncertainity -0.5905
INFO:__main__:Completed epoch 23 of 100

INFO:__main__:NLL: 0.2274, L2: 0.0481, Reg: 0.5866
INFO:__main__:Total loss 0.8621
INFO:__main__:Predicted mean: -0.4261
INFO:__main__:Predicted uncertainity -0.6841
INFO:__main__:Completed epoch 24 of 100

INFO:__main__:NLL: 0.3685, L2: 0.0605, Reg: 0.5866
INFO:__main__:Total loss 1.0156
INFO:__main__:Predicted mean: -0.4243
INFO:__main__:Predicted uncertainity -0.7583
INFO:__main__:Completed epoch 25 of 100

INFO:__main__:NLL: 0.0949, L2: 0.0493, Reg: 0.5864
INFO:__main__:Total loss 0.7305
INFO:__main__:Predicted mean: -0.4593
INFO:__main__:Predicted uncertainity -0.6832
INFO:__main__:Completed epoch 26 of 100

INFO:__main__:NLL: 0.2701, L2: 0.0523, Reg: 0.5864
INFO:__main__:Total loss 0.9088
INFO:__main__:Predicted mean: -0.4464
INFO:__main__:Predicted uncertainity -0.7809
INFO:__main__:Completed epoch 27 of 100

INFO:__main__:NLL: 0.2012, L2: 0.0466, Reg: 0.5864
INFO:__main__:Total loss 0.8342
INFO:__main__:Predicted mean: -0.4328
INFO:__main__:Predicted uncertainity -0.6292
INFO:__main__:Completed epoch 28 of 100

INFO:__main__:NLL: 0.1973, L2: 0.0490, Reg: 0.5862
INFO:__main__:Total loss 0.8325
INFO:__main__:Predicted mean: -0.4394
INFO:__main__:Predicted uncertainity -0.6855
INFO:__main__:Completed epoch 29 of 100

INFO:__main__:NLL: 0.1498, L2: 0.0468, Reg: 0.5863
INFO:__main__:Total loss 0.7829
INFO:__main__:Predicted mean: -0.4078
INFO:__main__:Predicted uncertainity -0.6639
INFO:__main__:Completed epoch 30 of 100

INFO:__main__:NLL: 0.1999, L2: 0.0493, Reg: 0.5864
INFO:__main__:Total loss 0.8356
INFO:__main__:Predicted mean: -0.4516
INFO:__main__:Predicted uncertainity -0.7891
INFO:__main__:Completed epoch 31 of 100

INFO:__main__:NLL: 0.1195, L2: 0.0538, Reg: 0.5860
INFO:__main__:Total loss 0.7593
INFO:__main__:Predicted mean: -0.4465
INFO:__main__:Predicted uncertainity -0.7904
INFO:__main__:Completed epoch 32 of 100

INFO:__main__:NLL: 0.1762, L2: 0.0598, Reg: 0.5862
INFO:__main__:Total loss 0.8222
INFO:__main__:Predicted mean: -0.4844
INFO:__main__:Predicted uncertainity -0.6450
INFO:__main__:Completed epoch 33 of 100

INFO:__main__:NLL: 0.1540, L2: 0.0467, Reg: 0.5864
INFO:__main__:Total loss 0.7872
INFO:__main__:Predicted mean: -0.4675
INFO:__main__:Predicted uncertainity -0.6385
INFO:__main__:Completed epoch 34 of 100

INFO:__main__:NLL: 0.1071, L2: 0.0473, Reg: 0.5864
INFO:__main__:Total loss 0.7407
INFO:__main__:Predicted mean: -0.4324
INFO:__main__:Predicted uncertainity -0.6593
INFO:__main__:Completed epoch 35 of 100

INFO:__main__:NLL: 0.1585, L2: 0.0520, Reg: 0.5862
INFO:__main__:Total loss 0.7967
INFO:__main__:Predicted mean: -0.4266
INFO:__main__:Predicted uncertainity -0.7054
INFO:__main__:Completed epoch 36 of 100

INFO:__main__:NLL: 0.1415, L2: 0.0484, Reg: 0.5862
INFO:__main__:Total loss 0.7761
INFO:__main__:Predicted mean: -0.4727
INFO:__main__:Predicted uncertainity -0.6455
INFO:__main__:Completed epoch 37 of 100

INFO:__main__:NLL: 0.2703, L2: 0.0494, Reg: 0.5861
INFO:__main__:Total loss 0.9058
INFO:__main__:Predicted mean: -0.4405
INFO:__main__:Predicted uncertainity -0.7137
INFO:__main__:Completed epoch 38 of 100

INFO:__main__:NLL: 0.2143, L2: 0.0459, Reg: 0.5861
INFO:__main__:Total loss 0.8463
INFO:__main__:Predicted mean: -0.4252
INFO:__main__:Predicted uncertainity -0.6598
INFO:__main__:Completed epoch 39 of 100

INFO:__main__:NLL: 0.1608, L2: 0.0528, Reg: 0.5863
INFO:__main__:Total loss 0.7999
INFO:__main__:Predicted mean: -0.4910
INFO:__main__:Predicted uncertainity -0.6810
INFO:__main__:Completed epoch 40 of 100

INFO:__main__:NLL: 0.1352, L2: 0.0486, Reg: 0.5862
INFO:__main__:Total loss 0.7700
INFO:__main__:Predicted mean: -0.4375
INFO:__main__:Predicted uncertainity -0.7122
INFO:__main__:Completed epoch 41 of 100

INFO:__main__:NLL: 0.1295, L2: 0.0517, Reg: 0.5865
INFO:__main__:Total loss 0.7677
INFO:__main__:Predicted mean: -0.4760
INFO:__main__:Predicted uncertainity -0.6729
INFO:__main__:Completed epoch 42 of 100

INFO:__main__:NLL: 0.2264, L2: 0.0540, Reg: 0.5864
INFO:__main__:Total loss 0.8667
INFO:__main__:Predicted mean: -0.4460
INFO:__main__:Predicted uncertainity -0.6706
INFO:__main__:Completed epoch 43 of 100

INFO:__main__:NLL: 0.4376, L2: 0.0653, Reg: 0.5858
INFO:__main__:Total loss 1.0887
INFO:__main__:Predicted mean: -0.4655
INFO:__main__:Predicted uncertainity -0.7541
INFO:__main__:Completed epoch 44 of 100

INFO:__main__:NLL: 0.2520, L2: 0.0441, Reg: 0.5862
INFO:__main__:Total loss 0.8824
INFO:__main__:Predicted mean: -0.4562
INFO:__main__:Predicted uncertainity -0.6554
INFO:__main__:Completed epoch 45 of 100

INFO:__main__:NLL: 0.1251, L2: 0.0498, Reg: 0.5863
INFO:__main__:Total loss 0.7612
INFO:__main__:Predicted mean: -0.4239
INFO:__main__:Predicted uncertainity -0.6687
INFO:__main__:Completed epoch 46 of 100

INFO:__main__:NLL: 0.1653, L2: 0.0533, Reg: 0.5862
INFO:__main__:Total loss 0.8048
INFO:__main__:Predicted mean: -0.5062
INFO:__main__:Predicted uncertainity -0.8243
INFO:__main__:Completed epoch 47 of 100

INFO:__main__:NLL: 0.0945, L2: 0.0556, Reg: 0.5861
INFO:__main__:Total loss 0.7362
INFO:__main__:Predicted mean: -0.4461
INFO:__main__:Predicted uncertainity -0.6823
INFO:__main__:Completed epoch 48 of 100

INFO:__main__:NLL: 0.0416, L2: 0.0579, Reg: 0.5864
INFO:__main__:Total loss 0.6859
INFO:__main__:Predicted mean: -0.4822
INFO:__main__:Predicted uncertainity -0.7337
INFO:__main__:Completed epoch 49 of 100

INFO:__main__:NLL: 0.1932, L2: 0.0524, Reg: 0.5866
INFO:__main__:Total loss 0.8321
INFO:__main__:Predicted mean: -0.4244
INFO:__main__:Predicted uncertainity -0.6829
INFO:__main__:Completed epoch 50 of 100

INFO:__main__:NLL: 0.4413, L2: 0.0516, Reg: 0.5863
INFO:__main__:Total loss 1.0792
INFO:__main__:Predicted mean: -0.4393
INFO:__main__:Predicted uncertainity -0.6346
INFO:__main__:Completed epoch 51 of 100

INFO:__main__:NLL: 0.0757, L2: 0.0534, Reg: 0.5860
INFO:__main__:Total loss 0.7150
INFO:__main__:Predicted mean: -0.4763
INFO:__main__:Predicted uncertainity -0.6530
INFO:__main__:Completed epoch 52 of 100

INFO:__main__:NLL: 0.1183, L2: 0.0476, Reg: 0.5863
INFO:__main__:Total loss 0.7521
INFO:__main__:Predicted mean: -0.4108
INFO:__main__:Predicted uncertainity -0.6074
INFO:__main__:Completed epoch 53 of 100

INFO:__main__:NLL: 0.2656, L2: 0.0414, Reg: 0.5860
INFO:__main__:Total loss 0.8930
INFO:__main__:Predicted mean: -0.3982
INFO:__main__:Predicted uncertainity -0.5267
INFO:__main__:Completed epoch 54 of 100

INFO:__main__:NLL: 0.1846, L2: 0.0432, Reg: 0.5862
INFO:__main__:Total loss 0.8140
INFO:__main__:Predicted mean: -0.3906
INFO:__main__:Predicted uncertainity -0.6074
INFO:__main__:Completed epoch 55 of 100

INFO:__main__:NLL: 0.2815, L2: 0.0418, Reg: 0.5863
INFO:__main__:Total loss 0.9096
INFO:__main__:Predicted mean: -0.4043
INFO:__main__:Predicted uncertainity -0.6226
INFO:__main__:Completed epoch 56 of 100

INFO:__main__:NLL: 0.1669, L2: 0.0395, Reg: 0.5861
INFO:__main__:Total loss 0.7926
INFO:__main__:Predicted mean: -0.3791
INFO:__main__:Predicted uncertainity -0.6091
INFO:__main__:Completed epoch 57 of 100

INFO:__main__:NLL: 0.0672, L2: 0.0565, Reg: 0.5866
INFO:__main__:Total loss 0.7103
INFO:__main__:Predicted mean: -0.4574
INFO:__main__:Predicted uncertainity -0.7442
INFO:__main__:Completed epoch 58 of 100

INFO:__main__:NLL: 0.0975, L2: 0.0507, Reg: 0.5864
INFO:__main__:Total loss 0.7346
INFO:__main__:Predicted mean: -0.4230
INFO:__main__:Predicted uncertainity -0.6640
INFO:__main__:Completed epoch 59 of 100

INFO:__main__:NLL: 0.1828, L2: 0.0507, Reg: 0.5861
INFO:__main__:Total loss 0.8196
INFO:__main__:Predicted mean: -0.4520
INFO:__main__:Predicted uncertainity -0.6707
INFO:__main__:Completed epoch 60 of 100

INFO:__main__:NLL: 0.2290, L2: 0.0436, Reg: 0.5864
INFO:__main__:Total loss 0.8590
INFO:__main__:Predicted mean: -0.3775
INFO:__main__:Predicted uncertainity -0.6251
INFO:__main__:Completed epoch 61 of 100

INFO:__main__:NLL: 0.1840, L2: 0.0457, Reg: 0.5863
INFO:__main__:Total loss 0.8160
INFO:__main__:Predicted mean: -0.4057
INFO:__main__:Predicted uncertainity -0.6402
INFO:__main__:Completed epoch 62 of 100

INFO:__main__:NLL: 0.1437, L2: 0.0509, Reg: 0.5861
INFO:__main__:Total loss 0.7807
INFO:__main__:Predicted mean: -0.4385
INFO:__main__:Predicted uncertainity -0.5883
INFO:__main__:Completed epoch 63 of 100

INFO:__main__:NLL: 0.0774, L2: 0.0566, Reg: 0.5862
INFO:__main__:Total loss 0.7203
INFO:__main__:Predicted mean: -0.4619
INFO:__main__:Predicted uncertainity -0.5897
INFO:__main__:Completed epoch 64 of 100

INFO:__main__:NLL: 0.1032, L2: 0.0456, Reg: 0.5862
INFO:__main__:Total loss 0.7351
INFO:__main__:Predicted mean: -0.3961
INFO:__main__:Predicted uncertainity -0.6219
INFO:__main__:Completed epoch 65 of 100

INFO:__main__:NLL: 0.1626, L2: 0.0455, Reg: 0.5862
INFO:__main__:Total loss 0.7943
INFO:__main__:Predicted mean: -0.3992
INFO:__main__:Predicted uncertainity -0.5901
INFO:__main__:Completed epoch 66 of 100

INFO:__main__:NLL: 0.1372, L2: 0.0475, Reg: 0.5863
INFO:__main__:Total loss 0.7709
INFO:__main__:Predicted mean: -0.4338
INFO:__main__:Predicted uncertainity -0.6852
INFO:__main__:Completed epoch 67 of 100

INFO:__main__:NLL: 0.0838, L2: 0.0541, Reg: 0.5860
INFO:__main__:Total loss 0.7239
INFO:__main__:Predicted mean: -0.4553
INFO:__main__:Predicted uncertainity -0.7855
INFO:__main__:Completed epoch 68 of 100

INFO:__main__:NLL: 0.0895, L2: 0.0593, Reg: 0.5863
INFO:__main__:Total loss 0.7351
INFO:__main__:Predicted mean: -0.4719
INFO:__main__:Predicted uncertainity -0.7843
INFO:__main__:Completed epoch 69 of 100

INFO:__main__:NLL: 0.3740, L2: 0.0552, Reg: 0.5861
INFO:__main__:Total loss 1.0153
INFO:__main__:Predicted mean: -0.4774
INFO:__main__:Predicted uncertainity -0.6712
INFO:__main__:Completed epoch 70 of 100

INFO:__main__:NLL: 0.1114, L2: 0.0506, Reg: 0.5864
INFO:__main__:Total loss 0.7483
INFO:__main__:Predicted mean: -0.4992
INFO:__main__:Predicted uncertainity -0.6447
INFO:__main__:Completed epoch 71 of 100

INFO:__main__:NLL: 0.2610, L2: 0.0539, Reg: 0.5863
INFO:__main__:Total loss 0.9011
INFO:__main__:Predicted mean: -0.4633
INFO:__main__:Predicted uncertainity -0.8094
INFO:__main__:Completed epoch 72 of 100

INFO:__main__:NLL: 0.2131, L2: 0.0510, Reg: 0.5864
INFO:__main__:Total loss 0.8505
INFO:__main__:Predicted mean: -0.4858
INFO:__main__:Predicted uncertainity -0.7542
INFO:__main__:Completed epoch 73 of 100

INFO:__main__:NLL: 0.1770, L2: 0.0594, Reg: 0.5865
INFO:__main__:Total loss 0.8229
INFO:__main__:Predicted mean: -0.5051
INFO:__main__:Predicted uncertainity -0.6880
INFO:__main__:Completed epoch 74 of 100

INFO:__main__:NLL: 0.1213, L2: 0.0535, Reg: 0.5865
INFO:__main__:Total loss 0.7614
INFO:__main__:Predicted mean: -0.4780
INFO:__main__:Predicted uncertainity -0.6727
INFO:__main__:Completed epoch 75 of 100

INFO:__main__:NLL: 0.3130, L2: 0.0534, Reg: 0.5864
INFO:__main__:Total loss 0.9528
INFO:__main__:Predicted mean: -0.4665
INFO:__main__:Predicted uncertainity -0.7731
INFO:__main__:Completed epoch 76 of 100

INFO:__main__:NLL: 0.2413, L2: 0.0453, Reg: 0.5863
INFO:__main__:Total loss 0.8729
INFO:__main__:Predicted mean: -0.4863
INFO:__main__:Predicted uncertainity -0.6419
INFO:__main__:Completed epoch 77 of 100

INFO:__main__:NLL: 0.2784, L2: 0.0506, Reg: 0.5861
INFO:__main__:Total loss 0.9152
INFO:__main__:Predicted mean: -0.4649
INFO:__main__:Predicted uncertainity -0.6341
INFO:__main__:Completed epoch 78 of 100

INFO:__main__:NLL: 0.1567, L2: 0.0455, Reg: 0.5860
INFO:__main__:Total loss 0.7882
INFO:__main__:Predicted mean: -0.3630
INFO:__main__:Predicted uncertainity -0.6688
INFO:__main__:Completed epoch 79 of 100

INFO:__main__:NLL: 0.1226, L2: 0.0526, Reg: 0.5865
INFO:__main__:Total loss 0.7617
INFO:__main__:Predicted mean: -0.4470
INFO:__main__:Predicted uncertainity -0.6680
INFO:__main__:Completed epoch 80 of 100

INFO:__main__:NLL: 0.2411, L2: 0.0506, Reg: 0.5861
INFO:__main__:Total loss 0.8778
INFO:__main__:Predicted mean: -0.4728
INFO:__main__:Predicted uncertainity -0.5789
INFO:__main__:Completed epoch 81 of 100

INFO:__main__:NLL: 0.1912, L2: 0.0431, Reg: 0.5861
INFO:__main__:Total loss 0.8204
INFO:__main__:Predicted mean: -0.4386
INFO:__main__:Predicted uncertainity -0.6746
INFO:__main__:Completed epoch 82 of 100

INFO:__main__:NLL: 0.0530, L2: 0.0497, Reg: 0.5866
INFO:__main__:Total loss 0.6893
INFO:__main__:Predicted mean: -0.4685
INFO:__main__:Predicted uncertainity -0.7648
INFO:__main__:Completed epoch 83 of 100

INFO:__main__:NLL: 0.2905, L2: 0.0453, Reg: 0.5861
INFO:__main__:Total loss 0.9219
INFO:__main__:Predicted mean: -0.4378
INFO:__main__:Predicted uncertainity -0.6736
INFO:__main__:Completed epoch 84 of 100

INFO:__main__:NLL: 0.1426, L2: 0.0506, Reg: 0.5865
INFO:__main__:Total loss 0.7797
INFO:__main__:Predicted mean: -0.4630
INFO:__main__:Predicted uncertainity -0.6708
INFO:__main__:Completed epoch 85 of 100

INFO:__main__:NLL: 0.0516, L2: 0.0540, Reg: 0.5860
INFO:__main__:Total loss 0.6916
INFO:__main__:Predicted mean: -0.4522
INFO:__main__:Predicted uncertainity -0.6793
INFO:__main__:Completed epoch 86 of 100

INFO:__main__:NLL: 0.1304, L2: 0.0509, Reg: 0.5860
INFO:__main__:Total loss 0.7673
INFO:__main__:Predicted mean: -0.4396
INFO:__main__:Predicted uncertainity -0.6744
INFO:__main__:Completed epoch 87 of 100

INFO:__main__:NLL: 0.1404, L2: 0.0448, Reg: 0.5859
INFO:__main__:Total loss 0.7712
INFO:__main__:Predicted mean: -0.4478
INFO:__main__:Predicted uncertainity -0.6002
INFO:__main__:Completed epoch 88 of 100

INFO:__main__:NLL: 0.1817, L2: 0.0495, Reg: 0.5863
INFO:__main__:Total loss 0.8175
INFO:__main__:Predicted mean: -0.4016
INFO:__main__:Predicted uncertainity -0.6763
INFO:__main__:Completed epoch 89 of 100

INFO:__main__:NLL: 0.6215, L2: 0.0614, Reg: 0.5860
INFO:__main__:Total loss 1.2689
INFO:__main__:Predicted mean: -0.4464
INFO:__main__:Predicted uncertainity -0.7719
INFO:__main__:Completed epoch 90 of 100

INFO:__main__:NLL: 0.0462, L2: 0.0555, Reg: 0.5864
INFO:__main__:Total loss 0.6881
INFO:__main__:Predicted mean: -0.4991
INFO:__main__:Predicted uncertainity -0.7872
INFO:__main__:Completed epoch 91 of 100

INFO:__main__:NLL: 0.3137, L2: 0.0522, Reg: 0.5863
INFO:__main__:Total loss 0.9522
INFO:__main__:Predicted mean: -0.4560
INFO:__main__:Predicted uncertainity -0.7817
INFO:__main__:Completed epoch 92 of 100

INFO:__main__:NLL: 0.1065, L2: 0.0473, Reg: 0.5866
INFO:__main__:Total loss 0.7404
INFO:__main__:Predicted mean: -0.4014
INFO:__main__:Predicted uncertainity -0.6666
INFO:__main__:Completed epoch 93 of 100

INFO:__main__:NLL: 0.1540, L2: 0.0448, Reg: 0.5859
INFO:__main__:Total loss 0.7848
INFO:__main__:Predicted mean: -0.4106
INFO:__main__:Predicted uncertainity -0.6251
INFO:__main__:Completed epoch 94 of 100

INFO:__main__:NLL: 0.1980, L2: 0.0459, Reg: 0.5860
INFO:__main__:Total loss 0.8299
INFO:__main__:Predicted mean: -0.4055
INFO:__main__:Predicted uncertainity -0.6480
INFO:__main__:Completed epoch 95 of 100

INFO:__main__:NLL: 0.2226, L2: 0.0559, Reg: 0.5864
INFO:__main__:Total loss 0.8649
INFO:__main__:Predicted mean: -0.5172
INFO:__main__:Predicted uncertainity -0.7109
INFO:__main__:Completed epoch 96 of 100

INFO:__main__:NLL: 0.1927, L2: 0.0453, Reg: 0.5863
INFO:__main__:Total loss 0.8243
INFO:__main__:Predicted mean: -0.4490
INFO:__main__:Predicted uncertainity -0.6658
INFO:__main__:Completed epoch 97 of 100

INFO:__main__:NLL: 0.2372, L2: 0.0590, Reg: 0.5862
INFO:__main__:Total loss 0.8824
INFO:__main__:Predicted mean: -0.4520
INFO:__main__:Predicted uncertainity -0.7408
INFO:__main__:Completed epoch 98 of 100

INFO:__main__:NLL: 0.2448, L2: 0.0439, Reg: 0.5862
INFO:__main__:Total loss 0.8749
INFO:__main__:Predicted mean: -0.4137
INFO:__main__:Predicted uncertainity -0.7229
INFO:__main__:Completed epoch 99 of 100

INFO:__main__:NLL: 0.3319, L2: 0.0573, Reg: 0.5864
INFO:__main__:Total loss 0.9756
INFO:__main__:Predicted mean: -0.4973
INFO:__main__:Predicted uncertainity -0.7993
INFO:__main__:Completed epoch 100 of 100

INFO:__main__:510.505175 s
