INFO:__main__:PROCESS RUNNING ON cpu
INFO:__main__:NLL: 0.1120, L2: 0.0633, Reg: 0.0014
INFO:__main__:Total loss 0.1766
INFO:__main__:Predicted mean: -0.5401
INFO:__main__:Predicted uncertainity -0.7856
INFO:__main__:Completed epoch 1 of 100

INFO:__main__:NLL: 0.2229, L2: 0.0539, Reg: 0.0013
INFO:__main__:Total loss 0.2781
INFO:__main__:Predicted mean: -0.4918
INFO:__main__:Predicted uncertainity -0.6039
INFO:__main__:Completed epoch 2 of 100

INFO:__main__:NLL: 0.1484, L2: 0.0471, Reg: 0.0013
INFO:__main__:Total loss 0.1968
INFO:__main__:Predicted mean: -0.4499
INFO:__main__:Predicted uncertainity -0.7533
INFO:__main__:Completed epoch 3 of 100

INFO:__main__:NLL: 0.1219, L2: 0.0490, Reg: 0.0013
INFO:__main__:Total loss 0.1722
INFO:__main__:Predicted mean: -0.4917
INFO:__main__:Predicted uncertainity -0.7060
INFO:__main__:Completed epoch 4 of 100

INFO:__main__:NLL: 0.1398, L2: 0.0481, Reg: 0.0013
INFO:__main__:Total loss 0.1892
INFO:__main__:Predicted mean: -0.4632
INFO:__main__:Predicted uncertainity -0.7028
INFO:__main__:Completed epoch 5 of 100

INFO:__main__:NLL: 0.0389, L2: 0.0533, Reg: 0.0013
INFO:__main__:Total loss 0.0936
INFO:__main__:Predicted mean: -0.4428
INFO:__main__:Predicted uncertainity -0.6835
INFO:__main__:Completed epoch 6 of 100

INFO:__main__:NLL: 0.1050, L2: 0.0468, Reg: 0.0013
INFO:__main__:Total loss 0.1531
INFO:__main__:Predicted mean: -0.4714
INFO:__main__:Predicted uncertainity -0.5424
INFO:__main__:Completed epoch 7 of 100

INFO:__main__:NLL: 0.2829, L2: 0.0539, Reg: 0.0013
INFO:__main__:Total loss 0.3381
INFO:__main__:Predicted mean: -0.4423
INFO:__main__:Predicted uncertainity -0.7296
INFO:__main__:Completed epoch 8 of 100

INFO:__main__:NLL: 0.1157, L2: 0.0536, Reg: 0.0013
INFO:__main__:Total loss 0.1706
INFO:__main__:Predicted mean: -0.4640
INFO:__main__:Predicted uncertainity -0.7636
INFO:__main__:Completed epoch 9 of 100

INFO:__main__:NLL: 0.2302, L2: 0.0527, Reg: 0.0013
INFO:__main__:Total loss 0.2843
INFO:__main__:Predicted mean: -0.4416
INFO:__main__:Predicted uncertainity -0.6575
INFO:__main__:Completed epoch 10 of 100

INFO:__main__:NLL: 0.2185, L2: 0.0521, Reg: 0.0013
INFO:__main__:Total loss 0.2720
INFO:__main__:Predicted mean: -0.5114
INFO:__main__:Predicted uncertainity -0.7509
INFO:__main__:Completed epoch 11 of 100

INFO:__main__:NLL: 0.2098, L2: 0.0529, Reg: 0.0013
INFO:__main__:Total loss 0.2641
INFO:__main__:Predicted mean: -0.4385
INFO:__main__:Predicted uncertainity -0.6815
INFO:__main__:Completed epoch 12 of 100

INFO:__main__:NLL: 0.0421, L2: 0.0589, Reg: 0.0013
INFO:__main__:Total loss 0.1024
INFO:__main__:Predicted mean: -0.4392
INFO:__main__:Predicted uncertainity -0.7886
INFO:__main__:Completed epoch 13 of 100

INFO:__main__:NLL: 0.1116, L2: 0.0517, Reg: 0.0013
INFO:__main__:Total loss 0.1646
INFO:__main__:Predicted mean: -0.4384
INFO:__main__:Predicted uncertainity -0.7295
INFO:__main__:Completed epoch 14 of 100

INFO:__main__:NLL: 0.0821, L2: 0.0544, Reg: 0.0013
INFO:__main__:Total loss 0.1378
INFO:__main__:Predicted mean: -0.4656
INFO:__main__:Predicted uncertainity -0.7221
INFO:__main__:Completed epoch 15 of 100

INFO:__main__:NLL: 0.1201, L2: 0.0533, Reg: 0.0013
INFO:__main__:Total loss 0.1748
INFO:__main__:Predicted mean: -0.4722
INFO:__main__:Predicted uncertainity -0.6779
INFO:__main__:Completed epoch 16 of 100

INFO:__main__:NLL: 0.1008, L2: 0.0506, Reg: 0.0013
INFO:__main__:Total loss 0.1527
INFO:__main__:Predicted mean: -0.4465
INFO:__main__:Predicted uncertainity -0.7157
INFO:__main__:Completed epoch 17 of 100

INFO:__main__:NLL: 0.1522, L2: 0.0552, Reg: 0.0013
INFO:__main__:Total loss 0.2088
INFO:__main__:Predicted mean: -0.4615
INFO:__main__:Predicted uncertainity -0.7226
INFO:__main__:Completed epoch 18 of 100

INFO:__main__:NLL: 0.2148, L2: 0.0505, Reg: 0.0013
INFO:__main__:Total loss 0.2666
INFO:__main__:Predicted mean: -0.4616
INFO:__main__:Predicted uncertainity -0.6638
INFO:__main__:Completed epoch 19 of 100

INFO:__main__:NLL: 0.1202, L2: 0.0527, Reg: 0.0013
INFO:__main__:Total loss 0.1742
INFO:__main__:Predicted mean: -0.4482
INFO:__main__:Predicted uncertainity -0.7402
INFO:__main__:Completed epoch 20 of 100

INFO:__main__:NLL: 0.1391, L2: 0.0527, Reg: 0.0013
INFO:__main__:Total loss 0.1931
INFO:__main__:Predicted mean: -0.4962
INFO:__main__:Predicted uncertainity -0.5850
INFO:__main__:Completed epoch 21 of 100

INFO:__main__:NLL: 0.0177, L2: 0.0526, Reg: 0.0013
INFO:__main__:Total loss 0.0716
INFO:__main__:Predicted mean: -0.4423
INFO:__main__:Predicted uncertainity -0.7436
INFO:__main__:Completed epoch 22 of 100

INFO:__main__:NLL: 0.2530, L2: 0.0557, Reg: 0.0013
INFO:__main__:Total loss 0.3100
INFO:__main__:Predicted mean: -0.4724
INFO:__main__:Predicted uncertainity -0.8039
INFO:__main__:Completed epoch 23 of 100

INFO:__main__:NLL: 0.1416, L2: 0.0479, Reg: 0.0013
INFO:__main__:Total loss 0.1908
INFO:__main__:Predicted mean: -0.4207
INFO:__main__:Predicted uncertainity -0.6429
INFO:__main__:Completed epoch 24 of 100

INFO:__main__:NLL: 0.1830, L2: 0.0400, Reg: 0.0013
INFO:__main__:Total loss 0.2243
INFO:__main__:Predicted mean: -0.4055
INFO:__main__:Predicted uncertainity -0.5667
INFO:__main__:Completed epoch 25 of 100

INFO:__main__:NLL: 0.3612, L2: 0.0490, Reg: 0.0013
INFO:__main__:Total loss 0.4116
INFO:__main__:Predicted mean: -0.4332
INFO:__main__:Predicted uncertainity -0.6154
INFO:__main__:Completed epoch 26 of 100

INFO:__main__:NLL: 0.1580, L2: 0.0465, Reg: 0.0013
INFO:__main__:Total loss 0.2057
INFO:__main__:Predicted mean: -0.3963
INFO:__main__:Predicted uncertainity -0.5986
INFO:__main__:Completed epoch 27 of 100

INFO:__main__:NLL: 0.1057, L2: 0.0538, Reg: 0.0013
INFO:__main__:Total loss 0.1609
INFO:__main__:Predicted mean: -0.4548
INFO:__main__:Predicted uncertainity -0.8252
INFO:__main__:Completed epoch 28 of 100

INFO:__main__:NLL: 0.1611, L2: 0.0456, Reg: 0.0013
INFO:__main__:Total loss 0.2080
INFO:__main__:Predicted mean: -0.4380
INFO:__main__:Predicted uncertainity -0.6876
INFO:__main__:Completed epoch 29 of 100

INFO:__main__:NLL: 0.1426, L2: 0.0450, Reg: 0.0013
INFO:__main__:Total loss 0.1889
INFO:__main__:Predicted mean: -0.4419
INFO:__main__:Predicted uncertainity -0.6082
INFO:__main__:Completed epoch 30 of 100

INFO:__main__:NLL: 0.1285, L2: 0.0475, Reg: 0.0013
INFO:__main__:Total loss 0.1774
INFO:__main__:Predicted mean: -0.4798
INFO:__main__:Predicted uncertainity -0.6309
INFO:__main__:Completed epoch 31 of 100

INFO:__main__:NLL: 0.0924, L2: 0.0493, Reg: 0.0013
INFO:__main__:Total loss 0.1431
INFO:__main__:Predicted mean: -0.4632
INFO:__main__:Predicted uncertainity -0.6336
INFO:__main__:Completed epoch 32 of 100

INFO:__main__:NLL: 0.2009, L2: 0.0551, Reg: 0.0013
INFO:__main__:Total loss 0.2573
INFO:__main__:Predicted mean: -0.4502
INFO:__main__:Predicted uncertainity -0.6922
INFO:__main__:Completed epoch 33 of 100

INFO:__main__:NLL: 0.1276, L2: 0.0551, Reg: 0.0013
INFO:__main__:Total loss 0.1840
INFO:__main__:Predicted mean: -0.4720
INFO:__main__:Predicted uncertainity -0.6584
INFO:__main__:Completed epoch 34 of 100

INFO:__main__:NLL: 0.1496, L2: 0.0524, Reg: 0.0013
INFO:__main__:Total loss 0.2033
INFO:__main__:Predicted mean: -0.4026
INFO:__main__:Predicted uncertainity -0.7753
INFO:__main__:Completed epoch 35 of 100

INFO:__main__:NLL: 0.1528, L2: 0.0545, Reg: 0.0013
INFO:__main__:Total loss 0.2086
INFO:__main__:Predicted mean: -0.4860
INFO:__main__:Predicted uncertainity -0.7071
INFO:__main__:Completed epoch 36 of 100

INFO:__main__:NLL: 0.2212, L2: 0.0459, Reg: 0.0013
INFO:__main__:Total loss 0.2684
INFO:__main__:Predicted mean: -0.4122
INFO:__main__:Predicted uncertainity -0.6110
INFO:__main__:Completed epoch 37 of 100

INFO:__main__:NLL: 0.1507, L2: 0.0466, Reg: 0.0013
INFO:__main__:Total loss 0.1986
INFO:__main__:Predicted mean: -0.4544
INFO:__main__:Predicted uncertainity -0.6447
INFO:__main__:Completed epoch 38 of 100

INFO:__main__:NLL: 0.1245, L2: 0.0531, Reg: 0.0013
INFO:__main__:Total loss 0.1789
INFO:__main__:Predicted mean: -0.5034
INFO:__main__:Predicted uncertainity -0.7935
INFO:__main__:Completed epoch 39 of 100

INFO:__main__:NLL: 0.1255, L2: 0.0472, Reg: 0.0013
INFO:__main__:Total loss 0.1741
INFO:__main__:Predicted mean: -0.4546
INFO:__main__:Predicted uncertainity -0.6586
INFO:__main__:Completed epoch 40 of 100

INFO:__main__:NLL: 0.1368, L2: 0.0514, Reg: 0.0013
INFO:__main__:Total loss 0.1895
INFO:__main__:Predicted mean: -0.4508
INFO:__main__:Predicted uncertainity -0.6821
INFO:__main__:Completed epoch 41 of 100

INFO:__main__:NLL: 0.2860, L2: 0.0522, Reg: 0.0013
INFO:__main__:Total loss 0.3395
INFO:__main__:Predicted mean: -0.4828
INFO:__main__:Predicted uncertainity -0.7408
INFO:__main__:Completed epoch 42 of 100

INFO:__main__:NLL: 0.1200, L2: 0.0536, Reg: 0.0013
INFO:__main__:Total loss 0.1748
INFO:__main__:Predicted mean: -0.4626
INFO:__main__:Predicted uncertainity -0.6842
INFO:__main__:Completed epoch 43 of 100

INFO:__main__:NLL: 0.1398, L2: 0.0527, Reg: 0.0013
INFO:__main__:Total loss 0.1939
INFO:__main__:Predicted mean: -0.4593
INFO:__main__:Predicted uncertainity -0.7818
INFO:__main__:Completed epoch 44 of 100

INFO:__main__:NLL: 0.2023, L2: 0.0484, Reg: 0.0013
INFO:__main__:Total loss 0.2521
INFO:__main__:Predicted mean: -0.4092
INFO:__main__:Predicted uncertainity -0.7400
INFO:__main__:Completed epoch 45 of 100

INFO:__main__:NLL: 0.3319, L2: 0.0512, Reg: 0.0013
INFO:__main__:Total loss 0.3844
INFO:__main__:Predicted mean: -0.4183
INFO:__main__:Predicted uncertainity -0.6802
INFO:__main__:Completed epoch 46 of 100

INFO:__main__:NLL: 0.0923, L2: 0.0560, Reg: 0.0013
INFO:__main__:Total loss 0.1496
INFO:__main__:Predicted mean: -0.4977
INFO:__main__:Predicted uncertainity -0.7133
INFO:__main__:Completed epoch 47 of 100

INFO:__main__:NLL: 0.2610, L2: 0.0473, Reg: 0.0013
INFO:__main__:Total loss 0.3097
INFO:__main__:Predicted mean: -0.4083
INFO:__main__:Predicted uncertainity -0.6571
INFO:__main__:Completed epoch 48 of 100

INFO:__main__:NLL: 0.0944, L2: 0.0524, Reg: 0.0013
INFO:__main__:Total loss 0.1481
INFO:__main__:Predicted mean: -0.4541
INFO:__main__:Predicted uncertainity -0.7211
INFO:__main__:Completed epoch 49 of 100

INFO:__main__:NLL: 0.1120, L2: 0.0503, Reg: 0.0013
INFO:__main__:Total loss 0.1636
INFO:__main__:Predicted mean: -0.4772
INFO:__main__:Predicted uncertainity -0.7437
INFO:__main__:Completed epoch 50 of 100

INFO:__main__:NLL: 0.2022, L2: 0.0551, Reg: 0.0013
INFO:__main__:Total loss 0.2586
INFO:__main__:Predicted mean: -0.4753
INFO:__main__:Predicted uncertainity -0.8151
INFO:__main__:Completed epoch 51 of 100

INFO:__main__:NLL: 0.0925, L2: 0.0449, Reg: 0.0013
INFO:__main__:Total loss 0.1387
INFO:__main__:Predicted mean: -0.4141
INFO:__main__:Predicted uncertainity -0.7279
INFO:__main__:Completed epoch 52 of 100

INFO:__main__:NLL: 0.2473, L2: 0.0543, Reg: 0.0013
INFO:__main__:Total loss 0.3029
INFO:__main__:Predicted mean: -0.4841
INFO:__main__:Predicted uncertainity -0.8488
INFO:__main__:Completed epoch 53 of 100

INFO:__main__:NLL: 0.0972, L2: 0.0515, Reg: 0.0013
INFO:__main__:Total loss 0.1500
INFO:__main__:Predicted mean: -0.4321
INFO:__main__:Predicted uncertainity -0.6955
INFO:__main__:Completed epoch 54 of 100

INFO:__main__:NLL: 0.1680, L2: 0.0496, Reg: 0.0013
INFO:__main__:Total loss 0.2189
INFO:__main__:Predicted mean: -0.4415
INFO:__main__:Predicted uncertainity -0.7397
INFO:__main__:Completed epoch 55 of 100

INFO:__main__:NLL: 0.1937, L2: 0.0492, Reg: 0.0013
INFO:__main__:Total loss 0.2442
INFO:__main__:Predicted mean: -0.4520
INFO:__main__:Predicted uncertainity -0.6880
INFO:__main__:Completed epoch 56 of 100

INFO:__main__:NLL: 0.1717, L2: 0.0505, Reg: 0.0013
INFO:__main__:Total loss 0.2235
INFO:__main__:Predicted mean: -0.4361
INFO:__main__:Predicted uncertainity -0.6802
INFO:__main__:Completed epoch 57 of 100

INFO:__main__:NLL: 0.2247, L2: 0.0581, Reg: 0.0014
INFO:__main__:Total loss 0.2842
INFO:__main__:Predicted mean: -0.5022
INFO:__main__:Predicted uncertainity -0.8421
INFO:__main__:Completed epoch 58 of 100

INFO:__main__:NLL: 0.1457, L2: 0.0498, Reg: 0.0013
INFO:__main__:Total loss 0.1968
INFO:__main__:Predicted mean: -0.4404
INFO:__main__:Predicted uncertainity -0.5684
INFO:__main__:Completed epoch 59 of 100

INFO:__main__:NLL: 0.1017, L2: 0.0496, Reg: 0.0013
INFO:__main__:Total loss 0.1527
INFO:__main__:Predicted mean: -0.4321
INFO:__main__:Predicted uncertainity -0.5759
INFO:__main__:Completed epoch 60 of 100

INFO:__main__:NLL: 0.0779, L2: 0.0545, Reg: 0.0013
INFO:__main__:Total loss 0.1337
INFO:__main__:Predicted mean: -0.4462
INFO:__main__:Predicted uncertainity -0.6914
INFO:__main__:Completed epoch 61 of 100

INFO:__main__:NLL: 0.1866, L2: 0.0448, Reg: 0.0013
INFO:__main__:Total loss 0.2327
INFO:__main__:Predicted mean: -0.4266
INFO:__main__:Predicted uncertainity -0.7308
INFO:__main__:Completed epoch 62 of 100

INFO:__main__:NLL: 0.4963, L2: 0.0591, Reg: 0.0014
INFO:__main__:Total loss 0.5568
INFO:__main__:Predicted mean: -0.4852
INFO:__main__:Predicted uncertainity -0.7417
INFO:__main__:Completed epoch 63 of 100

INFO:__main__:NLL: 0.1925, L2: 0.0612, Reg: 0.0013
INFO:__main__:Total loss 0.2550
INFO:__main__:Predicted mean: -0.5460
INFO:__main__:Predicted uncertainity -0.7091
INFO:__main__:Completed epoch 64 of 100

INFO:__main__:NLL: 0.0174, L2: 0.0535, Reg: 0.0013
INFO:__main__:Total loss 0.0722
INFO:__main__:Predicted mean: -0.4467
INFO:__main__:Predicted uncertainity -0.7742
INFO:__main__:Completed epoch 65 of 100

INFO:__main__:NLL: 0.1898, L2: 0.0518, Reg: 0.0013
INFO:__main__:Total loss 0.2429
INFO:__main__:Predicted mean: -0.4672
INFO:__main__:Predicted uncertainity -0.7351
INFO:__main__:Completed epoch 66 of 100

INFO:__main__:NLL: 0.1385, L2: 0.0514, Reg: 0.0013
INFO:__main__:Total loss 0.1913
INFO:__main__:Predicted mean: -0.4704
INFO:__main__:Predicted uncertainity -0.6669
INFO:__main__:Completed epoch 67 of 100

INFO:__main__:NLL: 0.1782, L2: 0.0525, Reg: 0.0013
INFO:__main__:Total loss 0.2321
INFO:__main__:Predicted mean: -0.4762
INFO:__main__:Predicted uncertainity -0.7623
INFO:__main__:Completed epoch 68 of 100

INFO:__main__:NLL: 0.1404, L2: 0.0570, Reg: 0.0013
INFO:__main__:Total loss 0.1987
INFO:__main__:Predicted mean: -0.4464
INFO:__main__:Predicted uncertainity -0.7536
INFO:__main__:Completed epoch 69 of 100

INFO:__main__:NLL: 0.1047, L2: 0.0471, Reg: 0.0013
INFO:__main__:Total loss 0.1532
INFO:__main__:Predicted mean: -0.4372
INFO:__main__:Predicted uncertainity -0.6926
INFO:__main__:Completed epoch 70 of 100

INFO:__main__:NLL: 0.1855, L2: 0.0424, Reg: 0.0013
INFO:__main__:Total loss 0.2292
INFO:__main__:Predicted mean: -0.3993
INFO:__main__:Predicted uncertainity -0.6630
INFO:__main__:Completed epoch 71 of 100

INFO:__main__:NLL: 0.1281, L2: 0.0470, Reg: 0.0013
INFO:__main__:Total loss 0.1764
INFO:__main__:Predicted mean: -0.3890
INFO:__main__:Predicted uncertainity -0.6334
INFO:__main__:Completed epoch 72 of 100

INFO:__main__:NLL: 0.0777, L2: 0.0492, Reg: 0.0013
INFO:__main__:Total loss 0.1282
INFO:__main__:Predicted mean: -0.4516
INFO:__main__:Predicted uncertainity -0.6636
INFO:__main__:Completed epoch 73 of 100

INFO:__main__:NLL: 0.0877, L2: 0.0485, Reg: 0.0013
INFO:__main__:Total loss 0.1374
INFO:__main__:Predicted mean: -0.4301
INFO:__main__:Predicted uncertainity -0.6186
INFO:__main__:Completed epoch 74 of 100

INFO:__main__:NLL: 0.3924, L2: 0.0550, Reg: 0.0013
INFO:__main__:Total loss 0.4486
INFO:__main__:Predicted mean: -0.4429
INFO:__main__:Predicted uncertainity -0.6767
INFO:__main__:Completed epoch 75 of 100

INFO:__main__:NLL: 0.1333, L2: 0.0507, Reg: 0.0013
INFO:__main__:Total loss 0.1852
INFO:__main__:Predicted mean: -0.4644
INFO:__main__:Predicted uncertainity -0.6487
INFO:__main__:Completed epoch 76 of 100

INFO:__main__:NLL: 0.1370, L2: 0.0486, Reg: 0.0013
INFO:__main__:Total loss 0.1869
INFO:__main__:Predicted mean: -0.4710
INFO:__main__:Predicted uncertainity -0.5818
INFO:__main__:Completed epoch 77 of 100

INFO:__main__:NLL: 0.0843, L2: 0.0541, Reg: 0.0013
INFO:__main__:Total loss 0.1398
INFO:__main__:Predicted mean: -0.5179
INFO:__main__:Predicted uncertainity -0.5977
INFO:__main__:Completed epoch 78 of 100

INFO:__main__:NLL: 0.0627, L2: 0.0509, Reg: 0.0013
INFO:__main__:Total loss 0.1150
INFO:__main__:Predicted mean: -0.4562
INFO:__main__:Predicted uncertainity -0.7560
INFO:__main__:Completed epoch 79 of 100

INFO:__main__:NLL: 0.1329, L2: 0.0468, Reg: 0.0013
INFO:__main__:Total loss 0.1810
INFO:__main__:Predicted mean: -0.4319
INFO:__main__:Predicted uncertainity -0.7369
INFO:__main__:Completed epoch 80 of 100

INFO:__main__:NLL: 0.1521, L2: 0.0470, Reg: 0.0013
INFO:__main__:Total loss 0.2004
INFO:__main__:Predicted mean: -0.4399
INFO:__main__:Predicted uncertainity -0.6714
INFO:__main__:Completed epoch 81 of 100

INFO:__main__:NLL: 0.1889, L2: 0.0477, Reg: 0.0013
INFO:__main__:Total loss 0.2379
INFO:__main__:Predicted mean: -0.3683
INFO:__main__:Predicted uncertainity -0.6173
INFO:__main__:Completed epoch 82 of 100

INFO:__main__:NLL: 0.1803, L2: 0.0448, Reg: 0.0013
INFO:__main__:Total loss 0.2264
INFO:__main__:Predicted mean: -0.3935
INFO:__main__:Predicted uncertainity -0.7027
INFO:__main__:Completed epoch 83 of 100

INFO:__main__:NLL: 0.1264, L2: 0.0431, Reg: 0.0013
INFO:__main__:Total loss 0.1708
INFO:__main__:Predicted mean: -0.4166
INFO:__main__:Predicted uncertainity -0.6521
INFO:__main__:Completed epoch 84 of 100

INFO:__main__:NLL: 0.1787, L2: 0.0524, Reg: 0.0013
INFO:__main__:Total loss 0.2325
INFO:__main__:Predicted mean: -0.4894
INFO:__main__:Predicted uncertainity -0.6492
INFO:__main__:Completed epoch 85 of 100

INFO:__main__:NLL: 0.1337, L2: 0.0543, Reg: 0.0013
INFO:__main__:Total loss 0.1894
INFO:__main__:Predicted mean: -0.4711
INFO:__main__:Predicted uncertainity -0.6792
INFO:__main__:Completed epoch 86 of 100

INFO:__main__:NLL: 0.1497, L2: 0.0620, Reg: 0.0014
INFO:__main__:Total loss 0.2131
INFO:__main__:Predicted mean: -0.4937
INFO:__main__:Predicted uncertainity -0.7980
INFO:__main__:Completed epoch 87 of 100

INFO:__main__:NLL: 0.2716, L2: 0.0508, Reg: 0.0013
INFO:__main__:Total loss 0.3237
INFO:__main__:Predicted mean: -0.4675
INFO:__main__:Predicted uncertainity -0.7682
INFO:__main__:Completed epoch 88 of 100

INFO:__main__:NLL: 0.3860, L2: 0.0505, Reg: 0.0013
INFO:__main__:Total loss 0.4378
INFO:__main__:Predicted mean: -0.4121
INFO:__main__:Predicted uncertainity -0.7348
INFO:__main__:Completed epoch 89 of 100

INFO:__main__:NLL: 0.1711, L2: 0.0487, Reg: 0.0013
INFO:__main__:Total loss 0.2211
INFO:__main__:Predicted mean: -0.4032
INFO:__main__:Predicted uncertainity -0.6689
INFO:__main__:Completed epoch 90 of 100

INFO:__main__:NLL: 0.2380, L2: 0.0580, Reg: 0.0013
INFO:__main__:Total loss 0.2973
INFO:__main__:Predicted mean: -0.4202
INFO:__main__:Predicted uncertainity -0.6339
INFO:__main__:Completed epoch 91 of 100

INFO:__main__:NLL: 0.0213, L2: 0.0542, Reg: 0.0013
INFO:__main__:Total loss 0.0768
INFO:__main__:Predicted mean: -0.4528
INFO:__main__:Predicted uncertainity -0.6901
INFO:__main__:Completed epoch 92 of 100

INFO:__main__:NLL: 0.2565, L2: 0.0504, Reg: 0.0013
INFO:__main__:Total loss 0.3082
INFO:__main__:Predicted mean: -0.4749
INFO:__main__:Predicted uncertainity -0.7074
INFO:__main__:Completed epoch 93 of 100

INFO:__main__:NLL: 0.2974, L2: 0.0607, Reg: 0.0013
INFO:__main__:Total loss 0.3595
INFO:__main__:Predicted mean: -0.4603
INFO:__main__:Predicted uncertainity -0.8224
INFO:__main__:Completed epoch 94 of 100

INFO:__main__:NLL: 0.1781, L2: 0.0412, Reg: 0.0013
INFO:__main__:Total loss 0.2206
INFO:__main__:Predicted mean: -0.4153
INFO:__main__:Predicted uncertainity -0.6345
INFO:__main__:Completed epoch 95 of 100

INFO:__main__:NLL: 0.2587, L2: 0.0552, Reg: 0.0013
INFO:__main__:Total loss 0.3152
INFO:__main__:Predicted mean: -0.4578
INFO:__main__:Predicted uncertainity -0.7426
INFO:__main__:Completed epoch 96 of 100

INFO:__main__:NLL: 0.2311, L2: 0.0524, Reg: 0.0013
INFO:__main__:Total loss 0.2848
INFO:__main__:Predicted mean: -0.4583
INFO:__main__:Predicted uncertainity -0.6720
INFO:__main__:Completed epoch 97 of 100

INFO:__main__:NLL: 0.1064, L2: 0.0472, Reg: 0.0013
INFO:__main__:Total loss 0.1549
INFO:__main__:Predicted mean: -0.4331
INFO:__main__:Predicted uncertainity -0.6879
INFO:__main__:Completed epoch 98 of 100

INFO:__main__:NLL: 0.1016, L2: 0.0544, Reg: 0.0013
INFO:__main__:Total loss 0.1573
INFO:__main__:Predicted mean: -0.4564
INFO:__main__:Predicted uncertainity -0.7721
INFO:__main__:Completed epoch 99 of 100

INFO:__main__:NLL: 0.2376, L2: 0.0494, Reg: 0.0013
INFO:__main__:Total loss 0.2884
INFO:__main__:Predicted mean: -0.4110
INFO:__main__:Predicted uncertainity -0.7403
INFO:__main__:Completed epoch 100 of 100

INFO:__main__:559.888746 s
