INFO:__main__:PROCESS RUNNING ON cpu
INFO:__main__:NLL: 0.1124, L2: 0.0631, Reg: 0.0567
INFO:__main__:Total loss 0.2323
INFO:__main__:Predicted mean: -0.5403
INFO:__main__:Predicted uncertainity -0.7850
INFO:__main__:Completed epoch 1 of 100

INFO:__main__:NLL: 0.2239, L2: 0.0539, Reg: 0.0567
INFO:__main__:Total loss 0.3345
INFO:__main__:Predicted mean: -0.4940
INFO:__main__:Predicted uncertainity -0.5985
INFO:__main__:Completed epoch 2 of 100

INFO:__main__:NLL: 0.1394, L2: 0.0473, Reg: 0.0567
INFO:__main__:Total loss 0.2433
INFO:__main__:Predicted mean: -0.4438
INFO:__main__:Predicted uncertainity -0.7408
INFO:__main__:Completed epoch 3 of 100

INFO:__main__:NLL: 0.1000, L2: 0.0491, Reg: 0.0567
INFO:__main__:Total loss 0.2058
INFO:__main__:Predicted mean: -0.4929
INFO:__main__:Predicted uncertainity -0.7288
INFO:__main__:Completed epoch 4 of 100

INFO:__main__:NLL: 0.1308, L2: 0.0472, Reg: 0.0567
INFO:__main__:Total loss 0.2347
INFO:__main__:Predicted mean: -0.4520
INFO:__main__:Predicted uncertainity -0.6682
INFO:__main__:Completed epoch 5 of 100

INFO:__main__:NLL: 0.0663, L2: 0.0495, Reg: 0.0567
INFO:__main__:Total loss 0.1726
INFO:__main__:Predicted mean: -0.4212
INFO:__main__:Predicted uncertainity -0.6670
INFO:__main__:Completed epoch 6 of 100

INFO:__main__:NLL: 0.0929, L2: 0.0471, Reg: 0.0567
INFO:__main__:Total loss 0.1968
INFO:__main__:Predicted mean: -0.4712
INFO:__main__:Predicted uncertainity -0.5658
INFO:__main__:Completed epoch 7 of 100

INFO:__main__:NLL: 0.2689, L2: 0.0517, Reg: 0.0567
INFO:__main__:Total loss 0.3773
INFO:__main__:Predicted mean: -0.4434
INFO:__main__:Predicted uncertainity -0.7093
INFO:__main__:Completed epoch 8 of 100

INFO:__main__:NLL: 0.1360, L2: 0.0503, Reg: 0.0567
INFO:__main__:Total loss 0.2430
INFO:__main__:Predicted mean: -0.4655
INFO:__main__:Predicted uncertainity -0.7468
INFO:__main__:Completed epoch 9 of 100

INFO:__main__:NLL: 0.2426, L2: 0.0532, Reg: 0.0567
INFO:__main__:Total loss 0.3526
INFO:__main__:Predicted mean: -0.4498
INFO:__main__:Predicted uncertainity -0.7003
INFO:__main__:Completed epoch 10 of 100

INFO:__main__:NLL: 0.2150, L2: 0.0532, Reg: 0.0567
INFO:__main__:Total loss 0.3250
INFO:__main__:Predicted mean: -0.5139
INFO:__main__:Predicted uncertainity -0.7661
INFO:__main__:Completed epoch 11 of 100

INFO:__main__:NLL: 0.2200, L2: 0.0506, Reg: 0.0567
INFO:__main__:Total loss 0.3273
INFO:__main__:Predicted mean: -0.4337
INFO:__main__:Predicted uncertainity -0.6592
INFO:__main__:Completed epoch 12 of 100

INFO:__main__:NLL: 0.0858, L2: 0.0516, Reg: 0.0567
INFO:__main__:Total loss 0.1941
INFO:__main__:Predicted mean: -0.4587
INFO:__main__:Predicted uncertainity -0.7495
INFO:__main__:Completed epoch 13 of 100

INFO:__main__:NLL: 0.1348, L2: 0.0473, Reg: 0.0567
INFO:__main__:Total loss 0.2388
INFO:__main__:Predicted mean: -0.4228
INFO:__main__:Predicted uncertainity -0.7340
INFO:__main__:Completed epoch 14 of 100

INFO:__main__:NLL: 0.0686, L2: 0.0535, Reg: 0.0567
INFO:__main__:Total loss 0.1788
INFO:__main__:Predicted mean: -0.4157
INFO:__main__:Predicted uncertainity -0.6864
INFO:__main__:Completed epoch 15 of 100

INFO:__main__:NLL: 0.0948, L2: 0.0537, Reg: 0.0567
INFO:__main__:Total loss 0.2052
INFO:__main__:Predicted mean: -0.4557
INFO:__main__:Predicted uncertainity -0.7072
INFO:__main__:Completed epoch 16 of 100

INFO:__main__:NLL: 0.1060, L2: 0.0517, Reg: 0.0567
INFO:__main__:Total loss 0.2144
INFO:__main__:Predicted mean: -0.4646
INFO:__main__:Predicted uncertainity -0.7141
INFO:__main__:Completed epoch 17 of 100

INFO:__main__:NLL: 0.1382, L2: 0.0566, Reg: 0.0567
INFO:__main__:Total loss 0.2515
INFO:__main__:Predicted mean: -0.4451
INFO:__main__:Predicted uncertainity -0.7479
INFO:__main__:Completed epoch 18 of 100

INFO:__main__:NLL: 0.2139, L2: 0.0499, Reg: 0.0567
INFO:__main__:Total loss 0.3206
INFO:__main__:Predicted mean: -0.4374
INFO:__main__:Predicted uncertainity -0.6701
INFO:__main__:Completed epoch 19 of 100

INFO:__main__:NLL: 0.1086, L2: 0.0516, Reg: 0.0567
INFO:__main__:Total loss 0.2169
INFO:__main__:Predicted mean: -0.4246
INFO:__main__:Predicted uncertainity -0.7184
INFO:__main__:Completed epoch 20 of 100

INFO:__main__:NLL: 0.1572, L2: 0.0504, Reg: 0.0567
INFO:__main__:Total loss 0.2642
INFO:__main__:Predicted mean: -0.4960
INFO:__main__:Predicted uncertainity -0.6057
INFO:__main__:Completed epoch 21 of 100

INFO:__main__:NLL: 0.0328, L2: 0.0512, Reg: 0.0567
INFO:__main__:Total loss 0.1408
INFO:__main__:Predicted mean: -0.4672
INFO:__main__:Predicted uncertainity -0.7191
INFO:__main__:Completed epoch 22 of 100

INFO:__main__:NLL: 0.2877, L2: 0.0584, Reg: 0.0567
INFO:__main__:Total loss 0.4029
INFO:__main__:Predicted mean: -0.5143
INFO:__main__:Predicted uncertainity -0.8008
INFO:__main__:Completed epoch 23 of 100

INFO:__main__:NLL: 0.1484, L2: 0.0497, Reg: 0.0567
INFO:__main__:Total loss 0.2549
INFO:__main__:Predicted mean: -0.4263
INFO:__main__:Predicted uncertainity -0.6302
INFO:__main__:Completed epoch 24 of 100

INFO:__main__:NLL: 0.1629, L2: 0.0436, Reg: 0.0567
INFO:__main__:Total loss 0.2633
INFO:__main__:Predicted mean: -0.4017
INFO:__main__:Predicted uncertainity -0.6274
INFO:__main__:Completed epoch 25 of 100

INFO:__main__:NLL: 0.2840, L2: 0.0475, Reg: 0.0567
INFO:__main__:Total loss 0.3882
INFO:__main__:Predicted mean: -0.4479
INFO:__main__:Predicted uncertainity -0.6047
INFO:__main__:Completed epoch 26 of 100

INFO:__main__:NLL: 0.1510, L2: 0.0477, Reg: 0.0567
INFO:__main__:Total loss 0.2554
INFO:__main__:Predicted mean: -0.4137
INFO:__main__:Predicted uncertainity -0.5581
INFO:__main__:Completed epoch 27 of 100

INFO:__main__:NLL: 0.1235, L2: 0.0526, Reg: 0.0567
INFO:__main__:Total loss 0.2329
INFO:__main__:Predicted mean: -0.4619
INFO:__main__:Predicted uncertainity -0.7993
INFO:__main__:Completed epoch 28 of 100

INFO:__main__:NLL: 0.1520, L2: 0.0484, Reg: 0.0567
INFO:__main__:Total loss 0.2572
INFO:__main__:Predicted mean: -0.4527
INFO:__main__:Predicted uncertainity -0.7284
INFO:__main__:Completed epoch 29 of 100

INFO:__main__:NLL: 0.1506, L2: 0.0462, Reg: 0.0567
INFO:__main__:Total loss 0.2535
INFO:__main__:Predicted mean: -0.4214
INFO:__main__:Predicted uncertainity -0.6427
INFO:__main__:Completed epoch 30 of 100

INFO:__main__:NLL: 0.0795, L2: 0.0510, Reg: 0.0567
INFO:__main__:Total loss 0.1872
INFO:__main__:Predicted mean: -0.4388
INFO:__main__:Predicted uncertainity -0.6970
INFO:__main__:Completed epoch 31 of 100

INFO:__main__:NLL: 0.1399, L2: 0.0457, Reg: 0.0567
INFO:__main__:Total loss 0.2424
INFO:__main__:Predicted mean: -0.4488
INFO:__main__:Predicted uncertainity -0.5496
INFO:__main__:Completed epoch 32 of 100

INFO:__main__:NLL: 0.1902, L2: 0.0597, Reg: 0.0567
INFO:__main__:Total loss 0.3066
INFO:__main__:Predicted mean: -0.4598
INFO:__main__:Predicted uncertainity -0.8265
INFO:__main__:Completed epoch 33 of 100

INFO:__main__:NLL: 0.1730, L2: 0.0532, Reg: 0.0567
INFO:__main__:Total loss 0.2829
INFO:__main__:Predicted mean: -0.4872
INFO:__main__:Predicted uncertainity -0.6352
INFO:__main__:Completed epoch 34 of 100

INFO:__main__:NLL: 0.1305, L2: 0.0533, Reg: 0.0567
INFO:__main__:Total loss 0.2405
INFO:__main__:Predicted mean: -0.4225
INFO:__main__:Predicted uncertainity -0.7994
INFO:__main__:Completed epoch 35 of 100

INFO:__main__:NLL: 0.1372, L2: 0.0518, Reg: 0.0567
INFO:__main__:Total loss 0.2457
INFO:__main__:Predicted mean: -0.4534
INFO:__main__:Predicted uncertainity -0.6275
INFO:__main__:Completed epoch 36 of 100

INFO:__main__:NLL: 0.2243, L2: 0.0455, Reg: 0.0567
INFO:__main__:Total loss 0.3265
INFO:__main__:Predicted mean: -0.4228
INFO:__main__:Predicted uncertainity -0.6123
INFO:__main__:Completed epoch 37 of 100

INFO:__main__:NLL: 0.1002, L2: 0.0464, Reg: 0.0567
INFO:__main__:Total loss 0.2033
INFO:__main__:Predicted mean: -0.4434
INFO:__main__:Predicted uncertainity -0.7063
INFO:__main__:Completed epoch 38 of 100

INFO:__main__:NLL: 0.0743, L2: 0.0525, Reg: 0.0567
INFO:__main__:Total loss 0.1835
INFO:__main__:Predicted mean: -0.4739
INFO:__main__:Predicted uncertainity -0.8247
INFO:__main__:Completed epoch 39 of 100

INFO:__main__:NLL: 0.1056, L2: 0.0503, Reg: 0.0567
INFO:__main__:Total loss 0.2126
INFO:__main__:Predicted mean: -0.4391
INFO:__main__:Predicted uncertainity -0.6396
INFO:__main__:Completed epoch 40 of 100

INFO:__main__:NLL: 0.1407, L2: 0.0501, Reg: 0.0567
INFO:__main__:Total loss 0.2475
INFO:__main__:Predicted mean: -0.4320
INFO:__main__:Predicted uncertainity -0.7117
INFO:__main__:Completed epoch 41 of 100

INFO:__main__:NLL: 0.3688, L2: 0.0525, Reg: 0.0567
INFO:__main__:Total loss 0.4781
INFO:__main__:Predicted mean: -0.4796
INFO:__main__:Predicted uncertainity -0.7775
INFO:__main__:Completed epoch 42 of 100

INFO:__main__:NLL: 0.1222, L2: 0.0528, Reg: 0.0567
INFO:__main__:Total loss 0.2317
INFO:__main__:Predicted mean: -0.4755
INFO:__main__:Predicted uncertainity -0.6860
INFO:__main__:Completed epoch 43 of 100

INFO:__main__:NLL: 0.1595, L2: 0.0599, Reg: 0.0567
INFO:__main__:Total loss 0.2761
INFO:__main__:Predicted mean: -0.4260
INFO:__main__:Predicted uncertainity -0.7676
INFO:__main__:Completed epoch 44 of 100

INFO:__main__:NLL: 0.1633, L2: 0.0488, Reg: 0.0567
INFO:__main__:Total loss 0.2688
INFO:__main__:Predicted mean: -0.4005
INFO:__main__:Predicted uncertainity -0.7468
INFO:__main__:Completed epoch 45 of 100

INFO:__main__:NLL: 0.3954, L2: 0.0497, Reg: 0.0567
INFO:__main__:Total loss 0.5019
INFO:__main__:Predicted mean: -0.4344
INFO:__main__:Predicted uncertainity -0.7002
INFO:__main__:Completed epoch 46 of 100

INFO:__main__:NLL: 0.0974, L2: 0.0566, Reg: 0.0567
INFO:__main__:Total loss 0.2107
INFO:__main__:Predicted mean: -0.5156
INFO:__main__:Predicted uncertainity -0.7330
INFO:__main__:Completed epoch 47 of 100

INFO:__main__:NLL: 0.2634, L2: 0.0509, Reg: 0.0567
INFO:__main__:Total loss 0.3711
INFO:__main__:Predicted mean: -0.4493
INFO:__main__:Predicted uncertainity -0.6366
INFO:__main__:Completed epoch 48 of 100

INFO:__main__:NLL: 0.1089, L2: 0.0540, Reg: 0.0567
INFO:__main__:Total loss 0.2196
INFO:__main__:Predicted mean: -0.5115
INFO:__main__:Predicted uncertainity -0.7666
INFO:__main__:Completed epoch 49 of 100

INFO:__main__:NLL: 0.1105, L2: 0.0472, Reg: 0.0567
INFO:__main__:Total loss 0.2144
INFO:__main__:Predicted mean: -0.4653
INFO:__main__:Predicted uncertainity -0.7082
INFO:__main__:Completed epoch 50 of 100

INFO:__main__:NLL: 0.1701, L2: 0.0575, Reg: 0.0567
INFO:__main__:Total loss 0.2844
INFO:__main__:Predicted mean: -0.4793
INFO:__main__:Predicted uncertainity -0.8324
INFO:__main__:Completed epoch 51 of 100

INFO:__main__:NLL: 0.0447, L2: 0.0544, Reg: 0.0567
INFO:__main__:Total loss 0.1558
INFO:__main__:Predicted mean: -0.4306
INFO:__main__:Predicted uncertainity -0.7764
INFO:__main__:Completed epoch 52 of 100

INFO:__main__:NLL: 0.2651, L2: 0.0548, Reg: 0.0567
INFO:__main__:Total loss 0.3766
INFO:__main__:Predicted mean: -0.4858
INFO:__main__:Predicted uncertainity -0.8285
INFO:__main__:Completed epoch 53 of 100

INFO:__main__:NLL: 0.0973, L2: 0.0498, Reg: 0.0567
INFO:__main__:Total loss 0.2039
INFO:__main__:Predicted mean: -0.4259
INFO:__main__:Predicted uncertainity -0.6245
INFO:__main__:Completed epoch 54 of 100

INFO:__main__:NLL: 0.1672, L2: 0.0490, Reg: 0.0567
INFO:__main__:Total loss 0.2729
INFO:__main__:Predicted mean: -0.4510
INFO:__main__:Predicted uncertainity -0.7673
INFO:__main__:Completed epoch 55 of 100

INFO:__main__:NLL: 0.1890, L2: 0.0518, Reg: 0.0567
INFO:__main__:Total loss 0.2975
INFO:__main__:Predicted mean: -0.4484
INFO:__main__:Predicted uncertainity -0.7535
INFO:__main__:Completed epoch 56 of 100

INFO:__main__:NLL: 0.2479, L2: 0.0539, Reg: 0.0567
INFO:__main__:Total loss 0.3586
INFO:__main__:Predicted mean: -0.4400
INFO:__main__:Predicted uncertainity -0.7402
INFO:__main__:Completed epoch 57 of 100

INFO:__main__:NLL: 0.2556, L2: 0.0565, Reg: 0.0567
INFO:__main__:Total loss 0.3688
INFO:__main__:Predicted mean: -0.5060
INFO:__main__:Predicted uncertainity -0.8336
INFO:__main__:Completed epoch 58 of 100

INFO:__main__:NLL: 0.1438, L2: 0.0461, Reg: 0.0567
INFO:__main__:Total loss 0.2466
INFO:__main__:Predicted mean: -0.4412
INFO:__main__:Predicted uncertainity -0.6039
INFO:__main__:Completed epoch 59 of 100

INFO:__main__:NLL: 0.1262, L2: 0.0518, Reg: 0.0567
INFO:__main__:Total loss 0.2348
INFO:__main__:Predicted mean: -0.4456
INFO:__main__:Predicted uncertainity -0.5822
INFO:__main__:Completed epoch 60 of 100

INFO:__main__:NLL: 0.0543, L2: 0.0559, Reg: 0.0567
INFO:__main__:Total loss 0.1670
INFO:__main__:Predicted mean: -0.4708
INFO:__main__:Predicted uncertainity -0.6757
INFO:__main__:Completed epoch 61 of 100

INFO:__main__:NLL: 0.2112, L2: 0.0430, Reg: 0.0567
INFO:__main__:Total loss 0.3109
INFO:__main__:Predicted mean: -0.4343
INFO:__main__:Predicted uncertainity -0.7243
INFO:__main__:Completed epoch 62 of 100

INFO:__main__:NLL: 0.3872, L2: 0.0593, Reg: 0.0567
INFO:__main__:Total loss 0.5033
INFO:__main__:Predicted mean: -0.4985
INFO:__main__:Predicted uncertainity -0.7577
INFO:__main__:Completed epoch 63 of 100

INFO:__main__:NLL: 0.2395, L2: 0.0595, Reg: 0.0567
INFO:__main__:Total loss 0.3557
INFO:__main__:Predicted mean: -0.5670
INFO:__main__:Predicted uncertainity -0.7088
INFO:__main__:Completed epoch 64 of 100

INFO:__main__:NLL: 0.0224, L2: 0.0552, Reg: 0.0567
INFO:__main__:Total loss 0.1343
INFO:__main__:Predicted mean: -0.4528
INFO:__main__:Predicted uncertainity -0.8061
INFO:__main__:Completed epoch 65 of 100

INFO:__main__:NLL: 0.1767, L2: 0.0541, Reg: 0.0567
INFO:__main__:Total loss 0.2876
INFO:__main__:Predicted mean: -0.4781
INFO:__main__:Predicted uncertainity -0.7203
INFO:__main__:Completed epoch 66 of 100

INFO:__main__:NLL: 0.1144, L2: 0.0559, Reg: 0.0567
INFO:__main__:Total loss 0.2270
INFO:__main__:Predicted mean: -0.4746
INFO:__main__:Predicted uncertainity -0.7427
INFO:__main__:Completed epoch 67 of 100

INFO:__main__:NLL: 0.1844, L2: 0.0523, Reg: 0.0567
INFO:__main__:Total loss 0.2933
INFO:__main__:Predicted mean: -0.4670
INFO:__main__:Predicted uncertainity -0.7722
INFO:__main__:Completed epoch 68 of 100

INFO:__main__:NLL: 0.1298, L2: 0.0547, Reg: 0.0567
INFO:__main__:Total loss 0.2412
INFO:__main__:Predicted mean: -0.4300
INFO:__main__:Predicted uncertainity -0.7366
INFO:__main__:Completed epoch 69 of 100

INFO:__main__:NLL: 0.1104, L2: 0.0474, Reg: 0.0567
INFO:__main__:Total loss 0.2146
INFO:__main__:Predicted mean: -0.4468
INFO:__main__:Predicted uncertainity -0.7111
INFO:__main__:Completed epoch 70 of 100

INFO:__main__:NLL: 0.1817, L2: 0.0437, Reg: 0.0567
INFO:__main__:Total loss 0.2822
INFO:__main__:Predicted mean: -0.4054
INFO:__main__:Predicted uncertainity -0.6659
INFO:__main__:Completed epoch 71 of 100

INFO:__main__:NLL: 0.1779, L2: 0.0494, Reg: 0.0567
INFO:__main__:Total loss 0.2840
INFO:__main__:Predicted mean: -0.3808
INFO:__main__:Predicted uncertainity -0.5970
INFO:__main__:Completed epoch 72 of 100

INFO:__main__:NLL: 0.0790, L2: 0.0463, Reg: 0.0567
INFO:__main__:Total loss 0.1819
INFO:__main__:Predicted mean: -0.4342
INFO:__main__:Predicted uncertainity -0.6169
INFO:__main__:Completed epoch 73 of 100

INFO:__main__:NLL: 0.0542, L2: 0.0508, Reg: 0.0567
INFO:__main__:Total loss 0.1617
INFO:__main__:Predicted mean: -0.4756
INFO:__main__:Predicted uncertainity -0.6859
INFO:__main__:Completed epoch 74 of 100

INFO:__main__:NLL: 0.2500, L2: 0.0468, Reg: 0.0567
INFO:__main__:Total loss 0.3536
INFO:__main__:Predicted mean: -0.4575
INFO:__main__:Predicted uncertainity -0.6802
INFO:__main__:Completed epoch 75 of 100

INFO:__main__:NLL: 0.1062, L2: 0.0532, Reg: 0.0567
INFO:__main__:Total loss 0.2161
INFO:__main__:Predicted mean: -0.4744
INFO:__main__:Predicted uncertainity -0.6921
INFO:__main__:Completed epoch 76 of 100

INFO:__main__:NLL: 0.1384, L2: 0.0486, Reg: 0.0567
INFO:__main__:Total loss 0.2437
INFO:__main__:Predicted mean: -0.4547
INFO:__main__:Predicted uncertainity -0.5973
INFO:__main__:Completed epoch 77 of 100

INFO:__main__:NLL: 0.0637, L2: 0.0550, Reg: 0.0567
INFO:__main__:Total loss 0.1754
INFO:__main__:Predicted mean: -0.4860
INFO:__main__:Predicted uncertainity -0.6016
INFO:__main__:Completed epoch 78 of 100

INFO:__main__:NLL: 0.0692, L2: 0.0483, Reg: 0.0567
INFO:__main__:Total loss 0.1742
INFO:__main__:Predicted mean: -0.4344
INFO:__main__:Predicted uncertainity -0.7239
INFO:__main__:Completed epoch 79 of 100

INFO:__main__:NLL: 0.1372, L2: 0.0502, Reg: 0.0567
INFO:__main__:Total loss 0.2442
INFO:__main__:Predicted mean: -0.4439
INFO:__main__:Predicted uncertainity -0.7328
INFO:__main__:Completed epoch 80 of 100

INFO:__main__:NLL: 0.1211, L2: 0.0512, Reg: 0.0567
INFO:__main__:Total loss 0.2290
INFO:__main__:Predicted mean: -0.4358
INFO:__main__:Predicted uncertainity -0.7142
INFO:__main__:Completed epoch 81 of 100

INFO:__main__:NLL: 0.1859, L2: 0.0455, Reg: 0.0567
INFO:__main__:Total loss 0.2881
INFO:__main__:Predicted mean: -0.3599
INFO:__main__:Predicted uncertainity -0.5856
INFO:__main__:Completed epoch 82 of 100

INFO:__main__:NLL: 0.1956, L2: 0.0449, Reg: 0.0567
INFO:__main__:Total loss 0.2972
INFO:__main__:Predicted mean: -0.3979
INFO:__main__:Predicted uncertainity -0.7206
INFO:__main__:Completed epoch 83 of 100

INFO:__main__:NLL: 0.1084, L2: 0.0454, Reg: 0.0567
INFO:__main__:Total loss 0.2105
INFO:__main__:Predicted mean: -0.4451
INFO:__main__:Predicted uncertainity -0.6565
INFO:__main__:Completed epoch 84 of 100

INFO:__main__:NLL: 0.2295, L2: 0.0555, Reg: 0.0567
INFO:__main__:Total loss 0.3417
INFO:__main__:Predicted mean: -0.4873
INFO:__main__:Predicted uncertainity -0.6616
INFO:__main__:Completed epoch 85 of 100

INFO:__main__:NLL: 0.1922, L2: 0.0566, Reg: 0.0567
INFO:__main__:Total loss 0.3055
INFO:__main__:Predicted mean: -0.4446
INFO:__main__:Predicted uncertainity -0.7099
INFO:__main__:Completed epoch 86 of 100

INFO:__main__:NLL: 0.0944, L2: 0.0617, Reg: 0.0567
INFO:__main__:Total loss 0.2128
INFO:__main__:Predicted mean: -0.4859
INFO:__main__:Predicted uncertainity -0.8122
INFO:__main__:Completed epoch 87 of 100

INFO:__main__:NLL: 0.3187, L2: 0.0487, Reg: 0.0567
INFO:__main__:Total loss 0.4240
INFO:__main__:Predicted mean: -0.4830
INFO:__main__:Predicted uncertainity -0.7235
INFO:__main__:Completed epoch 88 of 100

INFO:__main__:NLL: 0.4119, L2: 0.0511, Reg: 0.0567
INFO:__main__:Total loss 0.5197
INFO:__main__:Predicted mean: -0.4241
INFO:__main__:Predicted uncertainity -0.7313
INFO:__main__:Completed epoch 89 of 100

INFO:__main__:NLL: 0.1943, L2: 0.0530, Reg: 0.0567
INFO:__main__:Total loss 0.3041
INFO:__main__:Predicted mean: -0.4323
INFO:__main__:Predicted uncertainity -0.7368
INFO:__main__:Completed epoch 90 of 100

INFO:__main__:NLL: 0.1467, L2: 0.0571, Reg: 0.0567
INFO:__main__:Total loss 0.2606
INFO:__main__:Predicted mean: -0.4370
INFO:__main__:Predicted uncertainity -0.6569
INFO:__main__:Completed epoch 91 of 100

INFO:__main__:NLL: -0.0095, L2: 0.0562, Reg: 0.0567
INFO:__main__:Total loss 0.1034
INFO:__main__:Predicted mean: -0.4694
INFO:__main__:Predicted uncertainity -0.6706
INFO:__main__:Completed epoch 92 of 100

INFO:__main__:NLL: 0.2326, L2: 0.0542, Reg: 0.0567
INFO:__main__:Total loss 0.3436
INFO:__main__:Predicted mean: -0.4517
INFO:__main__:Predicted uncertainity -0.6408
INFO:__main__:Completed epoch 93 of 100

INFO:__main__:NLL: 0.3594, L2: 0.0548, Reg: 0.0567
INFO:__main__:Total loss 0.4710
INFO:__main__:Predicted mean: -0.4853
INFO:__main__:Predicted uncertainity -0.7646
INFO:__main__:Completed epoch 94 of 100

INFO:__main__:NLL: 0.1572, L2: 0.0478, Reg: 0.0567
INFO:__main__:Total loss 0.2618
INFO:__main__:Predicted mean: -0.4199
INFO:__main__:Predicted uncertainity -0.7350
INFO:__main__:Completed epoch 95 of 100

INFO:__main__:NLL: 0.2552, L2: 0.0539, Reg: 0.0567
INFO:__main__:Total loss 0.3658
INFO:__main__:Predicted mean: -0.4614
INFO:__main__:Predicted uncertainity -0.7365
INFO:__main__:Completed epoch 96 of 100

INFO:__main__:NLL: 0.1789, L2: 0.0522, Reg: 0.0567
INFO:__main__:Total loss 0.2878
INFO:__main__:Predicted mean: -0.4412
INFO:__main__:Predicted uncertainity -0.6656
INFO:__main__:Completed epoch 97 of 100

INFO:__main__:NLL: 0.0772, L2: 0.0494, Reg: 0.0567
INFO:__main__:Total loss 0.1834
INFO:__main__:Predicted mean: -0.4205
INFO:__main__:Predicted uncertainity -0.7182
INFO:__main__:Completed epoch 98 of 100

INFO:__main__:NLL: 0.1193, L2: 0.0553, Reg: 0.0567
INFO:__main__:Total loss 0.2314
INFO:__main__:Predicted mean: -0.4941
INFO:__main__:Predicted uncertainity -0.7550
INFO:__main__:Completed epoch 99 of 100

INFO:__main__:NLL: 0.2444, L2: 0.0503, Reg: 0.0567
INFO:__main__:Total loss 0.3514
INFO:__main__:Predicted mean: -0.4413
INFO:__main__:Predicted uncertainity -0.7392
INFO:__main__:Completed epoch 100 of 100

INFO:__main__:574.605627 s
