INFO:__main__:PROCESS RUNNING ON cpu
INFO:__main__:NLL: 0.0596, L2: 0.0065, Reg: 0.1401
INFO:__main__:Total loss 0.2062
INFO:__main__:Predicted mean: -0.4512
INFO:__main__:Predicted uncertainity -0.7406
INFO:__main__:Completed epoch 1 of 100

INFO:__main__:NLL: 0.1489, L2: 0.0069, Reg: 0.1410
INFO:__main__:Total loss 0.2968
INFO:__main__:Predicted mean: -0.4037
INFO:__main__:Predicted uncertainity -0.8047
INFO:__main__:Completed epoch 2 of 100

INFO:__main__:NLL: 0.1031, L2: 0.0075, Reg: 0.1396
INFO:__main__:Total loss 0.2502
INFO:__main__:Predicted mean: -0.3785
INFO:__main__:Predicted uncertainity -0.6499
INFO:__main__:Completed epoch 3 of 100

INFO:__main__:NLL: -0.1361, L2: 0.0076, Reg: 0.1408
INFO:__main__:Total loss 0.0123
INFO:__main__:Predicted mean: -0.4391
INFO:__main__:Predicted uncertainity -0.8479
INFO:__main__:Completed epoch 4 of 100

INFO:__main__:NLL: 0.1962, L2: 0.0076, Reg: 0.1389
INFO:__main__:Total loss 0.3428
INFO:__main__:Predicted mean: -0.3540
INFO:__main__:Predicted uncertainity -0.7803
INFO:__main__:Completed epoch 5 of 100

INFO:__main__:NLL: 0.0023, L2: 0.0074, Reg: 0.1399
INFO:__main__:Total loss 0.1496
INFO:__main__:Predicted mean: -0.3670
INFO:__main__:Predicted uncertainity -0.6703
INFO:__main__:Completed epoch 6 of 100

INFO:__main__:NLL: -0.0532, L2: 0.0077, Reg: 0.1384
INFO:__main__:Total loss 0.0928
INFO:__main__:Predicted mean: -0.3882
INFO:__main__:Predicted uncertainity -0.7702
INFO:__main__:Completed epoch 7 of 100

INFO:__main__:NLL: 0.2392, L2: 0.0083, Reg: 0.1404
INFO:__main__:Total loss 0.3879
INFO:__main__:Predicted mean: -0.4874
INFO:__main__:Predicted uncertainity -0.7504
INFO:__main__:Completed epoch 8 of 100

INFO:__main__:NLL: 0.1177, L2: 0.0078, Reg: 0.1385
INFO:__main__:Total loss 0.2640
INFO:__main__:Predicted mean: -0.4257
INFO:__main__:Predicted uncertainity -0.7936
INFO:__main__:Completed epoch 9 of 100

INFO:__main__:NLL: 0.1983, L2: 0.0079, Reg: 0.1401
INFO:__main__:Total loss 0.3464
INFO:__main__:Predicted mean: -0.3716
INFO:__main__:Predicted uncertainity -0.7451
INFO:__main__:Completed epoch 10 of 100

INFO:__main__:NLL: 0.1150, L2: 0.0083, Reg: 0.1385
INFO:__main__:Total loss 0.2619
INFO:__main__:Predicted mean: -0.4137
INFO:__main__:Predicted uncertainity -0.7216
INFO:__main__:Completed epoch 11 of 100

INFO:__main__:NLL: 0.1245, L2: 0.0080, Reg: 0.1387
INFO:__main__:Total loss 0.2712
INFO:__main__:Predicted mean: -0.4235
INFO:__main__:Predicted uncertainity -0.7159
INFO:__main__:Completed epoch 12 of 100

INFO:__main__:NLL: 0.0466, L2: 0.0077, Reg: 0.1391
INFO:__main__:Total loss 0.1934
INFO:__main__:Predicted mean: -0.3578
INFO:__main__:Predicted uncertainity -0.6654
INFO:__main__:Completed epoch 13 of 100

INFO:__main__:NLL: 0.0472, L2: 0.0079, Reg: 0.1384
INFO:__main__:Total loss 0.1935
INFO:__main__:Predicted mean: -0.3950
INFO:__main__:Predicted uncertainity -0.7711
INFO:__main__:Completed epoch 14 of 100

INFO:__main__:NLL: 0.0688, L2: 0.0077, Reg: 0.1403
INFO:__main__:Total loss 0.2169
INFO:__main__:Predicted mean: -0.3382
INFO:__main__:Predicted uncertainity -0.7993
INFO:__main__:Completed epoch 15 of 100

INFO:__main__:NLL: 0.0878, L2: 0.0074, Reg: 0.1401
INFO:__main__:Total loss 0.2353
INFO:__main__:Predicted mean: -0.4227
INFO:__main__:Predicted uncertainity -0.7716
INFO:__main__:Completed epoch 16 of 100

INFO:__main__:NLL: 0.0686, L2: 0.0082, Reg: 0.1398
INFO:__main__:Total loss 0.2166
INFO:__main__:Predicted mean: -0.3861
INFO:__main__:Predicted uncertainity -0.8271
INFO:__main__:Completed epoch 17 of 100

INFO:__main__:NLL: 0.0534, L2: 0.0081, Reg: 0.1400
INFO:__main__:Total loss 0.2014
INFO:__main__:Predicted mean: -0.3574
INFO:__main__:Predicted uncertainity -0.7600
INFO:__main__:Completed epoch 18 of 100

INFO:__main__:NLL: -0.0394, L2: 0.0082, Reg: 0.1396
INFO:__main__:Total loss 0.1085
INFO:__main__:Predicted mean: -0.3531
INFO:__main__:Predicted uncertainity -0.7721
INFO:__main__:Completed epoch 19 of 100

INFO:__main__:NLL: 0.0291, L2: 0.0081, Reg: 0.1406
INFO:__main__:Total loss 0.1778
INFO:__main__:Predicted mean: -0.3829
INFO:__main__:Predicted uncertainity -0.7297
INFO:__main__:Completed epoch 20 of 100

INFO:__main__:NLL: 0.1147, L2: 0.0084, Reg: 0.1382
INFO:__main__:Total loss 0.2613
INFO:__main__:Predicted mean: -0.3827
INFO:__main__:Predicted uncertainity -0.5815
INFO:__main__:Completed epoch 21 of 100

INFO:__main__:NLL: 0.1370, L2: 0.0086, Reg: 0.1393
INFO:__main__:Total loss 0.2849
INFO:__main__:Predicted mean: -0.3733
INFO:__main__:Predicted uncertainity -0.7669
INFO:__main__:Completed epoch 22 of 100

INFO:__main__:NLL: 0.4023, L2: 0.0087, Reg: 0.1403
INFO:__main__:Total loss 0.5513
INFO:__main__:Predicted mean: -0.3854
INFO:__main__:Predicted uncertainity -0.8133
INFO:__main__:Completed epoch 23 of 100

INFO:__main__:NLL: -0.0126, L2: 0.0082, Reg: 0.1407
INFO:__main__:Total loss 0.1363
INFO:__main__:Predicted mean: -0.3933
INFO:__main__:Predicted uncertainity -0.7177
INFO:__main__:Completed epoch 24 of 100

INFO:__main__:NLL: 0.0209, L2: 0.0086, Reg: 0.1389
INFO:__main__:Total loss 0.1684
INFO:__main__:Predicted mean: -0.3440
INFO:__main__:Predicted uncertainity -0.7066
INFO:__main__:Completed epoch 25 of 100

INFO:__main__:NLL: 0.1672, L2: 0.0085, Reg: 0.1403
INFO:__main__:Total loss 0.3160
INFO:__main__:Predicted mean: -0.3889
INFO:__main__:Predicted uncertainity -0.6787
INFO:__main__:Completed epoch 26 of 100

INFO:__main__:NLL: 0.0994, L2: 0.0081, Reg: 0.1383
INFO:__main__:Total loss 0.2459
INFO:__main__:Predicted mean: -0.3420
INFO:__main__:Predicted uncertainity -0.7489
INFO:__main__:Completed epoch 27 of 100

INFO:__main__:NLL: -0.0472, L2: 0.0083, Reg: 0.1405
INFO:__main__:Total loss 0.1017
INFO:__main__:Predicted mean: -0.3735
INFO:__main__:Predicted uncertainity -0.8201
INFO:__main__:Completed epoch 28 of 100

INFO:__main__:NLL: 0.1274, L2: 0.0088, Reg: 0.1397
INFO:__main__:Total loss 0.2759
INFO:__main__:Predicted mean: -0.3835
INFO:__main__:Predicted uncertainity -0.7666
INFO:__main__:Completed epoch 29 of 100

INFO:__main__:NLL: 0.0962, L2: 0.0083, Reg: 0.1381
INFO:__main__:Total loss 0.2426
INFO:__main__:Predicted mean: -0.4163
INFO:__main__:Predicted uncertainity -0.7306
INFO:__main__:Completed epoch 30 of 100

INFO:__main__:NLL: -0.0447, L2: 0.0093, Reg: 0.1385
INFO:__main__:Total loss 0.1031
INFO:__main__:Predicted mean: -0.3179
INFO:__main__:Predicted uncertainity -0.7623
INFO:__main__:Completed epoch 31 of 100

INFO:__main__:NLL: -0.0041, L2: 0.0085, Reg: 0.1393
INFO:__main__:Total loss 0.1437
INFO:__main__:Predicted mean: -0.3863
INFO:__main__:Predicted uncertainity -0.8092
INFO:__main__:Completed epoch 32 of 100

INFO:__main__:NLL: 0.2430, L2: 0.0087, Reg: 0.1411
INFO:__main__:Total loss 0.3929
INFO:__main__:Predicted mean: -0.4088
INFO:__main__:Predicted uncertainity -0.8404
INFO:__main__:Completed epoch 33 of 100

INFO:__main__:NLL: 0.1597, L2: 0.0087, Reg: 0.1393
INFO:__main__:Total loss 0.3078
INFO:__main__:Predicted mean: -0.3703
INFO:__main__:Predicted uncertainity -0.7161
INFO:__main__:Completed epoch 34 of 100

INFO:__main__:NLL: 0.0880, L2: 0.0088, Reg: 0.1395
INFO:__main__:Total loss 0.2363
INFO:__main__:Predicted mean: -0.3637
INFO:__main__:Predicted uncertainity -0.7845
INFO:__main__:Completed epoch 35 of 100

INFO:__main__:NLL: 0.0284, L2: 0.0088, Reg: 0.1395
INFO:__main__:Total loss 0.1767
INFO:__main__:Predicted mean: -0.3400
INFO:__main__:Predicted uncertainity -0.8230
INFO:__main__:Completed epoch 36 of 100

INFO:__main__:NLL: 0.2804, L2: 0.0088, Reg: 0.1391
INFO:__main__:Total loss 0.4283
INFO:__main__:Predicted mean: -0.3928
INFO:__main__:Predicted uncertainity -0.6987
INFO:__main__:Completed epoch 37 of 100

INFO:__main__:NLL: -0.0668, L2: 0.0086, Reg: 0.1393
INFO:__main__:Total loss 0.0811
INFO:__main__:Predicted mean: -0.3586
INFO:__main__:Predicted uncertainity -0.8410
INFO:__main__:Completed epoch 38 of 100

INFO:__main__:NLL: 0.1068, L2: 0.0084, Reg: 0.1389
INFO:__main__:Total loss 0.2541
INFO:__main__:Predicted mean: -0.4989
INFO:__main__:Predicted uncertainity -0.7951
INFO:__main__:Completed epoch 39 of 100

INFO:__main__:NLL: 0.0977, L2: 0.0092, Reg: 0.1388
INFO:__main__:Total loss 0.2457
INFO:__main__:Predicted mean: -0.3977
INFO:__main__:Predicted uncertainity -0.6684
INFO:__main__:Completed epoch 40 of 100

INFO:__main__:NLL: 0.1120, L2: 0.0085, Reg: 0.1388
INFO:__main__:Total loss 0.2593
INFO:__main__:Predicted mean: -0.3529
INFO:__main__:Predicted uncertainity -0.5770
INFO:__main__:Completed epoch 41 of 100

INFO:__main__:NLL: 0.3800, L2: 0.0084, Reg: 0.1398
INFO:__main__:Total loss 0.5282
INFO:__main__:Predicted mean: -0.4427
INFO:__main__:Predicted uncertainity -0.7389
INFO:__main__:Completed epoch 42 of 100

INFO:__main__:NLL: 0.1078, L2: 0.0082, Reg: 0.1396
INFO:__main__:Total loss 0.2556
INFO:__main__:Predicted mean: -0.3618
INFO:__main__:Predicted uncertainity -0.6214
INFO:__main__:Completed epoch 43 of 100

INFO:__main__:NLL: 0.0459, L2: 0.0086, Reg: 0.1400
INFO:__main__:Total loss 0.1945
INFO:__main__:Predicted mean: -0.3559
INFO:__main__:Predicted uncertainity -0.7450
INFO:__main__:Completed epoch 44 of 100

INFO:__main__:NLL: 0.1841, L2: 0.0085, Reg: 0.1407
INFO:__main__:Total loss 0.3333
INFO:__main__:Predicted mean: -0.3635
INFO:__main__:Predicted uncertainity -0.8569
INFO:__main__:Completed epoch 45 of 100

INFO:__main__:NLL: 0.1255, L2: 0.0089, Reg: 0.1398
INFO:__main__:Total loss 0.2742
INFO:__main__:Predicted mean: -0.3581
INFO:__main__:Predicted uncertainity -0.6729
INFO:__main__:Completed epoch 46 of 100

INFO:__main__:NLL: -0.0343, L2: 0.0082, Reg: 0.1405
INFO:__main__:Total loss 0.1144
INFO:__main__:Predicted mean: -0.4268
INFO:__main__:Predicted uncertainity -0.7541
INFO:__main__:Completed epoch 47 of 100

INFO:__main__:NLL: 0.3078, L2: 0.0088, Reg: 0.1407
INFO:__main__:Total loss 0.4573
INFO:__main__:Predicted mean: -0.4213
INFO:__main__:Predicted uncertainity -0.6496
INFO:__main__:Completed epoch 48 of 100

INFO:__main__:NLL: 0.0758, L2: 0.0088, Reg: 0.1400
INFO:__main__:Total loss 0.2246
INFO:__main__:Predicted mean: -0.3779
INFO:__main__:Predicted uncertainity -0.7187
INFO:__main__:Completed epoch 49 of 100

INFO:__main__:NLL: 0.0343, L2: 0.0086, Reg: 0.1391
INFO:__main__:Total loss 0.1820
INFO:__main__:Predicted mean: -0.4231
INFO:__main__:Predicted uncertainity -0.6333
INFO:__main__:Completed epoch 50 of 100

INFO:__main__:NLL: 0.1570, L2: 0.0089, Reg: 0.1414
INFO:__main__:Total loss 0.3072
INFO:__main__:Predicted mean: -0.4393
INFO:__main__:Predicted uncertainity -0.8593
INFO:__main__:Completed epoch 51 of 100

INFO:__main__:NLL: 0.0805, L2: 0.0087, Reg: 0.1408
INFO:__main__:Total loss 0.2300
INFO:__main__:Predicted mean: -0.3826
INFO:__main__:Predicted uncertainity -0.7597
INFO:__main__:Completed epoch 52 of 100

INFO:__main__:NLL: 0.1995, L2: 0.0086, Reg: 0.1388
INFO:__main__:Total loss 0.3469
INFO:__main__:Predicted mean: -0.4289
INFO:__main__:Predicted uncertainity -0.7312
INFO:__main__:Completed epoch 53 of 100

INFO:__main__:NLL: 0.0528, L2: 0.0087, Reg: 0.1390
INFO:__main__:Total loss 0.2005
INFO:__main__:Predicted mean: -0.3671
INFO:__main__:Predicted uncertainity -0.7394
INFO:__main__:Completed epoch 54 of 100

INFO:__main__:NLL: 0.1502, L2: 0.0091, Reg: 0.1399
INFO:__main__:Total loss 0.2992
INFO:__main__:Predicted mean: -0.4225
INFO:__main__:Predicted uncertainity -0.7615
INFO:__main__:Completed epoch 55 of 100

INFO:__main__:NLL: 0.1313, L2: 0.0091, Reg: 0.1400
INFO:__main__:Total loss 0.2804
INFO:__main__:Predicted mean: -0.3938
INFO:__main__:Predicted uncertainity -0.7665
INFO:__main__:Completed epoch 56 of 100

INFO:__main__:NLL: 0.1145, L2: 0.0088, Reg: 0.1394
INFO:__main__:Total loss 0.2628
INFO:__main__:Predicted mean: -0.3448
INFO:__main__:Predicted uncertainity -0.8186
INFO:__main__:Completed epoch 57 of 100

INFO:__main__:NLL: 0.1703, L2: 0.0090, Reg: 0.1418
INFO:__main__:Total loss 0.3210
INFO:__main__:Predicted mean: -0.3947
INFO:__main__:Predicted uncertainity -0.8044
INFO:__main__:Completed epoch 58 of 100

INFO:__main__:NLL: 0.1128, L2: 0.0092, Reg: 0.1395
INFO:__main__:Total loss 0.2614
INFO:__main__:Predicted mean: -0.3792
INFO:__main__:Predicted uncertainity -0.7870
INFO:__main__:Completed epoch 59 of 100

INFO:__main__:NLL: 0.0263, L2: 0.0093, Reg: 0.1391
INFO:__main__:Total loss 0.1747
INFO:__main__:Predicted mean: -0.4027
INFO:__main__:Predicted uncertainity -0.6306
INFO:__main__:Completed epoch 60 of 100

INFO:__main__:NLL: 0.0387, L2: 0.0092, Reg: 0.1400
INFO:__main__:Total loss 0.1879
INFO:__main__:Predicted mean: -0.3626
INFO:__main__:Predicted uncertainity -0.6926
INFO:__main__:Completed epoch 61 of 100

INFO:__main__:NLL: 0.0914, L2: 0.0091, Reg: 0.1382
INFO:__main__:Total loss 0.2386
INFO:__main__:Predicted mean: -0.3711
INFO:__main__:Predicted uncertainity -0.7130
INFO:__main__:Completed epoch 62 of 100

INFO:__main__:NLL: 0.0371, L2: 0.0091, Reg: 0.1396
INFO:__main__:Total loss 0.1857
INFO:__main__:Predicted mean: -0.3638
INFO:__main__:Predicted uncertainity -0.7706
INFO:__main__:Completed epoch 63 of 100

INFO:__main__:NLL: 0.1979, L2: 0.0087, Reg: 0.1410
INFO:__main__:Total loss 0.3476
INFO:__main__:Predicted mean: -0.4132
INFO:__main__:Predicted uncertainity -0.7901
INFO:__main__:Completed epoch 64 of 100

INFO:__main__:NLL: -0.0183, L2: 0.0088, Reg: 0.1387
INFO:__main__:Total loss 0.1291
INFO:__main__:Predicted mean: -0.4201
INFO:__main__:Predicted uncertainity -0.7554
INFO:__main__:Completed epoch 65 of 100

INFO:__main__:NLL: 0.0969, L2: 0.0086, Reg: 0.1392
INFO:__main__:Total loss 0.2446
INFO:__main__:Predicted mean: -0.3662
INFO:__main__:Predicted uncertainity -0.7112
INFO:__main__:Completed epoch 66 of 100

INFO:__main__:NLL: 0.0253, L2: 0.0085, Reg: 0.1403
INFO:__main__:Total loss 0.1741
INFO:__main__:Predicted mean: -0.4219
INFO:__main__:Predicted uncertainity -0.7843
INFO:__main__:Completed epoch 67 of 100

INFO:__main__:NLL: 0.0540, L2: 0.0089, Reg: 0.1396
INFO:__main__:Total loss 0.2025
INFO:__main__:Predicted mean: -0.3529
INFO:__main__:Predicted uncertainity -0.7421
INFO:__main__:Completed epoch 68 of 100

INFO:__main__:NLL: 0.1200, L2: 0.0089, Reg: 0.1393
INFO:__main__:Total loss 0.2682
INFO:__main__:Predicted mean: -0.3882
INFO:__main__:Predicted uncertainity -0.7646
INFO:__main__:Completed epoch 69 of 100

INFO:__main__:NLL: -0.0635, L2: 0.0087, Reg: 0.1384
INFO:__main__:Total loss 0.0836
INFO:__main__:Predicted mean: -0.3703
INFO:__main__:Predicted uncertainity -0.7693
INFO:__main__:Completed epoch 70 of 100

INFO:__main__:NLL: 0.1087, L2: 0.0091, Reg: 0.1389
INFO:__main__:Total loss 0.2567
INFO:__main__:Predicted mean: -0.3570
INFO:__main__:Predicted uncertainity -0.7514
INFO:__main__:Completed epoch 71 of 100

INFO:__main__:NLL: 0.0773, L2: 0.0090, Reg: 0.1411
INFO:__main__:Total loss 0.2275
INFO:__main__:Predicted mean: -0.3747
INFO:__main__:Predicted uncertainity -0.7398
INFO:__main__:Completed epoch 72 of 100

INFO:__main__:NLL: -0.0219, L2: 0.0082, Reg: 0.1391
INFO:__main__:Total loss 0.1254
INFO:__main__:Predicted mean: -0.3708
INFO:__main__:Predicted uncertainity -0.6749
INFO:__main__:Completed epoch 73 of 100

INFO:__main__:NLL: 0.0134, L2: 0.0088, Reg: 0.1398
INFO:__main__:Total loss 0.1620
INFO:__main__:Predicted mean: -0.4034
INFO:__main__:Predicted uncertainity -0.8888
INFO:__main__:Completed epoch 74 of 100

INFO:__main__:NLL: 0.1544, L2: 0.0087, Reg: 0.1389
INFO:__main__:Total loss 0.3020
INFO:__main__:Predicted mean: -0.4149
INFO:__main__:Predicted uncertainity -0.6626
INFO:__main__:Completed epoch 75 of 100

INFO:__main__:NLL: 0.0723, L2: 0.0092, Reg: 0.1389
INFO:__main__:Total loss 0.2203
INFO:__main__:Predicted mean: -0.4111
INFO:__main__:Predicted uncertainity -0.6631
INFO:__main__:Completed epoch 76 of 100

INFO:__main__:NLL: 0.2060, L2: 0.0091, Reg: 0.1405
INFO:__main__:Total loss 0.3556
INFO:__main__:Predicted mean: -0.3090
INFO:__main__:Predicted uncertainity -0.6453
INFO:__main__:Completed epoch 77 of 100

INFO:__main__:NLL: -0.0113, L2: 0.0089, Reg: 0.1392
INFO:__main__:Total loss 0.1368
INFO:__main__:Predicted mean: -0.4430
INFO:__main__:Predicted uncertainity -0.7632
INFO:__main__:Completed epoch 78 of 100

INFO:__main__:NLL: 0.1143, L2: 0.0087, Reg: 0.1391
INFO:__main__:Total loss 0.2621
INFO:__main__:Predicted mean: -0.3642
INFO:__main__:Predicted uncertainity -0.7207
INFO:__main__:Completed epoch 79 of 100

INFO:__main__:NLL: 0.0411, L2: 0.0092, Reg: 0.1404
INFO:__main__:Total loss 0.1907
INFO:__main__:Predicted mean: -0.3848
INFO:__main__:Predicted uncertainity -0.7380
INFO:__main__:Completed epoch 80 of 100

INFO:__main__:NLL: -0.0015, L2: 0.0093, Reg: 0.1391
INFO:__main__:Total loss 0.1469
INFO:__main__:Predicted mean: -0.3646
INFO:__main__:Predicted uncertainity -0.6467
INFO:__main__:Completed epoch 81 of 100

INFO:__main__:NLL: 0.0991, L2: 0.0094, Reg: 0.1404
INFO:__main__:Total loss 0.2490
INFO:__main__:Predicted mean: -0.3411
INFO:__main__:Predicted uncertainity -0.7385
INFO:__main__:Completed epoch 82 of 100

INFO:__main__:NLL: 0.3085, L2: 0.0089, Reg: 0.1387
INFO:__main__:Total loss 0.4560
INFO:__main__:Predicted mean: -0.4368
INFO:__main__:Predicted uncertainity -0.7427
INFO:__main__:Completed epoch 83 of 100

INFO:__main__:NLL: -0.0016, L2: 0.0091, Reg: 0.1387
INFO:__main__:Total loss 0.1462
INFO:__main__:Predicted mean: -0.3926
INFO:__main__:Predicted uncertainity -0.6394
INFO:__main__:Completed epoch 84 of 100

INFO:__main__:NLL: 0.0536, L2: 0.0086, Reg: 0.1385
INFO:__main__:Total loss 0.2007
INFO:__main__:Predicted mean: -0.3371
INFO:__main__:Predicted uncertainity -0.7452
INFO:__main__:Completed epoch 85 of 100

INFO:__main__:NLL: -0.0330, L2: 0.0091, Reg: 0.1399
INFO:__main__:Total loss 0.1160
INFO:__main__:Predicted mean: -0.3332
INFO:__main__:Predicted uncertainity -0.7520
INFO:__main__:Completed epoch 86 of 100

INFO:__main__:NLL: 0.0301, L2: 0.0088, Reg: 0.1412
INFO:__main__:Total loss 0.1800
INFO:__main__:Predicted mean: -0.4139
INFO:__main__:Predicted uncertainity -0.7674
INFO:__main__:Completed epoch 87 of 100

INFO:__main__:NLL: 0.1696, L2: 0.0093, Reg: 0.1389
INFO:__main__:Total loss 0.3179
INFO:__main__:Predicted mean: -0.3287
INFO:__main__:Predicted uncertainity -0.7486
INFO:__main__:Completed epoch 88 of 100

INFO:__main__:NLL: 0.3070, L2: 0.0089, Reg: 0.1389
INFO:__main__:Total loss 0.4547
INFO:__main__:Predicted mean: -0.3453
INFO:__main__:Predicted uncertainity -0.7665
INFO:__main__:Completed epoch 89 of 100

INFO:__main__:NLL: 0.1864, L2: 0.0086, Reg: 0.1387
INFO:__main__:Total loss 0.3337
INFO:__main__:Predicted mean: -0.3684
INFO:__main__:Predicted uncertainity -0.6422
INFO:__main__:Completed epoch 90 of 100

INFO:__main__:NLL: 0.0891, L2: 0.0085, Reg: 0.1402
INFO:__main__:Total loss 0.2377
INFO:__main__:Predicted mean: -0.3536
INFO:__main__:Predicted uncertainity -0.5983
INFO:__main__:Completed epoch 91 of 100

INFO:__main__:NLL: 0.0998, L2: 0.0085, Reg: 0.1411
INFO:__main__:Total loss 0.2494
INFO:__main__:Predicted mean: -0.3893
INFO:__main__:Predicted uncertainity -0.7055
INFO:__main__:Completed epoch 92 of 100

INFO:__main__:NLL: 0.2288, L2: 0.0086, Reg: 0.1382
INFO:__main__:Total loss 0.3756
INFO:__main__:Predicted mean: -0.3702
INFO:__main__:Predicted uncertainity -0.7580
INFO:__main__:Completed epoch 93 of 100

INFO:__main__:NLL: 0.2018, L2: 0.0088, Reg: 0.1407
INFO:__main__:Total loss 0.3513
INFO:__main__:Predicted mean: -0.4048
INFO:__main__:Predicted uncertainity -0.7804
INFO:__main__:Completed epoch 94 of 100

INFO:__main__:NLL: 0.1170, L2: 0.0081, Reg: 0.1402
INFO:__main__:Total loss 0.2653
INFO:__main__:Predicted mean: -0.3908
INFO:__main__:Predicted uncertainity -0.7851
INFO:__main__:Completed epoch 95 of 100

INFO:__main__:NLL: 0.1852, L2: 0.0080, Reg: 0.1400
INFO:__main__:Total loss 0.3332
INFO:__main__:Predicted mean: -0.3875
INFO:__main__:Predicted uncertainity -0.7163
INFO:__main__:Completed epoch 96 of 100

INFO:__main__:NLL: 0.0679, L2: 0.0083, Reg: 0.1417
INFO:__main__:Total loss 0.2178
INFO:__main__:Predicted mean: -0.3921
INFO:__main__:Predicted uncertainity -0.7132
INFO:__main__:Completed epoch 97 of 100

INFO:__main__:NLL: 0.0491, L2: 0.0083, Reg: 0.1390
INFO:__main__:Total loss 0.1965
INFO:__main__:Predicted mean: -0.3539
INFO:__main__:Predicted uncertainity -0.7988
INFO:__main__:Completed epoch 98 of 100

INFO:__main__:NLL: -0.1206, L2: 0.0090, Reg: 0.1408
INFO:__main__:Total loss 0.0292
INFO:__main__:Predicted mean: -0.3341
INFO:__main__:Predicted uncertainity -0.8200
INFO:__main__:Completed epoch 99 of 100

INFO:__main__:NLL: 0.0984, L2: 0.0086, Reg: 0.1396
INFO:__main__:Total loss 0.2465
INFO:__main__:Predicted mean: -0.3849
INFO:__main__:Predicted uncertainity -0.8054
INFO:__main__:Completed epoch 100 of 100

INFO:__main__:752.010179 s
