INFO:__main__:PROCESS RUNNING ON cpu
INFO:__main__:NLL: 0.0446, L2: 0.0068, Reg: 0.0027
INFO:__main__:Total loss 0.0541
INFO:__main__:Predicted mean: -0.4504
INFO:__main__:Predicted uncertainity -0.7671
INFO:__main__:Completed epoch 1 of 100

INFO:__main__:NLL: 0.1029, L2: 0.0075, Reg: 0.0027
INFO:__main__:Total loss 0.1131
INFO:__main__:Predicted mean: -0.3745
INFO:__main__:Predicted uncertainity -0.7834
INFO:__main__:Completed epoch 2 of 100

INFO:__main__:NLL: 0.1038, L2: 0.0078, Reg: 0.0027
INFO:__main__:Total loss 0.1143
INFO:__main__:Predicted mean: -0.3925
INFO:__main__:Predicted uncertainity -0.6879
INFO:__main__:Completed epoch 3 of 100

INFO:__main__:NLL: -0.1682, L2: 0.0079, Reg: 0.0027
INFO:__main__:Total loss -0.1575
INFO:__main__:Predicted mean: -0.4499
INFO:__main__:Predicted uncertainity -0.8331
INFO:__main__:Completed epoch 4 of 100

INFO:__main__:NLL: 0.2113, L2: 0.0080, Reg: 0.0027
INFO:__main__:Total loss 0.2219
INFO:__main__:Predicted mean: -0.3770
INFO:__main__:Predicted uncertainity -0.7486
INFO:__main__:Completed epoch 5 of 100

INFO:__main__:NLL: -0.0061, L2: 0.0082, Reg: 0.0027
INFO:__main__:Total loss 0.0048
INFO:__main__:Predicted mean: -0.3779
INFO:__main__:Predicted uncertainity -0.6574
INFO:__main__:Completed epoch 6 of 100

INFO:__main__:NLL: -0.1131, L2: 0.0085, Reg: 0.0027
INFO:__main__:Total loss -0.1019
INFO:__main__:Predicted mean: -0.3597
INFO:__main__:Predicted uncertainity -0.7569
INFO:__main__:Completed epoch 7 of 100

INFO:__main__:NLL: 0.2396, L2: 0.0083, Reg: 0.0027
INFO:__main__:Total loss 0.2506
INFO:__main__:Predicted mean: -0.4745
INFO:__main__:Predicted uncertainity -0.7848
INFO:__main__:Completed epoch 8 of 100

INFO:__main__:NLL: 0.0323, L2: 0.0086, Reg: 0.0027
INFO:__main__:Total loss 0.0436
INFO:__main__:Predicted mean: -0.4081
INFO:__main__:Predicted uncertainity -0.8260
INFO:__main__:Completed epoch 9 of 100

INFO:__main__:NLL: 0.2598, L2: 0.0082, Reg: 0.0027
INFO:__main__:Total loss 0.2707
INFO:__main__:Predicted mean: -0.3372
INFO:__main__:Predicted uncertainity -0.7876
INFO:__main__:Completed epoch 10 of 100

INFO:__main__:NLL: 0.0227, L2: 0.0085, Reg: 0.0027
INFO:__main__:Total loss 0.0339
INFO:__main__:Predicted mean: -0.4166
INFO:__main__:Predicted uncertainity -0.7819
INFO:__main__:Completed epoch 11 of 100

INFO:__main__:NLL: 0.1370, L2: 0.0085, Reg: 0.0027
INFO:__main__:Total loss 0.1482
INFO:__main__:Predicted mean: -0.4538
INFO:__main__:Predicted uncertainity -0.7324
INFO:__main__:Completed epoch 12 of 100

INFO:__main__:NLL: 0.0416, L2: 0.0086, Reg: 0.0027
INFO:__main__:Total loss 0.0529
INFO:__main__:Predicted mean: -0.3746
INFO:__main__:Predicted uncertainity -0.7441
INFO:__main__:Completed epoch 13 of 100

INFO:__main__:NLL: 0.0659, L2: 0.0083, Reg: 0.0027
INFO:__main__:Total loss 0.0770
INFO:__main__:Predicted mean: -0.3949
INFO:__main__:Predicted uncertainity -0.7380
INFO:__main__:Completed epoch 14 of 100

INFO:__main__:NLL: 0.0363, L2: 0.0085, Reg: 0.0027
INFO:__main__:Total loss 0.0475
INFO:__main__:Predicted mean: -0.3716
INFO:__main__:Predicted uncertainity -0.8127
INFO:__main__:Completed epoch 15 of 100

INFO:__main__:NLL: 0.1101, L2: 0.0080, Reg: 0.0027
INFO:__main__:Total loss 0.1207
INFO:__main__:Predicted mean: -0.3941
INFO:__main__:Predicted uncertainity -0.6666
INFO:__main__:Completed epoch 16 of 100

INFO:__main__:NLL: 0.0727, L2: 0.0088, Reg: 0.0027
INFO:__main__:Total loss 0.0841
INFO:__main__:Predicted mean: -0.3706
INFO:__main__:Predicted uncertainity -0.8457
INFO:__main__:Completed epoch 17 of 100

INFO:__main__:NLL: 0.0283, L2: 0.0087, Reg: 0.0027
INFO:__main__:Total loss 0.0397
INFO:__main__:Predicted mean: -0.3596
INFO:__main__:Predicted uncertainity -0.8116
INFO:__main__:Completed epoch 18 of 100

INFO:__main__:NLL: -0.0464, L2: 0.0090, Reg: 0.0027
INFO:__main__:Total loss -0.0347
INFO:__main__:Predicted mean: -0.3304
INFO:__main__:Predicted uncertainity -0.7893
INFO:__main__:Completed epoch 19 of 100

INFO:__main__:NLL: 0.0070, L2: 0.0087, Reg: 0.0027
INFO:__main__:Total loss 0.0184
INFO:__main__:Predicted mean: -0.3765
INFO:__main__:Predicted uncertainity -0.7195
INFO:__main__:Completed epoch 20 of 100

INFO:__main__:NLL: 0.0634, L2: 0.0091, Reg: 0.0027
INFO:__main__:Total loss 0.0752
INFO:__main__:Predicted mean: -0.3638
INFO:__main__:Predicted uncertainity -0.6544
INFO:__main__:Completed epoch 21 of 100

INFO:__main__:NLL: 0.0372, L2: 0.0089, Reg: 0.0027
INFO:__main__:Total loss 0.0488
INFO:__main__:Predicted mean: -0.3844
INFO:__main__:Predicted uncertainity -0.7811
INFO:__main__:Completed epoch 22 of 100

INFO:__main__:NLL: 0.4139, L2: 0.0087, Reg: 0.0027
INFO:__main__:Total loss 0.4253
INFO:__main__:Predicted mean: -0.3660
INFO:__main__:Predicted uncertainity -0.8396
INFO:__main__:Completed epoch 23 of 100

INFO:__main__:NLL: -0.0015, L2: 0.0089, Reg: 0.0027
INFO:__main__:Total loss 0.0101
INFO:__main__:Predicted mean: -0.3759
INFO:__main__:Predicted uncertainity -0.7249
INFO:__main__:Completed epoch 24 of 100

INFO:__main__:NLL: 0.0530, L2: 0.0087, Reg: 0.0027
INFO:__main__:Total loss 0.0644
INFO:__main__:Predicted mean: -0.3335
INFO:__main__:Predicted uncertainity -0.7615
INFO:__main__:Completed epoch 25 of 100

INFO:__main__:NLL: 0.2139, L2: 0.0089, Reg: 0.0027
INFO:__main__:Total loss 0.2256
INFO:__main__:Predicted mean: -0.3755
INFO:__main__:Predicted uncertainity -0.6932
INFO:__main__:Completed epoch 26 of 100

INFO:__main__:NLL: 0.0358, L2: 0.0082, Reg: 0.0027
INFO:__main__:Total loss 0.0466
INFO:__main__:Predicted mean: -0.3064
INFO:__main__:Predicted uncertainity -0.6839
INFO:__main__:Completed epoch 27 of 100

INFO:__main__:NLL: -0.0280, L2: 0.0084, Reg: 0.0027
INFO:__main__:Total loss -0.0168
INFO:__main__:Predicted mean: -0.3757
INFO:__main__:Predicted uncertainity -0.8576
INFO:__main__:Completed epoch 28 of 100

INFO:__main__:NLL: 0.1663, L2: 0.0093, Reg: 0.0027
INFO:__main__:Total loss 0.1783
INFO:__main__:Predicted mean: -0.3890
INFO:__main__:Predicted uncertainity -0.7440
INFO:__main__:Completed epoch 29 of 100

INFO:__main__:NLL: 0.1341, L2: 0.0088, Reg: 0.0027
INFO:__main__:Total loss 0.1457
INFO:__main__:Predicted mean: -0.3730
INFO:__main__:Predicted uncertainity -0.8074
INFO:__main__:Completed epoch 30 of 100

INFO:__main__:NLL: -0.0981, L2: 0.0092, Reg: 0.0027
INFO:__main__:Total loss -0.0862
INFO:__main__:Predicted mean: -0.3176
INFO:__main__:Predicted uncertainity -0.7885
INFO:__main__:Completed epoch 31 of 100

INFO:__main__:NLL: 0.0293, L2: 0.0087, Reg: 0.0027
INFO:__main__:Total loss 0.0407
INFO:__main__:Predicted mean: -0.3538
INFO:__main__:Predicted uncertainity -0.8089
INFO:__main__:Completed epoch 32 of 100

INFO:__main__:NLL: 0.2441, L2: 0.0083, Reg: 0.0027
INFO:__main__:Total loss 0.2550
INFO:__main__:Predicted mean: -0.4254
INFO:__main__:Predicted uncertainity -0.8560
INFO:__main__:Completed epoch 33 of 100

INFO:__main__:NLL: 0.1499, L2: 0.0093, Reg: 0.0027
INFO:__main__:Total loss 0.1619
INFO:__main__:Predicted mean: -0.3732
INFO:__main__:Predicted uncertainity -0.6747
INFO:__main__:Completed epoch 34 of 100

INFO:__main__:NLL: 0.1254, L2: 0.0086, Reg: 0.0027
INFO:__main__:Total loss 0.1367
INFO:__main__:Predicted mean: -0.3513
INFO:__main__:Predicted uncertainity -0.7591
INFO:__main__:Completed epoch 35 of 100

INFO:__main__:NLL: 0.0627, L2: 0.0085, Reg: 0.0027
INFO:__main__:Total loss 0.0739
INFO:__main__:Predicted mean: -0.3167
INFO:__main__:Predicted uncertainity -0.8244
INFO:__main__:Completed epoch 36 of 100

INFO:__main__:NLL: 0.2596, L2: 0.0088, Reg: 0.0027
INFO:__main__:Total loss 0.2711
INFO:__main__:Predicted mean: -0.3943
INFO:__main__:Predicted uncertainity -0.7700
INFO:__main__:Completed epoch 37 of 100

INFO:__main__:NLL: -0.0551, L2: 0.0083, Reg: 0.0027
INFO:__main__:Total loss -0.0440
INFO:__main__:Predicted mean: -0.3276
INFO:__main__:Predicted uncertainity -0.8434
INFO:__main__:Completed epoch 38 of 100

INFO:__main__:NLL: 0.1953, L2: 0.0086, Reg: 0.0027
INFO:__main__:Total loss 0.2066
INFO:__main__:Predicted mean: -0.4485
INFO:__main__:Predicted uncertainity -0.8056
INFO:__main__:Completed epoch 39 of 100

INFO:__main__:NLL: 0.0517, L2: 0.0080, Reg: 0.0027
INFO:__main__:Total loss 0.0624
INFO:__main__:Predicted mean: -0.3828
INFO:__main__:Predicted uncertainity -0.7023
INFO:__main__:Completed epoch 40 of 100

INFO:__main__:NLL: 0.0630, L2: 0.0077, Reg: 0.0027
INFO:__main__:Total loss 0.0735
INFO:__main__:Predicted mean: -0.3207
INFO:__main__:Predicted uncertainity -0.6813
INFO:__main__:Completed epoch 41 of 100

INFO:__main__:NLL: 0.4548, L2: 0.0083, Reg: 0.0027
INFO:__main__:Total loss 0.4657
INFO:__main__:Predicted mean: -0.4050
INFO:__main__:Predicted uncertainity -0.7986
INFO:__main__:Completed epoch 42 of 100

INFO:__main__:NLL: 0.0849, L2: 0.0087, Reg: 0.0027
INFO:__main__:Total loss 0.0963
INFO:__main__:Predicted mean: -0.4100
INFO:__main__:Predicted uncertainity -0.6984
INFO:__main__:Completed epoch 43 of 100

INFO:__main__:NLL: 0.0270, L2: 0.0093, Reg: 0.0027
INFO:__main__:Total loss 0.0390
INFO:__main__:Predicted mean: -0.3474
INFO:__main__:Predicted uncertainity -0.6843
INFO:__main__:Completed epoch 44 of 100

INFO:__main__:NLL: 0.1839, L2: 0.0093, Reg: 0.0027
INFO:__main__:Total loss 0.1959
INFO:__main__:Predicted mean: -0.3785
INFO:__main__:Predicted uncertainity -0.8023
INFO:__main__:Completed epoch 45 of 100

INFO:__main__:NLL: 0.0510, L2: 0.0089, Reg: 0.0027
INFO:__main__:Total loss 0.0626
INFO:__main__:Predicted mean: -0.3414
INFO:__main__:Predicted uncertainity -0.7100
INFO:__main__:Completed epoch 46 of 100

INFO:__main__:NLL: 0.0333, L2: 0.0083, Reg: 0.0027
INFO:__main__:Total loss 0.0443
INFO:__main__:Predicted mean: -0.4106
INFO:__main__:Predicted uncertainity -0.7446
INFO:__main__:Completed epoch 47 of 100

INFO:__main__:NLL: 0.4888, L2: 0.0098, Reg: 0.0027
INFO:__main__:Total loss 0.5013
INFO:__main__:Predicted mean: -0.3873
INFO:__main__:Predicted uncertainity -0.6905
INFO:__main__:Completed epoch 48 of 100

INFO:__main__:NLL: 0.0518, L2: 0.0094, Reg: 0.0027
INFO:__main__:Total loss 0.0640
INFO:__main__:Predicted mean: -0.3781
INFO:__main__:Predicted uncertainity -0.7928
INFO:__main__:Completed epoch 49 of 100

INFO:__main__:NLL: 0.0334, L2: 0.0093, Reg: 0.0027
INFO:__main__:Total loss 0.0454
INFO:__main__:Predicted mean: -0.4026
INFO:__main__:Predicted uncertainity -0.7283
INFO:__main__:Completed epoch 50 of 100

INFO:__main__:NLL: 0.1440, L2: 0.0094, Reg: 0.0027
INFO:__main__:Total loss 0.1561
INFO:__main__:Predicted mean: -0.4253
INFO:__main__:Predicted uncertainity -0.8219
INFO:__main__:Completed epoch 51 of 100

INFO:__main__:NLL: 0.1152, L2: 0.0094, Reg: 0.0027
INFO:__main__:Total loss 0.1273
INFO:__main__:Predicted mean: -0.3942
INFO:__main__:Predicted uncertainity -0.7860
INFO:__main__:Completed epoch 52 of 100

INFO:__main__:NLL: 0.1748, L2: 0.0087, Reg: 0.0027
INFO:__main__:Total loss 0.1862
INFO:__main__:Predicted mean: -0.3876
INFO:__main__:Predicted uncertainity -0.7292
INFO:__main__:Completed epoch 53 of 100

INFO:__main__:NLL: 0.1141, L2: 0.0088, Reg: 0.0027
INFO:__main__:Total loss 0.1256
INFO:__main__:Predicted mean: -0.3531
INFO:__main__:Predicted uncertainity -0.7511
INFO:__main__:Completed epoch 54 of 100

INFO:__main__:NLL: 0.1028, L2: 0.0094, Reg: 0.0027
INFO:__main__:Total loss 0.1149
INFO:__main__:Predicted mean: -0.3833
INFO:__main__:Predicted uncertainity -0.7878
INFO:__main__:Completed epoch 55 of 100

INFO:__main__:NLL: 0.1756, L2: 0.0091, Reg: 0.0027
INFO:__main__:Total loss 0.1874
INFO:__main__:Predicted mean: -0.3829
INFO:__main__:Predicted uncertainity -0.7573
INFO:__main__:Completed epoch 56 of 100

INFO:__main__:NLL: 0.1767, L2: 0.0090, Reg: 0.0027
INFO:__main__:Total loss 0.1885
INFO:__main__:Predicted mean: -0.3372
INFO:__main__:Predicted uncertainity -0.7981
INFO:__main__:Completed epoch 57 of 100

INFO:__main__:NLL: 0.1604, L2: 0.0086, Reg: 0.0027
INFO:__main__:Total loss 0.1717
INFO:__main__:Predicted mean: -0.4044
INFO:__main__:Predicted uncertainity -0.7554
INFO:__main__:Completed epoch 58 of 100

INFO:__main__:NLL: 0.1896, L2: 0.0089, Reg: 0.0027
INFO:__main__:Total loss 0.2013
INFO:__main__:Predicted mean: -0.3827
INFO:__main__:Predicted uncertainity -0.8123
INFO:__main__:Completed epoch 59 of 100

INFO:__main__:NLL: 0.0323, L2: 0.0088, Reg: 0.0027
INFO:__main__:Total loss 0.0438
INFO:__main__:Predicted mean: -0.3817
INFO:__main__:Predicted uncertainity -0.5773
INFO:__main__:Completed epoch 60 of 100

INFO:__main__:NLL: -0.0251, L2: 0.0089, Reg: 0.0027
INFO:__main__:Total loss -0.0134
INFO:__main__:Predicted mean: -0.3604
INFO:__main__:Predicted uncertainity -0.6724
INFO:__main__:Completed epoch 61 of 100

INFO:__main__:NLL: 0.0989, L2: 0.0090, Reg: 0.0027
INFO:__main__:Total loss 0.1106
INFO:__main__:Predicted mean: -0.3640
INFO:__main__:Predicted uncertainity -0.7144
INFO:__main__:Completed epoch 62 of 100

INFO:__main__:NLL: 0.1327, L2: 0.0090, Reg: 0.0027
INFO:__main__:Total loss 0.1444
INFO:__main__:Predicted mean: -0.3337
INFO:__main__:Predicted uncertainity -0.7228
INFO:__main__:Completed epoch 63 of 100

INFO:__main__:NLL: 0.2294, L2: 0.0093, Reg: 0.0027
INFO:__main__:Total loss 0.2415
INFO:__main__:Predicted mean: -0.3910
INFO:__main__:Predicted uncertainity -0.7973
INFO:__main__:Completed epoch 64 of 100

INFO:__main__:NLL: -0.0151, L2: 0.0089, Reg: 0.0027
INFO:__main__:Total loss -0.0034
INFO:__main__:Predicted mean: -0.4373
INFO:__main__:Predicted uncertainity -0.8254
INFO:__main__:Completed epoch 65 of 100

INFO:__main__:NLL: 0.1239, L2: 0.0086, Reg: 0.0027
INFO:__main__:Total loss 0.1352
INFO:__main__:Predicted mean: -0.3574
INFO:__main__:Predicted uncertainity -0.7613
INFO:__main__:Completed epoch 66 of 100

INFO:__main__:NLL: 0.0252, L2: 0.0086, Reg: 0.0027
INFO:__main__:Total loss 0.0365
INFO:__main__:Predicted mean: -0.4323
INFO:__main__:Predicted uncertainity -0.8567
INFO:__main__:Completed epoch 67 of 100

INFO:__main__:NLL: 0.0673, L2: 0.0084, Reg: 0.0027
INFO:__main__:Total loss 0.0784
INFO:__main__:Predicted mean: -0.3512
INFO:__main__:Predicted uncertainity -0.7376
INFO:__main__:Completed epoch 68 of 100

INFO:__main__:NLL: 0.0937, L2: 0.0087, Reg: 0.0027
INFO:__main__:Total loss 0.1051
INFO:__main__:Predicted mean: -0.3511
INFO:__main__:Predicted uncertainity -0.8655
INFO:__main__:Completed epoch 69 of 100

INFO:__main__:NLL: -0.0622, L2: 0.0086, Reg: 0.0027
INFO:__main__:Total loss -0.0509
INFO:__main__:Predicted mean: -0.3611
INFO:__main__:Predicted uncertainity -0.7675
INFO:__main__:Completed epoch 70 of 100

INFO:__main__:NLL: 0.0389, L2: 0.0084, Reg: 0.0027
INFO:__main__:Total loss 0.0500
INFO:__main__:Predicted mean: -0.3616
INFO:__main__:Predicted uncertainity -0.7950
INFO:__main__:Completed epoch 71 of 100

INFO:__main__:NLL: 0.0134, L2: 0.0081, Reg: 0.0027
INFO:__main__:Total loss 0.0242
INFO:__main__:Predicted mean: -0.3474
INFO:__main__:Predicted uncertainity -0.7590
INFO:__main__:Completed epoch 72 of 100

INFO:__main__:NLL: -0.0231, L2: 0.0085, Reg: 0.0027
INFO:__main__:Total loss -0.0119
INFO:__main__:Predicted mean: -0.3923
INFO:__main__:Predicted uncertainity -0.7144
INFO:__main__:Completed epoch 73 of 100

INFO:__main__:NLL: 0.0349, L2: 0.0088, Reg: 0.0027
INFO:__main__:Total loss 0.0464
INFO:__main__:Predicted mean: -0.3725
INFO:__main__:Predicted uncertainity -0.9550
INFO:__main__:Completed epoch 74 of 100

INFO:__main__:NLL: 0.0976, L2: 0.0085, Reg: 0.0027
INFO:__main__:Total loss 0.1088
INFO:__main__:Predicted mean: -0.4110
INFO:__main__:Predicted uncertainity -0.6784
INFO:__main__:Completed epoch 75 of 100

INFO:__main__:NLL: 0.0650, L2: 0.0087, Reg: 0.0027
INFO:__main__:Total loss 0.0763
INFO:__main__:Predicted mean: -0.3618
INFO:__main__:Predicted uncertainity -0.7532
INFO:__main__:Completed epoch 76 of 100

INFO:__main__:NLL: 0.1803, L2: 0.0086, Reg: 0.0027
INFO:__main__:Total loss 0.1916
INFO:__main__:Predicted mean: -0.3447
INFO:__main__:Predicted uncertainity -0.6650
INFO:__main__:Completed epoch 77 of 100

INFO:__main__:NLL: 0.0170, L2: 0.0084, Reg: 0.0027
INFO:__main__:Total loss 0.0281
INFO:__main__:Predicted mean: -0.4332
INFO:__main__:Predicted uncertainity -0.7331
INFO:__main__:Completed epoch 78 of 100

INFO:__main__:NLL: 0.0314, L2: 0.0087, Reg: 0.0027
INFO:__main__:Total loss 0.0428
INFO:__main__:Predicted mean: -0.3782
INFO:__main__:Predicted uncertainity -0.7267
INFO:__main__:Completed epoch 79 of 100

INFO:__main__:NLL: 0.0172, L2: 0.0085, Reg: 0.0027
INFO:__main__:Total loss 0.0284
INFO:__main__:Predicted mean: -0.4007
INFO:__main__:Predicted uncertainity -0.6895
INFO:__main__:Completed epoch 80 of 100

INFO:__main__:NLL: 0.0829, L2: 0.0087, Reg: 0.0027
INFO:__main__:Total loss 0.0943
INFO:__main__:Predicted mean: -0.3471
INFO:__main__:Predicted uncertainity -0.7331
INFO:__main__:Completed epoch 81 of 100

INFO:__main__:NLL: 0.1181, L2: 0.0087, Reg: 0.0027
INFO:__main__:Total loss 0.1295
INFO:__main__:Predicted mean: -0.3064
INFO:__main__:Predicted uncertainity -0.7744
INFO:__main__:Completed epoch 82 of 100

INFO:__main__:NLL: 0.2984, L2: 0.0087, Reg: 0.0027
INFO:__main__:Total loss 0.3098
INFO:__main__:Predicted mean: -0.4089
INFO:__main__:Predicted uncertainity -0.6515
INFO:__main__:Completed epoch 83 of 100

INFO:__main__:NLL: 0.0261, L2: 0.0086, Reg: 0.0027
INFO:__main__:Total loss 0.0374
INFO:__main__:Predicted mean: -0.4239
INFO:__main__:Predicted uncertainity -0.6430
INFO:__main__:Completed epoch 84 of 100

INFO:__main__:NLL: 0.1699, L2: 0.0083, Reg: 0.0027
INFO:__main__:Total loss 0.1810
INFO:__main__:Predicted mean: -0.3242
INFO:__main__:Predicted uncertainity -0.7488
INFO:__main__:Completed epoch 85 of 100

INFO:__main__:NLL: -0.0423, L2: 0.0087, Reg: 0.0027
INFO:__main__:Total loss -0.0309
INFO:__main__:Predicted mean: -0.3712
INFO:__main__:Predicted uncertainity -0.7580
INFO:__main__:Completed epoch 86 of 100

INFO:__main__:NLL: 0.0202, L2: 0.0086, Reg: 0.0027
INFO:__main__:Total loss 0.0315
INFO:__main__:Predicted mean: -0.4387
INFO:__main__:Predicted uncertainity -0.7661
INFO:__main__:Completed epoch 87 of 100

INFO:__main__:NLL: 0.1588, L2: 0.0089, Reg: 0.0027
INFO:__main__:Total loss 0.1705
INFO:__main__:Predicted mean: -0.3377
INFO:__main__:Predicted uncertainity -0.7887
INFO:__main__:Completed epoch 88 of 100

INFO:__main__:NLL: 0.3813, L2: 0.0087, Reg: 0.0027
INFO:__main__:Total loss 0.3927
INFO:__main__:Predicted mean: -0.3268
INFO:__main__:Predicted uncertainity -0.7571
INFO:__main__:Completed epoch 89 of 100

INFO:__main__:NLL: 0.1766, L2: 0.0089, Reg: 0.0027
INFO:__main__:Total loss 0.1882
INFO:__main__:Predicted mean: -0.3669
INFO:__main__:Predicted uncertainity -0.6657
INFO:__main__:Completed epoch 90 of 100

INFO:__main__:NLL: 0.1654, L2: 0.0089, Reg: 0.0027
INFO:__main__:Total loss 0.1770
INFO:__main__:Predicted mean: -0.3305
INFO:__main__:Predicted uncertainity -0.6827
INFO:__main__:Completed epoch 91 of 100

INFO:__main__:NLL: 0.0474, L2: 0.0085, Reg: 0.0027
INFO:__main__:Total loss 0.0586
INFO:__main__:Predicted mean: -0.3638
INFO:__main__:Predicted uncertainity -0.7080
INFO:__main__:Completed epoch 92 of 100

INFO:__main__:NLL: 0.1681, L2: 0.0087, Reg: 0.0027
INFO:__main__:Total loss 0.1796
INFO:__main__:Predicted mean: -0.3548
INFO:__main__:Predicted uncertainity -0.7799
INFO:__main__:Completed epoch 93 of 100

INFO:__main__:NLL: 0.3111, L2: 0.0082, Reg: 0.0027
INFO:__main__:Total loss 0.3220
INFO:__main__:Predicted mean: -0.3796
INFO:__main__:Predicted uncertainity -0.8221
INFO:__main__:Completed epoch 94 of 100

INFO:__main__:NLL: 0.1192, L2: 0.0082, Reg: 0.0027
INFO:__main__:Total loss 0.1301
INFO:__main__:Predicted mean: -0.3950
INFO:__main__:Predicted uncertainity -0.7461
INFO:__main__:Completed epoch 95 of 100

INFO:__main__:NLL: 0.1555, L2: 0.0080, Reg: 0.0027
INFO:__main__:Total loss 0.1662
INFO:__main__:Predicted mean: -0.3726
INFO:__main__:Predicted uncertainity -0.6852
INFO:__main__:Completed epoch 96 of 100

INFO:__main__:NLL: 0.0947, L2: 0.0084, Reg: 0.0027
INFO:__main__:Total loss 0.1058
INFO:__main__:Predicted mean: -0.3233
INFO:__main__:Predicted uncertainity -0.7916
INFO:__main__:Completed epoch 97 of 100

INFO:__main__:NLL: 0.0002, L2: 0.0086, Reg: 0.0027
INFO:__main__:Total loss 0.0115
INFO:__main__:Predicted mean: -0.3484
INFO:__main__:Predicted uncertainity -0.7629
INFO:__main__:Completed epoch 98 of 100

INFO:__main__:NLL: -0.0498, L2: 0.0087, Reg: 0.0027
INFO:__main__:Total loss -0.0384
INFO:__main__:Predicted mean: -0.3545
INFO:__main__:Predicted uncertainity -0.8533
INFO:__main__:Completed epoch 99 of 100

INFO:__main__:NLL: 0.0328, L2: 0.0087, Reg: 0.0027
INFO:__main__:Total loss 0.0442
INFO:__main__:Predicted mean: -0.3945
INFO:__main__:Predicted uncertainity -0.7930
INFO:__main__:Completed epoch 100 of 100

INFO:__main__:776.390759 s
