INFO:__main__:PROCESS RUNNING ON cpu
INFO:__main__:NLL: 0.2824, L2: 0.0222, Reg: -0.0073
INFO:__main__:Total loss 0.2973
INFO:__main__:Predicted mean: -0.1353
INFO:__main__:Predicted uncertainity -0.0622
INFO:__main__:Completed epoch 1 of 100

INFO:__main__:NLL: 0.2824, L2: 0.0225, Reg: -0.0070
INFO:__main__:Total loss 0.2979
INFO:__main__:Predicted mean: -0.1365
INFO:__main__:Predicted uncertainity -0.0621
INFO:__main__:Completed epoch 2 of 100

INFO:__main__:NLL: 0.2821, L2: 0.0229, Reg: -0.0064
INFO:__main__:Total loss 0.2986
INFO:__main__:Predicted mean: -0.1372
INFO:__main__:Predicted uncertainity -0.0635
INFO:__main__:Completed epoch 3 of 100

INFO:__main__:NLL: 0.2821, L2: 0.0230, Reg: -0.0061
INFO:__main__:Total loss 0.2990
INFO:__main__:Predicted mean: -0.1377
INFO:__main__:Predicted uncertainity -0.0634
INFO:__main__:Completed epoch 4 of 100

INFO:__main__:NLL: 0.2820, L2: 0.0231, Reg: -0.0080
INFO:__main__:Total loss 0.2972
INFO:__main__:Predicted mean: -0.1380
INFO:__main__:Predicted uncertainity -0.0635
INFO:__main__:Completed epoch 5 of 100

INFO:__main__:NLL: 0.2819, L2: 0.0232, Reg: -0.0072
INFO:__main__:Total loss 0.2979
INFO:__main__:Predicted mean: -0.1380
INFO:__main__:Predicted uncertainity -0.0642
INFO:__main__:Completed epoch 6 of 100

INFO:__main__:NLL: 0.2820, L2: 0.0232, Reg: -0.0065
INFO:__main__:Total loss 0.2986
INFO:__main__:Predicted mean: -0.1381
INFO:__main__:Predicted uncertainity -0.0635
INFO:__main__:Completed epoch 7 of 100

INFO:__main__:NLL: 0.2820, L2: 0.0232, Reg: -0.0065
INFO:__main__:Total loss 0.2987
INFO:__main__:Predicted mean: -0.1381
INFO:__main__:Predicted uncertainity -0.0639
INFO:__main__:Completed epoch 8 of 100

INFO:__main__:NLL: 0.2821, L2: 0.0232, Reg: -0.0073
INFO:__main__:Total loss 0.2980
INFO:__main__:Predicted mean: -0.1383
INFO:__main__:Predicted uncertainity -0.0629
INFO:__main__:Completed epoch 9 of 100

INFO:__main__:NLL: 0.2819, L2: 0.0233, Reg: -0.0069
INFO:__main__:Total loss 0.2983
INFO:__main__:Predicted mean: -0.1381
INFO:__main__:Predicted uncertainity -0.0642
INFO:__main__:Completed epoch 10 of 100

INFO:__main__:NLL: 0.2819, L2: 0.0233, Reg: -0.0068
INFO:__main__:Total loss 0.2984
INFO:__main__:Predicted mean: -0.1381
INFO:__main__:Predicted uncertainity -0.0641
INFO:__main__:Completed epoch 11 of 100

INFO:__main__:NLL: 0.2820, L2: 0.0233, Reg: -0.0083
INFO:__main__:Total loss 0.2970
INFO:__main__:Predicted mean: -0.1382
INFO:__main__:Predicted uncertainity -0.0638
INFO:__main__:Completed epoch 12 of 100

INFO:__main__:NLL: 0.2821, L2: 0.0233, Reg: -0.0064
INFO:__main__:Total loss 0.2990
INFO:__main__:Predicted mean: -0.1382
INFO:__main__:Predicted uncertainity -0.0632
INFO:__main__:Completed epoch 13 of 100

INFO:__main__:NLL: 0.2820, L2: 0.0233, Reg: -0.0065
INFO:__main__:Total loss 0.2989
INFO:__main__:Predicted mean: -0.1383
INFO:__main__:Predicted uncertainity -0.0635
INFO:__main__:Completed epoch 14 of 100

INFO:__main__:NLL: 0.2820, L2: 0.0233, Reg: -0.0071
INFO:__main__:Total loss 0.2982
INFO:__main__:Predicted mean: -0.1382
INFO:__main__:Predicted uncertainity -0.0636
INFO:__main__:Completed epoch 15 of 100

INFO:__main__:NLL: 0.2821, L2: 0.0233, Reg: -0.0062
INFO:__main__:Total loss 0.2991
INFO:__main__:Predicted mean: -0.1383
INFO:__main__:Predicted uncertainity -0.0631
INFO:__main__:Completed epoch 16 of 100

INFO:__main__:NLL: 0.2820, L2: 0.0233, Reg: -0.0080
INFO:__main__:Total loss 0.2973
INFO:__main__:Predicted mean: -0.1382
INFO:__main__:Predicted uncertainity -0.0634
INFO:__main__:Completed epoch 17 of 100

INFO:__main__:NLL: 0.2820, L2: 0.0233, Reg: -0.0072
INFO:__main__:Total loss 0.2981
INFO:__main__:Predicted mean: -0.1382
INFO:__main__:Predicted uncertainity -0.0635
INFO:__main__:Completed epoch 18 of 100

INFO:__main__:NLL: 0.2820, L2: 0.0234, Reg: -0.0059
INFO:__main__:Total loss 0.2994
INFO:__main__:Predicted mean: -0.1382
INFO:__main__:Predicted uncertainity -0.0635
INFO:__main__:Completed epoch 19 of 100

INFO:__main__:NLL: 0.2821, L2: 0.0233, Reg: -0.0058
INFO:__main__:Total loss 0.2995
INFO:__main__:Predicted mean: -0.1383
INFO:__main__:Predicted uncertainity -0.0632
INFO:__main__:Completed epoch 20 of 100

INFO:__main__:NLL: 0.2820, L2: 0.0233, Reg: -0.0076
INFO:__main__:Total loss 0.2977
INFO:__main__:Predicted mean: -0.1382
INFO:__main__:Predicted uncertainity -0.0635
INFO:__main__:Completed epoch 21 of 100

INFO:__main__:NLL: 0.2819, L2: 0.0233, Reg: -0.0068
INFO:__main__:Total loss 0.2985
INFO:__main__:Predicted mean: -0.1382
INFO:__main__:Predicted uncertainity -0.0640
INFO:__main__:Completed epoch 22 of 100

INFO:__main__:NLL: 0.2821, L2: 0.0233, Reg: -0.0059
INFO:__main__:Total loss 0.2995
INFO:__main__:Predicted mean: -0.1383
INFO:__main__:Predicted uncertainity -0.0633
INFO:__main__:Completed epoch 23 of 100

INFO:__main__:NLL: 0.2821, L2: 0.0233, Reg: -0.0057
INFO:__main__:Total loss 0.2997
INFO:__main__:Predicted mean: -0.1383
INFO:__main__:Predicted uncertainity -0.0629
INFO:__main__:Completed epoch 24 of 100

INFO:__main__:NLL: 0.2820, L2: 0.0234, Reg: -0.0052
INFO:__main__:Total loss 0.3002
INFO:__main__:Predicted mean: -0.1382
INFO:__main__:Predicted uncertainity -0.0638
INFO:__main__:Completed epoch 25 of 100

INFO:__main__:NLL: 0.2819, L2: 0.0234, Reg: -0.0053
INFO:__main__:Total loss 0.3000
INFO:__main__:Predicted mean: -0.1381
INFO:__main__:Predicted uncertainity -0.0642
INFO:__main__:Completed epoch 26 of 100

INFO:__main__:NLL: 0.2820, L2: 0.0233, Reg: -0.0070
INFO:__main__:Total loss 0.2983
INFO:__main__:Predicted mean: -0.1382
INFO:__main__:Predicted uncertainity -0.0634
INFO:__main__:Completed epoch 27 of 100

INFO:__main__:NLL: 0.2820, L2: 0.0233, Reg: -0.0073
INFO:__main__:Total loss 0.2980
INFO:__main__:Predicted mean: -0.1382
INFO:__main__:Predicted uncertainity -0.0636
INFO:__main__:Completed epoch 28 of 100

INFO:__main__:NLL: 0.2821, L2: 0.0232, Reg: -0.0052
INFO:__main__:Total loss 0.3002
INFO:__main__:Predicted mean: -0.1383
INFO:__main__:Predicted uncertainity -0.0629
INFO:__main__:Completed epoch 29 of 100

INFO:__main__:NLL: 0.2820, L2: 0.0233, Reg: -0.0082
INFO:__main__:Total loss 0.2972
INFO:__main__:Predicted mean: -0.1382
INFO:__main__:Predicted uncertainity -0.0635
INFO:__main__:Completed epoch 30 of 100

INFO:__main__:NLL: 0.2821, L2: 0.0233, Reg: -0.0064
INFO:__main__:Total loss 0.2990
INFO:__main__:Predicted mean: -0.1383
INFO:__main__:Predicted uncertainity -0.0630
INFO:__main__:Completed epoch 31 of 100

INFO:__main__:NLL: 0.2820, L2: 0.0233, Reg: -0.0061
INFO:__main__:Total loss 0.2992
INFO:__main__:Predicted mean: -0.1382
INFO:__main__:Predicted uncertainity -0.0639
INFO:__main__:Completed epoch 32 of 100

INFO:__main__:NLL: 0.2819, L2: 0.0234, Reg: -0.0073
INFO:__main__:Total loss 0.2980
INFO:__main__:Predicted mean: -0.1382
INFO:__main__:Predicted uncertainity -0.0640
INFO:__main__:Completed epoch 33 of 100

INFO:__main__:NLL: 0.2821, L2: 0.0233, Reg: -0.0061
INFO:__main__:Total loss 0.2993
INFO:__main__:Predicted mean: -0.1383
INFO:__main__:Predicted uncertainity -0.0632
INFO:__main__:Completed epoch 34 of 100

INFO:__main__:NLL: 0.2819, L2: 0.0234, Reg: -0.0076
INFO:__main__:Total loss 0.2977
INFO:__main__:Predicted mean: -0.1381
INFO:__main__:Predicted uncertainity -0.0643
INFO:__main__:Completed epoch 35 of 100

INFO:__main__:NLL: 0.2820, L2: 0.0233, Reg: -0.0073
INFO:__main__:Total loss 0.2981
INFO:__main__:Predicted mean: -0.1382
INFO:__main__:Predicted uncertainity -0.0635
INFO:__main__:Completed epoch 36 of 100

INFO:__main__:NLL: 0.2821, L2: 0.0232, Reg: -0.0059
INFO:__main__:Total loss 0.2995
INFO:__main__:Predicted mean: -0.1383
INFO:__main__:Predicted uncertainity -0.0630
INFO:__main__:Completed epoch 37 of 100

INFO:__main__:NLL: 0.2820, L2: 0.0233, Reg: -0.0065
INFO:__main__:Total loss 0.2988
INFO:__main__:Predicted mean: -0.1382
INFO:__main__:Predicted uncertainity -0.0635
INFO:__main__:Completed epoch 38 of 100

INFO:__main__:NLL: 0.2820, L2: 0.0234, Reg: -0.0070
INFO:__main__:Total loss 0.2984
INFO:__main__:Predicted mean: -0.1382
INFO:__main__:Predicted uncertainity -0.0638
INFO:__main__:Completed epoch 39 of 100

INFO:__main__:NLL: 0.2821, L2: 0.0233, Reg: -0.0055
INFO:__main__:Total loss 0.2999
INFO:__main__:Predicted mean: -0.1383
INFO:__main__:Predicted uncertainity -0.0632
INFO:__main__:Completed epoch 40 of 100

INFO:__main__:NLL: 0.2820, L2: 0.0233, Reg: -0.0065
INFO:__main__:Total loss 0.2988
INFO:__main__:Predicted mean: -0.1382
INFO:__main__:Predicted uncertainity -0.0638
INFO:__main__:Completed epoch 41 of 100

INFO:__main__:NLL: 0.2820, L2: 0.0233, Reg: -0.0069
INFO:__main__:Total loss 0.2984
INFO:__main__:Predicted mean: -0.1382
INFO:__main__:Predicted uncertainity -0.0635
INFO:__main__:Completed epoch 42 of 100

INFO:__main__:NLL: 0.2820, L2: 0.0234, Reg: -0.0064
INFO:__main__:Total loss 0.2990
INFO:__main__:Predicted mean: -0.1382
INFO:__main__:Predicted uncertainity -0.0636
INFO:__main__:Completed epoch 43 of 100

INFO:__main__:NLL: 0.2820, L2: 0.0233, Reg: -0.0071
INFO:__main__:Total loss 0.2982
INFO:__main__:Predicted mean: -0.1382
INFO:__main__:Predicted uncertainity -0.0638
INFO:__main__:Completed epoch 44 of 100

INFO:__main__:NLL: 0.2820, L2: 0.0234, Reg: -0.0068
INFO:__main__:Total loss 0.2986
INFO:__main__:Predicted mean: -0.1382
INFO:__main__:Predicted uncertainity -0.0635
INFO:__main__:Completed epoch 45 of 100

INFO:__main__:NLL: 0.2820, L2: 0.0233, Reg: -0.0067
INFO:__main__:Total loss 0.2986
INFO:__main__:Predicted mean: -0.1382
INFO:__main__:Predicted uncertainity -0.0637
INFO:__main__:Completed epoch 46 of 100

INFO:__main__:NLL: 0.2822, L2: 0.0232, Reg: -0.0067
INFO:__main__:Total loss 0.2987
INFO:__main__:Predicted mean: -0.1383
INFO:__main__:Predicted uncertainity -0.0628
INFO:__main__:Completed epoch 47 of 100

INFO:__main__:NLL: 0.2821, L2: 0.0233, Reg: -0.0066
INFO:__main__:Total loss 0.2988
INFO:__main__:Predicted mean: -0.1382
INFO:__main__:Predicted uncertainity -0.0632
INFO:__main__:Completed epoch 48 of 100

INFO:__main__:NLL: 0.2821, L2: 0.0233, Reg: -0.0067
INFO:__main__:Total loss 0.2987
INFO:__main__:Predicted mean: -0.1383
INFO:__main__:Predicted uncertainity -0.0629
INFO:__main__:Completed epoch 49 of 100

INFO:__main__:NLL: 0.2821, L2: 0.0232, Reg: -0.0073
INFO:__main__:Total loss 0.2980
INFO:__main__:Predicted mean: -0.1383
INFO:__main__:Predicted uncertainity -0.0630
INFO:__main__:Completed epoch 50 of 100

INFO:__main__:NLL: 0.2821, L2: 0.0233, Reg: -0.0058
INFO:__main__:Total loss 0.2996
INFO:__main__:Predicted mean: -0.1383
INFO:__main__:Predicted uncertainity -0.0631
INFO:__main__:Completed epoch 51 of 100

INFO:__main__:NLL: 0.2820, L2: 0.0233, Reg: -0.0049
INFO:__main__:Total loss 0.3004
INFO:__main__:Predicted mean: -0.1382
INFO:__main__:Predicted uncertainity -0.0638
INFO:__main__:Completed epoch 52 of 100

INFO:__main__:NLL: 0.2820, L2: 0.0233, Reg: -0.0072
INFO:__main__:Total loss 0.2982
INFO:__main__:Predicted mean: -0.1382
INFO:__main__:Predicted uncertainity -0.0634
INFO:__main__:Completed epoch 53 of 100

INFO:__main__:NLL: 0.2820, L2: 0.0234, Reg: -0.0059
INFO:__main__:Total loss 0.2994
INFO:__main__:Predicted mean: -0.1382
INFO:__main__:Predicted uncertainity -0.0638
INFO:__main__:Completed epoch 54 of 100

INFO:__main__:NLL: 0.2820, L2: 0.0234, Reg: -0.0070
INFO:__main__:Total loss 0.2983
INFO:__main__:Predicted mean: -0.1382
INFO:__main__:Predicted uncertainity -0.0639
INFO:__main__:Completed epoch 55 of 100

INFO:__main__:NLL: 0.2820, L2: 0.0234, Reg: -0.0068
INFO:__main__:Total loss 0.2986
INFO:__main__:Predicted mean: -0.1382
INFO:__main__:Predicted uncertainity -0.0636
INFO:__main__:Completed epoch 56 of 100

INFO:__main__:NLL: 0.2819, L2: 0.0234, Reg: -0.0072
INFO:__main__:Total loss 0.2981
INFO:__main__:Predicted mean: -0.1381
INFO:__main__:Predicted uncertainity -0.0642
INFO:__main__:Completed epoch 57 of 100

INFO:__main__:NLL: 0.2819, L2: 0.0234, Reg: -0.0064
INFO:__main__:Total loss 0.2988
INFO:__main__:Predicted mean: -0.1381
INFO:__main__:Predicted uncertainity -0.0644
INFO:__main__:Completed epoch 58 of 100

INFO:__main__:NLL: 0.2821, L2: 0.0233, Reg: -0.0057
INFO:__main__:Total loss 0.2997
INFO:__main__:Predicted mean: -0.1383
INFO:__main__:Predicted uncertainity -0.0633
INFO:__main__:Completed epoch 59 of 100

INFO:__main__:NLL: 0.2821, L2: 0.0233, Reg: -0.0062
INFO:__main__:Total loss 0.2992
INFO:__main__:Predicted mean: -0.1383
INFO:__main__:Predicted uncertainity -0.0632
INFO:__main__:Completed epoch 60 of 100

INFO:__main__:NLL: 0.2820, L2: 0.0233, Reg: -0.0072
INFO:__main__:Total loss 0.2981
INFO:__main__:Predicted mean: -0.1382
INFO:__main__:Predicted uncertainity -0.0635
INFO:__main__:Completed epoch 61 of 100

INFO:__main__:NLL: 0.2820, L2: 0.0233, Reg: -0.0070
INFO:__main__:Total loss 0.2983
INFO:__main__:Predicted mean: -0.1382
INFO:__main__:Predicted uncertainity -0.0635
INFO:__main__:Completed epoch 62 of 100

INFO:__main__:NLL: 0.2820, L2: 0.0233, Reg: -0.0063
INFO:__main__:Total loss 0.2990
INFO:__main__:Predicted mean: -0.1382
INFO:__main__:Predicted uncertainity -0.0635
INFO:__main__:Completed epoch 63 of 100

INFO:__main__:NLL: 0.2819, L2: 0.0234, Reg: -0.0064
INFO:__main__:Total loss 0.2989
INFO:__main__:Predicted mean: -0.1381
INFO:__main__:Predicted uncertainity -0.0644
INFO:__main__:Completed epoch 64 of 100

INFO:__main__:NLL: 0.2820, L2: 0.0233, Reg: -0.0065
INFO:__main__:Total loss 0.2988
INFO:__main__:Predicted mean: -0.1382
INFO:__main__:Predicted uncertainity -0.0634
INFO:__main__:Completed epoch 65 of 100

INFO:__main__:NLL: 0.2820, L2: 0.0234, Reg: -0.0061
INFO:__main__:Total loss 0.2993
INFO:__main__:Predicted mean: -0.1382
INFO:__main__:Predicted uncertainity -0.0635
INFO:__main__:Completed epoch 66 of 100

INFO:__main__:NLL: 0.2820, L2: 0.0233, Reg: -0.0067
INFO:__main__:Total loss 0.2987
INFO:__main__:Predicted mean: -0.1382
INFO:__main__:Predicted uncertainity -0.0634
INFO:__main__:Completed epoch 67 of 100

INFO:__main__:NLL: 0.2820, L2: 0.0233, Reg: -0.0062
INFO:__main__:Total loss 0.2991
INFO:__main__:Predicted mean: -0.1382
INFO:__main__:Predicted uncertainity -0.0634
INFO:__main__:Completed epoch 68 of 100

INFO:__main__:NLL: 0.2819, L2: 0.0234, Reg: -0.0077
INFO:__main__:Total loss 0.2976
INFO:__main__:Predicted mean: -0.1381
INFO:__main__:Predicted uncertainity -0.0644
INFO:__main__:Completed epoch 69 of 100

INFO:__main__:NLL: 0.2820, L2: 0.0234, Reg: -0.0080
INFO:__main__:Total loss 0.2973
INFO:__main__:Predicted mean: -0.1382
INFO:__main__:Predicted uncertainity -0.0638
INFO:__main__:Completed epoch 70 of 100

INFO:__main__:NLL: 0.2820, L2: 0.0234, Reg: -0.0061
INFO:__main__:Total loss 0.2992
INFO:__main__:Predicted mean: -0.1382
INFO:__main__:Predicted uncertainity -0.0635
INFO:__main__:Completed epoch 71 of 100

INFO:__main__:NLL: 0.2820, L2: 0.0233, Reg: -0.0063
INFO:__main__:Total loss 0.2990
INFO:__main__:Predicted mean: -0.1382
INFO:__main__:Predicted uncertainity -0.0636
INFO:__main__:Completed epoch 72 of 100

INFO:__main__:NLL: 0.2820, L2: 0.0234, Reg: -0.0075
INFO:__main__:Total loss 0.2978
INFO:__main__:Predicted mean: -0.1382
INFO:__main__:Predicted uncertainity -0.0637
INFO:__main__:Completed epoch 73 of 100

INFO:__main__:NLL: 0.2821, L2: 0.0232, Reg: -0.0074
INFO:__main__:Total loss 0.2979
INFO:__main__:Predicted mean: -0.1383
INFO:__main__:Predicted uncertainity -0.0631
INFO:__main__:Completed epoch 74 of 100

INFO:__main__:NLL: 0.2820, L2: 0.0233, Reg: -0.0067
INFO:__main__:Total loss 0.2986
INFO:__main__:Predicted mean: -0.1382
INFO:__main__:Predicted uncertainity -0.0635
INFO:__main__:Completed epoch 75 of 100

INFO:__main__:NLL: 0.2821, L2: 0.0233, Reg: -0.0064
INFO:__main__:Total loss 0.2990
INFO:__main__:Predicted mean: -0.1383
INFO:__main__:Predicted uncertainity -0.0629
INFO:__main__:Completed epoch 76 of 100

INFO:__main__:NLL: 0.2820, L2: 0.0233, Reg: -0.0062
INFO:__main__:Total loss 0.2990
INFO:__main__:Predicted mean: -0.1382
INFO:__main__:Predicted uncertainity -0.0639
INFO:__main__:Completed epoch 77 of 100

INFO:__main__:NLL: 0.2820, L2: 0.0233, Reg: -0.0065
INFO:__main__:Total loss 0.2988
INFO:__main__:Predicted mean: -0.1383
INFO:__main__:Predicted uncertainity -0.0634
INFO:__main__:Completed epoch 78 of 100

INFO:__main__:NLL: 0.2821, L2: 0.0233, Reg: -0.0056
INFO:__main__:Total loss 0.2997
INFO:__main__:Predicted mean: -0.1383
INFO:__main__:Predicted uncertainity -0.0632
INFO:__main__:Completed epoch 79 of 100

INFO:__main__:NLL: 0.2820, L2: 0.0233, Reg: -0.0064
INFO:__main__:Total loss 0.2989
INFO:__main__:Predicted mean: -0.1382
INFO:__main__:Predicted uncertainity -0.0638
INFO:__main__:Completed epoch 80 of 100

INFO:__main__:NLL: 0.2820, L2: 0.0233, Reg: -0.0081
INFO:__main__:Total loss 0.2972
INFO:__main__:Predicted mean: -0.1382
INFO:__main__:Predicted uncertainity -0.0637
INFO:__main__:Completed epoch 81 of 100

INFO:__main__:NLL: 0.2820, L2: 0.0234, Reg: -0.0057
INFO:__main__:Total loss 0.2997
INFO:__main__:Predicted mean: -0.1382
INFO:__main__:Predicted uncertainity -0.0636
INFO:__main__:Completed epoch 82 of 100

INFO:__main__:NLL: 0.2821, L2: 0.0233, Reg: -0.0068
INFO:__main__:Total loss 0.2986
INFO:__main__:Predicted mean: -0.1383
INFO:__main__:Predicted uncertainity -0.0630
INFO:__main__:Completed epoch 83 of 100

INFO:__main__:NLL: 0.2821, L2: 0.0233, Reg: -0.0064
INFO:__main__:Total loss 0.2990
INFO:__main__:Predicted mean: -0.1383
INFO:__main__:Predicted uncertainity -0.0633
INFO:__main__:Completed epoch 84 of 100

INFO:__main__:NLL: 0.2820, L2: 0.0233, Reg: -0.0062
INFO:__main__:Total loss 0.2991
INFO:__main__:Predicted mean: -0.1382
INFO:__main__:Predicted uncertainity -0.0636
INFO:__main__:Completed epoch 85 of 100

INFO:__main__:NLL: 0.2820, L2: 0.0233, Reg: -0.0055
INFO:__main__:Total loss 0.2998
INFO:__main__:Predicted mean: -0.1382
INFO:__main__:Predicted uncertainity -0.0636
INFO:__main__:Completed epoch 86 of 100

INFO:__main__:NLL: 0.2821, L2: 0.0233, Reg: -0.0077
INFO:__main__:Total loss 0.2976
INFO:__main__:Predicted mean: -0.1383
INFO:__main__:Predicted uncertainity -0.0633
INFO:__main__:Completed epoch 87 of 100

INFO:__main__:NLL: 0.2820, L2: 0.0233, Reg: -0.0060
INFO:__main__:Total loss 0.2993
INFO:__main__:Predicted mean: -0.1382
INFO:__main__:Predicted uncertainity -0.0635
INFO:__main__:Completed epoch 88 of 100

INFO:__main__:NLL: 0.2821, L2: 0.0233, Reg: -0.0065
INFO:__main__:Total loss 0.2989
INFO:__main__:Predicted mean: -0.1383
INFO:__main__:Predicted uncertainity -0.0629
INFO:__main__:Completed epoch 89 of 100

INFO:__main__:NLL: 0.2821, L2: 0.0233, Reg: -0.0066
INFO:__main__:Total loss 0.2988
INFO:__main__:Predicted mean: -0.1383
INFO:__main__:Predicted uncertainity -0.0630
INFO:__main__:Completed epoch 90 of 100

INFO:__main__:NLL: 0.2821, L2: 0.0232, Reg: -0.0070
INFO:__main__:Total loss 0.2984
INFO:__main__:Predicted mean: -0.1383
INFO:__main__:Predicted uncertainity -0.0629
INFO:__main__:Completed epoch 91 of 100

INFO:__main__:NLL: 0.2821, L2: 0.0233, Reg: -0.0053
INFO:__main__:Total loss 0.3001
INFO:__main__:Predicted mean: -0.1383
INFO:__main__:Predicted uncertainity -0.0633
INFO:__main__:Completed epoch 92 of 100

INFO:__main__:NLL: 0.2820, L2: 0.0233, Reg: -0.0064
INFO:__main__:Total loss 0.2989
INFO:__main__:Predicted mean: -0.1382
INFO:__main__:Predicted uncertainity -0.0634
INFO:__main__:Completed epoch 93 of 100

INFO:__main__:NLL: 0.2821, L2: 0.0233, Reg: -0.0063
INFO:__main__:Total loss 0.2991
INFO:__main__:Predicted mean: -0.1383
INFO:__main__:Predicted uncertainity -0.0631
INFO:__main__:Completed epoch 94 of 100

INFO:__main__:NLL: 0.2820, L2: 0.0234, Reg: -0.0059
INFO:__main__:Total loss 0.2994
INFO:__main__:Predicted mean: -0.1382
INFO:__main__:Predicted uncertainity -0.0637
INFO:__main__:Completed epoch 95 of 100

INFO:__main__:NLL: 0.2821, L2: 0.0233, Reg: -0.0077
INFO:__main__:Total loss 0.2977
INFO:__main__:Predicted mean: -0.1383
INFO:__main__:Predicted uncertainity -0.0632
INFO:__main__:Completed epoch 96 of 100

INFO:__main__:NLL: 0.2820, L2: 0.0234, Reg: -0.0061
INFO:__main__:Total loss 0.2993
INFO:__main__:Predicted mean: -0.1382
INFO:__main__:Predicted uncertainity -0.0637
INFO:__main__:Completed epoch 97 of 100

INFO:__main__:NLL: 0.2821, L2: 0.0233, Reg: -0.0080
INFO:__main__:Total loss 0.2974
INFO:__main__:Predicted mean: -0.1383
INFO:__main__:Predicted uncertainity -0.0632
INFO:__main__:Completed epoch 98 of 100

INFO:__main__:NLL: 0.2821, L2: 0.0233, Reg: -0.0064
INFO:__main__:Total loss 0.2990
INFO:__main__:Predicted mean: -0.1383
INFO:__main__:Predicted uncertainity -0.0629
INFO:__main__:Completed epoch 99 of 100

INFO:__main__:NLL: 0.2820, L2: 0.0233, Reg: -0.0068
INFO:__main__:Total loss 0.2985
INFO:__main__:Predicted mean: -0.1382
INFO:__main__:Predicted uncertainity -0.0638
INFO:__main__:Completed epoch 100 of 100

INFO:__main__:585.802472 s
