INFO:__main__:PROCESS RUNNING ON cpu
INFO:__main__:NLL: 0.0139, L2: 0.0246, Reg: 0.0014
INFO:__main__:Total loss 0.0400
INFO:__main__:Predicted mean: -0.4255
INFO:__main__:Predicted uncertainity -0.8042
INFO:__main__:Completed epoch 1 of 100

INFO:__main__:NLL: 0.1314, L2: 0.0240, Reg: 0.0014
INFO:__main__:Total loss 0.1568
INFO:__main__:Predicted mean: -0.3917
INFO:__main__:Predicted uncertainity -0.7672
INFO:__main__:Completed epoch 2 of 100

INFO:__main__:NLL: 0.1629, L2: 0.0268, Reg: 0.0014
INFO:__main__:Total loss 0.1910
INFO:__main__:Predicted mean: -0.3399
INFO:__main__:Predicted uncertainity -0.7427
INFO:__main__:Completed epoch 3 of 100

INFO:__main__:NLL: -0.0779, L2: 0.0253, Reg: 0.0014
INFO:__main__:Total loss -0.0513
INFO:__main__:Predicted mean: -0.4145
INFO:__main__:Predicted uncertainity -0.8193
INFO:__main__:Completed epoch 4 of 100

INFO:__main__:NLL: 0.0790, L2: 0.0269, Reg: 0.0014
INFO:__main__:Total loss 0.1074
INFO:__main__:Predicted mean: -0.3446
INFO:__main__:Predicted uncertainity -0.7947
INFO:__main__:Completed epoch 5 of 100

INFO:__main__:NLL: -0.0337, L2: 0.0255, Reg: 0.0014
INFO:__main__:Total loss -0.0068
INFO:__main__:Predicted mean: -0.3767
INFO:__main__:Predicted uncertainity -0.6631
INFO:__main__:Completed epoch 6 of 100

INFO:__main__:NLL: -0.0584, L2: 0.0262, Reg: 0.0014
INFO:__main__:Total loss -0.0308
INFO:__main__:Predicted mean: -0.3474
INFO:__main__:Predicted uncertainity -0.7162
INFO:__main__:Completed epoch 7 of 100

INFO:__main__:NLL: 0.3299, L2: 0.0280, Reg: 0.0014
INFO:__main__:Total loss 0.3593
INFO:__main__:Predicted mean: -0.4591
INFO:__main__:Predicted uncertainity -0.8619
INFO:__main__:Completed epoch 8 of 100

INFO:__main__:NLL: 0.0747, L2: 0.0265, Reg: 0.0014
INFO:__main__:Total loss 0.1027
INFO:__main__:Predicted mean: -0.4520
INFO:__main__:Predicted uncertainity -0.8737
INFO:__main__:Completed epoch 9 of 100

INFO:__main__:NLL: 0.2370, L2: 0.0258, Reg: 0.0014
INFO:__main__:Total loss 0.2642
INFO:__main__:Predicted mean: -0.3994
INFO:__main__:Predicted uncertainity -0.7506
INFO:__main__:Completed epoch 10 of 100

INFO:__main__:NLL: 0.1015, L2: 0.0273, Reg: 0.0014
INFO:__main__:Total loss 0.1302
INFO:__main__:Predicted mean: -0.4176
INFO:__main__:Predicted uncertainity -0.7320
INFO:__main__:Completed epoch 11 of 100

INFO:__main__:NLL: 0.1941, L2: 0.0250, Reg: 0.0014
INFO:__main__:Total loss 0.2205
INFO:__main__:Predicted mean: -0.4646
INFO:__main__:Predicted uncertainity -0.7078
INFO:__main__:Completed epoch 12 of 100

INFO:__main__:NLL: 0.0444, L2: 0.0249, Reg: 0.0014
INFO:__main__:Total loss 0.0707
INFO:__main__:Predicted mean: -0.3694
INFO:__main__:Predicted uncertainity -0.7108
INFO:__main__:Completed epoch 13 of 100

INFO:__main__:NLL: 0.0679, L2: 0.0271, Reg: 0.0014
INFO:__main__:Total loss 0.0964
INFO:__main__:Predicted mean: -0.3484
INFO:__main__:Predicted uncertainity -0.7211
INFO:__main__:Completed epoch 14 of 100

INFO:__main__:NLL: 0.0325, L2: 0.0266, Reg: 0.0014
INFO:__main__:Total loss 0.0604
INFO:__main__:Predicted mean: -0.3445
INFO:__main__:Predicted uncertainity -0.8158
INFO:__main__:Completed epoch 15 of 100

INFO:__main__:NLL: 0.1333, L2: 0.0253, Reg: 0.0014
INFO:__main__:Total loss 0.1600
INFO:__main__:Predicted mean: -0.3876
INFO:__main__:Predicted uncertainity -0.7857
INFO:__main__:Completed epoch 16 of 100

INFO:__main__:NLL: 0.0251, L2: 0.0271, Reg: 0.0014
INFO:__main__:Total loss 0.0536
INFO:__main__:Predicted mean: -0.4000
INFO:__main__:Predicted uncertainity -0.7895
INFO:__main__:Completed epoch 17 of 100

INFO:__main__:NLL: 0.2086, L2: 0.0270, Reg: 0.0014
INFO:__main__:Total loss 0.2370
INFO:__main__:Predicted mean: -0.3713
INFO:__main__:Predicted uncertainity -0.8830
INFO:__main__:Completed epoch 18 of 100

INFO:__main__:NLL: 0.0350, L2: 0.0274, Reg: 0.0014
INFO:__main__:Total loss 0.0638
INFO:__main__:Predicted mean: -0.3980
INFO:__main__:Predicted uncertainity -0.7655
INFO:__main__:Completed epoch 19 of 100

INFO:__main__:NLL: 0.0881, L2: 0.0260, Reg: 0.0014
INFO:__main__:Total loss 0.1156
INFO:__main__:Predicted mean: -0.4251
INFO:__main__:Predicted uncertainity -0.7585
INFO:__main__:Completed epoch 20 of 100

INFO:__main__:NLL: 0.1137, L2: 0.0275, Reg: 0.0014
INFO:__main__:Total loss 0.1426
INFO:__main__:Predicted mean: -0.3517
INFO:__main__:Predicted uncertainity -0.6065
INFO:__main__:Completed epoch 21 of 100

INFO:__main__:NLL: 0.0090, L2: 0.0263, Reg: 0.0014
INFO:__main__:Total loss 0.0366
INFO:__main__:Predicted mean: -0.4019
INFO:__main__:Predicted uncertainity -0.7864
INFO:__main__:Completed epoch 22 of 100

INFO:__main__:NLL: 0.3216, L2: 0.0283, Reg: 0.0014
INFO:__main__:Total loss 0.3513
INFO:__main__:Predicted mean: -0.3824
INFO:__main__:Predicted uncertainity -0.8083
INFO:__main__:Completed epoch 23 of 100

INFO:__main__:NLL: 0.0950, L2: 0.0253, Reg: 0.0014
INFO:__main__:Total loss 0.1217
INFO:__main__:Predicted mean: -0.3750
INFO:__main__:Predicted uncertainity -0.6506
INFO:__main__:Completed epoch 24 of 100

INFO:__main__:NLL: 0.1150, L2: 0.0274, Reg: 0.0014
INFO:__main__:Total loss 0.1438
INFO:__main__:Predicted mean: -0.3356
INFO:__main__:Predicted uncertainity -0.6819
INFO:__main__:Completed epoch 25 of 100

INFO:__main__:NLL: 0.2426, L2: 0.0304, Reg: 0.0014
INFO:__main__:Total loss 0.2744
INFO:__main__:Predicted mean: -0.3676
INFO:__main__:Predicted uncertainity -0.6654
INFO:__main__:Completed epoch 26 of 100

INFO:__main__:NLL: 0.0920, L2: 0.0264, Reg: 0.0014
INFO:__main__:Total loss 0.1197
INFO:__main__:Predicted mean: -0.3051
INFO:__main__:Predicted uncertainity -0.7295
INFO:__main__:Completed epoch 27 of 100

INFO:__main__:NLL: 0.0032, L2: 0.0278, Reg: 0.0014
INFO:__main__:Total loss 0.0324
INFO:__main__:Predicted mean: -0.3519
INFO:__main__:Predicted uncertainity -0.9394
INFO:__main__:Completed epoch 28 of 100

INFO:__main__:NLL: 0.1834, L2: 0.0268, Reg: 0.0014
INFO:__main__:Total loss 0.2117
INFO:__main__:Predicted mean: -0.3491
INFO:__main__:Predicted uncertainity -0.7193
INFO:__main__:Completed epoch 29 of 100

INFO:__main__:NLL: 0.1267, L2: 0.0269, Reg: 0.0014
INFO:__main__:Total loss 0.1550
INFO:__main__:Predicted mean: -0.3646
INFO:__main__:Predicted uncertainity -0.6704
INFO:__main__:Completed epoch 30 of 100

INFO:__main__:NLL: -0.0936, L2: 0.0279, Reg: 0.0014
INFO:__main__:Total loss -0.0644
INFO:__main__:Predicted mean: -0.3364
INFO:__main__:Predicted uncertainity -0.7394
INFO:__main__:Completed epoch 31 of 100

INFO:__main__:NLL: 0.0788, L2: 0.0265, Reg: 0.0014
INFO:__main__:Total loss 0.1067
INFO:__main__:Predicted mean: -0.3616
INFO:__main__:Predicted uncertainity -0.7331
INFO:__main__:Completed epoch 32 of 100

INFO:__main__:NLL: 0.1607, L2: 0.0261, Reg: 0.0014
INFO:__main__:Total loss 0.1881
INFO:__main__:Predicted mean: -0.4040
INFO:__main__:Predicted uncertainity -0.7907
INFO:__main__:Completed epoch 33 of 100

INFO:__main__:NLL: 0.1685, L2: 0.0262, Reg: 0.0014
INFO:__main__:Total loss 0.1961
INFO:__main__:Predicted mean: -0.3653
INFO:__main__:Predicted uncertainity -0.6996
INFO:__main__:Completed epoch 34 of 100

INFO:__main__:NLL: 0.0644, L2: 0.0260, Reg: 0.0014
INFO:__main__:Total loss 0.0918
INFO:__main__:Predicted mean: -0.3549
INFO:__main__:Predicted uncertainity -0.7697
INFO:__main__:Completed epoch 35 of 100

INFO:__main__:NLL: 0.0000, L2: 0.0269, Reg: 0.0014
INFO:__main__:Total loss 0.0283
INFO:__main__:Predicted mean: -0.3629
INFO:__main__:Predicted uncertainity -0.8690
INFO:__main__:Completed epoch 36 of 100

INFO:__main__:NLL: 0.3383, L2: 0.0273, Reg: 0.0014
INFO:__main__:Total loss 0.3670
INFO:__main__:Predicted mean: -0.4369
INFO:__main__:Predicted uncertainity -0.7112
INFO:__main__:Completed epoch 37 of 100

INFO:__main__:NLL: -0.0384, L2: 0.0247, Reg: 0.0014
INFO:__main__:Total loss -0.0123
INFO:__main__:Predicted mean: -0.3335
INFO:__main__:Predicted uncertainity -0.8164
INFO:__main__:Completed epoch 38 of 100

INFO:__main__:NLL: 0.1329, L2: 0.0266, Reg: 0.0014
INFO:__main__:Total loss 0.1609
INFO:__main__:Predicted mean: -0.4196
INFO:__main__:Predicted uncertainity -0.7400
INFO:__main__:Completed epoch 39 of 100

INFO:__main__:NLL: 0.1266, L2: 0.0236, Reg: 0.0014
INFO:__main__:Total loss 0.1516
INFO:__main__:Predicted mean: -0.3626
INFO:__main__:Predicted uncertainity -0.6172
INFO:__main__:Completed epoch 40 of 100

INFO:__main__:NLL: 0.0128, L2: 0.0292, Reg: 0.0014
INFO:__main__:Total loss 0.0434
INFO:__main__:Predicted mean: -0.2929
INFO:__main__:Predicted uncertainity -0.7097
INFO:__main__:Completed epoch 41 of 100

INFO:__main__:NLL: 0.3698, L2: 0.0247, Reg: 0.0014
INFO:__main__:Total loss 0.3959
INFO:__main__:Predicted mean: -0.4194
INFO:__main__:Predicted uncertainity -0.7615
INFO:__main__:Completed epoch 42 of 100

INFO:__main__:NLL: 0.0213, L2: 0.0266, Reg: 0.0014
INFO:__main__:Total loss 0.0494
INFO:__main__:Predicted mean: -0.3543
INFO:__main__:Predicted uncertainity -0.7763
INFO:__main__:Completed epoch 43 of 100

INFO:__main__:NLL: -0.0011, L2: 0.0287, Reg: 0.0014
INFO:__main__:Total loss 0.0290
INFO:__main__:Predicted mean: -0.3829
INFO:__main__:Predicted uncertainity -0.7510
INFO:__main__:Completed epoch 44 of 100

INFO:__main__:NLL: 0.1691, L2: 0.0264, Reg: 0.0014
INFO:__main__:Total loss 0.1969
INFO:__main__:Predicted mean: -0.3350
INFO:__main__:Predicted uncertainity -0.7249
INFO:__main__:Completed epoch 45 of 100

INFO:__main__:NLL: 0.1765, L2: 0.0260, Reg: 0.0014
INFO:__main__:Total loss 0.2039
INFO:__main__:Predicted mean: -0.3452
INFO:__main__:Predicted uncertainity -0.6630
INFO:__main__:Completed epoch 46 of 100

INFO:__main__:NLL: 0.0929, L2: 0.0259, Reg: 0.0014
INFO:__main__:Total loss 0.1202
INFO:__main__:Predicted mean: -0.4193
INFO:__main__:Predicted uncertainity -0.8451
INFO:__main__:Completed epoch 47 of 100

INFO:__main__:NLL: 0.3296, L2: 0.0273, Reg: 0.0014
INFO:__main__:Total loss 0.3583
INFO:__main__:Predicted mean: -0.3658
INFO:__main__:Predicted uncertainity -0.6036
INFO:__main__:Completed epoch 48 of 100

INFO:__main__:NLL: 0.0089, L2: 0.0269, Reg: 0.0014
INFO:__main__:Total loss 0.0372
INFO:__main__:Predicted mean: -0.3640
INFO:__main__:Predicted uncertainity -0.7599
INFO:__main__:Completed epoch 49 of 100

INFO:__main__:NLL: 0.0509, L2: 0.0246, Reg: 0.0014
INFO:__main__:Total loss 0.0769
INFO:__main__:Predicted mean: -0.4164
INFO:__main__:Predicted uncertainity -0.7643
INFO:__main__:Completed epoch 50 of 100

INFO:__main__:NLL: 0.1228, L2: 0.0284, Reg: 0.0014
INFO:__main__:Total loss 0.1526
INFO:__main__:Predicted mean: -0.4162
INFO:__main__:Predicted uncertainity -0.8673
INFO:__main__:Completed epoch 51 of 100

INFO:__main__:NLL: 0.1415, L2: 0.0275, Reg: 0.0014
INFO:__main__:Total loss 0.1705
INFO:__main__:Predicted mean: -0.3766
INFO:__main__:Predicted uncertainity -0.7796
INFO:__main__:Completed epoch 52 of 100

INFO:__main__:NLL: 0.2200, L2: 0.0252, Reg: 0.0014
INFO:__main__:Total loss 0.2466
INFO:__main__:Predicted mean: -0.3905
INFO:__main__:Predicted uncertainity -0.7018
INFO:__main__:Completed epoch 53 of 100

INFO:__main__:NLL: 0.0660, L2: 0.0255, Reg: 0.0014
INFO:__main__:Total loss 0.0929
INFO:__main__:Predicted mean: -0.3287
INFO:__main__:Predicted uncertainity -0.7417
INFO:__main__:Completed epoch 54 of 100

INFO:__main__:NLL: 0.1414, L2: 0.0272, Reg: 0.0014
INFO:__main__:Total loss 0.1700
INFO:__main__:Predicted mean: -0.3958
INFO:__main__:Predicted uncertainity -0.8838
INFO:__main__:Completed epoch 55 of 100

INFO:__main__:NLL: 0.0844, L2: 0.0268, Reg: 0.0014
INFO:__main__:Total loss 0.1126
INFO:__main__:Predicted mean: -0.3773
INFO:__main__:Predicted uncertainity -0.7073
INFO:__main__:Completed epoch 56 of 100

INFO:__main__:NLL: 0.1667, L2: 0.0258, Reg: 0.0014
INFO:__main__:Total loss 0.1938
INFO:__main__:Predicted mean: -0.3293
INFO:__main__:Predicted uncertainity -0.8209
INFO:__main__:Completed epoch 57 of 100

INFO:__main__:NLL: 0.1832, L2: 0.0269, Reg: 0.0014
INFO:__main__:Total loss 0.2114
INFO:__main__:Predicted mean: -0.4002
INFO:__main__:Predicted uncertainity -0.8116
INFO:__main__:Completed epoch 58 of 100

INFO:__main__:NLL: 0.2235, L2: 0.0273, Reg: 0.0014
INFO:__main__:Total loss 0.2522
INFO:__main__:Predicted mean: -0.3544
INFO:__main__:Predicted uncertainity -0.7561
INFO:__main__:Completed epoch 59 of 100

INFO:__main__:NLL: 0.1291, L2: 0.0252, Reg: 0.0014
INFO:__main__:Total loss 0.1557
INFO:__main__:Predicted mean: -0.3853
INFO:__main__:Predicted uncertainity -0.5662
INFO:__main__:Completed epoch 60 of 100

INFO:__main__:NLL: 0.0300, L2: 0.0252, Reg: 0.0014
INFO:__main__:Total loss 0.0566
INFO:__main__:Predicted mean: -0.3460
INFO:__main__:Predicted uncertainity -0.7071
INFO:__main__:Completed epoch 61 of 100

INFO:__main__:NLL: 0.1479, L2: 0.0242, Reg: 0.0014
INFO:__main__:Total loss 0.1735
INFO:__main__:Predicted mean: -0.3796
INFO:__main__:Predicted uncertainity -0.7730
INFO:__main__:Completed epoch 62 of 100

INFO:__main__:NLL: -0.0140, L2: 0.0277, Reg: 0.0014
INFO:__main__:Total loss 0.0151
INFO:__main__:Predicted mean: -0.3563
INFO:__main__:Predicted uncertainity -0.7822
INFO:__main__:Completed epoch 63 of 100

INFO:__main__:NLL: 0.2271, L2: 0.0282, Reg: 0.0014
INFO:__main__:Total loss 0.2567
INFO:__main__:Predicted mean: -0.3961
INFO:__main__:Predicted uncertainity -0.8132
INFO:__main__:Completed epoch 64 of 100

INFO:__main__:NLL: -0.1178, L2: 0.0271, Reg: 0.0014
INFO:__main__:Total loss -0.0894
INFO:__main__:Predicted mean: -0.3777
INFO:__main__:Predicted uncertainity -0.7935
INFO:__main__:Completed epoch 65 of 100

INFO:__main__:NLL: 0.1090, L2: 0.0240, Reg: 0.0014
INFO:__main__:Total loss 0.1344
INFO:__main__:Predicted mean: -0.3725
INFO:__main__:Predicted uncertainity -0.7526
INFO:__main__:Completed epoch 66 of 100

INFO:__main__:NLL: 0.0882, L2: 0.0262, Reg: 0.0014
INFO:__main__:Total loss 0.1158
INFO:__main__:Predicted mean: -0.4007
INFO:__main__:Predicted uncertainity -0.7785
INFO:__main__:Completed epoch 67 of 100

INFO:__main__:NLL: 0.1008, L2: 0.0282, Reg: 0.0014
INFO:__main__:Total loss 0.1303
INFO:__main__:Predicted mean: -0.3500
INFO:__main__:Predicted uncertainity -0.7684
INFO:__main__:Completed epoch 68 of 100

INFO:__main__:NLL: 0.0504, L2: 0.0263, Reg: 0.0014
INFO:__main__:Total loss 0.0780
INFO:__main__:Predicted mean: -0.3654
INFO:__main__:Predicted uncertainity -0.8298
INFO:__main__:Completed epoch 69 of 100

INFO:__main__:NLL: -0.0049, L2: 0.0289, Reg: 0.0014
INFO:__main__:Total loss 0.0253
INFO:__main__:Predicted mean: -0.3519
INFO:__main__:Predicted uncertainity -0.7443
INFO:__main__:Completed epoch 70 of 100

INFO:__main__:NLL: 0.0817, L2: 0.0268, Reg: 0.0014
INFO:__main__:Total loss 0.1099
INFO:__main__:Predicted mean: -0.3306
INFO:__main__:Predicted uncertainity -0.7605
INFO:__main__:Completed epoch 71 of 100

INFO:__main__:NLL: -0.0007, L2: 0.0286, Reg: 0.0014
INFO:__main__:Total loss 0.0293
INFO:__main__:Predicted mean: -0.3466
INFO:__main__:Predicted uncertainity -0.7972
INFO:__main__:Completed epoch 72 of 100

INFO:__main__:NLL: -0.0150, L2: 0.0280, Reg: 0.0014
INFO:__main__:Total loss 0.0143
INFO:__main__:Predicted mean: -0.3745
INFO:__main__:Predicted uncertainity -0.7545
INFO:__main__:Completed epoch 73 of 100

INFO:__main__:NLL: -0.0205, L2: 0.0275, Reg: 0.0014
INFO:__main__:Total loss 0.0084
INFO:__main__:Predicted mean: -0.3779
INFO:__main__:Predicted uncertainity -0.8992
INFO:__main__:Completed epoch 74 of 100

INFO:__main__:NLL: 0.1064, L2: 0.0269, Reg: 0.0014
INFO:__main__:Total loss 0.1348
INFO:__main__:Predicted mean: -0.3575
INFO:__main__:Predicted uncertainity -0.7064
INFO:__main__:Completed epoch 75 of 100

INFO:__main__:NLL: 0.0721, L2: 0.0271, Reg: 0.0014
INFO:__main__:Total loss 0.1005
INFO:__main__:Predicted mean: -0.3839
INFO:__main__:Predicted uncertainity -0.7208
INFO:__main__:Completed epoch 76 of 100

INFO:__main__:NLL: 0.0364, L2: 0.0276, Reg: 0.0014
INFO:__main__:Total loss 0.0654
INFO:__main__:Predicted mean: -0.3581
INFO:__main__:Predicted uncertainity -0.6814
INFO:__main__:Completed epoch 77 of 100

INFO:__main__:NLL: 0.0453, L2: 0.0272, Reg: 0.0014
INFO:__main__:Total loss 0.0739
INFO:__main__:Predicted mean: -0.4498
INFO:__main__:Predicted uncertainity -0.6899
INFO:__main__:Completed epoch 78 of 100

INFO:__main__:NLL: 0.0494, L2: 0.0286, Reg: 0.0014
INFO:__main__:Total loss 0.0793
INFO:__main__:Predicted mean: -0.3345
INFO:__main__:Predicted uncertainity -0.7298
INFO:__main__:Completed epoch 79 of 100

INFO:__main__:NLL: 0.0287, L2: 0.0277, Reg: 0.0014
INFO:__main__:Total loss 0.0578
INFO:__main__:Predicted mean: -0.4167
INFO:__main__:Predicted uncertainity -0.6930
INFO:__main__:Completed epoch 80 of 100

INFO:__main__:NLL: 0.0727, L2: 0.0281, Reg: 0.0014
INFO:__main__:Total loss 0.1021
INFO:__main__:Predicted mean: -0.3215
INFO:__main__:Predicted uncertainity -0.6909
INFO:__main__:Completed epoch 81 of 100

INFO:__main__:NLL: 0.1281, L2: 0.0273, Reg: 0.0014
INFO:__main__:Total loss 0.1568
INFO:__main__:Predicted mean: -0.3437
INFO:__main__:Predicted uncertainity -0.6841
INFO:__main__:Completed epoch 82 of 100

INFO:__main__:NLL: 0.3325, L2: 0.0262, Reg: 0.0014
INFO:__main__:Total loss 0.3602
INFO:__main__:Predicted mean: -0.4211
INFO:__main__:Predicted uncertainity -0.7993
INFO:__main__:Completed epoch 83 of 100

INFO:__main__:NLL: 0.0198, L2: 0.0282, Reg: 0.0014
INFO:__main__:Total loss 0.0494
INFO:__main__:Predicted mean: -0.4250
INFO:__main__:Predicted uncertainity -0.6334
INFO:__main__:Completed epoch 84 of 100

INFO:__main__:NLL: 0.1675, L2: 0.0277, Reg: 0.0014
INFO:__main__:Total loss 0.1966
INFO:__main__:Predicted mean: -0.3195
INFO:__main__:Predicted uncertainity -0.7476
INFO:__main__:Completed epoch 85 of 100

INFO:__main__:NLL: 0.0437, L2: 0.0267, Reg: 0.0014
INFO:__main__:Total loss 0.0717
INFO:__main__:Predicted mean: -0.3694
INFO:__main__:Predicted uncertainity -0.7810
INFO:__main__:Completed epoch 86 of 100

INFO:__main__:NLL: 0.0728, L2: 0.0259, Reg: 0.0014
INFO:__main__:Total loss 0.1001
INFO:__main__:Predicted mean: -0.4293
INFO:__main__:Predicted uncertainity -0.7291
INFO:__main__:Completed epoch 87 of 100

INFO:__main__:NLL: 0.2174, L2: 0.0279, Reg: 0.0014
INFO:__main__:Total loss 0.2467
INFO:__main__:Predicted mean: -0.3186
INFO:__main__:Predicted uncertainity -0.7881
INFO:__main__:Completed epoch 88 of 100

INFO:__main__:NLL: 0.2651, L2: 0.0296, Reg: 0.0014
INFO:__main__:Total loss 0.2960
INFO:__main__:Predicted mean: -0.3477
INFO:__main__:Predicted uncertainity -0.7567
INFO:__main__:Completed epoch 89 of 100

INFO:__main__:NLL: 0.0948, L2: 0.0274, Reg: 0.0014
INFO:__main__:Total loss 0.1236
INFO:__main__:Predicted mean: -0.3284
INFO:__main__:Predicted uncertainity -0.6383
INFO:__main__:Completed epoch 90 of 100

INFO:__main__:NLL: 0.1221, L2: 0.0302, Reg: 0.0014
INFO:__main__:Total loss 0.1537
INFO:__main__:Predicted mean: -0.3303
INFO:__main__:Predicted uncertainity -0.6510
INFO:__main__:Completed epoch 91 of 100

INFO:__main__:NLL: 0.0831, L2: 0.0278, Reg: 0.0014
INFO:__main__:Total loss 0.1123
INFO:__main__:Predicted mean: -0.3900
INFO:__main__:Predicted uncertainity -0.7434
INFO:__main__:Completed epoch 92 of 100

INFO:__main__:NLL: 0.2364, L2: 0.0283, Reg: 0.0014
INFO:__main__:Total loss 0.2661
INFO:__main__:Predicted mean: -0.3343
INFO:__main__:Predicted uncertainity -0.7862
INFO:__main__:Completed epoch 93 of 100

INFO:__main__:NLL: 0.2615, L2: 0.0291, Reg: 0.0014
INFO:__main__:Total loss 0.2920
INFO:__main__:Predicted mean: -0.3686
INFO:__main__:Predicted uncertainity -0.8137
INFO:__main__:Completed epoch 94 of 100

INFO:__main__:NLL: 0.1518, L2: 0.0264, Reg: 0.0014
INFO:__main__:Total loss 0.1797
INFO:__main__:Predicted mean: -0.3913
INFO:__main__:Predicted uncertainity -0.8066
INFO:__main__:Completed epoch 95 of 100

INFO:__main__:NLL: 0.2031, L2: 0.0274, Reg: 0.0014
INFO:__main__:Total loss 0.2319
INFO:__main__:Predicted mean: -0.3780
INFO:__main__:Predicted uncertainity -0.8544
INFO:__main__:Completed epoch 96 of 100

INFO:__main__:NLL: 0.1542, L2: 0.0275, Reg: 0.0014
INFO:__main__:Total loss 0.1831
INFO:__main__:Predicted mean: -0.3600
INFO:__main__:Predicted uncertainity -0.8093
INFO:__main__:Completed epoch 97 of 100

INFO:__main__:NLL: -0.0533, L2: 0.0292, Reg: 0.0014
INFO:__main__:Total loss -0.0228
INFO:__main__:Predicted mean: -0.3291
INFO:__main__:Predicted uncertainity -0.8028
INFO:__main__:Completed epoch 98 of 100

INFO:__main__:NLL: -0.0042, L2: 0.0289, Reg: 0.0014
INFO:__main__:Total loss 0.0261
INFO:__main__:Predicted mean: -0.3889
INFO:__main__:Predicted uncertainity -0.8024
INFO:__main__:Completed epoch 99 of 100

INFO:__main__:NLL: 0.1428, L2: 0.0274, Reg: 0.0014
INFO:__main__:Total loss 0.1716
INFO:__main__:Predicted mean: -0.3931
INFO:__main__:Predicted uncertainity -0.7755
INFO:__main__:Completed epoch 100 of 100

INFO:__main__:607.428283 s
