INFO:__main__:PROCESS RUNNING ON cpu
INFO:__main__:NLL: 0.1120, L2: 0.0633, Reg: 0.0017
INFO:__main__:Total loss 0.1770
INFO:__main__:Predicted mean: -0.5401
INFO:__main__:Predicted uncertainity -0.7856
INFO:__main__:Completed epoch 1 of 100

INFO:__main__:NLL: 0.2230, L2: 0.0538, Reg: 0.0016
INFO:__main__:Total loss 0.2785
INFO:__main__:Predicted mean: -0.4921
INFO:__main__:Predicted uncertainity -0.6034
INFO:__main__:Completed epoch 2 of 100

INFO:__main__:NLL: 0.1480, L2: 0.0466, Reg: 0.0016
INFO:__main__:Total loss 0.1963
INFO:__main__:Predicted mean: -0.4479
INFO:__main__:Predicted uncertainity -0.7540
INFO:__main__:Completed epoch 3 of 100

INFO:__main__:NLL: 0.1224, L2: 0.0492, Reg: 0.0016
INFO:__main__:Total loss 0.1733
INFO:__main__:Predicted mean: -0.5035
INFO:__main__:Predicted uncertainity -0.6935
INFO:__main__:Completed epoch 4 of 100

INFO:__main__:NLL: 0.1350, L2: 0.0498, Reg: 0.0016
INFO:__main__:Total loss 0.1864
INFO:__main__:Predicted mean: -0.4625
INFO:__main__:Predicted uncertainity -0.6839
INFO:__main__:Completed epoch 5 of 100

INFO:__main__:NLL: 0.0520, L2: 0.0506, Reg: 0.0016
INFO:__main__:Total loss 0.1042
INFO:__main__:Predicted mean: -0.4340
INFO:__main__:Predicted uncertainity -0.6568
INFO:__main__:Completed epoch 6 of 100

INFO:__main__:NLL: 0.1286, L2: 0.0451, Reg: 0.0016
INFO:__main__:Total loss 0.1753
INFO:__main__:Predicted mean: -0.4603
INFO:__main__:Predicted uncertainity -0.5498
INFO:__main__:Completed epoch 7 of 100

INFO:__main__:NLL: 0.2568, L2: 0.0529, Reg: 0.0017
INFO:__main__:Total loss 0.3114
INFO:__main__:Predicted mean: -0.4433
INFO:__main__:Predicted uncertainity -0.7188
INFO:__main__:Completed epoch 8 of 100

INFO:__main__:NLL: 0.1174, L2: 0.0544, Reg: 0.0016
INFO:__main__:Total loss 0.1735
INFO:__main__:Predicted mean: -0.4520
INFO:__main__:Predicted uncertainity -0.7435
INFO:__main__:Completed epoch 9 of 100

INFO:__main__:NLL: 0.2509, L2: 0.0535, Reg: 0.0017
INFO:__main__:Total loss 0.3061
INFO:__main__:Predicted mean: -0.4543
INFO:__main__:Predicted uncertainity -0.6622
INFO:__main__:Completed epoch 10 of 100

INFO:__main__:NLL: 0.2263, L2: 0.0531, Reg: 0.0017
INFO:__main__:Total loss 0.2810
INFO:__main__:Predicted mean: -0.5327
INFO:__main__:Predicted uncertainity -0.7712
INFO:__main__:Completed epoch 11 of 100

INFO:__main__:NLL: 0.2281, L2: 0.0507, Reg: 0.0016
INFO:__main__:Total loss 0.2804
INFO:__main__:Predicted mean: -0.4155
INFO:__main__:Predicted uncertainity -0.6518
INFO:__main__:Completed epoch 12 of 100

INFO:__main__:NLL: 0.0520, L2: 0.0508, Reg: 0.0017
INFO:__main__:Total loss 0.1045
INFO:__main__:Predicted mean: -0.4228
INFO:__main__:Predicted uncertainity -0.7308
INFO:__main__:Completed epoch 13 of 100

INFO:__main__:NLL: 0.1203, L2: 0.0509, Reg: 0.0016
INFO:__main__:Total loss 0.1729
INFO:__main__:Predicted mean: -0.4415
INFO:__main__:Predicted uncertainity -0.7593
INFO:__main__:Completed epoch 14 of 100

INFO:__main__:NLL: 0.0901, L2: 0.0547, Reg: 0.0017
INFO:__main__:Total loss 0.1465
INFO:__main__:Predicted mean: -0.4538
INFO:__main__:Predicted uncertainity -0.7274
INFO:__main__:Completed epoch 15 of 100

INFO:__main__:NLL: 0.1164, L2: 0.0528, Reg: 0.0017
INFO:__main__:Total loss 0.1708
INFO:__main__:Predicted mean: -0.4614
INFO:__main__:Predicted uncertainity -0.7139
INFO:__main__:Completed epoch 16 of 100

INFO:__main__:NLL: 0.0833, L2: 0.0546, Reg: 0.0016
INFO:__main__:Total loss 0.1395
INFO:__main__:Predicted mean: -0.4540
INFO:__main__:Predicted uncertainity -0.7394
INFO:__main__:Completed epoch 17 of 100

INFO:__main__:NLL: 0.1468, L2: 0.0528, Reg: 0.0017
INFO:__main__:Total loss 0.2013
INFO:__main__:Predicted mean: -0.4573
INFO:__main__:Predicted uncertainity -0.7121
INFO:__main__:Completed epoch 18 of 100

INFO:__main__:NLL: 0.2605, L2: 0.0485, Reg: 0.0016
INFO:__main__:Total loss 0.3107
INFO:__main__:Predicted mean: -0.4885
INFO:__main__:Predicted uncertainity -0.6186
INFO:__main__:Completed epoch 19 of 100

INFO:__main__:NLL: 0.0940, L2: 0.0540, Reg: 0.0017
INFO:__main__:Total loss 0.1497
INFO:__main__:Predicted mean: -0.4342
INFO:__main__:Predicted uncertainity -0.7260
INFO:__main__:Completed epoch 20 of 100

INFO:__main__:NLL: 0.1536, L2: 0.0519, Reg: 0.0016
INFO:__main__:Total loss 0.2072
INFO:__main__:Predicted mean: -0.5031
INFO:__main__:Predicted uncertainity -0.5844
INFO:__main__:Completed epoch 21 of 100

INFO:__main__:NLL: 0.0630, L2: 0.0562, Reg: 0.0017
INFO:__main__:Total loss 0.1208
INFO:__main__:Predicted mean: -0.4882
INFO:__main__:Predicted uncertainity -0.7062
INFO:__main__:Completed epoch 22 of 100

INFO:__main__:NLL: 0.2886, L2: 0.0598, Reg: 0.0017
INFO:__main__:Total loss 0.3500
INFO:__main__:Predicted mean: -0.5070
INFO:__main__:Predicted uncertainity -0.8132
INFO:__main__:Completed epoch 23 of 100

INFO:__main__:NLL: 0.1335, L2: 0.0460, Reg: 0.0016
INFO:__main__:Total loss 0.1812
INFO:__main__:Predicted mean: -0.4196
INFO:__main__:Predicted uncertainity -0.6684
INFO:__main__:Completed epoch 24 of 100

INFO:__main__:NLL: 0.1464, L2: 0.0436, Reg: 0.0016
INFO:__main__:Total loss 0.1917
INFO:__main__:Predicted mean: -0.3950
INFO:__main__:Predicted uncertainity -0.6287
INFO:__main__:Completed epoch 25 of 100

INFO:__main__:NLL: 0.3153, L2: 0.0478, Reg: 0.0016
INFO:__main__:Total loss 0.3648
INFO:__main__:Predicted mean: -0.4600
INFO:__main__:Predicted uncertainity -0.5961
INFO:__main__:Completed epoch 26 of 100

INFO:__main__:NLL: 0.1548, L2: 0.0452, Reg: 0.0016
INFO:__main__:Total loss 0.2016
INFO:__main__:Predicted mean: -0.4109
INFO:__main__:Predicted uncertainity -0.5897
INFO:__main__:Completed epoch 27 of 100

INFO:__main__:NLL: 0.1025, L2: 0.0562, Reg: 0.0017
INFO:__main__:Total loss 0.1603
INFO:__main__:Predicted mean: -0.4471
INFO:__main__:Predicted uncertainity -0.8213
INFO:__main__:Completed epoch 28 of 100

INFO:__main__:NLL: 0.1436, L2: 0.0464, Reg: 0.0016
INFO:__main__:Total loss 0.1917
INFO:__main__:Predicted mean: -0.4420
INFO:__main__:Predicted uncertainity -0.7018
INFO:__main__:Completed epoch 29 of 100

INFO:__main__:NLL: 0.1293, L2: 0.0509, Reg: 0.0016
INFO:__main__:Total loss 0.1818
INFO:__main__:Predicted mean: -0.4403
INFO:__main__:Predicted uncertainity -0.6475
INFO:__main__:Completed epoch 30 of 100

INFO:__main__:NLL: 0.1167, L2: 0.0497, Reg: 0.0016
INFO:__main__:Total loss 0.1680
INFO:__main__:Predicted mean: -0.4873
INFO:__main__:Predicted uncertainity -0.6622
INFO:__main__:Completed epoch 31 of 100

INFO:__main__:NLL: 0.1038, L2: 0.0479, Reg: 0.0016
INFO:__main__:Total loss 0.1533
INFO:__main__:Predicted mean: -0.4267
INFO:__main__:Predicted uncertainity -0.5782
INFO:__main__:Completed epoch 32 of 100

INFO:__main__:NLL: 0.2388, L2: 0.0545, Reg: 0.0016
INFO:__main__:Total loss 0.2949
INFO:__main__:Predicted mean: -0.4505
INFO:__main__:Predicted uncertainity -0.7487
INFO:__main__:Completed epoch 33 of 100

INFO:__main__:NLL: 0.1655, L2: 0.0533, Reg: 0.0017
INFO:__main__:Total loss 0.2205
INFO:__main__:Predicted mean: -0.4783
INFO:__main__:Predicted uncertainity -0.6661
INFO:__main__:Completed epoch 34 of 100

INFO:__main__:NLL: 0.1341, L2: 0.0539, Reg: 0.0017
INFO:__main__:Total loss 0.1896
INFO:__main__:Predicted mean: -0.4266
INFO:__main__:Predicted uncertainity -0.8032
INFO:__main__:Completed epoch 35 of 100

INFO:__main__:NLL: 0.1212, L2: 0.0536, Reg: 0.0016
INFO:__main__:Total loss 0.1765
INFO:__main__:Predicted mean: -0.4676
INFO:__main__:Predicted uncertainity -0.7151
INFO:__main__:Completed epoch 36 of 100

INFO:__main__:NLL: 0.2455, L2: 0.0426, Reg: 0.0016
INFO:__main__:Total loss 0.2897
INFO:__main__:Predicted mean: -0.4545
INFO:__main__:Predicted uncertainity -0.6020
INFO:__main__:Completed epoch 37 of 100

INFO:__main__:NLL: 0.1144, L2: 0.0463, Reg: 0.0016
INFO:__main__:Total loss 0.1624
INFO:__main__:Predicted mean: -0.4480
INFO:__main__:Predicted uncertainity -0.6676
INFO:__main__:Completed epoch 38 of 100

INFO:__main__:NLL: 0.1310, L2: 0.0498, Reg: 0.0016
INFO:__main__:Total loss 0.1825
INFO:__main__:Predicted mean: -0.4724
INFO:__main__:Predicted uncertainity -0.7476
INFO:__main__:Completed epoch 39 of 100

INFO:__main__:NLL: 0.1125, L2: 0.0485, Reg: 0.0016
INFO:__main__:Total loss 0.1626
INFO:__main__:Predicted mean: -0.4250
INFO:__main__:Predicted uncertainity -0.5833
INFO:__main__:Completed epoch 40 of 100

INFO:__main__:NLL: 0.1652, L2: 0.0511, Reg: 0.0016
INFO:__main__:Total loss 0.2179
INFO:__main__:Predicted mean: -0.4352
INFO:__main__:Predicted uncertainity -0.6733
INFO:__main__:Completed epoch 41 of 100

INFO:__main__:NLL: 0.3086, L2: 0.0536, Reg: 0.0017
INFO:__main__:Total loss 0.3638
INFO:__main__:Predicted mean: -0.5090
INFO:__main__:Predicted uncertainity -0.7273
INFO:__main__:Completed epoch 42 of 100

INFO:__main__:NLL: 0.1317, L2: 0.0519, Reg: 0.0017
INFO:__main__:Total loss 0.1853
INFO:__main__:Predicted mean: -0.4796
INFO:__main__:Predicted uncertainity -0.6377
INFO:__main__:Completed epoch 43 of 100

INFO:__main__:NLL: 0.1719, L2: 0.0546, Reg: 0.0016
INFO:__main__:Total loss 0.2282
INFO:__main__:Predicted mean: -0.4556
INFO:__main__:Predicted uncertainity -0.7504
INFO:__main__:Completed epoch 44 of 100

INFO:__main__:NLL: 0.2081, L2: 0.0479, Reg: 0.0016
INFO:__main__:Total loss 0.2576
INFO:__main__:Predicted mean: -0.4044
INFO:__main__:Predicted uncertainity -0.6808
INFO:__main__:Completed epoch 45 of 100

INFO:__main__:NLL: 0.3082, L2: 0.0534, Reg: 0.0016
INFO:__main__:Total loss 0.3633
INFO:__main__:Predicted mean: -0.4309
INFO:__main__:Predicted uncertainity -0.7090
INFO:__main__:Completed epoch 46 of 100

INFO:__main__:NLL: 0.0919, L2: 0.0571, Reg: 0.0017
INFO:__main__:Total loss 0.1507
INFO:__main__:Predicted mean: -0.4735
INFO:__main__:Predicted uncertainity -0.6886
INFO:__main__:Completed epoch 47 of 100

INFO:__main__:NLL: 0.2643, L2: 0.0509, Reg: 0.0016
INFO:__main__:Total loss 0.3169
INFO:__main__:Predicted mean: -0.4641
INFO:__main__:Predicted uncertainity -0.6187
INFO:__main__:Completed epoch 48 of 100

INFO:__main__:NLL: 0.1099, L2: 0.0560, Reg: 0.0017
INFO:__main__:Total loss 0.1676
INFO:__main__:Predicted mean: -0.5111
INFO:__main__:Predicted uncertainity -0.7354
INFO:__main__:Completed epoch 49 of 100

INFO:__main__:NLL: 0.1512, L2: 0.0510, Reg: 0.0016
INFO:__main__:Total loss 0.2039
INFO:__main__:Predicted mean: -0.4449
INFO:__main__:Predicted uncertainity -0.6732
INFO:__main__:Completed epoch 50 of 100

INFO:__main__:NLL: 0.1192, L2: 0.0561, Reg: 0.0017
INFO:__main__:Total loss 0.1769
INFO:__main__:Predicted mean: -0.4672
INFO:__main__:Predicted uncertainity -0.8817
INFO:__main__:Completed epoch 51 of 100

INFO:__main__:NLL: 0.0765, L2: 0.0495, Reg: 0.0017
INFO:__main__:Total loss 0.1277
INFO:__main__:Predicted mean: -0.4113
INFO:__main__:Predicted uncertainity -0.7124
INFO:__main__:Completed epoch 52 of 100

INFO:__main__:NLL: 0.2635, L2: 0.0529, Reg: 0.0017
INFO:__main__:Total loss 0.3180
INFO:__main__:Predicted mean: -0.4977
INFO:__main__:Predicted uncertainity -0.8278
INFO:__main__:Completed epoch 53 of 100

INFO:__main__:NLL: 0.1207, L2: 0.0493, Reg: 0.0016
INFO:__main__:Total loss 0.1717
INFO:__main__:Predicted mean: -0.4179
INFO:__main__:Predicted uncertainity -0.6383
INFO:__main__:Completed epoch 54 of 100

INFO:__main__:NLL: 0.1619, L2: 0.0499, Reg: 0.0016
INFO:__main__:Total loss 0.2134
INFO:__main__:Predicted mean: -0.4535
INFO:__main__:Predicted uncertainity -0.7262
INFO:__main__:Completed epoch 55 of 100

INFO:__main__:NLL: 0.1898, L2: 0.0506, Reg: 0.0017
INFO:__main__:Total loss 0.2420
INFO:__main__:Predicted mean: -0.4379
INFO:__main__:Predicted uncertainity -0.7499
INFO:__main__:Completed epoch 56 of 100

INFO:__main__:NLL: 0.2352, L2: 0.0542, Reg: 0.0016
INFO:__main__:Total loss 0.2911
INFO:__main__:Predicted mean: -0.4729
INFO:__main__:Predicted uncertainity -0.7315
INFO:__main__:Completed epoch 57 of 100

INFO:__main__:NLL: 0.2820, L2: 0.0564, Reg: 0.0017
INFO:__main__:Total loss 0.3402
INFO:__main__:Predicted mean: -0.5015
INFO:__main__:Predicted uncertainity -0.8276
INFO:__main__:Completed epoch 58 of 100

INFO:__main__:NLL: 0.1320, L2: 0.0488, Reg: 0.0016
INFO:__main__:Total loss 0.1824
INFO:__main__:Predicted mean: -0.4590
INFO:__main__:Predicted uncertainity -0.6152
INFO:__main__:Completed epoch 59 of 100

INFO:__main__:NLL: 0.0885, L2: 0.0505, Reg: 0.0016
INFO:__main__:Total loss 0.1407
INFO:__main__:Predicted mean: -0.3999
INFO:__main__:Predicted uncertainity -0.5853
INFO:__main__:Completed epoch 60 of 100

INFO:__main__:NLL: 0.0322, L2: 0.0528, Reg: 0.0017
INFO:__main__:Total loss 0.0867
INFO:__main__:Predicted mean: -0.4458
INFO:__main__:Predicted uncertainity -0.6636
INFO:__main__:Completed epoch 61 of 100

INFO:__main__:NLL: 0.1905, L2: 0.0472, Reg: 0.0016
INFO:__main__:Total loss 0.2394
INFO:__main__:Predicted mean: -0.4424
INFO:__main__:Predicted uncertainity -0.7064
INFO:__main__:Completed epoch 62 of 100

INFO:__main__:NLL: 0.6612, L2: 0.0638, Reg: 0.0017
INFO:__main__:Total loss 0.7267
INFO:__main__:Predicted mean: -0.5128
INFO:__main__:Predicted uncertainity -0.8337
INFO:__main__:Completed epoch 63 of 100

INFO:__main__:NLL: 0.0925, L2: 0.0585, Reg: 0.0017
INFO:__main__:Total loss 0.1527
INFO:__main__:Predicted mean: -0.5118
INFO:__main__:Predicted uncertainity -0.7197
INFO:__main__:Completed epoch 64 of 100

INFO:__main__:NLL: 0.0379, L2: 0.0517, Reg: 0.0016
INFO:__main__:Total loss 0.0912
INFO:__main__:Predicted mean: -0.4500
INFO:__main__:Predicted uncertainity -0.7010
INFO:__main__:Completed epoch 65 of 100

INFO:__main__:NLL: 0.1738, L2: 0.0533, Reg: 0.0017
INFO:__main__:Total loss 0.2288
INFO:__main__:Predicted mean: -0.4788
INFO:__main__:Predicted uncertainity -0.7306
INFO:__main__:Completed epoch 66 of 100

INFO:__main__:NLL: 0.1254, L2: 0.0529, Reg: 0.0017
INFO:__main__:Total loss 0.1800
INFO:__main__:Predicted mean: -0.4619
INFO:__main__:Predicted uncertainity -0.6728
INFO:__main__:Completed epoch 67 of 100

INFO:__main__:NLL: 0.2266, L2: 0.0541, Reg: 0.0017
INFO:__main__:Total loss 0.2823
INFO:__main__:Predicted mean: -0.4986
INFO:__main__:Predicted uncertainity -0.7839
INFO:__main__:Completed epoch 68 of 100

INFO:__main__:NLL: 0.1336, L2: 0.0551, Reg: 0.0017
INFO:__main__:Total loss 0.1903
INFO:__main__:Predicted mean: -0.4436
INFO:__main__:Predicted uncertainity -0.7229
INFO:__main__:Completed epoch 69 of 100

INFO:__main__:NLL: 0.1047, L2: 0.0449, Reg: 0.0016
INFO:__main__:Total loss 0.1512
INFO:__main__:Predicted mean: -0.4648
INFO:__main__:Predicted uncertainity -0.6789
INFO:__main__:Completed epoch 70 of 100

INFO:__main__:NLL: 0.1577, L2: 0.0433, Reg: 0.0016
INFO:__main__:Total loss 0.2027
INFO:__main__:Predicted mean: -0.3727
INFO:__main__:Predicted uncertainity -0.6561
INFO:__main__:Completed epoch 71 of 100

INFO:__main__:NLL: 0.1439, L2: 0.0528, Reg: 0.0017
INFO:__main__:Total loss 0.1984
INFO:__main__:Predicted mean: -0.4442
INFO:__main__:Predicted uncertainity -0.6780
INFO:__main__:Completed epoch 72 of 100

INFO:__main__:NLL: 0.0805, L2: 0.0455, Reg: 0.0016
INFO:__main__:Total loss 0.1276
INFO:__main__:Predicted mean: -0.4258
INFO:__main__:Predicted uncertainity -0.7019
INFO:__main__:Completed epoch 73 of 100

INFO:__main__:NLL: 0.0662, L2: 0.0495, Reg: 0.0016
INFO:__main__:Total loss 0.1173
INFO:__main__:Predicted mean: -0.4574
INFO:__main__:Predicted uncertainity -0.6617
INFO:__main__:Completed epoch 74 of 100

INFO:__main__:NLL: 0.2344, L2: 0.0510, Reg: 0.0016
INFO:__main__:Total loss 0.2870
INFO:__main__:Predicted mean: -0.4773
INFO:__main__:Predicted uncertainity -0.6681
INFO:__main__:Completed epoch 75 of 100

INFO:__main__:NLL: 0.1202, L2: 0.0516, Reg: 0.0017
INFO:__main__:Total loss 0.1734
INFO:__main__:Predicted mean: -0.4692
INFO:__main__:Predicted uncertainity -0.6305
INFO:__main__:Completed epoch 76 of 100

INFO:__main__:NLL: 0.1321, L2: 0.0533, Reg: 0.0016
INFO:__main__:Total loss 0.1870
INFO:__main__:Predicted mean: -0.4604
INFO:__main__:Predicted uncertainity -0.5930
INFO:__main__:Completed epoch 77 of 100

INFO:__main__:NLL: 0.0326, L2: 0.0561, Reg: 0.0017
INFO:__main__:Total loss 0.0903
INFO:__main__:Predicted mean: -0.5019
INFO:__main__:Predicted uncertainity -0.5995
INFO:__main__:Completed epoch 78 of 100

INFO:__main__:NLL: 0.0453, L2: 0.0504, Reg: 0.0017
INFO:__main__:Total loss 0.0973
INFO:__main__:Predicted mean: -0.4387
INFO:__main__:Predicted uncertainity -0.7362
INFO:__main__:Completed epoch 79 of 100

INFO:__main__:NLL: 0.1372, L2: 0.0475, Reg: 0.0016
INFO:__main__:Total loss 0.1863
INFO:__main__:Predicted mean: -0.4411
INFO:__main__:Predicted uncertainity -0.7433
INFO:__main__:Completed epoch 80 of 100

INFO:__main__:NLL: 0.1570, L2: 0.0528, Reg: 0.0016
INFO:__main__:Total loss 0.2114
INFO:__main__:Predicted mean: -0.4408
INFO:__main__:Predicted uncertainity -0.7017
INFO:__main__:Completed epoch 81 of 100

INFO:__main__:NLL: 0.1918, L2: 0.0547, Reg: 0.0017
INFO:__main__:Total loss 0.2482
INFO:__main__:Predicted mean: -0.4237
INFO:__main__:Predicted uncertainity -0.7280
INFO:__main__:Completed epoch 82 of 100

INFO:__main__:NLL: 0.1832, L2: 0.0457, Reg: 0.0016
INFO:__main__:Total loss 0.2305
INFO:__main__:Predicted mean: -0.3993
INFO:__main__:Predicted uncertainity -0.7240
INFO:__main__:Completed epoch 83 of 100

INFO:__main__:NLL: 0.1072, L2: 0.0460, Reg: 0.0016
INFO:__main__:Total loss 0.1548
INFO:__main__:Predicted mean: -0.4369
INFO:__main__:Predicted uncertainity -0.6798
INFO:__main__:Completed epoch 84 of 100

INFO:__main__:NLL: 0.2069, L2: 0.0544, Reg: 0.0017
INFO:__main__:Total loss 0.2629
INFO:__main__:Predicted mean: -0.4910
INFO:__main__:Predicted uncertainity -0.6144
INFO:__main__:Completed epoch 85 of 100

INFO:__main__:NLL: 0.1466, L2: 0.0532, Reg: 0.0017
INFO:__main__:Total loss 0.2015
INFO:__main__:Predicted mean: -0.4608
INFO:__main__:Predicted uncertainity -0.6759
INFO:__main__:Completed epoch 86 of 100

INFO:__main__:NLL: 0.1596, L2: 0.0613, Reg: 0.0017
INFO:__main__:Total loss 0.2225
INFO:__main__:Predicted mean: -0.5055
INFO:__main__:Predicted uncertainity -0.8334
INFO:__main__:Completed epoch 87 of 100

INFO:__main__:NLL: 0.3286, L2: 0.0529, Reg: 0.0016
INFO:__main__:Total loss 0.3832
INFO:__main__:Predicted mean: -0.4566
INFO:__main__:Predicted uncertainity -0.7275
INFO:__main__:Completed epoch 88 of 100

INFO:__main__:NLL: 0.3586, L2: 0.0508, Reg: 0.0016
INFO:__main__:Total loss 0.4111
INFO:__main__:Predicted mean: -0.4180
INFO:__main__:Predicted uncertainity -0.7374
INFO:__main__:Completed epoch 89 of 100

INFO:__main__:NLL: 0.1734, L2: 0.0524, Reg: 0.0017
INFO:__main__:Total loss 0.2275
INFO:__main__:Predicted mean: -0.4387
INFO:__main__:Predicted uncertainity -0.7200
INFO:__main__:Completed epoch 90 of 100

INFO:__main__:NLL: 0.2301, L2: 0.0575, Reg: 0.0017
INFO:__main__:Total loss 0.2892
INFO:__main__:Predicted mean: -0.4437
INFO:__main__:Predicted uncertainity -0.6461
INFO:__main__:Completed epoch 91 of 100

INFO:__main__:NLL: 0.0264, L2: 0.0547, Reg: 0.0017
INFO:__main__:Total loss 0.0827
INFO:__main__:Predicted mean: -0.4786
INFO:__main__:Predicted uncertainity -0.6939
INFO:__main__:Completed epoch 92 of 100

INFO:__main__:NLL: 0.2808, L2: 0.0498, Reg: 0.0016
INFO:__main__:Total loss 0.3322
INFO:__main__:Predicted mean: -0.4504
INFO:__main__:Predicted uncertainity -0.7127
INFO:__main__:Completed epoch 93 of 100

INFO:__main__:NLL: 0.2571, L2: 0.0554, Reg: 0.0017
INFO:__main__:Total loss 0.3141
INFO:__main__:Predicted mean: -0.4605
INFO:__main__:Predicted uncertainity -0.8008
INFO:__main__:Completed epoch 94 of 100

INFO:__main__:NLL: 0.1611, L2: 0.0449, Reg: 0.0016
INFO:__main__:Total loss 0.2076
INFO:__main__:Predicted mean: -0.3957
INFO:__main__:Predicted uncertainity -0.6952
INFO:__main__:Completed epoch 95 of 100

INFO:__main__:NLL: 0.2682, L2: 0.0529, Reg: 0.0017
INFO:__main__:Total loss 0.3227
INFO:__main__:Predicted mean: -0.4739
INFO:__main__:Predicted uncertainity -0.7355
INFO:__main__:Completed epoch 96 of 100

INFO:__main__:NLL: 0.2399, L2: 0.0516, Reg: 0.0017
INFO:__main__:Total loss 0.2932
INFO:__main__:Predicted mean: -0.4229
INFO:__main__:Predicted uncertainity -0.6923
INFO:__main__:Completed epoch 97 of 100

INFO:__main__:NLL: 0.0793, L2: 0.0479, Reg: 0.0016
INFO:__main__:Total loss 0.1288
INFO:__main__:Predicted mean: -0.4323
INFO:__main__:Predicted uncertainity -0.6835
INFO:__main__:Completed epoch 98 of 100

INFO:__main__:NLL: 0.1089, L2: 0.0537, Reg: 0.0017
INFO:__main__:Total loss 0.1643
INFO:__main__:Predicted mean: -0.4767
INFO:__main__:Predicted uncertainity -0.7870
INFO:__main__:Completed epoch 99 of 100

INFO:__main__:NLL: 0.2609, L2: 0.0466, Reg: 0.0016
INFO:__main__:Total loss 0.3091
INFO:__main__:Predicted mean: -0.4227
INFO:__main__:Predicted uncertainity -0.7317
INFO:__main__:Completed epoch 100 of 100

INFO:__main__:563.561785 s
