INFO:__main__:PROCESS RUNNING ON cpu
INFO:__main__:NLL: 0.1100, L2: 0.0633, Reg: 0.0278
INFO:__main__:Total loss 0.2011
INFO:__main__:Predicted mean: -0.5378
INFO:__main__:Predicted uncertainity -0.7820
INFO:__main__:Completed epoch 1 of 100

INFO:__main__:NLL: 0.2242, L2: 0.0543, Reg: 0.0275
INFO:__main__:Total loss 0.3059
INFO:__main__:Predicted mean: -0.4812
INFO:__main__:Predicted uncertainity -0.6074
INFO:__main__:Completed epoch 2 of 100

INFO:__main__:NLL: 0.1583, L2: 0.0427, Reg: 0.0275
INFO:__main__:Total loss 0.2285
INFO:__main__:Predicted mean: -0.4459
INFO:__main__:Predicted uncertainity -0.7384
INFO:__main__:Completed epoch 3 of 100

INFO:__main__:NLL: 0.1124, L2: 0.0524, Reg: 0.0276
INFO:__main__:Total loss 0.1924
INFO:__main__:Predicted mean: -0.5259
INFO:__main__:Predicted uncertainity -0.7576
INFO:__main__:Completed epoch 4 of 100

INFO:__main__:NLL: 0.1329, L2: 0.0488, Reg: 0.0275
INFO:__main__:Total loss 0.2092
INFO:__main__:Predicted mean: -0.4621
INFO:__main__:Predicted uncertainity -0.6937
INFO:__main__:Completed epoch 5 of 100

INFO:__main__:NLL: 0.0467, L2: 0.0508, Reg: 0.0275
INFO:__main__:Total loss 0.1250
INFO:__main__:Predicted mean: -0.4269
INFO:__main__:Predicted uncertainity -0.6868
INFO:__main__:Completed epoch 6 of 100

INFO:__main__:NLL: 0.1309, L2: 0.0435, Reg: 0.0274
INFO:__main__:Total loss 0.2018
INFO:__main__:Predicted mean: -0.4493
INFO:__main__:Predicted uncertainity -0.5429
INFO:__main__:Completed epoch 7 of 100

INFO:__main__:NLL: 0.3117, L2: 0.0535, Reg: 0.0276
INFO:__main__:Total loss 0.3927
INFO:__main__:Predicted mean: -0.4422
INFO:__main__:Predicted uncertainity -0.7205
INFO:__main__:Completed epoch 8 of 100

INFO:__main__:NLL: 0.1273, L2: 0.0525, Reg: 0.0276
INFO:__main__:Total loss 0.2075
INFO:__main__:Predicted mean: -0.4622
INFO:__main__:Predicted uncertainity -0.7803
INFO:__main__:Completed epoch 9 of 100

INFO:__main__:NLL: 0.2612, L2: 0.0526, Reg: 0.0276
INFO:__main__:Total loss 0.3415
INFO:__main__:Predicted mean: -0.4601
INFO:__main__:Predicted uncertainity -0.7450
INFO:__main__:Completed epoch 10 of 100

INFO:__main__:NLL: 0.1752, L2: 0.0514, Reg: 0.0276
INFO:__main__:Total loss 0.2542
INFO:__main__:Predicted mean: -0.5053
INFO:__main__:Predicted uncertainity -0.7397
INFO:__main__:Completed epoch 11 of 100

INFO:__main__:NLL: 0.2344, L2: 0.0496, Reg: 0.0275
INFO:__main__:Total loss 0.3115
INFO:__main__:Predicted mean: -0.4403
INFO:__main__:Predicted uncertainity -0.6704
INFO:__main__:Completed epoch 12 of 100

INFO:__main__:NLL: 0.0558, L2: 0.0540, Reg: 0.0276
INFO:__main__:Total loss 0.1374
INFO:__main__:Predicted mean: -0.4516
INFO:__main__:Predicted uncertainity -0.7643
INFO:__main__:Completed epoch 13 of 100

INFO:__main__:NLL: 0.1158, L2: 0.0502, Reg: 0.0276
INFO:__main__:Total loss 0.1936
INFO:__main__:Predicted mean: -0.4364
INFO:__main__:Predicted uncertainity -0.7487
INFO:__main__:Completed epoch 14 of 100

INFO:__main__:NLL: 0.0919, L2: 0.0525, Reg: 0.0275
INFO:__main__:Total loss 0.1720
INFO:__main__:Predicted mean: -0.4423
INFO:__main__:Predicted uncertainity -0.6926
INFO:__main__:Completed epoch 15 of 100

INFO:__main__:NLL: 0.1335, L2: 0.0507, Reg: 0.0276
INFO:__main__:Total loss 0.2118
INFO:__main__:Predicted mean: -0.4648
INFO:__main__:Predicted uncertainity -0.7138
INFO:__main__:Completed epoch 16 of 100

INFO:__main__:NLL: 0.0935, L2: 0.0521, Reg: 0.0276
INFO:__main__:Total loss 0.1732
INFO:__main__:Predicted mean: -0.4584
INFO:__main__:Predicted uncertainity -0.7363
INFO:__main__:Completed epoch 17 of 100

INFO:__main__:NLL: 0.1277, L2: 0.0556, Reg: 0.0276
INFO:__main__:Total loss 0.2109
INFO:__main__:Predicted mean: -0.4544
INFO:__main__:Predicted uncertainity -0.7293
INFO:__main__:Completed epoch 18 of 100

INFO:__main__:NLL: 0.2084, L2: 0.0478, Reg: 0.0275
INFO:__main__:Total loss 0.2837
INFO:__main__:Predicted mean: -0.4449
INFO:__main__:Predicted uncertainity -0.6181
INFO:__main__:Completed epoch 19 of 100

INFO:__main__:NLL: 0.1235, L2: 0.0533, Reg: 0.0276
INFO:__main__:Total loss 0.2043
INFO:__main__:Predicted mean: -0.4579
INFO:__main__:Predicted uncertainity -0.6823
INFO:__main__:Completed epoch 20 of 100

INFO:__main__:NLL: 0.1317, L2: 0.0566, Reg: 0.0275
INFO:__main__:Total loss 0.2158
INFO:__main__:Predicted mean: -0.5132
INFO:__main__:Predicted uncertainity -0.6408
INFO:__main__:Completed epoch 21 of 100

INFO:__main__:NLL: 0.0498, L2: 0.0493, Reg: 0.0275
INFO:__main__:Total loss 0.1266
INFO:__main__:Predicted mean: -0.4520
INFO:__main__:Predicted uncertainity -0.6800
INFO:__main__:Completed epoch 22 of 100

INFO:__main__:NLL: 0.2501, L2: 0.0535, Reg: 0.0276
INFO:__main__:Total loss 0.3312
INFO:__main__:Predicted mean: -0.4648
INFO:__main__:Predicted uncertainity -0.7294
INFO:__main__:Completed epoch 23 of 100

INFO:__main__:NLL: 0.1858, L2: 0.0554, Reg: 0.0275
INFO:__main__:Total loss 0.2687
INFO:__main__:Predicted mean: -0.4649
INFO:__main__:Predicted uncertainity -0.6527
INFO:__main__:Completed epoch 24 of 100

INFO:__main__:NLL: 0.1890, L2: 0.0407, Reg: 0.0274
INFO:__main__:Total loss 0.2571
INFO:__main__:Predicted mean: -0.4175
INFO:__main__:Predicted uncertainity -0.6016
INFO:__main__:Completed epoch 25 of 100

INFO:__main__:NLL: 0.3934, L2: 0.0486, Reg: 0.0275
INFO:__main__:Total loss 0.4695
INFO:__main__:Predicted mean: -0.4187
INFO:__main__:Predicted uncertainity -0.6633
INFO:__main__:Completed epoch 26 of 100

INFO:__main__:NLL: 0.1517, L2: 0.0458, Reg: 0.0275
INFO:__main__:Total loss 0.2250
INFO:__main__:Predicted mean: -0.4067
INFO:__main__:Predicted uncertainity -0.6343
INFO:__main__:Completed epoch 27 of 100

INFO:__main__:NLL: 0.1204, L2: 0.0521, Reg: 0.0276
INFO:__main__:Total loss 0.2002
INFO:__main__:Predicted mean: -0.4507
INFO:__main__:Predicted uncertainity -0.7801
INFO:__main__:Completed epoch 28 of 100

INFO:__main__:NLL: 0.1583, L2: 0.0463, Reg: 0.0275
INFO:__main__:Total loss 0.2321
INFO:__main__:Predicted mean: -0.4617
INFO:__main__:Predicted uncertainity -0.6795
INFO:__main__:Completed epoch 29 of 100

INFO:__main__:NLL: 0.1380, L2: 0.0481, Reg: 0.0275
INFO:__main__:Total loss 0.2135
INFO:__main__:Predicted mean: -0.4521
INFO:__main__:Predicted uncertainity -0.6021
INFO:__main__:Completed epoch 30 of 100

INFO:__main__:NLL: 0.1026, L2: 0.0481, Reg: 0.0275
INFO:__main__:Total loss 0.1782
INFO:__main__:Predicted mean: -0.4610
INFO:__main__:Predicted uncertainity -0.6771
INFO:__main__:Completed epoch 31 of 100

INFO:__main__:NLL: 0.1074, L2: 0.0468, Reg: 0.0274
INFO:__main__:Total loss 0.1816
INFO:__main__:Predicted mean: -0.4429
INFO:__main__:Predicted uncertainity -0.5581
INFO:__main__:Completed epoch 32 of 100

INFO:__main__:NLL: 0.1542, L2: 0.0608, Reg: 0.0277
INFO:__main__:Total loss 0.2427
INFO:__main__:Predicted mean: -0.4569
INFO:__main__:Predicted uncertainity -0.7899
INFO:__main__:Completed epoch 33 of 100

INFO:__main__:NLL: 0.1882, L2: 0.0536, Reg: 0.0276
INFO:__main__:Total loss 0.2694
INFO:__main__:Predicted mean: -0.4853
INFO:__main__:Predicted uncertainity -0.6907
INFO:__main__:Completed epoch 34 of 100

INFO:__main__:NLL: 0.1378, L2: 0.0530, Reg: 0.0276
INFO:__main__:Total loss 0.2184
INFO:__main__:Predicted mean: -0.4266
INFO:__main__:Predicted uncertainity -0.7474
INFO:__main__:Completed epoch 35 of 100

INFO:__main__:NLL: 0.1317, L2: 0.0519, Reg: 0.0276
INFO:__main__:Total loss 0.2112
INFO:__main__:Predicted mean: -0.4930
INFO:__main__:Predicted uncertainity -0.7217
INFO:__main__:Completed epoch 36 of 100

INFO:__main__:NLL: 0.2339, L2: 0.0457, Reg: 0.0274
INFO:__main__:Total loss 0.3071
INFO:__main__:Predicted mean: -0.4162
INFO:__main__:Predicted uncertainity -0.6061
INFO:__main__:Completed epoch 37 of 100

INFO:__main__:NLL: 0.1204, L2: 0.0502, Reg: 0.0276
INFO:__main__:Total loss 0.1981
INFO:__main__:Predicted mean: -0.4558
INFO:__main__:Predicted uncertainity -0.7057
INFO:__main__:Completed epoch 38 of 100

INFO:__main__:NLL: 0.0771, L2: 0.0531, Reg: 0.0277
INFO:__main__:Total loss 0.1579
INFO:__main__:Predicted mean: -0.5005
INFO:__main__:Predicted uncertainity -0.8638
INFO:__main__:Completed epoch 39 of 100

INFO:__main__:NLL: 0.1028, L2: 0.0508, Reg: 0.0275
INFO:__main__:Total loss 0.1811
INFO:__main__:Predicted mean: -0.4574
INFO:__main__:Predicted uncertainity -0.6334
INFO:__main__:Completed epoch 40 of 100

INFO:__main__:NLL: 0.1298, L2: 0.0523, Reg: 0.0276
INFO:__main__:Total loss 0.2097
INFO:__main__:Predicted mean: -0.4565
INFO:__main__:Predicted uncertainity -0.7085
INFO:__main__:Completed epoch 41 of 100

INFO:__main__:NLL: 0.3081, L2: 0.0536, Reg: 0.0276
INFO:__main__:Total loss 0.3893
INFO:__main__:Predicted mean: -0.4884
INFO:__main__:Predicted uncertainity -0.7723
INFO:__main__:Completed epoch 42 of 100

INFO:__main__:NLL: 0.1043, L2: 0.0530, Reg: 0.0275
INFO:__main__:Total loss 0.1849
INFO:__main__:Predicted mean: -0.4710
INFO:__main__:Predicted uncertainity -0.6812
INFO:__main__:Completed epoch 43 of 100

INFO:__main__:NLL: 0.0978, L2: 0.0534, Reg: 0.0276
INFO:__main__:Total loss 0.1788
INFO:__main__:Predicted mean: -0.4343
INFO:__main__:Predicted uncertainity -0.7855
INFO:__main__:Completed epoch 44 of 100

INFO:__main__:NLL: 0.1736, L2: 0.0480, Reg: 0.0276
INFO:__main__:Total loss 0.2491
INFO:__main__:Predicted mean: -0.4062
INFO:__main__:Predicted uncertainity -0.7121
INFO:__main__:Completed epoch 45 of 100

INFO:__main__:NLL: 0.3581, L2: 0.0505, Reg: 0.0275
INFO:__main__:Total loss 0.4362
INFO:__main__:Predicted mean: -0.4418
INFO:__main__:Predicted uncertainity -0.6757
INFO:__main__:Completed epoch 46 of 100

INFO:__main__:NLL: 0.0924, L2: 0.0546, Reg: 0.0276
INFO:__main__:Total loss 0.1747
INFO:__main__:Predicted mean: -0.4882
INFO:__main__:Predicted uncertainity -0.7119
INFO:__main__:Completed epoch 47 of 100

INFO:__main__:NLL: 0.2506, L2: 0.0528, Reg: 0.0276
INFO:__main__:Total loss 0.3310
INFO:__main__:Predicted mean: -0.4260
INFO:__main__:Predicted uncertainity -0.6755
INFO:__main__:Completed epoch 48 of 100

INFO:__main__:NLL: 0.0746, L2: 0.0554, Reg: 0.0276
INFO:__main__:Total loss 0.1576
INFO:__main__:Predicted mean: -0.4944
INFO:__main__:Predicted uncertainity -0.7445
INFO:__main__:Completed epoch 49 of 100

INFO:__main__:NLL: 0.1642, L2: 0.0479, Reg: 0.0275
INFO:__main__:Total loss 0.2396
INFO:__main__:Predicted mean: -0.4920
INFO:__main__:Predicted uncertainity -0.6811
INFO:__main__:Completed epoch 50 of 100

INFO:__main__:NLL: 0.1451, L2: 0.0551, Reg: 0.0278
INFO:__main__:Total loss 0.2279
INFO:__main__:Predicted mean: -0.4660
INFO:__main__:Predicted uncertainity -0.8790
INFO:__main__:Completed epoch 51 of 100

INFO:__main__:NLL: 0.0552, L2: 0.0510, Reg: 0.0276
INFO:__main__:Total loss 0.1338
INFO:__main__:Predicted mean: -0.4145
INFO:__main__:Predicted uncertainity -0.7068
INFO:__main__:Completed epoch 52 of 100

INFO:__main__:NLL: 0.2704, L2: 0.0550, Reg: 0.0278
INFO:__main__:Total loss 0.3532
INFO:__main__:Predicted mean: -0.4886
INFO:__main__:Predicted uncertainity -0.8574
INFO:__main__:Completed epoch 53 of 100

INFO:__main__:NLL: 0.1206, L2: 0.0481, Reg: 0.0275
INFO:__main__:Total loss 0.1962
INFO:__main__:Predicted mean: -0.4375
INFO:__main__:Predicted uncertainity -0.6461
INFO:__main__:Completed epoch 54 of 100

INFO:__main__:NLL: 0.1883, L2: 0.0515, Reg: 0.0276
INFO:__main__:Total loss 0.2673
INFO:__main__:Predicted mean: -0.4428
INFO:__main__:Predicted uncertainity -0.7521
INFO:__main__:Completed epoch 55 of 100

INFO:__main__:NLL: 0.1993, L2: 0.0514, Reg: 0.0276
INFO:__main__:Total loss 0.2783
INFO:__main__:Predicted mean: -0.4166
INFO:__main__:Predicted uncertainity -0.7417
INFO:__main__:Completed epoch 56 of 100

INFO:__main__:NLL: 0.1691, L2: 0.0541, Reg: 0.0276
INFO:__main__:Total loss 0.2508
INFO:__main__:Predicted mean: -0.4460
INFO:__main__:Predicted uncertainity -0.6954
INFO:__main__:Completed epoch 57 of 100

INFO:__main__:NLL: 0.2393, L2: 0.0594, Reg: 0.0277
INFO:__main__:Total loss 0.3264
INFO:__main__:Predicted mean: -0.5211
INFO:__main__:Predicted uncertainity -0.8056
INFO:__main__:Completed epoch 58 of 100

INFO:__main__:NLL: 0.1425, L2: 0.0489, Reg: 0.0275
INFO:__main__:Total loss 0.2188
INFO:__main__:Predicted mean: -0.4434
INFO:__main__:Predicted uncertainity -0.6444
INFO:__main__:Completed epoch 59 of 100

INFO:__main__:NLL: 0.1244, L2: 0.0520, Reg: 0.0275
INFO:__main__:Total loss 0.2038
INFO:__main__:Predicted mean: -0.4333
INFO:__main__:Predicted uncertainity -0.6093
INFO:__main__:Completed epoch 60 of 100

INFO:__main__:NLL: 0.0661, L2: 0.0533, Reg: 0.0276
INFO:__main__:Total loss 0.1470
INFO:__main__:Predicted mean: -0.4873
INFO:__main__:Predicted uncertainity -0.7134
INFO:__main__:Completed epoch 61 of 100

INFO:__main__:NLL: 0.1820, L2: 0.0453, Reg: 0.0275
INFO:__main__:Total loss 0.2548
INFO:__main__:Predicted mean: -0.4295
INFO:__main__:Predicted uncertainity -0.7208
INFO:__main__:Completed epoch 62 of 100

INFO:__main__:NLL: 0.4614, L2: 0.0607, Reg: 0.0277
INFO:__main__:Total loss 0.5498
INFO:__main__:Predicted mean: -0.5020
INFO:__main__:Predicted uncertainity -0.7455
INFO:__main__:Completed epoch 63 of 100

INFO:__main__:NLL: 0.0902, L2: 0.0568, Reg: 0.0276
INFO:__main__:Total loss 0.1746
INFO:__main__:Predicted mean: -0.5435
INFO:__main__:Predicted uncertainity -0.6940
INFO:__main__:Completed epoch 64 of 100

INFO:__main__:NLL: 0.0679, L2: 0.0530, Reg: 0.0276
INFO:__main__:Total loss 0.1484
INFO:__main__:Predicted mean: -0.4521
INFO:__main__:Predicted uncertainity -0.7259
INFO:__main__:Completed epoch 65 of 100

INFO:__main__:NLL: 0.1550, L2: 0.0531, Reg: 0.0276
INFO:__main__:Total loss 0.2357
INFO:__main__:Predicted mean: -0.4499
INFO:__main__:Predicted uncertainity -0.7433
INFO:__main__:Completed epoch 66 of 100

INFO:__main__:NLL: 0.1365, L2: 0.0534, Reg: 0.0276
INFO:__main__:Total loss 0.2176
INFO:__main__:Predicted mean: -0.4978
INFO:__main__:Predicted uncertainity -0.7146
INFO:__main__:Completed epoch 67 of 100

INFO:__main__:NLL: 0.1929, L2: 0.0527, Reg: 0.0276
INFO:__main__:Total loss 0.2732
INFO:__main__:Predicted mean: -0.5173
INFO:__main__:Predicted uncertainity -0.7236
INFO:__main__:Completed epoch 68 of 100

INFO:__main__:NLL: 0.1365, L2: 0.0552, Reg: 0.0276
INFO:__main__:Total loss 0.2193
INFO:__main__:Predicted mean: -0.4334
INFO:__main__:Predicted uncertainity -0.6889
INFO:__main__:Completed epoch 69 of 100

INFO:__main__:NLL: 0.1248, L2: 0.0426, Reg: 0.0274
INFO:__main__:Total loss 0.1948
INFO:__main__:Predicted mean: -0.4233
INFO:__main__:Predicted uncertainity -0.6585
INFO:__main__:Completed epoch 70 of 100

INFO:__main__:NLL: 0.2077, L2: 0.0445, Reg: 0.0275
INFO:__main__:Total loss 0.2797
INFO:__main__:Predicted mean: -0.4312
INFO:__main__:Predicted uncertainity -0.6832
INFO:__main__:Completed epoch 71 of 100

INFO:__main__:NLL: 0.1359, L2: 0.0526, Reg: 0.0276
INFO:__main__:Total loss 0.2161
INFO:__main__:Predicted mean: -0.4287
INFO:__main__:Predicted uncertainity -0.6897
INFO:__main__:Completed epoch 72 of 100

INFO:__main__:NLL: 0.0743, L2: 0.0479, Reg: 0.0275
INFO:__main__:Total loss 0.1496
INFO:__main__:Predicted mean: -0.4485
INFO:__main__:Predicted uncertainity -0.6343
INFO:__main__:Completed epoch 73 of 100

INFO:__main__:NLL: 0.0498, L2: 0.0492, Reg: 0.0275
INFO:__main__:Total loss 0.1266
INFO:__main__:Predicted mean: -0.4597
INFO:__main__:Predicted uncertainity -0.7026
INFO:__main__:Completed epoch 74 of 100

INFO:__main__:NLL: 0.2636, L2: 0.0552, Reg: 0.0276
INFO:__main__:Total loss 0.3463
INFO:__main__:Predicted mean: -0.4665
INFO:__main__:Predicted uncertainity -0.6808
INFO:__main__:Completed epoch 75 of 100

INFO:__main__:NLL: 0.1047, L2: 0.0544, Reg: 0.0276
INFO:__main__:Total loss 0.1867
INFO:__main__:Predicted mean: -0.4747
INFO:__main__:Predicted uncertainity -0.6599
INFO:__main__:Completed epoch 76 of 100

INFO:__main__:NLL: 0.1320, L2: 0.0501, Reg: 0.0275
INFO:__main__:Total loss 0.2096
INFO:__main__:Predicted mean: -0.4505
INFO:__main__:Predicted uncertainity -0.6291
INFO:__main__:Completed epoch 77 of 100

INFO:__main__:NLL: 0.0544, L2: 0.0518, Reg: 0.0274
INFO:__main__:Total loss 0.1336
INFO:__main__:Predicted mean: -0.4669
INFO:__main__:Predicted uncertainity -0.5287
INFO:__main__:Completed epoch 78 of 100

INFO:__main__:NLL: 0.0650, L2: 0.0499, Reg: 0.0276
INFO:__main__:Total loss 0.1424
INFO:__main__:Predicted mean: -0.4628
INFO:__main__:Predicted uncertainity -0.7299
INFO:__main__:Completed epoch 79 of 100

INFO:__main__:NLL: 0.1239, L2: 0.0480, Reg: 0.0275
INFO:__main__:Total loss 0.1995
INFO:__main__:Predicted mean: -0.4496
INFO:__main__:Predicted uncertainity -0.7170
INFO:__main__:Completed epoch 80 of 100

INFO:__main__:NLL: 0.1889, L2: 0.0510, Reg: 0.0276
INFO:__main__:Total loss 0.2674
INFO:__main__:Predicted mean: -0.4334
INFO:__main__:Predicted uncertainity -0.7199
INFO:__main__:Completed epoch 81 of 100

INFO:__main__:NLL: 0.2221, L2: 0.0464, Reg: 0.0275
INFO:__main__:Total loss 0.2960
INFO:__main__:Predicted mean: -0.3923
INFO:__main__:Predicted uncertainity -0.6648
INFO:__main__:Completed epoch 82 of 100

INFO:__main__:NLL: 0.1660, L2: 0.0470, Reg: 0.0276
INFO:__main__:Total loss 0.2406
INFO:__main__:Predicted mean: -0.3957
INFO:__main__:Predicted uncertainity -0.7369
INFO:__main__:Completed epoch 83 of 100

INFO:__main__:NLL: 0.1185, L2: 0.0456, Reg: 0.0275
INFO:__main__:Total loss 0.1916
INFO:__main__:Predicted mean: -0.4260
INFO:__main__:Predicted uncertainity -0.6989
INFO:__main__:Completed epoch 84 of 100

INFO:__main__:NLL: 0.1813, L2: 0.0521, Reg: 0.0275
INFO:__main__:Total loss 0.2609
INFO:__main__:Predicted mean: -0.4620
INFO:__main__:Predicted uncertainity -0.6366
INFO:__main__:Completed epoch 85 of 100

INFO:__main__:NLL: 0.1622, L2: 0.0569, Reg: 0.0276
INFO:__main__:Total loss 0.2467
INFO:__main__:Predicted mean: -0.4916
INFO:__main__:Predicted uncertainity -0.7094
INFO:__main__:Completed epoch 86 of 100

INFO:__main__:NLL: 0.1474, L2: 0.0642, Reg: 0.0278
INFO:__main__:Total loss 0.2393
INFO:__main__:Predicted mean: -0.4989
INFO:__main__:Predicted uncertainity -0.7966
INFO:__main__:Completed epoch 87 of 100

INFO:__main__:NLL: 0.2692, L2: 0.0510, Reg: 0.0275
INFO:__main__:Total loss 0.3477
INFO:__main__:Predicted mean: -0.4734
INFO:__main__:Predicted uncertainity -0.7147
INFO:__main__:Completed epoch 88 of 100

INFO:__main__:NLL: 0.3903, L2: 0.0510, Reg: 0.0275
INFO:__main__:Total loss 0.4688
INFO:__main__:Predicted mean: -0.4286
INFO:__main__:Predicted uncertainity -0.7018
INFO:__main__:Completed epoch 89 of 100

INFO:__main__:NLL: 0.1646, L2: 0.0525, Reg: 0.0276
INFO:__main__:Total loss 0.2448
INFO:__main__:Predicted mean: -0.4286
INFO:__main__:Predicted uncertainity -0.6767
INFO:__main__:Completed epoch 90 of 100

INFO:__main__:NLL: 0.2080, L2: 0.0609, Reg: 0.0276
INFO:__main__:Total loss 0.2965
INFO:__main__:Predicted mean: -0.4280
INFO:__main__:Predicted uncertainity -0.5791
INFO:__main__:Completed epoch 91 of 100

INFO:__main__:NLL: 0.0202, L2: 0.0575, Reg: 0.0276
INFO:__main__:Total loss 0.1053
INFO:__main__:Predicted mean: -0.4741
INFO:__main__:Predicted uncertainity -0.7052
INFO:__main__:Completed epoch 92 of 100

INFO:__main__:NLL: 0.2031, L2: 0.0464, Reg: 0.0275
INFO:__main__:Total loss 0.2770
INFO:__main__:Predicted mean: -0.4338
INFO:__main__:Predicted uncertainity -0.7007
INFO:__main__:Completed epoch 93 of 100

INFO:__main__:NLL: 0.2801, L2: 0.0590, Reg: 0.0277
INFO:__main__:Total loss 0.3667
INFO:__main__:Predicted mean: -0.4438
INFO:__main__:Predicted uncertainity -0.7752
INFO:__main__:Completed epoch 94 of 100

INFO:__main__:NLL: 0.1707, L2: 0.0440, Reg: 0.0275
INFO:__main__:Total loss 0.2422
INFO:__main__:Predicted mean: -0.3908
INFO:__main__:Predicted uncertainity -0.7040
INFO:__main__:Completed epoch 95 of 100

INFO:__main__:NLL: 0.2267, L2: 0.0522, Reg: 0.0276
INFO:__main__:Total loss 0.3066
INFO:__main__:Predicted mean: -0.4413
INFO:__main__:Predicted uncertainity -0.7738
INFO:__main__:Completed epoch 96 of 100

INFO:__main__:NLL: 0.1867, L2: 0.0512, Reg: 0.0275
INFO:__main__:Total loss 0.2655
INFO:__main__:Predicted mean: -0.4153
INFO:__main__:Predicted uncertainity -0.6723
INFO:__main__:Completed epoch 97 of 100

INFO:__main__:NLL: 0.0752, L2: 0.0482, Reg: 0.0275
INFO:__main__:Total loss 0.1509
INFO:__main__:Predicted mean: -0.4236
INFO:__main__:Predicted uncertainity -0.7014
INFO:__main__:Completed epoch 98 of 100

INFO:__main__:NLL: 0.0821, L2: 0.0532, Reg: 0.0276
INFO:__main__:Total loss 0.1630
INFO:__main__:Predicted mean: -0.4474
INFO:__main__:Predicted uncertainity -0.7670
INFO:__main__:Completed epoch 99 of 100

INFO:__main__:NLL: 0.2604, L2: 0.0500, Reg: 0.0276
INFO:__main__:Total loss 0.3380
INFO:__main__:Predicted mean: -0.4536
INFO:__main__:Predicted uncertainity -0.7929
INFO:__main__:Completed epoch 100 of 100

INFO:__main__:560.359875 s
