INFO:__main__:PROCESS RUNNING ON cpu
INFO:__main__:NLL: 0.0139, L2: 0.0246, Reg: 0.0017
INFO:__main__:Total loss 0.0403
INFO:__main__:Predicted mean: -0.4255
INFO:__main__:Predicted uncertainity -0.8042
INFO:__main__:Completed epoch 1 of 100

INFO:__main__:NLL: 0.1302, L2: 0.0240, Reg: 0.0017
INFO:__main__:Total loss 0.1558
INFO:__main__:Predicted mean: -0.3907
INFO:__main__:Predicted uncertainity -0.7644
INFO:__main__:Completed epoch 2 of 100

INFO:__main__:NLL: 0.1664, L2: 0.0268, Reg: 0.0017
INFO:__main__:Total loss 0.1948
INFO:__main__:Predicted mean: -0.3432
INFO:__main__:Predicted uncertainity -0.7434
INFO:__main__:Completed epoch 3 of 100

INFO:__main__:NLL: -0.0813, L2: 0.0251, Reg: 0.0017
INFO:__main__:Total loss -0.0545
INFO:__main__:Predicted mean: -0.4239
INFO:__main__:Predicted uncertainity -0.8197
INFO:__main__:Completed epoch 4 of 100

INFO:__main__:NLL: 0.0878, L2: 0.0266, Reg: 0.0017
INFO:__main__:Total loss 0.1161
INFO:__main__:Predicted mean: -0.3408
INFO:__main__:Predicted uncertainity -0.8234
INFO:__main__:Completed epoch 5 of 100

INFO:__main__:NLL: -0.0279, L2: 0.0252, Reg: 0.0017
INFO:__main__:Total loss -0.0010
INFO:__main__:Predicted mean: -0.3813
INFO:__main__:Predicted uncertainity -0.6577
INFO:__main__:Completed epoch 6 of 100

INFO:__main__:NLL: -0.0762, L2: 0.0266, Reg: 0.0017
INFO:__main__:Total loss -0.0479
INFO:__main__:Predicted mean: -0.3390
INFO:__main__:Predicted uncertainity -0.7363
INFO:__main__:Completed epoch 7 of 100

INFO:__main__:NLL: 0.2876, L2: 0.0282, Reg: 0.0017
INFO:__main__:Total loss 0.3175
INFO:__main__:Predicted mean: -0.4374
INFO:__main__:Predicted uncertainity -0.8721
INFO:__main__:Completed epoch 8 of 100

INFO:__main__:NLL: 0.0732, L2: 0.0264, Reg: 0.0017
INFO:__main__:Total loss 0.1012
INFO:__main__:Predicted mean: -0.4479
INFO:__main__:Predicted uncertainity -0.8624
INFO:__main__:Completed epoch 9 of 100

INFO:__main__:NLL: 0.2141, L2: 0.0257, Reg: 0.0017
INFO:__main__:Total loss 0.2415
INFO:__main__:Predicted mean: -0.4020
INFO:__main__:Predicted uncertainity -0.7438
INFO:__main__:Completed epoch 10 of 100

INFO:__main__:NLL: 0.1322, L2: 0.0262, Reg: 0.0017
INFO:__main__:Total loss 0.1600
INFO:__main__:Predicted mean: -0.4356
INFO:__main__:Predicted uncertainity -0.7824
INFO:__main__:Completed epoch 11 of 100

INFO:__main__:NLL: 0.1855, L2: 0.0255, Reg: 0.0017
INFO:__main__:Total loss 0.2127
INFO:__main__:Predicted mean: -0.4475
INFO:__main__:Predicted uncertainity -0.7669
INFO:__main__:Completed epoch 12 of 100

INFO:__main__:NLL: 0.0274, L2: 0.0251, Reg: 0.0017
INFO:__main__:Total loss 0.0541
INFO:__main__:Predicted mean: -0.3686
INFO:__main__:Predicted uncertainity -0.7348
INFO:__main__:Completed epoch 13 of 100

INFO:__main__:NLL: 0.0857, L2: 0.0270, Reg: 0.0017
INFO:__main__:Total loss 0.1143
INFO:__main__:Predicted mean: -0.3356
INFO:__main__:Predicted uncertainity -0.7115
INFO:__main__:Completed epoch 14 of 100

INFO:__main__:NLL: 0.0475, L2: 0.0265, Reg: 0.0017
INFO:__main__:Total loss 0.0756
INFO:__main__:Predicted mean: -0.3409
INFO:__main__:Predicted uncertainity -0.8102
INFO:__main__:Completed epoch 15 of 100

INFO:__main__:NLL: 0.1313, L2: 0.0253, Reg: 0.0017
INFO:__main__:Total loss 0.1582
INFO:__main__:Predicted mean: -0.3873
INFO:__main__:Predicted uncertainity -0.7776
INFO:__main__:Completed epoch 16 of 100

INFO:__main__:NLL: 0.0441, L2: 0.0261, Reg: 0.0017
INFO:__main__:Total loss 0.0719
INFO:__main__:Predicted mean: -0.4042
INFO:__main__:Predicted uncertainity -0.8185
INFO:__main__:Completed epoch 17 of 100

INFO:__main__:NLL: 0.1518, L2: 0.0288, Reg: 0.0017
INFO:__main__:Total loss 0.1823
INFO:__main__:Predicted mean: -0.3886
INFO:__main__:Predicted uncertainity -0.7609
INFO:__main__:Completed epoch 18 of 100

INFO:__main__:NLL: 0.0547, L2: 0.0269, Reg: 0.0017
INFO:__main__:Total loss 0.0833
INFO:__main__:Predicted mean: -0.4089
INFO:__main__:Predicted uncertainity -0.7743
INFO:__main__:Completed epoch 19 of 100

INFO:__main__:NLL: 0.0828, L2: 0.0264, Reg: 0.0017
INFO:__main__:Total loss 0.1109
INFO:__main__:Predicted mean: -0.4128
INFO:__main__:Predicted uncertainity -0.7252
INFO:__main__:Completed epoch 20 of 100

INFO:__main__:NLL: 0.1152, L2: 0.0267, Reg: 0.0016
INFO:__main__:Total loss 0.1435
INFO:__main__:Predicted mean: -0.3769
INFO:__main__:Predicted uncertainity -0.6562
INFO:__main__:Completed epoch 21 of 100

INFO:__main__:NLL: -0.0449, L2: 0.0276, Reg: 0.0017
INFO:__main__:Total loss -0.0156
INFO:__main__:Predicted mean: -0.3849
INFO:__main__:Predicted uncertainity -0.7849
INFO:__main__:Completed epoch 22 of 100

INFO:__main__:NLL: 0.3642, L2: 0.0283, Reg: 0.0017
INFO:__main__:Total loss 0.3942
INFO:__main__:Predicted mean: -0.3921
INFO:__main__:Predicted uncertainity -0.8051
INFO:__main__:Completed epoch 23 of 100

INFO:__main__:NLL: 0.1009, L2: 0.0281, Reg: 0.0017
INFO:__main__:Total loss 0.1307
INFO:__main__:Predicted mean: -0.3886
INFO:__main__:Predicted uncertainity -0.6290
INFO:__main__:Completed epoch 24 of 100

INFO:__main__:NLL: 0.1291, L2: 0.0262, Reg: 0.0017
INFO:__main__:Total loss 0.1570
INFO:__main__:Predicted mean: -0.3368
INFO:__main__:Predicted uncertainity -0.6609
INFO:__main__:Completed epoch 25 of 100

INFO:__main__:NLL: 0.2363, L2: 0.0280, Reg: 0.0017
INFO:__main__:Total loss 0.2660
INFO:__main__:Predicted mean: -0.3527
INFO:__main__:Predicted uncertainity -0.6833
INFO:__main__:Completed epoch 26 of 100

INFO:__main__:NLL: 0.1044, L2: 0.0247, Reg: 0.0017
INFO:__main__:Total loss 0.1308
INFO:__main__:Predicted mean: -0.3271
INFO:__main__:Predicted uncertainity -0.7573
INFO:__main__:Completed epoch 27 of 100

INFO:__main__:NLL: -0.0188, L2: 0.0268, Reg: 0.0017
INFO:__main__:Total loss 0.0097
INFO:__main__:Predicted mean: -0.3614
INFO:__main__:Predicted uncertainity -0.8040
INFO:__main__:Completed epoch 28 of 100

INFO:__main__:NLL: 0.1481, L2: 0.0260, Reg: 0.0017
INFO:__main__:Total loss 0.1758
INFO:__main__:Predicted mean: -0.3360
INFO:__main__:Predicted uncertainity -0.7436
INFO:__main__:Completed epoch 29 of 100

INFO:__main__:NLL: 0.1218, L2: 0.0252, Reg: 0.0017
INFO:__main__:Total loss 0.1486
INFO:__main__:Predicted mean: -0.3580
INFO:__main__:Predicted uncertainity -0.7048
INFO:__main__:Completed epoch 30 of 100

INFO:__main__:NLL: -0.0828, L2: 0.0287, Reg: 0.0017
INFO:__main__:Total loss -0.0524
INFO:__main__:Predicted mean: -0.3344
INFO:__main__:Predicted uncertainity -0.7404
INFO:__main__:Completed epoch 31 of 100

INFO:__main__:NLL: 0.0198, L2: 0.0269, Reg: 0.0017
INFO:__main__:Total loss 0.0484
INFO:__main__:Predicted mean: -0.3932
INFO:__main__:Predicted uncertainity -0.7756
INFO:__main__:Completed epoch 32 of 100

INFO:__main__:NLL: 0.2199, L2: 0.0268, Reg: 0.0017
INFO:__main__:Total loss 0.2484
INFO:__main__:Predicted mean: -0.3848
INFO:__main__:Predicted uncertainity -0.7682
INFO:__main__:Completed epoch 33 of 100

INFO:__main__:NLL: 0.0994, L2: 0.0278, Reg: 0.0017
INFO:__main__:Total loss 0.1289
INFO:__main__:Predicted mean: -0.3771
INFO:__main__:Predicted uncertainity -0.6492
INFO:__main__:Completed epoch 34 of 100

INFO:__main__:NLL: 0.1521, L2: 0.0269, Reg: 0.0017
INFO:__main__:Total loss 0.1806
INFO:__main__:Predicted mean: -0.4126
INFO:__main__:Predicted uncertainity -0.7765
INFO:__main__:Completed epoch 35 of 100

INFO:__main__:NLL: 0.0689, L2: 0.0260, Reg: 0.0017
INFO:__main__:Total loss 0.0966
INFO:__main__:Predicted mean: -0.3451
INFO:__main__:Predicted uncertainity -0.7813
INFO:__main__:Completed epoch 36 of 100

INFO:__main__:NLL: 0.4112, L2: 0.0275, Reg: 0.0017
INFO:__main__:Total loss 0.4404
INFO:__main__:Predicted mean: -0.4676
INFO:__main__:Predicted uncertainity -0.7300
INFO:__main__:Completed epoch 37 of 100

INFO:__main__:NLL: -0.0253, L2: 0.0262, Reg: 0.0017
INFO:__main__:Total loss 0.0026
INFO:__main__:Predicted mean: -0.3348
INFO:__main__:Predicted uncertainity -0.9115
INFO:__main__:Completed epoch 38 of 100

INFO:__main__:NLL: 0.1444, L2: 0.0286, Reg: 0.0017
INFO:__main__:Total loss 0.1747
INFO:__main__:Predicted mean: -0.4401
INFO:__main__:Predicted uncertainity -0.7612
INFO:__main__:Completed epoch 39 of 100

INFO:__main__:NLL: 0.1186, L2: 0.0255, Reg: 0.0017
INFO:__main__:Total loss 0.1458
INFO:__main__:Predicted mean: -0.3601
INFO:__main__:Predicted uncertainity -0.6673
INFO:__main__:Completed epoch 40 of 100

INFO:__main__:NLL: 0.0415, L2: 0.0273, Reg: 0.0017
INFO:__main__:Total loss 0.0704
INFO:__main__:Predicted mean: -0.3232
INFO:__main__:Predicted uncertainity -0.6867
INFO:__main__:Completed epoch 41 of 100

INFO:__main__:NLL: 0.3092, L2: 0.0244, Reg: 0.0017
INFO:__main__:Total loss 0.3353
INFO:__main__:Predicted mean: -0.4052
INFO:__main__:Predicted uncertainity -0.7297
INFO:__main__:Completed epoch 42 of 100

INFO:__main__:NLL: 0.0602, L2: 0.0262, Reg: 0.0017
INFO:__main__:Total loss 0.0881
INFO:__main__:Predicted mean: -0.3512
INFO:__main__:Predicted uncertainity -0.7341
INFO:__main__:Completed epoch 43 of 100

INFO:__main__:NLL: 0.0174, L2: 0.0284, Reg: 0.0017
INFO:__main__:Total loss 0.0475
INFO:__main__:Predicted mean: -0.3727
INFO:__main__:Predicted uncertainity -0.8082
INFO:__main__:Completed epoch 44 of 100

INFO:__main__:NLL: 0.1673, L2: 0.0261, Reg: 0.0017
INFO:__main__:Total loss 0.1951
INFO:__main__:Predicted mean: -0.3181
INFO:__main__:Predicted uncertainity -0.7150
INFO:__main__:Completed epoch 45 of 100

INFO:__main__:NLL: 0.1686, L2: 0.0259, Reg: 0.0017
INFO:__main__:Total loss 0.1962
INFO:__main__:Predicted mean: -0.3409
INFO:__main__:Predicted uncertainity -0.6977
INFO:__main__:Completed epoch 46 of 100

INFO:__main__:NLL: 0.0611, L2: 0.0243, Reg: 0.0017
INFO:__main__:Total loss 0.0870
INFO:__main__:Predicted mean: -0.4277
INFO:__main__:Predicted uncertainity -0.7905
INFO:__main__:Completed epoch 47 of 100

INFO:__main__:NLL: 0.3283, L2: 0.0278, Reg: 0.0017
INFO:__main__:Total loss 0.3578
INFO:__main__:Predicted mean: -0.3549
INFO:__main__:Predicted uncertainity -0.6231
INFO:__main__:Completed epoch 48 of 100

INFO:__main__:NLL: -0.0012, L2: 0.0265, Reg: 0.0017
INFO:__main__:Total loss 0.0270
INFO:__main__:Predicted mean: -0.3425
INFO:__main__:Predicted uncertainity -0.7938
INFO:__main__:Completed epoch 49 of 100

INFO:__main__:NLL: 0.0825, L2: 0.0254, Reg: 0.0017
INFO:__main__:Total loss 0.1096
INFO:__main__:Predicted mean: -0.3900
INFO:__main__:Predicted uncertainity -0.6926
INFO:__main__:Completed epoch 50 of 100

INFO:__main__:NLL: 0.1513, L2: 0.0259, Reg: 0.0017
INFO:__main__:Total loss 0.1788
INFO:__main__:Predicted mean: -0.4013
INFO:__main__:Predicted uncertainity -0.8136
INFO:__main__:Completed epoch 51 of 100

INFO:__main__:NLL: 0.1057, L2: 0.0289, Reg: 0.0017
INFO:__main__:Total loss 0.1364
INFO:__main__:Predicted mean: -0.3414
INFO:__main__:Predicted uncertainity -0.7324
INFO:__main__:Completed epoch 52 of 100

INFO:__main__:NLL: 0.2782, L2: 0.0253, Reg: 0.0017
INFO:__main__:Total loss 0.3052
INFO:__main__:Predicted mean: -0.4123
INFO:__main__:Predicted uncertainity -0.7498
INFO:__main__:Completed epoch 53 of 100

INFO:__main__:NLL: 0.0900, L2: 0.0255, Reg: 0.0017
INFO:__main__:Total loss 0.1172
INFO:__main__:Predicted mean: -0.3299
INFO:__main__:Predicted uncertainity -0.7546
INFO:__main__:Completed epoch 54 of 100

INFO:__main__:NLL: 0.0887, L2: 0.0281, Reg: 0.0017
INFO:__main__:Total loss 0.1185
INFO:__main__:Predicted mean: -0.3838
INFO:__main__:Predicted uncertainity -0.8416
INFO:__main__:Completed epoch 55 of 100

INFO:__main__:NLL: 0.1059, L2: 0.0275, Reg: 0.0017
INFO:__main__:Total loss 0.1351
INFO:__main__:Predicted mean: -0.4258
INFO:__main__:Predicted uncertainity -0.6972
INFO:__main__:Completed epoch 56 of 100

INFO:__main__:NLL: 0.1214, L2: 0.0253, Reg: 0.0017
INFO:__main__:Total loss 0.1483
INFO:__main__:Predicted mean: -0.3382
INFO:__main__:Predicted uncertainity -0.7811
INFO:__main__:Completed epoch 57 of 100

INFO:__main__:NLL: 0.1273, L2: 0.0273, Reg: 0.0017
INFO:__main__:Total loss 0.1563
INFO:__main__:Predicted mean: -0.3998
INFO:__main__:Predicted uncertainity -0.7738
INFO:__main__:Completed epoch 58 of 100

INFO:__main__:NLL: 0.1653, L2: 0.0286, Reg: 0.0017
INFO:__main__:Total loss 0.1957
INFO:__main__:Predicted mean: -0.3836
INFO:__main__:Predicted uncertainity -0.7080
INFO:__main__:Completed epoch 59 of 100

INFO:__main__:NLL: 0.1285, L2: 0.0255, Reg: 0.0017
INFO:__main__:Total loss 0.1556
INFO:__main__:Predicted mean: -0.4028
INFO:__main__:Predicted uncertainity -0.5622
INFO:__main__:Completed epoch 60 of 100

INFO:__main__:NLL: 0.0487, L2: 0.0255, Reg: 0.0017
INFO:__main__:Total loss 0.0759
INFO:__main__:Predicted mean: -0.3469
INFO:__main__:Predicted uncertainity -0.6830
INFO:__main__:Completed epoch 61 of 100

INFO:__main__:NLL: 0.1370, L2: 0.0242, Reg: 0.0017
INFO:__main__:Total loss 0.1628
INFO:__main__:Predicted mean: -0.3297
INFO:__main__:Predicted uncertainity -0.7983
INFO:__main__:Completed epoch 62 of 100

INFO:__main__:NLL: 0.0492, L2: 0.0244, Reg: 0.0017
INFO:__main__:Total loss 0.0753
INFO:__main__:Predicted mean: -0.3751
INFO:__main__:Predicted uncertainity -0.8282
INFO:__main__:Completed epoch 63 of 100

INFO:__main__:NLL: 0.2720, L2: 0.0282, Reg: 0.0017
INFO:__main__:Total loss 0.3018
INFO:__main__:Predicted mean: -0.3859
INFO:__main__:Predicted uncertainity -0.8110
INFO:__main__:Completed epoch 64 of 100

INFO:__main__:NLL: -0.0474, L2: 0.0286, Reg: 0.0017
INFO:__main__:Total loss -0.0171
INFO:__main__:Predicted mean: -0.3865
INFO:__main__:Predicted uncertainity -0.7841
INFO:__main__:Completed epoch 65 of 100

INFO:__main__:NLL: 0.0937, L2: 0.0239, Reg: 0.0017
INFO:__main__:Total loss 0.1193
INFO:__main__:Predicted mean: -0.3757
INFO:__main__:Predicted uncertainity -0.7423
INFO:__main__:Completed epoch 66 of 100

INFO:__main__:NLL: 0.0295, L2: 0.0258, Reg: 0.0017
INFO:__main__:Total loss 0.0569
INFO:__main__:Predicted mean: -0.4147
INFO:__main__:Predicted uncertainity -0.7445
INFO:__main__:Completed epoch 67 of 100

INFO:__main__:NLL: 0.1096, L2: 0.0257, Reg: 0.0017
INFO:__main__:Total loss 0.1369
INFO:__main__:Predicted mean: -0.3608
INFO:__main__:Predicted uncertainity -0.7283
INFO:__main__:Completed epoch 68 of 100

INFO:__main__:NLL: 0.0794, L2: 0.0247, Reg: 0.0017
INFO:__main__:Total loss 0.1058
INFO:__main__:Predicted mean: -0.3347
INFO:__main__:Predicted uncertainity -0.8117
INFO:__main__:Completed epoch 69 of 100

INFO:__main__:NLL: -0.0092, L2: 0.0257, Reg: 0.0017
INFO:__main__:Total loss 0.0182
INFO:__main__:Predicted mean: -0.3372
INFO:__main__:Predicted uncertainity -0.7207
INFO:__main__:Completed epoch 70 of 100

INFO:__main__:NLL: 0.1268, L2: 0.0271, Reg: 0.0017
INFO:__main__:Total loss 0.1555
INFO:__main__:Predicted mean: -0.3102
INFO:__main__:Predicted uncertainity -0.6743
INFO:__main__:Completed epoch 71 of 100

INFO:__main__:NLL: 0.0837, L2: 0.0272, Reg: 0.0017
INFO:__main__:Total loss 0.1126
INFO:__main__:Predicted mean: -0.3572
INFO:__main__:Predicted uncertainity -0.8256
INFO:__main__:Completed epoch 72 of 100

INFO:__main__:NLL: -0.0301, L2: 0.0276, Reg: 0.0017
INFO:__main__:Total loss -0.0008
INFO:__main__:Predicted mean: -0.3408
INFO:__main__:Predicted uncertainity -0.6597
INFO:__main__:Completed epoch 73 of 100

INFO:__main__:NLL: -0.0437, L2: 0.0273, Reg: 0.0017
INFO:__main__:Total loss -0.0148
INFO:__main__:Predicted mean: -0.3746
INFO:__main__:Predicted uncertainity -0.9136
INFO:__main__:Completed epoch 74 of 100

INFO:__main__:NLL: 0.1701, L2: 0.0262, Reg: 0.0017
INFO:__main__:Total loss 0.1979
INFO:__main__:Predicted mean: -0.3776
INFO:__main__:Predicted uncertainity -0.7095
INFO:__main__:Completed epoch 75 of 100

INFO:__main__:NLL: 0.0539, L2: 0.0292, Reg: 0.0017
INFO:__main__:Total loss 0.0847
INFO:__main__:Predicted mean: -0.3954
INFO:__main__:Predicted uncertainity -0.6769
INFO:__main__:Completed epoch 76 of 100

INFO:__main__:NLL: 0.0606, L2: 0.0286, Reg: 0.0017
INFO:__main__:Total loss 0.0909
INFO:__main__:Predicted mean: -0.3486
INFO:__main__:Predicted uncertainity -0.6845
INFO:__main__:Completed epoch 77 of 100

INFO:__main__:NLL: 0.0154, L2: 0.0280, Reg: 0.0017
INFO:__main__:Total loss 0.0451
INFO:__main__:Predicted mean: -0.4356
INFO:__main__:Predicted uncertainity -0.6937
INFO:__main__:Completed epoch 78 of 100

INFO:__main__:NLL: 0.0444, L2: 0.0290, Reg: 0.0017
INFO:__main__:Total loss 0.0751
INFO:__main__:Predicted mean: -0.3313
INFO:__main__:Predicted uncertainity -0.7403
INFO:__main__:Completed epoch 79 of 100

INFO:__main__:NLL: 0.0064, L2: 0.0284, Reg: 0.0017
INFO:__main__:Total loss 0.0365
INFO:__main__:Predicted mean: -0.4436
INFO:__main__:Predicted uncertainity -0.6999
INFO:__main__:Completed epoch 80 of 100

INFO:__main__:NLL: 0.0063, L2: 0.0264, Reg: 0.0017
INFO:__main__:Total loss 0.0343
INFO:__main__:Predicted mean: -0.3101
INFO:__main__:Predicted uncertainity -0.7050
INFO:__main__:Completed epoch 81 of 100

INFO:__main__:NLL: 0.0882, L2: 0.0270, Reg: 0.0017
INFO:__main__:Total loss 0.1169
INFO:__main__:Predicted mean: -0.3430
INFO:__main__:Predicted uncertainity -0.6845
INFO:__main__:Completed epoch 82 of 100

INFO:__main__:NLL: 0.2663, L2: 0.0252, Reg: 0.0017
INFO:__main__:Total loss 0.2931
INFO:__main__:Predicted mean: -0.4246
INFO:__main__:Predicted uncertainity -0.7328
INFO:__main__:Completed epoch 83 of 100

INFO:__main__:NLL: -0.0171, L2: 0.0282, Reg: 0.0017
INFO:__main__:Total loss 0.0128
INFO:__main__:Predicted mean: -0.4190
INFO:__main__:Predicted uncertainity -0.6076
INFO:__main__:Completed epoch 84 of 100

INFO:__main__:NLL: 0.1241, L2: 0.0269, Reg: 0.0017
INFO:__main__:Total loss 0.1527
INFO:__main__:Predicted mean: -0.3425
INFO:__main__:Predicted uncertainity -0.7689
INFO:__main__:Completed epoch 85 of 100

INFO:__main__:NLL: 0.0543, L2: 0.0251, Reg: 0.0017
INFO:__main__:Total loss 0.0810
INFO:__main__:Predicted mean: -0.3650
INFO:__main__:Predicted uncertainity -0.7561
INFO:__main__:Completed epoch 86 of 100

INFO:__main__:NLL: 0.1326, L2: 0.0271, Reg: 0.0017
INFO:__main__:Total loss 0.1613
INFO:__main__:Predicted mean: -0.4393
INFO:__main__:Predicted uncertainity -0.7779
INFO:__main__:Completed epoch 87 of 100

INFO:__main__:NLL: 0.1614, L2: 0.0276, Reg: 0.0017
INFO:__main__:Total loss 0.1906
INFO:__main__:Predicted mean: -0.3450
INFO:__main__:Predicted uncertainity -0.7872
INFO:__main__:Completed epoch 88 of 100

INFO:__main__:NLL: 0.2890, L2: 0.0273, Reg: 0.0017
INFO:__main__:Total loss 0.3180
INFO:__main__:Predicted mean: -0.3366
INFO:__main__:Predicted uncertainity -0.7173
INFO:__main__:Completed epoch 89 of 100

INFO:__main__:NLL: 0.1493, L2: 0.0275, Reg: 0.0017
INFO:__main__:Total loss 0.1785
INFO:__main__:Predicted mean: -0.3115
INFO:__main__:Predicted uncertainity -0.7154
INFO:__main__:Completed epoch 90 of 100

INFO:__main__:NLL: 0.0923, L2: 0.0289, Reg: 0.0017
INFO:__main__:Total loss 0.1228
INFO:__main__:Predicted mean: -0.3212
INFO:__main__:Predicted uncertainity -0.7195
INFO:__main__:Completed epoch 91 of 100

INFO:__main__:NLL: 0.0626, L2: 0.0274, Reg: 0.0017
INFO:__main__:Total loss 0.0917
INFO:__main__:Predicted mean: -0.3794
INFO:__main__:Predicted uncertainity -0.7851
INFO:__main__:Completed epoch 92 of 100

INFO:__main__:NLL: 0.2317, L2: 0.0268, Reg: 0.0017
INFO:__main__:Total loss 0.2602
INFO:__main__:Predicted mean: -0.3462
INFO:__main__:Predicted uncertainity -0.7497
INFO:__main__:Completed epoch 93 of 100

INFO:__main__:NLL: 0.2410, L2: 0.0295, Reg: 0.0017
INFO:__main__:Total loss 0.2722
INFO:__main__:Predicted mean: -0.3604
INFO:__main__:Predicted uncertainity -0.8277
INFO:__main__:Completed epoch 94 of 100

INFO:__main__:NLL: 0.1530, L2: 0.0265, Reg: 0.0017
INFO:__main__:Total loss 0.1812
INFO:__main__:Predicted mean: -0.4002
INFO:__main__:Predicted uncertainity -0.7559
INFO:__main__:Completed epoch 95 of 100

INFO:__main__:NLL: 0.2037, L2: 0.0274, Reg: 0.0017
INFO:__main__:Total loss 0.2327
INFO:__main__:Predicted mean: -0.3515
INFO:__main__:Predicted uncertainity -0.7596
INFO:__main__:Completed epoch 96 of 100

INFO:__main__:NLL: 0.1900, L2: 0.0276, Reg: 0.0017
INFO:__main__:Total loss 0.2193
INFO:__main__:Predicted mean: -0.3646
INFO:__main__:Predicted uncertainity -0.7658
INFO:__main__:Completed epoch 97 of 100

INFO:__main__:NLL: -0.0256, L2: 0.0289, Reg: 0.0017
INFO:__main__:Total loss 0.0050
INFO:__main__:Predicted mean: -0.3335
INFO:__main__:Predicted uncertainity -0.7878
INFO:__main__:Completed epoch 98 of 100

INFO:__main__:NLL: -0.0908, L2: 0.0287, Reg: 0.0017
INFO:__main__:Total loss -0.0604
INFO:__main__:Predicted mean: -0.3812
INFO:__main__:Predicted uncertainity -0.8453
INFO:__main__:Completed epoch 99 of 100

INFO:__main__:NLL: 0.1556, L2: 0.0295, Reg: 0.0017
INFO:__main__:Total loss 0.1867
INFO:__main__:Predicted mean: -0.4148
INFO:__main__:Predicted uncertainity -0.7280
INFO:__main__:Completed epoch 100 of 100

INFO:__main__:532.492770 s
