INFO:__main__:PROCESS RUNNING ON cpu
INFO:__main__:NLL: 0.1437, L2: 0.0480, Reg: 0.0360
INFO:__main__:Total loss 0.2278
INFO:__main__:Predicted mean: -0.4773
INFO:__main__:Predicted uncertainity -0.5794
INFO:__main__:Completed epoch 1 of 100

INFO:__main__:NLL: 0.2338, L2: 0.0448, Reg: 0.0266
INFO:__main__:Total loss 0.3053
INFO:__main__:Predicted mean: -0.4462
INFO:__main__:Predicted uncertainity -0.5055
INFO:__main__:Completed epoch 2 of 100

INFO:__main__:NLL: 0.2202, L2: 0.0333, Reg: 0.0225
INFO:__main__:Total loss 0.2760
INFO:__main__:Predicted mean: -0.4217
INFO:__main__:Predicted uncertainity -0.5497
INFO:__main__:Completed epoch 3 of 100

INFO:__main__:NLL: 0.1076, L2: 0.0444, Reg: 0.0350
INFO:__main__:Total loss 0.1869
INFO:__main__:Predicted mean: -0.4900
INFO:__main__:Predicted uncertainity -0.5918
INFO:__main__:Completed epoch 4 of 100

INFO:__main__:NLL: 0.1769, L2: 0.0383, Reg: 0.0205
INFO:__main__:Total loss 0.2357
INFO:__main__:Predicted mean: -0.4163
INFO:__main__:Predicted uncertainity -0.5238
INFO:__main__:Completed epoch 5 of 100

INFO:__main__:NLL: 0.1215, L2: 0.0404, Reg: 0.0234
INFO:__main__:Total loss 0.1854
INFO:__main__:Predicted mean: -0.4257
INFO:__main__:Predicted uncertainity -0.5381
INFO:__main__:Completed epoch 6 of 100

INFO:__main__:NLL: 0.1604, L2: 0.0346, Reg: 0.0221
INFO:__main__:Total loss 0.2171
INFO:__main__:Predicted mean: -0.3867
INFO:__main__:Predicted uncertainity -0.4800
INFO:__main__:Completed epoch 7 of 100

INFO:__main__:NLL: 0.2455, L2: 0.0450, Reg: 0.0317
INFO:__main__:Total loss 0.3221
INFO:__main__:Predicted mean: -0.4343
INFO:__main__:Predicted uncertainity -0.6245
INFO:__main__:Completed epoch 8 of 100

INFO:__main__:NLL: 0.1380, L2: 0.0459, Reg: 0.0303
INFO:__main__:Total loss 0.2141
INFO:__main__:Predicted mean: -0.4732
INFO:__main__:Predicted uncertainity -0.6022
INFO:__main__:Completed epoch 9 of 100

INFO:__main__:NLL: 0.2353, L2: 0.0370, Reg: 0.0256
INFO:__main__:Total loss 0.2979
INFO:__main__:Predicted mean: -0.3906
INFO:__main__:Predicted uncertainity -0.5643
INFO:__main__:Completed epoch 10 of 100

INFO:__main__:NLL: 0.1867, L2: 0.0431, Reg: 0.0307
INFO:__main__:Total loss 0.2605
INFO:__main__:Predicted mean: -0.4601
INFO:__main__:Predicted uncertainity -0.6014
INFO:__main__:Completed epoch 11 of 100

INFO:__main__:NLL: 0.2462, L2: 0.0442, Reg: 0.0232
INFO:__main__:Total loss 0.3136
INFO:__main__:Predicted mean: -0.4265
INFO:__main__:Predicted uncertainity -0.5197
INFO:__main__:Completed epoch 12 of 100

INFO:__main__:NLL: 0.0986, L2: 0.0472, Reg: 0.0313
INFO:__main__:Total loss 0.1772
INFO:__main__:Predicted mean: -0.4579
INFO:__main__:Predicted uncertainity -0.6110
INFO:__main__:Completed epoch 13 of 100

INFO:__main__:NLL: 0.1340, L2: 0.0382, Reg: 0.0262
INFO:__main__:Total loss 0.1984
INFO:__main__:Predicted mean: -0.4042
INFO:__main__:Predicted uncertainity -0.5716
INFO:__main__:Completed epoch 14 of 100

INFO:__main__:NLL: 0.1103, L2: 0.0396, Reg: 0.0221
INFO:__main__:Total loss 0.1719
INFO:__main__:Predicted mean: -0.4024
INFO:__main__:Predicted uncertainity -0.5341
INFO:__main__:Completed epoch 15 of 100

INFO:__main__:NLL: 0.1830, L2: 0.0411, Reg: 0.0279
INFO:__main__:Total loss 0.2520
INFO:__main__:Predicted mean: -0.4182
INFO:__main__:Predicted uncertainity -0.5055
INFO:__main__:Completed epoch 16 of 100

INFO:__main__:NLL: 0.1174, L2: 0.0421, Reg: 0.0220
INFO:__main__:Total loss 0.1815
INFO:__main__:Predicted mean: -0.4398
INFO:__main__:Predicted uncertainity -0.5591
INFO:__main__:Completed epoch 17 of 100

INFO:__main__:NLL: 0.1825, L2: 0.0465, Reg: 0.0405
INFO:__main__:Total loss 0.2696
INFO:__main__:Predicted mean: -0.4336
INFO:__main__:Predicted uncertainity -0.6384
INFO:__main__:Completed epoch 18 of 100

INFO:__main__:NLL: 0.1841, L2: 0.0400, Reg: 0.0248
INFO:__main__:Total loss 0.2489
INFO:__main__:Predicted mean: -0.4083
INFO:__main__:Predicted uncertainity -0.5127
INFO:__main__:Completed epoch 19 of 100

INFO:__main__:NLL: 0.1403, L2: 0.0487, Reg: 0.0338
INFO:__main__:Total loss 0.2228
INFO:__main__:Predicted mean: -0.4847
INFO:__main__:Predicted uncertainity -0.5936
INFO:__main__:Completed epoch 20 of 100

INFO:__main__:NLL: 0.1498, L2: 0.0437, Reg: 0.0254
INFO:__main__:Total loss 0.2189
INFO:__main__:Predicted mean: -0.4725
INFO:__main__:Predicted uncertainity -0.5540
INFO:__main__:Completed epoch 21 of 100

INFO:__main__:NLL: 0.1062, L2: 0.0395, Reg: 0.0239
INFO:__main__:Total loss 0.1696
INFO:__main__:Predicted mean: -0.4015
INFO:__main__:Predicted uncertainity -0.5498
INFO:__main__:Completed epoch 22 of 100

INFO:__main__:NLL: 0.2310, L2: 0.0432, Reg: 0.0317
INFO:__main__:Total loss 0.3059
INFO:__main__:Predicted mean: -0.4253
INFO:__main__:Predicted uncertainity -0.5926
INFO:__main__:Completed epoch 23 of 100

INFO:__main__:NLL: 0.1655, L2: 0.0420, Reg: 0.0246
INFO:__main__:Total loss 0.2321
INFO:__main__:Predicted mean: -0.4079
INFO:__main__:Predicted uncertainity -0.4764
INFO:__main__:Completed epoch 24 of 100

INFO:__main__:NLL: 0.2086, L2: 0.0389, Reg: 0.0267
INFO:__main__:Total loss 0.2742
INFO:__main__:Predicted mean: -0.3860
INFO:__main__:Predicted uncertainity -0.5234
INFO:__main__:Completed epoch 25 of 100

INFO:__main__:NLL: 0.3018, L2: 0.0406, Reg: 0.0281
INFO:__main__:Total loss 0.3705
INFO:__main__:Predicted mean: -0.3977
INFO:__main__:Predicted uncertainity -0.5041
INFO:__main__:Completed epoch 26 of 100

INFO:__main__:NLL: 0.1963, L2: 0.0367, Reg: 0.0197
INFO:__main__:Total loss 0.2526
INFO:__main__:Predicted mean: -0.3722
INFO:__main__:Predicted uncertainity -0.4794
INFO:__main__:Completed epoch 27 of 100

INFO:__main__:NLL: 0.1462, L2: 0.0455, Reg: 0.0339
INFO:__main__:Total loss 0.2255
INFO:__main__:Predicted mean: -0.4351
INFO:__main__:Predicted uncertainity -0.6592
INFO:__main__:Completed epoch 28 of 100

INFO:__main__:NLL: 0.1753, L2: 0.0443, Reg: 0.0269
INFO:__main__:Total loss 0.2464
INFO:__main__:Predicted mean: -0.4095
INFO:__main__:Predicted uncertainity -0.5139
INFO:__main__:Completed epoch 29 of 100

INFO:__main__:NLL: 0.1542, L2: 0.0440, Reg: 0.0203
INFO:__main__:Total loss 0.2186
INFO:__main__:Predicted mean: -0.4322
INFO:__main__:Predicted uncertainity -0.5044
INFO:__main__:Completed epoch 30 of 100

INFO:__main__:NLL: 0.1125, L2: 0.0420, Reg: 0.0259
INFO:__main__:Total loss 0.1804
INFO:__main__:Predicted mean: -0.4703
INFO:__main__:Predicted uncertainity -0.5400
INFO:__main__:Completed epoch 31 of 100

INFO:__main__:NLL: 0.1571, L2: 0.0390, Reg: 0.0237
INFO:__main__:Total loss 0.2198
INFO:__main__:Predicted mean: -0.4020
INFO:__main__:Predicted uncertainity -0.4989
INFO:__main__:Completed epoch 32 of 100

INFO:__main__:NLL: 0.2147, L2: 0.0483, Reg: 0.0327
INFO:__main__:Total loss 0.2956
INFO:__main__:Predicted mean: -0.4411
INFO:__main__:Predicted uncertainity -0.6345
INFO:__main__:Completed epoch 33 of 100

INFO:__main__:NLL: 0.1871, L2: 0.0444, Reg: 0.0307
INFO:__main__:Total loss 0.2623
INFO:__main__:Predicted mean: -0.4446
INFO:__main__:Predicted uncertainity -0.5460
INFO:__main__:Completed epoch 34 of 100

INFO:__main__:NLL: 0.1740, L2: 0.0430, Reg: 0.0270
INFO:__main__:Total loss 0.2439
INFO:__main__:Predicted mean: -0.4253
INFO:__main__:Predicted uncertainity -0.5993
INFO:__main__:Completed epoch 35 of 100

INFO:__main__:NLL: 0.1906, L2: 0.0434, Reg: 0.0292
INFO:__main__:Total loss 0.2632
INFO:__main__:Predicted mean: -0.4553
INFO:__main__:Predicted uncertainity -0.5721
INFO:__main__:Completed epoch 36 of 100

INFO:__main__:NLL: 0.2569, L2: 0.0354, Reg: 0.0207
INFO:__main__:Total loss 0.3130
INFO:__main__:Predicted mean: -0.4360
INFO:__main__:Predicted uncertainity -0.4900
INFO:__main__:Completed epoch 37 of 100

INFO:__main__:NLL: 0.1528, L2: 0.0382, Reg: 0.0257
INFO:__main__:Total loss 0.2168
INFO:__main__:Predicted mean: -0.4207
INFO:__main__:Predicted uncertainity -0.5653
INFO:__main__:Completed epoch 38 of 100

INFO:__main__:NLL: 0.1489, L2: 0.0424, Reg: 0.0221
INFO:__main__:Total loss 0.2135
INFO:__main__:Predicted mean: -0.4604
INFO:__main__:Predicted uncertainity -0.5662
INFO:__main__:Completed epoch 39 of 100

INFO:__main__:NLL: 0.1427, L2: 0.0405, Reg: 0.0278
INFO:__main__:Total loss 0.2110
INFO:__main__:Predicted mean: -0.4225
INFO:__main__:Predicted uncertainity -0.4886
INFO:__main__:Completed epoch 40 of 100

INFO:__main__:NLL: 0.1887, L2: 0.0384, Reg: 0.0239
INFO:__main__:Total loss 0.2510
INFO:__main__:Predicted mean: -0.4274
INFO:__main__:Predicted uncertainity -0.5454
INFO:__main__:Completed epoch 41 of 100

INFO:__main__:NLL: 0.2686, L2: 0.0402, Reg: 0.0258
INFO:__main__:Total loss 0.3346
INFO:__main__:Predicted mean: -0.4346
INFO:__main__:Predicted uncertainity -0.5316
INFO:__main__:Completed epoch 42 of 100

INFO:__main__:NLL: 0.1790, L2: 0.0432, Reg: 0.0300
INFO:__main__:Total loss 0.2522
INFO:__main__:Predicted mean: -0.5065
INFO:__main__:Predicted uncertainity -0.5597
INFO:__main__:Completed epoch 43 of 100

INFO:__main__:NLL: 0.2017, L2: 0.0404, Reg: 0.0233
INFO:__main__:Total loss 0.2654
INFO:__main__:Predicted mean: -0.4384
INFO:__main__:Predicted uncertainity -0.5634
INFO:__main__:Completed epoch 44 of 100

INFO:__main__:NLL: 0.1694, L2: 0.0416, Reg: 0.0281
INFO:__main__:Total loss 0.2391
INFO:__main__:Predicted mean: -0.3729
INFO:__main__:Predicted uncertainity -0.5506
INFO:__main__:Completed epoch 45 of 100

INFO:__main__:NLL: 0.3044, L2: 0.0385, Reg: 0.0223
INFO:__main__:Total loss 0.3652
INFO:__main__:Predicted mean: -0.3995
INFO:__main__:Predicted uncertainity -0.5310
INFO:__main__:Completed epoch 46 of 100

INFO:__main__:NLL: 0.1687, L2: 0.0485, Reg: 0.0394
INFO:__main__:Total loss 0.2566
INFO:__main__:Predicted mean: -0.4961
INFO:__main__:Predicted uncertainity -0.6236
INFO:__main__:Completed epoch 47 of 100

INFO:__main__:NLL: 0.2358, L2: 0.0407, Reg: 0.0246
INFO:__main__:Total loss 0.3012
INFO:__main__:Predicted mean: -0.3831
INFO:__main__:Predicted uncertainity -0.4808
INFO:__main__:Completed epoch 48 of 100

INFO:__main__:NLL: 0.1450, L2: 0.0435, Reg: 0.0299
INFO:__main__:Total loss 0.2184
INFO:__main__:Predicted mean: -0.4858
INFO:__main__:Predicted uncertainity -0.6002
INFO:__main__:Completed epoch 49 of 100

INFO:__main__:NLL: 0.1752, L2: 0.0384, Reg: 0.0185
INFO:__main__:Total loss 0.2321
INFO:__main__:Predicted mean: -0.4606
INFO:__main__:Predicted uncertainity -0.4777
INFO:__main__:Completed epoch 50 of 100

INFO:__main__:NLL: 0.1876, L2: 0.0396, Reg: 0.0313
INFO:__main__:Total loss 0.2585
INFO:__main__:Predicted mean: -0.4388
INFO:__main__:Predicted uncertainity -0.6382
INFO:__main__:Completed epoch 51 of 100

INFO:__main__:NLL: 0.1124, L2: 0.0414, Reg: 0.0331
INFO:__main__:Total loss 0.1869
INFO:__main__:Predicted mean: -0.4415
INFO:__main__:Predicted uncertainity -0.5915
INFO:__main__:Completed epoch 52 of 100

INFO:__main__:NLL: 0.2240, L2: 0.0429, Reg: 0.0282
INFO:__main__:Total loss 0.2951
INFO:__main__:Predicted mean: -0.4517
INFO:__main__:Predicted uncertainity -0.6043
INFO:__main__:Completed epoch 53 of 100

INFO:__main__:NLL: 0.1648, L2: 0.0379, Reg: 0.0248
INFO:__main__:Total loss 0.2275
INFO:__main__:Predicted mean: -0.3912
INFO:__main__:Predicted uncertainity -0.5362
INFO:__main__:Completed epoch 54 of 100

INFO:__main__:NLL: 0.1763, L2: 0.0433, Reg: 0.0307
INFO:__main__:Total loss 0.2503
INFO:__main__:Predicted mean: -0.4364
INFO:__main__:Predicted uncertainity -0.6082
INFO:__main__:Completed epoch 55 of 100

INFO:__main__:NLL: 0.1648, L2: 0.0422, Reg: 0.0274
INFO:__main__:Total loss 0.2344
INFO:__main__:Predicted mean: -0.4410
INFO:__main__:Predicted uncertainity -0.5856
INFO:__main__:Completed epoch 56 of 100

INFO:__main__:NLL: 0.2131, L2: 0.0447, Reg: 0.0325
INFO:__main__:Total loss 0.2903
INFO:__main__:Predicted mean: -0.4285
INFO:__main__:Predicted uncertainity -0.6188
INFO:__main__:Completed epoch 57 of 100

INFO:__main__:NLL: 0.1825, L2: 0.0482, Reg: 0.0366
INFO:__main__:Total loss 0.2673
INFO:__main__:Predicted mean: -0.4720
INFO:__main__:Predicted uncertainity -0.6582
INFO:__main__:Completed epoch 58 of 100

INFO:__main__:NLL: 0.1782, L2: 0.0383, Reg: 0.0244
INFO:__main__:Total loss 0.2409
INFO:__main__:Predicted mean: -0.4040
INFO:__main__:Predicted uncertainity -0.5224
INFO:__main__:Completed epoch 59 of 100

INFO:__main__:NLL: 0.1540, L2: 0.0402, Reg: 0.0243
INFO:__main__:Total loss 0.2185
INFO:__main__:Predicted mean: -0.3760
INFO:__main__:Predicted uncertainity -0.4806
INFO:__main__:Completed epoch 60 of 100

INFO:__main__:NLL: 0.1470, L2: 0.0397, Reg: 0.0237
INFO:__main__:Total loss 0.2103
INFO:__main__:Predicted mean: -0.4236
INFO:__main__:Predicted uncertainity -0.5110
INFO:__main__:Completed epoch 61 of 100

INFO:__main__:NLL: 0.2295, L2: 0.0409, Reg: 0.0270
INFO:__main__:Total loss 0.2975
INFO:__main__:Predicted mean: -0.4498
INFO:__main__:Predicted uncertainity -0.5630
INFO:__main__:Completed epoch 62 of 100

INFO:__main__:NLL: 0.4183, L2: 0.0518, Reg: 0.0494
INFO:__main__:Total loss 0.5196
INFO:__main__:Predicted mean: -0.4664
INFO:__main__:Predicted uncertainity -0.6776
INFO:__main__:Completed epoch 63 of 100

INFO:__main__:NLL: 0.1650, L2: 0.0462, Reg: 0.0359
INFO:__main__:Total loss 0.2471
INFO:__main__:Predicted mean: -0.5177
INFO:__main__:Predicted uncertainity -0.6185
INFO:__main__:Completed epoch 64 of 100

INFO:__main__:NLL: 0.0986, L2: 0.0424, Reg: 0.0298
INFO:__main__:Total loss 0.1708
INFO:__main__:Predicted mean: -0.4190
INFO:__main__:Predicted uncertainity -0.6124
INFO:__main__:Completed epoch 65 of 100

INFO:__main__:NLL: 0.1928, L2: 0.0461, Reg: 0.0365
INFO:__main__:Total loss 0.2755
INFO:__main__:Predicted mean: -0.4341
INFO:__main__:Predicted uncertainity -0.5912
INFO:__main__:Completed epoch 66 of 100

INFO:__main__:NLL: 0.1501, L2: 0.0450, Reg: 0.0314
INFO:__main__:Total loss 0.2265
INFO:__main__:Predicted mean: -0.4467
INFO:__main__:Predicted uncertainity -0.5923
INFO:__main__:Completed epoch 67 of 100

INFO:__main__:NLL: 0.2062, L2: 0.0359, Reg: 0.0231
INFO:__main__:Total loss 0.2652
INFO:__main__:Predicted mean: -0.4226
INFO:__main__:Predicted uncertainity -0.5523
INFO:__main__:Completed epoch 68 of 100

INFO:__main__:NLL: 0.1603, L2: 0.0452, Reg: 0.0279
INFO:__main__:Total loss 0.2334
INFO:__main__:Predicted mean: -0.3963
INFO:__main__:Predicted uncertainity -0.5712
INFO:__main__:Completed epoch 69 of 100

INFO:__main__:NLL: 0.1525, L2: 0.0386, Reg: 0.0184
INFO:__main__:Total loss 0.2095
INFO:__main__:Predicted mean: -0.4060
INFO:__main__:Predicted uncertainity -0.5116
INFO:__main__:Completed epoch 70 of 100

INFO:__main__:NLL: 0.2176, L2: 0.0343, Reg: 0.0225
INFO:__main__:Total loss 0.2744
INFO:__main__:Predicted mean: -0.3992
INFO:__main__:Predicted uncertainity -0.5179
INFO:__main__:Completed epoch 71 of 100

INFO:__main__:NLL: 0.2234, L2: 0.0185, Reg: 0.0165
INFO:__main__:Total loss 0.2583
INFO:__main__:Predicted mean: -0.3951
INFO:__main__:Predicted uncertainity -0.4906
INFO:__main__:Completed epoch 72 of 100

INFO:__main__:NLL: 0.1754, L2: 0.0215, Reg: 0.0161
INFO:__main__:Total loss 0.2131
INFO:__main__:Predicted mean: -0.3838
INFO:__main__:Predicted uncertainity -0.5221
INFO:__main__:Completed epoch 73 of 100

INFO:__main__:NLL: 0.1491, L2: 0.0235, Reg: 0.0187
INFO:__main__:Total loss 0.1913
INFO:__main__:Predicted mean: -0.4282
INFO:__main__:Predicted uncertainity -0.5429
INFO:__main__:Completed epoch 74 of 100

INFO:__main__:NLL: 0.2798, L2: 0.0241, Reg: 0.0191
INFO:__main__:Total loss 0.3229
INFO:__main__:Predicted mean: -0.4222
INFO:__main__:Predicted uncertainity -0.4858
INFO:__main__:Completed epoch 75 of 100

INFO:__main__:NLL: 0.2131, L2: 0.0196, Reg: 0.0178
INFO:__main__:Total loss 0.2505
INFO:__main__:Predicted mean: -0.3826
INFO:__main__:Predicted uncertainity -0.4802
INFO:__main__:Completed epoch 76 of 100

INFO:__main__:NLL: 0.1927, L2: 0.0195, Reg: 0.0162
INFO:__main__:Total loss 0.2285
INFO:__main__:Predicted mean: -0.3623
INFO:__main__:Predicted uncertainity -0.4627
INFO:__main__:Completed epoch 77 of 100

INFO:__main__:NLL: 0.1958, L2: 0.0231, Reg: 0.0200
INFO:__main__:Total loss 0.2389
INFO:__main__:Predicted mean: -0.4204
INFO:__main__:Predicted uncertainity -0.5102
INFO:__main__:Completed epoch 78 of 100

INFO:__main__:NLL: 0.1987, L2: 0.0175, Reg: 0.0174
INFO:__main__:Total loss 0.2336
INFO:__main__:Predicted mean: -0.3826
INFO:__main__:Predicted uncertainity -0.4787
INFO:__main__:Completed epoch 79 of 100

INFO:__main__:NLL: 0.2181, L2: 0.0211, Reg: 0.0189
INFO:__main__:Total loss 0.2581
INFO:__main__:Predicted mean: -0.4115
INFO:__main__:Predicted uncertainity -0.5258
INFO:__main__:Completed epoch 80 of 100

INFO:__main__:NLL: 0.2317, L2: 0.0181, Reg: 0.0129
INFO:__main__:Total loss 0.2627
INFO:__main__:Predicted mean: -0.3750
INFO:__main__:Predicted uncertainity -0.4972
INFO:__main__:Completed epoch 81 of 100

INFO:__main__:NLL: 0.2410, L2: 0.0192, Reg: 0.0181
INFO:__main__:Total loss 0.2783
INFO:__main__:Predicted mean: -0.3658
INFO:__main__:Predicted uncertainity -0.4892
INFO:__main__:Completed epoch 82 of 100

INFO:__main__:NLL: 0.2333, L2: 0.0229, Reg: 0.0194
INFO:__main__:Total loss 0.2756
INFO:__main__:Predicted mean: -0.4140
INFO:__main__:Predicted uncertainity -0.5120
INFO:__main__:Completed epoch 83 of 100

INFO:__main__:NLL: 0.1742, L2: 0.0212, Reg: 0.0170
INFO:__main__:Total loss 0.2124
INFO:__main__:Predicted mean: -0.4065
INFO:__main__:Predicted uncertainity -0.4716
INFO:__main__:Completed epoch 84 of 100

INFO:__main__:NLL: 0.1931, L2: 0.0187, Reg: 0.0172
INFO:__main__:Total loss 0.2290
INFO:__main__:Predicted mean: -0.4215
INFO:__main__:Predicted uncertainity -0.4991
INFO:__main__:Completed epoch 85 of 100

INFO:__main__:NLL: 0.2420, L2: 0.0229, Reg: 0.0207
INFO:__main__:Total loss 0.2856
INFO:__main__:Predicted mean: -0.4270
INFO:__main__:Predicted uncertainity -0.5027
INFO:__main__:Completed epoch 86 of 100

INFO:__main__:NLL: 0.2008, L2: 0.0245, Reg: 0.0176
INFO:__main__:Total loss 0.2429
INFO:__main__:Predicted mean: -0.4752
INFO:__main__:Predicted uncertainity -0.5418
INFO:__main__:Completed epoch 87 of 100

INFO:__main__:NLL: 0.3204, L2: 0.0233, Reg: 0.0204
INFO:__main__:Total loss 0.3641
INFO:__main__:Predicted mean: -0.4844
INFO:__main__:Predicted uncertainity -0.5031
INFO:__main__:Completed epoch 88 of 100

INFO:__main__:NLL: 0.2831, L2: 0.0211, Reg: 0.0173
INFO:__main__:Total loss 0.3215
INFO:__main__:Predicted mean: -0.4371
INFO:__main__:Predicted uncertainity -0.5068
INFO:__main__:Completed epoch 89 of 100

INFO:__main__:NLL: 0.2388, L2: 0.0174, Reg: 0.0148
INFO:__main__:Total loss 0.2711
INFO:__main__:Predicted mean: -0.3610
INFO:__main__:Predicted uncertainity -0.4741
INFO:__main__:Completed epoch 90 of 100

INFO:__main__:NLL: 0.2054, L2: 0.0183, Reg: 0.0147
INFO:__main__:Total loss 0.2384
INFO:__main__:Predicted mean: -0.3522
INFO:__main__:Predicted uncertainity -0.4713
INFO:__main__:Completed epoch 91 of 100

INFO:__main__:NLL: 0.1825, L2: 0.0198, Reg: 0.0200
INFO:__main__:Total loss 0.2224
INFO:__main__:Predicted mean: -0.4092
INFO:__main__:Predicted uncertainity -0.5016
INFO:__main__:Completed epoch 92 of 100

INFO:__main__:NLL: 0.2667, L2: 0.0210, Reg: 0.0199
INFO:__main__:Total loss 0.3076
INFO:__main__:Predicted mean: -0.4060
INFO:__main__:Predicted uncertainity -0.5193
INFO:__main__:Completed epoch 93 of 100

INFO:__main__:NLL: 0.2588, L2: 0.0220, Reg: 0.0210
INFO:__main__:Total loss 0.3017
INFO:__main__:Predicted mean: -0.4290
INFO:__main__:Predicted uncertainity -0.5407
INFO:__main__:Completed epoch 94 of 100

INFO:__main__:NLL: 0.2138, L2: 0.0207, Reg: 0.0189
INFO:__main__:Total loss 0.2533
INFO:__main__:Predicted mean: -0.3822
INFO:__main__:Predicted uncertainity -0.4787
INFO:__main__:Completed epoch 95 of 100

INFO:__main__:NLL: 0.2296, L2: 0.0198, Reg: 0.0157
INFO:__main__:Total loss 0.2651
INFO:__main__:Predicted mean: -0.3999
INFO:__main__:Predicted uncertainity -0.5086
INFO:__main__:Completed epoch 96 of 100

INFO:__main__:NLL: 0.2299, L2: 0.0177, Reg: 0.0157
INFO:__main__:Total loss 0.2633
INFO:__main__:Predicted mean: -0.3882
INFO:__main__:Predicted uncertainity -0.4693
INFO:__main__:Completed epoch 97 of 100

INFO:__main__:NLL: 0.1664, L2: 0.0240, Reg: 0.0172
INFO:__main__:Total loss 0.2076
INFO:__main__:Predicted mean: -0.4277
INFO:__main__:Predicted uncertainity -0.5030
INFO:__main__:Completed epoch 98 of 100

INFO:__main__:NLL: 0.1945, L2: 0.0209, Reg: 0.0214
INFO:__main__:Total loss 0.2368
INFO:__main__:Predicted mean: -0.4397
INFO:__main__:Predicted uncertainity -0.5406
INFO:__main__:Completed epoch 99 of 100

INFO:__main__:NLL: 0.2692, L2: 0.0173, Reg: 0.0151
INFO:__main__:Total loss 0.3016
INFO:__main__:Predicted mean: -0.4027
INFO:__main__:Predicted uncertainity -0.4905
INFO:__main__:Completed epoch 100 of 100

INFO:__main__:624.316434 s
