INFO:__main__:PROCESS RUNNING ON cpu
INFO:__main__:NLL: 0.0446, L2: 0.0068, Reg: 0.5793
INFO:__main__:Total loss 0.6307
INFO:__main__:Predicted mean: -0.4504
INFO:__main__:Predicted uncertainity -0.7670
INFO:__main__:Completed epoch 1 of 100

INFO:__main__:NLL: 0.1042, L2: 0.0075, Reg: 0.5792
INFO:__main__:Total loss 0.6908
INFO:__main__:Predicted mean: -0.3744
INFO:__main__:Predicted uncertainity -0.7838
INFO:__main__:Completed epoch 2 of 100

INFO:__main__:NLL: 0.1052, L2: 0.0078, Reg: 0.5793
INFO:__main__:Total loss 0.6923
INFO:__main__:Predicted mean: -0.3903
INFO:__main__:Predicted uncertainity -0.6863
INFO:__main__:Completed epoch 3 of 100

INFO:__main__:NLL: -0.1527, L2: 0.0080, Reg: 0.5792
INFO:__main__:Total loss 0.4344
INFO:__main__:Predicted mean: -0.4501
INFO:__main__:Predicted uncertainity -0.8729
INFO:__main__:Completed epoch 4 of 100

INFO:__main__:NLL: 0.2381, L2: 0.0078, Reg: 0.5793
INFO:__main__:Total loss 0.8252
INFO:__main__:Predicted mean: -0.3682
INFO:__main__:Predicted uncertainity -0.7891
INFO:__main__:Completed epoch 5 of 100

INFO:__main__:NLL: 0.0238, L2: 0.0082, Reg: 0.5793
INFO:__main__:Total loss 0.6112
INFO:__main__:Predicted mean: -0.3538
INFO:__main__:Predicted uncertainity -0.6030
INFO:__main__:Completed epoch 6 of 100

INFO:__main__:NLL: -0.0725, L2: 0.0079, Reg: 0.5793
INFO:__main__:Total loss 0.5147
INFO:__main__:Predicted mean: -0.3530
INFO:__main__:Predicted uncertainity -0.7926
INFO:__main__:Completed epoch 7 of 100

INFO:__main__:NLL: 0.2273, L2: 0.0084, Reg: 0.5792
INFO:__main__:Total loss 0.8150
INFO:__main__:Predicted mean: -0.4371
INFO:__main__:Predicted uncertainity -0.7218
INFO:__main__:Completed epoch 8 of 100

INFO:__main__:NLL: 0.0111, L2: 0.0086, Reg: 0.5792
INFO:__main__:Total loss 0.5989
INFO:__main__:Predicted mean: -0.4448
INFO:__main__:Predicted uncertainity -0.8412
INFO:__main__:Completed epoch 9 of 100

INFO:__main__:NLL: 0.1717, L2: 0.0085, Reg: 0.5792
INFO:__main__:Total loss 0.7595
INFO:__main__:Predicted mean: -0.3740
INFO:__main__:Predicted uncertainity -0.7110
INFO:__main__:Completed epoch 10 of 100

INFO:__main__:NLL: 0.0421, L2: 0.0085, Reg: 0.5794
INFO:__main__:Total loss 0.6300
INFO:__main__:Predicted mean: -0.4036
INFO:__main__:Predicted uncertainity -0.7432
INFO:__main__:Completed epoch 11 of 100

INFO:__main__:NLL: 0.1913, L2: 0.0083, Reg: 0.5792
INFO:__main__:Total loss 0.7787
INFO:__main__:Predicted mean: -0.4479
INFO:__main__:Predicted uncertainity -0.7215
INFO:__main__:Completed epoch 12 of 100

INFO:__main__:NLL: 0.0496, L2: 0.0080, Reg: 0.5793
INFO:__main__:Total loss 0.6369
INFO:__main__:Predicted mean: -0.3706
INFO:__main__:Predicted uncertainity -0.6972
INFO:__main__:Completed epoch 13 of 100

INFO:__main__:NLL: 0.0326, L2: 0.0084, Reg: 0.5793
INFO:__main__:Total loss 0.6203
INFO:__main__:Predicted mean: -0.4253
INFO:__main__:Predicted uncertainity -0.7734
INFO:__main__:Completed epoch 14 of 100

INFO:__main__:NLL: 0.0442, L2: 0.0083, Reg: 0.5794
INFO:__main__:Total loss 0.6319
INFO:__main__:Predicted mean: -0.3489
INFO:__main__:Predicted uncertainity -0.8111
INFO:__main__:Completed epoch 15 of 100

INFO:__main__:NLL: 0.0937, L2: 0.0078, Reg: 0.5791
INFO:__main__:Total loss 0.6807
INFO:__main__:Predicted mean: -0.4321
INFO:__main__:Predicted uncertainity -0.7193
INFO:__main__:Completed epoch 16 of 100

INFO:__main__:NLL: 0.0424, L2: 0.0089, Reg: 0.5792
INFO:__main__:Total loss 0.6305
INFO:__main__:Predicted mean: -0.3693
INFO:__main__:Predicted uncertainity -0.8613
INFO:__main__:Completed epoch 17 of 100

INFO:__main__:NLL: 0.1232, L2: 0.0088, Reg: 0.5793
INFO:__main__:Total loss 0.7113
INFO:__main__:Predicted mean: -0.3860
INFO:__main__:Predicted uncertainity -0.7736
INFO:__main__:Completed epoch 18 of 100

INFO:__main__:NLL: -0.0248, L2: 0.0086, Reg: 0.5794
INFO:__main__:Total loss 0.5632
INFO:__main__:Predicted mean: -0.3587
INFO:__main__:Predicted uncertainity -0.7869
INFO:__main__:Completed epoch 19 of 100

INFO:__main__:NLL: 0.0230, L2: 0.0088, Reg: 0.5792
INFO:__main__:Total loss 0.6110
INFO:__main__:Predicted mean: -0.3594
INFO:__main__:Predicted uncertainity -0.7423
INFO:__main__:Completed epoch 20 of 100

INFO:__main__:NLL: 0.0456, L2: 0.0088, Reg: 0.5792
INFO:__main__:Total loss 0.6336
INFO:__main__:Predicted mean: -0.3872
INFO:__main__:Predicted uncertainity -0.6976
INFO:__main__:Completed epoch 21 of 100

INFO:__main__:NLL: -0.0185, L2: 0.0082, Reg: 0.5793
INFO:__main__:Total loss 0.5690
INFO:__main__:Predicted mean: -0.3891
INFO:__main__:Predicted uncertainity -0.7604
INFO:__main__:Completed epoch 22 of 100

INFO:__main__:NLL: 0.5765, L2: 0.0081, Reg: 0.5793
INFO:__main__:Total loss 1.1638
INFO:__main__:Predicted mean: -0.3805
INFO:__main__:Predicted uncertainity -0.8273
INFO:__main__:Completed epoch 23 of 100

INFO:__main__:NLL: 0.0312, L2: 0.0083, Reg: 0.5793
INFO:__main__:Total loss 0.6188
INFO:__main__:Predicted mean: -0.3725
INFO:__main__:Predicted uncertainity -0.7007
INFO:__main__:Completed epoch 24 of 100

INFO:__main__:NLL: 0.0482, L2: 0.0085, Reg: 0.5793
INFO:__main__:Total loss 0.6360
INFO:__main__:Predicted mean: -0.3326
INFO:__main__:Predicted uncertainity -0.7183
INFO:__main__:Completed epoch 25 of 100

INFO:__main__:NLL: 0.0785, L2: 0.0092, Reg: 0.5793
INFO:__main__:Total loss 0.6670
INFO:__main__:Predicted mean: -0.3981
INFO:__main__:Predicted uncertainity -0.6653
INFO:__main__:Completed epoch 26 of 100

INFO:__main__:NLL: 0.0685, L2: 0.0086, Reg: 0.5793
INFO:__main__:Total loss 0.6563
INFO:__main__:Predicted mean: -0.3339
INFO:__main__:Predicted uncertainity -0.7436
INFO:__main__:Completed epoch 27 of 100

INFO:__main__:NLL: -0.0288, L2: 0.0086, Reg: 0.5794
INFO:__main__:Total loss 0.5592
INFO:__main__:Predicted mean: -0.3671
INFO:__main__:Predicted uncertainity -0.8136
INFO:__main__:Completed epoch 28 of 100

INFO:__main__:NLL: 0.2147, L2: 0.0085, Reg: 0.5794
INFO:__main__:Total loss 0.8026
INFO:__main__:Predicted mean: -0.3902
INFO:__main__:Predicted uncertainity -0.7749
INFO:__main__:Completed epoch 29 of 100

INFO:__main__:NLL: 0.0624, L2: 0.0084, Reg: 0.5793
INFO:__main__:Total loss 0.6501
INFO:__main__:Predicted mean: -0.3586
INFO:__main__:Predicted uncertainity -0.7798
INFO:__main__:Completed epoch 30 of 100

INFO:__main__:NLL: -0.0780, L2: 0.0092, Reg: 0.5794
INFO:__main__:Total loss 0.5106
INFO:__main__:Predicted mean: -0.3310
INFO:__main__:Predicted uncertainity -0.8143
INFO:__main__:Completed epoch 31 of 100

INFO:__main__:NLL: 0.0395, L2: 0.0089, Reg: 0.5794
INFO:__main__:Total loss 0.6278
INFO:__main__:Predicted mean: -0.3491
INFO:__main__:Predicted uncertainity -0.8691
INFO:__main__:Completed epoch 32 of 100

INFO:__main__:NLL: 0.1161, L2: 0.0090, Reg: 0.5793
INFO:__main__:Total loss 0.7044
INFO:__main__:Predicted mean: -0.4025
INFO:__main__:Predicted uncertainity -0.8634
INFO:__main__:Completed epoch 33 of 100

INFO:__main__:NLL: 0.0974, L2: 0.0091, Reg: 0.5793
INFO:__main__:Total loss 0.6857
INFO:__main__:Predicted mean: -0.3650
INFO:__main__:Predicted uncertainity -0.7170
INFO:__main__:Completed epoch 34 of 100

INFO:__main__:NLL: 0.0310, L2: 0.0091, Reg: 0.5792
INFO:__main__:Total loss 0.6193
INFO:__main__:Predicted mean: -0.3629
INFO:__main__:Predicted uncertainity -0.8091
INFO:__main__:Completed epoch 35 of 100

INFO:__main__:NLL: 0.0862, L2: 0.0093, Reg: 0.5792
INFO:__main__:Total loss 0.6747
INFO:__main__:Predicted mean: -0.3617
INFO:__main__:Predicted uncertainity -0.8794
INFO:__main__:Completed epoch 36 of 100

INFO:__main__:NLL: 0.3164, L2: 0.0091, Reg: 0.5793
INFO:__main__:Total loss 0.9049
INFO:__main__:Predicted mean: -0.4186
INFO:__main__:Predicted uncertainity -0.7237
INFO:__main__:Completed epoch 37 of 100

INFO:__main__:NLL: -0.0804, L2: 0.0082, Reg: 0.5792
INFO:__main__:Total loss 0.5070
INFO:__main__:Predicted mean: -0.3593
INFO:__main__:Predicted uncertainity -0.8263
INFO:__main__:Completed epoch 38 of 100

INFO:__main__:NLL: 0.1348, L2: 0.0091, Reg: 0.5792
INFO:__main__:Total loss 0.7231
INFO:__main__:Predicted mean: -0.4936
INFO:__main__:Predicted uncertainity -0.7189
INFO:__main__:Completed epoch 39 of 100

INFO:__main__:NLL: 0.0178, L2: 0.0088, Reg: 0.5793
INFO:__main__:Total loss 0.6059
INFO:__main__:Predicted mean: -0.3717
INFO:__main__:Predicted uncertainity -0.7128
INFO:__main__:Completed epoch 40 of 100

INFO:__main__:NLL: 0.0765, L2: 0.0088, Reg: 0.5794
INFO:__main__:Total loss 0.6646
INFO:__main__:Predicted mean: -0.3281
INFO:__main__:Predicted uncertainity -0.7058
INFO:__main__:Completed epoch 41 of 100

INFO:__main__:NLL: 0.3201, L2: 0.0095, Reg: 0.5793
INFO:__main__:Total loss 0.9089
INFO:__main__:Predicted mean: -0.3983
INFO:__main__:Predicted uncertainity -0.8287
INFO:__main__:Completed epoch 42 of 100

INFO:__main__:NLL: 0.0405, L2: 0.0091, Reg: 0.5792
INFO:__main__:Total loss 0.6289
INFO:__main__:Predicted mean: -0.3689
INFO:__main__:Predicted uncertainity -0.7548
INFO:__main__:Completed epoch 43 of 100

INFO:__main__:NLL: 0.0447, L2: 0.0098, Reg: 0.5792
INFO:__main__:Total loss 0.6337
INFO:__main__:Predicted mean: -0.3395
INFO:__main__:Predicted uncertainity -0.7233
INFO:__main__:Completed epoch 44 of 100

INFO:__main__:NLL: 0.0852, L2: 0.0095, Reg: 0.5792
INFO:__main__:Total loss 0.6739
INFO:__main__:Predicted mean: -0.3369
INFO:__main__:Predicted uncertainity -0.7783
INFO:__main__:Completed epoch 45 of 100

INFO:__main__:NLL: 0.0716, L2: 0.0097, Reg: 0.5793
INFO:__main__:Total loss 0.6605
INFO:__main__:Predicted mean: -0.3287
INFO:__main__:Predicted uncertainity -0.6670
INFO:__main__:Completed epoch 46 of 100

INFO:__main__:NLL: -0.0174, L2: 0.0089, Reg: 0.5793
INFO:__main__:Total loss 0.5708
INFO:__main__:Predicted mean: -0.4217
INFO:__main__:Predicted uncertainity -0.7651
INFO:__main__:Completed epoch 47 of 100

INFO:__main__:NLL: 0.3603, L2: 0.0094, Reg: 0.5793
INFO:__main__:Total loss 0.9489
INFO:__main__:Predicted mean: -0.3984
INFO:__main__:Predicted uncertainity -0.7392
INFO:__main__:Completed epoch 48 of 100

INFO:__main__:NLL: 0.0116, L2: 0.0090, Reg: 0.5792
INFO:__main__:Total loss 0.5998
INFO:__main__:Predicted mean: -0.3730
INFO:__main__:Predicted uncertainity -0.7758
INFO:__main__:Completed epoch 49 of 100

INFO:__main__:NLL: 0.0342, L2: 0.0089, Reg: 0.5793
INFO:__main__:Total loss 0.6224
INFO:__main__:Predicted mean: -0.4107
INFO:__main__:Predicted uncertainity -0.7030
INFO:__main__:Completed epoch 50 of 100

INFO:__main__:NLL: 0.0816, L2: 0.0089, Reg: 0.5793
INFO:__main__:Total loss 0.6697
INFO:__main__:Predicted mean: -0.4140
INFO:__main__:Predicted uncertainity -0.8406
INFO:__main__:Completed epoch 51 of 100

INFO:__main__:NLL: 0.1474, L2: 0.0087, Reg: 0.5793
INFO:__main__:Total loss 0.7354
INFO:__main__:Predicted mean: -0.3552
INFO:__main__:Predicted uncertainity -0.7607
INFO:__main__:Completed epoch 52 of 100

INFO:__main__:NLL: 0.2545, L2: 0.0091, Reg: 0.5793
INFO:__main__:Total loss 0.8430
INFO:__main__:Predicted mean: -0.3951
INFO:__main__:Predicted uncertainity -0.7348
INFO:__main__:Completed epoch 53 of 100

INFO:__main__:NLL: 0.0818, L2: 0.0090, Reg: 0.5793
INFO:__main__:Total loss 0.6702
INFO:__main__:Predicted mean: -0.3804
INFO:__main__:Predicted uncertainity -0.7181
INFO:__main__:Completed epoch 54 of 100

INFO:__main__:NLL: 0.0136, L2: 0.0096, Reg: 0.5794
INFO:__main__:Total loss 0.6026
INFO:__main__:Predicted mean: -0.3875
INFO:__main__:Predicted uncertainity -0.7725
INFO:__main__:Completed epoch 55 of 100

INFO:__main__:NLL: 0.0792, L2: 0.0097, Reg: 0.5793
INFO:__main__:Total loss 0.6682
INFO:__main__:Predicted mean: -0.4004
INFO:__main__:Predicted uncertainity -0.7352
INFO:__main__:Completed epoch 56 of 100

INFO:__main__:NLL: 0.1207, L2: 0.0090, Reg: 0.5793
INFO:__main__:Total loss 0.7089
INFO:__main__:Predicted mean: -0.3426
INFO:__main__:Predicted uncertainity -0.8362
INFO:__main__:Completed epoch 57 of 100

INFO:__main__:NLL: 0.1407, L2: 0.0091, Reg: 0.5794
INFO:__main__:Total loss 0.7292
INFO:__main__:Predicted mean: -0.3671
INFO:__main__:Predicted uncertainity -0.7658
INFO:__main__:Completed epoch 58 of 100

INFO:__main__:NLL: 0.0969, L2: 0.0090, Reg: 0.5793
INFO:__main__:Total loss 0.6851
INFO:__main__:Predicted mean: -0.3629
INFO:__main__:Predicted uncertainity -0.7226
INFO:__main__:Completed epoch 59 of 100

INFO:__main__:NLL: 0.0634, L2: 0.0084, Reg: 0.5793
INFO:__main__:Total loss 0.6510
INFO:__main__:Predicted mean: -0.3844
INFO:__main__:Predicted uncertainity -0.5658
INFO:__main__:Completed epoch 60 of 100

INFO:__main__:NLL: -0.0119, L2: 0.0089, Reg: 0.5793
INFO:__main__:Total loss 0.5763
INFO:__main__:Predicted mean: -0.3869
INFO:__main__:Predicted uncertainity -0.6523
INFO:__main__:Completed epoch 61 of 100

INFO:__main__:NLL: 0.1134, L2: 0.0083, Reg: 0.5793
INFO:__main__:Total loss 0.7011
INFO:__main__:Predicted mean: -0.4057
INFO:__main__:Predicted uncertainity -0.8211
INFO:__main__:Completed epoch 62 of 100

INFO:__main__:NLL: 0.0412, L2: 0.0081, Reg: 0.5794
INFO:__main__:Total loss 0.6287
INFO:__main__:Predicted mean: -0.3690
INFO:__main__:Predicted uncertainity -0.7190
INFO:__main__:Completed epoch 63 of 100

INFO:__main__:NLL: 0.2083, L2: 0.0084, Reg: 0.5793
INFO:__main__:Total loss 0.7960
INFO:__main__:Predicted mean: -0.4002
INFO:__main__:Predicted uncertainity -0.8374
INFO:__main__:Completed epoch 64 of 100

INFO:__main__:NLL: 0.0139, L2: 0.0084, Reg: 0.5793
INFO:__main__:Total loss 0.6016
INFO:__main__:Predicted mean: -0.4466
INFO:__main__:Predicted uncertainity -0.8528
INFO:__main__:Completed epoch 65 of 100

INFO:__main__:NLL: 0.1217, L2: 0.0080, Reg: 0.5794
INFO:__main__:Total loss 0.7091
INFO:__main__:Predicted mean: -0.3535
INFO:__main__:Predicted uncertainity -0.7872
INFO:__main__:Completed epoch 66 of 100

INFO:__main__:NLL: 0.0363, L2: 0.0085, Reg: 0.5793
INFO:__main__:Total loss 0.6240
INFO:__main__:Predicted mean: -0.4065
INFO:__main__:Predicted uncertainity -0.7652
INFO:__main__:Completed epoch 67 of 100

INFO:__main__:NLL: 0.1008, L2: 0.0082, Reg: 0.5793
INFO:__main__:Total loss 0.6883
INFO:__main__:Predicted mean: -0.3613
INFO:__main__:Predicted uncertainity -0.7639
INFO:__main__:Completed epoch 68 of 100

INFO:__main__:NLL: 0.0625, L2: 0.0082, Reg: 0.5793
INFO:__main__:Total loss 0.6500
INFO:__main__:Predicted mean: -0.3464
INFO:__main__:Predicted uncertainity -0.8055
INFO:__main__:Completed epoch 69 of 100

INFO:__main__:NLL: -0.0733, L2: 0.0088, Reg: 0.5792
INFO:__main__:Total loss 0.5147
INFO:__main__:Predicted mean: -0.3604
INFO:__main__:Predicted uncertainity -0.8101
INFO:__main__:Completed epoch 70 of 100

INFO:__main__:NLL: 0.0546, L2: 0.0087, Reg: 0.5793
INFO:__main__:Total loss 0.6426
INFO:__main__:Predicted mean: -0.3637
INFO:__main__:Predicted uncertainity -0.7559
INFO:__main__:Completed epoch 71 of 100

INFO:__main__:NLL: 0.0584, L2: 0.0089, Reg: 0.5793
INFO:__main__:Total loss 0.6466
INFO:__main__:Predicted mean: -0.3369
INFO:__main__:Predicted uncertainity -0.7331
INFO:__main__:Completed epoch 72 of 100

INFO:__main__:NLL: -0.0395, L2: 0.0097, Reg: 0.5792
INFO:__main__:Total loss 0.5494
INFO:__main__:Predicted mean: -0.3800
INFO:__main__:Predicted uncertainity -0.7051
INFO:__main__:Completed epoch 73 of 100

INFO:__main__:NLL: -0.0257, L2: 0.0095, Reg: 0.5794
INFO:__main__:Total loss 0.5631
INFO:__main__:Predicted mean: -0.3707
INFO:__main__:Predicted uncertainity -0.9027
INFO:__main__:Completed epoch 74 of 100

INFO:__main__:NLL: 0.0729, L2: 0.0094, Reg: 0.5793
INFO:__main__:Total loss 0.6615
INFO:__main__:Predicted mean: -0.3946
INFO:__main__:Predicted uncertainity -0.6788
INFO:__main__:Completed epoch 75 of 100

INFO:__main__:NLL: 0.0160, L2: 0.0093, Reg: 0.5794
INFO:__main__:Total loss 0.6046
INFO:__main__:Predicted mean: -0.3926
INFO:__main__:Predicted uncertainity -0.7160
INFO:__main__:Completed epoch 76 of 100

INFO:__main__:NLL: 0.1619, L2: 0.0086, Reg: 0.5794
INFO:__main__:Total loss 0.7499
INFO:__main__:Predicted mean: -0.3293
INFO:__main__:Predicted uncertainity -0.6645
INFO:__main__:Completed epoch 77 of 100

INFO:__main__:NLL: -0.0027, L2: 0.0085, Reg: 0.5793
INFO:__main__:Total loss 0.5851
INFO:__main__:Predicted mean: -0.4192
INFO:__main__:Predicted uncertainity -0.7915
INFO:__main__:Completed epoch 78 of 100

INFO:__main__:NLL: 0.0635, L2: 0.0090, Reg: 0.5793
INFO:__main__:Total loss 0.6518
INFO:__main__:Predicted mean: -0.3396
INFO:__main__:Predicted uncertainity -0.7207
INFO:__main__:Completed epoch 79 of 100

INFO:__main__:NLL: 0.0662, L2: 0.0092, Reg: 0.5793
INFO:__main__:Total loss 0.6547
INFO:__main__:Predicted mean: -0.4066
INFO:__main__:Predicted uncertainity -0.7275
INFO:__main__:Completed epoch 80 of 100

INFO:__main__:NLL: -0.0276, L2: 0.0086, Reg: 0.5793
INFO:__main__:Total loss 0.5603
INFO:__main__:Predicted mean: -0.3679
INFO:__main__:Predicted uncertainity -0.7463
INFO:__main__:Completed epoch 81 of 100

INFO:__main__:NLL: 0.1279, L2: 0.0089, Reg: 0.5793
INFO:__main__:Total loss 0.7161
INFO:__main__:Predicted mean: -0.3323
INFO:__main__:Predicted uncertainity -0.8000
INFO:__main__:Completed epoch 82 of 100

INFO:__main__:NLL: 0.2871, L2: 0.0084, Reg: 0.5791
INFO:__main__:Total loss 0.8747
INFO:__main__:Predicted mean: -0.4270
INFO:__main__:Predicted uncertainity -0.7341
INFO:__main__:Completed epoch 83 of 100

INFO:__main__:NLL: 0.0064, L2: 0.0093, Reg: 0.5792
INFO:__main__:Total loss 0.5949
INFO:__main__:Predicted mean: -0.4085
INFO:__main__:Predicted uncertainity -0.6450
INFO:__main__:Completed epoch 84 of 100

INFO:__main__:NLL: 0.1036, L2: 0.0089, Reg: 0.5793
INFO:__main__:Total loss 0.6917
INFO:__main__:Predicted mean: -0.3450
INFO:__main__:Predicted uncertainity -0.7783
INFO:__main__:Completed epoch 85 of 100

INFO:__main__:NLL: 0.0095, L2: 0.0089, Reg: 0.5793
INFO:__main__:Total loss 0.5978
INFO:__main__:Predicted mean: -0.3673
INFO:__main__:Predicted uncertainity -0.7578
INFO:__main__:Completed epoch 86 of 100

INFO:__main__:NLL: -0.0026, L2: 0.0087, Reg: 0.5793
INFO:__main__:Total loss 0.5853
INFO:__main__:Predicted mean: -0.4243
INFO:__main__:Predicted uncertainity -0.7766
INFO:__main__:Completed epoch 87 of 100

INFO:__main__:NLL: 0.1989, L2: 0.0089, Reg: 0.5793
INFO:__main__:Total loss 0.7871
INFO:__main__:Predicted mean: -0.3486
INFO:__main__:Predicted uncertainity -0.8076
INFO:__main__:Completed epoch 88 of 100

INFO:__main__:NLL: 0.3306, L2: 0.0092, Reg: 0.5793
INFO:__main__:Total loss 0.9190
INFO:__main__:Predicted mean: -0.3419
INFO:__main__:Predicted uncertainity -0.6885
INFO:__main__:Completed epoch 89 of 100

INFO:__main__:NLL: 0.2094, L2: 0.0089, Reg: 0.5793
INFO:__main__:Total loss 0.7975
INFO:__main__:Predicted mean: -0.3326
INFO:__main__:Predicted uncertainity -0.7130
INFO:__main__:Completed epoch 90 of 100

INFO:__main__:NLL: 0.0120, L2: 0.0089, Reg: 0.5794
INFO:__main__:Total loss 0.6003
INFO:__main__:Predicted mean: -0.3582
INFO:__main__:Predicted uncertainity -0.7375
INFO:__main__:Completed epoch 91 of 100

INFO:__main__:NLL: 0.0308, L2: 0.0085, Reg: 0.5794
INFO:__main__:Total loss 0.6187
INFO:__main__:Predicted mean: -0.3697
INFO:__main__:Predicted uncertainity -0.7467
INFO:__main__:Completed epoch 92 of 100

INFO:__main__:NLL: 0.2466, L2: 0.0087, Reg: 0.5793
INFO:__main__:Total loss 0.8347
INFO:__main__:Predicted mean: -0.3526
INFO:__main__:Predicted uncertainity -0.7602
INFO:__main__:Completed epoch 93 of 100

INFO:__main__:NLL: 0.3436, L2: 0.0090, Reg: 0.5793
INFO:__main__:Total loss 0.9319
INFO:__main__:Predicted mean: -0.4008
INFO:__main__:Predicted uncertainity -0.8341
INFO:__main__:Completed epoch 94 of 100

INFO:__main__:NLL: 0.1609, L2: 0.0087, Reg: 0.5792
INFO:__main__:Total loss 0.7488
INFO:__main__:Predicted mean: -0.4203
INFO:__main__:Predicted uncertainity -0.7926
INFO:__main__:Completed epoch 95 of 100

INFO:__main__:NLL: 0.0977, L2: 0.0083, Reg: 0.5792
INFO:__main__:Total loss 0.6852
INFO:__main__:Predicted mean: -0.3601
INFO:__main__:Predicted uncertainity -0.7511
INFO:__main__:Completed epoch 96 of 100

INFO:__main__:NLL: 0.1173, L2: 0.0083, Reg: 0.5793
INFO:__main__:Total loss 0.7050
INFO:__main__:Predicted mean: -0.3544
INFO:__main__:Predicted uncertainity -0.7612
INFO:__main__:Completed epoch 97 of 100

INFO:__main__:NLL: 0.0015, L2: 0.0091, Reg: 0.5793
INFO:__main__:Total loss 0.5899
INFO:__main__:Predicted mean: -0.3093
INFO:__main__:Predicted uncertainity -0.8132
INFO:__main__:Completed epoch 98 of 100

INFO:__main__:NLL: -0.0828, L2: 0.0090, Reg: 0.5792
INFO:__main__:Total loss 0.5054
INFO:__main__:Predicted mean: -0.3307
INFO:__main__:Predicted uncertainity -0.8598
INFO:__main__:Completed epoch 99 of 100

INFO:__main__:NLL: 0.1012, L2: 0.0095, Reg: 0.5792
INFO:__main__:Total loss 0.6900
INFO:__main__:Predicted mean: -0.3950
INFO:__main__:Predicted uncertainity -0.8692
INFO:__main__:Completed epoch 100 of 100

INFO:__main__:609.074153 s
