INFO:__main__:PROCESS RUNNING ON cpu
INFO:__main__:NLL: 0.2000, L2: 0.0269, Reg: 0.0016
INFO:__main__:Total loss 0.2285
INFO:__main__:Predicted mean: -0.3869
INFO:__main__:Predicted uncertainity -0.7361
INFO:__main__:Completed epoch 1 of 100

INFO:__main__:NLL: 0.0670, L2: 0.0281, Reg: 0.0016
INFO:__main__:Total loss 0.0967
INFO:__main__:Predicted mean: -0.4021
INFO:__main__:Predicted uncertainity -0.8211
INFO:__main__:Completed epoch 2 of 100

INFO:__main__:NLL: 0.0569, L2: 0.0276, Reg: 0.0016
INFO:__main__:Total loss 0.0862
INFO:__main__:Predicted mean: -0.4222
INFO:__main__:Predicted uncertainity -0.7831
INFO:__main__:Completed epoch 3 of 100

INFO:__main__:NLL: -0.0361, L2: 0.0302, Reg: 0.0016
INFO:__main__:Total loss -0.0042
INFO:__main__:Predicted mean: -0.3498
INFO:__main__:Predicted uncertainity -0.7542
INFO:__main__:Completed epoch 4 of 100

INFO:__main__:NLL: 0.1268, L2: 0.0290, Reg: 0.0016
INFO:__main__:Total loss 0.1574
INFO:__main__:Predicted mean: -0.3868
INFO:__main__:Predicted uncertainity -0.7335
INFO:__main__:Completed epoch 5 of 100

INFO:__main__:NLL: 0.2122, L2: 0.0273, Reg: 0.0016
INFO:__main__:Total loss 0.2411
INFO:__main__:Predicted mean: -0.3799
INFO:__main__:Predicted uncertainity -0.7552
INFO:__main__:Completed epoch 6 of 100

INFO:__main__:NLL: 0.1203, L2: 0.0297, Reg: 0.0016
INFO:__main__:Total loss 0.1517
INFO:__main__:Predicted mean: -0.3894
INFO:__main__:Predicted uncertainity -0.7095
INFO:__main__:Completed epoch 7 of 100

INFO:__main__:NLL: 0.2482, L2: 0.0275, Reg: 0.0016
INFO:__main__:Total loss 0.2774
INFO:__main__:Predicted mean: -0.3752
INFO:__main__:Predicted uncertainity -0.8148
INFO:__main__:Completed epoch 8 of 100

INFO:__main__:NLL: 0.0373, L2: 0.0282, Reg: 0.0017
INFO:__main__:Total loss 0.0672
INFO:__main__:Predicted mean: -0.3707
INFO:__main__:Predicted uncertainity -0.8387
INFO:__main__:Completed epoch 9 of 100

INFO:__main__:NLL: 0.2841, L2: 0.0283, Reg: 0.0016
INFO:__main__:Total loss 0.3140
INFO:__main__:Predicted mean: -0.4034
INFO:__main__:Predicted uncertainity -0.7826
INFO:__main__:Completed epoch 10 of 100

INFO:__main__:NLL: 0.0261, L2: 0.0264, Reg: 0.0016
INFO:__main__:Total loss 0.0541
INFO:__main__:Predicted mean: -0.3828
INFO:__main__:Predicted uncertainity -0.7727
INFO:__main__:Completed epoch 11 of 100

INFO:__main__:NLL: 0.2086, L2: 0.0250, Reg: 0.0017
INFO:__main__:Total loss 0.2353
INFO:__main__:Predicted mean: -0.3733
INFO:__main__:Predicted uncertainity -0.6891
INFO:__main__:Completed epoch 12 of 100

INFO:__main__:NLL: -0.0270, L2: 0.0280, Reg: 0.0016
INFO:__main__:Total loss 0.0027
INFO:__main__:Predicted mean: -0.3442
INFO:__main__:Predicted uncertainity -0.7767
INFO:__main__:Completed epoch 13 of 100

INFO:__main__:NLL: 0.2615, L2: 0.0286, Reg: 0.0016
INFO:__main__:Total loss 0.2918
INFO:__main__:Predicted mean: -0.3694
INFO:__main__:Predicted uncertainity -0.8276
INFO:__main__:Completed epoch 14 of 100

INFO:__main__:NLL: 0.1865, L2: 0.0298, Reg: 0.0016
INFO:__main__:Total loss 0.2179
INFO:__main__:Predicted mean: -0.3687
INFO:__main__:Predicted uncertainity -0.7824
INFO:__main__:Completed epoch 15 of 100

INFO:__main__:NLL: 0.2374, L2: 0.0287, Reg: 0.0016
INFO:__main__:Total loss 0.2677
INFO:__main__:Predicted mean: -0.3606
INFO:__main__:Predicted uncertainity -0.8358
INFO:__main__:Completed epoch 16 of 100

INFO:__main__:NLL: 0.0617, L2: 0.0271, Reg: 0.0016
INFO:__main__:Total loss 0.0904
INFO:__main__:Predicted mean: -0.3700
INFO:__main__:Predicted uncertainity -0.7613
INFO:__main__:Completed epoch 17 of 100

INFO:__main__:NLL: 0.1971, L2: 0.0269, Reg: 0.0016
INFO:__main__:Total loss 0.2256
INFO:__main__:Predicted mean: -0.4173
INFO:__main__:Predicted uncertainity -0.7163
INFO:__main__:Completed epoch 18 of 100

INFO:__main__:NLL: -0.0491, L2: 0.0288, Reg: 0.0016
INFO:__main__:Total loss -0.0187
INFO:__main__:Predicted mean: -0.4097
INFO:__main__:Predicted uncertainity -0.7385
INFO:__main__:Completed epoch 19 of 100

INFO:__main__:NLL: 0.1126, L2: 0.0275, Reg: 0.0016
INFO:__main__:Total loss 0.1417
INFO:__main__:Predicted mean: -0.3840
INFO:__main__:Predicted uncertainity -0.6669
INFO:__main__:Completed epoch 20 of 100

INFO:__main__:NLL: -0.0360, L2: 0.0291, Reg: 0.0016
INFO:__main__:Total loss -0.0053
INFO:__main__:Predicted mean: -0.3595
INFO:__main__:Predicted uncertainity -0.6974
INFO:__main__:Completed epoch 21 of 100

INFO:__main__:NLL: 0.0359, L2: 0.0300, Reg: 0.0016
INFO:__main__:Total loss 0.0675
INFO:__main__:Predicted mean: -0.3312
INFO:__main__:Predicted uncertainity -0.8576
INFO:__main__:Completed epoch 22 of 100

INFO:__main__:NLL: 0.1307, L2: 0.0282, Reg: 0.0017
INFO:__main__:Total loss 0.1606
INFO:__main__:Predicted mean: -0.3939
INFO:__main__:Predicted uncertainity -0.7387
INFO:__main__:Completed epoch 23 of 100

INFO:__main__:NLL: 0.1979, L2: 0.0277, Reg: 0.0016
INFO:__main__:Total loss 0.2273
INFO:__main__:Predicted mean: -0.3358
INFO:__main__:Predicted uncertainity -0.7070
INFO:__main__:Completed epoch 24 of 100

INFO:__main__:NLL: 0.1388, L2: 0.0278, Reg: 0.0016
INFO:__main__:Total loss 0.1683
INFO:__main__:Predicted mean: -0.3538
INFO:__main__:Predicted uncertainity -0.7654
INFO:__main__:Completed epoch 25 of 100

INFO:__main__:NLL: -0.0260, L2: 0.0289, Reg: 0.0016
INFO:__main__:Total loss 0.0045
INFO:__main__:Predicted mean: -0.3991
INFO:__main__:Predicted uncertainity -0.6917
INFO:__main__:Completed epoch 26 of 100

INFO:__main__:NLL: 0.2176, L2: 0.0294, Reg: 0.0016
INFO:__main__:Total loss 0.2486
INFO:__main__:Predicted mean: -0.3907
INFO:__main__:Predicted uncertainity -0.7071
INFO:__main__:Completed epoch 27 of 100

INFO:__main__:NLL: 0.1972, L2: 0.0272, Reg: 0.0016
INFO:__main__:Total loss 0.2260
INFO:__main__:Predicted mean: -0.3654
INFO:__main__:Predicted uncertainity -0.7119
INFO:__main__:Completed epoch 28 of 100

INFO:__main__:NLL: 0.1323, L2: 0.0282, Reg: 0.0016
INFO:__main__:Total loss 0.1622
INFO:__main__:Predicted mean: -0.3275
INFO:__main__:Predicted uncertainity -0.8225
INFO:__main__:Completed epoch 29 of 100

INFO:__main__:NLL: 0.1808, L2: 0.0273, Reg: 0.0016
INFO:__main__:Total loss 0.2097
INFO:__main__:Predicted mean: -0.3418
INFO:__main__:Predicted uncertainity -0.6602
INFO:__main__:Completed epoch 30 of 100

INFO:__main__:NLL: 0.1707, L2: 0.0270, Reg: 0.0016
INFO:__main__:Total loss 0.1993
INFO:__main__:Predicted mean: -0.4246
INFO:__main__:Predicted uncertainity -0.7353
INFO:__main__:Completed epoch 31 of 100

INFO:__main__:NLL: -0.0338, L2: 0.0298, Reg: 0.0016
INFO:__main__:Total loss -0.0024
INFO:__main__:Predicted mean: -0.3688
INFO:__main__:Predicted uncertainity -0.8297
INFO:__main__:Completed epoch 32 of 100

INFO:__main__:NLL: 0.0916, L2: 0.0285, Reg: 0.0016
INFO:__main__:Total loss 0.1218
INFO:__main__:Predicted mean: -0.4175
INFO:__main__:Predicted uncertainity -0.7311
INFO:__main__:Completed epoch 33 of 100

INFO:__main__:NLL: 0.0081, L2: 0.0315, Reg: 0.0016
INFO:__main__:Total loss 0.0412
INFO:__main__:Predicted mean: -0.3456
INFO:__main__:Predicted uncertainity -0.6786
INFO:__main__:Completed epoch 34 of 100

INFO:__main__:NLL: -0.0306, L2: 0.0289, Reg: 0.0016
INFO:__main__:Total loss -0.0001
INFO:__main__:Predicted mean: -0.3763
INFO:__main__:Predicted uncertainity -0.7535
INFO:__main__:Completed epoch 35 of 100

INFO:__main__:NLL: 0.1215, L2: 0.0264, Reg: 0.0016
INFO:__main__:Total loss 0.1495
INFO:__main__:Predicted mean: -0.3297
INFO:__main__:Predicted uncertainity -0.7957
INFO:__main__:Completed epoch 36 of 100

INFO:__main__:NLL: -0.0292, L2: 0.0273, Reg: 0.0016
INFO:__main__:Total loss -0.0003
INFO:__main__:Predicted mean: -0.3592
INFO:__main__:Predicted uncertainity -0.7930
INFO:__main__:Completed epoch 37 of 100

INFO:__main__:NLL: 0.3221, L2: 0.0291, Reg: 0.0016
INFO:__main__:Total loss 0.3528
INFO:__main__:Predicted mean: -0.3824
INFO:__main__:Predicted uncertainity -0.8320
INFO:__main__:Completed epoch 38 of 100

INFO:__main__:NLL: 0.2169, L2: 0.0288, Reg: 0.0016
INFO:__main__:Total loss 0.2474
INFO:__main__:Predicted mean: -0.4359
INFO:__main__:Predicted uncertainity -0.7443
INFO:__main__:Completed epoch 39 of 100

INFO:__main__:NLL: 0.0957, L2: 0.0290, Reg: 0.0016
INFO:__main__:Total loss 0.1263
INFO:__main__:Predicted mean: -0.4224
INFO:__main__:Predicted uncertainity -0.6260
INFO:__main__:Completed epoch 40 of 100

INFO:__main__:NLL: -0.0729, L2: 0.0279, Reg: 0.0016
INFO:__main__:Total loss -0.0434
INFO:__main__:Predicted mean: -0.3623
INFO:__main__:Predicted uncertainity -0.7718
INFO:__main__:Completed epoch 41 of 100

INFO:__main__:NLL: 0.0368, L2: 0.0283, Reg: 0.0016
INFO:__main__:Total loss 0.0668
INFO:__main__:Predicted mean: -0.4371
INFO:__main__:Predicted uncertainity -0.6664
INFO:__main__:Completed epoch 42 of 100

INFO:__main__:NLL: 0.2956, L2: 0.0274, Reg: 0.0016
INFO:__main__:Total loss 0.3247
INFO:__main__:Predicted mean: -0.3989
INFO:__main__:Predicted uncertainity -0.8083
INFO:__main__:Completed epoch 43 of 100

INFO:__main__:NLL: 0.3287, L2: 0.0282, Reg: 0.0016
INFO:__main__:Total loss 0.3586
INFO:__main__:Predicted mean: -0.4374
INFO:__main__:Predicted uncertainity -0.8151
INFO:__main__:Completed epoch 44 of 100

INFO:__main__:NLL: 0.1066, L2: 0.0242, Reg: 0.0016
INFO:__main__:Total loss 0.1324
INFO:__main__:Predicted mean: -0.3817
INFO:__main__:Predicted uncertainity -0.7534
INFO:__main__:Completed epoch 45 of 100

INFO:__main__:NLL: 0.1467, L2: 0.0278, Reg: 0.0016
INFO:__main__:Total loss 0.1761
INFO:__main__:Predicted mean: -0.3747
INFO:__main__:Predicted uncertainity -0.7877
INFO:__main__:Completed epoch 46 of 100

INFO:__main__:NLL: 0.0961, L2: 0.0279, Reg: 0.0016
INFO:__main__:Total loss 0.1256
INFO:__main__:Predicted mean: -0.4346
INFO:__main__:Predicted uncertainity -0.7707
INFO:__main__:Completed epoch 47 of 100

INFO:__main__:NLL: 0.1311, L2: 0.0292, Reg: 0.0016
INFO:__main__:Total loss 0.1619
INFO:__main__:Predicted mean: -0.3822
INFO:__main__:Predicted uncertainity -0.6931
INFO:__main__:Completed epoch 48 of 100

INFO:__main__:NLL: 0.0354, L2: 0.0282, Reg: 0.0016
INFO:__main__:Total loss 0.0652
INFO:__main__:Predicted mean: -0.3760
INFO:__main__:Predicted uncertainity -0.7000
INFO:__main__:Completed epoch 49 of 100

INFO:__main__:NLL: 0.1143, L2: 0.0277, Reg: 0.0016
INFO:__main__:Total loss 0.1437
INFO:__main__:Predicted mean: -0.3755
INFO:__main__:Predicted uncertainity -0.8273
INFO:__main__:Completed epoch 50 of 100

INFO:__main__:NLL: 0.4512, L2: 0.0280, Reg: 0.0016
INFO:__main__:Total loss 0.4808
INFO:__main__:Predicted mean: -0.3987
INFO:__main__:Predicted uncertainity -0.8198
INFO:__main__:Completed epoch 51 of 100

INFO:__main__:NLL: -0.0906, L2: 0.0278, Reg: 0.0016
INFO:__main__:Total loss -0.0611
INFO:__main__:Predicted mean: -0.3719
INFO:__main__:Predicted uncertainity -0.8203
INFO:__main__:Completed epoch 52 of 100

INFO:__main__:NLL: 0.0521, L2: 0.0260, Reg: 0.0016
INFO:__main__:Total loss 0.0797
INFO:__main__:Predicted mean: -0.3780
INFO:__main__:Predicted uncertainity -0.6729
INFO:__main__:Completed epoch 53 of 100

INFO:__main__:NLL: 0.2563, L2: 0.0272, Reg: 0.0016
INFO:__main__:Total loss 0.2851
INFO:__main__:Predicted mean: -0.3838
INFO:__main__:Predicted uncertainity -0.6974
INFO:__main__:Completed epoch 54 of 100

INFO:__main__:NLL: 0.2304, L2: 0.0281, Reg: 0.0016
INFO:__main__:Total loss 0.2601
INFO:__main__:Predicted mean: -0.3354
INFO:__main__:Predicted uncertainity -0.7522
INFO:__main__:Completed epoch 55 of 100

INFO:__main__:NLL: 0.2602, L2: 0.0294, Reg: 0.0016
INFO:__main__:Total loss 0.2913
INFO:__main__:Predicted mean: -0.3836
INFO:__main__:Predicted uncertainity -0.7552
INFO:__main__:Completed epoch 56 of 100

INFO:__main__:NLL: 0.1207, L2: 0.0279, Reg: 0.0016
INFO:__main__:Total loss 0.1502
INFO:__main__:Predicted mean: -0.3634
INFO:__main__:Predicted uncertainity -0.7064
INFO:__main__:Completed epoch 57 of 100

INFO:__main__:NLL: -0.0058, L2: 0.0288, Reg: 0.0016
INFO:__main__:Total loss 0.0246
INFO:__main__:Predicted mean: -0.4391
INFO:__main__:Predicted uncertainity -0.7297
INFO:__main__:Completed epoch 58 of 100

INFO:__main__:NLL: -0.0264, L2: 0.0288, Reg: 0.0016
INFO:__main__:Total loss 0.0040
INFO:__main__:Predicted mean: -0.3365
INFO:__main__:Predicted uncertainity -0.7268
INFO:__main__:Completed epoch 59 of 100

INFO:__main__:NLL: 0.1300, L2: 0.0301, Reg: 0.0016
INFO:__main__:Total loss 0.1617
INFO:__main__:Predicted mean: -0.3812
INFO:__main__:Predicted uncertainity -0.7286
INFO:__main__:Completed epoch 60 of 100

INFO:__main__:NLL: 0.1860, L2: 0.0299, Reg: 0.0016
INFO:__main__:Total loss 0.2176
INFO:__main__:Predicted mean: -0.3070
INFO:__main__:Predicted uncertainity -0.8248
INFO:__main__:Completed epoch 61 of 100

INFO:__main__:NLL: 0.1521, L2: 0.0288, Reg: 0.0016
INFO:__main__:Total loss 0.1825
INFO:__main__:Predicted mean: -0.3275
INFO:__main__:Predicted uncertainity -0.7188
INFO:__main__:Completed epoch 62 of 100

INFO:__main__:NLL: 0.0682, L2: 0.0297, Reg: 0.0016
INFO:__main__:Total loss 0.0996
INFO:__main__:Predicted mean: -0.4452
INFO:__main__:Predicted uncertainity -0.7397
INFO:__main__:Completed epoch 63 of 100

INFO:__main__:NLL: 0.0017, L2: 0.0279, Reg: 0.0016
INFO:__main__:Total loss 0.0312
INFO:__main__:Predicted mean: -0.3662
INFO:__main__:Predicted uncertainity -0.8144
INFO:__main__:Completed epoch 64 of 100

INFO:__main__:NLL: 0.0533, L2: 0.0275, Reg: 0.0016
INFO:__main__:Total loss 0.0824
INFO:__main__:Predicted mean: -0.3386
INFO:__main__:Predicted uncertainity -0.7346
INFO:__main__:Completed epoch 65 of 100

INFO:__main__:NLL: 0.1572, L2: 0.0296, Reg: 0.0016
INFO:__main__:Total loss 0.1885
INFO:__main__:Predicted mean: -0.3884
INFO:__main__:Predicted uncertainity -0.7469
INFO:__main__:Completed epoch 66 of 100

INFO:__main__:NLL: 0.1067, L2: 0.0274, Reg: 0.0016
INFO:__main__:Total loss 0.1358
INFO:__main__:Predicted mean: -0.3878
INFO:__main__:Predicted uncertainity -0.6779
INFO:__main__:Completed epoch 67 of 100

INFO:__main__:NLL: 0.0350, L2: 0.0287, Reg: 0.0016
INFO:__main__:Total loss 0.0654
INFO:__main__:Predicted mean: -0.3616
INFO:__main__:Predicted uncertainity -0.8005
INFO:__main__:Completed epoch 68 of 100

INFO:__main__:NLL: 0.0460, L2: 0.0300, Reg: 0.0016
INFO:__main__:Total loss 0.0776
INFO:__main__:Predicted mean: -0.4036
INFO:__main__:Predicted uncertainity -0.8401
INFO:__main__:Completed epoch 69 of 100

INFO:__main__:NLL: 0.4090, L2: 0.0294, Reg: 0.0017
INFO:__main__:Total loss 0.4400
INFO:__main__:Predicted mean: -0.4758
INFO:__main__:Predicted uncertainity -0.7979
INFO:__main__:Completed epoch 70 of 100

INFO:__main__:NLL: 0.0146, L2: 0.0273, Reg: 0.0016
INFO:__main__:Total loss 0.0436
INFO:__main__:Predicted mean: -0.3989
INFO:__main__:Predicted uncertainity -0.7664
INFO:__main__:Completed epoch 71 of 100

INFO:__main__:NLL: 0.3029, L2: 0.0284, Reg: 0.0017
INFO:__main__:Total loss 0.3330
INFO:__main__:Predicted mean: -0.4179
INFO:__main__:Predicted uncertainity -0.8320
INFO:__main__:Completed epoch 72 of 100

INFO:__main__:NLL: 0.3091, L2: 0.0281, Reg: 0.0016
INFO:__main__:Total loss 0.3388
INFO:__main__:Predicted mean: -0.3787
INFO:__main__:Predicted uncertainity -0.7733
INFO:__main__:Completed epoch 73 of 100

INFO:__main__:NLL: 0.1071, L2: 0.0293, Reg: 0.0017
INFO:__main__:Total loss 0.1381
INFO:__main__:Predicted mean: -0.3976
INFO:__main__:Predicted uncertainity -0.7644
INFO:__main__:Completed epoch 74 of 100

INFO:__main__:NLL: 0.0497, L2: 0.0288, Reg: 0.0016
INFO:__main__:Total loss 0.0801
INFO:__main__:Predicted mean: -0.3903
INFO:__main__:Predicted uncertainity -0.7689
INFO:__main__:Completed epoch 75 of 100

INFO:__main__:NLL: 0.1166, L2: 0.0285, Reg: 0.0016
INFO:__main__:Total loss 0.1468
INFO:__main__:Predicted mean: -0.4252
INFO:__main__:Predicted uncertainity -0.7419
INFO:__main__:Completed epoch 76 of 100

INFO:__main__:NLL: 0.2133, L2: 0.0304, Reg: 0.0016
INFO:__main__:Total loss 0.2453
INFO:__main__:Predicted mean: -0.4003
INFO:__main__:Predicted uncertainity -0.7688
INFO:__main__:Completed epoch 77 of 100

INFO:__main__:NLL: 0.2751, L2: 0.0273, Reg: 0.0016
INFO:__main__:Total loss 0.3040
INFO:__main__:Predicted mean: -0.3364
INFO:__main__:Predicted uncertainity -0.7093
INFO:__main__:Completed epoch 78 of 100

INFO:__main__:NLL: 0.2700, L2: 0.0267, Reg: 0.0016
INFO:__main__:Total loss 0.2983
INFO:__main__:Predicted mean: -0.3826
INFO:__main__:Predicted uncertainity -0.7311
INFO:__main__:Completed epoch 79 of 100

INFO:__main__:NLL: 0.0693, L2: 0.0290, Reg: 0.0017
INFO:__main__:Total loss 0.0999
INFO:__main__:Predicted mean: -0.3195
INFO:__main__:Predicted uncertainity -0.7291
INFO:__main__:Completed epoch 80 of 100

INFO:__main__:NLL: 0.0285, L2: 0.0288, Reg: 0.0016
INFO:__main__:Total loss 0.0589
INFO:__main__:Predicted mean: -0.3996
INFO:__main__:Predicted uncertainity -0.6878
INFO:__main__:Completed epoch 81 of 100

INFO:__main__:NLL: 0.1046, L2: 0.0277, Reg: 0.0016
INFO:__main__:Total loss 0.1339
INFO:__main__:Predicted mean: -0.4205
INFO:__main__:Predicted uncertainity -0.8084
INFO:__main__:Completed epoch 82 of 100

INFO:__main__:NLL: 0.0009, L2: 0.0286, Reg: 0.0017
INFO:__main__:Total loss 0.0312
INFO:__main__:Predicted mean: -0.4173
INFO:__main__:Predicted uncertainity -0.7985
INFO:__main__:Completed epoch 83 of 100

INFO:__main__:NLL: 0.3760, L2: 0.0282, Reg: 0.0016
INFO:__main__:Total loss 0.4058
INFO:__main__:Predicted mean: -0.3514
INFO:__main__:Predicted uncertainity -0.6787
INFO:__main__:Completed epoch 84 of 100

INFO:__main__:NLL: 0.0944, L2: 0.0279, Reg: 0.0016
INFO:__main__:Total loss 0.1239
INFO:__main__:Predicted mean: -0.3843
INFO:__main__:Predicted uncertainity -0.6393
INFO:__main__:Completed epoch 85 of 100

INFO:__main__:NLL: -0.0385, L2: 0.0288, Reg: 0.0016
INFO:__main__:Total loss -0.0081
INFO:__main__:Predicted mean: -0.3970
INFO:__main__:Predicted uncertainity -0.8207
INFO:__main__:Completed epoch 86 of 100

INFO:__main__:NLL: 0.0948, L2: 0.0280, Reg: 0.0016
INFO:__main__:Total loss 0.1244
INFO:__main__:Predicted mean: -0.4175
INFO:__main__:Predicted uncertainity -0.6396
INFO:__main__:Completed epoch 87 of 100

INFO:__main__:NLL: 0.0493, L2: 0.0289, Reg: 0.0016
INFO:__main__:Total loss 0.0798
INFO:__main__:Predicted mean: -0.3834
INFO:__main__:Predicted uncertainity -0.7096
INFO:__main__:Completed epoch 88 of 100

INFO:__main__:NLL: 0.0522, L2: 0.0277, Reg: 0.0016
INFO:__main__:Total loss 0.0815
INFO:__main__:Predicted mean: -0.3562
INFO:__main__:Predicted uncertainity -0.7791
INFO:__main__:Completed epoch 89 of 100

INFO:__main__:NLL: 0.2240, L2: 0.0295, Reg: 0.0016
INFO:__main__:Total loss 0.2552
INFO:__main__:Predicted mean: -0.4219
INFO:__main__:Predicted uncertainity -0.7314
INFO:__main__:Completed epoch 90 of 100

INFO:__main__:NLL: 0.0836, L2: 0.0294, Reg: 0.0016
INFO:__main__:Total loss 0.1146
INFO:__main__:Predicted mean: -0.4402
INFO:__main__:Predicted uncertainity -0.7862
INFO:__main__:Completed epoch 91 of 100

INFO:__main__:NLL: 0.1152, L2: 0.0281, Reg: 0.0017
INFO:__main__:Total loss 0.1450
INFO:__main__:Predicted mean: -0.3871
INFO:__main__:Predicted uncertainity -0.8753
INFO:__main__:Completed epoch 92 of 100

INFO:__main__:NLL: 0.0731, L2: 0.0277, Reg: 0.0016
INFO:__main__:Total loss 0.1024
INFO:__main__:Predicted mean: -0.4163
INFO:__main__:Predicted uncertainity -0.7155
INFO:__main__:Completed epoch 93 of 100

INFO:__main__:NLL: 0.1052, L2: 0.0311, Reg: 0.0016
INFO:__main__:Total loss 0.1380
INFO:__main__:Predicted mean: -0.3432
INFO:__main__:Predicted uncertainity -0.7527
INFO:__main__:Completed epoch 94 of 100

INFO:__main__:NLL: 0.1247, L2: 0.0276, Reg: 0.0016
INFO:__main__:Total loss 0.1539
INFO:__main__:Predicted mean: -0.4185
INFO:__main__:Predicted uncertainity -0.6745
INFO:__main__:Completed epoch 95 of 100

INFO:__main__:NLL: 0.1815, L2: 0.0297, Reg: 0.0016
INFO:__main__:Total loss 0.2128
INFO:__main__:Predicted mean: -0.3686
INFO:__main__:Predicted uncertainity -0.8648
INFO:__main__:Completed epoch 96 of 100

INFO:__main__:NLL: -0.0023, L2: 0.0276, Reg: 0.0016
INFO:__main__:Total loss 0.0269
INFO:__main__:Predicted mean: -0.3505
INFO:__main__:Predicted uncertainity -0.7950
INFO:__main__:Completed epoch 97 of 100

INFO:__main__:NLL: 0.1140, L2: 0.0285, Reg: 0.0017
INFO:__main__:Total loss 0.1442
INFO:__main__:Predicted mean: -0.3913
INFO:__main__:Predicted uncertainity -0.7820
INFO:__main__:Completed epoch 98 of 100

INFO:__main__:NLL: 0.3374, L2: 0.0291, Reg: 0.0017
INFO:__main__:Total loss 0.3682
INFO:__main__:Predicted mean: -0.4334
INFO:__main__:Predicted uncertainity -0.8812
INFO:__main__:Completed epoch 99 of 100

INFO:__main__:NLL: 0.2902, L2: 0.0277, Reg: 0.0016
INFO:__main__:Total loss 0.3196
INFO:__main__:Predicted mean: -0.3855
INFO:__main__:Predicted uncertainity -0.8230
INFO:__main__:Completed epoch 100 of 100

INFO:__main__:695.139707 s
