INFO:__main__:PROCESS RUNNING ON cpu
INFO:__main__:NLL: 0.0439, L2: 0.0068, Reg: 0.2817
INFO:__main__:Total loss 0.3324
INFO:__main__:Predicted mean: -0.4507
INFO:__main__:Predicted uncertainity -0.7655
INFO:__main__:Completed epoch 1 of 100

INFO:__main__:NLL: 0.1184, L2: 0.0073, Reg: 0.2816
INFO:__main__:Total loss 0.4074
INFO:__main__:Predicted mean: -0.3796
INFO:__main__:Predicted uncertainity -0.7873
INFO:__main__:Completed epoch 2 of 100

INFO:__main__:NLL: 0.1351, L2: 0.0082, Reg: 0.2816
INFO:__main__:Total loss 0.4249
INFO:__main__:Predicted mean: -0.3874
INFO:__main__:Predicted uncertainity -0.7047
INFO:__main__:Completed epoch 3 of 100

INFO:__main__:NLL: -0.1806, L2: 0.0081, Reg: 0.2817
INFO:__main__:Total loss 0.1092
INFO:__main__:Predicted mean: -0.4522
INFO:__main__:Predicted uncertainity -0.8669
INFO:__main__:Completed epoch 4 of 100

INFO:__main__:NLL: 0.1831, L2: 0.0080, Reg: 0.2815
INFO:__main__:Total loss 0.4726
INFO:__main__:Predicted mean: -0.3311
INFO:__main__:Predicted uncertainity -0.7593
INFO:__main__:Completed epoch 5 of 100

INFO:__main__:NLL: 0.0225, L2: 0.0082, Reg: 0.2815
INFO:__main__:Total loss 0.3122
INFO:__main__:Predicted mean: -0.3524
INFO:__main__:Predicted uncertainity -0.6424
INFO:__main__:Completed epoch 6 of 100

INFO:__main__:NLL: -0.0685, L2: 0.0076, Reg: 0.2815
INFO:__main__:Total loss 0.2206
INFO:__main__:Predicted mean: -0.3815
INFO:__main__:Predicted uncertainity -0.7383
INFO:__main__:Completed epoch 7 of 100

INFO:__main__:NLL: 0.1991, L2: 0.0082, Reg: 0.2816
INFO:__main__:Total loss 0.4889
INFO:__main__:Predicted mean: -0.4533
INFO:__main__:Predicted uncertainity -0.7165
INFO:__main__:Completed epoch 8 of 100

INFO:__main__:NLL: 0.0532, L2: 0.0083, Reg: 0.2815
INFO:__main__:Total loss 0.3430
INFO:__main__:Predicted mean: -0.4233
INFO:__main__:Predicted uncertainity -0.8318
INFO:__main__:Completed epoch 9 of 100

INFO:__main__:NLL: 0.2013, L2: 0.0081, Reg: 0.2816
INFO:__main__:Total loss 0.4910
INFO:__main__:Predicted mean: -0.3737
INFO:__main__:Predicted uncertainity -0.7903
INFO:__main__:Completed epoch 10 of 100

INFO:__main__:NLL: 0.0723, L2: 0.0083, Reg: 0.2816
INFO:__main__:Total loss 0.3622
INFO:__main__:Predicted mean: -0.3733
INFO:__main__:Predicted uncertainity -0.7787
INFO:__main__:Completed epoch 11 of 100

INFO:__main__:NLL: 0.1454, L2: 0.0082, Reg: 0.2815
INFO:__main__:Total loss 0.4351
INFO:__main__:Predicted mean: -0.4476
INFO:__main__:Predicted uncertainity -0.7184
INFO:__main__:Completed epoch 12 of 100

INFO:__main__:NLL: 0.0320, L2: 0.0087, Reg: 0.2816
INFO:__main__:Total loss 0.3223
INFO:__main__:Predicted mean: -0.3775
INFO:__main__:Predicted uncertainity -0.7361
INFO:__main__:Completed epoch 13 of 100

INFO:__main__:NLL: 0.1101, L2: 0.0083, Reg: 0.2816
INFO:__main__:Total loss 0.4000
INFO:__main__:Predicted mean: -0.3764
INFO:__main__:Predicted uncertainity -0.7257
INFO:__main__:Completed epoch 14 of 100

INFO:__main__:NLL: 0.1086, L2: 0.0084, Reg: 0.2817
INFO:__main__:Total loss 0.3986
INFO:__main__:Predicted mean: -0.3870
INFO:__main__:Predicted uncertainity -0.7737
INFO:__main__:Completed epoch 15 of 100

INFO:__main__:NLL: 0.1584, L2: 0.0079, Reg: 0.2814
INFO:__main__:Total loss 0.4478
INFO:__main__:Predicted mean: -0.4397
INFO:__main__:Predicted uncertainity -0.7160
INFO:__main__:Completed epoch 16 of 100

INFO:__main__:NLL: 0.0111, L2: 0.0085, Reg: 0.2816
INFO:__main__:Total loss 0.3012
INFO:__main__:Predicted mean: -0.3900
INFO:__main__:Predicted uncertainity -0.8353
INFO:__main__:Completed epoch 17 of 100

INFO:__main__:NLL: 0.1146, L2: 0.0084, Reg: 0.2818
INFO:__main__:Total loss 0.4048
INFO:__main__:Predicted mean: -0.3854
INFO:__main__:Predicted uncertainity -0.8138
INFO:__main__:Completed epoch 18 of 100

INFO:__main__:NLL: -0.0580, L2: 0.0085, Reg: 0.2817
INFO:__main__:Total loss 0.2322
INFO:__main__:Predicted mean: -0.3293
INFO:__main__:Predicted uncertainity -0.7835
INFO:__main__:Completed epoch 19 of 100

INFO:__main__:NLL: 0.0551, L2: 0.0086, Reg: 0.2816
INFO:__main__:Total loss 0.3453
INFO:__main__:Predicted mean: -0.3813
INFO:__main__:Predicted uncertainity -0.7694
INFO:__main__:Completed epoch 20 of 100

INFO:__main__:NLL: 0.1863, L2: 0.0092, Reg: 0.2814
INFO:__main__:Total loss 0.4770
INFO:__main__:Predicted mean: -0.3637
INFO:__main__:Predicted uncertainity -0.6272
INFO:__main__:Completed epoch 21 of 100

INFO:__main__:NLL: 0.0314, L2: 0.0096, Reg: 0.2815
INFO:__main__:Total loss 0.3226
INFO:__main__:Predicted mean: -0.3937
INFO:__main__:Predicted uncertainity -0.8058
INFO:__main__:Completed epoch 22 of 100

INFO:__main__:NLL: 0.4384, L2: 0.0091, Reg: 0.2816
INFO:__main__:Total loss 0.7291
INFO:__main__:Predicted mean: -0.3723
INFO:__main__:Predicted uncertainity -0.8001
INFO:__main__:Completed epoch 23 of 100

INFO:__main__:NLL: -0.0170, L2: 0.0084, Reg: 0.2819
INFO:__main__:Total loss 0.2733
INFO:__main__:Predicted mean: -0.3772
INFO:__main__:Predicted uncertainity -0.7127
INFO:__main__:Completed epoch 24 of 100

INFO:__main__:NLL: 0.0813, L2: 0.0093, Reg: 0.2815
INFO:__main__:Total loss 0.3721
INFO:__main__:Predicted mean: -0.3491
INFO:__main__:Predicted uncertainity -0.7064
INFO:__main__:Completed epoch 25 of 100

INFO:__main__:NLL: 0.1884, L2: 0.0092, Reg: 0.2817
INFO:__main__:Total loss 0.4793
INFO:__main__:Predicted mean: -0.4102
INFO:__main__:Predicted uncertainity -0.7368
INFO:__main__:Completed epoch 26 of 100

INFO:__main__:NLL: 0.0643, L2: 0.0093, Reg: 0.2816
INFO:__main__:Total loss 0.3553
INFO:__main__:Predicted mean: -0.3104
INFO:__main__:Predicted uncertainity -0.6943
INFO:__main__:Completed epoch 27 of 100

INFO:__main__:NLL: 0.0129, L2: 0.0089, Reg: 0.2818
INFO:__main__:Total loss 0.3035
INFO:__main__:Predicted mean: -0.3614
INFO:__main__:Predicted uncertainity -0.8405
INFO:__main__:Completed epoch 28 of 100

INFO:__main__:NLL: 0.1320, L2: 0.0086, Reg: 0.2817
INFO:__main__:Total loss 0.4223
INFO:__main__:Predicted mean: -0.4056
INFO:__main__:Predicted uncertainity -0.7794
INFO:__main__:Completed epoch 29 of 100

INFO:__main__:NLL: 0.0947, L2: 0.0088, Reg: 0.2814
INFO:__main__:Total loss 0.3849
INFO:__main__:Predicted mean: -0.3525
INFO:__main__:Predicted uncertainity -0.7253
INFO:__main__:Completed epoch 30 of 100

INFO:__main__:NLL: -0.1113, L2: 0.0087, Reg: 0.2816
INFO:__main__:Total loss 0.1790
INFO:__main__:Predicted mean: -0.3260
INFO:__main__:Predicted uncertainity -0.8267
INFO:__main__:Completed epoch 31 of 100

INFO:__main__:NLL: 0.0310, L2: 0.0092, Reg: 0.2816
INFO:__main__:Total loss 0.3218
INFO:__main__:Predicted mean: -0.3159
INFO:__main__:Predicted uncertainity -0.7949
INFO:__main__:Completed epoch 32 of 100

INFO:__main__:NLL: 0.2198, L2: 0.0086, Reg: 0.2818
INFO:__main__:Total loss 0.5102
INFO:__main__:Predicted mean: -0.4222
INFO:__main__:Predicted uncertainity -0.8971
INFO:__main__:Completed epoch 33 of 100

INFO:__main__:NLL: 0.1151, L2: 0.0088, Reg: 0.2817
INFO:__main__:Total loss 0.4055
INFO:__main__:Predicted mean: -0.3531
INFO:__main__:Predicted uncertainity -0.7313
INFO:__main__:Completed epoch 34 of 100

INFO:__main__:NLL: 0.1158, L2: 0.0090, Reg: 0.2814
INFO:__main__:Total loss 0.4063
INFO:__main__:Predicted mean: -0.3530
INFO:__main__:Predicted uncertainity -0.7578
INFO:__main__:Completed epoch 35 of 100

INFO:__main__:NLL: 0.1140, L2: 0.0093, Reg: 0.2816
INFO:__main__:Total loss 0.4049
INFO:__main__:Predicted mean: -0.3343
INFO:__main__:Predicted uncertainity -0.8857
INFO:__main__:Completed epoch 36 of 100

INFO:__main__:NLL: 0.3178, L2: 0.0092, Reg: 0.2816
INFO:__main__:Total loss 0.6087
INFO:__main__:Predicted mean: -0.3935
INFO:__main__:Predicted uncertainity -0.7320
INFO:__main__:Completed epoch 37 of 100

INFO:__main__:NLL: -0.0404, L2: 0.0089, Reg: 0.2814
INFO:__main__:Total loss 0.2500
INFO:__main__:Predicted mean: -0.3433
INFO:__main__:Predicted uncertainity -0.8174
INFO:__main__:Completed epoch 38 of 100

INFO:__main__:NLL: 0.1246, L2: 0.0090, Reg: 0.2814
INFO:__main__:Total loss 0.4150
INFO:__main__:Predicted mean: -0.4901
INFO:__main__:Predicted uncertainity -0.7897
INFO:__main__:Completed epoch 39 of 100

INFO:__main__:NLL: 0.0159, L2: 0.0087, Reg: 0.2817
INFO:__main__:Total loss 0.3062
INFO:__main__:Predicted mean: -0.3611
INFO:__main__:Predicted uncertainity -0.7245
INFO:__main__:Completed epoch 40 of 100

INFO:__main__:NLL: 0.0561, L2: 0.0089, Reg: 0.2815
INFO:__main__:Total loss 0.3466
INFO:__main__:Predicted mean: -0.3113
INFO:__main__:Predicted uncertainity -0.7300
INFO:__main__:Completed epoch 41 of 100

INFO:__main__:NLL: 0.2997, L2: 0.0087, Reg: 0.2815
INFO:__main__:Total loss 0.5899
INFO:__main__:Predicted mean: -0.4466
INFO:__main__:Predicted uncertainity -0.7621
INFO:__main__:Completed epoch 42 of 100

INFO:__main__:NLL: 0.0612, L2: 0.0092, Reg: 0.2815
INFO:__main__:Total loss 0.3519
INFO:__main__:Predicted mean: -0.3487
INFO:__main__:Predicted uncertainity -0.7417
INFO:__main__:Completed epoch 43 of 100

INFO:__main__:NLL: 0.0117, L2: 0.0091, Reg: 0.2814
INFO:__main__:Total loss 0.3022
INFO:__main__:Predicted mean: -0.3455
INFO:__main__:Predicted uncertainity -0.7386
INFO:__main__:Completed epoch 44 of 100

INFO:__main__:NLL: 0.1274, L2: 0.0092, Reg: 0.2816
INFO:__main__:Total loss 0.4182
INFO:__main__:Predicted mean: -0.3753
INFO:__main__:Predicted uncertainity -0.7956
INFO:__main__:Completed epoch 45 of 100

INFO:__main__:NLL: 0.1196, L2: 0.0090, Reg: 0.2816
INFO:__main__:Total loss 0.4102
INFO:__main__:Predicted mean: -0.3517
INFO:__main__:Predicted uncertainity -0.7474
INFO:__main__:Completed epoch 46 of 100

INFO:__main__:NLL: -0.0038, L2: 0.0085, Reg: 0.2815
INFO:__main__:Total loss 0.2863
INFO:__main__:Predicted mean: -0.4016
INFO:__main__:Predicted uncertainity -0.7425
INFO:__main__:Completed epoch 47 of 100

INFO:__main__:NLL: 0.2952, L2: 0.0091, Reg: 0.2815
INFO:__main__:Total loss 0.5858
INFO:__main__:Predicted mean: -0.4215
INFO:__main__:Predicted uncertainity -0.6533
INFO:__main__:Completed epoch 48 of 100

INFO:__main__:NLL: 0.0559, L2: 0.0088, Reg: 0.2816
INFO:__main__:Total loss 0.3464
INFO:__main__:Predicted mean: -0.4075
INFO:__main__:Predicted uncertainity -0.7815
INFO:__main__:Completed epoch 49 of 100

INFO:__main__:NLL: -0.0066, L2: 0.0083, Reg: 0.2815
INFO:__main__:Total loss 0.2832
INFO:__main__:Predicted mean: -0.4076
INFO:__main__:Predicted uncertainity -0.6704
INFO:__main__:Completed epoch 50 of 100

INFO:__main__:NLL: 0.2030, L2: 0.0086, Reg: 0.2817
INFO:__main__:Total loss 0.4933
INFO:__main__:Predicted mean: -0.4133
INFO:__main__:Predicted uncertainity -0.8656
INFO:__main__:Completed epoch 51 of 100

INFO:__main__:NLL: 0.0992, L2: 0.0087, Reg: 0.2817
INFO:__main__:Total loss 0.3897
INFO:__main__:Predicted mean: -0.3860
INFO:__main__:Predicted uncertainity -0.7634
INFO:__main__:Completed epoch 52 of 100

INFO:__main__:NLL: 0.2193, L2: 0.0089, Reg: 0.2815
INFO:__main__:Total loss 0.5098
INFO:__main__:Predicted mean: -0.4050
INFO:__main__:Predicted uncertainity -0.7437
INFO:__main__:Completed epoch 53 of 100

INFO:__main__:NLL: 0.0508, L2: 0.0083, Reg: 0.2817
INFO:__main__:Total loss 0.3408
INFO:__main__:Predicted mean: -0.3576
INFO:__main__:Predicted uncertainity -0.7480
INFO:__main__:Completed epoch 54 of 100

INFO:__main__:NLL: 0.1173, L2: 0.0088, Reg: 0.2816
INFO:__main__:Total loss 0.4077
INFO:__main__:Predicted mean: -0.3863
INFO:__main__:Predicted uncertainity -0.8194
INFO:__main__:Completed epoch 55 of 100

INFO:__main__:NLL: 0.1144, L2: 0.0091, Reg: 0.2815
INFO:__main__:Total loss 0.4050
INFO:__main__:Predicted mean: -0.3817
INFO:__main__:Predicted uncertainity -0.6679
INFO:__main__:Completed epoch 56 of 100

INFO:__main__:NLL: 0.1073, L2: 0.0091, Reg: 0.2816
INFO:__main__:Total loss 0.3979
INFO:__main__:Predicted mean: -0.3309
INFO:__main__:Predicted uncertainity -0.8089
INFO:__main__:Completed epoch 57 of 100

INFO:__main__:NLL: 0.1576, L2: 0.0085, Reg: 0.2818
INFO:__main__:Total loss 0.4479
INFO:__main__:Predicted mean: -0.3662
INFO:__main__:Predicted uncertainity -0.7677
INFO:__main__:Completed epoch 58 of 100

INFO:__main__:NLL: 0.1279, L2: 0.0085, Reg: 0.2816
INFO:__main__:Total loss 0.4180
INFO:__main__:Predicted mean: -0.3860
INFO:__main__:Predicted uncertainity -0.7416
INFO:__main__:Completed epoch 59 of 100

INFO:__main__:NLL: 0.0431, L2: 0.0090, Reg: 0.2815
INFO:__main__:Total loss 0.3336
INFO:__main__:Predicted mean: -0.3758
INFO:__main__:Predicted uncertainity -0.5680
INFO:__main__:Completed epoch 60 of 100

INFO:__main__:NLL: -0.0448, L2: 0.0088, Reg: 0.2816
INFO:__main__:Total loss 0.2456
INFO:__main__:Predicted mean: -0.3900
INFO:__main__:Predicted uncertainity -0.6853
INFO:__main__:Completed epoch 61 of 100

INFO:__main__:NLL: 0.1514, L2: 0.0087, Reg: 0.2815
INFO:__main__:Total loss 0.4416
INFO:__main__:Predicted mean: -0.3926
INFO:__main__:Predicted uncertainity -0.7372
INFO:__main__:Completed epoch 62 of 100

INFO:__main__:NLL: 0.0230, L2: 0.0089, Reg: 0.2817
INFO:__main__:Total loss 0.3136
INFO:__main__:Predicted mean: -0.3537
INFO:__main__:Predicted uncertainity -0.7240
INFO:__main__:Completed epoch 63 of 100

INFO:__main__:NLL: 0.2247, L2: 0.0093, Reg: 0.2818
INFO:__main__:Total loss 0.5158
INFO:__main__:Predicted mean: -0.4035
INFO:__main__:Predicted uncertainity -0.8053
INFO:__main__:Completed epoch 64 of 100

INFO:__main__:NLL: -0.0251, L2: 0.0090, Reg: 0.2815
INFO:__main__:Total loss 0.2654
INFO:__main__:Predicted mean: -0.4442
INFO:__main__:Predicted uncertainity -0.8223
INFO:__main__:Completed epoch 65 of 100

INFO:__main__:NLL: 0.1155, L2: 0.0087, Reg: 0.2816
INFO:__main__:Total loss 0.4057
INFO:__main__:Predicted mean: -0.3723
INFO:__main__:Predicted uncertainity -0.6874
INFO:__main__:Completed epoch 66 of 100

INFO:__main__:NLL: 0.0848, L2: 0.0091, Reg: 0.2817
INFO:__main__:Total loss 0.3757
INFO:__main__:Predicted mean: -0.4594
INFO:__main__:Predicted uncertainity -0.8616
INFO:__main__:Completed epoch 67 of 100

INFO:__main__:NLL: 0.1107, L2: 0.0089, Reg: 0.2817
INFO:__main__:Total loss 0.4014
INFO:__main__:Predicted mean: -0.3685
INFO:__main__:Predicted uncertainity -0.7459
INFO:__main__:Completed epoch 68 of 100

INFO:__main__:NLL: 0.0799, L2: 0.0089, Reg: 0.2816
INFO:__main__:Total loss 0.3704
INFO:__main__:Predicted mean: -0.3542
INFO:__main__:Predicted uncertainity -0.7818
INFO:__main__:Completed epoch 69 of 100

INFO:__main__:NLL: -0.0288, L2: 0.0092, Reg: 0.2816
INFO:__main__:Total loss 0.2619
INFO:__main__:Predicted mean: -0.3629
INFO:__main__:Predicted uncertainity -0.7685
INFO:__main__:Completed epoch 70 of 100

INFO:__main__:NLL: 0.0594, L2: 0.0085, Reg: 0.2816
INFO:__main__:Total loss 0.3496
INFO:__main__:Predicted mean: -0.3497
INFO:__main__:Predicted uncertainity -0.7492
INFO:__main__:Completed epoch 71 of 100

INFO:__main__:NLL: 0.0168, L2: 0.0086, Reg: 0.2816
INFO:__main__:Total loss 0.3071
INFO:__main__:Predicted mean: -0.3251
INFO:__main__:Predicted uncertainity -0.7761
INFO:__main__:Completed epoch 72 of 100

INFO:__main__:NLL: -0.0543, L2: 0.0087, Reg: 0.2814
INFO:__main__:Total loss 0.2358
INFO:__main__:Predicted mean: -0.4060
INFO:__main__:Predicted uncertainity -0.7425
INFO:__main__:Completed epoch 73 of 100

INFO:__main__:NLL: -0.0373, L2: 0.0090, Reg: 0.2817
INFO:__main__:Total loss 0.2534
INFO:__main__:Predicted mean: -0.3669
INFO:__main__:Predicted uncertainity -0.8938
INFO:__main__:Completed epoch 74 of 100

INFO:__main__:NLL: 0.1160, L2: 0.0087, Reg: 0.2815
INFO:__main__:Total loss 0.4062
INFO:__main__:Predicted mean: -0.3952
INFO:__main__:Predicted uncertainity -0.7239
INFO:__main__:Completed epoch 75 of 100

INFO:__main__:NLL: 0.0495, L2: 0.0090, Reg: 0.2816
INFO:__main__:Total loss 0.3401
INFO:__main__:Predicted mean: -0.4215
INFO:__main__:Predicted uncertainity -0.7028
INFO:__main__:Completed epoch 76 of 100

INFO:__main__:NLL: 0.1173, L2: 0.0090, Reg: 0.2818
INFO:__main__:Total loss 0.4081
INFO:__main__:Predicted mean: -0.3309
INFO:__main__:Predicted uncertainity -0.6517
INFO:__main__:Completed epoch 77 of 100

INFO:__main__:NLL: 0.0088, L2: 0.0085, Reg: 0.2816
INFO:__main__:Total loss 0.2989
INFO:__main__:Predicted mean: -0.4252
INFO:__main__:Predicted uncertainity -0.7947
INFO:__main__:Completed epoch 78 of 100

INFO:__main__:NLL: 0.1715, L2: 0.0092, Reg: 0.2816
INFO:__main__:Total loss 0.4623
INFO:__main__:Predicted mean: -0.3806
INFO:__main__:Predicted uncertainity -0.6986
INFO:__main__:Completed epoch 79 of 100

INFO:__main__:NLL: 0.0709, L2: 0.0095, Reg: 0.2816
INFO:__main__:Total loss 0.3620
INFO:__main__:Predicted mean: -0.3884
INFO:__main__:Predicted uncertainity -0.6882
INFO:__main__:Completed epoch 80 of 100

INFO:__main__:NLL: -0.0018, L2: 0.0090, Reg: 0.2816
INFO:__main__:Total loss 0.2888
INFO:__main__:Predicted mean: -0.3419
INFO:__main__:Predicted uncertainity -0.7606
INFO:__main__:Completed epoch 81 of 100

INFO:__main__:NLL: 0.0937, L2: 0.0092, Reg: 0.2816
INFO:__main__:Total loss 0.3844
INFO:__main__:Predicted mean: -0.3526
INFO:__main__:Predicted uncertainity -0.7648
INFO:__main__:Completed epoch 82 of 100

INFO:__main__:NLL: 0.2640, L2: 0.0086, Reg: 0.2813
INFO:__main__:Total loss 0.5539
INFO:__main__:Predicted mean: -0.4390
INFO:__main__:Predicted uncertainity -0.7117
INFO:__main__:Completed epoch 83 of 100

INFO:__main__:NLL: 0.0231, L2: 0.0093, Reg: 0.2814
INFO:__main__:Total loss 0.3138
INFO:__main__:Predicted mean: -0.4103
INFO:__main__:Predicted uncertainity -0.6912
INFO:__main__:Completed epoch 84 of 100

INFO:__main__:NLL: 0.0715, L2: 0.0085, Reg: 0.2816
INFO:__main__:Total loss 0.3617
INFO:__main__:Predicted mean: -0.3641
INFO:__main__:Predicted uncertainity -0.7982
INFO:__main__:Completed epoch 85 of 100

INFO:__main__:NLL: -0.0367, L2: 0.0088, Reg: 0.2817
INFO:__main__:Total loss 0.2538
INFO:__main__:Predicted mean: -0.3671
INFO:__main__:Predicted uncertainity -0.7958
INFO:__main__:Completed epoch 86 of 100

INFO:__main__:NLL: 0.0236, L2: 0.0086, Reg: 0.2818
INFO:__main__:Total loss 0.3140
INFO:__main__:Predicted mean: -0.4163
INFO:__main__:Predicted uncertainity -0.7632
INFO:__main__:Completed epoch 87 of 100

INFO:__main__:NLL: 0.1868, L2: 0.0097, Reg: 0.2816
INFO:__main__:Total loss 0.4781
INFO:__main__:Predicted mean: -0.3339
INFO:__main__:Predicted uncertainity -0.7605
INFO:__main__:Completed epoch 88 of 100

INFO:__main__:NLL: 0.3590, L2: 0.0095, Reg: 0.2815
INFO:__main__:Total loss 0.6500
INFO:__main__:Predicted mean: -0.3458
INFO:__main__:Predicted uncertainity -0.7667
INFO:__main__:Completed epoch 89 of 100

INFO:__main__:NLL: 0.1643, L2: 0.0088, Reg: 0.2815
INFO:__main__:Total loss 0.4546
INFO:__main__:Predicted mean: -0.3528
INFO:__main__:Predicted uncertainity -0.6796
INFO:__main__:Completed epoch 90 of 100

INFO:__main__:NLL: 0.0663, L2: 0.0087, Reg: 0.2817
INFO:__main__:Total loss 0.3568
INFO:__main__:Predicted mean: -0.3513
INFO:__main__:Predicted uncertainity -0.7104
INFO:__main__:Completed epoch 91 of 100

INFO:__main__:NLL: 0.0432, L2: 0.0090, Reg: 0.2818
INFO:__main__:Total loss 0.3339
INFO:__main__:Predicted mean: -0.3975
INFO:__main__:Predicted uncertainity -0.7204
INFO:__main__:Completed epoch 92 of 100

INFO:__main__:NLL: 0.2367, L2: 0.0092, Reg: 0.2815
INFO:__main__:Total loss 0.5273
INFO:__main__:Predicted mean: -0.3641
INFO:__main__:Predicted uncertainity -0.7655
INFO:__main__:Completed epoch 93 of 100

INFO:__main__:NLL: 0.3017, L2: 0.0091, Reg: 0.2819
INFO:__main__:Total loss 0.5927
INFO:__main__:Predicted mean: -0.3927
INFO:__main__:Predicted uncertainity -0.8005
INFO:__main__:Completed epoch 94 of 100

INFO:__main__:NLL: 0.0772, L2: 0.0089, Reg: 0.2816
INFO:__main__:Total loss 0.3678
INFO:__main__:Predicted mean: -0.3646
INFO:__main__:Predicted uncertainity -0.7407
INFO:__main__:Completed epoch 95 of 100

INFO:__main__:NLL: 0.1814, L2: 0.0087, Reg: 0.2815
INFO:__main__:Total loss 0.4716
INFO:__main__:Predicted mean: -0.3799
INFO:__main__:Predicted uncertainity -0.7616
INFO:__main__:Completed epoch 96 of 100

INFO:__main__:NLL: 0.1262, L2: 0.0088, Reg: 0.2819
INFO:__main__:Total loss 0.4169
INFO:__main__:Predicted mean: -0.3540
INFO:__main__:Predicted uncertainity -0.7369
INFO:__main__:Completed epoch 97 of 100

INFO:__main__:NLL: 0.0283, L2: 0.0089, Reg: 0.2815
INFO:__main__:Total loss 0.3187
INFO:__main__:Predicted mean: -0.3459
INFO:__main__:Predicted uncertainity -0.7465
INFO:__main__:Completed epoch 98 of 100

INFO:__main__:NLL: -0.1237, L2: 0.0089, Reg: 0.2816
INFO:__main__:Total loss 0.1668
INFO:__main__:Predicted mean: -0.3308
INFO:__main__:Predicted uncertainity -0.8724
INFO:__main__:Completed epoch 99 of 100

INFO:__main__:NLL: 0.0869, L2: 0.0091, Reg: 0.2816
INFO:__main__:Total loss 0.3776
INFO:__main__:Predicted mean: -0.4021
INFO:__main__:Predicted uncertainity -0.8012
INFO:__main__:Completed epoch 100 of 100

INFO:__main__:751.092834 s
