INFO:__main__:PROCESS RUNNING ON cpu
INFO:__main__:NLL: 0.1494, L2: 0.0060, Reg: 0.0529
INFO:__main__:Total loss 0.2082
INFO:__main__:Predicted mean: -0.4667
INFO:__main__:Predicted uncertainity -0.6193
INFO:__main__:Completed epoch 1 of 100

INFO:__main__:NLL: 0.1782, L2: 0.0060, Reg: 0.0522
INFO:__main__:Total loss 0.2364
INFO:__main__:Predicted mean: -0.4289
INFO:__main__:Predicted uncertainity -0.6197
INFO:__main__:Completed epoch 2 of 100

INFO:__main__:NLL: 0.0883, L2: 0.0065, Reg: 0.0551
INFO:__main__:Total loss 0.1499
INFO:__main__:Predicted mean: -0.4165
INFO:__main__:Predicted uncertainity -0.5597
INFO:__main__:Completed epoch 3 of 100

INFO:__main__:NLL: -0.0540, L2: 0.0066, Reg: 0.0592
INFO:__main__:Total loss 0.0118
INFO:__main__:Predicted mean: -0.4727
INFO:__main__:Predicted uncertainity -0.7019
INFO:__main__:Completed epoch 4 of 100

INFO:__main__:NLL: 0.1836, L2: 0.0069, Reg: 0.0548
INFO:__main__:Total loss 0.2453
INFO:__main__:Predicted mean: -0.4157
INFO:__main__:Predicted uncertainity -0.5862
INFO:__main__:Completed epoch 5 of 100

INFO:__main__:NLL: 0.0787, L2: 0.0068, Reg: 0.0490
INFO:__main__:Total loss 0.1346
INFO:__main__:Predicted mean: -0.3925
INFO:__main__:Predicted uncertainity -0.5656
INFO:__main__:Completed epoch 6 of 100

INFO:__main__:NLL: 0.0161, L2: 0.0067, Reg: 0.0472
INFO:__main__:Total loss 0.0701
INFO:__main__:Predicted mean: -0.4198
INFO:__main__:Predicted uncertainity -0.6068
INFO:__main__:Completed epoch 7 of 100

INFO:__main__:NLL: 0.2039, L2: 0.0068, Reg: 0.0539
INFO:__main__:Total loss 0.2646
INFO:__main__:Predicted mean: -0.4485
INFO:__main__:Predicted uncertainity -0.5831
INFO:__main__:Completed epoch 8 of 100

INFO:__main__:NLL: 0.0844, L2: 0.0073, Reg: 0.0466
INFO:__main__:Total loss 0.1383
INFO:__main__:Predicted mean: -0.4384
INFO:__main__:Predicted uncertainity -0.6892
INFO:__main__:Completed epoch 9 of 100

INFO:__main__:NLL: 0.2162, L2: 0.0071, Reg: 0.0495
INFO:__main__:Total loss 0.2727
INFO:__main__:Predicted mean: -0.3867
INFO:__main__:Predicted uncertainity -0.5884
INFO:__main__:Completed epoch 10 of 100

INFO:__main__:NLL: 0.0734, L2: 0.0070, Reg: 0.0474
INFO:__main__:Total loss 0.1278
INFO:__main__:Predicted mean: -0.4088
INFO:__main__:Predicted uncertainity -0.6724
INFO:__main__:Completed epoch 11 of 100

INFO:__main__:NLL: 0.1666, L2: 0.0070, Reg: 0.0469
INFO:__main__:Total loss 0.2206
INFO:__main__:Predicted mean: -0.4596
INFO:__main__:Predicted uncertainity -0.5694
INFO:__main__:Completed epoch 12 of 100

INFO:__main__:NLL: 0.1332, L2: 0.0073, Reg: 0.0417
INFO:__main__:Total loss 0.1822
INFO:__main__:Predicted mean: -0.4162
INFO:__main__:Predicted uncertainity -0.5651
INFO:__main__:Completed epoch 13 of 100

INFO:__main__:NLL: 0.0573, L2: 0.0070, Reg: 0.0474
INFO:__main__:Total loss 0.1117
INFO:__main__:Predicted mean: -0.4092
INFO:__main__:Predicted uncertainity -0.5695
INFO:__main__:Completed epoch 14 of 100

INFO:__main__:NLL: 0.0481, L2: 0.0070, Reg: 0.0463
INFO:__main__:Total loss 0.1013
INFO:__main__:Predicted mean: -0.3902
INFO:__main__:Predicted uncertainity -0.6154
INFO:__main__:Completed epoch 15 of 100

INFO:__main__:NLL: 0.1575, L2: 0.0068, Reg: 0.0505
INFO:__main__:Total loss 0.2147
INFO:__main__:Predicted mean: -0.4352
INFO:__main__:Predicted uncertainity -0.6289
INFO:__main__:Completed epoch 16 of 100

INFO:__main__:NLL: 0.0185, L2: 0.0071, Reg: 0.0541
INFO:__main__:Total loss 0.0797
INFO:__main__:Predicted mean: -0.3995
INFO:__main__:Predicted uncertainity -0.6949
INFO:__main__:Completed epoch 17 of 100

INFO:__main__:NLL: 0.1212, L2: 0.0071, Reg: 0.0554
INFO:__main__:Total loss 0.1837
INFO:__main__:Predicted mean: -0.3953
INFO:__main__:Predicted uncertainity -0.5878
INFO:__main__:Completed epoch 18 of 100

INFO:__main__:NLL: -0.0034, L2: 0.0072, Reg: 0.0502
INFO:__main__:Total loss 0.0539
INFO:__main__:Predicted mean: -0.3702
INFO:__main__:Predicted uncertainity -0.6146
INFO:__main__:Completed epoch 19 of 100

INFO:__main__:NLL: 0.0578, L2: 0.0073, Reg: 0.0509
INFO:__main__:Total loss 0.1159
INFO:__main__:Predicted mean: -0.4231
INFO:__main__:Predicted uncertainity -0.6107
INFO:__main__:Completed epoch 20 of 100

INFO:__main__:NLL: 0.1788, L2: 0.0069, Reg: 0.0437
INFO:__main__:Total loss 0.2295
INFO:__main__:Predicted mean: -0.4186
INFO:__main__:Predicted uncertainity -0.5897
INFO:__main__:Completed epoch 21 of 100

INFO:__main__:NLL: 0.1418, L2: 0.0070, Reg: 0.0562
INFO:__main__:Total loss 0.2050
INFO:__main__:Predicted mean: -0.4344
INFO:__main__:Predicted uncertainity -0.6463
INFO:__main__:Completed epoch 22 of 100

INFO:__main__:NLL: 0.3509, L2: 0.0071, Reg: 0.0547
INFO:__main__:Total loss 0.4127
INFO:__main__:Predicted mean: -0.3983
INFO:__main__:Predicted uncertainity -0.6471
INFO:__main__:Completed epoch 23 of 100

INFO:__main__:NLL: 0.0863, L2: 0.0070, Reg: 0.0630
INFO:__main__:Total loss 0.1563
INFO:__main__:Predicted mean: -0.3920
INFO:__main__:Predicted uncertainity -0.5668
INFO:__main__:Completed epoch 24 of 100

INFO:__main__:NLL: 0.1052, L2: 0.0073, Reg: 0.0447
INFO:__main__:Total loss 0.1572
INFO:__main__:Predicted mean: -0.3605
INFO:__main__:Predicted uncertainity -0.5697
INFO:__main__:Completed epoch 25 of 100

INFO:__main__:NLL: 0.1878, L2: 0.0073, Reg: 0.0558
INFO:__main__:Total loss 0.2509
INFO:__main__:Predicted mean: -0.3731
INFO:__main__:Predicted uncertainity -0.6195
INFO:__main__:Completed epoch 26 of 100

INFO:__main__:NLL: 0.1144, L2: 0.0074, Reg: 0.0493
INFO:__main__:Total loss 0.1711
INFO:__main__:Predicted mean: -0.3572
INFO:__main__:Predicted uncertainity -0.6097
INFO:__main__:Completed epoch 27 of 100

INFO:__main__:NLL: 0.0128, L2: 0.0075, Reg: 0.0535
INFO:__main__:Total loss 0.0738
INFO:__main__:Predicted mean: -0.3858
INFO:__main__:Predicted uncertainity -0.6369
INFO:__main__:Completed epoch 28 of 100

INFO:__main__:NLL: 0.2241, L2: 0.0079, Reg: 0.0562
INFO:__main__:Total loss 0.2882
INFO:__main__:Predicted mean: -0.4329
INFO:__main__:Predicted uncertainity -0.5965
INFO:__main__:Completed epoch 29 of 100

INFO:__main__:NLL: 0.0812, L2: 0.0073, Reg: 0.0478
INFO:__main__:Total loss 0.1363
INFO:__main__:Predicted mean: -0.4036
INFO:__main__:Predicted uncertainity -0.6087
INFO:__main__:Completed epoch 30 of 100

INFO:__main__:NLL: -0.0444, L2: 0.0078, Reg: 0.0463
INFO:__main__:Total loss 0.0097
INFO:__main__:Predicted mean: -0.3565
INFO:__main__:Predicted uncertainity -0.6192
INFO:__main__:Completed epoch 31 of 100

INFO:__main__:NLL: 0.1107, L2: 0.0075, Reg: 0.0401
INFO:__main__:Total loss 0.1583
INFO:__main__:Predicted mean: -0.3796
INFO:__main__:Predicted uncertainity -0.6059
INFO:__main__:Completed epoch 32 of 100

INFO:__main__:NLL: 0.1245, L2: 0.0073, Reg: 0.0601
INFO:__main__:Total loss 0.1919
INFO:__main__:Predicted mean: -0.3976
INFO:__main__:Predicted uncertainity -0.6667
INFO:__main__:Completed epoch 33 of 100

INFO:__main__:NLL: 0.1639, L2: 0.0079, Reg: 0.0461
INFO:__main__:Total loss 0.2180
INFO:__main__:Predicted mean: -0.3819
INFO:__main__:Predicted uncertainity -0.5960
INFO:__main__:Completed epoch 34 of 100

INFO:__main__:NLL: 0.2071, L2: 0.0085, Reg: 0.0436
INFO:__main__:Total loss 0.2591
INFO:__main__:Predicted mean: -0.3996
INFO:__main__:Predicted uncertainity -0.6768
INFO:__main__:Completed epoch 35 of 100

INFO:__main__:NLL: 0.0816, L2: 0.0077, Reg: 0.0504
INFO:__main__:Total loss 0.1396
INFO:__main__:Predicted mean: -0.3762
INFO:__main__:Predicted uncertainity -0.6594
INFO:__main__:Completed epoch 36 of 100

INFO:__main__:NLL: 0.3426, L2: 0.0076, Reg: 0.0522
INFO:__main__:Total loss 0.4024
INFO:__main__:Predicted mean: -0.4613
INFO:__main__:Predicted uncertainity -0.5750
INFO:__main__:Completed epoch 37 of 100

INFO:__main__:NLL: 0.0480, L2: 0.0072, Reg: 0.0456
INFO:__main__:Total loss 0.1008
INFO:__main__:Predicted mean: -0.3785
INFO:__main__:Predicted uncertainity -0.6445
INFO:__main__:Completed epoch 38 of 100

INFO:__main__:NLL: 0.1351, L2: 0.0075, Reg: 0.0478
INFO:__main__:Total loss 0.1905
INFO:__main__:Predicted mean: -0.4830
INFO:__main__:Predicted uncertainity -0.6711
INFO:__main__:Completed epoch 39 of 100

INFO:__main__:NLL: 0.1161, L2: 0.0075, Reg: 0.0469
INFO:__main__:Total loss 0.1704
INFO:__main__:Predicted mean: -0.4243
INFO:__main__:Predicted uncertainity -0.5384
INFO:__main__:Completed epoch 40 of 100

INFO:__main__:NLL: 0.1772, L2: 0.0077, Reg: 0.0460
INFO:__main__:Total loss 0.2308
INFO:__main__:Predicted mean: -0.3589
INFO:__main__:Predicted uncertainity -0.5384
INFO:__main__:Completed epoch 41 of 100

INFO:__main__:NLL: 0.2923, L2: 0.0077, Reg: 0.0487
INFO:__main__:Total loss 0.3486
INFO:__main__:Predicted mean: -0.4566
INFO:__main__:Predicted uncertainity -0.6481
INFO:__main__:Completed epoch 42 of 100

INFO:__main__:NLL: 0.0979, L2: 0.0076, Reg: 0.0535
INFO:__main__:Total loss 0.1589
INFO:__main__:Predicted mean: -0.3825
INFO:__main__:Predicted uncertainity -0.5747
INFO:__main__:Completed epoch 43 of 100

INFO:__main__:NLL: 0.1622, L2: 0.0079, Reg: 0.0469
INFO:__main__:Total loss 0.2170
INFO:__main__:Predicted mean: -0.3621
INFO:__main__:Predicted uncertainity -0.6086
INFO:__main__:Completed epoch 44 of 100

INFO:__main__:NLL: 0.1500, L2: 0.0075, Reg: 0.0559
INFO:__main__:Total loss 0.2135
INFO:__main__:Predicted mean: -0.3921
INFO:__main__:Predicted uncertainity -0.6377
INFO:__main__:Completed epoch 45 of 100

INFO:__main__:NLL: 0.2158, L2: 0.0077, Reg: 0.0557
INFO:__main__:Total loss 0.2792
INFO:__main__:Predicted mean: -0.3846
INFO:__main__:Predicted uncertainity -0.5913
INFO:__main__:Completed epoch 46 of 100

INFO:__main__:NLL: -0.0006, L2: 0.0077, Reg: 0.0570
INFO:__main__:Total loss 0.0641
INFO:__main__:Predicted mean: -0.4358
INFO:__main__:Predicted uncertainity -0.6495
INFO:__main__:Completed epoch 47 of 100

INFO:__main__:NLL: 0.3313, L2: 0.0077, Reg: 0.0550
INFO:__main__:Total loss 0.3940
INFO:__main__:Predicted mean: -0.4431
INFO:__main__:Predicted uncertainity -0.5357
INFO:__main__:Completed epoch 48 of 100

INFO:__main__:NLL: 0.1381, L2: 0.0076, Reg: 0.0547
INFO:__main__:Total loss 0.2004
INFO:__main__:Predicted mean: -0.4034
INFO:__main__:Predicted uncertainity -0.5937
INFO:__main__:Completed epoch 49 of 100

INFO:__main__:NLL: 0.0614, L2: 0.0076, Reg: 0.0465
INFO:__main__:Total loss 0.1154
INFO:__main__:Predicted mean: -0.4253
INFO:__main__:Predicted uncertainity -0.5469
INFO:__main__:Completed epoch 50 of 100

INFO:__main__:NLL: 0.1777, L2: 0.0077, Reg: 0.0580
INFO:__main__:Total loss 0.2433
INFO:__main__:Predicted mean: -0.4263
INFO:__main__:Predicted uncertainity -0.7066
INFO:__main__:Completed epoch 51 of 100

INFO:__main__:NLL: 0.1400, L2: 0.0077, Reg: 0.0585
INFO:__main__:Total loss 0.2062
INFO:__main__:Predicted mean: -0.3972
INFO:__main__:Predicted uncertainity -0.6417
INFO:__main__:Completed epoch 52 of 100

INFO:__main__:NLL: 0.2035, L2: 0.0076, Reg: 0.0429
INFO:__main__:Total loss 0.2539
INFO:__main__:Predicted mean: -0.4173
INFO:__main__:Predicted uncertainity -0.5937
INFO:__main__:Completed epoch 53 of 100

INFO:__main__:NLL: 0.0944, L2: 0.0073, Reg: 0.0501
INFO:__main__:Total loss 0.1518
INFO:__main__:Predicted mean: -0.3753
INFO:__main__:Predicted uncertainity -0.6659
INFO:__main__:Completed epoch 54 of 100

INFO:__main__:NLL: 0.0709, L2: 0.0077, Reg: 0.0523
INFO:__main__:Total loss 0.1310
INFO:__main__:Predicted mean: -0.4061
INFO:__main__:Predicted uncertainity -0.6783
INFO:__main__:Completed epoch 55 of 100

INFO:__main__:NLL: 0.0636, L2: 0.0077, Reg: 0.0474
INFO:__main__:Total loss 0.1187
INFO:__main__:Predicted mean: -0.4167
INFO:__main__:Predicted uncertainity -0.6240
INFO:__main__:Completed epoch 56 of 100

INFO:__main__:NLL: 0.1356, L2: 0.0078, Reg: 0.0467
INFO:__main__:Total loss 0.1901
INFO:__main__:Predicted mean: -0.3942
INFO:__main__:Predicted uncertainity -0.6414
INFO:__main__:Completed epoch 57 of 100

INFO:__main__:NLL: 0.2029, L2: 0.0074, Reg: 0.0478
INFO:__main__:Total loss 0.2581
INFO:__main__:Predicted mean: -0.4072
INFO:__main__:Predicted uncertainity -0.5641
INFO:__main__:Completed epoch 58 of 100

INFO:__main__:NLL: 0.1515, L2: 0.0078, Reg: 0.0539
INFO:__main__:Total loss 0.2132
INFO:__main__:Predicted mean: -0.3943
INFO:__main__:Predicted uncertainity -0.5926
INFO:__main__:Completed epoch 59 of 100

INFO:__main__:NLL: 0.1014, L2: 0.0075, Reg: 0.0444
INFO:__main__:Total loss 0.1533
INFO:__main__:Predicted mean: -0.4030
INFO:__main__:Predicted uncertainity -0.5366
INFO:__main__:Completed epoch 60 of 100

INFO:__main__:NLL: 0.0601, L2: 0.0078, Reg: 0.0514
INFO:__main__:Total loss 0.1193
INFO:__main__:Predicted mean: -0.3930
INFO:__main__:Predicted uncertainity -0.5284
INFO:__main__:Completed epoch 61 of 100

INFO:__main__:NLL: 0.1438, L2: 0.0075, Reg: 0.0416
INFO:__main__:Total loss 0.1928
INFO:__main__:Predicted mean: -0.3647
INFO:__main__:Predicted uncertainity -0.5351
INFO:__main__:Completed epoch 62 of 100

INFO:__main__:NLL: 0.0380, L2: 0.0076, Reg: 0.0593
INFO:__main__:Total loss 0.1049
INFO:__main__:Predicted mean: -0.3816
INFO:__main__:Predicted uncertainity -0.6342
INFO:__main__:Completed epoch 63 of 100

INFO:__main__:NLL: 0.1766, L2: 0.0079, Reg: 0.0593
INFO:__main__:Total loss 0.2438
INFO:__main__:Predicted mean: -0.4177
INFO:__main__:Predicted uncertainity -0.6629
INFO:__main__:Completed epoch 64 of 100

INFO:__main__:NLL: 0.0389, L2: 0.0076, Reg: 0.0488
INFO:__main__:Total loss 0.0952
INFO:__main__:Predicted mean: -0.4572
INFO:__main__:Predicted uncertainity -0.6293
INFO:__main__:Completed epoch 65 of 100

INFO:__main__:NLL: 0.1668, L2: 0.0073, Reg: 0.0455
INFO:__main__:Total loss 0.2196
INFO:__main__:Predicted mean: -0.3968
INFO:__main__:Predicted uncertainity -0.5883
INFO:__main__:Completed epoch 66 of 100

INFO:__main__:NLL: 0.0787, L2: 0.0073, Reg: 0.0538
INFO:__main__:Total loss 0.1398
INFO:__main__:Predicted mean: -0.4630
INFO:__main__:Predicted uncertainity -0.5808
INFO:__main__:Completed epoch 67 of 100

INFO:__main__:NLL: 0.1461, L2: 0.0074, Reg: 0.0564
INFO:__main__:Total loss 0.2099
INFO:__main__:Predicted mean: -0.3906
INFO:__main__:Predicted uncertainity -0.5861
INFO:__main__:Completed epoch 68 of 100

INFO:__main__:NLL: 0.1375, L2: 0.0072, Reg: 0.0509
INFO:__main__:Total loss 0.1956
INFO:__main__:Predicted mean: -0.3834
INFO:__main__:Predicted uncertainity -0.6154
INFO:__main__:Completed epoch 69 of 100

INFO:__main__:NLL: -0.0327, L2: 0.0073, Reg: 0.0435
INFO:__main__:Total loss 0.0181
INFO:__main__:Predicted mean: -0.3849
INFO:__main__:Predicted uncertainity -0.6295
INFO:__main__:Completed epoch 70 of 100

INFO:__main__:NLL: 0.1160, L2: 0.0076, Reg: 0.0504
INFO:__main__:Total loss 0.1740
INFO:__main__:Predicted mean: -0.3929
INFO:__main__:Predicted uncertainity -0.5731
INFO:__main__:Completed epoch 71 of 100

INFO:__main__:NLL: 0.0798, L2: 0.0077, Reg: 0.0529
INFO:__main__:Total loss 0.1404
INFO:__main__:Predicted mean: -0.3824
INFO:__main__:Predicted uncertainity -0.6222
INFO:__main__:Completed epoch 72 of 100

INFO:__main__:NLL: 0.0191, L2: 0.0075, Reg: 0.0482
INFO:__main__:Total loss 0.0748
INFO:__main__:Predicted mean: -0.4280
INFO:__main__:Predicted uncertainity -0.5659
INFO:__main__:Completed epoch 73 of 100

INFO:__main__:NLL: 0.0543, L2: 0.0077, Reg: 0.0543
INFO:__main__:Total loss 0.1163
INFO:__main__:Predicted mean: -0.4153
INFO:__main__:Predicted uncertainity -0.7309
INFO:__main__:Completed epoch 74 of 100

INFO:__main__:NLL: 0.2060, L2: 0.0075, Reg: 0.0513
INFO:__main__:Total loss 0.2647
INFO:__main__:Predicted mean: -0.4222
INFO:__main__:Predicted uncertainity -0.5758
INFO:__main__:Completed epoch 75 of 100

INFO:__main__:NLL: 0.1006, L2: 0.0079, Reg: 0.0493
INFO:__main__:Total loss 0.1578
INFO:__main__:Predicted mean: -0.4060
INFO:__main__:Predicted uncertainity -0.5484
INFO:__main__:Completed epoch 76 of 100

INFO:__main__:NLL: 0.1800, L2: 0.0077, Reg: 0.0578
INFO:__main__:Total loss 0.2455
INFO:__main__:Predicted mean: -0.3566
INFO:__main__:Predicted uncertainity -0.5670
INFO:__main__:Completed epoch 77 of 100

INFO:__main__:NLL: 0.0743, L2: 0.0075, Reg: 0.0559
INFO:__main__:Total loss 0.1376
INFO:__main__:Predicted mean: -0.4618
INFO:__main__:Predicted uncertainity -0.5381
INFO:__main__:Completed epoch 78 of 100

INFO:__main__:NLL: 0.1431, L2: 0.0078, Reg: 0.0507
INFO:__main__:Total loss 0.2015
INFO:__main__:Predicted mean: -0.4298
INFO:__main__:Predicted uncertainity -0.6665
INFO:__main__:Completed epoch 79 of 100

INFO:__main__:NLL: 0.0631, L2: 0.0079, Reg: 0.0562
INFO:__main__:Total loss 0.1272
INFO:__main__:Predicted mean: -0.4462
INFO:__main__:Predicted uncertainity -0.5946
INFO:__main__:Completed epoch 80 of 100

INFO:__main__:NLL: 0.0356, L2: 0.0078, Reg: 0.0435
INFO:__main__:Total loss 0.0869
INFO:__main__:Predicted mean: -0.3923
INFO:__main__:Predicted uncertainity -0.6091
INFO:__main__:Completed epoch 81 of 100

INFO:__main__:NLL: 0.1193, L2: 0.0078, Reg: 0.0564
INFO:__main__:Total loss 0.1835
INFO:__main__:Predicted mean: -0.3830
INFO:__main__:Predicted uncertainity -0.6302
INFO:__main__:Completed epoch 82 of 100

INFO:__main__:NLL: 0.2722, L2: 0.0079, Reg: 0.0475
INFO:__main__:Total loss 0.3277
INFO:__main__:Predicted mean: -0.4501
INFO:__main__:Predicted uncertainity -0.5582
INFO:__main__:Completed epoch 83 of 100

INFO:__main__:NLL: 0.0325, L2: 0.0080, Reg: 0.0442
INFO:__main__:Total loss 0.0848
INFO:__main__:Predicted mean: -0.4322
INFO:__main__:Predicted uncertainity -0.5534
INFO:__main__:Completed epoch 84 of 100

INFO:__main__:NLL: 0.1279, L2: 0.0075, Reg: 0.0479
INFO:__main__:Total loss 0.1833
INFO:__main__:Predicted mean: -0.3747
INFO:__main__:Predicted uncertainity -0.5675
INFO:__main__:Completed epoch 85 of 100

INFO:__main__:NLL: 0.0037, L2: 0.0075, Reg: 0.0560
INFO:__main__:Total loss 0.0672
INFO:__main__:Predicted mean: -0.3732
INFO:__main__:Predicted uncertainity -0.6752
INFO:__main__:Completed epoch 86 of 100

INFO:__main__:NLL: 0.1095, L2: 0.0072, Reg: 0.0556
INFO:__main__:Total loss 0.1724
INFO:__main__:Predicted mean: -0.4436
INFO:__main__:Predicted uncertainity -0.6259
INFO:__main__:Completed epoch 87 of 100

INFO:__main__:NLL: 0.1866, L2: 0.0076, Reg: 0.0513
INFO:__main__:Total loss 0.2455
INFO:__main__:Predicted mean: -0.3847
INFO:__main__:Predicted uncertainity -0.6366
INFO:__main__:Completed epoch 88 of 100

INFO:__main__:NLL: 0.3037, L2: 0.0075, Reg: 0.0412
INFO:__main__:Total loss 0.3525
INFO:__main__:Predicted mean: -0.3626
INFO:__main__:Predicted uncertainity -0.5734
INFO:__main__:Completed epoch 89 of 100

INFO:__main__:NLL: 0.1683, L2: 0.0076, Reg: 0.0473
INFO:__main__:Total loss 0.2232
INFO:__main__:Predicted mean: -0.3904
INFO:__main__:Predicted uncertainity -0.5739
INFO:__main__:Completed epoch 90 of 100

INFO:__main__:NLL: 0.1081, L2: 0.0078, Reg: 0.0465
INFO:__main__:Total loss 0.1623
INFO:__main__:Predicted mean: -0.3835
INFO:__main__:Predicted uncertainity -0.5492
INFO:__main__:Completed epoch 91 of 100

INFO:__main__:NLL: 0.0569, L2: 0.0078, Reg: 0.0567
INFO:__main__:Total loss 0.1215
INFO:__main__:Predicted mean: -0.3993
INFO:__main__:Predicted uncertainity -0.6049
INFO:__main__:Completed epoch 92 of 100

INFO:__main__:NLL: 0.2929, L2: 0.0078, Reg: 0.0501
INFO:__main__:Total loss 0.3508
INFO:__main__:Predicted mean: -0.3882
INFO:__main__:Predicted uncertainity -0.5852
INFO:__main__:Completed epoch 93 of 100

INFO:__main__:NLL: 0.2201, L2: 0.0077, Reg: 0.0606
INFO:__main__:Total loss 0.2884
INFO:__main__:Predicted mean: -0.4124
INFO:__main__:Predicted uncertainity -0.6765
INFO:__main__:Completed epoch 94 of 100

INFO:__main__:NLL: 0.1600, L2: 0.0078, Reg: 0.0540
INFO:__main__:Total loss 0.2218
INFO:__main__:Predicted mean: -0.4355
INFO:__main__:Predicted uncertainity -0.5987
INFO:__main__:Completed epoch 95 of 100

INFO:__main__:NLL: 0.1704, L2: 0.0075, Reg: 0.0493
INFO:__main__:Total loss 0.2272
INFO:__main__:Predicted mean: -0.3954
INFO:__main__:Predicted uncertainity -0.5687
INFO:__main__:Completed epoch 96 of 100

INFO:__main__:NLL: 0.1563, L2: 0.0076, Reg: 0.0633
INFO:__main__:Total loss 0.2272
INFO:__main__:Predicted mean: -0.3809
INFO:__main__:Predicted uncertainity -0.6123
INFO:__main__:Completed epoch 97 of 100

INFO:__main__:NLL: 0.0580, L2: 0.0075, Reg: 0.0472
INFO:__main__:Total loss 0.1127
INFO:__main__:Predicted mean: -0.3647
INFO:__main__:Predicted uncertainity -0.6623
INFO:__main__:Completed epoch 98 of 100

INFO:__main__:NLL: -0.0052, L2: 0.0078, Reg: 0.0600
INFO:__main__:Total loss 0.0626
INFO:__main__:Predicted mean: -0.3812
INFO:__main__:Predicted uncertainity -0.6970
INFO:__main__:Completed epoch 99 of 100

INFO:__main__:NLL: 0.1220, L2: 0.0075, Reg: 0.0583
INFO:__main__:Total loss 0.1878
INFO:__main__:Predicted mean: -0.4187
INFO:__main__:Predicted uncertainity -0.5562
INFO:__main__:Completed epoch 100 of 100

INFO:__main__:586.238998 s
