INFO:__main__:PROCESS RUNNING ON cpu
INFO:__main__:NLL: 0.2153, L2: 0.0067, Reg: 0.1483
INFO:__main__:Total loss 0.3704
INFO:__main__:Predicted mean: -0.3984
INFO:__main__:Predicted uncertainity -0.6662
INFO:__main__:Completed epoch 1 of 100

INFO:__main__:NLL: 0.0392, L2: 0.0071, Reg: 0.1465
INFO:__main__:Total loss 0.1929
INFO:__main__:Predicted mean: -0.4035
INFO:__main__:Predicted uncertainity -0.7283
INFO:__main__:Completed epoch 2 of 100

INFO:__main__:NLL: 0.0383, L2: 0.0073, Reg: 0.1469
INFO:__main__:Total loss 0.1925
INFO:__main__:Predicted mean: -0.4407
INFO:__main__:Predicted uncertainity -0.6841
INFO:__main__:Completed epoch 3 of 100

INFO:__main__:NLL: 0.0234, L2: 0.0078, Reg: 0.1451
INFO:__main__:Total loss 0.1762
INFO:__main__:Predicted mean: -0.3421
INFO:__main__:Predicted uncertainity -0.7634
INFO:__main__:Completed epoch 4 of 100

INFO:__main__:NLL: 0.0287, L2: 0.0076, Reg: 0.1472
INFO:__main__:Total loss 0.1834
INFO:__main__:Predicted mean: -0.3549
INFO:__main__:Predicted uncertainity -0.7957
INFO:__main__:Completed epoch 5 of 100

INFO:__main__:NLL: 0.1214, L2: 0.0073, Reg: 0.1468
INFO:__main__:Total loss 0.2755
INFO:__main__:Predicted mean: -0.4122
INFO:__main__:Predicted uncertainity -0.7007
INFO:__main__:Completed epoch 6 of 100

INFO:__main__:NLL: 0.0706, L2: 0.0074, Reg: 0.1487
INFO:__main__:Total loss 0.2267
INFO:__main__:Predicted mean: -0.3646
INFO:__main__:Predicted uncertainity -0.6510
INFO:__main__:Completed epoch 7 of 100

INFO:__main__:NLL: 0.2154, L2: 0.0077, Reg: 0.1460
INFO:__main__:Total loss 0.3691
INFO:__main__:Predicted mean: -0.3496
INFO:__main__:Predicted uncertainity -0.6949
INFO:__main__:Completed epoch 8 of 100

INFO:__main__:NLL: 0.0022, L2: 0.0072, Reg: 0.1481
INFO:__main__:Total loss 0.1576
INFO:__main__:Predicted mean: -0.3474
INFO:__main__:Predicted uncertainity -0.7893
INFO:__main__:Completed epoch 9 of 100

INFO:__main__:NLL: 0.3084, L2: 0.0079, Reg: 0.1469
INFO:__main__:Total loss 0.4632
INFO:__main__:Predicted mean: -0.4210
INFO:__main__:Predicted uncertainity -0.7154
INFO:__main__:Completed epoch 10 of 100

INFO:__main__:NLL: 0.1000, L2: 0.0075, Reg: 0.1456
INFO:__main__:Total loss 0.2531
INFO:__main__:Predicted mean: -0.4424
INFO:__main__:Predicted uncertainity -0.8290
INFO:__main__:Completed epoch 11 of 100

INFO:__main__:NLL: 0.1543, L2: 0.0077, Reg: 0.1474
INFO:__main__:Total loss 0.3094
INFO:__main__:Predicted mean: -0.3812
INFO:__main__:Predicted uncertainity -0.6543
INFO:__main__:Completed epoch 12 of 100

INFO:__main__:NLL: -0.0075, L2: 0.0081, Reg: 0.1467
INFO:__main__:Total loss 0.1473
INFO:__main__:Predicted mean: -0.3391
INFO:__main__:Predicted uncertainity -0.7957
INFO:__main__:Completed epoch 13 of 100

INFO:__main__:NLL: 0.3652, L2: 0.0084, Reg: 0.1466
INFO:__main__:Total loss 0.5202
INFO:__main__:Predicted mean: -0.3736
INFO:__main__:Predicted uncertainity -0.7422
INFO:__main__:Completed epoch 14 of 100

INFO:__main__:NLL: 0.2242, L2: 0.0084, Reg: 0.1477
INFO:__main__:Total loss 0.3803
INFO:__main__:Predicted mean: -0.4253
INFO:__main__:Predicted uncertainity -0.7602
INFO:__main__:Completed epoch 15 of 100

INFO:__main__:NLL: 0.2419, L2: 0.0082, Reg: 0.1470
INFO:__main__:Total loss 0.3971
INFO:__main__:Predicted mean: -0.3590
INFO:__main__:Predicted uncertainity -0.8234
INFO:__main__:Completed epoch 16 of 100

INFO:__main__:NLL: 0.0025, L2: 0.0080, Reg: 0.1448
INFO:__main__:Total loss 0.1554
INFO:__main__:Predicted mean: -0.3732
INFO:__main__:Predicted uncertainity -0.6967
INFO:__main__:Completed epoch 17 of 100

INFO:__main__:NLL: 0.1530, L2: 0.0082, Reg: 0.1473
INFO:__main__:Total loss 0.3084
INFO:__main__:Predicted mean: -0.4338
INFO:__main__:Predicted uncertainity -0.7349
INFO:__main__:Completed epoch 18 of 100

INFO:__main__:NLL: -0.0412, L2: 0.0088, Reg: 0.1456
INFO:__main__:Total loss 0.1131
INFO:__main__:Predicted mean: -0.4348
INFO:__main__:Predicted uncertainity -0.6971
INFO:__main__:Completed epoch 19 of 100

INFO:__main__:NLL: 0.1746, L2: 0.0082, Reg: 0.1453
INFO:__main__:Total loss 0.3281
INFO:__main__:Predicted mean: -0.4074
INFO:__main__:Predicted uncertainity -0.6443
INFO:__main__:Completed epoch 20 of 100

INFO:__main__:NLL: 0.0537, L2: 0.0080, Reg: 0.1456
INFO:__main__:Total loss 0.2073
INFO:__main__:Predicted mean: -0.3795
INFO:__main__:Predicted uncertainity -0.6436
INFO:__main__:Completed epoch 21 of 100

INFO:__main__:NLL: 0.0512, L2: 0.0083, Reg: 0.1458
INFO:__main__:Total loss 0.2053
INFO:__main__:Predicted mean: -0.3713
INFO:__main__:Predicted uncertainity -0.7942
INFO:__main__:Completed epoch 22 of 100

INFO:__main__:NLL: 0.0137, L2: 0.0082, Reg: 0.1494
INFO:__main__:Total loss 0.1713
INFO:__main__:Predicted mean: -0.3947
INFO:__main__:Predicted uncertainity -0.7402
INFO:__main__:Completed epoch 23 of 100

INFO:__main__:NLL: 0.2575, L2: 0.0087, Reg: 0.1464
INFO:__main__:Total loss 0.4126
INFO:__main__:Predicted mean: -0.3526
INFO:__main__:Predicted uncertainity -0.6903
INFO:__main__:Completed epoch 24 of 100

INFO:__main__:NLL: 0.1052, L2: 0.0083, Reg: 0.1477
INFO:__main__:Total loss 0.2612
INFO:__main__:Predicted mean: -0.3789
INFO:__main__:Predicted uncertainity -0.7208
INFO:__main__:Completed epoch 25 of 100

INFO:__main__:NLL: -0.0746, L2: 0.0087, Reg: 0.1465
INFO:__main__:Total loss 0.0806
INFO:__main__:Predicted mean: -0.3864
INFO:__main__:Predicted uncertainity -0.6470
INFO:__main__:Completed epoch 26 of 100

INFO:__main__:NLL: 0.1741, L2: 0.0087, Reg: 0.1471
INFO:__main__:Total loss 0.3299
INFO:__main__:Predicted mean: -0.3635
INFO:__main__:Predicted uncertainity -0.7948
INFO:__main__:Completed epoch 27 of 100

INFO:__main__:NLL: 0.1625, L2: 0.0085, Reg: 0.1459
INFO:__main__:Total loss 0.3169
INFO:__main__:Predicted mean: -0.3581
INFO:__main__:Predicted uncertainity -0.6117
INFO:__main__:Completed epoch 28 of 100

INFO:__main__:NLL: 0.0966, L2: 0.0085, Reg: 0.1470
INFO:__main__:Total loss 0.2520
INFO:__main__:Predicted mean: -0.3080
INFO:__main__:Predicted uncertainity -0.8089
INFO:__main__:Completed epoch 29 of 100

INFO:__main__:NLL: 0.1929, L2: 0.0084, Reg: 0.1454
INFO:__main__:Total loss 0.3467
INFO:__main__:Predicted mean: -0.3229
INFO:__main__:Predicted uncertainity -0.6741
INFO:__main__:Completed epoch 30 of 100

INFO:__main__:NLL: 0.1369, L2: 0.0080, Reg: 0.1466
INFO:__main__:Total loss 0.2915
INFO:__main__:Predicted mean: -0.4069
INFO:__main__:Predicted uncertainity -0.7196
INFO:__main__:Completed epoch 31 of 100

INFO:__main__:NLL: -0.0680, L2: 0.0083, Reg: 0.1467
INFO:__main__:Total loss 0.0870
INFO:__main__:Predicted mean: -0.3886
INFO:__main__:Predicted uncertainity -0.8751
INFO:__main__:Completed epoch 32 of 100

INFO:__main__:NLL: 0.1342, L2: 0.0082, Reg: 0.1468
INFO:__main__:Total loss 0.2893
INFO:__main__:Predicted mean: -0.3966
INFO:__main__:Predicted uncertainity -0.6950
INFO:__main__:Completed epoch 33 of 100

INFO:__main__:NLL: 0.0547, L2: 0.0085, Reg: 0.1462
INFO:__main__:Total loss 0.2094
INFO:__main__:Predicted mean: -0.3678
INFO:__main__:Predicted uncertainity -0.7554
INFO:__main__:Completed epoch 34 of 100

INFO:__main__:NLL: -0.0390, L2: 0.0083, Reg: 0.1469
INFO:__main__:Total loss 0.1162
INFO:__main__:Predicted mean: -0.3824
INFO:__main__:Predicted uncertainity -0.7897
INFO:__main__:Completed epoch 35 of 100

INFO:__main__:NLL: 0.0984, L2: 0.0086, Reg: 0.1470
INFO:__main__:Total loss 0.2540
INFO:__main__:Predicted mean: -0.2934
INFO:__main__:Predicted uncertainity -0.7415
INFO:__main__:Completed epoch 36 of 100

INFO:__main__:NLL: -0.0431, L2: 0.0086, Reg: 0.1458
INFO:__main__:Total loss 0.1113
INFO:__main__:Predicted mean: -0.3539
INFO:__main__:Predicted uncertainity -0.8064
INFO:__main__:Completed epoch 37 of 100

INFO:__main__:NLL: 0.2934, L2: 0.0086, Reg: 0.1443
INFO:__main__:Total loss 0.4464
INFO:__main__:Predicted mean: -0.3829
INFO:__main__:Predicted uncertainity -0.7778
INFO:__main__:Completed epoch 38 of 100

INFO:__main__:NLL: 0.1115, L2: 0.0084, Reg: 0.1474
INFO:__main__:Total loss 0.2672
INFO:__main__:Predicted mean: -0.3775
INFO:__main__:Predicted uncertainity -0.6968
INFO:__main__:Completed epoch 39 of 100

INFO:__main__:NLL: 0.0234, L2: 0.0088, Reg: 0.1477
INFO:__main__:Total loss 0.1799
INFO:__main__:Predicted mean: -0.4145
INFO:__main__:Predicted uncertainity -0.7306
INFO:__main__:Completed epoch 40 of 100

INFO:__main__:NLL: 0.0053, L2: 0.0086, Reg: 0.1451
INFO:__main__:Total loss 0.1591
INFO:__main__:Predicted mean: -0.3685
INFO:__main__:Predicted uncertainity -0.6914
INFO:__main__:Completed epoch 41 of 100

INFO:__main__:NLL: 0.0911, L2: 0.0084, Reg: 0.1467
INFO:__main__:Total loss 0.2462
INFO:__main__:Predicted mean: -0.3995
INFO:__main__:Predicted uncertainity -0.7010
INFO:__main__:Completed epoch 42 of 100

INFO:__main__:NLL: 0.1699, L2: 0.0082, Reg: 0.1470
INFO:__main__:Total loss 0.3251
INFO:__main__:Predicted mean: -0.3936
INFO:__main__:Predicted uncertainity -0.7363
INFO:__main__:Completed epoch 43 of 100

INFO:__main__:NLL: 0.2285, L2: 0.0085, Reg: 0.1476
INFO:__main__:Total loss 0.3846
INFO:__main__:Predicted mean: -0.3977
INFO:__main__:Predicted uncertainity -0.7593
INFO:__main__:Completed epoch 44 of 100

INFO:__main__:NLL: 0.1325, L2: 0.0083, Reg: 0.1453
INFO:__main__:Total loss 0.2861
INFO:__main__:Predicted mean: -0.3678
INFO:__main__:Predicted uncertainity -0.7127
INFO:__main__:Completed epoch 45 of 100

INFO:__main__:NLL: 0.1455, L2: 0.0078, Reg: 0.1449
INFO:__main__:Total loss 0.2982
INFO:__main__:Predicted mean: -0.3759
INFO:__main__:Predicted uncertainity -0.6807
INFO:__main__:Completed epoch 46 of 100

INFO:__main__:NLL: 0.0152, L2: 0.0084, Reg: 0.1451
INFO:__main__:Total loss 0.1686
INFO:__main__:Predicted mean: -0.4277
INFO:__main__:Predicted uncertainity -0.6614
INFO:__main__:Completed epoch 47 of 100

INFO:__main__:NLL: -0.0289, L2: 0.0084, Reg: 0.1479
INFO:__main__:Total loss 0.1273
INFO:__main__:Predicted mean: -0.3650
INFO:__main__:Predicted uncertainity -0.8194
INFO:__main__:Completed epoch 48 of 100

INFO:__main__:NLL: -0.0452, L2: 0.0086, Reg: 0.1472
INFO:__main__:Total loss 0.1106
INFO:__main__:Predicted mean: -0.3928
INFO:__main__:Predicted uncertainity -0.6544
INFO:__main__:Completed epoch 49 of 100

INFO:__main__:NLL: -0.0457, L2: 0.0082, Reg: 0.1463
INFO:__main__:Total loss 0.1088
INFO:__main__:Predicted mean: -0.3875
INFO:__main__:Predicted uncertainity -0.7184
INFO:__main__:Completed epoch 50 of 100

INFO:__main__:NLL: 0.3320, L2: 0.0083, Reg: 0.1466
INFO:__main__:Total loss 0.4870
INFO:__main__:Predicted mean: -0.4024
INFO:__main__:Predicted uncertainity -0.8512
INFO:__main__:Completed epoch 51 of 100

INFO:__main__:NLL: -0.0513, L2: 0.0084, Reg: 0.1455
INFO:__main__:Total loss 0.1026
INFO:__main__:Predicted mean: -0.3699
INFO:__main__:Predicted uncertainity -0.8269
INFO:__main__:Completed epoch 52 of 100

INFO:__main__:NLL: 0.0060, L2: 0.0083, Reg: 0.1453
INFO:__main__:Total loss 0.1596
INFO:__main__:Predicted mean: -0.3698
INFO:__main__:Predicted uncertainity -0.6549
INFO:__main__:Completed epoch 53 of 100

INFO:__main__:NLL: 0.2650, L2: 0.0083, Reg: 0.1447
INFO:__main__:Total loss 0.4181
INFO:__main__:Predicted mean: -0.3433
INFO:__main__:Predicted uncertainity -0.7262
INFO:__main__:Completed epoch 54 of 100

INFO:__main__:NLL: 0.2823, L2: 0.0091, Reg: 0.1444
INFO:__main__:Total loss 0.4358
INFO:__main__:Predicted mean: -0.3764
INFO:__main__:Predicted uncertainity -0.6960
INFO:__main__:Completed epoch 55 of 100

INFO:__main__:NLL: 0.2671, L2: 0.0087, Reg: 0.1458
INFO:__main__:Total loss 0.4216
INFO:__main__:Predicted mean: -0.4022
INFO:__main__:Predicted uncertainity -0.7257
INFO:__main__:Completed epoch 56 of 100

INFO:__main__:NLL: 0.0816, L2: 0.0083, Reg: 0.1463
INFO:__main__:Total loss 0.2361
INFO:__main__:Predicted mean: -0.3896
INFO:__main__:Predicted uncertainity -0.6826
INFO:__main__:Completed epoch 57 of 100

INFO:__main__:NLL: -0.0291, L2: 0.0091, Reg: 0.1474
INFO:__main__:Total loss 0.1273
INFO:__main__:Predicted mean: -0.4649
INFO:__main__:Predicted uncertainity -0.7091
INFO:__main__:Completed epoch 58 of 100

INFO:__main__:NLL: 0.0212, L2: 0.0088, Reg: 0.1465
INFO:__main__:Total loss 0.1766
INFO:__main__:Predicted mean: -0.3586
INFO:__main__:Predicted uncertainity -0.6845
INFO:__main__:Completed epoch 59 of 100

INFO:__main__:NLL: 0.0103, L2: 0.0090, Reg: 0.1449
INFO:__main__:Total loss 0.1642
INFO:__main__:Predicted mean: -0.3778
INFO:__main__:Predicted uncertainity -0.7582
INFO:__main__:Completed epoch 60 of 100

INFO:__main__:NLL: 0.0805, L2: 0.0087, Reg: 0.1452
INFO:__main__:Total loss 0.2344
INFO:__main__:Predicted mean: -0.3359
INFO:__main__:Predicted uncertainity -0.7188
INFO:__main__:Completed epoch 61 of 100

INFO:__main__:NLL: 0.2417, L2: 0.0091, Reg: 0.1451
INFO:__main__:Total loss 0.3959
INFO:__main__:Predicted mean: -0.3661
INFO:__main__:Predicted uncertainity -0.6795
INFO:__main__:Completed epoch 62 of 100

INFO:__main__:NLL: 0.0281, L2: 0.0091, Reg: 0.1467
INFO:__main__:Total loss 0.1839
INFO:__main__:Predicted mean: -0.4630
INFO:__main__:Predicted uncertainity -0.7690
INFO:__main__:Completed epoch 63 of 100

INFO:__main__:NLL: 0.0311, L2: 0.0087, Reg: 0.1457
INFO:__main__:Total loss 0.1856
INFO:__main__:Predicted mean: -0.3419
INFO:__main__:Predicted uncertainity -0.7516
INFO:__main__:Completed epoch 64 of 100

INFO:__main__:NLL: -0.0239, L2: 0.0088, Reg: 0.1470
INFO:__main__:Total loss 0.1319
INFO:__main__:Predicted mean: -0.3661
INFO:__main__:Predicted uncertainity -0.8197
INFO:__main__:Completed epoch 65 of 100

INFO:__main__:NLL: 0.1832, L2: 0.0089, Reg: 0.1469
INFO:__main__:Total loss 0.3391
INFO:__main__:Predicted mean: -0.3952
INFO:__main__:Predicted uncertainity -0.7497
INFO:__main__:Completed epoch 66 of 100

INFO:__main__:NLL: 0.0391, L2: 0.0084, Reg: 0.1467
INFO:__main__:Total loss 0.1942
INFO:__main__:Predicted mean: -0.3511
INFO:__main__:Predicted uncertainity -0.7522
INFO:__main__:Completed epoch 67 of 100

INFO:__main__:NLL: 0.0489, L2: 0.0083, Reg: 0.1467
INFO:__main__:Total loss 0.2039
INFO:__main__:Predicted mean: -0.3716
INFO:__main__:Predicted uncertainity -0.7913
INFO:__main__:Completed epoch 68 of 100

INFO:__main__:NLL: 0.0323, L2: 0.0083, Reg: 0.1468
INFO:__main__:Total loss 0.1874
INFO:__main__:Predicted mean: -0.3880
INFO:__main__:Predicted uncertainity -0.7376
INFO:__main__:Completed epoch 69 of 100

INFO:__main__:NLL: 0.5246, L2: 0.0094, Reg: 0.1494
INFO:__main__:Total loss 0.6835
INFO:__main__:Predicted mean: -0.4461
INFO:__main__:Predicted uncertainity -0.6867
INFO:__main__:Completed epoch 70 of 100

INFO:__main__:NLL: -0.0362, L2: 0.0088, Reg: 0.1472
INFO:__main__:Total loss 0.1198
INFO:__main__:Predicted mean: -0.4069
INFO:__main__:Predicted uncertainity -0.7642
INFO:__main__:Completed epoch 71 of 100

INFO:__main__:NLL: 0.2172, L2: 0.0086, Reg: 0.1511
INFO:__main__:Total loss 0.3768
INFO:__main__:Predicted mean: -0.4280
INFO:__main__:Predicted uncertainity -0.7974
INFO:__main__:Completed epoch 72 of 100

INFO:__main__:NLL: 0.2675, L2: 0.0087, Reg: 0.1457
INFO:__main__:Total loss 0.4219
INFO:__main__:Predicted mean: -0.4295
INFO:__main__:Predicted uncertainity -0.7372
INFO:__main__:Completed epoch 73 of 100

INFO:__main__:NLL: 0.1297, L2: 0.0087, Reg: 0.1479
INFO:__main__:Total loss 0.2864
INFO:__main__:Predicted mean: -0.3470
INFO:__main__:Predicted uncertainity -0.7778
INFO:__main__:Completed epoch 74 of 100

INFO:__main__:NLL: -0.0434, L2: 0.0088, Reg: 0.1479
INFO:__main__:Total loss 0.1133
INFO:__main__:Predicted mean: -0.4242
INFO:__main__:Predicted uncertainity -0.8167
INFO:__main__:Completed epoch 75 of 100

INFO:__main__:NLL: 0.1518, L2: 0.0082, Reg: 0.1462
INFO:__main__:Total loss 0.3061
INFO:__main__:Predicted mean: -0.3980
INFO:__main__:Predicted uncertainity -0.7170
INFO:__main__:Completed epoch 76 of 100

INFO:__main__:NLL: 0.1104, L2: 0.0082, Reg: 0.1461
INFO:__main__:Total loss 0.2647
INFO:__main__:Predicted mean: -0.4344
INFO:__main__:Predicted uncertainity -0.7825
INFO:__main__:Completed epoch 77 of 100

INFO:__main__:NLL: 0.1559, L2: 0.0083, Reg: 0.1472
INFO:__main__:Total loss 0.3114
INFO:__main__:Predicted mean: -0.3559
INFO:__main__:Predicted uncertainity -0.7411
INFO:__main__:Completed epoch 78 of 100

INFO:__main__:NLL: 0.2081, L2: 0.0086, Reg: 0.1450
INFO:__main__:Total loss 0.3617
INFO:__main__:Predicted mean: -0.3408
INFO:__main__:Predicted uncertainity -0.7000
INFO:__main__:Completed epoch 79 of 100

INFO:__main__:NLL: 0.1124, L2: 0.0084, Reg: 0.1500
INFO:__main__:Total loss 0.2707
INFO:__main__:Predicted mean: -0.3934
INFO:__main__:Predicted uncertainity -0.6847
INFO:__main__:Completed epoch 80 of 100

INFO:__main__:NLL: -0.0472, L2: 0.0087, Reg: 0.1474
INFO:__main__:Total loss 0.1089
INFO:__main__:Predicted mean: -0.4184
INFO:__main__:Predicted uncertainity -0.7465
INFO:__main__:Completed epoch 81 of 100

INFO:__main__:NLL: 0.0505, L2: 0.0088, Reg: 0.1454
INFO:__main__:Total loss 0.2047
INFO:__main__:Predicted mean: -0.4100
INFO:__main__:Predicted uncertainity -0.7753
INFO:__main__:Completed epoch 82 of 100

INFO:__main__:NLL: 0.0236, L2: 0.0088, Reg: 0.1478
INFO:__main__:Total loss 0.1802
INFO:__main__:Predicted mean: -0.3906
INFO:__main__:Predicted uncertainity -0.7312
INFO:__main__:Completed epoch 83 of 100

INFO:__main__:NLL: 0.2664, L2: 0.0084, Reg: 0.1454
INFO:__main__:Total loss 0.4202
INFO:__main__:Predicted mean: -0.3618
INFO:__main__:Predicted uncertainity -0.6745
INFO:__main__:Completed epoch 84 of 100

INFO:__main__:NLL: 0.1313, L2: 0.0085, Reg: 0.1457
INFO:__main__:Total loss 0.2855
INFO:__main__:Predicted mean: -0.3602
INFO:__main__:Predicted uncertainity -0.6079
INFO:__main__:Completed epoch 85 of 100

INFO:__main__:NLL: -0.1497, L2: 0.0087, Reg: 0.1467
INFO:__main__:Total loss 0.0057
INFO:__main__:Predicted mean: -0.4181
INFO:__main__:Predicted uncertainity -0.7591
INFO:__main__:Completed epoch 86 of 100

INFO:__main__:NLL: 0.0778, L2: 0.0082, Reg: 0.1467
INFO:__main__:Total loss 0.2327
INFO:__main__:Predicted mean: -0.3878
INFO:__main__:Predicted uncertainity -0.7114
INFO:__main__:Completed epoch 87 of 100

INFO:__main__:NLL: 0.0517, L2: 0.0092, Reg: 0.1457
INFO:__main__:Total loss 0.2067
INFO:__main__:Predicted mean: -0.3390
INFO:__main__:Predicted uncertainity -0.6986
INFO:__main__:Completed epoch 88 of 100

INFO:__main__:NLL: 0.0801, L2: 0.0083, Reg: 0.1453
INFO:__main__:Total loss 0.2337
INFO:__main__:Predicted mean: -0.3332
INFO:__main__:Predicted uncertainity -0.7282
INFO:__main__:Completed epoch 89 of 100

INFO:__main__:NLL: 0.1558, L2: 0.0084, Reg: 0.1495
INFO:__main__:Total loss 0.3137
INFO:__main__:Predicted mean: -0.3995
INFO:__main__:Predicted uncertainity -0.7202
INFO:__main__:Completed epoch 90 of 100

INFO:__main__:NLL: 0.1638, L2: 0.0083, Reg: 0.1483
INFO:__main__:Total loss 0.3203
INFO:__main__:Predicted mean: -0.4233
INFO:__main__:Predicted uncertainity -0.7634
INFO:__main__:Completed epoch 91 of 100

INFO:__main__:NLL: 0.0282, L2: 0.0080, Reg: 0.1478
INFO:__main__:Total loss 0.1840
INFO:__main__:Predicted mean: -0.3963
INFO:__main__:Predicted uncertainity -0.8268
INFO:__main__:Completed epoch 92 of 100

INFO:__main__:NLL: 0.0021, L2: 0.0086, Reg: 0.1473
INFO:__main__:Total loss 0.1580
INFO:__main__:Predicted mean: -0.3827
INFO:__main__:Predicted uncertainity -0.6611
INFO:__main__:Completed epoch 93 of 100

INFO:__main__:NLL: 0.0685, L2: 0.0088, Reg: 0.1456
INFO:__main__:Total loss 0.2229
INFO:__main__:Predicted mean: -0.3524
INFO:__main__:Predicted uncertainity -0.6658
INFO:__main__:Completed epoch 94 of 100

INFO:__main__:NLL: 0.1692, L2: 0.0085, Reg: 0.1448
INFO:__main__:Total loss 0.3225
INFO:__main__:Predicted mean: -0.3682
INFO:__main__:Predicted uncertainity -0.6695
INFO:__main__:Completed epoch 95 of 100

INFO:__main__:NLL: 0.3502, L2: 0.0084, Reg: 0.1468
INFO:__main__:Total loss 0.5054
INFO:__main__:Predicted mean: -0.3693
INFO:__main__:Predicted uncertainity -0.8754
INFO:__main__:Completed epoch 96 of 100

INFO:__main__:NLL: 0.0516, L2: 0.0085, Reg: 0.1452
INFO:__main__:Total loss 0.2053
INFO:__main__:Predicted mean: -0.2972
INFO:__main__:Predicted uncertainity -0.7190
INFO:__main__:Completed epoch 97 of 100

INFO:__main__:NLL: 0.0173, L2: 0.0089, Reg: 0.1479
INFO:__main__:Total loss 0.1741
INFO:__main__:Predicted mean: -0.3550
INFO:__main__:Predicted uncertainity -0.7047
INFO:__main__:Completed epoch 98 of 100

INFO:__main__:NLL: 0.2237, L2: 0.0087, Reg: 0.1487
INFO:__main__:Total loss 0.3812
INFO:__main__:Predicted mean: -0.4628
INFO:__main__:Predicted uncertainity -0.8502
INFO:__main__:Completed epoch 99 of 100

INFO:__main__:NLL: 0.1375, L2: 0.0084, Reg: 0.1469
INFO:__main__:Total loss 0.2928
INFO:__main__:Predicted mean: -0.3969
INFO:__main__:Predicted uncertainity -0.8109
INFO:__main__:Completed epoch 100 of 100

INFO:__main__:501.977691 s
