INFO:__main__:PROCESS RUNNING ON cpu
INFO:__main__:NLL: 0.3068, L2: 0.0127, Reg: 0.0665
INFO:__main__:Total loss 0.3860
INFO:__main__:Predicted mean: -0.3833
INFO:__main__:Predicted uncertainity -0.0048
INFO:__main__:Completed epoch 1 of 100

INFO:__main__:NLL: 0.3152, L2: 0.0014, Reg: 0.0384
INFO:__main__:Total loss 0.3550
INFO:__main__:Predicted mean: -0.3744
INFO:__main__:Predicted uncertainity 0.0236
INFO:__main__:Completed epoch 2 of 100

INFO:__main__:NLL: 0.3139, L2: 0.0014, Reg: 0.0450
INFO:__main__:Total loss 0.3603
INFO:__main__:Predicted mean: -0.3742
INFO:__main__:Predicted uncertainity 0.0170
INFO:__main__:Completed epoch 3 of 100

INFO:__main__:NLL: 0.3132, L2: 0.0014, Reg: 0.0389
INFO:__main__:Total loss 0.3536
INFO:__main__:Predicted mean: -0.3743
INFO:__main__:Predicted uncertainity 0.0137
INFO:__main__:Completed epoch 4 of 100

INFO:__main__:NLL: 0.3154, L2: 0.0014, Reg: 0.0651
INFO:__main__:Total loss 0.3819
INFO:__main__:Predicted mean: -0.3658
INFO:__main__:Predicted uncertainity 0.0325
INFO:__main__:Completed epoch 5 of 100

INFO:__main__:NLL: 0.3154, L2: 0.0014, Reg: 0.0470
INFO:__main__:Total loss 0.3638
INFO:__main__:Predicted mean: -0.3738
INFO:__main__:Predicted uncertainity 0.0253
INFO:__main__:Completed epoch 6 of 100

INFO:__main__:NLL: 0.3139, L2: 0.0014, Reg: 0.0767
INFO:__main__:Total loss 0.3920
INFO:__main__:Predicted mean: -0.3734
INFO:__main__:Predicted uncertainity 0.0178
INFO:__main__:Completed epoch 7 of 100

INFO:__main__:NLL: 0.3121, L2: 0.0014, Reg: 0.0474
INFO:__main__:Total loss 0.3609
INFO:__main__:Predicted mean: -0.3737
INFO:__main__:Predicted uncertainity 0.0083
INFO:__main__:Completed epoch 8 of 100

INFO:__main__:NLL: 0.3162, L2: 0.0016, Reg: 0.0641
INFO:__main__:Total loss 0.3820
INFO:__main__:Predicted mean: -0.3673
INFO:__main__:Predicted uncertainity 0.0346
INFO:__main__:Completed epoch 9 of 100

INFO:__main__:NLL: 0.3112, L2: 0.0015, Reg: 0.0575
INFO:__main__:Total loss 0.3702
INFO:__main__:Predicted mean: -0.3577
INFO:__main__:Predicted uncertainity 0.0185
INFO:__main__:Completed epoch 10 of 100

INFO:__main__:NLL: 0.3096, L2: 0.0014, Reg: 0.0447
INFO:__main__:Total loss 0.3557
INFO:__main__:Predicted mean: -0.3680
INFO:__main__:Predicted uncertainity 0.0004
INFO:__main__:Completed epoch 11 of 100

INFO:__main__:NLL: 0.3126, L2: 0.0016, Reg: 0.0515
INFO:__main__:Total loss 0.3657
INFO:__main__:Predicted mean: -0.3594
INFO:__main__:Predicted uncertainity 0.0252
INFO:__main__:Completed epoch 12 of 100

INFO:__main__:NLL: 0.3111, L2: 0.0014, Reg: 0.0521
INFO:__main__:Total loss 0.3646
INFO:__main__:Predicted mean: -0.3593
INFO:__main__:Predicted uncertainity 0.0163
INFO:__main__:Completed epoch 13 of 100

INFO:__main__:NLL: 0.3127, L2: 0.0017, Reg: 0.0477
INFO:__main__:Total loss 0.3621
INFO:__main__:Predicted mean: -0.3625
INFO:__main__:Predicted uncertainity 0.0215
INFO:__main__:Completed epoch 14 of 100

INFO:__main__:NLL: 0.3130, L2: 0.0014, Reg: 0.0508
INFO:__main__:Total loss 0.3651
INFO:__main__:Predicted mean: -0.3661
INFO:__main__:Predicted uncertainity 0.0198
INFO:__main__:Completed epoch 15 of 100

INFO:__main__:NLL: 0.3114, L2: 0.0014, Reg: 0.0688
INFO:__main__:Total loss 0.3817
INFO:__main__:Predicted mean: -0.3709
INFO:__main__:Predicted uncertainity 0.0083
INFO:__main__:Completed epoch 16 of 100

INFO:__main__:NLL: 0.3117, L2: 0.0018, Reg: 0.0316
INFO:__main__:Total loss 0.3451
INFO:__main__:Predicted mean: -0.3630
INFO:__main__:Predicted uncertainity 0.0230
INFO:__main__:Completed epoch 17 of 100

INFO:__main__:NLL: 0.3125, L2: 0.0017, Reg: 0.0329
INFO:__main__:Total loss 0.3471
INFO:__main__:Predicted mean: -0.3505
INFO:__main__:Predicted uncertainity 0.0318
INFO:__main__:Completed epoch 18 of 100

INFO:__main__:NLL: 0.3127, L2: 0.0014, Reg: 0.0541
INFO:__main__:Total loss 0.3682
INFO:__main__:Predicted mean: -0.3560
INFO:__main__:Predicted uncertainity 0.0273
INFO:__main__:Completed epoch 19 of 100

INFO:__main__:NLL: 0.3127, L2: 0.0015, Reg: 0.0457
INFO:__main__:Total loss 0.3598
INFO:__main__:Predicted mean: -0.3662
INFO:__main__:Predicted uncertainity 0.0186
INFO:__main__:Completed epoch 20 of 100

INFO:__main__:NLL: 0.3117, L2: 0.0016, Reg: 0.0502
INFO:__main__:Total loss 0.3635
INFO:__main__:Predicted mean: -0.3560
INFO:__main__:Predicted uncertainity 0.0227
INFO:__main__:Completed epoch 21 of 100

INFO:__main__:NLL: 0.3135, L2: 0.0017, Reg: 0.0468
INFO:__main__:Total loss 0.3621
INFO:__main__:Predicted mean: -0.3637
INFO:__main__:Predicted uncertainity 0.0244
INFO:__main__:Completed epoch 22 of 100

INFO:__main__:NLL: 0.3105, L2: 0.0018, Reg: 0.0628
INFO:__main__:Total loss 0.3750
INFO:__main__:Predicted mean: -0.3523
INFO:__main__:Predicted uncertainity 0.0243
INFO:__main__:Completed epoch 23 of 100

INFO:__main__:NLL: 0.3163, L2: 0.0014, Reg: 0.0417
INFO:__main__:Total loss 0.3594
INFO:__main__:Predicted mean: -0.3683
INFO:__main__:Predicted uncertainity 0.0353
INFO:__main__:Completed epoch 24 of 100

INFO:__main__:NLL: 0.3107, L2: 0.0017, Reg: 0.0408
INFO:__main__:Total loss 0.3531
INFO:__main__:Predicted mean: -0.3458
INFO:__main__:Predicted uncertainity 0.0233
INFO:__main__:Completed epoch 25 of 100

INFO:__main__:NLL: 0.3110, L2: 0.0017, Reg: 0.0551
INFO:__main__:Total loss 0.3677
INFO:__main__:Predicted mean: -0.3641
INFO:__main__:Predicted uncertainity 0.0107
INFO:__main__:Completed epoch 26 of 100

INFO:__main__:NLL: 0.3139, L2: 0.0015, Reg: 0.0418
INFO:__main__:Total loss 0.3571
INFO:__main__:Predicted mean: -0.3676
INFO:__main__:Predicted uncertainity 0.0231
INFO:__main__:Completed epoch 27 of 100

INFO:__main__:NLL: 0.3124, L2: 0.0017, Reg: 0.0440
INFO:__main__:Total loss 0.3580
INFO:__main__:Predicted mean: -0.3537
INFO:__main__:Predicted uncertainity 0.0297
INFO:__main__:Completed epoch 28 of 100

INFO:__main__:NLL: 0.3128, L2: 0.0017, Reg: 0.0521
INFO:__main__:Total loss 0.3666
INFO:__main__:Predicted mean: -0.3608
INFO:__main__:Predicted uncertainity 0.0229
INFO:__main__:Completed epoch 29 of 100

INFO:__main__:NLL: 0.3152, L2: 0.0016, Reg: 0.0440
INFO:__main__:Total loss 0.3609
INFO:__main__:Predicted mean: -0.3604
INFO:__main__:Predicted uncertainity 0.0328
INFO:__main__:Completed epoch 30 of 100

INFO:__main__:NLL: 0.3109, L2: 0.0015, Reg: 0.0520
INFO:__main__:Total loss 0.3644
INFO:__main__:Predicted mean: -0.3584
INFO:__main__:Predicted uncertainity 0.0153
INFO:__main__:Completed epoch 31 of 100

INFO:__main__:NLL: 0.3130, L2: 0.0016, Reg: 0.0476
INFO:__main__:Total loss 0.3623
INFO:__main__:Predicted mean: -0.3600
INFO:__main__:Predicted uncertainity 0.0245
INFO:__main__:Completed epoch 32 of 100

INFO:__main__:NLL: 0.3162, L2: 0.0016, Reg: 0.0488
INFO:__main__:Total loss 0.3666
INFO:__main__:Predicted mean: -0.3664
INFO:__main__:Predicted uncertainity 0.0378
INFO:__main__:Completed epoch 33 of 100

INFO:__main__:NLL: 0.3116, L2: 0.0015, Reg: 0.0578
INFO:__main__:Total loss 0.3709
INFO:__main__:Predicted mean: -0.3642
INFO:__main__:Predicted uncertainity 0.0142
INFO:__main__:Completed epoch 34 of 100

INFO:__main__:NLL: 0.3156, L2: 0.0018, Reg: 0.0454
INFO:__main__:Total loss 0.3628
INFO:__main__:Predicted mean: -0.3634
INFO:__main__:Predicted uncertainity 0.0316
INFO:__main__:Completed epoch 35 of 100

INFO:__main__:NLL: 0.3152, L2: 0.0016, Reg: 0.0499
INFO:__main__:Total loss 0.3667
INFO:__main__:Predicted mean: -0.3650
INFO:__main__:Predicted uncertainity 0.0345
INFO:__main__:Completed epoch 36 of 100

INFO:__main__:NLL: 0.3168, L2: 0.0016, Reg: 0.0391
INFO:__main__:Total loss 0.3575
INFO:__main__:Predicted mean: -0.3608
INFO:__main__:Predicted uncertainity 0.0369
INFO:__main__:Completed epoch 37 of 100

INFO:__main__:NLL: 0.3114, L2: 0.0016, Reg: 0.0404
INFO:__main__:Total loss 0.3534
INFO:__main__:Predicted mean: -0.3569
INFO:__main__:Predicted uncertainity 0.0251
INFO:__main__:Completed epoch 38 of 100

INFO:__main__:NLL: 0.3134, L2: 0.0015, Reg: 0.0402
INFO:__main__:Total loss 0.3551
INFO:__main__:Predicted mean: -0.3688
INFO:__main__:Predicted uncertainity 0.0213
INFO:__main__:Completed epoch 39 of 100

INFO:__main__:NLL: 0.3142, L2: 0.0016, Reg: 0.0448
INFO:__main__:Total loss 0.3605
INFO:__main__:Predicted mean: -0.3511
INFO:__main__:Predicted uncertainity 0.0345
INFO:__main__:Completed epoch 40 of 100

INFO:__main__:NLL: 0.3134, L2: 0.0015, Reg: 0.0483
INFO:__main__:Total loss 0.3631
INFO:__main__:Predicted mean: -0.3642
INFO:__main__:Predicted uncertainity 0.0236
INFO:__main__:Completed epoch 41 of 100

INFO:__main__:NLL: 0.3122, L2: 0.0016, Reg: 0.0544
INFO:__main__:Total loss 0.3682
INFO:__main__:Predicted mean: -0.3697
INFO:__main__:Predicted uncertainity 0.0133
INFO:__main__:Completed epoch 42 of 100

INFO:__main__:NLL: 0.3144, L2: 0.0014, Reg: 0.0393
INFO:__main__:Total loss 0.3551
INFO:__main__:Predicted mean: -0.3590
INFO:__main__:Predicted uncertainity 0.0313
INFO:__main__:Completed epoch 43 of 100

INFO:__main__:NLL: 0.3127, L2: 0.0019, Reg: 0.0526
INFO:__main__:Total loss 0.3673
INFO:__main__:Predicted mean: -0.3578
INFO:__main__:Predicted uncertainity 0.0281
INFO:__main__:Completed epoch 44 of 100

INFO:__main__:NLL: 0.3133, L2: 0.0014, Reg: 0.0551
INFO:__main__:Total loss 0.3698
INFO:__main__:Predicted mean: -0.3499
INFO:__main__:Predicted uncertainity 0.0339
INFO:__main__:Completed epoch 45 of 100

INFO:__main__:NLL: 0.3121, L2: 0.0016, Reg: 0.0401
INFO:__main__:Total loss 0.3538
INFO:__main__:Predicted mean: -0.3586
INFO:__main__:Predicted uncertainity 0.0233
INFO:__main__:Completed epoch 46 of 100

INFO:__main__:NLL: 0.3148, L2: 0.0016, Reg: 0.0460
INFO:__main__:Total loss 0.3625
INFO:__main__:Predicted mean: -0.3595
INFO:__main__:Predicted uncertainity 0.0334
INFO:__main__:Completed epoch 47 of 100

INFO:__main__:NLL: 0.3102, L2: 0.0015, Reg: 0.0500
INFO:__main__:Total loss 0.3617
INFO:__main__:Predicted mean: -0.3740
INFO:__main__:Predicted uncertainity -0.0040
INFO:__main__:Completed epoch 48 of 100

INFO:__main__:NLL: 0.3155, L2: 0.0015, Reg: 0.0481
INFO:__main__:Total loss 0.3650
INFO:__main__:Predicted mean: -0.3668
INFO:__main__:Predicted uncertainity 0.0344
INFO:__main__:Completed epoch 49 of 100

INFO:__main__:NLL: 0.3141, L2: 0.0017, Reg: 0.0455
INFO:__main__:Total loss 0.3613
INFO:__main__:Predicted mean: -0.3649
INFO:__main__:Predicted uncertainity 0.0273
INFO:__main__:Completed epoch 50 of 100

INFO:__main__:NLL: 0.3125, L2: 0.0017, Reg: 0.0588
INFO:__main__:Total loss 0.3729
INFO:__main__:Predicted mean: -0.3587
INFO:__main__:Predicted uncertainity 0.0214
INFO:__main__:Completed epoch 51 of 100

INFO:__main__:NLL: 0.3118, L2: 0.0015, Reg: 0.0442
INFO:__main__:Total loss 0.3575
INFO:__main__:Predicted mean: -0.3604
INFO:__main__:Predicted uncertainity 0.0188
INFO:__main__:Completed epoch 52 of 100

INFO:__main__:NLL: 0.3135, L2: 0.0015, Reg: 0.0388
INFO:__main__:Total loss 0.3538
INFO:__main__:Predicted mean: -0.3710
INFO:__main__:Predicted uncertainity 0.0189
INFO:__main__:Completed epoch 53 of 100

INFO:__main__:NLL: 0.3142, L2: 0.0018, Reg: 0.0488
INFO:__main__:Total loss 0.3648
INFO:__main__:Predicted mean: -0.3663
INFO:__main__:Predicted uncertainity 0.0229
INFO:__main__:Completed epoch 54 of 100

INFO:__main__:NLL: 0.3147, L2: 0.0016, Reg: 0.0449
INFO:__main__:Total loss 0.3612
INFO:__main__:Predicted mean: -0.3648
INFO:__main__:Predicted uncertainity 0.0302
INFO:__main__:Completed epoch 55 of 100

INFO:__main__:NLL: 0.3124, L2: 0.0014, Reg: 0.0525
INFO:__main__:Total loss 0.3663
INFO:__main__:Predicted mean: -0.3587
INFO:__main__:Predicted uncertainity 0.0221
INFO:__main__:Completed epoch 56 of 100

INFO:__main__:NLL: 0.3145, L2: 0.0017, Reg: 0.0446
INFO:__main__:Total loss 0.3609
INFO:__main__:Predicted mean: -0.3488
INFO:__main__:Predicted uncertainity 0.0388
INFO:__main__:Completed epoch 57 of 100

INFO:__main__:NLL: 0.3120, L2: 0.0015, Reg: 0.0505
INFO:__main__:Total loss 0.3640
INFO:__main__:Predicted mean: -0.3630
INFO:__main__:Predicted uncertainity 0.0168
INFO:__main__:Completed epoch 58 of 100

INFO:__main__:NLL: 0.3110, L2: 0.0015, Reg: 0.0646
INFO:__main__:Total loss 0.3772
INFO:__main__:Predicted mean: -0.3653
INFO:__main__:Predicted uncertainity 0.0135
INFO:__main__:Completed epoch 59 of 100

INFO:__main__:NLL: 0.3129, L2: 0.0015, Reg: 0.0455
INFO:__main__:Total loss 0.3598
INFO:__main__:Predicted mean: -0.3688
INFO:__main__:Predicted uncertainity 0.0169
INFO:__main__:Completed epoch 60 of 100

INFO:__main__:NLL: 0.3165, L2: 0.0015, Reg: 0.0476
INFO:__main__:Total loss 0.3656
INFO:__main__:Predicted mean: -0.3572
INFO:__main__:Predicted uncertainity 0.0464
INFO:__main__:Completed epoch 61 of 100

INFO:__main__:NLL: 0.3132, L2: 0.0018, Reg: 0.0530
INFO:__main__:Total loss 0.3680
INFO:__main__:Predicted mean: -0.3574
INFO:__main__:Predicted uncertainity 0.0275
INFO:__main__:Completed epoch 62 of 100

INFO:__main__:NLL: 0.3140, L2: 0.0016, Reg: 0.0396
INFO:__main__:Total loss 0.3552
INFO:__main__:Predicted mean: -0.3654
INFO:__main__:Predicted uncertainity 0.0250
INFO:__main__:Completed epoch 63 of 100

INFO:__main__:NLL: 0.3132, L2: 0.0019, Reg: 0.0460
INFO:__main__:Total loss 0.3611
INFO:__main__:Predicted mean: -0.3556
INFO:__main__:Predicted uncertainity 0.0297
INFO:__main__:Completed epoch 64 of 100

INFO:__main__:NLL: 0.3117, L2: 0.0013, Reg: 0.0439
INFO:__main__:Total loss 0.3569
INFO:__main__:Predicted mean: -0.3548
INFO:__main__:Predicted uncertainity 0.0231
INFO:__main__:Completed epoch 65 of 100

INFO:__main__:NLL: 0.3080, L2: 0.0017, Reg: 0.0584
INFO:__main__:Total loss 0.3682
INFO:__main__:Predicted mean: -0.3550
INFO:__main__:Predicted uncertainity 0.0142
INFO:__main__:Completed epoch 66 of 100

INFO:__main__:NLL: 0.3152, L2: 0.0015, Reg: 0.0417
INFO:__main__:Total loss 0.3584
INFO:__main__:Predicted mean: -0.3625
INFO:__main__:Predicted uncertainity 0.0341
INFO:__main__:Completed epoch 67 of 100

INFO:__main__:NLL: 0.3112, L2: 0.0019, Reg: 0.0441
INFO:__main__:Total loss 0.3572
INFO:__main__:Predicted mean: -0.3545
INFO:__main__:Predicted uncertainity 0.0226
INFO:__main__:Completed epoch 68 of 100

INFO:__main__:NLL: 0.3102, L2: 0.0017, Reg: 0.0638
INFO:__main__:Total loss 0.3757
INFO:__main__:Predicted mean: -0.3589
INFO:__main__:Predicted uncertainity 0.0114
INFO:__main__:Completed epoch 69 of 100

INFO:__main__:NLL: 0.3136, L2: 0.0014, Reg: 0.0538
INFO:__main__:Total loss 0.3689
INFO:__main__:Predicted mean: -0.3681
INFO:__main__:Predicted uncertainity 0.0223
INFO:__main__:Completed epoch 70 of 100

INFO:__main__:NLL: 0.3173, L2: 0.0015, Reg: 0.0406
INFO:__main__:Total loss 0.3594
INFO:__main__:Predicted mean: -0.3720
INFO:__main__:Predicted uncertainity 0.0355
INFO:__main__:Completed epoch 71 of 100

INFO:__main__:NLL: 0.3128, L2: 0.0015, Reg: 0.0600
INFO:__main__:Total loss 0.3744
INFO:__main__:Predicted mean: -0.3566
INFO:__main__:Predicted uncertainity 0.0276
INFO:__main__:Completed epoch 72 of 100

INFO:__main__:NLL: 0.3154, L2: 0.0015, Reg: 0.0470
INFO:__main__:Total loss 0.3639
INFO:__main__:Predicted mean: -0.3623
INFO:__main__:Predicted uncertainity 0.0349
INFO:__main__:Completed epoch 73 of 100

INFO:__main__:NLL: 0.3123, L2: 0.0017, Reg: 0.0500
INFO:__main__:Total loss 0.3641
INFO:__main__:Predicted mean: -0.3572
INFO:__main__:Predicted uncertainity 0.0214
INFO:__main__:Completed epoch 74 of 100

INFO:__main__:NLL: 0.3153, L2: 0.0015, Reg: 0.0506
INFO:__main__:Total loss 0.3674
INFO:__main__:Predicted mean: -0.3541
INFO:__main__:Predicted uncertainity 0.0417
INFO:__main__:Completed epoch 75 of 100

INFO:__main__:NLL: 0.3144, L2: 0.0015, Reg: 0.0495
INFO:__main__:Total loss 0.3654
INFO:__main__:Predicted mean: -0.3578
INFO:__main__:Predicted uncertainity 0.0336
INFO:__main__:Completed epoch 76 of 100

INFO:__main__:NLL: 0.3129, L2: 0.0015, Reg: 0.0629
INFO:__main__:Total loss 0.3773
INFO:__main__:Predicted mean: -0.3619
INFO:__main__:Predicted uncertainity 0.0244
INFO:__main__:Completed epoch 77 of 100

INFO:__main__:NLL: 0.3129, L2: 0.0016, Reg: 0.0515
INFO:__main__:Total loss 0.3660
INFO:__main__:Predicted mean: -0.3613
INFO:__main__:Predicted uncertainity 0.0262
INFO:__main__:Completed epoch 78 of 100

INFO:__main__:NLL: 0.3143, L2: 0.0015, Reg: 0.0348
INFO:__main__:Total loss 0.3506
INFO:__main__:Predicted mean: -0.3665
INFO:__main__:Predicted uncertainity 0.0266
INFO:__main__:Completed epoch 79 of 100

INFO:__main__:NLL: 0.3099, L2: 0.0015, Reg: 0.0598
INFO:__main__:Total loss 0.3712
INFO:__main__:Predicted mean: -0.3510
INFO:__main__:Predicted uncertainity 0.0190
INFO:__main__:Completed epoch 80 of 100

INFO:__main__:NLL: 0.3081, L2: 0.0015, Reg: 0.0511
INFO:__main__:Total loss 0.3607
INFO:__main__:Predicted mean: -0.3512
INFO:__main__:Predicted uncertainity 0.0073
INFO:__main__:Completed epoch 81 of 100

INFO:__main__:NLL: 0.3143, L2: 0.0015, Reg: 0.0463
INFO:__main__:Total loss 0.3621
INFO:__main__:Predicted mean: -0.3671
INFO:__main__:Predicted uncertainity 0.0243
INFO:__main__:Completed epoch 82 of 100

INFO:__main__:NLL: 0.3112, L2: 0.0017, Reg: 0.0457
INFO:__main__:Total loss 0.3586
INFO:__main__:Predicted mean: -0.3603
INFO:__main__:Predicted uncertainity 0.0214
INFO:__main__:Completed epoch 83 of 100

INFO:__main__:NLL: 0.3124, L2: 0.0016, Reg: 0.0625
INFO:__main__:Total loss 0.3766
INFO:__main__:Predicted mean: -0.3467
INFO:__main__:Predicted uncertainity 0.0351
INFO:__main__:Completed epoch 84 of 100

INFO:__main__:NLL: 0.3124, L2: 0.0013, Reg: 0.0568
INFO:__main__:Total loss 0.3706
INFO:__main__:Predicted mean: -0.3572
INFO:__main__:Predicted uncertainity 0.0246
INFO:__main__:Completed epoch 85 of 100

INFO:__main__:NLL: 0.3102, L2: 0.0014, Reg: 0.0592
INFO:__main__:Total loss 0.3708
INFO:__main__:Predicted mean: -0.3652
INFO:__main__:Predicted uncertainity 0.0057
INFO:__main__:Completed epoch 86 of 100

INFO:__main__:NLL: 0.3125, L2: 0.0016, Reg: 0.0430
INFO:__main__:Total loss 0.3571
INFO:__main__:Predicted mean: -0.3653
INFO:__main__:Predicted uncertainity 0.0187
INFO:__main__:Completed epoch 87 of 100

INFO:__main__:NLL: 0.3099, L2: 0.0015, Reg: 0.0442
INFO:__main__:Total loss 0.3556
INFO:__main__:Predicted mean: -0.3551
INFO:__main__:Predicted uncertainity 0.0130
INFO:__main__:Completed epoch 88 of 100

INFO:__main__:NLL: 0.3085, L2: 0.0015, Reg: 0.0635
INFO:__main__:Total loss 0.3736
INFO:__main__:Predicted mean: -0.3574
INFO:__main__:Predicted uncertainity 0.0020
INFO:__main__:Completed epoch 89 of 100

INFO:__main__:NLL: 0.3135, L2: 0.0014, Reg: 0.0453
INFO:__main__:Total loss 0.3602
INFO:__main__:Predicted mean: -0.3575
INFO:__main__:Predicted uncertainity 0.0283
INFO:__main__:Completed epoch 90 of 100

INFO:__main__:NLL: 0.3107, L2: 0.0019, Reg: 0.0568
INFO:__main__:Total loss 0.3694
INFO:__main__:Predicted mean: -0.3542
INFO:__main__:Predicted uncertainity 0.0188
INFO:__main__:Completed epoch 91 of 100

INFO:__main__:NLL: 0.3143, L2: 0.0015, Reg: 0.0497
INFO:__main__:Total loss 0.3656
INFO:__main__:Predicted mean: -0.3667
INFO:__main__:Predicted uncertainity 0.0241
INFO:__main__:Completed epoch 92 of 100

INFO:__main__:NLL: 0.3084, L2: 0.0016, Reg: 0.0490
INFO:__main__:Total loss 0.3591
INFO:__main__:Predicted mean: -0.3592
INFO:__main__:Predicted uncertainity 0.0131
INFO:__main__:Completed epoch 93 of 100

INFO:__main__:NLL: 0.3086, L2: 0.0015, Reg: 0.0496
INFO:__main__:Total loss 0.3597
INFO:__main__:Predicted mean: -0.3659
INFO:__main__:Predicted uncertainity -0.0026
INFO:__main__:Completed epoch 94 of 100

INFO:__main__:NLL: 0.3115, L2: 0.0018, Reg: 0.0441
INFO:__main__:Total loss 0.3573
INFO:__main__:Predicted mean: -0.3554
INFO:__main__:Predicted uncertainity 0.0221
INFO:__main__:Completed epoch 95 of 100

INFO:__main__:NLL: 0.3153, L2: 0.0014, Reg: 0.0452
INFO:__main__:Total loss 0.3619
INFO:__main__:Predicted mean: -0.3600
INFO:__main__:Predicted uncertainity 0.0361
INFO:__main__:Completed epoch 96 of 100

INFO:__main__:NLL: 0.3128, L2: 0.0016, Reg: 0.0442
INFO:__main__:Total loss 0.3586
INFO:__main__:Predicted mean: -0.3566
INFO:__main__:Predicted uncertainity 0.0294
INFO:__main__:Completed epoch 97 of 100

INFO:__main__:NLL: 0.3111, L2: 0.0017, Reg: 0.0369
INFO:__main__:Total loss 0.3497
INFO:__main__:Predicted mean: -0.3567
INFO:__main__:Predicted uncertainity 0.0214
INFO:__main__:Completed epoch 98 of 100

INFO:__main__:NLL: 0.3117, L2: 0.0014, Reg: 0.0568
INFO:__main__:Total loss 0.3699
INFO:__main__:Predicted mean: -0.3563
INFO:__main__:Predicted uncertainity 0.0217
INFO:__main__:Completed epoch 99 of 100

INFO:__main__:NLL: 0.3122, L2: 0.0014, Reg: 0.0506
INFO:__main__:Total loss 0.3641
INFO:__main__:Predicted mean: -0.3649
INFO:__main__:Predicted uncertainity 0.0168
INFO:__main__:Completed epoch 100 of 100

INFO:__main__:360.533695 s
