INFO:__main__:PROCESS RUNNING ON cpu
INFO:__main__:NLL: 0.4572, L2: 0.0444, Reg: -0.2758
INFO:__main__:Total loss 0.2258
INFO:__main__:Predicted mean: -0.3503
INFO:__main__:Predicted uncertainity 0.5667
INFO:__main__:Completed epoch 1 of 100

INFO:__main__:NLL: 0.4592, L2: 0.0452, Reg: -0.2833
INFO:__main__:Total loss 0.2211
INFO:__main__:Predicted mean: -0.3529
INFO:__main__:Predicted uncertainity 0.5721
INFO:__main__:Completed epoch 2 of 100

INFO:__main__:NLL: 0.4611, L2: 0.0458, Reg: -0.2840
INFO:__main__:Total loss 0.2229
INFO:__main__:Predicted mean: -0.3507
INFO:__main__:Predicted uncertainity 0.5785
INFO:__main__:Completed epoch 3 of 100

INFO:__main__:NLL: 0.4601, L2: 0.0452, Reg: -0.2856
INFO:__main__:Total loss 0.2196
INFO:__main__:Predicted mean: -0.3456
INFO:__main__:Predicted uncertainity 0.5767
INFO:__main__:Completed epoch 4 of 100

INFO:__main__:NLL: 0.4599, L2: 0.0450, Reg: -0.2748
INFO:__main__:Total loss 0.2301
INFO:__main__:Predicted mean: -0.3421
INFO:__main__:Predicted uncertainity 0.5770
INFO:__main__:Completed epoch 5 of 100

INFO:__main__:NLL: 0.4599, L2: 0.0449, Reg: -0.2821
INFO:__main__:Total loss 0.2227
INFO:__main__:Predicted mean: -0.3402
INFO:__main__:Predicted uncertainity 0.5775
INFO:__main__:Completed epoch 6 of 100

INFO:__main__:NLL: 0.4618, L2: 0.0456, Reg: -0.2755
INFO:__main__:Total loss 0.2319
INFO:__main__:Predicted mean: -0.3402
INFO:__main__:Predicted uncertainity 0.5834
INFO:__main__:Completed epoch 7 of 100

INFO:__main__:NLL: 0.4583, L2: 0.0444, Reg: -0.2806
INFO:__main__:Total loss 0.2221
INFO:__main__:Predicted mean: -0.3397
INFO:__main__:Predicted uncertainity 0.5730
INFO:__main__:Completed epoch 8 of 100

INFO:__main__:NLL: 0.4617, L2: 0.0456, Reg: -0.2776
INFO:__main__:Total loss 0.2298
INFO:__main__:Predicted mean: -0.3402
INFO:__main__:Predicted uncertainity 0.5832
INFO:__main__:Completed epoch 9 of 100

INFO:__main__:NLL: 0.4600, L2: 0.0450, Reg: -0.2791
INFO:__main__:Total loss 0.2258
INFO:__main__:Predicted mean: -0.3400
INFO:__main__:Predicted uncertainity 0.5779
INFO:__main__:Completed epoch 10 of 100

INFO:__main__:NLL: 0.4580, L2: 0.0442, Reg: -0.2820
INFO:__main__:Total loss 0.2203
INFO:__main__:Predicted mean: -0.3388
INFO:__main__:Predicted uncertainity 0.5722
INFO:__main__:Completed epoch 11 of 100

INFO:__main__:NLL: 0.4609, L2: 0.0453, Reg: -0.2810
INFO:__main__:Total loss 0.2252
INFO:__main__:Predicted mean: -0.3404
INFO:__main__:Predicted uncertainity 0.5806
INFO:__main__:Completed epoch 12 of 100

INFO:__main__:NLL: 0.4619, L2: 0.0456, Reg: -0.2834
INFO:__main__:Total loss 0.2241
INFO:__main__:Predicted mean: -0.3395
INFO:__main__:Predicted uncertainity 0.5840
INFO:__main__:Completed epoch 13 of 100

INFO:__main__:NLL: 0.4602, L2: 0.0451, Reg: -0.2817
INFO:__main__:Total loss 0.2236
INFO:__main__:Predicted mean: -0.3404
INFO:__main__:Predicted uncertainity 0.5785
INFO:__main__:Completed epoch 14 of 100

INFO:__main__:NLL: 0.4563, L2: 0.0436, Reg: -0.2762
INFO:__main__:Total loss 0.2238
INFO:__main__:Predicted mean: -0.3383
INFO:__main__:Predicted uncertainity 0.5672
INFO:__main__:Completed epoch 15 of 100

INFO:__main__:NLL: 0.4581, L2: 0.0443, Reg: -0.2724
INFO:__main__:Total loss 0.2301
INFO:__main__:Predicted mean: -0.3395
INFO:__main__:Predicted uncertainity 0.5724
INFO:__main__:Completed epoch 16 of 100

INFO:__main__:NLL: 0.4626, L2: 0.0459, Reg: -0.2896
INFO:__main__:Total loss 0.2189
INFO:__main__:Predicted mean: -0.3399
INFO:__main__:Predicted uncertainity 0.5859
INFO:__main__:Completed epoch 17 of 100

INFO:__main__:NLL: 0.4572, L2: 0.0441, Reg: -0.2836
INFO:__main__:Total loss 0.2177
INFO:__main__:Predicted mean: -0.3402
INFO:__main__:Predicted uncertainity 0.5694
INFO:__main__:Completed epoch 18 of 100

INFO:__main__:NLL: 0.4584, L2: 0.0444, Reg: -0.2772
INFO:__main__:Total loss 0.2256
INFO:__main__:Predicted mean: -0.3390
INFO:__main__:Predicted uncertainity 0.5735
INFO:__main__:Completed epoch 19 of 100

INFO:__main__:NLL: 0.4605, L2: 0.0452, Reg: -0.2831
INFO:__main__:Total loss 0.2226
INFO:__main__:Predicted mean: -0.3402
INFO:__main__:Predicted uncertainity 0.5795
INFO:__main__:Completed epoch 20 of 100

INFO:__main__:NLL: 0.4593, L2: 0.0447, Reg: -0.2800
INFO:__main__:Total loss 0.2241
INFO:__main__:Predicted mean: -0.3398
INFO:__main__:Predicted uncertainity 0.5759
INFO:__main__:Completed epoch 21 of 100

INFO:__main__:NLL: 0.4615, L2: 0.0455, Reg: -0.2839
INFO:__main__:Total loss 0.2232
INFO:__main__:Predicted mean: -0.3402
INFO:__main__:Predicted uncertainity 0.5826
INFO:__main__:Completed epoch 22 of 100

INFO:__main__:NLL: 0.4630, L2: 0.0462, Reg: -0.2804
INFO:__main__:Total loss 0.2287
INFO:__main__:Predicted mean: -0.3417
INFO:__main__:Predicted uncertainity 0.5867
INFO:__main__:Completed epoch 23 of 100

INFO:__main__:NLL: 0.4607, L2: 0.0453, Reg: -0.2829
INFO:__main__:Total loss 0.2231
INFO:__main__:Predicted mean: -0.3398
INFO:__main__:Predicted uncertainity 0.5801
INFO:__main__:Completed epoch 24 of 100

INFO:__main__:NLL: 0.4608, L2: 0.0453, Reg: -0.2840
INFO:__main__:Total loss 0.2222
INFO:__main__:Predicted mean: -0.3391
INFO:__main__:Predicted uncertainity 0.5808
INFO:__main__:Completed epoch 25 of 100

INFO:__main__:NLL: 0.4594, L2: 0.0448, Reg: -0.2789
INFO:__main__:Total loss 0.2253
INFO:__main__:Predicted mean: -0.3397
INFO:__main__:Predicted uncertainity 0.5762
INFO:__main__:Completed epoch 26 of 100

INFO:__main__:NLL: 0.4578, L2: 0.0441, Reg: -0.2817
INFO:__main__:Total loss 0.2203
INFO:__main__:Predicted mean: -0.3383
INFO:__main__:Predicted uncertainity 0.5717
INFO:__main__:Completed epoch 27 of 100

INFO:__main__:NLL: 0.4592, L2: 0.0447, Reg: -0.2815
INFO:__main__:Total loss 0.2224
INFO:__main__:Predicted mean: -0.3400
INFO:__main__:Predicted uncertainity 0.5756
INFO:__main__:Completed epoch 28 of 100

INFO:__main__:NLL: 0.4619, L2: 0.0457, Reg: -0.2832
INFO:__main__:Total loss 0.2244
INFO:__main__:Predicted mean: -0.3405
INFO:__main__:Predicted uncertainity 0.5838
INFO:__main__:Completed epoch 29 of 100

INFO:__main__:NLL: 0.4611, L2: 0.0454, Reg: -0.2839
INFO:__main__:Total loss 0.2226
INFO:__main__:Predicted mean: -0.3397
INFO:__main__:Predicted uncertainity 0.5813
INFO:__main__:Completed epoch 30 of 100

INFO:__main__:NLL: 0.4592, L2: 0.0447, Reg: -0.2797
INFO:__main__:Total loss 0.2242
INFO:__main__:Predicted mean: -0.3393
INFO:__main__:Predicted uncertainity 0.5757
INFO:__main__:Completed epoch 31 of 100

INFO:__main__:NLL: 0.4595, L2: 0.0449, Reg: -0.2808
INFO:__main__:Total loss 0.2235
INFO:__main__:Predicted mean: -0.3401
INFO:__main__:Predicted uncertainity 0.5763
INFO:__main__:Completed epoch 32 of 100

INFO:__main__:NLL: 0.4607, L2: 0.0453, Reg: -0.2817
INFO:__main__:Total loss 0.2243
INFO:__main__:Predicted mean: -0.3399
INFO:__main__:Predicted uncertainity 0.5801
INFO:__main__:Completed epoch 33 of 100

INFO:__main__:NLL: 0.4553, L2: 0.0433, Reg: -0.2721
INFO:__main__:Total loss 0.2265
INFO:__main__:Predicted mean: -0.3384
INFO:__main__:Predicted uncertainity 0.5640
INFO:__main__:Completed epoch 34 of 100

INFO:__main__:NLL: 0.4591, L2: 0.0447, Reg: -0.2805
INFO:__main__:Total loss 0.2233
INFO:__main__:Predicted mean: -0.3397
INFO:__main__:Predicted uncertainity 0.5753
INFO:__main__:Completed epoch 35 of 100

INFO:__main__:NLL: 0.4567, L2: 0.0440, Reg: -0.2753
INFO:__main__:Total loss 0.2255
INFO:__main__:Predicted mean: -0.3394
INFO:__main__:Predicted uncertainity 0.5683
INFO:__main__:Completed epoch 36 of 100

INFO:__main__:NLL: 0.4595, L2: 0.0448, Reg: -0.2837
INFO:__main__:Total loss 0.2206
INFO:__main__:Predicted mean: -0.3401
INFO:__main__:Predicted uncertainity 0.5764
INFO:__main__:Completed epoch 37 of 100

INFO:__main__:NLL: 0.4621, L2: 0.0457, Reg: -0.2871
INFO:__main__:Total loss 0.2208
INFO:__main__:Predicted mean: -0.3397
INFO:__main__:Predicted uncertainity 0.5845
INFO:__main__:Completed epoch 38 of 100

INFO:__main__:NLL: 0.4611, L2: 0.0454, Reg: -0.2855
INFO:__main__:Total loss 0.2210
INFO:__main__:Predicted mean: -0.3395
INFO:__main__:Predicted uncertainity 0.5815
INFO:__main__:Completed epoch 39 of 100

INFO:__main__:NLL: 0.4588, L2: 0.0445, Reg: -0.2805
INFO:__main__:Total loss 0.2228
INFO:__main__:Predicted mean: -0.3388
INFO:__main__:Predicted uncertainity 0.5746
INFO:__main__:Completed epoch 40 of 100

INFO:__main__:NLL: 0.4580, L2: 0.0442, Reg: -0.2784
INFO:__main__:Total loss 0.2238
INFO:__main__:Predicted mean: -0.3387
INFO:__main__:Predicted uncertainity 0.5722
INFO:__main__:Completed epoch 41 of 100

INFO:__main__:NLL: 0.4572, L2: 0.0441, Reg: -0.2758
INFO:__main__:Total loss 0.2255
INFO:__main__:Predicted mean: -0.3395
INFO:__main__:Predicted uncertainity 0.5697
INFO:__main__:Completed epoch 42 of 100

INFO:__main__:NLL: 0.4584, L2: 0.0444, Reg: -0.2819
INFO:__main__:Total loss 0.2209
INFO:__main__:Predicted mean: -0.3388
INFO:__main__:Predicted uncertainity 0.5735
INFO:__main__:Completed epoch 43 of 100

INFO:__main__:NLL: 0.4588, L2: 0.0445, Reg: -0.2776
INFO:__main__:Total loss 0.2257
INFO:__main__:Predicted mean: -0.3387
INFO:__main__:Predicted uncertainity 0.5746
INFO:__main__:Completed epoch 44 of 100

INFO:__main__:NLL: 0.4579, L2: 0.0442, Reg: -0.2753
INFO:__main__:Total loss 0.2267
INFO:__main__:Predicted mean: -0.3380
INFO:__main__:Predicted uncertainity 0.5720
INFO:__main__:Completed epoch 45 of 100

INFO:__main__:NLL: 0.4593, L2: 0.0448, Reg: -0.2836
INFO:__main__:Total loss 0.2204
INFO:__main__:Predicted mean: -0.3395
INFO:__main__:Predicted uncertainity 0.5759
INFO:__main__:Completed epoch 46 of 100

INFO:__main__:NLL: 0.4594, L2: 0.0448, Reg: -0.2811
INFO:__main__:Total loss 0.2230
INFO:__main__:Predicted mean: -0.3389
INFO:__main__:Predicted uncertainity 0.5763
INFO:__main__:Completed epoch 47 of 100

INFO:__main__:NLL: 0.4624, L2: 0.0459, Reg: -0.2852
INFO:__main__:Total loss 0.2231
INFO:__main__:Predicted mean: -0.3410
INFO:__main__:Predicted uncertainity 0.5851
INFO:__main__:Completed epoch 48 of 100

INFO:__main__:NLL: 0.4619, L2: 0.0456, Reg: -0.2832
INFO:__main__:Total loss 0.2243
INFO:__main__:Predicted mean: -0.3392
INFO:__main__:Predicted uncertainity 0.5840
INFO:__main__:Completed epoch 49 of 100

INFO:__main__:NLL: 0.4592, L2: 0.0447, Reg: -0.2809
INFO:__main__:Total loss 0.2231
INFO:__main__:Predicted mean: -0.3395
INFO:__main__:Predicted uncertainity 0.5758
INFO:__main__:Completed epoch 50 of 100

INFO:__main__:NLL: 0.4545, L2: 0.0432, Reg: -0.2697
INFO:__main__:Total loss 0.2280
INFO:__main__:Predicted mean: -0.3391
INFO:__main__:Predicted uncertainity 0.5617
INFO:__main__:Completed epoch 51 of 100

INFO:__main__:NLL: 0.4619, L2: 0.0457, Reg: -0.2862
INFO:__main__:Total loss 0.2214
INFO:__main__:Predicted mean: -0.3406
INFO:__main__:Predicted uncertainity 0.5837
INFO:__main__:Completed epoch 52 of 100

INFO:__main__:NLL: 0.4587, L2: 0.0445, Reg: -0.2836
INFO:__main__:Total loss 0.2197
INFO:__main__:Predicted mean: -0.3390
INFO:__main__:Predicted uncertainity 0.5744
INFO:__main__:Completed epoch 53 of 100

INFO:__main__:NLL: 0.4579, L2: 0.0442, Reg: -0.2786
INFO:__main__:Total loss 0.2235
INFO:__main__:Predicted mean: -0.3389
INFO:__main__:Predicted uncertainity 0.5719
INFO:__main__:Completed epoch 54 of 100

INFO:__main__:NLL: 0.4579, L2: 0.0442, Reg: -0.2791
INFO:__main__:Total loss 0.2230
INFO:__main__:Predicted mean: -0.3387
INFO:__main__:Predicted uncertainity 0.5718
INFO:__main__:Completed epoch 55 of 100

INFO:__main__:NLL: 0.4601, L2: 0.0450, Reg: -0.2804
INFO:__main__:Total loss 0.2247
INFO:__main__:Predicted mean: -0.3397
INFO:__main__:Predicted uncertainity 0.5783
INFO:__main__:Completed epoch 56 of 100

INFO:__main__:NLL: 0.4592, L2: 0.0448, Reg: -0.2803
INFO:__main__:Total loss 0.2237
INFO:__main__:Predicted mean: -0.3410
INFO:__main__:Predicted uncertainity 0.5752
INFO:__main__:Completed epoch 57 of 100

INFO:__main__:NLL: 0.4552, L2: 0.0434, Reg: -0.2740
INFO:__main__:Total loss 0.2246
INFO:__main__:Predicted mean: -0.3406
INFO:__main__:Predicted uncertainity 0.5630
INFO:__main__:Completed epoch 58 of 100

INFO:__main__:NLL: 0.4625, L2: 0.0459, Reg: -0.2804
INFO:__main__:Total loss 0.2280
INFO:__main__:Predicted mean: -0.3407
INFO:__main__:Predicted uncertainity 0.5855
INFO:__main__:Completed epoch 59 of 100

INFO:__main__:NLL: 0.4573, L2: 0.0440, Reg: -0.2802
INFO:__main__:Total loss 0.2211
INFO:__main__:Predicted mean: -0.3385
INFO:__main__:Predicted uncertainity 0.5702
INFO:__main__:Completed epoch 60 of 100

INFO:__main__:NLL: 0.4602, L2: 0.0450, Reg: -0.2800
INFO:__main__:Total loss 0.2252
INFO:__main__:Predicted mean: -0.3390
INFO:__main__:Predicted uncertainity 0.5788
INFO:__main__:Completed epoch 61 of 100

INFO:__main__:NLL: 0.4574, L2: 0.0441, Reg: -0.2756
INFO:__main__:Total loss 0.2259
INFO:__main__:Predicted mean: -0.3398
INFO:__main__:Predicted uncertainity 0.5700
INFO:__main__:Completed epoch 62 of 100

INFO:__main__:NLL: 0.4584, L2: 0.0444, Reg: -0.2829
INFO:__main__:Total loss 0.2200
INFO:__main__:Predicted mean: -0.3394
INFO:__main__:Predicted uncertainity 0.5734
INFO:__main__:Completed epoch 63 of 100

INFO:__main__:NLL: 0.4573, L2: 0.0440, Reg: -0.2783
INFO:__main__:Total loss 0.2231
INFO:__main__:Predicted mean: -0.3389
INFO:__main__:Predicted uncertainity 0.5701
INFO:__main__:Completed epoch 64 of 100

INFO:__main__:NLL: 0.4571, L2: 0.0440, Reg: -0.2791
INFO:__main__:Total loss 0.2220
INFO:__main__:Predicted mean: -0.3391
INFO:__main__:Predicted uncertainity 0.5693
INFO:__main__:Completed epoch 65 of 100

INFO:__main__:NLL: 0.4611, L2: 0.0454, Reg: -0.2803
INFO:__main__:Total loss 0.2261
INFO:__main__:Predicted mean: -0.3397
INFO:__main__:Predicted uncertainity 0.5813
INFO:__main__:Completed epoch 66 of 100

INFO:__main__:NLL: 0.4608, L2: 0.0453, Reg: -0.2838
INFO:__main__:Total loss 0.2224
INFO:__main__:Predicted mean: -0.3400
INFO:__main__:Predicted uncertainity 0.5805
INFO:__main__:Completed epoch 67 of 100

INFO:__main__:NLL: 0.4598, L2: 0.0449, Reg: -0.2831
INFO:__main__:Total loss 0.2216
INFO:__main__:Predicted mean: -0.3396
INFO:__main__:Predicted uncertainity 0.5775
INFO:__main__:Completed epoch 68 of 100

INFO:__main__:NLL: 0.4593, L2: 0.0448, Reg: -0.2760
INFO:__main__:Total loss 0.2281
INFO:__main__:Predicted mean: -0.3406
INFO:__main__:Predicted uncertainity 0.5756
INFO:__main__:Completed epoch 69 of 100

INFO:__main__:NLL: 0.4599, L2: 0.0449, Reg: -0.2800
INFO:__main__:Total loss 0.2249
INFO:__main__:Predicted mean: -0.3387
INFO:__main__:Predicted uncertainity 0.5781
INFO:__main__:Completed epoch 70 of 100

INFO:__main__:NLL: 0.4576, L2: 0.0441, Reg: -0.2806
INFO:__main__:Total loss 0.2210
INFO:__main__:Predicted mean: -0.3384
INFO:__main__:Predicted uncertainity 0.5710
INFO:__main__:Completed epoch 71 of 100

INFO:__main__:NLL: 0.4617, L2: 0.0456, Reg: -0.2797
INFO:__main__:Total loss 0.2275
INFO:__main__:Predicted mean: -0.3396
INFO:__main__:Predicted uncertainity 0.5833
INFO:__main__:Completed epoch 72 of 100

INFO:__main__:NLL: 0.4613, L2: 0.0455, Reg: -0.2824
INFO:__main__:Total loss 0.2244
INFO:__main__:Predicted mean: -0.3402
INFO:__main__:Predicted uncertainity 0.5819
INFO:__main__:Completed epoch 73 of 100

INFO:__main__:NLL: 0.4602, L2: 0.0455, Reg: -0.2807
INFO:__main__:Total loss 0.2250
INFO:__main__:Predicted mean: -0.3420
INFO:__main__:Predicted uncertainity 0.5782
INFO:__main__:Completed epoch 74 of 100

INFO:__main__:NLL: 0.4604, L2: 0.0451, Reg: -0.2795
INFO:__main__:Total loss 0.2260
INFO:__main__:Predicted mean: -0.3392
INFO:__main__:Predicted uncertainity 0.5793
INFO:__main__:Completed epoch 75 of 100

INFO:__main__:NLL: 0.4543, L2: 0.0430, Reg: -0.2718
INFO:__main__:Total loss 0.2254
INFO:__main__:Predicted mean: -0.3381
INFO:__main__:Predicted uncertainity 0.5609
INFO:__main__:Completed epoch 76 of 100

INFO:__main__:NLL: 0.4577, L2: 0.0442, Reg: -0.2728
INFO:__main__:Total loss 0.2290
INFO:__main__:Predicted mean: -0.3393
INFO:__main__:Predicted uncertainity 0.5711
INFO:__main__:Completed epoch 77 of 100

INFO:__main__:NLL: 0.4640, L2: 0.0465, Reg: -0.2857
INFO:__main__:Total loss 0.2247
INFO:__main__:Predicted mean: -0.3413
INFO:__main__:Predicted uncertainity 0.5897
INFO:__main__:Completed epoch 78 of 100

INFO:__main__:NLL: 0.4601, L2: 0.0450, Reg: -0.2864
INFO:__main__:Total loss 0.2187
INFO:__main__:Predicted mean: -0.3395
INFO:__main__:Predicted uncertainity 0.5783
INFO:__main__:Completed epoch 79 of 100

INFO:__main__:NLL: 0.4545, L2: 0.0430, Reg: -0.2693
INFO:__main__:Total loss 0.2282
INFO:__main__:Predicted mean: -0.3384
INFO:__main__:Predicted uncertainity 0.5615
INFO:__main__:Completed epoch 80 of 100

INFO:__main__:NLL: 0.4565, L2: 0.0438, Reg: -0.2772
INFO:__main__:Total loss 0.2231
INFO:__main__:Predicted mean: -0.3394
INFO:__main__:Predicted uncertainity 0.5676
INFO:__main__:Completed epoch 81 of 100

INFO:__main__:NLL: 0.4632, L2: 0.0462, Reg: -0.2857
INFO:__main__:Total loss 0.2237
INFO:__main__:Predicted mean: -0.3408
INFO:__main__:Predicted uncertainity 0.5876
INFO:__main__:Completed epoch 82 of 100

INFO:__main__:NLL: 0.4575, L2: 0.0441, Reg: -0.2791
INFO:__main__:Total loss 0.2225
INFO:__main__:Predicted mean: -0.3394
INFO:__main__:Predicted uncertainity 0.5706
INFO:__main__:Completed epoch 83 of 100

INFO:__main__:NLL: 0.4589, L2: 0.0446, Reg: -0.2739
INFO:__main__:Total loss 0.2295
INFO:__main__:Predicted mean: -0.3389
INFO:__main__:Predicted uncertainity 0.5749
INFO:__main__:Completed epoch 84 of 100

INFO:__main__:NLL: 0.4595, L2: 0.0449, Reg: -0.2779
INFO:__main__:Total loss 0.2266
INFO:__main__:Predicted mean: -0.3408
INFO:__main__:Predicted uncertainity 0.5763
INFO:__main__:Completed epoch 85 of 100

INFO:__main__:NLL: 0.4574, L2: 0.0441, Reg: -0.2755
INFO:__main__:Total loss 0.2261
INFO:__main__:Predicted mean: -0.3392
INFO:__main__:Predicted uncertainity 0.5703
INFO:__main__:Completed epoch 86 of 100

INFO:__main__:NLL: 0.4558, L2: 0.0436, Reg: -0.2783
INFO:__main__:Total loss 0.2211
INFO:__main__:Predicted mean: -0.3395
INFO:__main__:Predicted uncertainity 0.5653
INFO:__main__:Completed epoch 87 of 100

INFO:__main__:NLL: 0.4588, L2: 0.0448, Reg: -0.2823
INFO:__main__:Total loss 0.2213
INFO:__main__:Predicted mean: -0.3410
INFO:__main__:Predicted uncertainity 0.5740
INFO:__main__:Completed epoch 88 of 100

INFO:__main__:NLL: 0.4614, L2: 0.0456, Reg: -0.2805
INFO:__main__:Total loss 0.2266
INFO:__main__:Predicted mean: -0.3419
INFO:__main__:Predicted uncertainity 0.5817
INFO:__main__:Completed epoch 89 of 100

INFO:__main__:NLL: 0.4631, L2: 0.0460, Reg: -0.2856
INFO:__main__:Total loss 0.2236
INFO:__main__:Predicted mean: -0.3384
INFO:__main__:Predicted uncertainity 0.5878
INFO:__main__:Completed epoch 90 of 100

INFO:__main__:NLL: 0.4546, L2: 0.0432, Reg: -0.2708
INFO:__main__:Total loss 0.2270
INFO:__main__:Predicted mean: -0.3389
INFO:__main__:Predicted uncertainity 0.5620
INFO:__main__:Completed epoch 91 of 100

INFO:__main__:NLL: 0.4579, L2: 0.0443, Reg: -0.2772
INFO:__main__:Total loss 0.2250
INFO:__main__:Predicted mean: -0.3393
INFO:__main__:Predicted uncertainity 0.5718
INFO:__main__:Completed epoch 92 of 100

INFO:__main__:NLL: 0.4591, L2: 0.0447, Reg: -0.2804
INFO:__main__:Total loss 0.2234
INFO:__main__:Predicted mean: -0.3396
INFO:__main__:Predicted uncertainity 0.5754
INFO:__main__:Completed epoch 93 of 100

INFO:__main__:NLL: 0.4567, L2: 0.0438, Reg: -0.2788
INFO:__main__:Total loss 0.2217
INFO:__main__:Predicted mean: -0.3386
INFO:__main__:Predicted uncertainity 0.5682
INFO:__main__:Completed epoch 94 of 100

INFO:__main__:NLL: 0.4595, L2: 0.0448, Reg: -0.2818
INFO:__main__:Total loss 0.2224
INFO:__main__:Predicted mean: -0.3395
INFO:__main__:Predicted uncertainity 0.5765
INFO:__main__:Completed epoch 95 of 100

INFO:__main__:NLL: 0.4592, L2: 0.0447, Reg: -0.2806
INFO:__main__:Total loss 0.2233
INFO:__main__:Predicted mean: -0.3391
INFO:__main__:Predicted uncertainity 0.5757
INFO:__main__:Completed epoch 96 of 100

INFO:__main__:NLL: 0.4589, L2: 0.0446, Reg: -0.2814
INFO:__main__:Total loss 0.2222
INFO:__main__:Predicted mean: -0.3398
INFO:__main__:Predicted uncertainity 0.5749
INFO:__main__:Completed epoch 97 of 100

INFO:__main__:NLL: 0.4583, L2: 0.0443, Reg: -0.2840
INFO:__main__:Total loss 0.2187
INFO:__main__:Predicted mean: -0.3385
INFO:__main__:Predicted uncertainity 0.5732
INFO:__main__:Completed epoch 98 of 100

INFO:__main__:NLL: 0.4597, L2: 0.0449, Reg: -0.2784
INFO:__main__:Total loss 0.2261
INFO:__main__:Predicted mean: -0.3394
INFO:__main__:Predicted uncertainity 0.5771
INFO:__main__:Completed epoch 99 of 100

INFO:__main__:NLL: 0.4565, L2: 0.0437, Reg: -0.2754
INFO:__main__:Total loss 0.2249
INFO:__main__:Predicted mean: -0.3387
INFO:__main__:Predicted uncertainity 0.5677
INFO:__main__:Completed epoch 100 of 100

INFO:__main__:517.112721 s
