INFO:__main__:PROCESS RUNNING ON cpu
INFO:__main__:NLL: 0.1232, L2: 0.0480, Reg: 0.0032
INFO:__main__:Total loss 0.1744
INFO:__main__:Predicted mean: -0.4296
INFO:__main__:Predicted uncertainity -0.6913
INFO:__main__:Completed epoch 1 of 100

INFO:__main__:NLL: 0.1331, L2: 0.0549, Reg: 0.0032
INFO:__main__:Total loss 0.1912
INFO:__main__:Predicted mean: -0.4642
INFO:__main__:Predicted uncertainity -0.8177
INFO:__main__:Completed epoch 2 of 100

INFO:__main__:NLL: 0.2572, L2: 0.0474, Reg: 0.0032
INFO:__main__:Total loss 0.3078
INFO:__main__:Predicted mean: -0.5068
INFO:__main__:Predicted uncertainity -0.6645
INFO:__main__:Completed epoch 3 of 100

INFO:__main__:NLL: 0.1783, L2: 0.0503, Reg: 0.0032
INFO:__main__:Total loss 0.2318
INFO:__main__:Predicted mean: -0.4416
INFO:__main__:Predicted uncertainity -0.7285
INFO:__main__:Completed epoch 4 of 100

INFO:__main__:NLL: 0.1920, L2: 0.0423, Reg: 0.0032
INFO:__main__:Total loss 0.2375
INFO:__main__:Predicted mean: -0.4943
INFO:__main__:Predicted uncertainity -0.6032
INFO:__main__:Completed epoch 5 of 100

INFO:__main__:NLL: 0.2045, L2: 0.0563, Reg: 0.0032
INFO:__main__:Total loss 0.2641
INFO:__main__:Predicted mean: -0.5185
INFO:__main__:Predicted uncertainity -0.7436
INFO:__main__:Completed epoch 6 of 100

INFO:__main__:NLL: 0.1575, L2: 0.0526, Reg: 0.0032
INFO:__main__:Total loss 0.2134
INFO:__main__:Predicted mean: -0.4261
INFO:__main__:Predicted uncertainity -0.6736
INFO:__main__:Completed epoch 7 of 100

INFO:__main__:NLL: 0.2351, L2: 0.0541, Reg: 0.0032
INFO:__main__:Total loss 0.2924
INFO:__main__:Predicted mean: -0.5035
INFO:__main__:Predicted uncertainity -0.6474
INFO:__main__:Completed epoch 8 of 100

INFO:__main__:NLL: 0.0805, L2: 0.0541, Reg: 0.0032
INFO:__main__:Total loss 0.1379
INFO:__main__:Predicted mean: -0.4201
INFO:__main__:Predicted uncertainity -0.8108
INFO:__main__:Completed epoch 9 of 100

INFO:__main__:NLL: 0.3946, L2: 0.0564, Reg: 0.0032
INFO:__main__:Total loss 0.4542
INFO:__main__:Predicted mean: -0.4974
INFO:__main__:Predicted uncertainity -0.8403
INFO:__main__:Completed epoch 10 of 100

INFO:__main__:NLL: 0.1220, L2: 0.0471, Reg: 0.0032
INFO:__main__:Total loss 0.1724
INFO:__main__:Predicted mean: -0.5000
INFO:__main__:Predicted uncertainity -0.7724
INFO:__main__:Completed epoch 11 of 100

INFO:__main__:NLL: 0.2171, L2: 0.0447, Reg: 0.0032
INFO:__main__:Total loss 0.2651
INFO:__main__:Predicted mean: -0.4204
INFO:__main__:Predicted uncertainity -0.5142
INFO:__main__:Completed epoch 12 of 100

INFO:__main__:NLL: 0.1523, L2: 0.0460, Reg: 0.0032
INFO:__main__:Total loss 0.2016
INFO:__main__:Predicted mean: -0.3902
INFO:__main__:Predicted uncertainity -0.6902
INFO:__main__:Completed epoch 13 of 100

INFO:__main__:NLL: 0.2521, L2: 0.0559, Reg: 0.0032
INFO:__main__:Total loss 0.3113
INFO:__main__:Predicted mean: -0.4717
INFO:__main__:Predicted uncertainity -0.7469
INFO:__main__:Completed epoch 14 of 100

INFO:__main__:NLL: 0.2082, L2: 0.0494, Reg: 0.0032
INFO:__main__:Total loss 0.2609
INFO:__main__:Predicted mean: -0.4002
INFO:__main__:Predicted uncertainity -0.7635
INFO:__main__:Completed epoch 15 of 100

INFO:__main__:NLL: 0.2142, L2: 0.0556, Reg: 0.0032
INFO:__main__:Total loss 0.2730
INFO:__main__:Predicted mean: -0.4299
INFO:__main__:Predicted uncertainity -0.7834
INFO:__main__:Completed epoch 16 of 100

INFO:__main__:NLL: 0.0712, L2: 0.0550, Reg: 0.0032
INFO:__main__:Total loss 0.1295
INFO:__main__:Predicted mean: -0.4803
INFO:__main__:Predicted uncertainity -0.7853
INFO:__main__:Completed epoch 17 of 100

INFO:__main__:NLL: 0.1866, L2: 0.0461, Reg: 0.0032
INFO:__main__:Total loss 0.2360
INFO:__main__:Predicted mean: -0.4314
INFO:__main__:Predicted uncertainity -0.7182
INFO:__main__:Completed epoch 18 of 100

INFO:__main__:NLL: 0.1329, L2: 0.0453, Reg: 0.0032
INFO:__main__:Total loss 0.1815
INFO:__main__:Predicted mean: -0.4511
INFO:__main__:Predicted uncertainity -0.6097
INFO:__main__:Completed epoch 19 of 100

INFO:__main__:NLL: 0.1887, L2: 0.0469, Reg: 0.0032
INFO:__main__:Total loss 0.2388
INFO:__main__:Predicted mean: -0.4323
INFO:__main__:Predicted uncertainity -0.5063
INFO:__main__:Completed epoch 20 of 100

INFO:__main__:NLL: 0.1209, L2: 0.0504, Reg: 0.0032
INFO:__main__:Total loss 0.1745
INFO:__main__:Predicted mean: -0.4720
INFO:__main__:Predicted uncertainity -0.6393
INFO:__main__:Completed epoch 21 of 100

INFO:__main__:NLL: 0.2052, L2: 0.0456, Reg: 0.0032
INFO:__main__:Total loss 0.2541
INFO:__main__:Predicted mean: -0.4067
INFO:__main__:Predicted uncertainity -0.6340
INFO:__main__:Completed epoch 22 of 100

INFO:__main__:NLL: 0.1853, L2: 0.0496, Reg: 0.0032
INFO:__main__:Total loss 0.2381
INFO:__main__:Predicted mean: -0.4800
INFO:__main__:Predicted uncertainity -0.5598
INFO:__main__:Completed epoch 23 of 100

INFO:__main__:NLL: 0.2135, L2: 0.0470, Reg: 0.0032
INFO:__main__:Total loss 0.2638
INFO:__main__:Predicted mean: -0.4145
INFO:__main__:Predicted uncertainity -0.6733
INFO:__main__:Completed epoch 24 of 100

INFO:__main__:NLL: 0.2399, L2: 0.0615, Reg: 0.0032
INFO:__main__:Total loss 0.3047
INFO:__main__:Predicted mean: -0.4303
INFO:__main__:Predicted uncertainity -0.7927
INFO:__main__:Completed epoch 25 of 100

INFO:__main__:NLL: 0.0605, L2: 0.0497, Reg: 0.0032
INFO:__main__:Total loss 0.1134
INFO:__main__:Predicted mean: -0.4513
INFO:__main__:Predicted uncertainity -0.6678
INFO:__main__:Completed epoch 26 of 100

INFO:__main__:NLL: 0.2704, L2: 0.0460, Reg: 0.0032
INFO:__main__:Total loss 0.3197
INFO:__main__:Predicted mean: -0.4270
INFO:__main__:Predicted uncertainity -0.7584
INFO:__main__:Completed epoch 27 of 100

INFO:__main__:NLL: 0.1904, L2: 0.0486, Reg: 0.0032
INFO:__main__:Total loss 0.2422
INFO:__main__:Predicted mean: -0.4332
INFO:__main__:Predicted uncertainity -0.6870
INFO:__main__:Completed epoch 28 of 100

INFO:__main__:NLL: 0.1867, L2: 0.0465, Reg: 0.0032
INFO:__main__:Total loss 0.2365
INFO:__main__:Predicted mean: -0.4089
INFO:__main__:Predicted uncertainity -0.6522
INFO:__main__:Completed epoch 29 of 100

INFO:__main__:NLL: 0.1307, L2: 0.0537, Reg: 0.0032
INFO:__main__:Total loss 0.1877
INFO:__main__:Predicted mean: -0.4010
INFO:__main__:Predicted uncertainity -0.6353
INFO:__main__:Completed epoch 30 of 100

INFO:__main__:NLL: 0.2116, L2: 0.0501, Reg: 0.0032
INFO:__main__:Total loss 0.2649
INFO:__main__:Predicted mean: -0.4632
INFO:__main__:Predicted uncertainity -0.7212
INFO:__main__:Completed epoch 31 of 100

INFO:__main__:NLL: 0.1143, L2: 0.0514, Reg: 0.0032
INFO:__main__:Total loss 0.1689
INFO:__main__:Predicted mean: -0.4230
INFO:__main__:Predicted uncertainity -0.7909
INFO:__main__:Completed epoch 32 of 100

INFO:__main__:NLL: 0.1280, L2: 0.0579, Reg: 0.0032
INFO:__main__:Total loss 0.1891
INFO:__main__:Predicted mean: -0.4399
INFO:__main__:Predicted uncertainity -0.6418
INFO:__main__:Completed epoch 33 of 100

INFO:__main__:NLL: 0.1590, L2: 0.0496, Reg: 0.0032
INFO:__main__:Total loss 0.2119
INFO:__main__:Predicted mean: -0.4380
INFO:__main__:Predicted uncertainity -0.5627
INFO:__main__:Completed epoch 34 of 100

INFO:__main__:NLL: 0.0733, L2: 0.0522, Reg: 0.0032
INFO:__main__:Total loss 0.1288
INFO:__main__:Predicted mean: -0.4477
INFO:__main__:Predicted uncertainity -0.7264
INFO:__main__:Completed epoch 35 of 100

INFO:__main__:NLL: 0.2534, L2: 0.0541, Reg: 0.0032
INFO:__main__:Total loss 0.3107
INFO:__main__:Predicted mean: -0.4454
INFO:__main__:Predicted uncertainity -0.7183
INFO:__main__:Completed epoch 36 of 100

INFO:__main__:NLL: 0.1225, L2: 0.0513, Reg: 0.0032
INFO:__main__:Total loss 0.1770
INFO:__main__:Predicted mean: -0.5327
INFO:__main__:Predicted uncertainity -0.7211
INFO:__main__:Completed epoch 37 of 100

INFO:__main__:NLL: 0.3260, L2: 0.0509, Reg: 0.0032
INFO:__main__:Total loss 0.3801
INFO:__main__:Predicted mean: -0.4677
INFO:__main__:Predicted uncertainity -0.6786
INFO:__main__:Completed epoch 38 of 100

INFO:__main__:NLL: 0.1664, L2: 0.0505, Reg: 0.0032
INFO:__main__:Total loss 0.2202
INFO:__main__:Predicted mean: -0.4360
INFO:__main__:Predicted uncertainity -0.6339
INFO:__main__:Completed epoch 39 of 100

INFO:__main__:NLL: 0.1423, L2: 0.0498, Reg: 0.0032
INFO:__main__:Total loss 0.1954
INFO:__main__:Predicted mean: -0.4613
INFO:__main__:Predicted uncertainity -0.7181
INFO:__main__:Completed epoch 40 of 100

INFO:__main__:NLL: 0.1188, L2: 0.0488, Reg: 0.0032
INFO:__main__:Total loss 0.1709
INFO:__main__:Predicted mean: -0.4345
INFO:__main__:Predicted uncertainity -0.7132
INFO:__main__:Completed epoch 41 of 100

INFO:__main__:NLL: 0.1154, L2: 0.0537, Reg: 0.0032
INFO:__main__:Total loss 0.1724
INFO:__main__:Predicted mean: -0.4633
INFO:__main__:Predicted uncertainity -0.7176
INFO:__main__:Completed epoch 42 of 100

INFO:__main__:NLL: 0.1764, L2: 0.0499, Reg: 0.0032
INFO:__main__:Total loss 0.2295
INFO:__main__:Predicted mean: -0.4301
INFO:__main__:Predicted uncertainity -0.6723
INFO:__main__:Completed epoch 43 of 100

INFO:__main__:NLL: 0.2028, L2: 0.0614, Reg: 0.0032
INFO:__main__:Total loss 0.2674
INFO:__main__:Predicted mean: -0.4941
INFO:__main__:Predicted uncertainity -0.8020
INFO:__main__:Completed epoch 44 of 100

INFO:__main__:NLL: 0.2091, L2: 0.0444, Reg: 0.0032
INFO:__main__:Total loss 0.2567
INFO:__main__:Predicted mean: -0.4435
INFO:__main__:Predicted uncertainity -0.6549
INFO:__main__:Completed epoch 45 of 100

INFO:__main__:NLL: 0.1384, L2: 0.0487, Reg: 0.0032
INFO:__main__:Total loss 0.1904
INFO:__main__:Predicted mean: -0.4223
INFO:__main__:Predicted uncertainity -0.6281
INFO:__main__:Completed epoch 46 of 100

INFO:__main__:NLL: 0.1200, L2: 0.0546, Reg: 0.0032
INFO:__main__:Total loss 0.1778
INFO:__main__:Predicted mean: -0.4883
INFO:__main__:Predicted uncertainity -0.8137
INFO:__main__:Completed epoch 47 of 100

INFO:__main__:NLL: 0.0744, L2: 0.0578, Reg: 0.0032
INFO:__main__:Total loss 0.1354
INFO:__main__:Predicted mean: -0.4318
INFO:__main__:Predicted uncertainity -0.6313
INFO:__main__:Completed epoch 48 of 100

INFO:__main__:NLL: 0.1091, L2: 0.0459, Reg: 0.0032
INFO:__main__:Total loss 0.1582
INFO:__main__:Predicted mean: -0.5086
INFO:__main__:Predicted uncertainity -0.7603
INFO:__main__:Completed epoch 49 of 100

INFO:__main__:NLL: 0.1025, L2: 0.0486, Reg: 0.0032
INFO:__main__:Total loss 0.1544
INFO:__main__:Predicted mean: -0.4078
INFO:__main__:Predicted uncertainity -0.6454
INFO:__main__:Completed epoch 50 of 100

INFO:__main__:NLL: 0.3965, L2: 0.0519, Reg: 0.0032
INFO:__main__:Total loss 0.4516
INFO:__main__:Predicted mean: -0.4594
INFO:__main__:Predicted uncertainity -0.7039
INFO:__main__:Completed epoch 51 of 100

INFO:__main__:NLL: 0.0460, L2: 0.0575, Reg: 0.0032
INFO:__main__:Total loss 0.1067
INFO:__main__:Predicted mean: -0.4619
INFO:__main__:Predicted uncertainity -0.6556
INFO:__main__:Completed epoch 52 of 100

INFO:__main__:NLL: 0.0986, L2: 0.0523, Reg: 0.0032
INFO:__main__:Total loss 0.1541
INFO:__main__:Predicted mean: -0.4059
INFO:__main__:Predicted uncertainity -0.6403
INFO:__main__:Completed epoch 53 of 100

INFO:__main__:NLL: 0.2358, L2: 0.0451, Reg: 0.0032
INFO:__main__:Total loss 0.2842
INFO:__main__:Predicted mean: -0.3824
INFO:__main__:Predicted uncertainity -0.5228
INFO:__main__:Completed epoch 54 of 100

INFO:__main__:NLL: 0.1522, L2: 0.0424, Reg: 0.0032
INFO:__main__:Total loss 0.1979
INFO:__main__:Predicted mean: -0.3800
INFO:__main__:Predicted uncertainity -0.6381
INFO:__main__:Completed epoch 55 of 100

INFO:__main__:NLL: 0.2591, L2: 0.0451, Reg: 0.0032
INFO:__main__:Total loss 0.3075
INFO:__main__:Predicted mean: -0.4269
INFO:__main__:Predicted uncertainity -0.6216
INFO:__main__:Completed epoch 56 of 100

INFO:__main__:NLL: 0.1624, L2: 0.0411, Reg: 0.0032
INFO:__main__:Total loss 0.2068
INFO:__main__:Predicted mean: -0.4135
INFO:__main__:Predicted uncertainity -0.6327
INFO:__main__:Completed epoch 57 of 100

INFO:__main__:NLL: 0.0885, L2: 0.0528, Reg: 0.0032
INFO:__main__:Total loss 0.1446
INFO:__main__:Predicted mean: -0.4623
INFO:__main__:Predicted uncertainity -0.7447
INFO:__main__:Completed epoch 58 of 100

INFO:__main__:NLL: 0.1153, L2: 0.0497, Reg: 0.0032
INFO:__main__:Total loss 0.1682
INFO:__main__:Predicted mean: -0.3995
INFO:__main__:Predicted uncertainity -0.6910
INFO:__main__:Completed epoch 59 of 100

INFO:__main__:NLL: 0.2392, L2: 0.0503, Reg: 0.0032
INFO:__main__:Total loss 0.2927
INFO:__main__:Predicted mean: -0.4463
INFO:__main__:Predicted uncertainity -0.6637
INFO:__main__:Completed epoch 60 of 100

INFO:__main__:NLL: 0.2470, L2: 0.0407, Reg: 0.0032
INFO:__main__:Total loss 0.2909
INFO:__main__:Predicted mean: -0.3932
INFO:__main__:Predicted uncertainity -0.6328
INFO:__main__:Completed epoch 61 of 100

INFO:__main__:NLL: 0.1915, L2: 0.0448, Reg: 0.0032
INFO:__main__:Total loss 0.2395
INFO:__main__:Predicted mean: -0.4538
INFO:__main__:Predicted uncertainity -0.6922
INFO:__main__:Completed epoch 62 of 100

INFO:__main__:NLL: 0.1196, L2: 0.0586, Reg: 0.0032
INFO:__main__:Total loss 0.1815
INFO:__main__:Predicted mean: -0.4783
INFO:__main__:Predicted uncertainity -0.6741
INFO:__main__:Completed epoch 63 of 100

INFO:__main__:NLL: 0.1126, L2: 0.0534, Reg: 0.0032
INFO:__main__:Total loss 0.1693
INFO:__main__:Predicted mean: -0.4387
INFO:__main__:Predicted uncertainity -0.5309
INFO:__main__:Completed epoch 64 of 100

INFO:__main__:NLL: 0.1403, L2: 0.0436, Reg: 0.0032
INFO:__main__:Total loss 0.1871
INFO:__main__:Predicted mean: -0.3905
INFO:__main__:Predicted uncertainity -0.5735
INFO:__main__:Completed epoch 65 of 100

INFO:__main__:NLL: 0.1684, L2: 0.0515, Reg: 0.0032
INFO:__main__:Total loss 0.2232
INFO:__main__:Predicted mean: -0.4364
INFO:__main__:Predicted uncertainity -0.6207
INFO:__main__:Completed epoch 66 of 100

INFO:__main__:NLL: 0.1261, L2: 0.0508, Reg: 0.0032
INFO:__main__:Total loss 0.1801
INFO:__main__:Predicted mean: -0.4710
INFO:__main__:Predicted uncertainity -0.7328
INFO:__main__:Completed epoch 67 of 100

INFO:__main__:NLL: 0.0891, L2: 0.0563, Reg: 0.0032
INFO:__main__:Total loss 0.1486
INFO:__main__:Predicted mean: -0.4365
INFO:__main__:Predicted uncertainity -0.8125
INFO:__main__:Completed epoch 68 of 100

INFO:__main__:NLL: 0.0891, L2: 0.0596, Reg: 0.0032
INFO:__main__:Total loss 0.1519
INFO:__main__:Predicted mean: -0.4962
INFO:__main__:Predicted uncertainity -0.7630
INFO:__main__:Completed epoch 69 of 100

INFO:__main__:NLL: 0.4278, L2: 0.0571, Reg: 0.0032
INFO:__main__:Total loss 0.4881
INFO:__main__:Predicted mean: -0.4903
INFO:__main__:Predicted uncertainity -0.6797
INFO:__main__:Completed epoch 70 of 100

INFO:__main__:NLL: 0.0991, L2: 0.0533, Reg: 0.0032
INFO:__main__:Total loss 0.1556
INFO:__main__:Predicted mean: -0.5299
INFO:__main__:Predicted uncertainity -0.6371
INFO:__main__:Completed epoch 71 of 100

INFO:__main__:NLL: 0.3338, L2: 0.0598, Reg: 0.0032
INFO:__main__:Total loss 0.3969
INFO:__main__:Predicted mean: -0.4537
INFO:__main__:Predicted uncertainity -0.8628
INFO:__main__:Completed epoch 72 of 100

INFO:__main__:NLL: 0.2129, L2: 0.0472, Reg: 0.0032
INFO:__main__:Total loss 0.2634
INFO:__main__:Predicted mean: -0.4783
INFO:__main__:Predicted uncertainity -0.7072
INFO:__main__:Completed epoch 73 of 100

INFO:__main__:NLL: 0.1661, L2: 0.0567, Reg: 0.0032
INFO:__main__:Total loss 0.2260
INFO:__main__:Predicted mean: -0.4839
INFO:__main__:Predicted uncertainity -0.6908
INFO:__main__:Completed epoch 74 of 100

INFO:__main__:NLL: 0.1176, L2: 0.0566, Reg: 0.0032
INFO:__main__:Total loss 0.1775
INFO:__main__:Predicted mean: -0.5012
INFO:__main__:Predicted uncertainity -0.6384
INFO:__main__:Completed epoch 75 of 100

INFO:__main__:NLL: 0.1992, L2: 0.0518, Reg: 0.0032
INFO:__main__:Total loss 0.2542
INFO:__main__:Predicted mean: -0.4685
INFO:__main__:Predicted uncertainity -0.7505
INFO:__main__:Completed epoch 76 of 100

INFO:__main__:NLL: 0.1630, L2: 0.0442, Reg: 0.0032
INFO:__main__:Total loss 0.2105
INFO:__main__:Predicted mean: -0.4500
INFO:__main__:Predicted uncertainity -0.6332
INFO:__main__:Completed epoch 77 of 100

INFO:__main__:NLL: 0.2211, L2: 0.0496, Reg: 0.0032
INFO:__main__:Total loss 0.2739
INFO:__main__:Predicted mean: -0.4235
INFO:__main__:Predicted uncertainity -0.6292
INFO:__main__:Completed epoch 78 of 100

INFO:__main__:NLL: 0.1950, L2: 0.0446, Reg: 0.0032
INFO:__main__:Total loss 0.2428
INFO:__main__:Predicted mean: -0.3524
INFO:__main__:Predicted uncertainity -0.6999
INFO:__main__:Completed epoch 79 of 100

INFO:__main__:NLL: 0.1278, L2: 0.0497, Reg: 0.0032
INFO:__main__:Total loss 0.1808
INFO:__main__:Predicted mean: -0.4368
INFO:__main__:Predicted uncertainity -0.6337
INFO:__main__:Completed epoch 80 of 100

INFO:__main__:NLL: 0.2040, L2: 0.0486, Reg: 0.0032
INFO:__main__:Total loss 0.2559
INFO:__main__:Predicted mean: -0.4493
INFO:__main__:Predicted uncertainity -0.5292
INFO:__main__:Completed epoch 81 of 100

INFO:__main__:NLL: 0.1910, L2: 0.0408, Reg: 0.0032
INFO:__main__:Total loss 0.2350
INFO:__main__:Predicted mean: -0.4366
INFO:__main__:Predicted uncertainity -0.6239
INFO:__main__:Completed epoch 82 of 100

INFO:__main__:NLL: 0.0082, L2: 0.0542, Reg: 0.0032
INFO:__main__:Total loss 0.0656
INFO:__main__:Predicted mean: -0.4815
INFO:__main__:Predicted uncertainity -0.8129
INFO:__main__:Completed epoch 83 of 100

INFO:__main__:NLL: 0.2867, L2: 0.0437, Reg: 0.0032
INFO:__main__:Total loss 0.3336
INFO:__main__:Predicted mean: -0.4272
INFO:__main__:Predicted uncertainity -0.6563
INFO:__main__:Completed epoch 84 of 100

INFO:__main__:NLL: 0.1587, L2: 0.0492, Reg: 0.0032
INFO:__main__:Total loss 0.2111
INFO:__main__:Predicted mean: -0.4638
INFO:__main__:Predicted uncertainity -0.7023
INFO:__main__:Completed epoch 85 of 100

INFO:__main__:NLL: 0.0153, L2: 0.0589, Reg: 0.0032
INFO:__main__:Total loss 0.0774
INFO:__main__:Predicted mean: -0.4567
INFO:__main__:Predicted uncertainity -0.7389
INFO:__main__:Completed epoch 86 of 100

INFO:__main__:NLL: 0.1634, L2: 0.0537, Reg: 0.0032
INFO:__main__:Total loss 0.2203
INFO:__main__:Predicted mean: -0.4647
INFO:__main__:Predicted uncertainity -0.5901
INFO:__main__:Completed epoch 87 of 100

INFO:__main__:NLL: 0.1783, L2: 0.0399, Reg: 0.0032
INFO:__main__:Total loss 0.2215
INFO:__main__:Predicted mean: -0.4259
INFO:__main__:Predicted uncertainity -0.5529
INFO:__main__:Completed epoch 88 of 100

INFO:__main__:NLL: 0.1689, L2: 0.0504, Reg: 0.0032
INFO:__main__:Total loss 0.2225
INFO:__main__:Predicted mean: -0.4170
INFO:__main__:Predicted uncertainity -0.6863
INFO:__main__:Completed epoch 89 of 100

INFO:__main__:NLL: 0.3140, L2: 0.0615, Reg: 0.0032
INFO:__main__:Total loss 0.3787
INFO:__main__:Predicted mean: -0.4725
INFO:__main__:Predicted uncertainity -0.7292
INFO:__main__:Completed epoch 90 of 100

INFO:__main__:NLL: 0.0357, L2: 0.0596, Reg: 0.0032
INFO:__main__:Total loss 0.0985
INFO:__main__:Predicted mean: -0.4931
INFO:__main__:Predicted uncertainity -0.8653
INFO:__main__:Completed epoch 91 of 100

INFO:__main__:NLL: 0.2738, L2: 0.0552, Reg: 0.0032
INFO:__main__:Total loss 0.3322
INFO:__main__:Predicted mean: -0.4379
INFO:__main__:Predicted uncertainity -0.8360
INFO:__main__:Completed epoch 92 of 100

INFO:__main__:NLL: 0.0867, L2: 0.0499, Reg: 0.0032
INFO:__main__:Total loss 0.1398
INFO:__main__:Predicted mean: -0.4017
INFO:__main__:Predicted uncertainity -0.6598
INFO:__main__:Completed epoch 93 of 100

INFO:__main__:NLL: 0.1389, L2: 0.0464, Reg: 0.0032
INFO:__main__:Total loss 0.1885
INFO:__main__:Predicted mean: -0.3955
INFO:__main__:Predicted uncertainity -0.6677
INFO:__main__:Completed epoch 94 of 100

INFO:__main__:NLL: 0.2026, L2: 0.0473, Reg: 0.0032
INFO:__main__:Total loss 0.2531
INFO:__main__:Predicted mean: -0.3987
INFO:__main__:Predicted uncertainity -0.6462
INFO:__main__:Completed epoch 95 of 100

INFO:__main__:NLL: 0.2220, L2: 0.0572, Reg: 0.0032
INFO:__main__:Total loss 0.2824
INFO:__main__:Predicted mean: -0.5342
INFO:__main__:Predicted uncertainity -0.7274
INFO:__main__:Completed epoch 96 of 100

INFO:__main__:NLL: 0.2106, L2: 0.0396, Reg: 0.0032
INFO:__main__:Total loss 0.2534
INFO:__main__:Predicted mean: -0.4166
INFO:__main__:Predicted uncertainity -0.6548
INFO:__main__:Completed epoch 97 of 100

INFO:__main__:NLL: 0.2031, L2: 0.0568, Reg: 0.0032
INFO:__main__:Total loss 0.2632
INFO:__main__:Predicted mean: -0.4471
INFO:__main__:Predicted uncertainity -0.7191
INFO:__main__:Completed epoch 98 of 100

INFO:__main__:NLL: 0.2134, L2: 0.0430, Reg: 0.0032
INFO:__main__:Total loss 0.2597
INFO:__main__:Predicted mean: -0.4004
INFO:__main__:Predicted uncertainity -0.7207
INFO:__main__:Completed epoch 99 of 100

INFO:__main__:NLL: 0.3683, L2: 0.0572, Reg: 0.0032
INFO:__main__:Total loss 0.4288
INFO:__main__:Predicted mean: -0.4989
INFO:__main__:Predicted uncertainity -0.7555
INFO:__main__:Completed epoch 100 of 100

INFO:__main__:369.112338 s
