INFO:__main__:PROCESS RUNNING ON cpu
INFO:__main__:NLL: 0.1494, L2: 0.0060, Reg: 0.0382
INFO:__main__:Total loss 0.1936
INFO:__main__:Predicted mean: -0.4667
INFO:__main__:Predicted uncertainity -0.6193
INFO:__main__:Completed epoch 1 of 100

INFO:__main__:NLL: 0.1782, L2: 0.0060, Reg: 0.0375
INFO:__main__:Total loss 0.2217
INFO:__main__:Predicted mean: -0.4289
INFO:__main__:Predicted uncertainity -0.6197
INFO:__main__:Completed epoch 2 of 100

INFO:__main__:NLL: 0.0883, L2: 0.0065, Reg: 0.0405
INFO:__main__:Total loss 0.1353
INFO:__main__:Predicted mean: -0.4165
INFO:__main__:Predicted uncertainity -0.5597
INFO:__main__:Completed epoch 3 of 100

INFO:__main__:NLL: -0.0539, L2: 0.0066, Reg: 0.0444
INFO:__main__:Total loss -0.0030
INFO:__main__:Predicted mean: -0.4726
INFO:__main__:Predicted uncertainity -0.7019
INFO:__main__:Completed epoch 4 of 100

INFO:__main__:NLL: 0.1835, L2: 0.0069, Reg: 0.0401
INFO:__main__:Total loss 0.2305
INFO:__main__:Predicted mean: -0.4156
INFO:__main__:Predicted uncertainity -0.5865
INFO:__main__:Completed epoch 5 of 100

INFO:__main__:NLL: 0.0791, L2: 0.0068, Reg: 0.0344
INFO:__main__:Total loss 0.1203
INFO:__main__:Predicted mean: -0.3928
INFO:__main__:Predicted uncertainity -0.5663
INFO:__main__:Completed epoch 6 of 100

INFO:__main__:NLL: 0.0073, L2: 0.0067, Reg: 0.0322
INFO:__main__:Total loss 0.0462
INFO:__main__:Predicted mean: -0.4178
INFO:__main__:Predicted uncertainity -0.6034
INFO:__main__:Completed epoch 7 of 100

INFO:__main__:NLL: 0.1797, L2: 0.0069, Reg: 0.0401
INFO:__main__:Total loss 0.2267
INFO:__main__:Predicted mean: -0.4515
INFO:__main__:Predicted uncertainity -0.5839
INFO:__main__:Completed epoch 8 of 100

INFO:__main__:NLL: 0.0732, L2: 0.0071, Reg: 0.0328
INFO:__main__:Total loss 0.1132
INFO:__main__:Predicted mean: -0.4422
INFO:__main__:Predicted uncertainity -0.6929
INFO:__main__:Completed epoch 9 of 100

INFO:__main__:NLL: 0.2178, L2: 0.0069, Reg: 0.0352
INFO:__main__:Total loss 0.2598
INFO:__main__:Predicted mean: -0.3855
INFO:__main__:Predicted uncertainity -0.5841
INFO:__main__:Completed epoch 10 of 100

INFO:__main__:NLL: 0.0655, L2: 0.0069, Reg: 0.0347
INFO:__main__:Total loss 0.1071
INFO:__main__:Predicted mean: -0.4100
INFO:__main__:Predicted uncertainity -0.6890
INFO:__main__:Completed epoch 11 of 100

INFO:__main__:NLL: 0.1509, L2: 0.0070, Reg: 0.0307
INFO:__main__:Total loss 0.1886
INFO:__main__:Predicted mean: -0.4521
INFO:__main__:Predicted uncertainity -0.6048
INFO:__main__:Completed epoch 12 of 100

INFO:__main__:NLL: 0.1300, L2: 0.0071, Reg: 0.0299
INFO:__main__:Total loss 0.1670
INFO:__main__:Predicted mean: -0.4238
INFO:__main__:Predicted uncertainity -0.5838
INFO:__main__:Completed epoch 13 of 100

INFO:__main__:NLL: 0.0423, L2: 0.0072, Reg: 0.0333
INFO:__main__:Total loss 0.0827
INFO:__main__:Predicted mean: -0.4129
INFO:__main__:Predicted uncertainity -0.5800
INFO:__main__:Completed epoch 14 of 100

INFO:__main__:NLL: 0.0347, L2: 0.0072, Reg: 0.0341
INFO:__main__:Total loss 0.0760
INFO:__main__:Predicted mean: -0.3954
INFO:__main__:Predicted uncertainity -0.6363
INFO:__main__:Completed epoch 15 of 100

INFO:__main__:NLL: 0.1363, L2: 0.0070, Reg: 0.0359
INFO:__main__:Total loss 0.1791
INFO:__main__:Predicted mean: -0.4445
INFO:__main__:Predicted uncertainity -0.6212
INFO:__main__:Completed epoch 16 of 100

INFO:__main__:NLL: 0.0752, L2: 0.0073, Reg: 0.0360
INFO:__main__:Total loss 0.1185
INFO:__main__:Predicted mean: -0.3926
INFO:__main__:Predicted uncertainity -0.6972
INFO:__main__:Completed epoch 17 of 100

INFO:__main__:NLL: 0.1302, L2: 0.0074, Reg: 0.0440
INFO:__main__:Total loss 0.1816
INFO:__main__:Predicted mean: -0.3886
INFO:__main__:Predicted uncertainity -0.5794
INFO:__main__:Completed epoch 18 of 100

INFO:__main__:NLL: 0.0312, L2: 0.0074, Reg: 0.0373
INFO:__main__:Total loss 0.0758
INFO:__main__:Predicted mean: -0.3899
INFO:__main__:Predicted uncertainity -0.6368
INFO:__main__:Completed epoch 19 of 100

INFO:__main__:NLL: 0.0278, L2: 0.0072, Reg: 0.0402
INFO:__main__:Total loss 0.0752
INFO:__main__:Predicted mean: -0.4421
INFO:__main__:Predicted uncertainity -0.6319
INFO:__main__:Completed epoch 20 of 100

INFO:__main__:NLL: 0.1298, L2: 0.0072, Reg: 0.0290
INFO:__main__:Total loss 0.1660
INFO:__main__:Predicted mean: -0.4075
INFO:__main__:Predicted uncertainity -0.6108
INFO:__main__:Completed epoch 21 of 100

INFO:__main__:NLL: 0.1113, L2: 0.0069, Reg: 0.0376
INFO:__main__:Total loss 0.1558
INFO:__main__:Predicted mean: -0.4219
INFO:__main__:Predicted uncertainity -0.6236
INFO:__main__:Completed epoch 22 of 100

INFO:__main__:NLL: 0.2635, L2: 0.0071, Reg: 0.0369
INFO:__main__:Total loss 0.3075
INFO:__main__:Predicted mean: -0.3937
INFO:__main__:Predicted uncertainity -0.6218
INFO:__main__:Completed epoch 23 of 100

INFO:__main__:NLL: 0.0645, L2: 0.0074, Reg: 0.0477
INFO:__main__:Total loss 0.1196
INFO:__main__:Predicted mean: -0.3932
INFO:__main__:Predicted uncertainity -0.5439
INFO:__main__:Completed epoch 24 of 100

INFO:__main__:NLL: 0.1048, L2: 0.0073, Reg: 0.0306
INFO:__main__:Total loss 0.1428
INFO:__main__:Predicted mean: -0.3506
INFO:__main__:Predicted uncertainity -0.5658
INFO:__main__:Completed epoch 25 of 100

INFO:__main__:NLL: 0.2274, L2: 0.0073, Reg: 0.0368
INFO:__main__:Total loss 0.2715
INFO:__main__:Predicted mean: -0.3774
INFO:__main__:Predicted uncertainity -0.5975
INFO:__main__:Completed epoch 26 of 100

INFO:__main__:NLL: 0.1045, L2: 0.0075, Reg: 0.0309
INFO:__main__:Total loss 0.1429
INFO:__main__:Predicted mean: -0.3387
INFO:__main__:Predicted uncertainity -0.5944
INFO:__main__:Completed epoch 27 of 100

INFO:__main__:NLL: 0.0379, L2: 0.0075, Reg: 0.0354
INFO:__main__:Total loss 0.0808
INFO:__main__:Predicted mean: -0.3843
INFO:__main__:Predicted uncertainity -0.6329
INFO:__main__:Completed epoch 28 of 100

INFO:__main__:NLL: 0.2081, L2: 0.0083, Reg: 0.0352
INFO:__main__:Total loss 0.2517
INFO:__main__:Predicted mean: -0.4476
INFO:__main__:Predicted uncertainity -0.6092
INFO:__main__:Completed epoch 29 of 100

INFO:__main__:NLL: 0.1098, L2: 0.0078, Reg: 0.0290
INFO:__main__:Total loss 0.1466
INFO:__main__:Predicted mean: -0.3912
INFO:__main__:Predicted uncertainity -0.5882
INFO:__main__:Completed epoch 30 of 100

INFO:__main__:NLL: -0.0606, L2: 0.0078, Reg: 0.0304
INFO:__main__:Total loss -0.0223
INFO:__main__:Predicted mean: -0.3441
INFO:__main__:Predicted uncertainity -0.6062
INFO:__main__:Completed epoch 31 of 100

INFO:__main__:NLL: 0.1149, L2: 0.0080, Reg: 0.0272
INFO:__main__:Total loss 0.1501
INFO:__main__:Predicted mean: -0.3767
INFO:__main__:Predicted uncertainity -0.6071
INFO:__main__:Completed epoch 32 of 100

INFO:__main__:NLL: 0.2242, L2: 0.0078, Reg: 0.0450
INFO:__main__:Total loss 0.2769
INFO:__main__:Predicted mean: -0.4153
INFO:__main__:Predicted uncertainity -0.6454
INFO:__main__:Completed epoch 33 of 100

INFO:__main__:NLL: 0.1849, L2: 0.0078, Reg: 0.0343
INFO:__main__:Total loss 0.2270
INFO:__main__:Predicted mean: -0.3859
INFO:__main__:Predicted uncertainity -0.6204
INFO:__main__:Completed epoch 34 of 100

INFO:__main__:NLL: 0.1383, L2: 0.0082, Reg: 0.0356
INFO:__main__:Total loss 0.1821
INFO:__main__:Predicted mean: -0.4204
INFO:__main__:Predicted uncertainity -0.6710
INFO:__main__:Completed epoch 35 of 100

INFO:__main__:NLL: 0.1290, L2: 0.0080, Reg: 0.0340
INFO:__main__:Total loss 0.1710
INFO:__main__:Predicted mean: -0.3921
INFO:__main__:Predicted uncertainity -0.6558
INFO:__main__:Completed epoch 36 of 100

INFO:__main__:NLL: 0.3328, L2: 0.0082, Reg: 0.0391
INFO:__main__:Total loss 0.3802
INFO:__main__:Predicted mean: -0.4629
INFO:__main__:Predicted uncertainity -0.5606
INFO:__main__:Completed epoch 37 of 100

INFO:__main__:NLL: 0.0297, L2: 0.0080, Reg: 0.0333
INFO:__main__:Total loss 0.0710
INFO:__main__:Predicted mean: -0.3828
INFO:__main__:Predicted uncertainity -0.6741
INFO:__main__:Completed epoch 38 of 100

INFO:__main__:NLL: 0.1731, L2: 0.0081, Reg: 0.0348
INFO:__main__:Total loss 0.2160
INFO:__main__:Predicted mean: -0.4952
INFO:__main__:Predicted uncertainity -0.6313
INFO:__main__:Completed epoch 39 of 100

INFO:__main__:NLL: 0.1323, L2: 0.0078, Reg: 0.0326
INFO:__main__:Total loss 0.1726
INFO:__main__:Predicted mean: -0.4266
INFO:__main__:Predicted uncertainity -0.5138
INFO:__main__:Completed epoch 40 of 100

INFO:__main__:NLL: 0.1226, L2: 0.0079, Reg: 0.0367
INFO:__main__:Total loss 0.1673
INFO:__main__:Predicted mean: -0.3625
INFO:__main__:Predicted uncertainity -0.5295
INFO:__main__:Completed epoch 41 of 100

INFO:__main__:NLL: 0.3517, L2: 0.0080, Reg: 0.0374
INFO:__main__:Total loss 0.3970
INFO:__main__:Predicted mean: -0.4682
INFO:__main__:Predicted uncertainity -0.6501
INFO:__main__:Completed epoch 42 of 100

INFO:__main__:NLL: 0.1124, L2: 0.0076, Reg: 0.0404
INFO:__main__:Total loss 0.1605
INFO:__main__:Predicted mean: -0.3988
INFO:__main__:Predicted uncertainity -0.5837
INFO:__main__:Completed epoch 43 of 100

INFO:__main__:NLL: 0.1804, L2: 0.0078, Reg: 0.0346
INFO:__main__:Total loss 0.2229
INFO:__main__:Predicted mean: -0.3729
INFO:__main__:Predicted uncertainity -0.5943
INFO:__main__:Completed epoch 44 of 100

INFO:__main__:NLL: 0.1312, L2: 0.0076, Reg: 0.0409
INFO:__main__:Total loss 0.1798
INFO:__main__:Predicted mean: -0.3845
INFO:__main__:Predicted uncertainity -0.6241
INFO:__main__:Completed epoch 45 of 100

INFO:__main__:NLL: 0.2308, L2: 0.0080, Reg: 0.0372
INFO:__main__:Total loss 0.2760
INFO:__main__:Predicted mean: -0.3755
INFO:__main__:Predicted uncertainity -0.5773
INFO:__main__:Completed epoch 46 of 100

INFO:__main__:NLL: 0.0290, L2: 0.0074, Reg: 0.0388
INFO:__main__:Total loss 0.0751
INFO:__main__:Predicted mean: -0.4391
INFO:__main__:Predicted uncertainity -0.6189
INFO:__main__:Completed epoch 47 of 100

INFO:__main__:NLL: 0.3680, L2: 0.0075, Reg: 0.0414
INFO:__main__:Total loss 0.4169
INFO:__main__:Predicted mean: -0.4405
INFO:__main__:Predicted uncertainity -0.5814
INFO:__main__:Completed epoch 48 of 100

INFO:__main__:NLL: 0.1111, L2: 0.0076, Reg: 0.0405
INFO:__main__:Total loss 0.1591
INFO:__main__:Predicted mean: -0.4077
INFO:__main__:Predicted uncertainity -0.5953
INFO:__main__:Completed epoch 49 of 100

INFO:__main__:NLL: 0.0613, L2: 0.0076, Reg: 0.0315
INFO:__main__:Total loss 0.1004
INFO:__main__:Predicted mean: -0.4219
INFO:__main__:Predicted uncertainity -0.5277
INFO:__main__:Completed epoch 50 of 100

INFO:__main__:NLL: 0.1494, L2: 0.0077, Reg: 0.0437
INFO:__main__:Total loss 0.2008
INFO:__main__:Predicted mean: -0.4402
INFO:__main__:Predicted uncertainity -0.6740
INFO:__main__:Completed epoch 51 of 100

INFO:__main__:NLL: 0.1387, L2: 0.0078, Reg: 0.0458
INFO:__main__:Total loss 0.1924
INFO:__main__:Predicted mean: -0.4042
INFO:__main__:Predicted uncertainity -0.6400
INFO:__main__:Completed epoch 52 of 100

INFO:__main__:NLL: 0.1381, L2: 0.0076, Reg: 0.0280
INFO:__main__:Total loss 0.1737
INFO:__main__:Predicted mean: -0.4265
INFO:__main__:Predicted uncertainity -0.5931
INFO:__main__:Completed epoch 53 of 100

INFO:__main__:NLL: 0.0983, L2: 0.0076, Reg: 0.0336
INFO:__main__:Total loss 0.1395
INFO:__main__:Predicted mean: -0.3842
INFO:__main__:Predicted uncertainity -0.6462
INFO:__main__:Completed epoch 54 of 100

INFO:__main__:NLL: 0.0992, L2: 0.0078, Reg: 0.0363
INFO:__main__:Total loss 0.1434
INFO:__main__:Predicted mean: -0.4277
INFO:__main__:Predicted uncertainity -0.6497
INFO:__main__:Completed epoch 55 of 100

INFO:__main__:NLL: 0.1303, L2: 0.0077, Reg: 0.0330
INFO:__main__:Total loss 0.1710
INFO:__main__:Predicted mean: -0.4088
INFO:__main__:Predicted uncertainity -0.6248
INFO:__main__:Completed epoch 56 of 100

INFO:__main__:NLL: 0.1390, L2: 0.0077, Reg: 0.0343
INFO:__main__:Total loss 0.1810
INFO:__main__:Predicted mean: -0.3817
INFO:__main__:Predicted uncertainity -0.6412
INFO:__main__:Completed epoch 57 of 100

INFO:__main__:NLL: 0.1647, L2: 0.0072, Reg: 0.0394
INFO:__main__:Total loss 0.2112
INFO:__main__:Predicted mean: -0.4032
INFO:__main__:Predicted uncertainity -0.5608
INFO:__main__:Completed epoch 58 of 100

INFO:__main__:NLL: 0.1481, L2: 0.0075, Reg: 0.0409
INFO:__main__:Total loss 0.1965
INFO:__main__:Predicted mean: -0.3918
INFO:__main__:Predicted uncertainity -0.6107
INFO:__main__:Completed epoch 59 of 100

INFO:__main__:NLL: 0.0942, L2: 0.0073, Reg: 0.0331
INFO:__main__:Total loss 0.1345
INFO:__main__:Predicted mean: -0.4236
INFO:__main__:Predicted uncertainity -0.5332
INFO:__main__:Completed epoch 60 of 100

INFO:__main__:NLL: 0.0416, L2: 0.0076, Reg: 0.0375
INFO:__main__:Total loss 0.0867
INFO:__main__:Predicted mean: -0.4116
INFO:__main__:Predicted uncertainity -0.5441
INFO:__main__:Completed epoch 61 of 100

INFO:__main__:NLL: 0.1650, L2: 0.0074, Reg: 0.0274
INFO:__main__:Total loss 0.1998
INFO:__main__:Predicted mean: -0.4023
INFO:__main__:Predicted uncertainity -0.5528
INFO:__main__:Completed epoch 62 of 100

INFO:__main__:NLL: 0.0373, L2: 0.0075, Reg: 0.0432
INFO:__main__:Total loss 0.0880
INFO:__main__:Predicted mean: -0.3977
INFO:__main__:Predicted uncertainity -0.6238
INFO:__main__:Completed epoch 63 of 100

INFO:__main__:NLL: 0.1554, L2: 0.0078, Reg: 0.0474
INFO:__main__:Total loss 0.2106
INFO:__main__:Predicted mean: -0.4193
INFO:__main__:Predicted uncertainity -0.6844
INFO:__main__:Completed epoch 64 of 100

INFO:__main__:NLL: 0.0033, L2: 0.0075, Reg: 0.0333
INFO:__main__:Total loss 0.0440
INFO:__main__:Predicted mean: -0.4330
INFO:__main__:Predicted uncertainity -0.6425
INFO:__main__:Completed epoch 65 of 100

INFO:__main__:NLL: 0.1458, L2: 0.0073, Reg: 0.0342
INFO:__main__:Total loss 0.1873
INFO:__main__:Predicted mean: -0.3848
INFO:__main__:Predicted uncertainity -0.5864
INFO:__main__:Completed epoch 66 of 100

INFO:__main__:NLL: 0.0730, L2: 0.0074, Reg: 0.0318
INFO:__main__:Total loss 0.1122
INFO:__main__:Predicted mean: -0.4546
INFO:__main__:Predicted uncertainity -0.6275
INFO:__main__:Completed epoch 67 of 100

INFO:__main__:NLL: 0.1253, L2: 0.0074, Reg: 0.0401
INFO:__main__:Total loss 0.1728
INFO:__main__:Predicted mean: -0.3966
INFO:__main__:Predicted uncertainity -0.6156
INFO:__main__:Completed epoch 68 of 100

INFO:__main__:NLL: 0.1268, L2: 0.0071, Reg: 0.0366
INFO:__main__:Total loss 0.1705
INFO:__main__:Predicted mean: -0.3919
INFO:__main__:Predicted uncertainity -0.6284
INFO:__main__:Completed epoch 69 of 100

INFO:__main__:NLL: -0.0313, L2: 0.0077, Reg: 0.0350
INFO:__main__:Total loss 0.0113
INFO:__main__:Predicted mean: -0.3938
INFO:__main__:Predicted uncertainity -0.6274
INFO:__main__:Completed epoch 70 of 100

INFO:__main__:NLL: 0.1102, L2: 0.0077, Reg: 0.0332
INFO:__main__:Total loss 0.1511
INFO:__main__:Predicted mean: -0.4002
INFO:__main__:Predicted uncertainity -0.5907
INFO:__main__:Completed epoch 71 of 100

INFO:__main__:NLL: 0.1257, L2: 0.0076, Reg: 0.0382
INFO:__main__:Total loss 0.1715
INFO:__main__:Predicted mean: -0.3962
INFO:__main__:Predicted uncertainity -0.6019
INFO:__main__:Completed epoch 72 of 100

INFO:__main__:NLL: 0.0367, L2: 0.0075, Reg: 0.0322
INFO:__main__:Total loss 0.0764
INFO:__main__:Predicted mean: -0.4097
INFO:__main__:Predicted uncertainity -0.5548
INFO:__main__:Completed epoch 73 of 100

INFO:__main__:NLL: 0.0326, L2: 0.0079, Reg: 0.0389
INFO:__main__:Total loss 0.0794
INFO:__main__:Predicted mean: -0.4079
INFO:__main__:Predicted uncertainity -0.7293
INFO:__main__:Completed epoch 74 of 100

INFO:__main__:NLL: 0.1205, L2: 0.0075, Reg: 0.0352
INFO:__main__:Total loss 0.1631
INFO:__main__:Predicted mean: -0.4268
INFO:__main__:Predicted uncertainity -0.5768
INFO:__main__:Completed epoch 75 of 100

INFO:__main__:NLL: 0.1027, L2: 0.0077, Reg: 0.0361
INFO:__main__:Total loss 0.1465
INFO:__main__:Predicted mean: -0.4109
INFO:__main__:Predicted uncertainity -0.5727
INFO:__main__:Completed epoch 76 of 100

INFO:__main__:NLL: 0.1908, L2: 0.0075, Reg: 0.0447
INFO:__main__:Total loss 0.2430
INFO:__main__:Predicted mean: -0.3509
INFO:__main__:Predicted uncertainity -0.5828
INFO:__main__:Completed epoch 77 of 100

INFO:__main__:NLL: 0.0682, L2: 0.0073, Reg: 0.0439
INFO:__main__:Total loss 0.1194
INFO:__main__:Predicted mean: -0.4483
INFO:__main__:Predicted uncertainity -0.5375
INFO:__main__:Completed epoch 78 of 100

INFO:__main__:NLL: 0.2216, L2: 0.0078, Reg: 0.0383
INFO:__main__:Total loss 0.2677
INFO:__main__:Predicted mean: -0.4512
INFO:__main__:Predicted uncertainity -0.6603
INFO:__main__:Completed epoch 79 of 100

INFO:__main__:NLL: 0.0539, L2: 0.0082, Reg: 0.0447
INFO:__main__:Total loss 0.1068
INFO:__main__:Predicted mean: -0.4327
INFO:__main__:Predicted uncertainity -0.5681
INFO:__main__:Completed epoch 80 of 100

INFO:__main__:NLL: 0.0596, L2: 0.0073, Reg: 0.0311
INFO:__main__:Total loss 0.0979
INFO:__main__:Predicted mean: -0.3956
INFO:__main__:Predicted uncertainity -0.6114
INFO:__main__:Completed epoch 81 of 100

INFO:__main__:NLL: 0.1327, L2: 0.0079, Reg: 0.0384
INFO:__main__:Total loss 0.1790
INFO:__main__:Predicted mean: -0.3884
INFO:__main__:Predicted uncertainity -0.6337
INFO:__main__:Completed epoch 82 of 100

INFO:__main__:NLL: 0.3440, L2: 0.0079, Reg: 0.0380
INFO:__main__:Total loss 0.3898
INFO:__main__:Predicted mean: -0.4470
INFO:__main__:Predicted uncertainity -0.6088
INFO:__main__:Completed epoch 83 of 100

INFO:__main__:NLL: 0.0753, L2: 0.0083, Reg: 0.0293
INFO:__main__:Total loss 0.1128
INFO:__main__:Predicted mean: -0.4270
INFO:__main__:Predicted uncertainity -0.5585
INFO:__main__:Completed epoch 84 of 100

INFO:__main__:NLL: 0.1553, L2: 0.0076, Reg: 0.0341
INFO:__main__:Total loss 0.1970
INFO:__main__:Predicted mean: -0.3592
INFO:__main__:Predicted uncertainity -0.5759
INFO:__main__:Completed epoch 85 of 100

INFO:__main__:NLL: -0.0302, L2: 0.0078, Reg: 0.0385
INFO:__main__:Total loss 0.0161
INFO:__main__:Predicted mean: -0.4004
INFO:__main__:Predicted uncertainity -0.6429
INFO:__main__:Completed epoch 86 of 100

INFO:__main__:NLL: 0.0716, L2: 0.0075, Reg: 0.0389
INFO:__main__:Total loss 0.1180
INFO:__main__:Predicted mean: -0.4208
INFO:__main__:Predicted uncertainity -0.6293
INFO:__main__:Completed epoch 87 of 100

INFO:__main__:NLL: 0.2364, L2: 0.0078, Reg: 0.0370
INFO:__main__:Total loss 0.2812
INFO:__main__:Predicted mean: -0.3931
INFO:__main__:Predicted uncertainity -0.6181
INFO:__main__:Completed epoch 88 of 100

INFO:__main__:NLL: 0.3136, L2: 0.0075, Reg: 0.0261
INFO:__main__:Total loss 0.3472
INFO:__main__:Predicted mean: -0.3720
INFO:__main__:Predicted uncertainity -0.5891
INFO:__main__:Completed epoch 89 of 100

INFO:__main__:NLL: 0.2154, L2: 0.0077, Reg: 0.0290
INFO:__main__:Total loss 0.2522
INFO:__main__:Predicted mean: -0.3924
INFO:__main__:Predicted uncertainity -0.5605
INFO:__main__:Completed epoch 90 of 100

INFO:__main__:NLL: 0.1102, L2: 0.0081, Reg: 0.0338
INFO:__main__:Total loss 0.1521
INFO:__main__:Predicted mean: -0.3990
INFO:__main__:Predicted uncertainity -0.5649
INFO:__main__:Completed epoch 91 of 100

INFO:__main__:NLL: 0.0784, L2: 0.0076, Reg: 0.0418
INFO:__main__:Total loss 0.1278
INFO:__main__:Predicted mean: -0.4082
INFO:__main__:Predicted uncertainity -0.5806
INFO:__main__:Completed epoch 92 of 100

INFO:__main__:NLL: 0.2925, L2: 0.0076, Reg: 0.0369
INFO:__main__:Total loss 0.3371
INFO:__main__:Predicted mean: -0.4037
INFO:__main__:Predicted uncertainity -0.5678
INFO:__main__:Completed epoch 93 of 100

INFO:__main__:NLL: 0.2285, L2: 0.0079, Reg: 0.0464
INFO:__main__:Total loss 0.2829
INFO:__main__:Predicted mean: -0.3927
INFO:__main__:Predicted uncertainity -0.6619
INFO:__main__:Completed epoch 94 of 100

INFO:__main__:NLL: 0.1302, L2: 0.0075, Reg: 0.0401
INFO:__main__:Total loss 0.1779
INFO:__main__:Predicted mean: -0.4176
INFO:__main__:Predicted uncertainity -0.6300
INFO:__main__:Completed epoch 95 of 100

INFO:__main__:NLL: 0.2169, L2: 0.0076, Reg: 0.0359
INFO:__main__:Total loss 0.2604
INFO:__main__:Predicted mean: -0.4215
INFO:__main__:Predicted uncertainity -0.5535
INFO:__main__:Completed epoch 96 of 100

INFO:__main__:NLL: 0.1515, L2: 0.0079, Reg: 0.0484
INFO:__main__:Total loss 0.2077
INFO:__main__:Predicted mean: -0.3929
INFO:__main__:Predicted uncertainity -0.6051
INFO:__main__:Completed epoch 97 of 100

INFO:__main__:NLL: 0.0141, L2: 0.0079, Reg: 0.0333
INFO:__main__:Total loss 0.0553
INFO:__main__:Predicted mean: -0.3547
INFO:__main__:Predicted uncertainity -0.6063
INFO:__main__:Completed epoch 98 of 100

INFO:__main__:NLL: 0.0058, L2: 0.0077, Reg: 0.0461
INFO:__main__:Total loss 0.0596
INFO:__main__:Predicted mean: -0.3860
INFO:__main__:Predicted uncertainity -0.6843
INFO:__main__:Completed epoch 99 of 100

INFO:__main__:NLL: 0.0743, L2: 0.0075, Reg: 0.0430
INFO:__main__:Total loss 0.1248
INFO:__main__:Predicted mean: -0.4127
INFO:__main__:Predicted uncertainity -0.5681
INFO:__main__:Completed epoch 100 of 100

INFO:__main__:749.196595 s
