INFO:__main__:PROCESS RUNNING ON cpu
INFO:__main__:NLL: 0.1440, L2: 0.0060, Reg: 0.0505
INFO:__main__:Total loss 0.2005
INFO:__main__:Predicted mean: -0.4676
INFO:__main__:Predicted uncertainity -0.6204
INFO:__main__:Completed epoch 1 of 100

INFO:__main__:NLL: 0.1761, L2: 0.0060, Reg: 0.0499
INFO:__main__:Total loss 0.2320
INFO:__main__:Predicted mean: -0.4253
INFO:__main__:Predicted uncertainity -0.6328
INFO:__main__:Completed epoch 2 of 100

INFO:__main__:NLL: 0.0945, L2: 0.0065, Reg: 0.0544
INFO:__main__:Total loss 0.1554
INFO:__main__:Predicted mean: -0.4094
INFO:__main__:Predicted uncertainity -0.5872
INFO:__main__:Completed epoch 3 of 100

INFO:__main__:NLL: -0.0084, L2: 0.0069, Reg: 0.0582
INFO:__main__:Total loss 0.0567
INFO:__main__:Predicted mean: -0.4477
INFO:__main__:Predicted uncertainity -0.6939
INFO:__main__:Completed epoch 4 of 100

INFO:__main__:NLL: 0.1800, L2: 0.0072, Reg: 0.0502
INFO:__main__:Total loss 0.2374
INFO:__main__:Predicted mean: -0.4213
INFO:__main__:Predicted uncertainity -0.6103
INFO:__main__:Completed epoch 5 of 100

INFO:__main__:NLL: 0.0613, L2: 0.0068, Reg: 0.0486
INFO:__main__:Total loss 0.1167
INFO:__main__:Predicted mean: -0.3859
INFO:__main__:Predicted uncertainity -0.5926
INFO:__main__:Completed epoch 6 of 100

INFO:__main__:NLL: -0.0188, L2: 0.0068, Reg: 0.0450
INFO:__main__:Total loss 0.0331
INFO:__main__:Predicted mean: -0.4081
INFO:__main__:Predicted uncertainity -0.6537
INFO:__main__:Completed epoch 7 of 100

INFO:__main__:NLL: 0.2174, L2: 0.0071, Reg: 0.0563
INFO:__main__:Total loss 0.2808
INFO:__main__:Predicted mean: -0.4633
INFO:__main__:Predicted uncertainity -0.6699
INFO:__main__:Completed epoch 8 of 100

INFO:__main__:NLL: 0.0570, L2: 0.0076, Reg: 0.0436
INFO:__main__:Total loss 0.1082
INFO:__main__:Predicted mean: -0.4265
INFO:__main__:Predicted uncertainity -0.6858
INFO:__main__:Completed epoch 9 of 100

INFO:__main__:NLL: 0.2423, L2: 0.0075, Reg: 0.0482
INFO:__main__:Total loss 0.2980
INFO:__main__:Predicted mean: -0.3852
INFO:__main__:Predicted uncertainity -0.6379
INFO:__main__:Completed epoch 10 of 100

INFO:__main__:NLL: 0.0826, L2: 0.0074, Reg: 0.0464
INFO:__main__:Total loss 0.1364
INFO:__main__:Predicted mean: -0.4104
INFO:__main__:Predicted uncertainity -0.6860
INFO:__main__:Completed epoch 11 of 100

INFO:__main__:NLL: 0.1576, L2: 0.0076, Reg: 0.0443
INFO:__main__:Total loss 0.2095
INFO:__main__:Predicted mean: -0.4405
INFO:__main__:Predicted uncertainity -0.5890
INFO:__main__:Completed epoch 12 of 100

INFO:__main__:NLL: 0.0934, L2: 0.0080, Reg: 0.0437
INFO:__main__:Total loss 0.1452
INFO:__main__:Predicted mean: -0.4040
INFO:__main__:Predicted uncertainity -0.5804
INFO:__main__:Completed epoch 13 of 100

INFO:__main__:NLL: 0.0987, L2: 0.0077, Reg: 0.0457
INFO:__main__:Total loss 0.1522
INFO:__main__:Predicted mean: -0.4270
INFO:__main__:Predicted uncertainity -0.5788
INFO:__main__:Completed epoch 14 of 100

INFO:__main__:NLL: 0.0297, L2: 0.0077, Reg: 0.0472
INFO:__main__:Total loss 0.0846
INFO:__main__:Predicted mean: -0.3771
INFO:__main__:Predicted uncertainity -0.6790
INFO:__main__:Completed epoch 15 of 100

INFO:__main__:NLL: 0.1502, L2: 0.0072, Reg: 0.0484
INFO:__main__:Total loss 0.2058
INFO:__main__:Predicted mean: -0.4307
INFO:__main__:Predicted uncertainity -0.6384
INFO:__main__:Completed epoch 16 of 100

INFO:__main__:NLL: 0.0841, L2: 0.0079, Reg: 0.0527
INFO:__main__:Total loss 0.1447
INFO:__main__:Predicted mean: -0.3997
INFO:__main__:Predicted uncertainity -0.6668
INFO:__main__:Completed epoch 17 of 100

INFO:__main__:NLL: 0.0984, L2: 0.0077, Reg: 0.0562
INFO:__main__:Total loss 0.1623
INFO:__main__:Predicted mean: -0.3610
INFO:__main__:Predicted uncertainity -0.6567
INFO:__main__:Completed epoch 18 of 100

INFO:__main__:NLL: 0.0443, L2: 0.0080, Reg: 0.0517
INFO:__main__:Total loss 0.1039
INFO:__main__:Predicted mean: -0.3767
INFO:__main__:Predicted uncertainity -0.6454
INFO:__main__:Completed epoch 19 of 100

INFO:__main__:NLL: 0.0363, L2: 0.0074, Reg: 0.0539
INFO:__main__:Total loss 0.0976
INFO:__main__:Predicted mean: -0.4413
INFO:__main__:Predicted uncertainity -0.6645
INFO:__main__:Completed epoch 20 of 100

INFO:__main__:NLL: 0.0851, L2: 0.0074, Reg: 0.0400
INFO:__main__:Total loss 0.1325
INFO:__main__:Predicted mean: -0.3936
INFO:__main__:Predicted uncertainity -0.5899
INFO:__main__:Completed epoch 21 of 100

INFO:__main__:NLL: 0.0912, L2: 0.0077, Reg: 0.0516
INFO:__main__:Total loss 0.1505
INFO:__main__:Predicted mean: -0.4091
INFO:__main__:Predicted uncertainity -0.6208
INFO:__main__:Completed epoch 22 of 100

INFO:__main__:NLL: 0.4126, L2: 0.0076, Reg: 0.0539
INFO:__main__:Total loss 0.4741
INFO:__main__:Predicted mean: -0.4039
INFO:__main__:Predicted uncertainity -0.6458
INFO:__main__:Completed epoch 23 of 100

INFO:__main__:NLL: 0.0373, L2: 0.0074, Reg: 0.0637
INFO:__main__:Total loss 0.1084
INFO:__main__:Predicted mean: -0.3916
INFO:__main__:Predicted uncertainity -0.5919
INFO:__main__:Completed epoch 24 of 100

INFO:__main__:NLL: 0.1123, L2: 0.0076, Reg: 0.0433
INFO:__main__:Total loss 0.1633
INFO:__main__:Predicted mean: -0.3368
INFO:__main__:Predicted uncertainity -0.6006
INFO:__main__:Completed epoch 25 of 100

INFO:__main__:NLL: 0.1918, L2: 0.0078, Reg: 0.0526
INFO:__main__:Total loss 0.2522
INFO:__main__:Predicted mean: -0.4044
INFO:__main__:Predicted uncertainity -0.5962
INFO:__main__:Completed epoch 26 of 100

INFO:__main__:NLL: 0.0726, L2: 0.0077, Reg: 0.0474
INFO:__main__:Total loss 0.1277
INFO:__main__:Predicted mean: -0.3644
INFO:__main__:Predicted uncertainity -0.5612
INFO:__main__:Completed epoch 27 of 100

INFO:__main__:NLL: 0.0552, L2: 0.0072, Reg: 0.0511
INFO:__main__:Total loss 0.1135
INFO:__main__:Predicted mean: -0.3552
INFO:__main__:Predicted uncertainity -0.6581
INFO:__main__:Completed epoch 28 of 100

INFO:__main__:NLL: 0.1878, L2: 0.0081, Reg: 0.0514
INFO:__main__:Total loss 0.2473
INFO:__main__:Predicted mean: -0.4148
INFO:__main__:Predicted uncertainity -0.5823
INFO:__main__:Completed epoch 29 of 100

INFO:__main__:NLL: 0.0774, L2: 0.0076, Reg: 0.0411
INFO:__main__:Total loss 0.1261
INFO:__main__:Predicted mean: -0.4008
INFO:__main__:Predicted uncertainity -0.6134
INFO:__main__:Completed epoch 30 of 100

INFO:__main__:NLL: -0.0509, L2: 0.0080, Reg: 0.0397
INFO:__main__:Total loss -0.0032
INFO:__main__:Predicted mean: -0.3324
INFO:__main__:Predicted uncertainity -0.6376
INFO:__main__:Completed epoch 31 of 100

INFO:__main__:NLL: 0.1264, L2: 0.0075, Reg: 0.0407
INFO:__main__:Total loss 0.1746
INFO:__main__:Predicted mean: -0.3714
INFO:__main__:Predicted uncertainity -0.6357
INFO:__main__:Completed epoch 32 of 100

INFO:__main__:NLL: 0.2177, L2: 0.0078, Reg: 0.0567
INFO:__main__:Total loss 0.2822
INFO:__main__:Predicted mean: -0.4363
INFO:__main__:Predicted uncertainity -0.6926
INFO:__main__:Completed epoch 33 of 100

INFO:__main__:NLL: 0.1821, L2: 0.0079, Reg: 0.0470
INFO:__main__:Total loss 0.2370
INFO:__main__:Predicted mean: -0.3736
INFO:__main__:Predicted uncertainity -0.5962
INFO:__main__:Completed epoch 34 of 100

INFO:__main__:NLL: 0.1559, L2: 0.0079, Reg: 0.0483
INFO:__main__:Total loss 0.2121
INFO:__main__:Predicted mean: -0.4206
INFO:__main__:Predicted uncertainity -0.6616
INFO:__main__:Completed epoch 35 of 100

INFO:__main__:NLL: 0.0850, L2: 0.0076, Reg: 0.0454
INFO:__main__:Total loss 0.1380
INFO:__main__:Predicted mean: -0.3606
INFO:__main__:Predicted uncertainity -0.6603
INFO:__main__:Completed epoch 36 of 100

INFO:__main__:NLL: 0.3457, L2: 0.0078, Reg: 0.0485
INFO:__main__:Total loss 0.4021
INFO:__main__:Predicted mean: -0.4683
INFO:__main__:Predicted uncertainity -0.5579
INFO:__main__:Completed epoch 37 of 100

INFO:__main__:NLL: 0.0023, L2: 0.0073, Reg: 0.0458
INFO:__main__:Total loss 0.0555
INFO:__main__:Predicted mean: -0.3934
INFO:__main__:Predicted uncertainity -0.6941
INFO:__main__:Completed epoch 38 of 100

INFO:__main__:NLL: 0.1611, L2: 0.0077, Reg: 0.0448
INFO:__main__:Total loss 0.2136
INFO:__main__:Predicted mean: -0.4674
INFO:__main__:Predicted uncertainity -0.6769
INFO:__main__:Completed epoch 39 of 100

INFO:__main__:NLL: 0.1639, L2: 0.0075, Reg: 0.0462
INFO:__main__:Total loss 0.2176
INFO:__main__:Predicted mean: -0.4194
INFO:__main__:Predicted uncertainity -0.5300
INFO:__main__:Completed epoch 40 of 100

INFO:__main__:NLL: 0.1512, L2: 0.0075, Reg: 0.0481
INFO:__main__:Total loss 0.2069
INFO:__main__:Predicted mean: -0.3598
INFO:__main__:Predicted uncertainity -0.5798
INFO:__main__:Completed epoch 41 of 100

INFO:__main__:NLL: 0.3621, L2: 0.0074, Reg: 0.0495
INFO:__main__:Total loss 0.4190
INFO:__main__:Predicted mean: -0.4526
INFO:__main__:Predicted uncertainity -0.6670
INFO:__main__:Completed epoch 42 of 100

INFO:__main__:NLL: 0.1615, L2: 0.0074, Reg: 0.0564
INFO:__main__:Total loss 0.2253
INFO:__main__:Predicted mean: -0.4047
INFO:__main__:Predicted uncertainity -0.6035
INFO:__main__:Completed epoch 43 of 100

INFO:__main__:NLL: 0.1407, L2: 0.0076, Reg: 0.0438
INFO:__main__:Total loss 0.1922
INFO:__main__:Predicted mean: -0.3731
INFO:__main__:Predicted uncertainity -0.6096
INFO:__main__:Completed epoch 44 of 100

INFO:__main__:NLL: 0.1551, L2: 0.0074, Reg: 0.0532
INFO:__main__:Total loss 0.2158
INFO:__main__:Predicted mean: -0.4027
INFO:__main__:Predicted uncertainity -0.6616
INFO:__main__:Completed epoch 45 of 100

INFO:__main__:NLL: 0.1529, L2: 0.0075, Reg: 0.0529
INFO:__main__:Total loss 0.2133
INFO:__main__:Predicted mean: -0.3672
INFO:__main__:Predicted uncertainity -0.5990
INFO:__main__:Completed epoch 46 of 100

INFO:__main__:NLL: 0.0614, L2: 0.0075, Reg: 0.0532
INFO:__main__:Total loss 0.1220
INFO:__main__:Predicted mean: -0.4275
INFO:__main__:Predicted uncertainity -0.6595
INFO:__main__:Completed epoch 47 of 100

INFO:__main__:NLL: 0.2911, L2: 0.0078, Reg: 0.0559
INFO:__main__:Total loss 0.3548
INFO:__main__:Predicted mean: -0.4400
INFO:__main__:Predicted uncertainity -0.5484
INFO:__main__:Completed epoch 48 of 100

INFO:__main__:NLL: 0.0891, L2: 0.0077, Reg: 0.0555
INFO:__main__:Total loss 0.1523
INFO:__main__:Predicted mean: -0.4146
INFO:__main__:Predicted uncertainity -0.5937
INFO:__main__:Completed epoch 49 of 100

INFO:__main__:NLL: 0.0672, L2: 0.0075, Reg: 0.0481
INFO:__main__:Total loss 0.1228
INFO:__main__:Predicted mean: -0.4599
INFO:__main__:Predicted uncertainity -0.5478
INFO:__main__:Completed epoch 50 of 100

INFO:__main__:NLL: 0.1468, L2: 0.0077, Reg: 0.0570
INFO:__main__:Total loss 0.2115
INFO:__main__:Predicted mean: -0.4371
INFO:__main__:Predicted uncertainity -0.7035
INFO:__main__:Completed epoch 51 of 100

INFO:__main__:NLL: 0.1502, L2: 0.0075, Reg: 0.0572
INFO:__main__:Total loss 0.2150
INFO:__main__:Predicted mean: -0.3881
INFO:__main__:Predicted uncertainity -0.6186
INFO:__main__:Completed epoch 52 of 100

INFO:__main__:NLL: 0.1801, L2: 0.0075, Reg: 0.0400
INFO:__main__:Total loss 0.2275
INFO:__main__:Predicted mean: -0.4242
INFO:__main__:Predicted uncertainity -0.5752
INFO:__main__:Completed epoch 53 of 100

INFO:__main__:NLL: 0.1204, L2: 0.0076, Reg: 0.0500
INFO:__main__:Total loss 0.1781
INFO:__main__:Predicted mean: -0.3697
INFO:__main__:Predicted uncertainity -0.6672
INFO:__main__:Completed epoch 54 of 100

INFO:__main__:NLL: 0.0638, L2: 0.0078, Reg: 0.0495
INFO:__main__:Total loss 0.1211
INFO:__main__:Predicted mean: -0.4386
INFO:__main__:Predicted uncertainity -0.6527
INFO:__main__:Completed epoch 55 of 100

INFO:__main__:NLL: 0.1443, L2: 0.0078, Reg: 0.0489
INFO:__main__:Total loss 0.2010
INFO:__main__:Predicted mean: -0.3996
INFO:__main__:Predicted uncertainity -0.6269
INFO:__main__:Completed epoch 56 of 100

INFO:__main__:NLL: 0.1588, L2: 0.0076, Reg: 0.0479
INFO:__main__:Total loss 0.2144
INFO:__main__:Predicted mean: -0.3730
INFO:__main__:Predicted uncertainity -0.6643
INFO:__main__:Completed epoch 57 of 100

INFO:__main__:NLL: 0.1985, L2: 0.0075, Reg: 0.0495
INFO:__main__:Total loss 0.2555
INFO:__main__:Predicted mean: -0.4063
INFO:__main__:Predicted uncertainity -0.6047
INFO:__main__:Completed epoch 58 of 100

INFO:__main__:NLL: 0.1164, L2: 0.0076, Reg: 0.0542
INFO:__main__:Total loss 0.1782
INFO:__main__:Predicted mean: -0.3970
INFO:__main__:Predicted uncertainity -0.6100
INFO:__main__:Completed epoch 59 of 100

INFO:__main__:NLL: 0.0956, L2: 0.0077, Reg: 0.0429
INFO:__main__:Total loss 0.1461
INFO:__main__:Predicted mean: -0.4062
INFO:__main__:Predicted uncertainity -0.5446
INFO:__main__:Completed epoch 60 of 100

INFO:__main__:NLL: 0.0468, L2: 0.0078, Reg: 0.0475
INFO:__main__:Total loss 0.1020
INFO:__main__:Predicted mean: -0.4096
INFO:__main__:Predicted uncertainity -0.5399
INFO:__main__:Completed epoch 61 of 100

INFO:__main__:NLL: 0.1448, L2: 0.0076, Reg: 0.0485
INFO:__main__:Total loss 0.2010
INFO:__main__:Predicted mean: -0.3964
INFO:__main__:Predicted uncertainity -0.5654
INFO:__main__:Completed epoch 62 of 100

INFO:__main__:NLL: 0.0518, L2: 0.0079, Reg: 0.0559
INFO:__main__:Total loss 0.1156
INFO:__main__:Predicted mean: -0.3992
INFO:__main__:Predicted uncertainity -0.6036
INFO:__main__:Completed epoch 63 of 100

INFO:__main__:NLL: 0.1409, L2: 0.0081, Reg: 0.0596
INFO:__main__:Total loss 0.2086
INFO:__main__:Predicted mean: -0.4267
INFO:__main__:Predicted uncertainity -0.6833
INFO:__main__:Completed epoch 64 of 100

INFO:__main__:NLL: 0.0703, L2: 0.0077, Reg: 0.0428
INFO:__main__:Total loss 0.1209
INFO:__main__:Predicted mean: -0.4424
INFO:__main__:Predicted uncertainity -0.6178
INFO:__main__:Completed epoch 65 of 100

INFO:__main__:NLL: 0.1792, L2: 0.0075, Reg: 0.0478
INFO:__main__:Total loss 0.2345
INFO:__main__:Predicted mean: -0.4120
INFO:__main__:Predicted uncertainity -0.6000
INFO:__main__:Completed epoch 66 of 100

INFO:__main__:NLL: 0.0606, L2: 0.0076, Reg: 0.0444
INFO:__main__:Total loss 0.1125
INFO:__main__:Predicted mean: -0.4658
INFO:__main__:Predicted uncertainity -0.6123
INFO:__main__:Completed epoch 67 of 100

INFO:__main__:NLL: 0.1594, L2: 0.0073, Reg: 0.0508
INFO:__main__:Total loss 0.2175
INFO:__main__:Predicted mean: -0.4043
INFO:__main__:Predicted uncertainity -0.6251
INFO:__main__:Completed epoch 68 of 100

INFO:__main__:NLL: 0.1421, L2: 0.0071, Reg: 0.0478
INFO:__main__:Total loss 0.1970
INFO:__main__:Predicted mean: -0.3893
INFO:__main__:Predicted uncertainity -0.6441
INFO:__main__:Completed epoch 69 of 100

INFO:__main__:NLL: -0.0207, L2: 0.0075, Reg: 0.0487
INFO:__main__:Total loss 0.0356
INFO:__main__:Predicted mean: -0.3925
INFO:__main__:Predicted uncertainity -0.6484
INFO:__main__:Completed epoch 70 of 100

INFO:__main__:NLL: 0.1300, L2: 0.0076, Reg: 0.0471
INFO:__main__:Total loss 0.1847
INFO:__main__:Predicted mean: -0.4110
INFO:__main__:Predicted uncertainity -0.6099
INFO:__main__:Completed epoch 71 of 100

INFO:__main__:NLL: 0.0445, L2: 0.0075, Reg: 0.0548
INFO:__main__:Total loss 0.1068
INFO:__main__:Predicted mean: -0.3911
INFO:__main__:Predicted uncertainity -0.6081
INFO:__main__:Completed epoch 72 of 100

INFO:__main__:NLL: 0.0131, L2: 0.0074, Reg: 0.0475
INFO:__main__:Total loss 0.0680
INFO:__main__:Predicted mean: -0.4236
INFO:__main__:Predicted uncertainity -0.6378
INFO:__main__:Completed epoch 73 of 100

INFO:__main__:NLL: 0.0710, L2: 0.0079, Reg: 0.0500
INFO:__main__:Total loss 0.1288
INFO:__main__:Predicted mean: -0.3757
INFO:__main__:Predicted uncertainity -0.7314
INFO:__main__:Completed epoch 74 of 100

INFO:__main__:NLL: 0.1175, L2: 0.0078, Reg: 0.0485
INFO:__main__:Total loss 0.1738
INFO:__main__:Predicted mean: -0.4169
INFO:__main__:Predicted uncertainity -0.6017
INFO:__main__:Completed epoch 75 of 100

INFO:__main__:NLL: 0.1029, L2: 0.0076, Reg: 0.0511
INFO:__main__:Total loss 0.1616
INFO:__main__:Predicted mean: -0.3895
INFO:__main__:Predicted uncertainity -0.5907
INFO:__main__:Completed epoch 76 of 100

INFO:__main__:NLL: 0.1576, L2: 0.0078, Reg: 0.0557
INFO:__main__:Total loss 0.2211
INFO:__main__:Predicted mean: -0.3534
INFO:__main__:Predicted uncertainity -0.5708
INFO:__main__:Completed epoch 77 of 100

INFO:__main__:NLL: 0.0574, L2: 0.0079, Reg: 0.0547
INFO:__main__:Total loss 0.1200
INFO:__main__:Predicted mean: -0.4418
INFO:__main__:Predicted uncertainity -0.5539
INFO:__main__:Completed epoch 78 of 100

INFO:__main__:NLL: 0.1768, L2: 0.0077, Reg: 0.0510
INFO:__main__:Total loss 0.2356
INFO:__main__:Predicted mean: -0.4203
INFO:__main__:Predicted uncertainity -0.6581
INFO:__main__:Completed epoch 79 of 100

INFO:__main__:NLL: 0.0623, L2: 0.0079, Reg: 0.0568
INFO:__main__:Total loss 0.1270
INFO:__main__:Predicted mean: -0.4348
INFO:__main__:Predicted uncertainity -0.6268
INFO:__main__:Completed epoch 80 of 100

INFO:__main__:NLL: 0.0335, L2: 0.0078, Reg: 0.0437
INFO:__main__:Total loss 0.0850
INFO:__main__:Predicted mean: -0.3993
INFO:__main__:Predicted uncertainity -0.5946
INFO:__main__:Completed epoch 81 of 100

INFO:__main__:NLL: 0.1527, L2: 0.0080, Reg: 0.0506
INFO:__main__:Total loss 0.2114
INFO:__main__:Predicted mean: -0.4015
INFO:__main__:Predicted uncertainity -0.6255
INFO:__main__:Completed epoch 82 of 100

INFO:__main__:NLL: 0.2842, L2: 0.0079, Reg: 0.0460
INFO:__main__:Total loss 0.3380
INFO:__main__:Predicted mean: -0.4444
INFO:__main__:Predicted uncertainity -0.5898
INFO:__main__:Completed epoch 83 of 100

INFO:__main__:NLL: 0.0351, L2: 0.0084, Reg: 0.0447
INFO:__main__:Total loss 0.0883
INFO:__main__:Predicted mean: -0.4341
INFO:__main__:Predicted uncertainity -0.5904
INFO:__main__:Completed epoch 84 of 100

INFO:__main__:NLL: 0.1197, L2: 0.0078, Reg: 0.0462
INFO:__main__:Total loss 0.1737
INFO:__main__:Predicted mean: -0.3569
INFO:__main__:Predicted uncertainity -0.5732
INFO:__main__:Completed epoch 85 of 100

INFO:__main__:NLL: 0.0072, L2: 0.0078, Reg: 0.0538
INFO:__main__:Total loss 0.0688
INFO:__main__:Predicted mean: -0.3880
INFO:__main__:Predicted uncertainity -0.6740
INFO:__main__:Completed epoch 86 of 100

INFO:__main__:NLL: 0.0609, L2: 0.0076, Reg: 0.0545
INFO:__main__:Total loss 0.1230
INFO:__main__:Predicted mean: -0.4248
INFO:__main__:Predicted uncertainity -0.6367
INFO:__main__:Completed epoch 87 of 100

INFO:__main__:NLL: 0.2300, L2: 0.0082, Reg: 0.0510
INFO:__main__:Total loss 0.2891
INFO:__main__:Predicted mean: -0.3646
INFO:__main__:Predicted uncertainity -0.6588
INFO:__main__:Completed epoch 88 of 100

INFO:__main__:NLL: 0.2849, L2: 0.0079, Reg: 0.0433
INFO:__main__:Total loss 0.3362
INFO:__main__:Predicted mean: -0.3562
INFO:__main__:Predicted uncertainity -0.5762
INFO:__main__:Completed epoch 89 of 100

INFO:__main__:NLL: 0.1569, L2: 0.0080, Reg: 0.0472
INFO:__main__:Total loss 0.2120
INFO:__main__:Predicted mean: -0.4090
INFO:__main__:Predicted uncertainity -0.5794
INFO:__main__:Completed epoch 90 of 100

INFO:__main__:NLL: 0.1186, L2: 0.0080, Reg: 0.0481
INFO:__main__:Total loss 0.1747
INFO:__main__:Predicted mean: -0.3954
INFO:__main__:Predicted uncertainity -0.5486
INFO:__main__:Completed epoch 91 of 100

INFO:__main__:NLL: 0.0457, L2: 0.0076, Reg: 0.0526
INFO:__main__:Total loss 0.1059
INFO:__main__:Predicted mean: -0.3956
INFO:__main__:Predicted uncertainity -0.6041
INFO:__main__:Completed epoch 92 of 100

INFO:__main__:NLL: 0.2395, L2: 0.0073, Reg: 0.0505
INFO:__main__:Total loss 0.2974
INFO:__main__:Predicted mean: -0.3660
INFO:__main__:Predicted uncertainity -0.5959
INFO:__main__:Completed epoch 93 of 100

INFO:__main__:NLL: 0.2138, L2: 0.0075, Reg: 0.0557
INFO:__main__:Total loss 0.2770
INFO:__main__:Predicted mean: -0.4149
INFO:__main__:Predicted uncertainity -0.6652
INFO:__main__:Completed epoch 94 of 100

INFO:__main__:NLL: 0.1381, L2: 0.0075, Reg: 0.0554
INFO:__main__:Total loss 0.2010
INFO:__main__:Predicted mean: -0.4132
INFO:__main__:Predicted uncertainity -0.6171
INFO:__main__:Completed epoch 95 of 100

INFO:__main__:NLL: 0.1719, L2: 0.0079, Reg: 0.0497
INFO:__main__:Total loss 0.2295
INFO:__main__:Predicted mean: -0.4172
INFO:__main__:Predicted uncertainity -0.5443
INFO:__main__:Completed epoch 96 of 100

INFO:__main__:NLL: 0.1767, L2: 0.0078, Reg: 0.0618
INFO:__main__:Total loss 0.2463
INFO:__main__:Predicted mean: -0.3971
INFO:__main__:Predicted uncertainity -0.6048
INFO:__main__:Completed epoch 97 of 100

INFO:__main__:NLL: 0.0525, L2: 0.0077, Reg: 0.0477
INFO:__main__:Total loss 0.1079
INFO:__main__:Predicted mean: -0.3667
INFO:__main__:Predicted uncertainity -0.6669
INFO:__main__:Completed epoch 98 of 100

INFO:__main__:NLL: -0.0259, L2: 0.0075, Reg: 0.0585
INFO:__main__:Total loss 0.0402
INFO:__main__:Predicted mean: -0.3856
INFO:__main__:Predicted uncertainity -0.7072
INFO:__main__:Completed epoch 99 of 100

INFO:__main__:NLL: 0.1373, L2: 0.0078, Reg: 0.0525
INFO:__main__:Total loss 0.1977
INFO:__main__:Predicted mean: -0.4185
INFO:__main__:Predicted uncertainity -0.6082
INFO:__main__:Completed epoch 100 of 100

INFO:__main__:737.939542 s
