INFO:__main__:PROCESS RUNNING ON cpu
INFO:__main__:NLL: 0.0445, L2: 0.0068, Reg: 0.0014
INFO:__main__:Total loss 0.0527
INFO:__main__:Predicted mean: -0.4504
INFO:__main__:Predicted uncertainity -0.7669
INFO:__main__:Completed epoch 1 of 100

INFO:__main__:NLL: 0.0974, L2: 0.0075, Reg: 0.0014
INFO:__main__:Total loss 0.1062
INFO:__main__:Predicted mean: -0.3741
INFO:__main__:Predicted uncertainity -0.7820
INFO:__main__:Completed epoch 2 of 100

INFO:__main__:NLL: 0.1262, L2: 0.0079, Reg: 0.0013
INFO:__main__:Total loss 0.1355
INFO:__main__:Predicted mean: -0.3887
INFO:__main__:Predicted uncertainity -0.6946
INFO:__main__:Completed epoch 3 of 100

INFO:__main__:NLL: -0.1975, L2: 0.0080, Reg: 0.0014
INFO:__main__:Total loss -0.1882
INFO:__main__:Predicted mean: -0.4625
INFO:__main__:Predicted uncertainity -0.8679
INFO:__main__:Completed epoch 4 of 100

INFO:__main__:NLL: 0.2316, L2: 0.0079, Reg: 0.0013
INFO:__main__:Total loss 0.2409
INFO:__main__:Predicted mean: -0.3705
INFO:__main__:Predicted uncertainity -0.7680
INFO:__main__:Completed epoch 5 of 100

INFO:__main__:NLL: 0.0271, L2: 0.0081, Reg: 0.0014
INFO:__main__:Total loss 0.0366
INFO:__main__:Predicted mean: -0.3439
INFO:__main__:Predicted uncertainity -0.6496
INFO:__main__:Completed epoch 6 of 100

INFO:__main__:NLL: -0.1328, L2: 0.0082, Reg: 0.0013
INFO:__main__:Total loss -0.1233
INFO:__main__:Predicted mean: -0.3750
INFO:__main__:Predicted uncertainity -0.7724
INFO:__main__:Completed epoch 7 of 100

INFO:__main__:NLL: 0.2267, L2: 0.0084, Reg: 0.0013
INFO:__main__:Total loss 0.2364
INFO:__main__:Predicted mean: -0.4614
INFO:__main__:Predicted uncertainity -0.7909
INFO:__main__:Completed epoch 8 of 100

INFO:__main__:NLL: 0.0810, L2: 0.0083, Reg: 0.0013
INFO:__main__:Total loss 0.0906
INFO:__main__:Predicted mean: -0.4363
INFO:__main__:Predicted uncertainity -0.7642
INFO:__main__:Completed epoch 9 of 100

INFO:__main__:NLL: 0.2438, L2: 0.0083, Reg: 0.0014
INFO:__main__:Total loss 0.2534
INFO:__main__:Predicted mean: -0.3461
INFO:__main__:Predicted uncertainity -0.7966
INFO:__main__:Completed epoch 10 of 100

INFO:__main__:NLL: 0.0871, L2: 0.0082, Reg: 0.0013
INFO:__main__:Total loss 0.0966
INFO:__main__:Predicted mean: -0.4252
INFO:__main__:Predicted uncertainity -0.7725
INFO:__main__:Completed epoch 11 of 100

INFO:__main__:NLL: 0.1481, L2: 0.0078, Reg: 0.0013
INFO:__main__:Total loss 0.1573
INFO:__main__:Predicted mean: -0.4392
INFO:__main__:Predicted uncertainity -0.7185
INFO:__main__:Completed epoch 12 of 100

INFO:__main__:NLL: 0.0163, L2: 0.0078, Reg: 0.0013
INFO:__main__:Total loss 0.0255
INFO:__main__:Predicted mean: -0.3731
INFO:__main__:Predicted uncertainity -0.7335
INFO:__main__:Completed epoch 13 of 100

INFO:__main__:NLL: 0.0777, L2: 0.0079, Reg: 0.0013
INFO:__main__:Total loss 0.0870
INFO:__main__:Predicted mean: -0.3710
INFO:__main__:Predicted uncertainity -0.8004
INFO:__main__:Completed epoch 14 of 100

INFO:__main__:NLL: 0.0815, L2: 0.0084, Reg: 0.0013
INFO:__main__:Total loss 0.0912
INFO:__main__:Predicted mean: -0.3612
INFO:__main__:Predicted uncertainity -0.8336
INFO:__main__:Completed epoch 15 of 100

INFO:__main__:NLL: 0.1046, L2: 0.0075, Reg: 0.0013
INFO:__main__:Total loss 0.1134
INFO:__main__:Predicted mean: -0.4021
INFO:__main__:Predicted uncertainity -0.7326
INFO:__main__:Completed epoch 16 of 100

INFO:__main__:NLL: 0.0385, L2: 0.0079, Reg: 0.0013
INFO:__main__:Total loss 0.0477
INFO:__main__:Predicted mean: -0.3911
INFO:__main__:Predicted uncertainity -0.8428
INFO:__main__:Completed epoch 17 of 100

INFO:__main__:NLL: 0.0766, L2: 0.0082, Reg: 0.0014
INFO:__main__:Total loss 0.0861
INFO:__main__:Predicted mean: -0.3657
INFO:__main__:Predicted uncertainity -0.7963
INFO:__main__:Completed epoch 18 of 100

INFO:__main__:NLL: -0.0601, L2: 0.0083, Reg: 0.0014
INFO:__main__:Total loss -0.0504
INFO:__main__:Predicted mean: -0.3764
INFO:__main__:Predicted uncertainity -0.8078
INFO:__main__:Completed epoch 19 of 100

INFO:__main__:NLL: 0.0290, L2: 0.0087, Reg: 0.0014
INFO:__main__:Total loss 0.0391
INFO:__main__:Predicted mean: -0.3613
INFO:__main__:Predicted uncertainity -0.6946
INFO:__main__:Completed epoch 20 of 100

INFO:__main__:NLL: -0.0083, L2: 0.0087, Reg: 0.0013
INFO:__main__:Total loss 0.0017
INFO:__main__:Predicted mean: -0.3461
INFO:__main__:Predicted uncertainity -0.6618
INFO:__main__:Completed epoch 21 of 100

INFO:__main__:NLL: 0.1461, L2: 0.0090, Reg: 0.0013
INFO:__main__:Total loss 0.1564
INFO:__main__:Predicted mean: -0.3554
INFO:__main__:Predicted uncertainity -0.7577
INFO:__main__:Completed epoch 22 of 100

INFO:__main__:NLL: 0.4516, L2: 0.0090, Reg: 0.0014
INFO:__main__:Total loss 0.4620
INFO:__main__:Predicted mean: -0.3556
INFO:__main__:Predicted uncertainity -0.8283
INFO:__main__:Completed epoch 23 of 100

INFO:__main__:NLL: 0.0207, L2: 0.0086, Reg: 0.0014
INFO:__main__:Total loss 0.0307
INFO:__main__:Predicted mean: -0.3596
INFO:__main__:Predicted uncertainity -0.6928
INFO:__main__:Completed epoch 24 of 100

INFO:__main__:NLL: 0.0436, L2: 0.0088, Reg: 0.0013
INFO:__main__:Total loss 0.0537
INFO:__main__:Predicted mean: -0.3411
INFO:__main__:Predicted uncertainity -0.7553
INFO:__main__:Completed epoch 25 of 100

INFO:__main__:NLL: 0.1931, L2: 0.0090, Reg: 0.0014
INFO:__main__:Total loss 0.2034
INFO:__main__:Predicted mean: -0.3600
INFO:__main__:Predicted uncertainity -0.7169
INFO:__main__:Completed epoch 26 of 100

INFO:__main__:NLL: 0.0998, L2: 0.0089, Reg: 0.0013
INFO:__main__:Total loss 0.1100
INFO:__main__:Predicted mean: -0.3118
INFO:__main__:Predicted uncertainity -0.6684
INFO:__main__:Completed epoch 27 of 100

INFO:__main__:NLL: -0.0315, L2: 0.0087, Reg: 0.0014
INFO:__main__:Total loss -0.0214
INFO:__main__:Predicted mean: -0.3496
INFO:__main__:Predicted uncertainity -0.8534
INFO:__main__:Completed epoch 28 of 100

INFO:__main__:NLL: 0.1526, L2: 0.0083, Reg: 0.0014
INFO:__main__:Total loss 0.1623
INFO:__main__:Predicted mean: -0.3742
INFO:__main__:Predicted uncertainity -0.7362
INFO:__main__:Completed epoch 29 of 100

INFO:__main__:NLL: 0.0288, L2: 0.0084, Reg: 0.0013
INFO:__main__:Total loss 0.0385
INFO:__main__:Predicted mean: -0.3758
INFO:__main__:Predicted uncertainity -0.7493
INFO:__main__:Completed epoch 30 of 100

INFO:__main__:NLL: -0.1217, L2: 0.0092, Reg: 0.0014
INFO:__main__:Total loss -0.1112
INFO:__main__:Predicted mean: -0.3126
INFO:__main__:Predicted uncertainity -0.7786
INFO:__main__:Completed epoch 31 of 100

INFO:__main__:NLL: 0.0980, L2: 0.0090, Reg: 0.0013
INFO:__main__:Total loss 0.1084
INFO:__main__:Predicted mean: -0.3573
INFO:__main__:Predicted uncertainity -0.8237
INFO:__main__:Completed epoch 32 of 100

INFO:__main__:NLL: 0.2778, L2: 0.0083, Reg: 0.0014
INFO:__main__:Total loss 0.2875
INFO:__main__:Predicted mean: -0.3968
INFO:__main__:Predicted uncertainity -0.8737
INFO:__main__:Completed epoch 33 of 100

INFO:__main__:NLL: 0.1494, L2: 0.0087, Reg: 0.0014
INFO:__main__:Total loss 0.1594
INFO:__main__:Predicted mean: -0.3554
INFO:__main__:Predicted uncertainity -0.7577
INFO:__main__:Completed epoch 34 of 100

INFO:__main__:NLL: 0.1159, L2: 0.0083, Reg: 0.0014
INFO:__main__:Total loss 0.1255
INFO:__main__:Predicted mean: -0.3659
INFO:__main__:Predicted uncertainity -0.8085
INFO:__main__:Completed epoch 35 of 100

INFO:__main__:NLL: 0.0878, L2: 0.0082, Reg: 0.0014
INFO:__main__:Total loss 0.0973
INFO:__main__:Predicted mean: -0.3248
INFO:__main__:Predicted uncertainity -0.8812
INFO:__main__:Completed epoch 36 of 100

INFO:__main__:NLL: 0.3433, L2: 0.0083, Reg: 0.0013
INFO:__main__:Total loss 0.3530
INFO:__main__:Predicted mean: -0.3991
INFO:__main__:Predicted uncertainity -0.7592
INFO:__main__:Completed epoch 37 of 100

INFO:__main__:NLL: -0.0618, L2: 0.0087, Reg: 0.0013
INFO:__main__:Total loss -0.0518
INFO:__main__:Predicted mean: -0.3238
INFO:__main__:Predicted uncertainity -0.8274
INFO:__main__:Completed epoch 38 of 100

INFO:__main__:NLL: 0.1052, L2: 0.0092, Reg: 0.0013
INFO:__main__:Total loss 0.1157
INFO:__main__:Predicted mean: -0.5078
INFO:__main__:Predicted uncertainity -0.8146
INFO:__main__:Completed epoch 39 of 100

INFO:__main__:NLL: 0.0262, L2: 0.0089, Reg: 0.0013
INFO:__main__:Total loss 0.0365
INFO:__main__:Predicted mean: -0.4027
INFO:__main__:Predicted uncertainity -0.7139
INFO:__main__:Completed epoch 40 of 100

INFO:__main__:NLL: 0.1072, L2: 0.0085, Reg: 0.0013
INFO:__main__:Total loss 0.1170
INFO:__main__:Predicted mean: -0.3177
INFO:__main__:Predicted uncertainity -0.6295
INFO:__main__:Completed epoch 41 of 100

INFO:__main__:NLL: 0.4454, L2: 0.0087, Reg: 0.0013
INFO:__main__:Total loss 0.4554
INFO:__main__:Predicted mean: -0.4156
INFO:__main__:Predicted uncertainity -0.8032
INFO:__main__:Completed epoch 42 of 100

INFO:__main__:NLL: 0.0639, L2: 0.0081, Reg: 0.0014
INFO:__main__:Total loss 0.0734
INFO:__main__:Predicted mean: -0.3668
INFO:__main__:Predicted uncertainity -0.6713
INFO:__main__:Completed epoch 43 of 100

INFO:__main__:NLL: 0.0055, L2: 0.0083, Reg: 0.0014
INFO:__main__:Total loss 0.0152
INFO:__main__:Predicted mean: -0.3452
INFO:__main__:Predicted uncertainity -0.7409
INFO:__main__:Completed epoch 44 of 100

INFO:__main__:NLL: 0.1091, L2: 0.0087, Reg: 0.0014
INFO:__main__:Total loss 0.1191
INFO:__main__:Predicted mean: -0.3554
INFO:__main__:Predicted uncertainity -0.7883
INFO:__main__:Completed epoch 45 of 100

INFO:__main__:NLL: 0.0928, L2: 0.0089, Reg: 0.0014
INFO:__main__:Total loss 0.1031
INFO:__main__:Predicted mean: -0.3467
INFO:__main__:Predicted uncertainity -0.7444
INFO:__main__:Completed epoch 46 of 100

INFO:__main__:NLL: 0.0253, L2: 0.0083, Reg: 0.0014
INFO:__main__:Total loss 0.0349
INFO:__main__:Predicted mean: -0.4202
INFO:__main__:Predicted uncertainity -0.7636
INFO:__main__:Completed epoch 47 of 100

INFO:__main__:NLL: 0.4561, L2: 0.0089, Reg: 0.0014
INFO:__main__:Total loss 0.4663
INFO:__main__:Predicted mean: -0.4079
INFO:__main__:Predicted uncertainity -0.7145
INFO:__main__:Completed epoch 48 of 100

INFO:__main__:NLL: 0.0601, L2: 0.0087, Reg: 0.0014
INFO:__main__:Total loss 0.0702
INFO:__main__:Predicted mean: -0.3273
INFO:__main__:Predicted uncertainity -0.8263
INFO:__main__:Completed epoch 49 of 100

INFO:__main__:NLL: 0.0138, L2: 0.0086, Reg: 0.0013
INFO:__main__:Total loss 0.0238
INFO:__main__:Predicted mean: -0.3959
INFO:__main__:Predicted uncertainity -0.6678
INFO:__main__:Completed epoch 50 of 100

INFO:__main__:NLL: 0.2635, L2: 0.0087, Reg: 0.0014
INFO:__main__:Total loss 0.2735
INFO:__main__:Predicted mean: -0.4110
INFO:__main__:Predicted uncertainity -0.8703
INFO:__main__:Completed epoch 51 of 100

INFO:__main__:NLL: 0.1762, L2: 0.0081, Reg: 0.0014
INFO:__main__:Total loss 0.1857
INFO:__main__:Predicted mean: -0.3812
INFO:__main__:Predicted uncertainity -0.8419
INFO:__main__:Completed epoch 52 of 100

INFO:__main__:NLL: 0.2121, L2: 0.0084, Reg: 0.0013
INFO:__main__:Total loss 0.2218
INFO:__main__:Predicted mean: -0.4061
INFO:__main__:Predicted uncertainity -0.7101
INFO:__main__:Completed epoch 53 of 100

INFO:__main__:NLL: 0.0219, L2: 0.0085, Reg: 0.0013
INFO:__main__:Total loss 0.0318
INFO:__main__:Predicted mean: -0.3833
INFO:__main__:Predicted uncertainity -0.7411
INFO:__main__:Completed epoch 54 of 100

INFO:__main__:NLL: 0.1748, L2: 0.0085, Reg: 0.0014
INFO:__main__:Total loss 0.1846
INFO:__main__:Predicted mean: -0.4070
INFO:__main__:Predicted uncertainity -0.7717
INFO:__main__:Completed epoch 55 of 100

INFO:__main__:NLL: 0.0448, L2: 0.0089, Reg: 0.0013
INFO:__main__:Total loss 0.0550
INFO:__main__:Predicted mean: -0.4208
INFO:__main__:Predicted uncertainity -0.7939
INFO:__main__:Completed epoch 56 of 100

INFO:__main__:NLL: 0.0990, L2: 0.0084, Reg: 0.0013
INFO:__main__:Total loss 0.1087
INFO:__main__:Predicted mean: -0.3271
INFO:__main__:Predicted uncertainity -0.8475
INFO:__main__:Completed epoch 57 of 100

INFO:__main__:NLL: 0.1923, L2: 0.0084, Reg: 0.0014
INFO:__main__:Total loss 0.2020
INFO:__main__:Predicted mean: -0.4146
INFO:__main__:Predicted uncertainity -0.8428
INFO:__main__:Completed epoch 58 of 100

INFO:__main__:NLL: 0.1905, L2: 0.0084, Reg: 0.0014
INFO:__main__:Total loss 0.2002
INFO:__main__:Predicted mean: -0.3983
INFO:__main__:Predicted uncertainity -0.7990
INFO:__main__:Completed epoch 59 of 100

INFO:__main__:NLL: 0.0453, L2: 0.0088, Reg: 0.0013
INFO:__main__:Total loss 0.0554
INFO:__main__:Predicted mean: -0.3706
INFO:__main__:Predicted uncertainity -0.6134
INFO:__main__:Completed epoch 60 of 100

INFO:__main__:NLL: -0.0228, L2: 0.0091, Reg: 0.0013
INFO:__main__:Total loss -0.0124
INFO:__main__:Predicted mean: -0.3735
INFO:__main__:Predicted uncertainity -0.7127
INFO:__main__:Completed epoch 61 of 100

INFO:__main__:NLL: 0.1432, L2: 0.0085, Reg: 0.0013
INFO:__main__:Total loss 0.1531
INFO:__main__:Predicted mean: -0.3906
INFO:__main__:Predicted uncertainity -0.7904
INFO:__main__:Completed epoch 62 of 100

INFO:__main__:NLL: 0.0866, L2: 0.0085, Reg: 0.0014
INFO:__main__:Total loss 0.0965
INFO:__main__:Predicted mean: -0.3850
INFO:__main__:Predicted uncertainity -0.7509
INFO:__main__:Completed epoch 63 of 100

INFO:__main__:NLL: 0.2247, L2: 0.0097, Reg: 0.0014
INFO:__main__:Total loss 0.2358
INFO:__main__:Predicted mean: -0.4166
INFO:__main__:Predicted uncertainity -0.8485
INFO:__main__:Completed epoch 64 of 100

INFO:__main__:NLL: 0.0008, L2: 0.0092, Reg: 0.0013
INFO:__main__:Total loss 0.0113
INFO:__main__:Predicted mean: -0.4493
INFO:__main__:Predicted uncertainity -0.7733
INFO:__main__:Completed epoch 65 of 100

INFO:__main__:NLL: 0.0790, L2: 0.0092, Reg: 0.0014
INFO:__main__:Total loss 0.0896
INFO:__main__:Predicted mean: -0.3685
INFO:__main__:Predicted uncertainity -0.7704
INFO:__main__:Completed epoch 66 of 100

INFO:__main__:NLL: 0.0105, L2: 0.0087, Reg: 0.0014
INFO:__main__:Total loss 0.0206
INFO:__main__:Predicted mean: -0.4464
INFO:__main__:Predicted uncertainity -0.8482
INFO:__main__:Completed epoch 67 of 100

INFO:__main__:NLL: 0.0827, L2: 0.0092, Reg: 0.0014
INFO:__main__:Total loss 0.0932
INFO:__main__:Predicted mean: -0.3641
INFO:__main__:Predicted uncertainity -0.7766
INFO:__main__:Completed epoch 68 of 100

INFO:__main__:NLL: 0.0935, L2: 0.0088, Reg: 0.0013
INFO:__main__:Total loss 0.1036
INFO:__main__:Predicted mean: -0.3354
INFO:__main__:Predicted uncertainity -0.8209
INFO:__main__:Completed epoch 69 of 100

INFO:__main__:NLL: -0.0682, L2: 0.0091, Reg: 0.0014
INFO:__main__:Total loss -0.0577
INFO:__main__:Predicted mean: -0.3478
INFO:__main__:Predicted uncertainity -0.7727
INFO:__main__:Completed epoch 70 of 100

INFO:__main__:NLL: 0.0370, L2: 0.0089, Reg: 0.0013
INFO:__main__:Total loss 0.0472
INFO:__main__:Predicted mean: -0.3458
INFO:__main__:Predicted uncertainity -0.6984
INFO:__main__:Completed epoch 71 of 100

INFO:__main__:NLL: 0.0508, L2: 0.0085, Reg: 0.0013
INFO:__main__:Total loss 0.0607
INFO:__main__:Predicted mean: -0.3415
INFO:__main__:Predicted uncertainity -0.7054
INFO:__main__:Completed epoch 72 of 100

INFO:__main__:NLL: -0.0709, L2: 0.0087, Reg: 0.0013
INFO:__main__:Total loss -0.0608
INFO:__main__:Predicted mean: -0.3853
INFO:__main__:Predicted uncertainity -0.7180
INFO:__main__:Completed epoch 73 of 100

INFO:__main__:NLL: 0.0049, L2: 0.0088, Reg: 0.0014
INFO:__main__:Total loss 0.0150
INFO:__main__:Predicted mean: -0.3637
INFO:__main__:Predicted uncertainity -0.9191
INFO:__main__:Completed epoch 74 of 100

INFO:__main__:NLL: 0.1575, L2: 0.0085, Reg: 0.0013
INFO:__main__:Total loss 0.1673
INFO:__main__:Predicted mean: -0.3899
INFO:__main__:Predicted uncertainity -0.6825
INFO:__main__:Completed epoch 75 of 100

INFO:__main__:NLL: 0.0076, L2: 0.0088, Reg: 0.0013
INFO:__main__:Total loss 0.0177
INFO:__main__:Predicted mean: -0.3909
INFO:__main__:Predicted uncertainity -0.7471
INFO:__main__:Completed epoch 76 of 100

INFO:__main__:NLL: 0.2009, L2: 0.0083, Reg: 0.0014
INFO:__main__:Total loss 0.2105
INFO:__main__:Predicted mean: -0.3510
INFO:__main__:Predicted uncertainity -0.6957
INFO:__main__:Completed epoch 77 of 100

INFO:__main__:NLL: 0.0055, L2: 0.0083, Reg: 0.0014
INFO:__main__:Total loss 0.0152
INFO:__main__:Predicted mean: -0.4112
INFO:__main__:Predicted uncertainity -0.7513
INFO:__main__:Completed epoch 78 of 100

INFO:__main__:NLL: 0.1281, L2: 0.0084, Reg: 0.0013
INFO:__main__:Total loss 0.1378
INFO:__main__:Predicted mean: -0.3621
INFO:__main__:Predicted uncertainity -0.7016
INFO:__main__:Completed epoch 79 of 100

INFO:__main__:NLL: -0.0016, L2: 0.0092, Reg: 0.0014
INFO:__main__:Total loss 0.0090
INFO:__main__:Predicted mean: -0.4094
INFO:__main__:Predicted uncertainity -0.6987
INFO:__main__:Completed epoch 80 of 100

INFO:__main__:NLL: 0.0066, L2: 0.0089, Reg: 0.0013
INFO:__main__:Total loss 0.0168
INFO:__main__:Predicted mean: -0.3648
INFO:__main__:Predicted uncertainity -0.7808
INFO:__main__:Completed epoch 81 of 100

INFO:__main__:NLL: 0.1141, L2: 0.0088, Reg: 0.0013
INFO:__main__:Total loss 0.1243
INFO:__main__:Predicted mean: -0.3247
INFO:__main__:Predicted uncertainity -0.7026
INFO:__main__:Completed epoch 82 of 100

INFO:__main__:NLL: 0.3343, L2: 0.0083, Reg: 0.0013
INFO:__main__:Total loss 0.3439
INFO:__main__:Predicted mean: -0.4397
INFO:__main__:Predicted uncertainity -0.7453
INFO:__main__:Completed epoch 83 of 100

INFO:__main__:NLL: 0.0035, L2: 0.0091, Reg: 0.0013
INFO:__main__:Total loss 0.0139
INFO:__main__:Predicted mean: -0.4190
INFO:__main__:Predicted uncertainity -0.6435
INFO:__main__:Completed epoch 84 of 100

INFO:__main__:NLL: 0.0535, L2: 0.0086, Reg: 0.0013
INFO:__main__:Total loss 0.0635
INFO:__main__:Predicted mean: -0.3408
INFO:__main__:Predicted uncertainity -0.7247
INFO:__main__:Completed epoch 85 of 100

INFO:__main__:NLL: -0.0837, L2: 0.0084, Reg: 0.0014
INFO:__main__:Total loss -0.0739
INFO:__main__:Predicted mean: -0.3590
INFO:__main__:Predicted uncertainity -0.7949
INFO:__main__:Completed epoch 86 of 100

INFO:__main__:NLL: 0.0127, L2: 0.0081, Reg: 0.0014
INFO:__main__:Total loss 0.0222
INFO:__main__:Predicted mean: -0.4057
INFO:__main__:Predicted uncertainity -0.7813
INFO:__main__:Completed epoch 87 of 100

INFO:__main__:NLL: 0.1690, L2: 0.0084, Reg: 0.0013
INFO:__main__:Total loss 0.1788
INFO:__main__:Predicted mean: -0.3655
INFO:__main__:Predicted uncertainity -0.7629
INFO:__main__:Completed epoch 88 of 100

INFO:__main__:NLL: 0.2684, L2: 0.0086, Reg: 0.0013
INFO:__main__:Total loss 0.2783
INFO:__main__:Predicted mean: -0.3205
INFO:__main__:Predicted uncertainity -0.7476
INFO:__main__:Completed epoch 89 of 100

INFO:__main__:NLL: 0.1361, L2: 0.0084, Reg: 0.0013
INFO:__main__:Total loss 0.1459
INFO:__main__:Predicted mean: -0.3542
INFO:__main__:Predicted uncertainity -0.7413
INFO:__main__:Completed epoch 90 of 100

INFO:__main__:NLL: 0.0506, L2: 0.0084, Reg: 0.0014
INFO:__main__:Total loss 0.0604
INFO:__main__:Predicted mean: -0.3404
INFO:__main__:Predicted uncertainity -0.7306
INFO:__main__:Completed epoch 91 of 100

INFO:__main__:NLL: -0.0252, L2: 0.0081, Reg: 0.0014
INFO:__main__:Total loss -0.0157
INFO:__main__:Predicted mean: -0.3870
INFO:__main__:Predicted uncertainity -0.7254
INFO:__main__:Completed epoch 92 of 100

INFO:__main__:NLL: 0.1888, L2: 0.0086, Reg: 0.0013
INFO:__main__:Total loss 0.1987
INFO:__main__:Predicted mean: -0.3178
INFO:__main__:Predicted uncertainity -0.7916
INFO:__main__:Completed epoch 93 of 100

INFO:__main__:NLL: 0.2827, L2: 0.0087, Reg: 0.0014
INFO:__main__:Total loss 0.2928
INFO:__main__:Predicted mean: -0.3526
INFO:__main__:Predicted uncertainity -0.8061
INFO:__main__:Completed epoch 94 of 100

INFO:__main__:NLL: 0.1535, L2: 0.0087, Reg: 0.0013
INFO:__main__:Total loss 0.1636
INFO:__main__:Predicted mean: -0.3932
INFO:__main__:Predicted uncertainity -0.7649
INFO:__main__:Completed epoch 95 of 100

INFO:__main__:NLL: 0.1965, L2: 0.0086, Reg: 0.0013
INFO:__main__:Total loss 0.2065
INFO:__main__:Predicted mean: -0.3587
INFO:__main__:Predicted uncertainity -0.7302
INFO:__main__:Completed epoch 96 of 100

INFO:__main__:NLL: 0.1557, L2: 0.0086, Reg: 0.0014
INFO:__main__:Total loss 0.1657
INFO:__main__:Predicted mean: -0.3558
INFO:__main__:Predicted uncertainity -0.7030
INFO:__main__:Completed epoch 97 of 100

INFO:__main__:NLL: 0.0198, L2: 0.0084, Reg: 0.0013
INFO:__main__:Total loss 0.0295
INFO:__main__:Predicted mean: -0.3429
INFO:__main__:Predicted uncertainity -0.7916
INFO:__main__:Completed epoch 98 of 100

INFO:__main__:NLL: -0.0804, L2: 0.0089, Reg: 0.0014
INFO:__main__:Total loss -0.0701
INFO:__main__:Predicted mean: -0.3463
INFO:__main__:Predicted uncertainity -0.8184
INFO:__main__:Completed epoch 99 of 100

INFO:__main__:NLL: 0.0797, L2: 0.0088, Reg: 0.0013
INFO:__main__:Total loss 0.0898
INFO:__main__:Predicted mean: -0.3960
INFO:__main__:Predicted uncertainity -0.7648
INFO:__main__:Completed epoch 100 of 100

INFO:__main__:740.936853 s
