INFO:__main__:PROCESS RUNNING ON cpu
INFO:__main__:NLL: 0.4630, L2: 0.0047, Reg: -0.2300
INFO:__main__:Total loss 0.2377
INFO:__main__:Predicted mean: -0.3662
INFO:__main__:Predicted uncertainity 0.5797
INFO:__main__:Completed epoch 1 of 100

INFO:__main__:NLL: 0.4655, L2: 0.0048, Reg: -0.2373
INFO:__main__:Total loss 0.2331
INFO:__main__:Predicted mean: -0.3686
INFO:__main__:Predicted uncertainity 0.5867
INFO:__main__:Completed epoch 2 of 100

INFO:__main__:NLL: 0.4672, L2: 0.0049, Reg: -0.2376
INFO:__main__:Total loss 0.2345
INFO:__main__:Predicted mean: -0.3666
INFO:__main__:Predicted uncertainity 0.5923
INFO:__main__:Completed epoch 3 of 100

INFO:__main__:NLL: 0.4660, L2: 0.0048, Reg: -0.2387
INFO:__main__:Total loss 0.2321
INFO:__main__:Predicted mean: -0.3629
INFO:__main__:Predicted uncertainity 0.5899
INFO:__main__:Completed epoch 4 of 100

INFO:__main__:NLL: 0.4661, L2: 0.0048, Reg: -0.2310
INFO:__main__:Total loss 0.2399
INFO:__main__:Predicted mean: -0.3593
INFO:__main__:Predicted uncertainity 0.5913
INFO:__main__:Completed epoch 5 of 100

INFO:__main__:NLL: 0.4661, L2: 0.0048, Reg: -0.2365
INFO:__main__:Total loss 0.2344
INFO:__main__:Predicted mean: -0.3582
INFO:__main__:Predicted uncertainity 0.5915
INFO:__main__:Completed epoch 6 of 100

INFO:__main__:NLL: 0.4677, L2: 0.0048, Reg: -0.2313
INFO:__main__:Total loss 0.2412
INFO:__main__:Predicted mean: -0.3569
INFO:__main__:Predicted uncertainity 0.5967
INFO:__main__:Completed epoch 7 of 100

INFO:__main__:NLL: 0.4638, L2: 0.0047, Reg: -0.2347
INFO:__main__:Total loss 0.2338
INFO:__main__:Predicted mean: -0.3577
INFO:__main__:Predicted uncertainity 0.5846
INFO:__main__:Completed epoch 8 of 100

INFO:__main__:NLL: 0.4680, L2: 0.0048, Reg: -0.2335
INFO:__main__:Total loss 0.2393
INFO:__main__:Predicted mean: -0.3572
INFO:__main__:Predicted uncertainity 0.5976
INFO:__main__:Completed epoch 9 of 100

INFO:__main__:NLL: 0.4670, L2: 0.0050, Reg: -0.2341
INFO:__main__:Total loss 0.2379
INFO:__main__:Predicted mean: -0.3639
INFO:__main__:Predicted uncertainity 0.5923
INFO:__main__:Completed epoch 10 of 100

INFO:__main__:NLL: 0.4651, L2: 0.0048, Reg: -0.2377
INFO:__main__:Total loss 0.2322
INFO:__main__:Predicted mean: -0.3576
INFO:__main__:Predicted uncertainity 0.5886
INFO:__main__:Completed epoch 11 of 100

INFO:__main__:NLL: 0.4680, L2: 0.0051, Reg: -0.2367
INFO:__main__:Total loss 0.2363
INFO:__main__:Predicted mean: -0.3640
INFO:__main__:Predicted uncertainity 0.5965
INFO:__main__:Completed epoch 12 of 100

INFO:__main__:NLL: 0.4675, L2: 0.0050, Reg: -0.2360
INFO:__main__:Total loss 0.2366
INFO:__main__:Predicted mean: -0.3661
INFO:__main__:Predicted uncertainity 0.5936
INFO:__main__:Completed epoch 13 of 100

INFO:__main__:NLL: 0.4683, L2: 0.0050, Reg: -0.2378
INFO:__main__:Total loss 0.2355
INFO:__main__:Predicted mean: -0.3648
INFO:__main__:Predicted uncertainity 0.5963
INFO:__main__:Completed epoch 14 of 100

INFO:__main__:NLL: 0.4622, L2: 0.0047, Reg: -0.2312
INFO:__main__:Total loss 0.2357
INFO:__main__:Predicted mean: -0.3603
INFO:__main__:Predicted uncertainity 0.5792
INFO:__main__:Completed epoch 15 of 100

INFO:__main__:NLL: 0.4644, L2: 0.0049, Reg: -0.2289
INFO:__main__:Total loss 0.2404
INFO:__main__:Predicted mean: -0.3620
INFO:__main__:Predicted uncertainity 0.5847
INFO:__main__:Completed epoch 16 of 100

INFO:__main__:NLL: 0.4673, L2: 0.0050, Reg: -0.2413
INFO:__main__:Total loss 0.2310
INFO:__main__:Predicted mean: -0.3634
INFO:__main__:Predicted uncertainity 0.5941
INFO:__main__:Completed epoch 17 of 100

INFO:__main__:NLL: 0.4643, L2: 0.0049, Reg: -0.2379
INFO:__main__:Total loss 0.2313
INFO:__main__:Predicted mean: -0.3662
INFO:__main__:Predicted uncertainity 0.5846
INFO:__main__:Completed epoch 18 of 100

INFO:__main__:NLL: 0.4640, L2: 0.0048, Reg: -0.2322
INFO:__main__:Total loss 0.2366
INFO:__main__:Predicted mean: -0.3565
INFO:__main__:Predicted uncertainity 0.5856
INFO:__main__:Completed epoch 19 of 100

INFO:__main__:NLL: 0.4688, L2: 0.0050, Reg: -0.2392
INFO:__main__:Total loss 0.2345
INFO:__main__:Predicted mean: -0.3600
INFO:__main__:Predicted uncertainity 0.5989
INFO:__main__:Completed epoch 20 of 100

INFO:__main__:NLL: 0.4641, L2: 0.0049, Reg: -0.2318
INFO:__main__:Total loss 0.2372
INFO:__main__:Predicted mean: -0.3671
INFO:__main__:Predicted uncertainity 0.5815
INFO:__main__:Completed epoch 21 of 100

INFO:__main__:NLL: 0.4656, L2: 0.0051, Reg: -0.2354
INFO:__main__:Total loss 0.2353
INFO:__main__:Predicted mean: -0.3683
INFO:__main__:Predicted uncertainity 0.5876
INFO:__main__:Completed epoch 22 of 100

INFO:__main__:NLL: 0.4696, L2: 0.0052, Reg: -0.2357
INFO:__main__:Total loss 0.2391
INFO:__main__:Predicted mean: -0.3618
INFO:__main__:Predicted uncertainity 0.6014
INFO:__main__:Completed epoch 23 of 100

INFO:__main__:NLL: 0.4673, L2: 0.0050, Reg: -0.2376
INFO:__main__:Total loss 0.2347
INFO:__main__:Predicted mean: -0.3616
INFO:__main__:Predicted uncertainity 0.5942
INFO:__main__:Completed epoch 24 of 100

INFO:__main__:NLL: 0.4683, L2: 0.0051, Reg: -0.2384
INFO:__main__:Total loss 0.2350
INFO:__main__:Predicted mean: -0.3686
INFO:__main__:Predicted uncertainity 0.5943
INFO:__main__:Completed epoch 25 of 100

INFO:__main__:NLL: 0.4682, L2: 0.0050, Reg: -0.2360
INFO:__main__:Total loss 0.2372
INFO:__main__:Predicted mean: -0.3690
INFO:__main__:Predicted uncertainity 0.5950
INFO:__main__:Completed epoch 26 of 100

INFO:__main__:NLL: 0.4634, L2: 0.0049, Reg: -0.2342
INFO:__main__:Total loss 0.2341
INFO:__main__:Predicted mean: -0.3676
INFO:__main__:Predicted uncertainity 0.5811
INFO:__main__:Completed epoch 27 of 100

INFO:__main__:NLL: 0.4700, L2: 0.0051, Reg: -0.2390
INFO:__main__:Total loss 0.2361
INFO:__main__:Predicted mean: -0.3704
INFO:__main__:Predicted uncertainity 0.5990
INFO:__main__:Completed epoch 28 of 100

INFO:__main__:NLL: 0.4676, L2: 0.0051, Reg: -0.2366
INFO:__main__:Total loss 0.2361
INFO:__main__:Predicted mean: -0.3641
INFO:__main__:Predicted uncertainity 0.5953
INFO:__main__:Completed epoch 29 of 100

INFO:__main__:NLL: 0.4687, L2: 0.0050, Reg: -0.2383
INFO:__main__:Total loss 0.2354
INFO:__main__:Predicted mean: -0.3664
INFO:__main__:Predicted uncertainity 0.5969
INFO:__main__:Completed epoch 30 of 100

INFO:__main__:NLL: 0.4669, L2: 0.0050, Reg: -0.2355
INFO:__main__:Total loss 0.2363
INFO:__main__:Predicted mean: -0.3626
INFO:__main__:Predicted uncertainity 0.5922
INFO:__main__:Completed epoch 31 of 100

INFO:__main__:NLL: 0.4658, L2: 0.0050, Reg: -0.2359
INFO:__main__:Total loss 0.2348
INFO:__main__:Predicted mean: -0.3628
INFO:__main__:Predicted uncertainity 0.5899
INFO:__main__:Completed epoch 32 of 100

INFO:__main__:NLL: 0.4696, L2: 0.0051, Reg: -0.2376
INFO:__main__:Total loss 0.2371
INFO:__main__:Predicted mean: -0.3673
INFO:__main__:Predicted uncertainity 0.5990
INFO:__main__:Completed epoch 33 of 100

INFO:__main__:NLL: 0.4628, L2: 0.0048, Reg: -0.2295
INFO:__main__:Total loss 0.2381
INFO:__main__:Predicted mean: -0.3628
INFO:__main__:Predicted uncertainity 0.5798
INFO:__main__:Completed epoch 34 of 100

INFO:__main__:NLL: 0.4661, L2: 0.0049, Reg: -0.2361
INFO:__main__:Total loss 0.2349
INFO:__main__:Predicted mean: -0.3619
INFO:__main__:Predicted uncertainity 0.5907
INFO:__main__:Completed epoch 35 of 100

INFO:__main__:NLL: 0.4656, L2: 0.0049, Reg: -0.2335
INFO:__main__:Total loss 0.2370
INFO:__main__:Predicted mean: -0.3668
INFO:__main__:Predicted uncertainity 0.5879
INFO:__main__:Completed epoch 36 of 100

INFO:__main__:NLL: 0.4673, L2: 0.0050, Reg: -0.2385
INFO:__main__:Total loss 0.2338
INFO:__main__:Predicted mean: -0.3660
INFO:__main__:Predicted uncertainity 0.5937
INFO:__main__:Completed epoch 37 of 100

INFO:__main__:NLL: 0.4691, L2: 0.0051, Reg: -0.2404
INFO:__main__:Total loss 0.2337
INFO:__main__:Predicted mean: -0.3651
INFO:__main__:Predicted uncertainity 0.5983
INFO:__main__:Completed epoch 38 of 100

INFO:__main__:NLL: 0.4672, L2: 0.0051, Reg: -0.2382
INFO:__main__:Total loss 0.2341
INFO:__main__:Predicted mean: -0.3692
INFO:__main__:Predicted uncertainity 0.5911
INFO:__main__:Completed epoch 39 of 100

INFO:__main__:NLL: 0.4680, L2: 0.0050, Reg: -0.2374
INFO:__main__:Total loss 0.2356
INFO:__main__:Predicted mean: -0.3674
INFO:__main__:Predicted uncertainity 0.5946
INFO:__main__:Completed epoch 40 of 100

INFO:__main__:NLL: 0.4655, L2: 0.0049, Reg: -0.2348
INFO:__main__:Total loss 0.2355
INFO:__main__:Predicted mean: -0.3642
INFO:__main__:Predicted uncertainity 0.5879
INFO:__main__:Completed epoch 41 of 100

INFO:__main__:NLL: 0.4646, L2: 0.0049, Reg: -0.2324
INFO:__main__:Total loss 0.2371
INFO:__main__:Predicted mean: -0.3624
INFO:__main__:Predicted uncertainity 0.5857
INFO:__main__:Completed epoch 42 of 100

INFO:__main__:NLL: 0.4640, L2: 0.0049, Reg: -0.2356
INFO:__main__:Total loss 0.2332
INFO:__main__:Predicted mean: -0.3636
INFO:__main__:Predicted uncertainity 0.5838
INFO:__main__:Completed epoch 43 of 100

INFO:__main__:NLL: 0.4661, L2: 0.0050, Reg: -0.2339
INFO:__main__:Total loss 0.2371
INFO:__main__:Predicted mean: -0.3654
INFO:__main__:Predicted uncertainity 0.5892
INFO:__main__:Completed epoch 44 of 100

INFO:__main__:NLL: 0.4650, L2: 0.0049, Reg: -0.2318
INFO:__main__:Total loss 0.2381
INFO:__main__:Predicted mean: -0.3631
INFO:__main__:Predicted uncertainity 0.5868
INFO:__main__:Completed epoch 45 of 100

INFO:__main__:NLL: 0.4664, L2: 0.0049, Reg: -0.2382
INFO:__main__:Total loss 0.2331
INFO:__main__:Predicted mean: -0.3599
INFO:__main__:Predicted uncertainity 0.5918
INFO:__main__:Completed epoch 46 of 100

INFO:__main__:NLL: 0.4701, L2: 0.0051, Reg: -0.2390
INFO:__main__:Total loss 0.2362
INFO:__main__:Predicted mean: -0.3681
INFO:__main__:Predicted uncertainity 0.6004
INFO:__main__:Completed epoch 47 of 100

INFO:__main__:NLL: 0.4656, L2: 0.0051, Reg: -0.2362
INFO:__main__:Total loss 0.2345
INFO:__main__:Predicted mean: -0.3663
INFO:__main__:Predicted uncertainity 0.5883
INFO:__main__:Completed epoch 48 of 100

INFO:__main__:NLL: 0.4672, L2: 0.0050, Reg: -0.2361
INFO:__main__:Total loss 0.2362
INFO:__main__:Predicted mean: -0.3631
INFO:__main__:Predicted uncertainity 0.5933
INFO:__main__:Completed epoch 49 of 100

INFO:__main__:NLL: 0.4680, L2: 0.0050, Reg: -0.2372
INFO:__main__:Total loss 0.2359
INFO:__main__:Predicted mean: -0.3678
INFO:__main__:Predicted uncertainity 0.5947
INFO:__main__:Completed epoch 50 of 100

INFO:__main__:NLL: 0.4628, L2: 0.0048, Reg: -0.2282
INFO:__main__:Total loss 0.2393
INFO:__main__:Predicted mean: -0.3669
INFO:__main__:Predicted uncertainity 0.5789
INFO:__main__:Completed epoch 51 of 100

INFO:__main__:NLL: 0.4687, L2: 0.0051, Reg: -0.2395
INFO:__main__:Total loss 0.2343
INFO:__main__:Predicted mean: -0.3630
INFO:__main__:Predicted uncertainity 0.5980
INFO:__main__:Completed epoch 52 of 100

INFO:__main__:NLL: 0.4677, L2: 0.0050, Reg: -0.2391
INFO:__main__:Total loss 0.2336
INFO:__main__:Predicted mean: -0.3679
INFO:__main__:Predicted uncertainity 0.5927
INFO:__main__:Completed epoch 53 of 100

INFO:__main__:NLL: 0.4656, L2: 0.0049, Reg: -0.2352
INFO:__main__:Total loss 0.2353
INFO:__main__:Predicted mean: -0.3629
INFO:__main__:Predicted uncertainity 0.5882
INFO:__main__:Completed epoch 54 of 100

INFO:__main__:NLL: 0.4660, L2: 0.0049, Reg: -0.2368
INFO:__main__:Total loss 0.2341
INFO:__main__:Predicted mean: -0.3598
INFO:__main__:Predicted uncertainity 0.5911
INFO:__main__:Completed epoch 55 of 100

INFO:__main__:NLL: 0.4669, L2: 0.0050, Reg: -0.2346
INFO:__main__:Total loss 0.2373
INFO:__main__:Predicted mean: -0.3676
INFO:__main__:Predicted uncertainity 0.5904
INFO:__main__:Completed epoch 56 of 100

INFO:__main__:NLL: 0.4673, L2: 0.0050, Reg: -0.2360
INFO:__main__:Total loss 0.2363
INFO:__main__:Predicted mean: -0.3678
INFO:__main__:Predicted uncertainity 0.5914
INFO:__main__:Completed epoch 57 of 100

INFO:__main__:NLL: 0.4638, L2: 0.0048, Reg: -0.2326
INFO:__main__:Total loss 0.2361
INFO:__main__:Predicted mean: -0.3634
INFO:__main__:Predicted uncertainity 0.5833
INFO:__main__:Completed epoch 58 of 100

INFO:__main__:NLL: 0.4683, L2: 0.0050, Reg: -0.2340
INFO:__main__:Total loss 0.2393
INFO:__main__:Predicted mean: -0.3628
INFO:__main__:Predicted uncertainity 0.5963
INFO:__main__:Completed epoch 59 of 100

INFO:__main__:NLL: 0.4660, L2: 0.0050, Reg: -0.2367
INFO:__main__:Total loss 0.2344
INFO:__main__:Predicted mean: -0.3640
INFO:__main__:Predicted uncertainity 0.5902
INFO:__main__:Completed epoch 60 of 100

INFO:__main__:NLL: 0.4681, L2: 0.0051, Reg: -0.2356
INFO:__main__:Total loss 0.2375
INFO:__main__:Predicted mean: -0.3682
INFO:__main__:Predicted uncertainity 0.5943
INFO:__main__:Completed epoch 61 of 100

INFO:__main__:NLL: 0.4643, L2: 0.0049, Reg: -0.2320
INFO:__main__:Total loss 0.2371
INFO:__main__:Predicted mean: -0.3624
INFO:__main__:Predicted uncertainity 0.5846
INFO:__main__:Completed epoch 62 of 100

INFO:__main__:NLL: 0.4650, L2: 0.0049, Reg: -0.2370
INFO:__main__:Total loss 0.2329
INFO:__main__:Predicted mean: -0.3607
INFO:__main__:Predicted uncertainity 0.5873
INFO:__main__:Completed epoch 63 of 100

INFO:__main__:NLL: 0.4659, L2: 0.0050, Reg: -0.2349
INFO:__main__:Total loss 0.2359
INFO:__main__:Predicted mean: -0.3688
INFO:__main__:Predicted uncertainity 0.5874
INFO:__main__:Completed epoch 64 of 100

INFO:__main__:NLL: 0.4636, L2: 0.0049, Reg: -0.2343
INFO:__main__:Total loss 0.2342
INFO:__main__:Predicted mean: -0.3616
INFO:__main__:Predicted uncertainity 0.5828
INFO:__main__:Completed epoch 65 of 100

INFO:__main__:NLL: 0.4679, L2: 0.0051, Reg: -0.2353
INFO:__main__:Total loss 0.2377
INFO:__main__:Predicted mean: -0.3666
INFO:__main__:Predicted uncertainity 0.5942
INFO:__main__:Completed epoch 66 of 100

INFO:__main__:NLL: 0.4667, L2: 0.0049, Reg: -0.2375
INFO:__main__:Total loss 0.2341
INFO:__main__:Predicted mean: -0.3608
INFO:__main__:Predicted uncertainity 0.5925
INFO:__main__:Completed epoch 67 of 100

INFO:__main__:NLL: 0.4664, L2: 0.0050, Reg: -0.2370
INFO:__main__:Total loss 0.2344
INFO:__main__:Predicted mean: -0.3674
INFO:__main__:Predicted uncertainity 0.5897
INFO:__main__:Completed epoch 68 of 100

INFO:__main__:NLL: 0.4662, L2: 0.0050, Reg: -0.2331
INFO:__main__:Total loss 0.2381
INFO:__main__:Predicted mean: -0.3626
INFO:__main__:Predicted uncertainity 0.5923
INFO:__main__:Completed epoch 69 of 100

INFO:__main__:NLL: 0.4674, L2: 0.0051, Reg: -0.2351
INFO:__main__:Total loss 0.2374
INFO:__main__:Predicted mean: -0.3687
INFO:__main__:Predicted uncertainity 0.5923
INFO:__main__:Completed epoch 70 of 100

INFO:__main__:NLL: 0.4641, L2: 0.0049, Reg: -0.2350
INFO:__main__:Total loss 0.2341
INFO:__main__:Predicted mean: -0.3646
INFO:__main__:Predicted uncertainity 0.5838
INFO:__main__:Completed epoch 71 of 100

INFO:__main__:NLL: 0.4674, L2: 0.0050, Reg: -0.2334
INFO:__main__:Total loss 0.2390
INFO:__main__:Predicted mean: -0.3662
INFO:__main__:Predicted uncertainity 0.5933
INFO:__main__:Completed epoch 72 of 100

INFO:__main__:NLL: 0.4688, L2: 0.0051, Reg: -0.2376
INFO:__main__:Total loss 0.2363
INFO:__main__:Predicted mean: -0.3662
INFO:__main__:Predicted uncertainity 0.5973
INFO:__main__:Completed epoch 73 of 100

INFO:__main__:NLL: 0.4692, L2: 0.0051, Reg: -0.2377
INFO:__main__:Total loss 0.2366
INFO:__main__:Predicted mean: -0.3651
INFO:__main__:Predicted uncertainity 0.5989
INFO:__main__:Completed epoch 74 of 100

INFO:__main__:NLL: 0.4695, L2: 0.0052, Reg: -0.2360
INFO:__main__:Total loss 0.2386
INFO:__main__:Predicted mean: -0.3718
INFO:__main__:Predicted uncertainity 0.5970
INFO:__main__:Completed epoch 75 of 100

INFO:__main__:NLL: 0.4634, L2: 0.0048, Reg: -0.2313
INFO:__main__:Total loss 0.2369
INFO:__main__:Predicted mean: -0.3637
INFO:__main__:Predicted uncertainity 0.5814
INFO:__main__:Completed epoch 76 of 100

INFO:__main__:NLL: 0.4658, L2: 0.0049, Reg: -0.2317
INFO:__main__:Total loss 0.2390
INFO:__main__:Predicted mean: -0.3610
INFO:__main__:Predicted uncertainity 0.5902
INFO:__main__:Completed epoch 77 of 100

INFO:__main__:NLL: 0.4674, L2: 0.0052, Reg: -0.2363
INFO:__main__:Total loss 0.2363
INFO:__main__:Predicted mean: -0.3625
INFO:__main__:Predicted uncertainity 0.5942
INFO:__main__:Completed epoch 78 of 100

INFO:__main__:NLL: 0.4680, L2: 0.0050, Reg: -0.2407
INFO:__main__:Total loss 0.2324
INFO:__main__:Predicted mean: -0.3648
INFO:__main__:Predicted uncertainity 0.5949
INFO:__main__:Completed epoch 79 of 100

INFO:__main__:NLL: 0.4613, L2: 0.0048, Reg: -0.2266
INFO:__main__:Total loss 0.2394
INFO:__main__:Predicted mean: -0.3612
INFO:__main__:Predicted uncertainity 0.5762
INFO:__main__:Completed epoch 80 of 100

INFO:__main__:NLL: 0.4626, L2: 0.0048, Reg: -0.2317
INFO:__main__:Total loss 0.2357
INFO:__main__:Predicted mean: -0.3652
INFO:__main__:Predicted uncertainity 0.5782
INFO:__main__:Completed epoch 81 of 100

INFO:__main__:NLL: 0.4698, L2: 0.0051, Reg: -0.2397
INFO:__main__:Total loss 0.2353
INFO:__main__:Predicted mean: -0.3663
INFO:__main__:Predicted uncertainity 0.6005
INFO:__main__:Completed epoch 82 of 100

INFO:__main__:NLL: 0.4673, L2: 0.0050, Reg: -0.2352
INFO:__main__:Total loss 0.2371
INFO:__main__:Predicted mean: -0.3711
INFO:__main__:Predicted uncertainity 0.5896
INFO:__main__:Completed epoch 83 of 100

INFO:__main__:NLL: 0.4663, L2: 0.0050, Reg: -0.2318
INFO:__main__:Total loss 0.2394
INFO:__main__:Predicted mean: -0.3617
INFO:__main__:Predicted uncertainity 0.5910
INFO:__main__:Completed epoch 84 of 100

INFO:__main__:NLL: 0.4669, L2: 0.0050, Reg: -0.2335
INFO:__main__:Total loss 0.2384
INFO:__main__:Predicted mean: -0.3672
INFO:__main__:Predicted uncertainity 0.5913
INFO:__main__:Completed epoch 85 of 100

INFO:__main__:NLL: 0.4661, L2: 0.0049, Reg: -0.2337
INFO:__main__:Total loss 0.2373
INFO:__main__:Predicted mean: -0.3629
INFO:__main__:Predicted uncertainity 0.5896
INFO:__main__:Completed epoch 86 of 100

INFO:__main__:NLL: 0.4633, L2: 0.0049, Reg: -0.2349
INFO:__main__:Total loss 0.2333
INFO:__main__:Predicted mean: -0.3626
INFO:__main__:Predicted uncertainity 0.5820
INFO:__main__:Completed epoch 87 of 100

INFO:__main__:NLL: 0.4653, L2: 0.0049, Reg: -0.2366
INFO:__main__:Total loss 0.2336
INFO:__main__:Predicted mean: -0.3672
INFO:__main__:Predicted uncertainity 0.5870
INFO:__main__:Completed epoch 88 of 100

INFO:__main__:NLL: 0.4672, L2: 0.0051, Reg: -0.2339
INFO:__main__:Total loss 0.2384
INFO:__main__:Predicted mean: -0.3624
INFO:__main__:Predicted uncertainity 0.5932
INFO:__main__:Completed epoch 89 of 100

INFO:__main__:NLL: 0.4674, L2: 0.0051, Reg: -0.2374
INFO:__main__:Total loss 0.2351
INFO:__main__:Predicted mean: -0.3665
INFO:__main__:Predicted uncertainity 0.5934
INFO:__main__:Completed epoch 90 of 100

INFO:__main__:NLL: 0.4636, L2: 0.0048, Reg: -0.2305
INFO:__main__:Total loss 0.2378
INFO:__main__:Predicted mean: -0.3638
INFO:__main__:Predicted uncertainity 0.5819
INFO:__main__:Completed epoch 91 of 100

INFO:__main__:NLL: 0.4649, L2: 0.0048, Reg: -0.2342
INFO:__main__:Total loss 0.2355
INFO:__main__:Predicted mean: -0.3606
INFO:__main__:Predicted uncertainity 0.5876
INFO:__main__:Completed epoch 92 of 100

INFO:__main__:NLL: 0.4662, L2: 0.0050, Reg: -0.2357
INFO:__main__:Total loss 0.2355
INFO:__main__:Predicted mean: -0.3641
INFO:__main__:Predicted uncertainity 0.5907
INFO:__main__:Completed epoch 93 of 100

INFO:__main__:NLL: 0.4623, L2: 0.0049, Reg: -0.2331
INFO:__main__:Total loss 0.2342
INFO:__main__:Predicted mean: -0.3643
INFO:__main__:Predicted uncertainity 0.5782
INFO:__main__:Completed epoch 94 of 100

INFO:__main__:NLL: 0.4670, L2: 0.0049, Reg: -0.2379
INFO:__main__:Total loss 0.2340
INFO:__main__:Predicted mean: -0.3656
INFO:__main__:Predicted uncertainity 0.5925
INFO:__main__:Completed epoch 95 of 100

INFO:__main__:NLL: 0.4654, L2: 0.0049, Reg: -0.2343
INFO:__main__:Total loss 0.2359
INFO:__main__:Predicted mean: -0.3683
INFO:__main__:Predicted uncertainity 0.5862
INFO:__main__:Completed epoch 96 of 100

INFO:__main__:NLL: 0.4672, L2: 0.0050, Reg: -0.2372
INFO:__main__:Total loss 0.2350
INFO:__main__:Predicted mean: -0.3689
INFO:__main__:Predicted uncertainity 0.5927
INFO:__main__:Completed epoch 97 of 100

INFO:__main__:NLL: 0.4650, L2: 0.0049, Reg: -0.2375
INFO:__main__:Total loss 0.2324
INFO:__main__:Predicted mean: -0.3673
INFO:__main__:Predicted uncertainity 0.5857
INFO:__main__:Completed epoch 98 of 100

INFO:__main__:NLL: 0.4657, L2: 0.0050, Reg: -0.2328
INFO:__main__:Total loss 0.2379
INFO:__main__:Predicted mean: -0.3640
INFO:__main__:Predicted uncertainity 0.5882
INFO:__main__:Completed epoch 99 of 100

INFO:__main__:NLL: 0.4652, L2: 0.0049, Reg: -0.2336
INFO:__main__:Total loss 0.2365
INFO:__main__:Predicted mean: -0.3667
INFO:__main__:Predicted uncertainity 0.5857
INFO:__main__:Completed epoch 100 of 100

INFO:__main__:377.321477 s
