INFO:__main__:PROCESS RUNNING ON cpu
INFO:__main__:NLL: 0.1232, L2: 0.0480, Reg: 0.5684
INFO:__main__:Total loss 0.7396
INFO:__main__:Predicted mean: -0.4295
INFO:__main__:Predicted uncertainity -0.6913
INFO:__main__:Completed epoch 1 of 100

INFO:__main__:NLL: 0.1316, L2: 0.0556, Reg: 0.5683
INFO:__main__:Total loss 0.7555
INFO:__main__:Predicted mean: -0.4650
INFO:__main__:Predicted uncertainity -0.8190
INFO:__main__:Completed epoch 2 of 100

INFO:__main__:NLL: 0.2724, L2: 0.0501, Reg: 0.5683
INFO:__main__:Total loss 0.8908
INFO:__main__:Predicted mean: -0.5098
INFO:__main__:Predicted uncertainity -0.7145
INFO:__main__:Completed epoch 3 of 100

INFO:__main__:NLL: 0.1816, L2: 0.0486, Reg: 0.5683
INFO:__main__:Total loss 0.7985
INFO:__main__:Predicted mean: -0.4496
INFO:__main__:Predicted uncertainity -0.7304
INFO:__main__:Completed epoch 4 of 100

INFO:__main__:NLL: 0.1853, L2: 0.0458, Reg: 0.5683
INFO:__main__:Total loss 0.7995
INFO:__main__:Predicted mean: -0.4804
INFO:__main__:Predicted uncertainity -0.5948
INFO:__main__:Completed epoch 5 of 100

INFO:__main__:NLL: 0.2374, L2: 0.0544, Reg: 0.5683
INFO:__main__:Total loss 0.8601
INFO:__main__:Predicted mean: -0.5049
INFO:__main__:Predicted uncertainity -0.7167
INFO:__main__:Completed epoch 6 of 100

INFO:__main__:NLL: 0.1650, L2: 0.0515, Reg: 0.5683
INFO:__main__:Total loss 0.7849
INFO:__main__:Predicted mean: -0.4569
INFO:__main__:Predicted uncertainity -0.6598
INFO:__main__:Completed epoch 7 of 100

INFO:__main__:NLL: 0.2419, L2: 0.0538, Reg: 0.5683
INFO:__main__:Total loss 0.8640
INFO:__main__:Predicted mean: -0.4731
INFO:__main__:Predicted uncertainity -0.6189
INFO:__main__:Completed epoch 8 of 100

INFO:__main__:NLL: 0.0464, L2: 0.0569, Reg: 0.5684
INFO:__main__:Total loss 0.6716
INFO:__main__:Predicted mean: -0.4587
INFO:__main__:Predicted uncertainity -0.8104
INFO:__main__:Completed epoch 9 of 100

INFO:__main__:NLL: 0.3508, L2: 0.0527, Reg: 0.5683
INFO:__main__:Total loss 0.9718
INFO:__main__:Predicted mean: -0.4876
INFO:__main__:Predicted uncertainity -0.8160
INFO:__main__:Completed epoch 10 of 100

INFO:__main__:NLL: 0.1090, L2: 0.0495, Reg: 0.5683
INFO:__main__:Total loss 0.7268
INFO:__main__:Predicted mean: -0.4879
INFO:__main__:Predicted uncertainity -0.7798
INFO:__main__:Completed epoch 11 of 100

INFO:__main__:NLL: 0.2013, L2: 0.0452, Reg: 0.5683
INFO:__main__:Total loss 0.8149
INFO:__main__:Predicted mean: -0.4229
INFO:__main__:Predicted uncertainity -0.5405
INFO:__main__:Completed epoch 12 of 100

INFO:__main__:NLL: 0.1327, L2: 0.0472, Reg: 0.5683
INFO:__main__:Total loss 0.7483
INFO:__main__:Predicted mean: -0.4122
INFO:__main__:Predicted uncertainity -0.7070
INFO:__main__:Completed epoch 13 of 100

INFO:__main__:NLL: 0.2131, L2: 0.0559, Reg: 0.5684
INFO:__main__:Total loss 0.8374
INFO:__main__:Predicted mean: -0.4474
INFO:__main__:Predicted uncertainity -0.7790
INFO:__main__:Completed epoch 14 of 100

INFO:__main__:NLL: 0.2050, L2: 0.0498, Reg: 0.5683
INFO:__main__:Total loss 0.8231
INFO:__main__:Predicted mean: -0.3863
INFO:__main__:Predicted uncertainity -0.7489
INFO:__main__:Completed epoch 15 of 100

INFO:__main__:NLL: 0.1765, L2: 0.0564, Reg: 0.5683
INFO:__main__:Total loss 0.8012
INFO:__main__:Predicted mean: -0.4318
INFO:__main__:Predicted uncertainity -0.7448
INFO:__main__:Completed epoch 16 of 100

INFO:__main__:NLL: 0.1149, L2: 0.0539, Reg: 0.5683
INFO:__main__:Total loss 0.7371
INFO:__main__:Predicted mean: -0.4840
INFO:__main__:Predicted uncertainity -0.8119
INFO:__main__:Completed epoch 17 of 100

INFO:__main__:NLL: 0.1408, L2: 0.0451, Reg: 0.5683
INFO:__main__:Total loss 0.7542
INFO:__main__:Predicted mean: -0.4148
INFO:__main__:Predicted uncertainity -0.7176
INFO:__main__:Completed epoch 18 of 100

INFO:__main__:NLL: 0.1203, L2: 0.0453, Reg: 0.5683
INFO:__main__:Total loss 0.7339
INFO:__main__:Predicted mean: -0.4451
INFO:__main__:Predicted uncertainity -0.6442
INFO:__main__:Completed epoch 19 of 100

INFO:__main__:NLL: 0.1650, L2: 0.0510, Reg: 0.5683
INFO:__main__:Total loss 0.7843
INFO:__main__:Predicted mean: -0.4431
INFO:__main__:Predicted uncertainity -0.5864
INFO:__main__:Completed epoch 20 of 100

INFO:__main__:NLL: 0.1274, L2: 0.0509, Reg: 0.5683
INFO:__main__:Total loss 0.7467
INFO:__main__:Predicted mean: -0.4635
INFO:__main__:Predicted uncertainity -0.6443
INFO:__main__:Completed epoch 21 of 100

INFO:__main__:NLL: 0.2061, L2: 0.0460, Reg: 0.5683
INFO:__main__:Total loss 0.8205
INFO:__main__:Predicted mean: -0.3989
INFO:__main__:Predicted uncertainity -0.6157
INFO:__main__:Completed epoch 22 of 100

INFO:__main__:NLL: 0.1688, L2: 0.0511, Reg: 0.5684
INFO:__main__:Total loss 0.7882
INFO:__main__:Predicted mean: -0.4835
INFO:__main__:Predicted uncertainity -0.5837
INFO:__main__:Completed epoch 23 of 100

INFO:__main__:NLL: 0.2516, L2: 0.0485, Reg: 0.5684
INFO:__main__:Total loss 0.8684
INFO:__main__:Predicted mean: -0.4201
INFO:__main__:Predicted uncertainity -0.6487
INFO:__main__:Completed epoch 24 of 100

INFO:__main__:NLL: 0.1978, L2: 0.0618, Reg: 0.5684
INFO:__main__:Total loss 0.8279
INFO:__main__:Predicted mean: -0.4204
INFO:__main__:Predicted uncertainity -0.7514
INFO:__main__:Completed epoch 25 of 100

INFO:__main__:NLL: 0.0608, L2: 0.0519, Reg: 0.5683
INFO:__main__:Total loss 0.6810
INFO:__main__:Predicted mean: -0.4538
INFO:__main__:Predicted uncertainity -0.6400
INFO:__main__:Completed epoch 26 of 100

INFO:__main__:NLL: 0.2723, L2: 0.0550, Reg: 0.5683
INFO:__main__:Total loss 0.8957
INFO:__main__:Predicted mean: -0.4599
INFO:__main__:Predicted uncertainity -0.7442
INFO:__main__:Completed epoch 27 of 100

INFO:__main__:NLL: 0.2184, L2: 0.0475, Reg: 0.5683
INFO:__main__:Total loss 0.8342
INFO:__main__:Predicted mean: -0.4370
INFO:__main__:Predicted uncertainity -0.6775
INFO:__main__:Completed epoch 28 of 100

INFO:__main__:NLL: 0.2195, L2: 0.0505, Reg: 0.5683
INFO:__main__:Total loss 0.8383
INFO:__main__:Predicted mean: -0.4737
INFO:__main__:Predicted uncertainity -0.6682
INFO:__main__:Completed epoch 29 of 100

INFO:__main__:NLL: 0.1613, L2: 0.0504, Reg: 0.5683
INFO:__main__:Total loss 0.7800
INFO:__main__:Predicted mean: -0.4125
INFO:__main__:Predicted uncertainity -0.6257
INFO:__main__:Completed epoch 30 of 100

INFO:__main__:NLL: 0.1941, L2: 0.0478, Reg: 0.5683
INFO:__main__:Total loss 0.8102
INFO:__main__:Predicted mean: -0.4406
INFO:__main__:Predicted uncertainity -0.7705
INFO:__main__:Completed epoch 31 of 100

INFO:__main__:NLL: 0.1223, L2: 0.0549, Reg: 0.5683
INFO:__main__:Total loss 0.7455
INFO:__main__:Predicted mean: -0.4247
INFO:__main__:Predicted uncertainity -0.7803
INFO:__main__:Completed epoch 32 of 100

INFO:__main__:NLL: 0.1707, L2: 0.0628, Reg: 0.5683
INFO:__main__:Total loss 0.8019
INFO:__main__:Predicted mean: -0.4654
INFO:__main__:Predicted uncertainity -0.6054
INFO:__main__:Completed epoch 33 of 100

INFO:__main__:NLL: 0.1749, L2: 0.0451, Reg: 0.5683
INFO:__main__:Total loss 0.7883
INFO:__main__:Predicted mean: -0.4384
INFO:__main__:Predicted uncertainity -0.5955
INFO:__main__:Completed epoch 34 of 100

INFO:__main__:NLL: 0.0859, L2: 0.0502, Reg: 0.5683
INFO:__main__:Total loss 0.7043
INFO:__main__:Predicted mean: -0.4442
INFO:__main__:Predicted uncertainity -0.6909
INFO:__main__:Completed epoch 35 of 100

INFO:__main__:NLL: 0.1658, L2: 0.0561, Reg: 0.5683
INFO:__main__:Total loss 0.7902
INFO:__main__:Predicted mean: -0.4216
INFO:__main__:Predicted uncertainity -0.8178
INFO:__main__:Completed epoch 36 of 100

INFO:__main__:NLL: 0.1063, L2: 0.0492, Reg: 0.5683
INFO:__main__:Total loss 0.7239
INFO:__main__:Predicted mean: -0.4997
INFO:__main__:Predicted uncertainity -0.7379
INFO:__main__:Completed epoch 37 of 100

INFO:__main__:NLL: 0.3099, L2: 0.0496, Reg: 0.5683
INFO:__main__:Total loss 0.9278
INFO:__main__:Predicted mean: -0.4346
INFO:__main__:Predicted uncertainity -0.7063
INFO:__main__:Completed epoch 38 of 100

INFO:__main__:NLL: 0.1821, L2: 0.0493, Reg: 0.5683
INFO:__main__:Total loss 0.7997
INFO:__main__:Predicted mean: -0.4301
INFO:__main__:Predicted uncertainity -0.6165
INFO:__main__:Completed epoch 39 of 100

INFO:__main__:NLL: 0.1435, L2: 0.0575, Reg: 0.5683
INFO:__main__:Total loss 0.7693
INFO:__main__:Predicted mean: -0.4825
INFO:__main__:Predicted uncertainity -0.5899
INFO:__main__:Completed epoch 40 of 100

INFO:__main__:NLL: 0.1102, L2: 0.0483, Reg: 0.5683
INFO:__main__:Total loss 0.7268
INFO:__main__:Predicted mean: -0.4486
INFO:__main__:Predicted uncertainity -0.6914
INFO:__main__:Completed epoch 41 of 100

INFO:__main__:NLL: 0.1082, L2: 0.0593, Reg: 0.5683
INFO:__main__:Total loss 0.7359
INFO:__main__:Predicted mean: -0.4489
INFO:__main__:Predicted uncertainity -0.6897
INFO:__main__:Completed epoch 42 of 100

INFO:__main__:NLL: 0.1640, L2: 0.0518, Reg: 0.5683
INFO:__main__:Total loss 0.7842
INFO:__main__:Predicted mean: -0.4634
INFO:__main__:Predicted uncertainity -0.6823
INFO:__main__:Completed epoch 43 of 100

INFO:__main__:NLL: 0.1691, L2: 0.0555, Reg: 0.5683
INFO:__main__:Total loss 0.7929
INFO:__main__:Predicted mean: -0.4923
INFO:__main__:Predicted uncertainity -0.7017
INFO:__main__:Completed epoch 44 of 100

INFO:__main__:NLL: 0.2284, L2: 0.0441, Reg: 0.5683
INFO:__main__:Total loss 0.8408
INFO:__main__:Predicted mean: -0.4720
INFO:__main__:Predicted uncertainity -0.6824
INFO:__main__:Completed epoch 45 of 100

INFO:__main__:NLL: 0.1449, L2: 0.0492, Reg: 0.5683
INFO:__main__:Total loss 0.7624
INFO:__main__:Predicted mean: -0.4005
INFO:__main__:Predicted uncertainity -0.6764
INFO:__main__:Completed epoch 46 of 100

INFO:__main__:NLL: 0.1535, L2: 0.0618, Reg: 0.5683
INFO:__main__:Total loss 0.7836
INFO:__main__:Predicted mean: -0.4994
INFO:__main__:Predicted uncertainity -0.9263
INFO:__main__:Completed epoch 47 of 100

INFO:__main__:NLL: 0.1308, L2: 0.0565, Reg: 0.5683
INFO:__main__:Total loss 0.7556
INFO:__main__:Predicted mean: -0.4465
INFO:__main__:Predicted uncertainity -0.7323
INFO:__main__:Completed epoch 48 of 100

INFO:__main__:NLL: 0.0552, L2: 0.0520, Reg: 0.5683
INFO:__main__:Total loss 0.6755
INFO:__main__:Predicted mean: -0.4849
INFO:__main__:Predicted uncertainity -0.7701
INFO:__main__:Completed epoch 49 of 100

INFO:__main__:NLL: 0.1546, L2: 0.0483, Reg: 0.5684
INFO:__main__:Total loss 0.7713
INFO:__main__:Predicted mean: -0.3980
INFO:__main__:Predicted uncertainity -0.6944
INFO:__main__:Completed epoch 50 of 100

INFO:__main__:NLL: 0.4524, L2: 0.0537, Reg: 0.5683
INFO:__main__:Total loss 1.0744
INFO:__main__:Predicted mean: -0.4394
INFO:__main__:Predicted uncertainity -0.6992
INFO:__main__:Completed epoch 51 of 100

INFO:__main__:NLL: 0.0553, L2: 0.0530, Reg: 0.5683
INFO:__main__:Total loss 0.6766
INFO:__main__:Predicted mean: -0.4755
INFO:__main__:Predicted uncertainity -0.6956
INFO:__main__:Completed epoch 52 of 100

INFO:__main__:NLL: 0.1383, L2: 0.0487, Reg: 0.5683
INFO:__main__:Total loss 0.7553
INFO:__main__:Predicted mean: -0.3954
INFO:__main__:Predicted uncertainity -0.6298
INFO:__main__:Completed epoch 53 of 100

INFO:__main__:NLL: 0.3094, L2: 0.0441, Reg: 0.5683
INFO:__main__:Total loss 0.9218
INFO:__main__:Predicted mean: -0.3975
INFO:__main__:Predicted uncertainity -0.5400
INFO:__main__:Completed epoch 54 of 100

INFO:__main__:NLL: 0.1829, L2: 0.0430, Reg: 0.5683
INFO:__main__:Total loss 0.7942
INFO:__main__:Predicted mean: -0.4086
INFO:__main__:Predicted uncertainity -0.6195
INFO:__main__:Completed epoch 55 of 100

INFO:__main__:NLL: 0.2421, L2: 0.0455, Reg: 0.5683
INFO:__main__:Total loss 0.8560
INFO:__main__:Predicted mean: -0.4327
INFO:__main__:Predicted uncertainity -0.6637
INFO:__main__:Completed epoch 56 of 100

INFO:__main__:NLL: 0.1459, L2: 0.0459, Reg: 0.5683
INFO:__main__:Total loss 0.7600
INFO:__main__:Predicted mean: -0.3756
INFO:__main__:Predicted uncertainity -0.6303
INFO:__main__:Completed epoch 57 of 100

INFO:__main__:NLL: 0.1163, L2: 0.0498, Reg: 0.5684
INFO:__main__:Total loss 0.7345
INFO:__main__:Predicted mean: -0.4520
INFO:__main__:Predicted uncertainity -0.6879
INFO:__main__:Completed epoch 58 of 100

INFO:__main__:NLL: 0.1185, L2: 0.0520, Reg: 0.5683
INFO:__main__:Total loss 0.7388
INFO:__main__:Predicted mean: -0.4051
INFO:__main__:Predicted uncertainity -0.7087
INFO:__main__:Completed epoch 59 of 100

INFO:__main__:NLL: 0.1915, L2: 0.0506, Reg: 0.5683
INFO:__main__:Total loss 0.8104
INFO:__main__:Predicted mean: -0.4643
INFO:__main__:Predicted uncertainity -0.6882
INFO:__main__:Completed epoch 60 of 100

INFO:__main__:NLL: 0.2398, L2: 0.0483, Reg: 0.5683
INFO:__main__:Total loss 0.8564
INFO:__main__:Predicted mean: -0.3758
INFO:__main__:Predicted uncertainity -0.6444
INFO:__main__:Completed epoch 61 of 100

INFO:__main__:NLL: 0.1913, L2: 0.0467, Reg: 0.5683
INFO:__main__:Total loss 0.8064
INFO:__main__:Predicted mean: -0.4402
INFO:__main__:Predicted uncertainity -0.7084
INFO:__main__:Completed epoch 62 of 100

INFO:__main__:NLL: 0.1100, L2: 0.0594, Reg: 0.5683
INFO:__main__:Total loss 0.7377
INFO:__main__:Predicted mean: -0.4978
INFO:__main__:Predicted uncertainity -0.6966
INFO:__main__:Completed epoch 63 of 100

INFO:__main__:NLL: 0.0524, L2: 0.0534, Reg: 0.5683
INFO:__main__:Total loss 0.6741
INFO:__main__:Predicted mean: -0.4660
INFO:__main__:Predicted uncertainity -0.7559
INFO:__main__:Completed epoch 64 of 100

INFO:__main__:NLL: 0.1387, L2: 0.0496, Reg: 0.5683
INFO:__main__:Total loss 0.7566
INFO:__main__:Predicted mean: -0.4226
INFO:__main__:Predicted uncertainity -0.6300
INFO:__main__:Completed epoch 65 of 100

INFO:__main__:NLL: 0.1830, L2: 0.0476, Reg: 0.5683
INFO:__main__:Total loss 0.7988
INFO:__main__:Predicted mean: -0.4453
INFO:__main__:Predicted uncertainity -0.6419
INFO:__main__:Completed epoch 66 of 100

INFO:__main__:NLL: 0.1187, L2: 0.0499, Reg: 0.5683
INFO:__main__:Total loss 0.7370
INFO:__main__:Predicted mean: -0.4368
INFO:__main__:Predicted uncertainity -0.6612
INFO:__main__:Completed epoch 67 of 100

INFO:__main__:NLL: 0.0761, L2: 0.0595, Reg: 0.5683
INFO:__main__:Total loss 0.7039
INFO:__main__:Predicted mean: -0.4415
INFO:__main__:Predicted uncertainity -0.7751
INFO:__main__:Completed epoch 68 of 100

INFO:__main__:NLL: 0.1039, L2: 0.0552, Reg: 0.5683
INFO:__main__:Total loss 0.7275
INFO:__main__:Predicted mean: -0.4846
INFO:__main__:Predicted uncertainity -0.7511
INFO:__main__:Completed epoch 69 of 100

INFO:__main__:NLL: 0.3776, L2: 0.0559, Reg: 0.5683
INFO:__main__:Total loss 1.0017
INFO:__main__:Predicted mean: -0.4755
INFO:__main__:Predicted uncertainity -0.6770
INFO:__main__:Completed epoch 70 of 100

INFO:__main__:NLL: 0.0759, L2: 0.0545, Reg: 0.5683
INFO:__main__:Total loss 0.6988
INFO:__main__:Predicted mean: -0.5074
INFO:__main__:Predicted uncertainity -0.6846
INFO:__main__:Completed epoch 71 of 100

INFO:__main__:NLL: 0.2872, L2: 0.0545, Reg: 0.5683
INFO:__main__:Total loss 0.9101
INFO:__main__:Predicted mean: -0.4641
INFO:__main__:Predicted uncertainity -0.7800
INFO:__main__:Completed epoch 72 of 100

INFO:__main__:NLL: 0.2335, L2: 0.0506, Reg: 0.5683
INFO:__main__:Total loss 0.8524
INFO:__main__:Predicted mean: -0.5202
INFO:__main__:Predicted uncertainity -0.7717
INFO:__main__:Completed epoch 73 of 100

INFO:__main__:NLL: 0.1614, L2: 0.0575, Reg: 0.5683
INFO:__main__:Total loss 0.7873
INFO:__main__:Predicted mean: -0.4686
INFO:__main__:Predicted uncertainity -0.6899
INFO:__main__:Completed epoch 74 of 100

INFO:__main__:NLL: 0.1179, L2: 0.0545, Reg: 0.5684
INFO:__main__:Total loss 0.7408
INFO:__main__:Predicted mean: -0.5026
INFO:__main__:Predicted uncertainity -0.6958
INFO:__main__:Completed epoch 75 of 100

INFO:__main__:NLL: 0.1630, L2: 0.0548, Reg: 0.5683
INFO:__main__:Total loss 0.7861
INFO:__main__:Predicted mean: -0.4591
INFO:__main__:Predicted uncertainity -0.7316
INFO:__main__:Completed epoch 76 of 100

INFO:__main__:NLL: 0.1975, L2: 0.0433, Reg: 0.5683
INFO:__main__:Total loss 0.8091
INFO:__main__:Predicted mean: -0.4731
INFO:__main__:Predicted uncertainity -0.6733
INFO:__main__:Completed epoch 77 of 100

INFO:__main__:NLL: 0.1788, L2: 0.0472, Reg: 0.5683
INFO:__main__:Total loss 0.7943
INFO:__main__:Predicted mean: -0.4162
INFO:__main__:Predicted uncertainity -0.5968
INFO:__main__:Completed epoch 78 of 100

INFO:__main__:NLL: 0.1197, L2: 0.0492, Reg: 0.5683
INFO:__main__:Total loss 0.7371
INFO:__main__:Predicted mean: -0.3643
INFO:__main__:Predicted uncertainity -0.6763
INFO:__main__:Completed epoch 79 of 100

INFO:__main__:NLL: 0.1372, L2: 0.0528, Reg: 0.5684
INFO:__main__:Total loss 0.7583
INFO:__main__:Predicted mean: -0.4558
INFO:__main__:Predicted uncertainity -0.6403
INFO:__main__:Completed epoch 80 of 100

INFO:__main__:NLL: 0.2381, L2: 0.0512, Reg: 0.5683
INFO:__main__:Total loss 0.8576
INFO:__main__:Predicted mean: -0.4324
INFO:__main__:Predicted uncertainity -0.5533
INFO:__main__:Completed epoch 81 of 100

INFO:__main__:NLL: 0.1584, L2: 0.0439, Reg: 0.5683
INFO:__main__:Total loss 0.7707
INFO:__main__:Predicted mean: -0.4344
INFO:__main__:Predicted uncertainity -0.6540
INFO:__main__:Completed epoch 82 of 100

INFO:__main__:NLL: 0.0373, L2: 0.0518, Reg: 0.5683
INFO:__main__:Total loss 0.6574
INFO:__main__:Predicted mean: -0.4826
INFO:__main__:Predicted uncertainity -0.7272
INFO:__main__:Completed epoch 83 of 100

INFO:__main__:NLL: 0.2953, L2: 0.0437, Reg: 0.5683
INFO:__main__:Total loss 0.9073
INFO:__main__:Predicted mean: -0.4368
INFO:__main__:Predicted uncertainity -0.6565
INFO:__main__:Completed epoch 84 of 100

INFO:__main__:NLL: 0.1435, L2: 0.0540, Reg: 0.5684
INFO:__main__:Total loss 0.7658
INFO:__main__:Predicted mean: -0.4813
INFO:__main__:Predicted uncertainity -0.7443
INFO:__main__:Completed epoch 85 of 100

INFO:__main__:NLL: 0.0281, L2: 0.0575, Reg: 0.5683
INFO:__main__:Total loss 0.6539
INFO:__main__:Predicted mean: -0.4674
INFO:__main__:Predicted uncertainity -0.7045
INFO:__main__:Completed epoch 86 of 100

INFO:__main__:NLL: 0.1874, L2: 0.0485, Reg: 0.5683
INFO:__main__:Total loss 0.8041
INFO:__main__:Predicted mean: -0.4785
INFO:__main__:Predicted uncertainity -0.6342
INFO:__main__:Completed epoch 87 of 100

INFO:__main__:NLL: 0.1836, L2: 0.0405, Reg: 0.5683
INFO:__main__:Total loss 0.7924
INFO:__main__:Predicted mean: -0.4387
INFO:__main__:Predicted uncertainity -0.5633
INFO:__main__:Completed epoch 88 of 100

INFO:__main__:NLL: 0.1758, L2: 0.0496, Reg: 0.5683
INFO:__main__:Total loss 0.7937
INFO:__main__:Predicted mean: -0.4118
INFO:__main__:Predicted uncertainity -0.6807
INFO:__main__:Completed epoch 89 of 100

INFO:__main__:NLL: 0.6521, L2: 0.0613, Reg: 0.5683
INFO:__main__:Total loss 1.2817
INFO:__main__:Predicted mean: -0.4960
INFO:__main__:Predicted uncertainity -0.6753
INFO:__main__:Completed epoch 90 of 100

INFO:__main__:NLL: 0.0489, L2: 0.0560, Reg: 0.5683
INFO:__main__:Total loss 0.6733
INFO:__main__:Predicted mean: -0.4996
INFO:__main__:Predicted uncertainity -0.7811
INFO:__main__:Completed epoch 91 of 100

INFO:__main__:NLL: 0.3162, L2: 0.0555, Reg: 0.5683
INFO:__main__:Total loss 0.9400
INFO:__main__:Predicted mean: -0.4823
INFO:__main__:Predicted uncertainity -0.8135
INFO:__main__:Completed epoch 92 of 100

INFO:__main__:NLL: 0.1362, L2: 0.0478, Reg: 0.5684
INFO:__main__:Total loss 0.7524
INFO:__main__:Predicted mean: -0.4134
INFO:__main__:Predicted uncertainity -0.7198
INFO:__main__:Completed epoch 93 of 100

INFO:__main__:NLL: 0.1488, L2: 0.0464, Reg: 0.5683
INFO:__main__:Total loss 0.7634
INFO:__main__:Predicted mean: -0.3922
INFO:__main__:Predicted uncertainity -0.6979
INFO:__main__:Completed epoch 94 of 100

INFO:__main__:NLL: 0.1605, L2: 0.0469, Reg: 0.5683
INFO:__main__:Total loss 0.7757
INFO:__main__:Predicted mean: -0.4373
INFO:__main__:Predicted uncertainity -0.6189
INFO:__main__:Completed epoch 95 of 100

INFO:__main__:NLL: 0.1543, L2: 0.0560, Reg: 0.5683
INFO:__main__:Total loss 0.7786
INFO:__main__:Predicted mean: -0.5152
INFO:__main__:Predicted uncertainity -0.7267
INFO:__main__:Completed epoch 96 of 100

INFO:__main__:NLL: 0.2010, L2: 0.0414, Reg: 0.5683
INFO:__main__:Total loss 0.8107
INFO:__main__:Predicted mean: -0.4336
INFO:__main__:Predicted uncertainity -0.6426
INFO:__main__:Completed epoch 97 of 100

INFO:__main__:NLL: 0.1893, L2: 0.0550, Reg: 0.5683
INFO:__main__:Total loss 0.8126
INFO:__main__:Predicted mean: -0.4243
INFO:__main__:Predicted uncertainity -0.6832
INFO:__main__:Completed epoch 98 of 100

INFO:__main__:NLL: 0.2846, L2: 0.0511, Reg: 0.5683
INFO:__main__:Total loss 0.9040
INFO:__main__:Predicted mean: -0.4510
INFO:__main__:Predicted uncertainity -0.7670
INFO:__main__:Completed epoch 99 of 100

INFO:__main__:NLL: 0.3836, L2: 0.0523, Reg: 0.5683
INFO:__main__:Total loss 1.0042
INFO:__main__:Predicted mean: -0.4850
INFO:__main__:Predicted uncertainity -0.7404
INFO:__main__:Completed epoch 100 of 100

INFO:__main__:646.339150 s
