INFO:__main__:PROCESS RUNNING ON cpu
INFO:__main__:NLL: 0.0160, L2: 0.0246, Reg: 0.0010
INFO:__main__:Total loss 0.0416
INFO:__main__:Predicted mean: -0.4262
INFO:__main__:Predicted uncertainity -0.7964
INFO:__main__:Completed epoch 1 of 100

INFO:__main__:NLL: 0.1342, L2: 0.0238, Reg: 0.0009
INFO:__main__:Total loss 0.1589
INFO:__main__:Predicted mean: -0.3898
INFO:__main__:Predicted uncertainity -0.7426
INFO:__main__:Completed epoch 2 of 100

INFO:__main__:NLL: 0.1600, L2: 0.0269, Reg: 0.0010
INFO:__main__:Total loss 0.1878
INFO:__main__:Predicted mean: -0.3377
INFO:__main__:Predicted uncertainity -0.7091
INFO:__main__:Completed epoch 3 of 100

INFO:__main__:NLL: -0.0854, L2: 0.0253, Reg: 0.0011
INFO:__main__:Total loss -0.0591
INFO:__main__:Predicted mean: -0.4339
INFO:__main__:Predicted uncertainity -0.8374
INFO:__main__:Completed epoch 4 of 100

INFO:__main__:NLL: 0.0877, L2: 0.0267, Reg: 0.0009
INFO:__main__:Total loss 0.1153
INFO:__main__:Predicted mean: -0.3416
INFO:__main__:Predicted uncertainity -0.8218
INFO:__main__:Completed epoch 5 of 100

INFO:__main__:NLL: -0.0431, L2: 0.0250, Reg: 0.0009
INFO:__main__:Total loss -0.0171
INFO:__main__:Predicted mean: -0.3825
INFO:__main__:Predicted uncertainity -0.6693
INFO:__main__:Completed epoch 6 of 100

INFO:__main__:NLL: -0.0801, L2: 0.0267, Reg: 0.0009
INFO:__main__:Total loss -0.0526
INFO:__main__:Predicted mean: -0.3554
INFO:__main__:Predicted uncertainity -0.7294
INFO:__main__:Completed epoch 7 of 100

INFO:__main__:NLL: 0.2662, L2: 0.0283, Reg: 0.0012
INFO:__main__:Total loss 0.2957
INFO:__main__:Predicted mean: -0.4429
INFO:__main__:Predicted uncertainity -0.8748
INFO:__main__:Completed epoch 8 of 100

INFO:__main__:NLL: 0.1189, L2: 0.0265, Reg: 0.0010
INFO:__main__:Total loss 0.1464
INFO:__main__:Predicted mean: -0.4633
INFO:__main__:Predicted uncertainity -0.7919
INFO:__main__:Completed epoch 9 of 100

INFO:__main__:NLL: 0.2361, L2: 0.0266, Reg: 0.0009
INFO:__main__:Total loss 0.2636
INFO:__main__:Predicted mean: -0.3761
INFO:__main__:Predicted uncertainity -0.6725
INFO:__main__:Completed epoch 10 of 100

INFO:__main__:NLL: 0.0932, L2: 0.0264, Reg: 0.0009
INFO:__main__:Total loss 0.1205
INFO:__main__:Predicted mean: -0.3965
INFO:__main__:Predicted uncertainity -0.7743
INFO:__main__:Completed epoch 11 of 100

INFO:__main__:NLL: 0.1658, L2: 0.0255, Reg: 0.0008
INFO:__main__:Total loss 0.1921
INFO:__main__:Predicted mean: -0.4520
INFO:__main__:Predicted uncertainity -0.7111
INFO:__main__:Completed epoch 12 of 100

INFO:__main__:NLL: 0.0347, L2: 0.0246, Reg: 0.0009
INFO:__main__:Total loss 0.0602
INFO:__main__:Predicted mean: -0.3877
INFO:__main__:Predicted uncertainity -0.6978
INFO:__main__:Completed epoch 13 of 100

INFO:__main__:NLL: 0.1025, L2: 0.0259, Reg: 0.0008
INFO:__main__:Total loss 0.1292
INFO:__main__:Predicted mean: -0.3601
INFO:__main__:Predicted uncertainity -0.7087
INFO:__main__:Completed epoch 14 of 100

INFO:__main__:NLL: 0.1035, L2: 0.0260, Reg: 0.0009
INFO:__main__:Total loss 0.1304
INFO:__main__:Predicted mean: -0.3502
INFO:__main__:Predicted uncertainity -0.8203
INFO:__main__:Completed epoch 15 of 100

INFO:__main__:NLL: 0.0922, L2: 0.0256, Reg: 0.0010
INFO:__main__:Total loss 0.1187
INFO:__main__:Predicted mean: -0.3688
INFO:__main__:Predicted uncertainity -0.7848
INFO:__main__:Completed epoch 16 of 100

INFO:__main__:NLL: 0.0612, L2: 0.0272, Reg: 0.0009
INFO:__main__:Total loss 0.0892
INFO:__main__:Predicted mean: -0.3933
INFO:__main__:Predicted uncertainity -0.7804
INFO:__main__:Completed epoch 17 of 100

INFO:__main__:NLL: 0.1429, L2: 0.0290, Reg: 0.0011
INFO:__main__:Total loss 0.1731
INFO:__main__:Predicted mean: -0.3602
INFO:__main__:Predicted uncertainity -0.7969
INFO:__main__:Completed epoch 18 of 100

INFO:__main__:NLL: 0.1059, L2: 0.0264, Reg: 0.0009
INFO:__main__:Total loss 0.1332
INFO:__main__:Predicted mean: -0.4378
INFO:__main__:Predicted uncertainity -0.7018
INFO:__main__:Completed epoch 19 of 100

INFO:__main__:NLL: 0.0500, L2: 0.0283, Reg: 0.0010
INFO:__main__:Total loss 0.0793
INFO:__main__:Predicted mean: -0.4065
INFO:__main__:Predicted uncertainity -0.6950
INFO:__main__:Completed epoch 20 of 100

INFO:__main__:NLL: 0.0926, L2: 0.0273, Reg: 0.0008
INFO:__main__:Total loss 0.1206
INFO:__main__:Predicted mean: -0.4003
INFO:__main__:Predicted uncertainity -0.6483
INFO:__main__:Completed epoch 21 of 100

INFO:__main__:NLL: 0.0066, L2: 0.0273, Reg: 0.0009
INFO:__main__:Total loss 0.0349
INFO:__main__:Predicted mean: -0.3982
INFO:__main__:Predicted uncertainity -0.7078
INFO:__main__:Completed epoch 22 of 100

INFO:__main__:NLL: 0.3882, L2: 0.0272, Reg: 0.0011
INFO:__main__:Total loss 0.4165
INFO:__main__:Predicted mean: -0.3732
INFO:__main__:Predicted uncertainity -0.8029
INFO:__main__:Completed epoch 23 of 100

INFO:__main__:NLL: 0.0898, L2: 0.0270, Reg: 0.0011
INFO:__main__:Total loss 0.1179
INFO:__main__:Predicted mean: -0.3478
INFO:__main__:Predicted uncertainity -0.7237
INFO:__main__:Completed epoch 24 of 100

INFO:__main__:NLL: 0.1434, L2: 0.0270, Reg: 0.0009
INFO:__main__:Total loss 0.1713
INFO:__main__:Predicted mean: -0.3122
INFO:__main__:Predicted uncertainity -0.6675
INFO:__main__:Completed epoch 25 of 100

INFO:__main__:NLL: 0.2278, L2: 0.0276, Reg: 0.0010
INFO:__main__:Total loss 0.2565
INFO:__main__:Predicted mean: -0.3480
INFO:__main__:Predicted uncertainity -0.6585
INFO:__main__:Completed epoch 26 of 100

INFO:__main__:NLL: 0.0491, L2: 0.0257, Reg: 0.0009
INFO:__main__:Total loss 0.0758
INFO:__main__:Predicted mean: -0.3213
INFO:__main__:Predicted uncertainity -0.7363
INFO:__main__:Completed epoch 27 of 100

INFO:__main__:NLL: 0.0350, L2: 0.0273, Reg: 0.0010
INFO:__main__:Total loss 0.0632
INFO:__main__:Predicted mean: -0.3678
INFO:__main__:Predicted uncertainity -0.8361
INFO:__main__:Completed epoch 28 of 100

INFO:__main__:NLL: 0.1094, L2: 0.0270, Reg: 0.0010
INFO:__main__:Total loss 0.1374
INFO:__main__:Predicted mean: -0.3349
INFO:__main__:Predicted uncertainity -0.7072
INFO:__main__:Completed epoch 29 of 100

INFO:__main__:NLL: 0.1395, L2: 0.0263, Reg: 0.0008
INFO:__main__:Total loss 0.1667
INFO:__main__:Predicted mean: -0.3556
INFO:__main__:Predicted uncertainity -0.7344
INFO:__main__:Completed epoch 30 of 100

INFO:__main__:NLL: -0.0625, L2: 0.0284, Reg: 0.0009
INFO:__main__:Total loss -0.0331
INFO:__main__:Predicted mean: -0.3717
INFO:__main__:Predicted uncertainity -0.7207
INFO:__main__:Completed epoch 31 of 100

INFO:__main__:NLL: 0.0832, L2: 0.0275, Reg: 0.0008
INFO:__main__:Total loss 0.1115
INFO:__main__:Predicted mean: -0.3877
INFO:__main__:Predicted uncertainity -0.6920
INFO:__main__:Completed epoch 32 of 100

INFO:__main__:NLL: 0.2442, L2: 0.0277, Reg: 0.0010
INFO:__main__:Total loss 0.2728
INFO:__main__:Predicted mean: -0.3982
INFO:__main__:Predicted uncertainity -0.7973
INFO:__main__:Completed epoch 33 of 100

INFO:__main__:NLL: 0.1223, L2: 0.0269, Reg: 0.0010
INFO:__main__:Total loss 0.1501
INFO:__main__:Predicted mean: -0.3653
INFO:__main__:Predicted uncertainity -0.7378
INFO:__main__:Completed epoch 34 of 100

INFO:__main__:NLL: 0.1089, L2: 0.0259, Reg: 0.0009
INFO:__main__:Total loss 0.1356
INFO:__main__:Predicted mean: -0.3963
INFO:__main__:Predicted uncertainity -0.7429
INFO:__main__:Completed epoch 35 of 100

INFO:__main__:NLL: 0.1006, L2: 0.0269, Reg: 0.0009
INFO:__main__:Total loss 0.1284
INFO:__main__:Predicted mean: -0.3581
INFO:__main__:Predicted uncertainity -0.7610
INFO:__main__:Completed epoch 36 of 100

INFO:__main__:NLL: 0.2692, L2: 0.0260, Reg: 0.0009
INFO:__main__:Total loss 0.2961
INFO:__main__:Predicted mean: -0.3785
INFO:__main__:Predicted uncertainity -0.7581
INFO:__main__:Completed epoch 37 of 100

INFO:__main__:NLL: -0.0125, L2: 0.0260, Reg: 0.0010
INFO:__main__:Total loss 0.0145
INFO:__main__:Predicted mean: -0.3333
INFO:__main__:Predicted uncertainity -0.8049
INFO:__main__:Completed epoch 38 of 100

INFO:__main__:NLL: 0.0764, L2: 0.0280, Reg: 0.0009
INFO:__main__:Total loss 0.1053
INFO:__main__:Predicted mean: -0.4274
INFO:__main__:Predicted uncertainity -0.7902
INFO:__main__:Completed epoch 39 of 100

INFO:__main__:NLL: 0.0511, L2: 0.0257, Reg: 0.0009
INFO:__main__:Total loss 0.0776
INFO:__main__:Predicted mean: -0.3773
INFO:__main__:Predicted uncertainity -0.6345
INFO:__main__:Completed epoch 40 of 100

INFO:__main__:NLL: 0.0332, L2: 0.0279, Reg: 0.0009
INFO:__main__:Total loss 0.0620
INFO:__main__:Predicted mean: -0.3281
INFO:__main__:Predicted uncertainity -0.7226
INFO:__main__:Completed epoch 41 of 100

INFO:__main__:NLL: 0.3595, L2: 0.0266, Reg: 0.0009
INFO:__main__:Total loss 0.3870
INFO:__main__:Predicted mean: -0.4189
INFO:__main__:Predicted uncertainity -0.7309
INFO:__main__:Completed epoch 42 of 100

INFO:__main__:NLL: 0.0716, L2: 0.0273, Reg: 0.0010
INFO:__main__:Total loss 0.0999
INFO:__main__:Predicted mean: -0.3848
INFO:__main__:Predicted uncertainity -0.6850
INFO:__main__:Completed epoch 43 of 100

INFO:__main__:NLL: 0.0562, L2: 0.0273, Reg: 0.0010
INFO:__main__:Total loss 0.0845
INFO:__main__:Predicted mean: -0.3591
INFO:__main__:Predicted uncertainity -0.7912
INFO:__main__:Completed epoch 44 of 100

INFO:__main__:NLL: 0.1699, L2: 0.0279, Reg: 0.0010
INFO:__main__:Total loss 0.1987
INFO:__main__:Predicted mean: -0.3607
INFO:__main__:Predicted uncertainity -0.6925
INFO:__main__:Completed epoch 45 of 100

INFO:__main__:NLL: 0.1644, L2: 0.0262, Reg: 0.0009
INFO:__main__:Total loss 0.1915
INFO:__main__:Predicted mean: -0.3320
INFO:__main__:Predicted uncertainity -0.6950
INFO:__main__:Completed epoch 46 of 100

INFO:__main__:NLL: 0.0854, L2: 0.0258, Reg: 0.0009
INFO:__main__:Total loss 0.1121
INFO:__main__:Predicted mean: -0.4269
INFO:__main__:Predicted uncertainity -0.7446
INFO:__main__:Completed epoch 47 of 100

INFO:__main__:NLL: 0.2942, L2: 0.0286, Reg: 0.0009
INFO:__main__:Total loss 0.3238
INFO:__main__:Predicted mean: -0.3855
INFO:__main__:Predicted uncertainity -0.6550
INFO:__main__:Completed epoch 48 of 100

INFO:__main__:NLL: -0.0027, L2: 0.0277, Reg: 0.0011
INFO:__main__:Total loss 0.0261
INFO:__main__:Predicted mean: -0.3478
INFO:__main__:Predicted uncertainity -0.8207
INFO:__main__:Completed epoch 49 of 100

INFO:__main__:NLL: 0.0305, L2: 0.0251, Reg: 0.0009
INFO:__main__:Total loss 0.0565
INFO:__main__:Predicted mean: -0.3735
INFO:__main__:Predicted uncertainity -0.7681
INFO:__main__:Completed epoch 50 of 100

INFO:__main__:NLL: 0.0673, L2: 0.0275, Reg: 0.0011
INFO:__main__:Total loss 0.0959
INFO:__main__:Predicted mean: -0.3886
INFO:__main__:Predicted uncertainity -0.8278
INFO:__main__:Completed epoch 51 of 100

INFO:__main__:NLL: 0.0913, L2: 0.0261, Reg: 0.0012
INFO:__main__:Total loss 0.1186
INFO:__main__:Predicted mean: -0.3845
INFO:__main__:Predicted uncertainity -0.7489
INFO:__main__:Completed epoch 52 of 100

INFO:__main__:NLL: 0.1800, L2: 0.0268, Reg: 0.0009
INFO:__main__:Total loss 0.2076
INFO:__main__:Predicted mean: -0.4117
INFO:__main__:Predicted uncertainity -0.7114
INFO:__main__:Completed epoch 53 of 100

INFO:__main__:NLL: 0.0888, L2: 0.0255, Reg: 0.0009
INFO:__main__:Total loss 0.1152
INFO:__main__:Predicted mean: -0.3523
INFO:__main__:Predicted uncertainity -0.7991
INFO:__main__:Completed epoch 54 of 100

INFO:__main__:NLL: 0.1036, L2: 0.0288, Reg: 0.0009
INFO:__main__:Total loss 0.1333
INFO:__main__:Predicted mean: -0.3856
INFO:__main__:Predicted uncertainity -0.7891
INFO:__main__:Completed epoch 55 of 100

INFO:__main__:NLL: 0.1305, L2: 0.0275, Reg: 0.0009
INFO:__main__:Total loss 0.1589
INFO:__main__:Predicted mean: -0.3792
INFO:__main__:Predicted uncertainity -0.6817
INFO:__main__:Completed epoch 56 of 100

INFO:__main__:NLL: 0.1243, L2: 0.0269, Reg: 0.0009
INFO:__main__:Total loss 0.1522
INFO:__main__:Predicted mean: -0.3515
INFO:__main__:Predicted uncertainity -0.7906
INFO:__main__:Completed epoch 57 of 100

INFO:__main__:NLL: 0.1301, L2: 0.0270, Reg: 0.0012
INFO:__main__:Total loss 0.1582
INFO:__main__:Predicted mean: -0.3860
INFO:__main__:Predicted uncertainity -0.8354
INFO:__main__:Completed epoch 58 of 100

INFO:__main__:NLL: 0.1736, L2: 0.0286, Reg: 0.0010
INFO:__main__:Total loss 0.2032
INFO:__main__:Predicted mean: -0.3416
INFO:__main__:Predicted uncertainity -0.7709
INFO:__main__:Completed epoch 59 of 100

INFO:__main__:NLL: 0.1466, L2: 0.0260, Reg: 0.0009
INFO:__main__:Total loss 0.1734
INFO:__main__:Predicted mean: -0.3664
INFO:__main__:Predicted uncertainity -0.5536
INFO:__main__:Completed epoch 60 of 100

INFO:__main__:NLL: 0.0820, L2: 0.0271, Reg: 0.0009
INFO:__main__:Total loss 0.1100
INFO:__main__:Predicted mean: -0.3497
INFO:__main__:Predicted uncertainity -0.7329
INFO:__main__:Completed epoch 61 of 100

INFO:__main__:NLL: 0.1611, L2: 0.0275, Reg: 0.0008
INFO:__main__:Total loss 0.1895
INFO:__main__:Predicted mean: -0.3591
INFO:__main__:Predicted uncertainity -0.7067
INFO:__main__:Completed epoch 62 of 100

INFO:__main__:NLL: 0.0818, L2: 0.0256, Reg: 0.0011
INFO:__main__:Total loss 0.1084
INFO:__main__:Predicted mean: -0.3597
INFO:__main__:Predicted uncertainity -0.7904
INFO:__main__:Completed epoch 63 of 100

INFO:__main__:NLL: 0.2492, L2: 0.0263, Reg: 0.0010
INFO:__main__:Total loss 0.2764
INFO:__main__:Predicted mean: -0.3875
INFO:__main__:Predicted uncertainity -0.7968
INFO:__main__:Completed epoch 64 of 100

INFO:__main__:NLL: -0.0949, L2: 0.0269, Reg: 0.0010
INFO:__main__:Total loss -0.0670
INFO:__main__:Predicted mean: -0.3984
INFO:__main__:Predicted uncertainity -0.8214
INFO:__main__:Completed epoch 65 of 100

INFO:__main__:NLL: 0.1404, L2: 0.0266, Reg: 0.0010
INFO:__main__:Total loss 0.1680
INFO:__main__:Predicted mean: -0.3718
INFO:__main__:Predicted uncertainity -0.7330
INFO:__main__:Completed epoch 66 of 100

INFO:__main__:NLL: 0.0417, L2: 0.0265, Reg: 0.0010
INFO:__main__:Total loss 0.0692
INFO:__main__:Predicted mean: -0.4029
INFO:__main__:Predicted uncertainity -0.7848
INFO:__main__:Completed epoch 67 of 100

INFO:__main__:NLL: 0.0750, L2: 0.0247, Reg: 0.0011
INFO:__main__:Total loss 0.1008
INFO:__main__:Predicted mean: -0.3348
INFO:__main__:Predicted uncertainity -0.7810
INFO:__main__:Completed epoch 68 of 100

INFO:__main__:NLL: 0.0221, L2: 0.0252, Reg: 0.0009
INFO:__main__:Total loss 0.0481
INFO:__main__:Predicted mean: -0.3494
INFO:__main__:Predicted uncertainity -0.8042
INFO:__main__:Completed epoch 69 of 100

INFO:__main__:NLL: 0.0232, L2: 0.0269, Reg: 0.0008
INFO:__main__:Total loss 0.0509
INFO:__main__:Predicted mean: -0.3367
INFO:__main__:Predicted uncertainity -0.6681
INFO:__main__:Completed epoch 70 of 100

INFO:__main__:NLL: 0.0781, L2: 0.0258, Reg: 0.0010
INFO:__main__:Total loss 0.1049
INFO:__main__:Predicted mean: -0.3698
INFO:__main__:Predicted uncertainity -0.7452
INFO:__main__:Completed epoch 71 of 100

INFO:__main__:NLL: 0.0308, L2: 0.0256, Reg: 0.0010
INFO:__main__:Total loss 0.0574
INFO:__main__:Predicted mean: -0.3160
INFO:__main__:Predicted uncertainity -0.7494
INFO:__main__:Completed epoch 72 of 100

INFO:__main__:NLL: -0.0037, L2: 0.0268, Reg: 0.0009
INFO:__main__:Total loss 0.0240
INFO:__main__:Predicted mean: -0.3226
INFO:__main__:Predicted uncertainity -0.7025
INFO:__main__:Completed epoch 73 of 100

INFO:__main__:NLL: -0.0358, L2: 0.0270, Reg: 0.0010
INFO:__main__:Total loss -0.0079
INFO:__main__:Predicted mean: -0.3850
INFO:__main__:Predicted uncertainity -0.9786
INFO:__main__:Completed epoch 74 of 100

INFO:__main__:NLL: 0.1497, L2: 0.0252, Reg: 0.0008
INFO:__main__:Total loss 0.1757
INFO:__main__:Predicted mean: -0.3995
INFO:__main__:Predicted uncertainity -0.6911
INFO:__main__:Completed epoch 75 of 100

INFO:__main__:NLL: 0.1137, L2: 0.0303, Reg: 0.0009
INFO:__main__:Total loss 0.1449
INFO:__main__:Predicted mean: -0.3662
INFO:__main__:Predicted uncertainity -0.6750
INFO:__main__:Completed epoch 76 of 100

INFO:__main__:NLL: 0.0920, L2: 0.0278, Reg: 0.0010
INFO:__main__:Total loss 0.1209
INFO:__main__:Predicted mean: -0.3427
INFO:__main__:Predicted uncertainity -0.6476
INFO:__main__:Completed epoch 77 of 100

INFO:__main__:NLL: -0.0171, L2: 0.0261, Reg: 0.0010
INFO:__main__:Total loss 0.0100
INFO:__main__:Predicted mean: -0.4386
INFO:__main__:Predicted uncertainity -0.7043
INFO:__main__:Completed epoch 78 of 100

INFO:__main__:NLL: 0.1093, L2: 0.0262, Reg: 0.0009
INFO:__main__:Total loss 0.1363
INFO:__main__:Predicted mean: -0.3385
INFO:__main__:Predicted uncertainity -0.7402
INFO:__main__:Completed epoch 79 of 100

INFO:__main__:NLL: 0.0794, L2: 0.0300, Reg: 0.0010
INFO:__main__:Total loss 0.1104
INFO:__main__:Predicted mean: -0.4374
INFO:__main__:Predicted uncertainity -0.6440
INFO:__main__:Completed epoch 80 of 100

INFO:__main__:NLL: 0.0672, L2: 0.0280, Reg: 0.0008
INFO:__main__:Total loss 0.0960
INFO:__main__:Predicted mean: -0.3773
INFO:__main__:Predicted uncertainity -0.7596
INFO:__main__:Completed epoch 81 of 100

INFO:__main__:NLL: 0.0834, L2: 0.0274, Reg: 0.0009
INFO:__main__:Total loss 0.1117
INFO:__main__:Predicted mean: -0.3443
INFO:__main__:Predicted uncertainity -0.7466
INFO:__main__:Completed epoch 82 of 100

INFO:__main__:NLL: 0.1869, L2: 0.0260, Reg: 0.0009
INFO:__main__:Total loss 0.2139
INFO:__main__:Predicted mean: -0.4087
INFO:__main__:Predicted uncertainity -0.8017
INFO:__main__:Completed epoch 83 of 100

INFO:__main__:NLL: 0.0068, L2: 0.0295, Reg: 0.0008
INFO:__main__:Total loss 0.0371
INFO:__main__:Predicted mean: -0.4069
INFO:__main__:Predicted uncertainity -0.5990
INFO:__main__:Completed epoch 84 of 100

INFO:__main__:NLL: 0.1220, L2: 0.0268, Reg: 0.0009
INFO:__main__:Total loss 0.1497
INFO:__main__:Predicted mean: -0.3286
INFO:__main__:Predicted uncertainity -0.7798
INFO:__main__:Completed epoch 85 of 100

INFO:__main__:NLL: -0.0446, L2: 0.0271, Reg: 0.0011
INFO:__main__:Total loss -0.0164
INFO:__main__:Predicted mean: -0.3523
INFO:__main__:Predicted uncertainity -0.8098
INFO:__main__:Completed epoch 86 of 100

INFO:__main__:NLL: 0.0201, L2: 0.0255, Reg: 0.0012
INFO:__main__:Total loss 0.0467
INFO:__main__:Predicted mean: -0.4144
INFO:__main__:Predicted uncertainity -0.7546
INFO:__main__:Completed epoch 87 of 100

INFO:__main__:NLL: 0.3001, L2: 0.0262, Reg: 0.0010
INFO:__main__:Total loss 0.3273
INFO:__main__:Predicted mean: -0.3843
INFO:__main__:Predicted uncertainity -0.8805
INFO:__main__:Completed epoch 88 of 100

INFO:__main__:NLL: 0.3090, L2: 0.0275, Reg: 0.0009
INFO:__main__:Total loss 0.3374
INFO:__main__:Predicted mean: -0.3415
INFO:__main__:Predicted uncertainity -0.7754
INFO:__main__:Completed epoch 89 of 100

INFO:__main__:NLL: 0.1073, L2: 0.0259, Reg: 0.0009
INFO:__main__:Total loss 0.1341
INFO:__main__:Predicted mean: -0.3286
INFO:__main__:Predicted uncertainity -0.6745
INFO:__main__:Completed epoch 90 of 100

INFO:__main__:NLL: 0.1269, L2: 0.0265, Reg: 0.0010
INFO:__main__:Total loss 0.1544
INFO:__main__:Predicted mean: -0.3105
INFO:__main__:Predicted uncertainity -0.7017
INFO:__main__:Completed epoch 91 of 100

INFO:__main__:NLL: 0.0649, L2: 0.0268, Reg: 0.0013
INFO:__main__:Total loss 0.0929
INFO:__main__:Predicted mean: -0.3554
INFO:__main__:Predicted uncertainity -0.7438
INFO:__main__:Completed epoch 92 of 100

INFO:__main__:NLL: 0.2218, L2: 0.0248, Reg: 0.0009
INFO:__main__:Total loss 0.2476
INFO:__main__:Predicted mean: -0.3645
INFO:__main__:Predicted uncertainity -0.7581
INFO:__main__:Completed epoch 93 of 100

INFO:__main__:NLL: 0.2230, L2: 0.0274, Reg: 0.0012
INFO:__main__:Total loss 0.2517
INFO:__main__:Predicted mean: -0.3671
INFO:__main__:Predicted uncertainity -0.8632
INFO:__main__:Completed epoch 94 of 100

INFO:__main__:NLL: 0.1794, L2: 0.0253, Reg: 0.0010
INFO:__main__:Total loss 0.2057
INFO:__main__:Predicted mean: -0.4049
INFO:__main__:Predicted uncertainity -0.7105
INFO:__main__:Completed epoch 95 of 100

INFO:__main__:NLL: 0.1958, L2: 0.0305, Reg: 0.0011
INFO:__main__:Total loss 0.2273
INFO:__main__:Predicted mean: -0.3712
INFO:__main__:Predicted uncertainity -0.7538
INFO:__main__:Completed epoch 96 of 100

INFO:__main__:NLL: 0.1813, L2: 0.0291, Reg: 0.0011
INFO:__main__:Total loss 0.2116
INFO:__main__:Predicted mean: -0.3892
INFO:__main__:Predicted uncertainity -0.7548
INFO:__main__:Completed epoch 97 of 100

INFO:__main__:NLL: 0.0175, L2: 0.0295, Reg: 0.0009
INFO:__main__:Total loss 0.0479
INFO:__main__:Predicted mean: -0.3007
INFO:__main__:Predicted uncertainity -0.8207
INFO:__main__:Completed epoch 98 of 100

INFO:__main__:NLL: -0.0632, L2: 0.0292, Reg: 0.0011
INFO:__main__:Total loss -0.0329
INFO:__main__:Predicted mean: -0.3652
INFO:__main__:Predicted uncertainity -0.8808
INFO:__main__:Completed epoch 99 of 100

INFO:__main__:NLL: 0.1459, L2: 0.0270, Reg: 0.0009
INFO:__main__:Total loss 0.1737
INFO:__main__:Predicted mean: -0.3940
INFO:__main__:Predicted uncertainity -0.7933
INFO:__main__:Completed epoch 100 of 100

INFO:__main__:526.887652 s
