INFO:__main__:PROCESS RUNNING ON cpu
INFO:__main__:NLL: 0.1806, L2: 0.0062, Reg: 0.0576
INFO:__main__:Total loss 0.2444
INFO:__main__:Predicted mean: -0.4006
INFO:__main__:Predicted uncertainity -0.6181
INFO:__main__:Completed epoch 1 of 100

INFO:__main__:NLL: 0.0422, L2: 0.0063, Reg: 0.0571
INFO:__main__:Total loss 0.1056
INFO:__main__:Predicted mean: -0.4187
INFO:__main__:Predicted uncertainity -0.5782
INFO:__main__:Completed epoch 2 of 100

INFO:__main__:NLL: 0.0736, L2: 0.0062, Reg: 0.0512
INFO:__main__:Total loss 0.1310
INFO:__main__:Predicted mean: -0.4205
INFO:__main__:Predicted uncertainity -0.5680
INFO:__main__:Completed epoch 3 of 100

INFO:__main__:NLL: -0.0104, L2: 0.0066, Reg: 0.0368
INFO:__main__:Total loss 0.0330
INFO:__main__:Predicted mean: -0.3954
INFO:__main__:Predicted uncertainity -0.6471
INFO:__main__:Completed epoch 4 of 100

INFO:__main__:NLL: 0.0428, L2: 0.0065, Reg: 0.0505
INFO:__main__:Total loss 0.0998
INFO:__main__:Predicted mean: -0.3828
INFO:__main__:Predicted uncertainity -0.6718
INFO:__main__:Completed epoch 5 of 100

INFO:__main__:NLL: 0.1482, L2: 0.0065, Reg: 0.0486
INFO:__main__:Total loss 0.2032
INFO:__main__:Predicted mean: -0.4166
INFO:__main__:Predicted uncertainity -0.6204
INFO:__main__:Completed epoch 6 of 100

INFO:__main__:NLL: 0.1670, L2: 0.0069, Reg: 0.0570
INFO:__main__:Total loss 0.2309
INFO:__main__:Predicted mean: -0.3961
INFO:__main__:Predicted uncertainity -0.6170
INFO:__main__:Completed epoch 7 of 100

INFO:__main__:NLL: 0.2232, L2: 0.0067, Reg: 0.0456
INFO:__main__:Total loss 0.2754
INFO:__main__:Predicted mean: -0.3949
INFO:__main__:Predicted uncertainity -0.6408
INFO:__main__:Completed epoch 8 of 100

INFO:__main__:NLL: 0.0202, L2: 0.0070, Reg: 0.0608
INFO:__main__:Total loss 0.0880
INFO:__main__:Predicted mean: -0.3823
INFO:__main__:Predicted uncertainity -0.6446
INFO:__main__:Completed epoch 9 of 100

INFO:__main__:NLL: 0.2808, L2: 0.0071, Reg: 0.0536
INFO:__main__:Total loss 0.3415
INFO:__main__:Predicted mean: -0.4218
INFO:__main__:Predicted uncertainity -0.6357
INFO:__main__:Completed epoch 10 of 100

INFO:__main__:NLL: 0.1245, L2: 0.0069, Reg: 0.0440
INFO:__main__:Total loss 0.1755
INFO:__main__:Predicted mean: -0.4184
INFO:__main__:Predicted uncertainity -0.6852
INFO:__main__:Completed epoch 11 of 100

INFO:__main__:NLL: 0.2162, L2: 0.0068, Reg: 0.0508
INFO:__main__:Total loss 0.2738
INFO:__main__:Predicted mean: -0.4247
INFO:__main__:Predicted uncertainity -0.5349
INFO:__main__:Completed epoch 12 of 100

INFO:__main__:NLL: 0.0610, L2: 0.0068, Reg: 0.0500
INFO:__main__:Total loss 0.1178
INFO:__main__:Predicted mean: -0.3725
INFO:__main__:Predicted uncertainity -0.6259
INFO:__main__:Completed epoch 13 of 100

INFO:__main__:NLL: 0.3073, L2: 0.0071, Reg: 0.0483
INFO:__main__:Total loss 0.3627
INFO:__main__:Predicted mean: -0.3991
INFO:__main__:Predicted uncertainity -0.6578
INFO:__main__:Completed epoch 14 of 100

INFO:__main__:NLL: 0.1960, L2: 0.0072, Reg: 0.0517
INFO:__main__:Total loss 0.2549
INFO:__main__:Predicted mean: -0.4161
INFO:__main__:Predicted uncertainity -0.6367
INFO:__main__:Completed epoch 15 of 100

INFO:__main__:NLL: 0.2006, L2: 0.0074, Reg: 0.0578
INFO:__main__:Total loss 0.2659
INFO:__main__:Predicted mean: -0.3880
INFO:__main__:Predicted uncertainity -0.6667
INFO:__main__:Completed epoch 16 of 100

INFO:__main__:NLL: 0.0740, L2: 0.0072, Reg: 0.0400
INFO:__main__:Total loss 0.1213
INFO:__main__:Predicted mean: -0.3848
INFO:__main__:Predicted uncertainity -0.6340
INFO:__main__:Completed epoch 17 of 100

INFO:__main__:NLL: 0.1201, L2: 0.0071, Reg: 0.0486
INFO:__main__:Total loss 0.1758
INFO:__main__:Predicted mean: -0.4329
INFO:__main__:Predicted uncertainity -0.6053
INFO:__main__:Completed epoch 18 of 100

INFO:__main__:NLL: -0.0150, L2: 0.0075, Reg: 0.0392
INFO:__main__:Total loss 0.0317
INFO:__main__:Predicted mean: -0.4487
INFO:__main__:Predicted uncertainity -0.5607
INFO:__main__:Completed epoch 19 of 100

INFO:__main__:NLL: 0.2139, L2: 0.0073, Reg: 0.0384
INFO:__main__:Total loss 0.2596
INFO:__main__:Predicted mean: -0.4168
INFO:__main__:Predicted uncertainity -0.6083
INFO:__main__:Completed epoch 20 of 100

INFO:__main__:NLL: 0.0656, L2: 0.0075, Reg: 0.0425
INFO:__main__:Total loss 0.1156
INFO:__main__:Predicted mean: -0.4132
INFO:__main__:Predicted uncertainity -0.5749
INFO:__main__:Completed epoch 21 of 100

INFO:__main__:NLL: 0.0254, L2: 0.0075, Reg: 0.0478
INFO:__main__:Total loss 0.0808
INFO:__main__:Predicted mean: -0.4018
INFO:__main__:Predicted uncertainity -0.6278
INFO:__main__:Completed epoch 22 of 100

INFO:__main__:NLL: 0.0506, L2: 0.0078, Reg: 0.0628
INFO:__main__:Total loss 0.1213
INFO:__main__:Predicted mean: -0.4121
INFO:__main__:Predicted uncertainity -0.6450
INFO:__main__:Completed epoch 23 of 100

INFO:__main__:NLL: 0.2628, L2: 0.0078, Reg: 0.0401
INFO:__main__:Total loss 0.3107
INFO:__main__:Predicted mean: -0.4088
INFO:__main__:Predicted uncertainity -0.5827
INFO:__main__:Completed epoch 24 of 100

INFO:__main__:NLL: 0.2102, L2: 0.0075, Reg: 0.0478
INFO:__main__:Total loss 0.2655
INFO:__main__:Predicted mean: -0.3876
INFO:__main__:Predicted uncertainity -0.5979
INFO:__main__:Completed epoch 25 of 100

INFO:__main__:NLL: -0.0396, L2: 0.0076, Reg: 0.0470
INFO:__main__:Total loss 0.0149
INFO:__main__:Predicted mean: -0.4023
INFO:__main__:Predicted uncertainity -0.5319
INFO:__main__:Completed epoch 26 of 100

INFO:__main__:NLL: 0.1591, L2: 0.0074, Reg: 0.0519
INFO:__main__:Total loss 0.2184
INFO:__main__:Predicted mean: -0.3752
INFO:__main__:Predicted uncertainity -0.6418
INFO:__main__:Completed epoch 27 of 100

INFO:__main__:NLL: 0.1715, L2: 0.0074, Reg: 0.0495
INFO:__main__:Total loss 0.2283
INFO:__main__:Predicted mean: -0.4091
INFO:__main__:Predicted uncertainity -0.5451
INFO:__main__:Completed epoch 28 of 100

INFO:__main__:NLL: 0.1539, L2: 0.0074, Reg: 0.0501
INFO:__main__:Total loss 0.2114
INFO:__main__:Predicted mean: -0.3838
INFO:__main__:Predicted uncertainity -0.6270
INFO:__main__:Completed epoch 29 of 100

INFO:__main__:NLL: 0.1750, L2: 0.0072, Reg: 0.0408
INFO:__main__:Total loss 0.2230
INFO:__main__:Predicted mean: -0.3727
INFO:__main__:Predicted uncertainity -0.5778
INFO:__main__:Completed epoch 30 of 100

INFO:__main__:NLL: 0.1844, L2: 0.0072, Reg: 0.0483
INFO:__main__:Total loss 0.2399
INFO:__main__:Predicted mean: -0.4375
INFO:__main__:Predicted uncertainity -0.6524
INFO:__main__:Completed epoch 31 of 100

INFO:__main__:NLL: 0.0228, L2: 0.0074, Reg: 0.0548
INFO:__main__:Total loss 0.0850
INFO:__main__:Predicted mean: -0.3921
INFO:__main__:Predicted uncertainity -0.6985
INFO:__main__:Completed epoch 32 of 100

INFO:__main__:NLL: 0.1242, L2: 0.0078, Reg: 0.0472
INFO:__main__:Total loss 0.1791
INFO:__main__:Predicted mean: -0.4432
INFO:__main__:Predicted uncertainity -0.5932
INFO:__main__:Completed epoch 33 of 100

INFO:__main__:NLL: 0.0863, L2: 0.0076, Reg: 0.0459
INFO:__main__:Total loss 0.1398
INFO:__main__:Predicted mean: -0.4016
INFO:__main__:Predicted uncertainity -0.6785
INFO:__main__:Completed epoch 34 of 100

INFO:__main__:NLL: -0.0231, L2: 0.0076, Reg: 0.0476
INFO:__main__:Total loss 0.0321
INFO:__main__:Predicted mean: -0.4289
INFO:__main__:Predicted uncertainity -0.6070
INFO:__main__:Completed epoch 35 of 100

INFO:__main__:NLL: 0.0874, L2: 0.0074, Reg: 0.0491
INFO:__main__:Total loss 0.1439
INFO:__main__:Predicted mean: -0.3644
INFO:__main__:Predicted uncertainity -0.6383
INFO:__main__:Completed epoch 36 of 100

INFO:__main__:NLL: 0.0206, L2: 0.0074, Reg: 0.0440
INFO:__main__:Total loss 0.0720
INFO:__main__:Predicted mean: -0.3662
INFO:__main__:Predicted uncertainity -0.6653
INFO:__main__:Completed epoch 37 of 100

INFO:__main__:NLL: 0.2500, L2: 0.0072, Reg: 0.0408
INFO:__main__:Total loss 0.2980
INFO:__main__:Predicted mean: -0.4080
INFO:__main__:Predicted uncertainity -0.6839
INFO:__main__:Completed epoch 38 of 100

INFO:__main__:NLL: 0.0745, L2: 0.0077, Reg: 0.0523
INFO:__main__:Total loss 0.1345
INFO:__main__:Predicted mean: -0.4178
INFO:__main__:Predicted uncertainity -0.5719
INFO:__main__:Completed epoch 39 of 100

INFO:__main__:NLL: 0.0692, L2: 0.0076, Reg: 0.0513
INFO:__main__:Total loss 0.1281
INFO:__main__:Predicted mean: -0.4482
INFO:__main__:Predicted uncertainity -0.6032
INFO:__main__:Completed epoch 40 of 100

INFO:__main__:NLL: 0.0163, L2: 0.0074, Reg: 0.0465
INFO:__main__:Total loss 0.0702
INFO:__main__:Predicted mean: -0.4139
INFO:__main__:Predicted uncertainity -0.6365
INFO:__main__:Completed epoch 41 of 100

INFO:__main__:NLL: 0.1482, L2: 0.0073, Reg: 0.0448
INFO:__main__:Total loss 0.2004
INFO:__main__:Predicted mean: -0.3926
INFO:__main__:Predicted uncertainity -0.5973
INFO:__main__:Completed epoch 42 of 100

INFO:__main__:NLL: 0.2306, L2: 0.0073, Reg: 0.0519
INFO:__main__:Total loss 0.2898
INFO:__main__:Predicted mean: -0.4379
INFO:__main__:Predicted uncertainity -0.5844
INFO:__main__:Completed epoch 43 of 100

INFO:__main__:NLL: 0.2893, L2: 0.0073, Reg: 0.0595
INFO:__main__:Total loss 0.3561
INFO:__main__:Predicted mean: -0.4282
INFO:__main__:Predicted uncertainity -0.6696
INFO:__main__:Completed epoch 44 of 100

INFO:__main__:NLL: 0.1189, L2: 0.0068, Reg: 0.0414
INFO:__main__:Total loss 0.1671
INFO:__main__:Predicted mean: -0.3737
INFO:__main__:Predicted uncertainity -0.5814
INFO:__main__:Completed epoch 45 of 100

INFO:__main__:NLL: 0.1642, L2: 0.0073, Reg: 0.0397
INFO:__main__:Total loss 0.2111
INFO:__main__:Predicted mean: -0.3999
INFO:__main__:Predicted uncertainity -0.6347
INFO:__main__:Completed epoch 46 of 100

INFO:__main__:NLL: 0.0128, L2: 0.0072, Reg: 0.0449
INFO:__main__:Total loss 0.0649
INFO:__main__:Predicted mean: -0.3972
INFO:__main__:Predicted uncertainity -0.6129
INFO:__main__:Completed epoch 47 of 100

INFO:__main__:NLL: 0.1374, L2: 0.0073, Reg: 0.0442
INFO:__main__:Total loss 0.1889
INFO:__main__:Predicted mean: -0.4187
INFO:__main__:Predicted uncertainity -0.6405
INFO:__main__:Completed epoch 48 of 100

INFO:__main__:NLL: 0.0368, L2: 0.0074, Reg: 0.0409
INFO:__main__:Total loss 0.0851
INFO:__main__:Predicted mean: -0.3858
INFO:__main__:Predicted uncertainity -0.5386
INFO:__main__:Completed epoch 49 of 100

INFO:__main__:NLL: 0.0439, L2: 0.0074, Reg: 0.0382
INFO:__main__:Total loss 0.0895
INFO:__main__:Predicted mean: -0.3851
INFO:__main__:Predicted uncertainity -0.6123
INFO:__main__:Completed epoch 50 of 100

INFO:__main__:NLL: 0.3888, L2: 0.0071, Reg: 0.0443
INFO:__main__:Total loss 0.4402
INFO:__main__:Predicted mean: -0.4142
INFO:__main__:Predicted uncertainity -0.6868
INFO:__main__:Completed epoch 51 of 100

INFO:__main__:NLL: -0.0287, L2: 0.0071, Reg: 0.0461
INFO:__main__:Total loss 0.0245
INFO:__main__:Predicted mean: -0.4110
INFO:__main__:Predicted uncertainity -0.6853
INFO:__main__:Completed epoch 52 of 100

INFO:__main__:NLL: 0.0906, L2: 0.0075, Reg: 0.0383
INFO:__main__:Total loss 0.1363
INFO:__main__:Predicted mean: -0.4349
INFO:__main__:Predicted uncertainity -0.5206
INFO:__main__:Completed epoch 53 of 100

INFO:__main__:NLL: 0.2185, L2: 0.0079, Reg: 0.0386
INFO:__main__:Total loss 0.2651
INFO:__main__:Predicted mean: -0.3769
INFO:__main__:Predicted uncertainity -0.6220
INFO:__main__:Completed epoch 54 of 100

INFO:__main__:NLL: 0.2292, L2: 0.0074, Reg: 0.0413
INFO:__main__:Total loss 0.2779
INFO:__main__:Predicted mean: -0.3707
INFO:__main__:Predicted uncertainity -0.6267
INFO:__main__:Completed epoch 55 of 100

INFO:__main__:NLL: 0.2437, L2: 0.0077, Reg: 0.0501
INFO:__main__:Total loss 0.3014
INFO:__main__:Predicted mean: -0.4069
INFO:__main__:Predicted uncertainity -0.6284
INFO:__main__:Completed epoch 56 of 100

INFO:__main__:NLL: 0.0934, L2: 0.0073, Reg: 0.0432
INFO:__main__:Total loss 0.1439
INFO:__main__:Predicted mean: -0.3941
INFO:__main__:Predicted uncertainity -0.5526
INFO:__main__:Completed epoch 57 of 100

INFO:__main__:NLL: 0.0386, L2: 0.0076, Reg: 0.0542
INFO:__main__:Total loss 0.1004
INFO:__main__:Predicted mean: -0.4509
INFO:__main__:Predicted uncertainity -0.6313
INFO:__main__:Completed epoch 58 of 100

INFO:__main__:NLL: 0.0881, L2: 0.0074, Reg: 0.0460
INFO:__main__:Total loss 0.1415
INFO:__main__:Predicted mean: -0.3777
INFO:__main__:Predicted uncertainity -0.6078
INFO:__main__:Completed epoch 59 of 100

INFO:__main__:NLL: 0.0514, L2: 0.0078, Reg: 0.0380
INFO:__main__:Total loss 0.0972
INFO:__main__:Predicted mean: -0.3731
INFO:__main__:Predicted uncertainity -0.6561
INFO:__main__:Completed epoch 60 of 100

INFO:__main__:NLL: 0.1469, L2: 0.0076, Reg: 0.0465
INFO:__main__:Total loss 0.2010
INFO:__main__:Predicted mean: -0.3647
INFO:__main__:Predicted uncertainity -0.6041
INFO:__main__:Completed epoch 61 of 100

INFO:__main__:NLL: 0.2078, L2: 0.0074, Reg: 0.0426
INFO:__main__:Total loss 0.2578
INFO:__main__:Predicted mean: -0.3824
INFO:__main__:Predicted uncertainity -0.5767
INFO:__main__:Completed epoch 62 of 100

INFO:__main__:NLL: 0.0889, L2: 0.0076, Reg: 0.0493
INFO:__main__:Total loss 0.1459
INFO:__main__:Predicted mean: -0.4869
INFO:__main__:Predicted uncertainity -0.6091
INFO:__main__:Completed epoch 63 of 100

INFO:__main__:NLL: 0.0632, L2: 0.0075, Reg: 0.0456
INFO:__main__:Total loss 0.1163
INFO:__main__:Predicted mean: -0.3938
INFO:__main__:Predicted uncertainity -0.6098
INFO:__main__:Completed epoch 64 of 100

INFO:__main__:NLL: 0.0207, L2: 0.0073, Reg: 0.0497
INFO:__main__:Total loss 0.0777
INFO:__main__:Predicted mean: -0.4058
INFO:__main__:Predicted uncertainity -0.6562
INFO:__main__:Completed epoch 65 of 100

INFO:__main__:NLL: 0.2158, L2: 0.0073, Reg: 0.0531
INFO:__main__:Total loss 0.2762
INFO:__main__:Predicted mean: -0.4387
INFO:__main__:Predicted uncertainity -0.6189
INFO:__main__:Completed epoch 66 of 100

INFO:__main__:NLL: 0.0689, L2: 0.0069, Reg: 0.0463
INFO:__main__:Total loss 0.1221
INFO:__main__:Predicted mean: -0.3831
INFO:__main__:Predicted uncertainity -0.6432
INFO:__main__:Completed epoch 67 of 100

INFO:__main__:NLL: 0.0315, L2: 0.0076, Reg: 0.0488
INFO:__main__:Total loss 0.0880
INFO:__main__:Predicted mean: -0.3852
INFO:__main__:Predicted uncertainity -0.6603
INFO:__main__:Completed epoch 68 of 100

INFO:__main__:NLL: 0.0871, L2: 0.0077, Reg: 0.0500
INFO:__main__:Total loss 0.1447
INFO:__main__:Predicted mean: -0.4143
INFO:__main__:Predicted uncertainity -0.6567
INFO:__main__:Completed epoch 69 of 100

INFO:__main__:NLL: 0.4032, L2: 0.0081, Reg: 0.0585
INFO:__main__:Total loss 0.4699
INFO:__main__:Predicted mean: -0.4555
INFO:__main__:Predicted uncertainity -0.5767
INFO:__main__:Completed epoch 70 of 100

INFO:__main__:NLL: -0.0360, L2: 0.0075, Reg: 0.0496
INFO:__main__:Total loss 0.0211
INFO:__main__:Predicted mean: -0.4168
INFO:__main__:Predicted uncertainity -0.6347
INFO:__main__:Completed epoch 71 of 100

INFO:__main__:NLL: 0.2696, L2: 0.0077, Reg: 0.0752
INFO:__main__:Total loss 0.3524
INFO:__main__:Predicted mean: -0.4418
INFO:__main__:Predicted uncertainity -0.6822
INFO:__main__:Completed epoch 72 of 100

INFO:__main__:NLL: 0.3174, L2: 0.0079, Reg: 0.0483
INFO:__main__:Total loss 0.3736
INFO:__main__:Predicted mean: -0.4147
INFO:__main__:Predicted uncertainity -0.6492
INFO:__main__:Completed epoch 73 of 100

INFO:__main__:NLL: 0.0743, L2: 0.0077, Reg: 0.0554
INFO:__main__:Total loss 0.1374
INFO:__main__:Predicted mean: -0.3675
INFO:__main__:Predicted uncertainity -0.6808
INFO:__main__:Completed epoch 74 of 100

INFO:__main__:NLL: 0.0493, L2: 0.0078, Reg: 0.0558
INFO:__main__:Total loss 0.1128
INFO:__main__:Predicted mean: -0.4295
INFO:__main__:Predicted uncertainity -0.6288
INFO:__main__:Completed epoch 75 of 100

INFO:__main__:NLL: 0.1353, L2: 0.0079, Reg: 0.0399
INFO:__main__:Total loss 0.1831
INFO:__main__:Predicted mean: -0.4236
INFO:__main__:Predicted uncertainity -0.5695
INFO:__main__:Completed epoch 76 of 100

INFO:__main__:NLL: 0.1945, L2: 0.0073, Reg: 0.0487
INFO:__main__:Total loss 0.2506
INFO:__main__:Predicted mean: -0.4584
INFO:__main__:Predicted uncertainity -0.6163
INFO:__main__:Completed epoch 77 of 100

INFO:__main__:NLL: 0.1596, L2: 0.0078, Reg: 0.0523
INFO:__main__:Total loss 0.2196
INFO:__main__:Predicted mean: -0.3729
INFO:__main__:Predicted uncertainity -0.6227
INFO:__main__:Completed epoch 78 of 100

INFO:__main__:NLL: 0.1751, L2: 0.0074, Reg: 0.0377
INFO:__main__:Total loss 0.2203
INFO:__main__:Predicted mean: -0.3862
INFO:__main__:Predicted uncertainity -0.5854
INFO:__main__:Completed epoch 79 of 100

INFO:__main__:NLL: 0.1395, L2: 0.0075, Reg: 0.0646
INFO:__main__:Total loss 0.2115
INFO:__main__:Predicted mean: -0.3927
INFO:__main__:Predicted uncertainity -0.5636
INFO:__main__:Completed epoch 80 of 100

INFO:__main__:NLL: 0.0508, L2: 0.0076, Reg: 0.0501
INFO:__main__:Total loss 0.1086
INFO:__main__:Predicted mean: -0.3983
INFO:__main__:Predicted uncertainity -0.6571
INFO:__main__:Completed epoch 81 of 100

INFO:__main__:NLL: 0.1119, L2: 0.0074, Reg: 0.0480
INFO:__main__:Total loss 0.1673
INFO:__main__:Predicted mean: -0.3856
INFO:__main__:Predicted uncertainity -0.6789
INFO:__main__:Completed epoch 82 of 100

INFO:__main__:NLL: 0.1099, L2: 0.0075, Reg: 0.0473
INFO:__main__:Total loss 0.1647
INFO:__main__:Predicted mean: -0.4279
INFO:__main__:Predicted uncertainity -0.5690
INFO:__main__:Completed epoch 83 of 100

INFO:__main__:NLL: 0.3255, L2: 0.0075, Reg: 0.0452
INFO:__main__:Total loss 0.3782
INFO:__main__:Predicted mean: -0.3816
INFO:__main__:Predicted uncertainity -0.5962
INFO:__main__:Completed epoch 84 of 100

INFO:__main__:NLL: 0.1518, L2: 0.0079, Reg: 0.0451
INFO:__main__:Total loss 0.2048
INFO:__main__:Predicted mean: -0.3738
INFO:__main__:Predicted uncertainity -0.5405
INFO:__main__:Completed epoch 85 of 100

INFO:__main__:NLL: -0.0175, L2: 0.0077, Reg: 0.0562
INFO:__main__:Total loss 0.0465
INFO:__main__:Predicted mean: -0.4299
INFO:__main__:Predicted uncertainity -0.6130
INFO:__main__:Completed epoch 86 of 100

INFO:__main__:NLL: 0.1025, L2: 0.0074, Reg: 0.0500
INFO:__main__:Total loss 0.1599
INFO:__main__:Predicted mean: -0.4322
INFO:__main__:Predicted uncertainity -0.5800
INFO:__main__:Completed epoch 87 of 100

INFO:__main__:NLL: 0.1405, L2: 0.0078, Reg: 0.0432
INFO:__main__:Total loss 0.1915
INFO:__main__:Predicted mean: -0.3835
INFO:__main__:Predicted uncertainity -0.5956
INFO:__main__:Completed epoch 88 of 100

INFO:__main__:NLL: 0.0689, L2: 0.0080, Reg: 0.0437
INFO:__main__:Total loss 0.1207
INFO:__main__:Predicted mean: -0.3529
INFO:__main__:Predicted uncertainity -0.6267
INFO:__main__:Completed epoch 89 of 100

INFO:__main__:NLL: 0.1659, L2: 0.0080, Reg: 0.0497
INFO:__main__:Total loss 0.2236
INFO:__main__:Predicted mean: -0.4011
INFO:__main__:Predicted uncertainity -0.6148
INFO:__main__:Completed epoch 90 of 100

INFO:__main__:NLL: 0.1956, L2: 0.0076, Reg: 0.0547
INFO:__main__:Total loss 0.2580
INFO:__main__:Predicted mean: -0.4785
INFO:__main__:Predicted uncertainity -0.6880
INFO:__main__:Completed epoch 91 of 100

INFO:__main__:NLL: 0.1236, L2: 0.0075, Reg: 0.0580
INFO:__main__:Total loss 0.1890
INFO:__main__:Predicted mean: -0.3886
INFO:__main__:Predicted uncertainity -0.6857
INFO:__main__:Completed epoch 92 of 100

INFO:__main__:NLL: 0.0626, L2: 0.0080, Reg: 0.0499
INFO:__main__:Total loss 0.1205
INFO:__main__:Predicted mean: -0.3839
INFO:__main__:Predicted uncertainity -0.6318
INFO:__main__:Completed epoch 93 of 100

INFO:__main__:NLL: 0.1085, L2: 0.0079, Reg: 0.0511
INFO:__main__:Total loss 0.1676
INFO:__main__:Predicted mean: -0.3939
INFO:__main__:Predicted uncertainity -0.5651
INFO:__main__:Completed epoch 94 of 100

INFO:__main__:NLL: 0.1452, L2: 0.0076, Reg: 0.0444
INFO:__main__:Total loss 0.1972
INFO:__main__:Predicted mean: -0.3791
INFO:__main__:Predicted uncertainity -0.5894
INFO:__main__:Completed epoch 95 of 100

INFO:__main__:NLL: 0.2855, L2: 0.0077, Reg: 0.0494
INFO:__main__:Total loss 0.3426
INFO:__main__:Predicted mean: -0.4441
INFO:__main__:Predicted uncertainity -0.6481
INFO:__main__:Completed epoch 96 of 100

INFO:__main__:NLL: 0.1537, L2: 0.0079, Reg: 0.0355
INFO:__main__:Total loss 0.1970
INFO:__main__:Predicted mean: -0.3603
INFO:__main__:Predicted uncertainity -0.5736
INFO:__main__:Completed epoch 97 of 100

INFO:__main__:NLL: 0.0808, L2: 0.0077, Reg: 0.0518
INFO:__main__:Total loss 0.1403
INFO:__main__:Predicted mean: -0.4078
INFO:__main__:Predicted uncertainity -0.6222
INFO:__main__:Completed epoch 98 of 100

INFO:__main__:NLL: 0.1603, L2: 0.0075, Reg: 0.0552
INFO:__main__:Total loss 0.2229
INFO:__main__:Predicted mean: -0.4527
INFO:__main__:Predicted uncertainity -0.6916
INFO:__main__:Completed epoch 99 of 100

INFO:__main__:NLL: 0.1637, L2: 0.0075, Reg: 0.0461
INFO:__main__:Total loss 0.2173
INFO:__main__:Predicted mean: -0.4123
INFO:__main__:Predicted uncertainity -0.6533
INFO:__main__:Completed epoch 100 of 100

INFO:__main__:386.822491 s
