INFO:__main__:PROCESS RUNNING ON cpu
INFO:__main__:NLL: 0.2619, L2: 0.0194, Reg: 0.1447
INFO:__main__:Total loss 0.4260
INFO:__main__:Predicted mean: -0.3358
INFO:__main__:Predicted uncertainity -0.2856
INFO:__main__:Completed epoch 1 of 100

INFO:__main__:NLL: 0.2617, L2: 0.0195, Reg: 0.1447
INFO:__main__:Total loss 0.4259
INFO:__main__:Predicted mean: -0.3355
INFO:__main__:Predicted uncertainity -0.2873
INFO:__main__:Completed epoch 2 of 100

INFO:__main__:NLL: 0.2616, L2: 0.0195, Reg: 0.1446
INFO:__main__:Total loss 0.4258
INFO:__main__:Predicted mean: -0.3354
INFO:__main__:Predicted uncertainity -0.2880
INFO:__main__:Completed epoch 3 of 100

INFO:__main__:NLL: 0.2616, L2: 0.0195, Reg: 0.1448
INFO:__main__:Total loss 0.4260
INFO:__main__:Predicted mean: -0.3354
INFO:__main__:Predicted uncertainity -0.2880
INFO:__main__:Completed epoch 4 of 100

INFO:__main__:NLL: 0.2616, L2: 0.0195, Reg: 0.1451
INFO:__main__:Total loss 0.4263
INFO:__main__:Predicted mean: -0.3354
INFO:__main__:Predicted uncertainity -0.2880
INFO:__main__:Completed epoch 5 of 100

INFO:__main__:NLL: 0.2616, L2: 0.0196, Reg: 0.1446
INFO:__main__:Total loss 0.4257
INFO:__main__:Predicted mean: -0.3354
INFO:__main__:Predicted uncertainity -0.2882
INFO:__main__:Completed epoch 6 of 100

INFO:__main__:NLL: 0.2616, L2: 0.0196, Reg: 0.1450
INFO:__main__:Total loss 0.4262
INFO:__main__:Predicted mean: -0.3353
INFO:__main__:Predicted uncertainity -0.2882
INFO:__main__:Completed epoch 7 of 100

INFO:__main__:NLL: 0.2616, L2: 0.0196, Reg: 0.1447
INFO:__main__:Total loss 0.4258
INFO:__main__:Predicted mean: -0.3353
INFO:__main__:Predicted uncertainity -0.2886
INFO:__main__:Completed epoch 8 of 100

INFO:__main__:NLL: 0.2615, L2: 0.0196, Reg: 0.1451
INFO:__main__:Total loss 0.4262
INFO:__main__:Predicted mean: -0.3352
INFO:__main__:Predicted uncertainity -0.2885
INFO:__main__:Completed epoch 9 of 100

INFO:__main__:NLL: 0.2616, L2: 0.0196, Reg: 0.1448
INFO:__main__:Total loss 0.4260
INFO:__main__:Predicted mean: -0.3353
INFO:__main__:Predicted uncertainity -0.2883
INFO:__main__:Completed epoch 10 of 100

INFO:__main__:NLL: 0.2616, L2: 0.0196, Reg: 0.1448
INFO:__main__:Total loss 0.4260
INFO:__main__:Predicted mean: -0.3354
INFO:__main__:Predicted uncertainity -0.2885
INFO:__main__:Completed epoch 11 of 100

INFO:__main__:NLL: 0.2616, L2: 0.0196, Reg: 0.1447
INFO:__main__:Total loss 0.4259
INFO:__main__:Predicted mean: -0.3353
INFO:__main__:Predicted uncertainity -0.2879
INFO:__main__:Completed epoch 12 of 100

INFO:__main__:NLL: 0.2616, L2: 0.0196, Reg: 0.1450
INFO:__main__:Total loss 0.4262
INFO:__main__:Predicted mean: -0.3352
INFO:__main__:Predicted uncertainity -0.2880
INFO:__main__:Completed epoch 13 of 100

INFO:__main__:NLL: 0.2616, L2: 0.0196, Reg: 0.1447
INFO:__main__:Total loss 0.4259
INFO:__main__:Predicted mean: -0.3353
INFO:__main__:Predicted uncertainity -0.2885
INFO:__main__:Completed epoch 14 of 100

INFO:__main__:NLL: 0.2616, L2: 0.0196, Reg: 0.1443
INFO:__main__:Total loss 0.4255
INFO:__main__:Predicted mean: -0.3354
INFO:__main__:Predicted uncertainity -0.2881
INFO:__main__:Completed epoch 15 of 100

INFO:__main__:NLL: 0.2616, L2: 0.0196, Reg: 0.1445
INFO:__main__:Total loss 0.4257
INFO:__main__:Predicted mean: -0.3354
INFO:__main__:Predicted uncertainity -0.2883
INFO:__main__:Completed epoch 16 of 100

INFO:__main__:NLL: 0.2616, L2: 0.0196, Reg: 0.1448
INFO:__main__:Total loss 0.4260
INFO:__main__:Predicted mean: -0.3353
INFO:__main__:Predicted uncertainity -0.2884
INFO:__main__:Completed epoch 17 of 100

INFO:__main__:NLL: 0.2616, L2: 0.0196, Reg: 0.1446
INFO:__main__:Total loss 0.4257
INFO:__main__:Predicted mean: -0.3353
INFO:__main__:Predicted uncertainity -0.2883
INFO:__main__:Completed epoch 18 of 100

INFO:__main__:NLL: 0.2616, L2: 0.0196, Reg: 0.1449
INFO:__main__:Total loss 0.4260
INFO:__main__:Predicted mean: -0.3353
INFO:__main__:Predicted uncertainity -0.2883
INFO:__main__:Completed epoch 19 of 100

INFO:__main__:NLL: 0.2616, L2: 0.0196, Reg: 0.1447
INFO:__main__:Total loss 0.4259
INFO:__main__:Predicted mean: -0.3354
INFO:__main__:Predicted uncertainity -0.2884
INFO:__main__:Completed epoch 20 of 100

INFO:__main__:NLL: 0.2616, L2: 0.0196, Reg: 0.1449
INFO:__main__:Total loss 0.4261
INFO:__main__:Predicted mean: -0.3354
INFO:__main__:Predicted uncertainity -0.2883
INFO:__main__:Completed epoch 21 of 100

INFO:__main__:NLL: 0.2616, L2: 0.0196, Reg: 0.1447
INFO:__main__:Total loss 0.4259
INFO:__main__:Predicted mean: -0.3354
INFO:__main__:Predicted uncertainity -0.2885
INFO:__main__:Completed epoch 22 of 100

INFO:__main__:NLL: 0.2616, L2: 0.0196, Reg: 0.1450
INFO:__main__:Total loss 0.4262
INFO:__main__:Predicted mean: -0.3353
INFO:__main__:Predicted uncertainity -0.2885
INFO:__main__:Completed epoch 23 of 100

INFO:__main__:NLL: 0.2616, L2: 0.0196, Reg: 0.1447
INFO:__main__:Total loss 0.4260
INFO:__main__:Predicted mean: -0.3354
INFO:__main__:Predicted uncertainity -0.2883
INFO:__main__:Completed epoch 24 of 100

INFO:__main__:NLL: 0.2616, L2: 0.0196, Reg: 0.1449
INFO:__main__:Total loss 0.4261
INFO:__main__:Predicted mean: -0.3353
INFO:__main__:Predicted uncertainity -0.2885
INFO:__main__:Completed epoch 25 of 100

INFO:__main__:NLL: 0.2616, L2: 0.0196, Reg: 0.1452
INFO:__main__:Total loss 0.4264
INFO:__main__:Predicted mean: -0.3352
INFO:__main__:Predicted uncertainity -0.2885
INFO:__main__:Completed epoch 26 of 100

INFO:__main__:NLL: 0.2616, L2: 0.0196, Reg: 0.1445
INFO:__main__:Total loss 0.4257
INFO:__main__:Predicted mean: -0.3352
INFO:__main__:Predicted uncertainity -0.2883
INFO:__main__:Completed epoch 27 of 100

INFO:__main__:NLL: 0.2616, L2: 0.0196, Reg: 0.1445
INFO:__main__:Total loss 0.4257
INFO:__main__:Predicted mean: -0.3353
INFO:__main__:Predicted uncertainity -0.2884
INFO:__main__:Completed epoch 28 of 100

INFO:__main__:NLL: 0.2616, L2: 0.0196, Reg: 0.1448
INFO:__main__:Total loss 0.4260
INFO:__main__:Predicted mean: -0.3354
INFO:__main__:Predicted uncertainity -0.2885
INFO:__main__:Completed epoch 29 of 100

INFO:__main__:NLL: 0.2616, L2: 0.0196, Reg: 0.1443
INFO:__main__:Total loss 0.4255
INFO:__main__:Predicted mean: -0.3353
INFO:__main__:Predicted uncertainity -0.2884
INFO:__main__:Completed epoch 30 of 100

INFO:__main__:NLL: 0.2616, L2: 0.0196, Reg: 0.1447
INFO:__main__:Total loss 0.4258
INFO:__main__:Predicted mean: -0.3353
INFO:__main__:Predicted uncertainity -0.2884
INFO:__main__:Completed epoch 31 of 100

INFO:__main__:NLL: 0.2616, L2: 0.0196, Reg: 0.1446
INFO:__main__:Total loss 0.4258
INFO:__main__:Predicted mean: -0.3353
INFO:__main__:Predicted uncertainity -0.2887
INFO:__main__:Completed epoch 32 of 100

INFO:__main__:NLL: 0.2616, L2: 0.0196, Reg: 0.1447
INFO:__main__:Total loss 0.4259
INFO:__main__:Predicted mean: -0.3353
INFO:__main__:Predicted uncertainity -0.2885
INFO:__main__:Completed epoch 33 of 100

INFO:__main__:NLL: 0.2616, L2: 0.0196, Reg: 0.1448
INFO:__main__:Total loss 0.4260
INFO:__main__:Predicted mean: -0.3353
INFO:__main__:Predicted uncertainity -0.2886
INFO:__main__:Completed epoch 34 of 100

INFO:__main__:NLL: 0.2616, L2: 0.0196, Reg: 0.1451
INFO:__main__:Total loss 0.4262
INFO:__main__:Predicted mean: -0.3353
INFO:__main__:Predicted uncertainity -0.2885
INFO:__main__:Completed epoch 35 of 100

INFO:__main__:NLL: 0.2616, L2: 0.0196, Reg: 0.1444
INFO:__main__:Total loss 0.4256
INFO:__main__:Predicted mean: -0.3353
INFO:__main__:Predicted uncertainity -0.2884
INFO:__main__:Completed epoch 36 of 100

INFO:__main__:NLL: 0.2616, L2: 0.0196, Reg: 0.1447
INFO:__main__:Total loss 0.4259
INFO:__main__:Predicted mean: -0.3353
INFO:__main__:Predicted uncertainity -0.2884
INFO:__main__:Completed epoch 37 of 100

INFO:__main__:NLL: 0.2616, L2: 0.0196, Reg: 0.1447
INFO:__main__:Total loss 0.4259
INFO:__main__:Predicted mean: -0.3353
INFO:__main__:Predicted uncertainity -0.2882
INFO:__main__:Completed epoch 38 of 100

INFO:__main__:NLL: 0.2616, L2: 0.0196, Reg: 0.1445
INFO:__main__:Total loss 0.4257
INFO:__main__:Predicted mean: -0.3353
INFO:__main__:Predicted uncertainity -0.2883
INFO:__main__:Completed epoch 39 of 100

INFO:__main__:NLL: 0.2616, L2: 0.0196, Reg: 0.1447
INFO:__main__:Total loss 0.4259
INFO:__main__:Predicted mean: -0.3353
INFO:__main__:Predicted uncertainity -0.2883
INFO:__main__:Completed epoch 40 of 100

INFO:__main__:NLL: 0.2616, L2: 0.0196, Reg: 0.1449
INFO:__main__:Total loss 0.4261
INFO:__main__:Predicted mean: -0.3353
INFO:__main__:Predicted uncertainity -0.2883
INFO:__main__:Completed epoch 41 of 100

INFO:__main__:NLL: 0.2616, L2: 0.0196, Reg: 0.1451
INFO:__main__:Total loss 0.4262
INFO:__main__:Predicted mean: -0.3354
INFO:__main__:Predicted uncertainity -0.2886
INFO:__main__:Completed epoch 42 of 100

INFO:__main__:NLL: 0.2616, L2: 0.0196, Reg: 0.1448
INFO:__main__:Total loss 0.4260
INFO:__main__:Predicted mean: -0.3353
INFO:__main__:Predicted uncertainity -0.2883
INFO:__main__:Completed epoch 43 of 100

INFO:__main__:NLL: 0.2616, L2: 0.0196, Reg: 0.1447
INFO:__main__:Total loss 0.4259
INFO:__main__:Predicted mean: -0.3353
INFO:__main__:Predicted uncertainity -0.2886
INFO:__main__:Completed epoch 44 of 100

INFO:__main__:NLL: 0.2616, L2: 0.0196, Reg: 0.1446
INFO:__main__:Total loss 0.4258
INFO:__main__:Predicted mean: -0.3353
INFO:__main__:Predicted uncertainity -0.2880
INFO:__main__:Completed epoch 45 of 100

INFO:__main__:NLL: 0.2616, L2: 0.0196, Reg: 0.1444
INFO:__main__:Total loss 0.4256
INFO:__main__:Predicted mean: -0.3353
INFO:__main__:Predicted uncertainity -0.2885
INFO:__main__:Completed epoch 46 of 100

INFO:__main__:NLL: 0.2616, L2: 0.0196, Reg: 0.1449
INFO:__main__:Total loss 0.4260
INFO:__main__:Predicted mean: -0.3353
INFO:__main__:Predicted uncertainity -0.2884
INFO:__main__:Completed epoch 47 of 100

INFO:__main__:NLL: 0.2616, L2: 0.0196, Reg: 0.1449
INFO:__main__:Total loss 0.4261
INFO:__main__:Predicted mean: -0.3353
INFO:__main__:Predicted uncertainity -0.2886
INFO:__main__:Completed epoch 48 of 100

INFO:__main__:NLL: 0.2616, L2: 0.0196, Reg: 0.1447
INFO:__main__:Total loss 0.4259
INFO:__main__:Predicted mean: -0.3353
INFO:__main__:Predicted uncertainity -0.2883
INFO:__main__:Completed epoch 49 of 100

INFO:__main__:NLL: 0.2616, L2: 0.0196, Reg: 0.1449
INFO:__main__:Total loss 0.4261
INFO:__main__:Predicted mean: -0.3353
INFO:__main__:Predicted uncertainity -0.2884
INFO:__main__:Completed epoch 50 of 100

INFO:__main__:NLL: 0.2616, L2: 0.0196, Reg: 0.1447
INFO:__main__:Total loss 0.4259
INFO:__main__:Predicted mean: -0.3354
INFO:__main__:Predicted uncertainity -0.2885
INFO:__main__:Completed epoch 51 of 100

INFO:__main__:NLL: 0.2616, L2: 0.0196, Reg: 0.1446
INFO:__main__:Total loss 0.4257
INFO:__main__:Predicted mean: -0.3354
INFO:__main__:Predicted uncertainity -0.2884
INFO:__main__:Completed epoch 52 of 100

INFO:__main__:NLL: 0.2616, L2: 0.0196, Reg: 0.1448
INFO:__main__:Total loss 0.4260
INFO:__main__:Predicted mean: -0.3354
INFO:__main__:Predicted uncertainity -0.2883
INFO:__main__:Completed epoch 53 of 100

INFO:__main__:NLL: 0.2616, L2: 0.0196, Reg: 0.1445
INFO:__main__:Total loss 0.4257
INFO:__main__:Predicted mean: -0.3354
INFO:__main__:Predicted uncertainity -0.2885
INFO:__main__:Completed epoch 54 of 100

INFO:__main__:NLL: 0.2617, L2: 0.0196, Reg: 0.1449
INFO:__main__:Total loss 0.4263
INFO:__main__:Predicted mean: -0.3355
INFO:__main__:Predicted uncertainity -0.2885
INFO:__main__:Completed epoch 55 of 100

INFO:__main__:NLL: 0.2616, L2: 0.0196, Reg: 0.1446
INFO:__main__:Total loss 0.4258
INFO:__main__:Predicted mean: -0.3353
INFO:__main__:Predicted uncertainity -0.2885
INFO:__main__:Completed epoch 56 of 100

INFO:__main__:NLL: 0.2616, L2: 0.0196, Reg: 0.1447
INFO:__main__:Total loss 0.4259
INFO:__main__:Predicted mean: -0.3353
INFO:__main__:Predicted uncertainity -0.2887
INFO:__main__:Completed epoch 57 of 100

INFO:__main__:NLL: 0.2616, L2: 0.0196, Reg: 0.1449
INFO:__main__:Total loss 0.4261
INFO:__main__:Predicted mean: -0.3353
INFO:__main__:Predicted uncertainity -0.2883
INFO:__main__:Completed epoch 58 of 100

INFO:__main__:NLL: 0.2616, L2: 0.0196, Reg: 0.1451
INFO:__main__:Total loss 0.4263
INFO:__main__:Predicted mean: -0.3354
INFO:__main__:Predicted uncertainity -0.2883
INFO:__main__:Completed epoch 59 of 100

INFO:__main__:NLL: 0.2616, L2: 0.0196, Reg: 0.1446
INFO:__main__:Total loss 0.4257
INFO:__main__:Predicted mean: -0.3353
INFO:__main__:Predicted uncertainity -0.2884
INFO:__main__:Completed epoch 60 of 100

INFO:__main__:NLL: 0.2616, L2: 0.0196, Reg: 0.1447
INFO:__main__:Total loss 0.4259
INFO:__main__:Predicted mean: -0.3352
INFO:__main__:Predicted uncertainity -0.2881
INFO:__main__:Completed epoch 61 of 100

INFO:__main__:NLL: 0.2616, L2: 0.0196, Reg: 0.1450
INFO:__main__:Total loss 0.4262
INFO:__main__:Predicted mean: -0.3353
INFO:__main__:Predicted uncertainity -0.2887
INFO:__main__:Completed epoch 62 of 100

INFO:__main__:NLL: 0.2616, L2: 0.0196, Reg: 0.1448
INFO:__main__:Total loss 0.4260
INFO:__main__:Predicted mean: -0.3353
INFO:__main__:Predicted uncertainity -0.2885
INFO:__main__:Completed epoch 63 of 100

INFO:__main__:NLL: 0.2616, L2: 0.0196, Reg: 0.1449
INFO:__main__:Total loss 0.4260
INFO:__main__:Predicted mean: -0.3353
INFO:__main__:Predicted uncertainity -0.2883
INFO:__main__:Completed epoch 64 of 100

INFO:__main__:NLL: 0.2616, L2: 0.0196, Reg: 0.1448
INFO:__main__:Total loss 0.4260
INFO:__main__:Predicted mean: -0.3353
INFO:__main__:Predicted uncertainity -0.2885
INFO:__main__:Completed epoch 65 of 100

INFO:__main__:NLL: 0.2616, L2: 0.0196, Reg: 0.1451
INFO:__main__:Total loss 0.4262
INFO:__main__:Predicted mean: -0.3354
INFO:__main__:Predicted uncertainity -0.2883
INFO:__main__:Completed epoch 66 of 100

INFO:__main__:NLL: 0.2616, L2: 0.0196, Reg: 0.1448
INFO:__main__:Total loss 0.4260
INFO:__main__:Predicted mean: -0.3354
INFO:__main__:Predicted uncertainity -0.2886
INFO:__main__:Completed epoch 67 of 100

INFO:__main__:NLL: 0.2616, L2: 0.0196, Reg: 0.1447
INFO:__main__:Total loss 0.4259
INFO:__main__:Predicted mean: -0.3353
INFO:__main__:Predicted uncertainity -0.2883
INFO:__main__:Completed epoch 68 of 100

INFO:__main__:NLL: 0.2616, L2: 0.0197, Reg: 0.1447
INFO:__main__:Total loss 0.4260
INFO:__main__:Predicted mean: -0.3356
INFO:__main__:Predicted uncertainity -0.2887
INFO:__main__:Completed epoch 69 of 100

INFO:__main__:NLL: 0.2617, L2: 0.0197, Reg: 0.1448
INFO:__main__:Total loss 0.4262
INFO:__main__:Predicted mean: -0.3357
INFO:__main__:Predicted uncertainity -0.2883
INFO:__main__:Completed epoch 70 of 100

INFO:__main__:NLL: 0.2616, L2: 0.0196, Reg: 0.1447
INFO:__main__:Total loss 0.4259
INFO:__main__:Predicted mean: -0.3354
INFO:__main__:Predicted uncertainity -0.2881
INFO:__main__:Completed epoch 71 of 100

INFO:__main__:NLL: 0.2616, L2: 0.0196, Reg: 0.1447
INFO:__main__:Total loss 0.4259
INFO:__main__:Predicted mean: -0.3354
INFO:__main__:Predicted uncertainity -0.2882
INFO:__main__:Completed epoch 72 of 100

INFO:__main__:NLL: 0.2616, L2: 0.0196, Reg: 0.1449
INFO:__main__:Total loss 0.4261
INFO:__main__:Predicted mean: -0.3354
INFO:__main__:Predicted uncertainity -0.2881
INFO:__main__:Completed epoch 73 of 100

INFO:__main__:NLL: 0.2616, L2: 0.0196, Reg: 0.1453
INFO:__main__:Total loss 0.4265
INFO:__main__:Predicted mean: -0.3354
INFO:__main__:Predicted uncertainity -0.2883
INFO:__main__:Completed epoch 74 of 100

INFO:__main__:NLL: 0.2616, L2: 0.0196, Reg: 0.1448
INFO:__main__:Total loss 0.4260
INFO:__main__:Predicted mean: -0.3354
INFO:__main__:Predicted uncertainity -0.2882
INFO:__main__:Completed epoch 75 of 100

INFO:__main__:NLL: 0.2616, L2: 0.0196, Reg: 0.1450
INFO:__main__:Total loss 0.4262
INFO:__main__:Predicted mean: -0.3353
INFO:__main__:Predicted uncertainity -0.2883
INFO:__main__:Completed epoch 76 of 100

INFO:__main__:NLL: 0.2616, L2: 0.0196, Reg: 0.1449
INFO:__main__:Total loss 0.4261
INFO:__main__:Predicted mean: -0.3353
INFO:__main__:Predicted uncertainity -0.2882
INFO:__main__:Completed epoch 77 of 100

INFO:__main__:NLL: 0.2616, L2: 0.0196, Reg: 0.1446
INFO:__main__:Total loss 0.4258
INFO:__main__:Predicted mean: -0.3354
INFO:__main__:Predicted uncertainity -0.2884
INFO:__main__:Completed epoch 78 of 100

INFO:__main__:NLL: 0.2616, L2: 0.0196, Reg: 0.1446
INFO:__main__:Total loss 0.4258
INFO:__main__:Predicted mean: -0.3353
INFO:__main__:Predicted uncertainity -0.2883
INFO:__main__:Completed epoch 79 of 100

INFO:__main__:NLL: 0.2616, L2: 0.0196, Reg: 0.1447
INFO:__main__:Total loss 0.4259
INFO:__main__:Predicted mean: -0.3353
INFO:__main__:Predicted uncertainity -0.2883
INFO:__main__:Completed epoch 80 of 100

INFO:__main__:NLL: 0.2616, L2: 0.0196, Reg: 0.1446
INFO:__main__:Total loss 0.4258
INFO:__main__:Predicted mean: -0.3354
INFO:__main__:Predicted uncertainity -0.2885
INFO:__main__:Completed epoch 81 of 100

INFO:__main__:NLL: 0.2616, L2: 0.0196, Reg: 0.1447
INFO:__main__:Total loss 0.4259
INFO:__main__:Predicted mean: -0.3353
INFO:__main__:Predicted uncertainity -0.2883
INFO:__main__:Completed epoch 82 of 100

INFO:__main__:NLL: 0.2615, L2: 0.0196, Reg: 0.1450
INFO:__main__:Total loss 0.4261
INFO:__main__:Predicted mean: -0.3352
INFO:__main__:Predicted uncertainity -0.2885
INFO:__main__:Completed epoch 83 of 100

INFO:__main__:NLL: 0.2616, L2: 0.0196, Reg: 0.1447
INFO:__main__:Total loss 0.4259
INFO:__main__:Predicted mean: -0.3354
INFO:__main__:Predicted uncertainity -0.2885
INFO:__main__:Completed epoch 84 of 100

INFO:__main__:NLL: 0.2616, L2: 0.0197, Reg: 0.1448
INFO:__main__:Total loss 0.4261
INFO:__main__:Predicted mean: -0.3358
INFO:__main__:Predicted uncertainity -0.2887
INFO:__main__:Completed epoch 85 of 100

INFO:__main__:NLL: 0.2616, L2: 0.0197, Reg: 0.1447
INFO:__main__:Total loss 0.4261
INFO:__main__:Predicted mean: -0.3357
INFO:__main__:Predicted uncertainity -0.2886
INFO:__main__:Completed epoch 86 of 100

INFO:__main__:NLL: 0.2616, L2: 0.0196, Reg: 0.1446
INFO:__main__:Total loss 0.4258
INFO:__main__:Predicted mean: -0.3353
INFO:__main__:Predicted uncertainity -0.2886
INFO:__main__:Completed epoch 87 of 100

INFO:__main__:NLL: 0.2615, L2: 0.0196, Reg: 0.1445
INFO:__main__:Total loss 0.4257
INFO:__main__:Predicted mean: -0.3352
INFO:__main__:Predicted uncertainity -0.2886
INFO:__main__:Completed epoch 88 of 100

INFO:__main__:NLL: 0.2616, L2: 0.0196, Reg: 0.1444
INFO:__main__:Total loss 0.4255
INFO:__main__:Predicted mean: -0.3353
INFO:__main__:Predicted uncertainity -0.2887
INFO:__main__:Completed epoch 89 of 100

INFO:__main__:NLL: 0.2617, L2: 0.0196, Reg: 0.1448
INFO:__main__:Total loss 0.4260
INFO:__main__:Predicted mean: -0.3355
INFO:__main__:Predicted uncertainity -0.2879
INFO:__main__:Completed epoch 90 of 100

INFO:__main__:NLL: 0.2616, L2: 0.0196, Reg: 0.1448
INFO:__main__:Total loss 0.4259
INFO:__main__:Predicted mean: -0.3353
INFO:__main__:Predicted uncertainity -0.2885
INFO:__main__:Completed epoch 91 of 100

INFO:__main__:NLL: 0.2616, L2: 0.0196, Reg: 0.1448
INFO:__main__:Total loss 0.4260
INFO:__main__:Predicted mean: -0.3354
INFO:__main__:Predicted uncertainity -0.2880
INFO:__main__:Completed epoch 92 of 100

INFO:__main__:NLL: 0.2616, L2: 0.0196, Reg: 0.1448
INFO:__main__:Total loss 0.4260
INFO:__main__:Predicted mean: -0.3354
INFO:__main__:Predicted uncertainity -0.2883
INFO:__main__:Completed epoch 93 of 100

INFO:__main__:NLL: 0.2616, L2: 0.0196, Reg: 0.1449
INFO:__main__:Total loss 0.4261
INFO:__main__:Predicted mean: -0.3353
INFO:__main__:Predicted uncertainity -0.2888
INFO:__main__:Completed epoch 94 of 100

INFO:__main__:NLL: 0.2616, L2: 0.0196, Reg: 0.1448
INFO:__main__:Total loss 0.4259
INFO:__main__:Predicted mean: -0.3353
INFO:__main__:Predicted uncertainity -0.2885
INFO:__main__:Completed epoch 95 of 100

INFO:__main__:NLL: 0.2616, L2: 0.0196, Reg: 0.1446
INFO:__main__:Total loss 0.4258
INFO:__main__:Predicted mean: -0.3354
INFO:__main__:Predicted uncertainity -0.2883
INFO:__main__:Completed epoch 96 of 100

INFO:__main__:NLL: 0.2616, L2: 0.0196, Reg: 0.1447
INFO:__main__:Total loss 0.4259
INFO:__main__:Predicted mean: -0.3353
INFO:__main__:Predicted uncertainity -0.2883
INFO:__main__:Completed epoch 97 of 100

INFO:__main__:NLL: 0.2616, L2: 0.0196, Reg: 0.1444
INFO:__main__:Total loss 0.4256
INFO:__main__:Predicted mean: -0.3353
INFO:__main__:Predicted uncertainity -0.2884
INFO:__main__:Completed epoch 98 of 100

INFO:__main__:NLL: 0.2616, L2: 0.0196, Reg: 0.1450
INFO:__main__:Total loss 0.4261
INFO:__main__:Predicted mean: -0.3353
INFO:__main__:Predicted uncertainity -0.2886
INFO:__main__:Completed epoch 99 of 100

INFO:__main__:NLL: 0.2616, L2: 0.0196, Reg: 0.1448
INFO:__main__:Total loss 0.4260
INFO:__main__:Predicted mean: -0.3353
INFO:__main__:Predicted uncertainity -0.2883
INFO:__main__:Completed epoch 100 of 100

INFO:__main__:417.959252 s
