INFO:__main__:PROCESS RUNNING ON cpu
INFO:__main__:NLL: 0.2882, L2: 0.0069, Reg: 0.0511
INFO:__main__:Total loss 0.3463
INFO:__main__:Predicted mean: -0.4193
INFO:__main__:Predicted uncertainity 0.0338
INFO:__main__:Completed epoch 1 of 100

INFO:__main__:NLL: 0.2984, L2: 0.0075, Reg: 0.0631
INFO:__main__:Total loss 0.3690
INFO:__main__:Predicted mean: -0.4081
INFO:__main__:Predicted uncertainity 0.0138
INFO:__main__:Completed epoch 2 of 100

INFO:__main__:NLL: 0.2806, L2: 0.0073, Reg: 0.0647
INFO:__main__:Total loss 0.3526
INFO:__main__:Predicted mean: -0.3929
INFO:__main__:Predicted uncertainity 0.0070
INFO:__main__:Completed epoch 3 of 100

INFO:__main__:NLL: 0.2609, L2: 0.0071, Reg: 0.0728
INFO:__main__:Total loss 0.3407
INFO:__main__:Predicted mean: -0.4253
INFO:__main__:Predicted uncertainity -0.0079
INFO:__main__:Completed epoch 4 of 100

INFO:__main__:NLL: 0.3118, L2: 0.0071, Reg: 0.0489
INFO:__main__:Total loss 0.3678
INFO:__main__:Predicted mean: -0.4203
INFO:__main__:Predicted uncertainity 0.0224
INFO:__main__:Completed epoch 5 of 100

INFO:__main__:NLL: 0.2677, L2: 0.0076, Reg: 0.0617
INFO:__main__:Total loss 0.3370
INFO:__main__:Predicted mean: -0.4098
INFO:__main__:Predicted uncertainity 0.0244
INFO:__main__:Completed epoch 6 of 100

INFO:__main__:NLL: 0.2700, L2: 0.0068, Reg: 0.0639
INFO:__main__:Total loss 0.3406
INFO:__main__:Predicted mean: -0.3927
INFO:__main__:Predicted uncertainity -0.0098
INFO:__main__:Completed epoch 7 of 100

INFO:__main__:NLL: 0.2899, L2: 0.0075, Reg: 0.0679
INFO:__main__:Total loss 0.3653
INFO:__main__:Predicted mean: -0.4368
INFO:__main__:Predicted uncertainity 0.0051
INFO:__main__:Completed epoch 8 of 100

INFO:__main__:NLL: 0.2619, L2: 0.0077, Reg: 0.0698
INFO:__main__:Total loss 0.3393
INFO:__main__:Predicted mean: -0.4277
INFO:__main__:Predicted uncertainity 0.0080
INFO:__main__:Completed epoch 9 of 100

INFO:__main__:NLL: 0.3194, L2: 0.0064, Reg: 0.0433
INFO:__main__:Total loss 0.3691
INFO:__main__:Predicted mean: -0.3919
INFO:__main__:Predicted uncertainity 0.0362
INFO:__main__:Completed epoch 10 of 100

INFO:__main__:NLL: 0.2667, L2: 0.0068, Reg: 0.0577
INFO:__main__:Total loss 0.3312
INFO:__main__:Predicted mean: -0.3997
INFO:__main__:Predicted uncertainity -0.0059
INFO:__main__:Completed epoch 11 of 100

INFO:__main__:NLL: 0.3418, L2: 0.0076, Reg: 0.0519
INFO:__main__:Total loss 0.4014
INFO:__main__:Predicted mean: -0.4058
INFO:__main__:Predicted uncertainity 0.0422
INFO:__main__:Completed epoch 12 of 100

INFO:__main__:NLL: 0.2905, L2: 0.0071, Reg: 0.0500
INFO:__main__:Total loss 0.3476
INFO:__main__:Predicted mean: -0.4063
INFO:__main__:Predicted uncertainity 0.0393
INFO:__main__:Completed epoch 13 of 100

INFO:__main__:NLL: 0.2731, L2: 0.0074, Reg: 0.0618
INFO:__main__:Total loss 0.3423
INFO:__main__:Predicted mean: -0.3917
INFO:__main__:Predicted uncertainity 0.0369
INFO:__main__:Completed epoch 14 of 100

INFO:__main__:NLL: 0.2783, L2: 0.0068, Reg: 0.0431
INFO:__main__:Total loss 0.3282
INFO:__main__:Predicted mean: -0.3893
INFO:__main__:Predicted uncertainity 0.0264
INFO:__main__:Completed epoch 15 of 100

INFO:__main__:NLL: 0.2926, L2: 0.0071, Reg: 0.0574
INFO:__main__:Total loss 0.3571
INFO:__main__:Predicted mean: -0.3925
INFO:__main__:Predicted uncertainity 0.0310
INFO:__main__:Completed epoch 16 of 100

INFO:__main__:NLL: 0.2850, L2: 0.0074, Reg: 0.0490
INFO:__main__:Total loss 0.3414
INFO:__main__:Predicted mean: -0.3969
INFO:__main__:Predicted uncertainity 0.0026
INFO:__main__:Completed epoch 17 of 100

INFO:__main__:NLL: 0.2993, L2: 0.0073, Reg: 0.0579
INFO:__main__:Total loss 0.3645
INFO:__main__:Predicted mean: -0.3858
INFO:__main__:Predicted uncertainity 0.0054
INFO:__main__:Completed epoch 18 of 100

INFO:__main__:NLL: 0.2942, L2: 0.0074, Reg: 0.0556
INFO:__main__:Total loss 0.3572
INFO:__main__:Predicted mean: -0.3913
INFO:__main__:Predicted uncertainity 0.0305
INFO:__main__:Completed epoch 19 of 100

INFO:__main__:NLL: 0.2852, L2: 0.0075, Reg: 0.0650
INFO:__main__:Total loss 0.3577
INFO:__main__:Predicted mean: -0.4163
INFO:__main__:Predicted uncertainity 0.0150
INFO:__main__:Completed epoch 20 of 100

INFO:__main__:NLL: 0.2775, L2: 0.0068, Reg: 0.0504
INFO:__main__:Total loss 0.3348
INFO:__main__:Predicted mean: -0.4148
INFO:__main__:Predicted uncertainity -0.0119
INFO:__main__:Completed epoch 21 of 100

INFO:__main__:NLL: 0.2619, L2: 0.0074, Reg: 0.0706
INFO:__main__:Total loss 0.3399
INFO:__main__:Predicted mean: -0.4037
INFO:__main__:Predicted uncertainity 0.0199
INFO:__main__:Completed epoch 22 of 100

INFO:__main__:NLL: 0.2969, L2: 0.0073, Reg: 0.0638
INFO:__main__:Total loss 0.3680
INFO:__main__:Predicted mean: -0.3960
INFO:__main__:Predicted uncertainity 0.0156
INFO:__main__:Completed epoch 23 of 100

INFO:__main__:NLL: 0.2978, L2: 0.0076, Reg: 0.0606
INFO:__main__:Total loss 0.3660
INFO:__main__:Predicted mean: -0.4039
INFO:__main__:Predicted uncertainity 0.0626
INFO:__main__:Completed epoch 24 of 100

INFO:__main__:NLL: 0.2913, L2: 0.0066, Reg: 0.0626
INFO:__main__:Total loss 0.3605
INFO:__main__:Predicted mean: -0.3993
INFO:__main__:Predicted uncertainity 0.0151
INFO:__main__:Completed epoch 25 of 100

INFO:__main__:NLL: 0.2854, L2: 0.0071, Reg: 0.0670
INFO:__main__:Total loss 0.3595
INFO:__main__:Predicted mean: -0.3973
INFO:__main__:Predicted uncertainity -0.0080
INFO:__main__:Completed epoch 26 of 100

INFO:__main__:NLL: 0.2992, L2: 0.0070, Reg: 0.0541
INFO:__main__:Total loss 0.3602
INFO:__main__:Predicted mean: -0.3694
INFO:__main__:Predicted uncertainity 0.0207
INFO:__main__:Completed epoch 27 of 100

INFO:__main__:NLL: 0.2896, L2: 0.0074, Reg: 0.0558
INFO:__main__:Total loss 0.3528
INFO:__main__:Predicted mean: -0.4060
INFO:__main__:Predicted uncertainity 0.0091
INFO:__main__:Completed epoch 28 of 100

INFO:__main__:NLL: 0.3030, L2: 0.0078, Reg: 0.0576
INFO:__main__:Total loss 0.3683
INFO:__main__:Predicted mean: -0.4157
INFO:__main__:Predicted uncertainity 0.0659
INFO:__main__:Completed epoch 29 of 100

INFO:__main__:NLL: 0.2861, L2: 0.0072, Reg: 0.0421
INFO:__main__:Total loss 0.3355
INFO:__main__:Predicted mean: -0.4009
INFO:__main__:Predicted uncertainity 0.0292
INFO:__main__:Completed epoch 30 of 100

INFO:__main__:NLL: 0.2835, L2: 0.0068, Reg: 0.0430
INFO:__main__:Total loss 0.3333
INFO:__main__:Predicted mean: -0.3922
INFO:__main__:Predicted uncertainity 0.0418
INFO:__main__:Completed epoch 31 of 100

INFO:__main__:NLL: 0.2963, L2: 0.0071, Reg: 0.0591
INFO:__main__:Total loss 0.3626
INFO:__main__:Predicted mean: -0.3968
INFO:__main__:Predicted uncertainity 0.0134
INFO:__main__:Completed epoch 32 of 100

INFO:__main__:NLL: 0.2927, L2: 0.0074, Reg: 0.0614
INFO:__main__:Total loss 0.3615
INFO:__main__:Predicted mean: -0.3998
INFO:__main__:Predicted uncertainity 0.0084
INFO:__main__:Completed epoch 33 of 100

INFO:__main__:NLL: 0.3035, L2: 0.0073, Reg: 0.0560
INFO:__main__:Total loss 0.3668
INFO:__main__:Predicted mean: -0.4016
INFO:__main__:Predicted uncertainity 0.0401
INFO:__main__:Completed epoch 34 of 100

INFO:__main__:NLL: 0.3009, L2: 0.0067, Reg: 0.0415
INFO:__main__:Total loss 0.3491
INFO:__main__:Predicted mean: -0.3998
INFO:__main__:Predicted uncertainity 0.0071
INFO:__main__:Completed epoch 35 of 100

INFO:__main__:NLL: 0.2895, L2: 0.0069, Reg: 0.0496
INFO:__main__:Total loss 0.3459
INFO:__main__:Predicted mean: -0.3942
INFO:__main__:Predicted uncertainity 0.0184
INFO:__main__:Completed epoch 36 of 100

INFO:__main__:NLL: 0.3091, L2: 0.0077, Reg: 0.0545
INFO:__main__:Total loss 0.3712
INFO:__main__:Predicted mean: -0.4060
INFO:__main__:Predicted uncertainity 0.0507
INFO:__main__:Completed epoch 37 of 100

INFO:__main__:NLL: 0.2874, L2: 0.0066, Reg: 0.0602
INFO:__main__:Total loss 0.3542
INFO:__main__:Predicted mean: -0.3972
INFO:__main__:Predicted uncertainity -0.0114
INFO:__main__:Completed epoch 38 of 100

INFO:__main__:NLL: 0.2867, L2: 0.0075, Reg: 0.0572
INFO:__main__:Total loss 0.3513
INFO:__main__:Predicted mean: -0.4161
INFO:__main__:Predicted uncertainity 0.0373
INFO:__main__:Completed epoch 39 of 100

INFO:__main__:NLL: 0.2819, L2: 0.0070, Reg: 0.0563
INFO:__main__:Total loss 0.3452
INFO:__main__:Predicted mean: -0.4095
INFO:__main__:Predicted uncertainity 0.0293
INFO:__main__:Completed epoch 40 of 100

INFO:__main__:NLL: 0.2988, L2: 0.0069, Reg: 0.0579
INFO:__main__:Total loss 0.3635
INFO:__main__:Predicted mean: -0.3828
INFO:__main__:Predicted uncertainity 0.0158
INFO:__main__:Completed epoch 41 of 100

INFO:__main__:NLL: 0.3109, L2: 0.0070, Reg: 0.0534
INFO:__main__:Total loss 0.3713
INFO:__main__:Predicted mean: -0.3924
INFO:__main__:Predicted uncertainity 0.0148
INFO:__main__:Completed epoch 42 of 100

INFO:__main__:NLL: 0.2854, L2: 0.0072, Reg: 0.0587
INFO:__main__:Total loss 0.3513
INFO:__main__:Predicted mean: -0.3932
INFO:__main__:Predicted uncertainity 0.0330
INFO:__main__:Completed epoch 43 of 100

INFO:__main__:NLL: 0.2960, L2: 0.0076, Reg: 0.0525
INFO:__main__:Total loss 0.3561
INFO:__main__:Predicted mean: -0.3940
INFO:__main__:Predicted uncertainity 0.0322
INFO:__main__:Completed epoch 44 of 100

INFO:__main__:NLL: 0.2818, L2: 0.0067, Reg: 0.0513
INFO:__main__:Total loss 0.3399
INFO:__main__:Predicted mean: -0.3705
INFO:__main__:Predicted uncertainity 0.0078
INFO:__main__:Completed epoch 45 of 100

INFO:__main__:NLL: 0.3118, L2: 0.0071, Reg: 0.0563
INFO:__main__:Total loss 0.3752
INFO:__main__:Predicted mean: -0.3873
INFO:__main__:Predicted uncertainity 0.0098
INFO:__main__:Completed epoch 46 of 100

INFO:__main__:NLL: 0.3270, L2: 0.0073, Reg: 0.0638
INFO:__main__:Total loss 0.3981
INFO:__main__:Predicted mean: -0.4233
INFO:__main__:Predicted uncertainity 0.0550
INFO:__main__:Completed epoch 47 of 100

INFO:__main__:NLL: 0.2989, L2: 0.0074, Reg: 0.0608
INFO:__main__:Total loss 0.3671
INFO:__main__:Predicted mean: -0.4118
INFO:__main__:Predicted uncertainity 0.0271
INFO:__main__:Completed epoch 48 of 100

INFO:__main__:NLL: 0.2898, L2: 0.0072, Reg: 0.0531
INFO:__main__:Total loss 0.3501
INFO:__main__:Predicted mean: -0.3917
INFO:__main__:Predicted uncertainity 0.0305
INFO:__main__:Completed epoch 49 of 100

INFO:__main__:NLL: 0.3101, L2: 0.0070, Reg: 0.0393
INFO:__main__:Total loss 0.3563
INFO:__main__:Predicted mean: -0.4071
INFO:__main__:Predicted uncertainity 0.0698
INFO:__main__:Completed epoch 50 of 100

INFO:__main__:NLL: 0.2988, L2: 0.0070, Reg: 0.0695
INFO:__main__:Total loss 0.3753
INFO:__main__:Predicted mean: -0.4075
INFO:__main__:Predicted uncertainity 0.0085
INFO:__main__:Completed epoch 51 of 100

INFO:__main__:NLL: 0.2720, L2: 0.0068, Reg: 0.0694
INFO:__main__:Total loss 0.3482
INFO:__main__:Predicted mean: -0.3864
INFO:__main__:Predicted uncertainity 0.0074
INFO:__main__:Completed epoch 52 of 100

INFO:__main__:NLL: 0.3099, L2: 0.0070, Reg: 0.0411
INFO:__main__:Total loss 0.3580
INFO:__main__:Predicted mean: -0.4200
INFO:__main__:Predicted uncertainity 0.0497
INFO:__main__:Completed epoch 53 of 100

INFO:__main__:NLL: 0.2797, L2: 0.0072, Reg: 0.0514
INFO:__main__:Total loss 0.3383
INFO:__main__:Predicted mean: -0.3913
INFO:__main__:Predicted uncertainity 0.0219
INFO:__main__:Completed epoch 54 of 100

INFO:__main__:NLL: 0.2817, L2: 0.0071, Reg: 0.0508
INFO:__main__:Total loss 0.3397
INFO:__main__:Predicted mean: -0.4083
INFO:__main__:Predicted uncertainity 0.0192
INFO:__main__:Completed epoch 55 of 100

INFO:__main__:NLL: 0.2811, L2: 0.0072, Reg: 0.0571
INFO:__main__:Total loss 0.3454
INFO:__main__:Predicted mean: -0.4013
INFO:__main__:Predicted uncertainity 0.0024
INFO:__main__:Completed epoch 56 of 100

INFO:__main__:NLL: 0.2732, L2: 0.0073, Reg: 0.0619
INFO:__main__:Total loss 0.3424
INFO:__main__:Predicted mean: -0.3948
INFO:__main__:Predicted uncertainity -0.0239
INFO:__main__:Completed epoch 57 of 100

INFO:__main__:NLL: 0.2936, L2: 0.0073, Reg: 0.0657
INFO:__main__:Total loss 0.3666
INFO:__main__:Predicted mean: -0.4174
INFO:__main__:Predicted uncertainity -0.0061
INFO:__main__:Completed epoch 58 of 100

INFO:__main__:NLL: 0.3030, L2: 0.0067, Reg: 0.0564
INFO:__main__:Total loss 0.3661
INFO:__main__:Predicted mean: -0.3734
INFO:__main__:Predicted uncertainity 0.0339
INFO:__main__:Completed epoch 59 of 100

INFO:__main__:NLL: 0.3013, L2: 0.0070, Reg: 0.0507
INFO:__main__:Total loss 0.3591
INFO:__main__:Predicted mean: -0.4023
INFO:__main__:Predicted uncertainity 0.0820
INFO:__main__:Completed epoch 60 of 100

INFO:__main__:NLL: 0.2848, L2: 0.0068, Reg: 0.0528
INFO:__main__:Total loss 0.3445
INFO:__main__:Predicted mean: -0.3853
INFO:__main__:Predicted uncertainity 0.0108
INFO:__main__:Completed epoch 61 of 100

INFO:__main__:NLL: 0.2971, L2: 0.0071, Reg: 0.0570
INFO:__main__:Total loss 0.3612
INFO:__main__:Predicted mean: -0.3963
INFO:__main__:Predicted uncertainity 0.0183
INFO:__main__:Completed epoch 62 of 100

INFO:__main__:NLL: 0.2809, L2: 0.0073, Reg: 0.0644
INFO:__main__:Total loss 0.3526
INFO:__main__:Predicted mean: -0.4044
INFO:__main__:Predicted uncertainity 0.0050
INFO:__main__:Completed epoch 63 of 100

INFO:__main__:NLL: 0.2600, L2: 0.0070, Reg: 0.0727
INFO:__main__:Total loss 0.3396
INFO:__main__:Predicted mean: -0.3829
INFO:__main__:Predicted uncertainity -0.0278
INFO:__main__:Completed epoch 64 of 100

INFO:__main__:NLL: 0.2738, L2: 0.0072, Reg: 0.0507
INFO:__main__:Total loss 0.3318
INFO:__main__:Predicted mean: -0.4136
INFO:__main__:Predicted uncertainity 0.0274
INFO:__main__:Completed epoch 65 of 100

INFO:__main__:NLL: 0.3101, L2: 0.0067, Reg: 0.0527
INFO:__main__:Total loss 0.3695
INFO:__main__:Predicted mean: -0.3939
INFO:__main__:Predicted uncertainity 0.0210
INFO:__main__:Completed epoch 66 of 100

INFO:__main__:NLL: 0.2632, L2: 0.0073, Reg: 0.0620
INFO:__main__:Total loss 0.3325
INFO:__main__:Predicted mean: -0.4293
INFO:__main__:Predicted uncertainity 0.0317
INFO:__main__:Completed epoch 67 of 100

INFO:__main__:NLL: 0.2781, L2: 0.0076, Reg: 0.0709
INFO:__main__:Total loss 0.3566
INFO:__main__:Predicted mean: -0.4099
INFO:__main__:Predicted uncertainity 0.0259
INFO:__main__:Completed epoch 68 of 100

INFO:__main__:NLL: 0.2939, L2: 0.0070, Reg: 0.0469
INFO:__main__:Total loss 0.3478
INFO:__main__:Predicted mean: -0.4005
INFO:__main__:Predicted uncertainity 0.0158
INFO:__main__:Completed epoch 69 of 100

INFO:__main__:NLL: 0.2660, L2: 0.0067, Reg: 0.0523
INFO:__main__:Total loss 0.3249
INFO:__main__:Predicted mean: -0.4015
INFO:__main__:Predicted uncertainity -0.0223
INFO:__main__:Completed epoch 70 of 100

INFO:__main__:NLL: 0.3069, L2: 0.0073, Reg: 0.0586
INFO:__main__:Total loss 0.3727
INFO:__main__:Predicted mean: -0.3964
INFO:__main__:Predicted uncertainity 0.0418
INFO:__main__:Completed epoch 71 of 100

INFO:__main__:NLL: 0.2911, L2: 0.0069, Reg: 0.0560
INFO:__main__:Total loss 0.3540
INFO:__main__:Predicted mean: -0.3947
INFO:__main__:Predicted uncertainity 0.0097
INFO:__main__:Completed epoch 72 of 100

INFO:__main__:NLL: 0.2783, L2: 0.0069, Reg: 0.0466
INFO:__main__:Total loss 0.3319
INFO:__main__:Predicted mean: -0.4006
INFO:__main__:Predicted uncertainity 0.0255
INFO:__main__:Completed epoch 73 of 100

INFO:__main__:NLL: 0.2891, L2: 0.0068, Reg: 0.0455
INFO:__main__:Total loss 0.3414
INFO:__main__:Predicted mean: -0.4035
INFO:__main__:Predicted uncertainity 0.0266
INFO:__main__:Completed epoch 74 of 100

INFO:__main__:NLL: 0.3024, L2: 0.0064, Reg: 0.0595
INFO:__main__:Total loss 0.3682
INFO:__main__:Predicted mean: -0.4152
INFO:__main__:Predicted uncertainity 0.0349
INFO:__main__:Completed epoch 75 of 100

INFO:__main__:NLL: 0.3025, L2: 0.0072, Reg: 0.0514
INFO:__main__:Total loss 0.3611
INFO:__main__:Predicted mean: -0.3993
INFO:__main__:Predicted uncertainity 0.0492
INFO:__main__:Completed epoch 76 of 100

INFO:__main__:NLL: 0.2799, L2: 0.0071, Reg: 0.0611
INFO:__main__:Total loss 0.3481
INFO:__main__:Predicted mean: -0.3758
INFO:__main__:Predicted uncertainity -0.0101
INFO:__main__:Completed epoch 77 of 100

INFO:__main__:NLL: 0.2866, L2: 0.0075, Reg: 0.0648
INFO:__main__:Total loss 0.3589
INFO:__main__:Predicted mean: -0.4156
INFO:__main__:Predicted uncertainity 0.0382
INFO:__main__:Completed epoch 78 of 100

INFO:__main__:NLL: 0.2764, L2: 0.0074, Reg: 0.0624
INFO:__main__:Total loss 0.3461
INFO:__main__:Predicted mean: -0.3918
INFO:__main__:Predicted uncertainity 0.0413
INFO:__main__:Completed epoch 79 of 100

INFO:__main__:NLL: 0.2869, L2: 0.0071, Reg: 0.0617
INFO:__main__:Total loss 0.3558
INFO:__main__:Predicted mean: -0.3968
INFO:__main__:Predicted uncertainity 0.0114
INFO:__main__:Completed epoch 80 of 100

INFO:__main__:NLL: 0.2936, L2: 0.0067, Reg: 0.0466
INFO:__main__:Total loss 0.3470
INFO:__main__:Predicted mean: -0.4027
INFO:__main__:Predicted uncertainity 0.0295
INFO:__main__:Completed epoch 81 of 100

INFO:__main__:NLL: 0.3033, L2: 0.0073, Reg: 0.0652
INFO:__main__:Total loss 0.3758
INFO:__main__:Predicted mean: -0.3941
INFO:__main__:Predicted uncertainity 0.0301
INFO:__main__:Completed epoch 82 of 100

INFO:__main__:NLL: 0.3177, L2: 0.0072, Reg: 0.0592
INFO:__main__:Total loss 0.3842
INFO:__main__:Predicted mean: -0.4004
INFO:__main__:Predicted uncertainity 0.0346
INFO:__main__:Completed epoch 83 of 100

INFO:__main__:NLL: 0.2623, L2: 0.0073, Reg: 0.0568
INFO:__main__:Total loss 0.3264
INFO:__main__:Predicted mean: -0.3945
INFO:__main__:Predicted uncertainity 0.0567
INFO:__main__:Completed epoch 84 of 100

INFO:__main__:NLL: 0.2832, L2: 0.0068, Reg: 0.0549
INFO:__main__:Total loss 0.3449
INFO:__main__:Predicted mean: -0.3967
INFO:__main__:Predicted uncertainity 0.0103
INFO:__main__:Completed epoch 85 of 100

INFO:__main__:NLL: 0.2812, L2: 0.0073, Reg: 0.0651
INFO:__main__:Total loss 0.3536
INFO:__main__:Predicted mean: -0.3912
INFO:__main__:Predicted uncertainity 0.0222
INFO:__main__:Completed epoch 86 of 100

INFO:__main__:NLL: 0.2972, L2: 0.0069, Reg: 0.0506
INFO:__main__:Total loss 0.3547
INFO:__main__:Predicted mean: -0.4158
INFO:__main__:Predicted uncertainity 0.0269
INFO:__main__:Completed epoch 87 of 100

INFO:__main__:NLL: 0.3042, L2: 0.0071, Reg: 0.0569
INFO:__main__:Total loss 0.3683
INFO:__main__:Predicted mean: -0.3942
INFO:__main__:Predicted uncertainity -0.0052
INFO:__main__:Completed epoch 88 of 100

INFO:__main__:NLL: 0.3326, L2: 0.0076, Reg: 0.0492
INFO:__main__:Total loss 0.3894
INFO:__main__:Predicted mean: -0.3831
INFO:__main__:Predicted uncertainity 0.0469
INFO:__main__:Completed epoch 89 of 100

INFO:__main__:NLL: 0.2962, L2: 0.0070, Reg: 0.0537
INFO:__main__:Total loss 0.3569
INFO:__main__:Predicted mean: -0.3935
INFO:__main__:Predicted uncertainity 0.0253
INFO:__main__:Completed epoch 90 of 100

INFO:__main__:NLL: 0.2926, L2: 0.0066, Reg: 0.0474
INFO:__main__:Total loss 0.3465
INFO:__main__:Predicted mean: -0.3836
INFO:__main__:Predicted uncertainity 0.0256
INFO:__main__:Completed epoch 91 of 100

INFO:__main__:NLL: 0.2734, L2: 0.0068, Reg: 0.0548
INFO:__main__:Total loss 0.3350
INFO:__main__:Predicted mean: -0.3977
INFO:__main__:Predicted uncertainity 0.0280
INFO:__main__:Completed epoch 92 of 100

INFO:__main__:NLL: 0.3029, L2: 0.0068, Reg: 0.0528
INFO:__main__:Total loss 0.3625
INFO:__main__:Predicted mean: -0.3862
INFO:__main__:Predicted uncertainity -0.0008
INFO:__main__:Completed epoch 93 of 100

INFO:__main__:NLL: 0.3062, L2: 0.0073, Reg: 0.0576
INFO:__main__:Total loss 0.3711
INFO:__main__:Predicted mean: -0.4059
INFO:__main__:Predicted uncertainity 0.0046
INFO:__main__:Completed epoch 94 of 100

INFO:__main__:NLL: 0.2897, L2: 0.0068, Reg: 0.0617
INFO:__main__:Total loss 0.3582
INFO:__main__:Predicted mean: -0.3954
INFO:__main__:Predicted uncertainity 0.0248
INFO:__main__:Completed epoch 95 of 100

INFO:__main__:NLL: 0.2938, L2: 0.0072, Reg: 0.0543
INFO:__main__:Total loss 0.3553
INFO:__main__:Predicted mean: -0.3954
INFO:__main__:Predicted uncertainity 0.0151
INFO:__main__:Completed epoch 96 of 100

INFO:__main__:NLL: 0.2876, L2: 0.0071, Reg: 0.0675
INFO:__main__:Total loss 0.3622
INFO:__main__:Predicted mean: -0.3834
INFO:__main__:Predicted uncertainity -0.0034
INFO:__main__:Completed epoch 97 of 100

INFO:__main__:NLL: 0.2728, L2: 0.0073, Reg: 0.0499
INFO:__main__:Total loss 0.3299
INFO:__main__:Predicted mean: -0.4004
INFO:__main__:Predicted uncertainity 0.0144
INFO:__main__:Completed epoch 98 of 100

INFO:__main__:NLL: 0.2962, L2: 0.0075, Reg: 0.0509
INFO:__main__:Total loss 0.3547
INFO:__main__:Predicted mean: -0.3916
INFO:__main__:Predicted uncertainity 0.0248
INFO:__main__:Completed epoch 99 of 100

INFO:__main__:NLL: 0.2926, L2: 0.0073, Reg: 0.0597
INFO:__main__:Total loss 0.3597
INFO:__main__:Predicted mean: -0.4034
INFO:__main__:Predicted uncertainity 0.0304
INFO:__main__:Completed epoch 100 of 100

INFO:__main__:689.918827 s
