INFO:__main__:PROCESS RUNNING ON cpu
INFO:__main__:NLL: 0.1991, L2: 0.0270, Reg: 0.3250
INFO:__main__:Total loss 0.5510
INFO:__main__:Predicted mean: -0.3870
INFO:__main__:Predicted uncertainity -0.7300
INFO:__main__:Completed epoch 1 of 100

INFO:__main__:NLL: 0.0688, L2: 0.0280, Reg: 0.3245
INFO:__main__:Total loss 0.4214
INFO:__main__:Predicted mean: -0.3992
INFO:__main__:Predicted uncertainity -0.8235
INFO:__main__:Completed epoch 2 of 100

INFO:__main__:NLL: 0.0586, L2: 0.0280, Reg: 0.3246
INFO:__main__:Total loss 0.4112
INFO:__main__:Predicted mean: -0.4177
INFO:__main__:Predicted uncertainity -0.7655
INFO:__main__:Completed epoch 3 of 100

INFO:__main__:NLL: -0.0257, L2: 0.0295, Reg: 0.3242
INFO:__main__:Total loss 0.3280
INFO:__main__:Predicted mean: -0.3651
INFO:__main__:Predicted uncertainity -0.7362
INFO:__main__:Completed epoch 4 of 100

INFO:__main__:NLL: 0.1325, L2: 0.0297, Reg: 0.3248
INFO:__main__:Total loss 0.4871
INFO:__main__:Predicted mean: -0.3970
INFO:__main__:Predicted uncertainity -0.7816
INFO:__main__:Completed epoch 5 of 100

INFO:__main__:NLL: 0.2142, L2: 0.0274, Reg: 0.3245
INFO:__main__:Total loss 0.5661
INFO:__main__:Predicted mean: -0.3923
INFO:__main__:Predicted uncertainity -0.7658
INFO:__main__:Completed epoch 6 of 100

INFO:__main__:NLL: 0.1385, L2: 0.0299, Reg: 0.3248
INFO:__main__:Total loss 0.4932
INFO:__main__:Predicted mean: -0.3822
INFO:__main__:Predicted uncertainity -0.7100
INFO:__main__:Completed epoch 7 of 100

INFO:__main__:NLL: 0.2520, L2: 0.0278, Reg: 0.3247
INFO:__main__:Total loss 0.6045
INFO:__main__:Predicted mean: -0.3515
INFO:__main__:Predicted uncertainity -0.8143
INFO:__main__:Completed epoch 8 of 100

INFO:__main__:NLL: 0.0369, L2: 0.0280, Reg: 0.3250
INFO:__main__:Total loss 0.3899
INFO:__main__:Predicted mean: -0.3670
INFO:__main__:Predicted uncertainity -0.8304
INFO:__main__:Completed epoch 9 of 100

INFO:__main__:NLL: 0.2704, L2: 0.0276, Reg: 0.3247
INFO:__main__:Total loss 0.6227
INFO:__main__:Predicted mean: -0.4076
INFO:__main__:Predicted uncertainity -0.7695
INFO:__main__:Completed epoch 10 of 100

INFO:__main__:NLL: 0.0054, L2: 0.0269, Reg: 0.3240
INFO:__main__:Total loss 0.3563
INFO:__main__:Predicted mean: -0.4236
INFO:__main__:Predicted uncertainity -0.8306
INFO:__main__:Completed epoch 11 of 100

INFO:__main__:NLL: 0.1911, L2: 0.0245, Reg: 0.3249
INFO:__main__:Total loss 0.5404
INFO:__main__:Predicted mean: -0.3805
INFO:__main__:Predicted uncertainity -0.6397
INFO:__main__:Completed epoch 12 of 100

INFO:__main__:NLL: -0.0101, L2: 0.0285, Reg: 0.3249
INFO:__main__:Total loss 0.3433
INFO:__main__:Predicted mean: -0.3459
INFO:__main__:Predicted uncertainity -0.7927
INFO:__main__:Completed epoch 13 of 100

INFO:__main__:NLL: 0.2210, L2: 0.0288, Reg: 0.3249
INFO:__main__:Total loss 0.5747
INFO:__main__:Predicted mean: -0.3395
INFO:__main__:Predicted uncertainity -0.7561
INFO:__main__:Completed epoch 14 of 100

INFO:__main__:NLL: 0.1852, L2: 0.0277, Reg: 0.3244
INFO:__main__:Total loss 0.5373
INFO:__main__:Predicted mean: -0.3779
INFO:__main__:Predicted uncertainity -0.7944
INFO:__main__:Completed epoch 15 of 100

INFO:__main__:NLL: 0.2340, L2: 0.0276, Reg: 0.3245
INFO:__main__:Total loss 0.5861
INFO:__main__:Predicted mean: -0.3570
INFO:__main__:Predicted uncertainity -0.7958
INFO:__main__:Completed epoch 16 of 100

INFO:__main__:NLL: 0.0570, L2: 0.0262, Reg: 0.3243
INFO:__main__:Total loss 0.4076
INFO:__main__:Predicted mean: -0.3679
INFO:__main__:Predicted uncertainity -0.7651
INFO:__main__:Completed epoch 17 of 100

INFO:__main__:NLL: 0.1703, L2: 0.0267, Reg: 0.3244
INFO:__main__:Total loss 0.5215
INFO:__main__:Predicted mean: -0.4203
INFO:__main__:Predicted uncertainity -0.7039
INFO:__main__:Completed epoch 18 of 100

INFO:__main__:NLL: -0.0841, L2: 0.0290, Reg: 0.3242
INFO:__main__:Total loss 0.2692
INFO:__main__:Predicted mean: -0.3999
INFO:__main__:Predicted uncertainity -0.7598
INFO:__main__:Completed epoch 19 of 100

INFO:__main__:NLL: 0.0909, L2: 0.0273, Reg: 0.3246
INFO:__main__:Total loss 0.4429
INFO:__main__:Predicted mean: -0.3945
INFO:__main__:Predicted uncertainity -0.6799
INFO:__main__:Completed epoch 20 of 100

INFO:__main__:NLL: -0.0401, L2: 0.0276, Reg: 0.3247
INFO:__main__:Total loss 0.3123
INFO:__main__:Predicted mean: -0.3682
INFO:__main__:Predicted uncertainity -0.7109
INFO:__main__:Completed epoch 21 of 100

INFO:__main__:NLL: 0.0312, L2: 0.0286, Reg: 0.3243
INFO:__main__:Total loss 0.3841
INFO:__main__:Predicted mean: -0.3552
INFO:__main__:Predicted uncertainity -0.8266
INFO:__main__:Completed epoch 22 of 100

INFO:__main__:NLL: 0.1265, L2: 0.0276, Reg: 0.3253
INFO:__main__:Total loss 0.4794
INFO:__main__:Predicted mean: -0.3826
INFO:__main__:Predicted uncertainity -0.7558
INFO:__main__:Completed epoch 23 of 100

INFO:__main__:NLL: 0.1726, L2: 0.0278, Reg: 0.3248
INFO:__main__:Total loss 0.5253
INFO:__main__:Predicted mean: -0.3377
INFO:__main__:Predicted uncertainity -0.7250
INFO:__main__:Completed epoch 24 of 100

INFO:__main__:NLL: 0.1971, L2: 0.0277, Reg: 0.3249
INFO:__main__:Total loss 0.5497
INFO:__main__:Predicted mean: -0.3924
INFO:__main__:Predicted uncertainity -0.7184
INFO:__main__:Completed epoch 25 of 100

INFO:__main__:NLL: -0.0670, L2: 0.0280, Reg: 0.3248
INFO:__main__:Total loss 0.2857
INFO:__main__:Predicted mean: -0.3854
INFO:__main__:Predicted uncertainity -0.6942
INFO:__main__:Completed epoch 26 of 100

INFO:__main__:NLL: 0.2242, L2: 0.0294, Reg: 0.3248
INFO:__main__:Total loss 0.5784
INFO:__main__:Predicted mean: -0.3853
INFO:__main__:Predicted uncertainity -0.7763
INFO:__main__:Completed epoch 27 of 100

INFO:__main__:NLL: 0.1683, L2: 0.0280, Reg: 0.3246
INFO:__main__:Total loss 0.5209
INFO:__main__:Predicted mean: -0.3769
INFO:__main__:Predicted uncertainity -0.6475
INFO:__main__:Completed epoch 28 of 100

INFO:__main__:NLL: 0.1476, L2: 0.0285, Reg: 0.3246
INFO:__main__:Total loss 0.5007
INFO:__main__:Predicted mean: -0.3325
INFO:__main__:Predicted uncertainity -0.8654
INFO:__main__:Completed epoch 29 of 100

INFO:__main__:NLL: 0.1397, L2: 0.0285, Reg: 0.3246
INFO:__main__:Total loss 0.4928
INFO:__main__:Predicted mean: -0.3150
INFO:__main__:Predicted uncertainity -0.6551
INFO:__main__:Completed epoch 30 of 100

INFO:__main__:NLL: 0.1690, L2: 0.0266, Reg: 0.3247
INFO:__main__:Total loss 0.5203
INFO:__main__:Predicted mean: -0.4344
INFO:__main__:Predicted uncertainity -0.7528
INFO:__main__:Completed epoch 31 of 100

INFO:__main__:NLL: -0.0535, L2: 0.0306, Reg: 0.3244
INFO:__main__:Total loss 0.3015
INFO:__main__:Predicted mean: -0.3737
INFO:__main__:Predicted uncertainity -0.9218
INFO:__main__:Completed epoch 32 of 100

INFO:__main__:NLL: 0.1010, L2: 0.0286, Reg: 0.3245
INFO:__main__:Total loss 0.4541
INFO:__main__:Predicted mean: -0.4522
INFO:__main__:Predicted uncertainity -0.7501
INFO:__main__:Completed epoch 33 of 100

INFO:__main__:NLL: 0.0442, L2: 0.0308, Reg: 0.3247
INFO:__main__:Total loss 0.3997
INFO:__main__:Predicted mean: -0.3277
INFO:__main__:Predicted uncertainity -0.7325
INFO:__main__:Completed epoch 34 of 100

INFO:__main__:NLL: -0.0272, L2: 0.0276, Reg: 0.3246
INFO:__main__:Total loss 0.3250
INFO:__main__:Predicted mean: -0.3992
INFO:__main__:Predicted uncertainity -0.7874
INFO:__main__:Completed epoch 35 of 100

INFO:__main__:NLL: 0.1007, L2: 0.0272, Reg: 0.3245
INFO:__main__:Total loss 0.4523
INFO:__main__:Predicted mean: -0.3570
INFO:__main__:Predicted uncertainity -0.8017
INFO:__main__:Completed epoch 36 of 100

INFO:__main__:NLL: -0.0062, L2: 0.0280, Reg: 0.3244
INFO:__main__:Total loss 0.3462
INFO:__main__:Predicted mean: -0.3719
INFO:__main__:Predicted uncertainity -0.8768
INFO:__main__:Completed epoch 37 of 100

INFO:__main__:NLL: 0.2716, L2: 0.0286, Reg: 0.3242
INFO:__main__:Total loss 0.6244
INFO:__main__:Predicted mean: -0.3673
INFO:__main__:Predicted uncertainity -0.7830
INFO:__main__:Completed epoch 38 of 100

INFO:__main__:NLL: 0.1965, L2: 0.0294, Reg: 0.3243
INFO:__main__:Total loss 0.5502
INFO:__main__:Predicted mean: -0.4648
INFO:__main__:Predicted uncertainity -0.6975
INFO:__main__:Completed epoch 39 of 100

INFO:__main__:NLL: 0.0920, L2: 0.0286, Reg: 0.3246
INFO:__main__:Total loss 0.4452
INFO:__main__:Predicted mean: -0.4201
INFO:__main__:Predicted uncertainity -0.6041
INFO:__main__:Completed epoch 40 of 100

INFO:__main__:NLL: -0.0731, L2: 0.0287, Reg: 0.3245
INFO:__main__:Total loss 0.2801
INFO:__main__:Predicted mean: -0.3522
INFO:__main__:Predicted uncertainity -0.7808
INFO:__main__:Completed epoch 41 of 100

INFO:__main__:NLL: 0.0665, L2: 0.0277, Reg: 0.3248
INFO:__main__:Total loss 0.4190
INFO:__main__:Predicted mean: -0.4329
INFO:__main__:Predicted uncertainity -0.6462
INFO:__main__:Completed epoch 42 of 100

INFO:__main__:NLL: 0.2694, L2: 0.0287, Reg: 0.3247
INFO:__main__:Total loss 0.6228
INFO:__main__:Predicted mean: -0.4087
INFO:__main__:Predicted uncertainity -0.7017
INFO:__main__:Completed epoch 43 of 100

INFO:__main__:NLL: 0.3070, L2: 0.0291, Reg: 0.3242
INFO:__main__:Total loss 0.6603
INFO:__main__:Predicted mean: -0.4302
INFO:__main__:Predicted uncertainity -0.7830
INFO:__main__:Completed epoch 44 of 100

INFO:__main__:NLL: 0.1076, L2: 0.0249, Reg: 0.3245
INFO:__main__:Total loss 0.4570
INFO:__main__:Predicted mean: -0.3976
INFO:__main__:Predicted uncertainity -0.7812
INFO:__main__:Completed epoch 45 of 100

INFO:__main__:NLL: 0.1277, L2: 0.0274, Reg: 0.3245
INFO:__main__:Total loss 0.4797
INFO:__main__:Predicted mean: -0.3623
INFO:__main__:Predicted uncertainity -0.7622
INFO:__main__:Completed epoch 46 of 100

INFO:__main__:NLL: 0.0219, L2: 0.0290, Reg: 0.3245
INFO:__main__:Total loss 0.3753
INFO:__main__:Predicted mean: -0.3974
INFO:__main__:Predicted uncertainity -0.7861
INFO:__main__:Completed epoch 47 of 100

INFO:__main__:NLL: 0.1079, L2: 0.0289, Reg: 0.3244
INFO:__main__:Total loss 0.4612
INFO:__main__:Predicted mean: -0.3813
INFO:__main__:Predicted uncertainity -0.7505
INFO:__main__:Completed epoch 48 of 100

INFO:__main__:NLL: -0.0414, L2: 0.0268, Reg: 0.3247
INFO:__main__:Total loss 0.3101
INFO:__main__:Predicted mean: -0.3828
INFO:__main__:Predicted uncertainity -0.6797
INFO:__main__:Completed epoch 49 of 100

INFO:__main__:NLL: 0.0894, L2: 0.0287, Reg: 0.3248
INFO:__main__:Total loss 0.4429
INFO:__main__:Predicted mean: -0.3899
INFO:__main__:Predicted uncertainity -0.7973
INFO:__main__:Completed epoch 50 of 100

INFO:__main__:NLL: 0.4713, L2: 0.0272, Reg: 0.3247
INFO:__main__:Total loss 0.8232
INFO:__main__:Predicted mean: -0.4119
INFO:__main__:Predicted uncertainity -0.8811
INFO:__main__:Completed epoch 51 of 100

INFO:__main__:NLL: -0.0565, L2: 0.0263, Reg: 0.3242
INFO:__main__:Total loss 0.2940
INFO:__main__:Predicted mean: -0.3826
INFO:__main__:Predicted uncertainity -0.8401
INFO:__main__:Completed epoch 52 of 100

INFO:__main__:NLL: 0.0450, L2: 0.0262, Reg: 0.3245
INFO:__main__:Total loss 0.3957
INFO:__main__:Predicted mean: -0.3777
INFO:__main__:Predicted uncertainity -0.6329
INFO:__main__:Completed epoch 53 of 100

INFO:__main__:NLL: 0.2695, L2: 0.0275, Reg: 0.3242
INFO:__main__:Total loss 0.6211
INFO:__main__:Predicted mean: -0.3692
INFO:__main__:Predicted uncertainity -0.7003
INFO:__main__:Completed epoch 54 of 100

INFO:__main__:NLL: 0.2699, L2: 0.0278, Reg: 0.3244
INFO:__main__:Total loss 0.6221
INFO:__main__:Predicted mean: -0.3456
INFO:__main__:Predicted uncertainity -0.7442
INFO:__main__:Completed epoch 55 of 100

INFO:__main__:NLL: 0.2946, L2: 0.0284, Reg: 0.3246
INFO:__main__:Total loss 0.6476
INFO:__main__:Predicted mean: -0.4091
INFO:__main__:Predicted uncertainity -0.7709
INFO:__main__:Completed epoch 56 of 100

INFO:__main__:NLL: 0.1144, L2: 0.0290, Reg: 0.3244
INFO:__main__:Total loss 0.4678
INFO:__main__:Predicted mean: -0.3660
INFO:__main__:Predicted uncertainity -0.7448
INFO:__main__:Completed epoch 57 of 100

INFO:__main__:NLL: -0.0002, L2: 0.0283, Reg: 0.3249
INFO:__main__:Total loss 0.3531
INFO:__main__:Predicted mean: -0.4501
INFO:__main__:Predicted uncertainity -0.7491
INFO:__main__:Completed epoch 58 of 100

INFO:__main__:NLL: -0.0282, L2: 0.0280, Reg: 0.3247
INFO:__main__:Total loss 0.3245
INFO:__main__:Predicted mean: -0.3702
INFO:__main__:Predicted uncertainity -0.7677
INFO:__main__:Completed epoch 59 of 100

INFO:__main__:NLL: 0.1389, L2: 0.0302, Reg: 0.3244
INFO:__main__:Total loss 0.4935
INFO:__main__:Predicted mean: -0.3960
INFO:__main__:Predicted uncertainity -0.7290
INFO:__main__:Completed epoch 60 of 100

INFO:__main__:NLL: 0.1329, L2: 0.0291, Reg: 0.3246
INFO:__main__:Total loss 0.4866
INFO:__main__:Predicted mean: -0.3431
INFO:__main__:Predicted uncertainity -0.7836
INFO:__main__:Completed epoch 61 of 100

INFO:__main__:NLL: 0.1745, L2: 0.0279, Reg: 0.3245
INFO:__main__:Total loss 0.5269
INFO:__main__:Predicted mean: -0.3456
INFO:__main__:Predicted uncertainity -0.7508
INFO:__main__:Completed epoch 62 of 100

INFO:__main__:NLL: 0.0473, L2: 0.0294, Reg: 0.3244
INFO:__main__:Total loss 0.4011
INFO:__main__:Predicted mean: -0.4456
INFO:__main__:Predicted uncertainity -0.7255
INFO:__main__:Completed epoch 63 of 100

INFO:__main__:NLL: 0.0033, L2: 0.0275, Reg: 0.3245
INFO:__main__:Total loss 0.3554
INFO:__main__:Predicted mean: -0.3542
INFO:__main__:Predicted uncertainity -0.7728
INFO:__main__:Completed epoch 64 of 100

INFO:__main__:NLL: 0.0489, L2: 0.0288, Reg: 0.3244
INFO:__main__:Total loss 0.4021
INFO:__main__:Predicted mean: -0.3273
INFO:__main__:Predicted uncertainity -0.7151
INFO:__main__:Completed epoch 65 of 100

INFO:__main__:NLL: 0.1707, L2: 0.0278, Reg: 0.3246
INFO:__main__:Total loss 0.5230
INFO:__main__:Predicted mean: -0.3823
INFO:__main__:Predicted uncertainity -0.8199
INFO:__main__:Completed epoch 66 of 100

INFO:__main__:NLL: 0.0841, L2: 0.0275, Reg: 0.3245
INFO:__main__:Total loss 0.4361
INFO:__main__:Predicted mean: -0.3859
INFO:__main__:Predicted uncertainity -0.6526
INFO:__main__:Completed epoch 67 of 100

INFO:__main__:NLL: 0.0134, L2: 0.0286, Reg: 0.3245
INFO:__main__:Total loss 0.3665
INFO:__main__:Predicted mean: -0.3892
INFO:__main__:Predicted uncertainity -0.8150
INFO:__main__:Completed epoch 68 of 100

INFO:__main__:NLL: 0.0293, L2: 0.0292, Reg: 0.3247
INFO:__main__:Total loss 0.3832
INFO:__main__:Predicted mean: -0.4077
INFO:__main__:Predicted uncertainity -0.7673
INFO:__main__:Completed epoch 69 of 100

INFO:__main__:NLL: 0.4354, L2: 0.0290, Reg: 0.3248
INFO:__main__:Total loss 0.7892
INFO:__main__:Predicted mean: -0.4373
INFO:__main__:Predicted uncertainity -0.6849
INFO:__main__:Completed epoch 70 of 100

INFO:__main__:NLL: -0.0672, L2: 0.0268, Reg: 0.3248
INFO:__main__:Total loss 0.2844
INFO:__main__:Predicted mean: -0.4185
INFO:__main__:Predicted uncertainity -0.7708
INFO:__main__:Completed epoch 71 of 100

INFO:__main__:NLL: 0.2225, L2: 0.0286, Reg: 0.3248
INFO:__main__:Total loss 0.5759
INFO:__main__:Predicted mean: -0.3891
INFO:__main__:Predicted uncertainity -0.8419
INFO:__main__:Completed epoch 72 of 100

INFO:__main__:NLL: 0.3381, L2: 0.0292, Reg: 0.3247
INFO:__main__:Total loss 0.6920
INFO:__main__:Predicted mean: -0.3684
INFO:__main__:Predicted uncertainity -0.8283
INFO:__main__:Completed epoch 73 of 100

INFO:__main__:NLL: 0.1153, L2: 0.0294, Reg: 0.3251
INFO:__main__:Total loss 0.4698
INFO:__main__:Predicted mean: -0.3785
INFO:__main__:Predicted uncertainity -0.7943
INFO:__main__:Completed epoch 74 of 100

INFO:__main__:NLL: 0.0406, L2: 0.0287, Reg: 0.3249
INFO:__main__:Total loss 0.3942
INFO:__main__:Predicted mean: -0.3811
INFO:__main__:Predicted uncertainity -0.7228
INFO:__main__:Completed epoch 75 of 100

INFO:__main__:NLL: 0.1017, L2: 0.0280, Reg: 0.3247
INFO:__main__:Total loss 0.4544
INFO:__main__:Predicted mean: -0.4197
INFO:__main__:Predicted uncertainity -0.7435
INFO:__main__:Completed epoch 76 of 100

INFO:__main__:NLL: 0.2324, L2: 0.0289, Reg: 0.3246
INFO:__main__:Total loss 0.5858
INFO:__main__:Predicted mean: -0.3961
INFO:__main__:Predicted uncertainity -0.7702
INFO:__main__:Completed epoch 77 of 100

INFO:__main__:NLL: 0.2807, L2: 0.0285, Reg: 0.3244
INFO:__main__:Total loss 0.6336
INFO:__main__:Predicted mean: -0.4092
INFO:__main__:Predicted uncertainity -0.7532
INFO:__main__:Completed epoch 78 of 100

INFO:__main__:NLL: 0.2921, L2: 0.0267, Reg: 0.3242
INFO:__main__:Total loss 0.6429
INFO:__main__:Predicted mean: -0.3618
INFO:__main__:Predicted uncertainity -0.7002
INFO:__main__:Completed epoch 79 of 100

INFO:__main__:NLL: 0.0983, L2: 0.0301, Reg: 0.3250
INFO:__main__:Total loss 0.4534
INFO:__main__:Predicted mean: -0.3742
INFO:__main__:Predicted uncertainity -0.6270
INFO:__main__:Completed epoch 80 of 100

INFO:__main__:NLL: 0.0605, L2: 0.0309, Reg: 0.3245
INFO:__main__:Total loss 0.4158
INFO:__main__:Predicted mean: -0.3730
INFO:__main__:Predicted uncertainity -0.6576
INFO:__main__:Completed epoch 81 of 100

INFO:__main__:NLL: 0.0681, L2: 0.0294, Reg: 0.3243
INFO:__main__:Total loss 0.4217
INFO:__main__:Predicted mean: -0.3736
INFO:__main__:Predicted uncertainity -0.7496
INFO:__main__:Completed epoch 82 of 100

INFO:__main__:NLL: 0.0293, L2: 0.0282, Reg: 0.3251
INFO:__main__:Total loss 0.3826
INFO:__main__:Predicted mean: -0.4035
INFO:__main__:Predicted uncertainity -0.8363
INFO:__main__:Completed epoch 83 of 100

INFO:__main__:NLL: 0.3557, L2: 0.0269, Reg: 0.3243
INFO:__main__:Total loss 0.7068
INFO:__main__:Predicted mean: -0.3748
INFO:__main__:Predicted uncertainity -0.7523
INFO:__main__:Completed epoch 84 of 100

INFO:__main__:NLL: 0.1196, L2: 0.0301, Reg: 0.3248
INFO:__main__:Total loss 0.4745
INFO:__main__:Predicted mean: -0.3496
INFO:__main__:Predicted uncertainity -0.6652
INFO:__main__:Completed epoch 85 of 100

INFO:__main__:NLL: -0.0411, L2: 0.0284, Reg: 0.3244
INFO:__main__:Total loss 0.3116
INFO:__main__:Predicted mean: -0.4159
INFO:__main__:Predicted uncertainity -0.8358
INFO:__main__:Completed epoch 86 of 100

INFO:__main__:NLL: 0.1221, L2: 0.0284, Reg: 0.3243
INFO:__main__:Total loss 0.4748
INFO:__main__:Predicted mean: -0.4239
INFO:__main__:Predicted uncertainity -0.7033
INFO:__main__:Completed epoch 87 of 100

INFO:__main__:NLL: 0.0696, L2: 0.0292, Reg: 0.3241
INFO:__main__:Total loss 0.4229
INFO:__main__:Predicted mean: -0.3795
INFO:__main__:Predicted uncertainity -0.7198
INFO:__main__:Completed epoch 88 of 100

INFO:__main__:NLL: 0.0419, L2: 0.0281, Reg: 0.3247
INFO:__main__:Total loss 0.3947
INFO:__main__:Predicted mean: -0.3478
INFO:__main__:Predicted uncertainity -0.8166
INFO:__main__:Completed epoch 89 of 100

INFO:__main__:NLL: 0.1219, L2: 0.0292, Reg: 0.3244
INFO:__main__:Total loss 0.4756
INFO:__main__:Predicted mean: -0.4215
INFO:__main__:Predicted uncertainity -0.7399
INFO:__main__:Completed epoch 90 of 100

INFO:__main__:NLL: 0.0260, L2: 0.0289, Reg: 0.3248
INFO:__main__:Total loss 0.3797
INFO:__main__:Predicted mean: -0.4243
INFO:__main__:Predicted uncertainity -0.8409
INFO:__main__:Completed epoch 91 of 100

INFO:__main__:NLL: 0.1344, L2: 0.0290, Reg: 0.3249
INFO:__main__:Total loss 0.4884
INFO:__main__:Predicted mean: -0.4158
INFO:__main__:Predicted uncertainity -0.8711
INFO:__main__:Completed epoch 92 of 100

INFO:__main__:NLL: 0.0476, L2: 0.0288, Reg: 0.3249
INFO:__main__:Total loss 0.4013
INFO:__main__:Predicted mean: -0.4088
INFO:__main__:Predicted uncertainity -0.6633
INFO:__main__:Completed epoch 93 of 100

INFO:__main__:NLL: 0.0920, L2: 0.0304, Reg: 0.3241
INFO:__main__:Total loss 0.4466
INFO:__main__:Predicted mean: -0.3211
INFO:__main__:Predicted uncertainity -0.7089
INFO:__main__:Completed epoch 94 of 100

INFO:__main__:NLL: 0.1948, L2: 0.0260, Reg: 0.3241
INFO:__main__:Total loss 0.5449
INFO:__main__:Predicted mean: -0.3932
INFO:__main__:Predicted uncertainity -0.6258
INFO:__main__:Completed epoch 95 of 100

INFO:__main__:NLL: 0.2847, L2: 0.0284, Reg: 0.3247
INFO:__main__:Total loss 0.6378
INFO:__main__:Predicted mean: -0.3897
INFO:__main__:Predicted uncertainity -0.9009
INFO:__main__:Completed epoch 96 of 100

INFO:__main__:NLL: 0.0408, L2: 0.0271, Reg: 0.3244
INFO:__main__:Total loss 0.3923
INFO:__main__:Predicted mean: -0.3424
INFO:__main__:Predicted uncertainity -0.6847
INFO:__main__:Completed epoch 97 of 100

INFO:__main__:NLL: 0.1743, L2: 0.0296, Reg: 0.3245
INFO:__main__:Total loss 0.5284
INFO:__main__:Predicted mean: -0.3877
INFO:__main__:Predicted uncertainity -0.7677
INFO:__main__:Completed epoch 98 of 100

INFO:__main__:NLL: 0.1915, L2: 0.0296, Reg: 0.3247
INFO:__main__:Total loss 0.5458
INFO:__main__:Predicted mean: -0.4392
INFO:__main__:Predicted uncertainity -0.8267
INFO:__main__:Completed epoch 99 of 100

INFO:__main__:NLL: 0.2426, L2: 0.0277, Reg: 0.3247
INFO:__main__:Total loss 0.5949
INFO:__main__:Predicted mean: -0.3799
INFO:__main__:Predicted uncertainity -0.8283
INFO:__main__:Completed epoch 100 of 100

INFO:__main__:344.264115 s
