INFO:__main__:PROCESS RUNNING ON cpu
INFO:__main__:NLL: 0.3091, L2: 0.0109, Reg: 0.0393
INFO:__main__:Total loss 0.3593
INFO:__main__:Predicted mean: -0.3293
INFO:__main__:Predicted uncertainity 0.0291
INFO:__main__:Completed epoch 1 of 100

INFO:__main__:NLL: 0.3094, L2: 0.0109, Reg: 0.0421
INFO:__main__:Total loss 0.3624
INFO:__main__:Predicted mean: -0.3281
INFO:__main__:Predicted uncertainity 0.0316
INFO:__main__:Completed epoch 2 of 100

INFO:__main__:NLL: 0.3086, L2: 0.0108, Reg: 0.0471
INFO:__main__:Total loss 0.3664
INFO:__main__:Predicted mean: -0.3273
INFO:__main__:Predicted uncertainity 0.0278
INFO:__main__:Completed epoch 3 of 100

INFO:__main__:NLL: 0.3073, L2: 0.0107, Reg: 0.0517
INFO:__main__:Total loss 0.3697
INFO:__main__:Predicted mean: -0.3264
INFO:__main__:Predicted uncertainity 0.0221
INFO:__main__:Completed epoch 4 of 100

INFO:__main__:NLL: 0.3090, L2: 0.0108, Reg: 0.0347
INFO:__main__:Total loss 0.3545
INFO:__main__:Predicted mean: -0.3275
INFO:__main__:Predicted uncertainity 0.0298
INFO:__main__:Completed epoch 5 of 100

INFO:__main__:NLL: 0.3074, L2: 0.0107, Reg: 0.0422
INFO:__main__:Total loss 0.3603
INFO:__main__:Predicted mean: -0.3268
INFO:__main__:Predicted uncertainity 0.0224
INFO:__main__:Completed epoch 6 of 100

INFO:__main__:NLL: 0.3079, L2: 0.0108, Reg: 0.0462
INFO:__main__:Total loss 0.3649
INFO:__main__:Predicted mean: -0.3269
INFO:__main__:Predicted uncertainity 0.0250
INFO:__main__:Completed epoch 7 of 100

INFO:__main__:NLL: 0.3071, L2: 0.0107, Reg: 0.0477
INFO:__main__:Total loss 0.3656
INFO:__main__:Predicted mean: -0.3270
INFO:__main__:Predicted uncertainity 0.0209
INFO:__main__:Completed epoch 8 of 100

INFO:__main__:NLL: 0.3099, L2: 0.0109, Reg: 0.0398
INFO:__main__:Total loss 0.3606
INFO:__main__:Predicted mean: -0.3271
INFO:__main__:Predicted uncertainity 0.0344
INFO:__main__:Completed epoch 9 of 100

INFO:__main__:NLL: 0.3091, L2: 0.0108, Reg: 0.0432
INFO:__main__:Total loss 0.3631
INFO:__main__:Predicted mean: -0.3271
INFO:__main__:Predicted uncertainity 0.0304
INFO:__main__:Completed epoch 10 of 100

INFO:__main__:NLL: 0.3083, L2: 0.0108, Reg: 0.0429
INFO:__main__:Total loss 0.3620
INFO:__main__:Predicted mean: -0.3272
INFO:__main__:Predicted uncertainity 0.0266
INFO:__main__:Completed epoch 11 of 100

INFO:__main__:NLL: 0.3081, L2: 0.0108, Reg: 0.0338
INFO:__main__:Total loss 0.3527
INFO:__main__:Predicted mean: -0.3273
INFO:__main__:Predicted uncertainity 0.0253
INFO:__main__:Completed epoch 12 of 100

INFO:__main__:NLL: 0.3065, L2: 0.0107, Reg: 0.0490
INFO:__main__:Total loss 0.3663
INFO:__main__:Predicted mean: -0.3268
INFO:__main__:Predicted uncertainity 0.0179
INFO:__main__:Completed epoch 13 of 100

INFO:__main__:NLL: 0.3100, L2: 0.0109, Reg: 0.0449
INFO:__main__:Total loss 0.3657
INFO:__main__:Predicted mean: -0.3270
INFO:__main__:Predicted uncertainity 0.0351
INFO:__main__:Completed epoch 14 of 100

INFO:__main__:NLL: 0.3089, L2: 0.0108, Reg: 0.0404
INFO:__main__:Total loss 0.3601
INFO:__main__:Predicted mean: -0.3268
INFO:__main__:Predicted uncertainity 0.0298
INFO:__main__:Completed epoch 15 of 100

INFO:__main__:NLL: 0.3110, L2: 0.0109, Reg: 0.0466
INFO:__main__:Total loss 0.3684
INFO:__main__:Predicted mean: -0.3270
INFO:__main__:Predicted uncertainity 0.0397
INFO:__main__:Completed epoch 16 of 100

INFO:__main__:NLL: 0.3086, L2: 0.0108, Reg: 0.0351
INFO:__main__:Total loss 0.3546
INFO:__main__:Predicted mean: -0.3270
INFO:__main__:Predicted uncertainity 0.0283
INFO:__main__:Completed epoch 17 of 100

INFO:__main__:NLL: 0.3101, L2: 0.0108, Reg: 0.0396
INFO:__main__:Total loss 0.3605
INFO:__main__:Predicted mean: -0.3270
INFO:__main__:Predicted uncertainity 0.0352
INFO:__main__:Completed epoch 18 of 100

INFO:__main__:NLL: 0.3100, L2: 0.0108, Reg: 0.0482
INFO:__main__:Total loss 0.3691
INFO:__main__:Predicted mean: -0.3268
INFO:__main__:Predicted uncertainity 0.0352
INFO:__main__:Completed epoch 19 of 100

INFO:__main__:NLL: 0.3088, L2: 0.0108, Reg: 0.0508
INFO:__main__:Total loss 0.3704
INFO:__main__:Predicted mean: -0.3264
INFO:__main__:Predicted uncertainity 0.0295
INFO:__main__:Completed epoch 20 of 100

INFO:__main__:NLL: 0.3056, L2: 0.0107, Reg: 0.0411
INFO:__main__:Total loss 0.3574
INFO:__main__:Predicted mean: -0.3266
INFO:__main__:Predicted uncertainity 0.0135
INFO:__main__:Completed epoch 21 of 100

INFO:__main__:NLL: 0.3080, L2: 0.0108, Reg: 0.0449
INFO:__main__:Total loss 0.3636
INFO:__main__:Predicted mean: -0.3269
INFO:__main__:Predicted uncertainity 0.0253
INFO:__main__:Completed epoch 22 of 100

INFO:__main__:NLL: 0.3097, L2: 0.0108, Reg: 0.0497
INFO:__main__:Total loss 0.3702
INFO:__main__:Predicted mean: -0.3272
INFO:__main__:Predicted uncertainity 0.0336
INFO:__main__:Completed epoch 23 of 100

INFO:__main__:NLL: 0.3096, L2: 0.0108, Reg: 0.0506
INFO:__main__:Total loss 0.3710
INFO:__main__:Predicted mean: -0.3273
INFO:__main__:Predicted uncertainity 0.0328
INFO:__main__:Completed epoch 24 of 100

INFO:__main__:NLL: 0.3095, L2: 0.0108, Reg: 0.0541
INFO:__main__:Total loss 0.3744
INFO:__main__:Predicted mean: -0.3269
INFO:__main__:Predicted uncertainity 0.0324
INFO:__main__:Completed epoch 25 of 100

INFO:__main__:NLL: 0.3065, L2: 0.0107, Reg: 0.0575
INFO:__main__:Total loss 0.3747
INFO:__main__:Predicted mean: -0.3266
INFO:__main__:Predicted uncertainity 0.0181
INFO:__main__:Completed epoch 26 of 100

INFO:__main__:NLL: 0.3093, L2: 0.0108, Reg: 0.0415
INFO:__main__:Total loss 0.3617
INFO:__main__:Predicted mean: -0.3271
INFO:__main__:Predicted uncertainity 0.0317
INFO:__main__:Completed epoch 27 of 100

INFO:__main__:NLL: 0.3097, L2: 0.0108, Reg: 0.0382
INFO:__main__:Total loss 0.3587
INFO:__main__:Predicted mean: -0.3272
INFO:__main__:Predicted uncertainity 0.0335
INFO:__main__:Completed epoch 28 of 100

INFO:__main__:NLL: 0.3113, L2: 0.0109, Reg: 0.0517
INFO:__main__:Total loss 0.3739
INFO:__main__:Predicted mean: -0.3274
INFO:__main__:Predicted uncertainity 0.0410
INFO:__main__:Completed epoch 29 of 100

INFO:__main__:NLL: 0.3081, L2: 0.0108, Reg: 0.0342
INFO:__main__:Total loss 0.3531
INFO:__main__:Predicted mean: -0.3270
INFO:__main__:Predicted uncertainity 0.0256
INFO:__main__:Completed epoch 30 of 100

INFO:__main__:NLL: 0.3103, L2: 0.0109, Reg: 0.0436
INFO:__main__:Total loss 0.3648
INFO:__main__:Predicted mean: -0.3268
INFO:__main__:Predicted uncertainity 0.0364
INFO:__main__:Completed epoch 31 of 100

INFO:__main__:NLL: 0.3062, L2: 0.0107, Reg: 0.0507
INFO:__main__:Total loss 0.3676
INFO:__main__:Predicted mean: -0.3270
INFO:__main__:Predicted uncertainity 0.0162
INFO:__main__:Completed epoch 32 of 100

INFO:__main__:NLL: 0.3076, L2: 0.0108, Reg: 0.0411
INFO:__main__:Total loss 0.3594
INFO:__main__:Predicted mean: -0.3267
INFO:__main__:Predicted uncertainity 0.0233
INFO:__main__:Completed epoch 33 of 100

INFO:__main__:NLL: 0.3118, L2: 0.0109, Reg: 0.0458
INFO:__main__:Total loss 0.3686
INFO:__main__:Predicted mean: -0.3277
INFO:__main__:Predicted uncertainity 0.0433
INFO:__main__:Completed epoch 34 of 100

INFO:__main__:NLL: 0.3100, L2: 0.0109, Reg: 0.0376
INFO:__main__:Total loss 0.3585
INFO:__main__:Predicted mean: -0.3272
INFO:__main__:Predicted uncertainity 0.0349
INFO:__main__:Completed epoch 35 of 100

INFO:__main__:NLL: 0.3072, L2: 0.0107, Reg: 0.0426
INFO:__main__:Total loss 0.3606
INFO:__main__:Predicted mean: -0.3268
INFO:__main__:Predicted uncertainity 0.0217
INFO:__main__:Completed epoch 36 of 100

INFO:__main__:NLL: 0.3108, L2: 0.0109, Reg: 0.0475
INFO:__main__:Total loss 0.3691
INFO:__main__:Predicted mean: -0.3272
INFO:__main__:Predicted uncertainity 0.0385
INFO:__main__:Completed epoch 37 of 100

INFO:__main__:NLL: 0.3089, L2: 0.0109, Reg: 0.0468
INFO:__main__:Total loss 0.3666
INFO:__main__:Predicted mean: -0.3273
INFO:__main__:Predicted uncertainity 0.0294
INFO:__main__:Completed epoch 38 of 100

INFO:__main__:NLL: 0.3106, L2: 0.0109, Reg: 0.0409
INFO:__main__:Total loss 0.3624
INFO:__main__:Predicted mean: -0.3271
INFO:__main__:Predicted uncertainity 0.0378
INFO:__main__:Completed epoch 39 of 100

INFO:__main__:NLL: 0.3072, L2: 0.0108, Reg: 0.0550
INFO:__main__:Total loss 0.3729
INFO:__main__:Predicted mean: -0.3269
INFO:__main__:Predicted uncertainity 0.0214
INFO:__main__:Completed epoch 40 of 100

INFO:__main__:NLL: 0.3086, L2: 0.0108, Reg: 0.0451
INFO:__main__:Total loss 0.3644
INFO:__main__:Predicted mean: -0.3270
INFO:__main__:Predicted uncertainity 0.0281
INFO:__main__:Completed epoch 41 of 100

INFO:__main__:NLL: 0.3102, L2: 0.0108, Reg: 0.0416
INFO:__main__:Total loss 0.3625
INFO:__main__:Predicted mean: -0.3267
INFO:__main__:Predicted uncertainity 0.0360
INFO:__main__:Completed epoch 42 of 100

INFO:__main__:NLL: 0.3094, L2: 0.0109, Reg: 0.0459
INFO:__main__:Total loss 0.3662
INFO:__main__:Predicted mean: -0.3274
INFO:__main__:Predicted uncertainity 0.0319
INFO:__main__:Completed epoch 43 of 100

INFO:__main__:NLL: 0.3085, L2: 0.0108, Reg: 0.0421
INFO:__main__:Total loss 0.3615
INFO:__main__:Predicted mean: -0.3274
INFO:__main__:Predicted uncertainity 0.0273
INFO:__main__:Completed epoch 44 of 100

INFO:__main__:NLL: 0.3103, L2: 0.0108, Reg: 0.0423
INFO:__main__:Total loss 0.3634
INFO:__main__:Predicted mean: -0.3269
INFO:__main__:Predicted uncertainity 0.0365
INFO:__main__:Completed epoch 45 of 100

INFO:__main__:NLL: 0.3084, L2: 0.0108, Reg: 0.0447
INFO:__main__:Total loss 0.3639
INFO:__main__:Predicted mean: -0.3272
INFO:__main__:Predicted uncertainity 0.0271
INFO:__main__:Completed epoch 46 of 100

INFO:__main__:NLL: 0.3108, L2: 0.0109, Reg: 0.0417
INFO:__main__:Total loss 0.3634
INFO:__main__:Predicted mean: -0.3271
INFO:__main__:Predicted uncertainity 0.0388
INFO:__main__:Completed epoch 47 of 100

INFO:__main__:NLL: 0.3093, L2: 0.0108, Reg: 0.0449
INFO:__main__:Total loss 0.3650
INFO:__main__:Predicted mean: -0.3262
INFO:__main__:Predicted uncertainity 0.0321
INFO:__main__:Completed epoch 48 of 100

INFO:__main__:NLL: 0.3127, L2: 0.0110, Reg: 0.0408
INFO:__main__:Total loss 0.3645
INFO:__main__:Predicted mean: -0.3271
INFO:__main__:Predicted uncertainity 0.0477
INFO:__main__:Completed epoch 49 of 100

INFO:__main__:NLL: 0.3076, L2: 0.0108, Reg: 0.0406
INFO:__main__:Total loss 0.3590
INFO:__main__:Predicted mean: -0.3267
INFO:__main__:Predicted uncertainity 0.0237
INFO:__main__:Completed epoch 50 of 100

INFO:__main__:NLL: 0.3086, L2: 0.0108, Reg: 0.0514
INFO:__main__:Total loss 0.3708
INFO:__main__:Predicted mean: -0.3269
INFO:__main__:Predicted uncertainity 0.0284
INFO:__main__:Completed epoch 51 of 100

INFO:__main__:NLL: 0.3084, L2: 0.0108, Reg: 0.0572
INFO:__main__:Total loss 0.3764
INFO:__main__:Predicted mean: -0.3264
INFO:__main__:Predicted uncertainity 0.0278
INFO:__main__:Completed epoch 52 of 100

INFO:__main__:NLL: 0.3091, L2: 0.0108, Reg: 0.0394
INFO:__main__:Total loss 0.3594
INFO:__main__:Predicted mean: -0.3265
INFO:__main__:Predicted uncertainity 0.0311
INFO:__main__:Completed epoch 53 of 100

INFO:__main__:NLL: 0.3080, L2: 0.0108, Reg: 0.0507
INFO:__main__:Total loss 0.3694
INFO:__main__:Predicted mean: -0.3268
INFO:__main__:Predicted uncertainity 0.0252
INFO:__main__:Completed epoch 54 of 100

INFO:__main__:NLL: 0.3100, L2: 0.0108, Reg: 0.0401
INFO:__main__:Total loss 0.3610
INFO:__main__:Predicted mean: -0.3270
INFO:__main__:Predicted uncertainity 0.0351
INFO:__main__:Completed epoch 55 of 100

INFO:__main__:NLL: 0.3083, L2: 0.0108, Reg: 0.0443
INFO:__main__:Total loss 0.3633
INFO:__main__:Predicted mean: -0.3269
INFO:__main__:Predicted uncertainity 0.0266
INFO:__main__:Completed epoch 56 of 100

INFO:__main__:NLL: 0.3060, L2: 0.0107, Reg: 0.0438
INFO:__main__:Total loss 0.3605
INFO:__main__:Predicted mean: -0.3269
INFO:__main__:Predicted uncertainity 0.0152
INFO:__main__:Completed epoch 57 of 100

INFO:__main__:NLL: 0.3043, L2: 0.0107, Reg: 0.0497
INFO:__main__:Total loss 0.3646
INFO:__main__:Predicted mean: -0.3264
INFO:__main__:Predicted uncertainity 0.0072
INFO:__main__:Completed epoch 58 of 100

INFO:__main__:NLL: 0.3089, L2: 0.0108, Reg: 0.0515
INFO:__main__:Total loss 0.3713
INFO:__main__:Predicted mean: -0.3272
INFO:__main__:Predicted uncertainity 0.0297
INFO:__main__:Completed epoch 59 of 100

INFO:__main__:NLL: 0.3114, L2: 0.0109, Reg: 0.0456
INFO:__main__:Total loss 0.3679
INFO:__main__:Predicted mean: -0.3276
INFO:__main__:Predicted uncertainity 0.0413
INFO:__main__:Completed epoch 60 of 100

INFO:__main__:NLL: 0.3102, L2: 0.0108, Reg: 0.0391
INFO:__main__:Total loss 0.3602
INFO:__main__:Predicted mean: -0.3270
INFO:__main__:Predicted uncertainity 0.0360
INFO:__main__:Completed epoch 61 of 100

INFO:__main__:NLL: 0.3068, L2: 0.0108, Reg: 0.0437
INFO:__main__:Total loss 0.3613
INFO:__main__:Predicted mean: -0.3266
INFO:__main__:Predicted uncertainity 0.0199
INFO:__main__:Completed epoch 62 of 100

INFO:__main__:NLL: 0.3088, L2: 0.0108, Reg: 0.0465
INFO:__main__:Total loss 0.3661
INFO:__main__:Predicted mean: -0.3270
INFO:__main__:Predicted uncertainity 0.0293
INFO:__main__:Completed epoch 63 of 100

INFO:__main__:NLL: 0.3066, L2: 0.0108, Reg: 0.0489
INFO:__main__:Total loss 0.3662
INFO:__main__:Predicted mean: -0.3269
INFO:__main__:Predicted uncertainity 0.0187
INFO:__main__:Completed epoch 64 of 100

INFO:__main__:NLL: 0.3088, L2: 0.0108, Reg: 0.0454
INFO:__main__:Total loss 0.3650
INFO:__main__:Predicted mean: -0.3266
INFO:__main__:Predicted uncertainity 0.0292
INFO:__main__:Completed epoch 65 of 100

INFO:__main__:NLL: 0.3079, L2: 0.0108, Reg: 0.0493
INFO:__main__:Total loss 0.3679
INFO:__main__:Predicted mean: -0.3270
INFO:__main__:Predicted uncertainity 0.0245
INFO:__main__:Completed epoch 66 of 100

INFO:__main__:NLL: 0.3081, L2: 0.0108, Reg: 0.0458
INFO:__main__:Total loss 0.3648
INFO:__main__:Predicted mean: -0.3270
INFO:__main__:Predicted uncertainity 0.0259
INFO:__main__:Completed epoch 67 of 100

INFO:__main__:NLL: 0.3097, L2: 0.0108, Reg: 0.0459
INFO:__main__:Total loss 0.3664
INFO:__main__:Predicted mean: -0.3271
INFO:__main__:Predicted uncertainity 0.0333
INFO:__main__:Completed epoch 68 of 100

INFO:__main__:NLL: 0.3062, L2: 0.0107, Reg: 0.0393
INFO:__main__:Total loss 0.3562
INFO:__main__:Predicted mean: -0.3266
INFO:__main__:Predicted uncertainity 0.0165
INFO:__main__:Completed epoch 69 of 100

INFO:__main__:NLL: 0.3099, L2: 0.0108, Reg: 0.0340
INFO:__main__:Total loss 0.3548
INFO:__main__:Predicted mean: -0.3271
INFO:__main__:Predicted uncertainity 0.0345
INFO:__main__:Completed epoch 70 of 100

INFO:__main__:NLL: 0.3091, L2: 0.0108, Reg: 0.0480
INFO:__main__:Total loss 0.3678
INFO:__main__:Predicted mean: -0.3268
INFO:__main__:Predicted uncertainity 0.0305
INFO:__main__:Completed epoch 71 of 100

INFO:__main__:NLL: 0.3095, L2: 0.0108, Reg: 0.0462
INFO:__main__:Total loss 0.3665
INFO:__main__:Predicted mean: -0.3268
INFO:__main__:Predicted uncertainity 0.0326
INFO:__main__:Completed epoch 72 of 100

INFO:__main__:NLL: 0.3086, L2: 0.0108, Reg: 0.0395
INFO:__main__:Total loss 0.3589
INFO:__main__:Predicted mean: -0.3272
INFO:__main__:Predicted uncertainity 0.0282
INFO:__main__:Completed epoch 73 of 100

INFO:__main__:NLL: 0.3084, L2: 0.0108, Reg: 0.0392
INFO:__main__:Total loss 0.3585
INFO:__main__:Predicted mean: -0.3270
INFO:__main__:Predicted uncertainity 0.0274
INFO:__main__:Completed epoch 74 of 100

INFO:__main__:NLL: 0.3109, L2: 0.0109, Reg: 0.0428
INFO:__main__:Total loss 0.3647
INFO:__main__:Predicted mean: -0.3273
INFO:__main__:Predicted uncertainity 0.0392
INFO:__main__:Completed epoch 75 of 100

INFO:__main__:NLL: 0.3097, L2: 0.0108, Reg: 0.0453
INFO:__main__:Total loss 0.3657
INFO:__main__:Predicted mean: -0.3269
INFO:__main__:Predicted uncertainity 0.0334
INFO:__main__:Completed epoch 76 of 100

INFO:__main__:NLL: 0.3063, L2: 0.0107, Reg: 0.0501
INFO:__main__:Total loss 0.3671
INFO:__main__:Predicted mean: -0.3264
INFO:__main__:Predicted uncertainity 0.0171
INFO:__main__:Completed epoch 77 of 100

INFO:__main__:NLL: 0.3110, L2: 0.0109, Reg: 0.0437
INFO:__main__:Total loss 0.3657
INFO:__main__:Predicted mean: -0.3278
INFO:__main__:Predicted uncertainity 0.0395
INFO:__main__:Completed epoch 78 of 100

INFO:__main__:NLL: 0.3104, L2: 0.0108, Reg: 0.0501
INFO:__main__:Total loss 0.3713
INFO:__main__:Predicted mean: -0.3268
INFO:__main__:Predicted uncertainity 0.0369
INFO:__main__:Completed epoch 79 of 100

INFO:__main__:NLL: 0.3070, L2: 0.0108, Reg: 0.0482
INFO:__main__:Total loss 0.3660
INFO:__main__:Predicted mean: -0.3267
INFO:__main__:Predicted uncertainity 0.0207
INFO:__main__:Completed epoch 80 of 100

INFO:__main__:NLL: 0.3096, L2: 0.0108, Reg: 0.0335
INFO:__main__:Total loss 0.3539
INFO:__main__:Predicted mean: -0.3266
INFO:__main__:Predicted uncertainity 0.0331
INFO:__main__:Completed epoch 81 of 100

INFO:__main__:NLL: 0.3087, L2: 0.0108, Reg: 0.0517
INFO:__main__:Total loss 0.3712
INFO:__main__:Predicted mean: -0.3272
INFO:__main__:Predicted uncertainity 0.0286
INFO:__main__:Completed epoch 82 of 100

INFO:__main__:NLL: 0.3106, L2: 0.0108, Reg: 0.0426
INFO:__main__:Total loss 0.3641
INFO:__main__:Predicted mean: -0.3267
INFO:__main__:Predicted uncertainity 0.0381
INFO:__main__:Completed epoch 83 of 100

INFO:__main__:NLL: 0.3102, L2: 0.0109, Reg: 0.0457
INFO:__main__:Total loss 0.3667
INFO:__main__:Predicted mean: -0.3269
INFO:__main__:Predicted uncertainity 0.0359
INFO:__main__:Completed epoch 84 of 100

INFO:__main__:NLL: 0.3091, L2: 0.0108, Reg: 0.0472
INFO:__main__:Total loss 0.3671
INFO:__main__:Predicted mean: -0.3270
INFO:__main__:Predicted uncertainity 0.0306
INFO:__main__:Completed epoch 85 of 100

INFO:__main__:NLL: 0.3093, L2: 0.0108, Reg: 0.0517
INFO:__main__:Total loss 0.3718
INFO:__main__:Predicted mean: -0.3267
INFO:__main__:Predicted uncertainity 0.0316
INFO:__main__:Completed epoch 86 of 100

INFO:__main__:NLL: 0.3095, L2: 0.0108, Reg: 0.0368
INFO:__main__:Total loss 0.3571
INFO:__main__:Predicted mean: -0.3266
INFO:__main__:Predicted uncertainity 0.0328
INFO:__main__:Completed epoch 87 of 100

INFO:__main__:NLL: 0.3072, L2: 0.0107, Reg: 0.0510
INFO:__main__:Total loss 0.3689
INFO:__main__:Predicted mean: -0.3265
INFO:__main__:Predicted uncertainity 0.0216
INFO:__main__:Completed epoch 88 of 100

INFO:__main__:NLL: 0.3114, L2: 0.0109, Reg: 0.0433
INFO:__main__:Total loss 0.3656
INFO:__main__:Predicted mean: -0.3277
INFO:__main__:Predicted uncertainity 0.0413
INFO:__main__:Completed epoch 89 of 100

INFO:__main__:NLL: 0.3108, L2: 0.0109, Reg: 0.0427
INFO:__main__:Total loss 0.3645
INFO:__main__:Predicted mean: -0.3278
INFO:__main__:Predicted uncertainity 0.0385
INFO:__main__:Completed epoch 90 of 100

INFO:__main__:NLL: 0.3110, L2: 0.0109, Reg: 0.0398
INFO:__main__:Total loss 0.3617
INFO:__main__:Predicted mean: -0.3276
INFO:__main__:Predicted uncertainity 0.0393
INFO:__main__:Completed epoch 91 of 100

INFO:__main__:NLL: 0.3094, L2: 0.0108, Reg: 0.0528
INFO:__main__:Total loss 0.3731
INFO:__main__:Predicted mean: -0.3269
INFO:__main__:Predicted uncertainity 0.0322
INFO:__main__:Completed epoch 92 of 100

INFO:__main__:NLL: 0.3069, L2: 0.0107, Reg: 0.0480
INFO:__main__:Total loss 0.3657
INFO:__main__:Predicted mean: -0.3266
INFO:__main__:Predicted uncertainity 0.0203
INFO:__main__:Completed epoch 93 of 100

INFO:__main__:NLL: 0.3092, L2: 0.0108, Reg: 0.0468
INFO:__main__:Total loss 0.3668
INFO:__main__:Predicted mean: -0.3267
INFO:__main__:Predicted uncertainity 0.0310
INFO:__main__:Completed epoch 94 of 100

INFO:__main__:NLL: 0.3088, L2: 0.0108, Reg: 0.0505
INFO:__main__:Total loss 0.3701
INFO:__main__:Predicted mean: -0.3268
INFO:__main__:Predicted uncertainity 0.0291
INFO:__main__:Completed epoch 95 of 100

INFO:__main__:NLL: 0.3097, L2: 0.0108, Reg: 0.0369
INFO:__main__:Total loss 0.3575
INFO:__main__:Predicted mean: -0.3266
INFO:__main__:Predicted uncertainity 0.0339
INFO:__main__:Completed epoch 96 of 100

INFO:__main__:NLL: 0.3084, L2: 0.0108, Reg: 0.0489
INFO:__main__:Total loss 0.3681
INFO:__main__:Predicted mean: -0.3267
INFO:__main__:Predicted uncertainity 0.0276
INFO:__main__:Completed epoch 97 of 100

INFO:__main__:NLL: 0.3095, L2: 0.0108, Reg: 0.0353
INFO:__main__:Total loss 0.3556
INFO:__main__:Predicted mean: -0.3266
INFO:__main__:Predicted uncertainity 0.0329
INFO:__main__:Completed epoch 98 of 100

INFO:__main__:NLL: 0.3084, L2: 0.0108, Reg: 0.0478
INFO:__main__:Total loss 0.3670
INFO:__main__:Predicted mean: -0.3272
INFO:__main__:Predicted uncertainity 0.0273
INFO:__main__:Completed epoch 99 of 100

INFO:__main__:NLL: 0.3073, L2: 0.0107, Reg: 0.0453
INFO:__main__:Total loss 0.3633
INFO:__main__:Predicted mean: -0.3264
INFO:__main__:Predicted uncertainity 0.0221
INFO:__main__:Completed epoch 100 of 100

INFO:__main__:808.568806 s
