INFO:__main__:PROCESS RUNNING ON cpu
INFO:__main__:NLL: 0.1414, L2: 0.0059, Reg: 0.0722
INFO:__main__:Total loss 0.2195
INFO:__main__:Predicted mean: -0.4669
INFO:__main__:Predicted uncertainity -0.6191
INFO:__main__:Completed epoch 1 of 100

INFO:__main__:NLL: 0.1804, L2: 0.0061, Reg: 0.0717
INFO:__main__:Total loss 0.2581
INFO:__main__:Predicted mean: -0.4216
INFO:__main__:Predicted uncertainity -0.6397
INFO:__main__:Completed epoch 2 of 100

INFO:__main__:NLL: 0.0864, L2: 0.0065, Reg: 0.0759
INFO:__main__:Total loss 0.1688
INFO:__main__:Predicted mean: -0.4078
INFO:__main__:Predicted uncertainity -0.5608
INFO:__main__:Completed epoch 3 of 100

INFO:__main__:NLL: -0.0282, L2: 0.0068, Reg: 0.0804
INFO:__main__:Total loss 0.0591
INFO:__main__:Predicted mean: -0.4487
INFO:__main__:Predicted uncertainity -0.6935
INFO:__main__:Completed epoch 4 of 100

INFO:__main__:NLL: 0.1966, L2: 0.0072, Reg: 0.0710
INFO:__main__:Total loss 0.2748
INFO:__main__:Predicted mean: -0.3931
INFO:__main__:Predicted uncertainity -0.6109
INFO:__main__:Completed epoch 5 of 100

INFO:__main__:NLL: 0.0601, L2: 0.0068, Reg: 0.0694
INFO:__main__:Total loss 0.1364
INFO:__main__:Predicted mean: -0.3974
INFO:__main__:Predicted uncertainity -0.5998
INFO:__main__:Completed epoch 6 of 100

INFO:__main__:NLL: 0.0300, L2: 0.0066, Reg: 0.0660
INFO:__main__:Total loss 0.1025
INFO:__main__:Predicted mean: -0.4059
INFO:__main__:Predicted uncertainity -0.6404
INFO:__main__:Completed epoch 7 of 100

INFO:__main__:NLL: 0.2034, L2: 0.0069, Reg: 0.0789
INFO:__main__:Total loss 0.2893
INFO:__main__:Predicted mean: -0.4533
INFO:__main__:Predicted uncertainity -0.6322
INFO:__main__:Completed epoch 8 of 100

INFO:__main__:NLL: 0.0954, L2: 0.0071, Reg: 0.0690
INFO:__main__:Total loss 0.1715
INFO:__main__:Predicted mean: -0.4432
INFO:__main__:Predicted uncertainity -0.6841
INFO:__main__:Completed epoch 9 of 100

INFO:__main__:NLL: 0.2157, L2: 0.0070, Reg: 0.0753
INFO:__main__:Total loss 0.2980
INFO:__main__:Predicted mean: -0.3984
INFO:__main__:Predicted uncertainity -0.6423
INFO:__main__:Completed epoch 10 of 100

INFO:__main__:NLL: 0.0648, L2: 0.0069, Reg: 0.0698
INFO:__main__:Total loss 0.1415
INFO:__main__:Predicted mean: -0.4144
INFO:__main__:Predicted uncertainity -0.6594
INFO:__main__:Completed epoch 11 of 100

INFO:__main__:NLL: 0.1635, L2: 0.0069, Reg: 0.0657
INFO:__main__:Total loss 0.2360
INFO:__main__:Predicted mean: -0.4466
INFO:__main__:Predicted uncertainity -0.6124
INFO:__main__:Completed epoch 12 of 100

INFO:__main__:NLL: 0.0743, L2: 0.0072, Reg: 0.0682
INFO:__main__:Total loss 0.1497
INFO:__main__:Predicted mean: -0.4167
INFO:__main__:Predicted uncertainity -0.5944
INFO:__main__:Completed epoch 13 of 100

INFO:__main__:NLL: 0.1178, L2: 0.0072, Reg: 0.0691
INFO:__main__:Total loss 0.1941
INFO:__main__:Predicted mean: -0.4247
INFO:__main__:Predicted uncertainity -0.5733
INFO:__main__:Completed epoch 14 of 100

INFO:__main__:NLL: 0.0787, L2: 0.0074, Reg: 0.0655
INFO:__main__:Total loss 0.1516
INFO:__main__:Predicted mean: -0.3751
INFO:__main__:Predicted uncertainity -0.6433
INFO:__main__:Completed epoch 15 of 100

INFO:__main__:NLL: 0.1654, L2: 0.0067, Reg: 0.0730
INFO:__main__:Total loss 0.2451
INFO:__main__:Predicted mean: -0.4467
INFO:__main__:Predicted uncertainity -0.6278
INFO:__main__:Completed epoch 16 of 100

INFO:__main__:NLL: 0.0537, L2: 0.0071, Reg: 0.0732
INFO:__main__:Total loss 0.1341
INFO:__main__:Predicted mean: -0.4033
INFO:__main__:Predicted uncertainity -0.6886
INFO:__main__:Completed epoch 17 of 100

INFO:__main__:NLL: 0.0926, L2: 0.0072, Reg: 0.0798
INFO:__main__:Total loss 0.1797
INFO:__main__:Predicted mean: -0.3864
INFO:__main__:Predicted uncertainity -0.6411
INFO:__main__:Completed epoch 18 of 100

INFO:__main__:NLL: 0.0309, L2: 0.0074, Reg: 0.0736
INFO:__main__:Total loss 0.1119
INFO:__main__:Predicted mean: -0.3898
INFO:__main__:Predicted uncertainity -0.6271
INFO:__main__:Completed epoch 19 of 100

INFO:__main__:NLL: 0.0529, L2: 0.0074, Reg: 0.0764
INFO:__main__:Total loss 0.1367
INFO:__main__:Predicted mean: -0.4297
INFO:__main__:Predicted uncertainity -0.6562
INFO:__main__:Completed epoch 20 of 100

INFO:__main__:NLL: 0.1065, L2: 0.0073, Reg: 0.0616
INFO:__main__:Total loss 0.1755
INFO:__main__:Predicted mean: -0.4083
INFO:__main__:Predicted uncertainity -0.5941
INFO:__main__:Completed epoch 21 of 100

INFO:__main__:NLL: 0.1520, L2: 0.0076, Reg: 0.0727
INFO:__main__:Total loss 0.2323
INFO:__main__:Predicted mean: -0.4124
INFO:__main__:Predicted uncertainity -0.6495
INFO:__main__:Completed epoch 22 of 100

INFO:__main__:NLL: 0.3398, L2: 0.0072, Reg: 0.0741
INFO:__main__:Total loss 0.4211
INFO:__main__:Predicted mean: -0.4044
INFO:__main__:Predicted uncertainity -0.6494
INFO:__main__:Completed epoch 23 of 100

INFO:__main__:NLL: 0.0872, L2: 0.0075, Reg: 0.0810
INFO:__main__:Total loss 0.1756
INFO:__main__:Predicted mean: -0.4168
INFO:__main__:Predicted uncertainity -0.5973
INFO:__main__:Completed epoch 24 of 100

INFO:__main__:NLL: 0.0987, L2: 0.0076, Reg: 0.0667
INFO:__main__:Total loss 0.1730
INFO:__main__:Predicted mean: -0.3521
INFO:__main__:Predicted uncertainity -0.5942
INFO:__main__:Completed epoch 25 of 100

INFO:__main__:NLL: 0.2224, L2: 0.0075, Reg: 0.0773
INFO:__main__:Total loss 0.3072
INFO:__main__:Predicted mean: -0.4067
INFO:__main__:Predicted uncertainity -0.6166
INFO:__main__:Completed epoch 26 of 100

INFO:__main__:NLL: 0.1027, L2: 0.0074, Reg: 0.0682
INFO:__main__:Total loss 0.1783
INFO:__main__:Predicted mean: -0.3630
INFO:__main__:Predicted uncertainity -0.5786
INFO:__main__:Completed epoch 27 of 100

INFO:__main__:NLL: 0.0341, L2: 0.0075, Reg: 0.0720
INFO:__main__:Total loss 0.1136
INFO:__main__:Predicted mean: -0.3618
INFO:__main__:Predicted uncertainity -0.6449
INFO:__main__:Completed epoch 28 of 100

INFO:__main__:NLL: 0.1829, L2: 0.0080, Reg: 0.0736
INFO:__main__:Total loss 0.2644
INFO:__main__:Predicted mean: -0.3983
INFO:__main__:Predicted uncertainity -0.5754
INFO:__main__:Completed epoch 29 of 100

INFO:__main__:NLL: 0.0910, L2: 0.0077, Reg: 0.0658
INFO:__main__:Total loss 0.1644
INFO:__main__:Predicted mean: -0.3925
INFO:__main__:Predicted uncertainity -0.6288
INFO:__main__:Completed epoch 30 of 100

INFO:__main__:NLL: -0.0442, L2: 0.0078, Reg: 0.0671
INFO:__main__:Total loss 0.0307
INFO:__main__:Predicted mean: -0.3513
INFO:__main__:Predicted uncertainity -0.6393
INFO:__main__:Completed epoch 31 of 100

INFO:__main__:NLL: 0.0795, L2: 0.0077, Reg: 0.0633
INFO:__main__:Total loss 0.1505
INFO:__main__:Predicted mean: -0.3585
INFO:__main__:Predicted uncertainity -0.6261
INFO:__main__:Completed epoch 32 of 100

INFO:__main__:NLL: 0.1379, L2: 0.0075, Reg: 0.0818
INFO:__main__:Total loss 0.2272
INFO:__main__:Predicted mean: -0.4274
INFO:__main__:Predicted uncertainity -0.6969
INFO:__main__:Completed epoch 33 of 100

INFO:__main__:NLL: 0.1766, L2: 0.0079, Reg: 0.0728
INFO:__main__:Total loss 0.2572
INFO:__main__:Predicted mean: -0.3737
INFO:__main__:Predicted uncertainity -0.6443
INFO:__main__:Completed epoch 34 of 100

INFO:__main__:NLL: 0.1951, L2: 0.0079, Reg: 0.0658
INFO:__main__:Total loss 0.2687
INFO:__main__:Predicted mean: -0.3928
INFO:__main__:Predicted uncertainity -0.6632
INFO:__main__:Completed epoch 35 of 100

INFO:__main__:NLL: 0.0798, L2: 0.0078, Reg: 0.0716
INFO:__main__:Total loss 0.1593
INFO:__main__:Predicted mean: -0.3561
INFO:__main__:Predicted uncertainity -0.6563
INFO:__main__:Completed epoch 36 of 100

INFO:__main__:NLL: 0.2905, L2: 0.0077, Reg: 0.0741
INFO:__main__:Total loss 0.3723
INFO:__main__:Predicted mean: -0.4432
INFO:__main__:Predicted uncertainity -0.6161
INFO:__main__:Completed epoch 37 of 100

INFO:__main__:NLL: 0.0060, L2: 0.0074, Reg: 0.0659
INFO:__main__:Total loss 0.0793
INFO:__main__:Predicted mean: -0.3726
INFO:__main__:Predicted uncertainity -0.6530
INFO:__main__:Completed epoch 38 of 100

INFO:__main__:NLL: 0.1562, L2: 0.0078, Reg: 0.0680
INFO:__main__:Total loss 0.2320
INFO:__main__:Predicted mean: -0.5052
INFO:__main__:Predicted uncertainity -0.6727
INFO:__main__:Completed epoch 39 of 100

INFO:__main__:NLL: 0.1267, L2: 0.0078, Reg: 0.0729
INFO:__main__:Total loss 0.2075
INFO:__main__:Predicted mean: -0.4201
INFO:__main__:Predicted uncertainity -0.5750
INFO:__main__:Completed epoch 40 of 100

INFO:__main__:NLL: 0.1284, L2: 0.0080, Reg: 0.0687
INFO:__main__:Total loss 0.2051
INFO:__main__:Predicted mean: -0.3504
INFO:__main__:Predicted uncertainity -0.5308
INFO:__main__:Completed epoch 41 of 100

INFO:__main__:NLL: 0.4197, L2: 0.0075, Reg: 0.0720
INFO:__main__:Total loss 0.4992
INFO:__main__:Predicted mean: -0.4604
INFO:__main__:Predicted uncertainity -0.6696
INFO:__main__:Completed epoch 42 of 100

INFO:__main__:NLL: 0.1126, L2: 0.0078, Reg: 0.0762
INFO:__main__:Total loss 0.1966
INFO:__main__:Predicted mean: -0.4115
INFO:__main__:Predicted uncertainity -0.5950
INFO:__main__:Completed epoch 43 of 100

INFO:__main__:NLL: 0.1539, L2: 0.0077, Reg: 0.0676
INFO:__main__:Total loss 0.2291
INFO:__main__:Predicted mean: -0.3607
INFO:__main__:Predicted uncertainity -0.6296
INFO:__main__:Completed epoch 44 of 100

INFO:__main__:NLL: 0.1512, L2: 0.0077, Reg: 0.0805
INFO:__main__:Total loss 0.2394
INFO:__main__:Predicted mean: -0.3882
INFO:__main__:Predicted uncertainity -0.6508
INFO:__main__:Completed epoch 45 of 100

INFO:__main__:NLL: 0.2174, L2: 0.0076, Reg: 0.0725
INFO:__main__:Total loss 0.2976
INFO:__main__:Predicted mean: -0.3652
INFO:__main__:Predicted uncertainity -0.6443
INFO:__main__:Completed epoch 46 of 100

INFO:__main__:NLL: 0.0607, L2: 0.0076, Reg: 0.0758
INFO:__main__:Total loss 0.1441
INFO:__main__:Predicted mean: -0.4289
INFO:__main__:Predicted uncertainity -0.6518
INFO:__main__:Completed epoch 47 of 100

INFO:__main__:NLL: 0.3348, L2: 0.0079, Reg: 0.0786
INFO:__main__:Total loss 0.4213
INFO:__main__:Predicted mean: -0.4271
INFO:__main__:Predicted uncertainity -0.6088
INFO:__main__:Completed epoch 48 of 100

INFO:__main__:NLL: 0.1054, L2: 0.0080, Reg: 0.0781
INFO:__main__:Total loss 0.1914
INFO:__main__:Predicted mean: -0.4113
INFO:__main__:Predicted uncertainity -0.6053
INFO:__main__:Completed epoch 49 of 100

INFO:__main__:NLL: 0.0813, L2: 0.0078, Reg: 0.0682
INFO:__main__:Total loss 0.1574
INFO:__main__:Predicted mean: -0.4329
INFO:__main__:Predicted uncertainity -0.5481
INFO:__main__:Completed epoch 50 of 100

INFO:__main__:NLL: 0.1032, L2: 0.0082, Reg: 0.0798
INFO:__main__:Total loss 0.1912
INFO:__main__:Predicted mean: -0.4357
INFO:__main__:Predicted uncertainity -0.7285
INFO:__main__:Completed epoch 51 of 100

INFO:__main__:NLL: 0.0795, L2: 0.0079, Reg: 0.0763
INFO:__main__:Total loss 0.1637
INFO:__main__:Predicted mean: -0.4048
INFO:__main__:Predicted uncertainity -0.6595
INFO:__main__:Completed epoch 52 of 100

INFO:__main__:NLL: 0.1597, L2: 0.0082, Reg: 0.0650
INFO:__main__:Total loss 0.2328
INFO:__main__:Predicted mean: -0.4226
INFO:__main__:Predicted uncertainity -0.6071
INFO:__main__:Completed epoch 53 of 100

INFO:__main__:NLL: 0.0904, L2: 0.0081, Reg: 0.0716
INFO:__main__:Total loss 0.1701
INFO:__main__:Predicted mean: -0.3740
INFO:__main__:Predicted uncertainity -0.6481
INFO:__main__:Completed epoch 54 of 100

INFO:__main__:NLL: 0.0829, L2: 0.0080, Reg: 0.0725
INFO:__main__:Total loss 0.1634
INFO:__main__:Predicted mean: -0.4180
INFO:__main__:Predicted uncertainity -0.6602
INFO:__main__:Completed epoch 55 of 100

INFO:__main__:NLL: 0.1301, L2: 0.0084, Reg: 0.0693
INFO:__main__:Total loss 0.2078
INFO:__main__:Predicted mean: -0.4085
INFO:__main__:Predicted uncertainity -0.6491
INFO:__main__:Completed epoch 56 of 100

INFO:__main__:NLL: 0.1266, L2: 0.0078, Reg: 0.0677
INFO:__main__:Total loss 0.2021
INFO:__main__:Predicted mean: -0.3574
INFO:__main__:Predicted uncertainity -0.6606
INFO:__main__:Completed epoch 57 of 100

INFO:__main__:NLL: 0.2113, L2: 0.0076, Reg: 0.0706
INFO:__main__:Total loss 0.2896
INFO:__main__:Predicted mean: -0.3906
INFO:__main__:Predicted uncertainity -0.5879
INFO:__main__:Completed epoch 58 of 100

INFO:__main__:NLL: 0.1195, L2: 0.0078, Reg: 0.0724
INFO:__main__:Total loss 0.1998
INFO:__main__:Predicted mean: -0.4037
INFO:__main__:Predicted uncertainity -0.5954
INFO:__main__:Completed epoch 59 of 100

INFO:__main__:NLL: 0.0911, L2: 0.0078, Reg: 0.0653
INFO:__main__:Total loss 0.1643
INFO:__main__:Predicted mean: -0.4285
INFO:__main__:Predicted uncertainity -0.5011
INFO:__main__:Completed epoch 60 of 100

INFO:__main__:NLL: 0.0884, L2: 0.0077, Reg: 0.0761
INFO:__main__:Total loss 0.1722
INFO:__main__:Predicted mean: -0.3720
INFO:__main__:Predicted uncertainity -0.5591
INFO:__main__:Completed epoch 61 of 100

INFO:__main__:NLL: 0.1516, L2: 0.0077, Reg: 0.0628
INFO:__main__:Total loss 0.2220
INFO:__main__:Predicted mean: -0.3902
INFO:__main__:Predicted uncertainity -0.5489
INFO:__main__:Completed epoch 62 of 100

INFO:__main__:NLL: 0.0589, L2: 0.0079, Reg: 0.0751
INFO:__main__:Total loss 0.1420
INFO:__main__:Predicted mean: -0.4078
INFO:__main__:Predicted uncertainity -0.6244
INFO:__main__:Completed epoch 63 of 100

INFO:__main__:NLL: 0.1757, L2: 0.0080, Reg: 0.0791
INFO:__main__:Total loss 0.2627
INFO:__main__:Predicted mean: -0.4278
INFO:__main__:Predicted uncertainity -0.6629
INFO:__main__:Completed epoch 64 of 100

INFO:__main__:NLL: 0.0175, L2: 0.0072, Reg: 0.0649
INFO:__main__:Total loss 0.0896
INFO:__main__:Predicted mean: -0.4383
INFO:__main__:Predicted uncertainity -0.6573
INFO:__main__:Completed epoch 65 of 100

INFO:__main__:NLL: 0.1675, L2: 0.0073, Reg: 0.0692
INFO:__main__:Total loss 0.2440
INFO:__main__:Predicted mean: -0.4074
INFO:__main__:Predicted uncertainity -0.5817
INFO:__main__:Completed epoch 66 of 100

INFO:__main__:NLL: 0.0849, L2: 0.0077, Reg: 0.0729
INFO:__main__:Total loss 0.1655
INFO:__main__:Predicted mean: -0.4681
INFO:__main__:Predicted uncertainity -0.5971
INFO:__main__:Completed epoch 67 of 100

INFO:__main__:NLL: 0.1244, L2: 0.0074, Reg: 0.0754
INFO:__main__:Total loss 0.2072
INFO:__main__:Predicted mean: -0.3879
INFO:__main__:Predicted uncertainity -0.6107
INFO:__main__:Completed epoch 68 of 100

INFO:__main__:NLL: 0.0855, L2: 0.0076, Reg: 0.0742
INFO:__main__:Total loss 0.1673
INFO:__main__:Predicted mean: -0.3970
INFO:__main__:Predicted uncertainity -0.6367
INFO:__main__:Completed epoch 69 of 100

INFO:__main__:NLL: -0.0053, L2: 0.0075, Reg: 0.0645
INFO:__main__:Total loss 0.0667
INFO:__main__:Predicted mean: -0.3623
INFO:__main__:Predicted uncertainity -0.6472
INFO:__main__:Completed epoch 70 of 100

INFO:__main__:NLL: 0.0588, L2: 0.0075, Reg: 0.0713
INFO:__main__:Total loss 0.1377
INFO:__main__:Predicted mean: -0.3816
INFO:__main__:Predicted uncertainity -0.6030
INFO:__main__:Completed epoch 71 of 100

INFO:__main__:NLL: 0.0769, L2: 0.0077, Reg: 0.0774
INFO:__main__:Total loss 0.1620
INFO:__main__:Predicted mean: -0.3904
INFO:__main__:Predicted uncertainity -0.6733
INFO:__main__:Completed epoch 72 of 100

INFO:__main__:NLL: 0.0263, L2: 0.0074, Reg: 0.0668
INFO:__main__:Total loss 0.1005
INFO:__main__:Predicted mean: -0.4145
INFO:__main__:Predicted uncertainity -0.5907
INFO:__main__:Completed epoch 73 of 100

INFO:__main__:NLL: 0.0148, L2: 0.0075, Reg: 0.0737
INFO:__main__:Total loss 0.0960
INFO:__main__:Predicted mean: -0.3950
INFO:__main__:Predicted uncertainity -0.7428
INFO:__main__:Completed epoch 74 of 100

INFO:__main__:NLL: 0.1615, L2: 0.0076, Reg: 0.0700
INFO:__main__:Total loss 0.2391
INFO:__main__:Predicted mean: -0.4108
INFO:__main__:Predicted uncertainity -0.5816
INFO:__main__:Completed epoch 75 of 100

INFO:__main__:NLL: 0.0519, L2: 0.0075, Reg: 0.0695
INFO:__main__:Total loss 0.1289
INFO:__main__:Predicted mean: -0.3981
INFO:__main__:Predicted uncertainity -0.5924
INFO:__main__:Completed epoch 76 of 100

INFO:__main__:NLL: 0.1369, L2: 0.0076, Reg: 0.0807
INFO:__main__:Total loss 0.2251
INFO:__main__:Predicted mean: -0.3500
INFO:__main__:Predicted uncertainity -0.5859
INFO:__main__:Completed epoch 77 of 100

INFO:__main__:NLL: 0.0786, L2: 0.0073, Reg: 0.0773
INFO:__main__:Total loss 0.1633
INFO:__main__:Predicted mean: -0.4138
INFO:__main__:Predicted uncertainity -0.5815
INFO:__main__:Completed epoch 78 of 100

INFO:__main__:NLL: 0.1746, L2: 0.0077, Reg: 0.0719
INFO:__main__:Total loss 0.2542
INFO:__main__:Predicted mean: -0.3908
INFO:__main__:Predicted uncertainity -0.6726
INFO:__main__:Completed epoch 79 of 100

INFO:__main__:NLL: 0.0760, L2: 0.0077, Reg: 0.0744
INFO:__main__:Total loss 0.1581
INFO:__main__:Predicted mean: -0.4354
INFO:__main__:Predicted uncertainity -0.6106
INFO:__main__:Completed epoch 80 of 100

INFO:__main__:NLL: 0.0529, L2: 0.0077, Reg: 0.0636
INFO:__main__:Total loss 0.1241
INFO:__main__:Predicted mean: -0.4035
INFO:__main__:Predicted uncertainity -0.5945
INFO:__main__:Completed epoch 81 of 100

INFO:__main__:NLL: 0.0806, L2: 0.0075, Reg: 0.0752
INFO:__main__:Total loss 0.1633
INFO:__main__:Predicted mean: -0.3832
INFO:__main__:Predicted uncertainity -0.6179
INFO:__main__:Completed epoch 82 of 100

INFO:__main__:NLL: 0.2542, L2: 0.0073, Reg: 0.0702
INFO:__main__:Total loss 0.3317
INFO:__main__:Predicted mean: -0.4377
INFO:__main__:Predicted uncertainity -0.5959
INFO:__main__:Completed epoch 83 of 100

INFO:__main__:NLL: 0.0598, L2: 0.0074, Reg: 0.0642
INFO:__main__:Total loss 0.1315
INFO:__main__:Predicted mean: -0.4166
INFO:__main__:Predicted uncertainity -0.5623
INFO:__main__:Completed epoch 84 of 100

INFO:__main__:NLL: 0.0913, L2: 0.0074, Reg: 0.0693
INFO:__main__:Total loss 0.1679
INFO:__main__:Predicted mean: -0.3732
INFO:__main__:Predicted uncertainity -0.5741
INFO:__main__:Completed epoch 85 of 100

INFO:__main__:NLL: 0.0008, L2: 0.0077, Reg: 0.0736
INFO:__main__:Total loss 0.0822
INFO:__main__:Predicted mean: -0.4030
INFO:__main__:Predicted uncertainity -0.6672
INFO:__main__:Completed epoch 86 of 100

INFO:__main__:NLL: 0.0787, L2: 0.0076, Reg: 0.0771
INFO:__main__:Total loss 0.1634
INFO:__main__:Predicted mean: -0.4434
INFO:__main__:Predicted uncertainity -0.6304
INFO:__main__:Completed epoch 87 of 100

INFO:__main__:NLL: 0.2105, L2: 0.0077, Reg: 0.0734
INFO:__main__:Total loss 0.2916
INFO:__main__:Predicted mean: -0.3833
INFO:__main__:Predicted uncertainity -0.6731
INFO:__main__:Completed epoch 88 of 100

INFO:__main__:NLL: 0.2661, L2: 0.0077, Reg: 0.0633
INFO:__main__:Total loss 0.3371
INFO:__main__:Predicted mean: -0.3769
INFO:__main__:Predicted uncertainity -0.5925
INFO:__main__:Completed epoch 89 of 100

INFO:__main__:NLL: 0.1598, L2: 0.0076, Reg: 0.0660
INFO:__main__:Total loss 0.2333
INFO:__main__:Predicted mean: -0.3906
INFO:__main__:Predicted uncertainity -0.6131
INFO:__main__:Completed epoch 90 of 100

INFO:__main__:NLL: 0.0966, L2: 0.0076, Reg: 0.0659
INFO:__main__:Total loss 0.1701
INFO:__main__:Predicted mean: -0.3926
INFO:__main__:Predicted uncertainity -0.5650
INFO:__main__:Completed epoch 91 of 100

INFO:__main__:NLL: 0.0580, L2: 0.0073, Reg: 0.0727
INFO:__main__:Total loss 0.1380
INFO:__main__:Predicted mean: -0.3948
INFO:__main__:Predicted uncertainity -0.6228
INFO:__main__:Completed epoch 92 of 100

INFO:__main__:NLL: 0.2588, L2: 0.0079, Reg: 0.0720
INFO:__main__:Total loss 0.3387
INFO:__main__:Predicted mean: -0.3603
INFO:__main__:Predicted uncertainity -0.6049
INFO:__main__:Completed epoch 93 of 100

INFO:__main__:NLL: 0.2349, L2: 0.0078, Reg: 0.0787
INFO:__main__:Total loss 0.3214
INFO:__main__:Predicted mean: -0.4009
INFO:__main__:Predicted uncertainity -0.6561
INFO:__main__:Completed epoch 94 of 100

INFO:__main__:NLL: 0.1256, L2: 0.0074, Reg: 0.0785
INFO:__main__:Total loss 0.2115
INFO:__main__:Predicted mean: -0.4194
INFO:__main__:Predicted uncertainity -0.6276
INFO:__main__:Completed epoch 95 of 100

INFO:__main__:NLL: 0.1875, L2: 0.0073, Reg: 0.0760
INFO:__main__:Total loss 0.2709
INFO:__main__:Predicted mean: -0.4183
INFO:__main__:Predicted uncertainity -0.5768
INFO:__main__:Completed epoch 96 of 100

INFO:__main__:NLL: 0.1675, L2: 0.0078, Reg: 0.0782
INFO:__main__:Total loss 0.2535
INFO:__main__:Predicted mean: -0.4011
INFO:__main__:Predicted uncertainity -0.5991
INFO:__main__:Completed epoch 97 of 100

INFO:__main__:NLL: 0.0389, L2: 0.0078, Reg: 0.0699
INFO:__main__:Total loss 0.1165
INFO:__main__:Predicted mean: -0.3743
INFO:__main__:Predicted uncertainity -0.6732
INFO:__main__:Completed epoch 98 of 100

INFO:__main__:NLL: 0.0070, L2: 0.0074, Reg: 0.0825
INFO:__main__:Total loss 0.0969
INFO:__main__:Predicted mean: -0.3784
INFO:__main__:Predicted uncertainity -0.6944
INFO:__main__:Completed epoch 99 of 100

INFO:__main__:NLL: 0.1454, L2: 0.0075, Reg: 0.0748
INFO:__main__:Total loss 0.2276
INFO:__main__:Predicted mean: -0.4523
INFO:__main__:Predicted uncertainity -0.5993
INFO:__main__:Completed epoch 100 of 100

INFO:__main__:766.460454 s
