INFO:__main__:PROCESS RUNNING ON cpu
INFO:__main__:NLL: 0.1124, L2: 0.0631, Reg: 0.0568
INFO:__main__:Total loss 0.2324
INFO:__main__:Predicted mean: -0.5403
INFO:__main__:Predicted uncertainity -0.7851
INFO:__main__:Completed epoch 1 of 100

INFO:__main__:NLL: 0.2238, L2: 0.0539, Reg: 0.0568
INFO:__main__:Total loss 0.3346
INFO:__main__:Predicted mean: -0.4939
INFO:__main__:Predicted uncertainity -0.5986
INFO:__main__:Completed epoch 2 of 100

INFO:__main__:NLL: 0.1411, L2: 0.0476, Reg: 0.0568
INFO:__main__:Total loss 0.2455
INFO:__main__:Predicted mean: -0.4446
INFO:__main__:Predicted uncertainity -0.7300
INFO:__main__:Completed epoch 3 of 100

INFO:__main__:NLL: 0.1100, L2: 0.0495, Reg: 0.0568
INFO:__main__:Total loss 0.2163
INFO:__main__:Predicted mean: -0.4900
INFO:__main__:Predicted uncertainity -0.7250
INFO:__main__:Completed epoch 4 of 100

INFO:__main__:NLL: 0.1236, L2: 0.0483, Reg: 0.0568
INFO:__main__:Total loss 0.2288
INFO:__main__:Predicted mean: -0.4463
INFO:__main__:Predicted uncertainity -0.6758
INFO:__main__:Completed epoch 5 of 100

INFO:__main__:NLL: 0.0548, L2: 0.0512, Reg: 0.0568
INFO:__main__:Total loss 0.1628
INFO:__main__:Predicted mean: -0.4420
INFO:__main__:Predicted uncertainity -0.6725
INFO:__main__:Completed epoch 6 of 100

INFO:__main__:NLL: 0.1165, L2: 0.0471, Reg: 0.0568
INFO:__main__:Total loss 0.2204
INFO:__main__:Predicted mean: -0.4587
INFO:__main__:Predicted uncertainity -0.5450
INFO:__main__:Completed epoch 7 of 100

INFO:__main__:NLL: 0.2528, L2: 0.0523, Reg: 0.0568
INFO:__main__:Total loss 0.3620
INFO:__main__:Predicted mean: -0.4397
INFO:__main__:Predicted uncertainity -0.7106
INFO:__main__:Completed epoch 8 of 100

INFO:__main__:NLL: 0.1218, L2: 0.0542, Reg: 0.0568
INFO:__main__:Total loss 0.2329
INFO:__main__:Predicted mean: -0.4650
INFO:__main__:Predicted uncertainity -0.7450
INFO:__main__:Completed epoch 9 of 100

INFO:__main__:NLL: 0.2671, L2: 0.0547, Reg: 0.0568
INFO:__main__:Total loss 0.3786
INFO:__main__:Predicted mean: -0.4769
INFO:__main__:Predicted uncertainity -0.7483
INFO:__main__:Completed epoch 10 of 100

INFO:__main__:NLL: 0.1799, L2: 0.0516, Reg: 0.0568
INFO:__main__:Total loss 0.2883
INFO:__main__:Predicted mean: -0.5017
INFO:__main__:Predicted uncertainity -0.7302
INFO:__main__:Completed epoch 11 of 100

INFO:__main__:NLL: 0.2190, L2: 0.0520, Reg: 0.0568
INFO:__main__:Total loss 0.3278
INFO:__main__:Predicted mean: -0.4418
INFO:__main__:Predicted uncertainity -0.6784
INFO:__main__:Completed epoch 12 of 100

INFO:__main__:NLL: 0.0640, L2: 0.0526, Reg: 0.0568
INFO:__main__:Total loss 0.1734
INFO:__main__:Predicted mean: -0.4541
INFO:__main__:Predicted uncertainity -0.7960
INFO:__main__:Completed epoch 13 of 100

INFO:__main__:NLL: 0.1161, L2: 0.0495, Reg: 0.0568
INFO:__main__:Total loss 0.2224
INFO:__main__:Predicted mean: -0.4260
INFO:__main__:Predicted uncertainity -0.7400
INFO:__main__:Completed epoch 14 of 100

INFO:__main__:NLL: 0.1119, L2: 0.0532, Reg: 0.0568
INFO:__main__:Total loss 0.2219
INFO:__main__:Predicted mean: -0.4444
INFO:__main__:Predicted uncertainity -0.7031
INFO:__main__:Completed epoch 15 of 100

INFO:__main__:NLL: 0.1328, L2: 0.0518, Reg: 0.0568
INFO:__main__:Total loss 0.2414
INFO:__main__:Predicted mean: -0.4638
INFO:__main__:Predicted uncertainity -0.7010
INFO:__main__:Completed epoch 16 of 100

INFO:__main__:NLL: 0.0628, L2: 0.0532, Reg: 0.0568
INFO:__main__:Total loss 0.1729
INFO:__main__:Predicted mean: -0.4707
INFO:__main__:Predicted uncertainity -0.7235
INFO:__main__:Completed epoch 17 of 100

INFO:__main__:NLL: 0.1391, L2: 0.0536, Reg: 0.0568
INFO:__main__:Total loss 0.2495
INFO:__main__:Predicted mean: -0.4481
INFO:__main__:Predicted uncertainity -0.7358
INFO:__main__:Completed epoch 18 of 100

INFO:__main__:NLL: 0.2242, L2: 0.0477, Reg: 0.0568
INFO:__main__:Total loss 0.3287
INFO:__main__:Predicted mean: -0.4813
INFO:__main__:Predicted uncertainity -0.6589
INFO:__main__:Completed epoch 19 of 100

INFO:__main__:NLL: 0.1288, L2: 0.0533, Reg: 0.0568
INFO:__main__:Total loss 0.2389
INFO:__main__:Predicted mean: -0.4454
INFO:__main__:Predicted uncertainity -0.6942
INFO:__main__:Completed epoch 20 of 100

INFO:__main__:NLL: 0.1266, L2: 0.0550, Reg: 0.0568
INFO:__main__:Total loss 0.2384
INFO:__main__:Predicted mean: -0.4766
INFO:__main__:Predicted uncertainity -0.6228
INFO:__main__:Completed epoch 21 of 100

INFO:__main__:NLL: 0.0569, L2: 0.0479, Reg: 0.0568
INFO:__main__:Total loss 0.1616
INFO:__main__:Predicted mean: -0.4684
INFO:__main__:Predicted uncertainity -0.7093
INFO:__main__:Completed epoch 22 of 100

INFO:__main__:NLL: 0.2838, L2: 0.0542, Reg: 0.0568
INFO:__main__:Total loss 0.3949
INFO:__main__:Predicted mean: -0.4711
INFO:__main__:Predicted uncertainity -0.8026
INFO:__main__:Completed epoch 23 of 100

INFO:__main__:NLL: 0.1107, L2: 0.0495, Reg: 0.0568
INFO:__main__:Total loss 0.2170
INFO:__main__:Predicted mean: -0.4246
INFO:__main__:Predicted uncertainity -0.6346
INFO:__main__:Completed epoch 24 of 100

INFO:__main__:NLL: 0.1817, L2: 0.0399, Reg: 0.0568
INFO:__main__:Total loss 0.2784
INFO:__main__:Predicted mean: -0.4032
INFO:__main__:Predicted uncertainity -0.5696
INFO:__main__:Completed epoch 25 of 100

INFO:__main__:NLL: 0.3644, L2: 0.0483, Reg: 0.0568
INFO:__main__:Total loss 0.4695
INFO:__main__:Predicted mean: -0.4501
INFO:__main__:Predicted uncertainity -0.5837
INFO:__main__:Completed epoch 26 of 100

INFO:__main__:NLL: 0.1394, L2: 0.0495, Reg: 0.0568
INFO:__main__:Total loss 0.2457
INFO:__main__:Predicted mean: -0.4239
INFO:__main__:Predicted uncertainity -0.6263
INFO:__main__:Completed epoch 27 of 100

INFO:__main__:NLL: 0.1099, L2: 0.0531, Reg: 0.0568
INFO:__main__:Total loss 0.2198
INFO:__main__:Predicted mean: -0.4473
INFO:__main__:Predicted uncertainity -0.7740
INFO:__main__:Completed epoch 28 of 100

INFO:__main__:NLL: 0.1762, L2: 0.0497, Reg: 0.0568
INFO:__main__:Total loss 0.2827
INFO:__main__:Predicted mean: -0.4284
INFO:__main__:Predicted uncertainity -0.6891
INFO:__main__:Completed epoch 29 of 100

INFO:__main__:NLL: 0.1387, L2: 0.0493, Reg: 0.0568
INFO:__main__:Total loss 0.2448
INFO:__main__:Predicted mean: -0.4614
INFO:__main__:Predicted uncertainity -0.5911
INFO:__main__:Completed epoch 30 of 100

INFO:__main__:NLL: 0.0929, L2: 0.0477, Reg: 0.0568
INFO:__main__:Total loss 0.1974
INFO:__main__:Predicted mean: -0.4581
INFO:__main__:Predicted uncertainity -0.6421
INFO:__main__:Completed epoch 31 of 100

INFO:__main__:NLL: 0.1311, L2: 0.0471, Reg: 0.0568
INFO:__main__:Total loss 0.2350
INFO:__main__:Predicted mean: -0.4543
INFO:__main__:Predicted uncertainity -0.5945
INFO:__main__:Completed epoch 32 of 100

INFO:__main__:NLL: 0.2128, L2: 0.0572, Reg: 0.0568
INFO:__main__:Total loss 0.3268
INFO:__main__:Predicted mean: -0.4547
INFO:__main__:Predicted uncertainity -0.8089
INFO:__main__:Completed epoch 33 of 100

INFO:__main__:NLL: 0.1681, L2: 0.0550, Reg: 0.0568
INFO:__main__:Total loss 0.2799
INFO:__main__:Predicted mean: -0.4958
INFO:__main__:Predicted uncertainity -0.6396
INFO:__main__:Completed epoch 34 of 100

INFO:__main__:NLL: 0.1339, L2: 0.0531, Reg: 0.0568
INFO:__main__:Total loss 0.2438
INFO:__main__:Predicted mean: -0.4252
INFO:__main__:Predicted uncertainity -0.7499
INFO:__main__:Completed epoch 35 of 100

INFO:__main__:NLL: 0.1357, L2: 0.0532, Reg: 0.0568
INFO:__main__:Total loss 0.2458
INFO:__main__:Predicted mean: -0.4891
INFO:__main__:Predicted uncertainity -0.7368
INFO:__main__:Completed epoch 36 of 100

INFO:__main__:NLL: 0.2276, L2: 0.0432, Reg: 0.0568
INFO:__main__:Total loss 0.3276
INFO:__main__:Predicted mean: -0.4153
INFO:__main__:Predicted uncertainity -0.5909
INFO:__main__:Completed epoch 37 of 100

INFO:__main__:NLL: 0.1123, L2: 0.0506, Reg: 0.0568
INFO:__main__:Total loss 0.2197
INFO:__main__:Predicted mean: -0.4526
INFO:__main__:Predicted uncertainity -0.7143
INFO:__main__:Completed epoch 38 of 100

INFO:__main__:NLL: 0.0846, L2: 0.0518, Reg: 0.0568
INFO:__main__:Total loss 0.1932
INFO:__main__:Predicted mean: -0.4698
INFO:__main__:Predicted uncertainity -0.7670
INFO:__main__:Completed epoch 39 of 100

INFO:__main__:NLL: 0.1265, L2: 0.0489, Reg: 0.0568
INFO:__main__:Total loss 0.2322
INFO:__main__:Predicted mean: -0.4471
INFO:__main__:Predicted uncertainity -0.6070
INFO:__main__:Completed epoch 40 of 100

INFO:__main__:NLL: 0.1044, L2: 0.0543, Reg: 0.0568
INFO:__main__:Total loss 0.2156
INFO:__main__:Predicted mean: -0.4510
INFO:__main__:Predicted uncertainity -0.7256
INFO:__main__:Completed epoch 41 of 100

INFO:__main__:NLL: 0.3129, L2: 0.0518, Reg: 0.0568
INFO:__main__:Total loss 0.4214
INFO:__main__:Predicted mean: -0.4894
INFO:__main__:Predicted uncertainity -0.6832
INFO:__main__:Completed epoch 42 of 100

INFO:__main__:NLL: 0.1266, L2: 0.0543, Reg: 0.0568
INFO:__main__:Total loss 0.2377
INFO:__main__:Predicted mean: -0.5084
INFO:__main__:Predicted uncertainity -0.7122
INFO:__main__:Completed epoch 43 of 100

INFO:__main__:NLL: 0.1543, L2: 0.0592, Reg: 0.0568
INFO:__main__:Total loss 0.2703
INFO:__main__:Predicted mean: -0.4818
INFO:__main__:Predicted uncertainity -0.8269
INFO:__main__:Completed epoch 44 of 100

INFO:__main__:NLL: 0.2167, L2: 0.0479, Reg: 0.0568
INFO:__main__:Total loss 0.3214
INFO:__main__:Predicted mean: -0.3994
INFO:__main__:Predicted uncertainity -0.7267
INFO:__main__:Completed epoch 45 of 100

INFO:__main__:NLL: 0.3396, L2: 0.0525, Reg: 0.0568
INFO:__main__:Total loss 0.4489
INFO:__main__:Predicted mean: -0.4356
INFO:__main__:Predicted uncertainity -0.6986
INFO:__main__:Completed epoch 46 of 100

INFO:__main__:NLL: 0.1023, L2: 0.0524, Reg: 0.0568
INFO:__main__:Total loss 0.2115
INFO:__main__:Predicted mean: -0.4756
INFO:__main__:Predicted uncertainity -0.6863
INFO:__main__:Completed epoch 47 of 100

INFO:__main__:NLL: 0.2402, L2: 0.0480, Reg: 0.0568
INFO:__main__:Total loss 0.3451
INFO:__main__:Predicted mean: -0.4386
INFO:__main__:Predicted uncertainity -0.6147
INFO:__main__:Completed epoch 48 of 100

INFO:__main__:NLL: 0.1430, L2: 0.0545, Reg: 0.0568
INFO:__main__:Total loss 0.2543
INFO:__main__:Predicted mean: -0.5202
INFO:__main__:Predicted uncertainity -0.7245
INFO:__main__:Completed epoch 49 of 100

INFO:__main__:NLL: 0.1441, L2: 0.0456, Reg: 0.0568
INFO:__main__:Total loss 0.2465
INFO:__main__:Predicted mean: -0.4524
INFO:__main__:Predicted uncertainity -0.6647
INFO:__main__:Completed epoch 50 of 100

INFO:__main__:NLL: 0.1390, L2: 0.0557, Reg: 0.0568
INFO:__main__:Total loss 0.2515
INFO:__main__:Predicted mean: -0.4658
INFO:__main__:Predicted uncertainity -0.8633
INFO:__main__:Completed epoch 51 of 100

INFO:__main__:NLL: 0.0756, L2: 0.0506, Reg: 0.0568
INFO:__main__:Total loss 0.1830
INFO:__main__:Predicted mean: -0.4115
INFO:__main__:Predicted uncertainity -0.6791
INFO:__main__:Completed epoch 52 of 100

INFO:__main__:NLL: 0.2570, L2: 0.0552, Reg: 0.0568
INFO:__main__:Total loss 0.3690
INFO:__main__:Predicted mean: -0.4886
INFO:__main__:Predicted uncertainity -0.8387
INFO:__main__:Completed epoch 53 of 100

INFO:__main__:NLL: 0.1280, L2: 0.0474, Reg: 0.0568
INFO:__main__:Total loss 0.2322
INFO:__main__:Predicted mean: -0.4251
INFO:__main__:Predicted uncertainity -0.6489
INFO:__main__:Completed epoch 54 of 100

INFO:__main__:NLL: 0.1934, L2: 0.0528, Reg: 0.0568
INFO:__main__:Total loss 0.3030
INFO:__main__:Predicted mean: -0.4616
INFO:__main__:Predicted uncertainity -0.8090
INFO:__main__:Completed epoch 55 of 100

INFO:__main__:NLL: 0.1435, L2: 0.0478, Reg: 0.0568
INFO:__main__:Total loss 0.2481
INFO:__main__:Predicted mean: -0.4392
INFO:__main__:Predicted uncertainity -0.7156
INFO:__main__:Completed epoch 56 of 100

INFO:__main__:NLL: 0.3063, L2: 0.0586, Reg: 0.0568
INFO:__main__:Total loss 0.4217
INFO:__main__:Predicted mean: -0.4402
INFO:__main__:Predicted uncertainity -0.7570
INFO:__main__:Completed epoch 57 of 100

INFO:__main__:NLL: 0.2690, L2: 0.0549, Reg: 0.0568
INFO:__main__:Total loss 0.3807
INFO:__main__:Predicted mean: -0.4877
INFO:__main__:Predicted uncertainity -0.7785
INFO:__main__:Completed epoch 58 of 100

INFO:__main__:NLL: 0.1553, L2: 0.0460, Reg: 0.0568
INFO:__main__:Total loss 0.2581
INFO:__main__:Predicted mean: -0.4450
INFO:__main__:Predicted uncertainity -0.6072
INFO:__main__:Completed epoch 59 of 100

INFO:__main__:NLL: 0.1275, L2: 0.0475, Reg: 0.0568
INFO:__main__:Total loss 0.2318
INFO:__main__:Predicted mean: -0.4230
INFO:__main__:Predicted uncertainity -0.5910
INFO:__main__:Completed epoch 60 of 100

INFO:__main__:NLL: 0.0975, L2: 0.0513, Reg: 0.0568
INFO:__main__:Total loss 0.2056
INFO:__main__:Predicted mean: -0.4956
INFO:__main__:Predicted uncertainity -0.6638
INFO:__main__:Completed epoch 61 of 100

INFO:__main__:NLL: 0.1951, L2: 0.0459, Reg: 0.0568
INFO:__main__:Total loss 0.2978
INFO:__main__:Predicted mean: -0.4413
INFO:__main__:Predicted uncertainity -0.7186
INFO:__main__:Completed epoch 62 of 100

INFO:__main__:NLL: 0.4402, L2: 0.0597, Reg: 0.0568
INFO:__main__:Total loss 0.5567
INFO:__main__:Predicted mean: -0.4686
INFO:__main__:Predicted uncertainity -0.7843
INFO:__main__:Completed epoch 63 of 100

INFO:__main__:NLL: 0.1522, L2: 0.0575, Reg: 0.0568
INFO:__main__:Total loss 0.2665
INFO:__main__:Predicted mean: -0.5438
INFO:__main__:Predicted uncertainity -0.7320
INFO:__main__:Completed epoch 64 of 100

INFO:__main__:NLL: 0.0325, L2: 0.0538, Reg: 0.0568
INFO:__main__:Total loss 0.1431
INFO:__main__:Predicted mean: -0.4676
INFO:__main__:Predicted uncertainity -0.7523
INFO:__main__:Completed epoch 65 of 100

INFO:__main__:NLL: 0.1499, L2: 0.0532, Reg: 0.0568
INFO:__main__:Total loss 0.2599
INFO:__main__:Predicted mean: -0.4453
INFO:__main__:Predicted uncertainity -0.7458
INFO:__main__:Completed epoch 66 of 100

INFO:__main__:NLL: 0.1126, L2: 0.0556, Reg: 0.0568
INFO:__main__:Total loss 0.2250
INFO:__main__:Predicted mean: -0.4988
INFO:__main__:Predicted uncertainity -0.7588
INFO:__main__:Completed epoch 67 of 100

INFO:__main__:NLL: 0.1726, L2: 0.0518, Reg: 0.0568
INFO:__main__:Total loss 0.2811
INFO:__main__:Predicted mean: -0.4710
INFO:__main__:Predicted uncertainity -0.7687
INFO:__main__:Completed epoch 68 of 100

INFO:__main__:NLL: 0.1939, L2: 0.0521, Reg: 0.0568
INFO:__main__:Total loss 0.3028
INFO:__main__:Predicted mean: -0.4426
INFO:__main__:Predicted uncertainity -0.6266
INFO:__main__:Completed epoch 69 of 100

INFO:__main__:NLL: 0.0949, L2: 0.0470, Reg: 0.0568
INFO:__main__:Total loss 0.1987
INFO:__main__:Predicted mean: -0.4444
INFO:__main__:Predicted uncertainity -0.6969
INFO:__main__:Completed epoch 70 of 100

INFO:__main__:NLL: 0.1870, L2: 0.0433, Reg: 0.0568
INFO:__main__:Total loss 0.2871
INFO:__main__:Predicted mean: -0.3983
INFO:__main__:Predicted uncertainity -0.6621
INFO:__main__:Completed epoch 71 of 100

INFO:__main__:NLL: 0.1778, L2: 0.0472, Reg: 0.0568
INFO:__main__:Total loss 0.2818
INFO:__main__:Predicted mean: -0.3976
INFO:__main__:Predicted uncertainity -0.5900
INFO:__main__:Completed epoch 72 of 100

INFO:__main__:NLL: 0.0942, L2: 0.0458, Reg: 0.0568
INFO:__main__:Total loss 0.1968
INFO:__main__:Predicted mean: -0.4298
INFO:__main__:Predicted uncertainity -0.6625
INFO:__main__:Completed epoch 73 of 100

INFO:__main__:NLL: 0.0977, L2: 0.0474, Reg: 0.0568
INFO:__main__:Total loss 0.2019
INFO:__main__:Predicted mean: -0.4480
INFO:__main__:Predicted uncertainity -0.6716
INFO:__main__:Completed epoch 74 of 100

INFO:__main__:NLL: 0.2028, L2: 0.0552, Reg: 0.0568
INFO:__main__:Total loss 0.3147
INFO:__main__:Predicted mean: -0.4575
INFO:__main__:Predicted uncertainity -0.7028
INFO:__main__:Completed epoch 75 of 100

INFO:__main__:NLL: 0.1401, L2: 0.0500, Reg: 0.0568
INFO:__main__:Total loss 0.2470
INFO:__main__:Predicted mean: -0.4749
INFO:__main__:Predicted uncertainity -0.6374
INFO:__main__:Completed epoch 76 of 100

INFO:__main__:NLL: 0.1570, L2: 0.0500, Reg: 0.0568
INFO:__main__:Total loss 0.2638
INFO:__main__:Predicted mean: -0.4572
INFO:__main__:Predicted uncertainity -0.5817
INFO:__main__:Completed epoch 77 of 100

INFO:__main__:NLL: 0.0500, L2: 0.0558, Reg: 0.0568
INFO:__main__:Total loss 0.1626
INFO:__main__:Predicted mean: -0.5114
INFO:__main__:Predicted uncertainity -0.5869
INFO:__main__:Completed epoch 78 of 100

INFO:__main__:NLL: 0.0719, L2: 0.0483, Reg: 0.0568
INFO:__main__:Total loss 0.1769
INFO:__main__:Predicted mean: -0.4189
INFO:__main__:Predicted uncertainity -0.6833
INFO:__main__:Completed epoch 79 of 100

INFO:__main__:NLL: 0.1303, L2: 0.0463, Reg: 0.0568
INFO:__main__:Total loss 0.2334
INFO:__main__:Predicted mean: -0.4257
INFO:__main__:Predicted uncertainity -0.6591
INFO:__main__:Completed epoch 80 of 100

INFO:__main__:NLL: 0.2162, L2: 0.0486, Reg: 0.0568
INFO:__main__:Total loss 0.3216
INFO:__main__:Predicted mean: -0.4352
INFO:__main__:Predicted uncertainity -0.6787
INFO:__main__:Completed epoch 81 of 100

INFO:__main__:NLL: 0.1948, L2: 0.0457, Reg: 0.0568
INFO:__main__:Total loss 0.2973
INFO:__main__:Predicted mean: -0.3656
INFO:__main__:Predicted uncertainity -0.5498
INFO:__main__:Completed epoch 82 of 100

INFO:__main__:NLL: 0.1956, L2: 0.0464, Reg: 0.0568
INFO:__main__:Total loss 0.2988
INFO:__main__:Predicted mean: -0.3954
INFO:__main__:Predicted uncertainity -0.7185
INFO:__main__:Completed epoch 83 of 100

INFO:__main__:NLL: 0.0922, L2: 0.0459, Reg: 0.0568
INFO:__main__:Total loss 0.1950
INFO:__main__:Predicted mean: -0.4254
INFO:__main__:Predicted uncertainity -0.6708
INFO:__main__:Completed epoch 84 of 100

INFO:__main__:NLL: 0.1755, L2: 0.0540, Reg: 0.0568
INFO:__main__:Total loss 0.2863
INFO:__main__:Predicted mean: -0.4781
INFO:__main__:Predicted uncertainity -0.6159
INFO:__main__:Completed epoch 85 of 100

INFO:__main__:NLL: 0.1439, L2: 0.0550, Reg: 0.0568
INFO:__main__:Total loss 0.2557
INFO:__main__:Predicted mean: -0.4732
INFO:__main__:Predicted uncertainity -0.6904
INFO:__main__:Completed epoch 86 of 100

INFO:__main__:NLL: 0.1443, L2: 0.0631, Reg: 0.0568
INFO:__main__:Total loss 0.2643
INFO:__main__:Predicted mean: -0.5091
INFO:__main__:Predicted uncertainity -0.8018
INFO:__main__:Completed epoch 87 of 100

INFO:__main__:NLL: 0.3499, L2: 0.0515, Reg: 0.0568
INFO:__main__:Total loss 0.4583
INFO:__main__:Predicted mean: -0.4758
INFO:__main__:Predicted uncertainity -0.7189
INFO:__main__:Completed epoch 88 of 100

INFO:__main__:NLL: 0.3153, L2: 0.0523, Reg: 0.0568
INFO:__main__:Total loss 0.4244
INFO:__main__:Predicted mean: -0.4205
INFO:__main__:Predicted uncertainity -0.7366
INFO:__main__:Completed epoch 89 of 100

INFO:__main__:NLL: 0.1778, L2: 0.0511, Reg: 0.0568
INFO:__main__:Total loss 0.2857
INFO:__main__:Predicted mean: -0.4296
INFO:__main__:Predicted uncertainity -0.6689
INFO:__main__:Completed epoch 90 of 100

INFO:__main__:NLL: 0.2246, L2: 0.0590, Reg: 0.0568
INFO:__main__:Total loss 0.3404
INFO:__main__:Predicted mean: -0.4118
INFO:__main__:Predicted uncertainity -0.6561
INFO:__main__:Completed epoch 91 of 100

INFO:__main__:NLL: 0.0076, L2: 0.0594, Reg: 0.0568
INFO:__main__:Total loss 0.1238
INFO:__main__:Predicted mean: -0.4487
INFO:__main__:Predicted uncertainity -0.6927
INFO:__main__:Completed epoch 92 of 100

INFO:__main__:NLL: 0.2163, L2: 0.0530, Reg: 0.0568
INFO:__main__:Total loss 0.3262
INFO:__main__:Predicted mean: -0.4465
INFO:__main__:Predicted uncertainity -0.7323
INFO:__main__:Completed epoch 93 of 100

INFO:__main__:NLL: 0.3444, L2: 0.0582, Reg: 0.0568
INFO:__main__:Total loss 0.4594
INFO:__main__:Predicted mean: -0.4815
INFO:__main__:Predicted uncertainity -0.7904
INFO:__main__:Completed epoch 94 of 100

INFO:__main__:NLL: 0.1509, L2: 0.0516, Reg: 0.0568
INFO:__main__:Total loss 0.2592
INFO:__main__:Predicted mean: -0.4245
INFO:__main__:Predicted uncertainity -0.7227
INFO:__main__:Completed epoch 95 of 100

INFO:__main__:NLL: 0.2104, L2: 0.0515, Reg: 0.0568
INFO:__main__:Total loss 0.3187
INFO:__main__:Predicted mean: -0.4658
INFO:__main__:Predicted uncertainity -0.7212
INFO:__main__:Completed epoch 96 of 100

INFO:__main__:NLL: 0.1744, L2: 0.0499, Reg: 0.0568
INFO:__main__:Total loss 0.2811
INFO:__main__:Predicted mean: -0.4021
INFO:__main__:Predicted uncertainity -0.6692
INFO:__main__:Completed epoch 97 of 100

INFO:__main__:NLL: 0.0884, L2: 0.0473, Reg: 0.0568
INFO:__main__:Total loss 0.1925
INFO:__main__:Predicted mean: -0.4413
INFO:__main__:Predicted uncertainity -0.6661
INFO:__main__:Completed epoch 98 of 100

INFO:__main__:NLL: 0.1008, L2: 0.0546, Reg: 0.0568
INFO:__main__:Total loss 0.2122
INFO:__main__:Predicted mean: -0.4779
INFO:__main__:Predicted uncertainity -0.7894
INFO:__main__:Completed epoch 99 of 100

INFO:__main__:NLL: 0.2434, L2: 0.0453, Reg: 0.0568
INFO:__main__:Total loss 0.3454
INFO:__main__:Predicted mean: -0.4214
INFO:__main__:Predicted uncertainity -0.7435
INFO:__main__:Completed epoch 100 of 100

INFO:__main__:748.990152 s
