INFO:__main__:PROCESS RUNNING ON cpu
INFO:__main__:NLL: 0.3206, L2: 0.1361, Reg: 0.4350
INFO:__main__:Total loss 0.8918
INFO:__main__:Predicted mean: -0.0680
INFO:__main__:Predicted uncertainity 0.0948
INFO:__main__:Completed epoch 1 of 100

INFO:__main__:NLL: 0.3201, L2: 0.1255, Reg: 0.4810
INFO:__main__:Total loss 0.9266
INFO:__main__:Predicted mean: -0.0651
INFO:__main__:Predicted uncertainity 0.0911
INFO:__main__:Completed epoch 2 of 100

INFO:__main__:NLL: 0.3207, L2: 0.1202, Reg: 0.5150
INFO:__main__:Total loss 0.9559
INFO:__main__:Predicted mean: -0.0606
INFO:__main__:Predicted uncertainity 0.0913
INFO:__main__:Completed epoch 3 of 100

INFO:__main__:NLL: 0.3225, L2: 0.1458, Reg: 0.5225
INFO:__main__:Total loss 0.9908
INFO:__main__:Predicted mean: -0.0653
INFO:__main__:Predicted uncertainity 0.1015
INFO:__main__:Completed epoch 4 of 100

INFO:__main__:NLL: 0.3219, L2: 0.1324, Reg: 0.3911
INFO:__main__:Total loss 0.8453
INFO:__main__:Predicted mean: -0.0617
INFO:__main__:Predicted uncertainity 0.0971
INFO:__main__:Completed epoch 5 of 100

INFO:__main__:NLL: 0.3205, L2: 0.1242, Reg: 0.4544
INFO:__main__:Total loss 0.8990
INFO:__main__:Predicted mean: -0.0629
INFO:__main__:Predicted uncertainity 0.0918
INFO:__main__:Completed epoch 6 of 100

INFO:__main__:NLL: 0.3214, L2: 0.1364, Reg: 0.4903
INFO:__main__:Total loss 0.9482
INFO:__main__:Predicted mean: -0.0651
INFO:__main__:Predicted uncertainity 0.0969
INFO:__main__:Completed epoch 7 of 100

INFO:__main__:NLL: 0.3206, L2: 0.1257, Reg: 0.5121
INFO:__main__:Total loss 0.9583
INFO:__main__:Predicted mean: -0.0634
INFO:__main__:Predicted uncertainity 0.0922
INFO:__main__:Completed epoch 8 of 100

INFO:__main__:NLL: 0.3223, L2: 0.1442, Reg: 0.4362
INFO:__main__:Total loss 0.9027
INFO:__main__:Predicted mean: -0.0648
INFO:__main__:Predicted uncertainity 0.1006
INFO:__main__:Completed epoch 9 of 100

INFO:__main__:NLL: 0.3200, L2: 0.1284, Reg: 0.4781
INFO:__main__:Total loss 0.9265
INFO:__main__:Predicted mean: -0.0667
INFO:__main__:Predicted uncertainity 0.0912
INFO:__main__:Completed epoch 10 of 100

INFO:__main__:NLL: 0.3196, L2: 0.1146, Reg: 0.4878
INFO:__main__:Total loss 0.9220
INFO:__main__:Predicted mean: -0.0614
INFO:__main__:Predicted uncertainity 0.0870
INFO:__main__:Completed epoch 11 of 100

INFO:__main__:NLL: 0.3209, L2: 0.1343, Reg: 0.3790
INFO:__main__:Total loss 0.8342
INFO:__main__:Predicted mean: -0.0657
INFO:__main__:Predicted uncertainity 0.0947
INFO:__main__:Completed epoch 12 of 100

INFO:__main__:NLL: 0.3216, L2: 0.1514, Reg: 0.4855
INFO:__main__:Total loss 0.9585
INFO:__main__:Predicted mean: -0.0703
INFO:__main__:Predicted uncertainity 0.0999
INFO:__main__:Completed epoch 13 of 100

INFO:__main__:NLL: 0.3208, L2: 0.1307, Reg: 0.5035
INFO:__main__:Total loss 0.9550
INFO:__main__:Predicted mean: -0.0643
INFO:__main__:Predicted uncertainity 0.0936
INFO:__main__:Completed epoch 14 of 100

INFO:__main__:NLL: 0.3222, L2: 0.1564, Reg: 0.4251
INFO:__main__:Total loss 0.9038
INFO:__main__:Predicted mean: -0.0703
INFO:__main__:Predicted uncertainity 0.1027
INFO:__main__:Completed epoch 15 of 100

INFO:__main__:NLL: 0.3234, L2: 0.1697, Reg: 0.4921
INFO:__main__:Total loss 0.9851
INFO:__main__:Predicted mean: -0.0714
INFO:__main__:Predicted uncertainity 0.1082
INFO:__main__:Completed epoch 16 of 100

INFO:__main__:NLL: 0.3216, L2: 0.1542, Reg: 0.3744
INFO:__main__:Total loss 0.8502
INFO:__main__:Predicted mean: -0.0715
INFO:__main__:Predicted uncertainity 0.1007
INFO:__main__:Completed epoch 17 of 100

INFO:__main__:NLL: 0.3203, L2: 0.1373, Reg: 0.4454
INFO:__main__:Total loss 0.9030
INFO:__main__:Predicted mean: -0.0691
INFO:__main__:Predicted uncertainity 0.0937
INFO:__main__:Completed epoch 18 of 100

INFO:__main__:NLL: 0.3222, L2: 0.1526, Reg: 0.5140
INFO:__main__:Total loss 0.9888
INFO:__main__:Predicted mean: -0.0686
INFO:__main__:Predicted uncertainity 0.1017
INFO:__main__:Completed epoch 19 of 100

INFO:__main__:NLL: 0.3219, L2: 0.1418, Reg: 0.5425
INFO:__main__:Total loss 1.0061
INFO:__main__:Predicted mean: -0.0651
INFO:__main__:Predicted uncertainity 0.0987
INFO:__main__:Completed epoch 20 of 100

INFO:__main__:NLL: 0.3218, L2: 0.1408, Reg: 0.4175
INFO:__main__:Total loss 0.8800
INFO:__main__:Predicted mean: -0.0651
INFO:__main__:Predicted uncertainity 0.0983
INFO:__main__:Completed epoch 21 of 100

INFO:__main__:NLL: 0.3227, L2: 0.1551, Reg: 0.4559
INFO:__main__:Total loss 0.9336
INFO:__main__:Predicted mean: -0.0680
INFO:__main__:Predicted uncertainity 0.1036
INFO:__main__:Completed epoch 22 of 100

INFO:__main__:NLL: 0.3222, L2: 0.1634, Reg: 0.5164
INFO:__main__:Total loss 1.0021
INFO:__main__:Predicted mean: -0.0732
INFO:__main__:Predicted uncertainity 0.1039
INFO:__main__:Completed epoch 23 of 100

INFO:__main__:NLL: 0.3240, L2: 0.1755, Reg: 0.5095
INFO:__main__:Total loss 1.0089
INFO:__main__:Predicted mean: -0.0714
INFO:__main__:Predicted uncertainity 0.1108
INFO:__main__:Completed epoch 24 of 100

INFO:__main__:NLL: 0.3197, L2: 0.1163, Reg: 0.6128
INFO:__main__:Total loss 1.0488
INFO:__main__:Predicted mean: -0.0617
INFO:__main__:Predicted uncertainity 0.0875
INFO:__main__:Completed epoch 25 of 100

INFO:__main__:NLL: 0.3199, L2: 0.1208, Reg: 0.6020
INFO:__main__:Total loss 1.0427
INFO:__main__:Predicted mean: -0.0630
INFO:__main__:Predicted uncertainity 0.0890
INFO:__main__:Completed epoch 26 of 100

INFO:__main__:NLL: 0.3214, L2: 0.1315, Reg: 0.4604
INFO:__main__:Total loss 0.9132
INFO:__main__:Predicted mean: -0.0622
INFO:__main__:Predicted uncertainity 0.0953
INFO:__main__:Completed epoch 27 of 100

INFO:__main__:NLL: 0.3211, L2: 0.1402, Reg: 0.4257
INFO:__main__:Total loss 0.8870
INFO:__main__:Predicted mean: -0.0675
INFO:__main__:Predicted uncertainity 0.0965
INFO:__main__:Completed epoch 28 of 100

INFO:__main__:NLL: 0.3209, L2: 0.1323, Reg: 0.5916
INFO:__main__:Total loss 1.0448
INFO:__main__:Predicted mean: -0.0646
INFO:__main__:Predicted uncertainity 0.0943
INFO:__main__:Completed epoch 29 of 100

INFO:__main__:NLL: 0.3223, L2: 0.1504, Reg: 0.3621
INFO:__main__:Total loss 0.8348
INFO:__main__:Predicted mean: -0.0672
INFO:__main__:Predicted uncertainity 0.1016
INFO:__main__:Completed epoch 30 of 100

INFO:__main__:NLL: 0.3215, L2: 0.1407, Reg: 0.4875
INFO:__main__:Total loss 0.9496
INFO:__main__:Predicted mean: -0.0663
INFO:__main__:Predicted uncertainity 0.0977
INFO:__main__:Completed epoch 31 of 100

INFO:__main__:NLL: 0.3198, L2: 0.1201, Reg: 0.5338
INFO:__main__:Total loss 0.9738
INFO:__main__:Predicted mean: -0.0631
INFO:__main__:Predicted uncertainity 0.0888
INFO:__main__:Completed epoch 32 of 100

INFO:__main__:NLL: 0.3193, L2: 0.1123, Reg: 0.4631
INFO:__main__:Total loss 0.8947
INFO:__main__:Predicted mean: -0.0613
INFO:__main__:Predicted uncertainity 0.0855
INFO:__main__:Completed epoch 33 of 100

INFO:__main__:NLL: 0.3216, L2: 0.1498, Reg: 0.5132
INFO:__main__:Total loss 0.9846
INFO:__main__:Predicted mean: -0.0698
INFO:__main__:Predicted uncertainity 0.0998
INFO:__main__:Completed epoch 34 of 100

INFO:__main__:NLL: 0.3201, L2: 0.1247, Reg: 0.4323
INFO:__main__:Total loss 0.8770
INFO:__main__:Predicted mean: -0.0642
INFO:__main__:Predicted uncertainity 0.0905
INFO:__main__:Completed epoch 35 of 100

INFO:__main__:NLL: 0.3205, L2: 0.1301, Reg: 0.4525
INFO:__main__:Total loss 0.9031
INFO:__main__:Predicted mean: -0.0651
INFO:__main__:Predicted uncertainity 0.0926
INFO:__main__:Completed epoch 36 of 100

INFO:__main__:NLL: 0.3223, L2: 0.1564, Reg: 0.5173
INFO:__main__:Total loss 0.9959
INFO:__main__:Predicted mean: -0.0697
INFO:__main__:Predicted uncertainity 0.1028
INFO:__main__:Completed epoch 37 of 100

INFO:__main__:NLL: 0.3215, L2: 0.1396, Reg: 0.4976
INFO:__main__:Total loss 0.9587
INFO:__main__:Predicted mean: -0.0658
INFO:__main__:Predicted uncertainity 0.0974
INFO:__main__:Completed epoch 38 of 100

INFO:__main__:NLL: 0.3206, L2: 0.1339, Reg: 0.4687
INFO:__main__:Total loss 0.9233
INFO:__main__:Predicted mean: -0.0662
INFO:__main__:Predicted uncertainity 0.0938
INFO:__main__:Completed epoch 39 of 100

INFO:__main__:NLL: 0.3230, L2: 0.1658, Reg: 0.5384
INFO:__main__:Total loss 1.0271
INFO:__main__:Predicted mean: -0.0713
INFO:__main__:Predicted uncertainity 0.1065
INFO:__main__:Completed epoch 40 of 100

INFO:__main__:NLL: 0.3211, L2: 0.1408, Reg: 0.4892
INFO:__main__:Total loss 0.9510
INFO:__main__:Predicted mean: -0.0675
INFO:__main__:Predicted uncertainity 0.0966
INFO:__main__:Completed epoch 41 of 100

INFO:__main__:NLL: 0.3224, L2: 0.1571, Reg: 0.4474
INFO:__main__:Total loss 0.9268
INFO:__main__:Predicted mean: -0.0698
INFO:__main__:Predicted uncertainity 0.1032
INFO:__main__:Completed epoch 42 of 100

INFO:__main__:NLL: 0.3209, L2: 0.1431, Reg: 0.5023
INFO:__main__:Total loss 0.9664
INFO:__main__:Predicted mean: -0.0692
INFO:__main__:Predicted uncertainity 0.0967
INFO:__main__:Completed epoch 43 of 100

INFO:__main__:NLL: 0.3217, L2: 0.1423, Reg: 0.4587
INFO:__main__:Total loss 0.9226
INFO:__main__:Predicted mean: -0.0661
INFO:__main__:Predicted uncertainity 0.0984
INFO:__main__:Completed epoch 44 of 100

INFO:__main__:NLL: 0.3220, L2: 0.1440, Reg: 0.4717
INFO:__main__:Total loss 0.9378
INFO:__main__:Predicted mean: -0.0655
INFO:__main__:Predicted uncertainity 0.0997
INFO:__main__:Completed epoch 45 of 100

INFO:__main__:NLL: 0.3215, L2: 0.1440, Reg: 0.4718
INFO:__main__:Total loss 0.9373
INFO:__main__:Predicted mean: -0.0671
INFO:__main__:Predicted uncertainity 0.0984
INFO:__main__:Completed epoch 46 of 100

INFO:__main__:NLL: 0.3216, L2: 0.1420, Reg: 0.4759
INFO:__main__:Total loss 0.9395
INFO:__main__:Predicted mean: -0.0661
INFO:__main__:Predicted uncertainity 0.0981
INFO:__main__:Completed epoch 47 of 100

INFO:__main__:NLL: 0.3218, L2: 0.1391, Reg: 0.4894
INFO:__main__:Total loss 0.9502
INFO:__main__:Predicted mean: -0.0643
INFO:__main__:Predicted uncertainity 0.0981
INFO:__main__:Completed epoch 48 of 100

INFO:__main__:NLL: 0.3222, L2: 0.1430, Reg: 0.4828
INFO:__main__:Total loss 0.9479
INFO:__main__:Predicted mean: -0.0643
INFO:__main__:Predicted uncertainity 0.0998
INFO:__main__:Completed epoch 49 of 100

INFO:__main__:NLL: 0.3224, L2: 0.1560, Reg: 0.4188
INFO:__main__:Total loss 0.8972
INFO:__main__:Predicted mean: -0.0691
INFO:__main__:Predicted uncertainity 0.1032
INFO:__main__:Completed epoch 50 of 100

INFO:__main__:NLL: 0.3210, L2: 0.1420, Reg: 0.5414
INFO:__main__:Total loss 1.0043
INFO:__main__:Predicted mean: -0.0686
INFO:__main__:Predicted uncertainity 0.0965
INFO:__main__:Completed epoch 51 of 100

INFO:__main__:NLL: 0.3218, L2: 0.1464, Reg: 0.6009
INFO:__main__:Total loss 1.0691
INFO:__main__:Predicted mean: -0.0671
INFO:__main__:Predicted uncertainity 0.0996
INFO:__main__:Completed epoch 52 of 100

INFO:__main__:NLL: 0.3213, L2: 0.1522, Reg: 0.4313
INFO:__main__:Total loss 0.9048
INFO:__main__:Predicted mean: -0.0720
INFO:__main__:Predicted uncertainity 0.0994
INFO:__main__:Completed epoch 53 of 100

INFO:__main__:NLL: 0.3200, L2: 0.1373, Reg: 0.5350
INFO:__main__:Total loss 0.9923
INFO:__main__:Predicted mean: -0.0700
INFO:__main__:Predicted uncertainity 0.0929
INFO:__main__:Completed epoch 54 of 100

INFO:__main__:NLL: 0.3206, L2: 0.1353, Reg: 0.4543
INFO:__main__:Total loss 0.9102
INFO:__main__:Predicted mean: -0.0669
INFO:__main__:Predicted uncertainity 0.0942
INFO:__main__:Completed epoch 55 of 100

INFO:__main__:NLL: 0.3224, L2: 0.1513, Reg: 0.4623
INFO:__main__:Total loss 0.9360
INFO:__main__:Predicted mean: -0.0671
INFO:__main__:Predicted uncertainity 0.1022
INFO:__main__:Completed epoch 56 of 100

INFO:__main__:NLL: 0.3211, L2: 0.1377, Reg: 0.4474
INFO:__main__:Total loss 0.9062
INFO:__main__:Predicted mean: -0.0663
INFO:__main__:Predicted uncertainity 0.0961
INFO:__main__:Completed epoch 57 of 100

INFO:__main__:NLL: 0.3199, L2: 0.1230, Reg: 0.5100
INFO:__main__:Total loss 0.9529
INFO:__main__:Predicted mean: -0.0640
INFO:__main__:Predicted uncertainity 0.0896
INFO:__main__:Completed epoch 58 of 100

INFO:__main__:NLL: 0.3220, L2: 0.1405, Reg: 0.5518
INFO:__main__:Total loss 1.0143
INFO:__main__:Predicted mean: -0.0640
INFO:__main__:Predicted uncertainity 0.0988
INFO:__main__:Completed epoch 59 of 100

INFO:__main__:NLL: 0.3216, L2: 0.1526, Reg: 0.5039
INFO:__main__:Total loss 0.9781
INFO:__main__:Predicted mean: -0.0708
INFO:__main__:Predicted uncertainity 0.1004
INFO:__main__:Completed epoch 60 of 100

INFO:__main__:NLL: 0.3202, L2: 0.1247, Reg: 0.4550
INFO:__main__:Total loss 0.8999
INFO:__main__:Predicted mean: -0.0637
INFO:__main__:Predicted uncertainity 0.0907
INFO:__main__:Completed epoch 61 of 100

INFO:__main__:NLL: 0.3217, L2: 0.1391, Reg: 0.4541
INFO:__main__:Total loss 0.9149
INFO:__main__:Predicted mean: -0.0646
INFO:__main__:Predicted uncertainity 0.0977
INFO:__main__:Completed epoch 62 of 100

INFO:__main__:NLL: 0.3206, L2: 0.1332, Reg: 0.5076
INFO:__main__:Total loss 0.9614
INFO:__main__:Predicted mean: -0.0661
INFO:__main__:Predicted uncertainity 0.0937
INFO:__main__:Completed epoch 63 of 100

INFO:__main__:NLL: 0.3213, L2: 0.1419, Reg: 0.4906
INFO:__main__:Total loss 0.9538
INFO:__main__:Predicted mean: -0.0675
INFO:__main__:Predicted uncertainity 0.0973
INFO:__main__:Completed epoch 64 of 100

INFO:__main__:NLL: 0.3202, L2: 0.1274, Reg: 0.5046
INFO:__main__:Total loss 0.9522
INFO:__main__:Predicted mean: -0.0649
INFO:__main__:Predicted uncertainity 0.0914
INFO:__main__:Completed epoch 65 of 100

INFO:__main__:NLL: 0.3210, L2: 0.1337, Reg: 0.5221
INFO:__main__:Total loss 0.9768
INFO:__main__:Predicted mean: -0.0651
INFO:__main__:Predicted uncertainity 0.0948
INFO:__main__:Completed epoch 66 of 100

INFO:__main__:NLL: 0.3220, L2: 0.1411, Reg: 0.4745
INFO:__main__:Total loss 0.9376
INFO:__main__:Predicted mean: -0.0643
INFO:__main__:Predicted uncertainity 0.0990
INFO:__main__:Completed epoch 67 of 100

INFO:__main__:NLL: 0.3209, L2: 0.1432, Reg: 0.5070
INFO:__main__:Total loss 0.9711
INFO:__main__:Predicted mean: -0.0693
INFO:__main__:Predicted uncertainity 0.0967
INFO:__main__:Completed epoch 68 of 100

INFO:__main__:NLL: 0.3193, L2: 0.1067, Reg: 0.4358
INFO:__main__:Total loss 0.8618
INFO:__main__:Predicted mean: -0.0586
INFO:__main__:Predicted uncertainity 0.0839
INFO:__main__:Completed epoch 69 of 100

INFO:__main__:NLL: 0.3198, L2: 0.1310, Reg: 0.3964
INFO:__main__:Total loss 0.8472
INFO:__main__:Predicted mean: -0.0678
INFO:__main__:Predicted uncertainity 0.0910
INFO:__main__:Completed epoch 70 of 100

INFO:__main__:NLL: 0.3231, L2: 0.1668, Reg: 0.4870
INFO:__main__:Total loss 0.9770
INFO:__main__:Predicted mean: -0.0710
INFO:__main__:Predicted uncertainity 0.1071
INFO:__main__:Completed epoch 71 of 100

INFO:__main__:NLL: 0.3217, L2: 0.1395, Reg: 0.5067
INFO:__main__:Total loss 0.9679
INFO:__main__:Predicted mean: -0.0645
INFO:__main__:Predicted uncertainity 0.0979
INFO:__main__:Completed epoch 72 of 100

INFO:__main__:NLL: 0.3203, L2: 0.1306, Reg: 0.4353
INFO:__main__:Total loss 0.8863
INFO:__main__:Predicted mean: -0.0659
INFO:__main__:Predicted uncertainity 0.0924
INFO:__main__:Completed epoch 73 of 100

INFO:__main__:NLL: 0.3222, L2: 0.1436, Reg: 0.4192
INFO:__main__:Total loss 0.8850
INFO:__main__:Predicted mean: -0.0647
INFO:__main__:Predicted uncertainity 0.1002
INFO:__main__:Completed epoch 74 of 100

INFO:__main__:NLL: 0.3213, L2: 0.1425, Reg: 0.4765
INFO:__main__:Total loss 0.9403
INFO:__main__:Predicted mean: -0.0675
INFO:__main__:Predicted uncertainity 0.0976
INFO:__main__:Completed epoch 75 of 100

INFO:__main__:NLL: 0.3224, L2: 0.1529, Reg: 0.4835
INFO:__main__:Total loss 0.9588
INFO:__main__:Predicted mean: -0.0679
INFO:__main__:Predicted uncertainity 0.1026
INFO:__main__:Completed epoch 76 of 100

INFO:__main__:NLL: 0.3210, L2: 0.1353, Reg: 0.5087
INFO:__main__:Total loss 0.9651
INFO:__main__:Predicted mean: -0.0655
INFO:__main__:Predicted uncertainity 0.0953
INFO:__main__:Completed epoch 77 of 100

INFO:__main__:NLL: 0.3209, L2: 0.1414, Reg: 0.4934
INFO:__main__:Total loss 0.9557
INFO:__main__:Predicted mean: -0.0689
INFO:__main__:Predicted uncertainity 0.0961
INFO:__main__:Completed epoch 78 of 100

INFO:__main__:NLL: 0.3219, L2: 0.1538, Reg: 0.5383
INFO:__main__:Total loss 1.0141
INFO:__main__:Predicted mean: -0.0702
INFO:__main__:Predicted uncertainity 0.1015
INFO:__main__:Completed epoch 79 of 100

INFO:__main__:NLL: 0.3221, L2: 0.1455, Reg: 0.4910
INFO:__main__:Total loss 0.9586
INFO:__main__:Predicted mean: -0.0660
INFO:__main__:Predicted uncertainity 0.1001
INFO:__main__:Completed epoch 80 of 100

INFO:__main__:NLL: 0.3225, L2: 0.1607, Reg: 0.3611
INFO:__main__:Total loss 0.8443
INFO:__main__:Predicted mean: -0.0709
INFO:__main__:Predicted uncertainity 0.1041
INFO:__main__:Completed epoch 81 of 100

INFO:__main__:NLL: 0.3215, L2: 0.1453, Reg: 0.5419
INFO:__main__:Total loss 1.0088
INFO:__main__:Predicted mean: -0.0679
INFO:__main__:Predicted uncertainity 0.0987
INFO:__main__:Completed epoch 82 of 100

INFO:__main__:NLL: 0.3235, L2: 0.1608, Reg: 0.4651
INFO:__main__:Total loss 0.9494
INFO:__main__:Predicted mean: -0.0671
INFO:__main__:Predicted uncertainity 0.1067
INFO:__main__:Completed epoch 83 of 100

INFO:__main__:NLL: 0.3221, L2: 0.1565, Reg: 0.4897
INFO:__main__:Total loss 0.9683
INFO:__main__:Predicted mean: -0.0706
INFO:__main__:Predicted uncertainity 0.1025
INFO:__main__:Completed epoch 84 of 100

INFO:__main__:NLL: 0.3207, L2: 0.1304, Reg: 0.5214
INFO:__main__:Total loss 0.9725
INFO:__main__:Predicted mean: -0.0642
INFO:__main__:Predicted uncertainity 0.0933
INFO:__main__:Completed epoch 85 of 100

INFO:__main__:NLL: 0.3206, L2: 0.1377, Reg: 0.5640
INFO:__main__:Total loss 1.0223
INFO:__main__:Predicted mean: -0.0682
INFO:__main__:Predicted uncertainity 0.0947
INFO:__main__:Completed epoch 86 of 100

INFO:__main__:NLL: 0.3223, L2: 0.1555, Reg: 0.3944
INFO:__main__:Total loss 0.8722
INFO:__main__:Predicted mean: -0.0691
INFO:__main__:Predicted uncertainity 0.1028
INFO:__main__:Completed epoch 87 of 100

INFO:__main__:NLL: 0.3220, L2: 0.1409, Reg: 0.5233
INFO:__main__:Total loss 0.9863
INFO:__main__:Predicted mean: -0.0641
INFO:__main__:Predicted uncertainity 0.0990
INFO:__main__:Completed epoch 88 of 100

INFO:__main__:NLL: 0.3224, L2: 0.1477, Reg: 0.4816
INFO:__main__:Total loss 0.9517
INFO:__main__:Predicted mean: -0.0654
INFO:__main__:Predicted uncertainity 0.1013
INFO:__main__:Completed epoch 89 of 100

INFO:__main__:NLL: 0.3212, L2: 0.1409, Reg: 0.4859
INFO:__main__:Total loss 0.9481
INFO:__main__:Predicted mean: -0.0672
INFO:__main__:Predicted uncertainity 0.0971
INFO:__main__:Completed epoch 90 of 100

INFO:__main__:NLL: 0.3215, L2: 0.1351, Reg: 0.4591
INFO:__main__:Total loss 0.9156
INFO:__main__:Predicted mean: -0.0637
INFO:__main__:Predicted uncertainity 0.0964
INFO:__main__:Completed epoch 91 of 100

INFO:__main__:NLL: 0.3218, L2: 0.1472, Reg: 0.5643
INFO:__main__:Total loss 1.0333
INFO:__main__:Predicted mean: -0.0678
INFO:__main__:Predicted uncertainity 0.0997
INFO:__main__:Completed epoch 92 of 100

INFO:__main__:NLL: 0.3236, L2: 0.1678, Reg: 0.4678
INFO:__main__:Total loss 0.9592
INFO:__main__:Predicted mean: -0.0695
INFO:__main__:Predicted uncertainity 0.1085
INFO:__main__:Completed epoch 93 of 100

INFO:__main__:NLL: 0.3225, L2: 0.1513, Reg: 0.4969
INFO:__main__:Total loss 0.9707
INFO:__main__:Predicted mean: -0.0666
INFO:__main__:Predicted uncertainity 0.1024
INFO:__main__:Completed epoch 94 of 100

INFO:__main__:NLL: 0.3218, L2: 0.1411, Reg: 0.5355
INFO:__main__:Total loss 0.9984
INFO:__main__:Predicted mean: -0.0650
INFO:__main__:Predicted uncertainity 0.0985
INFO:__main__:Completed epoch 95 of 100

INFO:__main__:NLL: 0.3220, L2: 0.1440, Reg: 0.4098
INFO:__main__:Total loss 0.8759
INFO:__main__:Predicted mean: -0.0653
INFO:__main__:Predicted uncertainity 0.0997
INFO:__main__:Completed epoch 96 of 100

INFO:__main__:NLL: 0.3221, L2: 0.1447, Reg: 0.5134
INFO:__main__:Total loss 0.9802
INFO:__main__:Predicted mean: -0.0655
INFO:__main__:Predicted uncertainity 0.1000
INFO:__main__:Completed epoch 97 of 100

INFO:__main__:NLL: 0.3212, L2: 0.1397, Reg: 0.3899
INFO:__main__:Total loss 0.8508
INFO:__main__:Predicted mean: -0.0666
INFO:__main__:Predicted uncertainity 0.0966
INFO:__main__:Completed epoch 98 of 100

INFO:__main__:NLL: 0.3233, L2: 0.1650, Reg: 0.4813
INFO:__main__:Total loss 0.9695
INFO:__main__:Predicted mean: -0.0698
INFO:__main__:Predicted uncertainity 0.1071
INFO:__main__:Completed epoch 99 of 100

INFO:__main__:NLL: 0.3204, L2: 0.1304, Reg: 0.4851
INFO:__main__:Total loss 0.9358
INFO:__main__:Predicted mean: -0.0657
INFO:__main__:Predicted uncertainity 0.0925
INFO:__main__:Completed epoch 100 of 100

INFO:__main__:599.577516 s
