INFO:__main__:PROCESS RUNNING ON cpu
INFO:__main__:NLL: 0.1404, L2: 0.0059, Reg: 0.0506
INFO:__main__:Total loss 0.1969
INFO:__main__:Predicted mean: -0.4674
INFO:__main__:Predicted uncertainity -0.6172
INFO:__main__:Completed epoch 1 of 100

INFO:__main__:NLL: 0.1710, L2: 0.0061, Reg: 0.0496
INFO:__main__:Total loss 0.2267
INFO:__main__:Predicted mean: -0.4274
INFO:__main__:Predicted uncertainity -0.6285
INFO:__main__:Completed epoch 2 of 100

INFO:__main__:NLL: 0.0778, L2: 0.0065, Reg: 0.0547
INFO:__main__:Total loss 0.1390
INFO:__main__:Predicted mean: -0.3998
INFO:__main__:Predicted uncertainity -0.5797
INFO:__main__:Completed epoch 3 of 100

INFO:__main__:NLL: -0.0368, L2: 0.0068, Reg: 0.0580
INFO:__main__:Total loss 0.0281
INFO:__main__:Predicted mean: -0.4590
INFO:__main__:Predicted uncertainity -0.6975
INFO:__main__:Completed epoch 4 of 100

INFO:__main__:NLL: 0.1650, L2: 0.0071, Reg: 0.0509
INFO:__main__:Total loss 0.2231
INFO:__main__:Predicted mean: -0.4191
INFO:__main__:Predicted uncertainity -0.6149
INFO:__main__:Completed epoch 5 of 100

INFO:__main__:NLL: 0.0441, L2: 0.0069, Reg: 0.0503
INFO:__main__:Total loss 0.1014
INFO:__main__:Predicted mean: -0.3737
INFO:__main__:Predicted uncertainity -0.5875
INFO:__main__:Completed epoch 6 of 100

INFO:__main__:NLL: -0.0202, L2: 0.0067, Reg: 0.0469
INFO:__main__:Total loss 0.0334
INFO:__main__:Predicted mean: -0.4019
INFO:__main__:Predicted uncertainity -0.6671
INFO:__main__:Completed epoch 7 of 100

INFO:__main__:NLL: 0.1526, L2: 0.0072, Reg: 0.0551
INFO:__main__:Total loss 0.2148
INFO:__main__:Predicted mean: -0.4606
INFO:__main__:Predicted uncertainity -0.6217
INFO:__main__:Completed epoch 8 of 100

INFO:__main__:NLL: 0.0562, L2: 0.0075, Reg: 0.0490
INFO:__main__:Total loss 0.1127
INFO:__main__:Predicted mean: -0.4440
INFO:__main__:Predicted uncertainity -0.7206
INFO:__main__:Completed epoch 9 of 100

INFO:__main__:NLL: 0.2211, L2: 0.0075, Reg: 0.0509
INFO:__main__:Total loss 0.2795
INFO:__main__:Predicted mean: -0.3910
INFO:__main__:Predicted uncertainity -0.6288
INFO:__main__:Completed epoch 10 of 100

INFO:__main__:NLL: 0.0718, L2: 0.0077, Reg: 0.0469
INFO:__main__:Total loss 0.1263
INFO:__main__:Predicted mean: -0.4083
INFO:__main__:Predicted uncertainity -0.6745
INFO:__main__:Completed epoch 11 of 100

INFO:__main__:NLL: 0.1545, L2: 0.0077, Reg: 0.0435
INFO:__main__:Total loss 0.2057
INFO:__main__:Predicted mean: -0.4547
INFO:__main__:Predicted uncertainity -0.6059
INFO:__main__:Completed epoch 12 of 100

INFO:__main__:NLL: 0.1134, L2: 0.0077, Reg: 0.0468
INFO:__main__:Total loss 0.1679
INFO:__main__:Predicted mean: -0.4246
INFO:__main__:Predicted uncertainity -0.5913
INFO:__main__:Completed epoch 13 of 100

INFO:__main__:NLL: 0.0828, L2: 0.0075, Reg: 0.0462
INFO:__main__:Total loss 0.1366
INFO:__main__:Predicted mean: -0.4100
INFO:__main__:Predicted uncertainity -0.5659
INFO:__main__:Completed epoch 14 of 100

INFO:__main__:NLL: 0.0618, L2: 0.0076, Reg: 0.0471
INFO:__main__:Total loss 0.1164
INFO:__main__:Predicted mean: -0.3833
INFO:__main__:Predicted uncertainity -0.6721
INFO:__main__:Completed epoch 15 of 100

INFO:__main__:NLL: 0.1491, L2: 0.0073, Reg: 0.0527
INFO:__main__:Total loss 0.2090
INFO:__main__:Predicted mean: -0.4435
INFO:__main__:Predicted uncertainity -0.6376
INFO:__main__:Completed epoch 16 of 100

INFO:__main__:NLL: 0.0086, L2: 0.0076, Reg: 0.0514
INFO:__main__:Total loss 0.0676
INFO:__main__:Predicted mean: -0.3977
INFO:__main__:Predicted uncertainity -0.6893
INFO:__main__:Completed epoch 17 of 100

INFO:__main__:NLL: 0.1047, L2: 0.0075, Reg: 0.0586
INFO:__main__:Total loss 0.1708
INFO:__main__:Predicted mean: -0.4002
INFO:__main__:Predicted uncertainity -0.6105
INFO:__main__:Completed epoch 18 of 100

INFO:__main__:NLL: 0.0102, L2: 0.0077, Reg: 0.0498
INFO:__main__:Total loss 0.0677
INFO:__main__:Predicted mean: -0.3895
INFO:__main__:Predicted uncertainity -0.6435
INFO:__main__:Completed epoch 19 of 100

INFO:__main__:NLL: 0.0352, L2: 0.0073, Reg: 0.0516
INFO:__main__:Total loss 0.0941
INFO:__main__:Predicted mean: -0.4410
INFO:__main__:Predicted uncertainity -0.6390
INFO:__main__:Completed epoch 20 of 100

INFO:__main__:NLL: 0.0932, L2: 0.0075, Reg: 0.0387
INFO:__main__:Total loss 0.1394
INFO:__main__:Predicted mean: -0.4064
INFO:__main__:Predicted uncertainity -0.6023
INFO:__main__:Completed epoch 21 of 100

INFO:__main__:NLL: 0.0966, L2: 0.0081, Reg: 0.0533
INFO:__main__:Total loss 0.1580
INFO:__main__:Predicted mean: -0.4168
INFO:__main__:Predicted uncertainity -0.6321
INFO:__main__:Completed epoch 22 of 100

INFO:__main__:NLL: 0.4226, L2: 0.0076, Reg: 0.0580
INFO:__main__:Total loss 0.4882
INFO:__main__:Predicted mean: -0.4043
INFO:__main__:Predicted uncertainity -0.6847
INFO:__main__:Completed epoch 23 of 100

INFO:__main__:NLL: 0.0506, L2: 0.0078, Reg: 0.0619
INFO:__main__:Total loss 0.1203
INFO:__main__:Predicted mean: -0.3848
INFO:__main__:Predicted uncertainity -0.5903
INFO:__main__:Completed epoch 24 of 100

INFO:__main__:NLL: 0.0795, L2: 0.0079, Reg: 0.0441
INFO:__main__:Total loss 0.1316
INFO:__main__:Predicted mean: -0.3654
INFO:__main__:Predicted uncertainity -0.6097
INFO:__main__:Completed epoch 25 of 100

INFO:__main__:NLL: 0.2002, L2: 0.0074, Reg: 0.0535
INFO:__main__:Total loss 0.2610
INFO:__main__:Predicted mean: -0.4014
INFO:__main__:Predicted uncertainity -0.5947
INFO:__main__:Completed epoch 26 of 100

INFO:__main__:NLL: 0.1336, L2: 0.0078, Reg: 0.0435
INFO:__main__:Total loss 0.1849
INFO:__main__:Predicted mean: -0.3575
INFO:__main__:Predicted uncertainity -0.5852
INFO:__main__:Completed epoch 27 of 100

INFO:__main__:NLL: 0.0070, L2: 0.0075, Reg: 0.0525
INFO:__main__:Total loss 0.0670
INFO:__main__:Predicted mean: -0.3732
INFO:__main__:Predicted uncertainity -0.6478
INFO:__main__:Completed epoch 28 of 100

INFO:__main__:NLL: 0.1879, L2: 0.0077, Reg: 0.0524
INFO:__main__:Total loss 0.2480
INFO:__main__:Predicted mean: -0.4241
INFO:__main__:Predicted uncertainity -0.5804
INFO:__main__:Completed epoch 29 of 100

INFO:__main__:NLL: 0.0771, L2: 0.0076, Reg: 0.0451
INFO:__main__:Total loss 0.1298
INFO:__main__:Predicted mean: -0.4115
INFO:__main__:Predicted uncertainity -0.6518
INFO:__main__:Completed epoch 30 of 100

INFO:__main__:NLL: -0.0669, L2: 0.0080, Reg: 0.0436
INFO:__main__:Total loss -0.0153
INFO:__main__:Predicted mean: -0.3590
INFO:__main__:Predicted uncertainity -0.6337
INFO:__main__:Completed epoch 31 of 100

INFO:__main__:NLL: 0.0917, L2: 0.0076, Reg: 0.0429
INFO:__main__:Total loss 0.1423
INFO:__main__:Predicted mean: -0.3758
INFO:__main__:Predicted uncertainity -0.6325
INFO:__main__:Completed epoch 32 of 100

INFO:__main__:NLL: 0.1467, L2: 0.0076, Reg: 0.0651
INFO:__main__:Total loss 0.2194
INFO:__main__:Predicted mean: -0.4437
INFO:__main__:Predicted uncertainity -0.6911
INFO:__main__:Completed epoch 33 of 100

INFO:__main__:NLL: 0.1433, L2: 0.0081, Reg: 0.0451
INFO:__main__:Total loss 0.1964
INFO:__main__:Predicted mean: -0.3733
INFO:__main__:Predicted uncertainity -0.6171
INFO:__main__:Completed epoch 34 of 100

INFO:__main__:NLL: 0.1438, L2: 0.0080, Reg: 0.0437
INFO:__main__:Total loss 0.1955
INFO:__main__:Predicted mean: -0.4012
INFO:__main__:Predicted uncertainity -0.6776
INFO:__main__:Completed epoch 35 of 100

INFO:__main__:NLL: 0.1157, L2: 0.0080, Reg: 0.0464
INFO:__main__:Total loss 0.1701
INFO:__main__:Predicted mean: -0.3806
INFO:__main__:Predicted uncertainity -0.6740
INFO:__main__:Completed epoch 36 of 100

INFO:__main__:NLL: 0.3953, L2: 0.0081, Reg: 0.0509
INFO:__main__:Total loss 0.4543
INFO:__main__:Predicted mean: -0.4662
INFO:__main__:Predicted uncertainity -0.5971
INFO:__main__:Completed epoch 37 of 100

INFO:__main__:NLL: 0.0399, L2: 0.0077, Reg: 0.0468
INFO:__main__:Total loss 0.0944
INFO:__main__:Predicted mean: -0.3723
INFO:__main__:Predicted uncertainity -0.7049
INFO:__main__:Completed epoch 38 of 100

INFO:__main__:NLL: 0.1440, L2: 0.0077, Reg: 0.0437
INFO:__main__:Total loss 0.1954
INFO:__main__:Predicted mean: -0.4793
INFO:__main__:Predicted uncertainity -0.6413
INFO:__main__:Completed epoch 39 of 100

INFO:__main__:NLL: 0.0985, L2: 0.0078, Reg: 0.0476
INFO:__main__:Total loss 0.1540
INFO:__main__:Predicted mean: -0.4388
INFO:__main__:Predicted uncertainity -0.5848
INFO:__main__:Completed epoch 40 of 100

INFO:__main__:NLL: 0.1366, L2: 0.0079, Reg: 0.0513
INFO:__main__:Total loss 0.1958
INFO:__main__:Predicted mean: -0.3670
INFO:__main__:Predicted uncertainity -0.5498
INFO:__main__:Completed epoch 41 of 100

INFO:__main__:NLL: 0.3324, L2: 0.0077, Reg: 0.0528
INFO:__main__:Total loss 0.3929
INFO:__main__:Predicted mean: -0.4650
INFO:__main__:Predicted uncertainity -0.6825
INFO:__main__:Completed epoch 42 of 100

INFO:__main__:NLL: 0.1198, L2: 0.0080, Reg: 0.0593
INFO:__main__:Total loss 0.1871
INFO:__main__:Predicted mean: -0.3910
INFO:__main__:Predicted uncertainity -0.5406
INFO:__main__:Completed epoch 43 of 100

INFO:__main__:NLL: 0.1286, L2: 0.0080, Reg: 0.0454
INFO:__main__:Total loss 0.1820
INFO:__main__:Predicted mean: -0.3711
INFO:__main__:Predicted uncertainity -0.6675
INFO:__main__:Completed epoch 44 of 100

INFO:__main__:NLL: 0.1144, L2: 0.0080, Reg: 0.0544
INFO:__main__:Total loss 0.1768
INFO:__main__:Predicted mean: -0.3892
INFO:__main__:Predicted uncertainity -0.6433
INFO:__main__:Completed epoch 45 of 100

INFO:__main__:NLL: 0.1791, L2: 0.0080, Reg: 0.0527
INFO:__main__:Total loss 0.2398
INFO:__main__:Predicted mean: -0.3634
INFO:__main__:Predicted uncertainity -0.5985
INFO:__main__:Completed epoch 46 of 100

INFO:__main__:NLL: 0.0551, L2: 0.0082, Reg: 0.0544
INFO:__main__:Total loss 0.1177
INFO:__main__:Predicted mean: -0.4369
INFO:__main__:Predicted uncertainity -0.6626
INFO:__main__:Completed epoch 47 of 100

INFO:__main__:NLL: 0.3615, L2: 0.0081, Reg: 0.0509
INFO:__main__:Total loss 0.4205
INFO:__main__:Predicted mean: -0.4230
INFO:__main__:Predicted uncertainity -0.5719
INFO:__main__:Completed epoch 48 of 100

INFO:__main__:NLL: 0.0660, L2: 0.0081, Reg: 0.0583
INFO:__main__:Total loss 0.1324
INFO:__main__:Predicted mean: -0.3871
INFO:__main__:Predicted uncertainity -0.6339
INFO:__main__:Completed epoch 49 of 100

INFO:__main__:NLL: 0.0793, L2: 0.0077, Reg: 0.0491
INFO:__main__:Total loss 0.1362
INFO:__main__:Predicted mean: -0.4363
INFO:__main__:Predicted uncertainity -0.5291
INFO:__main__:Completed epoch 50 of 100

INFO:__main__:NLL: 0.1810, L2: 0.0079, Reg: 0.0588
INFO:__main__:Total loss 0.2477
INFO:__main__:Predicted mean: -0.4462
INFO:__main__:Predicted uncertainity -0.7064
INFO:__main__:Completed epoch 51 of 100

INFO:__main__:NLL: 0.1138, L2: 0.0080, Reg: 0.0551
INFO:__main__:Total loss 0.1768
INFO:__main__:Predicted mean: -0.4038
INFO:__main__:Predicted uncertainity -0.6565
INFO:__main__:Completed epoch 52 of 100

INFO:__main__:NLL: 0.1673, L2: 0.0078, Reg: 0.0463
INFO:__main__:Total loss 0.2213
INFO:__main__:Predicted mean: -0.4085
INFO:__main__:Predicted uncertainity -0.5902
INFO:__main__:Completed epoch 53 of 100

INFO:__main__:NLL: 0.1213, L2: 0.0073, Reg: 0.0471
INFO:__main__:Total loss 0.1757
INFO:__main__:Predicted mean: -0.3723
INFO:__main__:Predicted uncertainity -0.6536
INFO:__main__:Completed epoch 54 of 100

INFO:__main__:NLL: 0.1029, L2: 0.0078, Reg: 0.0475
INFO:__main__:Total loss 0.1582
INFO:__main__:Predicted mean: -0.4341
INFO:__main__:Predicted uncertainity -0.6374
INFO:__main__:Completed epoch 55 of 100

INFO:__main__:NLL: 0.0965, L2: 0.0076, Reg: 0.0459
INFO:__main__:Total loss 0.1500
INFO:__main__:Predicted mean: -0.3957
INFO:__main__:Predicted uncertainity -0.6211
INFO:__main__:Completed epoch 56 of 100

INFO:__main__:NLL: 0.1713, L2: 0.0074, Reg: 0.0467
INFO:__main__:Total loss 0.2255
INFO:__main__:Predicted mean: -0.3914
INFO:__main__:Predicted uncertainity -0.6511
INFO:__main__:Completed epoch 57 of 100

INFO:__main__:NLL: 0.1994, L2: 0.0071, Reg: 0.0474
INFO:__main__:Total loss 0.2539
INFO:__main__:Predicted mean: -0.4205
INFO:__main__:Predicted uncertainity -0.5889
INFO:__main__:Completed epoch 58 of 100

INFO:__main__:NLL: 0.1687, L2: 0.0072, Reg: 0.0516
INFO:__main__:Total loss 0.2275
INFO:__main__:Predicted mean: -0.3879
INFO:__main__:Predicted uncertainity -0.5780
INFO:__main__:Completed epoch 59 of 100

INFO:__main__:NLL: 0.0961, L2: 0.0075, Reg: 0.0422
INFO:__main__:Total loss 0.1458
INFO:__main__:Predicted mean: -0.3984
INFO:__main__:Predicted uncertainity -0.5025
INFO:__main__:Completed epoch 60 of 100

INFO:__main__:NLL: 0.0534, L2: 0.0075, Reg: 0.0497
INFO:__main__:Total loss 0.1107
INFO:__main__:Predicted mean: -0.3839
INFO:__main__:Predicted uncertainity -0.5637
INFO:__main__:Completed epoch 61 of 100

INFO:__main__:NLL: 0.1659, L2: 0.0076, Reg: 0.0414
INFO:__main__:Total loss 0.2149
INFO:__main__:Predicted mean: -0.3894
INFO:__main__:Predicted uncertainity -0.5617
INFO:__main__:Completed epoch 62 of 100

INFO:__main__:NLL: 0.0701, L2: 0.0076, Reg: 0.0530
INFO:__main__:Total loss 0.1307
INFO:__main__:Predicted mean: -0.3897
INFO:__main__:Predicted uncertainity -0.6323
INFO:__main__:Completed epoch 63 of 100

INFO:__main__:NLL: 0.1879, L2: 0.0078, Reg: 0.0565
INFO:__main__:Total loss 0.2522
INFO:__main__:Predicted mean: -0.4073
INFO:__main__:Predicted uncertainity -0.6743
INFO:__main__:Completed epoch 64 of 100

INFO:__main__:NLL: 0.0197, L2: 0.0075, Reg: 0.0446
INFO:__main__:Total loss 0.0718
INFO:__main__:Predicted mean: -0.4419
INFO:__main__:Predicted uncertainity -0.6442
INFO:__main__:Completed epoch 65 of 100

INFO:__main__:NLL: 0.1785, L2: 0.0074, Reg: 0.0499
INFO:__main__:Total loss 0.2358
INFO:__main__:Predicted mean: -0.3994
INFO:__main__:Predicted uncertainity -0.6167
INFO:__main__:Completed epoch 66 of 100

INFO:__main__:NLL: 0.1038, L2: 0.0075, Reg: 0.0464
INFO:__main__:Total loss 0.1577
INFO:__main__:Predicted mean: -0.4505
INFO:__main__:Predicted uncertainity -0.6498
INFO:__main__:Completed epoch 67 of 100

INFO:__main__:NLL: 0.1083, L2: 0.0073, Reg: 0.0539
INFO:__main__:Total loss 0.1695
INFO:__main__:Predicted mean: -0.3880
INFO:__main__:Predicted uncertainity -0.6148
INFO:__main__:Completed epoch 68 of 100

INFO:__main__:NLL: 0.1498, L2: 0.0074, Reg: 0.0466
INFO:__main__:Total loss 0.2038
INFO:__main__:Predicted mean: -0.4003
INFO:__main__:Predicted uncertainity -0.6598
INFO:__main__:Completed epoch 69 of 100

INFO:__main__:NLL: -0.0127, L2: 0.0077, Reg: 0.0459
INFO:__main__:Total loss 0.0409
INFO:__main__:Predicted mean: -0.3696
INFO:__main__:Predicted uncertainity -0.6553
INFO:__main__:Completed epoch 70 of 100

INFO:__main__:NLL: 0.0978, L2: 0.0075, Reg: 0.0503
INFO:__main__:Total loss 0.1556
INFO:__main__:Predicted mean: -0.4073
INFO:__main__:Predicted uncertainity -0.6105
INFO:__main__:Completed epoch 71 of 100

INFO:__main__:NLL: 0.0910, L2: 0.0075, Reg: 0.0528
INFO:__main__:Total loss 0.1514
INFO:__main__:Predicted mean: -0.3689
INFO:__main__:Predicted uncertainity -0.6300
INFO:__main__:Completed epoch 72 of 100

INFO:__main__:NLL: 0.0186, L2: 0.0072, Reg: 0.0439
INFO:__main__:Total loss 0.0697
INFO:__main__:Predicted mean: -0.3988
INFO:__main__:Predicted uncertainity -0.5986
INFO:__main__:Completed epoch 73 of 100

INFO:__main__:NLL: 0.0760, L2: 0.0078, Reg: 0.0516
INFO:__main__:Total loss 0.1355
INFO:__main__:Predicted mean: -0.3734
INFO:__main__:Predicted uncertainity -0.7327
INFO:__main__:Completed epoch 74 of 100

INFO:__main__:NLL: 0.1351, L2: 0.0075, Reg: 0.0481
INFO:__main__:Total loss 0.1908
INFO:__main__:Predicted mean: -0.4243
INFO:__main__:Predicted uncertainity -0.5752
INFO:__main__:Completed epoch 75 of 100

INFO:__main__:NLL: 0.1345, L2: 0.0076, Reg: 0.0487
INFO:__main__:Total loss 0.1908
INFO:__main__:Predicted mean: -0.3961
INFO:__main__:Predicted uncertainity -0.5863
INFO:__main__:Completed epoch 76 of 100

INFO:__main__:NLL: 0.1917, L2: 0.0075, Reg: 0.0576
INFO:__main__:Total loss 0.2568
INFO:__main__:Predicted mean: -0.3635
INFO:__main__:Predicted uncertainity -0.5696
INFO:__main__:Completed epoch 77 of 100

INFO:__main__:NLL: 0.0484, L2: 0.0075, Reg: 0.0554
INFO:__main__:Total loss 0.1113
INFO:__main__:Predicted mean: -0.4309
INFO:__main__:Predicted uncertainity -0.5390
INFO:__main__:Completed epoch 78 of 100

INFO:__main__:NLL: 0.1665, L2: 0.0079, Reg: 0.0496
INFO:__main__:Total loss 0.2240
INFO:__main__:Predicted mean: -0.4141
INFO:__main__:Predicted uncertainity -0.6356
INFO:__main__:Completed epoch 79 of 100

INFO:__main__:NLL: 0.0399, L2: 0.0078, Reg: 0.0572
INFO:__main__:Total loss 0.1048
INFO:__main__:Predicted mean: -0.4279
INFO:__main__:Predicted uncertainity -0.6272
INFO:__main__:Completed epoch 80 of 100

INFO:__main__:NLL: 0.0301, L2: 0.0077, Reg: 0.0427
INFO:__main__:Total loss 0.0804
INFO:__main__:Predicted mean: -0.3952
INFO:__main__:Predicted uncertainity -0.6282
INFO:__main__:Completed epoch 81 of 100

INFO:__main__:NLL: 0.0784, L2: 0.0080, Reg: 0.0519
INFO:__main__:Total loss 0.1383
INFO:__main__:Predicted mean: -0.3770
INFO:__main__:Predicted uncertainity -0.6410
INFO:__main__:Completed epoch 82 of 100

INFO:__main__:NLL: 0.2738, L2: 0.0077, Reg: 0.0472
INFO:__main__:Total loss 0.3287
INFO:__main__:Predicted mean: -0.4417
INFO:__main__:Predicted uncertainity -0.6042
INFO:__main__:Completed epoch 83 of 100

INFO:__main__:NLL: 0.0656, L2: 0.0080, Reg: 0.0422
INFO:__main__:Total loss 0.1158
INFO:__main__:Predicted mean: -0.4322
INFO:__main__:Predicted uncertainity -0.5485
INFO:__main__:Completed epoch 84 of 100

INFO:__main__:NLL: 0.0991, L2: 0.0074, Reg: 0.0461
INFO:__main__:Total loss 0.1525
INFO:__main__:Predicted mean: -0.3615
INFO:__main__:Predicted uncertainity -0.6036
INFO:__main__:Completed epoch 85 of 100

INFO:__main__:NLL: -0.0317, L2: 0.0077, Reg: 0.0486
INFO:__main__:Total loss 0.0246
INFO:__main__:Predicted mean: -0.3871
INFO:__main__:Predicted uncertainity -0.6493
INFO:__main__:Completed epoch 86 of 100

INFO:__main__:NLL: 0.0403, L2: 0.0074, Reg: 0.0552
INFO:__main__:Total loss 0.1030
INFO:__main__:Predicted mean: -0.4376
INFO:__main__:Predicted uncertainity -0.6233
INFO:__main__:Completed epoch 87 of 100

INFO:__main__:NLL: 0.1879, L2: 0.0080, Reg: 0.0463
INFO:__main__:Total loss 0.2422
INFO:__main__:Predicted mean: -0.3991
INFO:__main__:Predicted uncertainity -0.6335
INFO:__main__:Completed epoch 88 of 100

INFO:__main__:NLL: 0.2618, L2: 0.0078, Reg: 0.0416
INFO:__main__:Total loss 0.3111
INFO:__main__:Predicted mean: -0.3642
INFO:__main__:Predicted uncertainity -0.5551
INFO:__main__:Completed epoch 89 of 100

INFO:__main__:NLL: 0.2164, L2: 0.0076, Reg: 0.0433
INFO:__main__:Total loss 0.2674
INFO:__main__:Predicted mean: -0.4053
INFO:__main__:Predicted uncertainity -0.5631
INFO:__main__:Completed epoch 90 of 100

INFO:__main__:NLL: 0.1060, L2: 0.0079, Reg: 0.0496
INFO:__main__:Total loss 0.1635
INFO:__main__:Predicted mean: -0.3880
INFO:__main__:Predicted uncertainity -0.5808
INFO:__main__:Completed epoch 91 of 100

INFO:__main__:NLL: 0.0791, L2: 0.0076, Reg: 0.0582
INFO:__main__:Total loss 0.1449
INFO:__main__:Predicted mean: -0.4076
INFO:__main__:Predicted uncertainity -0.6010
INFO:__main__:Completed epoch 92 of 100

INFO:__main__:NLL: 0.2288, L2: 0.0076, Reg: 0.0503
INFO:__main__:Total loss 0.2867
INFO:__main__:Predicted mean: -0.3625
INFO:__main__:Predicted uncertainity -0.6303
INFO:__main__:Completed epoch 93 of 100

INFO:__main__:NLL: 0.2571, L2: 0.0078, Reg: 0.0575
INFO:__main__:Total loss 0.3224
INFO:__main__:Predicted mean: -0.4132
INFO:__main__:Predicted uncertainity -0.7023
INFO:__main__:Completed epoch 94 of 100

INFO:__main__:NLL: 0.1588, L2: 0.0079, Reg: 0.0553
INFO:__main__:Total loss 0.2220
INFO:__main__:Predicted mean: -0.4257
INFO:__main__:Predicted uncertainity -0.6298
INFO:__main__:Completed epoch 95 of 100

INFO:__main__:NLL: 0.1605, L2: 0.0076, Reg: 0.0520
INFO:__main__:Total loss 0.2201
INFO:__main__:Predicted mean: -0.3935
INFO:__main__:Predicted uncertainity -0.6098
INFO:__main__:Completed epoch 96 of 100

INFO:__main__:NLL: 0.1393, L2: 0.0077, Reg: 0.0653
INFO:__main__:Total loss 0.2123
INFO:__main__:Predicted mean: -0.4158
INFO:__main__:Predicted uncertainity -0.6301
INFO:__main__:Completed epoch 97 of 100

INFO:__main__:NLL: 0.0631, L2: 0.0080, Reg: 0.0507
INFO:__main__:Total loss 0.1217
INFO:__main__:Predicted mean: -0.3799
INFO:__main__:Predicted uncertainity -0.6573
INFO:__main__:Completed epoch 98 of 100

INFO:__main__:NLL: -0.0118, L2: 0.0078, Reg: 0.0553
INFO:__main__:Total loss 0.0514
INFO:__main__:Predicted mean: -0.3778
INFO:__main__:Predicted uncertainity -0.7004
INFO:__main__:Completed epoch 99 of 100

INFO:__main__:NLL: 0.1180, L2: 0.0076, Reg: 0.0539
INFO:__main__:Total loss 0.1795
INFO:__main__:Predicted mean: -0.4302
INFO:__main__:Predicted uncertainity -0.6206
INFO:__main__:Completed epoch 100 of 100

INFO:__main__:761.770932 s
