INFO:__main__:PROCESS RUNNING ON cpu
INFO:__main__:NLL: 0.0139, L2: 0.0246, Reg: 0.0274
INFO:__main__:Total loss 0.0660
INFO:__main__:Predicted mean: -0.4255
INFO:__main__:Predicted uncertainity -0.8041
INFO:__main__:Completed epoch 1 of 100

INFO:__main__:NLL: 0.1396, L2: 0.0242, Reg: 0.0274
INFO:__main__:Total loss 0.1912
INFO:__main__:Predicted mean: -0.3933
INFO:__main__:Predicted uncertainity -0.7731
INFO:__main__:Completed epoch 2 of 100

INFO:__main__:NLL: 0.1406, L2: 0.0264, Reg: 0.0274
INFO:__main__:Total loss 0.1945
INFO:__main__:Predicted mean: -0.3427
INFO:__main__:Predicted uncertainity -0.7252
INFO:__main__:Completed epoch 3 of 100

INFO:__main__:NLL: -0.0784, L2: 0.0250, Reg: 0.0274
INFO:__main__:Total loss -0.0260
INFO:__main__:Predicted mean: -0.4319
INFO:__main__:Predicted uncertainity -0.8260
INFO:__main__:Completed epoch 4 of 100

INFO:__main__:NLL: 0.0786, L2: 0.0263, Reg: 0.0274
INFO:__main__:Total loss 0.1323
INFO:__main__:Predicted mean: -0.3429
INFO:__main__:Predicted uncertainity -0.8031
INFO:__main__:Completed epoch 5 of 100

INFO:__main__:NLL: -0.0333, L2: 0.0264, Reg: 0.0274
INFO:__main__:Total loss 0.0205
INFO:__main__:Predicted mean: -0.3684
INFO:__main__:Predicted uncertainity -0.6418
INFO:__main__:Completed epoch 6 of 100

INFO:__main__:NLL: -0.0631, L2: 0.0272, Reg: 0.0274
INFO:__main__:Total loss -0.0085
INFO:__main__:Predicted mean: -0.3562
INFO:__main__:Predicted uncertainity -0.6968
INFO:__main__:Completed epoch 7 of 100

INFO:__main__:NLL: 0.2941, L2: 0.0294, Reg: 0.0275
INFO:__main__:Total loss 0.3509
INFO:__main__:Predicted mean: -0.4357
INFO:__main__:Predicted uncertainity -0.8743
INFO:__main__:Completed epoch 8 of 100

INFO:__main__:NLL: 0.0624, L2: 0.0267, Reg: 0.0274
INFO:__main__:Total loss 0.1166
INFO:__main__:Predicted mean: -0.4450
INFO:__main__:Predicted uncertainity -0.8862
INFO:__main__:Completed epoch 9 of 100

INFO:__main__:NLL: 0.2848, L2: 0.0269, Reg: 0.0274
INFO:__main__:Total loss 0.3391
INFO:__main__:Predicted mean: -0.3766
INFO:__main__:Predicted uncertainity -0.7551
INFO:__main__:Completed epoch 10 of 100

INFO:__main__:NLL: 0.0648, L2: 0.0257, Reg: 0.0274
INFO:__main__:Total loss 0.1180
INFO:__main__:Predicted mean: -0.4077
INFO:__main__:Predicted uncertainity -0.7472
INFO:__main__:Completed epoch 11 of 100

INFO:__main__:NLL: 0.1662, L2: 0.0255, Reg: 0.0274
INFO:__main__:Total loss 0.2191
INFO:__main__:Predicted mean: -0.4468
INFO:__main__:Predicted uncertainity -0.7190
INFO:__main__:Completed epoch 12 of 100

INFO:__main__:NLL: -0.0014, L2: 0.0260, Reg: 0.0274
INFO:__main__:Total loss 0.0519
INFO:__main__:Predicted mean: -0.3670
INFO:__main__:Predicted uncertainity -0.7185
INFO:__main__:Completed epoch 13 of 100

INFO:__main__:NLL: 0.1069, L2: 0.0243, Reg: 0.0274
INFO:__main__:Total loss 0.1586
INFO:__main__:Predicted mean: -0.3496
INFO:__main__:Predicted uncertainity -0.7042
INFO:__main__:Completed epoch 14 of 100

INFO:__main__:NLL: 0.0718, L2: 0.0255, Reg: 0.0274
INFO:__main__:Total loss 0.1247
INFO:__main__:Predicted mean: -0.3385
INFO:__main__:Predicted uncertainity -0.7800
INFO:__main__:Completed epoch 15 of 100

INFO:__main__:NLL: 0.1381, L2: 0.0256, Reg: 0.0274
INFO:__main__:Total loss 0.1911
INFO:__main__:Predicted mean: -0.3939
INFO:__main__:Predicted uncertainity -0.7008
INFO:__main__:Completed epoch 16 of 100

INFO:__main__:NLL: 0.0758, L2: 0.0273, Reg: 0.0274
INFO:__main__:Total loss 0.1304
INFO:__main__:Predicted mean: -0.3938
INFO:__main__:Predicted uncertainity -0.8136
INFO:__main__:Completed epoch 17 of 100

INFO:__main__:NLL: 0.1268, L2: 0.0271, Reg: 0.0274
INFO:__main__:Total loss 0.1813
INFO:__main__:Predicted mean: -0.3521
INFO:__main__:Predicted uncertainity -0.8132
INFO:__main__:Completed epoch 18 of 100

INFO:__main__:NLL: 0.0164, L2: 0.0268, Reg: 0.0274
INFO:__main__:Total loss 0.0707
INFO:__main__:Predicted mean: -0.4250
INFO:__main__:Predicted uncertainity -0.8214
INFO:__main__:Completed epoch 19 of 100

INFO:__main__:NLL: 0.0545, L2: 0.0280, Reg: 0.0274
INFO:__main__:Total loss 0.1099
INFO:__main__:Predicted mean: -0.4046
INFO:__main__:Predicted uncertainity -0.7744
INFO:__main__:Completed epoch 20 of 100

INFO:__main__:NLL: 0.0930, L2: 0.0274, Reg: 0.0274
INFO:__main__:Total loss 0.1477
INFO:__main__:Predicted mean: -0.3836
INFO:__main__:Predicted uncertainity -0.6380
INFO:__main__:Completed epoch 21 of 100

INFO:__main__:NLL: -0.0198, L2: 0.0277, Reg: 0.0274
INFO:__main__:Total loss 0.0353
INFO:__main__:Predicted mean: -0.3895
INFO:__main__:Predicted uncertainity -0.7543
INFO:__main__:Completed epoch 22 of 100

INFO:__main__:NLL: 0.3301, L2: 0.0281, Reg: 0.0274
INFO:__main__:Total loss 0.3856
INFO:__main__:Predicted mean: -0.3877
INFO:__main__:Predicted uncertainity -0.8376
INFO:__main__:Completed epoch 23 of 100

INFO:__main__:NLL: 0.0377, L2: 0.0265, Reg: 0.0274
INFO:__main__:Total loss 0.0916
INFO:__main__:Predicted mean: -0.3682
INFO:__main__:Predicted uncertainity -0.6495
INFO:__main__:Completed epoch 24 of 100

INFO:__main__:NLL: 0.1493, L2: 0.0281, Reg: 0.0274
INFO:__main__:Total loss 0.2049
INFO:__main__:Predicted mean: -0.3355
INFO:__main__:Predicted uncertainity -0.7043
INFO:__main__:Completed epoch 25 of 100

INFO:__main__:NLL: 0.2149, L2: 0.0292, Reg: 0.0274
INFO:__main__:Total loss 0.2715
INFO:__main__:Predicted mean: -0.3497
INFO:__main__:Predicted uncertainity -0.6312
INFO:__main__:Completed epoch 26 of 100

INFO:__main__:NLL: 0.0965, L2: 0.0256, Reg: 0.0274
INFO:__main__:Total loss 0.1495
INFO:__main__:Predicted mean: -0.3328
INFO:__main__:Predicted uncertainity -0.7024
INFO:__main__:Completed epoch 27 of 100

INFO:__main__:NLL: 0.0287, L2: 0.0268, Reg: 0.0274
INFO:__main__:Total loss 0.0829
INFO:__main__:Predicted mean: -0.3392
INFO:__main__:Predicted uncertainity -0.8743
INFO:__main__:Completed epoch 28 of 100

INFO:__main__:NLL: 0.1089, L2: 0.0283, Reg: 0.0274
INFO:__main__:Total loss 0.1646
INFO:__main__:Predicted mean: -0.3182
INFO:__main__:Predicted uncertainity -0.7283
INFO:__main__:Completed epoch 29 of 100

INFO:__main__:NLL: 0.0822, L2: 0.0282, Reg: 0.0274
INFO:__main__:Total loss 0.1378
INFO:__main__:Predicted mean: -0.3557
INFO:__main__:Predicted uncertainity -0.7061
INFO:__main__:Completed epoch 30 of 100

INFO:__main__:NLL: -0.0953, L2: 0.0284, Reg: 0.0274
INFO:__main__:Total loss -0.0394
INFO:__main__:Predicted mean: -0.3404
INFO:__main__:Predicted uncertainity -0.7968
INFO:__main__:Completed epoch 31 of 100

INFO:__main__:NLL: 0.0411, L2: 0.0263, Reg: 0.0274
INFO:__main__:Total loss 0.0948
INFO:__main__:Predicted mean: -0.3811
INFO:__main__:Predicted uncertainity -0.7088
INFO:__main__:Completed epoch 32 of 100

INFO:__main__:NLL: 0.2362, L2: 0.0282, Reg: 0.0274
INFO:__main__:Total loss 0.2918
INFO:__main__:Predicted mean: -0.4082
INFO:__main__:Predicted uncertainity -0.7658
INFO:__main__:Completed epoch 33 of 100

INFO:__main__:NLL: 0.1037, L2: 0.0267, Reg: 0.0274
INFO:__main__:Total loss 0.1578
INFO:__main__:Predicted mean: -0.3752
INFO:__main__:Predicted uncertainity -0.7351
INFO:__main__:Completed epoch 34 of 100

INFO:__main__:NLL: 0.0601, L2: 0.0290, Reg: 0.0274
INFO:__main__:Total loss 0.1165
INFO:__main__:Predicted mean: -0.3421
INFO:__main__:Predicted uncertainity -0.7406
INFO:__main__:Completed epoch 35 of 100

INFO:__main__:NLL: 0.0816, L2: 0.0269, Reg: 0.0274
INFO:__main__:Total loss 0.1359
INFO:__main__:Predicted mean: -0.3417
INFO:__main__:Predicted uncertainity -0.8073
INFO:__main__:Completed epoch 36 of 100

INFO:__main__:NLL: 0.3276, L2: 0.0268, Reg: 0.0274
INFO:__main__:Total loss 0.3818
INFO:__main__:Predicted mean: -0.4160
INFO:__main__:Predicted uncertainity -0.7156
INFO:__main__:Completed epoch 37 of 100

INFO:__main__:NLL: -0.0779, L2: 0.0268, Reg: 0.0274
INFO:__main__:Total loss -0.0237
INFO:__main__:Predicted mean: -0.3371
INFO:__main__:Predicted uncertainity -0.8780
INFO:__main__:Completed epoch 38 of 100

INFO:__main__:NLL: 0.0458, L2: 0.0287, Reg: 0.0274
INFO:__main__:Total loss 0.1020
INFO:__main__:Predicted mean: -0.4210
INFO:__main__:Predicted uncertainity -0.8760
INFO:__main__:Completed epoch 39 of 100

INFO:__main__:NLL: 0.0316, L2: 0.0260, Reg: 0.0274
INFO:__main__:Total loss 0.0850
INFO:__main__:Predicted mean: -0.3833
INFO:__main__:Predicted uncertainity -0.6236
INFO:__main__:Completed epoch 40 of 100

INFO:__main__:NLL: 0.0595, L2: 0.0267, Reg: 0.0274
INFO:__main__:Total loss 0.1136
INFO:__main__:Predicted mean: -0.3321
INFO:__main__:Predicted uncertainity -0.6982
INFO:__main__:Completed epoch 41 of 100

INFO:__main__:NLL: 0.3429, L2: 0.0259, Reg: 0.0274
INFO:__main__:Total loss 0.3962
INFO:__main__:Predicted mean: -0.4059
INFO:__main__:Predicted uncertainity -0.7193
INFO:__main__:Completed epoch 42 of 100

INFO:__main__:NLL: 0.0589, L2: 0.0258, Reg: 0.0274
INFO:__main__:Total loss 0.1120
INFO:__main__:Predicted mean: -0.3740
INFO:__main__:Predicted uncertainity -0.7505
INFO:__main__:Completed epoch 43 of 100

INFO:__main__:NLL: 0.0068, L2: 0.0285, Reg: 0.0274
INFO:__main__:Total loss 0.0627
INFO:__main__:Predicted mean: -0.3714
INFO:__main__:Predicted uncertainity -0.7654
INFO:__main__:Completed epoch 44 of 100

INFO:__main__:NLL: 0.2194, L2: 0.0272, Reg: 0.0274
INFO:__main__:Total loss 0.2740
INFO:__main__:Predicted mean: -0.3605
INFO:__main__:Predicted uncertainity -0.7644
INFO:__main__:Completed epoch 45 of 100

INFO:__main__:NLL: 0.2154, L2: 0.0263, Reg: 0.0274
INFO:__main__:Total loss 0.2691
INFO:__main__:Predicted mean: -0.3464
INFO:__main__:Predicted uncertainity -0.7346
INFO:__main__:Completed epoch 46 of 100

INFO:__main__:NLL: 0.0234, L2: 0.0259, Reg: 0.0274
INFO:__main__:Total loss 0.0767
INFO:__main__:Predicted mean: -0.3923
INFO:__main__:Predicted uncertainity -0.7830
INFO:__main__:Completed epoch 47 of 100

INFO:__main__:NLL: 0.2245, L2: 0.0274, Reg: 0.0274
INFO:__main__:Total loss 0.2794
INFO:__main__:Predicted mean: -0.3527
INFO:__main__:Predicted uncertainity -0.6390
INFO:__main__:Completed epoch 48 of 100

INFO:__main__:NLL: 0.0825, L2: 0.0262, Reg: 0.0274
INFO:__main__:Total loss 0.1362
INFO:__main__:Predicted mean: -0.3755
INFO:__main__:Predicted uncertainity -0.8454
INFO:__main__:Completed epoch 49 of 100

INFO:__main__:NLL: 0.0127, L2: 0.0257, Reg: 0.0274
INFO:__main__:Total loss 0.0659
INFO:__main__:Predicted mean: -0.3742
INFO:__main__:Predicted uncertainity -0.7288
INFO:__main__:Completed epoch 50 of 100

INFO:__main__:NLL: 0.2021, L2: 0.0265, Reg: 0.0274
INFO:__main__:Total loss 0.2561
INFO:__main__:Predicted mean: -0.4006
INFO:__main__:Predicted uncertainity -0.8626
INFO:__main__:Completed epoch 51 of 100

INFO:__main__:NLL: 0.1569, L2: 0.0273, Reg: 0.0274
INFO:__main__:Total loss 0.2116
INFO:__main__:Predicted mean: -0.3633
INFO:__main__:Predicted uncertainity -0.7473
INFO:__main__:Completed epoch 52 of 100

INFO:__main__:NLL: 0.1831, L2: 0.0252, Reg: 0.0274
INFO:__main__:Total loss 0.2357
INFO:__main__:Predicted mean: -0.4155
INFO:__main__:Predicted uncertainity -0.6725
INFO:__main__:Completed epoch 53 of 100

INFO:__main__:NLL: 0.0879, L2: 0.0255, Reg: 0.0274
INFO:__main__:Total loss 0.1408
INFO:__main__:Predicted mean: -0.3133
INFO:__main__:Predicted uncertainity -0.8274
INFO:__main__:Completed epoch 54 of 100

INFO:__main__:NLL: 0.1067, L2: 0.0269, Reg: 0.0274
INFO:__main__:Total loss 0.1611
INFO:__main__:Predicted mean: -0.3927
INFO:__main__:Predicted uncertainity -0.8165
INFO:__main__:Completed epoch 55 of 100

INFO:__main__:NLL: 0.1414, L2: 0.0274, Reg: 0.0274
INFO:__main__:Total loss 0.1962
INFO:__main__:Predicted mean: -0.4364
INFO:__main__:Predicted uncertainity -0.6359
INFO:__main__:Completed epoch 56 of 100

INFO:__main__:NLL: 0.1559, L2: 0.0254, Reg: 0.0274
INFO:__main__:Total loss 0.2087
INFO:__main__:Predicted mean: -0.3865
INFO:__main__:Predicted uncertainity -0.7424
INFO:__main__:Completed epoch 57 of 100

INFO:__main__:NLL: 0.1409, L2: 0.0268, Reg: 0.0274
INFO:__main__:Total loss 0.1951
INFO:__main__:Predicted mean: -0.4128
INFO:__main__:Predicted uncertainity -0.7596
INFO:__main__:Completed epoch 58 of 100

INFO:__main__:NLL: 0.1606, L2: 0.0277, Reg: 0.0274
INFO:__main__:Total loss 0.2158
INFO:__main__:Predicted mean: -0.3669
INFO:__main__:Predicted uncertainity -0.7477
INFO:__main__:Completed epoch 59 of 100

INFO:__main__:NLL: 0.0908, L2: 0.0253, Reg: 0.0274
INFO:__main__:Total loss 0.1436
INFO:__main__:Predicted mean: -0.3984
INFO:__main__:Predicted uncertainity -0.5426
INFO:__main__:Completed epoch 60 of 100

INFO:__main__:NLL: 0.0591, L2: 0.0257, Reg: 0.0274
INFO:__main__:Total loss 0.1121
INFO:__main__:Predicted mean: -0.3471
INFO:__main__:Predicted uncertainity -0.7479
INFO:__main__:Completed epoch 61 of 100

INFO:__main__:NLL: 0.1756, L2: 0.0272, Reg: 0.0274
INFO:__main__:Total loss 0.2302
INFO:__main__:Predicted mean: -0.3548
INFO:__main__:Predicted uncertainity -0.7325
INFO:__main__:Completed epoch 62 of 100

INFO:__main__:NLL: 0.0820, L2: 0.0259, Reg: 0.0275
INFO:__main__:Total loss 0.1353
INFO:__main__:Predicted mean: -0.3273
INFO:__main__:Predicted uncertainity -0.8186
INFO:__main__:Completed epoch 63 of 100

INFO:__main__:NLL: 0.1867, L2: 0.0290, Reg: 0.0274
INFO:__main__:Total loss 0.2432
INFO:__main__:Predicted mean: -0.3875
INFO:__main__:Predicted uncertainity -0.7964
INFO:__main__:Completed epoch 64 of 100

INFO:__main__:NLL: -0.0084, L2: 0.0275, Reg: 0.0274
INFO:__main__:Total loss 0.0465
INFO:__main__:Predicted mean: -0.3975
INFO:__main__:Predicted uncertainity -0.7913
INFO:__main__:Completed epoch 65 of 100

INFO:__main__:NLL: 0.1135, L2: 0.0244, Reg: 0.0274
INFO:__main__:Total loss 0.1653
INFO:__main__:Predicted mean: -0.3680
INFO:__main__:Predicted uncertainity -0.7311
INFO:__main__:Completed epoch 66 of 100

INFO:__main__:NLL: 0.0859, L2: 0.0270, Reg: 0.0274
INFO:__main__:Total loss 0.1404
INFO:__main__:Predicted mean: -0.4408
INFO:__main__:Predicted uncertainity -0.7575
INFO:__main__:Completed epoch 67 of 100

INFO:__main__:NLL: 0.0642, L2: 0.0253, Reg: 0.0274
INFO:__main__:Total loss 0.1169
INFO:__main__:Predicted mean: -0.3580
INFO:__main__:Predicted uncertainity -0.7297
INFO:__main__:Completed epoch 68 of 100

INFO:__main__:NLL: 0.0450, L2: 0.0243, Reg: 0.0274
INFO:__main__:Total loss 0.0968
INFO:__main__:Predicted mean: -0.3585
INFO:__main__:Predicted uncertainity -0.7922
INFO:__main__:Completed epoch 69 of 100

INFO:__main__:NLL: -0.0162, L2: 0.0255, Reg: 0.0274
INFO:__main__:Total loss 0.0366
INFO:__main__:Predicted mean: -0.3495
INFO:__main__:Predicted uncertainity -0.6596
INFO:__main__:Completed epoch 70 of 100

INFO:__main__:NLL: 0.1364, L2: 0.0257, Reg: 0.0274
INFO:__main__:Total loss 0.1895
INFO:__main__:Predicted mean: -0.3356
INFO:__main__:Predicted uncertainity -0.7288
INFO:__main__:Completed epoch 71 of 100

INFO:__main__:NLL: 0.0425, L2: 0.0273, Reg: 0.0274
INFO:__main__:Total loss 0.0972
INFO:__main__:Predicted mean: -0.3456
INFO:__main__:Predicted uncertainity -0.7901
INFO:__main__:Completed epoch 72 of 100

INFO:__main__:NLL: -0.0408, L2: 0.0264, Reg: 0.0274
INFO:__main__:Total loss 0.0130
INFO:__main__:Predicted mean: -0.3426
INFO:__main__:Predicted uncertainity -0.7169
INFO:__main__:Completed epoch 73 of 100

INFO:__main__:NLL: -0.0572, L2: 0.0272, Reg: 0.0274
INFO:__main__:Total loss -0.0026
INFO:__main__:Predicted mean: -0.4040
INFO:__main__:Predicted uncertainity -0.9578
INFO:__main__:Completed epoch 74 of 100

INFO:__main__:NLL: 0.1252, L2: 0.0271, Reg: 0.0274
INFO:__main__:Total loss 0.1797
INFO:__main__:Predicted mean: -0.3695
INFO:__main__:Predicted uncertainity -0.6794
INFO:__main__:Completed epoch 75 of 100

INFO:__main__:NLL: 0.0982, L2: 0.0279, Reg: 0.0274
INFO:__main__:Total loss 0.1535
INFO:__main__:Predicted mean: -0.3952
INFO:__main__:Predicted uncertainity -0.7023
INFO:__main__:Completed epoch 76 of 100

INFO:__main__:NLL: 0.1129, L2: 0.0278, Reg: 0.0274
INFO:__main__:Total loss 0.1681
INFO:__main__:Predicted mean: -0.3365
INFO:__main__:Predicted uncertainity -0.6334
INFO:__main__:Completed epoch 77 of 100

INFO:__main__:NLL: 0.0421, L2: 0.0279, Reg: 0.0274
INFO:__main__:Total loss 0.0974
INFO:__main__:Predicted mean: -0.4413
INFO:__main__:Predicted uncertainity -0.6699
INFO:__main__:Completed epoch 78 of 100

INFO:__main__:NLL: 0.1275, L2: 0.0262, Reg: 0.0274
INFO:__main__:Total loss 0.1811
INFO:__main__:Predicted mean: -0.3627
INFO:__main__:Predicted uncertainity -0.7571
INFO:__main__:Completed epoch 79 of 100

INFO:__main__:NLL: 0.0611, L2: 0.0265, Reg: 0.0274
INFO:__main__:Total loss 0.1150
INFO:__main__:Predicted mean: -0.3857
INFO:__main__:Predicted uncertainity -0.6219
INFO:__main__:Completed epoch 80 of 100

INFO:__main__:NLL: 0.0445, L2: 0.0253, Reg: 0.0274
INFO:__main__:Total loss 0.0972
INFO:__main__:Predicted mean: -0.3239
INFO:__main__:Predicted uncertainity -0.7191
INFO:__main__:Completed epoch 81 of 100

INFO:__main__:NLL: 0.0751, L2: 0.0256, Reg: 0.0274
INFO:__main__:Total loss 0.1281
INFO:__main__:Predicted mean: -0.3340
INFO:__main__:Predicted uncertainity -0.7173
INFO:__main__:Completed epoch 82 of 100

INFO:__main__:NLL: 0.3387, L2: 0.0261, Reg: 0.0274
INFO:__main__:Total loss 0.3922
INFO:__main__:Predicted mean: -0.4456
INFO:__main__:Predicted uncertainity -0.7978
INFO:__main__:Completed epoch 83 of 100

INFO:__main__:NLL: 0.0088, L2: 0.0280, Reg: 0.0274
INFO:__main__:Total loss 0.0642
INFO:__main__:Predicted mean: -0.4148
INFO:__main__:Predicted uncertainity -0.5830
INFO:__main__:Completed epoch 84 of 100

INFO:__main__:NLL: 0.1115, L2: 0.0253, Reg: 0.0274
INFO:__main__:Total loss 0.1643
INFO:__main__:Predicted mean: -0.3198
INFO:__main__:Predicted uncertainity -0.7617
INFO:__main__:Completed epoch 85 of 100

INFO:__main__:NLL: -0.0022, L2: 0.0257, Reg: 0.0274
INFO:__main__:Total loss 0.0510
INFO:__main__:Predicted mean: -0.3725
INFO:__main__:Predicted uncertainity -0.8112
INFO:__main__:Completed epoch 86 of 100

INFO:__main__:NLL: 0.0600, L2: 0.0243, Reg: 0.0274
INFO:__main__:Total loss 0.1117
INFO:__main__:Predicted mean: -0.4226
INFO:__main__:Predicted uncertainity -0.7924
INFO:__main__:Completed epoch 87 of 100

INFO:__main__:NLL: 0.1869, L2: 0.0266, Reg: 0.0274
INFO:__main__:Total loss 0.2409
INFO:__main__:Predicted mean: -0.3558
INFO:__main__:Predicted uncertainity -0.7451
INFO:__main__:Completed epoch 88 of 100

INFO:__main__:NLL: 0.3345, L2: 0.0265, Reg: 0.0274
INFO:__main__:Total loss 0.3884
INFO:__main__:Predicted mean: -0.3639
INFO:__main__:Predicted uncertainity -0.7586
INFO:__main__:Completed epoch 89 of 100

INFO:__main__:NLL: 0.1539, L2: 0.0251, Reg: 0.0274
INFO:__main__:Total loss 0.2064
INFO:__main__:Predicted mean: -0.3441
INFO:__main__:Predicted uncertainity -0.7026
INFO:__main__:Completed epoch 90 of 100

INFO:__main__:NLL: 0.0951, L2: 0.0279, Reg: 0.0274
INFO:__main__:Total loss 0.1504
INFO:__main__:Predicted mean: -0.3430
INFO:__main__:Predicted uncertainity -0.6711
INFO:__main__:Completed epoch 91 of 100

INFO:__main__:NLL: 0.0613, L2: 0.0260, Reg: 0.0274
INFO:__main__:Total loss 0.1148
INFO:__main__:Predicted mean: -0.3877
INFO:__main__:Predicted uncertainity -0.7326
INFO:__main__:Completed epoch 92 of 100

INFO:__main__:NLL: 0.1496, L2: 0.0256, Reg: 0.0274
INFO:__main__:Total loss 0.2026
INFO:__main__:Predicted mean: -0.3507
INFO:__main__:Predicted uncertainity -0.8505
INFO:__main__:Completed epoch 93 of 100

INFO:__main__:NLL: 0.2181, L2: 0.0280, Reg: 0.0275
INFO:__main__:Total loss 0.2735
INFO:__main__:Predicted mean: -0.3955
INFO:__main__:Predicted uncertainity -0.8077
INFO:__main__:Completed epoch 94 of 100

INFO:__main__:NLL: 0.1436, L2: 0.0240, Reg: 0.0274
INFO:__main__:Total loss 0.1950
INFO:__main__:Predicted mean: -0.3792
INFO:__main__:Predicted uncertainity -0.7799
INFO:__main__:Completed epoch 95 of 100

INFO:__main__:NLL: 0.1774, L2: 0.0263, Reg: 0.0274
INFO:__main__:Total loss 0.2311
INFO:__main__:Predicted mean: -0.3873
INFO:__main__:Predicted uncertainity -0.8266
INFO:__main__:Completed epoch 96 of 100

INFO:__main__:NLL: 0.1162, L2: 0.0272, Reg: 0.0274
INFO:__main__:Total loss 0.1709
INFO:__main__:Predicted mean: -0.3588
INFO:__main__:Predicted uncertainity -0.7737
INFO:__main__:Completed epoch 97 of 100

INFO:__main__:NLL: 0.0041, L2: 0.0272, Reg: 0.0274
INFO:__main__:Total loss 0.0587
INFO:__main__:Predicted mean: -0.3070
INFO:__main__:Predicted uncertainity -0.7829
INFO:__main__:Completed epoch 98 of 100

INFO:__main__:NLL: 0.0260, L2: 0.0274, Reg: 0.0274
INFO:__main__:Total loss 0.0808
INFO:__main__:Predicted mean: -0.3911
INFO:__main__:Predicted uncertainity -0.7487
INFO:__main__:Completed epoch 99 of 100

INFO:__main__:NLL: 0.1486, L2: 0.0267, Reg: 0.0274
INFO:__main__:Total loss 0.2027
INFO:__main__:Predicted mean: -0.3680
INFO:__main__:Predicted uncertainity -0.8378
INFO:__main__:Completed epoch 100 of 100

INFO:__main__:539.326250 s
