INFO:__main__:PROCESS RUNNING ON cpu
INFO:__main__:NLL: 0.1950, L2: 0.0270, Reg: 0.0276
INFO:__main__:Total loss 0.2496
INFO:__main__:Predicted mean: -0.3843
INFO:__main__:Predicted uncertainity -0.7421
INFO:__main__:Completed epoch 1 of 100

INFO:__main__:NLL: 0.0640, L2: 0.0280, Reg: 0.0276
INFO:__main__:Total loss 0.1197
INFO:__main__:Predicted mean: -0.3939
INFO:__main__:Predicted uncertainity -0.8201
INFO:__main__:Completed epoch 2 of 100

INFO:__main__:NLL: 0.0537, L2: 0.0281, Reg: 0.0276
INFO:__main__:Total loss 0.1094
INFO:__main__:Predicted mean: -0.4070
INFO:__main__:Predicted uncertainity -0.7583
INFO:__main__:Completed epoch 3 of 100

INFO:__main__:NLL: -0.0450, L2: 0.0295, Reg: 0.0276
INFO:__main__:Total loss 0.0121
INFO:__main__:Predicted mean: -0.3764
INFO:__main__:Predicted uncertainity -0.7421
INFO:__main__:Completed epoch 4 of 100

INFO:__main__:NLL: 0.0886, L2: 0.0286, Reg: 0.0276
INFO:__main__:Total loss 0.1449
INFO:__main__:Predicted mean: -0.3919
INFO:__main__:Predicted uncertainity -0.7773
INFO:__main__:Completed epoch 5 of 100

INFO:__main__:NLL: 0.2124, L2: 0.0279, Reg: 0.0276
INFO:__main__:Total loss 0.2679
INFO:__main__:Predicted mean: -0.4054
INFO:__main__:Predicted uncertainity -0.7526
INFO:__main__:Completed epoch 6 of 100

INFO:__main__:NLL: 0.1691, L2: 0.0304, Reg: 0.0276
INFO:__main__:Total loss 0.2271
INFO:__main__:Predicted mean: -0.3850
INFO:__main__:Predicted uncertainity -0.7109
INFO:__main__:Completed epoch 7 of 100

INFO:__main__:NLL: 0.2777, L2: 0.0277, Reg: 0.0276
INFO:__main__:Total loss 0.3331
INFO:__main__:Predicted mean: -0.3789
INFO:__main__:Predicted uncertainity -0.7983
INFO:__main__:Completed epoch 8 of 100

INFO:__main__:NLL: 0.0383, L2: 0.0291, Reg: 0.0276
INFO:__main__:Total loss 0.0950
INFO:__main__:Predicted mean: -0.3629
INFO:__main__:Predicted uncertainity -0.8252
INFO:__main__:Completed epoch 9 of 100

INFO:__main__:NLL: 0.2352, L2: 0.0294, Reg: 0.0276
INFO:__main__:Total loss 0.2922
INFO:__main__:Predicted mean: -0.3758
INFO:__main__:Predicted uncertainity -0.7458
INFO:__main__:Completed epoch 10 of 100

INFO:__main__:NLL: 0.0067, L2: 0.0294, Reg: 0.0276
INFO:__main__:Total loss 0.0637
INFO:__main__:Predicted mean: -0.4220
INFO:__main__:Predicted uncertainity -0.8709
INFO:__main__:Completed epoch 11 of 100

INFO:__main__:NLL: 0.2136, L2: 0.0272, Reg: 0.0276
INFO:__main__:Total loss 0.2684
INFO:__main__:Predicted mean: -0.3645
INFO:__main__:Predicted uncertainity -0.6890
INFO:__main__:Completed epoch 12 of 100

INFO:__main__:NLL: 0.0130, L2: 0.0307, Reg: 0.0276
INFO:__main__:Total loss 0.0713
INFO:__main__:Predicted mean: -0.3557
INFO:__main__:Predicted uncertainity -0.7709
INFO:__main__:Completed epoch 13 of 100

INFO:__main__:NLL: 0.1856, L2: 0.0293, Reg: 0.0276
INFO:__main__:Total loss 0.2425
INFO:__main__:Predicted mean: -0.3366
INFO:__main__:Predicted uncertainity -0.7588
INFO:__main__:Completed epoch 14 of 100

INFO:__main__:NLL: 0.1676, L2: 0.0291, Reg: 0.0276
INFO:__main__:Total loss 0.2243
INFO:__main__:Predicted mean: -0.3589
INFO:__main__:Predicted uncertainity -0.8008
INFO:__main__:Completed epoch 15 of 100

INFO:__main__:NLL: 0.2176, L2: 0.0283, Reg: 0.0276
INFO:__main__:Total loss 0.2735
INFO:__main__:Predicted mean: -0.3575
INFO:__main__:Predicted uncertainity -0.8092
INFO:__main__:Completed epoch 16 of 100

INFO:__main__:NLL: 0.0448, L2: 0.0270, Reg: 0.0276
INFO:__main__:Total loss 0.0994
INFO:__main__:Predicted mean: -0.3674
INFO:__main__:Predicted uncertainity -0.8031
INFO:__main__:Completed epoch 17 of 100

INFO:__main__:NLL: 0.1827, L2: 0.0282, Reg: 0.0276
INFO:__main__:Total loss 0.2385
INFO:__main__:Predicted mean: -0.4278
INFO:__main__:Predicted uncertainity -0.6619
INFO:__main__:Completed epoch 18 of 100

INFO:__main__:NLL: -0.0943, L2: 0.0276, Reg: 0.0276
INFO:__main__:Total loss -0.0392
INFO:__main__:Predicted mean: -0.3825
INFO:__main__:Predicted uncertainity -0.7552
INFO:__main__:Completed epoch 19 of 100

INFO:__main__:NLL: 0.0852, L2: 0.0277, Reg: 0.0276
INFO:__main__:Total loss 0.1404
INFO:__main__:Predicted mean: -0.3869
INFO:__main__:Predicted uncertainity -0.6560
INFO:__main__:Completed epoch 20 of 100

INFO:__main__:NLL: -0.0188, L2: 0.0284, Reg: 0.0276
INFO:__main__:Total loss 0.0373
INFO:__main__:Predicted mean: -0.3556
INFO:__main__:Predicted uncertainity -0.7138
INFO:__main__:Completed epoch 21 of 100

INFO:__main__:NLL: 0.0592, L2: 0.0296, Reg: 0.0276
INFO:__main__:Total loss 0.1163
INFO:__main__:Predicted mean: -0.3413
INFO:__main__:Predicted uncertainity -0.8209
INFO:__main__:Completed epoch 22 of 100

INFO:__main__:NLL: 0.1492, L2: 0.0303, Reg: 0.0276
INFO:__main__:Total loss 0.2072
INFO:__main__:Predicted mean: -0.4011
INFO:__main__:Predicted uncertainity -0.7234
INFO:__main__:Completed epoch 23 of 100

INFO:__main__:NLL: 0.1578, L2: 0.0295, Reg: 0.0276
INFO:__main__:Total loss 0.2149
INFO:__main__:Predicted mean: -0.3364
INFO:__main__:Predicted uncertainity -0.7062
INFO:__main__:Completed epoch 24 of 100

INFO:__main__:NLL: 0.1885, L2: 0.0299, Reg: 0.0276
INFO:__main__:Total loss 0.2461
INFO:__main__:Predicted mean: -0.3752
INFO:__main__:Predicted uncertainity -0.7139
INFO:__main__:Completed epoch 25 of 100

INFO:__main__:NLL: -0.0290, L2: 0.0301, Reg: 0.0276
INFO:__main__:Total loss 0.0288
INFO:__main__:Predicted mean: -0.3930
INFO:__main__:Predicted uncertainity -0.6475
INFO:__main__:Completed epoch 26 of 100

INFO:__main__:NLL: 0.1517, L2: 0.0299, Reg: 0.0276
INFO:__main__:Total loss 0.2092
INFO:__main__:Predicted mean: -0.3966
INFO:__main__:Predicted uncertainity -0.8496
INFO:__main__:Completed epoch 27 of 100

INFO:__main__:NLL: 0.1824, L2: 0.0287, Reg: 0.0276
INFO:__main__:Total loss 0.2387
INFO:__main__:Predicted mean: -0.3966
INFO:__main__:Predicted uncertainity -0.6487
INFO:__main__:Completed epoch 28 of 100

INFO:__main__:NLL: 0.1407, L2: 0.0284, Reg: 0.0276
INFO:__main__:Total loss 0.1967
INFO:__main__:Predicted mean: -0.3642
INFO:__main__:Predicted uncertainity -0.7610
INFO:__main__:Completed epoch 29 of 100

INFO:__main__:NLL: 0.1504, L2: 0.0273, Reg: 0.0276
INFO:__main__:Total loss 0.2053
INFO:__main__:Predicted mean: -0.3377
INFO:__main__:Predicted uncertainity -0.6446
INFO:__main__:Completed epoch 30 of 100

INFO:__main__:NLL: 0.1982, L2: 0.0279, Reg: 0.0276
INFO:__main__:Total loss 0.2537
INFO:__main__:Predicted mean: -0.4178
INFO:__main__:Predicted uncertainity -0.7726
INFO:__main__:Completed epoch 31 of 100

INFO:__main__:NLL: -0.0814, L2: 0.0276, Reg: 0.0276
INFO:__main__:Total loss -0.0262
INFO:__main__:Predicted mean: -0.3562
INFO:__main__:Predicted uncertainity -0.9029
INFO:__main__:Completed epoch 32 of 100

INFO:__main__:NLL: 0.0741, L2: 0.0302, Reg: 0.0276
INFO:__main__:Total loss 0.1318
INFO:__main__:Predicted mean: -0.4175
INFO:__main__:Predicted uncertainity -0.7452
INFO:__main__:Completed epoch 33 of 100

INFO:__main__:NLL: 0.0308, L2: 0.0296, Reg: 0.0276
INFO:__main__:Total loss 0.0881
INFO:__main__:Predicted mean: -0.3140
INFO:__main__:Predicted uncertainity -0.7700
INFO:__main__:Completed epoch 34 of 100

INFO:__main__:NLL: -0.0128, L2: 0.0297, Reg: 0.0276
INFO:__main__:Total loss 0.0445
INFO:__main__:Predicted mean: -0.3854
INFO:__main__:Predicted uncertainity -0.7514
INFO:__main__:Completed epoch 35 of 100

INFO:__main__:NLL: 0.0654, L2: 0.0267, Reg: 0.0276
INFO:__main__:Total loss 0.1198
INFO:__main__:Predicted mean: -0.3528
INFO:__main__:Predicted uncertainity -0.8363
INFO:__main__:Completed epoch 36 of 100

INFO:__main__:NLL: -0.0674, L2: 0.0268, Reg: 0.0276
INFO:__main__:Total loss -0.0129
INFO:__main__:Predicted mean: -0.3872
INFO:__main__:Predicted uncertainity -0.8831
INFO:__main__:Completed epoch 37 of 100

INFO:__main__:NLL: 0.2082, L2: 0.0294, Reg: 0.0276
INFO:__main__:Total loss 0.2652
INFO:__main__:Predicted mean: -0.3776
INFO:__main__:Predicted uncertainity -0.8304
INFO:__main__:Completed epoch 38 of 100

INFO:__main__:NLL: 0.1651, L2: 0.0298, Reg: 0.0276
INFO:__main__:Total loss 0.2225
INFO:__main__:Predicted mean: -0.4503
INFO:__main__:Predicted uncertainity -0.7565
INFO:__main__:Completed epoch 39 of 100

INFO:__main__:NLL: 0.1007, L2: 0.0291, Reg: 0.0276
INFO:__main__:Total loss 0.1574
INFO:__main__:Predicted mean: -0.4295
INFO:__main__:Predicted uncertainity -0.6644
INFO:__main__:Completed epoch 40 of 100

INFO:__main__:NLL: -0.0779, L2: 0.0272, Reg: 0.0276
INFO:__main__:Total loss -0.0231
INFO:__main__:Predicted mean: -0.4043
INFO:__main__:Predicted uncertainity -0.7503
INFO:__main__:Completed epoch 41 of 100

INFO:__main__:NLL: 0.0900, L2: 0.0274, Reg: 0.0276
INFO:__main__:Total loss 0.1450
INFO:__main__:Predicted mean: -0.4496
INFO:__main__:Predicted uncertainity -0.6239
INFO:__main__:Completed epoch 42 of 100

INFO:__main__:NLL: 0.2081, L2: 0.0289, Reg: 0.0276
INFO:__main__:Total loss 0.2646
INFO:__main__:Predicted mean: -0.3858
INFO:__main__:Predicted uncertainity -0.7156
INFO:__main__:Completed epoch 43 of 100

INFO:__main__:NLL: 0.2786, L2: 0.0284, Reg: 0.0276
INFO:__main__:Total loss 0.3346
INFO:__main__:Predicted mean: -0.4154
INFO:__main__:Predicted uncertainity -0.7833
INFO:__main__:Completed epoch 44 of 100

INFO:__main__:NLL: 0.1502, L2: 0.0256, Reg: 0.0276
INFO:__main__:Total loss 0.2035
INFO:__main__:Predicted mean: -0.4095
INFO:__main__:Predicted uncertainity -0.7771
INFO:__main__:Completed epoch 45 of 100

INFO:__main__:NLL: 0.1312, L2: 0.0268, Reg: 0.0276
INFO:__main__:Total loss 0.1856
INFO:__main__:Predicted mean: -0.3646
INFO:__main__:Predicted uncertainity -0.8070
INFO:__main__:Completed epoch 46 of 100

INFO:__main__:NLL: 0.0823, L2: 0.0280, Reg: 0.0276
INFO:__main__:Total loss 0.1379
INFO:__main__:Predicted mean: -0.4166
INFO:__main__:Predicted uncertainity -0.8318
INFO:__main__:Completed epoch 47 of 100

INFO:__main__:NLL: 0.1094, L2: 0.0284, Reg: 0.0276
INFO:__main__:Total loss 0.1653
INFO:__main__:Predicted mean: -0.4158
INFO:__main__:Predicted uncertainity -0.7869
INFO:__main__:Completed epoch 48 of 100

INFO:__main__:NLL: 0.0090, L2: 0.0275, Reg: 0.0276
INFO:__main__:Total loss 0.0641
INFO:__main__:Predicted mean: -0.3646
INFO:__main__:Predicted uncertainity -0.6329
INFO:__main__:Completed epoch 49 of 100

INFO:__main__:NLL: 0.0313, L2: 0.0274, Reg: 0.0276
INFO:__main__:Total loss 0.0863
INFO:__main__:Predicted mean: -0.3624
INFO:__main__:Predicted uncertainity -0.7772
INFO:__main__:Completed epoch 50 of 100

INFO:__main__:NLL: 0.4641, L2: 0.0265, Reg: 0.0276
INFO:__main__:Total loss 0.5182
INFO:__main__:Predicted mean: -0.4120
INFO:__main__:Predicted uncertainity -0.8566
INFO:__main__:Completed epoch 51 of 100

INFO:__main__:NLL: -0.0557, L2: 0.0277, Reg: 0.0276
INFO:__main__:Total loss -0.0004
INFO:__main__:Predicted mean: -0.4140
INFO:__main__:Predicted uncertainity -0.8101
INFO:__main__:Completed epoch 52 of 100

INFO:__main__:NLL: 0.0821, L2: 0.0278, Reg: 0.0276
INFO:__main__:Total loss 0.1376
INFO:__main__:Predicted mean: -0.3604
INFO:__main__:Predicted uncertainity -0.5955
INFO:__main__:Completed epoch 53 of 100

INFO:__main__:NLL: 0.2203, L2: 0.0294, Reg: 0.0276
INFO:__main__:Total loss 0.2773
INFO:__main__:Predicted mean: -0.3739
INFO:__main__:Predicted uncertainity -0.7030
INFO:__main__:Completed epoch 54 of 100

INFO:__main__:NLL: 0.1931, L2: 0.0289, Reg: 0.0276
INFO:__main__:Total loss 0.2497
INFO:__main__:Predicted mean: -0.3424
INFO:__main__:Predicted uncertainity -0.7967
INFO:__main__:Completed epoch 55 of 100

INFO:__main__:NLL: 0.3628, L2: 0.0272, Reg: 0.0276
INFO:__main__:Total loss 0.4176
INFO:__main__:Predicted mean: -0.3941
INFO:__main__:Predicted uncertainity -0.7176
INFO:__main__:Completed epoch 56 of 100

INFO:__main__:NLL: 0.0342, L2: 0.0285, Reg: 0.0276
INFO:__main__:Total loss 0.0902
INFO:__main__:Predicted mean: -0.3734
INFO:__main__:Predicted uncertainity -0.6910
INFO:__main__:Completed epoch 57 of 100

INFO:__main__:NLL: -0.0016, L2: 0.0281, Reg: 0.0276
INFO:__main__:Total loss 0.0542
INFO:__main__:Predicted mean: -0.4535
INFO:__main__:Predicted uncertainity -0.8112
INFO:__main__:Completed epoch 58 of 100

INFO:__main__:NLL: -0.0411, L2: 0.0290, Reg: 0.0276
INFO:__main__:Total loss 0.0155
INFO:__main__:Predicted mean: -0.3242
INFO:__main__:Predicted uncertainity -0.6970
INFO:__main__:Completed epoch 59 of 100

INFO:__main__:NLL: 0.1175, L2: 0.0302, Reg: 0.0276
INFO:__main__:Total loss 0.1753
INFO:__main__:Predicted mean: -0.3776
INFO:__main__:Predicted uncertainity -0.7160
INFO:__main__:Completed epoch 60 of 100

INFO:__main__:NLL: 0.1709, L2: 0.0300, Reg: 0.0276
INFO:__main__:Total loss 0.2285
INFO:__main__:Predicted mean: -0.3567
INFO:__main__:Predicted uncertainity -0.7405
INFO:__main__:Completed epoch 61 of 100

INFO:__main__:NLL: 0.1899, L2: 0.0285, Reg: 0.0276
INFO:__main__:Total loss 0.2459
INFO:__main__:Predicted mean: -0.3858
INFO:__main__:Predicted uncertainity -0.7382
INFO:__main__:Completed epoch 62 of 100

INFO:__main__:NLL: 0.0923, L2: 0.0306, Reg: 0.0276
INFO:__main__:Total loss 0.1504
INFO:__main__:Predicted mean: -0.4643
INFO:__main__:Predicted uncertainity -0.7327
INFO:__main__:Completed epoch 63 of 100

INFO:__main__:NLL: -0.0374, L2: 0.0294, Reg: 0.0276
INFO:__main__:Total loss 0.0196
INFO:__main__:Predicted mean: -0.3505
INFO:__main__:Predicted uncertainity -0.7790
INFO:__main__:Completed epoch 64 of 100

INFO:__main__:NLL: 0.0122, L2: 0.0287, Reg: 0.0276
INFO:__main__:Total loss 0.0684
INFO:__main__:Predicted mean: -0.3615
INFO:__main__:Predicted uncertainity -0.6743
INFO:__main__:Completed epoch 65 of 100

INFO:__main__:NLL: 0.2027, L2: 0.0277, Reg: 0.0276
INFO:__main__:Total loss 0.2580
INFO:__main__:Predicted mean: -0.3796
INFO:__main__:Predicted uncertainity -0.7965
INFO:__main__:Completed epoch 66 of 100

INFO:__main__:NLL: 0.0696, L2: 0.0273, Reg: 0.0276
INFO:__main__:Total loss 0.1246
INFO:__main__:Predicted mean: -0.3560
INFO:__main__:Predicted uncertainity -0.7204
INFO:__main__:Completed epoch 67 of 100

INFO:__main__:NLL: -0.0223, L2: 0.0295, Reg: 0.0276
INFO:__main__:Total loss 0.0348
INFO:__main__:Predicted mean: -0.3465
INFO:__main__:Predicted uncertainity -0.7810
INFO:__main__:Completed epoch 68 of 100

INFO:__main__:NLL: 0.0335, L2: 0.0296, Reg: 0.0276
INFO:__main__:Total loss 0.0907
INFO:__main__:Predicted mean: -0.3948
INFO:__main__:Predicted uncertainity -0.7579
INFO:__main__:Completed epoch 69 of 100

INFO:__main__:NLL: 0.4492, L2: 0.0284, Reg: 0.0276
INFO:__main__:Total loss 0.5053
INFO:__main__:Predicted mean: -0.4550
INFO:__main__:Predicted uncertainity -0.7037
INFO:__main__:Completed epoch 70 of 100

INFO:__main__:NLL: -0.0123, L2: 0.0267, Reg: 0.0276
INFO:__main__:Total loss 0.0420
INFO:__main__:Predicted mean: -0.3911
INFO:__main__:Predicted uncertainity -0.8167
INFO:__main__:Completed epoch 71 of 100

INFO:__main__:NLL: 0.2927, L2: 0.0291, Reg: 0.0276
INFO:__main__:Total loss 0.3494
INFO:__main__:Predicted mean: -0.3882
INFO:__main__:Predicted uncertainity -0.8568
INFO:__main__:Completed epoch 72 of 100

INFO:__main__:NLL: 0.3036, L2: 0.0273, Reg: 0.0276
INFO:__main__:Total loss 0.3586
INFO:__main__:Predicted mean: -0.3729
INFO:__main__:Predicted uncertainity -0.8430
INFO:__main__:Completed epoch 73 of 100

INFO:__main__:NLL: 0.0888, L2: 0.0298, Reg: 0.0276
INFO:__main__:Total loss 0.1463
INFO:__main__:Predicted mean: -0.4036
INFO:__main__:Predicted uncertainity -0.7701
INFO:__main__:Completed epoch 74 of 100

INFO:__main__:NLL: 0.0521, L2: 0.0286, Reg: 0.0276
INFO:__main__:Total loss 0.1083
INFO:__main__:Predicted mean: -0.4119
INFO:__main__:Predicted uncertainity -0.7843
INFO:__main__:Completed epoch 75 of 100

INFO:__main__:NLL: 0.0712, L2: 0.0284, Reg: 0.0276
INFO:__main__:Total loss 0.1272
INFO:__main__:Predicted mean: -0.4129
INFO:__main__:Predicted uncertainity -0.7406
INFO:__main__:Completed epoch 76 of 100

INFO:__main__:NLL: 0.1819, L2: 0.0285, Reg: 0.0276
INFO:__main__:Total loss 0.2380
INFO:__main__:Predicted mean: -0.4189
INFO:__main__:Predicted uncertainity -0.8071
INFO:__main__:Completed epoch 77 of 100

INFO:__main__:NLL: 0.1619, L2: 0.0278, Reg: 0.0276
INFO:__main__:Total loss 0.2173
INFO:__main__:Predicted mean: -0.3782
INFO:__main__:Predicted uncertainity -0.7415
INFO:__main__:Completed epoch 78 of 100

INFO:__main__:NLL: 0.2486, L2: 0.0266, Reg: 0.0276
INFO:__main__:Total loss 0.3028
INFO:__main__:Predicted mean: -0.3573
INFO:__main__:Predicted uncertainity -0.7272
INFO:__main__:Completed epoch 79 of 100

INFO:__main__:NLL: 0.0714, L2: 0.0298, Reg: 0.0276
INFO:__main__:Total loss 0.1288
INFO:__main__:Predicted mean: -0.3397
INFO:__main__:Predicted uncertainity -0.6673
INFO:__main__:Completed epoch 80 of 100

INFO:__main__:NLL: -0.0048, L2: 0.0300, Reg: 0.0276
INFO:__main__:Total loss 0.0528
INFO:__main__:Predicted mean: -0.3881
INFO:__main__:Predicted uncertainity -0.6574
INFO:__main__:Completed epoch 81 of 100

INFO:__main__:NLL: 0.1625, L2: 0.0286, Reg: 0.0276
INFO:__main__:Total loss 0.2188
INFO:__main__:Predicted mean: -0.4047
INFO:__main__:Predicted uncertainity -0.7454
INFO:__main__:Completed epoch 82 of 100

INFO:__main__:NLL: 0.0183, L2: 0.0278, Reg: 0.0276
INFO:__main__:Total loss 0.0737
INFO:__main__:Predicted mean: -0.3931
INFO:__main__:Predicted uncertainity -0.8543
INFO:__main__:Completed epoch 83 of 100

INFO:__main__:NLL: 0.2916, L2: 0.0288, Reg: 0.0276
INFO:__main__:Total loss 0.3480
INFO:__main__:Predicted mean: -0.3134
INFO:__main__:Predicted uncertainity -0.6289
INFO:__main__:Completed epoch 84 of 100

INFO:__main__:NLL: 0.1506, L2: 0.0305, Reg: 0.0276
INFO:__main__:Total loss 0.2087
INFO:__main__:Predicted mean: -0.3616
INFO:__main__:Predicted uncertainity -0.6699
INFO:__main__:Completed epoch 85 of 100

INFO:__main__:NLL: -0.0811, L2: 0.0283, Reg: 0.0276
INFO:__main__:Total loss -0.0252
INFO:__main__:Predicted mean: -0.3954
INFO:__main__:Predicted uncertainity -0.8462
INFO:__main__:Completed epoch 86 of 100

INFO:__main__:NLL: 0.0964, L2: 0.0303, Reg: 0.0276
INFO:__main__:Total loss 0.1543
INFO:__main__:Predicted mean: -0.4434
INFO:__main__:Predicted uncertainity -0.6871
INFO:__main__:Completed epoch 87 of 100

INFO:__main__:NLL: 0.0969, L2: 0.0295, Reg: 0.0276
INFO:__main__:Total loss 0.1539
INFO:__main__:Predicted mean: -0.4088
INFO:__main__:Predicted uncertainity -0.6539
INFO:__main__:Completed epoch 88 of 100

INFO:__main__:NLL: 0.0509, L2: 0.0289, Reg: 0.0276
INFO:__main__:Total loss 0.1074
INFO:__main__:Predicted mean: -0.3514
INFO:__main__:Predicted uncertainity -0.7779
INFO:__main__:Completed epoch 89 of 100

INFO:__main__:NLL: 0.2186, L2: 0.0294, Reg: 0.0276
INFO:__main__:Total loss 0.2756
INFO:__main__:Predicted mean: -0.4421
INFO:__main__:Predicted uncertainity -0.7491
INFO:__main__:Completed epoch 90 of 100

INFO:__main__:NLL: 0.1286, L2: 0.0290, Reg: 0.0276
INFO:__main__:Total loss 0.1853
INFO:__main__:Predicted mean: -0.4206
INFO:__main__:Predicted uncertainity -0.7339
INFO:__main__:Completed epoch 91 of 100

INFO:__main__:NLL: 0.1779, L2: 0.0278, Reg: 0.0277
INFO:__main__:Total loss 0.2333
INFO:__main__:Predicted mean: -0.3895
INFO:__main__:Predicted uncertainity -0.8849
INFO:__main__:Completed epoch 92 of 100

INFO:__main__:NLL: 0.0277, L2: 0.0293, Reg: 0.0276
INFO:__main__:Total loss 0.0846
INFO:__main__:Predicted mean: -0.3860
INFO:__main__:Predicted uncertainity -0.7645
INFO:__main__:Completed epoch 93 of 100

INFO:__main__:NLL: 0.1379, L2: 0.0299, Reg: 0.0276
INFO:__main__:Total loss 0.1954
INFO:__main__:Predicted mean: -0.3542
INFO:__main__:Predicted uncertainity -0.7905
INFO:__main__:Completed epoch 94 of 100

INFO:__main__:NLL: 0.1534, L2: 0.0267, Reg: 0.0276
INFO:__main__:Total loss 0.2077
INFO:__main__:Predicted mean: -0.3956
INFO:__main__:Predicted uncertainity -0.6179
INFO:__main__:Completed epoch 95 of 100

INFO:__main__:NLL: 0.3200, L2: 0.0295, Reg: 0.0276
INFO:__main__:Total loss 0.3771
INFO:__main__:Predicted mean: -0.4087
INFO:__main__:Predicted uncertainity -0.9055
INFO:__main__:Completed epoch 96 of 100

INFO:__main__:NLL: 0.0349, L2: 0.0273, Reg: 0.0276
INFO:__main__:Total loss 0.0897
INFO:__main__:Predicted mean: -0.3348
INFO:__main__:Predicted uncertainity -0.7167
INFO:__main__:Completed epoch 97 of 100

INFO:__main__:NLL: 0.1124, L2: 0.0282, Reg: 0.0276
INFO:__main__:Total loss 0.1682
INFO:__main__:Predicted mean: -0.3579
INFO:__main__:Predicted uncertainity -0.7268
INFO:__main__:Completed epoch 98 of 100

INFO:__main__:NLL: 0.2469, L2: 0.0290, Reg: 0.0276
INFO:__main__:Total loss 0.3035
INFO:__main__:Predicted mean: -0.3974
INFO:__main__:Predicted uncertainity -0.8509
INFO:__main__:Completed epoch 99 of 100

INFO:__main__:NLL: 0.2265, L2: 0.0291, Reg: 0.0276
INFO:__main__:Total loss 0.2832
INFO:__main__:Predicted mean: -0.3867
INFO:__main__:Predicted uncertainity -0.8248
INFO:__main__:Completed epoch 100 of 100

INFO:__main__:376.413108 s
