INFO:__main__:PROCESS RUNNING ON cpu
INFO:__main__:NLL: 0.2823, L2: 0.0222, Reg: 0.0289
INFO:__main__:Total loss 0.3334
INFO:__main__:Predicted mean: -0.1352
INFO:__main__:Predicted uncertainity -0.0629
INFO:__main__:Completed epoch 1 of 100

INFO:__main__:NLL: 0.2823, L2: 0.0225, Reg: 0.0292
INFO:__main__:Total loss 0.3340
INFO:__main__:Predicted mean: -0.1363
INFO:__main__:Predicted uncertainity -0.0628
INFO:__main__:Completed epoch 2 of 100

INFO:__main__:NLL: 0.2820, L2: 0.0229, Reg: 0.0300
INFO:__main__:Total loss 0.3349
INFO:__main__:Predicted mean: -0.1371
INFO:__main__:Predicted uncertainity -0.0641
INFO:__main__:Completed epoch 3 of 100

INFO:__main__:NLL: 0.2820, L2: 0.0231, Reg: 0.0303
INFO:__main__:Total loss 0.3353
INFO:__main__:Predicted mean: -0.1376
INFO:__main__:Predicted uncertainity -0.0641
INFO:__main__:Completed epoch 4 of 100

INFO:__main__:NLL: 0.2819, L2: 0.0231, Reg: 0.0283
INFO:__main__:Total loss 0.3334
INFO:__main__:Predicted mean: -0.1379
INFO:__main__:Predicted uncertainity -0.0642
INFO:__main__:Completed epoch 5 of 100

INFO:__main__:NLL: 0.2818, L2: 0.0233, Reg: 0.0291
INFO:__main__:Total loss 0.3342
INFO:__main__:Predicted mean: -0.1379
INFO:__main__:Predicted uncertainity -0.0648
INFO:__main__:Completed epoch 6 of 100

INFO:__main__:NLL: 0.2819, L2: 0.0232, Reg: 0.0298
INFO:__main__:Total loss 0.3349
INFO:__main__:Predicted mean: -0.1380
INFO:__main__:Predicted uncertainity -0.0642
INFO:__main__:Completed epoch 7 of 100

INFO:__main__:NLL: 0.2818, L2: 0.0233, Reg: 0.0298
INFO:__main__:Total loss 0.3349
INFO:__main__:Predicted mean: -0.1380
INFO:__main__:Predicted uncertainity -0.0645
INFO:__main__:Completed epoch 8 of 100

INFO:__main__:NLL: 0.2820, L2: 0.0232, Reg: 0.0291
INFO:__main__:Total loss 0.3343
INFO:__main__:Predicted mean: -0.1382
INFO:__main__:Predicted uncertainity -0.0637
INFO:__main__:Completed epoch 9 of 100

INFO:__main__:NLL: 0.2818, L2: 0.0234, Reg: 0.0295
INFO:__main__:Total loss 0.3346
INFO:__main__:Predicted mean: -0.1380
INFO:__main__:Predicted uncertainity -0.0648
INFO:__main__:Completed epoch 10 of 100

INFO:__main__:NLL: 0.2818, L2: 0.0234, Reg: 0.0295
INFO:__main__:Total loss 0.3346
INFO:__main__:Predicted mean: -0.1380
INFO:__main__:Predicted uncertainity -0.0647
INFO:__main__:Completed epoch 11 of 100

INFO:__main__:NLL: 0.2819, L2: 0.0234, Reg: 0.0280
INFO:__main__:Total loss 0.3332
INFO:__main__:Predicted mean: -0.1381
INFO:__main__:Predicted uncertainity -0.0645
INFO:__main__:Completed epoch 12 of 100

INFO:__main__:NLL: 0.2820, L2: 0.0234, Reg: 0.0300
INFO:__main__:Total loss 0.3353
INFO:__main__:Predicted mean: -0.1381
INFO:__main__:Predicted uncertainity -0.0639
INFO:__main__:Completed epoch 13 of 100

INFO:__main__:NLL: 0.2819, L2: 0.0234, Reg: 0.0299
INFO:__main__:Total loss 0.3352
INFO:__main__:Predicted mean: -0.1381
INFO:__main__:Predicted uncertainity -0.0641
INFO:__main__:Completed epoch 14 of 100

INFO:__main__:NLL: 0.2819, L2: 0.0234, Reg: 0.0292
INFO:__main__:Total loss 0.3345
INFO:__main__:Predicted mean: -0.1381
INFO:__main__:Predicted uncertainity -0.0643
INFO:__main__:Completed epoch 15 of 100

INFO:__main__:NLL: 0.2820, L2: 0.0234, Reg: 0.0301
INFO:__main__:Total loss 0.3355
INFO:__main__:Predicted mean: -0.1382
INFO:__main__:Predicted uncertainity -0.0638
INFO:__main__:Completed epoch 16 of 100

INFO:__main__:NLL: 0.2819, L2: 0.0233, Reg: 0.0282
INFO:__main__:Total loss 0.3335
INFO:__main__:Predicted mean: -0.1381
INFO:__main__:Predicted uncertainity -0.0641
INFO:__main__:Completed epoch 17 of 100

INFO:__main__:NLL: 0.2819, L2: 0.0234, Reg: 0.0291
INFO:__main__:Total loss 0.3345
INFO:__main__:Predicted mean: -0.1381
INFO:__main__:Predicted uncertainity -0.0642
INFO:__main__:Completed epoch 18 of 100

INFO:__main__:NLL: 0.2819, L2: 0.0234, Reg: 0.0305
INFO:__main__:Total loss 0.3358
INFO:__main__:Predicted mean: -0.1381
INFO:__main__:Predicted uncertainity -0.0643
INFO:__main__:Completed epoch 19 of 100

INFO:__main__:NLL: 0.2820, L2: 0.0233, Reg: 0.0304
INFO:__main__:Total loss 0.3357
INFO:__main__:Predicted mean: -0.1381
INFO:__main__:Predicted uncertainity -0.0639
INFO:__main__:Completed epoch 20 of 100

INFO:__main__:NLL: 0.2819, L2: 0.0234, Reg: 0.0287
INFO:__main__:Total loss 0.3340
INFO:__main__:Predicted mean: -0.1381
INFO:__main__:Predicted uncertainity -0.0642
INFO:__main__:Completed epoch 21 of 100

INFO:__main__:NLL: 0.2818, L2: 0.0234, Reg: 0.0296
INFO:__main__:Total loss 0.3348
INFO:__main__:Predicted mean: -0.1380
INFO:__main__:Predicted uncertainity -0.0647
INFO:__main__:Completed epoch 22 of 100

INFO:__main__:NLL: 0.2819, L2: 0.0233, Reg: 0.0305
INFO:__main__:Total loss 0.3358
INFO:__main__:Predicted mean: -0.1382
INFO:__main__:Predicted uncertainity -0.0639
INFO:__main__:Completed epoch 23 of 100

INFO:__main__:NLL: 0.2820, L2: 0.0234, Reg: 0.0307
INFO:__main__:Total loss 0.3361
INFO:__main__:Predicted mean: -0.1382
INFO:__main__:Predicted uncertainity -0.0636
INFO:__main__:Completed epoch 24 of 100

INFO:__main__:NLL: 0.2819, L2: 0.0234, Reg: 0.0312
INFO:__main__:Total loss 0.3364
INFO:__main__:Predicted mean: -0.1381
INFO:__main__:Predicted uncertainity -0.0644
INFO:__main__:Completed epoch 25 of 100

INFO:__main__:NLL: 0.2818, L2: 0.0235, Reg: 0.0311
INFO:__main__:Total loss 0.3363
INFO:__main__:Predicted mean: -0.1380
INFO:__main__:Predicted uncertainity -0.0649
INFO:__main__:Completed epoch 26 of 100

INFO:__main__:NLL: 0.2819, L2: 0.0234, Reg: 0.0293
INFO:__main__:Total loss 0.3346
INFO:__main__:Predicted mean: -0.1381
INFO:__main__:Predicted uncertainity -0.0641
INFO:__main__:Completed epoch 27 of 100

INFO:__main__:NLL: 0.2819, L2: 0.0234, Reg: 0.0290
INFO:__main__:Total loss 0.3343
INFO:__main__:Predicted mean: -0.1381
INFO:__main__:Predicted uncertainity -0.0643
INFO:__main__:Completed epoch 28 of 100

INFO:__main__:NLL: 0.2820, L2: 0.0233, Reg: 0.0311
INFO:__main__:Total loss 0.3365
INFO:__main__:Predicted mean: -0.1382
INFO:__main__:Predicted uncertainity -0.0636
INFO:__main__:Completed epoch 29 of 100

INFO:__main__:NLL: 0.2819, L2: 0.0234, Reg: 0.0281
INFO:__main__:Total loss 0.3334
INFO:__main__:Predicted mean: -0.1381
INFO:__main__:Predicted uncertainity -0.0641
INFO:__main__:Completed epoch 30 of 100

INFO:__main__:NLL: 0.2820, L2: 0.0234, Reg: 0.0299
INFO:__main__:Total loss 0.3353
INFO:__main__:Predicted mean: -0.1382
INFO:__main__:Predicted uncertainity -0.0637
INFO:__main__:Completed epoch 31 of 100

INFO:__main__:NLL: 0.2818, L2: 0.0234, Reg: 0.0302
INFO:__main__:Total loss 0.3354
INFO:__main__:Predicted mean: -0.1380
INFO:__main__:Predicted uncertainity -0.0646
INFO:__main__:Completed epoch 32 of 100

INFO:__main__:NLL: 0.2818, L2: 0.0234, Reg: 0.0290
INFO:__main__:Total loss 0.3342
INFO:__main__:Predicted mean: -0.1380
INFO:__main__:Predicted uncertainity -0.0647
INFO:__main__:Completed epoch 33 of 100

INFO:__main__:NLL: 0.2819, L2: 0.0234, Reg: 0.0303
INFO:__main__:Total loss 0.3356
INFO:__main__:Predicted mean: -0.1382
INFO:__main__:Predicted uncertainity -0.0639
INFO:__main__:Completed epoch 34 of 100

INFO:__main__:NLL: 0.2818, L2: 0.0234, Reg: 0.0288
INFO:__main__:Total loss 0.3340
INFO:__main__:Predicted mean: -0.1380
INFO:__main__:Predicted uncertainity -0.0649
INFO:__main__:Completed epoch 35 of 100

INFO:__main__:NLL: 0.2819, L2: 0.0234, Reg: 0.0291
INFO:__main__:Total loss 0.3344
INFO:__main__:Predicted mean: -0.1381
INFO:__main__:Predicted uncertainity -0.0642
INFO:__main__:Completed epoch 36 of 100

INFO:__main__:NLL: 0.2820, L2: 0.0234, Reg: 0.0304
INFO:__main__:Total loss 0.3358
INFO:__main__:Predicted mean: -0.1382
INFO:__main__:Predicted uncertainity -0.0638
INFO:__main__:Completed epoch 37 of 100

INFO:__main__:NLL: 0.2819, L2: 0.0233, Reg: 0.0299
INFO:__main__:Total loss 0.3351
INFO:__main__:Predicted mean: -0.1381
INFO:__main__:Predicted uncertainity -0.0641
INFO:__main__:Completed epoch 38 of 100

INFO:__main__:NLL: 0.2818, L2: 0.0234, Reg: 0.0294
INFO:__main__:Total loss 0.3347
INFO:__main__:Predicted mean: -0.1381
INFO:__main__:Predicted uncertainity -0.0646
INFO:__main__:Completed epoch 39 of 100

INFO:__main__:NLL: 0.2820, L2: 0.0234, Reg: 0.0309
INFO:__main__:Total loss 0.3362
INFO:__main__:Predicted mean: -0.1381
INFO:__main__:Predicted uncertainity -0.0638
INFO:__main__:Completed epoch 40 of 100

INFO:__main__:NLL: 0.2818, L2: 0.0234, Reg: 0.0298
INFO:__main__:Total loss 0.3350
INFO:__main__:Predicted mean: -0.1381
INFO:__main__:Predicted uncertainity -0.0645
INFO:__main__:Completed epoch 41 of 100

INFO:__main__:NLL: 0.2819, L2: 0.0234, Reg: 0.0294
INFO:__main__:Total loss 0.3348
INFO:__main__:Predicted mean: -0.1381
INFO:__main__:Predicted uncertainity -0.0641
INFO:__main__:Completed epoch 42 of 100

INFO:__main__:NLL: 0.2819, L2: 0.0234, Reg: 0.0299
INFO:__main__:Total loss 0.3351
INFO:__main__:Predicted mean: -0.1381
INFO:__main__:Predicted uncertainity -0.0643
INFO:__main__:Completed epoch 43 of 100

INFO:__main__:NLL: 0.2819, L2: 0.0234, Reg: 0.0291
INFO:__main__:Total loss 0.3344
INFO:__main__:Predicted mean: -0.1381
INFO:__main__:Predicted uncertainity -0.0645
INFO:__main__:Completed epoch 44 of 100

INFO:__main__:NLL: 0.2819, L2: 0.0234, Reg: 0.0295
INFO:__main__:Total loss 0.3348
INFO:__main__:Predicted mean: -0.1381
INFO:__main__:Predicted uncertainity -0.0641
INFO:__main__:Completed epoch 45 of 100

INFO:__main__:NLL: 0.2819, L2: 0.0234, Reg: 0.0296
INFO:__main__:Total loss 0.3349
INFO:__main__:Predicted mean: -0.1381
INFO:__main__:Predicted uncertainity -0.0644
INFO:__main__:Completed epoch 46 of 100

INFO:__main__:NLL: 0.2820, L2: 0.0233, Reg: 0.0295
INFO:__main__:Total loss 0.3349
INFO:__main__:Predicted mean: -0.1382
INFO:__main__:Predicted uncertainity -0.0634
INFO:__main__:Completed epoch 47 of 100

INFO:__main__:NLL: 0.2820, L2: 0.0234, Reg: 0.0297
INFO:__main__:Total loss 0.3351
INFO:__main__:Predicted mean: -0.1381
INFO:__main__:Predicted uncertainity -0.0639
INFO:__main__:Completed epoch 48 of 100

INFO:__main__:NLL: 0.2820, L2: 0.0233, Reg: 0.0297
INFO:__main__:Total loss 0.3350
INFO:__main__:Predicted mean: -0.1382
INFO:__main__:Predicted uncertainity -0.0636
INFO:__main__:Completed epoch 49 of 100

INFO:__main__:NLL: 0.2820, L2: 0.0233, Reg: 0.0290
INFO:__main__:Total loss 0.3343
INFO:__main__:Predicted mean: -0.1382
INFO:__main__:Predicted uncertainity -0.0636
INFO:__main__:Completed epoch 50 of 100

INFO:__main__:NLL: 0.2820, L2: 0.0234, Reg: 0.0306
INFO:__main__:Total loss 0.3359
INFO:__main__:Predicted mean: -0.1382
INFO:__main__:Predicted uncertainity -0.0637
INFO:__main__:Completed epoch 51 of 100

INFO:__main__:NLL: 0.2818, L2: 0.0234, Reg: 0.0314
INFO:__main__:Total loss 0.3366
INFO:__main__:Predicted mean: -0.1381
INFO:__main__:Predicted uncertainity -0.0645
INFO:__main__:Completed epoch 52 of 100

INFO:__main__:NLL: 0.2819, L2: 0.0233, Reg: 0.0290
INFO:__main__:Total loss 0.3343
INFO:__main__:Predicted mean: -0.1381
INFO:__main__:Predicted uncertainity -0.0641
INFO:__main__:Completed epoch 53 of 100

INFO:__main__:NLL: 0.2819, L2: 0.0234, Reg: 0.0304
INFO:__main__:Total loss 0.3357
INFO:__main__:Predicted mean: -0.1381
INFO:__main__:Predicted uncertainity -0.0644
INFO:__main__:Completed epoch 54 of 100

INFO:__main__:NLL: 0.2818, L2: 0.0234, Reg: 0.0293
INFO:__main__:Total loss 0.3346
INFO:__main__:Predicted mean: -0.1381
INFO:__main__:Predicted uncertainity -0.0646
INFO:__main__:Completed epoch 55 of 100

INFO:__main__:NLL: 0.2819, L2: 0.0234, Reg: 0.0295
INFO:__main__:Total loss 0.3347
INFO:__main__:Predicted mean: -0.1381
INFO:__main__:Predicted uncertainity -0.0643
INFO:__main__:Completed epoch 56 of 100

INFO:__main__:NLL: 0.2818, L2: 0.0235, Reg: 0.0292
INFO:__main__:Total loss 0.3344
INFO:__main__:Predicted mean: -0.1380
INFO:__main__:Predicted uncertainity -0.0649
INFO:__main__:Completed epoch 57 of 100

INFO:__main__:NLL: 0.2817, L2: 0.0234, Reg: 0.0298
INFO:__main__:Total loss 0.3349
INFO:__main__:Predicted mean: -0.1380
INFO:__main__:Predicted uncertainity -0.0651
INFO:__main__:Completed epoch 58 of 100

INFO:__main__:NLL: 0.2819, L2: 0.0234, Reg: 0.0307
INFO:__main__:Total loss 0.3360
INFO:__main__:Predicted mean: -0.1382
INFO:__main__:Predicted uncertainity -0.0639
INFO:__main__:Completed epoch 59 of 100

INFO:__main__:NLL: 0.2820, L2: 0.0234, Reg: 0.0302
INFO:__main__:Total loss 0.3355
INFO:__main__:Predicted mean: -0.1382
INFO:__main__:Predicted uncertainity -0.0639
INFO:__main__:Completed epoch 60 of 100

INFO:__main__:NLL: 0.2819, L2: 0.0234, Reg: 0.0291
INFO:__main__:Total loss 0.3344
INFO:__main__:Predicted mean: -0.1381
INFO:__main__:Predicted uncertainity -0.0642
INFO:__main__:Completed epoch 61 of 100

INFO:__main__:NLL: 0.2819, L2: 0.0234, Reg: 0.0293
INFO:__main__:Total loss 0.3346
INFO:__main__:Predicted mean: -0.1381
INFO:__main__:Predicted uncertainity -0.0643
INFO:__main__:Completed epoch 62 of 100

INFO:__main__:NLL: 0.2819, L2: 0.0234, Reg: 0.0300
INFO:__main__:Total loss 0.3354
INFO:__main__:Predicted mean: -0.1381
INFO:__main__:Predicted uncertainity -0.0642
INFO:__main__:Completed epoch 63 of 100

INFO:__main__:NLL: 0.2817, L2: 0.0234, Reg: 0.0300
INFO:__main__:Total loss 0.3352
INFO:__main__:Predicted mean: -0.1380
INFO:__main__:Predicted uncertainity -0.0650
INFO:__main__:Completed epoch 64 of 100

INFO:__main__:NLL: 0.2819, L2: 0.0233, Reg: 0.0297
INFO:__main__:Total loss 0.3350
INFO:__main__:Predicted mean: -0.1381
INFO:__main__:Predicted uncertainity -0.0640
INFO:__main__:Completed epoch 65 of 100

INFO:__main__:NLL: 0.2819, L2: 0.0234, Reg: 0.0302
INFO:__main__:Total loss 0.3355
INFO:__main__:Predicted mean: -0.1381
INFO:__main__:Predicted uncertainity -0.0642
INFO:__main__:Completed epoch 66 of 100

INFO:__main__:NLL: 0.2819, L2: 0.0234, Reg: 0.0298
INFO:__main__:Total loss 0.3351
INFO:__main__:Predicted mean: -0.1381
INFO:__main__:Predicted uncertainity -0.0641
INFO:__main__:Completed epoch 67 of 100

INFO:__main__:NLL: 0.2819, L2: 0.0233, Reg: 0.0300
INFO:__main__:Total loss 0.3352
INFO:__main__:Predicted mean: -0.1381
INFO:__main__:Predicted uncertainity -0.0641
INFO:__main__:Completed epoch 68 of 100

INFO:__main__:NLL: 0.2817, L2: 0.0235, Reg: 0.0286
INFO:__main__:Total loss 0.3338
INFO:__main__:Predicted mean: -0.1380
INFO:__main__:Predicted uncertainity -0.0651
INFO:__main__:Completed epoch 69 of 100

INFO:__main__:NLL: 0.2818, L2: 0.0234, Reg: 0.0282
INFO:__main__:Total loss 0.3335
INFO:__main__:Predicted mean: -0.1381
INFO:__main__:Predicted uncertainity -0.0645
INFO:__main__:Completed epoch 70 of 100

INFO:__main__:NLL: 0.2819, L2: 0.0233, Reg: 0.0302
INFO:__main__:Total loss 0.3355
INFO:__main__:Predicted mean: -0.1381
INFO:__main__:Predicted uncertainity -0.0642
INFO:__main__:Completed epoch 71 of 100

INFO:__main__:NLL: 0.2819, L2: 0.0233, Reg: 0.0299
INFO:__main__:Total loss 0.3351
INFO:__main__:Predicted mean: -0.1381
INFO:__main__:Predicted uncertainity -0.0642
INFO:__main__:Completed epoch 72 of 100

INFO:__main__:NLL: 0.2819, L2: 0.0234, Reg: 0.0288
INFO:__main__:Total loss 0.3341
INFO:__main__:Predicted mean: -0.1381
INFO:__main__:Predicted uncertainity -0.0644
INFO:__main__:Completed epoch 73 of 100

INFO:__main__:NLL: 0.2820, L2: 0.0233, Reg: 0.0289
INFO:__main__:Total loss 0.3342
INFO:__main__:Predicted mean: -0.1382
INFO:__main__:Predicted uncertainity -0.0638
INFO:__main__:Completed epoch 74 of 100

INFO:__main__:NLL: 0.2819, L2: 0.0234, Reg: 0.0297
INFO:__main__:Total loss 0.3350
INFO:__main__:Predicted mean: -0.1381
INFO:__main__:Predicted uncertainity -0.0641
INFO:__main__:Completed epoch 75 of 100

INFO:__main__:NLL: 0.2820, L2: 0.0234, Reg: 0.0300
INFO:__main__:Total loss 0.3353
INFO:__main__:Predicted mean: -0.1382
INFO:__main__:Predicted uncertainity -0.0636
INFO:__main__:Completed epoch 76 of 100

INFO:__main__:NLL: 0.2818, L2: 0.0234, Reg: 0.0302
INFO:__main__:Total loss 0.3354
INFO:__main__:Predicted mean: -0.1380
INFO:__main__:Predicted uncertainity -0.0646
INFO:__main__:Completed epoch 77 of 100

INFO:__main__:NLL: 0.2819, L2: 0.0234, Reg: 0.0298
INFO:__main__:Total loss 0.3352
INFO:__main__:Predicted mean: -0.1381
INFO:__main__:Predicted uncertainity -0.0640
INFO:__main__:Completed epoch 78 of 100

INFO:__main__:NLL: 0.2820, L2: 0.0233, Reg: 0.0307
INFO:__main__:Total loss 0.3360
INFO:__main__:Predicted mean: -0.1381
INFO:__main__:Predicted uncertainity -0.0638
INFO:__main__:Completed epoch 79 of 100

INFO:__main__:NLL: 0.2818, L2: 0.0234, Reg: 0.0299
INFO:__main__:Total loss 0.3351
INFO:__main__:Predicted mean: -0.1381
INFO:__main__:Predicted uncertainity -0.0645
INFO:__main__:Completed epoch 80 of 100

INFO:__main__:NLL: 0.2819, L2: 0.0234, Reg: 0.0282
INFO:__main__:Total loss 0.3335
INFO:__main__:Predicted mean: -0.1381
INFO:__main__:Predicted uncertainity -0.0643
INFO:__main__:Completed epoch 81 of 100

INFO:__main__:NLL: 0.2819, L2: 0.0234, Reg: 0.0307
INFO:__main__:Total loss 0.3360
INFO:__main__:Predicted mean: -0.1381
INFO:__main__:Predicted uncertainity -0.0642
INFO:__main__:Completed epoch 82 of 100

INFO:__main__:NLL: 0.2820, L2: 0.0234, Reg: 0.0295
INFO:__main__:Total loss 0.3348
INFO:__main__:Predicted mean: -0.1382
INFO:__main__:Predicted uncertainity -0.0637
INFO:__main__:Completed epoch 83 of 100

INFO:__main__:NLL: 0.2819, L2: 0.0233, Reg: 0.0300
INFO:__main__:Total loss 0.3353
INFO:__main__:Predicted mean: -0.1381
INFO:__main__:Predicted uncertainity -0.0640
INFO:__main__:Completed epoch 84 of 100

INFO:__main__:NLL: 0.2819, L2: 0.0234, Reg: 0.0301
INFO:__main__:Total loss 0.3354
INFO:__main__:Predicted mean: -0.1381
INFO:__main__:Predicted uncertainity -0.0643
INFO:__main__:Completed epoch 85 of 100

INFO:__main__:NLL: 0.2819, L2: 0.0234, Reg: 0.0308
INFO:__main__:Total loss 0.3360
INFO:__main__:Predicted mean: -0.1381
INFO:__main__:Predicted uncertainity -0.0642
INFO:__main__:Completed epoch 86 of 100

INFO:__main__:NLL: 0.2820, L2: 0.0233, Reg: 0.0287
INFO:__main__:Total loss 0.3340
INFO:__main__:Predicted mean: -0.1381
INFO:__main__:Predicted uncertainity -0.0639
INFO:__main__:Completed epoch 87 of 100

INFO:__main__:NLL: 0.2819, L2: 0.0234, Reg: 0.0303
INFO:__main__:Total loss 0.3356
INFO:__main__:Predicted mean: -0.1381
INFO:__main__:Predicted uncertainity -0.0642
INFO:__main__:Completed epoch 88 of 100

INFO:__main__:NLL: 0.2820, L2: 0.0233, Reg: 0.0299
INFO:__main__:Total loss 0.3352
INFO:__main__:Predicted mean: -0.1382
INFO:__main__:Predicted uncertainity -0.0635
INFO:__main__:Completed epoch 89 of 100

INFO:__main__:NLL: 0.2820, L2: 0.0234, Reg: 0.0297
INFO:__main__:Total loss 0.3350
INFO:__main__:Predicted mean: -0.1382
INFO:__main__:Predicted uncertainity -0.0637
INFO:__main__:Completed epoch 90 of 100

INFO:__main__:NLL: 0.2820, L2: 0.0233, Reg: 0.0294
INFO:__main__:Total loss 0.3347
INFO:__main__:Predicted mean: -0.1382
INFO:__main__:Predicted uncertainity -0.0635
INFO:__main__:Completed epoch 91 of 100

INFO:__main__:NLL: 0.2819, L2: 0.0234, Reg: 0.0310
INFO:__main__:Total loss 0.3363
INFO:__main__:Predicted mean: -0.1381
INFO:__main__:Predicted uncertainity -0.0640
INFO:__main__:Completed epoch 92 of 100

INFO:__main__:NLL: 0.2819, L2: 0.0233, Reg: 0.0299
INFO:__main__:Total loss 0.3352
INFO:__main__:Predicted mean: -0.1381
INFO:__main__:Predicted uncertainity -0.0640
INFO:__main__:Completed epoch 93 of 100

INFO:__main__:NLL: 0.2820, L2: 0.0233, Reg: 0.0301
INFO:__main__:Total loss 0.3353
INFO:__main__:Predicted mean: -0.1382
INFO:__main__:Predicted uncertainity -0.0637
INFO:__main__:Completed epoch 94 of 100

INFO:__main__:NLL: 0.2819, L2: 0.0234, Reg: 0.0304
INFO:__main__:Total loss 0.3357
INFO:__main__:Predicted mean: -0.1381
INFO:__main__:Predicted uncertainity -0.0644
INFO:__main__:Completed epoch 95 of 100

INFO:__main__:NLL: 0.2819, L2: 0.0233, Reg: 0.0287
INFO:__main__:Total loss 0.3340
INFO:__main__:Predicted mean: -0.1381
INFO:__main__:Predicted uncertainity -0.0639
INFO:__main__:Completed epoch 96 of 100

INFO:__main__:NLL: 0.2819, L2: 0.0234, Reg: 0.0303
INFO:__main__:Total loss 0.3356
INFO:__main__:Predicted mean: -0.1381
INFO:__main__:Predicted uncertainity -0.0643
INFO:__main__:Completed epoch 97 of 100

INFO:__main__:NLL: 0.2820, L2: 0.0233, Reg: 0.0284
INFO:__main__:Total loss 0.3337
INFO:__main__:Predicted mean: -0.1381
INFO:__main__:Predicted uncertainity -0.0639
INFO:__main__:Completed epoch 98 of 100

INFO:__main__:NLL: 0.2820, L2: 0.0233, Reg: 0.0299
INFO:__main__:Total loss 0.3353
INFO:__main__:Predicted mean: -0.1382
INFO:__main__:Predicted uncertainity -0.0636
INFO:__main__:Completed epoch 99 of 100

INFO:__main__:NLL: 0.2819, L2: 0.0234, Reg: 0.0295
INFO:__main__:Total loss 0.3348
INFO:__main__:Predicted mean: -0.1381
INFO:__main__:Predicted uncertainity -0.0644
INFO:__main__:Completed epoch 100 of 100

INFO:__main__:606.468554 s
