INFO:__main__:PROCESS RUNNING ON cpu
INFO:__main__:NLL: 0.2529, L2: 0.0069, Reg: 0.0057
INFO:__main__:Total loss 0.2655
INFO:__main__:Predicted mean: -0.3806
INFO:__main__:Predicted uncertainity -0.6995
INFO:__main__:Completed epoch 1 of 100

INFO:__main__:NLL: 0.0197, L2: 0.0073, Reg: 0.0057
INFO:__main__:Total loss 0.0327
INFO:__main__:Predicted mean: -0.3827
INFO:__main__:Predicted uncertainity -0.7437
INFO:__main__:Completed epoch 2 of 100

INFO:__main__:NLL: 0.0373, L2: 0.0075, Reg: 0.0057
INFO:__main__:Total loss 0.0505
INFO:__main__:Predicted mean: -0.4233
INFO:__main__:Predicted uncertainity -0.6835
INFO:__main__:Completed epoch 3 of 100

INFO:__main__:NLL: 0.0154, L2: 0.0078, Reg: 0.0057
INFO:__main__:Total loss 0.0289
INFO:__main__:Predicted mean: -0.3414
INFO:__main__:Predicted uncertainity -0.7471
INFO:__main__:Completed epoch 4 of 100

INFO:__main__:NLL: -0.0165, L2: 0.0082, Reg: 0.0057
INFO:__main__:Total loss -0.0026
INFO:__main__:Predicted mean: -0.3675
INFO:__main__:Predicted uncertainity -0.7831
INFO:__main__:Completed epoch 5 of 100

INFO:__main__:NLL: 0.1190, L2: 0.0080, Reg: 0.0057
INFO:__main__:Total loss 0.1326
INFO:__main__:Predicted mean: -0.4115
INFO:__main__:Predicted uncertainity -0.7342
INFO:__main__:Completed epoch 6 of 100

INFO:__main__:NLL: 0.0744, L2: 0.0083, Reg: 0.0057
INFO:__main__:Total loss 0.0883
INFO:__main__:Predicted mean: -0.3370
INFO:__main__:Predicted uncertainity -0.7304
INFO:__main__:Completed epoch 7 of 100

INFO:__main__:NLL: 0.2954, L2: 0.0081, Reg: 0.0057
INFO:__main__:Total loss 0.3091
INFO:__main__:Predicted mean: -0.3637
INFO:__main__:Predicted uncertainity -0.7964
INFO:__main__:Completed epoch 8 of 100

INFO:__main__:NLL: 0.0092, L2: 0.0080, Reg: 0.0057
INFO:__main__:Total loss 0.0229
INFO:__main__:Predicted mean: -0.3452
INFO:__main__:Predicted uncertainity -0.8399
INFO:__main__:Completed epoch 9 of 100

INFO:__main__:NLL: 0.3573, L2: 0.0086, Reg: 0.0057
INFO:__main__:Total loss 0.3716
INFO:__main__:Predicted mean: -0.3989
INFO:__main__:Predicted uncertainity -0.8195
INFO:__main__:Completed epoch 10 of 100

INFO:__main__:NLL: 0.0968, L2: 0.0088, Reg: 0.0057
INFO:__main__:Total loss 0.1113
INFO:__main__:Predicted mean: -0.4674
INFO:__main__:Predicted uncertainity -0.8105
INFO:__main__:Completed epoch 11 of 100

INFO:__main__:NLL: 0.1844, L2: 0.0080, Reg: 0.0057
INFO:__main__:Total loss 0.1981
INFO:__main__:Predicted mean: -0.3829
INFO:__main__:Predicted uncertainity -0.6567
INFO:__main__:Completed epoch 12 of 100

INFO:__main__:NLL: -0.0146, L2: 0.0082, Reg: 0.0057
INFO:__main__:Total loss -0.0008
INFO:__main__:Predicted mean: -0.3230
INFO:__main__:Predicted uncertainity -0.7915
INFO:__main__:Completed epoch 13 of 100

INFO:__main__:NLL: 0.3349, L2: 0.0081, Reg: 0.0057
INFO:__main__:Total loss 0.3487
INFO:__main__:Predicted mean: -0.3769
INFO:__main__:Predicted uncertainity -0.7195
INFO:__main__:Completed epoch 14 of 100

INFO:__main__:NLL: 0.2613, L2: 0.0085, Reg: 0.0057
INFO:__main__:Total loss 0.2754
INFO:__main__:Predicted mean: -0.4469
INFO:__main__:Predicted uncertainity -0.7702
INFO:__main__:Completed epoch 15 of 100

INFO:__main__:NLL: 0.2999, L2: 0.0086, Reg: 0.0057
INFO:__main__:Total loss 0.3142
INFO:__main__:Predicted mean: -0.3392
INFO:__main__:Predicted uncertainity -0.8511
INFO:__main__:Completed epoch 16 of 100

INFO:__main__:NLL: -0.0065, L2: 0.0086, Reg: 0.0057
INFO:__main__:Total loss 0.0078
INFO:__main__:Predicted mean: -0.3547
INFO:__main__:Predicted uncertainity -0.7495
INFO:__main__:Completed epoch 17 of 100

INFO:__main__:NLL: 0.1986, L2: 0.0087, Reg: 0.0057
INFO:__main__:Total loss 0.2130
INFO:__main__:Predicted mean: -0.4002
INFO:__main__:Predicted uncertainity -0.7385
INFO:__main__:Completed epoch 18 of 100

INFO:__main__:NLL: -0.1100, L2: 0.0089, Reg: 0.0057
INFO:__main__:Total loss -0.0954
INFO:__main__:Predicted mean: -0.3910
INFO:__main__:Predicted uncertainity -0.6687
INFO:__main__:Completed epoch 19 of 100

INFO:__main__:NLL: 0.1385, L2: 0.0088, Reg: 0.0057
INFO:__main__:Total loss 0.1530
INFO:__main__:Predicted mean: -0.4065
INFO:__main__:Predicted uncertainity -0.7174
INFO:__main__:Completed epoch 20 of 100

INFO:__main__:NLL: 0.0340, L2: 0.0097, Reg: 0.0057
INFO:__main__:Total loss 0.0494
INFO:__main__:Predicted mean: -0.3829
INFO:__main__:Predicted uncertainity -0.6265
INFO:__main__:Completed epoch 21 of 100

INFO:__main__:NLL: 0.0014, L2: 0.0087, Reg: 0.0057
INFO:__main__:Total loss 0.0158
INFO:__main__:Predicted mean: -0.3677
INFO:__main__:Predicted uncertainity -0.8331
INFO:__main__:Completed epoch 22 of 100

INFO:__main__:NLL: 0.0374, L2: 0.0089, Reg: 0.0057
INFO:__main__:Total loss 0.0520
INFO:__main__:Predicted mean: -0.3547
INFO:__main__:Predicted uncertainity -0.7720
INFO:__main__:Completed epoch 23 of 100

INFO:__main__:NLL: 0.2369, L2: 0.0090, Reg: 0.0057
INFO:__main__:Total loss 0.2516
INFO:__main__:Predicted mean: -0.3759
INFO:__main__:Predicted uncertainity -0.7100
INFO:__main__:Completed epoch 24 of 100

INFO:__main__:NLL: 0.1027, L2: 0.0084, Reg: 0.0057
INFO:__main__:Total loss 0.1167
INFO:__main__:Predicted mean: -0.3686
INFO:__main__:Predicted uncertainity -0.7626
INFO:__main__:Completed epoch 25 of 100

INFO:__main__:NLL: -0.0650, L2: 0.0093, Reg: 0.0057
INFO:__main__:Total loss -0.0500
INFO:__main__:Predicted mean: -0.3729
INFO:__main__:Predicted uncertainity -0.6463
INFO:__main__:Completed epoch 26 of 100

INFO:__main__:NLL: 0.1981, L2: 0.0091, Reg: 0.0057
INFO:__main__:Total loss 0.2129
INFO:__main__:Predicted mean: -0.3396
INFO:__main__:Predicted uncertainity -0.7402
INFO:__main__:Completed epoch 27 of 100

INFO:__main__:NLL: 0.1105, L2: 0.0090, Reg: 0.0057
INFO:__main__:Total loss 0.1252
INFO:__main__:Predicted mean: -0.3405
INFO:__main__:Predicted uncertainity -0.6793
INFO:__main__:Completed epoch 28 of 100

INFO:__main__:NLL: 0.1601, L2: 0.0089, Reg: 0.0057
INFO:__main__:Total loss 0.1747
INFO:__main__:Predicted mean: -0.3310
INFO:__main__:Predicted uncertainity -0.7866
INFO:__main__:Completed epoch 29 of 100

INFO:__main__:NLL: 0.2032, L2: 0.0091, Reg: 0.0057
INFO:__main__:Total loss 0.2179
INFO:__main__:Predicted mean: -0.2923
INFO:__main__:Predicted uncertainity -0.6991
INFO:__main__:Completed epoch 30 of 100

INFO:__main__:NLL: 0.1079, L2: 0.0088, Reg: 0.0057
INFO:__main__:Total loss 0.1224
INFO:__main__:Predicted mean: -0.4353
INFO:__main__:Predicted uncertainity -0.7452
INFO:__main__:Completed epoch 31 of 100

INFO:__main__:NLL: -0.0451, L2: 0.0089, Reg: 0.0057
INFO:__main__:Total loss -0.0305
INFO:__main__:Predicted mean: -0.3724
INFO:__main__:Predicted uncertainity -0.8193
INFO:__main__:Completed epoch 32 of 100

INFO:__main__:NLL: 0.1322, L2: 0.0091, Reg: 0.0057
INFO:__main__:Total loss 0.1470
INFO:__main__:Predicted mean: -0.3887
INFO:__main__:Predicted uncertainity -0.6926
INFO:__main__:Completed epoch 33 of 100

INFO:__main__:NLL: 0.0391, L2: 0.0094, Reg: 0.0057
INFO:__main__:Total loss 0.0542
INFO:__main__:Predicted mean: -0.3502
INFO:__main__:Predicted uncertainity -0.7423
INFO:__main__:Completed epoch 34 of 100

INFO:__main__:NLL: -0.0805, L2: 0.0091, Reg: 0.0057
INFO:__main__:Total loss -0.0658
INFO:__main__:Predicted mean: -0.3871
INFO:__main__:Predicted uncertainity -0.7175
INFO:__main__:Completed epoch 35 of 100

INFO:__main__:NLL: -0.0168, L2: 0.0090, Reg: 0.0057
INFO:__main__:Total loss -0.0021
INFO:__main__:Predicted mean: -0.2951
INFO:__main__:Predicted uncertainity -0.7761
INFO:__main__:Completed epoch 36 of 100

INFO:__main__:NLL: -0.0706, L2: 0.0091, Reg: 0.0057
INFO:__main__:Total loss -0.0558
INFO:__main__:Predicted mean: -0.3118
INFO:__main__:Predicted uncertainity -0.8559
INFO:__main__:Completed epoch 37 of 100

INFO:__main__:NLL: 0.3206, L2: 0.0092, Reg: 0.0057
INFO:__main__:Total loss 0.3355
INFO:__main__:Predicted mean: -0.3564
INFO:__main__:Predicted uncertainity -0.7867
INFO:__main__:Completed epoch 38 of 100

INFO:__main__:NLL: 0.1367, L2: 0.0090, Reg: 0.0057
INFO:__main__:Total loss 0.1514
INFO:__main__:Predicted mean: -0.4510
INFO:__main__:Predicted uncertainity -0.7383
INFO:__main__:Completed epoch 39 of 100

INFO:__main__:NLL: 0.0679, L2: 0.0091, Reg: 0.0057
INFO:__main__:Total loss 0.0826
INFO:__main__:Predicted mean: -0.4183
INFO:__main__:Predicted uncertainity -0.6645
INFO:__main__:Completed epoch 40 of 100

INFO:__main__:NLL: -0.0375, L2: 0.0088, Reg: 0.0057
INFO:__main__:Total loss -0.0230
INFO:__main__:Predicted mean: -0.3848
INFO:__main__:Predicted uncertainity -0.7085
INFO:__main__:Completed epoch 41 of 100

INFO:__main__:NLL: 0.1091, L2: 0.0086, Reg: 0.0057
INFO:__main__:Total loss 0.1234
INFO:__main__:Predicted mean: -0.3992
INFO:__main__:Predicted uncertainity -0.6908
INFO:__main__:Completed epoch 42 of 100

INFO:__main__:NLL: 0.1591, L2: 0.0085, Reg: 0.0057
INFO:__main__:Total loss 0.1732
INFO:__main__:Predicted mean: -0.4029
INFO:__main__:Predicted uncertainity -0.7846
INFO:__main__:Completed epoch 43 of 100

INFO:__main__:NLL: 0.2050, L2: 0.0088, Reg: 0.0057
INFO:__main__:Total loss 0.2195
INFO:__main__:Predicted mean: -0.4351
INFO:__main__:Predicted uncertainity -0.7645
INFO:__main__:Completed epoch 44 of 100

INFO:__main__:NLL: 0.1556, L2: 0.0088, Reg: 0.0057
INFO:__main__:Total loss 0.1701
INFO:__main__:Predicted mean: -0.3731
INFO:__main__:Predicted uncertainity -0.7474
INFO:__main__:Completed epoch 45 of 100

INFO:__main__:NLL: 0.1055, L2: 0.0090, Reg: 0.0057
INFO:__main__:Total loss 0.1202
INFO:__main__:Predicted mean: -0.3580
INFO:__main__:Predicted uncertainity -0.7272
INFO:__main__:Completed epoch 46 of 100

INFO:__main__:NLL: -0.0323, L2: 0.0083, Reg: 0.0057
INFO:__main__:Total loss -0.0183
INFO:__main__:Predicted mean: -0.3731
INFO:__main__:Predicted uncertainity -0.7492
INFO:__main__:Completed epoch 47 of 100

INFO:__main__:NLL: 0.0369, L2: 0.0084, Reg: 0.0057
INFO:__main__:Total loss 0.0510
INFO:__main__:Predicted mean: -0.3902
INFO:__main__:Predicted uncertainity -0.8221
INFO:__main__:Completed epoch 48 of 100

INFO:__main__:NLL: -0.0463, L2: 0.0080, Reg: 0.0057
INFO:__main__:Total loss -0.0327
INFO:__main__:Predicted mean: -0.3616
INFO:__main__:Predicted uncertainity -0.6181
INFO:__main__:Completed epoch 49 of 100

INFO:__main__:NLL: -0.0173, L2: 0.0085, Reg: 0.0057
INFO:__main__:Total loss -0.0031
INFO:__main__:Predicted mean: -0.3400
INFO:__main__:Predicted uncertainity -0.7129
INFO:__main__:Completed epoch 50 of 100

INFO:__main__:NLL: 0.4274, L2: 0.0079, Reg: 0.0057
INFO:__main__:Total loss 0.4409
INFO:__main__:Predicted mean: -0.3960
INFO:__main__:Predicted uncertainity -0.8780
INFO:__main__:Completed epoch 51 of 100

INFO:__main__:NLL: -0.1178, L2: 0.0085, Reg: 0.0057
INFO:__main__:Total loss -0.1036
INFO:__main__:Predicted mean: -0.3708
INFO:__main__:Predicted uncertainity -0.7881
INFO:__main__:Completed epoch 52 of 100

INFO:__main__:NLL: 0.0421, L2: 0.0084, Reg: 0.0057
INFO:__main__:Total loss 0.0562
INFO:__main__:Predicted mean: -0.3602
INFO:__main__:Predicted uncertainity -0.6398
INFO:__main__:Completed epoch 53 of 100

INFO:__main__:NLL: 0.2106, L2: 0.0080, Reg: 0.0057
INFO:__main__:Total loss 0.2243
INFO:__main__:Predicted mean: -0.3338
INFO:__main__:Predicted uncertainity -0.6663
INFO:__main__:Completed epoch 54 of 100

INFO:__main__:NLL: 0.3613, L2: 0.0085, Reg: 0.0057
INFO:__main__:Total loss 0.3754
INFO:__main__:Predicted mean: -0.3503
INFO:__main__:Predicted uncertainity -0.7918
INFO:__main__:Completed epoch 55 of 100

INFO:__main__:NLL: 0.2731, L2: 0.0086, Reg: 0.0057
INFO:__main__:Total loss 0.2874
INFO:__main__:Predicted mean: -0.3980
INFO:__main__:Predicted uncertainity -0.7758
INFO:__main__:Completed epoch 56 of 100

INFO:__main__:NLL: 0.0260, L2: 0.0083, Reg: 0.0057
INFO:__main__:Total loss 0.0400
INFO:__main__:Predicted mean: -0.3879
INFO:__main__:Predicted uncertainity -0.7262
INFO:__main__:Completed epoch 57 of 100

INFO:__main__:NLL: -0.0590, L2: 0.0085, Reg: 0.0057
INFO:__main__:Total loss -0.0448
INFO:__main__:Predicted mean: -0.4134
INFO:__main__:Predicted uncertainity -0.7400
INFO:__main__:Completed epoch 58 of 100

INFO:__main__:NLL: -0.0266, L2: 0.0088, Reg: 0.0057
INFO:__main__:Total loss -0.0121
INFO:__main__:Predicted mean: -0.3344
INFO:__main__:Predicted uncertainity -0.7085
INFO:__main__:Completed epoch 59 of 100

INFO:__main__:NLL: -0.0220, L2: 0.0088, Reg: 0.0057
INFO:__main__:Total loss -0.0075
INFO:__main__:Predicted mean: -0.3670
INFO:__main__:Predicted uncertainity -0.7539
INFO:__main__:Completed epoch 60 of 100

INFO:__main__:NLL: 0.0190, L2: 0.0090, Reg: 0.0057
INFO:__main__:Total loss 0.0337
INFO:__main__:Predicted mean: -0.3171
INFO:__main__:Predicted uncertainity -0.7819
INFO:__main__:Completed epoch 61 of 100

INFO:__main__:NLL: 0.2530, L2: 0.0086, Reg: 0.0057
INFO:__main__:Total loss 0.2673
INFO:__main__:Predicted mean: -0.3708
INFO:__main__:Predicted uncertainity -0.7128
INFO:__main__:Completed epoch 62 of 100

INFO:__main__:NLL: 0.0794, L2: 0.0086, Reg: 0.0057
INFO:__main__:Total loss 0.0937
INFO:__main__:Predicted mean: -0.4363
INFO:__main__:Predicted uncertainity -0.7556
INFO:__main__:Completed epoch 63 of 100

INFO:__main__:NLL: 0.0140, L2: 0.0088, Reg: 0.0057
INFO:__main__:Total loss 0.0284
INFO:__main__:Predicted mean: -0.3734
INFO:__main__:Predicted uncertainity -0.7307
INFO:__main__:Completed epoch 64 of 100

INFO:__main__:NLL: 0.0791, L2: 0.0083, Reg: 0.0057
INFO:__main__:Total loss 0.0931
INFO:__main__:Predicted mean: -0.3524
INFO:__main__:Predicted uncertainity -0.7937
INFO:__main__:Completed epoch 65 of 100

INFO:__main__:NLL: 0.2453, L2: 0.0087, Reg: 0.0057
INFO:__main__:Total loss 0.2597
INFO:__main__:Predicted mean: -0.4195
INFO:__main__:Predicted uncertainity -0.7153
INFO:__main__:Completed epoch 66 of 100

INFO:__main__:NLL: 0.0543, L2: 0.0082, Reg: 0.0057
INFO:__main__:Total loss 0.0682
INFO:__main__:Predicted mean: -0.3819
INFO:__main__:Predicted uncertainity -0.7169
INFO:__main__:Completed epoch 67 of 100

INFO:__main__:NLL: -0.0052, L2: 0.0085, Reg: 0.0057
INFO:__main__:Total loss 0.0089
INFO:__main__:Predicted mean: -0.3707
INFO:__main__:Predicted uncertainity -0.7363
INFO:__main__:Completed epoch 68 of 100

INFO:__main__:NLL: 0.0709, L2: 0.0080, Reg: 0.0057
INFO:__main__:Total loss 0.0846
INFO:__main__:Predicted mean: -0.3448
INFO:__main__:Predicted uncertainity -0.7555
INFO:__main__:Completed epoch 69 of 100

INFO:__main__:NLL: 0.3984, L2: 0.0092, Reg: 0.0057
INFO:__main__:Total loss 0.4133
INFO:__main__:Predicted mean: -0.4209
INFO:__main__:Predicted uncertainity -0.7136
INFO:__main__:Completed epoch 70 of 100

INFO:__main__:NLL: -0.0317, L2: 0.0091, Reg: 0.0057
INFO:__main__:Total loss -0.0169
INFO:__main__:Predicted mean: -0.3841
INFO:__main__:Predicted uncertainity -0.7474
INFO:__main__:Completed epoch 71 of 100

INFO:__main__:NLL: 0.2424, L2: 0.0081, Reg: 0.0057
INFO:__main__:Total loss 0.2561
INFO:__main__:Predicted mean: -0.4165
INFO:__main__:Predicted uncertainity -0.8479
INFO:__main__:Completed epoch 72 of 100

INFO:__main__:NLL: 0.4396, L2: 0.0089, Reg: 0.0057
INFO:__main__:Total loss 0.4542
INFO:__main__:Predicted mean: -0.3794
INFO:__main__:Predicted uncertainity -0.7796
INFO:__main__:Completed epoch 73 of 100

INFO:__main__:NLL: 0.1742, L2: 0.0084, Reg: 0.0057
INFO:__main__:Total loss 0.1883
INFO:__main__:Predicted mean: -0.3691
INFO:__main__:Predicted uncertainity -0.7778
INFO:__main__:Completed epoch 74 of 100

INFO:__main__:NLL: -0.0331, L2: 0.0088, Reg: 0.0057
INFO:__main__:Total loss -0.0186
INFO:__main__:Predicted mean: -0.4176
INFO:__main__:Predicted uncertainity -0.8409
INFO:__main__:Completed epoch 75 of 100

INFO:__main__:NLL: 0.1182, L2: 0.0084, Reg: 0.0057
INFO:__main__:Total loss 0.1323
INFO:__main__:Predicted mean: -0.3814
INFO:__main__:Predicted uncertainity -0.7041
INFO:__main__:Completed epoch 76 of 100

INFO:__main__:NLL: 0.1965, L2: 0.0086, Reg: 0.0057
INFO:__main__:Total loss 0.2108
INFO:__main__:Predicted mean: -0.4221
INFO:__main__:Predicted uncertainity -0.7379
INFO:__main__:Completed epoch 77 of 100

INFO:__main__:NLL: 0.1580, L2: 0.0089, Reg: 0.0057
INFO:__main__:Total loss 0.1727
INFO:__main__:Predicted mean: -0.3537
INFO:__main__:Predicted uncertainity -0.7434
INFO:__main__:Completed epoch 78 of 100

INFO:__main__:NLL: 0.3035, L2: 0.0092, Reg: 0.0057
INFO:__main__:Total loss 0.3184
INFO:__main__:Predicted mean: -0.3190
INFO:__main__:Predicted uncertainity -0.6675
INFO:__main__:Completed epoch 79 of 100

INFO:__main__:NLL: 0.1257, L2: 0.0090, Reg: 0.0057
INFO:__main__:Total loss 0.1404
INFO:__main__:Predicted mean: -0.3512
INFO:__main__:Predicted uncertainity -0.6756
INFO:__main__:Completed epoch 80 of 100

INFO:__main__:NLL: -0.0417, L2: 0.0086, Reg: 0.0057
INFO:__main__:Total loss -0.0274
INFO:__main__:Predicted mean: -0.4077
INFO:__main__:Predicted uncertainity -0.6680
INFO:__main__:Completed epoch 81 of 100

INFO:__main__:NLL: 0.0367, L2: 0.0085, Reg: 0.0057
INFO:__main__:Total loss 0.0509
INFO:__main__:Predicted mean: -0.3670
INFO:__main__:Predicted uncertainity -0.7910
INFO:__main__:Completed epoch 82 of 100

INFO:__main__:NLL: 0.0320, L2: 0.0086, Reg: 0.0057
INFO:__main__:Total loss 0.0463
INFO:__main__:Predicted mean: -0.4194
INFO:__main__:Predicted uncertainity -0.7370
INFO:__main__:Completed epoch 83 of 100

INFO:__main__:NLL: 0.2807, L2: 0.0086, Reg: 0.0057
INFO:__main__:Total loss 0.2950
INFO:__main__:Predicted mean: -0.3723
INFO:__main__:Predicted uncertainity -0.7481
INFO:__main__:Completed epoch 84 of 100

INFO:__main__:NLL: 0.1239, L2: 0.0084, Reg: 0.0057
INFO:__main__:Total loss 0.1380
INFO:__main__:Predicted mean: -0.3605
INFO:__main__:Predicted uncertainity -0.6273
INFO:__main__:Completed epoch 85 of 100

INFO:__main__:NLL: -0.1529, L2: 0.0089, Reg: 0.0057
INFO:__main__:Total loss -0.1383
INFO:__main__:Predicted mean: -0.3947
INFO:__main__:Predicted uncertainity -0.7872
INFO:__main__:Completed epoch 86 of 100

INFO:__main__:NLL: 0.0588, L2: 0.0083, Reg: 0.0057
INFO:__main__:Total loss 0.0727
INFO:__main__:Predicted mean: -0.4012
INFO:__main__:Predicted uncertainity -0.7023
INFO:__main__:Completed epoch 87 of 100

INFO:__main__:NLL: 0.0568, L2: 0.0083, Reg: 0.0057
INFO:__main__:Total loss 0.0708
INFO:__main__:Predicted mean: -0.3764
INFO:__main__:Predicted uncertainity -0.7032
INFO:__main__:Completed epoch 88 of 100

INFO:__main__:NLL: 0.0761, L2: 0.0081, Reg: 0.0057
INFO:__main__:Total loss 0.0899
INFO:__main__:Predicted mean: -0.3228
INFO:__main__:Predicted uncertainity -0.7287
INFO:__main__:Completed epoch 89 of 100

INFO:__main__:NLL: 0.1060, L2: 0.0086, Reg: 0.0057
INFO:__main__:Total loss 0.1203
INFO:__main__:Predicted mean: -0.3983
INFO:__main__:Predicted uncertainity -0.7688
INFO:__main__:Completed epoch 90 of 100

INFO:__main__:NLL: 0.1060, L2: 0.0084, Reg: 0.0057
INFO:__main__:Total loss 0.1201
INFO:__main__:Predicted mean: -0.4328
INFO:__main__:Predicted uncertainity -0.7303
INFO:__main__:Completed epoch 91 of 100

INFO:__main__:NLL: 0.1349, L2: 0.0085, Reg: 0.0057
INFO:__main__:Total loss 0.1491
INFO:__main__:Predicted mean: -0.3617
INFO:__main__:Predicted uncertainity -0.8673
INFO:__main__:Completed epoch 92 of 100

INFO:__main__:NLL: -0.0049, L2: 0.0087, Reg: 0.0057
INFO:__main__:Total loss 0.0094
INFO:__main__:Predicted mean: -0.3920
INFO:__main__:Predicted uncertainity -0.7450
INFO:__main__:Completed epoch 93 of 100

INFO:__main__:NLL: 0.0798, L2: 0.0089, Reg: 0.0057
INFO:__main__:Total loss 0.0944
INFO:__main__:Predicted mean: -0.3295
INFO:__main__:Predicted uncertainity -0.7607
INFO:__main__:Completed epoch 94 of 100

INFO:__main__:NLL: 0.1754, L2: 0.0084, Reg: 0.0057
INFO:__main__:Total loss 0.1896
INFO:__main__:Predicted mean: -0.3667
INFO:__main__:Predicted uncertainity -0.7145
INFO:__main__:Completed epoch 95 of 100

INFO:__main__:NLL: 0.2397, L2: 0.0084, Reg: 0.0057
INFO:__main__:Total loss 0.2538
INFO:__main__:Predicted mean: -0.3667
INFO:__main__:Predicted uncertainity -0.8750
INFO:__main__:Completed epoch 96 of 100

INFO:__main__:NLL: 0.0519, L2: 0.0084, Reg: 0.0057
INFO:__main__:Total loss 0.0660
INFO:__main__:Predicted mean: -0.2981
INFO:__main__:Predicted uncertainity -0.6953
INFO:__main__:Completed epoch 97 of 100

INFO:__main__:NLL: 0.0568, L2: 0.0083, Reg: 0.0057
INFO:__main__:Total loss 0.0707
INFO:__main__:Predicted mean: -0.3455
INFO:__main__:Predicted uncertainity -0.6861
INFO:__main__:Completed epoch 98 of 100

INFO:__main__:NLL: 0.1258, L2: 0.0084, Reg: 0.0057
INFO:__main__:Total loss 0.1399
INFO:__main__:Predicted mean: -0.4427
INFO:__main__:Predicted uncertainity -0.8171
INFO:__main__:Completed epoch 99 of 100

INFO:__main__:NLL: 0.1462, L2: 0.0084, Reg: 0.0057
INFO:__main__:Total loss 0.1603
INFO:__main__:Predicted mean: -0.3771
INFO:__main__:Predicted uncertainity -0.8370
INFO:__main__:Completed epoch 100 of 100

INFO:__main__:466.693900 s
