INFO:__main__:PROCESS RUNNING ON cpu
INFO:__main__:NLL: 0.0446, L2: 0.0068, Reg: 0.0027
INFO:__main__:Total loss 0.0541
INFO:__main__:Predicted mean: -0.4504
INFO:__main__:Predicted uncertainity -0.7670
INFO:__main__:Completed epoch 1 of 100

INFO:__main__:NLL: 0.1039, L2: 0.0075, Reg: 0.0027
INFO:__main__:Total loss 0.1141
INFO:__main__:Predicted mean: -0.3744
INFO:__main__:Predicted uncertainity -0.7837
INFO:__main__:Completed epoch 2 of 100

INFO:__main__:NLL: 0.1043, L2: 0.0078, Reg: 0.0027
INFO:__main__:Total loss 0.1148
INFO:__main__:Predicted mean: -0.3909
INFO:__main__:Predicted uncertainity -0.6862
INFO:__main__:Completed epoch 3 of 100

INFO:__main__:NLL: -0.1521, L2: 0.0080, Reg: 0.0027
INFO:__main__:Total loss -0.1414
INFO:__main__:Predicted mean: -0.4515
INFO:__main__:Predicted uncertainity -0.8593
INFO:__main__:Completed epoch 4 of 100

INFO:__main__:NLL: 0.2625, L2: 0.0079, Reg: 0.0027
INFO:__main__:Total loss 0.2731
INFO:__main__:Predicted mean: -0.3701
INFO:__main__:Predicted uncertainity -0.7768
INFO:__main__:Completed epoch 5 of 100

INFO:__main__:NLL: 0.0305, L2: 0.0081, Reg: 0.0027
INFO:__main__:Total loss 0.0413
INFO:__main__:Predicted mean: -0.3393
INFO:__main__:Predicted uncertainity -0.6183
INFO:__main__:Completed epoch 6 of 100

INFO:__main__:NLL: -0.0926, L2: 0.0082, Reg: 0.0027
INFO:__main__:Total loss -0.0817
INFO:__main__:Predicted mean: -0.3487
INFO:__main__:Predicted uncertainity -0.7861
INFO:__main__:Completed epoch 7 of 100

INFO:__main__:NLL: 0.2853, L2: 0.0085, Reg: 0.0027
INFO:__main__:Total loss 0.2966
INFO:__main__:Predicted mean: -0.4425
INFO:__main__:Predicted uncertainity -0.7843
INFO:__main__:Completed epoch 8 of 100

INFO:__main__:NLL: 0.0311, L2: 0.0082, Reg: 0.0027
INFO:__main__:Total loss 0.0421
INFO:__main__:Predicted mean: -0.4140
INFO:__main__:Predicted uncertainity -0.7798
INFO:__main__:Completed epoch 9 of 100

INFO:__main__:NLL: 0.2380, L2: 0.0079, Reg: 0.0027
INFO:__main__:Total loss 0.2486
INFO:__main__:Predicted mean: -0.3698
INFO:__main__:Predicted uncertainity -0.7727
INFO:__main__:Completed epoch 10 of 100

INFO:__main__:NLL: 0.0944, L2: 0.0090, Reg: 0.0027
INFO:__main__:Total loss 0.1062
INFO:__main__:Predicted mean: -0.3986
INFO:__main__:Predicted uncertainity -0.7896
INFO:__main__:Completed epoch 11 of 100

INFO:__main__:NLL: 0.1219, L2: 0.0083, Reg: 0.0027
INFO:__main__:Total loss 0.1329
INFO:__main__:Predicted mean: -0.4095
INFO:__main__:Predicted uncertainity -0.7483
INFO:__main__:Completed epoch 12 of 100

INFO:__main__:NLL: 0.0414, L2: 0.0086, Reg: 0.0027
INFO:__main__:Total loss 0.0527
INFO:__main__:Predicted mean: -0.3736
INFO:__main__:Predicted uncertainity -0.7069
INFO:__main__:Completed epoch 13 of 100

INFO:__main__:NLL: 0.0568, L2: 0.0090, Reg: 0.0027
INFO:__main__:Total loss 0.0685
INFO:__main__:Predicted mean: -0.3775
INFO:__main__:Predicted uncertainity -0.7689
INFO:__main__:Completed epoch 14 of 100

INFO:__main__:NLL: 0.0543, L2: 0.0088, Reg: 0.0027
INFO:__main__:Total loss 0.0658
INFO:__main__:Predicted mean: -0.3288
INFO:__main__:Predicted uncertainity -0.8208
INFO:__main__:Completed epoch 15 of 100

INFO:__main__:NLL: 0.1430, L2: 0.0081, Reg: 0.0027
INFO:__main__:Total loss 0.1538
INFO:__main__:Predicted mean: -0.3947
INFO:__main__:Predicted uncertainity -0.7119
INFO:__main__:Completed epoch 16 of 100

INFO:__main__:NLL: 0.0071, L2: 0.0091, Reg: 0.0027
INFO:__main__:Total loss 0.0190
INFO:__main__:Predicted mean: -0.3728
INFO:__main__:Predicted uncertainity -0.8244
INFO:__main__:Completed epoch 17 of 100

INFO:__main__:NLL: 0.0890, L2: 0.0093, Reg: 0.0027
INFO:__main__:Total loss 0.1010
INFO:__main__:Predicted mean: -0.3356
INFO:__main__:Predicted uncertainity -0.7037
INFO:__main__:Completed epoch 18 of 100

INFO:__main__:NLL: -0.0992, L2: 0.0089, Reg: 0.0027
INFO:__main__:Total loss -0.0876
INFO:__main__:Predicted mean: -0.3394
INFO:__main__:Predicted uncertainity -0.7724
INFO:__main__:Completed epoch 19 of 100

INFO:__main__:NLL: 0.0447, L2: 0.0088, Reg: 0.0027
INFO:__main__:Total loss 0.0563
INFO:__main__:Predicted mean: -0.3759
INFO:__main__:Predicted uncertainity -0.7643
INFO:__main__:Completed epoch 20 of 100

INFO:__main__:NLL: 0.1403, L2: 0.0089, Reg: 0.0027
INFO:__main__:Total loss 0.1520
INFO:__main__:Predicted mean: -0.3734
INFO:__main__:Predicted uncertainity -0.6559
INFO:__main__:Completed epoch 21 of 100

INFO:__main__:NLL: 0.0578, L2: 0.0093, Reg: 0.0027
INFO:__main__:Total loss 0.0699
INFO:__main__:Predicted mean: -0.3560
INFO:__main__:Predicted uncertainity -0.7921
INFO:__main__:Completed epoch 22 of 100

INFO:__main__:NLL: 0.4125, L2: 0.0086, Reg: 0.0027
INFO:__main__:Total loss 0.4238
INFO:__main__:Predicted mean: -0.3825
INFO:__main__:Predicted uncertainity -0.7943
INFO:__main__:Completed epoch 23 of 100

INFO:__main__:NLL: -0.0139, L2: 0.0087, Reg: 0.0027
INFO:__main__:Total loss -0.0025
INFO:__main__:Predicted mean: -0.3630
INFO:__main__:Predicted uncertainity -0.7166
INFO:__main__:Completed epoch 24 of 100

INFO:__main__:NLL: 0.0283, L2: 0.0090, Reg: 0.0027
INFO:__main__:Total loss 0.0400
INFO:__main__:Predicted mean: -0.3642
INFO:__main__:Predicted uncertainity -0.7440
INFO:__main__:Completed epoch 25 of 100

INFO:__main__:NLL: 0.1911, L2: 0.0088, Reg: 0.0027
INFO:__main__:Total loss 0.2026
INFO:__main__:Predicted mean: -0.3607
INFO:__main__:Predicted uncertainity -0.7198
INFO:__main__:Completed epoch 26 of 100

INFO:__main__:NLL: 0.0624, L2: 0.0081, Reg: 0.0027
INFO:__main__:Total loss 0.0733
INFO:__main__:Predicted mean: -0.3185
INFO:__main__:Predicted uncertainity -0.6818
INFO:__main__:Completed epoch 27 of 100

INFO:__main__:NLL: -0.0186, L2: 0.0084, Reg: 0.0027
INFO:__main__:Total loss -0.0075
INFO:__main__:Predicted mean: -0.3569
INFO:__main__:Predicted uncertainity -0.8211
INFO:__main__:Completed epoch 28 of 100

INFO:__main__:NLL: 0.1081, L2: 0.0082, Reg: 0.0027
INFO:__main__:Total loss 0.1190
INFO:__main__:Predicted mean: -0.3690
INFO:__main__:Predicted uncertainity -0.7772
INFO:__main__:Completed epoch 29 of 100

INFO:__main__:NLL: 0.0405, L2: 0.0087, Reg: 0.0027
INFO:__main__:Total loss 0.0519
INFO:__main__:Predicted mean: -0.3899
INFO:__main__:Predicted uncertainity -0.7667
INFO:__main__:Completed epoch 30 of 100

INFO:__main__:NLL: -0.0479, L2: 0.0086, Reg: 0.0027
INFO:__main__:Total loss -0.0365
INFO:__main__:Predicted mean: -0.3345
INFO:__main__:Predicted uncertainity -0.7679
INFO:__main__:Completed epoch 31 of 100

INFO:__main__:NLL: 0.0458, L2: 0.0081, Reg: 0.0027
INFO:__main__:Total loss 0.0566
INFO:__main__:Predicted mean: -0.3516
INFO:__main__:Predicted uncertainity -0.8103
INFO:__main__:Completed epoch 32 of 100

INFO:__main__:NLL: 0.1030, L2: 0.0087, Reg: 0.0027
INFO:__main__:Total loss 0.1144
INFO:__main__:Predicted mean: -0.4084
INFO:__main__:Predicted uncertainity -0.8353
INFO:__main__:Completed epoch 33 of 100

INFO:__main__:NLL: 0.1050, L2: 0.0086, Reg: 0.0027
INFO:__main__:Total loss 0.1163
INFO:__main__:Predicted mean: -0.3792
INFO:__main__:Predicted uncertainity -0.7807
INFO:__main__:Completed epoch 34 of 100

INFO:__main__:NLL: 0.1080, L2: 0.0091, Reg: 0.0027
INFO:__main__:Total loss 0.1198
INFO:__main__:Predicted mean: -0.3669
INFO:__main__:Predicted uncertainity -0.8048
INFO:__main__:Completed epoch 35 of 100

INFO:__main__:NLL: 0.0867, L2: 0.0090, Reg: 0.0027
INFO:__main__:Total loss 0.0984
INFO:__main__:Predicted mean: -0.3636
INFO:__main__:Predicted uncertainity -0.8335
INFO:__main__:Completed epoch 36 of 100

INFO:__main__:NLL: 0.3206, L2: 0.0093, Reg: 0.0027
INFO:__main__:Total loss 0.3327
INFO:__main__:Predicted mean: -0.4214
INFO:__main__:Predicted uncertainity -0.7337
INFO:__main__:Completed epoch 37 of 100

INFO:__main__:NLL: -0.0655, L2: 0.0086, Reg: 0.0027
INFO:__main__:Total loss -0.0542
INFO:__main__:Predicted mean: -0.3400
INFO:__main__:Predicted uncertainity -0.8458
INFO:__main__:Completed epoch 38 of 100

INFO:__main__:NLL: 0.0944, L2: 0.0090, Reg: 0.0027
INFO:__main__:Total loss 0.1061
INFO:__main__:Predicted mean: -0.4915
INFO:__main__:Predicted uncertainity -0.7323
INFO:__main__:Completed epoch 39 of 100

INFO:__main__:NLL: 0.0087, L2: 0.0096, Reg: 0.0027
INFO:__main__:Total loss 0.0210
INFO:__main__:Predicted mean: -0.3710
INFO:__main__:Predicted uncertainity -0.7125
INFO:__main__:Completed epoch 40 of 100

INFO:__main__:NLL: 0.0684, L2: 0.0092, Reg: 0.0027
INFO:__main__:Total loss 0.0803
INFO:__main__:Predicted mean: -0.3199
INFO:__main__:Predicted uncertainity -0.6503
INFO:__main__:Completed epoch 41 of 100

INFO:__main__:NLL: 0.3749, L2: 0.0090, Reg: 0.0027
INFO:__main__:Total loss 0.3867
INFO:__main__:Predicted mean: -0.4141
INFO:__main__:Predicted uncertainity -0.8288
INFO:__main__:Completed epoch 42 of 100

INFO:__main__:NLL: 0.0836, L2: 0.0088, Reg: 0.0027
INFO:__main__:Total loss 0.0951
INFO:__main__:Predicted mean: -0.3933
INFO:__main__:Predicted uncertainity -0.6406
INFO:__main__:Completed epoch 43 of 100

INFO:__main__:NLL: 0.0177, L2: 0.0089, Reg: 0.0027
INFO:__main__:Total loss 0.0294
INFO:__main__:Predicted mean: -0.3468
INFO:__main__:Predicted uncertainity -0.7972
INFO:__main__:Completed epoch 44 of 100

INFO:__main__:NLL: 0.1956, L2: 0.0087, Reg: 0.0027
INFO:__main__:Total loss 0.2071
INFO:__main__:Predicted mean: -0.3500
INFO:__main__:Predicted uncertainity -0.7996
INFO:__main__:Completed epoch 45 of 100

INFO:__main__:NLL: 0.0190, L2: 0.0088, Reg: 0.0027
INFO:__main__:Total loss 0.0305
INFO:__main__:Predicted mean: -0.3465
INFO:__main__:Predicted uncertainity -0.6891
INFO:__main__:Completed epoch 46 of 100

INFO:__main__:NLL: 0.0041, L2: 0.0088, Reg: 0.0027
INFO:__main__:Total loss 0.0157
INFO:__main__:Predicted mean: -0.4062
INFO:__main__:Predicted uncertainity -0.7604
INFO:__main__:Completed epoch 47 of 100

INFO:__main__:NLL: 0.2785, L2: 0.0097, Reg: 0.0027
INFO:__main__:Total loss 0.2909
INFO:__main__:Predicted mean: -0.4033
INFO:__main__:Predicted uncertainity -0.6689
INFO:__main__:Completed epoch 48 of 100

INFO:__main__:NLL: 0.1194, L2: 0.0088, Reg: 0.0027
INFO:__main__:Total loss 0.1310
INFO:__main__:Predicted mean: -0.3674
INFO:__main__:Predicted uncertainity -0.7835
INFO:__main__:Completed epoch 49 of 100

INFO:__main__:NLL: 0.0248, L2: 0.0085, Reg: 0.0027
INFO:__main__:Total loss 0.0360
INFO:__main__:Predicted mean: -0.4219
INFO:__main__:Predicted uncertainity -0.6899
INFO:__main__:Completed epoch 50 of 100

INFO:__main__:NLL: 0.1212, L2: 0.0092, Reg: 0.0027
INFO:__main__:Total loss 0.1331
INFO:__main__:Predicted mean: -0.4110
INFO:__main__:Predicted uncertainity -0.8525
INFO:__main__:Completed epoch 51 of 100

INFO:__main__:NLL: 0.0568, L2: 0.0087, Reg: 0.0027
INFO:__main__:Total loss 0.0683
INFO:__main__:Predicted mean: -0.3801
INFO:__main__:Predicted uncertainity -0.7750
INFO:__main__:Completed epoch 52 of 100

INFO:__main__:NLL: 0.2286, L2: 0.0089, Reg: 0.0027
INFO:__main__:Total loss 0.2402
INFO:__main__:Predicted mean: -0.4152
INFO:__main__:Predicted uncertainity -0.7576
INFO:__main__:Completed epoch 53 of 100

INFO:__main__:NLL: 0.0378, L2: 0.0088, Reg: 0.0027
INFO:__main__:Total loss 0.0494
INFO:__main__:Predicted mean: -0.3470
INFO:__main__:Predicted uncertainity -0.7561
INFO:__main__:Completed epoch 54 of 100

INFO:__main__:NLL: 0.1391, L2: 0.0085, Reg: 0.0027
INFO:__main__:Total loss 0.1503
INFO:__main__:Predicted mean: -0.4236
INFO:__main__:Predicted uncertainity -0.7453
INFO:__main__:Completed epoch 55 of 100

INFO:__main__:NLL: 0.1514, L2: 0.0086, Reg: 0.0027
INFO:__main__:Total loss 0.1627
INFO:__main__:Predicted mean: -0.3832
INFO:__main__:Predicted uncertainity -0.7524
INFO:__main__:Completed epoch 56 of 100

INFO:__main__:NLL: 0.0937, L2: 0.0090, Reg: 0.0027
INFO:__main__:Total loss 0.1055
INFO:__main__:Predicted mean: -0.3448
INFO:__main__:Predicted uncertainity -0.7651
INFO:__main__:Completed epoch 57 of 100

INFO:__main__:NLL: 0.2420, L2: 0.0088, Reg: 0.0027
INFO:__main__:Total loss 0.2536
INFO:__main__:Predicted mean: -0.3869
INFO:__main__:Predicted uncertainity -0.8106
INFO:__main__:Completed epoch 58 of 100

INFO:__main__:NLL: 0.1347, L2: 0.0094, Reg: 0.0027
INFO:__main__:Total loss 0.1469
INFO:__main__:Predicted mean: -0.3735
INFO:__main__:Predicted uncertainity -0.7592
INFO:__main__:Completed epoch 59 of 100

INFO:__main__:NLL: 0.0594, L2: 0.0094, Reg: 0.0027
INFO:__main__:Total loss 0.0715
INFO:__main__:Predicted mean: -0.3629
INFO:__main__:Predicted uncertainity -0.5840
INFO:__main__:Completed epoch 60 of 100

INFO:__main__:NLL: 0.0068, L2: 0.0090, Reg: 0.0027
INFO:__main__:Total loss 0.0186
INFO:__main__:Predicted mean: -0.3625
INFO:__main__:Predicted uncertainity -0.7101
INFO:__main__:Completed epoch 61 of 100

INFO:__main__:NLL: 0.1341, L2: 0.0091, Reg: 0.0027
INFO:__main__:Total loss 0.1459
INFO:__main__:Predicted mean: -0.3936
INFO:__main__:Predicted uncertainity -0.7955
INFO:__main__:Completed epoch 62 of 100

INFO:__main__:NLL: 0.0296, L2: 0.0092, Reg: 0.0027
INFO:__main__:Total loss 0.0416
INFO:__main__:Predicted mean: -0.3589
INFO:__main__:Predicted uncertainity -0.8104
INFO:__main__:Completed epoch 63 of 100

INFO:__main__:NLL: 0.1894, L2: 0.0096, Reg: 0.0027
INFO:__main__:Total loss 0.2018
INFO:__main__:Predicted mean: -0.3860
INFO:__main__:Predicted uncertainity -0.8066
INFO:__main__:Completed epoch 64 of 100

INFO:__main__:NLL: 0.0131, L2: 0.0091, Reg: 0.0027
INFO:__main__:Total loss 0.0249
INFO:__main__:Predicted mean: -0.4450
INFO:__main__:Predicted uncertainity -0.8076
INFO:__main__:Completed epoch 65 of 100

INFO:__main__:NLL: 0.1694, L2: 0.0087, Reg: 0.0027
INFO:__main__:Total loss 0.1808
INFO:__main__:Predicted mean: -0.3625
INFO:__main__:Predicted uncertainity -0.7230
INFO:__main__:Completed epoch 66 of 100

INFO:__main__:NLL: 0.1004, L2: 0.0098, Reg: 0.0027
INFO:__main__:Total loss 0.1129
INFO:__main__:Predicted mean: -0.4255
INFO:__main__:Predicted uncertainity -0.8091
INFO:__main__:Completed epoch 67 of 100

INFO:__main__:NLL: 0.0731, L2: 0.0096, Reg: 0.0027
INFO:__main__:Total loss 0.0855
INFO:__main__:Predicted mean: -0.3876
INFO:__main__:Predicted uncertainity -0.7107
INFO:__main__:Completed epoch 68 of 100

INFO:__main__:NLL: 0.1308, L2: 0.0093, Reg: 0.0027
INFO:__main__:Total loss 0.1429
INFO:__main__:Predicted mean: -0.3245
INFO:__main__:Predicted uncertainity -0.8735
INFO:__main__:Completed epoch 69 of 100

INFO:__main__:NLL: -0.0465, L2: 0.0090, Reg: 0.0027
INFO:__main__:Total loss -0.0347
INFO:__main__:Predicted mean: -0.3854
INFO:__main__:Predicted uncertainity -0.7669
INFO:__main__:Completed epoch 70 of 100

INFO:__main__:NLL: 0.0702, L2: 0.0089, Reg: 0.0027
INFO:__main__:Total loss 0.0819
INFO:__main__:Predicted mean: -0.3773
INFO:__main__:Predicted uncertainity -0.7403
INFO:__main__:Completed epoch 71 of 100

INFO:__main__:NLL: 0.0333, L2: 0.0088, Reg: 0.0027
INFO:__main__:Total loss 0.0448
INFO:__main__:Predicted mean: -0.3567
INFO:__main__:Predicted uncertainity -0.7890
INFO:__main__:Completed epoch 72 of 100

INFO:__main__:NLL: -0.0229, L2: 0.0090, Reg: 0.0027
INFO:__main__:Total loss -0.0112
INFO:__main__:Predicted mean: -0.3958
INFO:__main__:Predicted uncertainity -0.7357
INFO:__main__:Completed epoch 73 of 100

INFO:__main__:NLL: -0.0339, L2: 0.0095, Reg: 0.0027
INFO:__main__:Total loss -0.0217
INFO:__main__:Predicted mean: -0.3686
INFO:__main__:Predicted uncertainity -0.9143
INFO:__main__:Completed epoch 74 of 100

INFO:__main__:NLL: 0.0872, L2: 0.0087, Reg: 0.0027
INFO:__main__:Total loss 0.0986
INFO:__main__:Predicted mean: -0.3547
INFO:__main__:Predicted uncertainity -0.7113
INFO:__main__:Completed epoch 75 of 100

INFO:__main__:NLL: 0.0014, L2: 0.0093, Reg: 0.0027
INFO:__main__:Total loss 0.0134
INFO:__main__:Predicted mean: -0.3772
INFO:__main__:Predicted uncertainity -0.6990
INFO:__main__:Completed epoch 76 of 100

INFO:__main__:NLL: 0.1625, L2: 0.0089, Reg: 0.0027
INFO:__main__:Total loss 0.1742
INFO:__main__:Predicted mean: -0.2986
INFO:__main__:Predicted uncertainity -0.6277
INFO:__main__:Completed epoch 77 of 100

INFO:__main__:NLL: 0.0279, L2: 0.0088, Reg: 0.0027
INFO:__main__:Total loss 0.0394
INFO:__main__:Predicted mean: -0.4398
INFO:__main__:Predicted uncertainity -0.7600
INFO:__main__:Completed epoch 78 of 100

INFO:__main__:NLL: 0.0788, L2: 0.0086, Reg: 0.0027
INFO:__main__:Total loss 0.0902
INFO:__main__:Predicted mean: -0.3822
INFO:__main__:Predicted uncertainity -0.6947
INFO:__main__:Completed epoch 79 of 100

INFO:__main__:NLL: -0.0090, L2: 0.0094, Reg: 0.0027
INFO:__main__:Total loss 0.0031
INFO:__main__:Predicted mean: -0.3882
INFO:__main__:Predicted uncertainity -0.6887
INFO:__main__:Completed epoch 80 of 100

INFO:__main__:NLL: 0.0004, L2: 0.0097, Reg: 0.0027
INFO:__main__:Total loss 0.0128
INFO:__main__:Predicted mean: -0.3626
INFO:__main__:Predicted uncertainity -0.7423
INFO:__main__:Completed epoch 81 of 100

INFO:__main__:NLL: 0.1283, L2: 0.0097, Reg: 0.0027
INFO:__main__:Total loss 0.1407
INFO:__main__:Predicted mean: -0.3394
INFO:__main__:Predicted uncertainity -0.7811
INFO:__main__:Completed epoch 82 of 100

INFO:__main__:NLL: 0.3117, L2: 0.0088, Reg: 0.0027
INFO:__main__:Total loss 0.3232
INFO:__main__:Predicted mean: -0.4088
INFO:__main__:Predicted uncertainity -0.7089
INFO:__main__:Completed epoch 83 of 100

INFO:__main__:NLL: 0.0096, L2: 0.0085, Reg: 0.0027
INFO:__main__:Total loss 0.0209
INFO:__main__:Predicted mean: -0.3881
INFO:__main__:Predicted uncertainity -0.6943
INFO:__main__:Completed epoch 84 of 100

INFO:__main__:NLL: 0.1177, L2: 0.0084, Reg: 0.0027
INFO:__main__:Total loss 0.1289
INFO:__main__:Predicted mean: -0.2994
INFO:__main__:Predicted uncertainity -0.7594
INFO:__main__:Completed epoch 85 of 100

INFO:__main__:NLL: -0.0943, L2: 0.0084, Reg: 0.0027
INFO:__main__:Total loss -0.0832
INFO:__main__:Predicted mean: -0.3490
INFO:__main__:Predicted uncertainity -0.7746
INFO:__main__:Completed epoch 86 of 100

INFO:__main__:NLL: 0.0689, L2: 0.0085, Reg: 0.0027
INFO:__main__:Total loss 0.0801
INFO:__main__:Predicted mean: -0.4318
INFO:__main__:Predicted uncertainity -0.7893
INFO:__main__:Completed epoch 87 of 100

INFO:__main__:NLL: 0.1243, L2: 0.0089, Reg: 0.0027
INFO:__main__:Total loss 0.1360
INFO:__main__:Predicted mean: -0.3154
INFO:__main__:Predicted uncertainity -0.7663
INFO:__main__:Completed epoch 88 of 100

INFO:__main__:NLL: 0.3389, L2: 0.0092, Reg: 0.0027
INFO:__main__:Total loss 0.3507
INFO:__main__:Predicted mean: -0.3203
INFO:__main__:Predicted uncertainity -0.7680
INFO:__main__:Completed epoch 89 of 100

INFO:__main__:NLL: 0.1403, L2: 0.0091, Reg: 0.0027
INFO:__main__:Total loss 0.1522
INFO:__main__:Predicted mean: -0.3361
INFO:__main__:Predicted uncertainity -0.6606
INFO:__main__:Completed epoch 90 of 100

INFO:__main__:NLL: 0.0774, L2: 0.0086, Reg: 0.0027
INFO:__main__:Total loss 0.0887
INFO:__main__:Predicted mean: -0.3454
INFO:__main__:Predicted uncertainity -0.6555
INFO:__main__:Completed epoch 91 of 100

INFO:__main__:NLL: -0.0204, L2: 0.0085, Reg: 0.0027
INFO:__main__:Total loss -0.0092
INFO:__main__:Predicted mean: -0.3879
INFO:__main__:Predicted uncertainity -0.7277
INFO:__main__:Completed epoch 92 of 100

INFO:__main__:NLL: 0.1596, L2: 0.0087, Reg: 0.0027
INFO:__main__:Total loss 0.1711
INFO:__main__:Predicted mean: -0.3416
INFO:__main__:Predicted uncertainity -0.7656
INFO:__main__:Completed epoch 93 of 100

INFO:__main__:NLL: 0.3592, L2: 0.0090, Reg: 0.0027
INFO:__main__:Total loss 0.3710
INFO:__main__:Predicted mean: -0.3982
INFO:__main__:Predicted uncertainity -0.8184
INFO:__main__:Completed epoch 94 of 100

INFO:__main__:NLL: 0.1617, L2: 0.0085, Reg: 0.0027
INFO:__main__:Total loss 0.1729
INFO:__main__:Predicted mean: -0.3711
INFO:__main__:Predicted uncertainity -0.7326
INFO:__main__:Completed epoch 95 of 100

INFO:__main__:NLL: 0.1617, L2: 0.0087, Reg: 0.0027
INFO:__main__:Total loss 0.1731
INFO:__main__:Predicted mean: -0.3479
INFO:__main__:Predicted uncertainity -0.7704
INFO:__main__:Completed epoch 96 of 100

INFO:__main__:NLL: 0.0721, L2: 0.0091, Reg: 0.0027
INFO:__main__:Total loss 0.0840
INFO:__main__:Predicted mean: -0.3419
INFO:__main__:Predicted uncertainity -0.7888
INFO:__main__:Completed epoch 97 of 100

INFO:__main__:NLL: 0.0162, L2: 0.0096, Reg: 0.0027
INFO:__main__:Total loss 0.0286
INFO:__main__:Predicted mean: -0.3138
INFO:__main__:Predicted uncertainity -0.8144
INFO:__main__:Completed epoch 98 of 100

INFO:__main__:NLL: -0.1627, L2: 0.0093, Reg: 0.0027
INFO:__main__:Total loss -0.1506
INFO:__main__:Predicted mean: -0.3629
INFO:__main__:Predicted uncertainity -0.8794
INFO:__main__:Completed epoch 99 of 100

INFO:__main__:NLL: 0.1677, L2: 0.0091, Reg: 0.0027
INFO:__main__:Total loss 0.1796
INFO:__main__:Predicted mean: -0.3888
INFO:__main__:Predicted uncertainity -0.7982
INFO:__main__:Completed epoch 100 of 100

INFO:__main__:726.903112 s
