INFO:__main__:PROCESS RUNNING ON cpu
INFO:__main__:NLL: 0.0341, L2: 0.0243, Reg: 0.0192
INFO:__main__:Total loss 0.0776
INFO:__main__:Predicted mean: -0.4271
INFO:__main__:Predicted uncertainity -0.6984
INFO:__main__:Completed epoch 1 of 100

INFO:__main__:NLL: 0.1262, L2: 0.0234, Reg: 0.0169
INFO:__main__:Total loss 0.1665
INFO:__main__:Predicted mean: -0.3905
INFO:__main__:Predicted uncertainity -0.6708
INFO:__main__:Completed epoch 2 of 100

INFO:__main__:NLL: 0.1735, L2: 0.0270, Reg: 0.0183
INFO:__main__:Total loss 0.2187
INFO:__main__:Predicted mean: -0.3709
INFO:__main__:Predicted uncertainity -0.6798
INFO:__main__:Completed epoch 3 of 100

INFO:__main__:NLL: -0.0499, L2: 0.0251, Reg: 0.0176
INFO:__main__:Total loss -0.0072
INFO:__main__:Predicted mean: -0.4152
INFO:__main__:Predicted uncertainity -0.7001
INFO:__main__:Completed epoch 4 of 100

INFO:__main__:NLL: 0.1217, L2: 0.0255, Reg: 0.0157
INFO:__main__:Total loss 0.1629
INFO:__main__:Predicted mean: -0.3237
INFO:__main__:Predicted uncertainity -0.7437
INFO:__main__:Completed epoch 5 of 100

INFO:__main__:NLL: -0.0021, L2: 0.0266, Reg: 0.0135
INFO:__main__:Total loss 0.0380
INFO:__main__:Predicted mean: -0.3522
INFO:__main__:Predicted uncertainity -0.5950
INFO:__main__:Completed epoch 6 of 100

INFO:__main__:NLL: -0.0423, L2: 0.0256, Reg: 0.0150
INFO:__main__:Total loss -0.0017
INFO:__main__:Predicted mean: -0.3776
INFO:__main__:Predicted uncertainity -0.7044
INFO:__main__:Completed epoch 7 of 100

INFO:__main__:NLL: 0.2007, L2: 0.0264, Reg: 0.0202
INFO:__main__:Total loss 0.2473
INFO:__main__:Predicted mean: -0.4306
INFO:__main__:Predicted uncertainity -0.7225
INFO:__main__:Completed epoch 8 of 100

INFO:__main__:NLL: 0.1054, L2: 0.0262, Reg: 0.0180
INFO:__main__:Total loss 0.1495
INFO:__main__:Predicted mean: -0.4360
INFO:__main__:Predicted uncertainity -0.7549
INFO:__main__:Completed epoch 9 of 100

INFO:__main__:NLL: 0.2946, L2: 0.0241, Reg: 0.0151
INFO:__main__:Total loss 0.3338
INFO:__main__:Predicted mean: -0.3774
INFO:__main__:Predicted uncertainity -0.6620
INFO:__main__:Completed epoch 10 of 100

INFO:__main__:NLL: 0.0740, L2: 0.0252, Reg: 0.0178
INFO:__main__:Total loss 0.1171
INFO:__main__:Predicted mean: -0.4023
INFO:__main__:Predicted uncertainity -0.7210
INFO:__main__:Completed epoch 11 of 100

INFO:__main__:NLL: 0.2079, L2: 0.0239, Reg: 0.0169
INFO:__main__:Total loss 0.2488
INFO:__main__:Predicted mean: -0.4514
INFO:__main__:Predicted uncertainity -0.6643
INFO:__main__:Completed epoch 12 of 100

INFO:__main__:NLL: 0.0536, L2: 0.0243, Reg: 0.0161
INFO:__main__:Total loss 0.0940
INFO:__main__:Predicted mean: -0.3903
INFO:__main__:Predicted uncertainity -0.6299
INFO:__main__:Completed epoch 13 of 100

INFO:__main__:NLL: 0.1118, L2: 0.0252, Reg: 0.0149
INFO:__main__:Total loss 0.1519
INFO:__main__:Predicted mean: -0.3741
INFO:__main__:Predicted uncertainity -0.6741
INFO:__main__:Completed epoch 14 of 100

INFO:__main__:NLL: 0.0399, L2: 0.0251, Reg: 0.0166
INFO:__main__:Total loss 0.0815
INFO:__main__:Predicted mean: -0.3672
INFO:__main__:Predicted uncertainity -0.6915
INFO:__main__:Completed epoch 15 of 100

INFO:__main__:NLL: 0.1435, L2: 0.0242, Reg: 0.0154
INFO:__main__:Total loss 0.1831
INFO:__main__:Predicted mean: -0.3998
INFO:__main__:Predicted uncertainity -0.7013
INFO:__main__:Completed epoch 16 of 100

INFO:__main__:NLL: 0.0920, L2: 0.0248, Reg: 0.0157
INFO:__main__:Total loss 0.1325
INFO:__main__:Predicted mean: -0.3991
INFO:__main__:Predicted uncertainity -0.6998
INFO:__main__:Completed epoch 17 of 100

INFO:__main__:NLL: 0.1402, L2: 0.0263, Reg: 0.0182
INFO:__main__:Total loss 0.1847
INFO:__main__:Predicted mean: -0.3594
INFO:__main__:Predicted uncertainity -0.7362
INFO:__main__:Completed epoch 18 of 100

INFO:__main__:NLL: 0.0482, L2: 0.0264, Reg: 0.0164
INFO:__main__:Total loss 0.0910
INFO:__main__:Predicted mean: -0.4404
INFO:__main__:Predicted uncertainity -0.6961
INFO:__main__:Completed epoch 19 of 100

INFO:__main__:NLL: 0.0496, L2: 0.0269, Reg: 0.0179
INFO:__main__:Total loss 0.0944
INFO:__main__:Predicted mean: -0.3934
INFO:__main__:Predicted uncertainity -0.6571
INFO:__main__:Completed epoch 20 of 100

INFO:__main__:NLL: 0.1279, L2: 0.0270, Reg: 0.0134
INFO:__main__:Total loss 0.1683
INFO:__main__:Predicted mean: -0.4021
INFO:__main__:Predicted uncertainity -0.5877
INFO:__main__:Completed epoch 21 of 100

INFO:__main__:NLL: 0.0051, L2: 0.0269, Reg: 0.0181
INFO:__main__:Total loss 0.0502
INFO:__main__:Predicted mean: -0.4084
INFO:__main__:Predicted uncertainity -0.6712
INFO:__main__:Completed epoch 22 of 100

INFO:__main__:NLL: 0.3073, L2: 0.0273, Reg: 0.0187
INFO:__main__:Total loss 0.3533
INFO:__main__:Predicted mean: -0.3759
INFO:__main__:Predicted uncertainity -0.6724
INFO:__main__:Completed epoch 23 of 100

INFO:__main__:NLL: 0.0499, L2: 0.0252, Reg: 0.0175
INFO:__main__:Total loss 0.0926
INFO:__main__:Predicted mean: -0.3705
INFO:__main__:Predicted uncertainity -0.6454
INFO:__main__:Completed epoch 24 of 100

INFO:__main__:NLL: 0.1570, L2: 0.0240, Reg: 0.0126
INFO:__main__:Total loss 0.1936
INFO:__main__:Predicted mean: -0.3511
INFO:__main__:Predicted uncertainity -0.6288
INFO:__main__:Completed epoch 25 of 100

INFO:__main__:NLL: 0.3391, L2: 0.0273, Reg: 0.0173
INFO:__main__:Total loss 0.3836
INFO:__main__:Predicted mean: -0.3471
INFO:__main__:Predicted uncertainity -0.5898
INFO:__main__:Completed epoch 26 of 100

INFO:__main__:NLL: 0.1056, L2: 0.0241, Reg: 0.0150
INFO:__main__:Total loss 0.1446
INFO:__main__:Predicted mean: -0.3231
INFO:__main__:Predicted uncertainity -0.6415
INFO:__main__:Completed epoch 27 of 100

INFO:__main__:NLL: 0.0145, L2: 0.0264, Reg: 0.0192
INFO:__main__:Total loss 0.0602
INFO:__main__:Predicted mean: -0.3405
INFO:__main__:Predicted uncertainity -0.7468
INFO:__main__:Completed epoch 28 of 100

INFO:__main__:NLL: 0.0877, L2: 0.0269, Reg: 0.0167
INFO:__main__:Total loss 0.1312
INFO:__main__:Predicted mean: -0.3102
INFO:__main__:Predicted uncertainity -0.6753
INFO:__main__:Completed epoch 29 of 100

INFO:__main__:NLL: 0.1481, L2: 0.0266, Reg: 0.0152
INFO:__main__:Total loss 0.1899
INFO:__main__:Predicted mean: -0.3554
INFO:__main__:Predicted uncertainity -0.6294
INFO:__main__:Completed epoch 30 of 100

INFO:__main__:NLL: -0.0684, L2: 0.0270, Reg: 0.0169
INFO:__main__:Total loss -0.0245
INFO:__main__:Predicted mean: -0.3618
INFO:__main__:Predicted uncertainity -0.6791
INFO:__main__:Completed epoch 31 of 100

INFO:__main__:NLL: 0.1047, L2: 0.0254, Reg: 0.0139
INFO:__main__:Total loss 0.1440
INFO:__main__:Predicted mean: -0.3947
INFO:__main__:Predicted uncertainity -0.6412
INFO:__main__:Completed epoch 32 of 100

INFO:__main__:NLL: 0.2375, L2: 0.0272, Reg: 0.0162
INFO:__main__:Total loss 0.2808
INFO:__main__:Predicted mean: -0.3861
INFO:__main__:Predicted uncertainity -0.6827
INFO:__main__:Completed epoch 33 of 100

INFO:__main__:NLL: 0.1350, L2: 0.0262, Reg: 0.0173
INFO:__main__:Total loss 0.1784
INFO:__main__:Predicted mean: -0.3771
INFO:__main__:Predicted uncertainity -0.6542
INFO:__main__:Completed epoch 34 of 100

INFO:__main__:NLL: 0.0958, L2: 0.0278, Reg: 0.0166
INFO:__main__:Total loss 0.1401
INFO:__main__:Predicted mean: -0.3715
INFO:__main__:Predicted uncertainity -0.6979
INFO:__main__:Completed epoch 35 of 100

INFO:__main__:NLL: 0.0946, L2: 0.0256, Reg: 0.0169
INFO:__main__:Total loss 0.1372
INFO:__main__:Predicted mean: -0.3407
INFO:__main__:Predicted uncertainity -0.7661
INFO:__main__:Completed epoch 36 of 100

INFO:__main__:NLL: 0.3563, L2: 0.0284, Reg: 0.0142
INFO:__main__:Total loss 0.3990
INFO:__main__:Predicted mean: -0.4480
INFO:__main__:Predicted uncertainity -0.6159
INFO:__main__:Completed epoch 37 of 100

INFO:__main__:NLL: -0.0148, L2: 0.0253, Reg: 0.0171
INFO:__main__:Total loss 0.0276
INFO:__main__:Predicted mean: -0.3593
INFO:__main__:Predicted uncertainity -0.6903
INFO:__main__:Completed epoch 38 of 100

INFO:__main__:NLL: 0.1238, L2: 0.0272, Reg: 0.0193
INFO:__main__:Total loss 0.1703
INFO:__main__:Predicted mean: -0.4269
INFO:__main__:Predicted uncertainity -0.7580
INFO:__main__:Completed epoch 39 of 100

INFO:__main__:NLL: 0.0829, L2: 0.0246, Reg: 0.0149
INFO:__main__:Total loss 0.1224
INFO:__main__:Predicted mean: -0.3771
INFO:__main__:Predicted uncertainity -0.5999
INFO:__main__:Completed epoch 40 of 100

INFO:__main__:NLL: 0.0376, L2: 0.0265, Reg: 0.0163
INFO:__main__:Total loss 0.0803
INFO:__main__:Predicted mean: -0.3339
INFO:__main__:Predicted uncertainity -0.6157
INFO:__main__:Completed epoch 41 of 100

INFO:__main__:NLL: 0.3974, L2: 0.0236, Reg: 0.0157
INFO:__main__:Total loss 0.4368
INFO:__main__:Predicted mean: -0.4113
INFO:__main__:Predicted uncertainity -0.6529
INFO:__main__:Completed epoch 42 of 100

INFO:__main__:NLL: 0.0831, L2: 0.0244, Reg: 0.0153
INFO:__main__:Total loss 0.1227
INFO:__main__:Predicted mean: -0.3890
INFO:__main__:Predicted uncertainity -0.5916
INFO:__main__:Completed epoch 43 of 100

INFO:__main__:NLL: 0.0481, L2: 0.0273, Reg: 0.0167
INFO:__main__:Total loss 0.0922
INFO:__main__:Predicted mean: -0.3474
INFO:__main__:Predicted uncertainity -0.6462
INFO:__main__:Completed epoch 44 of 100

INFO:__main__:NLL: 0.1570, L2: 0.0254, Reg: 0.0184
INFO:__main__:Total loss 0.2008
INFO:__main__:Predicted mean: -0.3438
INFO:__main__:Predicted uncertainity -0.6626
INFO:__main__:Completed epoch 45 of 100

INFO:__main__:NLL: 0.1936, L2: 0.0256, Reg: 0.0161
INFO:__main__:Total loss 0.2353
INFO:__main__:Predicted mean: -0.3399
INFO:__main__:Predicted uncertainity -0.6864
INFO:__main__:Completed epoch 46 of 100

INFO:__main__:NLL: 0.0858, L2: 0.0245, Reg: 0.0193
INFO:__main__:Total loss 0.1296
INFO:__main__:Predicted mean: -0.4213
INFO:__main__:Predicted uncertainity -0.7587
INFO:__main__:Completed epoch 47 of 100

INFO:__main__:NLL: 0.2622, L2: 0.0270, Reg: 0.0150
INFO:__main__:Total loss 0.3042
INFO:__main__:Predicted mean: -0.3509
INFO:__main__:Predicted uncertainity -0.5949
INFO:__main__:Completed epoch 48 of 100

INFO:__main__:NLL: 0.0167, L2: 0.0251, Reg: 0.0173
INFO:__main__:Total loss 0.0590
INFO:__main__:Predicted mean: -0.3509
INFO:__main__:Predicted uncertainity -0.7170
INFO:__main__:Completed epoch 49 of 100

INFO:__main__:NLL: 0.1126, L2: 0.0248, Reg: 0.0163
INFO:__main__:Total loss 0.1538
INFO:__main__:Predicted mean: -0.3991
INFO:__main__:Predicted uncertainity -0.6748
INFO:__main__:Completed epoch 50 of 100

INFO:__main__:NLL: 0.1272, L2: 0.0270, Reg: 0.0234
INFO:__main__:Total loss 0.1776
INFO:__main__:Predicted mean: -0.3891
INFO:__main__:Predicted uncertainity -0.8263
INFO:__main__:Completed epoch 51 of 100

INFO:__main__:NLL: 0.0395, L2: 0.0296, Reg: 0.0191
INFO:__main__:Total loss 0.0883
INFO:__main__:Predicted mean: -0.3753
INFO:__main__:Predicted uncertainity -0.6811
INFO:__main__:Completed epoch 52 of 100

INFO:__main__:NLL: 0.2501, L2: 0.0233, Reg: 0.0169
INFO:__main__:Total loss 0.2903
INFO:__main__:Predicted mean: -0.4183
INFO:__main__:Predicted uncertainity -0.6968
INFO:__main__:Completed epoch 53 of 100

INFO:__main__:NLL: 0.0604, L2: 0.0245, Reg: 0.0151
INFO:__main__:Total loss 0.1000
INFO:__main__:Predicted mean: -0.3265
INFO:__main__:Predicted uncertainity -0.6609
INFO:__main__:Completed epoch 54 of 100

INFO:__main__:NLL: 0.0643, L2: 0.0271, Reg: 0.0165
INFO:__main__:Total loss 0.1079
INFO:__main__:Predicted mean: -0.3593
INFO:__main__:Predicted uncertainity -0.7360
INFO:__main__:Completed epoch 55 of 100

INFO:__main__:NLL: 0.1069, L2: 0.0270, Reg: 0.0152
INFO:__main__:Total loss 0.1491
INFO:__main__:Predicted mean: -0.4044
INFO:__main__:Predicted uncertainity -0.6502
INFO:__main__:Completed epoch 56 of 100

INFO:__main__:NLL: 0.0860, L2: 0.0256, Reg: 0.0174
INFO:__main__:Total loss 0.1290
INFO:__main__:Predicted mean: -0.3415
INFO:__main__:Predicted uncertainity -0.7006
INFO:__main__:Completed epoch 57 of 100

INFO:__main__:NLL: 0.1836, L2: 0.0273, Reg: 0.0214
INFO:__main__:Total loss 0.2322
INFO:__main__:Predicted mean: -0.3872
INFO:__main__:Predicted uncertainity -0.6990
INFO:__main__:Completed epoch 58 of 100

INFO:__main__:NLL: 0.1915, L2: 0.0265, Reg: 0.0168
INFO:__main__:Total loss 0.2347
INFO:__main__:Predicted mean: -0.3904
INFO:__main__:Predicted uncertainity -0.6415
INFO:__main__:Completed epoch 59 of 100

INFO:__main__:NLL: 0.1408, L2: 0.0271, Reg: 0.0138
INFO:__main__:Total loss 0.1817
INFO:__main__:Predicted mean: -0.4295
INFO:__main__:Predicted uncertainity -0.5011
INFO:__main__:Completed epoch 60 of 100

INFO:__main__:NLL: 0.0422, L2: 0.0269, Reg: 0.0162
INFO:__main__:Total loss 0.0853
INFO:__main__:Predicted mean: -0.3443
INFO:__main__:Predicted uncertainity -0.6342
INFO:__main__:Completed epoch 61 of 100

INFO:__main__:NLL: 0.1133, L2: 0.0250, Reg: 0.0160
INFO:__main__:Total loss 0.1543
INFO:__main__:Predicted mean: -0.3590
INFO:__main__:Predicted uncertainity -0.7284
INFO:__main__:Completed epoch 62 of 100

INFO:__main__:NLL: 0.0739, L2: 0.0273, Reg: 0.0203
INFO:__main__:Total loss 0.1216
INFO:__main__:Predicted mean: -0.3742
INFO:__main__:Predicted uncertainity -0.7047
INFO:__main__:Completed epoch 63 of 100

INFO:__main__:NLL: 0.3153, L2: 0.0291, Reg: 0.0178
INFO:__main__:Total loss 0.3622
INFO:__main__:Predicted mean: -0.3853
INFO:__main__:Predicted uncertainity -0.6918
INFO:__main__:Completed epoch 64 of 100

INFO:__main__:NLL: -0.0704, L2: 0.0285, Reg: 0.0179
INFO:__main__:Total loss -0.0240
INFO:__main__:Predicted mean: -0.3846
INFO:__main__:Predicted uncertainity -0.7152
INFO:__main__:Completed epoch 65 of 100

INFO:__main__:NLL: 0.0858, L2: 0.0257, Reg: 0.0153
INFO:__main__:Total loss 0.1269
INFO:__main__:Predicted mean: -0.3689
INFO:__main__:Predicted uncertainity -0.6525
INFO:__main__:Completed epoch 66 of 100

INFO:__main__:NLL: 0.0350, L2: 0.0270, Reg: 0.0180
INFO:__main__:Total loss 0.0799
INFO:__main__:Predicted mean: -0.4509
INFO:__main__:Predicted uncertainity -0.7136
INFO:__main__:Completed epoch 67 of 100

INFO:__main__:NLL: 0.0825, L2: 0.0257, Reg: 0.0170
INFO:__main__:Total loss 0.1252
INFO:__main__:Predicted mean: -0.3895
INFO:__main__:Predicted uncertainity -0.6715
INFO:__main__:Completed epoch 68 of 100

INFO:__main__:NLL: 0.0077, L2: 0.0261, Reg: 0.0179
INFO:__main__:Total loss 0.0516
INFO:__main__:Predicted mean: -0.3628
INFO:__main__:Predicted uncertainity -0.7595
INFO:__main__:Completed epoch 69 of 100

INFO:__main__:NLL: -0.0217, L2: 0.0289, Reg: 0.0168
INFO:__main__:Total loss 0.0241
INFO:__main__:Predicted mean: -0.3515
INFO:__main__:Predicted uncertainity -0.7076
INFO:__main__:Completed epoch 70 of 100

INFO:__main__:NLL: 0.1298, L2: 0.0259, Reg: 0.0145
INFO:__main__:Total loss 0.1703
INFO:__main__:Predicted mean: -0.3329
INFO:__main__:Predicted uncertainity -0.6524
INFO:__main__:Completed epoch 71 of 100

INFO:__main__:NLL: 0.0500, L2: 0.0268, Reg: 0.0187
INFO:__main__:Total loss 0.0954
INFO:__main__:Predicted mean: -0.3502
INFO:__main__:Predicted uncertainity -0.7014
INFO:__main__:Completed epoch 72 of 100

INFO:__main__:NLL: -0.0055, L2: 0.0270, Reg: 0.0157
INFO:__main__:Total loss 0.0372
INFO:__main__:Predicted mean: -0.3565
INFO:__main__:Predicted uncertainity -0.6569
INFO:__main__:Completed epoch 73 of 100

INFO:__main__:NLL: -0.0092, L2: 0.0262, Reg: 0.0197
INFO:__main__:Total loss 0.0368
INFO:__main__:Predicted mean: -0.3778
INFO:__main__:Predicted uncertainity -0.8431
INFO:__main__:Completed epoch 74 of 100

INFO:__main__:NLL: 0.1321, L2: 0.0250, Reg: 0.0142
INFO:__main__:Total loss 0.1713
INFO:__main__:Predicted mean: -0.3621
INFO:__main__:Predicted uncertainity -0.6066
INFO:__main__:Completed epoch 75 of 100

INFO:__main__:NLL: 0.0591, L2: 0.0270, Reg: 0.0169
INFO:__main__:Total loss 0.1030
INFO:__main__:Predicted mean: -0.3810
INFO:__main__:Predicted uncertainity -0.6763
INFO:__main__:Completed epoch 76 of 100

INFO:__main__:NLL: 0.1041, L2: 0.0280, Reg: 0.0148
INFO:__main__:Total loss 0.1469
INFO:__main__:Predicted mean: -0.3595
INFO:__main__:Predicted uncertainity -0.5579
INFO:__main__:Completed epoch 77 of 100

INFO:__main__:NLL: 0.0217, L2: 0.0273, Reg: 0.0165
INFO:__main__:Total loss 0.0655
INFO:__main__:Predicted mean: -0.4151
INFO:__main__:Predicted uncertainity -0.6352
INFO:__main__:Completed epoch 78 of 100

INFO:__main__:NLL: 0.0587, L2: 0.0280, Reg: 0.0181
INFO:__main__:Total loss 0.1048
INFO:__main__:Predicted mean: -0.3674
INFO:__main__:Predicted uncertainity -0.6911
INFO:__main__:Completed epoch 79 of 100

INFO:__main__:NLL: 0.0574, L2: 0.0279, Reg: 0.0175
INFO:__main__:Total loss 0.1028
INFO:__main__:Predicted mean: -0.3929
INFO:__main__:Predicted uncertainity -0.6562
INFO:__main__:Completed epoch 80 of 100

INFO:__main__:NLL: 0.0169, L2: 0.0272, Reg: 0.0150
INFO:__main__:Total loss 0.0591
INFO:__main__:Predicted mean: -0.3681
INFO:__main__:Predicted uncertainity -0.6412
INFO:__main__:Completed epoch 81 of 100

INFO:__main__:NLL: 0.0989, L2: 0.0260, Reg: 0.0136
INFO:__main__:Total loss 0.1385
INFO:__main__:Predicted mean: -0.3458
INFO:__main__:Predicted uncertainity -0.6006
INFO:__main__:Completed epoch 82 of 100

INFO:__main__:NLL: 0.2730, L2: 0.0252, Reg: 0.0160
INFO:__main__:Total loss 0.3142
INFO:__main__:Predicted mean: -0.4208
INFO:__main__:Predicted uncertainity -0.7147
INFO:__main__:Completed epoch 83 of 100

INFO:__main__:NLL: -0.0017, L2: 0.0290, Reg: 0.0141
INFO:__main__:Total loss 0.0414
INFO:__main__:Predicted mean: -0.3957
INFO:__main__:Predicted uncertainity -0.5442
INFO:__main__:Completed epoch 84 of 100

INFO:__main__:NLL: 0.1106, L2: 0.0265, Reg: 0.0163
INFO:__main__:Total loss 0.1535
INFO:__main__:Predicted mean: -0.3507
INFO:__main__:Predicted uncertainity -0.6975
INFO:__main__:Completed epoch 85 of 100

INFO:__main__:NLL: 0.0674, L2: 0.0259, Reg: 0.0191
INFO:__main__:Total loss 0.1124
INFO:__main__:Predicted mean: -0.3485
INFO:__main__:Predicted uncertainity -0.7112
INFO:__main__:Completed epoch 86 of 100

INFO:__main__:NLL: 0.1016, L2: 0.0256, Reg: 0.0180
INFO:__main__:Total loss 0.1452
INFO:__main__:Predicted mean: -0.3948
INFO:__main__:Predicted uncertainity -0.6770
INFO:__main__:Completed epoch 87 of 100

INFO:__main__:NLL: 0.1812, L2: 0.0265, Reg: 0.0161
INFO:__main__:Total loss 0.2238
INFO:__main__:Predicted mean: -0.3365
INFO:__main__:Predicted uncertainity -0.6836
INFO:__main__:Completed epoch 88 of 100

INFO:__main__:NLL: 0.3569, L2: 0.0259, Reg: 0.0137
INFO:__main__:Total loss 0.3965
INFO:__main__:Predicted mean: -0.3816
INFO:__main__:Predicted uncertainity -0.6720
INFO:__main__:Completed epoch 89 of 100

INFO:__main__:NLL: 0.1291, L2: 0.0259, Reg: 0.0179
INFO:__main__:Total loss 0.1729
INFO:__main__:Predicted mean: -0.3405
INFO:__main__:Predicted uncertainity -0.6587
INFO:__main__:Completed epoch 90 of 100

INFO:__main__:NLL: 0.1181, L2: 0.0298, Reg: 0.0169
INFO:__main__:Total loss 0.1648
INFO:__main__:Predicted mean: -0.3189
INFO:__main__:Predicted uncertainity -0.6200
INFO:__main__:Completed epoch 91 of 100

INFO:__main__:NLL: 0.0057, L2: 0.0275, Reg: 0.0185
INFO:__main__:Total loss 0.0516
INFO:__main__:Predicted mean: -0.3644
INFO:__main__:Predicted uncertainity -0.6526
INFO:__main__:Completed epoch 92 of 100

INFO:__main__:NLL: 0.2532, L2: 0.0272, Reg: 0.0189
INFO:__main__:Total loss 0.2993
INFO:__main__:Predicted mean: -0.3445
INFO:__main__:Predicted uncertainity -0.7316
INFO:__main__:Completed epoch 93 of 100

INFO:__main__:NLL: 0.2068, L2: 0.0270, Reg: 0.0206
INFO:__main__:Total loss 0.2544
INFO:__main__:Predicted mean: -0.3719
INFO:__main__:Predicted uncertainity -0.7041
INFO:__main__:Completed epoch 94 of 100

INFO:__main__:NLL: 0.1405, L2: 0.0259, Reg: 0.0175
INFO:__main__:Total loss 0.1840
INFO:__main__:Predicted mean: -0.3930
INFO:__main__:Predicted uncertainity -0.7027
INFO:__main__:Completed epoch 95 of 100

INFO:__main__:NLL: 0.1595, L2: 0.0287, Reg: 0.0183
INFO:__main__:Total loss 0.2064
INFO:__main__:Predicted mean: -0.3627
INFO:__main__:Predicted uncertainity -0.7120
INFO:__main__:Completed epoch 96 of 100

INFO:__main__:NLL: 0.1297, L2: 0.0270, Reg: 0.0171
INFO:__main__:Total loss 0.1739
INFO:__main__:Predicted mean: -0.3773
INFO:__main__:Predicted uncertainity -0.6590
INFO:__main__:Completed epoch 97 of 100

INFO:__main__:NLL: -0.0182, L2: 0.0279, Reg: 0.0156
INFO:__main__:Total loss 0.0253
INFO:__main__:Predicted mean: -0.3398
INFO:__main__:Predicted uncertainity -0.7047
INFO:__main__:Completed epoch 98 of 100

INFO:__main__:NLL: -0.0225, L2: 0.0295, Reg: 0.0205
INFO:__main__:Total loss 0.0275
INFO:__main__:Predicted mean: -0.3543
INFO:__main__:Predicted uncertainity -0.7506
INFO:__main__:Completed epoch 99 of 100

INFO:__main__:NLL: 0.0849, L2: 0.0263, Reg: 0.0170
INFO:__main__:Total loss 0.1282
INFO:__main__:Predicted mean: -0.4053
INFO:__main__:Predicted uncertainity -0.7202
INFO:__main__:Completed epoch 100 of 100

INFO:__main__:682.274051 s
