INFO:__main__:PROCESS RUNNING ON cpu
INFO:__main__:NLL: 0.1990, L2: 0.0269, Reg: 0.0057
INFO:__main__:Total loss 0.2316
INFO:__main__:Predicted mean: -0.3866
INFO:__main__:Predicted uncertainity -0.7383
INFO:__main__:Completed epoch 1 of 100

INFO:__main__:NLL: 0.0642, L2: 0.0282, Reg: 0.0057
INFO:__main__:Total loss 0.0981
INFO:__main__:Predicted mean: -0.4010
INFO:__main__:Predicted uncertainity -0.8188
INFO:__main__:Completed epoch 2 of 100

INFO:__main__:NLL: 0.0575, L2: 0.0275, Reg: 0.0057
INFO:__main__:Total loss 0.0906
INFO:__main__:Predicted mean: -0.4125
INFO:__main__:Predicted uncertainity -0.7694
INFO:__main__:Completed epoch 3 of 100

INFO:__main__:NLL: -0.0278, L2: 0.0295, Reg: 0.0057
INFO:__main__:Total loss 0.0073
INFO:__main__:Predicted mean: -0.3539
INFO:__main__:Predicted uncertainity -0.7403
INFO:__main__:Completed epoch 4 of 100

INFO:__main__:NLL: 0.1072, L2: 0.0292, Reg: 0.0057
INFO:__main__:Total loss 0.1421
INFO:__main__:Predicted mean: -0.3918
INFO:__main__:Predicted uncertainity -0.7883
INFO:__main__:Completed epoch 5 of 100

INFO:__main__:NLL: 0.2205, L2: 0.0267, Reg: 0.0057
INFO:__main__:Total loss 0.2529
INFO:__main__:Predicted mean: -0.3986
INFO:__main__:Predicted uncertainity -0.7783
INFO:__main__:Completed epoch 6 of 100

INFO:__main__:NLL: 0.1103, L2: 0.0291, Reg: 0.0057
INFO:__main__:Total loss 0.1451
INFO:__main__:Predicted mean: -0.3973
INFO:__main__:Predicted uncertainity -0.6789
INFO:__main__:Completed epoch 7 of 100

INFO:__main__:NLL: 0.2751, L2: 0.0275, Reg: 0.0057
INFO:__main__:Total loss 0.3082
INFO:__main__:Predicted mean: -0.3684
INFO:__main__:Predicted uncertainity -0.8161
INFO:__main__:Completed epoch 8 of 100

INFO:__main__:NLL: 0.0484, L2: 0.0279, Reg: 0.0057
INFO:__main__:Total loss 0.0819
INFO:__main__:Predicted mean: -0.3709
INFO:__main__:Predicted uncertainity -0.8060
INFO:__main__:Completed epoch 9 of 100

INFO:__main__:NLL: 0.2302, L2: 0.0288, Reg: 0.0057
INFO:__main__:Total loss 0.2647
INFO:__main__:Predicted mean: -0.3870
INFO:__main__:Predicted uncertainity -0.7701
INFO:__main__:Completed epoch 10 of 100

INFO:__main__:NLL: 0.0234, L2: 0.0291, Reg: 0.0057
INFO:__main__:Total loss 0.0582
INFO:__main__:Predicted mean: -0.3944
INFO:__main__:Predicted uncertainity -0.8511
INFO:__main__:Completed epoch 11 of 100

INFO:__main__:NLL: 0.2096, L2: 0.0271, Reg: 0.0057
INFO:__main__:Total loss 0.2423
INFO:__main__:Predicted mean: -0.3705
INFO:__main__:Predicted uncertainity -0.7351
INFO:__main__:Completed epoch 12 of 100

INFO:__main__:NLL: -0.0283, L2: 0.0300, Reg: 0.0057
INFO:__main__:Total loss 0.0073
INFO:__main__:Predicted mean: -0.3507
INFO:__main__:Predicted uncertainity -0.7494
INFO:__main__:Completed epoch 13 of 100

INFO:__main__:NLL: 0.2271, L2: 0.0288, Reg: 0.0057
INFO:__main__:Total loss 0.2615
INFO:__main__:Predicted mean: -0.3514
INFO:__main__:Predicted uncertainity -0.7761
INFO:__main__:Completed epoch 14 of 100

INFO:__main__:NLL: 0.2346, L2: 0.0284, Reg: 0.0057
INFO:__main__:Total loss 0.2686
INFO:__main__:Predicted mean: -0.3724
INFO:__main__:Predicted uncertainity -0.8129
INFO:__main__:Completed epoch 15 of 100

INFO:__main__:NLL: 0.1996, L2: 0.0275, Reg: 0.0057
INFO:__main__:Total loss 0.2328
INFO:__main__:Predicted mean: -0.3489
INFO:__main__:Predicted uncertainity -0.7798
INFO:__main__:Completed epoch 16 of 100

INFO:__main__:NLL: 0.0241, L2: 0.0285, Reg: 0.0057
INFO:__main__:Total loss 0.0582
INFO:__main__:Predicted mean: -0.3757
INFO:__main__:Predicted uncertainity -0.7849
INFO:__main__:Completed epoch 17 of 100

INFO:__main__:NLL: 0.1405, L2: 0.0281, Reg: 0.0057
INFO:__main__:Total loss 0.1742
INFO:__main__:Predicted mean: -0.4104
INFO:__main__:Predicted uncertainity -0.7037
INFO:__main__:Completed epoch 18 of 100

INFO:__main__:NLL: -0.0763, L2: 0.0279, Reg: 0.0057
INFO:__main__:Total loss -0.0428
INFO:__main__:Predicted mean: -0.3697
INFO:__main__:Predicted uncertainity -0.7298
INFO:__main__:Completed epoch 19 of 100

INFO:__main__:NLL: 0.0937, L2: 0.0276, Reg: 0.0057
INFO:__main__:Total loss 0.1270
INFO:__main__:Predicted mean: -0.4149
INFO:__main__:Predicted uncertainity -0.7107
INFO:__main__:Completed epoch 20 of 100

INFO:__main__:NLL: -0.0156, L2: 0.0288, Reg: 0.0057
INFO:__main__:Total loss 0.0189
INFO:__main__:Predicted mean: -0.3498
INFO:__main__:Predicted uncertainity -0.7191
INFO:__main__:Completed epoch 21 of 100

INFO:__main__:NLL: 0.0591, L2: 0.0280, Reg: 0.0057
INFO:__main__:Total loss 0.0927
INFO:__main__:Predicted mean: -0.3741
INFO:__main__:Predicted uncertainity -0.8137
INFO:__main__:Completed epoch 22 of 100

INFO:__main__:NLL: 0.1198, L2: 0.0275, Reg: 0.0057
INFO:__main__:Total loss 0.1530
INFO:__main__:Predicted mean: -0.3989
INFO:__main__:Predicted uncertainity -0.7363
INFO:__main__:Completed epoch 23 of 100

INFO:__main__:NLL: 0.2016, L2: 0.0286, Reg: 0.0057
INFO:__main__:Total loss 0.2358
INFO:__main__:Predicted mean: -0.3336
INFO:__main__:Predicted uncertainity -0.6724
INFO:__main__:Completed epoch 24 of 100

INFO:__main__:NLL: 0.1965, L2: 0.0278, Reg: 0.0057
INFO:__main__:Total loss 0.2300
INFO:__main__:Predicted mean: -0.3789
INFO:__main__:Predicted uncertainity -0.7536
INFO:__main__:Completed epoch 25 of 100

INFO:__main__:NLL: -0.0053, L2: 0.0309, Reg: 0.0057
INFO:__main__:Total loss 0.0313
INFO:__main__:Predicted mean: -0.3844
INFO:__main__:Predicted uncertainity -0.5883
INFO:__main__:Completed epoch 26 of 100

INFO:__main__:NLL: 0.2449, L2: 0.0289, Reg: 0.0057
INFO:__main__:Total loss 0.2794
INFO:__main__:Predicted mean: -0.4038
INFO:__main__:Predicted uncertainity -0.8380
INFO:__main__:Completed epoch 27 of 100

INFO:__main__:NLL: 0.1415, L2: 0.0280, Reg: 0.0057
INFO:__main__:Total loss 0.1751
INFO:__main__:Predicted mean: -0.3851
INFO:__main__:Predicted uncertainity -0.6494
INFO:__main__:Completed epoch 28 of 100

INFO:__main__:NLL: 0.1091, L2: 0.0288, Reg: 0.0057
INFO:__main__:Total loss 0.1435
INFO:__main__:Predicted mean: -0.3489
INFO:__main__:Predicted uncertainity -0.7964
INFO:__main__:Completed epoch 29 of 100

INFO:__main__:NLL: 0.1603, L2: 0.0273, Reg: 0.0057
INFO:__main__:Total loss 0.1933
INFO:__main__:Predicted mean: -0.3289
INFO:__main__:Predicted uncertainity -0.6813
INFO:__main__:Completed epoch 30 of 100

INFO:__main__:NLL: 0.1772, L2: 0.0275, Reg: 0.0057
INFO:__main__:Total loss 0.2103
INFO:__main__:Predicted mean: -0.4261
INFO:__main__:Predicted uncertainity -0.7735
INFO:__main__:Completed epoch 31 of 100

INFO:__main__:NLL: -0.0484, L2: 0.0297, Reg: 0.0057
INFO:__main__:Total loss -0.0130
INFO:__main__:Predicted mean: -0.3738
INFO:__main__:Predicted uncertainity -0.8862
INFO:__main__:Completed epoch 32 of 100

INFO:__main__:NLL: 0.0585, L2: 0.0293, Reg: 0.0057
INFO:__main__:Total loss 0.0935
INFO:__main__:Predicted mean: -0.4153
INFO:__main__:Predicted uncertainity -0.7626
INFO:__main__:Completed epoch 33 of 100

INFO:__main__:NLL: 0.0284, L2: 0.0295, Reg: 0.0057
INFO:__main__:Total loss 0.0635
INFO:__main__:Predicted mean: -0.3334
INFO:__main__:Predicted uncertainity -0.7548
INFO:__main__:Completed epoch 34 of 100

INFO:__main__:NLL: -0.0214, L2: 0.0288, Reg: 0.0057
INFO:__main__:Total loss 0.0131
INFO:__main__:Predicted mean: -0.4019
INFO:__main__:Predicted uncertainity -0.7321
INFO:__main__:Completed epoch 35 of 100

INFO:__main__:NLL: -0.0265, L2: 0.0277, Reg: 0.0057
INFO:__main__:Total loss 0.0069
INFO:__main__:Predicted mean: -0.3290
INFO:__main__:Predicted uncertainity -0.8168
INFO:__main__:Completed epoch 36 of 100

INFO:__main__:NLL: -0.0190, L2: 0.0273, Reg: 0.0057
INFO:__main__:Total loss 0.0140
INFO:__main__:Predicted mean: -0.3535
INFO:__main__:Predicted uncertainity -0.8422
INFO:__main__:Completed epoch 37 of 100

INFO:__main__:NLL: 0.3158, L2: 0.0294, Reg: 0.0057
INFO:__main__:Total loss 0.3509
INFO:__main__:Predicted mean: -0.3744
INFO:__main__:Predicted uncertainity -0.8342
INFO:__main__:Completed epoch 38 of 100

INFO:__main__:NLL: 0.1713, L2: 0.0294, Reg: 0.0057
INFO:__main__:Total loss 0.2064
INFO:__main__:Predicted mean: -0.4533
INFO:__main__:Predicted uncertainity -0.7284
INFO:__main__:Completed epoch 39 of 100

INFO:__main__:NLL: 0.1031, L2: 0.0290, Reg: 0.0057
INFO:__main__:Total loss 0.1378
INFO:__main__:Predicted mean: -0.4208
INFO:__main__:Predicted uncertainity -0.6466
INFO:__main__:Completed epoch 40 of 100

INFO:__main__:NLL: -0.1003, L2: 0.0285, Reg: 0.0057
INFO:__main__:Total loss -0.0661
INFO:__main__:Predicted mean: -0.3767
INFO:__main__:Predicted uncertainity -0.8145
INFO:__main__:Completed epoch 41 of 100

INFO:__main__:NLL: 0.0717, L2: 0.0275, Reg: 0.0057
INFO:__main__:Total loss 0.1049
INFO:__main__:Predicted mean: -0.4192
INFO:__main__:Predicted uncertainity -0.7070
INFO:__main__:Completed epoch 42 of 100

INFO:__main__:NLL: 0.2265, L2: 0.0296, Reg: 0.0057
INFO:__main__:Total loss 0.2617
INFO:__main__:Predicted mean: -0.3935
INFO:__main__:Predicted uncertainity -0.7148
INFO:__main__:Completed epoch 43 of 100

INFO:__main__:NLL: 0.3103, L2: 0.0287, Reg: 0.0057
INFO:__main__:Total loss 0.3446
INFO:__main__:Predicted mean: -0.4469
INFO:__main__:Predicted uncertainity -0.8112
INFO:__main__:Completed epoch 44 of 100

INFO:__main__:NLL: 0.1032, L2: 0.0264, Reg: 0.0057
INFO:__main__:Total loss 0.1353
INFO:__main__:Predicted mean: -0.3802
INFO:__main__:Predicted uncertainity -0.7190
INFO:__main__:Completed epoch 45 of 100

INFO:__main__:NLL: 0.1267, L2: 0.0267, Reg: 0.0057
INFO:__main__:Total loss 0.1591
INFO:__main__:Predicted mean: -0.3635
INFO:__main__:Predicted uncertainity -0.7970
INFO:__main__:Completed epoch 46 of 100

INFO:__main__:NLL: 0.0489, L2: 0.0278, Reg: 0.0057
INFO:__main__:Total loss 0.0824
INFO:__main__:Predicted mean: -0.4068
INFO:__main__:Predicted uncertainity -0.7778
INFO:__main__:Completed epoch 47 of 100

INFO:__main__:NLL: 0.0175, L2: 0.0297, Reg: 0.0057
INFO:__main__:Total loss 0.0529
INFO:__main__:Predicted mean: -0.3776
INFO:__main__:Predicted uncertainity -0.7708
INFO:__main__:Completed epoch 48 of 100

INFO:__main__:NLL: -0.0662, L2: 0.0280, Reg: 0.0057
INFO:__main__:Total loss -0.0325
INFO:__main__:Predicted mean: -0.3810
INFO:__main__:Predicted uncertainity -0.6580
INFO:__main__:Completed epoch 49 of 100

INFO:__main__:NLL: 0.0685, L2: 0.0278, Reg: 0.0057
INFO:__main__:Total loss 0.1020
INFO:__main__:Predicted mean: -0.3688
INFO:__main__:Predicted uncertainity -0.8171
INFO:__main__:Completed epoch 50 of 100

INFO:__main__:NLL: 0.3602, L2: 0.0299, Reg: 0.0057
INFO:__main__:Total loss 0.3957
INFO:__main__:Predicted mean: -0.3889
INFO:__main__:Predicted uncertainity -0.8546
INFO:__main__:Completed epoch 51 of 100

INFO:__main__:NLL: -0.0812, L2: 0.0290, Reg: 0.0057
INFO:__main__:Total loss -0.0466
INFO:__main__:Predicted mean: -0.3870
INFO:__main__:Predicted uncertainity -0.8044
INFO:__main__:Completed epoch 52 of 100

INFO:__main__:NLL: 0.0146, L2: 0.0269, Reg: 0.0057
INFO:__main__:Total loss 0.0472
INFO:__main__:Predicted mean: -0.3643
INFO:__main__:Predicted uncertainity -0.6775
INFO:__main__:Completed epoch 53 of 100

INFO:__main__:NLL: 0.2959, L2: 0.0278, Reg: 0.0057
INFO:__main__:Total loss 0.3295
INFO:__main__:Predicted mean: -0.3499
INFO:__main__:Predicted uncertainity -0.7028
INFO:__main__:Completed epoch 54 of 100

INFO:__main__:NLL: 0.2010, L2: 0.0300, Reg: 0.0057
INFO:__main__:Total loss 0.2366
INFO:__main__:Predicted mean: -0.3448
INFO:__main__:Predicted uncertainity -0.7220
INFO:__main__:Completed epoch 55 of 100

INFO:__main__:NLL: 0.2884, L2: 0.0282, Reg: 0.0057
INFO:__main__:Total loss 0.3223
INFO:__main__:Predicted mean: -0.3910
INFO:__main__:Predicted uncertainity -0.7547
INFO:__main__:Completed epoch 56 of 100

INFO:__main__:NLL: 0.0762, L2: 0.0277, Reg: 0.0057
INFO:__main__:Total loss 0.1096
INFO:__main__:Predicted mean: -0.3711
INFO:__main__:Predicted uncertainity -0.6918
INFO:__main__:Completed epoch 57 of 100

INFO:__main__:NLL: 0.0230, L2: 0.0270, Reg: 0.0057
INFO:__main__:Total loss 0.0557
INFO:__main__:Predicted mean: -0.4642
INFO:__main__:Predicted uncertainity -0.7888
INFO:__main__:Completed epoch 58 of 100

INFO:__main__:NLL: -0.0354, L2: 0.0290, Reg: 0.0057
INFO:__main__:Total loss -0.0007
INFO:__main__:Predicted mean: -0.3351
INFO:__main__:Predicted uncertainity -0.7184
INFO:__main__:Completed epoch 59 of 100

INFO:__main__:NLL: 0.0914, L2: 0.0302, Reg: 0.0057
INFO:__main__:Total loss 0.1273
INFO:__main__:Predicted mean: -0.4045
INFO:__main__:Predicted uncertainity -0.7335
INFO:__main__:Completed epoch 60 of 100

INFO:__main__:NLL: 0.1716, L2: 0.0292, Reg: 0.0057
INFO:__main__:Total loss 0.2065
INFO:__main__:Predicted mean: -0.3313
INFO:__main__:Predicted uncertainity -0.7642
INFO:__main__:Completed epoch 61 of 100

INFO:__main__:NLL: 0.2102, L2: 0.0282, Reg: 0.0057
INFO:__main__:Total loss 0.2440
INFO:__main__:Predicted mean: -0.3652
INFO:__main__:Predicted uncertainity -0.7395
INFO:__main__:Completed epoch 62 of 100

INFO:__main__:NLL: 0.0740, L2: 0.0286, Reg: 0.0057
INFO:__main__:Total loss 0.1083
INFO:__main__:Predicted mean: -0.4684
INFO:__main__:Predicted uncertainity -0.7455
INFO:__main__:Completed epoch 63 of 100

INFO:__main__:NLL: -0.0146, L2: 0.0281, Reg: 0.0057
INFO:__main__:Total loss 0.0192
INFO:__main__:Predicted mean: -0.3420
INFO:__main__:Predicted uncertainity -0.8136
INFO:__main__:Completed epoch 64 of 100

INFO:__main__:NLL: 0.0354, L2: 0.0275, Reg: 0.0057
INFO:__main__:Total loss 0.0686
INFO:__main__:Predicted mean: -0.3219
INFO:__main__:Predicted uncertainity -0.7518
INFO:__main__:Completed epoch 65 of 100

INFO:__main__:NLL: 0.2098, L2: 0.0284, Reg: 0.0057
INFO:__main__:Total loss 0.2439
INFO:__main__:Predicted mean: -0.3890
INFO:__main__:Predicted uncertainity -0.7865
INFO:__main__:Completed epoch 66 of 100

INFO:__main__:NLL: 0.0551, L2: 0.0272, Reg: 0.0057
INFO:__main__:Total loss 0.0880
INFO:__main__:Predicted mean: -0.3816
INFO:__main__:Predicted uncertainity -0.6853
INFO:__main__:Completed epoch 67 of 100

INFO:__main__:NLL: -0.0050, L2: 0.0274, Reg: 0.0057
INFO:__main__:Total loss 0.0281
INFO:__main__:Predicted mean: -0.3714
INFO:__main__:Predicted uncertainity -0.8030
INFO:__main__:Completed epoch 68 of 100

INFO:__main__:NLL: 0.0250, L2: 0.0277, Reg: 0.0057
INFO:__main__:Total loss 0.0584
INFO:__main__:Predicted mean: -0.3753
INFO:__main__:Predicted uncertainity -0.8187
INFO:__main__:Completed epoch 69 of 100

INFO:__main__:NLL: 0.4160, L2: 0.0287, Reg: 0.0057
INFO:__main__:Total loss 0.4504
INFO:__main__:Predicted mean: -0.4620
INFO:__main__:Predicted uncertainity -0.7163
INFO:__main__:Completed epoch 70 of 100

INFO:__main__:NLL: -0.0472, L2: 0.0279, Reg: 0.0057
INFO:__main__:Total loss -0.0137
INFO:__main__:Predicted mean: -0.4135
INFO:__main__:Predicted uncertainity -0.7343
INFO:__main__:Completed epoch 71 of 100

INFO:__main__:NLL: 0.2281, L2: 0.0293, Reg: 0.0057
INFO:__main__:Total loss 0.2630
INFO:__main__:Predicted mean: -0.3879
INFO:__main__:Predicted uncertainity -0.8733
INFO:__main__:Completed epoch 72 of 100

INFO:__main__:NLL: 0.4269, L2: 0.0295, Reg: 0.0057
INFO:__main__:Total loss 0.4621
INFO:__main__:Predicted mean: -0.3695
INFO:__main__:Predicted uncertainity -0.8069
INFO:__main__:Completed epoch 73 of 100

INFO:__main__:NLL: 0.0770, L2: 0.0298, Reg: 0.0057
INFO:__main__:Total loss 0.1125
INFO:__main__:Predicted mean: -0.4115
INFO:__main__:Predicted uncertainity -0.7810
INFO:__main__:Completed epoch 74 of 100

INFO:__main__:NLL: 0.0440, L2: 0.0279, Reg: 0.0057
INFO:__main__:Total loss 0.0776
INFO:__main__:Predicted mean: -0.3869
INFO:__main__:Predicted uncertainity -0.7737
INFO:__main__:Completed epoch 75 of 100

INFO:__main__:NLL: 0.0862, L2: 0.0278, Reg: 0.0057
INFO:__main__:Total loss 0.1197
INFO:__main__:Predicted mean: -0.4269
INFO:__main__:Predicted uncertainity -0.7498
INFO:__main__:Completed epoch 76 of 100

INFO:__main__:NLL: 0.2478, L2: 0.0291, Reg: 0.0057
INFO:__main__:Total loss 0.2826
INFO:__main__:Predicted mean: -0.4390
INFO:__main__:Predicted uncertainity -0.6994
INFO:__main__:Completed epoch 77 of 100

INFO:__main__:NLL: 0.2621, L2: 0.0274, Reg: 0.0057
INFO:__main__:Total loss 0.2951
INFO:__main__:Predicted mean: -0.3510
INFO:__main__:Predicted uncertainity -0.7424
INFO:__main__:Completed epoch 78 of 100

INFO:__main__:NLL: 0.2485, L2: 0.0271, Reg: 0.0057
INFO:__main__:Total loss 0.2813
INFO:__main__:Predicted mean: -0.3388
INFO:__main__:Predicted uncertainity -0.7399
INFO:__main__:Completed epoch 79 of 100

INFO:__main__:NLL: 0.0713, L2: 0.0288, Reg: 0.0057
INFO:__main__:Total loss 0.1057
INFO:__main__:Predicted mean: -0.3315
INFO:__main__:Predicted uncertainity -0.6948
INFO:__main__:Completed epoch 80 of 100

INFO:__main__:NLL: 0.0355, L2: 0.0302, Reg: 0.0057
INFO:__main__:Total loss 0.0713
INFO:__main__:Predicted mean: -0.3904
INFO:__main__:Predicted uncertainity -0.6712
INFO:__main__:Completed epoch 81 of 100

INFO:__main__:NLL: 0.1188, L2: 0.0280, Reg: 0.0057
INFO:__main__:Total loss 0.1525
INFO:__main__:Predicted mean: -0.4119
INFO:__main__:Predicted uncertainity -0.7085
INFO:__main__:Completed epoch 82 of 100

INFO:__main__:NLL: -0.0315, L2: 0.0283, Reg: 0.0057
INFO:__main__:Total loss 0.0025
INFO:__main__:Predicted mean: -0.4209
INFO:__main__:Predicted uncertainity -0.8226
INFO:__main__:Completed epoch 83 of 100

INFO:__main__:NLL: 0.3612, L2: 0.0272, Reg: 0.0057
INFO:__main__:Total loss 0.3940
INFO:__main__:Predicted mean: -0.3641
INFO:__main__:Predicted uncertainity -0.7280
INFO:__main__:Completed epoch 84 of 100

INFO:__main__:NLL: 0.1040, L2: 0.0278, Reg: 0.0057
INFO:__main__:Total loss 0.1374
INFO:__main__:Predicted mean: -0.4290
INFO:__main__:Predicted uncertainity -0.7026
INFO:__main__:Completed epoch 85 of 100

INFO:__main__:NLL: -0.0256, L2: 0.0275, Reg: 0.0057
INFO:__main__:Total loss 0.0076
INFO:__main__:Predicted mean: -0.4013
INFO:__main__:Predicted uncertainity -0.8013
INFO:__main__:Completed epoch 86 of 100

INFO:__main__:NLL: 0.1459, L2: 0.0298, Reg: 0.0057
INFO:__main__:Total loss 0.1813
INFO:__main__:Predicted mean: -0.4437
INFO:__main__:Predicted uncertainity -0.6417
INFO:__main__:Completed epoch 87 of 100

INFO:__main__:NLL: 0.0547, L2: 0.0288, Reg: 0.0057
INFO:__main__:Total loss 0.0892
INFO:__main__:Predicted mean: -0.3535
INFO:__main__:Predicted uncertainity -0.7803
INFO:__main__:Completed epoch 88 of 100

INFO:__main__:NLL: 0.0519, L2: 0.0272, Reg: 0.0057
INFO:__main__:Total loss 0.0847
INFO:__main__:Predicted mean: -0.3898
INFO:__main__:Predicted uncertainity -0.7769
INFO:__main__:Completed epoch 89 of 100

INFO:__main__:NLL: 0.1956, L2: 0.0290, Reg: 0.0057
INFO:__main__:Total loss 0.2303
INFO:__main__:Predicted mean: -0.4247
INFO:__main__:Predicted uncertainity -0.7634
INFO:__main__:Completed epoch 90 of 100

INFO:__main__:NLL: 0.1164, L2: 0.0269, Reg: 0.0057
INFO:__main__:Total loss 0.1490
INFO:__main__:Predicted mean: -0.4404
INFO:__main__:Predicted uncertainity -0.7769
INFO:__main__:Completed epoch 91 of 100

INFO:__main__:NLL: 0.0713, L2: 0.0269, Reg: 0.0057
INFO:__main__:Total loss 0.1039
INFO:__main__:Predicted mean: -0.3975
INFO:__main__:Predicted uncertainity -0.8583
INFO:__main__:Completed epoch 92 of 100

INFO:__main__:NLL: 0.0616, L2: 0.0277, Reg: 0.0057
INFO:__main__:Total loss 0.0950
INFO:__main__:Predicted mean: -0.3909
INFO:__main__:Predicted uncertainity -0.7169
INFO:__main__:Completed epoch 93 of 100

INFO:__main__:NLL: 0.1102, L2: 0.0302, Reg: 0.0057
INFO:__main__:Total loss 0.1461
INFO:__main__:Predicted mean: -0.3480
INFO:__main__:Predicted uncertainity -0.7012
INFO:__main__:Completed epoch 94 of 100

INFO:__main__:NLL: 0.1670, L2: 0.0264, Reg: 0.0057
INFO:__main__:Total loss 0.1991
INFO:__main__:Predicted mean: -0.3945
INFO:__main__:Predicted uncertainity -0.6698
INFO:__main__:Completed epoch 95 of 100

INFO:__main__:NLL: 0.2435, L2: 0.0282, Reg: 0.0057
INFO:__main__:Total loss 0.2774
INFO:__main__:Predicted mean: -0.4183
INFO:__main__:Predicted uncertainity -0.9110
INFO:__main__:Completed epoch 96 of 100

INFO:__main__:NLL: 0.0147, L2: 0.0257, Reg: 0.0057
INFO:__main__:Total loss 0.0461
INFO:__main__:Predicted mean: -0.3486
INFO:__main__:Predicted uncertainity -0.7426
INFO:__main__:Completed epoch 97 of 100

INFO:__main__:NLL: 0.1339, L2: 0.0266, Reg: 0.0057
INFO:__main__:Total loss 0.1662
INFO:__main__:Predicted mean: -0.3919
INFO:__main__:Predicted uncertainity -0.7286
INFO:__main__:Completed epoch 98 of 100

INFO:__main__:NLL: 0.2105, L2: 0.0298, Reg: 0.0057
INFO:__main__:Total loss 0.2460
INFO:__main__:Predicted mean: -0.4200
INFO:__main__:Predicted uncertainity -0.7672
INFO:__main__:Completed epoch 99 of 100

INFO:__main__:NLL: 0.2809, L2: 0.0275, Reg: 0.0057
INFO:__main__:Total loss 0.3141
INFO:__main__:Predicted mean: -0.3766
INFO:__main__:Predicted uncertainity -0.9028
INFO:__main__:Completed epoch 100 of 100

INFO:__main__:367.294310 s
