INFO:__main__:PROCESS RUNNING ON cpu
INFO:__main__:NLL: 0.1182, L2: 0.0614, Reg: 0.1680
INFO:__main__:Total loss 0.3476
INFO:__main__:Predicted mean: -0.5419
INFO:__main__:Predicted uncertainity -0.7784
INFO:__main__:Completed epoch 1 of 100

INFO:__main__:NLL: 0.2226, L2: 0.0531, Reg: 0.1644
INFO:__main__:Total loss 0.4402
INFO:__main__:Predicted mean: -0.5087
INFO:__main__:Predicted uncertainity -0.5878
INFO:__main__:Completed epoch 2 of 100

INFO:__main__:NLL: 0.1550, L2: 0.0447, Reg: 0.1640
INFO:__main__:Total loss 0.3637
INFO:__main__:Predicted mean: -0.4468
INFO:__main__:Predicted uncertainity -0.7180
INFO:__main__:Completed epoch 3 of 100

INFO:__main__:NLL: 0.1203, L2: 0.0497, Reg: 0.1650
INFO:__main__:Total loss 0.3350
INFO:__main__:Predicted mean: -0.5192
INFO:__main__:Predicted uncertainity -0.6976
INFO:__main__:Completed epoch 4 of 100

INFO:__main__:NLL: 0.1442, L2: 0.0457, Reg: 0.1638
INFO:__main__:Total loss 0.3537
INFO:__main__:Predicted mean: -0.4480
INFO:__main__:Predicted uncertainity -0.6654
INFO:__main__:Completed epoch 5 of 100

INFO:__main__:NLL: 0.0567, L2: 0.0500, Reg: 0.1643
INFO:__main__:Total loss 0.2710
INFO:__main__:Predicted mean: -0.4435
INFO:__main__:Predicted uncertainity -0.6749
INFO:__main__:Completed epoch 6 of 100

INFO:__main__:NLL: 0.1256, L2: 0.0432, Reg: 0.1635
INFO:__main__:Total loss 0.3323
INFO:__main__:Predicted mean: -0.4380
INFO:__main__:Predicted uncertainity -0.5260
INFO:__main__:Completed epoch 7 of 100

INFO:__main__:NLL: 0.2666, L2: 0.0527, Reg: 0.1659
INFO:__main__:Total loss 0.4852
INFO:__main__:Predicted mean: -0.4527
INFO:__main__:Predicted uncertainity -0.7450
INFO:__main__:Completed epoch 8 of 100

INFO:__main__:NLL: 0.0939, L2: 0.0542, Reg: 0.1647
INFO:__main__:Total loss 0.3128
INFO:__main__:Predicted mean: -0.4580
INFO:__main__:Predicted uncertainity -0.7664
INFO:__main__:Completed epoch 9 of 100

INFO:__main__:NLL: 0.2586, L2: 0.0498, Reg: 0.1641
INFO:__main__:Total loss 0.4725
INFO:__main__:Predicted mean: -0.4426
INFO:__main__:Predicted uncertainity -0.6343
INFO:__main__:Completed epoch 10 of 100

INFO:__main__:NLL: 0.1821, L2: 0.0507, Reg: 0.1650
INFO:__main__:Total loss 0.3978
INFO:__main__:Predicted mean: -0.5149
INFO:__main__:Predicted uncertainity -0.7628
INFO:__main__:Completed epoch 11 of 100

INFO:__main__:NLL: 0.2521, L2: 0.0517, Reg: 0.1643
INFO:__main__:Total loss 0.4681
INFO:__main__:Predicted mean: -0.4444
INFO:__main__:Predicted uncertainity -0.6642
INFO:__main__:Completed epoch 12 of 100

INFO:__main__:NLL: 0.0902, L2: 0.0512, Reg: 0.1644
INFO:__main__:Total loss 0.3058
INFO:__main__:Predicted mean: -0.4420
INFO:__main__:Predicted uncertainity -0.7319
INFO:__main__:Completed epoch 13 of 100

INFO:__main__:NLL: 0.1303, L2: 0.0481, Reg: 0.1646
INFO:__main__:Total loss 0.3430
INFO:__main__:Predicted mean: -0.4316
INFO:__main__:Predicted uncertainity -0.7269
INFO:__main__:Completed epoch 14 of 100

INFO:__main__:NLL: 0.1070, L2: 0.0524, Reg: 0.1647
INFO:__main__:Total loss 0.3241
INFO:__main__:Predicted mean: -0.4425
INFO:__main__:Predicted uncertainity -0.7352
INFO:__main__:Completed epoch 15 of 100

INFO:__main__:NLL: 0.1342, L2: 0.0510, Reg: 0.1648
INFO:__main__:Total loss 0.3499
INFO:__main__:Predicted mean: -0.4593
INFO:__main__:Predicted uncertainity -0.6480
INFO:__main__:Completed epoch 16 of 100

INFO:__main__:NLL: 0.0833, L2: 0.0513, Reg: 0.1638
INFO:__main__:Total loss 0.2983
INFO:__main__:Predicted mean: -0.4439
INFO:__main__:Predicted uncertainity -0.7188
INFO:__main__:Completed epoch 17 of 100

INFO:__main__:NLL: 0.1589, L2: 0.0525, Reg: 0.1658
INFO:__main__:Total loss 0.3772
INFO:__main__:Predicted mean: -0.4685
INFO:__main__:Predicted uncertainity -0.7513
INFO:__main__:Completed epoch 18 of 100

INFO:__main__:NLL: 0.2511, L2: 0.0499, Reg: 0.1650
INFO:__main__:Total loss 0.4659
INFO:__main__:Predicted mean: -0.4386
INFO:__main__:Predicted uncertainity -0.6594
INFO:__main__:Completed epoch 19 of 100

INFO:__main__:NLL: 0.1119, L2: 0.0532, Reg: 0.1659
INFO:__main__:Total loss 0.3310
INFO:__main__:Predicted mean: -0.4405
INFO:__main__:Predicted uncertainity -0.7688
INFO:__main__:Completed epoch 20 of 100

INFO:__main__:NLL: 0.1553, L2: 0.0529, Reg: 0.1634
INFO:__main__:Total loss 0.3717
INFO:__main__:Predicted mean: -0.4720
INFO:__main__:Predicted uncertainity -0.5790
INFO:__main__:Completed epoch 21 of 100

INFO:__main__:NLL: 0.0549, L2: 0.0515, Reg: 0.1645
INFO:__main__:Total loss 0.2709
INFO:__main__:Predicted mean: -0.4384
INFO:__main__:Predicted uncertainity -0.6832
INFO:__main__:Completed epoch 22 of 100

INFO:__main__:NLL: 0.2650, L2: 0.0559, Reg: 0.1669
INFO:__main__:Total loss 0.4878
INFO:__main__:Predicted mean: -0.4890
INFO:__main__:Predicted uncertainity -0.7669
INFO:__main__:Completed epoch 23 of 100

INFO:__main__:NLL: 0.1214, L2: 0.0486, Reg: 0.1640
INFO:__main__:Total loss 0.3340
INFO:__main__:Predicted mean: -0.4206
INFO:__main__:Predicted uncertainity -0.6207
INFO:__main__:Completed epoch 24 of 100

INFO:__main__:NLL: 0.1744, L2: 0.0425, Reg: 0.1637
INFO:__main__:Total loss 0.3805
INFO:__main__:Predicted mean: -0.4029
INFO:__main__:Predicted uncertainity -0.6094
INFO:__main__:Completed epoch 25 of 100

INFO:__main__:NLL: 0.3983, L2: 0.0510, Reg: 0.1652
INFO:__main__:Total loss 0.6144
INFO:__main__:Predicted mean: -0.4442
INFO:__main__:Predicted uncertainity -0.6603
INFO:__main__:Completed epoch 26 of 100

INFO:__main__:NLL: 0.1500, L2: 0.0475, Reg: 0.1644
INFO:__main__:Total loss 0.3618
INFO:__main__:Predicted mean: -0.4167
INFO:__main__:Predicted uncertainity -0.6180
INFO:__main__:Completed epoch 27 of 100

INFO:__main__:NLL: 0.1263, L2: 0.0551, Reg: 0.1665
INFO:__main__:Total loss 0.3480
INFO:__main__:Predicted mean: -0.4900
INFO:__main__:Predicted uncertainity -0.8314
INFO:__main__:Completed epoch 28 of 100

INFO:__main__:NLL: 0.1502, L2: 0.0459, Reg: 0.1641
INFO:__main__:Total loss 0.3601
INFO:__main__:Predicted mean: -0.4557
INFO:__main__:Predicted uncertainity -0.6725
INFO:__main__:Completed epoch 29 of 100

INFO:__main__:NLL: 0.1454, L2: 0.0463, Reg: 0.1629
INFO:__main__:Total loss 0.3546
INFO:__main__:Predicted mean: -0.4290
INFO:__main__:Predicted uncertainity -0.5949
INFO:__main__:Completed epoch 30 of 100

INFO:__main__:NLL: 0.0968, L2: 0.0493, Reg: 0.1640
INFO:__main__:Total loss 0.3101
INFO:__main__:Predicted mean: -0.4785
INFO:__main__:Predicted uncertainity -0.6706
INFO:__main__:Completed epoch 31 of 100

INFO:__main__:NLL: 0.1252, L2: 0.0445, Reg: 0.1636
INFO:__main__:Total loss 0.3333
INFO:__main__:Predicted mean: -0.4235
INFO:__main__:Predicted uncertainity -0.5561
INFO:__main__:Completed epoch 32 of 100

INFO:__main__:NLL: 0.1545, L2: 0.0579, Reg: 0.1657
INFO:__main__:Total loss 0.3782
INFO:__main__:Predicted mean: -0.4504
INFO:__main__:Predicted uncertainity -0.7653
INFO:__main__:Completed epoch 33 of 100

INFO:__main__:NLL: 0.2014, L2: 0.0503, Reg: 0.1640
INFO:__main__:Total loss 0.4157
INFO:__main__:Predicted mean: -0.4970
INFO:__main__:Predicted uncertainity -0.6387
INFO:__main__:Completed epoch 34 of 100

INFO:__main__:NLL: 0.1489, L2: 0.0553, Reg: 0.1658
INFO:__main__:Total loss 0.3700
INFO:__main__:Predicted mean: -0.4398
INFO:__main__:Predicted uncertainity -0.7979
INFO:__main__:Completed epoch 35 of 100

INFO:__main__:NLL: 0.1302, L2: 0.0519, Reg: 0.1647
INFO:__main__:Total loss 0.3469
INFO:__main__:Predicted mean: -0.4767
INFO:__main__:Predicted uncertainity -0.7051
INFO:__main__:Completed epoch 36 of 100

INFO:__main__:NLL: 0.2530, L2: 0.0466, Reg: 0.1639
INFO:__main__:Total loss 0.4635
INFO:__main__:Predicted mean: -0.4686
INFO:__main__:Predicted uncertainity -0.6169
INFO:__main__:Completed epoch 37 of 100

INFO:__main__:NLL: 0.1202, L2: 0.0460, Reg: 0.1639
INFO:__main__:Total loss 0.3301
INFO:__main__:Predicted mean: -0.4510
INFO:__main__:Predicted uncertainity -0.6687
INFO:__main__:Completed epoch 38 of 100

INFO:__main__:NLL: 0.0533, L2: 0.0556, Reg: 0.1645
INFO:__main__:Total loss 0.2734
INFO:__main__:Predicted mean: -0.4764
INFO:__main__:Predicted uncertainity -0.7673
INFO:__main__:Completed epoch 39 of 100

INFO:__main__:NLL: 0.1096, L2: 0.0471, Reg: 0.1647
INFO:__main__:Total loss 0.3214
INFO:__main__:Predicted mean: -0.4266
INFO:__main__:Predicted uncertainity -0.6151
INFO:__main__:Completed epoch 40 of 100

INFO:__main__:NLL: 0.1677, L2: 0.0475, Reg: 0.1641
INFO:__main__:Total loss 0.3792
INFO:__main__:Predicted mean: -0.4335
INFO:__main__:Predicted uncertainity -0.6508
INFO:__main__:Completed epoch 41 of 100

INFO:__main__:NLL: 0.3225, L2: 0.0504, Reg: 0.1644
INFO:__main__:Total loss 0.5373
INFO:__main__:Predicted mean: -0.4735
INFO:__main__:Predicted uncertainity -0.7187
INFO:__main__:Completed epoch 42 of 100

INFO:__main__:NLL: 0.1603, L2: 0.0500, Reg: 0.1641
INFO:__main__:Total loss 0.3744
INFO:__main__:Predicted mean: -0.4944
INFO:__main__:Predicted uncertainity -0.6305
INFO:__main__:Completed epoch 43 of 100

INFO:__main__:NLL: 0.1370, L2: 0.0538, Reg: 0.1644
INFO:__main__:Total loss 0.3552
INFO:__main__:Predicted mean: -0.4425
INFO:__main__:Predicted uncertainity -0.7357
INFO:__main__:Completed epoch 44 of 100

INFO:__main__:NLL: 0.1825, L2: 0.0483, Reg: 0.1647
INFO:__main__:Total loss 0.3954
INFO:__main__:Predicted mean: -0.3741
INFO:__main__:Predicted uncertainity -0.6823
INFO:__main__:Completed epoch 45 of 100

INFO:__main__:NLL: 0.2760, L2: 0.0518, Reg: 0.1644
INFO:__main__:Total loss 0.4922
INFO:__main__:Predicted mean: -0.4248
INFO:__main__:Predicted uncertainity -0.6712
INFO:__main__:Completed epoch 46 of 100

INFO:__main__:NLL: 0.0907, L2: 0.0544, Reg: 0.1661
INFO:__main__:Total loss 0.3111
INFO:__main__:Predicted mean: -0.5116
INFO:__main__:Predicted uncertainity -0.7240
INFO:__main__:Completed epoch 47 of 100

INFO:__main__:NLL: 0.2076, L2: 0.0489, Reg: 0.1647
INFO:__main__:Total loss 0.4212
INFO:__main__:Predicted mean: -0.4359
INFO:__main__:Predicted uncertainity -0.6511
INFO:__main__:Completed epoch 48 of 100

INFO:__main__:NLL: 0.1293, L2: 0.0519, Reg: 0.1640
INFO:__main__:Total loss 0.3452
INFO:__main__:Predicted mean: -0.4979
INFO:__main__:Predicted uncertainity -0.7061
INFO:__main__:Completed epoch 49 of 100

INFO:__main__:NLL: 0.1692, L2: 0.0434, Reg: 0.1630
INFO:__main__:Total loss 0.3756
INFO:__main__:Predicted mean: -0.4661
INFO:__main__:Predicted uncertainity -0.6047
INFO:__main__:Completed epoch 50 of 100

INFO:__main__:NLL: 0.0895, L2: 0.0556, Reg: 0.1668
INFO:__main__:Total loss 0.3119
INFO:__main__:Predicted mean: -0.4819
INFO:__main__:Predicted uncertainity -0.8995
INFO:__main__:Completed epoch 51 of 100

INFO:__main__:NLL: 0.0913, L2: 0.0472, Reg: 0.1651
INFO:__main__:Total loss 0.3036
INFO:__main__:Predicted mean: -0.4074
INFO:__main__:Predicted uncertainity -0.6853
INFO:__main__:Completed epoch 52 of 100

INFO:__main__:NLL: 0.2351, L2: 0.0513, Reg: 0.1651
INFO:__main__:Total loss 0.4515
INFO:__main__:Predicted mean: -0.4797
INFO:__main__:Predicted uncertainity -0.8059
INFO:__main__:Completed epoch 53 of 100

INFO:__main__:NLL: 0.1065, L2: 0.0491, Reg: 0.1642
INFO:__main__:Total loss 0.3198
INFO:__main__:Predicted mean: -0.3898
INFO:__main__:Predicted uncertainity -0.6659
INFO:__main__:Completed epoch 54 of 100

INFO:__main__:NLL: 0.1531, L2: 0.0502, Reg: 0.1649
INFO:__main__:Total loss 0.3682
INFO:__main__:Predicted mean: -0.4600
INFO:__main__:Predicted uncertainity -0.7293
INFO:__main__:Completed epoch 55 of 100

INFO:__main__:NLL: 0.1622, L2: 0.0486, Reg: 0.1645
INFO:__main__:Total loss 0.3753
INFO:__main__:Predicted mean: -0.4265
INFO:__main__:Predicted uncertainity -0.7274
INFO:__main__:Completed epoch 56 of 100

INFO:__main__:NLL: 0.1492, L2: 0.0525, Reg: 0.1645
INFO:__main__:Total loss 0.3663
INFO:__main__:Predicted mean: -0.4512
INFO:__main__:Predicted uncertainity -0.7243
INFO:__main__:Completed epoch 57 of 100

INFO:__main__:NLL: 0.2380, L2: 0.0588, Reg: 0.1672
INFO:__main__:Total loss 0.4639
INFO:__main__:Predicted mean: -0.5153
INFO:__main__:Predicted uncertainity -0.7902
INFO:__main__:Completed epoch 58 of 100

INFO:__main__:NLL: 0.1680, L2: 0.0445, Reg: 0.1634
INFO:__main__:Total loss 0.3760
INFO:__main__:Predicted mean: -0.4223
INFO:__main__:Predicted uncertainity -0.5914
INFO:__main__:Completed epoch 59 of 100

INFO:__main__:NLL: 0.1059, L2: 0.0504, Reg: 0.1643
INFO:__main__:Total loss 0.3206
INFO:__main__:Predicted mean: -0.4110
INFO:__main__:Predicted uncertainity -0.5707
INFO:__main__:Completed epoch 60 of 100

INFO:__main__:NLL: 0.0464, L2: 0.0507, Reg: 0.1642
INFO:__main__:Total loss 0.2613
INFO:__main__:Predicted mean: -0.4381
INFO:__main__:Predicted uncertainity -0.6309
INFO:__main__:Completed epoch 61 of 100

INFO:__main__:NLL: 0.1877, L2: 0.0468, Reg: 0.1642
INFO:__main__:Total loss 0.3987
INFO:__main__:Predicted mean: -0.4527
INFO:__main__:Predicted uncertainity -0.7083
INFO:__main__:Completed epoch 62 of 100

INFO:__main__:NLL: 0.5408, L2: 0.0616, Reg: 0.1683
INFO:__main__:Total loss 0.7707
INFO:__main__:Predicted mean: -0.5272
INFO:__main__:Predicted uncertainity -0.8164
INFO:__main__:Completed epoch 63 of 100

INFO:__main__:NLL: 0.1926, L2: 0.0600, Reg: 0.1671
INFO:__main__:Total loss 0.4197
INFO:__main__:Predicted mean: -0.5681
INFO:__main__:Predicted uncertainity -0.7069
INFO:__main__:Completed epoch 64 of 100

INFO:__main__:NLL: 0.0399, L2: 0.0499, Reg: 0.1648
INFO:__main__:Total loss 0.2546
INFO:__main__:Predicted mean: -0.4478
INFO:__main__:Predicted uncertainity -0.7326
INFO:__main__:Completed epoch 65 of 100

INFO:__main__:NLL: 0.1675, L2: 0.0528, Reg: 0.1659
INFO:__main__:Total loss 0.3861
INFO:__main__:Predicted mean: -0.4688
INFO:__main__:Predicted uncertainity -0.7279
INFO:__main__:Completed epoch 66 of 100

INFO:__main__:NLL: 0.1371, L2: 0.0519, Reg: 0.1650
INFO:__main__:Total loss 0.3540
INFO:__main__:Predicted mean: -0.5003
INFO:__main__:Predicted uncertainity -0.6601
INFO:__main__:Completed epoch 67 of 100

INFO:__main__:NLL: 0.2040, L2: 0.0496, Reg: 0.1648
INFO:__main__:Total loss 0.4184
INFO:__main__:Predicted mean: -0.4702
INFO:__main__:Predicted uncertainity -0.7528
INFO:__main__:Completed epoch 68 of 100

INFO:__main__:NLL: 0.1305, L2: 0.0532, Reg: 0.1643
INFO:__main__:Total loss 0.3480
INFO:__main__:Predicted mean: -0.4344
INFO:__main__:Predicted uncertainity -0.6630
INFO:__main__:Completed epoch 69 of 100

INFO:__main__:NLL: 0.1034, L2: 0.0467, Reg: 0.1626
INFO:__main__:Total loss 0.3127
INFO:__main__:Predicted mean: -0.4391
INFO:__main__:Predicted uncertainity -0.6295
INFO:__main__:Completed epoch 70 of 100

INFO:__main__:NLL: 0.1745, L2: 0.0424, Reg: 0.1635
INFO:__main__:Total loss 0.3804
INFO:__main__:Predicted mean: -0.3753
INFO:__main__:Predicted uncertainity -0.6361
INFO:__main__:Completed epoch 71 of 100

INFO:__main__:NLL: 0.1296, L2: 0.0481, Reg: 0.1646
INFO:__main__:Total loss 0.3422
INFO:__main__:Predicted mean: -0.4200
INFO:__main__:Predicted uncertainity -0.6707
INFO:__main__:Completed epoch 72 of 100

INFO:__main__:NLL: 0.0652, L2: 0.0478, Reg: 0.1633
INFO:__main__:Total loss 0.2763
INFO:__main__:Predicted mean: -0.4470
INFO:__main__:Predicted uncertainity -0.6201
INFO:__main__:Completed epoch 73 of 100

INFO:__main__:NLL: 0.0900, L2: 0.0445, Reg: 0.1630
INFO:__main__:Total loss 0.2975
INFO:__main__:Predicted mean: -0.4318
INFO:__main__:Predicted uncertainity -0.6268
INFO:__main__:Completed epoch 74 of 100

INFO:__main__:NLL: 0.2571, L2: 0.0507, Reg: 0.1646
INFO:__main__:Total loss 0.4724
INFO:__main__:Predicted mean: -0.4635
INFO:__main__:Predicted uncertainity -0.6614
INFO:__main__:Completed epoch 75 of 100

INFO:__main__:NLL: 0.1248, L2: 0.0489, Reg: 0.1650
INFO:__main__:Total loss 0.3387
INFO:__main__:Predicted mean: -0.4441
INFO:__main__:Predicted uncertainity -0.6365
INFO:__main__:Completed epoch 76 of 100

INFO:__main__:NLL: 0.1529, L2: 0.0466, Reg: 0.1637
INFO:__main__:Total loss 0.3632
INFO:__main__:Predicted mean: -0.4575
INFO:__main__:Predicted uncertainity -0.5778
INFO:__main__:Completed epoch 77 of 100

INFO:__main__:NLL: 0.0583, L2: 0.0548, Reg: 0.1646
INFO:__main__:Total loss 0.2778
INFO:__main__:Predicted mean: -0.4823
INFO:__main__:Predicted uncertainity -0.5436
INFO:__main__:Completed epoch 78 of 100

INFO:__main__:NLL: 0.0667, L2: 0.0512, Reg: 0.1650
INFO:__main__:Total loss 0.2829
INFO:__main__:Predicted mean: -0.4466
INFO:__main__:Predicted uncertainity -0.7385
INFO:__main__:Completed epoch 79 of 100

INFO:__main__:NLL: 0.1314, L2: 0.0428, Reg: 0.1635
INFO:__main__:Total loss 0.3377
INFO:__main__:Predicted mean: -0.4068
INFO:__main__:Predicted uncertainity -0.6537
INFO:__main__:Completed epoch 80 of 100

INFO:__main__:NLL: 0.1755, L2: 0.0526, Reg: 0.1642
INFO:__main__:Total loss 0.3923
INFO:__main__:Predicted mean: -0.4412
INFO:__main__:Predicted uncertainity -0.6631
INFO:__main__:Completed epoch 81 of 100

INFO:__main__:NLL: 0.1985, L2: 0.0446, Reg: 0.1638
INFO:__main__:Total loss 0.4069
INFO:__main__:Predicted mean: -0.3510
INFO:__main__:Predicted uncertainity -0.6410
INFO:__main__:Completed epoch 82 of 100

INFO:__main__:NLL: 0.1852, L2: 0.0445, Reg: 0.1639
INFO:__main__:Total loss 0.3936
INFO:__main__:Predicted mean: -0.4012
INFO:__main__:Predicted uncertainity -0.6965
INFO:__main__:Completed epoch 83 of 100

INFO:__main__:NLL: 0.1103, L2: 0.0435, Reg: 0.1634
INFO:__main__:Total loss 0.3172
INFO:__main__:Predicted mean: -0.4066
INFO:__main__:Predicted uncertainity -0.6612
INFO:__main__:Completed epoch 84 of 100

INFO:__main__:NLL: 0.2115, L2: 0.0499, Reg: 0.1649
INFO:__main__:Total loss 0.4262
INFO:__main__:Predicted mean: -0.4769
INFO:__main__:Predicted uncertainity -0.6198
INFO:__main__:Completed epoch 85 of 100

INFO:__main__:NLL: 0.1056, L2: 0.0554, Reg: 0.1652
INFO:__main__:Total loss 0.3261
INFO:__main__:Predicted mean: -0.4857
INFO:__main__:Predicted uncertainity -0.6597
INFO:__main__:Completed epoch 86 of 100

INFO:__main__:NLL: 0.1550, L2: 0.0593, Reg: 0.1666
INFO:__main__:Total loss 0.3809
INFO:__main__:Predicted mean: -0.5000
INFO:__main__:Predicted uncertainity -0.7679
INFO:__main__:Completed epoch 87 of 100

INFO:__main__:NLL: 0.3484, L2: 0.0494, Reg: 0.1642
INFO:__main__:Total loss 0.5619
INFO:__main__:Predicted mean: -0.4740
INFO:__main__:Predicted uncertainity -0.7173
INFO:__main__:Completed epoch 88 of 100

INFO:__main__:NLL: 0.4033, L2: 0.0498, Reg: 0.1642
INFO:__main__:Total loss 0.6173
INFO:__main__:Predicted mean: -0.4262
INFO:__main__:Predicted uncertainity -0.7259
INFO:__main__:Completed epoch 89 of 100

INFO:__main__:NLL: 0.1795, L2: 0.0495, Reg: 0.1651
INFO:__main__:Total loss 0.3941
INFO:__main__:Predicted mean: -0.4108
INFO:__main__:Predicted uncertainity -0.6733
INFO:__main__:Completed epoch 90 of 100

INFO:__main__:NLL: 0.3372, L2: 0.0582, Reg: 0.1662
INFO:__main__:Total loss 0.5617
INFO:__main__:Predicted mean: -0.4401
INFO:__main__:Predicted uncertainity -0.6759
INFO:__main__:Completed epoch 91 of 100

INFO:__main__:NLL: 0.0357, L2: 0.0532, Reg: 0.1655
INFO:__main__:Total loss 0.2545
INFO:__main__:Predicted mean: -0.4433
INFO:__main__:Predicted uncertainity -0.6408
INFO:__main__:Completed epoch 92 of 100

INFO:__main__:NLL: 0.2679, L2: 0.0459, Reg: 0.1642
INFO:__main__:Total loss 0.4780
INFO:__main__:Predicted mean: -0.4525
INFO:__main__:Predicted uncertainity -0.6878
INFO:__main__:Completed epoch 93 of 100

INFO:__main__:NLL: 0.3001, L2: 0.0571, Reg: 0.1660
INFO:__main__:Total loss 0.5232
INFO:__main__:Predicted mean: -0.4375
INFO:__main__:Predicted uncertainity -0.8197
INFO:__main__:Completed epoch 94 of 100

INFO:__main__:NLL: 0.1671, L2: 0.0451, Reg: 0.1644
INFO:__main__:Total loss 0.3765
INFO:__main__:Predicted mean: -0.3983
INFO:__main__:Predicted uncertainity -0.6847
INFO:__main__:Completed epoch 95 of 100

INFO:__main__:NLL: 0.2785, L2: 0.0555, Reg: 0.1658
INFO:__main__:Total loss 0.4998
INFO:__main__:Predicted mean: -0.4795
INFO:__main__:Predicted uncertainity -0.7990
INFO:__main__:Completed epoch 96 of 100

INFO:__main__:NLL: 0.1903, L2: 0.0516, Reg: 0.1653
INFO:__main__:Total loss 0.4072
INFO:__main__:Predicted mean: -0.4243
INFO:__main__:Predicted uncertainity -0.6195
INFO:__main__:Completed epoch 97 of 100

INFO:__main__:NLL: 0.0994, L2: 0.0473, Reg: 0.1635
INFO:__main__:Total loss 0.3102
INFO:__main__:Predicted mean: -0.4178
INFO:__main__:Predicted uncertainity -0.6806
INFO:__main__:Completed epoch 98 of 100

INFO:__main__:NLL: 0.1200, L2: 0.0532, Reg: 0.1653
INFO:__main__:Total loss 0.3385
INFO:__main__:Predicted mean: -0.4496
INFO:__main__:Predicted uncertainity -0.7608
INFO:__main__:Completed epoch 99 of 100

INFO:__main__:NLL: 0.2909, L2: 0.0501, Reg: 0.1650
INFO:__main__:Total loss 0.5061
INFO:__main__:Predicted mean: -0.4420
INFO:__main__:Predicted uncertainity -0.7384
INFO:__main__:Completed epoch 100 of 100

INFO:__main__:545.702390 s
