INFO:__main__:PROCESS RUNNING ON cpu
INFO:__main__:NLL: 0.0573, L2: 0.0243, Reg: 0.1669
INFO:__main__:Total loss 0.2485
INFO:__main__:Predicted mean: -0.4393
INFO:__main__:Predicted uncertainity -0.7976
INFO:__main__:Completed epoch 1 of 100

INFO:__main__:NLL: 0.0964, L2: 0.0243, Reg: 0.1661
INFO:__main__:Total loss 0.2869
INFO:__main__:Predicted mean: -0.3793
INFO:__main__:Predicted uncertainity -0.7078
INFO:__main__:Completed epoch 2 of 100

INFO:__main__:NLL: 0.1754, L2: 0.0272, Reg: 0.1671
INFO:__main__:Total loss 0.3698
INFO:__main__:Predicted mean: -0.3702
INFO:__main__:Predicted uncertainity -0.7159
INFO:__main__:Completed epoch 3 of 100

INFO:__main__:NLL: -0.0567, L2: 0.0251, Reg: 0.1668
INFO:__main__:Total loss 0.1352
INFO:__main__:Predicted mean: -0.4318
INFO:__main__:Predicted uncertainity -0.7949
INFO:__main__:Completed epoch 4 of 100

INFO:__main__:NLL: 0.1096, L2: 0.0263, Reg: 0.1657
INFO:__main__:Total loss 0.3016
INFO:__main__:Predicted mean: -0.3594
INFO:__main__:Predicted uncertainity -0.8250
INFO:__main__:Completed epoch 5 of 100

INFO:__main__:NLL: -0.0008, L2: 0.0246, Reg: 0.1657
INFO:__main__:Total loss 0.1895
INFO:__main__:Predicted mean: -0.3632
INFO:__main__:Predicted uncertainity -0.6778
INFO:__main__:Completed epoch 6 of 100

INFO:__main__:NLL: -0.0690, L2: 0.0251, Reg: 0.1655
INFO:__main__:Total loss 0.1215
INFO:__main__:Predicted mean: -0.3570
INFO:__main__:Predicted uncertainity -0.7520
INFO:__main__:Completed epoch 7 of 100

INFO:__main__:NLL: 0.2358, L2: 0.0278, Reg: 0.1681
INFO:__main__:Total loss 0.4317
INFO:__main__:Predicted mean: -0.4616
INFO:__main__:Predicted uncertainity -0.7728
INFO:__main__:Completed epoch 8 of 100

INFO:__main__:NLL: 0.0695, L2: 0.0276, Reg: 0.1669
INFO:__main__:Total loss 0.2641
INFO:__main__:Predicted mean: -0.4397
INFO:__main__:Predicted uncertainity -0.8320
INFO:__main__:Completed epoch 9 of 100

INFO:__main__:NLL: 0.2293, L2: 0.0247, Reg: 0.1665
INFO:__main__:Total loss 0.4204
INFO:__main__:Predicted mean: -0.4038
INFO:__main__:Predicted uncertainity -0.7435
INFO:__main__:Completed epoch 10 of 100

INFO:__main__:NLL: 0.1264, L2: 0.0258, Reg: 0.1667
INFO:__main__:Total loss 0.3189
INFO:__main__:Predicted mean: -0.3982
INFO:__main__:Predicted uncertainity -0.8364
INFO:__main__:Completed epoch 11 of 100

INFO:__main__:NLL: 0.2421, L2: 0.0250, Reg: 0.1653
INFO:__main__:Total loss 0.4323
INFO:__main__:Predicted mean: -0.4308
INFO:__main__:Predicted uncertainity -0.7127
INFO:__main__:Completed epoch 12 of 100

INFO:__main__:NLL: 0.0429, L2: 0.0266, Reg: 0.1660
INFO:__main__:Total loss 0.2354
INFO:__main__:Predicted mean: -0.3821
INFO:__main__:Predicted uncertainity -0.7461
INFO:__main__:Completed epoch 13 of 100

INFO:__main__:NLL: 0.0549, L2: 0.0243, Reg: 0.1658
INFO:__main__:Total loss 0.2449
INFO:__main__:Predicted mean: -0.3543
INFO:__main__:Predicted uncertainity -0.7247
INFO:__main__:Completed epoch 14 of 100

INFO:__main__:NLL: 0.0309, L2: 0.0251, Reg: 0.1661
INFO:__main__:Total loss 0.2221
INFO:__main__:Predicted mean: -0.3952
INFO:__main__:Predicted uncertainity -0.8066
INFO:__main__:Completed epoch 15 of 100

INFO:__main__:NLL: 0.1117, L2: 0.0251, Reg: 0.1660
INFO:__main__:Total loss 0.3028
INFO:__main__:Predicted mean: -0.4108
INFO:__main__:Predicted uncertainity -0.7812
INFO:__main__:Completed epoch 16 of 100

INFO:__main__:NLL: 0.0316, L2: 0.0281, Reg: 0.1662
INFO:__main__:Total loss 0.2258
INFO:__main__:Predicted mean: -0.3953
INFO:__main__:Predicted uncertainity -0.7926
INFO:__main__:Completed epoch 17 of 100

INFO:__main__:NLL: 0.1749, L2: 0.0283, Reg: 0.1674
INFO:__main__:Total loss 0.3706
INFO:__main__:Predicted mean: -0.3703
INFO:__main__:Predicted uncertainity -0.7294
INFO:__main__:Completed epoch 18 of 100

INFO:__main__:NLL: 0.0670, L2: 0.0273, Reg: 0.1662
INFO:__main__:Total loss 0.2604
INFO:__main__:Predicted mean: -0.4292
INFO:__main__:Predicted uncertainity -0.6690
INFO:__main__:Completed epoch 19 of 100

INFO:__main__:NLL: 0.0059, L2: 0.0259, Reg: 0.1670
INFO:__main__:Total loss 0.1988
INFO:__main__:Predicted mean: -0.4117
INFO:__main__:Predicted uncertainity -0.7632
INFO:__main__:Completed epoch 20 of 100

INFO:__main__:NLL: 0.1006, L2: 0.0271, Reg: 0.1648
INFO:__main__:Total loss 0.2925
INFO:__main__:Predicted mean: -0.3707
INFO:__main__:Predicted uncertainity -0.6152
INFO:__main__:Completed epoch 21 of 100

INFO:__main__:NLL: 0.0330, L2: 0.0274, Reg: 0.1661
INFO:__main__:Total loss 0.2265
INFO:__main__:Predicted mean: -0.3820
INFO:__main__:Predicted uncertainity -0.7748
INFO:__main__:Completed epoch 22 of 100

INFO:__main__:NLL: 0.4017, L2: 0.0271, Reg: 0.1669
INFO:__main__:Total loss 0.5956
INFO:__main__:Predicted mean: -0.3941
INFO:__main__:Predicted uncertainity -0.7442
INFO:__main__:Completed epoch 23 of 100

INFO:__main__:NLL: 0.0748, L2: 0.0246, Reg: 0.1668
INFO:__main__:Total loss 0.2662
INFO:__main__:Predicted mean: -0.3790
INFO:__main__:Predicted uncertainity -0.6129
INFO:__main__:Completed epoch 24 of 100

INFO:__main__:NLL: 0.1426, L2: 0.0253, Reg: 0.1653
INFO:__main__:Total loss 0.3332
INFO:__main__:Predicted mean: -0.3522
INFO:__main__:Predicted uncertainity -0.7472
INFO:__main__:Completed epoch 25 of 100

INFO:__main__:NLL: 0.2161, L2: 0.0277, Reg: 0.1667
INFO:__main__:Total loss 0.4105
INFO:__main__:Predicted mean: -0.3721
INFO:__main__:Predicted uncertainity -0.6115
INFO:__main__:Completed epoch 26 of 100

INFO:__main__:NLL: 0.0956, L2: 0.0245, Reg: 0.1655
INFO:__main__:Total loss 0.2856
INFO:__main__:Predicted mean: -0.3124
INFO:__main__:Predicted uncertainity -0.6738
INFO:__main__:Completed epoch 27 of 100

INFO:__main__:NLL: 0.0504, L2: 0.0253, Reg: 0.1667
INFO:__main__:Total loss 0.2424
INFO:__main__:Predicted mean: -0.3283
INFO:__main__:Predicted uncertainity -0.8425
INFO:__main__:Completed epoch 28 of 100

INFO:__main__:NLL: 0.1614, L2: 0.0271, Reg: 0.1655
INFO:__main__:Total loss 0.3539
INFO:__main__:Predicted mean: -0.3413
INFO:__main__:Predicted uncertainity -0.6701
INFO:__main__:Completed epoch 29 of 100

INFO:__main__:NLL: 0.1585, L2: 0.0256, Reg: 0.1653
INFO:__main__:Total loss 0.3494
INFO:__main__:Predicted mean: -0.3541
INFO:__main__:Predicted uncertainity -0.6366
INFO:__main__:Completed epoch 30 of 100

INFO:__main__:NLL: -0.0914, L2: 0.0272, Reg: 0.1660
INFO:__main__:Total loss 0.1019
INFO:__main__:Predicted mean: -0.3461
INFO:__main__:Predicted uncertainity -0.6334
INFO:__main__:Completed epoch 31 of 100

INFO:__main__:NLL: 0.1201, L2: 0.0255, Reg: 0.1645
INFO:__main__:Total loss 0.3101
INFO:__main__:Predicted mean: -0.4052
INFO:__main__:Predicted uncertainity -0.7272
INFO:__main__:Completed epoch 32 of 100

INFO:__main__:NLL: 0.2393, L2: 0.0258, Reg: 0.1655
INFO:__main__:Total loss 0.4306
INFO:__main__:Predicted mean: -0.4017
INFO:__main__:Predicted uncertainity -0.7531
INFO:__main__:Completed epoch 33 of 100

INFO:__main__:NLL: 0.1757, L2: 0.0261, Reg: 0.1656
INFO:__main__:Total loss 0.3675
INFO:__main__:Predicted mean: -0.3882
INFO:__main__:Predicted uncertainity -0.6865
INFO:__main__:Completed epoch 34 of 100

INFO:__main__:NLL: 0.0827, L2: 0.0274, Reg: 0.1659
INFO:__main__:Total loss 0.2760
INFO:__main__:Predicted mean: -0.3455
INFO:__main__:Predicted uncertainity -0.7559
INFO:__main__:Completed epoch 35 of 100

INFO:__main__:NLL: 0.0228, L2: 0.0274, Reg: 0.1660
INFO:__main__:Total loss 0.2162
INFO:__main__:Predicted mean: -0.3561
INFO:__main__:Predicted uncertainity -0.8017
INFO:__main__:Completed epoch 36 of 100

INFO:__main__:NLL: 0.3172, L2: 0.0274, Reg: 0.1665
INFO:__main__:Total loss 0.5111
INFO:__main__:Predicted mean: -0.4424
INFO:__main__:Predicted uncertainity -0.6719
INFO:__main__:Completed epoch 37 of 100

INFO:__main__:NLL: -0.0236, L2: 0.0258, Reg: 0.1663
INFO:__main__:Total loss 0.1686
INFO:__main__:Predicted mean: -0.3208
INFO:__main__:Predicted uncertainity -0.7748
INFO:__main__:Completed epoch 38 of 100

INFO:__main__:NLL: 0.0830, L2: 0.0278, Reg: 0.1655
INFO:__main__:Total loss 0.2763
INFO:__main__:Predicted mean: -0.4029
INFO:__main__:Predicted uncertainity -0.7130
INFO:__main__:Completed epoch 39 of 100

INFO:__main__:NLL: 0.0920, L2: 0.0254, Reg: 0.1659
INFO:__main__:Total loss 0.2833
INFO:__main__:Predicted mean: -0.3807
INFO:__main__:Predicted uncertainity -0.6075
INFO:__main__:Completed epoch 40 of 100

INFO:__main__:NLL: 0.0577, L2: 0.0259, Reg: 0.1658
INFO:__main__:Total loss 0.2494
INFO:__main__:Predicted mean: -0.3496
INFO:__main__:Predicted uncertainity -0.6733
INFO:__main__:Completed epoch 41 of 100

INFO:__main__:NLL: 0.4038, L2: 0.0250, Reg: 0.1653
INFO:__main__:Total loss 0.5941
INFO:__main__:Predicted mean: -0.4082
INFO:__main__:Predicted uncertainity -0.7007
INFO:__main__:Completed epoch 42 of 100

INFO:__main__:NLL: 0.0469, L2: 0.0259, Reg: 0.1667
INFO:__main__:Total loss 0.2395
INFO:__main__:Predicted mean: -0.3753
INFO:__main__:Predicted uncertainity -0.6749
INFO:__main__:Completed epoch 43 of 100

INFO:__main__:NLL: 0.0191, L2: 0.0291, Reg: 0.1661
INFO:__main__:Total loss 0.2143
INFO:__main__:Predicted mean: -0.3649
INFO:__main__:Predicted uncertainity -0.7003
INFO:__main__:Completed epoch 44 of 100

INFO:__main__:NLL: 0.1576, L2: 0.0258, Reg: 0.1663
INFO:__main__:Total loss 0.3498
INFO:__main__:Predicted mean: -0.3411
INFO:__main__:Predicted uncertainity -0.7057
INFO:__main__:Completed epoch 45 of 100

INFO:__main__:NLL: 0.2187, L2: 0.0257, Reg: 0.1657
INFO:__main__:Total loss 0.4101
INFO:__main__:Predicted mean: -0.3363
INFO:__main__:Predicted uncertainity -0.6786
INFO:__main__:Completed epoch 46 of 100

INFO:__main__:NLL: 0.0278, L2: 0.0270, Reg: 0.1676
INFO:__main__:Total loss 0.2225
INFO:__main__:Predicted mean: -0.4206
INFO:__main__:Predicted uncertainity -0.8319
INFO:__main__:Completed epoch 47 of 100

INFO:__main__:NLL: 0.3245, L2: 0.0273, Reg: 0.1649
INFO:__main__:Total loss 0.5166
INFO:__main__:Predicted mean: -0.3684
INFO:__main__:Predicted uncertainity -0.6588
INFO:__main__:Completed epoch 48 of 100

INFO:__main__:NLL: 0.0011, L2: 0.0295, Reg: 0.1667
INFO:__main__:Total loss 0.1973
INFO:__main__:Predicted mean: -0.3568
INFO:__main__:Predicted uncertainity -0.7592
INFO:__main__:Completed epoch 49 of 100

INFO:__main__:NLL: 0.1030, L2: 0.0261, Reg: 0.1650
INFO:__main__:Total loss 0.2940
INFO:__main__:Predicted mean: -0.3999
INFO:__main__:Predicted uncertainity -0.7065
INFO:__main__:Completed epoch 50 of 100

INFO:__main__:NLL: 0.0774, L2: 0.0279, Reg: 0.1680
INFO:__main__:Total loss 0.2733
INFO:__main__:Predicted mean: -0.3968
INFO:__main__:Predicted uncertainity -0.8322
INFO:__main__:Completed epoch 51 of 100

INFO:__main__:NLL: 0.1039, L2: 0.0276, Reg: 0.1675
INFO:__main__:Total loss 0.2990
INFO:__main__:Predicted mean: -0.3598
INFO:__main__:Predicted uncertainity -0.7711
INFO:__main__:Completed epoch 52 of 100

INFO:__main__:NLL: 0.2764, L2: 0.0252, Reg: 0.1657
INFO:__main__:Total loss 0.4673
INFO:__main__:Predicted mean: -0.4149
INFO:__main__:Predicted uncertainity -0.7549
INFO:__main__:Completed epoch 53 of 100

INFO:__main__:NLL: 0.0829, L2: 0.0261, Reg: 0.1655
INFO:__main__:Total loss 0.2745
INFO:__main__:Predicted mean: -0.3574
INFO:__main__:Predicted uncertainity -0.6969
INFO:__main__:Completed epoch 54 of 100

INFO:__main__:NLL: 0.1436, L2: 0.0281, Reg: 0.1660
INFO:__main__:Total loss 0.3377
INFO:__main__:Predicted mean: -0.3894
INFO:__main__:Predicted uncertainity -0.8170
INFO:__main__:Completed epoch 55 of 100

INFO:__main__:NLL: 0.1136, L2: 0.0291, Reg: 0.1654
INFO:__main__:Total loss 0.3081
INFO:__main__:Predicted mean: -0.3708
INFO:__main__:Predicted uncertainity -0.6745
INFO:__main__:Completed epoch 56 of 100

INFO:__main__:NLL: 0.0775, L2: 0.0266, Reg: 0.1659
INFO:__main__:Total loss 0.2700
INFO:__main__:Predicted mean: -0.3423
INFO:__main__:Predicted uncertainity -0.7941
INFO:__main__:Completed epoch 57 of 100

INFO:__main__:NLL: 0.1486, L2: 0.0277, Reg: 0.1676
INFO:__main__:Total loss 0.3439
INFO:__main__:Predicted mean: -0.4159
INFO:__main__:Predicted uncertainity -0.8123
INFO:__main__:Completed epoch 58 of 100

INFO:__main__:NLL: 0.2372, L2: 0.0265, Reg: 0.1665
INFO:__main__:Total loss 0.4302
INFO:__main__:Predicted mean: -0.3931
INFO:__main__:Predicted uncertainity -0.7931
INFO:__main__:Completed epoch 59 of 100

INFO:__main__:NLL: 0.1272, L2: 0.0288, Reg: 0.1654
INFO:__main__:Total loss 0.3215
INFO:__main__:Predicted mean: -0.4019
INFO:__main__:Predicted uncertainity -0.5468
INFO:__main__:Completed epoch 60 of 100

INFO:__main__:NLL: 0.0596, L2: 0.0267, Reg: 0.1664
INFO:__main__:Total loss 0.2526
INFO:__main__:Predicted mean: -0.3526
INFO:__main__:Predicted uncertainity -0.7041
INFO:__main__:Completed epoch 61 of 100

INFO:__main__:NLL: 0.1607, L2: 0.0264, Reg: 0.1646
INFO:__main__:Total loss 0.3518
INFO:__main__:Predicted mean: -0.3454
INFO:__main__:Predicted uncertainity -0.7191
INFO:__main__:Completed epoch 62 of 100

INFO:__main__:NLL: 0.1238, L2: 0.0269, Reg: 0.1676
INFO:__main__:Total loss 0.3182
INFO:__main__:Predicted mean: -0.3728
INFO:__main__:Predicted uncertainity -0.7625
INFO:__main__:Completed epoch 63 of 100

INFO:__main__:NLL: 0.1608, L2: 0.0302, Reg: 0.1674
INFO:__main__:Total loss 0.3584
INFO:__main__:Predicted mean: -0.4306
INFO:__main__:Predicted uncertainity -0.7513
INFO:__main__:Completed epoch 64 of 100

INFO:__main__:NLL: -0.0680, L2: 0.0277, Reg: 0.1659
INFO:__main__:Total loss 0.1256
INFO:__main__:Predicted mean: -0.3860
INFO:__main__:Predicted uncertainity -0.7860
INFO:__main__:Completed epoch 65 of 100

INFO:__main__:NLL: 0.0902, L2: 0.0263, Reg: 0.1659
INFO:__main__:Total loss 0.2824
INFO:__main__:Predicted mean: -0.3737
INFO:__main__:Predicted uncertainity -0.7484
INFO:__main__:Completed epoch 66 of 100

INFO:__main__:NLL: -0.0251, L2: 0.0274, Reg: 0.1673
INFO:__main__:Total loss 0.1697
INFO:__main__:Predicted mean: -0.4142
INFO:__main__:Predicted uncertainity -0.7591
INFO:__main__:Completed epoch 67 of 100

INFO:__main__:NLL: 0.1089, L2: 0.0277, Reg: 0.1662
INFO:__main__:Total loss 0.3029
INFO:__main__:Predicted mean: -0.3395
INFO:__main__:Predicted uncertainity -0.6919
INFO:__main__:Completed epoch 68 of 100

INFO:__main__:NLL: 0.0985, L2: 0.0259, Reg: 0.1655
INFO:__main__:Total loss 0.2899
INFO:__main__:Predicted mean: -0.3738
INFO:__main__:Predicted uncertainity -0.8021
INFO:__main__:Completed epoch 69 of 100

INFO:__main__:NLL: 0.0277, L2: 0.0286, Reg: 0.1650
INFO:__main__:Total loss 0.2213
INFO:__main__:Predicted mean: -0.3362
INFO:__main__:Predicted uncertainity -0.7034
INFO:__main__:Completed epoch 70 of 100

INFO:__main__:NLL: 0.0667, L2: 0.0262, Reg: 0.1656
INFO:__main__:Total loss 0.2586
INFO:__main__:Predicted mean: -0.3534
INFO:__main__:Predicted uncertainity -0.7150
INFO:__main__:Completed epoch 71 of 100

INFO:__main__:NLL: 0.0163, L2: 0.0277, Reg: 0.1664
INFO:__main__:Total loss 0.2104
INFO:__main__:Predicted mean: -0.3265
INFO:__main__:Predicted uncertainity -0.7457
INFO:__main__:Completed epoch 72 of 100

INFO:__main__:NLL: -0.0011, L2: 0.0263, Reg: 0.1648
INFO:__main__:Total loss 0.1900
INFO:__main__:Predicted mean: -0.3562
INFO:__main__:Predicted uncertainity -0.6989
INFO:__main__:Completed epoch 73 of 100

INFO:__main__:NLL: -0.0198, L2: 0.0271, Reg: 0.1662
INFO:__main__:Total loss 0.1735
INFO:__main__:Predicted mean: -0.3913
INFO:__main__:Predicted uncertainity -0.8813
INFO:__main__:Completed epoch 74 of 100

INFO:__main__:NLL: 0.1317, L2: 0.0244, Reg: 0.1651
INFO:__main__:Total loss 0.3212
INFO:__main__:Predicted mean: -0.3889
INFO:__main__:Predicted uncertainity -0.6813
INFO:__main__:Completed epoch 75 of 100

INFO:__main__:NLL: 0.0448, L2: 0.0262, Reg: 0.1663
INFO:__main__:Total loss 0.2373
INFO:__main__:Predicted mean: -0.4055
INFO:__main__:Predicted uncertainity -0.7265
INFO:__main__:Completed epoch 76 of 100

INFO:__main__:NLL: 0.1036, L2: 0.0283, Reg: 0.1666
INFO:__main__:Total loss 0.2984
INFO:__main__:Predicted mean: -0.3669
INFO:__main__:Predicted uncertainity -0.5527
INFO:__main__:Completed epoch 77 of 100

INFO:__main__:NLL: 0.0276, L2: 0.0275, Reg: 0.1668
INFO:__main__:Total loss 0.2218
INFO:__main__:Predicted mean: -0.4586
INFO:__main__:Predicted uncertainity -0.6435
INFO:__main__:Completed epoch 78 of 100

INFO:__main__:NLL: 0.0843, L2: 0.0288, Reg: 0.1661
INFO:__main__:Total loss 0.2792
INFO:__main__:Predicted mean: -0.3681
INFO:__main__:Predicted uncertainity -0.7024
INFO:__main__:Completed epoch 79 of 100

INFO:__main__:NLL: 0.0433, L2: 0.0283, Reg: 0.1672
INFO:__main__:Total loss 0.2388
INFO:__main__:Predicted mean: -0.4207
INFO:__main__:Predicted uncertainity -0.7063
INFO:__main__:Completed epoch 80 of 100

INFO:__main__:NLL: 0.0350, L2: 0.0270, Reg: 0.1654
INFO:__main__:Total loss 0.2273
INFO:__main__:Predicted mean: -0.3662
INFO:__main__:Predicted uncertainity -0.6905
INFO:__main__:Completed epoch 81 of 100

INFO:__main__:NLL: 0.0787, L2: 0.0259, Reg: 0.1652
INFO:__main__:Total loss 0.2698
INFO:__main__:Predicted mean: -0.3357
INFO:__main__:Predicted uncertainity -0.6985
INFO:__main__:Completed epoch 82 of 100

INFO:__main__:NLL: 0.2374, L2: 0.0252, Reg: 0.1654
INFO:__main__:Total loss 0.4280
INFO:__main__:Predicted mean: -0.4173
INFO:__main__:Predicted uncertainity -0.7651
INFO:__main__:Completed epoch 83 of 100

INFO:__main__:NLL: 0.0310, L2: 0.0295, Reg: 0.1652
INFO:__main__:Total loss 0.2257
INFO:__main__:Predicted mean: -0.4266
INFO:__main__:Predicted uncertainity -0.5764
INFO:__main__:Completed epoch 84 of 100

INFO:__main__:NLL: 0.1775, L2: 0.0262, Reg: 0.1660
INFO:__main__:Total loss 0.3697
INFO:__main__:Predicted mean: -0.3397
INFO:__main__:Predicted uncertainity -0.7412
INFO:__main__:Completed epoch 85 of 100

INFO:__main__:NLL: 0.0598, L2: 0.0257, Reg: 0.1671
INFO:__main__:Total loss 0.2526
INFO:__main__:Predicted mean: -0.3734
INFO:__main__:Predicted uncertainity -0.7734
INFO:__main__:Completed epoch 86 of 100

INFO:__main__:NLL: 0.0861, L2: 0.0263, Reg: 0.1673
INFO:__main__:Total loss 0.2797
INFO:__main__:Predicted mean: -0.3888
INFO:__main__:Predicted uncertainity -0.7397
INFO:__main__:Completed epoch 87 of 100

INFO:__main__:NLL: 0.1282, L2: 0.0284, Reg: 0.1655
INFO:__main__:Total loss 0.3222
INFO:__main__:Predicted mean: -0.3521
INFO:__main__:Predicted uncertainity -0.7568
INFO:__main__:Completed epoch 88 of 100

INFO:__main__:NLL: 0.2986, L2: 0.0270, Reg: 0.1647
INFO:__main__:Total loss 0.4902
INFO:__main__:Predicted mean: -0.3144
INFO:__main__:Predicted uncertainity -0.6848
INFO:__main__:Completed epoch 89 of 100

INFO:__main__:NLL: 0.1275, L2: 0.0275, Reg: 0.1666
INFO:__main__:Total loss 0.3216
INFO:__main__:Predicted mean: -0.3436
INFO:__main__:Predicted uncertainity -0.7717
INFO:__main__:Completed epoch 90 of 100

INFO:__main__:NLL: 0.0461, L2: 0.0297, Reg: 0.1675
INFO:__main__:Total loss 0.2433
INFO:__main__:Predicted mean: -0.3338
INFO:__main__:Predicted uncertainity -0.7019
INFO:__main__:Completed epoch 91 of 100

INFO:__main__:NLL: 0.0616, L2: 0.0265, Reg: 0.1681
INFO:__main__:Total loss 0.2561
INFO:__main__:Predicted mean: -0.3904
INFO:__main__:Predicted uncertainity -0.7347
INFO:__main__:Completed epoch 92 of 100

INFO:__main__:NLL: 0.2189, L2: 0.0276, Reg: 0.1654
INFO:__main__:Total loss 0.4119
INFO:__main__:Predicted mean: -0.3694
INFO:__main__:Predicted uncertainity -0.7453
INFO:__main__:Completed epoch 93 of 100

INFO:__main__:NLL: 0.3164, L2: 0.0262, Reg: 0.1682
INFO:__main__:Total loss 0.5108
INFO:__main__:Predicted mean: -0.3780
INFO:__main__:Predicted uncertainity -0.8190
INFO:__main__:Completed epoch 94 of 100

INFO:__main__:NLL: 0.1279, L2: 0.0262, Reg: 0.1676
INFO:__main__:Total loss 0.3216
INFO:__main__:Predicted mean: -0.3835
INFO:__main__:Predicted uncertainity -0.8053
INFO:__main__:Completed epoch 95 of 100

INFO:__main__:NLL: 0.1771, L2: 0.0272, Reg: 0.1657
INFO:__main__:Total loss 0.3700
INFO:__main__:Predicted mean: -0.3649
INFO:__main__:Predicted uncertainity -0.7619
INFO:__main__:Completed epoch 96 of 100

INFO:__main__:NLL: 0.1185, L2: 0.0269, Reg: 0.1674
INFO:__main__:Total loss 0.3128
INFO:__main__:Predicted mean: -0.3574
INFO:__main__:Predicted uncertainity -0.7544
INFO:__main__:Completed epoch 97 of 100

INFO:__main__:NLL: -0.0342, L2: 0.0282, Reg: 0.1657
INFO:__main__:Total loss 0.1597
INFO:__main__:Predicted mean: -0.3367
INFO:__main__:Predicted uncertainity -0.7710
INFO:__main__:Completed epoch 98 of 100

INFO:__main__:NLL: -0.0552, L2: 0.0292, Reg: 0.1673
INFO:__main__:Total loss 0.1413
INFO:__main__:Predicted mean: -0.3734
INFO:__main__:Predicted uncertainity -0.7917
INFO:__main__:Completed epoch 99 of 100

INFO:__main__:NLL: 0.1088, L2: 0.0270, Reg: 0.1663
INFO:__main__:Total loss 0.3021
INFO:__main__:Predicted mean: -0.3989
INFO:__main__:Predicted uncertainity -0.7599
INFO:__main__:Completed epoch 100 of 100

INFO:__main__:514.972351 s
