INFO:__main__:PROCESS RUNNING ON cpu
INFO:__main__:NLL: 0.3034, L2: 0.0073, Reg: 0.0789
INFO:__main__:Total loss 0.3895
INFO:__main__:Predicted mean: -0.3810
INFO:__main__:Predicted uncertainity -0.0932
INFO:__main__:Completed epoch 1 of 100

INFO:__main__:NLL: 0.1353, L2: 0.0079, Reg: 0.0805
INFO:__main__:Total loss 0.2237
INFO:__main__:Predicted mean: -0.3605
INFO:__main__:Predicted uncertainity -0.1332
INFO:__main__:Completed epoch 2 of 100

INFO:__main__:NLL: 0.2221, L2: 0.0079, Reg: 0.0808
INFO:__main__:Total loss 0.3108
INFO:__main__:Predicted mean: -0.4048
INFO:__main__:Predicted uncertainity -0.1426
INFO:__main__:Completed epoch 3 of 100

INFO:__main__:NLL: 0.0920, L2: 0.0080, Reg: 0.0726
INFO:__main__:Total loss 0.1727
INFO:__main__:Predicted mean: -0.3542
INFO:__main__:Predicted uncertainity -0.1596
INFO:__main__:Completed epoch 4 of 100

INFO:__main__:NLL: 0.1710, L2: 0.0081, Reg: 0.0986
INFO:__main__:Total loss 0.2777
INFO:__main__:Predicted mean: -0.3939
INFO:__main__:Predicted uncertainity -0.1348
INFO:__main__:Completed epoch 5 of 100

INFO:__main__:NLL: 0.2529, L2: 0.0083, Reg: 0.0764
INFO:__main__:Total loss 0.3377
INFO:__main__:Predicted mean: -0.3604
INFO:__main__:Predicted uncertainity -0.1180
INFO:__main__:Completed epoch 6 of 100

INFO:__main__:NLL: 0.2082, L2: 0.0086, Reg: 0.0881
INFO:__main__:Total loss 0.3048
INFO:__main__:Predicted mean: -0.3374
INFO:__main__:Predicted uncertainity -0.1796
INFO:__main__:Completed epoch 7 of 100

INFO:__main__:NLL: 0.2568, L2: 0.0083, Reg: 0.0703
INFO:__main__:Total loss 0.3354
INFO:__main__:Predicted mean: -0.3586
INFO:__main__:Predicted uncertainity -0.1071
INFO:__main__:Completed epoch 8 of 100

INFO:__main__:NLL: 0.1276, L2: 0.0084, Reg: 0.0884
INFO:__main__:Total loss 0.2244
INFO:__main__:Predicted mean: -0.3905
INFO:__main__:Predicted uncertainity -0.1353
INFO:__main__:Completed epoch 9 of 100

INFO:__main__:NLL: 0.2998, L2: 0.0091, Reg: 0.0845
INFO:__main__:Total loss 0.3934
INFO:__main__:Predicted mean: -0.4054
INFO:__main__:Predicted uncertainity -0.1261
INFO:__main__:Completed epoch 10 of 100

INFO:__main__:NLL: 0.2318, L2: 0.0086, Reg: 0.0822
INFO:__main__:Total loss 0.3225
INFO:__main__:Predicted mean: -0.4052
INFO:__main__:Predicted uncertainity -0.1264
INFO:__main__:Completed epoch 11 of 100

INFO:__main__:NLL: 0.1859, L2: 0.0085, Reg: 0.0879
INFO:__main__:Total loss 0.2824
INFO:__main__:Predicted mean: -0.3745
INFO:__main__:Predicted uncertainity -0.1640
INFO:__main__:Completed epoch 12 of 100

INFO:__main__:NLL: 0.2264, L2: 0.0089, Reg: 0.0714
INFO:__main__:Total loss 0.3067
INFO:__main__:Predicted mean: -0.3774
INFO:__main__:Predicted uncertainity -0.1439
INFO:__main__:Completed epoch 13 of 100

INFO:__main__:NLL: 0.2905, L2: 0.0090, Reg: 0.0856
INFO:__main__:Total loss 0.3851
INFO:__main__:Predicted mean: -0.3867
INFO:__main__:Predicted uncertainity -0.1640
INFO:__main__:Completed epoch 14 of 100

INFO:__main__:NLL: 0.1817, L2: 0.0091, Reg: 0.0862
INFO:__main__:Total loss 0.2771
INFO:__main__:Predicted mean: -0.4215
INFO:__main__:Predicted uncertainity -0.1744
INFO:__main__:Completed epoch 15 of 100

INFO:__main__:NLL: 0.2389, L2: 0.0090, Reg: 0.0888
INFO:__main__:Total loss 0.3367
INFO:__main__:Predicted mean: -0.3981
INFO:__main__:Predicted uncertainity -0.1806
INFO:__main__:Completed epoch 16 of 100

INFO:__main__:NLL: 0.2424, L2: 0.0088, Reg: 0.0680
INFO:__main__:Total loss 0.3192
INFO:__main__:Predicted mean: -0.3604
INFO:__main__:Predicted uncertainity -0.1210
INFO:__main__:Completed epoch 17 of 100

INFO:__main__:NLL: 0.2334, L2: 0.0085, Reg: 0.0677
INFO:__main__:Total loss 0.3096
INFO:__main__:Predicted mean: -0.4313
INFO:__main__:Predicted uncertainity -0.0758
INFO:__main__:Completed epoch 18 of 100

INFO:__main__:NLL: 0.1015, L2: 0.0091, Reg: 0.0791
INFO:__main__:Total loss 0.1897
INFO:__main__:Predicted mean: -0.4393
INFO:__main__:Predicted uncertainity -0.1061
INFO:__main__:Completed epoch 19 of 100

INFO:__main__:NLL: 0.2639, L2: 0.0090, Reg: 0.0654
INFO:__main__:Total loss 0.3383
INFO:__main__:Predicted mean: -0.4029
INFO:__main__:Predicted uncertainity -0.1098
INFO:__main__:Completed epoch 20 of 100

INFO:__main__:NLL: 0.1496, L2: 0.0091, Reg: 0.0808
INFO:__main__:Total loss 0.2395
INFO:__main__:Predicted mean: -0.4151
INFO:__main__:Predicted uncertainity -0.1335
INFO:__main__:Completed epoch 21 of 100

INFO:__main__:NLL: 0.1480, L2: 0.0090, Reg: 0.0872
INFO:__main__:Total loss 0.2442
INFO:__main__:Predicted mean: -0.3918
INFO:__main__:Predicted uncertainity -0.1479
INFO:__main__:Completed epoch 22 of 100

INFO:__main__:NLL: 0.1259, L2: 0.0092, Reg: 0.0854
INFO:__main__:Total loss 0.2205
INFO:__main__:Predicted mean: -0.3803
INFO:__main__:Predicted uncertainity -0.1076
INFO:__main__:Completed epoch 23 of 100

INFO:__main__:NLL: 0.3480, L2: 0.0094, Reg: 0.0725
INFO:__main__:Total loss 0.4299
INFO:__main__:Predicted mean: -0.3638
INFO:__main__:Predicted uncertainity -0.1040
INFO:__main__:Completed epoch 24 of 100

INFO:__main__:NLL: 0.2561, L2: 0.0089, Reg: 0.0765
INFO:__main__:Total loss 0.3416
INFO:__main__:Predicted mean: -0.3945
INFO:__main__:Predicted uncertainity -0.1234
INFO:__main__:Completed epoch 25 of 100

INFO:__main__:NLL: 0.1122, L2: 0.0090, Reg: 0.0772
INFO:__main__:Total loss 0.1985
INFO:__main__:Predicted mean: -0.3999
INFO:__main__:Predicted uncertainity -0.0943
INFO:__main__:Completed epoch 26 of 100

INFO:__main__:NLL: 0.1928, L2: 0.0090, Reg: 0.0851
INFO:__main__:Total loss 0.2869
INFO:__main__:Predicted mean: -0.3615
INFO:__main__:Predicted uncertainity -0.1253
INFO:__main__:Completed epoch 27 of 100

INFO:__main__:NLL: 0.2355, L2: 0.0088, Reg: 0.0861
INFO:__main__:Total loss 0.3303
INFO:__main__:Predicted mean: -0.4133
INFO:__main__:Predicted uncertainity -0.1204
INFO:__main__:Completed epoch 28 of 100

INFO:__main__:NLL: 0.1849, L2: 0.0087, Reg: 0.0925
INFO:__main__:Total loss 0.2862
INFO:__main__:Predicted mean: -0.3758
INFO:__main__:Predicted uncertainity -0.2066
INFO:__main__:Completed epoch 29 of 100

INFO:__main__:NLL: 0.2304, L2: 0.0091, Reg: 0.0658
INFO:__main__:Total loss 0.3053
INFO:__main__:Predicted mean: -0.3736
INFO:__main__:Predicted uncertainity -0.1160
INFO:__main__:Completed epoch 30 of 100

INFO:__main__:NLL: 0.2377, L2: 0.0086, Reg: 0.0771
INFO:__main__:Total loss 0.3234
INFO:__main__:Predicted mean: -0.4181
INFO:__main__:Predicted uncertainity -0.1274
INFO:__main__:Completed epoch 31 of 100

INFO:__main__:NLL: 0.1355, L2: 0.0088, Reg: 0.0888
INFO:__main__:Total loss 0.2331
INFO:__main__:Predicted mean: -0.3682
INFO:__main__:Predicted uncertainity -0.1645
INFO:__main__:Completed epoch 32 of 100

INFO:__main__:NLL: 0.1956, L2: 0.0091, Reg: 0.0759
INFO:__main__:Total loss 0.2805
INFO:__main__:Predicted mean: -0.4144
INFO:__main__:Predicted uncertainity -0.0843
INFO:__main__:Completed epoch 33 of 100

INFO:__main__:NLL: 0.1935, L2: 0.0093, Reg: 0.0757
INFO:__main__:Total loss 0.2785
INFO:__main__:Predicted mean: -0.4008
INFO:__main__:Predicted uncertainity -0.1679
INFO:__main__:Completed epoch 34 of 100

INFO:__main__:NLL: 0.1192, L2: 0.0088, Reg: 0.0812
INFO:__main__:Total loss 0.2093
INFO:__main__:Predicted mean: -0.3862
INFO:__main__:Predicted uncertainity -0.1422
INFO:__main__:Completed epoch 35 of 100

INFO:__main__:NLL: 0.1448, L2: 0.0089, Reg: 0.0832
INFO:__main__:Total loss 0.2369
INFO:__main__:Predicted mean: -0.3631
INFO:__main__:Predicted uncertainity -0.1816
INFO:__main__:Completed epoch 36 of 100

INFO:__main__:NLL: 0.0708, L2: 0.0087, Reg: 0.0902
INFO:__main__:Total loss 0.1696
INFO:__main__:Predicted mean: -0.3861
INFO:__main__:Predicted uncertainity -0.1677
INFO:__main__:Completed epoch 37 of 100

INFO:__main__:NLL: 0.2690, L2: 0.0088, Reg: 0.0765
INFO:__main__:Total loss 0.3543
INFO:__main__:Predicted mean: -0.3916
INFO:__main__:Predicted uncertainity -0.1308
INFO:__main__:Completed epoch 38 of 100

INFO:__main__:NLL: 0.2135, L2: 0.0089, Reg: 0.0865
INFO:__main__:Total loss 0.3089
INFO:__main__:Predicted mean: -0.4013
INFO:__main__:Predicted uncertainity -0.1312
INFO:__main__:Completed epoch 39 of 100

INFO:__main__:NLL: 0.1570, L2: 0.0091, Reg: 0.0829
INFO:__main__:Total loss 0.2489
INFO:__main__:Predicted mean: -0.3630
INFO:__main__:Predicted uncertainity -0.1543
INFO:__main__:Completed epoch 40 of 100

INFO:__main__:NLL: 0.0993, L2: 0.0089, Reg: 0.0876
INFO:__main__:Total loss 0.1958
INFO:__main__:Predicted mean: -0.3480
INFO:__main__:Predicted uncertainity -0.1999
INFO:__main__:Completed epoch 41 of 100

INFO:__main__:NLL: 0.2387, L2: 0.0087, Reg: 0.0710
INFO:__main__:Total loss 0.3183
INFO:__main__:Predicted mean: -0.3851
INFO:__main__:Predicted uncertainity -0.1132
INFO:__main__:Completed epoch 42 of 100

INFO:__main__:NLL: 0.2086, L2: 0.0089, Reg: 0.0769
INFO:__main__:Total loss 0.2944
INFO:__main__:Predicted mean: -0.4082
INFO:__main__:Predicted uncertainity -0.1288
INFO:__main__:Completed epoch 43 of 100

INFO:__main__:NLL: 0.2109, L2: 0.0087, Reg: 0.0857
INFO:__main__:Total loss 0.3053
INFO:__main__:Predicted mean: -0.3894
INFO:__main__:Predicted uncertainity -0.1442
INFO:__main__:Completed epoch 44 of 100

INFO:__main__:NLL: 0.1805, L2: 0.0087, Reg: 0.0594
INFO:__main__:Total loss 0.2486
INFO:__main__:Predicted mean: -0.4212
INFO:__main__:Predicted uncertainity -0.0940
INFO:__main__:Completed epoch 45 of 100

INFO:__main__:NLL: 0.2576, L2: 0.0086, Reg: 0.0713
INFO:__main__:Total loss 0.3374
INFO:__main__:Predicted mean: -0.3881
INFO:__main__:Predicted uncertainity -0.1138
INFO:__main__:Completed epoch 46 of 100

INFO:__main__:NLL: 0.1382, L2: 0.0087, Reg: 0.0707
INFO:__main__:Total loss 0.2177
INFO:__main__:Predicted mean: -0.4080
INFO:__main__:Predicted uncertainity -0.1201
INFO:__main__:Completed epoch 47 of 100

INFO:__main__:NLL: 0.1281, L2: 0.0085, Reg: 0.0860
INFO:__main__:Total loss 0.2226
INFO:__main__:Predicted mean: -0.3937
INFO:__main__:Predicted uncertainity -0.2067
INFO:__main__:Completed epoch 48 of 100

INFO:__main__:NLL: 0.1908, L2: 0.0084, Reg: 0.0602
INFO:__main__:Total loss 0.2594
INFO:__main__:Predicted mean: -0.4120
INFO:__main__:Predicted uncertainity -0.1255
INFO:__main__:Completed epoch 49 of 100

INFO:__main__:NLL: 0.1465, L2: 0.0085, Reg: 0.0711
INFO:__main__:Total loss 0.2261
INFO:__main__:Predicted mean: -0.3982
INFO:__main__:Predicted uncertainity -0.1109
INFO:__main__:Completed epoch 50 of 100

INFO:__main__:NLL: 0.2790, L2: 0.0086, Reg: 0.0857
INFO:__main__:Total loss 0.3733
INFO:__main__:Predicted mean: -0.3725
INFO:__main__:Predicted uncertainity -0.1860
INFO:__main__:Completed epoch 51 of 100

INFO:__main__:NLL: 0.0717, L2: 0.0085, Reg: 0.0953
INFO:__main__:Total loss 0.1755
INFO:__main__:Predicted mean: -0.3988
INFO:__main__:Predicted uncertainity -0.2272
INFO:__main__:Completed epoch 52 of 100

INFO:__main__:NLL: 0.1975, L2: 0.0085, Reg: 0.0619
INFO:__main__:Total loss 0.2679
INFO:__main__:Predicted mean: -0.4030
INFO:__main__:Predicted uncertainity -0.0818
INFO:__main__:Completed epoch 53 of 100

INFO:__main__:NLL: 0.2499, L2: 0.0089, Reg: 0.0759
INFO:__main__:Total loss 0.3348
INFO:__main__:Predicted mean: -0.4277
INFO:__main__:Predicted uncertainity -0.1526
INFO:__main__:Completed epoch 54 of 100

INFO:__main__:NLL: 0.2621, L2: 0.0089, Reg: 0.0712
INFO:__main__:Total loss 0.3422
INFO:__main__:Predicted mean: -0.3623
INFO:__main__:Predicted uncertainity -0.1188
INFO:__main__:Completed epoch 55 of 100

INFO:__main__:NLL: 0.2991, L2: 0.0085, Reg: 0.0750
INFO:__main__:Total loss 0.3827
INFO:__main__:Predicted mean: -0.4214
INFO:__main__:Predicted uncertainity -0.1442
INFO:__main__:Completed epoch 56 of 100

INFO:__main__:NLL: 0.2193, L2: 0.0085, Reg: 0.0683
INFO:__main__:Total loss 0.2961
INFO:__main__:Predicted mean: -0.3994
INFO:__main__:Predicted uncertainity -0.1285
INFO:__main__:Completed epoch 57 of 100

INFO:__main__:NLL: 0.1116, L2: 0.0086, Reg: 0.0912
INFO:__main__:Total loss 0.2114
INFO:__main__:Predicted mean: -0.4273
INFO:__main__:Predicted uncertainity -0.1467
INFO:__main__:Completed epoch 58 of 100

INFO:__main__:NLL: 0.1324, L2: 0.0083, Reg: 0.0745
INFO:__main__:Total loss 0.2153
INFO:__main__:Predicted mean: -0.3727
INFO:__main__:Predicted uncertainity -0.1358
INFO:__main__:Completed epoch 59 of 100

INFO:__main__:NLL: 0.1065, L2: 0.0089, Reg: 0.0806
INFO:__main__:Total loss 0.1960
INFO:__main__:Predicted mean: -0.3669
INFO:__main__:Predicted uncertainity -0.1623
INFO:__main__:Completed epoch 60 of 100

INFO:__main__:NLL: 0.1501, L2: 0.0088, Reg: 0.0873
INFO:__main__:Total loss 0.2462
INFO:__main__:Predicted mean: -0.3769
INFO:__main__:Predicted uncertainity -0.1444
INFO:__main__:Completed epoch 61 of 100

INFO:__main__:NLL: 0.2916, L2: 0.0085, Reg: 0.0659
INFO:__main__:Total loss 0.3660
INFO:__main__:Predicted mean: -0.3847
INFO:__main__:Predicted uncertainity -0.0756
INFO:__main__:Completed epoch 62 of 100

INFO:__main__:NLL: 0.1639, L2: 0.0086, Reg: 0.0791
INFO:__main__:Total loss 0.2516
INFO:__main__:Predicted mean: -0.4252
INFO:__main__:Predicted uncertainity -0.0952
INFO:__main__:Completed epoch 63 of 100

INFO:__main__:NLL: 0.1652, L2: 0.0083, Reg: 0.0833
INFO:__main__:Total loss 0.2568
INFO:__main__:Predicted mean: -0.4010
INFO:__main__:Predicted uncertainity -0.1688
INFO:__main__:Completed epoch 64 of 100

INFO:__main__:NLL: 0.1398, L2: 0.0084, Reg: 0.0844
INFO:__main__:Total loss 0.2326
INFO:__main__:Predicted mean: -0.3968
INFO:__main__:Predicted uncertainity -0.1818
INFO:__main__:Completed epoch 65 of 100

INFO:__main__:NLL: 0.2472, L2: 0.0084, Reg: 0.0847
INFO:__main__:Total loss 0.3403
INFO:__main__:Predicted mean: -0.4194
INFO:__main__:Predicted uncertainity -0.1712
INFO:__main__:Completed epoch 66 of 100

INFO:__main__:NLL: 0.1529, L2: 0.0083, Reg: 0.0734
INFO:__main__:Total loss 0.2347
INFO:__main__:Predicted mean: -0.4119
INFO:__main__:Predicted uncertainity -0.1147
INFO:__main__:Completed epoch 67 of 100

INFO:__main__:NLL: 0.1687, L2: 0.0090, Reg: 0.0736
INFO:__main__:Total loss 0.2513
INFO:__main__:Predicted mean: -0.3945
INFO:__main__:Predicted uncertainity -0.1638
INFO:__main__:Completed epoch 68 of 100

INFO:__main__:NLL: 0.1216, L2: 0.0085, Reg: 0.0906
INFO:__main__:Total loss 0.2207
INFO:__main__:Predicted mean: -0.3542
INFO:__main__:Predicted uncertainity -0.1616
INFO:__main__:Completed epoch 69 of 100

INFO:__main__:NLL: 0.2466, L2: 0.0088, Reg: 0.0819
INFO:__main__:Total loss 0.3373
INFO:__main__:Predicted mean: -0.4308
INFO:__main__:Predicted uncertainity -0.1347
INFO:__main__:Completed epoch 70 of 100

INFO:__main__:NLL: 0.0663, L2: 0.0084, Reg: 0.0757
INFO:__main__:Total loss 0.1504
INFO:__main__:Predicted mean: -0.3806
INFO:__main__:Predicted uncertainity -0.1611
INFO:__main__:Completed epoch 71 of 100

INFO:__main__:NLL: 0.3015, L2: 0.0085, Reg: 0.1038
INFO:__main__:Total loss 0.4138
INFO:__main__:Predicted mean: -0.3881
INFO:__main__:Predicted uncertainity -0.1916
INFO:__main__:Completed epoch 72 of 100

INFO:__main__:NLL: 0.2901, L2: 0.0089, Reg: 0.0822
INFO:__main__:Total loss 0.3812
INFO:__main__:Predicted mean: -0.3866
INFO:__main__:Predicted uncertainity -0.0872
INFO:__main__:Completed epoch 73 of 100

INFO:__main__:NLL: 0.1609, L2: 0.0087, Reg: 0.0967
INFO:__main__:Total loss 0.2662
INFO:__main__:Predicted mean: -0.3610
INFO:__main__:Predicted uncertainity -0.1843
INFO:__main__:Completed epoch 74 of 100

INFO:__main__:NLL: 0.1658, L2: 0.0087, Reg: 0.0918
INFO:__main__:Total loss 0.2663
INFO:__main__:Predicted mean: -0.3840
INFO:__main__:Predicted uncertainity -0.1474
INFO:__main__:Completed epoch 75 of 100

INFO:__main__:NLL: 0.1788, L2: 0.0087, Reg: 0.0746
INFO:__main__:Total loss 0.2620
INFO:__main__:Predicted mean: -0.3726
INFO:__main__:Predicted uncertainity -0.1012
INFO:__main__:Completed epoch 76 of 100

INFO:__main__:NLL: 0.2724, L2: 0.0086, Reg: 0.0811
INFO:__main__:Total loss 0.3620
INFO:__main__:Predicted mean: -0.4228
INFO:__main__:Predicted uncertainity -0.0967
INFO:__main__:Completed epoch 77 of 100

INFO:__main__:NLL: 0.2560, L2: 0.0087, Reg: 0.0732
INFO:__main__:Total loss 0.3379
INFO:__main__:Predicted mean: -0.3728
INFO:__main__:Predicted uncertainity -0.1270
INFO:__main__:Completed epoch 78 of 100

INFO:__main__:NLL: 0.2344, L2: 0.0087, Reg: 0.0674
INFO:__main__:Total loss 0.3104
INFO:__main__:Predicted mean: -0.3879
INFO:__main__:Predicted uncertainity -0.1690
INFO:__main__:Completed epoch 79 of 100

INFO:__main__:NLL: 0.2126, L2: 0.0087, Reg: 0.0828
INFO:__main__:Total loss 0.3041
INFO:__main__:Predicted mean: -0.3692
INFO:__main__:Predicted uncertainity -0.1367
INFO:__main__:Completed epoch 80 of 100

INFO:__main__:NLL: 0.1131, L2: 0.0087, Reg: 0.0821
INFO:__main__:Total loss 0.2038
INFO:__main__:Predicted mean: -0.3683
INFO:__main__:Predicted uncertainity -0.1790
INFO:__main__:Completed epoch 81 of 100

INFO:__main__:NLL: 0.2267, L2: 0.0087, Reg: 0.0750
INFO:__main__:Total loss 0.3104
INFO:__main__:Predicted mean: -0.3544
INFO:__main__:Predicted uncertainity -0.0962
INFO:__main__:Completed epoch 82 of 100

INFO:__main__:NLL: 0.2011, L2: 0.0089, Reg: 0.0714
INFO:__main__:Total loss 0.2814
INFO:__main__:Predicted mean: -0.4437
INFO:__main__:Predicted uncertainity -0.0814
INFO:__main__:Completed epoch 83 of 100

INFO:__main__:NLL: 0.3054, L2: 0.0086, Reg: 0.0809
INFO:__main__:Total loss 0.3949
INFO:__main__:Predicted mean: -0.3822
INFO:__main__:Predicted uncertainity -0.1689
INFO:__main__:Completed epoch 84 of 100

INFO:__main__:NLL: 0.2108, L2: 0.0091, Reg: 0.0598
INFO:__main__:Total loss 0.2797
INFO:__main__:Predicted mean: -0.3700
INFO:__main__:Predicted uncertainity -0.1074
INFO:__main__:Completed epoch 85 of 100

INFO:__main__:NLL: 0.0689, L2: 0.0086, Reg: 0.1058
INFO:__main__:Total loss 0.1833
INFO:__main__:Predicted mean: -0.3852
INFO:__main__:Predicted uncertainity -0.1901
INFO:__main__:Completed epoch 86 of 100

INFO:__main__:NLL: 0.1980, L2: 0.0083, Reg: 0.0827
INFO:__main__:Total loss 0.2890
INFO:__main__:Predicted mean: -0.3791
INFO:__main__:Predicted uncertainity -0.1809
INFO:__main__:Completed epoch 87 of 100

INFO:__main__:NLL: 0.1755, L2: 0.0090, Reg: 0.0829
INFO:__main__:Total loss 0.2673
INFO:__main__:Predicted mean: -0.3713
INFO:__main__:Predicted uncertainity -0.1928
INFO:__main__:Completed epoch 88 of 100

INFO:__main__:NLL: 0.2124, L2: 0.0088, Reg: 0.0736
INFO:__main__:Total loss 0.2948
INFO:__main__:Predicted mean: -0.3723
INFO:__main__:Predicted uncertainity -0.1607
INFO:__main__:Completed epoch 89 of 100

INFO:__main__:NLL: 0.1897, L2: 0.0088, Reg: 0.0936
INFO:__main__:Total loss 0.2921
INFO:__main__:Predicted mean: -0.3801
INFO:__main__:Predicted uncertainity -0.1357
INFO:__main__:Completed epoch 90 of 100

INFO:__main__:NLL: 0.2331, L2: 0.0088, Reg: 0.0830
INFO:__main__:Total loss 0.3248
INFO:__main__:Predicted mean: -0.4080
INFO:__main__:Predicted uncertainity -0.1700
INFO:__main__:Completed epoch 91 of 100

INFO:__main__:NLL: 0.2108, L2: 0.0089, Reg: 0.0989
INFO:__main__:Total loss 0.3186
INFO:__main__:Predicted mean: -0.3658
INFO:__main__:Predicted uncertainity -0.1977
INFO:__main__:Completed epoch 92 of 100

INFO:__main__:NLL: 0.1580, L2: 0.0087, Reg: 0.0813
INFO:__main__:Total loss 0.2480
INFO:__main__:Predicted mean: -0.3699
INFO:__main__:Predicted uncertainity -0.1506
INFO:__main__:Completed epoch 93 of 100

INFO:__main__:NLL: 0.1492, L2: 0.0090, Reg: 0.0880
INFO:__main__:Total loss 0.2462
INFO:__main__:Predicted mean: -0.3652
INFO:__main__:Predicted uncertainity -0.1661
INFO:__main__:Completed epoch 94 of 100

INFO:__main__:NLL: 0.2176, L2: 0.0087, Reg: 0.0684
INFO:__main__:Total loss 0.2947
INFO:__main__:Predicted mean: -0.3997
INFO:__main__:Predicted uncertainity -0.1532
INFO:__main__:Completed epoch 95 of 100

INFO:__main__:NLL: 0.3652, L2: 0.0088, Reg: 0.0760
INFO:__main__:Total loss 0.4500
INFO:__main__:Predicted mean: -0.4260
INFO:__main__:Predicted uncertainity -0.1250
INFO:__main__:Completed epoch 96 of 100

INFO:__main__:NLL: 0.1625, L2: 0.0090, Reg: 0.0718
INFO:__main__:Total loss 0.2433
INFO:__main__:Predicted mean: -0.4143
INFO:__main__:Predicted uncertainity -0.0949
INFO:__main__:Completed epoch 97 of 100

INFO:__main__:NLL: 0.1384, L2: 0.0085, Reg: 0.0779
INFO:__main__:Total loss 0.2248
INFO:__main__:Predicted mean: -0.3899
INFO:__main__:Predicted uncertainity -0.1797
INFO:__main__:Completed epoch 98 of 100

INFO:__main__:NLL: 0.1535, L2: 0.0085, Reg: 0.0866
INFO:__main__:Total loss 0.2487
INFO:__main__:Predicted mean: -0.4349
INFO:__main__:Predicted uncertainity -0.1896
INFO:__main__:Completed epoch 99 of 100

INFO:__main__:NLL: 0.1765, L2: 0.0083, Reg: 0.0747
INFO:__main__:Total loss 0.2594
INFO:__main__:Predicted mean: -0.3941
INFO:__main__:Predicted uncertainity -0.1701
INFO:__main__:Completed epoch 100 of 100

INFO:__main__:356.425417 s
