INFO:__main__:PROCESS RUNNING ON cpu
INFO:__main__:NLL: 0.2515, L2: 0.0069, Reg: 0.0017
INFO:__main__:Total loss 0.2600
INFO:__main__:Predicted mean: -0.3809
INFO:__main__:Predicted uncertainity -0.6997
INFO:__main__:Completed epoch 1 of 100

INFO:__main__:NLL: 0.0153, L2: 0.0073, Reg: 0.0016
INFO:__main__:Total loss 0.0242
INFO:__main__:Predicted mean: -0.3802
INFO:__main__:Predicted uncertainity -0.7476
INFO:__main__:Completed epoch 2 of 100

INFO:__main__:NLL: 0.0235, L2: 0.0077, Reg: 0.0016
INFO:__main__:Total loss 0.0328
INFO:__main__:Predicted mean: -0.4274
INFO:__main__:Predicted uncertainity -0.6770
INFO:__main__:Completed epoch 3 of 100

INFO:__main__:NLL: -0.0120, L2: 0.0079, Reg: 0.0016
INFO:__main__:Total loss -0.0025
INFO:__main__:Predicted mean: -0.3422
INFO:__main__:Predicted uncertainity -0.7585
INFO:__main__:Completed epoch 4 of 100

INFO:__main__:NLL: -0.0591, L2: 0.0083, Reg: 0.0017
INFO:__main__:Total loss -0.0492
INFO:__main__:Predicted mean: -0.3703
INFO:__main__:Predicted uncertainity -0.8031
INFO:__main__:Completed epoch 5 of 100

INFO:__main__:NLL: 0.1235, L2: 0.0081, Reg: 0.0016
INFO:__main__:Total loss 0.1332
INFO:__main__:Predicted mean: -0.4296
INFO:__main__:Predicted uncertainity -0.7289
INFO:__main__:Completed epoch 6 of 100

INFO:__main__:NLL: 0.1177, L2: 0.0080, Reg: 0.0017
INFO:__main__:Total loss 0.1274
INFO:__main__:Predicted mean: -0.3250
INFO:__main__:Predicted uncertainity -0.6316
INFO:__main__:Completed epoch 7 of 100

INFO:__main__:NLL: 0.2191, L2: 0.0083, Reg: 0.0016
INFO:__main__:Total loss 0.2290
INFO:__main__:Predicted mean: -0.3259
INFO:__main__:Predicted uncertainity -0.7358
INFO:__main__:Completed epoch 8 of 100

INFO:__main__:NLL: 0.0113, L2: 0.0080, Reg: 0.0017
INFO:__main__:Total loss 0.0209
INFO:__main__:Predicted mean: -0.3300
INFO:__main__:Predicted uncertainity -0.8014
INFO:__main__:Completed epoch 9 of 100

INFO:__main__:NLL: 0.3285, L2: 0.0089, Reg: 0.0017
INFO:__main__:Total loss 0.3390
INFO:__main__:Predicted mean: -0.3971
INFO:__main__:Predicted uncertainity -0.7548
INFO:__main__:Completed epoch 10 of 100

INFO:__main__:NLL: 0.0734, L2: 0.0086, Reg: 0.0016
INFO:__main__:Total loss 0.0837
INFO:__main__:Predicted mean: -0.4353
INFO:__main__:Predicted uncertainity -0.8775
INFO:__main__:Completed epoch 11 of 100

INFO:__main__:NLL: 0.1839, L2: 0.0088, Reg: 0.0017
INFO:__main__:Total loss 0.1944
INFO:__main__:Predicted mean: -0.3601
INFO:__main__:Predicted uncertainity -0.6811
INFO:__main__:Completed epoch 12 of 100

INFO:__main__:NLL: -0.0087, L2: 0.0091, Reg: 0.0016
INFO:__main__:Total loss 0.0020
INFO:__main__:Predicted mean: -0.3404
INFO:__main__:Predicted uncertainity -0.8506
INFO:__main__:Completed epoch 13 of 100

INFO:__main__:NLL: 0.3416, L2: 0.0088, Reg: 0.0016
INFO:__main__:Total loss 0.3520
INFO:__main__:Predicted mean: -0.3539
INFO:__main__:Predicted uncertainity -0.8149
INFO:__main__:Completed epoch 14 of 100

INFO:__main__:NLL: 0.1914, L2: 0.0092, Reg: 0.0016
INFO:__main__:Total loss 0.2022
INFO:__main__:Predicted mean: -0.3662
INFO:__main__:Predicted uncertainity -0.7651
INFO:__main__:Completed epoch 15 of 100

INFO:__main__:NLL: 0.2571, L2: 0.0092, Reg: 0.0017
INFO:__main__:Total loss 0.2679
INFO:__main__:Predicted mean: -0.3528
INFO:__main__:Predicted uncertainity -0.8559
INFO:__main__:Completed epoch 16 of 100

INFO:__main__:NLL: 0.0383, L2: 0.0088, Reg: 0.0016
INFO:__main__:Total loss 0.0487
INFO:__main__:Predicted mean: -0.3759
INFO:__main__:Predicted uncertainity -0.7624
INFO:__main__:Completed epoch 17 of 100

INFO:__main__:NLL: 0.2208, L2: 0.0088, Reg: 0.0016
INFO:__main__:Total loss 0.2312
INFO:__main__:Predicted mean: -0.4561
INFO:__main__:Predicted uncertainity -0.7279
INFO:__main__:Completed epoch 18 of 100

INFO:__main__:NLL: -0.1147, L2: 0.0084, Reg: 0.0016
INFO:__main__:Total loss -0.1046
INFO:__main__:Predicted mean: -0.4247
INFO:__main__:Predicted uncertainity -0.7400
INFO:__main__:Completed epoch 19 of 100

INFO:__main__:NLL: 0.1243, L2: 0.0086, Reg: 0.0016
INFO:__main__:Total loss 0.1345
INFO:__main__:Predicted mean: -0.3854
INFO:__main__:Predicted uncertainity -0.6857
INFO:__main__:Completed epoch 20 of 100

INFO:__main__:NLL: 0.0144, L2: 0.0089, Reg: 0.0016
INFO:__main__:Total loss 0.0249
INFO:__main__:Predicted mean: -0.3970
INFO:__main__:Predicted uncertainity -0.6346
INFO:__main__:Completed epoch 21 of 100

INFO:__main__:NLL: 0.0096, L2: 0.0086, Reg: 0.0016
INFO:__main__:Total loss 0.0198
INFO:__main__:Predicted mean: -0.4015
INFO:__main__:Predicted uncertainity -0.8100
INFO:__main__:Completed epoch 22 of 100

INFO:__main__:NLL: -0.0210, L2: 0.0089, Reg: 0.0017
INFO:__main__:Total loss -0.0104
INFO:__main__:Predicted mean: -0.3726
INFO:__main__:Predicted uncertainity -0.8091
INFO:__main__:Completed epoch 23 of 100

INFO:__main__:NLL: 0.4202, L2: 0.0091, Reg: 0.0016
INFO:__main__:Total loss 0.4309
INFO:__main__:Predicted mean: -0.3711
INFO:__main__:Predicted uncertainity -0.7644
INFO:__main__:Completed epoch 24 of 100

INFO:__main__:NLL: 0.1453, L2: 0.0085, Reg: 0.0016
INFO:__main__:Total loss 0.1555
INFO:__main__:Predicted mean: -0.3639
INFO:__main__:Predicted uncertainity -0.7484
INFO:__main__:Completed epoch 25 of 100

INFO:__main__:NLL: -0.0783, L2: 0.0087, Reg: 0.0016
INFO:__main__:Total loss -0.0680
INFO:__main__:Predicted mean: -0.3538
INFO:__main__:Predicted uncertainity -0.6926
INFO:__main__:Completed epoch 26 of 100

INFO:__main__:NLL: 0.2606, L2: 0.0087, Reg: 0.0016
INFO:__main__:Total loss 0.2709
INFO:__main__:Predicted mean: -0.3249
INFO:__main__:Predicted uncertainity -0.7662
INFO:__main__:Completed epoch 27 of 100

INFO:__main__:NLL: 0.1633, L2: 0.0087, Reg: 0.0016
INFO:__main__:Total loss 0.1736
INFO:__main__:Predicted mean: -0.3616
INFO:__main__:Predicted uncertainity -0.6421
INFO:__main__:Completed epoch 28 of 100

INFO:__main__:NLL: 0.1224, L2: 0.0092, Reg: 0.0016
INFO:__main__:Total loss 0.1333
INFO:__main__:Predicted mean: -0.3389
INFO:__main__:Predicted uncertainity -0.7442
INFO:__main__:Completed epoch 29 of 100

INFO:__main__:NLL: 0.1801, L2: 0.0093, Reg: 0.0016
INFO:__main__:Total loss 0.1911
INFO:__main__:Predicted mean: -0.3386
INFO:__main__:Predicted uncertainity -0.6783
INFO:__main__:Completed epoch 30 of 100

INFO:__main__:NLL: 0.1846, L2: 0.0084, Reg: 0.0016
INFO:__main__:Total loss 0.1947
INFO:__main__:Predicted mean: -0.4232
INFO:__main__:Predicted uncertainity -0.7348
INFO:__main__:Completed epoch 31 of 100

INFO:__main__:NLL: -0.0349, L2: 0.0086, Reg: 0.0016
INFO:__main__:Total loss -0.0246
INFO:__main__:Predicted mean: -0.3550
INFO:__main__:Predicted uncertainity -0.8138
INFO:__main__:Completed epoch 32 of 100

INFO:__main__:NLL: 0.0927, L2: 0.0088, Reg: 0.0016
INFO:__main__:Total loss 0.1031
INFO:__main__:Predicted mean: -0.3801
INFO:__main__:Predicted uncertainity -0.7383
INFO:__main__:Completed epoch 33 of 100

INFO:__main__:NLL: -0.0107, L2: 0.0089, Reg: 0.0016
INFO:__main__:Total loss -0.0001
INFO:__main__:Predicted mean: -0.3838
INFO:__main__:Predicted uncertainity -0.7674
INFO:__main__:Completed epoch 34 of 100

INFO:__main__:NLL: -0.0711, L2: 0.0089, Reg: 0.0016
INFO:__main__:Total loss -0.0605
INFO:__main__:Predicted mean: -0.4014
INFO:__main__:Predicted uncertainity -0.7827
INFO:__main__:Completed epoch 35 of 100

INFO:__main__:NLL: 0.0841, L2: 0.0082, Reg: 0.0016
INFO:__main__:Total loss 0.0940
INFO:__main__:Predicted mean: -0.3093
INFO:__main__:Predicted uncertainity -0.7855
INFO:__main__:Completed epoch 36 of 100

INFO:__main__:NLL: -0.1017, L2: 0.0087, Reg: 0.0016
INFO:__main__:Total loss -0.0914
INFO:__main__:Predicted mean: -0.3429
INFO:__main__:Predicted uncertainity -0.9014
INFO:__main__:Completed epoch 37 of 100

INFO:__main__:NLL: 0.2301, L2: 0.0086, Reg: 0.0016
INFO:__main__:Total loss 0.2403
INFO:__main__:Predicted mean: -0.3554
INFO:__main__:Predicted uncertainity -0.8475
INFO:__main__:Completed epoch 38 of 100

INFO:__main__:NLL: 0.0322, L2: 0.0091, Reg: 0.0016
INFO:__main__:Total loss 0.0430
INFO:__main__:Predicted mean: -0.4037
INFO:__main__:Predicted uncertainity -0.7136
INFO:__main__:Completed epoch 39 of 100

INFO:__main__:NLL: 0.1252, L2: 0.0087, Reg: 0.0016
INFO:__main__:Total loss 0.1355
INFO:__main__:Predicted mean: -0.4178
INFO:__main__:Predicted uncertainity -0.6490
INFO:__main__:Completed epoch 40 of 100

INFO:__main__:NLL: -0.0539, L2: 0.0080, Reg: 0.0016
INFO:__main__:Total loss -0.0442
INFO:__main__:Predicted mean: -0.4040
INFO:__main__:Predicted uncertainity -0.7295
INFO:__main__:Completed epoch 41 of 100

INFO:__main__:NLL: 0.0687, L2: 0.0078, Reg: 0.0016
INFO:__main__:Total loss 0.0782
INFO:__main__:Predicted mean: -0.3809
INFO:__main__:Predicted uncertainity -0.6845
INFO:__main__:Completed epoch 42 of 100

INFO:__main__:NLL: 0.1739, L2: 0.0079, Reg: 0.0016
INFO:__main__:Total loss 0.1834
INFO:__main__:Predicted mean: -0.4066
INFO:__main__:Predicted uncertainity -0.8097
INFO:__main__:Completed epoch 43 of 100

INFO:__main__:NLL: 0.3108, L2: 0.0081, Reg: 0.0016
INFO:__main__:Total loss 0.3206
INFO:__main__:Predicted mean: -0.4355
INFO:__main__:Predicted uncertainity -0.7408
INFO:__main__:Completed epoch 44 of 100

INFO:__main__:NLL: 0.1015, L2: 0.0082, Reg: 0.0016
INFO:__main__:Total loss 0.1114
INFO:__main__:Predicted mean: -0.3668
INFO:__main__:Predicted uncertainity -0.7533
INFO:__main__:Completed epoch 45 of 100

INFO:__main__:NLL: 0.0969, L2: 0.0084, Reg: 0.0016
INFO:__main__:Total loss 0.1070
INFO:__main__:Predicted mean: -0.3859
INFO:__main__:Predicted uncertainity -0.7271
INFO:__main__:Completed epoch 46 of 100

INFO:__main__:NLL: 0.0171, L2: 0.0085, Reg: 0.0016
INFO:__main__:Total loss 0.0272
INFO:__main__:Predicted mean: -0.4058
INFO:__main__:Predicted uncertainity -0.7396
INFO:__main__:Completed epoch 47 of 100

INFO:__main__:NLL: 0.1070, L2: 0.0084, Reg: 0.0016
INFO:__main__:Total loss 0.1170
INFO:__main__:Predicted mean: -0.3789
INFO:__main__:Predicted uncertainity -0.8088
INFO:__main__:Completed epoch 48 of 100

INFO:__main__:NLL: -0.0148, L2: 0.0083, Reg: 0.0016
INFO:__main__:Total loss -0.0049
INFO:__main__:Predicted mean: -0.3536
INFO:__main__:Predicted uncertainity -0.6357
INFO:__main__:Completed epoch 49 of 100

INFO:__main__:NLL: 0.0487, L2: 0.0086, Reg: 0.0016
INFO:__main__:Total loss 0.0589
INFO:__main__:Predicted mean: -0.3470
INFO:__main__:Predicted uncertainity -0.7290
INFO:__main__:Completed epoch 50 of 100

INFO:__main__:NLL: 0.5070, L2: 0.0081, Reg: 0.0017
INFO:__main__:Total loss 0.5167
INFO:__main__:Predicted mean: -0.4015
INFO:__main__:Predicted uncertainity -0.8844
INFO:__main__:Completed epoch 51 of 100

INFO:__main__:NLL: -0.1254, L2: 0.0082, Reg: 0.0016
INFO:__main__:Total loss -0.1155
INFO:__main__:Predicted mean: -0.3771
INFO:__main__:Predicted uncertainity -0.7636
INFO:__main__:Completed epoch 52 of 100

INFO:__main__:NLL: 0.0208, L2: 0.0086, Reg: 0.0016
INFO:__main__:Total loss 0.0310
INFO:__main__:Predicted mean: -0.3636
INFO:__main__:Predicted uncertainity -0.5724
INFO:__main__:Completed epoch 53 of 100

INFO:__main__:NLL: 0.2319, L2: 0.0085, Reg: 0.0016
INFO:__main__:Total loss 0.2420
INFO:__main__:Predicted mean: -0.3428
INFO:__main__:Predicted uncertainity -0.7222
INFO:__main__:Completed epoch 54 of 100

INFO:__main__:NLL: 0.3142, L2: 0.0088, Reg: 0.0016
INFO:__main__:Total loss 0.3246
INFO:__main__:Predicted mean: -0.3714
INFO:__main__:Predicted uncertainity -0.7303
INFO:__main__:Completed epoch 55 of 100

INFO:__main__:NLL: 0.3102, L2: 0.0083, Reg: 0.0016
INFO:__main__:Total loss 0.3201
INFO:__main__:Predicted mean: -0.4088
INFO:__main__:Predicted uncertainity -0.7502
INFO:__main__:Completed epoch 56 of 100

INFO:__main__:NLL: 0.0676, L2: 0.0079, Reg: 0.0016
INFO:__main__:Total loss 0.0772
INFO:__main__:Predicted mean: -0.3433
INFO:__main__:Predicted uncertainity -0.7225
INFO:__main__:Completed epoch 57 of 100

INFO:__main__:NLL: -0.0666, L2: 0.0080, Reg: 0.0017
INFO:__main__:Total loss -0.0570
INFO:__main__:Predicted mean: -0.4575
INFO:__main__:Predicted uncertainity -0.7237
INFO:__main__:Completed epoch 58 of 100

INFO:__main__:NLL: 0.0187, L2: 0.0085, Reg: 0.0016
INFO:__main__:Total loss 0.0288
INFO:__main__:Predicted mean: -0.3449
INFO:__main__:Predicted uncertainity -0.6660
INFO:__main__:Completed epoch 59 of 100

INFO:__main__:NLL: 0.0106, L2: 0.0084, Reg: 0.0016
INFO:__main__:Total loss 0.0207
INFO:__main__:Predicted mean: -0.3705
INFO:__main__:Predicted uncertainity -0.7679
INFO:__main__:Completed epoch 60 of 100

INFO:__main__:NLL: 0.0942, L2: 0.0085, Reg: 0.0016
INFO:__main__:Total loss 0.1044
INFO:__main__:Predicted mean: -0.3117
INFO:__main__:Predicted uncertainity -0.7439
INFO:__main__:Completed epoch 61 of 100

INFO:__main__:NLL: 0.2594, L2: 0.0085, Reg: 0.0016
INFO:__main__:Total loss 0.2696
INFO:__main__:Predicted mean: -0.3571
INFO:__main__:Predicted uncertainity -0.7127
INFO:__main__:Completed epoch 62 of 100

INFO:__main__:NLL: 0.0382, L2: 0.0080, Reg: 0.0016
INFO:__main__:Total loss 0.0478
INFO:__main__:Predicted mean: -0.4765
INFO:__main__:Predicted uncertainity -0.7779
INFO:__main__:Completed epoch 63 of 100

INFO:__main__:NLL: -0.0447, L2: 0.0082, Reg: 0.0016
INFO:__main__:Total loss -0.0349
INFO:__main__:Predicted mean: -0.3325
INFO:__main__:Predicted uncertainity -0.7664
INFO:__main__:Completed epoch 64 of 100

INFO:__main__:NLL: 0.0154, L2: 0.0087, Reg: 0.0016
INFO:__main__:Total loss 0.0258
INFO:__main__:Predicted mean: -0.3563
INFO:__main__:Predicted uncertainity -0.8049
INFO:__main__:Completed epoch 65 of 100

INFO:__main__:NLL: 0.1455, L2: 0.0092, Reg: 0.0016
INFO:__main__:Total loss 0.1564
INFO:__main__:Predicted mean: -0.4149
INFO:__main__:Predicted uncertainity -0.7147
INFO:__main__:Completed epoch 66 of 100

INFO:__main__:NLL: 0.0231, L2: 0.0087, Reg: 0.0016
INFO:__main__:Total loss 0.0334
INFO:__main__:Predicted mean: -0.3700
INFO:__main__:Predicted uncertainity -0.7257
INFO:__main__:Completed epoch 67 of 100

INFO:__main__:NLL: 0.0148, L2: 0.0089, Reg: 0.0016
INFO:__main__:Total loss 0.0253
INFO:__main__:Predicted mean: -0.3608
INFO:__main__:Predicted uncertainity -0.7956
INFO:__main__:Completed epoch 68 of 100

INFO:__main__:NLL: -0.0222, L2: 0.0087, Reg: 0.0016
INFO:__main__:Total loss -0.0118
INFO:__main__:Predicted mean: -0.3916
INFO:__main__:Predicted uncertainity -0.7576
INFO:__main__:Completed epoch 69 of 100

INFO:__main__:NLL: 0.3350, L2: 0.0092, Reg: 0.0017
INFO:__main__:Total loss 0.3458
INFO:__main__:Predicted mean: -0.4448
INFO:__main__:Predicted uncertainity -0.7227
INFO:__main__:Completed epoch 70 of 100

INFO:__main__:NLL: -0.1149, L2: 0.0091, Reg: 0.0016
INFO:__main__:Total loss -0.1042
INFO:__main__:Predicted mean: -0.3840
INFO:__main__:Predicted uncertainity -0.7920
INFO:__main__:Completed epoch 71 of 100

INFO:__main__:NLL: 0.3452, L2: 0.0088, Reg: 0.0017
INFO:__main__:Total loss 0.3557
INFO:__main__:Predicted mean: -0.3921
INFO:__main__:Predicted uncertainity -0.8176
INFO:__main__:Completed epoch 72 of 100

INFO:__main__:NLL: 0.4095, L2: 0.0089, Reg: 0.0016
INFO:__main__:Total loss 0.4201
INFO:__main__:Predicted mean: -0.3809
INFO:__main__:Predicted uncertainity -0.8179
INFO:__main__:Completed epoch 73 of 100

INFO:__main__:NLL: 0.1773, L2: 0.0089, Reg: 0.0017
INFO:__main__:Total loss 0.1878
INFO:__main__:Predicted mean: -0.3773
INFO:__main__:Predicted uncertainity -0.9029
INFO:__main__:Completed epoch 74 of 100

INFO:__main__:NLL: -0.0195, L2: 0.0092, Reg: 0.0016
INFO:__main__:Total loss -0.0086
INFO:__main__:Predicted mean: -0.3945
INFO:__main__:Predicted uncertainity -0.7686
INFO:__main__:Completed epoch 75 of 100

INFO:__main__:NLL: 0.0872, L2: 0.0092, Reg: 0.0016
INFO:__main__:Total loss 0.0980
INFO:__main__:Predicted mean: -0.3839
INFO:__main__:Predicted uncertainity -0.7069
INFO:__main__:Completed epoch 76 of 100

INFO:__main__:NLL: 0.1593, L2: 0.0089, Reg: 0.0016
INFO:__main__:Total loss 0.1699
INFO:__main__:Predicted mean: -0.3985
INFO:__main__:Predicted uncertainity -0.7506
INFO:__main__:Completed epoch 77 of 100

INFO:__main__:NLL: 0.2612, L2: 0.0091, Reg: 0.0016
INFO:__main__:Total loss 0.2719
INFO:__main__:Predicted mean: -0.3710
INFO:__main__:Predicted uncertainity -0.6859
INFO:__main__:Completed epoch 78 of 100

INFO:__main__:NLL: 0.2776, L2: 0.0089, Reg: 0.0016
INFO:__main__:Total loss 0.2881
INFO:__main__:Predicted mean: -0.3131
INFO:__main__:Predicted uncertainity -0.6249
INFO:__main__:Completed epoch 79 of 100

INFO:__main__:NLL: 0.0690, L2: 0.0093, Reg: 0.0017
INFO:__main__:Total loss 0.0799
INFO:__main__:Predicted mean: -0.3694
INFO:__main__:Predicted uncertainity -0.7211
INFO:__main__:Completed epoch 80 of 100

INFO:__main__:NLL: 0.0273, L2: 0.0091, Reg: 0.0016
INFO:__main__:Total loss 0.0381
INFO:__main__:Predicted mean: -0.4009
INFO:__main__:Predicted uncertainity -0.7879
INFO:__main__:Completed epoch 81 of 100

INFO:__main__:NLL: 0.0563, L2: 0.0086, Reg: 0.0016
INFO:__main__:Total loss 0.0665
INFO:__main__:Predicted mean: -0.3765
INFO:__main__:Predicted uncertainity -0.8356
INFO:__main__:Completed epoch 82 of 100

INFO:__main__:NLL: 0.0449, L2: 0.0086, Reg: 0.0017
INFO:__main__:Total loss 0.0552
INFO:__main__:Predicted mean: -0.3990
INFO:__main__:Predicted uncertainity -0.7930
INFO:__main__:Completed epoch 83 of 100

INFO:__main__:NLL: 0.2814, L2: 0.0084, Reg: 0.0016
INFO:__main__:Total loss 0.2914
INFO:__main__:Predicted mean: -0.3467
INFO:__main__:Predicted uncertainity -0.7080
INFO:__main__:Completed epoch 84 of 100

INFO:__main__:NLL: 0.1571, L2: 0.0085, Reg: 0.0016
INFO:__main__:Total loss 0.1672
INFO:__main__:Predicted mean: -0.3703
INFO:__main__:Predicted uncertainity -0.6275
INFO:__main__:Completed epoch 85 of 100

INFO:__main__:NLL: -0.1259, L2: 0.0090, Reg: 0.0017
INFO:__main__:Total loss -0.1153
INFO:__main__:Predicted mean: -0.4184
INFO:__main__:Predicted uncertainity -0.7087
INFO:__main__:Completed epoch 86 of 100

INFO:__main__:NLL: 0.0857, L2: 0.0086, Reg: 0.0016
INFO:__main__:Total loss 0.0959
INFO:__main__:Predicted mean: -0.3663
INFO:__main__:Predicted uncertainity -0.7112
INFO:__main__:Completed epoch 87 of 100

INFO:__main__:NLL: 0.1068, L2: 0.0082, Reg: 0.0016
INFO:__main__:Total loss 0.1167
INFO:__main__:Predicted mean: -0.3468
INFO:__main__:Predicted uncertainity -0.7371
INFO:__main__:Completed epoch 88 of 100

INFO:__main__:NLL: 0.0753, L2: 0.0081, Reg: 0.0016
INFO:__main__:Total loss 0.0850
INFO:__main__:Predicted mean: -0.3368
INFO:__main__:Predicted uncertainity -0.7441
INFO:__main__:Completed epoch 89 of 100

INFO:__main__:NLL: 0.1609, L2: 0.0083, Reg: 0.0017
INFO:__main__:Total loss 0.1708
INFO:__main__:Predicted mean: -0.4074
INFO:__main__:Predicted uncertainity -0.6731
INFO:__main__:Completed epoch 90 of 100

INFO:__main__:NLL: 0.1417, L2: 0.0082, Reg: 0.0016
INFO:__main__:Total loss 0.1515
INFO:__main__:Predicted mean: -0.3952
INFO:__main__:Predicted uncertainity -0.7574
INFO:__main__:Completed epoch 91 of 100

INFO:__main__:NLL: 0.1018, L2: 0.0082, Reg: 0.0017
INFO:__main__:Total loss 0.1117
INFO:__main__:Predicted mean: -0.3793
INFO:__main__:Predicted uncertainity -0.8529
INFO:__main__:Completed epoch 92 of 100

INFO:__main__:NLL: -0.0089, L2: 0.0084, Reg: 0.0016
INFO:__main__:Total loss 0.0011
INFO:__main__:Predicted mean: -0.3748
INFO:__main__:Predicted uncertainity -0.7136
INFO:__main__:Completed epoch 93 of 100

INFO:__main__:NLL: 0.0203, L2: 0.0090, Reg: 0.0016
INFO:__main__:Total loss 0.0310
INFO:__main__:Predicted mean: -0.3301
INFO:__main__:Predicted uncertainity -0.6528
INFO:__main__:Completed epoch 94 of 100

INFO:__main__:NLL: 0.2059, L2: 0.0081, Reg: 0.0016
INFO:__main__:Total loss 0.2156
INFO:__main__:Predicted mean: -0.3913
INFO:__main__:Predicted uncertainity -0.6657
INFO:__main__:Completed epoch 95 of 100

INFO:__main__:NLL: 0.2257, L2: 0.0081, Reg: 0.0016
INFO:__main__:Total loss 0.2354
INFO:__main__:Predicted mean: -0.4104
INFO:__main__:Predicted uncertainity -0.8741
INFO:__main__:Completed epoch 96 of 100

INFO:__main__:NLL: 0.0574, L2: 0.0084, Reg: 0.0016
INFO:__main__:Total loss 0.0674
INFO:__main__:Predicted mean: -0.2646
INFO:__main__:Predicted uncertainity -0.7504
INFO:__main__:Completed epoch 97 of 100

INFO:__main__:NLL: 0.1101, L2: 0.0083, Reg: 0.0017
INFO:__main__:Total loss 0.1201
INFO:__main__:Predicted mean: -0.3587
INFO:__main__:Predicted uncertainity -0.6793
INFO:__main__:Completed epoch 98 of 100

INFO:__main__:NLL: 0.2064, L2: 0.0083, Reg: 0.0017
INFO:__main__:Total loss 0.2164
INFO:__main__:Predicted mean: -0.4460
INFO:__main__:Predicted uncertainity -0.8293
INFO:__main__:Completed epoch 99 of 100

INFO:__main__:NLL: 0.1534, L2: 0.0087, Reg: 0.0016
INFO:__main__:Total loss 0.1638
INFO:__main__:Predicted mean: -0.3848
INFO:__main__:Predicted uncertainity -0.8090
INFO:__main__:Completed epoch 100 of 100

INFO:__main__:477.787730 s
