INFO:__main__:PROCESS RUNNING ON cpu
INFO:__main__:NLL: 0.1120, L2: 0.0633, Reg: 0.0014
INFO:__main__:Total loss 0.1767
INFO:__main__:Predicted mean: -0.5401
INFO:__main__:Predicted uncertainity -0.7856
INFO:__main__:Completed epoch 1 of 100

INFO:__main__:NLL: 0.2230, L2: 0.0538, Reg: 0.0014
INFO:__main__:Total loss 0.2782
INFO:__main__:Predicted mean: -0.4921
INFO:__main__:Predicted uncertainity -0.6035
INFO:__main__:Completed epoch 2 of 100

INFO:__main__:NLL: 0.1477, L2: 0.0467, Reg: 0.0014
INFO:__main__:Total loss 0.1958
INFO:__main__:Predicted mean: -0.4483
INFO:__main__:Predicted uncertainity -0.7544
INFO:__main__:Completed epoch 3 of 100

INFO:__main__:NLL: 0.1148, L2: 0.0496, Reg: 0.0014
INFO:__main__:Total loss 0.1658
INFO:__main__:Predicted mean: -0.5021
INFO:__main__:Predicted uncertainity -0.7332
INFO:__main__:Completed epoch 4 of 100

INFO:__main__:NLL: 0.1188, L2: 0.0499, Reg: 0.0014
INFO:__main__:Total loss 0.1701
INFO:__main__:Predicted mean: -0.4585
INFO:__main__:Predicted uncertainity -0.7011
INFO:__main__:Completed epoch 5 of 100

INFO:__main__:NLL: 0.0572, L2: 0.0496, Reg: 0.0014
INFO:__main__:Total loss 0.1082
INFO:__main__:Predicted mean: -0.4341
INFO:__main__:Predicted uncertainity -0.6871
INFO:__main__:Completed epoch 6 of 100

INFO:__main__:NLL: 0.1304, L2: 0.0452, Reg: 0.0014
INFO:__main__:Total loss 0.1769
INFO:__main__:Predicted mean: -0.4495
INFO:__main__:Predicted uncertainity -0.5453
INFO:__main__:Completed epoch 7 of 100

INFO:__main__:NLL: 0.2487, L2: 0.0536, Reg: 0.0014
INFO:__main__:Total loss 0.3038
INFO:__main__:Predicted mean: -0.4250
INFO:__main__:Predicted uncertainity -0.7226
INFO:__main__:Completed epoch 8 of 100

INFO:__main__:NLL: 0.1153, L2: 0.0516, Reg: 0.0014
INFO:__main__:Total loss 0.1682
INFO:__main__:Predicted mean: -0.4562
INFO:__main__:Predicted uncertainity -0.7162
INFO:__main__:Completed epoch 9 of 100

INFO:__main__:NLL: 0.2526, L2: 0.0540, Reg: 0.0014
INFO:__main__:Total loss 0.3080
INFO:__main__:Predicted mean: -0.4601
INFO:__main__:Predicted uncertainity -0.7432
INFO:__main__:Completed epoch 10 of 100

INFO:__main__:NLL: 0.2104, L2: 0.0529, Reg: 0.0014
INFO:__main__:Total loss 0.2646
INFO:__main__:Predicted mean: -0.5139
INFO:__main__:Predicted uncertainity -0.7658
INFO:__main__:Completed epoch 11 of 100

INFO:__main__:NLL: 0.2228, L2: 0.0506, Reg: 0.0014
INFO:__main__:Total loss 0.2748
INFO:__main__:Predicted mean: -0.4435
INFO:__main__:Predicted uncertainity -0.6446
INFO:__main__:Completed epoch 12 of 100

INFO:__main__:NLL: 0.0484, L2: 0.0559, Reg: 0.0014
INFO:__main__:Total loss 0.1056
INFO:__main__:Predicted mean: -0.4507
INFO:__main__:Predicted uncertainity -0.7904
INFO:__main__:Completed epoch 13 of 100

INFO:__main__:NLL: 0.1292, L2: 0.0520, Reg: 0.0014
INFO:__main__:Total loss 0.1826
INFO:__main__:Predicted mean: -0.4477
INFO:__main__:Predicted uncertainity -0.7362
INFO:__main__:Completed epoch 14 of 100

INFO:__main__:NLL: 0.0812, L2: 0.0527, Reg: 0.0014
INFO:__main__:Total loss 0.1353
INFO:__main__:Predicted mean: -0.4497
INFO:__main__:Predicted uncertainity -0.7323
INFO:__main__:Completed epoch 15 of 100

INFO:__main__:NLL: 0.1006, L2: 0.0524, Reg: 0.0014
INFO:__main__:Total loss 0.1544
INFO:__main__:Predicted mean: -0.4474
INFO:__main__:Predicted uncertainity -0.7111
INFO:__main__:Completed epoch 16 of 100

INFO:__main__:NLL: 0.0997, L2: 0.0533, Reg: 0.0014
INFO:__main__:Total loss 0.1544
INFO:__main__:Predicted mean: -0.4404
INFO:__main__:Predicted uncertainity -0.7307
INFO:__main__:Completed epoch 17 of 100

INFO:__main__:NLL: 0.1496, L2: 0.0532, Reg: 0.0014
INFO:__main__:Total loss 0.2042
INFO:__main__:Predicted mean: -0.4478
INFO:__main__:Predicted uncertainity -0.6951
INFO:__main__:Completed epoch 18 of 100

INFO:__main__:NLL: 0.2260, L2: 0.0482, Reg: 0.0014
INFO:__main__:Total loss 0.2756
INFO:__main__:Predicted mean: -0.4435
INFO:__main__:Predicted uncertainity -0.6402
INFO:__main__:Completed epoch 19 of 100

INFO:__main__:NLL: 0.1504, L2: 0.0510, Reg: 0.0014
INFO:__main__:Total loss 0.2027
INFO:__main__:Predicted mean: -0.4361
INFO:__main__:Predicted uncertainity -0.6501
INFO:__main__:Completed epoch 20 of 100

INFO:__main__:NLL: 0.1580, L2: 0.0511, Reg: 0.0014
INFO:__main__:Total loss 0.2105
INFO:__main__:Predicted mean: -0.5073
INFO:__main__:Predicted uncertainity -0.6030
INFO:__main__:Completed epoch 21 of 100

INFO:__main__:NLL: 0.0318, L2: 0.0517, Reg: 0.0014
INFO:__main__:Total loss 0.0849
INFO:__main__:Predicted mean: -0.4481
INFO:__main__:Predicted uncertainity -0.6978
INFO:__main__:Completed epoch 22 of 100

INFO:__main__:NLL: 0.2823, L2: 0.0564, Reg: 0.0014
INFO:__main__:Total loss 0.3401
INFO:__main__:Predicted mean: -0.4913
INFO:__main__:Predicted uncertainity -0.8028
INFO:__main__:Completed epoch 23 of 100

INFO:__main__:NLL: 0.1426, L2: 0.0492, Reg: 0.0014
INFO:__main__:Total loss 0.1932
INFO:__main__:Predicted mean: -0.4323
INFO:__main__:Predicted uncertainity -0.6461
INFO:__main__:Completed epoch 24 of 100

INFO:__main__:NLL: 0.1494, L2: 0.0435, Reg: 0.0014
INFO:__main__:Total loss 0.1942
INFO:__main__:Predicted mean: -0.3911
INFO:__main__:Predicted uncertainity -0.6056
INFO:__main__:Completed epoch 25 of 100

INFO:__main__:NLL: 0.3155, L2: 0.0481, Reg: 0.0014
INFO:__main__:Total loss 0.3650
INFO:__main__:Predicted mean: -0.4438
INFO:__main__:Predicted uncertainity -0.6625
INFO:__main__:Completed epoch 26 of 100

INFO:__main__:NLL: 0.1549, L2: 0.0488, Reg: 0.0014
INFO:__main__:Total loss 0.2051
INFO:__main__:Predicted mean: -0.4272
INFO:__main__:Predicted uncertainity -0.6261
INFO:__main__:Completed epoch 27 of 100

INFO:__main__:NLL: 0.1240, L2: 0.0543, Reg: 0.0014
INFO:__main__:Total loss 0.1797
INFO:__main__:Predicted mean: -0.4621
INFO:__main__:Predicted uncertainity -0.8065
INFO:__main__:Completed epoch 28 of 100

INFO:__main__:NLL: 0.1551, L2: 0.0473, Reg: 0.0014
INFO:__main__:Total loss 0.2038
INFO:__main__:Predicted mean: -0.4580
INFO:__main__:Predicted uncertainity -0.7035
INFO:__main__:Completed epoch 29 of 100

INFO:__main__:NLL: 0.1761, L2: 0.0435, Reg: 0.0013
INFO:__main__:Total loss 0.2209
INFO:__main__:Predicted mean: -0.4207
INFO:__main__:Predicted uncertainity -0.6142
INFO:__main__:Completed epoch 30 of 100

INFO:__main__:NLL: 0.1073, L2: 0.0486, Reg: 0.0014
INFO:__main__:Total loss 0.1573
INFO:__main__:Predicted mean: -0.4782
INFO:__main__:Predicted uncertainity -0.6665
INFO:__main__:Completed epoch 31 of 100

INFO:__main__:NLL: 0.1447, L2: 0.0461, Reg: 0.0014
INFO:__main__:Total loss 0.1921
INFO:__main__:Predicted mean: -0.4656
INFO:__main__:Predicted uncertainity -0.5615
INFO:__main__:Completed epoch 32 of 100

INFO:__main__:NLL: 0.1569, L2: 0.0577, Reg: 0.0014
INFO:__main__:Total loss 0.2160
INFO:__main__:Predicted mean: -0.4415
INFO:__main__:Predicted uncertainity -0.7584
INFO:__main__:Completed epoch 33 of 100

INFO:__main__:NLL: 0.1570, L2: 0.0550, Reg: 0.0014
INFO:__main__:Total loss 0.2134
INFO:__main__:Predicted mean: -0.5020
INFO:__main__:Predicted uncertainity -0.6855
INFO:__main__:Completed epoch 34 of 100

INFO:__main__:NLL: 0.1438, L2: 0.0526, Reg: 0.0014
INFO:__main__:Total loss 0.1978
INFO:__main__:Predicted mean: -0.4168
INFO:__main__:Predicted uncertainity -0.7551
INFO:__main__:Completed epoch 35 of 100

INFO:__main__:NLL: 0.1554, L2: 0.0511, Reg: 0.0014
INFO:__main__:Total loss 0.2079
INFO:__main__:Predicted mean: -0.5005
INFO:__main__:Predicted uncertainity -0.6711
INFO:__main__:Completed epoch 36 of 100

INFO:__main__:NLL: 0.2316, L2: 0.0435, Reg: 0.0014
INFO:__main__:Total loss 0.2765
INFO:__main__:Predicted mean: -0.4325
INFO:__main__:Predicted uncertainity -0.5821
INFO:__main__:Completed epoch 37 of 100

INFO:__main__:NLL: 0.1244, L2: 0.0497, Reg: 0.0014
INFO:__main__:Total loss 0.1756
INFO:__main__:Predicted mean: -0.4514
INFO:__main__:Predicted uncertainity -0.6918
INFO:__main__:Completed epoch 38 of 100

INFO:__main__:NLL: 0.0874, L2: 0.0534, Reg: 0.0014
INFO:__main__:Total loss 0.1421
INFO:__main__:Predicted mean: -0.4926
INFO:__main__:Predicted uncertainity -0.7761
INFO:__main__:Completed epoch 39 of 100

INFO:__main__:NLL: 0.1127, L2: 0.0485, Reg: 0.0014
INFO:__main__:Total loss 0.1626
INFO:__main__:Predicted mean: -0.4544
INFO:__main__:Predicted uncertainity -0.6559
INFO:__main__:Completed epoch 40 of 100

INFO:__main__:NLL: 0.1400, L2: 0.0517, Reg: 0.0014
INFO:__main__:Total loss 0.1931
INFO:__main__:Predicted mean: -0.4440
INFO:__main__:Predicted uncertainity -0.7344
INFO:__main__:Completed epoch 41 of 100

INFO:__main__:NLL: 0.3019, L2: 0.0565, Reg: 0.0014
INFO:__main__:Total loss 0.3598
INFO:__main__:Predicted mean: -0.4994
INFO:__main__:Predicted uncertainity -0.7832
INFO:__main__:Completed epoch 42 of 100

INFO:__main__:NLL: 0.1373, L2: 0.0526, Reg: 0.0014
INFO:__main__:Total loss 0.1912
INFO:__main__:Predicted mean: -0.4770
INFO:__main__:Predicted uncertainity -0.6597
INFO:__main__:Completed epoch 43 of 100

INFO:__main__:NLL: 0.1023, L2: 0.0543, Reg: 0.0014
INFO:__main__:Total loss 0.1580
INFO:__main__:Predicted mean: -0.4466
INFO:__main__:Predicted uncertainity -0.7925
INFO:__main__:Completed epoch 44 of 100

INFO:__main__:NLL: 0.1376, L2: 0.0493, Reg: 0.0014
INFO:__main__:Total loss 0.1884
INFO:__main__:Predicted mean: -0.4117
INFO:__main__:Predicted uncertainity -0.7661
INFO:__main__:Completed epoch 45 of 100

INFO:__main__:NLL: 0.3250, L2: 0.0496, Reg: 0.0014
INFO:__main__:Total loss 0.3760
INFO:__main__:Predicted mean: -0.4236
INFO:__main__:Predicted uncertainity -0.7005
INFO:__main__:Completed epoch 46 of 100

INFO:__main__:NLL: 0.0689, L2: 0.0545, Reg: 0.0014
INFO:__main__:Total loss 0.1248
INFO:__main__:Predicted mean: -0.4773
INFO:__main__:Predicted uncertainity -0.7506
INFO:__main__:Completed epoch 47 of 100

INFO:__main__:NLL: 0.2406, L2: 0.0464, Reg: 0.0014
INFO:__main__:Total loss 0.2883
INFO:__main__:Predicted mean: -0.4196
INFO:__main__:Predicted uncertainity -0.6270
INFO:__main__:Completed epoch 48 of 100

INFO:__main__:NLL: 0.1342, L2: 0.0522, Reg: 0.0014
INFO:__main__:Total loss 0.1878
INFO:__main__:Predicted mean: -0.5075
INFO:__main__:Predicted uncertainity -0.7550
INFO:__main__:Completed epoch 49 of 100

INFO:__main__:NLL: 0.1622, L2: 0.0460, Reg: 0.0014
INFO:__main__:Total loss 0.2096
INFO:__main__:Predicted mean: -0.4664
INFO:__main__:Predicted uncertainity -0.6199
INFO:__main__:Completed epoch 50 of 100

INFO:__main__:NLL: 0.1472, L2: 0.0592, Reg: 0.0014
INFO:__main__:Total loss 0.2079
INFO:__main__:Predicted mean: -0.4780
INFO:__main__:Predicted uncertainity -0.8622
INFO:__main__:Completed epoch 51 of 100

INFO:__main__:NLL: 0.0943, L2: 0.0494, Reg: 0.0014
INFO:__main__:Total loss 0.1451
INFO:__main__:Predicted mean: -0.4140
INFO:__main__:Predicted uncertainity -0.7018
INFO:__main__:Completed epoch 52 of 100

INFO:__main__:NLL: 0.2717, L2: 0.0540, Reg: 0.0014
INFO:__main__:Total loss 0.3271
INFO:__main__:Predicted mean: -0.4990
INFO:__main__:Predicted uncertainity -0.8478
INFO:__main__:Completed epoch 53 of 100

INFO:__main__:NLL: 0.0921, L2: 0.0503, Reg: 0.0014
INFO:__main__:Total loss 0.1438
INFO:__main__:Predicted mean: -0.4419
INFO:__main__:Predicted uncertainity -0.6740
INFO:__main__:Completed epoch 54 of 100

INFO:__main__:NLL: 0.1776, L2: 0.0511, Reg: 0.0014
INFO:__main__:Total loss 0.2300
INFO:__main__:Predicted mean: -0.4403
INFO:__main__:Predicted uncertainity -0.7595
INFO:__main__:Completed epoch 55 of 100

INFO:__main__:NLL: 0.1985, L2: 0.0515, Reg: 0.0014
INFO:__main__:Total loss 0.2514
INFO:__main__:Predicted mean: -0.4279
INFO:__main__:Predicted uncertainity -0.7478
INFO:__main__:Completed epoch 56 of 100

INFO:__main__:NLL: 0.1828, L2: 0.0519, Reg: 0.0014
INFO:__main__:Total loss 0.2361
INFO:__main__:Predicted mean: -0.4797
INFO:__main__:Predicted uncertainity -0.6669
INFO:__main__:Completed epoch 57 of 100

INFO:__main__:NLL: 0.2350, L2: 0.0567, Reg: 0.0014
INFO:__main__:Total loss 0.2931
INFO:__main__:Predicted mean: -0.5099
INFO:__main__:Predicted uncertainity -0.7889
INFO:__main__:Completed epoch 58 of 100

INFO:__main__:NLL: 0.1460, L2: 0.0492, Reg: 0.0014
INFO:__main__:Total loss 0.1966
INFO:__main__:Predicted mean: -0.4413
INFO:__main__:Predicted uncertainity -0.6320
INFO:__main__:Completed epoch 59 of 100

INFO:__main__:NLL: 0.1037, L2: 0.0564, Reg: 0.0014
INFO:__main__:Total loss 0.1614
INFO:__main__:Predicted mean: -0.3949
INFO:__main__:Predicted uncertainity -0.5619
INFO:__main__:Completed epoch 60 of 100

INFO:__main__:NLL: 0.1102, L2: 0.0502, Reg: 0.0014
INFO:__main__:Total loss 0.1618
INFO:__main__:Predicted mean: -0.4686
INFO:__main__:Predicted uncertainity -0.6507
INFO:__main__:Completed epoch 61 of 100

INFO:__main__:NLL: 0.2152, L2: 0.0445, Reg: 0.0014
INFO:__main__:Total loss 0.2610
INFO:__main__:Predicted mean: -0.4303
INFO:__main__:Predicted uncertainity -0.7259
INFO:__main__:Completed epoch 62 of 100

INFO:__main__:NLL: 0.6199, L2: 0.0583, Reg: 0.0014
INFO:__main__:Total loss 0.6796
INFO:__main__:Predicted mean: -0.4919
INFO:__main__:Predicted uncertainity -0.7808
INFO:__main__:Completed epoch 63 of 100

INFO:__main__:NLL: 0.1282, L2: 0.0583, Reg: 0.0014
INFO:__main__:Total loss 0.1879
INFO:__main__:Predicted mean: -0.5392
INFO:__main__:Predicted uncertainity -0.7548
INFO:__main__:Completed epoch 64 of 100

INFO:__main__:NLL: 0.0333, L2: 0.0547, Reg: 0.0014
INFO:__main__:Total loss 0.0893
INFO:__main__:Predicted mean: -0.4513
INFO:__main__:Predicted uncertainity -0.7332
INFO:__main__:Completed epoch 65 of 100

INFO:__main__:NLL: 0.1671, L2: 0.0540, Reg: 0.0014
INFO:__main__:Total loss 0.2224
INFO:__main__:Predicted mean: -0.4472
INFO:__main__:Predicted uncertainity -0.7431
INFO:__main__:Completed epoch 66 of 100

INFO:__main__:NLL: 0.1006, L2: 0.0575, Reg: 0.0014
INFO:__main__:Total loss 0.1595
INFO:__main__:Predicted mean: -0.4904
INFO:__main__:Predicted uncertainity -0.7318
INFO:__main__:Completed epoch 67 of 100

INFO:__main__:NLL: 0.1531, L2: 0.0513, Reg: 0.0014
INFO:__main__:Total loss 0.2058
INFO:__main__:Predicted mean: -0.4408
INFO:__main__:Predicted uncertainity -0.7645
INFO:__main__:Completed epoch 68 of 100

INFO:__main__:NLL: 0.1294, L2: 0.0567, Reg: 0.0014
INFO:__main__:Total loss 0.1874
INFO:__main__:Predicted mean: -0.4300
INFO:__main__:Predicted uncertainity -0.7228
INFO:__main__:Completed epoch 69 of 100

INFO:__main__:NLL: 0.0891, L2: 0.0483, Reg: 0.0014
INFO:__main__:Total loss 0.1387
INFO:__main__:Predicted mean: -0.4349
INFO:__main__:Predicted uncertainity -0.6852
INFO:__main__:Completed epoch 70 of 100

INFO:__main__:NLL: 0.1737, L2: 0.0412, Reg: 0.0014
INFO:__main__:Total loss 0.2163
INFO:__main__:Predicted mean: -0.3858
INFO:__main__:Predicted uncertainity -0.6348
INFO:__main__:Completed epoch 71 of 100

INFO:__main__:NLL: 0.1264, L2: 0.0506, Reg: 0.0014
INFO:__main__:Total loss 0.1784
INFO:__main__:Predicted mean: -0.4457
INFO:__main__:Predicted uncertainity -0.6822
INFO:__main__:Completed epoch 72 of 100

INFO:__main__:NLL: 0.0979, L2: 0.0464, Reg: 0.0014
INFO:__main__:Total loss 0.1456
INFO:__main__:Predicted mean: -0.4055
INFO:__main__:Predicted uncertainity -0.6978
INFO:__main__:Completed epoch 73 of 100

INFO:__main__:NLL: 0.1280, L2: 0.0478, Reg: 0.0014
INFO:__main__:Total loss 0.1771
INFO:__main__:Predicted mean: -0.4398
INFO:__main__:Predicted uncertainity -0.5650
INFO:__main__:Completed epoch 74 of 100

INFO:__main__:NLL: 0.2249, L2: 0.0484, Reg: 0.0014
INFO:__main__:Total loss 0.2747
INFO:__main__:Predicted mean: -0.4580
INFO:__main__:Predicted uncertainity -0.6382
INFO:__main__:Completed epoch 75 of 100

INFO:__main__:NLL: 0.0917, L2: 0.0538, Reg: 0.0014
INFO:__main__:Total loss 0.1469
INFO:__main__:Predicted mean: -0.4654
INFO:__main__:Predicted uncertainity -0.6836
INFO:__main__:Completed epoch 76 of 100

INFO:__main__:NLL: 0.1536, L2: 0.0535, Reg: 0.0014
INFO:__main__:Total loss 0.2085
INFO:__main__:Predicted mean: -0.5101
INFO:__main__:Predicted uncertainity -0.6077
INFO:__main__:Completed epoch 77 of 100

INFO:__main__:NLL: 0.0995, L2: 0.0536, Reg: 0.0014
INFO:__main__:Total loss 0.1545
INFO:__main__:Predicted mean: -0.5178
INFO:__main__:Predicted uncertainity -0.5769
INFO:__main__:Completed epoch 78 of 100

INFO:__main__:NLL: 0.0878, L2: 0.0478, Reg: 0.0014
INFO:__main__:Total loss 0.1369
INFO:__main__:Predicted mean: -0.4218
INFO:__main__:Predicted uncertainity -0.7441
INFO:__main__:Completed epoch 79 of 100

INFO:__main__:NLL: 0.1235, L2: 0.0449, Reg: 0.0014
INFO:__main__:Total loss 0.1697
INFO:__main__:Predicted mean: -0.4130
INFO:__main__:Predicted uncertainity -0.6953
INFO:__main__:Completed epoch 80 of 100

INFO:__main__:NLL: 0.1472, L2: 0.0508, Reg: 0.0014
INFO:__main__:Total loss 0.1994
INFO:__main__:Predicted mean: -0.4547
INFO:__main__:Predicted uncertainity -0.7073
INFO:__main__:Completed epoch 81 of 100

INFO:__main__:NLL: 0.2051, L2: 0.0493, Reg: 0.0014
INFO:__main__:Total loss 0.2558
INFO:__main__:Predicted mean: -0.3805
INFO:__main__:Predicted uncertainity -0.6903
INFO:__main__:Completed epoch 82 of 100

INFO:__main__:NLL: 0.1823, L2: 0.0466, Reg: 0.0014
INFO:__main__:Total loss 0.2303
INFO:__main__:Predicted mean: -0.4089
INFO:__main__:Predicted uncertainity -0.7342
INFO:__main__:Completed epoch 83 of 100

INFO:__main__:NLL: 0.0899, L2: 0.0466, Reg: 0.0014
INFO:__main__:Total loss 0.1379
INFO:__main__:Predicted mean: -0.4322
INFO:__main__:Predicted uncertainity -0.6599
INFO:__main__:Completed epoch 84 of 100

INFO:__main__:NLL: 0.1962, L2: 0.0530, Reg: 0.0014
INFO:__main__:Total loss 0.2506
INFO:__main__:Predicted mean: -0.4628
INFO:__main__:Predicted uncertainity -0.6339
INFO:__main__:Completed epoch 85 of 100

INFO:__main__:NLL: 0.1445, L2: 0.0519, Reg: 0.0014
INFO:__main__:Total loss 0.1978
INFO:__main__:Predicted mean: -0.4551
INFO:__main__:Predicted uncertainity -0.6171
INFO:__main__:Completed epoch 86 of 100

INFO:__main__:NLL: 0.1448, L2: 0.0593, Reg: 0.0014
INFO:__main__:Total loss 0.2055
INFO:__main__:Predicted mean: -0.4964
INFO:__main__:Predicted uncertainity -0.7771
INFO:__main__:Completed epoch 87 of 100

INFO:__main__:NLL: 0.2405, L2: 0.0463, Reg: 0.0014
INFO:__main__:Total loss 0.2882
INFO:__main__:Predicted mean: -0.4491
INFO:__main__:Predicted uncertainity -0.6746
INFO:__main__:Completed epoch 88 of 100

INFO:__main__:NLL: 0.3193, L2: 0.0502, Reg: 0.0014
INFO:__main__:Total loss 0.3709
INFO:__main__:Predicted mean: -0.4168
INFO:__main__:Predicted uncertainity -0.7173
INFO:__main__:Completed epoch 89 of 100

INFO:__main__:NLL: 0.1743, L2: 0.0521, Reg: 0.0014
INFO:__main__:Total loss 0.2277
INFO:__main__:Predicted mean: -0.4315
INFO:__main__:Predicted uncertainity -0.7018
INFO:__main__:Completed epoch 90 of 100

INFO:__main__:NLL: 0.1855, L2: 0.0579, Reg: 0.0014
INFO:__main__:Total loss 0.2447
INFO:__main__:Predicted mean: -0.4403
INFO:__main__:Predicted uncertainity -0.5782
INFO:__main__:Completed epoch 91 of 100

INFO:__main__:NLL: 0.0241, L2: 0.0547, Reg: 0.0014
INFO:__main__:Total loss 0.0802
INFO:__main__:Predicted mean: -0.4543
INFO:__main__:Predicted uncertainity -0.6647
INFO:__main__:Completed epoch 92 of 100

INFO:__main__:NLL: 0.2418, L2: 0.0529, Reg: 0.0014
INFO:__main__:Total loss 0.2961
INFO:__main__:Predicted mean: -0.4578
INFO:__main__:Predicted uncertainity -0.6948
INFO:__main__:Completed epoch 93 of 100

INFO:__main__:NLL: 0.2709, L2: 0.0581, Reg: 0.0014
INFO:__main__:Total loss 0.3304
INFO:__main__:Predicted mean: -0.4432
INFO:__main__:Predicted uncertainity -0.7920
INFO:__main__:Completed epoch 94 of 100

INFO:__main__:NLL: 0.1563, L2: 0.0454, Reg: 0.0014
INFO:__main__:Total loss 0.2030
INFO:__main__:Predicted mean: -0.3986
INFO:__main__:Predicted uncertainity -0.6925
INFO:__main__:Completed epoch 95 of 100

INFO:__main__:NLL: 0.2713, L2: 0.0508, Reg: 0.0014
INFO:__main__:Total loss 0.3235
INFO:__main__:Predicted mean: -0.4646
INFO:__main__:Predicted uncertainity -0.7784
INFO:__main__:Completed epoch 96 of 100

INFO:__main__:NLL: 0.1926, L2: 0.0551, Reg: 0.0014
INFO:__main__:Total loss 0.2490
INFO:__main__:Predicted mean: -0.4080
INFO:__main__:Predicted uncertainity -0.6958
INFO:__main__:Completed epoch 97 of 100

INFO:__main__:NLL: 0.0820, L2: 0.0478, Reg: 0.0014
INFO:__main__:Total loss 0.1312
INFO:__main__:Predicted mean: -0.4413
INFO:__main__:Predicted uncertainity -0.6908
INFO:__main__:Completed epoch 98 of 100

INFO:__main__:NLL: 0.1239, L2: 0.0531, Reg: 0.0014
INFO:__main__:Total loss 0.1785
INFO:__main__:Predicted mean: -0.4650
INFO:__main__:Predicted uncertainity -0.7935
INFO:__main__:Completed epoch 99 of 100

INFO:__main__:NLL: 0.2133, L2: 0.0438, Reg: 0.0014
INFO:__main__:Total loss 0.2585
INFO:__main__:Predicted mean: -0.4093
INFO:__main__:Predicted uncertainity -0.6814
INFO:__main__:Completed epoch 100 of 100

INFO:__main__:556.494520 s
