INFO:__main__:PROCESS RUNNING ON cpu
INFO:__main__:NLL: 0.0446, L2: 0.0068, Reg: 0.0567
INFO:__main__:Total loss 0.1081
INFO:__main__:Predicted mean: -0.4504
INFO:__main__:Predicted uncertainity -0.7670
INFO:__main__:Completed epoch 1 of 100

INFO:__main__:NLL: 0.1045, L2: 0.0075, Reg: 0.0567
INFO:__main__:Total loss 0.1686
INFO:__main__:Predicted mean: -0.3745
INFO:__main__:Predicted uncertainity -0.7837
INFO:__main__:Completed epoch 2 of 100

INFO:__main__:NLL: 0.1038, L2: 0.0078, Reg: 0.0567
INFO:__main__:Total loss 0.1683
INFO:__main__:Predicted mean: -0.3908
INFO:__main__:Predicted uncertainity -0.6860
INFO:__main__:Completed epoch 3 of 100

INFO:__main__:NLL: -0.1530, L2: 0.0080, Reg: 0.0567
INFO:__main__:Total loss -0.0883
INFO:__main__:Predicted mean: -0.4502
INFO:__main__:Predicted uncertainity -0.8644
INFO:__main__:Completed epoch 4 of 100

INFO:__main__:NLL: 0.2486, L2: 0.0079, Reg: 0.0567
INFO:__main__:Total loss 0.3132
INFO:__main__:Predicted mean: -0.3690
INFO:__main__:Predicted uncertainity -0.7679
INFO:__main__:Completed epoch 5 of 100

INFO:__main__:NLL: 0.0315, L2: 0.0078, Reg: 0.0567
INFO:__main__:Total loss 0.0961
INFO:__main__:Predicted mean: -0.3459
INFO:__main__:Predicted uncertainity -0.6462
INFO:__main__:Completed epoch 6 of 100

INFO:__main__:NLL: -0.0953, L2: 0.0086, Reg: 0.0567
INFO:__main__:Total loss -0.0300
INFO:__main__:Predicted mean: -0.3435
INFO:__main__:Predicted uncertainity -0.7821
INFO:__main__:Completed epoch 7 of 100

INFO:__main__:NLL: 0.3253, L2: 0.0088, Reg: 0.0567
INFO:__main__:Total loss 0.3908
INFO:__main__:Predicted mean: -0.4443
INFO:__main__:Predicted uncertainity -0.7520
INFO:__main__:Completed epoch 8 of 100

INFO:__main__:NLL: 0.0514, L2: 0.0086, Reg: 0.0567
INFO:__main__:Total loss 0.1167
INFO:__main__:Predicted mean: -0.4098
INFO:__main__:Predicted uncertainity -0.8256
INFO:__main__:Completed epoch 9 of 100

INFO:__main__:NLL: 0.2124, L2: 0.0084, Reg: 0.0567
INFO:__main__:Total loss 0.2775
INFO:__main__:Predicted mean: -0.3622
INFO:__main__:Predicted uncertainity -0.7492
INFO:__main__:Completed epoch 10 of 100

INFO:__main__:NLL: 0.0585, L2: 0.0085, Reg: 0.0567
INFO:__main__:Total loss 0.1237
INFO:__main__:Predicted mean: -0.4055
INFO:__main__:Predicted uncertainity -0.7444
INFO:__main__:Completed epoch 11 of 100

INFO:__main__:NLL: 0.1799, L2: 0.0087, Reg: 0.0567
INFO:__main__:Total loss 0.2453
INFO:__main__:Predicted mean: -0.4622
INFO:__main__:Predicted uncertainity -0.7534
INFO:__main__:Completed epoch 12 of 100

INFO:__main__:NLL: 0.0073, L2: 0.0083, Reg: 0.0567
INFO:__main__:Total loss 0.0723
INFO:__main__:Predicted mean: -0.3533
INFO:__main__:Predicted uncertainity -0.7524
INFO:__main__:Completed epoch 13 of 100

INFO:__main__:NLL: 0.0605, L2: 0.0084, Reg: 0.0567
INFO:__main__:Total loss 0.1256
INFO:__main__:Predicted mean: -0.3822
INFO:__main__:Predicted uncertainity -0.7475
INFO:__main__:Completed epoch 14 of 100

INFO:__main__:NLL: 0.0958, L2: 0.0088, Reg: 0.0567
INFO:__main__:Total loss 0.1613
INFO:__main__:Predicted mean: -0.3304
INFO:__main__:Predicted uncertainity -0.8302
INFO:__main__:Completed epoch 15 of 100

INFO:__main__:NLL: 0.1644, L2: 0.0086, Reg: 0.0567
INFO:__main__:Total loss 0.2296
INFO:__main__:Predicted mean: -0.4087
INFO:__main__:Predicted uncertainity -0.7011
INFO:__main__:Completed epoch 16 of 100

INFO:__main__:NLL: 0.0374, L2: 0.0094, Reg: 0.0567
INFO:__main__:Total loss 0.1035
INFO:__main__:Predicted mean: -0.3775
INFO:__main__:Predicted uncertainity -0.8610
INFO:__main__:Completed epoch 17 of 100

INFO:__main__:NLL: 0.0807, L2: 0.0088, Reg: 0.0567
INFO:__main__:Total loss 0.1461
INFO:__main__:Predicted mean: -0.3591
INFO:__main__:Predicted uncertainity -0.7340
INFO:__main__:Completed epoch 18 of 100

INFO:__main__:NLL: -0.0641, L2: 0.0084, Reg: 0.0567
INFO:__main__:Total loss 0.0010
INFO:__main__:Predicted mean: -0.3552
INFO:__main__:Predicted uncertainity -0.8140
INFO:__main__:Completed epoch 19 of 100

INFO:__main__:NLL: 0.0277, L2: 0.0090, Reg: 0.0567
INFO:__main__:Total loss 0.0934
INFO:__main__:Predicted mean: -0.4163
INFO:__main__:Predicted uncertainity -0.8072
INFO:__main__:Completed epoch 20 of 100

INFO:__main__:NLL: 0.1236, L2: 0.0089, Reg: 0.0567
INFO:__main__:Total loss 0.1892
INFO:__main__:Predicted mean: -0.3823
INFO:__main__:Predicted uncertainity -0.6237
INFO:__main__:Completed epoch 21 of 100

INFO:__main__:NLL: 0.0480, L2: 0.0091, Reg: 0.0567
INFO:__main__:Total loss 0.1138
INFO:__main__:Predicted mean: -0.3514
INFO:__main__:Predicted uncertainity -0.7446
INFO:__main__:Completed epoch 22 of 100

INFO:__main__:NLL: 0.4085, L2: 0.0088, Reg: 0.0567
INFO:__main__:Total loss 0.4740
INFO:__main__:Predicted mean: -0.3994
INFO:__main__:Predicted uncertainity -0.8227
INFO:__main__:Completed epoch 23 of 100

INFO:__main__:NLL: -0.0368, L2: 0.0086, Reg: 0.0567
INFO:__main__:Total loss 0.0285
INFO:__main__:Predicted mean: -0.3707
INFO:__main__:Predicted uncertainity -0.7454
INFO:__main__:Completed epoch 24 of 100

INFO:__main__:NLL: 0.0427, L2: 0.0088, Reg: 0.0567
INFO:__main__:Total loss 0.1082
INFO:__main__:Predicted mean: -0.3418
INFO:__main__:Predicted uncertainity -0.7427
INFO:__main__:Completed epoch 25 of 100

INFO:__main__:NLL: 0.1946, L2: 0.0090, Reg: 0.0567
INFO:__main__:Total loss 0.2604
INFO:__main__:Predicted mean: -0.3751
INFO:__main__:Predicted uncertainity -0.7380
INFO:__main__:Completed epoch 26 of 100

INFO:__main__:NLL: 0.0369, L2: 0.0086, Reg: 0.0567
INFO:__main__:Total loss 0.1023
INFO:__main__:Predicted mean: -0.3289
INFO:__main__:Predicted uncertainity -0.6902
INFO:__main__:Completed epoch 27 of 100

INFO:__main__:NLL: -0.0244, L2: 0.0091, Reg: 0.0567
INFO:__main__:Total loss 0.0414
INFO:__main__:Predicted mean: -0.3759
INFO:__main__:Predicted uncertainity -0.8563
INFO:__main__:Completed epoch 28 of 100

INFO:__main__:NLL: 0.2095, L2: 0.0092, Reg: 0.0567
INFO:__main__:Total loss 0.2754
INFO:__main__:Predicted mean: -0.3962
INFO:__main__:Predicted uncertainity -0.7482
INFO:__main__:Completed epoch 29 of 100

INFO:__main__:NLL: 0.1176, L2: 0.0092, Reg: 0.0567
INFO:__main__:Total loss 0.1834
INFO:__main__:Predicted mean: -0.3415
INFO:__main__:Predicted uncertainity -0.7337
INFO:__main__:Completed epoch 30 of 100

INFO:__main__:NLL: -0.0866, L2: 0.0094, Reg: 0.0567
INFO:__main__:Total loss -0.0204
INFO:__main__:Predicted mean: -0.3123
INFO:__main__:Predicted uncertainity -0.7783
INFO:__main__:Completed epoch 31 of 100

INFO:__main__:NLL: 0.0012, L2: 0.0092, Reg: 0.0567
INFO:__main__:Total loss 0.0671
INFO:__main__:Predicted mean: -0.3440
INFO:__main__:Predicted uncertainity -0.8120
INFO:__main__:Completed epoch 32 of 100

INFO:__main__:NLL: 0.3109, L2: 0.0090, Reg: 0.0567
INFO:__main__:Total loss 0.3766
INFO:__main__:Predicted mean: -0.4457
INFO:__main__:Predicted uncertainity -0.8363
INFO:__main__:Completed epoch 33 of 100

INFO:__main__:NLL: 0.1457, L2: 0.0087, Reg: 0.0567
INFO:__main__:Total loss 0.2111
INFO:__main__:Predicted mean: -0.3734
INFO:__main__:Predicted uncertainity -0.7887
INFO:__main__:Completed epoch 34 of 100

INFO:__main__:NLL: 0.1483, L2: 0.0094, Reg: 0.0567
INFO:__main__:Total loss 0.2144
INFO:__main__:Predicted mean: -0.3475
INFO:__main__:Predicted uncertainity -0.7912
INFO:__main__:Completed epoch 35 of 100

INFO:__main__:NLL: 0.0564, L2: 0.0092, Reg: 0.0567
INFO:__main__:Total loss 0.1223
INFO:__main__:Predicted mean: -0.3187
INFO:__main__:Predicted uncertainity -0.8433
INFO:__main__:Completed epoch 36 of 100

INFO:__main__:NLL: 0.3525, L2: 0.0099, Reg: 0.0567
INFO:__main__:Total loss 0.4191
INFO:__main__:Predicted mean: -0.4338
INFO:__main__:Predicted uncertainity -0.7263
INFO:__main__:Completed epoch 37 of 100

INFO:__main__:NLL: -0.0622, L2: 0.0093, Reg: 0.0567
INFO:__main__:Total loss 0.0038
INFO:__main__:Predicted mean: -0.3178
INFO:__main__:Predicted uncertainity -0.8278
INFO:__main__:Completed epoch 38 of 100

INFO:__main__:NLL: 0.1363, L2: 0.0089, Reg: 0.0567
INFO:__main__:Total loss 0.2019
INFO:__main__:Predicted mean: -0.4887
INFO:__main__:Predicted uncertainity -0.7624
INFO:__main__:Completed epoch 39 of 100

INFO:__main__:NLL: 0.0179, L2: 0.0087, Reg: 0.0567
INFO:__main__:Total loss 0.0833
INFO:__main__:Predicted mean: -0.3693
INFO:__main__:Predicted uncertainity -0.7156
INFO:__main__:Completed epoch 40 of 100

INFO:__main__:NLL: 0.0672, L2: 0.0084, Reg: 0.0567
INFO:__main__:Total loss 0.1323
INFO:__main__:Predicted mean: -0.3242
INFO:__main__:Predicted uncertainity -0.6685
INFO:__main__:Completed epoch 41 of 100

INFO:__main__:NLL: 0.3476, L2: 0.0093, Reg: 0.0567
INFO:__main__:Total loss 0.4136
INFO:__main__:Predicted mean: -0.3946
INFO:__main__:Predicted uncertainity -0.8405
INFO:__main__:Completed epoch 42 of 100

INFO:__main__:NLL: 0.1303, L2: 0.0087, Reg: 0.0567
INFO:__main__:Total loss 0.1957
INFO:__main__:Predicted mean: -0.3637
INFO:__main__:Predicted uncertainity -0.6340
INFO:__main__:Completed epoch 43 of 100

INFO:__main__:NLL: 0.0383, L2: 0.0095, Reg: 0.0567
INFO:__main__:Total loss 0.1046
INFO:__main__:Predicted mean: -0.3432
INFO:__main__:Predicted uncertainity -0.7203
INFO:__main__:Completed epoch 44 of 100

INFO:__main__:NLL: 0.2031, L2: 0.0091, Reg: 0.0567
INFO:__main__:Total loss 0.2689
INFO:__main__:Predicted mean: -0.3379
INFO:__main__:Predicted uncertainity -0.7540
INFO:__main__:Completed epoch 45 of 100

INFO:__main__:NLL: 0.0804, L2: 0.0091, Reg: 0.0567
INFO:__main__:Total loss 0.1462
INFO:__main__:Predicted mean: -0.3417
INFO:__main__:Predicted uncertainity -0.7569
INFO:__main__:Completed epoch 46 of 100

INFO:__main__:NLL: 0.0283, L2: 0.0088, Reg: 0.0567
INFO:__main__:Total loss 0.0938
INFO:__main__:Predicted mean: -0.3835
INFO:__main__:Predicted uncertainity -0.8055
INFO:__main__:Completed epoch 47 of 100

INFO:__main__:NLL: 0.3490, L2: 0.0091, Reg: 0.0567
INFO:__main__:Total loss 0.4148
INFO:__main__:Predicted mean: -0.3980
INFO:__main__:Predicted uncertainity -0.7313
INFO:__main__:Completed epoch 48 of 100

INFO:__main__:NLL: 0.0337, L2: 0.0088, Reg: 0.0567
INFO:__main__:Total loss 0.0992
INFO:__main__:Predicted mean: -0.3404
INFO:__main__:Predicted uncertainity -0.7977
INFO:__main__:Completed epoch 49 of 100

INFO:__main__:NLL: -0.0037, L2: 0.0083, Reg: 0.0567
INFO:__main__:Total loss 0.0613
INFO:__main__:Predicted mean: -0.4132
INFO:__main__:Predicted uncertainity -0.7040
INFO:__main__:Completed epoch 50 of 100

INFO:__main__:NLL: 0.1783, L2: 0.0090, Reg: 0.0567
INFO:__main__:Total loss 0.2440
INFO:__main__:Predicted mean: -0.4319
INFO:__main__:Predicted uncertainity -0.8255
INFO:__main__:Completed epoch 51 of 100

INFO:__main__:NLL: 0.1538, L2: 0.0086, Reg: 0.0567
INFO:__main__:Total loss 0.2191
INFO:__main__:Predicted mean: -0.3572
INFO:__main__:Predicted uncertainity -0.7026
INFO:__main__:Completed epoch 52 of 100

INFO:__main__:NLL: 0.2060, L2: 0.0083, Reg: 0.0567
INFO:__main__:Total loss 0.2710
INFO:__main__:Predicted mean: -0.4403
INFO:__main__:Predicted uncertainity -0.7424
INFO:__main__:Completed epoch 53 of 100

INFO:__main__:NLL: 0.0419, L2: 0.0085, Reg: 0.0567
INFO:__main__:Total loss 0.1071
INFO:__main__:Predicted mean: -0.3776
INFO:__main__:Predicted uncertainity -0.7471
INFO:__main__:Completed epoch 54 of 100

INFO:__main__:NLL: 0.1358, L2: 0.0089, Reg: 0.0567
INFO:__main__:Total loss 0.2015
INFO:__main__:Predicted mean: -0.3992
INFO:__main__:Predicted uncertainity -0.8536
INFO:__main__:Completed epoch 55 of 100

INFO:__main__:NLL: 0.0442, L2: 0.0088, Reg: 0.0567
INFO:__main__:Total loss 0.1096
INFO:__main__:Predicted mean: -0.3883
INFO:__main__:Predicted uncertainity -0.7616
INFO:__main__:Completed epoch 56 of 100

INFO:__main__:NLL: 0.0901, L2: 0.0085, Reg: 0.0567
INFO:__main__:Total loss 0.1553
INFO:__main__:Predicted mean: -0.3287
INFO:__main__:Predicted uncertainity -0.8499
INFO:__main__:Completed epoch 57 of 100

INFO:__main__:NLL: 0.1038, L2: 0.0086, Reg: 0.0567
INFO:__main__:Total loss 0.1691
INFO:__main__:Predicted mean: -0.3670
INFO:__main__:Predicted uncertainity -0.8037
INFO:__main__:Completed epoch 58 of 100

INFO:__main__:NLL: 0.1166, L2: 0.0084, Reg: 0.0567
INFO:__main__:Total loss 0.1817
INFO:__main__:Predicted mean: -0.3382
INFO:__main__:Predicted uncertainity -0.7783
INFO:__main__:Completed epoch 59 of 100

INFO:__main__:NLL: 0.0702, L2: 0.0081, Reg: 0.0567
INFO:__main__:Total loss 0.1350
INFO:__main__:Predicted mean: -0.4056
INFO:__main__:Predicted uncertainity -0.5074
INFO:__main__:Completed epoch 60 of 100

INFO:__main__:NLL: -0.0258, L2: 0.0085, Reg: 0.0567
INFO:__main__:Total loss 0.0394
INFO:__main__:Predicted mean: -0.3767
INFO:__main__:Predicted uncertainity -0.7668
INFO:__main__:Completed epoch 61 of 100

INFO:__main__:NLL: 0.1390, L2: 0.0083, Reg: 0.0567
INFO:__main__:Total loss 0.2039
INFO:__main__:Predicted mean: -0.4062
INFO:__main__:Predicted uncertainity -0.8053
INFO:__main__:Completed epoch 62 of 100

INFO:__main__:NLL: 0.1043, L2: 0.0086, Reg: 0.0567
INFO:__main__:Total loss 0.1697
INFO:__main__:Predicted mean: -0.3217
INFO:__main__:Predicted uncertainity -0.8196
INFO:__main__:Completed epoch 63 of 100

INFO:__main__:NLL: 0.1865, L2: 0.0093, Reg: 0.0567
INFO:__main__:Total loss 0.2525
INFO:__main__:Predicted mean: -0.4344
INFO:__main__:Predicted uncertainity -0.8210
INFO:__main__:Completed epoch 64 of 100

INFO:__main__:NLL: -0.0089, L2: 0.0091, Reg: 0.0567
INFO:__main__:Total loss 0.0569
INFO:__main__:Predicted mean: -0.4433
INFO:__main__:Predicted uncertainity -0.8284
INFO:__main__:Completed epoch 65 of 100

INFO:__main__:NLL: 0.0672, L2: 0.0086, Reg: 0.0567
INFO:__main__:Total loss 0.1325
INFO:__main__:Predicted mean: -0.3631
INFO:__main__:Predicted uncertainity -0.7553
INFO:__main__:Completed epoch 66 of 100

INFO:__main__:NLL: 0.0802, L2: 0.0086, Reg: 0.0567
INFO:__main__:Total loss 0.1455
INFO:__main__:Predicted mean: -0.4258
INFO:__main__:Predicted uncertainity -0.8217
INFO:__main__:Completed epoch 67 of 100

INFO:__main__:NLL: 0.0726, L2: 0.0085, Reg: 0.0567
INFO:__main__:Total loss 0.1379
INFO:__main__:Predicted mean: -0.3416
INFO:__main__:Predicted uncertainity -0.7569
INFO:__main__:Completed epoch 68 of 100

INFO:__main__:NLL: 0.1109, L2: 0.0084, Reg: 0.0567
INFO:__main__:Total loss 0.1760
INFO:__main__:Predicted mean: -0.3837
INFO:__main__:Predicted uncertainity -0.7378
INFO:__main__:Completed epoch 69 of 100

INFO:__main__:NLL: -0.1262, L2: 0.0082, Reg: 0.0567
INFO:__main__:Total loss -0.0613
INFO:__main__:Predicted mean: -0.3657
INFO:__main__:Predicted uncertainity -0.8290
INFO:__main__:Completed epoch 70 of 100

INFO:__main__:NLL: 0.1083, L2: 0.0085, Reg: 0.0567
INFO:__main__:Total loss 0.1735
INFO:__main__:Predicted mean: -0.3604
INFO:__main__:Predicted uncertainity -0.7425
INFO:__main__:Completed epoch 71 of 100

INFO:__main__:NLL: 0.0878, L2: 0.0083, Reg: 0.0567
INFO:__main__:Total loss 0.1528
INFO:__main__:Predicted mean: -0.3728
INFO:__main__:Predicted uncertainity -0.6897
INFO:__main__:Completed epoch 72 of 100

INFO:__main__:NLL: -0.0164, L2: 0.0084, Reg: 0.0567
INFO:__main__:Total loss 0.0487
INFO:__main__:Predicted mean: -0.3885
INFO:__main__:Predicted uncertainity -0.7050
INFO:__main__:Completed epoch 73 of 100

INFO:__main__:NLL: 0.0381, L2: 0.0084, Reg: 0.0567
INFO:__main__:Total loss 0.1032
INFO:__main__:Predicted mean: -0.3719
INFO:__main__:Predicted uncertainity -0.9241
INFO:__main__:Completed epoch 74 of 100

INFO:__main__:NLL: 0.0570, L2: 0.0082, Reg: 0.0567
INFO:__main__:Total loss 0.1218
INFO:__main__:Predicted mean: -0.4130
INFO:__main__:Predicted uncertainity -0.6500
INFO:__main__:Completed epoch 75 of 100

INFO:__main__:NLL: 0.0285, L2: 0.0086, Reg: 0.0567
INFO:__main__:Total loss 0.0938
INFO:__main__:Predicted mean: -0.3784
INFO:__main__:Predicted uncertainity -0.7338
INFO:__main__:Completed epoch 76 of 100

INFO:__main__:NLL: 0.1100, L2: 0.0085, Reg: 0.0567
INFO:__main__:Total loss 0.1752
INFO:__main__:Predicted mean: -0.2968
INFO:__main__:Predicted uncertainity -0.7222
INFO:__main__:Completed epoch 77 of 100

INFO:__main__:NLL: 0.0050, L2: 0.0083, Reg: 0.0567
INFO:__main__:Total loss 0.0700
INFO:__main__:Predicted mean: -0.4010
INFO:__main__:Predicted uncertainity -0.7911
INFO:__main__:Completed epoch 78 of 100

INFO:__main__:NLL: 0.0772, L2: 0.0089, Reg: 0.0567
INFO:__main__:Total loss 0.1428
INFO:__main__:Predicted mean: -0.3469
INFO:__main__:Predicted uncertainity -0.7230
INFO:__main__:Completed epoch 79 of 100

INFO:__main__:NLL: 0.0034, L2: 0.0086, Reg: 0.0567
INFO:__main__:Total loss 0.0687
INFO:__main__:Predicted mean: -0.3960
INFO:__main__:Predicted uncertainity -0.7164
INFO:__main__:Completed epoch 80 of 100

INFO:__main__:NLL: 0.0500, L2: 0.0084, Reg: 0.0567
INFO:__main__:Total loss 0.1150
INFO:__main__:Predicted mean: -0.3560
INFO:__main__:Predicted uncertainity -0.6584
INFO:__main__:Completed epoch 81 of 100

INFO:__main__:NLL: 0.0827, L2: 0.0086, Reg: 0.0567
INFO:__main__:Total loss 0.1480
INFO:__main__:Predicted mean: -0.3502
INFO:__main__:Predicted uncertainity -0.7708
INFO:__main__:Completed epoch 82 of 100

INFO:__main__:NLL: 0.3445, L2: 0.0082, Reg: 0.0567
INFO:__main__:Total loss 0.4093
INFO:__main__:Predicted mean: -0.4225
INFO:__main__:Predicted uncertainity -0.7570
INFO:__main__:Completed epoch 83 of 100

INFO:__main__:NLL: 0.0027, L2: 0.0088, Reg: 0.0567
INFO:__main__:Total loss 0.0682
INFO:__main__:Predicted mean: -0.4011
INFO:__main__:Predicted uncertainity -0.6505
INFO:__main__:Completed epoch 84 of 100

INFO:__main__:NLL: 0.0652, L2: 0.0082, Reg: 0.0567
INFO:__main__:Total loss 0.1301
INFO:__main__:Predicted mean: -0.3407
INFO:__main__:Predicted uncertainity -0.7380
INFO:__main__:Completed epoch 85 of 100

INFO:__main__:NLL: -0.0457, L2: 0.0083, Reg: 0.0567
INFO:__main__:Total loss 0.0193
INFO:__main__:Predicted mean: -0.3590
INFO:__main__:Predicted uncertainity -0.7931
INFO:__main__:Completed epoch 86 of 100

INFO:__main__:NLL: 0.0265, L2: 0.0082, Reg: 0.0567
INFO:__main__:Total loss 0.0915
INFO:__main__:Predicted mean: -0.4285
INFO:__main__:Predicted uncertainity -0.7257
INFO:__main__:Completed epoch 87 of 100

INFO:__main__:NLL: 0.1948, L2: 0.0091, Reg: 0.0567
INFO:__main__:Total loss 0.2606
INFO:__main__:Predicted mean: -0.3426
INFO:__main__:Predicted uncertainity -0.7770
INFO:__main__:Completed epoch 88 of 100

INFO:__main__:NLL: 0.2719, L2: 0.0090, Reg: 0.0567
INFO:__main__:Total loss 0.3376
INFO:__main__:Predicted mean: -0.3610
INFO:__main__:Predicted uncertainity -0.7524
INFO:__main__:Completed epoch 89 of 100

INFO:__main__:NLL: 0.1943, L2: 0.0086, Reg: 0.0567
INFO:__main__:Total loss 0.2596
INFO:__main__:Predicted mean: -0.3687
INFO:__main__:Predicted uncertainity -0.7191
INFO:__main__:Completed epoch 90 of 100

INFO:__main__:NLL: 0.0590, L2: 0.0087, Reg: 0.0567
INFO:__main__:Total loss 0.1244
INFO:__main__:Predicted mean: -0.3640
INFO:__main__:Predicted uncertainity -0.7372
INFO:__main__:Completed epoch 91 of 100

INFO:__main__:NLL: 0.0016, L2: 0.0083, Reg: 0.0567
INFO:__main__:Total loss 0.0666
INFO:__main__:Predicted mean: -0.3784
INFO:__main__:Predicted uncertainity -0.7512
INFO:__main__:Completed epoch 92 of 100

INFO:__main__:NLL: 0.2409, L2: 0.0086, Reg: 0.0567
INFO:__main__:Total loss 0.3062
INFO:__main__:Predicted mean: -0.3360
INFO:__main__:Predicted uncertainity -0.7858
INFO:__main__:Completed epoch 93 of 100

INFO:__main__:NLL: 0.3135, L2: 0.0087, Reg: 0.0567
INFO:__main__:Total loss 0.3789
INFO:__main__:Predicted mean: -0.3904
INFO:__main__:Predicted uncertainity -0.8480
INFO:__main__:Completed epoch 94 of 100

INFO:__main__:NLL: 0.1513, L2: 0.0084, Reg: 0.0567
INFO:__main__:Total loss 0.2164
INFO:__main__:Predicted mean: -0.4123
INFO:__main__:Predicted uncertainity -0.7775
INFO:__main__:Completed epoch 95 of 100

INFO:__main__:NLL: 0.1877, L2: 0.0085, Reg: 0.0567
INFO:__main__:Total loss 0.2530
INFO:__main__:Predicted mean: -0.3883
INFO:__main__:Predicted uncertainity -0.7163
INFO:__main__:Completed epoch 96 of 100

INFO:__main__:NLL: 0.1620, L2: 0.0088, Reg: 0.0567
INFO:__main__:Total loss 0.2276
INFO:__main__:Predicted mean: -0.3452
INFO:__main__:Predicted uncertainity -0.8168
INFO:__main__:Completed epoch 97 of 100

INFO:__main__:NLL: -0.0331, L2: 0.0088, Reg: 0.0567
INFO:__main__:Total loss 0.0324
INFO:__main__:Predicted mean: -0.3287
INFO:__main__:Predicted uncertainity -0.7352
INFO:__main__:Completed epoch 98 of 100

INFO:__main__:NLL: -0.1334, L2: 0.0094, Reg: 0.0567
INFO:__main__:Total loss -0.0673
INFO:__main__:Predicted mean: -0.3674
INFO:__main__:Predicted uncertainity -0.8287
INFO:__main__:Completed epoch 99 of 100

INFO:__main__:NLL: 0.1515, L2: 0.0091, Reg: 0.0567
INFO:__main__:Total loss 0.2173
INFO:__main__:Predicted mean: -0.3870
INFO:__main__:Predicted uncertainity -0.8719
INFO:__main__:Completed epoch 100 of 100

INFO:__main__:885.542614 s
