INFO:__main__:PROCESS RUNNING ON cpu
INFO:__main__:NLL: 0.4693, L2: 0.0014, Reg: -0.2902
INFO:__main__:Total loss 0.1805
INFO:__main__:Predicted mean: -0.3600
INFO:__main__:Predicted uncertainity 0.6036
INFO:__main__:Completed epoch 1 of 100

INFO:__main__:NLL: 0.4681, L2: 0.0010, Reg: -0.2937
INFO:__main__:Total loss 0.1754
INFO:__main__:Predicted mean: -0.3699
INFO:__main__:Predicted uncertainity 0.6038
INFO:__main__:Completed epoch 2 of 100

INFO:__main__:NLL: 0.4711, L2: 0.0010, Reg: -0.2945
INFO:__main__:Total loss 0.1776
INFO:__main__:Predicted mean: -0.3643
INFO:__main__:Predicted uncertainity 0.6060
INFO:__main__:Completed epoch 3 of 100

INFO:__main__:NLL: 0.4666, L2: 0.0010, Reg: -0.2935
INFO:__main__:Total loss 0.1741
INFO:__main__:Predicted mean: -0.3576
INFO:__main__:Predicted uncertainity 0.5996
INFO:__main__:Completed epoch 4 of 100

INFO:__main__:NLL: 0.4702, L2: 0.0010, Reg: -0.2890
INFO:__main__:Total loss 0.1822
INFO:__main__:Predicted mean: -0.3557
INFO:__main__:Predicted uncertainity 0.6054
INFO:__main__:Completed epoch 5 of 100

INFO:__main__:NLL: 0.4689, L2: 0.0009, Reg: -0.2923
INFO:__main__:Total loss 0.1775
INFO:__main__:Predicted mean: -0.3551
INFO:__main__:Predicted uncertainity 0.6045
INFO:__main__:Completed epoch 6 of 100

INFO:__main__:NLL: 0.4738, L2: 0.0010, Reg: -0.2921
INFO:__main__:Total loss 0.1827
INFO:__main__:Predicted mean: -0.3583
INFO:__main__:Predicted uncertainity 0.6164
INFO:__main__:Completed epoch 7 of 100

INFO:__main__:NLL: 0.4699, L2: 0.0011, Reg: -0.2929
INFO:__main__:Total loss 0.1781
INFO:__main__:Predicted mean: -0.3622
INFO:__main__:Predicted uncertainity 0.6061
INFO:__main__:Completed epoch 8 of 100

INFO:__main__:NLL: 0.4749, L2: 0.0011, Reg: -0.2945
INFO:__main__:Total loss 0.1815
INFO:__main__:Predicted mean: -0.3641
INFO:__main__:Predicted uncertainity 0.6208
INFO:__main__:Completed epoch 9 of 100

INFO:__main__:NLL: 0.4732, L2: 0.0012, Reg: -0.2940
INFO:__main__:Total loss 0.1804
INFO:__main__:Predicted mean: -0.3658
INFO:__main__:Predicted uncertainity 0.6154
INFO:__main__:Completed epoch 10 of 100

INFO:__main__:NLL: 0.4734, L2: 0.0012, Reg: -0.2983
INFO:__main__:Total loss 0.1763
INFO:__main__:Predicted mean: -0.3662
INFO:__main__:Predicted uncertainity 0.6176
INFO:__main__:Completed epoch 11 of 100

INFO:__main__:NLL: 0.4738, L2: 0.0009, Reg: -0.2950
INFO:__main__:Total loss 0.1797
INFO:__main__:Predicted mean: -0.3637
INFO:__main__:Predicted uncertainity 0.6142
INFO:__main__:Completed epoch 12 of 100

INFO:__main__:NLL: 0.4741, L2: 0.0012, Reg: -0.2945
INFO:__main__:Total loss 0.1809
INFO:__main__:Predicted mean: -0.3677
INFO:__main__:Predicted uncertainity 0.6142
INFO:__main__:Completed epoch 13 of 100

INFO:__main__:NLL: 0.4769, L2: 0.0013, Reg: -0.2973
INFO:__main__:Total loss 0.1809
INFO:__main__:Predicted mean: -0.3678
INFO:__main__:Predicted uncertainity 0.6218
INFO:__main__:Completed epoch 14 of 100

INFO:__main__:NLL: 0.4705, L2: 0.0011, Reg: -0.2918
INFO:__main__:Total loss 0.1798
INFO:__main__:Predicted mean: -0.3663
INFO:__main__:Predicted uncertainity 0.6033
INFO:__main__:Completed epoch 15 of 100

INFO:__main__:NLL: 0.4723, L2: 0.0013, Reg: -0.2901
INFO:__main__:Total loss 0.1834
INFO:__main__:Predicted mean: -0.3688
INFO:__main__:Predicted uncertainity 0.6102
INFO:__main__:Completed epoch 16 of 100

INFO:__main__:NLL: 0.4738, L2: 0.0012, Reg: -0.2977
INFO:__main__:Total loss 0.1773
INFO:__main__:Predicted mean: -0.3697
INFO:__main__:Predicted uncertainity 0.6152
INFO:__main__:Completed epoch 17 of 100

INFO:__main__:NLL: 0.4728, L2: 0.0013, Reg: -0.2974
INFO:__main__:Total loss 0.1767
INFO:__main__:Predicted mean: -0.3703
INFO:__main__:Predicted uncertainity 0.6119
INFO:__main__:Completed epoch 18 of 100

INFO:__main__:NLL: 0.4704, L2: 0.0011, Reg: -0.2923
INFO:__main__:Total loss 0.1792
INFO:__main__:Predicted mean: -0.3612
INFO:__main__:Predicted uncertainity 0.6064
INFO:__main__:Completed epoch 19 of 100

INFO:__main__:NLL: 0.4765, L2: 0.0010, Reg: -0.2981
INFO:__main__:Total loss 0.1795
INFO:__main__:Predicted mean: -0.3686
INFO:__main__:Predicted uncertainity 0.6204
INFO:__main__:Completed epoch 20 of 100

INFO:__main__:NLL: 0.4728, L2: 0.0012, Reg: -0.2933
INFO:__main__:Total loss 0.1808
INFO:__main__:Predicted mean: -0.3686
INFO:__main__:Predicted uncertainity 0.6109
INFO:__main__:Completed epoch 21 of 100

INFO:__main__:NLL: 0.4731, L2: 0.0011, Reg: -0.2960
INFO:__main__:Total loss 0.1782
INFO:__main__:Predicted mean: -0.3596
INFO:__main__:Predicted uncertainity 0.6139
INFO:__main__:Completed epoch 22 of 100

INFO:__main__:NLL: 0.4732, L2: 0.0012, Reg: -0.2922
INFO:__main__:Total loss 0.1822
INFO:__main__:Predicted mean: -0.3621
INFO:__main__:Predicted uncertainity 0.6145
INFO:__main__:Completed epoch 23 of 100

INFO:__main__:NLL: 0.4709, L2: 0.0013, Reg: -0.2930
INFO:__main__:Total loss 0.1792
INFO:__main__:Predicted mean: -0.3621
INFO:__main__:Predicted uncertainity 0.6085
INFO:__main__:Completed epoch 24 of 100

INFO:__main__:NLL: 0.4697, L2: 0.0013, Reg: -0.2927
INFO:__main__:Total loss 0.1783
INFO:__main__:Predicted mean: -0.3643
INFO:__main__:Predicted uncertainity 0.6030
INFO:__main__:Completed epoch 25 of 100

INFO:__main__:NLL: 0.4750, L2: 0.0013, Reg: -0.2968
INFO:__main__:Total loss 0.1795
INFO:__main__:Predicted mean: -0.3719
INFO:__main__:Predicted uncertainity 0.6234
INFO:__main__:Completed epoch 26 of 100

INFO:__main__:NLL: 0.4720, L2: 0.0014, Reg: -0.2951
INFO:__main__:Total loss 0.1783
INFO:__main__:Predicted mean: -0.3628
INFO:__main__:Predicted uncertainity 0.6107
INFO:__main__:Completed epoch 27 of 100

INFO:__main__:NLL: 0.4766, L2: 0.0013, Reg: -0.2984
INFO:__main__:Total loss 0.1796
INFO:__main__:Predicted mean: -0.3692
INFO:__main__:Predicted uncertainity 0.6219
INFO:__main__:Completed epoch 28 of 100

INFO:__main__:NLL: 0.4743, L2: 0.0014, Reg: -0.2967
INFO:__main__:Total loss 0.1791
INFO:__main__:Predicted mean: -0.3663
INFO:__main__:Predicted uncertainity 0.6179
INFO:__main__:Completed epoch 29 of 100

INFO:__main__:NLL: 0.4749, L2: 0.0010, Reg: -0.2970
INFO:__main__:Total loss 0.1789
INFO:__main__:Predicted mean: -0.3686
INFO:__main__:Predicted uncertainity 0.6159
INFO:__main__:Completed epoch 30 of 100

INFO:__main__:NLL: 0.4723, L2: 0.0012, Reg: -0.2943
INFO:__main__:Total loss 0.1792
INFO:__main__:Predicted mean: -0.3643
INFO:__main__:Predicted uncertainity 0.6096
INFO:__main__:Completed epoch 31 of 100

INFO:__main__:NLL: 0.4735, L2: 0.0011, Reg: -0.2952
INFO:__main__:Total loss 0.1794
INFO:__main__:Predicted mean: -0.3726
INFO:__main__:Predicted uncertainity 0.6118
INFO:__main__:Completed epoch 32 of 100

INFO:__main__:NLL: 0.4768, L2: 0.0013, Reg: -0.2976
INFO:__main__:Total loss 0.1805
INFO:__main__:Predicted mean: -0.3685
INFO:__main__:Predicted uncertainity 0.6231
INFO:__main__:Completed epoch 33 of 100

INFO:__main__:NLL: 0.4713, L2: 0.0011, Reg: -0.2926
INFO:__main__:Total loss 0.1798
INFO:__main__:Predicted mean: -0.3702
INFO:__main__:Predicted uncertainity 0.6099
INFO:__main__:Completed epoch 34 of 100

INFO:__main__:NLL: 0.4729, L2: 0.0011, Reg: -0.2945
INFO:__main__:Total loss 0.1795
INFO:__main__:Predicted mean: -0.3614
INFO:__main__:Predicted uncertainity 0.6140
INFO:__main__:Completed epoch 35 of 100

INFO:__main__:NLL: 0.4733, L2: 0.0010, Reg: -0.2942
INFO:__main__:Total loss 0.1802
INFO:__main__:Predicted mean: -0.3668
INFO:__main__:Predicted uncertainity 0.6105
INFO:__main__:Completed epoch 36 of 100

INFO:__main__:NLL: 0.4740, L2: 0.0013, Reg: -0.2970
INFO:__main__:Total loss 0.1783
INFO:__main__:Predicted mean: -0.3692
INFO:__main__:Predicted uncertainity 0.6194
INFO:__main__:Completed epoch 37 of 100

INFO:__main__:NLL: 0.4734, L2: 0.0013, Reg: -0.2965
INFO:__main__:Total loss 0.1781
INFO:__main__:Predicted mean: -0.3670
INFO:__main__:Predicted uncertainity 0.6123
INFO:__main__:Completed epoch 38 of 100

INFO:__main__:NLL: 0.4694, L2: 0.0011, Reg: -0.2932
INFO:__main__:Total loss 0.1774
INFO:__main__:Predicted mean: -0.3594
INFO:__main__:Predicted uncertainity 0.6021
INFO:__main__:Completed epoch 39 of 100

INFO:__main__:NLL: 0.4739, L2: 0.0011, Reg: -0.2975
INFO:__main__:Total loss 0.1775
INFO:__main__:Predicted mean: -0.3672
INFO:__main__:Predicted uncertainity 0.6175
INFO:__main__:Completed epoch 40 of 100

INFO:__main__:NLL: 0.4730, L2: 0.0014, Reg: -0.2956
INFO:__main__:Total loss 0.1787
INFO:__main__:Predicted mean: -0.3691
INFO:__main__:Predicted uncertainity 0.6147
INFO:__main__:Completed epoch 41 of 100

INFO:__main__:NLL: 0.4743, L2: 0.0013, Reg: -0.2951
INFO:__main__:Total loss 0.1805
INFO:__main__:Predicted mean: -0.3707
INFO:__main__:Predicted uncertainity 0.6154
INFO:__main__:Completed epoch 42 of 100

INFO:__main__:NLL: 0.4700, L2: 0.0011, Reg: -0.2941
INFO:__main__:Total loss 0.1771
INFO:__main__:Predicted mean: -0.3654
INFO:__main__:Predicted uncertainity 0.6051
INFO:__main__:Completed epoch 43 of 100

INFO:__main__:NLL: 0.4733, L2: 0.0011, Reg: -0.2953
INFO:__main__:Total loss 0.1792
INFO:__main__:Predicted mean: -0.3658
INFO:__main__:Predicted uncertainity 0.6154
INFO:__main__:Completed epoch 44 of 100

INFO:__main__:NLL: 0.4724, L2: 0.0012, Reg: -0.2935
INFO:__main__:Total loss 0.1801
INFO:__main__:Predicted mean: -0.3674
INFO:__main__:Predicted uncertainity 0.6110
INFO:__main__:Completed epoch 45 of 100

INFO:__main__:NLL: 0.4737, L2: 0.0013, Reg: -0.2962
INFO:__main__:Total loss 0.1788
INFO:__main__:Predicted mean: -0.3678
INFO:__main__:Predicted uncertainity 0.6112
INFO:__main__:Completed epoch 46 of 100

INFO:__main__:NLL: 0.4760, L2: 0.0013, Reg: -0.2985
INFO:__main__:Total loss 0.1788
INFO:__main__:Predicted mean: -0.3715
INFO:__main__:Predicted uncertainity 0.6225
INFO:__main__:Completed epoch 47 of 100

INFO:__main__:NLL: 0.4723, L2: 0.0012, Reg: -0.2955
INFO:__main__:Total loss 0.1780
INFO:__main__:Predicted mean: -0.3621
INFO:__main__:Predicted uncertainity 0.6139
INFO:__main__:Completed epoch 48 of 100

INFO:__main__:NLL: 0.4714, L2: 0.0013, Reg: -0.2950
INFO:__main__:Total loss 0.1776
INFO:__main__:Predicted mean: -0.3650
INFO:__main__:Predicted uncertainity 0.6138
INFO:__main__:Completed epoch 49 of 100

INFO:__main__:NLL: 0.4755, L2: 0.0012, Reg: -0.2976
INFO:__main__:Total loss 0.1791
INFO:__main__:Predicted mean: -0.3668
INFO:__main__:Predicted uncertainity 0.6200
INFO:__main__:Completed epoch 50 of 100

INFO:__main__:NLL: 0.4695, L2: 0.0013, Reg: -0.2898
INFO:__main__:Total loss 0.1810
INFO:__main__:Predicted mean: -0.3665
INFO:__main__:Predicted uncertainity 0.6025
INFO:__main__:Completed epoch 51 of 100

INFO:__main__:NLL: 0.4738, L2: 0.0010, Reg: -0.2982
INFO:__main__:Total loss 0.1766
INFO:__main__:Predicted mean: -0.3640
INFO:__main__:Predicted uncertainity 0.6179
INFO:__main__:Completed epoch 52 of 100

INFO:__main__:NLL: 0.4730, L2: 0.0010, Reg: -0.2965
INFO:__main__:Total loss 0.1775
INFO:__main__:Predicted mean: -0.3667
INFO:__main__:Predicted uncertainity 0.6108
INFO:__main__:Completed epoch 53 of 100

INFO:__main__:NLL: 0.4736, L2: 0.0012, Reg: -0.2961
INFO:__main__:Total loss 0.1787
INFO:__main__:Predicted mean: -0.3668
INFO:__main__:Predicted uncertainity 0.6139
INFO:__main__:Completed epoch 54 of 100

INFO:__main__:NLL: 0.4726, L2: 0.0012, Reg: -0.2958
INFO:__main__:Total loss 0.1780
INFO:__main__:Predicted mean: -0.3680
INFO:__main__:Predicted uncertainity 0.6160
INFO:__main__:Completed epoch 55 of 100

INFO:__main__:NLL: 0.4741, L2: 0.0011, Reg: -0.2955
INFO:__main__:Total loss 0.1796
INFO:__main__:Predicted mean: -0.3659
INFO:__main__:Predicted uncertainity 0.6147
INFO:__main__:Completed epoch 56 of 100

INFO:__main__:NLL: 0.4752, L2: 0.0012, Reg: -0.2962
INFO:__main__:Total loss 0.1801
INFO:__main__:Predicted mean: -0.3679
INFO:__main__:Predicted uncertainity 0.6177
INFO:__main__:Completed epoch 57 of 100

INFO:__main__:NLL: 0.4726, L2: 0.0011, Reg: -0.2938
INFO:__main__:Total loss 0.1799
INFO:__main__:Predicted mean: -0.3671
INFO:__main__:Predicted uncertainity 0.6122
INFO:__main__:Completed epoch 58 of 100

INFO:__main__:NLL: 0.4718, L2: 0.0012, Reg: -0.2919
INFO:__main__:Total loss 0.1812
INFO:__main__:Predicted mean: -0.3627
INFO:__main__:Predicted uncertainity 0.6105
INFO:__main__:Completed epoch 59 of 100

INFO:__main__:NLL: 0.4725, L2: 0.0013, Reg: -0.2950
INFO:__main__:Total loss 0.1787
INFO:__main__:Predicted mean: -0.3710
INFO:__main__:Predicted uncertainity 0.6097
INFO:__main__:Completed epoch 60 of 100

INFO:__main__:NLL: 0.4751, L2: 0.0013, Reg: -0.2964
INFO:__main__:Total loss 0.1800
INFO:__main__:Predicted mean: -0.3662
INFO:__main__:Predicted uncertainity 0.6206
INFO:__main__:Completed epoch 61 of 100

INFO:__main__:NLL: 0.4747, L2: 0.0010, Reg: -0.2962
INFO:__main__:Total loss 0.1796
INFO:__main__:Predicted mean: -0.3693
INFO:__main__:Predicted uncertainity 0.6183
INFO:__main__:Completed epoch 62 of 100

INFO:__main__:NLL: 0.4712, L2: 0.0013, Reg: -0.2962
INFO:__main__:Total loss 0.1762
INFO:__main__:Predicted mean: -0.3657
INFO:__main__:Predicted uncertainity 0.6111
INFO:__main__:Completed epoch 63 of 100

INFO:__main__:NLL: 0.4710, L2: 0.0012, Reg: -0.2933
INFO:__main__:Total loss 0.1789
INFO:__main__:Predicted mean: -0.3628
INFO:__main__:Predicted uncertainity 0.6086
INFO:__main__:Completed epoch 64 of 100

INFO:__main__:NLL: 0.4711, L2: 0.0011, Reg: -0.2944
INFO:__main__:Total loss 0.1779
INFO:__main__:Predicted mean: -0.3658
INFO:__main__:Predicted uncertainity 0.6088
INFO:__main__:Completed epoch 65 of 100

INFO:__main__:NLL: 0.4716, L2: 0.0011, Reg: -0.2928
INFO:__main__:Total loss 0.1799
INFO:__main__:Predicted mean: -0.3649
INFO:__main__:Predicted uncertainity 0.6104
INFO:__main__:Completed epoch 66 of 100

INFO:__main__:NLL: 0.4708, L2: 0.0017, Reg: -0.2913
INFO:__main__:Total loss 0.1812
INFO:__main__:Predicted mean: -0.3645
INFO:__main__:Predicted uncertainity 0.6136
INFO:__main__:Completed epoch 67 of 100

INFO:__main__:NLL: 0.4727, L2: 0.0011, Reg: -0.2958
INFO:__main__:Total loss 0.1780
INFO:__main__:Predicted mean: -0.3677
INFO:__main__:Predicted uncertainity 0.6127
INFO:__main__:Completed epoch 68 of 100

INFO:__main__:NLL: 0.4747, L2: 0.0013, Reg: -0.2943
INFO:__main__:Total loss 0.1816
INFO:__main__:Predicted mean: -0.3689
INFO:__main__:Predicted uncertainity 0.6189
INFO:__main__:Completed epoch 69 of 100

INFO:__main__:NLL: 0.4740, L2: 0.0013, Reg: -0.2951
INFO:__main__:Total loss 0.1802
INFO:__main__:Predicted mean: -0.3656
INFO:__main__:Predicted uncertainity 0.6168
INFO:__main__:Completed epoch 70 of 100

INFO:__main__:NLL: 0.4696, L2: 0.0011, Reg: -0.2936
INFO:__main__:Total loss 0.1772
INFO:__main__:Predicted mean: -0.3638
INFO:__main__:Predicted uncertainity 0.6050
INFO:__main__:Completed epoch 71 of 100

INFO:__main__:NLL: 0.4749, L2: 0.0012, Reg: -0.2935
INFO:__main__:Total loss 0.1826
INFO:__main__:Predicted mean: -0.3609
INFO:__main__:Predicted uncertainity 0.6176
INFO:__main__:Completed epoch 72 of 100

INFO:__main__:NLL: 0.4725, L2: 0.0013, Reg: -0.2946
INFO:__main__:Total loss 0.1792
INFO:__main__:Predicted mean: -0.3675
INFO:__main__:Predicted uncertainity 0.6131
INFO:__main__:Completed epoch 73 of 100

INFO:__main__:NLL: 0.4765, L2: 0.0012, Reg: -0.2968
INFO:__main__:Total loss 0.1809
INFO:__main__:Predicted mean: -0.3648
INFO:__main__:Predicted uncertainity 0.6208
INFO:__main__:Completed epoch 74 of 100

INFO:__main__:NLL: 0.4768, L2: 0.0011, Reg: -0.2971
INFO:__main__:Total loss 0.1808
INFO:__main__:Predicted mean: -0.3683
INFO:__main__:Predicted uncertainity 0.6249
INFO:__main__:Completed epoch 75 of 100

INFO:__main__:NLL: 0.4702, L2: 0.0013, Reg: -0.2917
INFO:__main__:Total loss 0.1798
INFO:__main__:Predicted mean: -0.3647
INFO:__main__:Predicted uncertainity 0.6077
INFO:__main__:Completed epoch 76 of 100

INFO:__main__:NLL: 0.4741, L2: 0.0013, Reg: -0.2927
INFO:__main__:Total loss 0.1826
INFO:__main__:Predicted mean: -0.3663
INFO:__main__:Predicted uncertainity 0.6169
INFO:__main__:Completed epoch 77 of 100

INFO:__main__:NLL: 0.4745, L2: 0.0011, Reg: -0.2955
INFO:__main__:Total loss 0.1801
INFO:__main__:Predicted mean: -0.3705
INFO:__main__:Predicted uncertainity 0.6144
INFO:__main__:Completed epoch 78 of 100

INFO:__main__:NLL: 0.4746, L2: 0.0010, Reg: -0.2986
INFO:__main__:Total loss 0.1769
INFO:__main__:Predicted mean: -0.3660
INFO:__main__:Predicted uncertainity 0.6142
INFO:__main__:Completed epoch 79 of 100

INFO:__main__:NLL: 0.4724, L2: 0.0010, Reg: -0.2921
INFO:__main__:Total loss 0.1813
INFO:__main__:Predicted mean: -0.3683
INFO:__main__:Predicted uncertainity 0.6093
INFO:__main__:Completed epoch 80 of 100

INFO:__main__:NLL: 0.4704, L2: 0.0011, Reg: -0.2929
INFO:__main__:Total loss 0.1785
INFO:__main__:Predicted mean: -0.3656
INFO:__main__:Predicted uncertainity 0.6038
INFO:__main__:Completed epoch 81 of 100

INFO:__main__:NLL: 0.4768, L2: 0.0012, Reg: -0.2991
INFO:__main__:Total loss 0.1788
INFO:__main__:Predicted mean: -0.3621
INFO:__main__:Predicted uncertainity 0.6256
INFO:__main__:Completed epoch 82 of 100

INFO:__main__:NLL: 0.4742, L2: 0.0011, Reg: -0.2949
INFO:__main__:Total loss 0.1804
INFO:__main__:Predicted mean: -0.3674
INFO:__main__:Predicted uncertainity 0.6167
INFO:__main__:Completed epoch 83 of 100

INFO:__main__:NLL: 0.4732, L2: 0.0012, Reg: -0.2920
INFO:__main__:Total loss 0.1823
INFO:__main__:Predicted mean: -0.3616
INFO:__main__:Predicted uncertainity 0.6135
INFO:__main__:Completed epoch 84 of 100

INFO:__main__:NLL: 0.4716, L2: 0.0013, Reg: -0.2931
INFO:__main__:Total loss 0.1797
INFO:__main__:Predicted mean: -0.3643
INFO:__main__:Predicted uncertainity 0.6133
INFO:__main__:Completed epoch 85 of 100

INFO:__main__:NLL: 0.4737, L2: 0.0014, Reg: -0.2949
INFO:__main__:Total loss 0.1802
INFO:__main__:Predicted mean: -0.3647
INFO:__main__:Predicted uncertainity 0.6147
INFO:__main__:Completed epoch 86 of 100

INFO:__main__:NLL: 0.4711, L2: 0.0014, Reg: -0.2943
INFO:__main__:Total loss 0.1782
INFO:__main__:Predicted mean: -0.3639
INFO:__main__:Predicted uncertainity 0.6061
INFO:__main__:Completed epoch 87 of 100

INFO:__main__:NLL: 0.4731, L2: 0.0013, Reg: -0.2953
INFO:__main__:Total loss 0.1791
INFO:__main__:Predicted mean: -0.3659
INFO:__main__:Predicted uncertainity 0.6117
INFO:__main__:Completed epoch 88 of 100

INFO:__main__:NLL: 0.4735, L2: 0.0013, Reg: -0.2934
INFO:__main__:Total loss 0.1814
INFO:__main__:Predicted mean: -0.3630
INFO:__main__:Predicted uncertainity 0.6161
INFO:__main__:Completed epoch 89 of 100

INFO:__main__:NLL: 0.4720, L2: 0.0012, Reg: -0.2946
INFO:__main__:Total loss 0.1785
INFO:__main__:Predicted mean: -0.3701
INFO:__main__:Predicted uncertainity 0.6078
INFO:__main__:Completed epoch 90 of 100

INFO:__main__:NLL: 0.4700, L2: 0.0012, Reg: -0.2915
INFO:__main__:Total loss 0.1796
INFO:__main__:Predicted mean: -0.3677
INFO:__main__:Predicted uncertainity 0.6057
INFO:__main__:Completed epoch 91 of 100

INFO:__main__:NLL: 0.4681, L2: 0.0011, Reg: -0.2897
INFO:__main__:Total loss 0.1795
INFO:__main__:Predicted mean: -0.3615
INFO:__main__:Predicted uncertainity 0.6017
INFO:__main__:Completed epoch 92 of 100

INFO:__main__:NLL: 0.4749, L2: 0.0011, Reg: -0.2960
INFO:__main__:Total loss 0.1801
INFO:__main__:Predicted mean: -0.3685
INFO:__main__:Predicted uncertainity 0.6156
INFO:__main__:Completed epoch 93 of 100

INFO:__main__:NLL: 0.4661, L2: 0.0013, Reg: -0.2882
INFO:__main__:Total loss 0.1791
INFO:__main__:Predicted mean: -0.3591
INFO:__main__:Predicted uncertainity 0.5924
INFO:__main__:Completed epoch 94 of 100

INFO:__main__:NLL: 0.4713, L2: 0.0012, Reg: -0.2951
INFO:__main__:Total loss 0.1774
INFO:__main__:Predicted mean: -0.3639
INFO:__main__:Predicted uncertainity 0.6105
INFO:__main__:Completed epoch 95 of 100

INFO:__main__:NLL: 0.4713, L2: 0.0011, Reg: -0.2943
INFO:__main__:Total loss 0.1781
INFO:__main__:Predicted mean: -0.3658
INFO:__main__:Predicted uncertainity 0.6091
INFO:__main__:Completed epoch 96 of 100

INFO:__main__:NLL: 0.4736, L2: 0.0012, Reg: -0.2958
INFO:__main__:Total loss 0.1790
INFO:__main__:Predicted mean: -0.3670
INFO:__main__:Predicted uncertainity 0.6130
INFO:__main__:Completed epoch 97 of 100

INFO:__main__:NLL: 0.4696, L2: 0.0011, Reg: -0.2949
INFO:__main__:Total loss 0.1758
INFO:__main__:Predicted mean: -0.3624
INFO:__main__:Predicted uncertainity 0.6033
INFO:__main__:Completed epoch 98 of 100

INFO:__main__:NLL: 0.4719, L2: 0.0012, Reg: -0.2931
INFO:__main__:Total loss 0.1799
INFO:__main__:Predicted mean: -0.3698
INFO:__main__:Predicted uncertainity 0.6108
INFO:__main__:Completed epoch 99 of 100

INFO:__main__:NLL: 0.4730, L2: 0.0010, Reg: -0.2953
INFO:__main__:Total loss 0.1786
INFO:__main__:Predicted mean: -0.3628
INFO:__main__:Predicted uncertainity 0.6133
INFO:__main__:Completed epoch 100 of 100

INFO:__main__:389.783911 s
