INFO:__main__:PROCESS RUNNING ON cpu
INFO:__main__:NLL: 0.2536, L2: 0.0069, Reg: 0.0018
INFO:__main__:Total loss 0.2624
INFO:__main__:Predicted mean: -0.3796
INFO:__main__:Predicted uncertainity -0.6943
INFO:__main__:Completed epoch 1 of 100

INFO:__main__:NLL: 0.0457, L2: 0.0071, Reg: 0.0018
INFO:__main__:Total loss 0.0546
INFO:__main__:Predicted mean: -0.4159
INFO:__main__:Predicted uncertainity -0.7399
INFO:__main__:Completed epoch 2 of 100

INFO:__main__:NLL: 0.0344, L2: 0.0077, Reg: 0.0018
INFO:__main__:Total loss 0.0440
INFO:__main__:Predicted mean: -0.4325
INFO:__main__:Predicted uncertainity -0.7179
INFO:__main__:Completed epoch 3 of 100

INFO:__main__:NLL: -0.0287, L2: 0.0080, Reg: 0.0018
INFO:__main__:Total loss -0.0189
INFO:__main__:Predicted mean: -0.3503
INFO:__main__:Predicted uncertainity -0.7357
INFO:__main__:Completed epoch 4 of 100

INFO:__main__:NLL: -0.0001, L2: 0.0082, Reg: 0.0019
INFO:__main__:Total loss 0.0099
INFO:__main__:Predicted mean: -0.3518
INFO:__main__:Predicted uncertainity -0.7910
INFO:__main__:Completed epoch 5 of 100

INFO:__main__:NLL: 0.1713, L2: 0.0082, Reg: 0.0018
INFO:__main__:Total loss 0.1813
INFO:__main__:Predicted mean: -0.4039
INFO:__main__:Predicted uncertainity -0.7079
INFO:__main__:Completed epoch 6 of 100

INFO:__main__:NLL: 0.0674, L2: 0.0084, Reg: 0.0019
INFO:__main__:Total loss 0.0777
INFO:__main__:Predicted mean: -0.3492
INFO:__main__:Predicted uncertainity -0.6950
INFO:__main__:Completed epoch 7 of 100

INFO:__main__:NLL: 0.2379, L2: 0.0083, Reg: 0.0019
INFO:__main__:Total loss 0.2481
INFO:__main__:Predicted mean: -0.3564
INFO:__main__:Predicted uncertainity -0.8122
INFO:__main__:Completed epoch 8 of 100

INFO:__main__:NLL: 0.0041, L2: 0.0081, Reg: 0.0019
INFO:__main__:Total loss 0.0140
INFO:__main__:Predicted mean: -0.3623
INFO:__main__:Predicted uncertainity -0.8132
INFO:__main__:Completed epoch 9 of 100

INFO:__main__:NLL: 0.3422, L2: 0.0090, Reg: 0.0019
INFO:__main__:Total loss 0.3531
INFO:__main__:Predicted mean: -0.3946
INFO:__main__:Predicted uncertainity -0.7924
INFO:__main__:Completed epoch 10 of 100

INFO:__main__:NLL: 0.1014, L2: 0.0083, Reg: 0.0020
INFO:__main__:Total loss 0.1117
INFO:__main__:Predicted mean: -0.4079
INFO:__main__:Predicted uncertainity -0.8975
INFO:__main__:Completed epoch 11 of 100

INFO:__main__:NLL: 0.1993, L2: 0.0089, Reg: 0.0018
INFO:__main__:Total loss 0.2099
INFO:__main__:Predicted mean: -0.3550
INFO:__main__:Predicted uncertainity -0.6784
INFO:__main__:Completed epoch 12 of 100

INFO:__main__:NLL: 0.0494, L2: 0.0089, Reg: 0.0019
INFO:__main__:Total loss 0.0601
INFO:__main__:Predicted mean: -0.3338
INFO:__main__:Predicted uncertainity -0.7621
INFO:__main__:Completed epoch 13 of 100

INFO:__main__:NLL: 0.2548, L2: 0.0095, Reg: 0.0019
INFO:__main__:Total loss 0.2662
INFO:__main__:Predicted mean: -0.3295
INFO:__main__:Predicted uncertainity -0.7963
INFO:__main__:Completed epoch 14 of 100

INFO:__main__:NLL: 0.2155, L2: 0.0091, Reg: 0.0018
INFO:__main__:Total loss 0.2264
INFO:__main__:Predicted mean: -0.3814
INFO:__main__:Predicted uncertainity -0.7516
INFO:__main__:Completed epoch 15 of 100

INFO:__main__:NLL: 0.1959, L2: 0.0093, Reg: 0.0019
INFO:__main__:Total loss 0.2071
INFO:__main__:Predicted mean: -0.3398
INFO:__main__:Predicted uncertainity -0.8496
INFO:__main__:Completed epoch 16 of 100

INFO:__main__:NLL: 0.0700, L2: 0.0086, Reg: 0.0018
INFO:__main__:Total loss 0.0804
INFO:__main__:Predicted mean: -0.3703
INFO:__main__:Predicted uncertainity -0.7140
INFO:__main__:Completed epoch 17 of 100

INFO:__main__:NLL: 0.1412, L2: 0.0085, Reg: 0.0019
INFO:__main__:Total loss 0.1515
INFO:__main__:Predicted mean: -0.4212
INFO:__main__:Predicted uncertainity -0.7305
INFO:__main__:Completed epoch 18 of 100

INFO:__main__:NLL: -0.1125, L2: 0.0089, Reg: 0.0018
INFO:__main__:Total loss -0.1018
INFO:__main__:Predicted mean: -0.4113
INFO:__main__:Predicted uncertainity -0.6906
INFO:__main__:Completed epoch 19 of 100

INFO:__main__:NLL: 0.1493, L2: 0.0087, Reg: 0.0018
INFO:__main__:Total loss 0.1597
INFO:__main__:Predicted mean: -0.3830
INFO:__main__:Predicted uncertainity -0.6639
INFO:__main__:Completed epoch 20 of 100

INFO:__main__:NLL: -0.0103, L2: 0.0092, Reg: 0.0017
INFO:__main__:Total loss 0.0007
INFO:__main__:Predicted mean: -0.3737
INFO:__main__:Predicted uncertainity -0.6082
INFO:__main__:Completed epoch 21 of 100

INFO:__main__:NLL: 0.0291, L2: 0.0094, Reg: 0.0018
INFO:__main__:Total loss 0.0403
INFO:__main__:Predicted mean: -0.3579
INFO:__main__:Predicted uncertainity -0.7592
INFO:__main__:Completed epoch 22 of 100

INFO:__main__:NLL: 0.0698, L2: 0.0092, Reg: 0.0019
INFO:__main__:Total loss 0.0809
INFO:__main__:Predicted mean: -0.3773
INFO:__main__:Predicted uncertainity -0.7862
INFO:__main__:Completed epoch 23 of 100

INFO:__main__:NLL: 0.3128, L2: 0.0088, Reg: 0.0018
INFO:__main__:Total loss 0.3234
INFO:__main__:Predicted mean: -0.3885
INFO:__main__:Predicted uncertainity -0.6804
INFO:__main__:Completed epoch 24 of 100

INFO:__main__:NLL: 0.0998, L2: 0.0093, Reg: 0.0019
INFO:__main__:Total loss 0.1109
INFO:__main__:Predicted mean: -0.3658
INFO:__main__:Predicted uncertainity -0.7507
INFO:__main__:Completed epoch 25 of 100

INFO:__main__:NLL: -0.0708, L2: 0.0093, Reg: 0.0018
INFO:__main__:Total loss -0.0596
INFO:__main__:Predicted mean: -0.4095
INFO:__main__:Predicted uncertainity -0.6810
INFO:__main__:Completed epoch 26 of 100

INFO:__main__:NLL: 0.1844, L2: 0.0088, Reg: 0.0019
INFO:__main__:Total loss 0.1951
INFO:__main__:Predicted mean: -0.3220
INFO:__main__:Predicted uncertainity -0.7882
INFO:__main__:Completed epoch 27 of 100

INFO:__main__:NLL: 0.1932, L2: 0.0092, Reg: 0.0017
INFO:__main__:Total loss 0.2041
INFO:__main__:Predicted mean: -0.3996
INFO:__main__:Predicted uncertainity -0.6146
INFO:__main__:Completed epoch 28 of 100

INFO:__main__:NLL: 0.1692, L2: 0.0091, Reg: 0.0019
INFO:__main__:Total loss 0.1803
INFO:__main__:Predicted mean: -0.3279
INFO:__main__:Predicted uncertainity -0.8277
INFO:__main__:Completed epoch 29 of 100

INFO:__main__:NLL: 0.1708, L2: 0.0085, Reg: 0.0018
INFO:__main__:Total loss 0.1810
INFO:__main__:Predicted mean: -0.2919
INFO:__main__:Predicted uncertainity -0.7128
INFO:__main__:Completed epoch 30 of 100

INFO:__main__:NLL: 0.0879, L2: 0.0087, Reg: 0.0018
INFO:__main__:Total loss 0.0985
INFO:__main__:Predicted mean: -0.4144
INFO:__main__:Predicted uncertainity -0.7515
INFO:__main__:Completed epoch 31 of 100

INFO:__main__:NLL: -0.0217, L2: 0.0086, Reg: 0.0019
INFO:__main__:Total loss -0.0112
INFO:__main__:Predicted mean: -0.3715
INFO:__main__:Predicted uncertainity -0.8516
INFO:__main__:Completed epoch 32 of 100

INFO:__main__:NLL: 0.1642, L2: 0.0086, Reg: 0.0019
INFO:__main__:Total loss 0.1747
INFO:__main__:Predicted mean: -0.4275
INFO:__main__:Predicted uncertainity -0.7835
INFO:__main__:Completed epoch 33 of 100

INFO:__main__:NLL: 0.0309, L2: 0.0094, Reg: 0.0019
INFO:__main__:Total loss 0.0421
INFO:__main__:Predicted mean: -0.3459
INFO:__main__:Predicted uncertainity -0.7918
INFO:__main__:Completed epoch 34 of 100

INFO:__main__:NLL: -0.0643, L2: 0.0088, Reg: 0.0019
INFO:__main__:Total loss -0.0537
INFO:__main__:Predicted mean: -0.4087
INFO:__main__:Predicted uncertainity -0.7797
INFO:__main__:Completed epoch 35 of 100

INFO:__main__:NLL: 0.1056, L2: 0.0087, Reg: 0.0019
INFO:__main__:Total loss 0.1161
INFO:__main__:Predicted mean: -0.2970
INFO:__main__:Predicted uncertainity -0.7845
INFO:__main__:Completed epoch 36 of 100

INFO:__main__:NLL: -0.0674, L2: 0.0087, Reg: 0.0020
INFO:__main__:Total loss -0.0567
INFO:__main__:Predicted mean: -0.3729
INFO:__main__:Predicted uncertainity -0.9051
INFO:__main__:Completed epoch 37 of 100

INFO:__main__:NLL: 0.2939, L2: 0.0087, Reg: 0.0019
INFO:__main__:Total loss 0.3045
INFO:__main__:Predicted mean: -0.3357
INFO:__main__:Predicted uncertainity -0.8129
INFO:__main__:Completed epoch 38 of 100

INFO:__main__:NLL: 0.0366, L2: 0.0090, Reg: 0.0018
INFO:__main__:Total loss 0.0474
INFO:__main__:Predicted mean: -0.4204
INFO:__main__:Predicted uncertainity -0.6946
INFO:__main__:Completed epoch 39 of 100

INFO:__main__:NLL: 0.0393, L2: 0.0090, Reg: 0.0018
INFO:__main__:Total loss 0.0501
INFO:__main__:Predicted mean: -0.4162
INFO:__main__:Predicted uncertainity -0.6689
INFO:__main__:Completed epoch 40 of 100

INFO:__main__:NLL: -0.0273, L2: 0.0089, Reg: 0.0019
INFO:__main__:Total loss -0.0166
INFO:__main__:Predicted mean: -0.3789
INFO:__main__:Predicted uncertainity -0.7912
INFO:__main__:Completed epoch 41 of 100

INFO:__main__:NLL: 0.1040, L2: 0.0088, Reg: 0.0018
INFO:__main__:Total loss 0.1147
INFO:__main__:Predicted mean: -0.3953
INFO:__main__:Predicted uncertainity -0.6875
INFO:__main__:Completed epoch 42 of 100

INFO:__main__:NLL: 0.2635, L2: 0.0088, Reg: 0.0019
INFO:__main__:Total loss 0.2742
INFO:__main__:Predicted mean: -0.4177
INFO:__main__:Predicted uncertainity -0.7600
INFO:__main__:Completed epoch 43 of 100

INFO:__main__:NLL: 0.2782, L2: 0.0089, Reg: 0.0019
INFO:__main__:Total loss 0.2891
INFO:__main__:Predicted mean: -0.4269
INFO:__main__:Predicted uncertainity -0.7945
INFO:__main__:Completed epoch 44 of 100

INFO:__main__:NLL: 0.0927, L2: 0.0087, Reg: 0.0019
INFO:__main__:Total loss 0.1033
INFO:__main__:Predicted mean: -0.3805
INFO:__main__:Predicted uncertainity -0.7924
INFO:__main__:Completed epoch 45 of 100

INFO:__main__:NLL: 0.2079, L2: 0.0085, Reg: 0.0018
INFO:__main__:Total loss 0.2183
INFO:__main__:Predicted mean: -0.3768
INFO:__main__:Predicted uncertainity -0.7547
INFO:__main__:Completed epoch 46 of 100

INFO:__main__:NLL: -0.0690, L2: 0.0084, Reg: 0.0018
INFO:__main__:Total loss -0.0588
INFO:__main__:Predicted mean: -0.3851
INFO:__main__:Predicted uncertainity -0.7079
INFO:__main__:Completed epoch 47 of 100

INFO:__main__:NLL: -0.0013, L2: 0.0087, Reg: 0.0019
INFO:__main__:Total loss 0.0093
INFO:__main__:Predicted mean: -0.3823
INFO:__main__:Predicted uncertainity -0.8073
INFO:__main__:Completed epoch 48 of 100

INFO:__main__:NLL: 0.0045, L2: 0.0082, Reg: 0.0018
INFO:__main__:Total loss 0.0145
INFO:__main__:Predicted mean: -0.3738
INFO:__main__:Predicted uncertainity -0.6714
INFO:__main__:Completed epoch 49 of 100

INFO:__main__:NLL: 0.0559, L2: 0.0088, Reg: 0.0018
INFO:__main__:Total loss 0.0665
INFO:__main__:Predicted mean: -0.3412
INFO:__main__:Predicted uncertainity -0.7263
INFO:__main__:Completed epoch 50 of 100

INFO:__main__:NLL: 0.5012, L2: 0.0087, Reg: 0.0019
INFO:__main__:Total loss 0.5119
INFO:__main__:Predicted mean: -0.4123
INFO:__main__:Predicted uncertainity -0.8632
INFO:__main__:Completed epoch 51 of 100

INFO:__main__:NLL: -0.1127, L2: 0.0082, Reg: 0.0019
INFO:__main__:Total loss -0.1026
INFO:__main__:Predicted mean: -0.3562
INFO:__main__:Predicted uncertainity -0.7670
INFO:__main__:Completed epoch 52 of 100

INFO:__main__:NLL: 0.0402, L2: 0.0086, Reg: 0.0018
INFO:__main__:Total loss 0.0506
INFO:__main__:Predicted mean: -0.3542
INFO:__main__:Predicted uncertainity -0.6331
INFO:__main__:Completed epoch 53 of 100

INFO:__main__:NLL: 0.2561, L2: 0.0089, Reg: 0.0018
INFO:__main__:Total loss 0.2668
INFO:__main__:Predicted mean: -0.3510
INFO:__main__:Predicted uncertainity -0.7694
INFO:__main__:Completed epoch 54 of 100

INFO:__main__:NLL: 0.3120, L2: 0.0090, Reg: 0.0018
INFO:__main__:Total loss 0.3228
INFO:__main__:Predicted mean: -0.3368
INFO:__main__:Predicted uncertainity -0.7783
INFO:__main__:Completed epoch 55 of 100

INFO:__main__:NLL: 0.2535, L2: 0.0083, Reg: 0.0018
INFO:__main__:Total loss 0.2636
INFO:__main__:Predicted mean: -0.3891
INFO:__main__:Predicted uncertainity -0.7372
INFO:__main__:Completed epoch 56 of 100

INFO:__main__:NLL: 0.1064, L2: 0.0088, Reg: 0.0018
INFO:__main__:Total loss 0.1170
INFO:__main__:Predicted mean: -0.3683
INFO:__main__:Predicted uncertainity -0.7398
INFO:__main__:Completed epoch 57 of 100

INFO:__main__:NLL: -0.0827, L2: 0.0089, Reg: 0.0018
INFO:__main__:Total loss -0.0719
INFO:__main__:Predicted mean: -0.4141
INFO:__main__:Predicted uncertainity -0.7089
INFO:__main__:Completed epoch 58 of 100

INFO:__main__:NLL: 0.0146, L2: 0.0087, Reg: 0.0019
INFO:__main__:Total loss 0.0251
INFO:__main__:Predicted mean: -0.3585
INFO:__main__:Predicted uncertainity -0.7648
INFO:__main__:Completed epoch 59 of 100

INFO:__main__:NLL: -0.0485, L2: 0.0091, Reg: 0.0018
INFO:__main__:Total loss -0.0376
INFO:__main__:Predicted mean: -0.3439
INFO:__main__:Predicted uncertainity -0.7770
INFO:__main__:Completed epoch 60 of 100

INFO:__main__:NLL: 0.1310, L2: 0.0089, Reg: 0.0018
INFO:__main__:Total loss 0.1417
INFO:__main__:Predicted mean: -0.3372
INFO:__main__:Predicted uncertainity -0.7612
INFO:__main__:Completed epoch 61 of 100

INFO:__main__:NLL: 0.2468, L2: 0.0090, Reg: 0.0018
INFO:__main__:Total loss 0.2575
INFO:__main__:Predicted mean: -0.3840
INFO:__main__:Predicted uncertainity -0.7393
INFO:__main__:Completed epoch 62 of 100

INFO:__main__:NLL: 0.0991, L2: 0.0085, Reg: 0.0018
INFO:__main__:Total loss 0.1094
INFO:__main__:Predicted mean: -0.4411
INFO:__main__:Predicted uncertainity -0.7284
INFO:__main__:Completed epoch 63 of 100

INFO:__main__:NLL: 0.0020, L2: 0.0085, Reg: 0.0019
INFO:__main__:Total loss 0.0123
INFO:__main__:Predicted mean: -0.3845
INFO:__main__:Predicted uncertainity -0.7580
INFO:__main__:Completed epoch 64 of 100

INFO:__main__:NLL: 0.0746, L2: 0.0086, Reg: 0.0019
INFO:__main__:Total loss 0.0851
INFO:__main__:Predicted mean: -0.3696
INFO:__main__:Predicted uncertainity -0.8351
INFO:__main__:Completed epoch 65 of 100

INFO:__main__:NLL: 0.1298, L2: 0.0082, Reg: 0.0018
INFO:__main__:Total loss 0.1398
INFO:__main__:Predicted mean: -0.4051
INFO:__main__:Predicted uncertainity -0.7318
INFO:__main__:Completed epoch 66 of 100

INFO:__main__:NLL: 0.0685, L2: 0.0081, Reg: 0.0018
INFO:__main__:Total loss 0.0784
INFO:__main__:Predicted mean: -0.3708
INFO:__main__:Predicted uncertainity -0.7278
INFO:__main__:Completed epoch 67 of 100

INFO:__main__:NLL: 0.0137, L2: 0.0088, Reg: 0.0019
INFO:__main__:Total loss 0.0244
INFO:__main__:Predicted mean: -0.3555
INFO:__main__:Predicted uncertainity -0.8219
INFO:__main__:Completed epoch 68 of 100

INFO:__main__:NLL: 0.0304, L2: 0.0088, Reg: 0.0019
INFO:__main__:Total loss 0.0411
INFO:__main__:Predicted mean: -0.3725
INFO:__main__:Predicted uncertainity -0.7769
INFO:__main__:Completed epoch 69 of 100

INFO:__main__:NLL: 0.4689, L2: 0.0094, Reg: 0.0019
INFO:__main__:Total loss 0.4802
INFO:__main__:Predicted mean: -0.4586
INFO:__main__:Predicted uncertainity -0.7320
INFO:__main__:Completed epoch 70 of 100

INFO:__main__:NLL: -0.1013, L2: 0.0089, Reg: 0.0019
INFO:__main__:Total loss -0.0905
INFO:__main__:Predicted mean: -0.4058
INFO:__main__:Predicted uncertainity -0.7778
INFO:__main__:Completed epoch 71 of 100

INFO:__main__:NLL: 0.2402, L2: 0.0091, Reg: 0.0020
INFO:__main__:Total loss 0.2513
INFO:__main__:Predicted mean: -0.3777
INFO:__main__:Predicted uncertainity -0.8713
INFO:__main__:Completed epoch 72 of 100

INFO:__main__:NLL: 0.3667, L2: 0.0092, Reg: 0.0019
INFO:__main__:Total loss 0.3778
INFO:__main__:Predicted mean: -0.3732
INFO:__main__:Predicted uncertainity -0.7978
INFO:__main__:Completed epoch 73 of 100

INFO:__main__:NLL: 0.0726, L2: 0.0090, Reg: 0.0019
INFO:__main__:Total loss 0.0835
INFO:__main__:Predicted mean: -0.3870
INFO:__main__:Predicted uncertainity -0.8387
INFO:__main__:Completed epoch 74 of 100

INFO:__main__:NLL: -0.0038, L2: 0.0088, Reg: 0.0019
INFO:__main__:Total loss 0.0069
INFO:__main__:Predicted mean: -0.3798
INFO:__main__:Predicted uncertainity -0.8185
INFO:__main__:Completed epoch 75 of 100

INFO:__main__:NLL: 0.1190, L2: 0.0091, Reg: 0.0019
INFO:__main__:Total loss 0.1300
INFO:__main__:Predicted mean: -0.4102
INFO:__main__:Predicted uncertainity -0.7841
INFO:__main__:Completed epoch 76 of 100

INFO:__main__:NLL: 0.1564, L2: 0.0086, Reg: 0.0018
INFO:__main__:Total loss 0.1669
INFO:__main__:Predicted mean: -0.3977
INFO:__main__:Predicted uncertainity -0.7778
INFO:__main__:Completed epoch 77 of 100

INFO:__main__:NLL: 0.1561, L2: 0.0088, Reg: 0.0019
INFO:__main__:Total loss 0.1668
INFO:__main__:Predicted mean: -0.3471
INFO:__main__:Predicted uncertainity -0.7850
INFO:__main__:Completed epoch 78 of 100

INFO:__main__:NLL: 0.2445, L2: 0.0089, Reg: 0.0018
INFO:__main__:Total loss 0.2551
INFO:__main__:Predicted mean: -0.3267
INFO:__main__:Predicted uncertainity -0.6480
INFO:__main__:Completed epoch 79 of 100

INFO:__main__:NLL: 0.0941, L2: 0.0092, Reg: 0.0018
INFO:__main__:Total loss 0.1051
INFO:__main__:Predicted mean: -0.3425
INFO:__main__:Predicted uncertainity -0.6941
INFO:__main__:Completed epoch 80 of 100

INFO:__main__:NLL: 0.0324, L2: 0.0088, Reg: 0.0019
INFO:__main__:Total loss 0.0430
INFO:__main__:Predicted mean: -0.4109
INFO:__main__:Predicted uncertainity -0.7190
INFO:__main__:Completed epoch 81 of 100

INFO:__main__:NLL: -0.0012, L2: 0.0087, Reg: 0.0019
INFO:__main__:Total loss 0.0094
INFO:__main__:Predicted mean: -0.3798
INFO:__main__:Predicted uncertainity -0.8211
INFO:__main__:Completed epoch 82 of 100

INFO:__main__:NLL: -0.0438, L2: 0.0087, Reg: 0.0019
INFO:__main__:Total loss -0.0333
INFO:__main__:Predicted mean: -0.4226
INFO:__main__:Predicted uncertainity -0.7773
INFO:__main__:Completed epoch 83 of 100

INFO:__main__:NLL: 0.2902, L2: 0.0088, Reg: 0.0019
INFO:__main__:Total loss 0.3009
INFO:__main__:Predicted mean: -0.3658
INFO:__main__:Predicted uncertainity -0.7995
INFO:__main__:Completed epoch 84 of 100

INFO:__main__:NLL: 0.0522, L2: 0.0089, Reg: 0.0018
INFO:__main__:Total loss 0.0629
INFO:__main__:Predicted mean: -0.3630
INFO:__main__:Predicted uncertainity -0.6954
INFO:__main__:Completed epoch 85 of 100

INFO:__main__:NLL: -0.1739, L2: 0.0086, Reg: 0.0019
INFO:__main__:Total loss -0.1635
INFO:__main__:Predicted mean: -0.4072
INFO:__main__:Predicted uncertainity -0.7748
INFO:__main__:Completed epoch 86 of 100

INFO:__main__:NLL: 0.0232, L2: 0.0084, Reg: 0.0018
INFO:__main__:Total loss 0.0334
INFO:__main__:Predicted mean: -0.4103
INFO:__main__:Predicted uncertainity -0.6825
INFO:__main__:Completed epoch 87 of 100

INFO:__main__:NLL: 0.0490, L2: 0.0088, Reg: 0.0018
INFO:__main__:Total loss 0.0596
INFO:__main__:Predicted mean: -0.3566
INFO:__main__:Predicted uncertainity -0.7334
INFO:__main__:Completed epoch 88 of 100

INFO:__main__:NLL: 0.0878, L2: 0.0091, Reg: 0.0018
INFO:__main__:Total loss 0.0988
INFO:__main__:Predicted mean: -0.3443
INFO:__main__:Predicted uncertainity -0.7687
INFO:__main__:Completed epoch 89 of 100

INFO:__main__:NLL: 0.1821, L2: 0.0088, Reg: 0.0020
INFO:__main__:Total loss 0.1928
INFO:__main__:Predicted mean: -0.4016
INFO:__main__:Predicted uncertainity -0.8270
INFO:__main__:Completed epoch 90 of 100

INFO:__main__:NLL: 0.0383, L2: 0.0092, Reg: 0.0019
INFO:__main__:Total loss 0.0494
INFO:__main__:Predicted mean: -0.4370
INFO:__main__:Predicted uncertainity -0.7653
INFO:__main__:Completed epoch 91 of 100

INFO:__main__:NLL: 0.1957, L2: 0.0089, Reg: 0.0019
INFO:__main__:Total loss 0.2065
INFO:__main__:Predicted mean: -0.3705
INFO:__main__:Predicted uncertainity -0.8366
INFO:__main__:Completed epoch 92 of 100

INFO:__main__:NLL: 0.0335, L2: 0.0093, Reg: 0.0018
INFO:__main__:Total loss 0.0446
INFO:__main__:Predicted mean: -0.3647
INFO:__main__:Predicted uncertainity -0.7058
INFO:__main__:Completed epoch 93 of 100

INFO:__main__:NLL: 0.0496, L2: 0.0093, Reg: 0.0018
INFO:__main__:Total loss 0.0608
INFO:__main__:Predicted mean: -0.3240
INFO:__main__:Predicted uncertainity -0.6986
INFO:__main__:Completed epoch 94 of 100

INFO:__main__:NLL: 0.1713, L2: 0.0089, Reg: 0.0018
INFO:__main__:Total loss 0.1819
INFO:__main__:Predicted mean: -0.3934
INFO:__main__:Predicted uncertainity -0.6940
INFO:__main__:Completed epoch 95 of 100

INFO:__main__:NLL: 0.3003, L2: 0.0084, Reg: 0.0020
INFO:__main__:Total loss 0.3107
INFO:__main__:Predicted mean: -0.4097
INFO:__main__:Predicted uncertainity -0.8504
INFO:__main__:Completed epoch 96 of 100

INFO:__main__:NLL: 0.0580, L2: 0.0083, Reg: 0.0018
INFO:__main__:Total loss 0.0681
INFO:__main__:Predicted mean: -0.3280
INFO:__main__:Predicted uncertainity -0.7608
INFO:__main__:Completed epoch 97 of 100

INFO:__main__:NLL: 0.0644, L2: 0.0087, Reg: 0.0019
INFO:__main__:Total loss 0.0750
INFO:__main__:Predicted mean: -0.3500
INFO:__main__:Predicted uncertainity -0.6925
INFO:__main__:Completed epoch 98 of 100

INFO:__main__:NLL: 0.1858, L2: 0.0086, Reg: 0.0020
INFO:__main__:Total loss 0.1964
INFO:__main__:Predicted mean: -0.4668
INFO:__main__:Predicted uncertainity -0.9028
INFO:__main__:Completed epoch 99 of 100

INFO:__main__:NLL: 0.2158, L2: 0.0082, Reg: 0.0019
INFO:__main__:Total loss 0.2260
INFO:__main__:Predicted mean: -0.3979
INFO:__main__:Predicted uncertainity -0.8252
INFO:__main__:Completed epoch 100 of 100

INFO:__main__:411.699087 s
