INFO:__main__:PROCESS RUNNING ON cpu
INFO:__main__:NLL: 0.1232, L2: 0.0480, Reg: 0.0057
INFO:__main__:Total loss 0.1768
INFO:__main__:Predicted mean: -0.4299
INFO:__main__:Predicted uncertainity -0.6912
INFO:__main__:Completed epoch 1 of 100

INFO:__main__:NLL: 0.1311, L2: 0.0550, Reg: 0.0057
INFO:__main__:Total loss 0.1917
INFO:__main__:Predicted mean: -0.4637
INFO:__main__:Predicted uncertainity -0.8115
INFO:__main__:Completed epoch 2 of 100

INFO:__main__:NLL: 0.2365, L2: 0.0493, Reg: 0.0057
INFO:__main__:Total loss 0.2915
INFO:__main__:Predicted mean: -0.4930
INFO:__main__:Predicted uncertainity -0.7156
INFO:__main__:Completed epoch 3 of 100

INFO:__main__:NLL: 0.1744, L2: 0.0478, Reg: 0.0057
INFO:__main__:Total loss 0.2278
INFO:__main__:Predicted mean: -0.4542
INFO:__main__:Predicted uncertainity -0.7257
INFO:__main__:Completed epoch 4 of 100

INFO:__main__:NLL: 0.1956, L2: 0.0448, Reg: 0.0057
INFO:__main__:Total loss 0.2461
INFO:__main__:Predicted mean: -0.4785
INFO:__main__:Predicted uncertainity -0.5926
INFO:__main__:Completed epoch 5 of 100

INFO:__main__:NLL: 0.2186, L2: 0.0578, Reg: 0.0057
INFO:__main__:Total loss 0.2821
INFO:__main__:Predicted mean: -0.5181
INFO:__main__:Predicted uncertainity -0.7159
INFO:__main__:Completed epoch 6 of 100

INFO:__main__:NLL: 0.1828, L2: 0.0509, Reg: 0.0057
INFO:__main__:Total loss 0.2394
INFO:__main__:Predicted mean: -0.4515
INFO:__main__:Predicted uncertainity -0.6527
INFO:__main__:Completed epoch 7 of 100

INFO:__main__:NLL: 0.2507, L2: 0.0528, Reg: 0.0057
INFO:__main__:Total loss 0.3091
INFO:__main__:Predicted mean: -0.4760
INFO:__main__:Predicted uncertainity -0.6205
INFO:__main__:Completed epoch 8 of 100

INFO:__main__:NLL: 0.0137, L2: 0.0605, Reg: 0.0057
INFO:__main__:Total loss 0.0800
INFO:__main__:Predicted mean: -0.4644
INFO:__main__:Predicted uncertainity -0.8673
INFO:__main__:Completed epoch 9 of 100

INFO:__main__:NLL: 0.2977, L2: 0.0525, Reg: 0.0057
INFO:__main__:Total loss 0.3559
INFO:__main__:Predicted mean: -0.4679
INFO:__main__:Predicted uncertainity -0.7934
INFO:__main__:Completed epoch 10 of 100

INFO:__main__:NLL: 0.1150, L2: 0.0512, Reg: 0.0057
INFO:__main__:Total loss 0.1719
INFO:__main__:Predicted mean: -0.4900
INFO:__main__:Predicted uncertainity -0.8212
INFO:__main__:Completed epoch 11 of 100

INFO:__main__:NLL: 0.2003, L2: 0.0464, Reg: 0.0057
INFO:__main__:Total loss 0.2524
INFO:__main__:Predicted mean: -0.4084
INFO:__main__:Predicted uncertainity -0.5480
INFO:__main__:Completed epoch 12 of 100

INFO:__main__:NLL: 0.1053, L2: 0.0483, Reg: 0.0057
INFO:__main__:Total loss 0.1592
INFO:__main__:Predicted mean: -0.3898
INFO:__main__:Predicted uncertainity -0.7318
INFO:__main__:Completed epoch 13 of 100

INFO:__main__:NLL: 0.1863, L2: 0.0535, Reg: 0.0057
INFO:__main__:Total loss 0.2455
INFO:__main__:Predicted mean: -0.4729
INFO:__main__:Predicted uncertainity -0.7676
INFO:__main__:Completed epoch 14 of 100

INFO:__main__:NLL: 0.2018, L2: 0.0444, Reg: 0.0057
INFO:__main__:Total loss 0.2519
INFO:__main__:Predicted mean: -0.3922
INFO:__main__:Predicted uncertainity -0.7584
INFO:__main__:Completed epoch 15 of 100

INFO:__main__:NLL: 0.1849, L2: 0.0525, Reg: 0.0057
INFO:__main__:Total loss 0.2431
INFO:__main__:Predicted mean: -0.4004
INFO:__main__:Predicted uncertainity -0.7682
INFO:__main__:Completed epoch 16 of 100

INFO:__main__:NLL: 0.1072, L2: 0.0525, Reg: 0.0057
INFO:__main__:Total loss 0.1653
INFO:__main__:Predicted mean: -0.4593
INFO:__main__:Predicted uncertainity -0.7101
INFO:__main__:Completed epoch 17 of 100

INFO:__main__:NLL: 0.1853, L2: 0.0431, Reg: 0.0057
INFO:__main__:Total loss 0.2341
INFO:__main__:Predicted mean: -0.4185
INFO:__main__:Predicted uncertainity -0.6760
INFO:__main__:Completed epoch 18 of 100

INFO:__main__:NLL: 0.1363, L2: 0.0440, Reg: 0.0057
INFO:__main__:Total loss 0.1860
INFO:__main__:Predicted mean: -0.4402
INFO:__main__:Predicted uncertainity -0.5862
INFO:__main__:Completed epoch 19 of 100

INFO:__main__:NLL: 0.1946, L2: 0.0442, Reg: 0.0057
INFO:__main__:Total loss 0.2445
INFO:__main__:Predicted mean: -0.4350
INFO:__main__:Predicted uncertainity -0.5399
INFO:__main__:Completed epoch 20 of 100

INFO:__main__:NLL: 0.1408, L2: 0.0518, Reg: 0.0057
INFO:__main__:Total loss 0.1983
INFO:__main__:Predicted mean: -0.4888
INFO:__main__:Predicted uncertainity -0.6472
INFO:__main__:Completed epoch 21 of 100

INFO:__main__:NLL: 0.1815, L2: 0.0468, Reg: 0.0057
INFO:__main__:Total loss 0.2339
INFO:__main__:Predicted mean: -0.4255
INFO:__main__:Predicted uncertainity -0.6922
INFO:__main__:Completed epoch 22 of 100

INFO:__main__:NLL: 0.1872, L2: 0.0525, Reg: 0.0057
INFO:__main__:Total loss 0.2454
INFO:__main__:Predicted mean: -0.4370
INFO:__main__:Predicted uncertainity -0.5910
INFO:__main__:Completed epoch 23 of 100

INFO:__main__:NLL: 0.2303, L2: 0.0489, Reg: 0.0057
INFO:__main__:Total loss 0.2849
INFO:__main__:Predicted mean: -0.4080
INFO:__main__:Predicted uncertainity -0.6795
INFO:__main__:Completed epoch 24 of 100

INFO:__main__:NLL: 0.3803, L2: 0.0592, Reg: 0.0057
INFO:__main__:Total loss 0.4451
INFO:__main__:Predicted mean: -0.4256
INFO:__main__:Predicted uncertainity -0.7763
INFO:__main__:Completed epoch 25 of 100

INFO:__main__:NLL: 0.0964, L2: 0.0496, Reg: 0.0057
INFO:__main__:Total loss 0.1517
INFO:__main__:Predicted mean: -0.4558
INFO:__main__:Predicted uncertainity -0.6717
INFO:__main__:Completed epoch 26 of 100

INFO:__main__:NLL: 0.2824, L2: 0.0549, Reg: 0.0057
INFO:__main__:Total loss 0.3430
INFO:__main__:Predicted mean: -0.4444
INFO:__main__:Predicted uncertainity -0.7509
INFO:__main__:Completed epoch 27 of 100

INFO:__main__:NLL: 0.2097, L2: 0.0439, Reg: 0.0057
INFO:__main__:Total loss 0.2593
INFO:__main__:Predicted mean: -0.4176
INFO:__main__:Predicted uncertainity -0.6589
INFO:__main__:Completed epoch 28 of 100

INFO:__main__:NLL: 0.2168, L2: 0.0497, Reg: 0.0057
INFO:__main__:Total loss 0.2721
INFO:__main__:Predicted mean: -0.4411
INFO:__main__:Predicted uncertainity -0.6454
INFO:__main__:Completed epoch 29 of 100

INFO:__main__:NLL: 0.1715, L2: 0.0453, Reg: 0.0057
INFO:__main__:Total loss 0.2225
INFO:__main__:Predicted mean: -0.4117
INFO:__main__:Predicted uncertainity -0.6688
INFO:__main__:Completed epoch 30 of 100

INFO:__main__:NLL: 0.1813, L2: 0.0476, Reg: 0.0057
INFO:__main__:Total loss 0.2346
INFO:__main__:Predicted mean: -0.4305
INFO:__main__:Predicted uncertainity -0.7763
INFO:__main__:Completed epoch 31 of 100

INFO:__main__:NLL: 0.1277, L2: 0.0535, Reg: 0.0057
INFO:__main__:Total loss 0.1869
INFO:__main__:Predicted mean: -0.4568
INFO:__main__:Predicted uncertainity -0.7616
INFO:__main__:Completed epoch 32 of 100

INFO:__main__:NLL: 0.1399, L2: 0.0563, Reg: 0.0057
INFO:__main__:Total loss 0.2018
INFO:__main__:Predicted mean: -0.4383
INFO:__main__:Predicted uncertainity -0.6642
INFO:__main__:Completed epoch 33 of 100

INFO:__main__:NLL: 0.1518, L2: 0.0479, Reg: 0.0057
INFO:__main__:Total loss 0.2054
INFO:__main__:Predicted mean: -0.4616
INFO:__main__:Predicted uncertainity -0.6262
INFO:__main__:Completed epoch 34 of 100

INFO:__main__:NLL: 0.0736, L2: 0.0502, Reg: 0.0057
INFO:__main__:Total loss 0.1294
INFO:__main__:Predicted mean: -0.4493
INFO:__main__:Predicted uncertainity -0.7001
INFO:__main__:Completed epoch 35 of 100

INFO:__main__:NLL: 0.1797, L2: 0.0499, Reg: 0.0057
INFO:__main__:Total loss 0.2352
INFO:__main__:Predicted mean: -0.4276
INFO:__main__:Predicted uncertainity -0.6631
INFO:__main__:Completed epoch 36 of 100

INFO:__main__:NLL: 0.1113, L2: 0.0482, Reg: 0.0057
INFO:__main__:Total loss 0.1652
INFO:__main__:Predicted mean: -0.5004
INFO:__main__:Predicted uncertainity -0.7414
INFO:__main__:Completed epoch 37 of 100

INFO:__main__:NLL: 0.2949, L2: 0.0486, Reg: 0.0057
INFO:__main__:Total loss 0.3491
INFO:__main__:Predicted mean: -0.4280
INFO:__main__:Predicted uncertainity -0.6740
INFO:__main__:Completed epoch 38 of 100

INFO:__main__:NLL: 0.1761, L2: 0.0472, Reg: 0.0057
INFO:__main__:Total loss 0.2290
INFO:__main__:Predicted mean: -0.4109
INFO:__main__:Predicted uncertainity -0.6512
INFO:__main__:Completed epoch 39 of 100

INFO:__main__:NLL: 0.1412, L2: 0.0529, Reg: 0.0057
INFO:__main__:Total loss 0.1997
INFO:__main__:Predicted mean: -0.4847
INFO:__main__:Predicted uncertainity -0.6414
INFO:__main__:Completed epoch 40 of 100

INFO:__main__:NLL: 0.1362, L2: 0.0472, Reg: 0.0057
INFO:__main__:Total loss 0.1891
INFO:__main__:Predicted mean: -0.4377
INFO:__main__:Predicted uncertainity -0.7080
INFO:__main__:Completed epoch 41 of 100

INFO:__main__:NLL: 0.1486, L2: 0.0522, Reg: 0.0057
INFO:__main__:Total loss 0.2064
INFO:__main__:Predicted mean: -0.4731
INFO:__main__:Predicted uncertainity -0.6887
INFO:__main__:Completed epoch 42 of 100

INFO:__main__:NLL: 0.1938, L2: 0.0540, Reg: 0.0057
INFO:__main__:Total loss 0.2534
INFO:__main__:Predicted mean: -0.4308
INFO:__main__:Predicted uncertainity -0.6563
INFO:__main__:Completed epoch 43 of 100

INFO:__main__:NLL: 0.1897, L2: 0.0509, Reg: 0.0057
INFO:__main__:Total loss 0.2463
INFO:__main__:Predicted mean: -0.4900
INFO:__main__:Predicted uncertainity -0.6563
INFO:__main__:Completed epoch 44 of 100

INFO:__main__:NLL: 0.2757, L2: 0.0442, Reg: 0.0057
INFO:__main__:Total loss 0.3256
INFO:__main__:Predicted mean: -0.4626
INFO:__main__:Predicted uncertainity -0.6483
INFO:__main__:Completed epoch 45 of 100

INFO:__main__:NLL: 0.1440, L2: 0.0518, Reg: 0.0057
INFO:__main__:Total loss 0.2015
INFO:__main__:Predicted mean: -0.4076
INFO:__main__:Predicted uncertainity -0.6599
INFO:__main__:Completed epoch 46 of 100

INFO:__main__:NLL: 0.1006, L2: 0.0611, Reg: 0.0057
INFO:__main__:Total loss 0.1673
INFO:__main__:Predicted mean: -0.4754
INFO:__main__:Predicted uncertainity -0.9331
INFO:__main__:Completed epoch 47 of 100

INFO:__main__:NLL: 0.0932, L2: 0.0581, Reg: 0.0057
INFO:__main__:Total loss 0.1570
INFO:__main__:Predicted mean: -0.4249
INFO:__main__:Predicted uncertainity -0.6861
INFO:__main__:Completed epoch 48 of 100

INFO:__main__:NLL: 0.0601, L2: 0.0523, Reg: 0.0057
INFO:__main__:Total loss 0.1181
INFO:__main__:Predicted mean: -0.4786
INFO:__main__:Predicted uncertainity -0.7140
INFO:__main__:Completed epoch 49 of 100

INFO:__main__:NLL: 0.1590, L2: 0.0473, Reg: 0.0057
INFO:__main__:Total loss 0.2120
INFO:__main__:Predicted mean: -0.4084
INFO:__main__:Predicted uncertainity -0.6697
INFO:__main__:Completed epoch 50 of 100

INFO:__main__:NLL: 0.4346, L2: 0.0521, Reg: 0.0057
INFO:__main__:Total loss 0.4923
INFO:__main__:Predicted mean: -0.4566
INFO:__main__:Predicted uncertainity -0.6556
INFO:__main__:Completed epoch 51 of 100

INFO:__main__:NLL: 0.0691, L2: 0.0536, Reg: 0.0057
INFO:__main__:Total loss 0.1284
INFO:__main__:Predicted mean: -0.4488
INFO:__main__:Predicted uncertainity -0.6093
INFO:__main__:Completed epoch 52 of 100

INFO:__main__:NLL: 0.1396, L2: 0.0468, Reg: 0.0057
INFO:__main__:Total loss 0.1920
INFO:__main__:Predicted mean: -0.4160
INFO:__main__:Predicted uncertainity -0.6455
INFO:__main__:Completed epoch 53 of 100

INFO:__main__:NLL: 0.2608, L2: 0.0428, Reg: 0.0057
INFO:__main__:Total loss 0.3093
INFO:__main__:Predicted mean: -0.3966
INFO:__main__:Predicted uncertainity -0.5406
INFO:__main__:Completed epoch 54 of 100

INFO:__main__:NLL: 0.1810, L2: 0.0439, Reg: 0.0057
INFO:__main__:Total loss 0.2306
INFO:__main__:Predicted mean: -0.3895
INFO:__main__:Predicted uncertainity -0.6344
INFO:__main__:Completed epoch 55 of 100

INFO:__main__:NLL: 0.2427, L2: 0.0445, Reg: 0.0057
INFO:__main__:Total loss 0.2928
INFO:__main__:Predicted mean: -0.4345
INFO:__main__:Predicted uncertainity -0.6814
INFO:__main__:Completed epoch 56 of 100

INFO:__main__:NLL: 0.1399, L2: 0.0440, Reg: 0.0057
INFO:__main__:Total loss 0.1896
INFO:__main__:Predicted mean: -0.3868
INFO:__main__:Predicted uncertainity -0.6210
INFO:__main__:Completed epoch 57 of 100

INFO:__main__:NLL: 0.1173, L2: 0.0543, Reg: 0.0057
INFO:__main__:Total loss 0.1773
INFO:__main__:Predicted mean: -0.4394
INFO:__main__:Predicted uncertainity -0.6585
INFO:__main__:Completed epoch 58 of 100

INFO:__main__:NLL: 0.1186, L2: 0.0551, Reg: 0.0057
INFO:__main__:Total loss 0.1793
INFO:__main__:Predicted mean: -0.4234
INFO:__main__:Predicted uncertainity -0.7101
INFO:__main__:Completed epoch 59 of 100

INFO:__main__:NLL: 0.1849, L2: 0.0507, Reg: 0.0057
INFO:__main__:Total loss 0.2413
INFO:__main__:Predicted mean: -0.4680
INFO:__main__:Predicted uncertainity -0.6728
INFO:__main__:Completed epoch 60 of 100

INFO:__main__:NLL: 0.2290, L2: 0.0471, Reg: 0.0057
INFO:__main__:Total loss 0.2817
INFO:__main__:Predicted mean: -0.3927
INFO:__main__:Predicted uncertainity -0.6907
INFO:__main__:Completed epoch 61 of 100

INFO:__main__:NLL: 0.1977, L2: 0.0451, Reg: 0.0057
INFO:__main__:Total loss 0.2485
INFO:__main__:Predicted mean: -0.4246
INFO:__main__:Predicted uncertainity -0.6934
INFO:__main__:Completed epoch 62 of 100

INFO:__main__:NLL: 0.1299, L2: 0.0551, Reg: 0.0057
INFO:__main__:Total loss 0.1907
INFO:__main__:Predicted mean: -0.5076
INFO:__main__:Predicted uncertainity -0.6478
INFO:__main__:Completed epoch 63 of 100

INFO:__main__:NLL: 0.0744, L2: 0.0515, Reg: 0.0057
INFO:__main__:Total loss 0.1316
INFO:__main__:Predicted mean: -0.4674
INFO:__main__:Predicted uncertainity -0.6716
INFO:__main__:Completed epoch 64 of 100

INFO:__main__:NLL: 0.1090, L2: 0.0465, Reg: 0.0057
INFO:__main__:Total loss 0.1612
INFO:__main__:Predicted mean: -0.4125
INFO:__main__:Predicted uncertainity -0.6403
INFO:__main__:Completed epoch 65 of 100

INFO:__main__:NLL: 0.1845, L2: 0.0492, Reg: 0.0057
INFO:__main__:Total loss 0.2393
INFO:__main__:Predicted mean: -0.4411
INFO:__main__:Predicted uncertainity -0.5969
INFO:__main__:Completed epoch 66 of 100

INFO:__main__:NLL: 0.1275, L2: 0.0517, Reg: 0.0057
INFO:__main__:Total loss 0.1849
INFO:__main__:Predicted mean: -0.4658
INFO:__main__:Predicted uncertainity -0.7311
INFO:__main__:Completed epoch 67 of 100

INFO:__main__:NLL: 0.0826, L2: 0.0575, Reg: 0.0057
INFO:__main__:Total loss 0.1457
INFO:__main__:Predicted mean: -0.4287
INFO:__main__:Predicted uncertainity -0.8097
INFO:__main__:Completed epoch 68 of 100

INFO:__main__:NLL: 0.1069, L2: 0.0562, Reg: 0.0057
INFO:__main__:Total loss 0.1688
INFO:__main__:Predicted mean: -0.4891
INFO:__main__:Predicted uncertainity -0.7014
INFO:__main__:Completed epoch 69 of 100

INFO:__main__:NLL: 0.3154, L2: 0.0567, Reg: 0.0057
INFO:__main__:Total loss 0.3778
INFO:__main__:Predicted mean: -0.5116
INFO:__main__:Predicted uncertainity -0.7148
INFO:__main__:Completed epoch 70 of 100

INFO:__main__:NLL: 0.1220, L2: 0.0466, Reg: 0.0057
INFO:__main__:Total loss 0.1743
INFO:__main__:Predicted mean: -0.5042
INFO:__main__:Predicted uncertainity -0.5789
INFO:__main__:Completed epoch 71 of 100

INFO:__main__:NLL: 0.1932, L2: 0.0585, Reg: 0.0057
INFO:__main__:Total loss 0.2574
INFO:__main__:Predicted mean: -0.4645
INFO:__main__:Predicted uncertainity -0.8383
INFO:__main__:Completed epoch 72 of 100

INFO:__main__:NLL: 0.2860, L2: 0.0478, Reg: 0.0057
INFO:__main__:Total loss 0.3395
INFO:__main__:Predicted mean: -0.4911
INFO:__main__:Predicted uncertainity -0.7689
INFO:__main__:Completed epoch 73 of 100

INFO:__main__:NLL: 0.1389, L2: 0.0552, Reg: 0.0057
INFO:__main__:Total loss 0.1998
INFO:__main__:Predicted mean: -0.4546
INFO:__main__:Predicted uncertainity -0.6960
INFO:__main__:Completed epoch 74 of 100

INFO:__main__:NLL: 0.0902, L2: 0.0563, Reg: 0.0057
INFO:__main__:Total loss 0.1522
INFO:__main__:Predicted mean: -0.4914
INFO:__main__:Predicted uncertainity -0.6860
INFO:__main__:Completed epoch 75 of 100

INFO:__main__:NLL: 0.2260, L2: 0.0548, Reg: 0.0057
INFO:__main__:Total loss 0.2865
INFO:__main__:Predicted mean: -0.4501
INFO:__main__:Predicted uncertainity -0.8086
INFO:__main__:Completed epoch 76 of 100

INFO:__main__:NLL: 0.2305, L2: 0.0459, Reg: 0.0057
INFO:__main__:Total loss 0.2820
INFO:__main__:Predicted mean: -0.4852
INFO:__main__:Predicted uncertainity -0.6593
INFO:__main__:Completed epoch 77 of 100

INFO:__main__:NLL: 0.1916, L2: 0.0508, Reg: 0.0057
INFO:__main__:Total loss 0.2480
INFO:__main__:Predicted mean: -0.4527
INFO:__main__:Predicted uncertainity -0.6430
INFO:__main__:Completed epoch 78 of 100

INFO:__main__:NLL: 0.1707, L2: 0.0486, Reg: 0.0057
INFO:__main__:Total loss 0.2249
INFO:__main__:Predicted mean: -0.3769
INFO:__main__:Predicted uncertainity -0.6831
INFO:__main__:Completed epoch 79 of 100

INFO:__main__:NLL: 0.1654, L2: 0.0499, Reg: 0.0057
INFO:__main__:Total loss 0.2210
INFO:__main__:Predicted mean: -0.4677
INFO:__main__:Predicted uncertainity -0.6067
INFO:__main__:Completed epoch 80 of 100

INFO:__main__:NLL: 0.2165, L2: 0.0469, Reg: 0.0057
INFO:__main__:Total loss 0.2691
INFO:__main__:Predicted mean: -0.4290
INFO:__main__:Predicted uncertainity -0.5384
INFO:__main__:Completed epoch 81 of 100

INFO:__main__:NLL: 0.1719, L2: 0.0429, Reg: 0.0057
INFO:__main__:Total loss 0.2204
INFO:__main__:Predicted mean: -0.4478
INFO:__main__:Predicted uncertainity -0.6847
INFO:__main__:Completed epoch 82 of 100

INFO:__main__:NLL: 0.0311, L2: 0.0508, Reg: 0.0057
INFO:__main__:Total loss 0.0875
INFO:__main__:Predicted mean: -0.4723
INFO:__main__:Predicted uncertainity -0.8055
INFO:__main__:Completed epoch 83 of 100

INFO:__main__:NLL: 0.2834, L2: 0.0434, Reg: 0.0057
INFO:__main__:Total loss 0.3325
INFO:__main__:Predicted mean: -0.4334
INFO:__main__:Predicted uncertainity -0.6229
INFO:__main__:Completed epoch 84 of 100

INFO:__main__:NLL: 0.1887, L2: 0.0482, Reg: 0.0057
INFO:__main__:Total loss 0.2426
INFO:__main__:Predicted mean: -0.4851
INFO:__main__:Predicted uncertainity -0.6788
INFO:__main__:Completed epoch 85 of 100

INFO:__main__:NLL: 0.0005, L2: 0.0595, Reg: 0.0057
INFO:__main__:Total loss 0.0656
INFO:__main__:Predicted mean: -0.4843
INFO:__main__:Predicted uncertainity -0.7463
INFO:__main__:Completed epoch 86 of 100

INFO:__main__:NLL: 0.1722, L2: 0.0524, Reg: 0.0057
INFO:__main__:Total loss 0.2303
INFO:__main__:Predicted mean: -0.4410
INFO:__main__:Predicted uncertainity -0.6021
INFO:__main__:Completed epoch 87 of 100

INFO:__main__:NLL: 0.1690, L2: 0.0395, Reg: 0.0057
INFO:__main__:Total loss 0.2141
INFO:__main__:Predicted mean: -0.4245
INFO:__main__:Predicted uncertainity -0.5388
INFO:__main__:Completed epoch 88 of 100

INFO:__main__:NLL: 0.1863, L2: 0.0491, Reg: 0.0057
INFO:__main__:Total loss 0.2411
INFO:__main__:Predicted mean: -0.4209
INFO:__main__:Predicted uncertainity -0.6177
INFO:__main__:Completed epoch 89 of 100

INFO:__main__:NLL: 0.4183, L2: 0.0592, Reg: 0.0057
INFO:__main__:Total loss 0.4832
INFO:__main__:Predicted mean: -0.4461
INFO:__main__:Predicted uncertainity -0.7428
INFO:__main__:Completed epoch 90 of 100

INFO:__main__:NLL: 0.0414, L2: 0.0557, Reg: 0.0057
INFO:__main__:Total loss 0.1028
INFO:__main__:Predicted mean: -0.4813
INFO:__main__:Predicted uncertainity -0.7947
INFO:__main__:Completed epoch 91 of 100

INFO:__main__:NLL: 0.2738, L2: 0.0585, Reg: 0.0057
INFO:__main__:Total loss 0.3379
INFO:__main__:Predicted mean: -0.4303
INFO:__main__:Predicted uncertainity -0.7718
INFO:__main__:Completed epoch 92 of 100

INFO:__main__:NLL: 0.0991, L2: 0.0549, Reg: 0.0057
INFO:__main__:Total loss 0.1596
INFO:__main__:Predicted mean: -0.4227
INFO:__main__:Predicted uncertainity -0.6587
INFO:__main__:Completed epoch 93 of 100

INFO:__main__:NLL: 0.1253, L2: 0.0466, Reg: 0.0057
INFO:__main__:Total loss 0.1776
INFO:__main__:Predicted mean: -0.3938
INFO:__main__:Predicted uncertainity -0.6979
INFO:__main__:Completed epoch 94 of 100

INFO:__main__:NLL: 0.1977, L2: 0.0476, Reg: 0.0057
INFO:__main__:Total loss 0.2510
INFO:__main__:Predicted mean: -0.3970
INFO:__main__:Predicted uncertainity -0.6537
INFO:__main__:Completed epoch 95 of 100

INFO:__main__:NLL: 0.1333, L2: 0.0573, Reg: 0.0057
INFO:__main__:Total loss 0.1963
INFO:__main__:Predicted mean: -0.5227
INFO:__main__:Predicted uncertainity -0.6995
INFO:__main__:Completed epoch 96 of 100

INFO:__main__:NLL: 0.1864, L2: 0.0412, Reg: 0.0057
INFO:__main__:Total loss 0.2332
INFO:__main__:Predicted mean: -0.4135
INFO:__main__:Predicted uncertainity -0.6717
INFO:__main__:Completed epoch 97 of 100

INFO:__main__:NLL: 0.2311, L2: 0.0569, Reg: 0.0057
INFO:__main__:Total loss 0.2937
INFO:__main__:Predicted mean: -0.4363
INFO:__main__:Predicted uncertainity -0.6494
INFO:__main__:Completed epoch 98 of 100

INFO:__main__:NLL: 0.2399, L2: 0.0483, Reg: 0.0057
INFO:__main__:Total loss 0.2938
INFO:__main__:Predicted mean: -0.4026
INFO:__main__:Predicted uncertainity -0.6834
INFO:__main__:Completed epoch 99 of 100

INFO:__main__:NLL: 0.4602, L2: 0.0556, Reg: 0.0057
INFO:__main__:Total loss 0.5215
INFO:__main__:Predicted mean: -0.5011
INFO:__main__:Predicted uncertainity -0.7650
INFO:__main__:Completed epoch 100 of 100

INFO:__main__:346.155433 s
