INFO:__main__:PROCESS RUNNING ON cpu
INFO:__main__:NLL: 0.1281, L2: 0.0474, Reg: 0.0179
INFO:__main__:Total loss 0.1933
INFO:__main__:Predicted mean: -0.4227
INFO:__main__:Predicted uncertainity -0.6812
INFO:__main__:Completed epoch 1 of 100

INFO:__main__:NLL: 0.1383, L2: 0.0576, Reg: 0.0196
INFO:__main__:Total loss 0.2155
INFO:__main__:Predicted mean: -0.4624
INFO:__main__:Predicted uncertainity -0.7964
INFO:__main__:Completed epoch 2 of 100

INFO:__main__:NLL: 0.2630, L2: 0.0460, Reg: 0.0173
INFO:__main__:Total loss 0.3263
INFO:__main__:Predicted mean: -0.5008
INFO:__main__:Predicted uncertainity -0.6470
INFO:__main__:Completed epoch 3 of 100

INFO:__main__:NLL: 0.1723, L2: 0.0477, Reg: 0.0180
INFO:__main__:Total loss 0.2381
INFO:__main__:Predicted mean: -0.4349
INFO:__main__:Predicted uncertainity -0.7041
INFO:__main__:Completed epoch 4 of 100

INFO:__main__:NLL: 0.1791, L2: 0.0463, Reg: 0.0171
INFO:__main__:Total loss 0.2425
INFO:__main__:Predicted mean: -0.4940
INFO:__main__:Predicted uncertainity -0.6113
INFO:__main__:Completed epoch 5 of 100

INFO:__main__:NLL: 0.2235, L2: 0.0547, Reg: 0.0184
INFO:__main__:Total loss 0.2966
INFO:__main__:Predicted mean: -0.5018
INFO:__main__:Predicted uncertainity -0.7245
INFO:__main__:Completed epoch 6 of 100

INFO:__main__:NLL: 0.1625, L2: 0.0515, Reg: 0.0176
INFO:__main__:Total loss 0.2316
INFO:__main__:Predicted mean: -0.4514
INFO:__main__:Predicted uncertainity -0.6251
INFO:__main__:Completed epoch 7 of 100

INFO:__main__:NLL: 0.2411, L2: 0.0525, Reg: 0.0177
INFO:__main__:Total loss 0.3113
INFO:__main__:Predicted mean: -0.4759
INFO:__main__:Predicted uncertainity -0.6054
INFO:__main__:Completed epoch 8 of 100

INFO:__main__:NLL: 0.0722, L2: 0.0578, Reg: 0.0197
INFO:__main__:Total loss 0.1497
INFO:__main__:Predicted mean: -0.4472
INFO:__main__:Predicted uncertainity -0.7959
INFO:__main__:Completed epoch 9 of 100

INFO:__main__:NLL: 0.2762, L2: 0.0491, Reg: 0.0183
INFO:__main__:Total loss 0.3436
INFO:__main__:Predicted mean: -0.4781
INFO:__main__:Predicted uncertainity -0.7571
INFO:__main__:Completed epoch 10 of 100

INFO:__main__:NLL: 0.1079, L2: 0.0488, Reg: 0.0187
INFO:__main__:Total loss 0.1754
INFO:__main__:Predicted mean: -0.4964
INFO:__main__:Predicted uncertainity -0.7873
INFO:__main__:Completed epoch 11 of 100

INFO:__main__:NLL: 0.2090, L2: 0.0452, Reg: 0.0167
INFO:__main__:Total loss 0.2710
INFO:__main__:Predicted mean: -0.4272
INFO:__main__:Predicted uncertainity -0.5111
INFO:__main__:Completed epoch 12 of 100

INFO:__main__:NLL: 0.1241, L2: 0.0491, Reg: 0.0181
INFO:__main__:Total loss 0.1912
INFO:__main__:Predicted mean: -0.4183
INFO:__main__:Predicted uncertainity -0.7073
INFO:__main__:Completed epoch 13 of 100

INFO:__main__:NLL: 0.2188, L2: 0.0548, Reg: 0.0188
INFO:__main__:Total loss 0.2923
INFO:__main__:Predicted mean: -0.4612
INFO:__main__:Predicted uncertainity -0.7396
INFO:__main__:Completed epoch 14 of 100

INFO:__main__:NLL: 0.2118, L2: 0.0494, Reg: 0.0184
INFO:__main__:Total loss 0.2795
INFO:__main__:Predicted mean: -0.4121
INFO:__main__:Predicted uncertainity -0.7688
INFO:__main__:Completed epoch 15 of 100

INFO:__main__:NLL: 0.1743, L2: 0.0536, Reg: 0.0187
INFO:__main__:Total loss 0.2466
INFO:__main__:Predicted mean: -0.4170
INFO:__main__:Predicted uncertainity -0.7441
INFO:__main__:Completed epoch 16 of 100

INFO:__main__:NLL: 0.0304, L2: 0.0522, Reg: 0.0188
INFO:__main__:Total loss 0.1015
INFO:__main__:Predicted mean: -0.4791
INFO:__main__:Predicted uncertainity -0.7473
INFO:__main__:Completed epoch 17 of 100

INFO:__main__:NLL: 0.1589, L2: 0.0443, Reg: 0.0174
INFO:__main__:Total loss 0.2206
INFO:__main__:Predicted mean: -0.4142
INFO:__main__:Predicted uncertainity -0.6759
INFO:__main__:Completed epoch 18 of 100

INFO:__main__:NLL: 0.1277, L2: 0.0445, Reg: 0.0168
INFO:__main__:Total loss 0.1891
INFO:__main__:Predicted mean: -0.4441
INFO:__main__:Predicted uncertainity -0.5997
INFO:__main__:Completed epoch 19 of 100

INFO:__main__:NLL: 0.1568, L2: 0.0483, Reg: 0.0168
INFO:__main__:Total loss 0.2218
INFO:__main__:Predicted mean: -0.4179
INFO:__main__:Predicted uncertainity -0.5580
INFO:__main__:Completed epoch 20 of 100

INFO:__main__:NLL: 0.0995, L2: 0.0505, Reg: 0.0177
INFO:__main__:Total loss 0.1677
INFO:__main__:Predicted mean: -0.4856
INFO:__main__:Predicted uncertainity -0.6493
INFO:__main__:Completed epoch 21 of 100

INFO:__main__:NLL: 0.1790, L2: 0.0488, Reg: 0.0176
INFO:__main__:Total loss 0.2454
INFO:__main__:Predicted mean: -0.4160
INFO:__main__:Predicted uncertainity -0.6639
INFO:__main__:Completed epoch 22 of 100

INFO:__main__:NLL: 0.1715, L2: 0.0507, Reg: 0.0171
INFO:__main__:Total loss 0.2393
INFO:__main__:Predicted mean: -0.4589
INFO:__main__:Predicted uncertainity -0.5587
INFO:__main__:Completed epoch 23 of 100

INFO:__main__:NLL: 0.2224, L2: 0.0466, Reg: 0.0177
INFO:__main__:Total loss 0.2867
INFO:__main__:Predicted mean: -0.4297
INFO:__main__:Predicted uncertainity -0.6795
INFO:__main__:Completed epoch 24 of 100

INFO:__main__:NLL: 0.1567, L2: 0.0510, Reg: 0.0182
INFO:__main__:Total loss 0.2259
INFO:__main__:Predicted mean: -0.4074
INFO:__main__:Predicted uncertainity -0.7016
INFO:__main__:Completed epoch 25 of 100

INFO:__main__:NLL: 0.0565, L2: 0.0518, Reg: 0.0183
INFO:__main__:Total loss 0.1265
INFO:__main__:Predicted mean: -0.4693
INFO:__main__:Predicted uncertainity -0.6697
INFO:__main__:Completed epoch 26 of 100

INFO:__main__:NLL: 0.2919, L2: 0.0526, Reg: 0.0187
INFO:__main__:Total loss 0.3631
INFO:__main__:Predicted mean: -0.4521
INFO:__main__:Predicted uncertainity -0.7632
INFO:__main__:Completed epoch 27 of 100

INFO:__main__:NLL: 0.1746, L2: 0.0454, Reg: 0.0173
INFO:__main__:Total loss 0.2373
INFO:__main__:Predicted mean: -0.4094
INFO:__main__:Predicted uncertainity -0.6135
INFO:__main__:Completed epoch 28 of 100

INFO:__main__:NLL: 0.2120, L2: 0.0482, Reg: 0.0176
INFO:__main__:Total loss 0.2777
INFO:__main__:Predicted mean: -0.4343
INFO:__main__:Predicted uncertainity -0.6510
INFO:__main__:Completed epoch 29 of 100

INFO:__main__:NLL: 0.1566, L2: 0.0487, Reg: 0.0171
INFO:__main__:Total loss 0.2223
INFO:__main__:Predicted mean: -0.3966
INFO:__main__:Predicted uncertainity -0.6256
INFO:__main__:Completed epoch 30 of 100

INFO:__main__:NLL: 0.1963, L2: 0.0469, Reg: 0.0184
INFO:__main__:Total loss 0.2615
INFO:__main__:Predicted mean: -0.4327
INFO:__main__:Predicted uncertainity -0.7311
INFO:__main__:Completed epoch 31 of 100

INFO:__main__:NLL: 0.1010, L2: 0.0520, Reg: 0.0185
INFO:__main__:Total loss 0.1715
INFO:__main__:Predicted mean: -0.4383
INFO:__main__:Predicted uncertainity -0.7656
INFO:__main__:Completed epoch 32 of 100

INFO:__main__:NLL: 0.1454, L2: 0.0610, Reg: 0.0179
INFO:__main__:Total loss 0.2244
INFO:__main__:Predicted mean: -0.4670
INFO:__main__:Predicted uncertainity -0.5750
INFO:__main__:Completed epoch 33 of 100

INFO:__main__:NLL: 0.1575, L2: 0.0478, Reg: 0.0173
INFO:__main__:Total loss 0.2226
INFO:__main__:Predicted mean: -0.4268
INFO:__main__:Predicted uncertainity -0.6432
INFO:__main__:Completed epoch 34 of 100

INFO:__main__:NLL: 0.1044, L2: 0.0476, Reg: 0.0179
INFO:__main__:Total loss 0.1699
INFO:__main__:Predicted mean: -0.4423
INFO:__main__:Predicted uncertainity -0.6910
INFO:__main__:Completed epoch 35 of 100

INFO:__main__:NLL: 0.1768, L2: 0.0509, Reg: 0.0180
INFO:__main__:Total loss 0.2457
INFO:__main__:Predicted mean: -0.4172
INFO:__main__:Predicted uncertainity -0.6986
INFO:__main__:Completed epoch 36 of 100

INFO:__main__:NLL: 0.1250, L2: 0.0453, Reg: 0.0175
INFO:__main__:Total loss 0.1879
INFO:__main__:Predicted mean: -0.5104
INFO:__main__:Predicted uncertainity -0.6704
INFO:__main__:Completed epoch 37 of 100

INFO:__main__:NLL: 0.3243, L2: 0.0503, Reg: 0.0178
INFO:__main__:Total loss 0.3924
INFO:__main__:Predicted mean: -0.4596
INFO:__main__:Predicted uncertainity -0.7073
INFO:__main__:Completed epoch 38 of 100

INFO:__main__:NLL: 0.2503, L2: 0.0512, Reg: 0.0178
INFO:__main__:Total loss 0.3192
INFO:__main__:Predicted mean: -0.4568
INFO:__main__:Predicted uncertainity -0.6929
INFO:__main__:Completed epoch 39 of 100

INFO:__main__:NLL: 0.1555, L2: 0.0515, Reg: 0.0178
INFO:__main__:Total loss 0.2248
INFO:__main__:Predicted mean: -0.4695
INFO:__main__:Predicted uncertainity -0.6399
INFO:__main__:Completed epoch 40 of 100

INFO:__main__:NLL: 0.1094, L2: 0.0475, Reg: 0.0178
INFO:__main__:Total loss 0.1747
INFO:__main__:Predicted mean: -0.4393
INFO:__main__:Predicted uncertainity -0.6814
INFO:__main__:Completed epoch 41 of 100

INFO:__main__:NLL: 0.1269, L2: 0.0490, Reg: 0.0177
INFO:__main__:Total loss 0.1937
INFO:__main__:Predicted mean: -0.4272
INFO:__main__:Predicted uncertainity -0.6532
INFO:__main__:Completed epoch 42 of 100

INFO:__main__:NLL: 0.1510, L2: 0.0532, Reg: 0.0182
INFO:__main__:Total loss 0.2223
INFO:__main__:Predicted mean: -0.4493
INFO:__main__:Predicted uncertainity -0.6647
INFO:__main__:Completed epoch 43 of 100

INFO:__main__:NLL: 0.2607, L2: 0.0582, Reg: 0.0187
INFO:__main__:Total loss 0.3376
INFO:__main__:Predicted mean: -0.4689
INFO:__main__:Predicted uncertainity -0.7083
INFO:__main__:Completed epoch 44 of 100

INFO:__main__:NLL: 0.1870, L2: 0.0464, Reg: 0.0174
INFO:__main__:Total loss 0.2508
INFO:__main__:Predicted mean: -0.4515
INFO:__main__:Predicted uncertainity -0.6716
INFO:__main__:Completed epoch 45 of 100

INFO:__main__:NLL: 0.1392, L2: 0.0522, Reg: 0.0183
INFO:__main__:Total loss 0.2096
INFO:__main__:Predicted mean: -0.4507
INFO:__main__:Predicted uncertainity -0.6793
INFO:__main__:Completed epoch 46 of 100

INFO:__main__:NLL: 0.1439, L2: 0.0516, Reg: 0.0186
INFO:__main__:Total loss 0.2140
INFO:__main__:Predicted mean: -0.4981
INFO:__main__:Predicted uncertainity -0.7747
INFO:__main__:Completed epoch 47 of 100

INFO:__main__:NLL: 0.0861, L2: 0.0557, Reg: 0.0183
INFO:__main__:Total loss 0.1601
INFO:__main__:Predicted mean: -0.4376
INFO:__main__:Predicted uncertainity -0.6384
INFO:__main__:Completed epoch 48 of 100

INFO:__main__:NLL: 0.0319, L2: 0.0522, Reg: 0.0183
INFO:__main__:Total loss 0.1024
INFO:__main__:Predicted mean: -0.4741
INFO:__main__:Predicted uncertainity -0.6615
INFO:__main__:Completed epoch 49 of 100

INFO:__main__:NLL: 0.1557, L2: 0.0488, Reg: 0.0182
INFO:__main__:Total loss 0.2227
INFO:__main__:Predicted mean: -0.3896
INFO:__main__:Predicted uncertainity -0.6872
INFO:__main__:Completed epoch 50 of 100

INFO:__main__:NLL: 0.4351, L2: 0.0522, Reg: 0.0174
INFO:__main__:Total loss 0.5047
INFO:__main__:Predicted mean: -0.4842
INFO:__main__:Predicted uncertainity -0.6340
INFO:__main__:Completed epoch 51 of 100

INFO:__main__:NLL: 0.0760, L2: 0.0537, Reg: 0.0179
INFO:__main__:Total loss 0.1476
INFO:__main__:Predicted mean: -0.4344
INFO:__main__:Predicted uncertainity -0.6484
INFO:__main__:Completed epoch 52 of 100

INFO:__main__:NLL: 0.1353, L2: 0.0468, Reg: 0.0171
INFO:__main__:Total loss 0.1991
INFO:__main__:Predicted mean: -0.4071
INFO:__main__:Predicted uncertainity -0.5934
INFO:__main__:Completed epoch 53 of 100

INFO:__main__:NLL: 0.2960, L2: 0.0415, Reg: 0.0160
INFO:__main__:Total loss 0.3535
INFO:__main__:Predicted mean: -0.3986
INFO:__main__:Predicted uncertainity -0.4964
INFO:__main__:Completed epoch 54 of 100

INFO:__main__:NLL: 0.2058, L2: 0.0419, Reg: 0.0170
INFO:__main__:Total loss 0.2647
INFO:__main__:Predicted mean: -0.3843
INFO:__main__:Predicted uncertainity -0.6285
INFO:__main__:Completed epoch 55 of 100

INFO:__main__:NLL: 0.2990, L2: 0.0472, Reg: 0.0170
INFO:__main__:Total loss 0.3632
INFO:__main__:Predicted mean: -0.4277
INFO:__main__:Predicted uncertainity -0.5836
INFO:__main__:Completed epoch 56 of 100

INFO:__main__:NLL: 0.1543, L2: 0.0390, Reg: 0.0163
INFO:__main__:Total loss 0.2096
INFO:__main__:Predicted mean: -0.3725
INFO:__main__:Predicted uncertainity -0.5488
INFO:__main__:Completed epoch 57 of 100

INFO:__main__:NLL: 0.1287, L2: 0.0492, Reg: 0.0171
INFO:__main__:Total loss 0.1951
INFO:__main__:Predicted mean: -0.4243
INFO:__main__:Predicted uncertainity -0.6198
INFO:__main__:Completed epoch 58 of 100

INFO:__main__:NLL: 0.1335, L2: 0.0516, Reg: 0.0175
INFO:__main__:Total loss 0.2026
INFO:__main__:Predicted mean: -0.3792
INFO:__main__:Predicted uncertainity -0.6570
INFO:__main__:Completed epoch 59 of 100

INFO:__main__:NLL: 0.1741, L2: 0.0499, Reg: 0.0176
INFO:__main__:Total loss 0.2415
INFO:__main__:Predicted mean: -0.4522
INFO:__main__:Predicted uncertainity -0.6454
INFO:__main__:Completed epoch 60 of 100

INFO:__main__:NLL: 0.2533, L2: 0.0485, Reg: 0.0176
INFO:__main__:Total loss 0.3195
INFO:__main__:Predicted mean: -0.3895
INFO:__main__:Predicted uncertainity -0.6741
INFO:__main__:Completed epoch 61 of 100

INFO:__main__:NLL: 0.1942, L2: 0.0457, Reg: 0.0173
INFO:__main__:Total loss 0.2572
INFO:__main__:Predicted mean: -0.4237
INFO:__main__:Predicted uncertainity -0.6296
INFO:__main__:Completed epoch 62 of 100

INFO:__main__:NLL: 0.1295, L2: 0.0579, Reg: 0.0176
INFO:__main__:Total loss 0.2049
INFO:__main__:Predicted mean: -0.5121
INFO:__main__:Predicted uncertainity -0.6062
INFO:__main__:Completed epoch 63 of 100

INFO:__main__:NLL: 0.0935, L2: 0.0510, Reg: 0.0176
INFO:__main__:Total loss 0.1620
INFO:__main__:Predicted mean: -0.4673
INFO:__main__:Predicted uncertainity -0.6351
INFO:__main__:Completed epoch 64 of 100

INFO:__main__:NLL: 0.1346, L2: 0.0464, Reg: 0.0174
INFO:__main__:Total loss 0.1983
INFO:__main__:Predicted mean: -0.4295
INFO:__main__:Predicted uncertainity -0.6404
INFO:__main__:Completed epoch 65 of 100

INFO:__main__:NLL: 0.1796, L2: 0.0502, Reg: 0.0174
INFO:__main__:Total loss 0.2471
INFO:__main__:Predicted mean: -0.4437
INFO:__main__:Predicted uncertainity -0.5974
INFO:__main__:Completed epoch 66 of 100

INFO:__main__:NLL: 0.1447, L2: 0.0479, Reg: 0.0179
INFO:__main__:Total loss 0.2105
INFO:__main__:Predicted mean: -0.4557
INFO:__main__:Predicted uncertainity -0.7086
INFO:__main__:Completed epoch 67 of 100

INFO:__main__:NLL: 0.0831, L2: 0.0569, Reg: 0.0193
INFO:__main__:Total loss 0.1593
INFO:__main__:Predicted mean: -0.4300
INFO:__main__:Predicted uncertainity -0.7986
INFO:__main__:Completed epoch 68 of 100

INFO:__main__:NLL: 0.1040, L2: 0.0589, Reg: 0.0194
INFO:__main__:Total loss 0.1823
INFO:__main__:Predicted mean: -0.5177
INFO:__main__:Predicted uncertainity -0.7664
INFO:__main__:Completed epoch 69 of 100

INFO:__main__:NLL: 0.3466, L2: 0.0523, Reg: 0.0179
INFO:__main__:Total loss 0.4168
INFO:__main__:Predicted mean: -0.5034
INFO:__main__:Predicted uncertainity -0.6483
INFO:__main__:Completed epoch 70 of 100

INFO:__main__:NLL: 0.1397, L2: 0.0491, Reg: 0.0175
INFO:__main__:Total loss 0.2063
INFO:__main__:Predicted mean: -0.4958
INFO:__main__:Predicted uncertainity -0.6248
INFO:__main__:Completed epoch 71 of 100

INFO:__main__:NLL: 0.2414, L2: 0.0551, Reg: 0.0187
INFO:__main__:Total loss 0.3153
INFO:__main__:Predicted mean: -0.4555
INFO:__main__:Predicted uncertainity -0.7383
INFO:__main__:Completed epoch 72 of 100

INFO:__main__:NLL: 0.2171, L2: 0.0501, Reg: 0.0179
INFO:__main__:Total loss 0.2852
INFO:__main__:Predicted mean: -0.4666
INFO:__main__:Predicted uncertainity -0.6828
INFO:__main__:Completed epoch 73 of 100

INFO:__main__:NLL: 0.1537, L2: 0.0548, Reg: 0.0183
INFO:__main__:Total loss 0.2269
INFO:__main__:Predicted mean: -0.4868
INFO:__main__:Predicted uncertainity -0.6900
INFO:__main__:Completed epoch 74 of 100

INFO:__main__:NLL: 0.0943, L2: 0.0520, Reg: 0.0180
INFO:__main__:Total loss 0.1643
INFO:__main__:Predicted mean: -0.4775
INFO:__main__:Predicted uncertainity -0.6346
INFO:__main__:Completed epoch 75 of 100

INFO:__main__:NLL: 0.2595, L2: 0.0499, Reg: 0.0184
INFO:__main__:Total loss 0.3279
INFO:__main__:Predicted mean: -0.4288
INFO:__main__:Predicted uncertainity -0.7408
INFO:__main__:Completed epoch 76 of 100

INFO:__main__:NLL: 0.2342, L2: 0.0451, Reg: 0.0168
INFO:__main__:Total loss 0.2961
INFO:__main__:Predicted mean: -0.4747
INFO:__main__:Predicted uncertainity -0.5851
INFO:__main__:Completed epoch 77 of 100

INFO:__main__:NLL: 0.2573, L2: 0.0517, Reg: 0.0176
INFO:__main__:Total loss 0.3266
INFO:__main__:Predicted mean: -0.4225
INFO:__main__:Predicted uncertainity -0.6347
INFO:__main__:Completed epoch 78 of 100

INFO:__main__:NLL: 0.1915, L2: 0.0497, Reg: 0.0181
INFO:__main__:Total loss 0.2593
INFO:__main__:Predicted mean: -0.3693
INFO:__main__:Predicted uncertainity -0.7063
INFO:__main__:Completed epoch 79 of 100

INFO:__main__:NLL: 0.1143, L2: 0.0504, Reg: 0.0176
INFO:__main__:Total loss 0.1823
INFO:__main__:Predicted mean: -0.4333
INFO:__main__:Predicted uncertainity -0.6512
INFO:__main__:Completed epoch 80 of 100

INFO:__main__:NLL: 0.2290, L2: 0.0487, Reg: 0.0171
INFO:__main__:Total loss 0.2947
INFO:__main__:Predicted mean: -0.4389
INFO:__main__:Predicted uncertainity -0.5833
INFO:__main__:Completed epoch 81 of 100

INFO:__main__:NLL: 0.1703, L2: 0.0414, Reg: 0.0174
INFO:__main__:Total loss 0.2291
INFO:__main__:Predicted mean: -0.4521
INFO:__main__:Predicted uncertainity -0.6558
INFO:__main__:Completed epoch 82 of 100

INFO:__main__:NLL: 0.0680, L2: 0.0497, Reg: 0.0184
INFO:__main__:Total loss 0.1361
INFO:__main__:Predicted mean: -0.4850
INFO:__main__:Predicted uncertainity -0.7398
INFO:__main__:Completed epoch 83 of 100

INFO:__main__:NLL: 0.3011, L2: 0.0423, Reg: 0.0170
INFO:__main__:Total loss 0.3604
INFO:__main__:Predicted mean: -0.4193
INFO:__main__:Predicted uncertainity -0.6331
INFO:__main__:Completed epoch 84 of 100

INFO:__main__:NLL: 0.1740, L2: 0.0493, Reg: 0.0178
INFO:__main__:Total loss 0.2410
INFO:__main__:Predicted mean: -0.4552
INFO:__main__:Predicted uncertainity -0.6623
INFO:__main__:Completed epoch 85 of 100

INFO:__main__:NLL: 0.0237, L2: 0.0581, Reg: 0.0191
INFO:__main__:Total loss 0.1008
INFO:__main__:Predicted mean: -0.4608
INFO:__main__:Predicted uncertainity -0.7069
INFO:__main__:Completed epoch 86 of 100

INFO:__main__:NLL: 0.1629, L2: 0.0490, Reg: 0.0171
INFO:__main__:Total loss 0.2291
INFO:__main__:Predicted mean: -0.4585
INFO:__main__:Predicted uncertainity -0.6189
INFO:__main__:Completed epoch 87 of 100

INFO:__main__:NLL: 0.1865, L2: 0.0391, Reg: 0.0160
INFO:__main__:Total loss 0.2416
INFO:__main__:Predicted mean: -0.4346
INFO:__main__:Predicted uncertainity -0.5125
INFO:__main__:Completed epoch 88 of 100

INFO:__main__:NLL: 0.1456, L2: 0.0512, Reg: 0.0180
INFO:__main__:Total loss 0.2149
INFO:__main__:Predicted mean: -0.4260
INFO:__main__:Predicted uncertainity -0.6957
INFO:__main__:Completed epoch 89 of 100

INFO:__main__:NLL: 0.3409, L2: 0.0583, Reg: 0.0186
INFO:__main__:Total loss 0.4178
INFO:__main__:Predicted mean: -0.4821
INFO:__main__:Predicted uncertainity -0.6474
INFO:__main__:Completed epoch 90 of 100

INFO:__main__:NLL: 0.0499, L2: 0.0546, Reg: 0.0194
INFO:__main__:Total loss 0.1239
INFO:__main__:Predicted mean: -0.5091
INFO:__main__:Predicted uncertainity -0.8021
INFO:__main__:Completed epoch 91 of 100

INFO:__main__:NLL: 0.3133, L2: 0.0558, Reg: 0.0193
INFO:__main__:Total loss 0.3883
INFO:__main__:Predicted mean: -0.4583
INFO:__main__:Predicted uncertainity -0.7925
INFO:__main__:Completed epoch 92 of 100

INFO:__main__:NLL: 0.1102, L2: 0.0473, Reg: 0.0180
INFO:__main__:Total loss 0.1755
INFO:__main__:Predicted mean: -0.4171
INFO:__main__:Predicted uncertainity -0.6888
INFO:__main__:Completed epoch 93 of 100

INFO:__main__:NLL: 0.1232, L2: 0.0469, Reg: 0.0177
INFO:__main__:Total loss 0.1879
INFO:__main__:Predicted mean: -0.3921
INFO:__main__:Predicted uncertainity -0.6818
INFO:__main__:Completed epoch 94 of 100

INFO:__main__:NLL: 0.1917, L2: 0.0477, Reg: 0.0176
INFO:__main__:Total loss 0.2570
INFO:__main__:Predicted mean: -0.4317
INFO:__main__:Predicted uncertainity -0.6111
INFO:__main__:Completed epoch 95 of 100

INFO:__main__:NLL: 0.2060, L2: 0.0544, Reg: 0.0187
INFO:__main__:Total loss 0.2791
INFO:__main__:Predicted mean: -0.5286
INFO:__main__:Predicted uncertainity -0.7028
INFO:__main__:Completed epoch 96 of 100

INFO:__main__:NLL: 0.2022, L2: 0.0430, Reg: 0.0171
INFO:__main__:Total loss 0.2623
INFO:__main__:Predicted mean: -0.4544
INFO:__main__:Predicted uncertainity -0.6403
INFO:__main__:Completed epoch 97 of 100

INFO:__main__:NLL: 0.2426, L2: 0.0539, Reg: 0.0185
INFO:__main__:Total loss 0.3149
INFO:__main__:Predicted mean: -0.4424
INFO:__main__:Predicted uncertainity -0.6982
INFO:__main__:Completed epoch 98 of 100

INFO:__main__:NLL: 0.2170, L2: 0.0463, Reg: 0.0183
INFO:__main__:Total loss 0.2816
INFO:__main__:Predicted mean: -0.4133
INFO:__main__:Predicted uncertainity -0.7568
INFO:__main__:Completed epoch 99 of 100

INFO:__main__:NLL: 0.3816, L2: 0.0538, Reg: 0.0189
INFO:__main__:Total loss 0.4543
INFO:__main__:Predicted mean: -0.4917
INFO:__main__:Predicted uncertainity -0.7512
INFO:__main__:Completed epoch 100 of 100

INFO:__main__:415.912508 s
