INFO:__main__:PROCESS RUNNING ON cpu
INFO:__main__:NLL: 0.1875, L2: 0.0222, Reg: 0.0478
INFO:__main__:Total loss 0.2575
INFO:__main__:Predicted mean: -0.3835
INFO:__main__:Predicted uncertainity -0.6110
INFO:__main__:Completed epoch 1 of 100

INFO:__main__:NLL: 0.0095, L2: 0.0211, Reg: 0.0453
INFO:__main__:Total loss 0.0759
INFO:__main__:Predicted mean: -0.3969
INFO:__main__:Predicted uncertainity -0.5724
INFO:__main__:Completed epoch 2 of 100

INFO:__main__:NLL: 0.1400, L2: 0.0204, Reg: 0.0377
INFO:__main__:Total loss 0.1981
INFO:__main__:Predicted mean: -0.3993
INFO:__main__:Predicted uncertainity -0.5729
INFO:__main__:Completed epoch 3 of 100

INFO:__main__:NLL: 0.0627, L2: 0.0211, Reg: 0.0282
INFO:__main__:Total loss 0.1119
INFO:__main__:Predicted mean: -0.3969
INFO:__main__:Predicted uncertainity -0.6348
INFO:__main__:Completed epoch 4 of 100

INFO:__main__:NLL: 0.1405, L2: 0.0208, Reg: 0.0370
INFO:__main__:Total loss 0.1983
INFO:__main__:Predicted mean: -0.4199
INFO:__main__:Predicted uncertainity -0.5765
INFO:__main__:Completed epoch 5 of 100

INFO:__main__:NLL: 0.2013, L2: 0.0220, Reg: 0.0378
INFO:__main__:Total loss 0.2611
INFO:__main__:Predicted mean: -0.4157
INFO:__main__:Predicted uncertainity -0.5809
INFO:__main__:Completed epoch 6 of 100

INFO:__main__:NLL: 0.1901, L2: 0.0229, Reg: 0.0434
INFO:__main__:Total loss 0.2565
INFO:__main__:Predicted mean: -0.3755
INFO:__main__:Predicted uncertainity -0.5553
INFO:__main__:Completed epoch 7 of 100

INFO:__main__:NLL: 0.1814, L2: 0.0228, Reg: 0.0447
INFO:__main__:Total loss 0.2489
INFO:__main__:Predicted mean: -0.3820
INFO:__main__:Predicted uncertainity -0.5775
INFO:__main__:Completed epoch 8 of 100

INFO:__main__:NLL: 0.0443, L2: 0.0214, Reg: 0.0496
INFO:__main__:Total loss 0.1152
INFO:__main__:Predicted mean: -0.3567
INFO:__main__:Predicted uncertainity -0.6387
INFO:__main__:Completed epoch 9 of 100

INFO:__main__:NLL: 0.2057, L2: 0.0246, Reg: 0.0407
INFO:__main__:Total loss 0.2709
INFO:__main__:Predicted mean: -0.4104
INFO:__main__:Predicted uncertainity -0.5562
INFO:__main__:Completed epoch 10 of 100

INFO:__main__:NLL: 0.0690, L2: 0.0212, Reg: 0.0419
INFO:__main__:Total loss 0.1322
INFO:__main__:Predicted mean: -0.4028
INFO:__main__:Predicted uncertainity -0.6786
INFO:__main__:Completed epoch 11 of 100

INFO:__main__:NLL: 0.1519, L2: 0.0213, Reg: 0.0459
INFO:__main__:Total loss 0.2192
INFO:__main__:Predicted mean: -0.3740
INFO:__main__:Predicted uncertainity -0.5154
INFO:__main__:Completed epoch 12 of 100

INFO:__main__:NLL: 0.1188, L2: 0.0226, Reg: 0.0470
INFO:__main__:Total loss 0.1885
INFO:__main__:Predicted mean: -0.3672
INFO:__main__:Predicted uncertainity -0.5539
INFO:__main__:Completed epoch 13 of 100

INFO:__main__:NLL: 0.2562, L2: 0.0212, Reg: 0.0423
INFO:__main__:Total loss 0.3197
INFO:__main__:Predicted mean: -0.3912
INFO:__main__:Predicted uncertainity -0.6530
INFO:__main__:Completed epoch 14 of 100

INFO:__main__:NLL: 0.1712, L2: 0.0220, Reg: 0.0451
INFO:__main__:Total loss 0.2382
INFO:__main__:Predicted mean: -0.3991
INFO:__main__:Predicted uncertainity -0.6564
INFO:__main__:Completed epoch 15 of 100

INFO:__main__:NLL: 0.1950, L2: 0.0218, Reg: 0.0511
INFO:__main__:Total loss 0.2680
INFO:__main__:Predicted mean: -0.3772
INFO:__main__:Predicted uncertainity -0.6406
INFO:__main__:Completed epoch 16 of 100

INFO:__main__:NLL: 0.0801, L2: 0.0201, Reg: 0.0299
INFO:__main__:Total loss 0.1302
INFO:__main__:Predicted mean: -0.3996
INFO:__main__:Predicted uncertainity -0.5949
INFO:__main__:Completed epoch 17 of 100

INFO:__main__:NLL: 0.1770, L2: 0.0203, Reg: 0.0334
INFO:__main__:Total loss 0.2307
INFO:__main__:Predicted mean: -0.4051
INFO:__main__:Predicted uncertainity -0.5701
INFO:__main__:Completed epoch 18 of 100

INFO:__main__:NLL: 0.0652, L2: 0.0211, Reg: 0.0296
INFO:__main__:Total loss 0.1159
INFO:__main__:Predicted mean: -0.4214
INFO:__main__:Predicted uncertainity -0.5166
INFO:__main__:Completed epoch 19 of 100

INFO:__main__:NLL: 0.1859, L2: 0.0202, Reg: 0.0337
INFO:__main__:Total loss 0.2399
INFO:__main__:Predicted mean: -0.3951
INFO:__main__:Predicted uncertainity -0.6109
INFO:__main__:Completed epoch 20 of 100

INFO:__main__:NLL: 0.0759, L2: 0.0214, Reg: 0.0377
INFO:__main__:Total loss 0.1349
INFO:__main__:Predicted mean: -0.3865
INFO:__main__:Predicted uncertainity -0.5339
INFO:__main__:Completed epoch 21 of 100

INFO:__main__:NLL: 0.1039, L2: 0.0219, Reg: 0.0387
INFO:__main__:Total loss 0.1646
INFO:__main__:Predicted mean: -0.3320
INFO:__main__:Predicted uncertainity -0.6005
INFO:__main__:Completed epoch 22 of 100

INFO:__main__:NLL: 0.1439, L2: 0.0213, Reg: 0.0436
INFO:__main__:Total loss 0.2088
INFO:__main__:Predicted mean: -0.3960
INFO:__main__:Predicted uncertainity -0.5514
INFO:__main__:Completed epoch 23 of 100

INFO:__main__:NLL: 0.2304, L2: 0.0223, Reg: 0.0366
INFO:__main__:Total loss 0.2893
INFO:__main__:Predicted mean: -0.3752
INFO:__main__:Predicted uncertainity -0.5139
INFO:__main__:Completed epoch 24 of 100

INFO:__main__:NLL: 0.1842, L2: 0.0211, Reg: 0.0371
INFO:__main__:Total loss 0.2424
INFO:__main__:Predicted mean: -0.4148
INFO:__main__:Predicted uncertainity -0.5807
INFO:__main__:Completed epoch 25 of 100

INFO:__main__:NLL: 0.0498, L2: 0.0222, Reg: 0.0324
INFO:__main__:Total loss 0.1043
INFO:__main__:Predicted mean: -0.3598
INFO:__main__:Predicted uncertainity -0.4878
INFO:__main__:Completed epoch 26 of 100

INFO:__main__:NLL: 0.3032, L2: 0.0213, Reg: 0.0401
INFO:__main__:Total loss 0.3646
INFO:__main__:Predicted mean: -0.4030
INFO:__main__:Predicted uncertainity -0.5733
INFO:__main__:Completed epoch 27 of 100

INFO:__main__:NLL: 0.1482, L2: 0.0217, Reg: 0.0323
INFO:__main__:Total loss 0.2021
INFO:__main__:Predicted mean: -0.3654
INFO:__main__:Predicted uncertainity -0.5370
INFO:__main__:Completed epoch 28 of 100

INFO:__main__:NLL: 0.1444, L2: 0.0223, Reg: 0.0385
INFO:__main__:Total loss 0.2053
INFO:__main__:Predicted mean: -0.3638
INFO:__main__:Predicted uncertainity -0.5918
INFO:__main__:Completed epoch 29 of 100

INFO:__main__:NLL: 0.1713, L2: 0.0210, Reg: 0.0271
INFO:__main__:Total loss 0.2193
INFO:__main__:Predicted mean: -0.3457
INFO:__main__:Predicted uncertainity -0.5158
INFO:__main__:Completed epoch 30 of 100

INFO:__main__:NLL: 0.2035, L2: 0.0203, Reg: 0.0388
INFO:__main__:Total loss 0.2626
INFO:__main__:Predicted mean: -0.4316
INFO:__main__:Predicted uncertainity -0.6197
INFO:__main__:Completed epoch 31 of 100

INFO:__main__:NLL: 0.0313, L2: 0.0217, Reg: 0.0403
INFO:__main__:Total loss 0.0933
INFO:__main__:Predicted mean: -0.3668
INFO:__main__:Predicted uncertainity -0.6234
INFO:__main__:Completed epoch 32 of 100

INFO:__main__:NLL: 0.1035, L2: 0.0220, Reg: 0.0408
INFO:__main__:Total loss 0.1663
INFO:__main__:Predicted mean: -0.4460
INFO:__main__:Predicted uncertainity -0.5712
INFO:__main__:Completed epoch 33 of 100

INFO:__main__:NLL: 0.0762, L2: 0.0210, Reg: 0.0406
INFO:__main__:Total loss 0.1378
INFO:__main__:Predicted mean: -0.4092
INFO:__main__:Predicted uncertainity -0.5900
INFO:__main__:Completed epoch 34 of 100

INFO:__main__:NLL: 0.0511, L2: 0.0209, Reg: 0.0362
INFO:__main__:Total loss 0.1083
INFO:__main__:Predicted mean: -0.4105
INFO:__main__:Predicted uncertainity -0.5798
INFO:__main__:Completed epoch 35 of 100

INFO:__main__:NLL: 0.0839, L2: 0.0219, Reg: 0.0385
INFO:__main__:Total loss 0.1442
INFO:__main__:Predicted mean: -0.3482
INFO:__main__:Predicted uncertainity -0.6315
INFO:__main__:Completed epoch 36 of 100

INFO:__main__:NLL: -0.0149, L2: 0.0203, Reg: 0.0349
INFO:__main__:Total loss 0.0404
INFO:__main__:Predicted mean: -0.3738
INFO:__main__:Predicted uncertainity -0.5820
INFO:__main__:Completed epoch 37 of 100

INFO:__main__:NLL: 0.2121, L2: 0.0226, Reg: 0.0307
INFO:__main__:Total loss 0.2655
INFO:__main__:Predicted mean: -0.4064
INFO:__main__:Predicted uncertainity -0.6245
INFO:__main__:Completed epoch 38 of 100

INFO:__main__:NLL: 0.1351, L2: 0.0238, Reg: 0.0402
INFO:__main__:Total loss 0.1992
INFO:__main__:Predicted mean: -0.4516
INFO:__main__:Predicted uncertainity -0.5070
INFO:__main__:Completed epoch 39 of 100

INFO:__main__:NLL: 0.1564, L2: 0.0222, Reg: 0.0389
INFO:__main__:Total loss 0.2175
INFO:__main__:Predicted mean: -0.4474
INFO:__main__:Predicted uncertainity -0.5090
INFO:__main__:Completed epoch 40 of 100

INFO:__main__:NLL: -0.0037, L2: 0.0218, Reg: 0.0415
INFO:__main__:Total loss 0.0596
INFO:__main__:Predicted mean: -0.3721
INFO:__main__:Predicted uncertainity -0.6240
INFO:__main__:Completed epoch 41 of 100

INFO:__main__:NLL: 0.1008, L2: 0.0206, Reg: 0.0434
INFO:__main__:Total loss 0.1648
INFO:__main__:Predicted mean: -0.4010
INFO:__main__:Predicted uncertainity -0.5668
INFO:__main__:Completed epoch 42 of 100

INFO:__main__:NLL: 0.1493, L2: 0.0212, Reg: 0.0363
INFO:__main__:Total loss 0.2067
INFO:__main__:Predicted mean: -0.4340
INFO:__main__:Predicted uncertainity -0.5713
INFO:__main__:Completed epoch 43 of 100

INFO:__main__:NLL: 0.2728, L2: 0.0236, Reg: 0.0525
INFO:__main__:Total loss 0.3490
INFO:__main__:Predicted mean: -0.4345
INFO:__main__:Predicted uncertainity -0.5890
INFO:__main__:Completed epoch 44 of 100

INFO:__main__:NLL: 0.1256, L2: 0.0204, Reg: 0.0393
INFO:__main__:Total loss 0.1853
INFO:__main__:Predicted mean: -0.3950
INFO:__main__:Predicted uncertainity -0.5972
INFO:__main__:Completed epoch 45 of 100

INFO:__main__:NLL: 0.1302, L2: 0.0205, Reg: 0.0371
INFO:__main__:Total loss 0.1878
INFO:__main__:Predicted mean: -0.3557
INFO:__main__:Predicted uncertainity -0.5990
INFO:__main__:Completed epoch 46 of 100

INFO:__main__:NLL: 0.0692, L2: 0.0219, Reg: 0.0382
INFO:__main__:Total loss 0.1293
INFO:__main__:Predicted mean: -0.4028
INFO:__main__:Predicted uncertainity -0.6442
INFO:__main__:Completed epoch 47 of 100

INFO:__main__:NLL: 0.1147, L2: 0.0217, Reg: 0.0365
INFO:__main__:Total loss 0.1729
INFO:__main__:Predicted mean: -0.4095
INFO:__main__:Predicted uncertainity -0.5973
INFO:__main__:Completed epoch 48 of 100

INFO:__main__:NLL: 0.0662, L2: 0.0210, Reg: 0.0357
INFO:__main__:Total loss 0.1229
INFO:__main__:Predicted mean: -0.4125
INFO:__main__:Predicted uncertainity -0.5102
INFO:__main__:Completed epoch 49 of 100

INFO:__main__:NLL: 0.0306, L2: 0.0210, Reg: 0.0293
INFO:__main__:Total loss 0.0809
INFO:__main__:Predicted mean: -0.3505
INFO:__main__:Predicted uncertainity -0.5690
INFO:__main__:Completed epoch 50 of 100

INFO:__main__:NLL: 0.3676, L2: 0.0212, Reg: 0.0405
INFO:__main__:Total loss 0.4293
INFO:__main__:Predicted mean: -0.4032
INFO:__main__:Predicted uncertainity -0.6931
INFO:__main__:Completed epoch 51 of 100

INFO:__main__:NLL: 0.0178, L2: 0.0210, Reg: 0.0321
INFO:__main__:Total loss 0.0710
INFO:__main__:Predicted mean: -0.4031
INFO:__main__:Predicted uncertainity -0.5971
INFO:__main__:Completed epoch 52 of 100

INFO:__main__:NLL: 0.1189, L2: 0.0206, Reg: 0.0305
INFO:__main__:Total loss 0.1701
INFO:__main__:Predicted mean: -0.4030
INFO:__main__:Predicted uncertainity -0.5433
INFO:__main__:Completed epoch 53 of 100

INFO:__main__:NLL: 0.2807, L2: 0.0223, Reg: 0.0319
INFO:__main__:Total loss 0.3349
INFO:__main__:Predicted mean: -0.3458
INFO:__main__:Predicted uncertainity -0.6339
INFO:__main__:Completed epoch 54 of 100

INFO:__main__:NLL: 0.1782, L2: 0.0219, Reg: 0.0324
INFO:__main__:Total loss 0.2324
INFO:__main__:Predicted mean: -0.3516
INFO:__main__:Predicted uncertainity -0.5660
INFO:__main__:Completed epoch 55 of 100

INFO:__main__:NLL: 0.2861, L2: 0.0201, Reg: 0.0389
INFO:__main__:Total loss 0.3452
INFO:__main__:Predicted mean: -0.4113
INFO:__main__:Predicted uncertainity -0.5713
INFO:__main__:Completed epoch 56 of 100

INFO:__main__:NLL: 0.1120, L2: 0.0207, Reg: 0.0372
INFO:__main__:Total loss 0.1698
INFO:__main__:Predicted mean: -0.3928
INFO:__main__:Predicted uncertainity -0.5173
INFO:__main__:Completed epoch 57 of 100

INFO:__main__:NLL: 0.0775, L2: 0.0211, Reg: 0.0455
INFO:__main__:Total loss 0.1441
INFO:__main__:Predicted mean: -0.4478
INFO:__main__:Predicted uncertainity -0.6112
INFO:__main__:Completed epoch 58 of 100

INFO:__main__:NLL: 0.0691, L2: 0.0221, Reg: 0.0297
INFO:__main__:Total loss 0.1209
INFO:__main__:Predicted mean: -0.3761
INFO:__main__:Predicted uncertainity -0.4617
INFO:__main__:Completed epoch 59 of 100

INFO:__main__:NLL: 0.1039, L2: 0.0242, Reg: 0.0263
INFO:__main__:Total loss 0.1543
INFO:__main__:Predicted mean: -0.3984
INFO:__main__:Predicted uncertainity -0.5459
INFO:__main__:Completed epoch 60 of 100

INFO:__main__:NLL: 0.2041, L2: 0.0205, Reg: 0.0347
INFO:__main__:Total loss 0.2593
INFO:__main__:Predicted mean: -0.3365
INFO:__main__:Predicted uncertainity -0.6015
INFO:__main__:Completed epoch 61 of 100

INFO:__main__:NLL: 0.2154, L2: 0.0224, Reg: 0.0354
INFO:__main__:Total loss 0.2732
INFO:__main__:Predicted mean: -0.3803
INFO:__main__:Predicted uncertainity -0.4943
INFO:__main__:Completed epoch 62 of 100

INFO:__main__:NLL: 0.1183, L2: 0.0206, Reg: 0.0346
INFO:__main__:Total loss 0.1735
INFO:__main__:Predicted mean: -0.4621
INFO:__main__:Predicted uncertainity -0.5711
INFO:__main__:Completed epoch 63 of 100

INFO:__main__:NLL: 0.0607, L2: 0.0209, Reg: 0.0423
INFO:__main__:Total loss 0.1239
INFO:__main__:Predicted mean: -0.4025
INFO:__main__:Predicted uncertainity -0.6037
INFO:__main__:Completed epoch 64 of 100

INFO:__main__:NLL: 0.0803, L2: 0.0219, Reg: 0.0380
INFO:__main__:Total loss 0.1402
INFO:__main__:Predicted mean: -0.3632
INFO:__main__:Predicted uncertainity -0.6068
INFO:__main__:Completed epoch 65 of 100

INFO:__main__:NLL: 0.1584, L2: 0.0201, Reg: 0.0391
INFO:__main__:Total loss 0.2176
INFO:__main__:Predicted mean: -0.4039
INFO:__main__:Predicted uncertainity -0.6245
INFO:__main__:Completed epoch 66 of 100

INFO:__main__:NLL: 0.0733, L2: 0.0214, Reg: 0.0333
INFO:__main__:Total loss 0.1280
INFO:__main__:Predicted mean: -0.3806
INFO:__main__:Predicted uncertainity -0.5509
INFO:__main__:Completed epoch 67 of 100

INFO:__main__:NLL: 0.0764, L2: 0.0230, Reg: 0.0428
INFO:__main__:Total loss 0.1422
INFO:__main__:Predicted mean: -0.3607
INFO:__main__:Predicted uncertainity -0.5960
INFO:__main__:Completed epoch 68 of 100

INFO:__main__:NLL: 0.1085, L2: 0.0224, Reg: 0.0426
INFO:__main__:Total loss 0.1735
INFO:__main__:Predicted mean: -0.3853
INFO:__main__:Predicted uncertainity -0.5953
INFO:__main__:Completed epoch 69 of 100

INFO:__main__:NLL: 0.3207, L2: 0.0216, Reg: 0.0404
INFO:__main__:Total loss 0.3828
INFO:__main__:Predicted mean: -0.4459
INFO:__main__:Predicted uncertainity -0.5301
INFO:__main__:Completed epoch 70 of 100

INFO:__main__:NLL: 0.0245, L2: 0.0212, Reg: 0.0384
INFO:__main__:Total loss 0.0841
INFO:__main__:Predicted mean: -0.4444
INFO:__main__:Predicted uncertainity -0.6226
INFO:__main__:Completed epoch 71 of 100

INFO:__main__:NLL: 0.2410, L2: 0.0222, Reg: 0.0603
INFO:__main__:Total loss 0.3234
INFO:__main__:Predicted mean: -0.4023
INFO:__main__:Predicted uncertainity -0.6475
INFO:__main__:Completed epoch 72 of 100

INFO:__main__:NLL: 0.2632, L2: 0.0220, Reg: 0.0408
INFO:__main__:Total loss 0.3260
INFO:__main__:Predicted mean: -0.3979
INFO:__main__:Predicted uncertainity -0.6491
INFO:__main__:Completed epoch 73 of 100

INFO:__main__:NLL: 0.0942, L2: 0.0212, Reg: 0.0489
INFO:__main__:Total loss 0.1644
INFO:__main__:Predicted mean: -0.3921
INFO:__main__:Predicted uncertainity -0.6827
INFO:__main__:Completed epoch 74 of 100

INFO:__main__:NLL: 0.1095, L2: 0.0210, Reg: 0.0414
INFO:__main__:Total loss 0.1719
INFO:__main__:Predicted mean: -0.4170
INFO:__main__:Predicted uncertainity -0.5785
INFO:__main__:Completed epoch 75 of 100

INFO:__main__:NLL: 0.1164, L2: 0.0207, Reg: 0.0348
INFO:__main__:Total loss 0.1720
INFO:__main__:Predicted mean: -0.4052
INFO:__main__:Predicted uncertainity -0.5789
INFO:__main__:Completed epoch 76 of 100

INFO:__main__:NLL: 0.1662, L2: 0.0222, Reg: 0.0386
INFO:__main__:Total loss 0.2270
INFO:__main__:Predicted mean: -0.4114
INFO:__main__:Predicted uncertainity -0.5676
INFO:__main__:Completed epoch 77 of 100

INFO:__main__:NLL: 0.1712, L2: 0.0227, Reg: 0.0393
INFO:__main__:Total loss 0.2331
INFO:__main__:Predicted mean: -0.3766
INFO:__main__:Predicted uncertainity -0.5949
INFO:__main__:Completed epoch 78 of 100

INFO:__main__:NLL: 0.1351, L2: 0.0221, Reg: 0.0303
INFO:__main__:Total loss 0.1875
INFO:__main__:Predicted mean: -0.3671
INFO:__main__:Predicted uncertainity -0.5580
INFO:__main__:Completed epoch 79 of 100

INFO:__main__:NLL: 0.1069, L2: 0.0243, Reg: 0.0499
INFO:__main__:Total loss 0.1811
INFO:__main__:Predicted mean: -0.3873
INFO:__main__:Predicted uncertainity -0.5597
INFO:__main__:Completed epoch 80 of 100

INFO:__main__:NLL: 0.1415, L2: 0.0236, Reg: 0.0395
INFO:__main__:Total loss 0.2046
INFO:__main__:Predicted mean: -0.4180
INFO:__main__:Predicted uncertainity -0.5607
INFO:__main__:Completed epoch 81 of 100

INFO:__main__:NLL: 0.0962, L2: 0.0235, Reg: 0.0369
INFO:__main__:Total loss 0.1566
INFO:__main__:Predicted mean: -0.3908
INFO:__main__:Predicted uncertainity -0.6001
INFO:__main__:Completed epoch 82 of 100

INFO:__main__:NLL: 0.1093, L2: 0.0232, Reg: 0.0384
INFO:__main__:Total loss 0.1709
INFO:__main__:Predicted mean: -0.3936
INFO:__main__:Predicted uncertainity -0.5984
INFO:__main__:Completed epoch 83 of 100

INFO:__main__:NLL: 0.3418, L2: 0.0223, Reg: 0.0386
INFO:__main__:Total loss 0.4027
INFO:__main__:Predicted mean: -0.3613
INFO:__main__:Predicted uncertainity -0.5389
INFO:__main__:Completed epoch 84 of 100

INFO:__main__:NLL: 0.1216, L2: 0.0230, Reg: 0.0323
INFO:__main__:Total loss 0.1769
INFO:__main__:Predicted mean: -0.3406
INFO:__main__:Predicted uncertainity -0.5052
INFO:__main__:Completed epoch 85 of 100

INFO:__main__:NLL: 0.0084, L2: 0.0235, Reg: 0.0439
INFO:__main__:Total loss 0.0757
INFO:__main__:Predicted mean: -0.4142
INFO:__main__:Predicted uncertainity -0.6323
INFO:__main__:Completed epoch 86 of 100

INFO:__main__:NLL: 0.1602, L2: 0.0220, Reg: 0.0329
INFO:__main__:Total loss 0.2150
INFO:__main__:Predicted mean: -0.4304
INFO:__main__:Predicted uncertainity -0.5585
INFO:__main__:Completed epoch 87 of 100

INFO:__main__:NLL: 0.1412, L2: 0.0232, Reg: 0.0317
INFO:__main__:Total loss 0.1961
INFO:__main__:Predicted mean: -0.3987
INFO:__main__:Predicted uncertainity -0.5599
INFO:__main__:Completed epoch 88 of 100

INFO:__main__:NLL: 0.1090, L2: 0.0233, Reg: 0.0336
INFO:__main__:Total loss 0.1659
INFO:__main__:Predicted mean: -0.3495
INFO:__main__:Predicted uncertainity -0.5690
INFO:__main__:Completed epoch 89 of 100

INFO:__main__:NLL: 0.2342, L2: 0.0232, Reg: 0.0437
INFO:__main__:Total loss 0.3011
INFO:__main__:Predicted mean: -0.3892
INFO:__main__:Predicted uncertainity -0.5812
INFO:__main__:Completed epoch 90 of 100

INFO:__main__:NLL: 0.1987, L2: 0.0243, Reg: 0.0483
INFO:__main__:Total loss 0.2713
INFO:__main__:Predicted mean: -0.4482
INFO:__main__:Predicted uncertainity -0.6854
INFO:__main__:Completed epoch 91 of 100

INFO:__main__:NLL: 0.1629, L2: 0.0229, Reg: 0.0444
INFO:__main__:Total loss 0.2301
INFO:__main__:Predicted mean: -0.4249
INFO:__main__:Predicted uncertainity -0.6193
INFO:__main__:Completed epoch 92 of 100

INFO:__main__:NLL: 0.1079, L2: 0.0232, Reg: 0.0369
INFO:__main__:Total loss 0.1681
INFO:__main__:Predicted mean: -0.4012
INFO:__main__:Predicted uncertainity -0.5485
INFO:__main__:Completed epoch 93 of 100

INFO:__main__:NLL: 0.1338, L2: 0.0239, Reg: 0.0304
INFO:__main__:Total loss 0.1882
INFO:__main__:Predicted mean: -0.3726
INFO:__main__:Predicted uncertainity -0.5600
INFO:__main__:Completed epoch 94 of 100

INFO:__main__:NLL: 0.1426, L2: 0.0216, Reg: 0.0359
INFO:__main__:Total loss 0.2001
INFO:__main__:Predicted mean: -0.3839
INFO:__main__:Predicted uncertainity -0.5421
INFO:__main__:Completed epoch 95 of 100

INFO:__main__:NLL: 0.2270, L2: 0.0232, Reg: 0.0365
INFO:__main__:Total loss 0.2867
INFO:__main__:Predicted mean: -0.4424
INFO:__main__:Predicted uncertainity -0.6011
INFO:__main__:Completed epoch 96 of 100

INFO:__main__:NLL: 0.1304, L2: 0.0218, Reg: 0.0260
INFO:__main__:Total loss 0.1782
INFO:__main__:Predicted mean: -0.3655
INFO:__main__:Predicted uncertainity -0.5619
INFO:__main__:Completed epoch 97 of 100

INFO:__main__:NLL: 0.1486, L2: 0.0227, Reg: 0.0345
INFO:__main__:Total loss 0.2058
INFO:__main__:Predicted mean: -0.3733
INFO:__main__:Predicted uncertainity -0.5767
INFO:__main__:Completed epoch 98 of 100

INFO:__main__:NLL: 0.1632, L2: 0.0248, Reg: 0.0494
INFO:__main__:Total loss 0.2374
INFO:__main__:Predicted mean: -0.4371
INFO:__main__:Predicted uncertainity -0.6747
INFO:__main__:Completed epoch 99 of 100

INFO:__main__:NLL: 0.2306, L2: 0.0224, Reg: 0.0401
INFO:__main__:Total loss 0.2931
INFO:__main__:Predicted mean: -0.4134
INFO:__main__:Predicted uncertainity -0.6397
INFO:__main__:Completed epoch 100 of 100

INFO:__main__:418.121822 s
