INFO:__main__:PROCESS RUNNING ON cpu
INFO:__main__:NLL: 0.1232, L2: 0.0480, Reg: 0.0057
INFO:__main__:Total loss 0.1768
INFO:__main__:Predicted mean: -0.4299
INFO:__main__:Predicted uncertainity -0.6912
INFO:__main__:Completed epoch 1 of 100

INFO:__main__:NLL: 0.1311, L2: 0.0550, Reg: 0.0057
INFO:__main__:Total loss 0.1917
INFO:__main__:Predicted mean: -0.4637
INFO:__main__:Predicted uncertainity -0.8115
INFO:__main__:Completed epoch 2 of 100

INFO:__main__:NLL: 0.2357, L2: 0.0494, Reg: 0.0057
INFO:__main__:Total loss 0.2908
INFO:__main__:Predicted mean: -0.4924
INFO:__main__:Predicted uncertainity -0.7171
INFO:__main__:Completed epoch 3 of 100

INFO:__main__:NLL: 0.1827, L2: 0.0454, Reg: 0.0057
INFO:__main__:Total loss 0.2337
INFO:__main__:Predicted mean: -0.4432
INFO:__main__:Predicted uncertainity -0.7093
INFO:__main__:Completed epoch 4 of 100

INFO:__main__:NLL: 0.2032, L2: 0.0458, Reg: 0.0057
INFO:__main__:Total loss 0.2546
INFO:__main__:Predicted mean: -0.4841
INFO:__main__:Predicted uncertainity -0.5638
INFO:__main__:Completed epoch 5 of 100

INFO:__main__:NLL: 0.1960, L2: 0.0545, Reg: 0.0057
INFO:__main__:Total loss 0.2562
INFO:__main__:Predicted mean: -0.4894
INFO:__main__:Predicted uncertainity -0.7092
INFO:__main__:Completed epoch 6 of 100

INFO:__main__:NLL: 0.1850, L2: 0.0512, Reg: 0.0057
INFO:__main__:Total loss 0.2418
INFO:__main__:Predicted mean: -0.4803
INFO:__main__:Predicted uncertainity -0.6255
INFO:__main__:Completed epoch 7 of 100

INFO:__main__:NLL: 0.2625, L2: 0.0536, Reg: 0.0057
INFO:__main__:Total loss 0.3218
INFO:__main__:Predicted mean: -0.4948
INFO:__main__:Predicted uncertainity -0.6422
INFO:__main__:Completed epoch 8 of 100

INFO:__main__:NLL: 0.0288, L2: 0.0578, Reg: 0.0057
INFO:__main__:Total loss 0.0922
INFO:__main__:Predicted mean: -0.4551
INFO:__main__:Predicted uncertainity -0.8291
INFO:__main__:Completed epoch 9 of 100

INFO:__main__:NLL: 0.3727, L2: 0.0552, Reg: 0.0057
INFO:__main__:Total loss 0.4336
INFO:__main__:Predicted mean: -0.4906
INFO:__main__:Predicted uncertainity -0.7971
INFO:__main__:Completed epoch 10 of 100

INFO:__main__:NLL: 0.0990, L2: 0.0517, Reg: 0.0057
INFO:__main__:Total loss 0.1564
INFO:__main__:Predicted mean: -0.4948
INFO:__main__:Predicted uncertainity -0.8101
INFO:__main__:Completed epoch 11 of 100

INFO:__main__:NLL: 0.2211, L2: 0.0469, Reg: 0.0057
INFO:__main__:Total loss 0.2736
INFO:__main__:Predicted mean: -0.4325
INFO:__main__:Predicted uncertainity -0.4955
INFO:__main__:Completed epoch 12 of 100

INFO:__main__:NLL: 0.1182, L2: 0.0477, Reg: 0.0057
INFO:__main__:Total loss 0.1715
INFO:__main__:Predicted mean: -0.4052
INFO:__main__:Predicted uncertainity -0.7199
INFO:__main__:Completed epoch 13 of 100

INFO:__main__:NLL: 0.1889, L2: 0.0549, Reg: 0.0057
INFO:__main__:Total loss 0.2495
INFO:__main__:Predicted mean: -0.4601
INFO:__main__:Predicted uncertainity -0.7727
INFO:__main__:Completed epoch 14 of 100

INFO:__main__:NLL: 0.1821, L2: 0.0491, Reg: 0.0057
INFO:__main__:Total loss 0.2369
INFO:__main__:Predicted mean: -0.4121
INFO:__main__:Predicted uncertainity -0.7662
INFO:__main__:Completed epoch 15 of 100

INFO:__main__:NLL: 0.1808, L2: 0.0552, Reg: 0.0057
INFO:__main__:Total loss 0.2417
INFO:__main__:Predicted mean: -0.4462
INFO:__main__:Predicted uncertainity -0.7304
INFO:__main__:Completed epoch 16 of 100

INFO:__main__:NLL: 0.0386, L2: 0.0523, Reg: 0.0057
INFO:__main__:Total loss 0.0965
INFO:__main__:Predicted mean: -0.4840
INFO:__main__:Predicted uncertainity -0.7983
INFO:__main__:Completed epoch 17 of 100

INFO:__main__:NLL: 0.1933, L2: 0.0429, Reg: 0.0057
INFO:__main__:Total loss 0.2419
INFO:__main__:Predicted mean: -0.4051
INFO:__main__:Predicted uncertainity -0.6564
INFO:__main__:Completed epoch 18 of 100

INFO:__main__:NLL: 0.1385, L2: 0.0467, Reg: 0.0057
INFO:__main__:Total loss 0.1908
INFO:__main__:Predicted mean: -0.4600
INFO:__main__:Predicted uncertainity -0.6591
INFO:__main__:Completed epoch 19 of 100

INFO:__main__:NLL: 0.1681, L2: 0.0474, Reg: 0.0057
INFO:__main__:Total loss 0.2211
INFO:__main__:Predicted mean: -0.4459
INFO:__main__:Predicted uncertainity -0.5978
INFO:__main__:Completed epoch 20 of 100

INFO:__main__:NLL: 0.1411, L2: 0.0503, Reg: 0.0057
INFO:__main__:Total loss 0.1971
INFO:__main__:Predicted mean: -0.4736
INFO:__main__:Predicted uncertainity -0.6563
INFO:__main__:Completed epoch 21 of 100

INFO:__main__:NLL: 0.1603, L2: 0.0444, Reg: 0.0057
INFO:__main__:Total loss 0.2104
INFO:__main__:Predicted mean: -0.4279
INFO:__main__:Predicted uncertainity -0.6689
INFO:__main__:Completed epoch 22 of 100

INFO:__main__:NLL: 0.1920, L2: 0.0505, Reg: 0.0057
INFO:__main__:Total loss 0.2482
INFO:__main__:Predicted mean: -0.4485
INFO:__main__:Predicted uncertainity -0.5401
INFO:__main__:Completed epoch 23 of 100

INFO:__main__:NLL: 0.2573, L2: 0.0483, Reg: 0.0057
INFO:__main__:Total loss 0.3113
INFO:__main__:Predicted mean: -0.4200
INFO:__main__:Predicted uncertainity -0.6880
INFO:__main__:Completed epoch 24 of 100

INFO:__main__:NLL: 0.2170, L2: 0.0609, Reg: 0.0057
INFO:__main__:Total loss 0.2837
INFO:__main__:Predicted mean: -0.4098
INFO:__main__:Predicted uncertainity -0.7888
INFO:__main__:Completed epoch 25 of 100

INFO:__main__:NLL: 0.0725, L2: 0.0487, Reg: 0.0057
INFO:__main__:Total loss 0.1269
INFO:__main__:Predicted mean: -0.4597
INFO:__main__:Predicted uncertainity -0.7009
INFO:__main__:Completed epoch 26 of 100

INFO:__main__:NLL: 0.2245, L2: 0.0487, Reg: 0.0057
INFO:__main__:Total loss 0.2789
INFO:__main__:Predicted mean: -0.4391
INFO:__main__:Predicted uncertainity -0.7716
INFO:__main__:Completed epoch 27 of 100

INFO:__main__:NLL: 0.2008, L2: 0.0456, Reg: 0.0057
INFO:__main__:Total loss 0.2521
INFO:__main__:Predicted mean: -0.4298
INFO:__main__:Predicted uncertainity -0.6562
INFO:__main__:Completed epoch 28 of 100

INFO:__main__:NLL: 0.2002, L2: 0.0517, Reg: 0.0057
INFO:__main__:Total loss 0.2575
INFO:__main__:Predicted mean: -0.4730
INFO:__main__:Predicted uncertainity -0.6811
INFO:__main__:Completed epoch 29 of 100

INFO:__main__:NLL: 0.1784, L2: 0.0449, Reg: 0.0057
INFO:__main__:Total loss 0.2289
INFO:__main__:Predicted mean: -0.4211
INFO:__main__:Predicted uncertainity -0.6416
INFO:__main__:Completed epoch 30 of 100

INFO:__main__:NLL: 0.1887, L2: 0.0461, Reg: 0.0057
INFO:__main__:Total loss 0.2405
INFO:__main__:Predicted mean: -0.4280
INFO:__main__:Predicted uncertainity -0.7487
INFO:__main__:Completed epoch 31 of 100

INFO:__main__:NLL: 0.1228, L2: 0.0548, Reg: 0.0057
INFO:__main__:Total loss 0.1833
INFO:__main__:Predicted mean: -0.4432
INFO:__main__:Predicted uncertainity -0.8179
INFO:__main__:Completed epoch 32 of 100

INFO:__main__:NLL: 0.1221, L2: 0.0548, Reg: 0.0057
INFO:__main__:Total loss 0.1826
INFO:__main__:Predicted mean: -0.4735
INFO:__main__:Predicted uncertainity -0.7260
INFO:__main__:Completed epoch 33 of 100

INFO:__main__:NLL: 0.1635, L2: 0.0496, Reg: 0.0057
INFO:__main__:Total loss 0.2188
INFO:__main__:Predicted mean: -0.4360
INFO:__main__:Predicted uncertainity -0.6573
INFO:__main__:Completed epoch 34 of 100

INFO:__main__:NLL: 0.1096, L2: 0.0521, Reg: 0.0057
INFO:__main__:Total loss 0.1673
INFO:__main__:Predicted mean: -0.4370
INFO:__main__:Predicted uncertainity -0.6620
INFO:__main__:Completed epoch 35 of 100

INFO:__main__:NLL: 0.1504, L2: 0.0588, Reg: 0.0057
INFO:__main__:Total loss 0.2148
INFO:__main__:Predicted mean: -0.4418
INFO:__main__:Predicted uncertainity -0.7811
INFO:__main__:Completed epoch 36 of 100

INFO:__main__:NLL: 0.1293, L2: 0.0478, Reg: 0.0057
INFO:__main__:Total loss 0.1828
INFO:__main__:Predicted mean: -0.4816
INFO:__main__:Predicted uncertainity -0.7159
INFO:__main__:Completed epoch 37 of 100

INFO:__main__:NLL: 0.2745, L2: 0.0489, Reg: 0.0057
INFO:__main__:Total loss 0.3290
INFO:__main__:Predicted mean: -0.4491
INFO:__main__:Predicted uncertainity -0.6729
INFO:__main__:Completed epoch 38 of 100

INFO:__main__:NLL: 0.1594, L2: 0.0486, Reg: 0.0057
INFO:__main__:Total loss 0.2137
INFO:__main__:Predicted mean: -0.4272
INFO:__main__:Predicted uncertainity -0.6417
INFO:__main__:Completed epoch 39 of 100

INFO:__main__:NLL: 0.1260, L2: 0.0534, Reg: 0.0057
INFO:__main__:Total loss 0.1850
INFO:__main__:Predicted mean: -0.4871
INFO:__main__:Predicted uncertainity -0.6268
INFO:__main__:Completed epoch 40 of 100

INFO:__main__:NLL: 0.1189, L2: 0.0489, Reg: 0.0057
INFO:__main__:Total loss 0.1735
INFO:__main__:Predicted mean: -0.4346
INFO:__main__:Predicted uncertainity -0.6879
INFO:__main__:Completed epoch 41 of 100

INFO:__main__:NLL: 0.1026, L2: 0.0544, Reg: 0.0057
INFO:__main__:Total loss 0.1626
INFO:__main__:Predicted mean: -0.4676
INFO:__main__:Predicted uncertainity -0.7136
INFO:__main__:Completed epoch 42 of 100

INFO:__main__:NLL: 0.1900, L2: 0.0507, Reg: 0.0057
INFO:__main__:Total loss 0.2464
INFO:__main__:Predicted mean: -0.4140
INFO:__main__:Predicted uncertainity -0.6755
INFO:__main__:Completed epoch 43 of 100

INFO:__main__:NLL: 0.2481, L2: 0.0580, Reg: 0.0057
INFO:__main__:Total loss 0.3118
INFO:__main__:Predicted mean: -0.5062
INFO:__main__:Predicted uncertainity -0.7298
INFO:__main__:Completed epoch 44 of 100

INFO:__main__:NLL: 0.2624, L2: 0.0459, Reg: 0.0057
INFO:__main__:Total loss 0.3139
INFO:__main__:Predicted mean: -0.4832
INFO:__main__:Predicted uncertainity -0.7046
INFO:__main__:Completed epoch 45 of 100

INFO:__main__:NLL: 0.1507, L2: 0.0501, Reg: 0.0057
INFO:__main__:Total loss 0.2064
INFO:__main__:Predicted mean: -0.4278
INFO:__main__:Predicted uncertainity -0.6698
INFO:__main__:Completed epoch 46 of 100

INFO:__main__:NLL: 0.1295, L2: 0.0569, Reg: 0.0057
INFO:__main__:Total loss 0.1920
INFO:__main__:Predicted mean: -0.4997
INFO:__main__:Predicted uncertainity -0.8388
INFO:__main__:Completed epoch 47 of 100

INFO:__main__:NLL: 0.1145, L2: 0.0569, Reg: 0.0057
INFO:__main__:Total loss 0.1771
INFO:__main__:Predicted mean: -0.4439
INFO:__main__:Predicted uncertainity -0.7289
INFO:__main__:Completed epoch 48 of 100

INFO:__main__:NLL: 0.0482, L2: 0.0517, Reg: 0.0057
INFO:__main__:Total loss 0.1055
INFO:__main__:Predicted mean: -0.4903
INFO:__main__:Predicted uncertainity -0.7101
INFO:__main__:Completed epoch 49 of 100

INFO:__main__:NLL: 0.1345, L2: 0.0527, Reg: 0.0057
INFO:__main__:Total loss 0.1928
INFO:__main__:Predicted mean: -0.3918
INFO:__main__:Predicted uncertainity -0.7238
INFO:__main__:Completed epoch 50 of 100

INFO:__main__:NLL: 0.4847, L2: 0.0515, Reg: 0.0057
INFO:__main__:Total loss 0.5418
INFO:__main__:Predicted mean: -0.4881
INFO:__main__:Predicted uncertainity -0.6496
INFO:__main__:Completed epoch 51 of 100

INFO:__main__:NLL: 0.0756, L2: 0.0546, Reg: 0.0057
INFO:__main__:Total loss 0.1359
INFO:__main__:Predicted mean: -0.4260
INFO:__main__:Predicted uncertainity -0.6064
INFO:__main__:Completed epoch 52 of 100

INFO:__main__:NLL: 0.1116, L2: 0.0488, Reg: 0.0057
INFO:__main__:Total loss 0.1660
INFO:__main__:Predicted mean: -0.4141
INFO:__main__:Predicted uncertainity -0.6608
INFO:__main__:Completed epoch 53 of 100

INFO:__main__:NLL: 0.2829, L2: 0.0434, Reg: 0.0057
INFO:__main__:Total loss 0.3320
INFO:__main__:Predicted mean: -0.3923
INFO:__main__:Predicted uncertainity -0.5221
INFO:__main__:Completed epoch 54 of 100

INFO:__main__:NLL: 0.1936, L2: 0.0459, Reg: 0.0057
INFO:__main__:Total loss 0.2451
INFO:__main__:Predicted mean: -0.3689
INFO:__main__:Predicted uncertainity -0.6058
INFO:__main__:Completed epoch 55 of 100

INFO:__main__:NLL: 0.2720, L2: 0.0457, Reg: 0.0057
INFO:__main__:Total loss 0.3234
INFO:__main__:Predicted mean: -0.4545
INFO:__main__:Predicted uncertainity -0.6598
INFO:__main__:Completed epoch 56 of 100

INFO:__main__:NLL: 0.1519, L2: 0.0413, Reg: 0.0057
INFO:__main__:Total loss 0.1989
INFO:__main__:Predicted mean: -0.3886
INFO:__main__:Predicted uncertainity -0.6187
INFO:__main__:Completed epoch 57 of 100

INFO:__main__:NLL: 0.0879, L2: 0.0532, Reg: 0.0057
INFO:__main__:Total loss 0.1468
INFO:__main__:Predicted mean: -0.4558
INFO:__main__:Predicted uncertainity -0.7248
INFO:__main__:Completed epoch 58 of 100

INFO:__main__:NLL: 0.0857, L2: 0.0497, Reg: 0.0057
INFO:__main__:Total loss 0.1410
INFO:__main__:Predicted mean: -0.4422
INFO:__main__:Predicted uncertainity -0.7135
INFO:__main__:Completed epoch 59 of 100

INFO:__main__:NLL: 0.2074, L2: 0.0494, Reg: 0.0057
INFO:__main__:Total loss 0.2625
INFO:__main__:Predicted mean: -0.4648
INFO:__main__:Predicted uncertainity -0.6659
INFO:__main__:Completed epoch 60 of 100

INFO:__main__:NLL: 0.2316, L2: 0.0461, Reg: 0.0057
INFO:__main__:Total loss 0.2834
INFO:__main__:Predicted mean: -0.3715
INFO:__main__:Predicted uncertainity -0.6422
INFO:__main__:Completed epoch 61 of 100

INFO:__main__:NLL: 0.2024, L2: 0.0481, Reg: 0.0057
INFO:__main__:Total loss 0.2561
INFO:__main__:Predicted mean: -0.4391
INFO:__main__:Predicted uncertainity -0.7190
INFO:__main__:Completed epoch 62 of 100

INFO:__main__:NLL: 0.1214, L2: 0.0572, Reg: 0.0057
INFO:__main__:Total loss 0.1843
INFO:__main__:Predicted mean: -0.4998
INFO:__main__:Predicted uncertainity -0.6852
INFO:__main__:Completed epoch 63 of 100

INFO:__main__:NLL: 0.0765, L2: 0.0522, Reg: 0.0057
INFO:__main__:Total loss 0.1344
INFO:__main__:Predicted mean: -0.4773
INFO:__main__:Predicted uncertainity -0.6762
INFO:__main__:Completed epoch 64 of 100

INFO:__main__:NLL: 0.1557, L2: 0.0455, Reg: 0.0057
INFO:__main__:Total loss 0.2068
INFO:__main__:Predicted mean: -0.4022
INFO:__main__:Predicted uncertainity -0.5999
INFO:__main__:Completed epoch 65 of 100

INFO:__main__:NLL: 0.1739, L2: 0.0457, Reg: 0.0057
INFO:__main__:Total loss 0.2252
INFO:__main__:Predicted mean: -0.4451
INFO:__main__:Predicted uncertainity -0.6049
INFO:__main__:Completed epoch 66 of 100

INFO:__main__:NLL: 0.1442, L2: 0.0474, Reg: 0.0057
INFO:__main__:Total loss 0.1973
INFO:__main__:Predicted mean: -0.4420
INFO:__main__:Predicted uncertainity -0.6701
INFO:__main__:Completed epoch 67 of 100

INFO:__main__:NLL: 0.1045, L2: 0.0526, Reg: 0.0057
INFO:__main__:Total loss 0.1628
INFO:__main__:Predicted mean: -0.4460
INFO:__main__:Predicted uncertainity -0.8112
INFO:__main__:Completed epoch 68 of 100

INFO:__main__:NLL: 0.1029, L2: 0.0565, Reg: 0.0057
INFO:__main__:Total loss 0.1651
INFO:__main__:Predicted mean: -0.5001
INFO:__main__:Predicted uncertainity -0.7550
INFO:__main__:Completed epoch 69 of 100

INFO:__main__:NLL: 0.3716, L2: 0.0566, Reg: 0.0057
INFO:__main__:Total loss 0.4339
INFO:__main__:Predicted mean: -0.4921
INFO:__main__:Predicted uncertainity -0.6971
INFO:__main__:Completed epoch 70 of 100

INFO:__main__:NLL: 0.0961, L2: 0.0498, Reg: 0.0057
INFO:__main__:Total loss 0.1516
INFO:__main__:Predicted mean: -0.4920
INFO:__main__:Predicted uncertainity -0.5978
INFO:__main__:Completed epoch 71 of 100

INFO:__main__:NLL: 0.2583, L2: 0.0529, Reg: 0.0057
INFO:__main__:Total loss 0.3169
INFO:__main__:Predicted mean: -0.4628
INFO:__main__:Predicted uncertainity -0.8225
INFO:__main__:Completed epoch 72 of 100

INFO:__main__:NLL: 0.2182, L2: 0.0506, Reg: 0.0057
INFO:__main__:Total loss 0.2745
INFO:__main__:Predicted mean: -0.4893
INFO:__main__:Predicted uncertainity -0.7698
INFO:__main__:Completed epoch 73 of 100

INFO:__main__:NLL: 0.1672, L2: 0.0565, Reg: 0.0057
INFO:__main__:Total loss 0.2294
INFO:__main__:Predicted mean: -0.4681
INFO:__main__:Predicted uncertainity -0.6562
INFO:__main__:Completed epoch 74 of 100

INFO:__main__:NLL: 0.1113, L2: 0.0533, Reg: 0.0057
INFO:__main__:Total loss 0.1702
INFO:__main__:Predicted mean: -0.4726
INFO:__main__:Predicted uncertainity -0.7262
INFO:__main__:Completed epoch 75 of 100

INFO:__main__:NLL: 0.3095, L2: 0.0520, Reg: 0.0057
INFO:__main__:Total loss 0.3672
INFO:__main__:Predicted mean: -0.4660
INFO:__main__:Predicted uncertainity -0.7542
INFO:__main__:Completed epoch 76 of 100

INFO:__main__:NLL: 0.1897, L2: 0.0473, Reg: 0.0057
INFO:__main__:Total loss 0.2427
INFO:__main__:Predicted mean: -0.4953
INFO:__main__:Predicted uncertainity -0.6586
INFO:__main__:Completed epoch 77 of 100

INFO:__main__:NLL: 0.2269, L2: 0.0497, Reg: 0.0057
INFO:__main__:Total loss 0.2822
INFO:__main__:Predicted mean: -0.4327
INFO:__main__:Predicted uncertainity -0.6128
INFO:__main__:Completed epoch 78 of 100

INFO:__main__:NLL: 0.1277, L2: 0.0460, Reg: 0.0057
INFO:__main__:Total loss 0.1794
INFO:__main__:Predicted mean: -0.3589
INFO:__main__:Predicted uncertainity -0.6886
INFO:__main__:Completed epoch 79 of 100

INFO:__main__:NLL: 0.1465, L2: 0.0519, Reg: 0.0057
INFO:__main__:Total loss 0.2041
INFO:__main__:Predicted mean: -0.4584
INFO:__main__:Predicted uncertainity -0.7171
INFO:__main__:Completed epoch 80 of 100

INFO:__main__:NLL: 0.2487, L2: 0.0487, Reg: 0.0057
INFO:__main__:Total loss 0.3030
INFO:__main__:Predicted mean: -0.4234
INFO:__main__:Predicted uncertainity -0.5676
INFO:__main__:Completed epoch 81 of 100

INFO:__main__:NLL: 0.1545, L2: 0.0430, Reg: 0.0057
INFO:__main__:Total loss 0.2032
INFO:__main__:Predicted mean: -0.4338
INFO:__main__:Predicted uncertainity -0.6469
INFO:__main__:Completed epoch 82 of 100

INFO:__main__:NLL: 0.0686, L2: 0.0527, Reg: 0.0057
INFO:__main__:Total loss 0.1269
INFO:__main__:Predicted mean: -0.4891
INFO:__main__:Predicted uncertainity -0.8191
INFO:__main__:Completed epoch 83 of 100

INFO:__main__:NLL: 0.2822, L2: 0.0481, Reg: 0.0057
INFO:__main__:Total loss 0.3360
INFO:__main__:Predicted mean: -0.4355
INFO:__main__:Predicted uncertainity -0.7168
INFO:__main__:Completed epoch 84 of 100

INFO:__main__:NLL: 0.1634, L2: 0.0513, Reg: 0.0057
INFO:__main__:Total loss 0.2204
INFO:__main__:Predicted mean: -0.4614
INFO:__main__:Predicted uncertainity -0.7130
INFO:__main__:Completed epoch 85 of 100

INFO:__main__:NLL: 0.1039, L2: 0.0575, Reg: 0.0057
INFO:__main__:Total loss 0.1671
INFO:__main__:Predicted mean: -0.4677
INFO:__main__:Predicted uncertainity -0.7527
INFO:__main__:Completed epoch 86 of 100

INFO:__main__:NLL: 0.1953, L2: 0.0455, Reg: 0.0057
INFO:__main__:Total loss 0.2465
INFO:__main__:Predicted mean: -0.4345
INFO:__main__:Predicted uncertainity -0.5761
INFO:__main__:Completed epoch 87 of 100

INFO:__main__:NLL: 0.1959, L2: 0.0404, Reg: 0.0057
INFO:__main__:Total loss 0.2419
INFO:__main__:Predicted mean: -0.4405
INFO:__main__:Predicted uncertainity -0.5248
INFO:__main__:Completed epoch 88 of 100

INFO:__main__:NLL: 0.1500, L2: 0.0525, Reg: 0.0057
INFO:__main__:Total loss 0.2082
INFO:__main__:Predicted mean: -0.4178
INFO:__main__:Predicted uncertainity -0.7433
INFO:__main__:Completed epoch 89 of 100

INFO:__main__:NLL: 0.2275, L2: 0.0583, Reg: 0.0057
INFO:__main__:Total loss 0.2915
INFO:__main__:Predicted mean: -0.4933
INFO:__main__:Predicted uncertainity -0.7201
INFO:__main__:Completed epoch 90 of 100

INFO:__main__:NLL: 0.0441, L2: 0.0579, Reg: 0.0057
INFO:__main__:Total loss 0.1076
INFO:__main__:Predicted mean: -0.4915
INFO:__main__:Predicted uncertainity -0.7958
INFO:__main__:Completed epoch 91 of 100

INFO:__main__:NLL: 0.3595, L2: 0.0585, Reg: 0.0057
INFO:__main__:Total loss 0.4236
INFO:__main__:Predicted mean: -0.4561
INFO:__main__:Predicted uncertainity -0.8110
INFO:__main__:Completed epoch 92 of 100

INFO:__main__:NLL: 0.1177, L2: 0.0510, Reg: 0.0057
INFO:__main__:Total loss 0.1744
INFO:__main__:Predicted mean: -0.4120
INFO:__main__:Predicted uncertainity -0.6944
INFO:__main__:Completed epoch 93 of 100

INFO:__main__:NLL: 0.1691, L2: 0.0479, Reg: 0.0057
INFO:__main__:Total loss 0.2227
INFO:__main__:Predicted mean: -0.4068
INFO:__main__:Predicted uncertainity -0.6891
INFO:__main__:Completed epoch 94 of 100

INFO:__main__:NLL: 0.2012, L2: 0.0426, Reg: 0.0057
INFO:__main__:Total loss 0.2494
INFO:__main__:Predicted mean: -0.4091
INFO:__main__:Predicted uncertainity -0.6718
INFO:__main__:Completed epoch 95 of 100

INFO:__main__:NLL: 0.1763, L2: 0.0583, Reg: 0.0057
INFO:__main__:Total loss 0.2403
INFO:__main__:Predicted mean: -0.5181
INFO:__main__:Predicted uncertainity -0.6789
INFO:__main__:Completed epoch 96 of 100

INFO:__main__:NLL: 0.1907, L2: 0.0448, Reg: 0.0057
INFO:__main__:Total loss 0.2412
INFO:__main__:Predicted mean: -0.4482
INFO:__main__:Predicted uncertainity -0.7065
INFO:__main__:Completed epoch 97 of 100

INFO:__main__:NLL: 0.1938, L2: 0.0563, Reg: 0.0057
INFO:__main__:Total loss 0.2557
INFO:__main__:Predicted mean: -0.4369
INFO:__main__:Predicted uncertainity -0.6963
INFO:__main__:Completed epoch 98 of 100

INFO:__main__:NLL: 0.4374, L2: 0.0590, Reg: 0.0057
INFO:__main__:Total loss 0.5021
INFO:__main__:Predicted mean: -0.4510
INFO:__main__:Predicted uncertainity -0.7157
INFO:__main__:Completed epoch 99 of 100

INFO:__main__:NLL: 0.4082, L2: 0.0562, Reg: 0.0057
INFO:__main__:Total loss 0.4701
INFO:__main__:Predicted mean: -0.5092
INFO:__main__:Predicted uncertainity -0.7823
INFO:__main__:Completed epoch 100 of 100

INFO:__main__:423.464054 s
