INFO:__main__:PROCESS RUNNING ON cpu
INFO:__main__:NLL: 0.4630, L2: 0.0047, Reg: -0.2113
INFO:__main__:Total loss 0.2564
INFO:__main__:Predicted mean: -0.3662
INFO:__main__:Predicted uncertainity 0.5797
INFO:__main__:Completed epoch 1 of 100

INFO:__main__:NLL: 0.4656, L2: 0.0048, Reg: -0.2187
INFO:__main__:Total loss 0.2517
INFO:__main__:Predicted mean: -0.3686
INFO:__main__:Predicted uncertainity 0.5869
INFO:__main__:Completed epoch 2 of 100

INFO:__main__:NLL: 0.4672, L2: 0.0049, Reg: -0.2189
INFO:__main__:Total loss 0.2531
INFO:__main__:Predicted mean: -0.3666
INFO:__main__:Predicted uncertainity 0.5924
INFO:__main__:Completed epoch 3 of 100

INFO:__main__:NLL: 0.4661, L2: 0.0048, Reg: -0.2202
INFO:__main__:Total loss 0.2507
INFO:__main__:Predicted mean: -0.3629
INFO:__main__:Predicted uncertainity 0.5901
INFO:__main__:Completed epoch 4 of 100

INFO:__main__:NLL: 0.4662, L2: 0.0048, Reg: -0.2123
INFO:__main__:Total loss 0.2586
INFO:__main__:Predicted mean: -0.3592
INFO:__main__:Predicted uncertainity 0.5914
INFO:__main__:Completed epoch 5 of 100

INFO:__main__:NLL: 0.4662, L2: 0.0048, Reg: -0.2178
INFO:__main__:Total loss 0.2532
INFO:__main__:Predicted mean: -0.3581
INFO:__main__:Predicted uncertainity 0.5918
INFO:__main__:Completed epoch 6 of 100

INFO:__main__:NLL: 0.4677, L2: 0.0048, Reg: -0.2127
INFO:__main__:Total loss 0.2598
INFO:__main__:Predicted mean: -0.3569
INFO:__main__:Predicted uncertainity 0.5967
INFO:__main__:Completed epoch 7 of 100

INFO:__main__:NLL: 0.4638, L2: 0.0047, Reg: -0.2160
INFO:__main__:Total loss 0.2524
INFO:__main__:Predicted mean: -0.3577
INFO:__main__:Predicted uncertainity 0.5846
INFO:__main__:Completed epoch 8 of 100

INFO:__main__:NLL: 0.4681, L2: 0.0048, Reg: -0.2150
INFO:__main__:Total loss 0.2579
INFO:__main__:Predicted mean: -0.3571
INFO:__main__:Predicted uncertainity 0.5978
INFO:__main__:Completed epoch 9 of 100

INFO:__main__:NLL: 0.4655, L2: 0.0049, Reg: -0.2140
INFO:__main__:Total loss 0.2564
INFO:__main__:Predicted mean: -0.3642
INFO:__main__:Predicted uncertainity 0.5881
INFO:__main__:Completed epoch 10 of 100

INFO:__main__:NLL: 0.4657, L2: 0.0048, Reg: -0.2196
INFO:__main__:Total loss 0.2510
INFO:__main__:Predicted mean: -0.3591
INFO:__main__:Predicted uncertainity 0.5902
INFO:__main__:Completed epoch 11 of 100

INFO:__main__:NLL: 0.4688, L2: 0.0050, Reg: -0.2190
INFO:__main__:Total loss 0.2548
INFO:__main__:Predicted mean: -0.3607
INFO:__main__:Predicted uncertainity 0.5994
INFO:__main__:Completed epoch 12 of 100

INFO:__main__:NLL: 0.4685, L2: 0.0051, Reg: -0.2178
INFO:__main__:Total loss 0.2558
INFO:__main__:Predicted mean: -0.3671
INFO:__main__:Predicted uncertainity 0.5959
INFO:__main__:Completed epoch 13 of 100

INFO:__main__:NLL: 0.4673, L2: 0.0050, Reg: -0.2182
INFO:__main__:Total loss 0.2541
INFO:__main__:Predicted mean: -0.3673
INFO:__main__:Predicted uncertainity 0.5928
INFO:__main__:Completed epoch 14 of 100

INFO:__main__:NLL: 0.4612, L2: 0.0048, Reg: -0.2115
INFO:__main__:Total loss 0.2545
INFO:__main__:Predicted mean: -0.3618
INFO:__main__:Predicted uncertainity 0.5759
INFO:__main__:Completed epoch 15 of 100

INFO:__main__:NLL: 0.4650, L2: 0.0049, Reg: -0.2116
INFO:__main__:Total loss 0.2584
INFO:__main__:Predicted mean: -0.3604
INFO:__main__:Predicted uncertainity 0.5877
INFO:__main__:Completed epoch 16 of 100

INFO:__main__:NLL: 0.4686, L2: 0.0051, Reg: -0.2235
INFO:__main__:Total loss 0.2502
INFO:__main__:Predicted mean: -0.3664
INFO:__main__:Predicted uncertainity 0.5976
INFO:__main__:Completed epoch 17 of 100

INFO:__main__:NLL: 0.4651, L2: 0.0049, Reg: -0.2196
INFO:__main__:Total loss 0.2503
INFO:__main__:Predicted mean: -0.3675
INFO:__main__:Predicted uncertainity 0.5864
INFO:__main__:Completed epoch 18 of 100

INFO:__main__:NLL: 0.4643, L2: 0.0048, Reg: -0.2132
INFO:__main__:Total loss 0.2558
INFO:__main__:Predicted mean: -0.3631
INFO:__main__:Predicted uncertainity 0.5846
INFO:__main__:Completed epoch 19 of 100

INFO:__main__:NLL: 0.4676, L2: 0.0051, Reg: -0.2192
INFO:__main__:Total loss 0.2536
INFO:__main__:Predicted mean: -0.3681
INFO:__main__:Predicted uncertainity 0.5940
INFO:__main__:Completed epoch 20 of 100

INFO:__main__:NLL: 0.4647, L2: 0.0049, Reg: -0.2147
INFO:__main__:Total loss 0.2549
INFO:__main__:Predicted mean: -0.3633
INFO:__main__:Predicted uncertainity 0.5858
INFO:__main__:Completed epoch 21 of 100

INFO:__main__:NLL: 0.4689, L2: 0.0051, Reg: -0.2202
INFO:__main__:Total loss 0.2538
INFO:__main__:Predicted mean: -0.3636
INFO:__main__:Predicted uncertainity 0.5980
INFO:__main__:Completed epoch 22 of 100

INFO:__main__:NLL: 0.4695, L2: 0.0051, Reg: -0.2167
INFO:__main__:Total loss 0.2579
INFO:__main__:Predicted mean: -0.3618
INFO:__main__:Predicted uncertainity 0.6004
INFO:__main__:Completed epoch 23 of 100

INFO:__main__:NLL: 0.4685, L2: 0.0050, Reg: -0.2199
INFO:__main__:Total loss 0.2536
INFO:__main__:Predicted mean: -0.3654
INFO:__main__:Predicted uncertainity 0.5972
INFO:__main__:Completed epoch 24 of 100

INFO:__main__:NLL: 0.4662, L2: 0.0051, Reg: -0.2183
INFO:__main__:Total loss 0.2529
INFO:__main__:Predicted mean: -0.3634
INFO:__main__:Predicted uncertainity 0.5896
INFO:__main__:Completed epoch 25 of 100

INFO:__main__:NLL: 0.4666, L2: 0.0049, Reg: -0.2168
INFO:__main__:Total loss 0.2546
INFO:__main__:Predicted mean: -0.3603
INFO:__main__:Predicted uncertainity 0.5928
INFO:__main__:Completed epoch 26 of 100

INFO:__main__:NLL: 0.4650, L2: 0.0050, Reg: -0.2171
INFO:__main__:Total loss 0.2529
INFO:__main__:Predicted mean: -0.3661
INFO:__main__:Predicted uncertainity 0.5859
INFO:__main__:Completed epoch 27 of 100

INFO:__main__:NLL: 0.4695, L2: 0.0051, Reg: -0.2202
INFO:__main__:Total loss 0.2544
INFO:__main__:Predicted mean: -0.3680
INFO:__main__:Predicted uncertainity 0.5989
INFO:__main__:Completed epoch 28 of 100

INFO:__main__:NLL: 0.4675, L2: 0.0050, Reg: -0.2178
INFO:__main__:Total loss 0.2546
INFO:__main__:Predicted mean: -0.3603
INFO:__main__:Predicted uncertainity 0.5952
INFO:__main__:Completed epoch 29 of 100

INFO:__main__:NLL: 0.4685, L2: 0.0051, Reg: -0.2198
INFO:__main__:Total loss 0.2538
INFO:__main__:Predicted mean: -0.3650
INFO:__main__:Predicted uncertainity 0.5969
INFO:__main__:Completed epoch 30 of 100

INFO:__main__:NLL: 0.4659, L2: 0.0049, Reg: -0.2161
INFO:__main__:Total loss 0.2548
INFO:__main__:Predicted mean: -0.3615
INFO:__main__:Predicted uncertainity 0.5896
INFO:__main__:Completed epoch 31 of 100

INFO:__main__:NLL: 0.4666, L2: 0.0050, Reg: -0.2170
INFO:__main__:Total loss 0.2545
INFO:__main__:Predicted mean: -0.3657
INFO:__main__:Predicted uncertainity 0.5894
INFO:__main__:Completed epoch 32 of 100

INFO:__main__:NLL: 0.4674, L2: 0.0050, Reg: -0.2171
INFO:__main__:Total loss 0.2553
INFO:__main__:Predicted mean: -0.3640
INFO:__main__:Predicted uncertainity 0.5931
INFO:__main__:Completed epoch 33 of 100

INFO:__main__:NLL: 0.4637, L2: 0.0048, Reg: -0.2116
INFO:__main__:Total loss 0.2569
INFO:__main__:Predicted mean: -0.3633
INFO:__main__:Predicted uncertainity 0.5820
INFO:__main__:Completed epoch 34 of 100

INFO:__main__:NLL: 0.4668, L2: 0.0049, Reg: -0.2181
INFO:__main__:Total loss 0.2536
INFO:__main__:Predicted mean: -0.3605
INFO:__main__:Predicted uncertainity 0.5932
INFO:__main__:Completed epoch 35 of 100

INFO:__main__:NLL: 0.4660, L2: 0.0049, Reg: -0.2149
INFO:__main__:Total loss 0.2560
INFO:__main__:Predicted mean: -0.3689
INFO:__main__:Predicted uncertainity 0.5875
INFO:__main__:Completed epoch 36 of 100

INFO:__main__:NLL: 0.4682, L2: 0.0051, Reg: -0.2206
INFO:__main__:Total loss 0.2526
INFO:__main__:Predicted mean: -0.3666
INFO:__main__:Predicted uncertainity 0.5969
INFO:__main__:Completed epoch 37 of 100

INFO:__main__:NLL: 0.4680, L2: 0.0050, Reg: -0.2207
INFO:__main__:Total loss 0.2523
INFO:__main__:Predicted mean: -0.3670
INFO:__main__:Predicted uncertainity 0.5948
INFO:__main__:Completed epoch 38 of 100

INFO:__main__:NLL: 0.4671, L2: 0.0050, Reg: -0.2204
INFO:__main__:Total loss 0.2517
INFO:__main__:Predicted mean: -0.3625
INFO:__main__:Predicted uncertainity 0.5933
INFO:__main__:Completed epoch 39 of 100

INFO:__main__:NLL: 0.4676, L2: 0.0050, Reg: -0.2184
INFO:__main__:Total loss 0.2542
INFO:__main__:Predicted mean: -0.3678
INFO:__main__:Predicted uncertainity 0.5935
INFO:__main__:Completed epoch 40 of 100

INFO:__main__:NLL: 0.4646, L2: 0.0049, Reg: -0.2156
INFO:__main__:Total loss 0.2539
INFO:__main__:Predicted mean: -0.3628
INFO:__main__:Predicted uncertainity 0.5857
INFO:__main__:Completed epoch 41 of 100

INFO:__main__:NLL: 0.4652, L2: 0.0049, Reg: -0.2148
INFO:__main__:Total loss 0.2553
INFO:__main__:Predicted mean: -0.3623
INFO:__main__:Predicted uncertainity 0.5877
INFO:__main__:Completed epoch 42 of 100

INFO:__main__:NLL: 0.4642, L2: 0.0048, Reg: -0.2173
INFO:__main__:Total loss 0.2516
INFO:__main__:Predicted mean: -0.3593
INFO:__main__:Predicted uncertainity 0.5853
INFO:__main__:Completed epoch 43 of 100

INFO:__main__:NLL: 0.4672, L2: 0.0051, Reg: -0.2168
INFO:__main__:Total loss 0.2555
INFO:__main__:Predicted mean: -0.3666
INFO:__main__:Predicted uncertainity 0.5919
INFO:__main__:Completed epoch 44 of 100

INFO:__main__:NLL: 0.4649, L2: 0.0050, Reg: -0.2126
INFO:__main__:Total loss 0.2572
INFO:__main__:Predicted mean: -0.3668
INFO:__main__:Predicted uncertainity 0.5851
INFO:__main__:Completed epoch 45 of 100

INFO:__main__:NLL: 0.4661, L2: 0.0049, Reg: -0.2195
INFO:__main__:Total loss 0.2515
INFO:__main__:Predicted mean: -0.3595
INFO:__main__:Predicted uncertainity 0.5910
INFO:__main__:Completed epoch 46 of 100

INFO:__main__:NLL: 0.4693, L2: 0.0051, Reg: -0.2196
INFO:__main__:Total loss 0.2548
INFO:__main__:Predicted mean: -0.3629
INFO:__main__:Predicted uncertainity 0.5986
INFO:__main__:Completed epoch 47 of 100

INFO:__main__:NLL: 0.4648, L2: 0.0051, Reg: -0.2162
INFO:__main__:Total loss 0.2537
INFO:__main__:Predicted mean: -0.3691
INFO:__main__:Predicted uncertainity 0.5841
INFO:__main__:Completed epoch 48 of 100

INFO:__main__:NLL: 0.4673, L2: 0.0050, Reg: -0.2174
INFO:__main__:Total loss 0.2549
INFO:__main__:Predicted mean: -0.3638
INFO:__main__:Predicted uncertainity 0.5934
INFO:__main__:Completed epoch 49 of 100

INFO:__main__:NLL: 0.4688, L2: 0.0051, Reg: -0.2191
INFO:__main__:Total loss 0.2548
INFO:__main__:Predicted mean: -0.3684
INFO:__main__:Predicted uncertainity 0.5963
INFO:__main__:Completed epoch 50 of 100

INFO:__main__:NLL: 0.4623, L2: 0.0048, Reg: -0.2092
INFO:__main__:Total loss 0.2579
INFO:__main__:Predicted mean: -0.3649
INFO:__main__:Predicted uncertainity 0.5779
INFO:__main__:Completed epoch 51 of 100

INFO:__main__:NLL: 0.4688, L2: 0.0050, Reg: -0.2211
INFO:__main__:Total loss 0.2527
INFO:__main__:Predicted mean: -0.3590
INFO:__main__:Predicted uncertainity 0.5994
INFO:__main__:Completed epoch 52 of 100

INFO:__main__:NLL: 0.4657, L2: 0.0049, Reg: -0.2188
INFO:__main__:Total loss 0.2518
INFO:__main__:Predicted mean: -0.3661
INFO:__main__:Predicted uncertainity 0.5877
INFO:__main__:Completed epoch 53 of 100

INFO:__main__:NLL: 0.4652, L2: 0.0049, Reg: -0.2160
INFO:__main__:Total loss 0.2541
INFO:__main__:Predicted mean: -0.3635
INFO:__main__:Predicted uncertainity 0.5871
INFO:__main__:Completed epoch 54 of 100

INFO:__main__:NLL: 0.4655, L2: 0.0048, Reg: -0.2173
INFO:__main__:Total loss 0.2530
INFO:__main__:Predicted mean: -0.3592
INFO:__main__:Predicted uncertainity 0.5893
INFO:__main__:Completed epoch 55 of 100

INFO:__main__:NLL: 0.4689, L2: 0.0053, Reg: -0.2173
INFO:__main__:Total loss 0.2569
INFO:__main__:Predicted mean: -0.3658
INFO:__main__:Predicted uncertainity 0.5961
INFO:__main__:Completed epoch 56 of 100

INFO:__main__:NLL: 0.4672, L2: 0.0053, Reg: -0.2176
INFO:__main__:Total loss 0.2549
INFO:__main__:Predicted mean: -0.3697
INFO:__main__:Predicted uncertainity 0.5917
INFO:__main__:Completed epoch 57 of 100

INFO:__main__:NLL: 0.4640, L2: 0.0048, Reg: -0.2134
INFO:__main__:Total loss 0.2553
INFO:__main__:Predicted mean: -0.3633
INFO:__main__:Predicted uncertainity 0.5829
INFO:__main__:Completed epoch 58 of 100

INFO:__main__:NLL: 0.4686, L2: 0.0050, Reg: -0.2162
INFO:__main__:Total loss 0.2574
INFO:__main__:Predicted mean: -0.3600
INFO:__main__:Predicted uncertainity 0.5982
INFO:__main__:Completed epoch 59 of 100

INFO:__main__:NLL: 0.4648, L2: 0.0049, Reg: -0.2170
INFO:__main__:Total loss 0.2526
INFO:__main__:Predicted mean: -0.3611
INFO:__main__:Predicted uncertainity 0.5865
INFO:__main__:Completed epoch 60 of 100

INFO:__main__:NLL: 0.4681, L2: 0.0051, Reg: -0.2170
INFO:__main__:Total loss 0.2562
INFO:__main__:Predicted mean: -0.3699
INFO:__main__:Predicted uncertainity 0.5944
INFO:__main__:Completed epoch 61 of 100

INFO:__main__:NLL: 0.4648, L2: 0.0049, Reg: -0.2138
INFO:__main__:Total loss 0.2559
INFO:__main__:Predicted mean: -0.3627
INFO:__main__:Predicted uncertainity 0.5858
INFO:__main__:Completed epoch 62 of 100

INFO:__main__:NLL: 0.4647, L2: 0.0049, Reg: -0.2179
INFO:__main__:Total loss 0.2516
INFO:__main__:Predicted mean: -0.3635
INFO:__main__:Predicted uncertainity 0.5856
INFO:__main__:Completed epoch 63 of 100

INFO:__main__:NLL: 0.4652, L2: 0.0049, Reg: -0.2159
INFO:__main__:Total loss 0.2542
INFO:__main__:Predicted mean: -0.3640
INFO:__main__:Predicted uncertainity 0.5865
INFO:__main__:Completed epoch 64 of 100

INFO:__main__:NLL: 0.4634, L2: 0.0049, Reg: -0.2148
INFO:__main__:Total loss 0.2535
INFO:__main__:Predicted mean: -0.3674
INFO:__main__:Predicted uncertainity 0.5803
INFO:__main__:Completed epoch 65 of 100

INFO:__main__:NLL: 0.4669, L2: 0.0050, Reg: -0.2155
INFO:__main__:Total loss 0.2564
INFO:__main__:Predicted mean: -0.3668
INFO:__main__:Predicted uncertainity 0.5913
INFO:__main__:Completed epoch 66 of 100

INFO:__main__:NLL: 0.4675, L2: 0.0050, Reg: -0.2192
INFO:__main__:Total loss 0.2532
INFO:__main__:Predicted mean: -0.3652
INFO:__main__:Predicted uncertainity 0.5938
INFO:__main__:Completed epoch 67 of 100

INFO:__main__:NLL: 0.4663, L2: 0.0050, Reg: -0.2190
INFO:__main__:Total loss 0.2523
INFO:__main__:Predicted mean: -0.3633
INFO:__main__:Predicted uncertainity 0.5919
INFO:__main__:Completed epoch 68 of 100

INFO:__main__:NLL: 0.4666, L2: 0.0050, Reg: -0.2144
INFO:__main__:Total loss 0.2573
INFO:__main__:Predicted mean: -0.3639
INFO:__main__:Predicted uncertainity 0.5922
INFO:__main__:Completed epoch 69 of 100

INFO:__main__:NLL: 0.4666, L2: 0.0050, Reg: -0.2166
INFO:__main__:Total loss 0.2550
INFO:__main__:Predicted mean: -0.3636
INFO:__main__:Predicted uncertainity 0.5923
INFO:__main__:Completed epoch 70 of 100

INFO:__main__:NLL: 0.4640, L2: 0.0050, Reg: -0.2162
INFO:__main__:Total loss 0.2527
INFO:__main__:Predicted mean: -0.3644
INFO:__main__:Predicted uncertainity 0.5837
INFO:__main__:Completed epoch 71 of 100

INFO:__main__:NLL: 0.4682, L2: 0.0050, Reg: -0.2152
INFO:__main__:Total loss 0.2580
INFO:__main__:Predicted mean: -0.3695
INFO:__main__:Predicted uncertainity 0.5941
INFO:__main__:Completed epoch 72 of 100

INFO:__main__:NLL: 0.4676, L2: 0.0050, Reg: -0.2180
INFO:__main__:Total loss 0.2547
INFO:__main__:Predicted mean: -0.3627
INFO:__main__:Predicted uncertainity 0.5942
INFO:__main__:Completed epoch 73 of 100

INFO:__main__:NLL: 0.4681, L2: 0.0051, Reg: -0.2180
INFO:__main__:Total loss 0.2551
INFO:__main__:Predicted mean: -0.3660
INFO:__main__:Predicted uncertainity 0.5951
INFO:__main__:Completed epoch 74 of 100

INFO:__main__:NLL: 0.4700, L2: 0.0052, Reg: -0.2183
INFO:__main__:Total loss 0.2568
INFO:__main__:Predicted mean: -0.3689
INFO:__main__:Predicted uncertainity 0.5997
INFO:__main__:Completed epoch 75 of 100

INFO:__main__:NLL: 0.4629, L2: 0.0048, Reg: -0.2118
INFO:__main__:Total loss 0.2560
INFO:__main__:Predicted mean: -0.3654
INFO:__main__:Predicted uncertainity 0.5799
INFO:__main__:Completed epoch 76 of 100

INFO:__main__:NLL: 0.4674, L2: 0.0050, Reg: -0.2141
INFO:__main__:Total loss 0.2582
INFO:__main__:Predicted mean: -0.3645
INFO:__main__:Predicted uncertainity 0.5936
INFO:__main__:Completed epoch 77 of 100

INFO:__main__:NLL: 0.4678, L2: 0.0051, Reg: -0.2177
INFO:__main__:Total loss 0.2553
INFO:__main__:Predicted mean: -0.3652
INFO:__main__:Predicted uncertainity 0.5948
INFO:__main__:Completed epoch 78 of 100

INFO:__main__:NLL: 0.4678, L2: 0.0050, Reg: -0.2220
INFO:__main__:Total loss 0.2508
INFO:__main__:Predicted mean: -0.3627
INFO:__main__:Predicted uncertainity 0.5945
INFO:__main__:Completed epoch 79 of 100

INFO:__main__:NLL: 0.4617, L2: 0.0050, Reg: -0.2073
INFO:__main__:Total loss 0.2593
INFO:__main__:Predicted mean: -0.3674
INFO:__main__:Predicted uncertainity 0.5746
INFO:__main__:Completed epoch 80 of 100

INFO:__main__:NLL: 0.4628, L2: 0.0049, Reg: -0.2137
INFO:__main__:Total loss 0.2539
INFO:__main__:Predicted mean: -0.3633
INFO:__main__:Predicted uncertainity 0.5798
INFO:__main__:Completed epoch 81 of 100

INFO:__main__:NLL: 0.4697, L2: 0.0051, Reg: -0.2212
INFO:__main__:Total loss 0.2535
INFO:__main__:Predicted mean: -0.3627
INFO:__main__:Predicted uncertainity 0.6010
INFO:__main__:Completed epoch 82 of 100

INFO:__main__:NLL: 0.4668, L2: 0.0050, Reg: -0.2161
INFO:__main__:Total loss 0.2557
INFO:__main__:Predicted mean: -0.3715
INFO:__main__:Predicted uncertainity 0.5881
INFO:__main__:Completed epoch 83 of 100

INFO:__main__:NLL: 0.4659, L2: 0.0049, Reg: -0.2128
INFO:__main__:Total loss 0.2579
INFO:__main__:Predicted mean: -0.3600
INFO:__main__:Predicted uncertainity 0.5905
INFO:__main__:Completed epoch 84 of 100

INFO:__main__:NLL: 0.4664, L2: 0.0049, Reg: -0.2151
INFO:__main__:Total loss 0.2562
INFO:__main__:Predicted mean: -0.3614
INFO:__main__:Predicted uncertainity 0.5918
INFO:__main__:Completed epoch 85 of 100

INFO:__main__:NLL: 0.4659, L2: 0.0049, Reg: -0.2149
INFO:__main__:Total loss 0.2559
INFO:__main__:Predicted mean: -0.3635
INFO:__main__:Predicted uncertainity 0.5894
INFO:__main__:Completed epoch 86 of 100

INFO:__main__:NLL: 0.4649, L2: 0.0049, Reg: -0.2179
INFO:__main__:Total loss 0.2518
INFO:__main__:Predicted mean: -0.3646
INFO:__main__:Predicted uncertainity 0.5865
INFO:__main__:Completed epoch 87 of 100

INFO:__main__:NLL: 0.4643, L2: 0.0049, Reg: -0.2170
INFO:__main__:Total loss 0.2523
INFO:__main__:Predicted mean: -0.3664
INFO:__main__:Predicted uncertainity 0.5840
INFO:__main__:Completed epoch 88 of 100

INFO:__main__:NLL: 0.4662, L2: 0.0051, Reg: -0.2143
INFO:__main__:Total loss 0.2571
INFO:__main__:Predicted mean: -0.3634
INFO:__main__:Predicted uncertainity 0.5905
INFO:__main__:Completed epoch 89 of 100

INFO:__main__:NLL: 0.4689, L2: 0.0051, Reg: -0.2203
INFO:__main__:Total loss 0.2537
INFO:__main__:Predicted mean: -0.3652
INFO:__main__:Predicted uncertainity 0.5978
INFO:__main__:Completed epoch 90 of 100

INFO:__main__:NLL: 0.4631, L2: 0.0048, Reg: -0.2114
INFO:__main__:Total loss 0.2566
INFO:__main__:Predicted mean: -0.3629
INFO:__main__:Predicted uncertainity 0.5811
INFO:__main__:Completed epoch 91 of 100

INFO:__main__:NLL: 0.4644, L2: 0.0048, Reg: -0.2151
INFO:__main__:Total loss 0.2541
INFO:__main__:Predicted mean: -0.3586
INFO:__main__:Predicted uncertainity 0.5864
INFO:__main__:Completed epoch 92 of 100

INFO:__main__:NLL: 0.4658, L2: 0.0049, Reg: -0.2168
INFO:__main__:Total loss 0.2539
INFO:__main__:Predicted mean: -0.3618
INFO:__main__:Predicted uncertainity 0.5893
INFO:__main__:Completed epoch 93 of 100

INFO:__main__:NLL: 0.4622, L2: 0.0049, Reg: -0.2139
INFO:__main__:Total loss 0.2532
INFO:__main__:Predicted mean: -0.3677
INFO:__main__:Predicted uncertainity 0.5769
INFO:__main__:Completed epoch 94 of 100

INFO:__main__:NLL: 0.4655, L2: 0.0049, Reg: -0.2182
INFO:__main__:Total loss 0.2522
INFO:__main__:Predicted mean: -0.3596
INFO:__main__:Predicted uncertainity 0.5894
INFO:__main__:Completed epoch 95 of 100

INFO:__main__:NLL: 0.4651, L2: 0.0049, Reg: -0.2159
INFO:__main__:Total loss 0.2542
INFO:__main__:Predicted mean: -0.3630
INFO:__main__:Predicted uncertainity 0.5871
INFO:__main__:Completed epoch 96 of 100

INFO:__main__:NLL: 0.4649, L2: 0.0049, Reg: -0.2165
INFO:__main__:Total loss 0.2533
INFO:__main__:Predicted mean: -0.3623
INFO:__main__:Predicted uncertainity 0.5867
INFO:__main__:Completed epoch 97 of 100

INFO:__main__:NLL: 0.4643, L2: 0.0049, Reg: -0.2179
INFO:__main__:Total loss 0.2513
INFO:__main__:Predicted mean: -0.3692
INFO:__main__:Predicted uncertainity 0.5825
INFO:__main__:Completed epoch 98 of 100

INFO:__main__:NLL: 0.4654, L2: 0.0050, Reg: -0.2142
INFO:__main__:Total loss 0.2563
INFO:__main__:Predicted mean: -0.3640
INFO:__main__:Predicted uncertainity 0.5881
INFO:__main__:Completed epoch 99 of 100

INFO:__main__:NLL: 0.4642, L2: 0.0048, Reg: -0.2144
INFO:__main__:Total loss 0.2547
INFO:__main__:Predicted mean: -0.3649
INFO:__main__:Predicted uncertainity 0.5836
INFO:__main__:Completed epoch 100 of 100

INFO:__main__:433.436483 s
