INFO:__main__:PROCESS RUNNING ON cpu
INFO:__main__:NLL: 0.0176, L2: 0.0248, Reg: 0.5681
INFO:__main__:Total loss 0.6105
INFO:__main__:Predicted mean: -0.4296
INFO:__main__:Predicted uncertainity -0.7942
INFO:__main__:Completed epoch 1 of 100

INFO:__main__:NLL: 0.1296, L2: 0.0242, Reg: 0.5681
INFO:__main__:Total loss 0.7219
INFO:__main__:Predicted mean: -0.3944
INFO:__main__:Predicted uncertainity -0.7742
INFO:__main__:Completed epoch 2 of 100

INFO:__main__:NLL: 0.1670, L2: 0.0266, Reg: 0.5681
INFO:__main__:Total loss 0.7617
INFO:__main__:Predicted mean: -0.3523
INFO:__main__:Predicted uncertainity -0.7263
INFO:__main__:Completed epoch 3 of 100

INFO:__main__:NLL: -0.0768, L2: 0.0254, Reg: 0.5681
INFO:__main__:Total loss 0.5167
INFO:__main__:Predicted mean: -0.4330
INFO:__main__:Predicted uncertainity -0.8363
INFO:__main__:Completed epoch 4 of 100

INFO:__main__:NLL: 0.0733, L2: 0.0267, Reg: 0.5681
INFO:__main__:Total loss 0.6681
INFO:__main__:Predicted mean: -0.3370
INFO:__main__:Predicted uncertainity -0.8171
INFO:__main__:Completed epoch 5 of 100

INFO:__main__:NLL: -0.0205, L2: 0.0254, Reg: 0.5681
INFO:__main__:Total loss 0.5731
INFO:__main__:Predicted mean: -0.3768
INFO:__main__:Predicted uncertainity -0.6485
INFO:__main__:Completed epoch 6 of 100

INFO:__main__:NLL: -0.0668, L2: 0.0265, Reg: 0.5681
INFO:__main__:Total loss 0.5278
INFO:__main__:Predicted mean: -0.3593
INFO:__main__:Predicted uncertainity -0.7114
INFO:__main__:Completed epoch 7 of 100

INFO:__main__:NLL: 0.2725, L2: 0.0280, Reg: 0.5681
INFO:__main__:Total loss 0.8687
INFO:__main__:Predicted mean: -0.4440
INFO:__main__:Predicted uncertainity -0.9008
INFO:__main__:Completed epoch 8 of 100

INFO:__main__:NLL: 0.0648, L2: 0.0265, Reg: 0.5681
INFO:__main__:Total loss 0.6594
INFO:__main__:Predicted mean: -0.4330
INFO:__main__:Predicted uncertainity -0.9210
INFO:__main__:Completed epoch 9 of 100

INFO:__main__:NLL: 0.2116, L2: 0.0257, Reg: 0.5681
INFO:__main__:Total loss 0.8054
INFO:__main__:Predicted mean: -0.3971
INFO:__main__:Predicted uncertainity -0.7715
INFO:__main__:Completed epoch 10 of 100

INFO:__main__:NLL: 0.0853, L2: 0.0259, Reg: 0.5681
INFO:__main__:Total loss 0.6793
INFO:__main__:Predicted mean: -0.4247
INFO:__main__:Predicted uncertainity -0.7788
INFO:__main__:Completed epoch 11 of 100

INFO:__main__:NLL: 0.1976, L2: 0.0249, Reg: 0.5681
INFO:__main__:Total loss 0.7906
INFO:__main__:Predicted mean: -0.4499
INFO:__main__:Predicted uncertainity -0.7212
INFO:__main__:Completed epoch 12 of 100

INFO:__main__:NLL: 0.0322, L2: 0.0254, Reg: 0.5681
INFO:__main__:Total loss 0.6258
INFO:__main__:Predicted mean: -0.3665
INFO:__main__:Predicted uncertainity -0.7023
INFO:__main__:Completed epoch 13 of 100

INFO:__main__:NLL: 0.0705, L2: 0.0266, Reg: 0.5681
INFO:__main__:Total loss 0.6652
INFO:__main__:Predicted mean: -0.3765
INFO:__main__:Predicted uncertainity -0.7036
INFO:__main__:Completed epoch 14 of 100

INFO:__main__:NLL: 0.0451, L2: 0.0247, Reg: 0.5681
INFO:__main__:Total loss 0.6379
INFO:__main__:Predicted mean: -0.3561
INFO:__main__:Predicted uncertainity -0.8016
INFO:__main__:Completed epoch 15 of 100

INFO:__main__:NLL: 0.1041, L2: 0.0259, Reg: 0.5681
INFO:__main__:Total loss 0.6981
INFO:__main__:Predicted mean: -0.3964
INFO:__main__:Predicted uncertainity -0.7160
INFO:__main__:Completed epoch 16 of 100

INFO:__main__:NLL: 0.0327, L2: 0.0268, Reg: 0.5681
INFO:__main__:Total loss 0.6276
INFO:__main__:Predicted mean: -0.3926
INFO:__main__:Predicted uncertainity -0.7881
INFO:__main__:Completed epoch 17 of 100

INFO:__main__:NLL: 0.1794, L2: 0.0283, Reg: 0.5681
INFO:__main__:Total loss 0.7759
INFO:__main__:Predicted mean: -0.3629
INFO:__main__:Predicted uncertainity -0.7291
INFO:__main__:Completed epoch 18 of 100

INFO:__main__:NLL: 0.0450, L2: 0.0279, Reg: 0.5681
INFO:__main__:Total loss 0.6410
INFO:__main__:Predicted mean: -0.4109
INFO:__main__:Predicted uncertainity -0.7321
INFO:__main__:Completed epoch 19 of 100

INFO:__main__:NLL: 0.0511, L2: 0.0271, Reg: 0.5681
INFO:__main__:Total loss 0.6463
INFO:__main__:Predicted mean: -0.3829
INFO:__main__:Predicted uncertainity -0.7351
INFO:__main__:Completed epoch 20 of 100

INFO:__main__:NLL: 0.1403, L2: 0.0286, Reg: 0.5681
INFO:__main__:Total loss 0.7370
INFO:__main__:Predicted mean: -0.3836
INFO:__main__:Predicted uncertainity -0.6072
INFO:__main__:Completed epoch 21 of 100

INFO:__main__:NLL: -0.0582, L2: 0.0255, Reg: 0.5681
INFO:__main__:Total loss 0.5354
INFO:__main__:Predicted mean: -0.3958
INFO:__main__:Predicted uncertainity -0.7562
INFO:__main__:Completed epoch 22 of 100

INFO:__main__:NLL: 0.2810, L2: 0.0286, Reg: 0.5681
INFO:__main__:Total loss 0.8777
INFO:__main__:Predicted mean: -0.3564
INFO:__main__:Predicted uncertainity -0.7430
INFO:__main__:Completed epoch 23 of 100

INFO:__main__:NLL: 0.1230, L2: 0.0257, Reg: 0.5681
INFO:__main__:Total loss 0.7168
INFO:__main__:Predicted mean: -0.3908
INFO:__main__:Predicted uncertainity -0.6526
INFO:__main__:Completed epoch 24 of 100

INFO:__main__:NLL: 0.1519, L2: 0.0271, Reg: 0.5681
INFO:__main__:Total loss 0.7471
INFO:__main__:Predicted mean: -0.3477
INFO:__main__:Predicted uncertainity -0.6661
INFO:__main__:Completed epoch 25 of 100

INFO:__main__:NLL: 0.2284, L2: 0.0271, Reg: 0.5681
INFO:__main__:Total loss 0.8236
INFO:__main__:Predicted mean: -0.3650
INFO:__main__:Predicted uncertainity -0.6837
INFO:__main__:Completed epoch 26 of 100

INFO:__main__:NLL: 0.0432, L2: 0.0253, Reg: 0.5681
INFO:__main__:Total loss 0.6367
INFO:__main__:Predicted mean: -0.2926
INFO:__main__:Predicted uncertainity -0.7395
INFO:__main__:Completed epoch 27 of 100

INFO:__main__:NLL: 0.0664, L2: 0.0272, Reg: 0.5681
INFO:__main__:Total loss 0.6618
INFO:__main__:Predicted mean: -0.3479
INFO:__main__:Predicted uncertainity -0.8481
INFO:__main__:Completed epoch 28 of 100

INFO:__main__:NLL: 0.1216, L2: 0.0268, Reg: 0.5681
INFO:__main__:Total loss 0.7166
INFO:__main__:Predicted mean: -0.3466
INFO:__main__:Predicted uncertainity -0.6754
INFO:__main__:Completed epoch 29 of 100

INFO:__main__:NLL: 0.1634, L2: 0.0269, Reg: 0.5681
INFO:__main__:Total loss 0.7584
INFO:__main__:Predicted mean: -0.3573
INFO:__main__:Predicted uncertainity -0.7205
INFO:__main__:Completed epoch 30 of 100

INFO:__main__:NLL: -0.0520, L2: 0.0269, Reg: 0.5681
INFO:__main__:Total loss 0.5430
INFO:__main__:Predicted mean: -0.3320
INFO:__main__:Predicted uncertainity -0.7496
INFO:__main__:Completed epoch 31 of 100

INFO:__main__:NLL: 0.0286, L2: 0.0260, Reg: 0.5681
INFO:__main__:Total loss 0.6228
INFO:__main__:Predicted mean: -0.3946
INFO:__main__:Predicted uncertainity -0.7394
INFO:__main__:Completed epoch 32 of 100

INFO:__main__:NLL: 0.1342, L2: 0.0276, Reg: 0.5681
INFO:__main__:Total loss 0.7299
INFO:__main__:Predicted mean: -0.3946
INFO:__main__:Predicted uncertainity -0.7904
INFO:__main__:Completed epoch 33 of 100

INFO:__main__:NLL: 0.1181, L2: 0.0268, Reg: 0.5681
INFO:__main__:Total loss 0.7130
INFO:__main__:Predicted mean: -0.3557
INFO:__main__:Predicted uncertainity -0.7215
INFO:__main__:Completed epoch 34 of 100

INFO:__main__:NLL: 0.0930, L2: 0.0268, Reg: 0.5681
INFO:__main__:Total loss 0.6879
INFO:__main__:Predicted mean: -0.3481
INFO:__main__:Predicted uncertainity -0.7472
INFO:__main__:Completed epoch 35 of 100

INFO:__main__:NLL: 0.0435, L2: 0.0248, Reg: 0.5681
INFO:__main__:Total loss 0.6364
INFO:__main__:Predicted mean: -0.3699
INFO:__main__:Predicted uncertainity -0.7985
INFO:__main__:Completed epoch 36 of 100

INFO:__main__:NLL: 0.3213, L2: 0.0277, Reg: 0.5681
INFO:__main__:Total loss 0.9171
INFO:__main__:Predicted mean: -0.4290
INFO:__main__:Predicted uncertainity -0.7103
INFO:__main__:Completed epoch 37 of 100

INFO:__main__:NLL: -0.0510, L2: 0.0255, Reg: 0.5681
INFO:__main__:Total loss 0.5426
INFO:__main__:Predicted mean: -0.3297
INFO:__main__:Predicted uncertainity -0.8379
INFO:__main__:Completed epoch 38 of 100

INFO:__main__:NLL: 0.1366, L2: 0.0286, Reg: 0.5681
INFO:__main__:Total loss 0.7332
INFO:__main__:Predicted mean: -0.4185
INFO:__main__:Predicted uncertainity -0.8660
INFO:__main__:Completed epoch 39 of 100

INFO:__main__:NLL: 0.0829, L2: 0.0248, Reg: 0.5681
INFO:__main__:Total loss 0.6759
INFO:__main__:Predicted mean: -0.3524
INFO:__main__:Predicted uncertainity -0.7162
INFO:__main__:Completed epoch 40 of 100

INFO:__main__:NLL: 0.0174, L2: 0.0276, Reg: 0.5681
INFO:__main__:Total loss 0.6132
INFO:__main__:Predicted mean: -0.3094
INFO:__main__:Predicted uncertainity -0.6602
INFO:__main__:Completed epoch 41 of 100

INFO:__main__:NLL: 0.3305, L2: 0.0242, Reg: 0.5681
INFO:__main__:Total loss 0.9228
INFO:__main__:Predicted mean: -0.4085
INFO:__main__:Predicted uncertainity -0.7493
INFO:__main__:Completed epoch 42 of 100

INFO:__main__:NLL: 0.0328, L2: 0.0247, Reg: 0.5681
INFO:__main__:Total loss 0.6256
INFO:__main__:Predicted mean: -0.3213
INFO:__main__:Predicted uncertainity -0.7691
INFO:__main__:Completed epoch 43 of 100

INFO:__main__:NLL: 0.0527, L2: 0.0290, Reg: 0.5681
INFO:__main__:Total loss 0.6498
INFO:__main__:Predicted mean: -0.3663
INFO:__main__:Predicted uncertainity -0.7071
INFO:__main__:Completed epoch 44 of 100

INFO:__main__:NLL: 0.1371, L2: 0.0258, Reg: 0.5681
INFO:__main__:Total loss 0.7310
INFO:__main__:Predicted mean: -0.3440
INFO:__main__:Predicted uncertainity -0.6838
INFO:__main__:Completed epoch 45 of 100

INFO:__main__:NLL: 0.1968, L2: 0.0259, Reg: 0.5681
INFO:__main__:Total loss 0.7908
INFO:__main__:Predicted mean: -0.3534
INFO:__main__:Predicted uncertainity -0.6901
INFO:__main__:Completed epoch 46 of 100

INFO:__main__:NLL: -0.0143, L2: 0.0248, Reg: 0.5681
INFO:__main__:Total loss 0.5787
INFO:__main__:Predicted mean: -0.4321
INFO:__main__:Predicted uncertainity -0.7871
INFO:__main__:Completed epoch 47 of 100

INFO:__main__:NLL: 0.2836, L2: 0.0276, Reg: 0.5681
INFO:__main__:Total loss 0.8794
INFO:__main__:Predicted mean: -0.3521
INFO:__main__:Predicted uncertainity -0.6727
INFO:__main__:Completed epoch 48 of 100

INFO:__main__:NLL: -0.0184, L2: 0.0277, Reg: 0.5681
INFO:__main__:Total loss 0.5773
INFO:__main__:Predicted mean: -0.3588
INFO:__main__:Predicted uncertainity -0.7402
INFO:__main__:Completed epoch 49 of 100

INFO:__main__:NLL: 0.0972, L2: 0.0262, Reg: 0.5681
INFO:__main__:Total loss 0.6915
INFO:__main__:Predicted mean: -0.3837
INFO:__main__:Predicted uncertainity -0.7151
INFO:__main__:Completed epoch 50 of 100

INFO:__main__:NLL: 0.2269, L2: 0.0271, Reg: 0.5681
INFO:__main__:Total loss 0.8221
INFO:__main__:Predicted mean: -0.3908
INFO:__main__:Predicted uncertainity -0.8080
INFO:__main__:Completed epoch 51 of 100

INFO:__main__:NLL: 0.1347, L2: 0.0272, Reg: 0.5681
INFO:__main__:Total loss 0.7300
INFO:__main__:Predicted mean: -0.3886
INFO:__main__:Predicted uncertainity -0.7777
INFO:__main__:Completed epoch 52 of 100

INFO:__main__:NLL: 0.2152, L2: 0.0255, Reg: 0.5681
INFO:__main__:Total loss 0.8088
INFO:__main__:Predicted mean: -0.4037
INFO:__main__:Predicted uncertainity -0.7153
INFO:__main__:Completed epoch 53 of 100

INFO:__main__:NLL: 0.0193, L2: 0.0261, Reg: 0.5681
INFO:__main__:Total loss 0.6135
INFO:__main__:Predicted mean: -0.3183
INFO:__main__:Predicted uncertainity -0.7665
INFO:__main__:Completed epoch 54 of 100

INFO:__main__:NLL: 0.1362, L2: 0.0300, Reg: 0.5681
INFO:__main__:Total loss 0.7344
INFO:__main__:Predicted mean: -0.3477
INFO:__main__:Predicted uncertainity -0.8378
INFO:__main__:Completed epoch 55 of 100

INFO:__main__:NLL: 0.1065, L2: 0.0258, Reg: 0.5681
INFO:__main__:Total loss 0.7004
INFO:__main__:Predicted mean: -0.3907
INFO:__main__:Predicted uncertainity -0.6685
INFO:__main__:Completed epoch 56 of 100

INFO:__main__:NLL: 0.1556, L2: 0.0250, Reg: 0.5681
INFO:__main__:Total loss 0.7487
INFO:__main__:Predicted mean: -0.3580
INFO:__main__:Predicted uncertainity -0.7773
INFO:__main__:Completed epoch 57 of 100

INFO:__main__:NLL: 0.1767, L2: 0.0275, Reg: 0.5681
INFO:__main__:Total loss 0.7723
INFO:__main__:Predicted mean: -0.3776
INFO:__main__:Predicted uncertainity -0.7460
INFO:__main__:Completed epoch 58 of 100

INFO:__main__:NLL: 0.2000, L2: 0.0293, Reg: 0.5681
INFO:__main__:Total loss 0.7973
INFO:__main__:Predicted mean: -0.3858
INFO:__main__:Predicted uncertainity -0.6882
INFO:__main__:Completed epoch 59 of 100

INFO:__main__:NLL: 0.1058, L2: 0.0252, Reg: 0.5681
INFO:__main__:Total loss 0.6990
INFO:__main__:Predicted mean: -0.3957
INFO:__main__:Predicted uncertainity -0.6157
INFO:__main__:Completed epoch 60 of 100

INFO:__main__:NLL: 0.0351, L2: 0.0256, Reg: 0.5681
INFO:__main__:Total loss 0.6289
INFO:__main__:Predicted mean: -0.3556
INFO:__main__:Predicted uncertainity -0.7609
INFO:__main__:Completed epoch 61 of 100

INFO:__main__:NLL: 0.1617, L2: 0.0252, Reg: 0.5681
INFO:__main__:Total loss 0.7550
INFO:__main__:Predicted mean: -0.3535
INFO:__main__:Predicted uncertainity -0.7968
INFO:__main__:Completed epoch 62 of 100

INFO:__main__:NLL: 0.0379, L2: 0.0274, Reg: 0.5681
INFO:__main__:Total loss 0.6335
INFO:__main__:Predicted mean: -0.3292
INFO:__main__:Predicted uncertainity -0.8167
INFO:__main__:Completed epoch 63 of 100

INFO:__main__:NLL: 0.2308, L2: 0.0282, Reg: 0.5681
INFO:__main__:Total loss 0.8271
INFO:__main__:Predicted mean: -0.3844
INFO:__main__:Predicted uncertainity -0.8156
INFO:__main__:Completed epoch 64 of 100

INFO:__main__:NLL: -0.0849, L2: 0.0270, Reg: 0.5681
INFO:__main__:Total loss 0.5102
INFO:__main__:Predicted mean: -0.3897
INFO:__main__:Predicted uncertainity -0.7516
INFO:__main__:Completed epoch 65 of 100

INFO:__main__:NLL: 0.1160, L2: 0.0245, Reg: 0.5681
INFO:__main__:Total loss 0.7087
INFO:__main__:Predicted mean: -0.3874
INFO:__main__:Predicted uncertainity -0.7197
INFO:__main__:Completed epoch 66 of 100

INFO:__main__:NLL: 0.0497, L2: 0.0267, Reg: 0.5681
INFO:__main__:Total loss 0.6446
INFO:__main__:Predicted mean: -0.4508
INFO:__main__:Predicted uncertainity -0.7436
INFO:__main__:Completed epoch 67 of 100

INFO:__main__:NLL: 0.0540, L2: 0.0252, Reg: 0.5681
INFO:__main__:Total loss 0.6474
INFO:__main__:Predicted mean: -0.3361
INFO:__main__:Predicted uncertainity -0.7422
INFO:__main__:Completed epoch 68 of 100

INFO:__main__:NLL: 0.0692, L2: 0.0251, Reg: 0.5681
INFO:__main__:Total loss 0.6625
INFO:__main__:Predicted mean: -0.3440
INFO:__main__:Predicted uncertainity -0.8136
INFO:__main__:Completed epoch 69 of 100

INFO:__main__:NLL: 0.0060, L2: 0.0274, Reg: 0.5681
INFO:__main__:Total loss 0.6015
INFO:__main__:Predicted mean: -0.3458
INFO:__main__:Predicted uncertainity -0.7200
INFO:__main__:Completed epoch 70 of 100

INFO:__main__:NLL: 0.0926, L2: 0.0268, Reg: 0.5681
INFO:__main__:Total loss 0.6875
INFO:__main__:Predicted mean: -0.3310
INFO:__main__:Predicted uncertainity -0.7196
INFO:__main__:Completed epoch 71 of 100

INFO:__main__:NLL: 0.0569, L2: 0.0251, Reg: 0.5681
INFO:__main__:Total loss 0.6501
INFO:__main__:Predicted mean: -0.3377
INFO:__main__:Predicted uncertainity -0.8013
INFO:__main__:Completed epoch 72 of 100

INFO:__main__:NLL: 0.0210, L2: 0.0275, Reg: 0.5681
INFO:__main__:Total loss 0.6166
INFO:__main__:Predicted mean: -0.3669
INFO:__main__:Predicted uncertainity -0.7521
INFO:__main__:Completed epoch 73 of 100

INFO:__main__:NLL: -0.0233, L2: 0.0267, Reg: 0.5681
INFO:__main__:Total loss 0.5716
INFO:__main__:Predicted mean: -0.3692
INFO:__main__:Predicted uncertainity -0.9188
INFO:__main__:Completed epoch 74 of 100

INFO:__main__:NLL: 0.2408, L2: 0.0265, Reg: 0.5681
INFO:__main__:Total loss 0.8354
INFO:__main__:Predicted mean: -0.4070
INFO:__main__:Predicted uncertainity -0.7061
INFO:__main__:Completed epoch 75 of 100

INFO:__main__:NLL: 0.1565, L2: 0.0286, Reg: 0.5681
INFO:__main__:Total loss 0.7532
INFO:__main__:Predicted mean: -0.3893
INFO:__main__:Predicted uncertainity -0.7183
INFO:__main__:Completed epoch 76 of 100

INFO:__main__:NLL: 0.0749, L2: 0.0282, Reg: 0.5681
INFO:__main__:Total loss 0.6712
INFO:__main__:Predicted mean: -0.3583
INFO:__main__:Predicted uncertainity -0.7211
INFO:__main__:Completed epoch 77 of 100

INFO:__main__:NLL: 0.0460, L2: 0.0267, Reg: 0.5681
INFO:__main__:Total loss 0.6408
INFO:__main__:Predicted mean: -0.4491
INFO:__main__:Predicted uncertainity -0.7130
INFO:__main__:Completed epoch 78 of 100

INFO:__main__:NLL: 0.1243, L2: 0.0270, Reg: 0.5681
INFO:__main__:Total loss 0.7194
INFO:__main__:Predicted mean: -0.3679
INFO:__main__:Predicted uncertainity -0.7371
INFO:__main__:Completed epoch 79 of 100

INFO:__main__:NLL: 0.0822, L2: 0.0271, Reg: 0.5681
INFO:__main__:Total loss 0.6774
INFO:__main__:Predicted mean: -0.4405
INFO:__main__:Predicted uncertainity -0.6369
INFO:__main__:Completed epoch 80 of 100

INFO:__main__:NLL: 0.0341, L2: 0.0262, Reg: 0.5681
INFO:__main__:Total loss 0.6285
INFO:__main__:Predicted mean: -0.3453
INFO:__main__:Predicted uncertainity -0.7335
INFO:__main__:Completed epoch 81 of 100

INFO:__main__:NLL: 0.0640, L2: 0.0256, Reg: 0.5681
INFO:__main__:Total loss 0.6577
INFO:__main__:Predicted mean: -0.3521
INFO:__main__:Predicted uncertainity -0.6831
INFO:__main__:Completed epoch 82 of 100

INFO:__main__:NLL: 0.2683, L2: 0.0254, Reg: 0.5681
INFO:__main__:Total loss 0.8618
INFO:__main__:Predicted mean: -0.4225
INFO:__main__:Predicted uncertainity -0.6975
INFO:__main__:Completed epoch 83 of 100

INFO:__main__:NLL: 0.0275, L2: 0.0288, Reg: 0.5681
INFO:__main__:Total loss 0.6245
INFO:__main__:Predicted mean: -0.4055
INFO:__main__:Predicted uncertainity -0.6221
INFO:__main__:Completed epoch 84 of 100

INFO:__main__:NLL: 0.0804, L2: 0.0265, Reg: 0.5681
INFO:__main__:Total loss 0.6750
INFO:__main__:Predicted mean: -0.3080
INFO:__main__:Predicted uncertainity -0.8088
INFO:__main__:Completed epoch 85 of 100

INFO:__main__:NLL: 0.0189, L2: 0.0262, Reg: 0.5681
INFO:__main__:Total loss 0.6132
INFO:__main__:Predicted mean: -0.3726
INFO:__main__:Predicted uncertainity -0.7772
INFO:__main__:Completed epoch 86 of 100

INFO:__main__:NLL: 0.0434, L2: 0.0256, Reg: 0.5681
INFO:__main__:Total loss 0.6371
INFO:__main__:Predicted mean: -0.4122
INFO:__main__:Predicted uncertainity -0.8130
INFO:__main__:Completed epoch 87 of 100

INFO:__main__:NLL: 0.2704, L2: 0.0256, Reg: 0.5681
INFO:__main__:Total loss 0.8642
INFO:__main__:Predicted mean: -0.3495
INFO:__main__:Predicted uncertainity -0.8423
INFO:__main__:Completed epoch 88 of 100

INFO:__main__:NLL: 0.3176, L2: 0.0269, Reg: 0.5681
INFO:__main__:Total loss 0.9126
INFO:__main__:Predicted mean: -0.3171
INFO:__main__:Predicted uncertainity -0.7574
INFO:__main__:Completed epoch 89 of 100

INFO:__main__:NLL: 0.1212, L2: 0.0274, Reg: 0.5681
INFO:__main__:Total loss 0.7167
INFO:__main__:Predicted mean: -0.3674
INFO:__main__:Predicted uncertainity -0.6732
INFO:__main__:Completed epoch 90 of 100

INFO:__main__:NLL: 0.1727, L2: 0.0275, Reg: 0.5681
INFO:__main__:Total loss 0.7683
INFO:__main__:Predicted mean: -0.3092
INFO:__main__:Predicted uncertainity -0.6313
INFO:__main__:Completed epoch 91 of 100

INFO:__main__:NLL: 0.0883, L2: 0.0269, Reg: 0.5681
INFO:__main__:Total loss 0.6834
INFO:__main__:Predicted mean: -0.3489
INFO:__main__:Predicted uncertainity -0.7773
INFO:__main__:Completed epoch 92 of 100

INFO:__main__:NLL: 0.1891, L2: 0.0255, Reg: 0.5681
INFO:__main__:Total loss 0.7827
INFO:__main__:Predicted mean: -0.3397
INFO:__main__:Predicted uncertainity -0.7911
INFO:__main__:Completed epoch 93 of 100

INFO:__main__:NLL: 0.2633, L2: 0.0283, Reg: 0.5681
INFO:__main__:Total loss 0.8598
INFO:__main__:Predicted mean: -0.3982
INFO:__main__:Predicted uncertainity -0.8776
INFO:__main__:Completed epoch 94 of 100

INFO:__main__:NLL: 0.1921, L2: 0.0255, Reg: 0.5681
INFO:__main__:Total loss 0.7858
INFO:__main__:Predicted mean: -0.3781
INFO:__main__:Predicted uncertainity -0.7567
INFO:__main__:Completed epoch 95 of 100

INFO:__main__:NLL: 0.2284, L2: 0.0266, Reg: 0.5681
INFO:__main__:Total loss 0.8231
INFO:__main__:Predicted mean: -0.3695
INFO:__main__:Predicted uncertainity -0.8306
INFO:__main__:Completed epoch 96 of 100

INFO:__main__:NLL: 0.1338, L2: 0.0278, Reg: 0.5681
INFO:__main__:Total loss 0.7298
INFO:__main__:Predicted mean: -0.3703
INFO:__main__:Predicted uncertainity -0.7116
INFO:__main__:Completed epoch 97 of 100

INFO:__main__:NLL: 0.0037, L2: 0.0281, Reg: 0.5681
INFO:__main__:Total loss 0.5999
INFO:__main__:Predicted mean: -0.3168
INFO:__main__:Predicted uncertainity -0.7537
INFO:__main__:Completed epoch 98 of 100

INFO:__main__:NLL: -0.0258, L2: 0.0274, Reg: 0.5681
INFO:__main__:Total loss 0.5698
INFO:__main__:Predicted mean: -0.3603
INFO:__main__:Predicted uncertainity -0.8649
INFO:__main__:Completed epoch 99 of 100

INFO:__main__:NLL: 0.1669, L2: 0.0275, Reg: 0.5681
INFO:__main__:Total loss 0.7625
INFO:__main__:Predicted mean: -0.3620
INFO:__main__:Predicted uncertainity -0.7803
INFO:__main__:Completed epoch 100 of 100

INFO:__main__:481.627804 s
