INFO:__main__:PROCESS RUNNING ON cpu
INFO:__main__:NLL: 0.2779, L2: 0.0026, Reg: 0.0631
INFO:__main__:Total loss 0.3436
INFO:__main__:Predicted mean: -0.4339
INFO:__main__:Predicted uncertainity 0.0154
INFO:__main__:Completed epoch 1 of 100

INFO:__main__:NLL: 0.2901, L2: 0.0035, Reg: 0.0797
INFO:__main__:Total loss 0.3733
INFO:__main__:Predicted mean: -0.4206
INFO:__main__:Predicted uncertainity -0.0156
INFO:__main__:Completed epoch 2 of 100

INFO:__main__:NLL: 0.2665, L2: 0.0035, Reg: 0.0718
INFO:__main__:Total loss 0.3419
INFO:__main__:Predicted mean: -0.4202
INFO:__main__:Predicted uncertainity 0.0020
INFO:__main__:Completed epoch 3 of 100

INFO:__main__:NLL: 0.2353, L2: 0.0037, Reg: 0.0945
INFO:__main__:Total loss 0.3335
INFO:__main__:Predicted mean: -0.4396
INFO:__main__:Predicted uncertainity -0.0328
INFO:__main__:Completed epoch 4 of 100

INFO:__main__:NLL: 0.2850, L2: 0.0040, Reg: 0.0703
INFO:__main__:Total loss 0.3593
INFO:__main__:Predicted mean: -0.4327
INFO:__main__:Predicted uncertainity -0.0206
INFO:__main__:Completed epoch 5 of 100

INFO:__main__:NLL: 0.2479, L2: 0.0039, Reg: 0.0703
INFO:__main__:Total loss 0.3222
INFO:__main__:Predicted mean: -0.3982
INFO:__main__:Predicted uncertainity -0.0174
INFO:__main__:Completed epoch 6 of 100

INFO:__main__:NLL: 0.2224, L2: 0.0037, Reg: 0.0811
INFO:__main__:Total loss 0.3072
INFO:__main__:Predicted mean: -0.4150
INFO:__main__:Predicted uncertainity -0.0339
INFO:__main__:Completed epoch 7 of 100

INFO:__main__:NLL: 0.2672, L2: 0.0038, Reg: 0.0827
INFO:__main__:Total loss 0.3536
INFO:__main__:Predicted mean: -0.4190
INFO:__main__:Predicted uncertainity -0.0364
INFO:__main__:Completed epoch 8 of 100

INFO:__main__:NLL: 0.2346, L2: 0.0039, Reg: 0.0777
INFO:__main__:Total loss 0.3162
INFO:__main__:Predicted mean: -0.4357
INFO:__main__:Predicted uncertainity -0.0131
INFO:__main__:Completed epoch 9 of 100

INFO:__main__:NLL: 0.2860, L2: 0.0038, Reg: 0.0874
INFO:__main__:Total loss 0.3772
INFO:__main__:Predicted mean: -0.4188
INFO:__main__:Predicted uncertainity -0.0417
INFO:__main__:Completed epoch 10 of 100

INFO:__main__:NLL: 0.2469, L2: 0.0037, Reg: 0.0638
INFO:__main__:Total loss 0.3144
INFO:__main__:Predicted mean: -0.4181
INFO:__main__:Predicted uncertainity -0.0164
INFO:__main__:Completed epoch 11 of 100

INFO:__main__:NLL: 0.3194, L2: 0.0037, Reg: 0.0605
INFO:__main__:Total loss 0.3835
INFO:__main__:Predicted mean: -0.4254
INFO:__main__:Predicted uncertainity 0.0014
INFO:__main__:Completed epoch 12 of 100

INFO:__main__:NLL: 0.2720, L2: 0.0038, Reg: 0.0733
INFO:__main__:Total loss 0.3491
INFO:__main__:Predicted mean: -0.4126
INFO:__main__:Predicted uncertainity -0.0352
INFO:__main__:Completed epoch 13 of 100

INFO:__main__:NLL: 0.2629, L2: 0.0038, Reg: 0.0670
INFO:__main__:Total loss 0.3337
INFO:__main__:Predicted mean: -0.4292
INFO:__main__:Predicted uncertainity 0.0264
INFO:__main__:Completed epoch 14 of 100

INFO:__main__:NLL: 0.2450, L2: 0.0037, Reg: 0.0696
INFO:__main__:Total loss 0.3182
INFO:__main__:Predicted mean: -0.4141
INFO:__main__:Predicted uncertainity -0.0330
INFO:__main__:Completed epoch 15 of 100

INFO:__main__:NLL: 0.2689, L2: 0.0038, Reg: 0.0714
INFO:__main__:Total loss 0.3441
INFO:__main__:Predicted mean: -0.4117
INFO:__main__:Predicted uncertainity -0.0120
INFO:__main__:Completed epoch 16 of 100

INFO:__main__:NLL: 0.2448, L2: 0.0040, Reg: 0.0738
INFO:__main__:Total loss 0.3226
INFO:__main__:Predicted mean: -0.4058
INFO:__main__:Predicted uncertainity -0.0191
INFO:__main__:Completed epoch 17 of 100

INFO:__main__:NLL: 0.2717, L2: 0.0039, Reg: 0.0851
INFO:__main__:Total loss 0.3607
INFO:__main__:Predicted mean: -0.4272
INFO:__main__:Predicted uncertainity -0.0331
INFO:__main__:Completed epoch 18 of 100

INFO:__main__:NLL: 0.2656, L2: 0.0039, Reg: 0.0743
INFO:__main__:Total loss 0.3438
INFO:__main__:Predicted mean: -0.4237
INFO:__main__:Predicted uncertainity -0.0049
INFO:__main__:Completed epoch 19 of 100

INFO:__main__:NLL: 0.2460, L2: 0.0039, Reg: 0.0936
INFO:__main__:Total loss 0.3434
INFO:__main__:Predicted mean: -0.4272
INFO:__main__:Predicted uncertainity -0.0266
INFO:__main__:Completed epoch 20 of 100

INFO:__main__:NLL: 0.2702, L2: 0.0042, Reg: 0.0624
INFO:__main__:Total loss 0.3367
INFO:__main__:Predicted mean: -0.4219
INFO:__main__:Predicted uncertainity -0.0246
INFO:__main__:Completed epoch 21 of 100

INFO:__main__:NLL: 0.2494, L2: 0.0038, Reg: 0.0825
INFO:__main__:Total loss 0.3358
INFO:__main__:Predicted mean: -0.4140
INFO:__main__:Predicted uncertainity -0.0077
INFO:__main__:Completed epoch 22 of 100

INFO:__main__:NLL: 0.2820, L2: 0.0040, Reg: 0.0808
INFO:__main__:Total loss 0.3668
INFO:__main__:Predicted mean: -0.4073
INFO:__main__:Predicted uncertainity -0.0253
INFO:__main__:Completed epoch 23 of 100

INFO:__main__:NLL: 0.2650, L2: 0.0038, Reg: 0.0733
INFO:__main__:Total loss 0.3421
INFO:__main__:Predicted mean: -0.4188
INFO:__main__:Predicted uncertainity 0.0025
INFO:__main__:Completed epoch 24 of 100

INFO:__main__:NLL: 0.2710, L2: 0.0040, Reg: 0.0759
INFO:__main__:Total loss 0.3509
INFO:__main__:Predicted mean: -0.4078
INFO:__main__:Predicted uncertainity -0.0099
INFO:__main__:Completed epoch 25 of 100

INFO:__main__:NLL: 0.2550, L2: 0.0040, Reg: 0.0897
INFO:__main__:Total loss 0.3487
INFO:__main__:Predicted mean: -0.4167
INFO:__main__:Predicted uncertainity -0.0499
INFO:__main__:Completed epoch 26 of 100

INFO:__main__:NLL: 0.2808, L2: 0.0039, Reg: 0.0699
INFO:__main__:Total loss 0.3546
INFO:__main__:Predicted mean: -0.3915
INFO:__main__:Predicted uncertainity -0.0089
INFO:__main__:Completed epoch 27 of 100

INFO:__main__:NLL: 0.2686, L2: 0.0040, Reg: 0.0644
INFO:__main__:Total loss 0.3370
INFO:__main__:Predicted mean: -0.4130
INFO:__main__:Predicted uncertainity -0.0116
INFO:__main__:Completed epoch 28 of 100

INFO:__main__:NLL: 0.2816, L2: 0.0039, Reg: 0.0729
INFO:__main__:Total loss 0.3584
INFO:__main__:Predicted mean: -0.4083
INFO:__main__:Predicted uncertainity 0.0207
INFO:__main__:Completed epoch 29 of 100

INFO:__main__:NLL: 0.2757, L2: 0.0037, Reg: 0.0523
INFO:__main__:Total loss 0.3317
INFO:__main__:Predicted mean: -0.4339
INFO:__main__:Predicted uncertainity 0.0034
INFO:__main__:Completed epoch 30 of 100

INFO:__main__:NLL: 0.2477, L2: 0.0040, Reg: 0.0630
INFO:__main__:Total loss 0.3146
INFO:__main__:Predicted mean: -0.4126
INFO:__main__:Predicted uncertainity -0.0050
INFO:__main__:Completed epoch 31 of 100

INFO:__main__:NLL: 0.2751, L2: 0.0039, Reg: 0.0709
INFO:__main__:Total loss 0.3498
INFO:__main__:Predicted mean: -0.4140
INFO:__main__:Predicted uncertainity -0.0308
INFO:__main__:Completed epoch 32 of 100

INFO:__main__:NLL: 0.2773, L2: 0.0040, Reg: 0.0916
INFO:__main__:Total loss 0.3729
INFO:__main__:Predicted mean: -0.4131
INFO:__main__:Predicted uncertainity -0.0330
INFO:__main__:Completed epoch 33 of 100

INFO:__main__:NLL: 0.2927, L2: 0.0041, Reg: 0.0776
INFO:__main__:Total loss 0.3744
INFO:__main__:Predicted mean: -0.4205
INFO:__main__:Predicted uncertainity -0.0141
INFO:__main__:Completed epoch 34 of 100

INFO:__main__:NLL: 0.2811, L2: 0.0039, Reg: 0.0546
INFO:__main__:Total loss 0.3395
INFO:__main__:Predicted mean: -0.4270
INFO:__main__:Predicted uncertainity -0.0243
INFO:__main__:Completed epoch 35 of 100

INFO:__main__:NLL: 0.2685, L2: 0.0040, Reg: 0.0633
INFO:__main__:Total loss 0.3357
INFO:__main__:Predicted mean: -0.4139
INFO:__main__:Predicted uncertainity -0.0242
INFO:__main__:Completed epoch 36 of 100

INFO:__main__:NLL: 0.3133, L2: 0.0040, Reg: 0.0739
INFO:__main__:Total loss 0.3912
INFO:__main__:Predicted mean: -0.4306
INFO:__main__:Predicted uncertainity 0.0051
INFO:__main__:Completed epoch 37 of 100

INFO:__main__:NLL: 0.2755, L2: 0.0039, Reg: 0.0655
INFO:__main__:Total loss 0.3448
INFO:__main__:Predicted mean: -0.3874
INFO:__main__:Predicted uncertainity -0.0248
INFO:__main__:Completed epoch 38 of 100

INFO:__main__:NLL: 0.2830, L2: 0.0040, Reg: 0.0755
INFO:__main__:Total loss 0.3624
INFO:__main__:Predicted mean: -0.4328
INFO:__main__:Predicted uncertainity -0.0039
INFO:__main__:Completed epoch 39 of 100

INFO:__main__:NLL: 0.2662, L2: 0.0040, Reg: 0.0793
INFO:__main__:Total loss 0.3494
INFO:__main__:Predicted mean: -0.4295
INFO:__main__:Predicted uncertainity -0.0024
INFO:__main__:Completed epoch 40 of 100

INFO:__main__:NLL: 0.2730, L2: 0.0040, Reg: 0.0674
INFO:__main__:Total loss 0.3444
INFO:__main__:Predicted mean: -0.4091
INFO:__main__:Predicted uncertainity -0.0002
INFO:__main__:Completed epoch 41 of 100

INFO:__main__:NLL: 0.3024, L2: 0.0040, Reg: 0.0704
INFO:__main__:Total loss 0.3767
INFO:__main__:Predicted mean: -0.4416
INFO:__main__:Predicted uncertainity -0.0126
INFO:__main__:Completed epoch 42 of 100

INFO:__main__:NLL: 0.2777, L2: 0.0040, Reg: 0.0779
INFO:__main__:Total loss 0.3595
INFO:__main__:Predicted mean: -0.4288
INFO:__main__:Predicted uncertainity 0.0049
INFO:__main__:Completed epoch 43 of 100

INFO:__main__:NLL: 0.2788, L2: 0.0040, Reg: 0.0635
INFO:__main__:Total loss 0.3463
INFO:__main__:Predicted mean: -0.4201
INFO:__main__:Predicted uncertainity 0.0028
INFO:__main__:Completed epoch 44 of 100

INFO:__main__:NLL: 0.2794, L2: 0.0039, Reg: 0.0644
INFO:__main__:Total loss 0.3477
INFO:__main__:Predicted mean: -0.4086
INFO:__main__:Predicted uncertainity -0.0075
INFO:__main__:Completed epoch 45 of 100

INFO:__main__:NLL: 0.2952, L2: 0.0041, Reg: 0.0753
INFO:__main__:Total loss 0.3746
INFO:__main__:Predicted mean: -0.3989
INFO:__main__:Predicted uncertainity -0.0426
INFO:__main__:Completed epoch 46 of 100

INFO:__main__:NLL: 0.2776, L2: 0.0039, Reg: 0.0772
INFO:__main__:Total loss 0.3587
INFO:__main__:Predicted mean: -0.4317
INFO:__main__:Predicted uncertainity 0.0263
INFO:__main__:Completed epoch 47 of 100

INFO:__main__:NLL: 0.3083, L2: 0.0040, Reg: 0.0825
INFO:__main__:Total loss 0.3948
INFO:__main__:Predicted mean: -0.4218
INFO:__main__:Predicted uncertainity 0.0011
INFO:__main__:Completed epoch 48 of 100

INFO:__main__:NLL: 0.2800, L2: 0.0040, Reg: 0.0657
INFO:__main__:Total loss 0.3497
INFO:__main__:Predicted mean: -0.4206
INFO:__main__:Predicted uncertainity 0.0126
INFO:__main__:Completed epoch 49 of 100

INFO:__main__:NLL: 0.2807, L2: 0.0039, Reg: 0.0677
INFO:__main__:Total loss 0.3523
INFO:__main__:Predicted mean: -0.4389
INFO:__main__:Predicted uncertainity 0.0112
INFO:__main__:Completed epoch 50 of 100

INFO:__main__:NLL: 0.2813, L2: 0.0040, Reg: 0.0865
INFO:__main__:Total loss 0.3718
INFO:__main__:Predicted mean: -0.4255
INFO:__main__:Predicted uncertainity -0.0546
INFO:__main__:Completed epoch 51 of 100

INFO:__main__:NLL: 0.2465, L2: 0.0041, Reg: 0.0855
INFO:__main__:Total loss 0.3361
INFO:__main__:Predicted mean: -0.4142
INFO:__main__:Predicted uncertainity -0.0159
INFO:__main__:Completed epoch 52 of 100

INFO:__main__:NLL: 0.2876, L2: 0.0039, Reg: 0.0574
INFO:__main__:Total loss 0.3490
INFO:__main__:Predicted mean: -0.4253
INFO:__main__:Predicted uncertainity 0.0035
INFO:__main__:Completed epoch 53 of 100

INFO:__main__:NLL: 0.2613, L2: 0.0039, Reg: 0.0728
INFO:__main__:Total loss 0.3380
INFO:__main__:Predicted mean: -0.4151
INFO:__main__:Predicted uncertainity -0.0299
INFO:__main__:Completed epoch 54 of 100

INFO:__main__:NLL: 0.2475, L2: 0.0042, Reg: 0.0683
INFO:__main__:Total loss 0.3200
INFO:__main__:Predicted mean: -0.4105
INFO:__main__:Predicted uncertainity -0.0092
INFO:__main__:Completed epoch 55 of 100

INFO:__main__:NLL: 0.2778, L2: 0.0040, Reg: 0.0639
INFO:__main__:Total loss 0.3457
INFO:__main__:Predicted mean: -0.4185
INFO:__main__:Predicted uncertainity -0.0221
INFO:__main__:Completed epoch 56 of 100

INFO:__main__:NLL: 0.2423, L2: 0.0039, Reg: 0.0806
INFO:__main__:Total loss 0.3268
INFO:__main__:Predicted mean: -0.4170
INFO:__main__:Predicted uncertainity -0.0415
INFO:__main__:Completed epoch 57 of 100

INFO:__main__:NLL: 0.2903, L2: 0.0039, Reg: 0.0767
INFO:__main__:Total loss 0.3709
INFO:__main__:Predicted mean: -0.4328
INFO:__main__:Predicted uncertainity -0.0160
INFO:__main__:Completed epoch 58 of 100

INFO:__main__:NLL: 0.2829, L2: 0.0041, Reg: 0.0768
INFO:__main__:Total loss 0.3638
INFO:__main__:Predicted mean: -0.3913
INFO:__main__:Predicted uncertainity -0.0061
INFO:__main__:Completed epoch 59 of 100

INFO:__main__:NLL: 0.2683, L2: 0.0040, Reg: 0.0786
INFO:__main__:Total loss 0.3508
INFO:__main__:Predicted mean: -0.4055
INFO:__main__:Predicted uncertainity 0.0037
INFO:__main__:Completed epoch 60 of 100

INFO:__main__:NLL: 0.2571, L2: 0.0040, Reg: 0.0703
INFO:__main__:Total loss 0.3314
INFO:__main__:Predicted mean: -0.4022
INFO:__main__:Predicted uncertainity -0.0024
INFO:__main__:Completed epoch 61 of 100

INFO:__main__:NLL: 0.2945, L2: 0.0038, Reg: 0.0652
INFO:__main__:Total loss 0.3635
INFO:__main__:Predicted mean: -0.4166
INFO:__main__:Predicted uncertainity -0.0027
INFO:__main__:Completed epoch 62 of 100

INFO:__main__:NLL: 0.2734, L2: 0.0039, Reg: 0.0707
INFO:__main__:Total loss 0.3480
INFO:__main__:Predicted mean: -0.4082
INFO:__main__:Predicted uncertainity 0.0005
INFO:__main__:Completed epoch 63 of 100

INFO:__main__:NLL: 0.2682, L2: 0.0040, Reg: 0.0883
INFO:__main__:Total loss 0.3605
INFO:__main__:Predicted mean: -0.4119
INFO:__main__:Predicted uncertainity -0.0369
INFO:__main__:Completed epoch 64 of 100

INFO:__main__:NLL: 0.2652, L2: 0.0040, Reg: 0.0605
INFO:__main__:Total loss 0.3297
INFO:__main__:Predicted mean: -0.4220
INFO:__main__:Predicted uncertainity 0.0132
INFO:__main__:Completed epoch 65 of 100

INFO:__main__:NLL: 0.2922, L2: 0.0040, Reg: 0.0719
INFO:__main__:Total loss 0.3681
INFO:__main__:Predicted mean: -0.4179
INFO:__main__:Predicted uncertainity -0.0184
INFO:__main__:Completed epoch 66 of 100

INFO:__main__:NLL: 0.2372, L2: 0.0042, Reg: 0.0672
INFO:__main__:Total loss 0.3086
INFO:__main__:Predicted mean: -0.4314
INFO:__main__:Predicted uncertainity 0.0096
INFO:__main__:Completed epoch 67 of 100

INFO:__main__:NLL: 0.2497, L2: 0.0041, Reg: 0.0874
INFO:__main__:Total loss 0.3412
INFO:__main__:Predicted mean: -0.4070
INFO:__main__:Predicted uncertainity -0.0206
INFO:__main__:Completed epoch 68 of 100

INFO:__main__:NLL: 0.2765, L2: 0.0041, Reg: 0.0619
INFO:__main__:Total loss 0.3425
INFO:__main__:Predicted mean: -0.4029
INFO:__main__:Predicted uncertainity -0.0371
INFO:__main__:Completed epoch 69 of 100

INFO:__main__:NLL: 0.2287, L2: 0.0041, Reg: 0.0665
INFO:__main__:Total loss 0.2993
INFO:__main__:Predicted mean: -0.4057
INFO:__main__:Predicted uncertainity -0.0449
INFO:__main__:Completed epoch 70 of 100

INFO:__main__:NLL: 0.2768, L2: 0.0040, Reg: 0.0777
INFO:__main__:Total loss 0.3585
INFO:__main__:Predicted mean: -0.4092
INFO:__main__:Predicted uncertainity -0.0031
INFO:__main__:Completed epoch 71 of 100

INFO:__main__:NLL: 0.2752, L2: 0.0041, Reg: 0.0652
INFO:__main__:Total loss 0.3446
INFO:__main__:Predicted mean: -0.3918
INFO:__main__:Predicted uncertainity -0.0211
INFO:__main__:Completed epoch 72 of 100

INFO:__main__:NLL: 0.2619, L2: 0.0042, Reg: 0.0556
INFO:__main__:Total loss 0.3218
INFO:__main__:Predicted mean: -0.4186
INFO:__main__:Predicted uncertainity -0.0008
INFO:__main__:Completed epoch 73 of 100

INFO:__main__:NLL: 0.2630, L2: 0.0042, Reg: 0.0605
INFO:__main__:Total loss 0.3277
INFO:__main__:Predicted mean: -0.4066
INFO:__main__:Predicted uncertainity -0.0089
INFO:__main__:Completed epoch 74 of 100

INFO:__main__:NLL: 0.2752, L2: 0.0041, Reg: 0.0676
INFO:__main__:Total loss 0.3468
INFO:__main__:Predicted mean: -0.4058
INFO:__main__:Predicted uncertainity -0.0091
INFO:__main__:Completed epoch 75 of 100

INFO:__main__:NLL: 0.2672, L2: 0.0043, Reg: 0.0710
INFO:__main__:Total loss 0.3424
INFO:__main__:Predicted mean: -0.4157
INFO:__main__:Predicted uncertainity -0.0088
INFO:__main__:Completed epoch 76 of 100

INFO:__main__:NLL: 0.2731, L2: 0.0042, Reg: 0.0831
INFO:__main__:Total loss 0.3603
INFO:__main__:Predicted mean: -0.4089
INFO:__main__:Predicted uncertainity -0.0226
INFO:__main__:Completed epoch 77 of 100

INFO:__main__:NLL: 0.2428, L2: 0.0043, Reg: 0.0882
INFO:__main__:Total loss 0.3353
INFO:__main__:Predicted mean: -0.4252
INFO:__main__:Predicted uncertainity -0.0066
INFO:__main__:Completed epoch 78 of 100

INFO:__main__:NLL: 0.2527, L2: 0.0044, Reg: 0.0882
INFO:__main__:Total loss 0.3453
INFO:__main__:Predicted mean: -0.4335
INFO:__main__:Predicted uncertainity -0.0040
INFO:__main__:Completed epoch 79 of 100

INFO:__main__:NLL: 0.2769, L2: 0.0042, Reg: 0.0688
INFO:__main__:Total loss 0.3499
INFO:__main__:Predicted mean: -0.4209
INFO:__main__:Predicted uncertainity -0.0005
INFO:__main__:Completed epoch 80 of 100

INFO:__main__:NLL: 0.2459, L2: 0.0042, Reg: 0.0585
INFO:__main__:Total loss 0.3087
INFO:__main__:Predicted mean: -0.4224
INFO:__main__:Predicted uncertainity 0.0002
INFO:__main__:Completed epoch 81 of 100

INFO:__main__:NLL: 0.2672, L2: 0.0043, Reg: 0.0926
INFO:__main__:Total loss 0.3642
INFO:__main__:Predicted mean: -0.4200
INFO:__main__:Predicted uncertainity -0.0094
INFO:__main__:Completed epoch 82 of 100

INFO:__main__:NLL: 0.3016, L2: 0.0043, Reg: 0.0869
INFO:__main__:Total loss 0.3928
INFO:__main__:Predicted mean: -0.4379
INFO:__main__:Predicted uncertainity 0.0005
INFO:__main__:Completed epoch 83 of 100

INFO:__main__:NLL: 0.2472, L2: 0.0044, Reg: 0.0743
INFO:__main__:Total loss 0.3260
INFO:__main__:Predicted mean: -0.4043
INFO:__main__:Predicted uncertainity -0.0158
INFO:__main__:Completed epoch 84 of 100

INFO:__main__:NLL: 0.2696, L2: 0.0041, Reg: 0.0677
INFO:__main__:Total loss 0.3414
INFO:__main__:Predicted mean: -0.4036
INFO:__main__:Predicted uncertainity -0.0111
INFO:__main__:Completed epoch 85 of 100

INFO:__main__:NLL: 0.2368, L2: 0.0043, Reg: 0.0759
INFO:__main__:Total loss 0.3170
INFO:__main__:Predicted mean: -0.4051
INFO:__main__:Predicted uncertainity -0.0153
INFO:__main__:Completed epoch 86 of 100

INFO:__main__:NLL: 0.2669, L2: 0.0042, Reg: 0.0713
INFO:__main__:Total loss 0.3425
INFO:__main__:Predicted mean: -0.4180
INFO:__main__:Predicted uncertainity 0.0010
INFO:__main__:Completed epoch 87 of 100

INFO:__main__:NLL: 0.2964, L2: 0.0042, Reg: 0.0677
INFO:__main__:Total loss 0.3684
INFO:__main__:Predicted mean: -0.4207
INFO:__main__:Predicted uncertainity -0.0163
INFO:__main__:Completed epoch 88 of 100

INFO:__main__:NLL: 0.3129, L2: 0.0044, Reg: 0.0713
INFO:__main__:Total loss 0.3886
INFO:__main__:Predicted mean: -0.4162
INFO:__main__:Predicted uncertainity -0.0120
INFO:__main__:Completed epoch 89 of 100

INFO:__main__:NLL: 0.2781, L2: 0.0044, Reg: 0.0660
INFO:__main__:Total loss 0.3485
INFO:__main__:Predicted mean: -0.4188
INFO:__main__:Predicted uncertainity 0.0074
INFO:__main__:Completed epoch 90 of 100

INFO:__main__:NLL: 0.2779, L2: 0.0043, Reg: 0.0568
INFO:__main__:Total loss 0.3390
INFO:__main__:Predicted mean: -0.3867
INFO:__main__:Predicted uncertainity -0.0028
INFO:__main__:Completed epoch 91 of 100

INFO:__main__:NLL: 0.2608, L2: 0.0042, Reg: 0.0670
INFO:__main__:Total loss 0.3319
INFO:__main__:Predicted mean: -0.4155
INFO:__main__:Predicted uncertainity -0.0078
INFO:__main__:Completed epoch 92 of 100

INFO:__main__:NLL: 0.2958, L2: 0.0044, Reg: 0.0650
INFO:__main__:Total loss 0.3653
INFO:__main__:Predicted mean: -0.3961
INFO:__main__:Predicted uncertainity -0.0221
INFO:__main__:Completed epoch 93 of 100

INFO:__main__:NLL: 0.2733, L2: 0.0043, Reg: 0.0631
INFO:__main__:Total loss 0.3407
INFO:__main__:Predicted mean: -0.4007
INFO:__main__:Predicted uncertainity -0.0229
INFO:__main__:Completed epoch 94 of 100

INFO:__main__:NLL: 0.2727, L2: 0.0042, Reg: 0.0774
INFO:__main__:Total loss 0.3543
INFO:__main__:Predicted mean: -0.3909
INFO:__main__:Predicted uncertainity -0.0158
INFO:__main__:Completed epoch 95 of 100

INFO:__main__:NLL: 0.2755, L2: 0.0044, Reg: 0.0710
INFO:__main__:Total loss 0.3508
INFO:__main__:Predicted mean: -0.4155
INFO:__main__:Predicted uncertainity -0.0020
INFO:__main__:Completed epoch 96 of 100

INFO:__main__:NLL: 0.2813, L2: 0.0044, Reg: 0.0810
INFO:__main__:Total loss 0.3667
INFO:__main__:Predicted mean: -0.3960
INFO:__main__:Predicted uncertainity -0.0353
INFO:__main__:Completed epoch 97 of 100

INFO:__main__:NLL: 0.2542, L2: 0.0044, Reg: 0.0631
INFO:__main__:Total loss 0.3217
INFO:__main__:Predicted mean: -0.4109
INFO:__main__:Predicted uncertainity -0.0290
INFO:__main__:Completed epoch 98 of 100

INFO:__main__:NLL: 0.2570, L2: 0.0044, Reg: 0.0706
INFO:__main__:Total loss 0.3320
INFO:__main__:Predicted mean: -0.4009
INFO:__main__:Predicted uncertainity -0.0109
INFO:__main__:Completed epoch 99 of 100

INFO:__main__:NLL: 0.2793, L2: 0.0044, Reg: 0.0723
INFO:__main__:Total loss 0.3560
INFO:__main__:Predicted mean: -0.4352
INFO:__main__:Predicted uncertainity -0.0192
INFO:__main__:Completed epoch 100 of 100

INFO:__main__:819.332159 s
