INFO:__main__:PROCESS RUNNING ON cpu
INFO:__main__:NLL: 0.2528, L2: 0.0069, Reg: 0.5866
INFO:__main__:Total loss 0.8462
INFO:__main__:Predicted mean: -0.3806
INFO:__main__:Predicted uncertainity -0.6995
INFO:__main__:Completed epoch 1 of 100

INFO:__main__:NLL: 0.0192, L2: 0.0073, Reg: 0.5863
INFO:__main__:Total loss 0.6128
INFO:__main__:Predicted mean: -0.3824
INFO:__main__:Predicted uncertainity -0.7441
INFO:__main__:Completed epoch 2 of 100

INFO:__main__:NLL: 0.0374, L2: 0.0075, Reg: 0.5863
INFO:__main__:Total loss 0.6312
INFO:__main__:Predicted mean: -0.4223
INFO:__main__:Predicted uncertainity -0.6846
INFO:__main__:Completed epoch 3 of 100

INFO:__main__:NLL: 0.0142, L2: 0.0078, Reg: 0.5861
INFO:__main__:Total loss 0.6080
INFO:__main__:Predicted mean: -0.3406
INFO:__main__:Predicted uncertainity -0.7478
INFO:__main__:Completed epoch 4 of 100

INFO:__main__:NLL: -0.0199, L2: 0.0083, Reg: 0.5864
INFO:__main__:Total loss 0.5747
INFO:__main__:Predicted mean: -0.3561
INFO:__main__:Predicted uncertainity -0.8207
INFO:__main__:Completed epoch 5 of 100

INFO:__main__:NLL: 0.1611, L2: 0.0079, Reg: 0.5862
INFO:__main__:Total loss 0.7553
INFO:__main__:Predicted mean: -0.4230
INFO:__main__:Predicted uncertainity -0.7142
INFO:__main__:Completed epoch 6 of 100

INFO:__main__:NLL: 0.0357, L2: 0.0081, Reg: 0.5864
INFO:__main__:Total loss 0.6302
INFO:__main__:Predicted mean: -0.3333
INFO:__main__:Predicted uncertainity -0.6981
INFO:__main__:Completed epoch 7 of 100

INFO:__main__:NLL: 0.1601, L2: 0.0083, Reg: 0.5864
INFO:__main__:Total loss 0.7547
INFO:__main__:Predicted mean: -0.3501
INFO:__main__:Predicted uncertainity -0.7691
INFO:__main__:Completed epoch 8 of 100

INFO:__main__:NLL: 0.0312, L2: 0.0083, Reg: 0.5865
INFO:__main__:Total loss 0.6260
INFO:__main__:Predicted mean: -0.3657
INFO:__main__:Predicted uncertainity -0.8333
INFO:__main__:Completed epoch 9 of 100

INFO:__main__:NLL: 0.2960, L2: 0.0085, Reg: 0.5864
INFO:__main__:Total loss 0.8909
INFO:__main__:Predicted mean: -0.4047
INFO:__main__:Predicted uncertainity -0.8344
INFO:__main__:Completed epoch 10 of 100

INFO:__main__:NLL: 0.0907, L2: 0.0086, Reg: 0.5858
INFO:__main__:Total loss 0.6852
INFO:__main__:Predicted mean: -0.4324
INFO:__main__:Predicted uncertainity -0.8870
INFO:__main__:Completed epoch 11 of 100

INFO:__main__:NLL: 0.1560, L2: 0.0088, Reg: 0.5864
INFO:__main__:Total loss 0.7512
INFO:__main__:Predicted mean: -0.3508
INFO:__main__:Predicted uncertainity -0.6551
INFO:__main__:Completed epoch 12 of 100

INFO:__main__:NLL: 0.0265, L2: 0.0086, Reg: 0.5865
INFO:__main__:Total loss 0.6215
INFO:__main__:Predicted mean: -0.3312
INFO:__main__:Predicted uncertainity -0.8432
INFO:__main__:Completed epoch 13 of 100

INFO:__main__:NLL: 0.2759, L2: 0.0083, Reg: 0.5865
INFO:__main__:Total loss 0.8706
INFO:__main__:Predicted mean: -0.3665
INFO:__main__:Predicted uncertainity -0.7457
INFO:__main__:Completed epoch 14 of 100

INFO:__main__:NLL: 0.2627, L2: 0.0090, Reg: 0.5861
INFO:__main__:Total loss 0.8578
INFO:__main__:Predicted mean: -0.4023
INFO:__main__:Predicted uncertainity -0.7969
INFO:__main__:Completed epoch 15 of 100

INFO:__main__:NLL: 0.3004, L2: 0.0095, Reg: 0.5862
INFO:__main__:Total loss 0.8962
INFO:__main__:Predicted mean: -0.3494
INFO:__main__:Predicted uncertainity -0.8722
INFO:__main__:Completed epoch 16 of 100

INFO:__main__:NLL: 0.0415, L2: 0.0087, Reg: 0.5862
INFO:__main__:Total loss 0.6364
INFO:__main__:Predicted mean: -0.3496
INFO:__main__:Predicted uncertainity -0.8111
INFO:__main__:Completed epoch 17 of 100

INFO:__main__:NLL: 0.1454, L2: 0.0085, Reg: 0.5862
INFO:__main__:Total loss 0.7401
INFO:__main__:Predicted mean: -0.4527
INFO:__main__:Predicted uncertainity -0.7241
INFO:__main__:Completed epoch 18 of 100

INFO:__main__:NLL: -0.0880, L2: 0.0082, Reg: 0.5861
INFO:__main__:Total loss 0.5063
INFO:__main__:Predicted mean: -0.3965
INFO:__main__:Predicted uncertainity -0.7219
INFO:__main__:Completed epoch 19 of 100

INFO:__main__:NLL: 0.0925, L2: 0.0081, Reg: 0.5864
INFO:__main__:Total loss 0.6871
INFO:__main__:Predicted mean: -0.3739
INFO:__main__:Predicted uncertainity -0.6061
INFO:__main__:Completed epoch 20 of 100

INFO:__main__:NLL: -0.0045, L2: 0.0082, Reg: 0.5865
INFO:__main__:Total loss 0.5902
INFO:__main__:Predicted mean: -0.3642
INFO:__main__:Predicted uncertainity -0.6628
INFO:__main__:Completed epoch 21 of 100

INFO:__main__:NLL: 0.0182, L2: 0.0088, Reg: 0.5860
INFO:__main__:Total loss 0.6130
INFO:__main__:Predicted mean: -0.3618
INFO:__main__:Predicted uncertainity -0.8219
INFO:__main__:Completed epoch 22 of 100

INFO:__main__:NLL: 0.0242, L2: 0.0087, Reg: 0.5866
INFO:__main__:Total loss 0.6196
INFO:__main__:Predicted mean: -0.3621
INFO:__main__:Predicted uncertainity -0.7575
INFO:__main__:Completed epoch 23 of 100

INFO:__main__:NLL: 0.3591, L2: 0.0088, Reg: 0.5866
INFO:__main__:Total loss 0.9545
INFO:__main__:Predicted mean: -0.3520
INFO:__main__:Predicted uncertainity -0.7141
INFO:__main__:Completed epoch 24 of 100

INFO:__main__:NLL: 0.1774, L2: 0.0087, Reg: 0.5866
INFO:__main__:Total loss 0.7728
INFO:__main__:Predicted mean: -0.3915
INFO:__main__:Predicted uncertainity -0.7853
INFO:__main__:Completed epoch 25 of 100

INFO:__main__:NLL: -0.1005, L2: 0.0092, Reg: 0.5864
INFO:__main__:Total loss 0.4951
INFO:__main__:Predicted mean: -0.3866
INFO:__main__:Predicted uncertainity -0.6647
INFO:__main__:Completed epoch 26 of 100

INFO:__main__:NLL: 0.2136, L2: 0.0088, Reg: 0.5864
INFO:__main__:Total loss 0.8088
INFO:__main__:Predicted mean: -0.3571
INFO:__main__:Predicted uncertainity -0.7420
INFO:__main__:Completed epoch 27 of 100

INFO:__main__:NLL: 0.1815, L2: 0.0088, Reg: 0.5864
INFO:__main__:Total loss 0.7767
INFO:__main__:Predicted mean: -0.3626
INFO:__main__:Predicted uncertainity -0.6065
INFO:__main__:Completed epoch 28 of 100

INFO:__main__:NLL: 0.0996, L2: 0.0089, Reg: 0.5862
INFO:__main__:Total loss 0.6947
INFO:__main__:Predicted mean: -0.3370
INFO:__main__:Predicted uncertainity -0.7843
INFO:__main__:Completed epoch 29 of 100

INFO:__main__:NLL: 0.1777, L2: 0.0089, Reg: 0.5863
INFO:__main__:Total loss 0.7729
INFO:__main__:Predicted mean: -0.3315
INFO:__main__:Predicted uncertainity -0.7018
INFO:__main__:Completed epoch 30 of 100

INFO:__main__:NLL: 0.1468, L2: 0.0086, Reg: 0.5864
INFO:__main__:Total loss 0.7418
INFO:__main__:Predicted mean: -0.4131
INFO:__main__:Predicted uncertainity -0.7849
INFO:__main__:Completed epoch 31 of 100

INFO:__main__:NLL: -0.0309, L2: 0.0093, Reg: 0.5860
INFO:__main__:Total loss 0.5644
INFO:__main__:Predicted mean: -0.3488
INFO:__main__:Predicted uncertainity -0.8010
INFO:__main__:Completed epoch 32 of 100

INFO:__main__:NLL: 0.2000, L2: 0.0094, Reg: 0.5862
INFO:__main__:Total loss 0.7956
INFO:__main__:Predicted mean: -0.4060
INFO:__main__:Predicted uncertainity -0.7524
INFO:__main__:Completed epoch 33 of 100

INFO:__main__:NLL: 0.0401, L2: 0.0093, Reg: 0.5864
INFO:__main__:Total loss 0.6358
INFO:__main__:Predicted mean: -0.3457
INFO:__main__:Predicted uncertainity -0.8222
INFO:__main__:Completed epoch 34 of 100

INFO:__main__:NLL: -0.0691, L2: 0.0086, Reg: 0.5864
INFO:__main__:Total loss 0.5259
INFO:__main__:Predicted mean: -0.3595
INFO:__main__:Predicted uncertainity -0.7824
INFO:__main__:Completed epoch 35 of 100

INFO:__main__:NLL: 0.0918, L2: 0.0085, Reg: 0.5862
INFO:__main__:Total loss 0.6865
INFO:__main__:Predicted mean: -0.3109
INFO:__main__:Predicted uncertainity -0.7986
INFO:__main__:Completed epoch 36 of 100

INFO:__main__:NLL: -0.0582, L2: 0.0087, Reg: 0.5862
INFO:__main__:Total loss 0.5367
INFO:__main__:Predicted mean: -0.3236
INFO:__main__:Predicted uncertainity -0.8837
INFO:__main__:Completed epoch 37 of 100

INFO:__main__:NLL: 0.2577, L2: 0.0083, Reg: 0.5861
INFO:__main__:Total loss 0.8521
INFO:__main__:Predicted mean: -0.3491
INFO:__main__:Predicted uncertainity -0.7979
INFO:__main__:Completed epoch 38 of 100

INFO:__main__:NLL: 0.1119, L2: 0.0089, Reg: 0.5861
INFO:__main__:Total loss 0.7069
INFO:__main__:Predicted mean: -0.4087
INFO:__main__:Predicted uncertainity -0.7846
INFO:__main__:Completed epoch 39 of 100

INFO:__main__:NLL: 0.0892, L2: 0.0091, Reg: 0.5863
INFO:__main__:Total loss 0.6845
INFO:__main__:Predicted mean: -0.4211
INFO:__main__:Predicted uncertainity -0.7220
INFO:__main__:Completed epoch 40 of 100

INFO:__main__:NLL: -0.0768, L2: 0.0090, Reg: 0.5862
INFO:__main__:Total loss 0.5184
INFO:__main__:Predicted mean: -0.3890
INFO:__main__:Predicted uncertainity -0.7478
INFO:__main__:Completed epoch 41 of 100

INFO:__main__:NLL: 0.0499, L2: 0.0085, Reg: 0.5865
INFO:__main__:Total loss 0.6450
INFO:__main__:Predicted mean: -0.3955
INFO:__main__:Predicted uncertainity -0.6894
INFO:__main__:Completed epoch 42 of 100

INFO:__main__:NLL: 0.2501, L2: 0.0084, Reg: 0.5864
INFO:__main__:Total loss 0.8449
INFO:__main__:Predicted mean: -0.4129
INFO:__main__:Predicted uncertainity -0.7937
INFO:__main__:Completed epoch 43 of 100

INFO:__main__:NLL: 0.2073, L2: 0.0085, Reg: 0.5858
INFO:__main__:Total loss 0.8016
INFO:__main__:Predicted mean: -0.4389
INFO:__main__:Predicted uncertainity -0.7652
INFO:__main__:Completed epoch 44 of 100

INFO:__main__:NLL: 0.1015, L2: 0.0088, Reg: 0.5862
INFO:__main__:Total loss 0.6965
INFO:__main__:Predicted mean: -0.3708
INFO:__main__:Predicted uncertainity -0.7594
INFO:__main__:Completed epoch 45 of 100

INFO:__main__:NLL: 0.1478, L2: 0.0082, Reg: 0.5863
INFO:__main__:Total loss 0.7423
INFO:__main__:Predicted mean: -0.3656
INFO:__main__:Predicted uncertainity -0.7415
INFO:__main__:Completed epoch 46 of 100

INFO:__main__:NLL: 0.0618, L2: 0.0084, Reg: 0.5862
INFO:__main__:Total loss 0.6564
INFO:__main__:Predicted mean: -0.4221
INFO:__main__:Predicted uncertainity -0.7507
INFO:__main__:Completed epoch 47 of 100

INFO:__main__:NLL: 0.0196, L2: 0.0087, Reg: 0.5861
INFO:__main__:Total loss 0.6144
INFO:__main__:Predicted mean: -0.3746
INFO:__main__:Predicted uncertainity -0.8453
INFO:__main__:Completed epoch 48 of 100

INFO:__main__:NLL: -0.0413, L2: 0.0085, Reg: 0.5864
INFO:__main__:Total loss 0.5535
INFO:__main__:Predicted mean: -0.3438
INFO:__main__:Predicted uncertainity -0.6610
INFO:__main__:Completed epoch 49 of 100

INFO:__main__:NLL: -0.0185, L2: 0.0092, Reg: 0.5866
INFO:__main__:Total loss 0.5773
INFO:__main__:Predicted mean: -0.3319
INFO:__main__:Predicted uncertainity -0.7594
INFO:__main__:Completed epoch 50 of 100

INFO:__main__:NLL: 0.4717, L2: 0.0085, Reg: 0.5863
INFO:__main__:Total loss 1.0664
INFO:__main__:Predicted mean: -0.3783
INFO:__main__:Predicted uncertainity -0.8974
INFO:__main__:Completed epoch 51 of 100

INFO:__main__:NLL: -0.1557, L2: 0.0085, Reg: 0.5860
INFO:__main__:Total loss 0.4388
INFO:__main__:Predicted mean: -0.3685
INFO:__main__:Predicted uncertainity -0.8298
INFO:__main__:Completed epoch 52 of 100

INFO:__main__:NLL: 0.0334, L2: 0.0082, Reg: 0.5863
INFO:__main__:Total loss 0.6278
INFO:__main__:Predicted mean: -0.3803
INFO:__main__:Predicted uncertainity -0.5572
INFO:__main__:Completed epoch 53 of 100

INFO:__main__:NLL: 0.1745, L2: 0.0085, Reg: 0.5860
INFO:__main__:Total loss 0.7690
INFO:__main__:Predicted mean: -0.3620
INFO:__main__:Predicted uncertainity -0.7592
INFO:__main__:Completed epoch 54 of 100

INFO:__main__:NLL: 0.3012, L2: 0.0095, Reg: 0.5862
INFO:__main__:Total loss 0.8969
INFO:__main__:Predicted mean: -0.3621
INFO:__main__:Predicted uncertainity -0.7537
INFO:__main__:Completed epoch 55 of 100

INFO:__main__:NLL: 0.2340, L2: 0.0090, Reg: 0.5863
INFO:__main__:Total loss 0.8293
INFO:__main__:Predicted mean: -0.3719
INFO:__main__:Predicted uncertainity -0.7889
INFO:__main__:Completed epoch 56 of 100

INFO:__main__:NLL: 0.0678, L2: 0.0087, Reg: 0.5861
INFO:__main__:Total loss 0.6626
INFO:__main__:Predicted mean: -0.3574
INFO:__main__:Predicted uncertainity -0.7242
INFO:__main__:Completed epoch 57 of 100

INFO:__main__:NLL: -0.0417, L2: 0.0083, Reg: 0.5866
INFO:__main__:Total loss 0.5532
INFO:__main__:Predicted mean: -0.4460
INFO:__main__:Predicted uncertainity -0.7689
INFO:__main__:Completed epoch 58 of 100

INFO:__main__:NLL: -0.0026, L2: 0.0087, Reg: 0.5864
INFO:__main__:Total loss 0.5925
INFO:__main__:Predicted mean: -0.3204
INFO:__main__:Predicted uncertainity -0.6846
INFO:__main__:Completed epoch 59 of 100

INFO:__main__:NLL: 0.1339, L2: 0.0090, Reg: 0.5861
INFO:__main__:Total loss 0.7290
INFO:__main__:Predicted mean: -0.3697
INFO:__main__:Predicted uncertainity -0.8356
INFO:__main__:Completed epoch 60 of 100

INFO:__main__:NLL: 0.1186, L2: 0.0087, Reg: 0.5864
INFO:__main__:Total loss 0.7137
INFO:__main__:Predicted mean: -0.3274
INFO:__main__:Predicted uncertainity -0.7947
INFO:__main__:Completed epoch 61 of 100

INFO:__main__:NLL: 0.2992, L2: 0.0089, Reg: 0.5863
INFO:__main__:Total loss 0.8944
INFO:__main__:Predicted mean: -0.3761
INFO:__main__:Predicted uncertainity -0.7054
INFO:__main__:Completed epoch 62 of 100

INFO:__main__:NLL: 0.0362, L2: 0.0090, Reg: 0.5862
INFO:__main__:Total loss 0.6313
INFO:__main__:Predicted mean: -0.4634
INFO:__main__:Predicted uncertainity -0.7936
INFO:__main__:Completed epoch 63 of 100

INFO:__main__:NLL: 0.0178, L2: 0.0088, Reg: 0.5862
INFO:__main__:Total loss 0.6129
INFO:__main__:Predicted mean: -0.3550
INFO:__main__:Predicted uncertainity -0.7444
INFO:__main__:Completed epoch 64 of 100

INFO:__main__:NLL: -0.0041, L2: 0.0089, Reg: 0.5862
INFO:__main__:Total loss 0.5910
INFO:__main__:Predicted mean: -0.3729
INFO:__main__:Predicted uncertainity -0.7944
INFO:__main__:Completed epoch 65 of 100

INFO:__main__:NLL: 0.2566, L2: 0.0087, Reg: 0.5862
INFO:__main__:Total loss 0.8515
INFO:__main__:Predicted mean: -0.4187
INFO:__main__:Predicted uncertainity -0.7074
INFO:__main__:Completed epoch 66 of 100

INFO:__main__:NLL: 0.0487, L2: 0.0089, Reg: 0.5863
INFO:__main__:Total loss 0.6438
INFO:__main__:Predicted mean: -0.3994
INFO:__main__:Predicted uncertainity -0.7217
INFO:__main__:Completed epoch 67 of 100

INFO:__main__:NLL: 0.0323, L2: 0.0086, Reg: 0.5860
INFO:__main__:Total loss 0.6269
INFO:__main__:Predicted mean: -0.3688
INFO:__main__:Predicted uncertainity -0.7334
INFO:__main__:Completed epoch 68 of 100

INFO:__main__:NLL: 0.0496, L2: 0.0088, Reg: 0.5863
INFO:__main__:Total loss 0.6447
INFO:__main__:Predicted mean: -0.3766
INFO:__main__:Predicted uncertainity -0.7663
INFO:__main__:Completed epoch 69 of 100

INFO:__main__:NLL: 0.4302, L2: 0.0089, Reg: 0.5861
INFO:__main__:Total loss 1.0253
INFO:__main__:Predicted mean: -0.4493
INFO:__main__:Predicted uncertainity -0.7312
INFO:__main__:Completed epoch 70 of 100

INFO:__main__:NLL: -0.0693, L2: 0.0086, Reg: 0.5864
INFO:__main__:Total loss 0.5257
INFO:__main__:Predicted mean: -0.3763
INFO:__main__:Predicted uncertainity -0.7981
INFO:__main__:Completed epoch 71 of 100

INFO:__main__:NLL: 0.3186, L2: 0.0090, Reg: 0.5863
INFO:__main__:Total loss 0.9138
INFO:__main__:Predicted mean: -0.4287
INFO:__main__:Predicted uncertainity -0.8351
INFO:__main__:Completed epoch 72 of 100

INFO:__main__:NLL: 0.3358, L2: 0.0085, Reg: 0.5864
INFO:__main__:Total loss 0.9307
INFO:__main__:Predicted mean: -0.3762
INFO:__main__:Predicted uncertainity -0.7994
INFO:__main__:Completed epoch 73 of 100

INFO:__main__:NLL: 0.1705, L2: 0.0086, Reg: 0.5865
INFO:__main__:Total loss 0.7657
INFO:__main__:Predicted mean: -0.3637
INFO:__main__:Predicted uncertainity -0.8571
INFO:__main__:Completed epoch 74 of 100

INFO:__main__:NLL: -0.0719, L2: 0.0091, Reg: 0.5865
INFO:__main__:Total loss 0.5238
INFO:__main__:Predicted mean: -0.3856
INFO:__main__:Predicted uncertainity -0.7856
INFO:__main__:Completed epoch 75 of 100

INFO:__main__:NLL: 0.1026, L2: 0.0085, Reg: 0.5864
INFO:__main__:Total loss 0.6974
INFO:__main__:Predicted mean: -0.3984
INFO:__main__:Predicted uncertainity -0.7280
INFO:__main__:Completed epoch 76 of 100

INFO:__main__:NLL: 0.1626, L2: 0.0082, Reg: 0.5863
INFO:__main__:Total loss 0.7571
INFO:__main__:Predicted mean: -0.4359
INFO:__main__:Predicted uncertainity -0.7108
INFO:__main__:Completed epoch 77 of 100

INFO:__main__:NLL: 0.1895, L2: 0.0090, Reg: 0.5861
INFO:__main__:Total loss 0.7846
INFO:__main__:Predicted mean: -0.3623
INFO:__main__:Predicted uncertainity -0.7167
INFO:__main__:Completed epoch 78 of 100

INFO:__main__:NLL: 0.2214, L2: 0.0093, Reg: 0.5860
INFO:__main__:Total loss 0.8167
INFO:__main__:Predicted mean: -0.3527
INFO:__main__:Predicted uncertainity -0.6512
INFO:__main__:Completed epoch 79 of 100

INFO:__main__:NLL: 0.0814, L2: 0.0090, Reg: 0.5865
INFO:__main__:Total loss 0.6769
INFO:__main__:Predicted mean: -0.3315
INFO:__main__:Predicted uncertainity -0.6742
INFO:__main__:Completed epoch 80 of 100

INFO:__main__:NLL: 0.0091, L2: 0.0089, Reg: 0.5861
INFO:__main__:Total loss 0.6041
INFO:__main__:Predicted mean: -0.3802
INFO:__main__:Predicted uncertainity -0.6709
INFO:__main__:Completed epoch 81 of 100

INFO:__main__:NLL: 0.0715, L2: 0.0085, Reg: 0.5861
INFO:__main__:Total loss 0.6661
INFO:__main__:Predicted mean: -0.3638
INFO:__main__:Predicted uncertainity -0.8097
INFO:__main__:Completed epoch 82 of 100

INFO:__main__:NLL: 0.0058, L2: 0.0087, Reg: 0.5866
INFO:__main__:Total loss 0.6011
INFO:__main__:Predicted mean: -0.4166
INFO:__main__:Predicted uncertainity -0.7646
INFO:__main__:Completed epoch 83 of 100

INFO:__main__:NLL: 0.3708, L2: 0.0087, Reg: 0.5861
INFO:__main__:Total loss 0.9656
INFO:__main__:Predicted mean: -0.3428
INFO:__main__:Predicted uncertainity -0.6941
INFO:__main__:Completed epoch 84 of 100

INFO:__main__:NLL: 0.1166, L2: 0.0086, Reg: 0.5865
INFO:__main__:Total loss 0.7117
INFO:__main__:Predicted mean: -0.3572
INFO:__main__:Predicted uncertainity -0.6427
INFO:__main__:Completed epoch 85 of 100

INFO:__main__:NLL: -0.1809, L2: 0.0089, Reg: 0.5860
INFO:__main__:Total loss 0.4140
INFO:__main__:Predicted mean: -0.3856
INFO:__main__:Predicted uncertainity -0.8158
INFO:__main__:Completed epoch 86 of 100

INFO:__main__:NLL: 0.0639, L2: 0.0086, Reg: 0.5860
INFO:__main__:Total loss 0.6585
INFO:__main__:Predicted mean: -0.4053
INFO:__main__:Predicted uncertainity -0.7139
INFO:__main__:Completed epoch 87 of 100

INFO:__main__:NLL: 0.0644, L2: 0.0088, Reg: 0.5859
INFO:__main__:Total loss 0.6591
INFO:__main__:Predicted mean: -0.3770
INFO:__main__:Predicted uncertainity -0.7156
INFO:__main__:Completed epoch 88 of 100

INFO:__main__:NLL: 0.0961, L2: 0.0087, Reg: 0.5863
INFO:__main__:Total loss 0.6911
INFO:__main__:Predicted mean: -0.3297
INFO:__main__:Predicted uncertainity -0.7386
INFO:__main__:Completed epoch 89 of 100

INFO:__main__:NLL: 0.1850, L2: 0.0086, Reg: 0.5860
INFO:__main__:Total loss 0.7796
INFO:__main__:Predicted mean: -0.4027
INFO:__main__:Predicted uncertainity -0.7335
INFO:__main__:Completed epoch 90 of 100

INFO:__main__:NLL: 0.1988, L2: 0.0085, Reg: 0.5864
INFO:__main__:Total loss 0.7937
INFO:__main__:Predicted mean: -0.4340
INFO:__main__:Predicted uncertainity -0.7680
INFO:__main__:Completed epoch 91 of 100

INFO:__main__:NLL: 0.1407, L2: 0.0086, Reg: 0.5864
INFO:__main__:Total loss 0.7356
INFO:__main__:Predicted mean: -0.3721
INFO:__main__:Predicted uncertainity -0.8698
INFO:__main__:Completed epoch 92 of 100

INFO:__main__:NLL: -0.0279, L2: 0.0089, Reg: 0.5866
INFO:__main__:Total loss 0.5676
INFO:__main__:Predicted mean: -0.3579
INFO:__main__:Predicted uncertainity -0.7348
INFO:__main__:Completed epoch 93 of 100

INFO:__main__:NLL: 0.0666, L2: 0.0091, Reg: 0.5859
INFO:__main__:Total loss 0.6616
INFO:__main__:Predicted mean: -0.3232
INFO:__main__:Predicted uncertainity -0.7284
INFO:__main__:Completed epoch 94 of 100

INFO:__main__:NLL: 0.1477, L2: 0.0085, Reg: 0.5860
INFO:__main__:Total loss 0.7422
INFO:__main__:Predicted mean: -0.3727
INFO:__main__:Predicted uncertainity -0.6340
INFO:__main__:Completed epoch 95 of 100

INFO:__main__:NLL: 0.2123, L2: 0.0086, Reg: 0.5864
INFO:__main__:Total loss 0.8073
INFO:__main__:Predicted mean: -0.4005
INFO:__main__:Predicted uncertainity -0.8061
INFO:__main__:Completed epoch 96 of 100

INFO:__main__:NLL: 0.0736, L2: 0.0087, Reg: 0.5863
INFO:__main__:Total loss 0.6686
INFO:__main__:Predicted mean: -0.3157
INFO:__main__:Predicted uncertainity -0.7097
INFO:__main__:Completed epoch 97 of 100

INFO:__main__:NLL: -0.0149, L2: 0.0091, Reg: 0.5862
INFO:__main__:Total loss 0.5805
INFO:__main__:Predicted mean: -0.3535
INFO:__main__:Predicted uncertainity -0.7464
INFO:__main__:Completed epoch 98 of 100

INFO:__main__:NLL: 0.2348, L2: 0.0090, Reg: 0.5862
INFO:__main__:Total loss 0.8300
INFO:__main__:Predicted mean: -0.4324
INFO:__main__:Predicted uncertainity -0.8461
INFO:__main__:Completed epoch 99 of 100

INFO:__main__:NLL: 0.1492, L2: 0.0088, Reg: 0.5864
INFO:__main__:Total loss 0.7444
INFO:__main__:Predicted mean: -0.3956
INFO:__main__:Predicted uncertainity -0.8037
INFO:__main__:Completed epoch 100 of 100

INFO:__main__:360.273877 s
