INFO:__main__:PROCESS RUNNING ON cpu
INFO:__main__:NLL: 0.2529, L2: 0.0069, Reg: 0.0587
INFO:__main__:Total loss 0.3185
INFO:__main__:Predicted mean: -0.3806
INFO:__main__:Predicted uncertainity -0.6995
INFO:__main__:Completed epoch 1 of 100

INFO:__main__:NLL: 0.0197, L2: 0.0073, Reg: 0.0586
INFO:__main__:Total loss 0.0856
INFO:__main__:Predicted mean: -0.3827
INFO:__main__:Predicted uncertainity -0.7437
INFO:__main__:Completed epoch 2 of 100

INFO:__main__:NLL: 0.0373, L2: 0.0075, Reg: 0.0586
INFO:__main__:Total loss 0.1035
INFO:__main__:Predicted mean: -0.4232
INFO:__main__:Predicted uncertainity -0.6836
INFO:__main__:Completed epoch 3 of 100

INFO:__main__:NLL: 0.0153, L2: 0.0078, Reg: 0.0586
INFO:__main__:Total loss 0.0817
INFO:__main__:Predicted mean: -0.3414
INFO:__main__:Predicted uncertainity -0.7471
INFO:__main__:Completed epoch 4 of 100

INFO:__main__:NLL: -0.0176, L2: 0.0082, Reg: 0.0586
INFO:__main__:Total loss 0.0492
INFO:__main__:Predicted mean: -0.3676
INFO:__main__:Predicted uncertainity -0.7850
INFO:__main__:Completed epoch 5 of 100

INFO:__main__:NLL: 0.1660, L2: 0.0081, Reg: 0.0586
INFO:__main__:Total loss 0.2327
INFO:__main__:Predicted mean: -0.4164
INFO:__main__:Predicted uncertainity -0.7480
INFO:__main__:Completed epoch 6 of 100

INFO:__main__:NLL: 0.0258, L2: 0.0080, Reg: 0.0586
INFO:__main__:Total loss 0.0924
INFO:__main__:Predicted mean: -0.3471
INFO:__main__:Predicted uncertainity -0.7269
INFO:__main__:Completed epoch 7 of 100

INFO:__main__:NLL: 0.2584, L2: 0.0077, Reg: 0.0586
INFO:__main__:Total loss 0.3248
INFO:__main__:Predicted mean: -0.3590
INFO:__main__:Predicted uncertainity -0.7665
INFO:__main__:Completed epoch 8 of 100

INFO:__main__:NLL: 0.0153, L2: 0.0080, Reg: 0.0586
INFO:__main__:Total loss 0.0819
INFO:__main__:Predicted mean: -0.3710
INFO:__main__:Predicted uncertainity -0.8485
INFO:__main__:Completed epoch 9 of 100

INFO:__main__:NLL: 0.2976, L2: 0.0084, Reg: 0.0586
INFO:__main__:Total loss 0.3647
INFO:__main__:Predicted mean: -0.3882
INFO:__main__:Predicted uncertainity -0.7948
INFO:__main__:Completed epoch 10 of 100

INFO:__main__:NLL: 0.0854, L2: 0.0084, Reg: 0.0586
INFO:__main__:Total loss 0.1524
INFO:__main__:Predicted mean: -0.4363
INFO:__main__:Predicted uncertainity -0.8621
INFO:__main__:Completed epoch 11 of 100

INFO:__main__:NLL: 0.1979, L2: 0.0085, Reg: 0.0586
INFO:__main__:Total loss 0.2651
INFO:__main__:Predicted mean: -0.3818
INFO:__main__:Predicted uncertainity -0.6976
INFO:__main__:Completed epoch 12 of 100

INFO:__main__:NLL: -0.0131, L2: 0.0085, Reg: 0.0586
INFO:__main__:Total loss 0.0540
INFO:__main__:Predicted mean: -0.3358
INFO:__main__:Predicted uncertainity -0.8332
INFO:__main__:Completed epoch 13 of 100

INFO:__main__:NLL: 0.3719, L2: 0.0082, Reg: 0.0586
INFO:__main__:Total loss 0.4387
INFO:__main__:Predicted mean: -0.3684
INFO:__main__:Predicted uncertainity -0.7154
INFO:__main__:Completed epoch 14 of 100

INFO:__main__:NLL: 0.2918, L2: 0.0087, Reg: 0.0586
INFO:__main__:Total loss 0.3590
INFO:__main__:Predicted mean: -0.3957
INFO:__main__:Predicted uncertainity -0.8384
INFO:__main__:Completed epoch 15 of 100

INFO:__main__:NLL: 0.1947, L2: 0.0086, Reg: 0.0586
INFO:__main__:Total loss 0.2620
INFO:__main__:Predicted mean: -0.3403
INFO:__main__:Predicted uncertainity -0.8140
INFO:__main__:Completed epoch 16 of 100

INFO:__main__:NLL: 0.0258, L2: 0.0084, Reg: 0.0586
INFO:__main__:Total loss 0.0928
INFO:__main__:Predicted mean: -0.3492
INFO:__main__:Predicted uncertainity -0.7150
INFO:__main__:Completed epoch 17 of 100

INFO:__main__:NLL: 0.1342, L2: 0.0084, Reg: 0.0586
INFO:__main__:Total loss 0.2012
INFO:__main__:Predicted mean: -0.4224
INFO:__main__:Predicted uncertainity -0.7662
INFO:__main__:Completed epoch 18 of 100

INFO:__main__:NLL: -0.1006, L2: 0.0087, Reg: 0.0586
INFO:__main__:Total loss -0.0333
INFO:__main__:Predicted mean: -0.3819
INFO:__main__:Predicted uncertainity -0.6770
INFO:__main__:Completed epoch 19 of 100

INFO:__main__:NLL: 0.1747, L2: 0.0083, Reg: 0.0586
INFO:__main__:Total loss 0.2417
INFO:__main__:Predicted mean: -0.3856
INFO:__main__:Predicted uncertainity -0.6113
INFO:__main__:Completed epoch 20 of 100

INFO:__main__:NLL: 0.0082, L2: 0.0087, Reg: 0.0586
INFO:__main__:Total loss 0.0756
INFO:__main__:Predicted mean: -0.3800
INFO:__main__:Predicted uncertainity -0.6215
INFO:__main__:Completed epoch 21 of 100

INFO:__main__:NLL: 0.0271, L2: 0.0086, Reg: 0.0586
INFO:__main__:Total loss 0.0943
INFO:__main__:Predicted mean: -0.3864
INFO:__main__:Predicted uncertainity -0.7699
INFO:__main__:Completed epoch 22 of 100

INFO:__main__:NLL: 0.0188, L2: 0.0088, Reg: 0.0587
INFO:__main__:Total loss 0.0863
INFO:__main__:Predicted mean: -0.3586
INFO:__main__:Predicted uncertainity -0.7713
INFO:__main__:Completed epoch 23 of 100

INFO:__main__:NLL: 0.2608, L2: 0.0089, Reg: 0.0587
INFO:__main__:Total loss 0.3284
INFO:__main__:Predicted mean: -0.3788
INFO:__main__:Predicted uncertainity -0.6915
INFO:__main__:Completed epoch 24 of 100

INFO:__main__:NLL: 0.1253, L2: 0.0089, Reg: 0.0587
INFO:__main__:Total loss 0.1929
INFO:__main__:Predicted mean: -0.3650
INFO:__main__:Predicted uncertainity -0.7902
INFO:__main__:Completed epoch 25 of 100

INFO:__main__:NLL: -0.1116, L2: 0.0094, Reg: 0.0586
INFO:__main__:Total loss -0.0436
INFO:__main__:Predicted mean: -0.3699
INFO:__main__:Predicted uncertainity -0.5971
INFO:__main__:Completed epoch 26 of 100

INFO:__main__:NLL: 0.1712, L2: 0.0090, Reg: 0.0586
INFO:__main__:Total loss 0.2388
INFO:__main__:Predicted mean: -0.3399
INFO:__main__:Predicted uncertainity -0.7849
INFO:__main__:Completed epoch 27 of 100

INFO:__main__:NLL: 0.2116, L2: 0.0088, Reg: 0.0586
INFO:__main__:Total loss 0.2790
INFO:__main__:Predicted mean: -0.3578
INFO:__main__:Predicted uncertainity -0.6179
INFO:__main__:Completed epoch 28 of 100

INFO:__main__:NLL: 0.1046, L2: 0.0089, Reg: 0.0586
INFO:__main__:Total loss 0.1722
INFO:__main__:Predicted mean: -0.3312
INFO:__main__:Predicted uncertainity -0.8134
INFO:__main__:Completed epoch 29 of 100

INFO:__main__:NLL: 0.1772, L2: 0.0087, Reg: 0.0586
INFO:__main__:Total loss 0.2446
INFO:__main__:Predicted mean: -0.3367
INFO:__main__:Predicted uncertainity -0.6761
INFO:__main__:Completed epoch 30 of 100

INFO:__main__:NLL: 0.1565, L2: 0.0088, Reg: 0.0586
INFO:__main__:Total loss 0.2239
INFO:__main__:Predicted mean: -0.4136
INFO:__main__:Predicted uncertainity -0.7134
INFO:__main__:Completed epoch 31 of 100

INFO:__main__:NLL: -0.0444, L2: 0.0091, Reg: 0.0586
INFO:__main__:Total loss 0.0234
INFO:__main__:Predicted mean: -0.3830
INFO:__main__:Predicted uncertainity -0.8669
INFO:__main__:Completed epoch 32 of 100

INFO:__main__:NLL: 0.1304, L2: 0.0088, Reg: 0.0586
INFO:__main__:Total loss 0.1978
INFO:__main__:Predicted mean: -0.3969
INFO:__main__:Predicted uncertainity -0.7254
INFO:__main__:Completed epoch 33 of 100

INFO:__main__:NLL: 0.0290, L2: 0.0093, Reg: 0.0586
INFO:__main__:Total loss 0.0970
INFO:__main__:Predicted mean: -0.3666
INFO:__main__:Predicted uncertainity -0.7822
INFO:__main__:Completed epoch 34 of 100

INFO:__main__:NLL: -0.0393, L2: 0.0091, Reg: 0.0586
INFO:__main__:Total loss 0.0284
INFO:__main__:Predicted mean: -0.3880
INFO:__main__:Predicted uncertainity -0.7839
INFO:__main__:Completed epoch 35 of 100

INFO:__main__:NLL: 0.0518, L2: 0.0088, Reg: 0.0586
INFO:__main__:Total loss 0.1192
INFO:__main__:Predicted mean: -0.3187
INFO:__main__:Predicted uncertainity -0.7744
INFO:__main__:Completed epoch 36 of 100

INFO:__main__:NLL: -0.0396, L2: 0.0089, Reg: 0.0586
INFO:__main__:Total loss 0.0279
INFO:__main__:Predicted mean: -0.3323
INFO:__main__:Predicted uncertainity -0.8925
INFO:__main__:Completed epoch 37 of 100

INFO:__main__:NLL: 0.2720, L2: 0.0084, Reg: 0.0586
INFO:__main__:Total loss 0.3390
INFO:__main__:Predicted mean: -0.4079
INFO:__main__:Predicted uncertainity -0.7869
INFO:__main__:Completed epoch 38 of 100

INFO:__main__:NLL: 0.0052, L2: 0.0085, Reg: 0.0586
INFO:__main__:Total loss 0.0724
INFO:__main__:Predicted mean: -0.4130
INFO:__main__:Predicted uncertainity -0.7079
INFO:__main__:Completed epoch 39 of 100

INFO:__main__:NLL: 0.0655, L2: 0.0089, Reg: 0.0586
INFO:__main__:Total loss 0.1330
INFO:__main__:Predicted mean: -0.3948
INFO:__main__:Predicted uncertainity -0.6901
INFO:__main__:Completed epoch 40 of 100

INFO:__main__:NLL: -0.0395, L2: 0.0088, Reg: 0.0586
INFO:__main__:Total loss 0.0279
INFO:__main__:Predicted mean: -0.3920
INFO:__main__:Predicted uncertainity -0.7666
INFO:__main__:Completed epoch 41 of 100

INFO:__main__:NLL: 0.1511, L2: 0.0087, Reg: 0.0587
INFO:__main__:Total loss 0.2185
INFO:__main__:Predicted mean: -0.4010
INFO:__main__:Predicted uncertainity -0.6893
INFO:__main__:Completed epoch 42 of 100

INFO:__main__:NLL: 0.1093, L2: 0.0087, Reg: 0.0586
INFO:__main__:Total loss 0.1767
INFO:__main__:Predicted mean: -0.3851
INFO:__main__:Predicted uncertainity -0.8392
INFO:__main__:Completed epoch 43 of 100

INFO:__main__:NLL: 0.2830, L2: 0.0089, Reg: 0.0586
INFO:__main__:Total loss 0.3505
INFO:__main__:Predicted mean: -0.4425
INFO:__main__:Predicted uncertainity -0.7566
INFO:__main__:Completed epoch 44 of 100

INFO:__main__:NLL: 0.0977, L2: 0.0094, Reg: 0.0586
INFO:__main__:Total loss 0.1657
INFO:__main__:Predicted mean: -0.3893
INFO:__main__:Predicted uncertainity -0.7471
INFO:__main__:Completed epoch 45 of 100

INFO:__main__:NLL: 0.1364, L2: 0.0090, Reg: 0.0586
INFO:__main__:Total loss 0.2040
INFO:__main__:Predicted mean: -0.3670
INFO:__main__:Predicted uncertainity -0.7341
INFO:__main__:Completed epoch 46 of 100

INFO:__main__:NLL: 0.0029, L2: 0.0087, Reg: 0.0586
INFO:__main__:Total loss 0.0702
INFO:__main__:Predicted mean: -0.4083
INFO:__main__:Predicted uncertainity -0.7491
INFO:__main__:Completed epoch 47 of 100

INFO:__main__:NLL: 0.0557, L2: 0.0094, Reg: 0.0586
INFO:__main__:Total loss 0.1237
INFO:__main__:Predicted mean: -0.3614
INFO:__main__:Predicted uncertainity -0.8542
INFO:__main__:Completed epoch 48 of 100

INFO:__main__:NLL: 0.0443, L2: 0.0092, Reg: 0.0586
INFO:__main__:Total loss 0.1121
INFO:__main__:Predicted mean: -0.3411
INFO:__main__:Predicted uncertainity -0.6311
INFO:__main__:Completed epoch 49 of 100

INFO:__main__:NLL: 0.0213, L2: 0.0087, Reg: 0.0587
INFO:__main__:Total loss 0.0886
INFO:__main__:Predicted mean: -0.3818
INFO:__main__:Predicted uncertainity -0.7676
INFO:__main__:Completed epoch 50 of 100

INFO:__main__:NLL: 0.5310, L2: 0.0088, Reg: 0.0586
INFO:__main__:Total loss 0.5984
INFO:__main__:Predicted mean: -0.3968
INFO:__main__:Predicted uncertainity -0.8923
INFO:__main__:Completed epoch 51 of 100

INFO:__main__:NLL: -0.1312, L2: 0.0089, Reg: 0.0586
INFO:__main__:Total loss -0.0637
INFO:__main__:Predicted mean: -0.3933
INFO:__main__:Predicted uncertainity -0.8538
INFO:__main__:Completed epoch 52 of 100

INFO:__main__:NLL: -0.0165, L2: 0.0085, Reg: 0.0586
INFO:__main__:Total loss 0.0507
INFO:__main__:Predicted mean: -0.3943
INFO:__main__:Predicted uncertainity -0.6396
INFO:__main__:Completed epoch 53 of 100

INFO:__main__:NLL: 0.2683, L2: 0.0085, Reg: 0.0586
INFO:__main__:Total loss 0.3354
INFO:__main__:Predicted mean: -0.3712
INFO:__main__:Predicted uncertainity -0.7189
INFO:__main__:Completed epoch 54 of 100

INFO:__main__:NLL: 0.3210, L2: 0.0087, Reg: 0.0586
INFO:__main__:Total loss 0.3884
INFO:__main__:Predicted mean: -0.3422
INFO:__main__:Predicted uncertainity -0.7638
INFO:__main__:Completed epoch 55 of 100

INFO:__main__:NLL: 0.2489, L2: 0.0090, Reg: 0.0586
INFO:__main__:Total loss 0.3165
INFO:__main__:Predicted mean: -0.3731
INFO:__main__:Predicted uncertainity -0.7876
INFO:__main__:Completed epoch 56 of 100

INFO:__main__:NLL: 0.0338, L2: 0.0087, Reg: 0.0586
INFO:__main__:Total loss 0.1011
INFO:__main__:Predicted mean: -0.3790
INFO:__main__:Predicted uncertainity -0.6844
INFO:__main__:Completed epoch 57 of 100

INFO:__main__:NLL: 0.0002, L2: 0.0087, Reg: 0.0587
INFO:__main__:Total loss 0.0676
INFO:__main__:Predicted mean: -0.4371
INFO:__main__:Predicted uncertainity -0.6563
INFO:__main__:Completed epoch 58 of 100

INFO:__main__:NLL: 0.0188, L2: 0.0088, Reg: 0.0586
INFO:__main__:Total loss 0.0863
INFO:__main__:Predicted mean: -0.3324
INFO:__main__:Predicted uncertainity -0.6599
INFO:__main__:Completed epoch 59 of 100

INFO:__main__:NLL: 0.0831, L2: 0.0086, Reg: 0.0586
INFO:__main__:Total loss 0.1504
INFO:__main__:Predicted mean: -0.3857
INFO:__main__:Predicted uncertainity -0.7810
INFO:__main__:Completed epoch 60 of 100

INFO:__main__:NLL: 0.0993, L2: 0.0090, Reg: 0.0586
INFO:__main__:Total loss 0.1669
INFO:__main__:Predicted mean: -0.3324
INFO:__main__:Predicted uncertainity -0.7760
INFO:__main__:Completed epoch 61 of 100

INFO:__main__:NLL: 0.2607, L2: 0.0088, Reg: 0.0586
INFO:__main__:Total loss 0.3281
INFO:__main__:Predicted mean: -0.3428
INFO:__main__:Predicted uncertainity -0.7488
INFO:__main__:Completed epoch 62 of 100

INFO:__main__:NLL: 0.0384, L2: 0.0088, Reg: 0.0586
INFO:__main__:Total loss 0.1058
INFO:__main__:Predicted mean: -0.4438
INFO:__main__:Predicted uncertainity -0.7271
INFO:__main__:Completed epoch 63 of 100

INFO:__main__:NLL: 0.0976, L2: 0.0083, Reg: 0.0586
INFO:__main__:Total loss 0.1646
INFO:__main__:Predicted mean: -0.3564
INFO:__main__:Predicted uncertainity -0.7821
INFO:__main__:Completed epoch 64 of 100

INFO:__main__:NLL: -0.0438, L2: 0.0084, Reg: 0.0586
INFO:__main__:Total loss 0.0232
INFO:__main__:Predicted mean: -0.3502
INFO:__main__:Predicted uncertainity -0.7735
INFO:__main__:Completed epoch 65 of 100

INFO:__main__:NLL: 0.1705, L2: 0.0086, Reg: 0.0586
INFO:__main__:Total loss 0.2378
INFO:__main__:Predicted mean: -0.3980
INFO:__main__:Predicted uncertainity -0.6965
INFO:__main__:Completed epoch 66 of 100

INFO:__main__:NLL: 0.0224, L2: 0.0085, Reg: 0.0586
INFO:__main__:Total loss 0.0895
INFO:__main__:Predicted mean: -0.3793
INFO:__main__:Predicted uncertainity -0.7808
INFO:__main__:Completed epoch 67 of 100

INFO:__main__:NLL: 0.0176, L2: 0.0086, Reg: 0.0586
INFO:__main__:Total loss 0.0847
INFO:__main__:Predicted mean: -0.3444
INFO:__main__:Predicted uncertainity -0.8152
INFO:__main__:Completed epoch 68 of 100

INFO:__main__:NLL: 0.0007, L2: 0.0084, Reg: 0.0586
INFO:__main__:Total loss 0.0677
INFO:__main__:Predicted mean: -0.3762
INFO:__main__:Predicted uncertainity -0.7577
INFO:__main__:Completed epoch 69 of 100

INFO:__main__:NLL: 0.3912, L2: 0.0094, Reg: 0.0586
INFO:__main__:Total loss 0.4592
INFO:__main__:Predicted mean: -0.4178
INFO:__main__:Predicted uncertainity -0.6806
INFO:__main__:Completed epoch 70 of 100

INFO:__main__:NLL: -0.0739, L2: 0.0093, Reg: 0.0586
INFO:__main__:Total loss -0.0059
INFO:__main__:Predicted mean: -0.4052
INFO:__main__:Predicted uncertainity -0.7630
INFO:__main__:Completed epoch 71 of 100

INFO:__main__:NLL: 0.3933, L2: 0.0089, Reg: 0.0586
INFO:__main__:Total loss 0.4608
INFO:__main__:Predicted mean: -0.4335
INFO:__main__:Predicted uncertainity -0.8640
INFO:__main__:Completed epoch 72 of 100

INFO:__main__:NLL: 0.3784, L2: 0.0090, Reg: 0.0586
INFO:__main__:Total loss 0.4460
INFO:__main__:Predicted mean: -0.3790
INFO:__main__:Predicted uncertainity -0.8157
INFO:__main__:Completed epoch 73 of 100

INFO:__main__:NLL: 0.1368, L2: 0.0086, Reg: 0.0587
INFO:__main__:Total loss 0.2041
INFO:__main__:Predicted mean: -0.3603
INFO:__main__:Predicted uncertainity -0.8433
INFO:__main__:Completed epoch 74 of 100

INFO:__main__:NLL: -0.0294, L2: 0.0095, Reg: 0.0587
INFO:__main__:Total loss 0.0388
INFO:__main__:Predicted mean: -0.3959
INFO:__main__:Predicted uncertainity -0.8611
INFO:__main__:Completed epoch 75 of 100

INFO:__main__:NLL: 0.1073, L2: 0.0084, Reg: 0.0586
INFO:__main__:Total loss 0.1744
INFO:__main__:Predicted mean: -0.3869
INFO:__main__:Predicted uncertainity -0.7101
INFO:__main__:Completed epoch 76 of 100

INFO:__main__:NLL: 0.1474, L2: 0.0086, Reg: 0.0586
INFO:__main__:Total loss 0.2146
INFO:__main__:Predicted mean: -0.4127
INFO:__main__:Predicted uncertainity -0.7641
INFO:__main__:Completed epoch 77 of 100

INFO:__main__:NLL: 0.1725, L2: 0.0087, Reg: 0.0586
INFO:__main__:Total loss 0.2398
INFO:__main__:Predicted mean: -0.3552
INFO:__main__:Predicted uncertainity -0.7450
INFO:__main__:Completed epoch 78 of 100

INFO:__main__:NLL: 0.2334, L2: 0.0091, Reg: 0.0586
INFO:__main__:Total loss 0.3011
INFO:__main__:Predicted mean: -0.3319
INFO:__main__:Predicted uncertainity -0.6421
INFO:__main__:Completed epoch 79 of 100

INFO:__main__:NLL: 0.1255, L2: 0.0088, Reg: 0.0587
INFO:__main__:Total loss 0.1930
INFO:__main__:Predicted mean: -0.3472
INFO:__main__:Predicted uncertainity -0.6527
INFO:__main__:Completed epoch 80 of 100

INFO:__main__:NLL: -0.0408, L2: 0.0087, Reg: 0.0586
INFO:__main__:Total loss 0.0266
INFO:__main__:Predicted mean: -0.4130
INFO:__main__:Predicted uncertainity -0.7572
INFO:__main__:Completed epoch 81 of 100

INFO:__main__:NLL: 0.0576, L2: 0.0084, Reg: 0.0586
INFO:__main__:Total loss 0.1246
INFO:__main__:Predicted mean: -0.3894
INFO:__main__:Predicted uncertainity -0.8390
INFO:__main__:Completed epoch 82 of 100

INFO:__main__:NLL: 0.0033, L2: 0.0091, Reg: 0.0587
INFO:__main__:Total loss 0.0710
INFO:__main__:Predicted mean: -0.3779
INFO:__main__:Predicted uncertainity -0.8043
INFO:__main__:Completed epoch 83 of 100

INFO:__main__:NLL: 0.2973, L2: 0.0087, Reg: 0.0586
INFO:__main__:Total loss 0.3645
INFO:__main__:Predicted mean: -0.3596
INFO:__main__:Predicted uncertainity -0.7210
INFO:__main__:Completed epoch 84 of 100

INFO:__main__:NLL: 0.1352, L2: 0.0089, Reg: 0.0586
INFO:__main__:Total loss 0.2028
INFO:__main__:Predicted mean: -0.4022
INFO:__main__:Predicted uncertainity -0.6881
INFO:__main__:Completed epoch 85 of 100

INFO:__main__:NLL: -0.1481, L2: 0.0086, Reg: 0.0586
INFO:__main__:Total loss -0.0809
INFO:__main__:Predicted mean: -0.4146
INFO:__main__:Predicted uncertainity -0.7638
INFO:__main__:Completed epoch 86 of 100

INFO:__main__:NLL: 0.0825, L2: 0.0083, Reg: 0.0586
INFO:__main__:Total loss 0.1494
INFO:__main__:Predicted mean: -0.3759
INFO:__main__:Predicted uncertainity -0.7222
INFO:__main__:Completed epoch 87 of 100

INFO:__main__:NLL: 0.0809, L2: 0.0084, Reg: 0.0586
INFO:__main__:Total loss 0.1479
INFO:__main__:Predicted mean: -0.3606
INFO:__main__:Predicted uncertainity -0.6851
INFO:__main__:Completed epoch 88 of 100

INFO:__main__:NLL: 0.0605, L2: 0.0082, Reg: 0.0586
INFO:__main__:Total loss 0.1274
INFO:__main__:Predicted mean: -0.3426
INFO:__main__:Predicted uncertainity -0.7433
INFO:__main__:Completed epoch 89 of 100

INFO:__main__:NLL: 0.1360, L2: 0.0087, Reg: 0.0586
INFO:__main__:Total loss 0.2033
INFO:__main__:Predicted mean: -0.3699
INFO:__main__:Predicted uncertainity -0.7224
INFO:__main__:Completed epoch 90 of 100

INFO:__main__:NLL: 0.1748, L2: 0.0089, Reg: 0.0586
INFO:__main__:Total loss 0.2423
INFO:__main__:Predicted mean: -0.4016
INFO:__main__:Predicted uncertainity -0.7853
INFO:__main__:Completed epoch 91 of 100

INFO:__main__:NLL: 0.0608, L2: 0.0086, Reg: 0.0586
INFO:__main__:Total loss 0.1280
INFO:__main__:Predicted mean: -0.3977
INFO:__main__:Predicted uncertainity -0.8948
INFO:__main__:Completed epoch 92 of 100

INFO:__main__:NLL: -0.0342, L2: 0.0090, Reg: 0.0587
INFO:__main__:Total loss 0.0334
INFO:__main__:Predicted mean: -0.3842
INFO:__main__:Predicted uncertainity -0.7892
INFO:__main__:Completed epoch 93 of 100

INFO:__main__:NLL: 0.0716, L2: 0.0088, Reg: 0.0586
INFO:__main__:Total loss 0.1390
INFO:__main__:Predicted mean: -0.3352
INFO:__main__:Predicted uncertainity -0.6820
INFO:__main__:Completed epoch 94 of 100

INFO:__main__:NLL: 0.2207, L2: 0.0084, Reg: 0.0586
INFO:__main__:Total loss 0.2877
INFO:__main__:Predicted mean: -0.3509
INFO:__main__:Predicted uncertainity -0.6617
INFO:__main__:Completed epoch 95 of 100

INFO:__main__:NLL: 0.2542, L2: 0.0082, Reg: 0.0586
INFO:__main__:Total loss 0.3210
INFO:__main__:Predicted mean: -0.4099
INFO:__main__:Predicted uncertainity -0.8674
INFO:__main__:Completed epoch 96 of 100

INFO:__main__:NLL: -0.0059, L2: 0.0086, Reg: 0.0586
INFO:__main__:Total loss 0.0613
INFO:__main__:Predicted mean: -0.2987
INFO:__main__:Predicted uncertainity -0.6788
INFO:__main__:Completed epoch 97 of 100

INFO:__main__:NLL: 0.0102, L2: 0.0086, Reg: 0.0586
INFO:__main__:Total loss 0.0774
INFO:__main__:Predicted mean: -0.3634
INFO:__main__:Predicted uncertainity -0.6734
INFO:__main__:Completed epoch 98 of 100

INFO:__main__:NLL: 0.2457, L2: 0.0088, Reg: 0.0586
INFO:__main__:Total loss 0.3131
INFO:__main__:Predicted mean: -0.4250
INFO:__main__:Predicted uncertainity -0.8766
INFO:__main__:Completed epoch 99 of 100

INFO:__main__:NLL: 0.1301, L2: 0.0087, Reg: 0.0586
INFO:__main__:Total loss 0.1974
INFO:__main__:Predicted mean: -0.4003
INFO:__main__:Predicted uncertainity -0.7987
INFO:__main__:Completed epoch 100 of 100

INFO:__main__:390.654972 s
