INFO:__main__:PROCESS RUNNING ON cpu
INFO:__main__:NLL: 0.3104, L2: 0.0003, Reg: -0.0075
INFO:__main__:Total loss 0.3033
INFO:__main__:Predicted mean: -0.0017
INFO:__main__:Predicted uncertainity -0.0006
INFO:__main__:Completed epoch 1 of 100

INFO:__main__:NLL: 0.3106, L2: 0.0002, Reg: -0.0071
INFO:__main__:Total loss 0.3036
INFO:__main__:Predicted mean: -0.0015
INFO:__main__:Predicted uncertainity -0.0002
INFO:__main__:Completed epoch 2 of 100

INFO:__main__:NLL: 0.3104, L2: 0.0029, Reg: -0.0066
INFO:__main__:Total loss 0.3066
INFO:__main__:Predicted mean: -0.0020
INFO:__main__:Predicted uncertainity -0.0007
INFO:__main__:Completed epoch 3 of 100

INFO:__main__:NLL: 0.3103, L2: 0.0011, Reg: -0.0063
INFO:__main__:Total loss 0.3051
INFO:__main__:Predicted mean: -0.0025
INFO:__main__:Predicted uncertainity -0.0004
INFO:__main__:Completed epoch 4 of 100

INFO:__main__:NLL: 0.3104, L2: 0.0049, Reg: -0.0082
INFO:__main__:Total loss 0.3071
INFO:__main__:Predicted mean: -0.0020
INFO:__main__:Predicted uncertainity -0.0007
INFO:__main__:Completed epoch 5 of 100

INFO:__main__:NLL: 0.3104, L2: 0.0024, Reg: -0.0075
INFO:__main__:Total loss 0.3053
INFO:__main__:Predicted mean: -0.0023
INFO:__main__:Predicted uncertainity -0.0004
INFO:__main__:Completed epoch 6 of 100

INFO:__main__:NLL: 0.3104, L2: 0.0070, Reg: -0.0067
INFO:__main__:Total loss 0.3107
INFO:__main__:Predicted mean: -0.0019
INFO:__main__:Predicted uncertainity -0.0005
INFO:__main__:Completed epoch 7 of 100

INFO:__main__:NLL: 0.3104, L2: 0.0053, Reg: -0.0067
INFO:__main__:Total loss 0.3091
INFO:__main__:Predicted mean: -0.0025
INFO:__main__:Predicted uncertainity 0.0000
INFO:__main__:Completed epoch 8 of 100

INFO:__main__:NLL: 0.3104, L2: 0.0095, Reg: -0.0075
INFO:__main__:Total loss 0.3124
INFO:__main__:Predicted mean: -0.0029
INFO:__main__:Predicted uncertainity 0.0002
INFO:__main__:Completed epoch 9 of 100

INFO:__main__:NLL: 0.3104, L2: 0.0103, Reg: -0.0071
INFO:__main__:Total loss 0.3135
INFO:__main__:Predicted mean: -0.0028
INFO:__main__:Predicted uncertainity 0.0003
INFO:__main__:Completed epoch 10 of 100

INFO:__main__:NLL: 0.3103, L2: 0.0139, Reg: -0.0071
INFO:__main__:Total loss 0.3171
INFO:__main__:Predicted mean: -0.0033
INFO:__main__:Predicted uncertainity 0.0002
INFO:__main__:Completed epoch 11 of 100

INFO:__main__:NLL: 0.3102, L2: 0.0146, Reg: -0.0085
INFO:__main__:Total loss 0.3163
INFO:__main__:Predicted mean: -0.0036
INFO:__main__:Predicted uncertainity 0.0001
INFO:__main__:Completed epoch 12 of 100

INFO:__main__:NLL: 0.3102, L2: 0.0210, Reg: -0.0067
INFO:__main__:Total loss 0.3246
INFO:__main__:Predicted mean: -0.0037
INFO:__main__:Predicted uncertainity 0.0001
INFO:__main__:Completed epoch 13 of 100

INFO:__main__:NLL: 0.3102, L2: 0.0172, Reg: -0.0068
INFO:__main__:Total loss 0.3207
INFO:__main__:Predicted mean: -0.0037
INFO:__main__:Predicted uncertainity 0.0001
INFO:__main__:Completed epoch 14 of 100

INFO:__main__:NLL: 0.3102, L2: 0.0207, Reg: -0.0074
INFO:__main__:Total loss 0.3235
INFO:__main__:Predicted mean: -0.0037
INFO:__main__:Predicted uncertainity 0.0001
INFO:__main__:Completed epoch 15 of 100

INFO:__main__:NLL: 0.3102, L2: 0.0198, Reg: -0.0065
INFO:__main__:Total loss 0.3235
INFO:__main__:Predicted mean: -0.0037
INFO:__main__:Predicted uncertainity 0.0001
INFO:__main__:Completed epoch 16 of 100

INFO:__main__:NLL: 0.3102, L2: 0.0198, Reg: -0.0083
INFO:__main__:Total loss 0.3218
INFO:__main__:Predicted mean: -0.0037
INFO:__main__:Predicted uncertainity 0.0001
INFO:__main__:Completed epoch 17 of 100

INFO:__main__:NLL: 0.3102, L2: 0.0207, Reg: -0.0075
INFO:__main__:Total loss 0.3235
INFO:__main__:Predicted mean: -0.0037
INFO:__main__:Predicted uncertainity 0.0001
INFO:__main__:Completed epoch 18 of 100

INFO:__main__:NLL: 0.3102, L2: 0.0180, Reg: -0.0062
INFO:__main__:Total loss 0.3220
INFO:__main__:Predicted mean: -0.0037
INFO:__main__:Predicted uncertainity 0.0001
INFO:__main__:Completed epoch 19 of 100

INFO:__main__:NLL: 0.3102, L2: 0.0184, Reg: -0.0061
INFO:__main__:Total loss 0.3225
INFO:__main__:Predicted mean: -0.0037
INFO:__main__:Predicted uncertainity 0.0001
INFO:__main__:Completed epoch 20 of 100

INFO:__main__:NLL: 0.3102, L2: 0.0186, Reg: -0.0078
INFO:__main__:Total loss 0.3210
INFO:__main__:Predicted mean: -0.0037
INFO:__main__:Predicted uncertainity 0.0001
INFO:__main__:Completed epoch 21 of 100

INFO:__main__:NLL: 0.3102, L2: 0.0182, Reg: -0.0071
INFO:__main__:Total loss 0.3214
INFO:__main__:Predicted mean: -0.0037
INFO:__main__:Predicted uncertainity 0.0001
INFO:__main__:Completed epoch 22 of 100

INFO:__main__:NLL: 0.3102, L2: 0.0183, Reg: -0.0061
INFO:__main__:Total loss 0.3224
INFO:__main__:Predicted mean: -0.0037
INFO:__main__:Predicted uncertainity 0.0001
INFO:__main__:Completed epoch 23 of 100

INFO:__main__:NLL: 0.3102, L2: 0.0187, Reg: -0.0059
INFO:__main__:Total loss 0.3229
INFO:__main__:Predicted mean: -0.0037
INFO:__main__:Predicted uncertainity -0.0000
INFO:__main__:Completed epoch 24 of 100

INFO:__main__:NLL: 0.3102, L2: 0.0216, Reg: -0.0054
INFO:__main__:Total loss 0.3264
INFO:__main__:Predicted mean: -0.0037
INFO:__main__:Predicted uncertainity 0.0000
INFO:__main__:Completed epoch 25 of 100

INFO:__main__:NLL: 0.3102, L2: 0.0184, Reg: -0.0056
INFO:__main__:Total loss 0.3230
INFO:__main__:Predicted mean: -0.0037
INFO:__main__:Predicted uncertainity -0.0000
INFO:__main__:Completed epoch 26 of 100

INFO:__main__:NLL: 0.3102, L2: 0.0205, Reg: -0.0073
INFO:__main__:Total loss 0.3234
INFO:__main__:Predicted mean: -0.0037
INFO:__main__:Predicted uncertainity 0.0000
INFO:__main__:Completed epoch 27 of 100

INFO:__main__:NLL: 0.3102, L2: 0.0163, Reg: -0.0075
INFO:__main__:Total loss 0.3190
INFO:__main__:Predicted mean: -0.0037
INFO:__main__:Predicted uncertainity -0.0001
INFO:__main__:Completed epoch 28 of 100

INFO:__main__:NLL: 0.3102, L2: 0.0189, Reg: -0.0054
INFO:__main__:Total loss 0.3236
INFO:__main__:Predicted mean: -0.0037
INFO:__main__:Predicted uncertainity -0.0000
INFO:__main__:Completed epoch 29 of 100

INFO:__main__:NLL: 0.3102, L2: 0.0215, Reg: -0.0084
INFO:__main__:Total loss 0.3233
INFO:__main__:Predicted mean: -0.0037
INFO:__main__:Predicted uncertainity -0.0000
INFO:__main__:Completed epoch 30 of 100

INFO:__main__:NLL: 0.3102, L2: 0.0210, Reg: -0.0067
INFO:__main__:Total loss 0.3245
INFO:__main__:Predicted mean: -0.0037
INFO:__main__:Predicted uncertainity -0.0000
INFO:__main__:Completed epoch 31 of 100

INFO:__main__:NLL: 0.3102, L2: 0.0192, Reg: -0.0064
INFO:__main__:Total loss 0.3230
INFO:__main__:Predicted mean: -0.0037
INFO:__main__:Predicted uncertainity 0.0001
INFO:__main__:Completed epoch 32 of 100

INFO:__main__:NLL: 0.3102, L2: 0.0189, Reg: -0.0076
INFO:__main__:Total loss 0.3216
INFO:__main__:Predicted mean: -0.0037
INFO:__main__:Predicted uncertainity 0.0000
INFO:__main__:Completed epoch 33 of 100

INFO:__main__:NLL: 0.3102, L2: 0.0193, Reg: -0.0063
INFO:__main__:Total loss 0.3231
INFO:__main__:Predicted mean: -0.0037
INFO:__main__:Predicted uncertainity 0.0000
INFO:__main__:Completed epoch 34 of 100

INFO:__main__:NLL: 0.3102, L2: 0.0206, Reg: -0.0079
INFO:__main__:Total loss 0.3230
INFO:__main__:Predicted mean: -0.0037
INFO:__main__:Predicted uncertainity 0.0001
INFO:__main__:Completed epoch 35 of 100

INFO:__main__:NLL: 0.3102, L2: 0.0170, Reg: -0.0075
INFO:__main__:Total loss 0.3197
INFO:__main__:Predicted mean: -0.0037
INFO:__main__:Predicted uncertainity 0.0001
INFO:__main__:Completed epoch 36 of 100

INFO:__main__:NLL: 0.3102, L2: 0.0202, Reg: -0.0061
INFO:__main__:Total loss 0.3243
INFO:__main__:Predicted mean: -0.0037
INFO:__main__:Predicted uncertainity 0.0001
INFO:__main__:Completed epoch 37 of 100

INFO:__main__:NLL: 0.3102, L2: 0.0193, Reg: -0.0067
INFO:__main__:Total loss 0.3227
INFO:__main__:Predicted mean: -0.0037
INFO:__main__:Predicted uncertainity 0.0001
INFO:__main__:Completed epoch 38 of 100

INFO:__main__:NLL: 0.3102, L2: 0.0182, Reg: -0.0072
INFO:__main__:Total loss 0.3212
INFO:__main__:Predicted mean: -0.0037
INFO:__main__:Predicted uncertainity 0.0001
INFO:__main__:Completed epoch 39 of 100

INFO:__main__:NLL: 0.3102, L2: 0.0193, Reg: -0.0057
INFO:__main__:Total loss 0.3238
INFO:__main__:Predicted mean: -0.0037
INFO:__main__:Predicted uncertainity 0.0000
INFO:__main__:Completed epoch 40 of 100

INFO:__main__:NLL: 0.3102, L2: 0.0203, Reg: -0.0067
INFO:__main__:Total loss 0.3238
INFO:__main__:Predicted mean: -0.0037
INFO:__main__:Predicted uncertainity 0.0000
INFO:__main__:Completed epoch 41 of 100

INFO:__main__:NLL: 0.3102, L2: 0.0200, Reg: -0.0072
INFO:__main__:Total loss 0.3230
INFO:__main__:Predicted mean: -0.0037
INFO:__main__:Predicted uncertainity 0.0001
INFO:__main__:Completed epoch 42 of 100

INFO:__main__:NLL: 0.3102, L2: 0.0217, Reg: -0.0066
INFO:__main__:Total loss 0.3253
INFO:__main__:Predicted mean: -0.0037
INFO:__main__:Predicted uncertainity 0.0001
INFO:__main__:Completed epoch 43 of 100

INFO:__main__:NLL: 0.3102, L2: 0.0176, Reg: -0.0073
INFO:__main__:Total loss 0.3205
INFO:__main__:Predicted mean: -0.0037
INFO:__main__:Predicted uncertainity 0.0001
INFO:__main__:Completed epoch 44 of 100

INFO:__main__:NLL: 0.3102, L2: 0.0247, Reg: -0.0070
INFO:__main__:Total loss 0.3278
INFO:__main__:Predicted mean: -0.0037
INFO:__main__:Predicted uncertainity 0.0001
INFO:__main__:Completed epoch 45 of 100

INFO:__main__:NLL: 0.3102, L2: 0.0216, Reg: -0.0070
INFO:__main__:Total loss 0.3248
INFO:__main__:Predicted mean: -0.0037
INFO:__main__:Predicted uncertainity 0.0001
INFO:__main__:Completed epoch 46 of 100

INFO:__main__:NLL: 0.3102, L2: 0.0179, Reg: -0.0070
INFO:__main__:Total loss 0.3211
INFO:__main__:Predicted mean: -0.0037
INFO:__main__:Predicted uncertainity 0.0000
INFO:__main__:Completed epoch 47 of 100

INFO:__main__:NLL: 0.3102, L2: 0.0198, Reg: -0.0068
INFO:__main__:Total loss 0.3232
INFO:__main__:Predicted mean: -0.0037
INFO:__main__:Predicted uncertainity -0.0000
INFO:__main__:Completed epoch 48 of 100

INFO:__main__:NLL: 0.3102, L2: 0.0202, Reg: -0.0069
INFO:__main__:Total loss 0.3235
INFO:__main__:Predicted mean: -0.0037
INFO:__main__:Predicted uncertainity 0.0001
INFO:__main__:Completed epoch 49 of 100

INFO:__main__:NLL: 0.3102, L2: 0.0156, Reg: -0.0075
INFO:__main__:Total loss 0.3183
INFO:__main__:Predicted mean: -0.0037
INFO:__main__:Predicted uncertainity 0.0001
INFO:__main__:Completed epoch 50 of 100

INFO:__main__:NLL: 0.3102, L2: 0.0188, Reg: -0.0061
INFO:__main__:Total loss 0.3230
INFO:__main__:Predicted mean: -0.0037
INFO:__main__:Predicted uncertainity 0.0001
INFO:__main__:Completed epoch 51 of 100

INFO:__main__:NLL: 0.3102, L2: 0.0190, Reg: -0.0052
INFO:__main__:Total loss 0.3240
INFO:__main__:Predicted mean: -0.0037
INFO:__main__:Predicted uncertainity 0.0001
INFO:__main__:Completed epoch 52 of 100

INFO:__main__:NLL: 0.3102, L2: 0.0191, Reg: -0.0074
INFO:__main__:Total loss 0.3219
INFO:__main__:Predicted mean: -0.0037
INFO:__main__:Predicted uncertainity 0.0000
INFO:__main__:Completed epoch 53 of 100

INFO:__main__:NLL: 0.3102, L2: 0.0216, Reg: -0.0062
INFO:__main__:Total loss 0.3256
INFO:__main__:Predicted mean: -0.0037
INFO:__main__:Predicted uncertainity 0.0000
INFO:__main__:Completed epoch 54 of 100

INFO:__main__:NLL: 0.3102, L2: 0.0158, Reg: -0.0072
INFO:__main__:Total loss 0.3187
INFO:__main__:Predicted mean: -0.0037
INFO:__main__:Predicted uncertainity 0.0000
INFO:__main__:Completed epoch 55 of 100

INFO:__main__:NLL: 0.3102, L2: 0.0228, Reg: -0.0070
INFO:__main__:Total loss 0.3260
INFO:__main__:Predicted mean: -0.0037
INFO:__main__:Predicted uncertainity 0.0001
INFO:__main__:Completed epoch 56 of 100

INFO:__main__:NLL: 0.3102, L2: 0.0200, Reg: -0.0074
INFO:__main__:Total loss 0.3228
INFO:__main__:Predicted mean: -0.0037
INFO:__main__:Predicted uncertainity 0.0001
INFO:__main__:Completed epoch 57 of 100

INFO:__main__:NLL: 0.3102, L2: 0.0178, Reg: -0.0067
INFO:__main__:Total loss 0.3213
INFO:__main__:Predicted mean: -0.0037
INFO:__main__:Predicted uncertainity 0.0001
INFO:__main__:Completed epoch 58 of 100

INFO:__main__:NLL: 0.3102, L2: 0.0212, Reg: -0.0059
INFO:__main__:Total loss 0.3255
INFO:__main__:Predicted mean: -0.0037
INFO:__main__:Predicted uncertainity -0.0000
INFO:__main__:Completed epoch 59 of 100

INFO:__main__:NLL: 0.3102, L2: 0.0184, Reg: -0.0064
INFO:__main__:Total loss 0.3221
INFO:__main__:Predicted mean: -0.0037
INFO:__main__:Predicted uncertainity 0.0000
INFO:__main__:Completed epoch 60 of 100

INFO:__main__:NLL: 0.3102, L2: 0.0206, Reg: -0.0074
INFO:__main__:Total loss 0.3234
INFO:__main__:Predicted mean: -0.0036
INFO:__main__:Predicted uncertainity 0.0001
INFO:__main__:Completed epoch 61 of 100

INFO:__main__:NLL: 0.3102, L2: 0.0153, Reg: -0.0072
INFO:__main__:Total loss 0.3183
INFO:__main__:Predicted mean: -0.0037
INFO:__main__:Predicted uncertainity 0.0001
INFO:__main__:Completed epoch 62 of 100

INFO:__main__:NLL: 0.3102, L2: 0.0225, Reg: -0.0066
INFO:__main__:Total loss 0.3262
INFO:__main__:Predicted mean: -0.0037
INFO:__main__:Predicted uncertainity 0.0001
INFO:__main__:Completed epoch 63 of 100

INFO:__main__:NLL: 0.3102, L2: 0.0197, Reg: -0.0067
INFO:__main__:Total loss 0.3232
INFO:__main__:Predicted mean: -0.0037
INFO:__main__:Predicted uncertainity 0.0001
INFO:__main__:Completed epoch 64 of 100

INFO:__main__:NLL: 0.3102, L2: 0.0202, Reg: -0.0068
INFO:__main__:Total loss 0.3236
INFO:__main__:Predicted mean: -0.0037
INFO:__main__:Predicted uncertainity 0.0000
INFO:__main__:Completed epoch 65 of 100

INFO:__main__:NLL: 0.3102, L2: 0.0196, Reg: -0.0064
INFO:__main__:Total loss 0.3234
INFO:__main__:Predicted mean: -0.0037
INFO:__main__:Predicted uncertainity 0.0000
INFO:__main__:Completed epoch 66 of 100

INFO:__main__:NLL: 0.3102, L2: 0.0182, Reg: -0.0069
INFO:__main__:Total loss 0.3215
INFO:__main__:Predicted mean: -0.0037
INFO:__main__:Predicted uncertainity 0.0000
INFO:__main__:Completed epoch 67 of 100

INFO:__main__:NLL: 0.3102, L2: 0.0194, Reg: -0.0065
INFO:__main__:Total loss 0.3231
INFO:__main__:Predicted mean: -0.0037
INFO:__main__:Predicted uncertainity 0.0001
INFO:__main__:Completed epoch 68 of 100

INFO:__main__:NLL: 0.3102, L2: 0.0166, Reg: -0.0080
INFO:__main__:Total loss 0.3188
INFO:__main__:Predicted mean: -0.0037
INFO:__main__:Predicted uncertainity 0.0001
INFO:__main__:Completed epoch 69 of 100

INFO:__main__:NLL: 0.3102, L2: 0.0220, Reg: -0.0083
INFO:__main__:Total loss 0.3240
INFO:__main__:Predicted mean: -0.0037
INFO:__main__:Predicted uncertainity 0.0000
INFO:__main__:Completed epoch 70 of 100

INFO:__main__:NLL: 0.3102, L2: 0.0199, Reg: -0.0064
INFO:__main__:Total loss 0.3237
INFO:__main__:Predicted mean: -0.0037
INFO:__main__:Predicted uncertainity 0.0000
INFO:__main__:Completed epoch 71 of 100

INFO:__main__:NLL: 0.3102, L2: 0.0229, Reg: -0.0066
INFO:__main__:Total loss 0.3265
INFO:__main__:Predicted mean: -0.0037
INFO:__main__:Predicted uncertainity -0.0000
INFO:__main__:Completed epoch 72 of 100

INFO:__main__:NLL: 0.3102, L2: 0.0220, Reg: -0.0077
INFO:__main__:Total loss 0.3245
INFO:__main__:Predicted mean: -0.0037
INFO:__main__:Predicted uncertainity -0.0000
INFO:__main__:Completed epoch 73 of 100

INFO:__main__:NLL: 0.3102, L2: 0.0186, Reg: -0.0076
INFO:__main__:Total loss 0.3212
INFO:__main__:Predicted mean: -0.0037
INFO:__main__:Predicted uncertainity 0.0000
INFO:__main__:Completed epoch 74 of 100

INFO:__main__:NLL: 0.3102, L2: 0.0126, Reg: -0.0069
INFO:__main__:Total loss 0.3159
INFO:__main__:Predicted mean: -0.0037
INFO:__main__:Predicted uncertainity 0.0000
INFO:__main__:Completed epoch 75 of 100

INFO:__main__:NLL: 0.3102, L2: 0.0232, Reg: -0.0066
INFO:__main__:Total loss 0.3268
INFO:__main__:Predicted mean: -0.0037
INFO:__main__:Predicted uncertainity 0.0000
INFO:__main__:Completed epoch 76 of 100

INFO:__main__:NLL: 0.3102, L2: 0.0205, Reg: -0.0065
INFO:__main__:Total loss 0.3242
INFO:__main__:Predicted mean: -0.0037
INFO:__main__:Predicted uncertainity 0.0001
INFO:__main__:Completed epoch 77 of 100

INFO:__main__:NLL: 0.3102, L2: 0.0214, Reg: -0.0068
INFO:__main__:Total loss 0.3248
INFO:__main__:Predicted mean: -0.0037
INFO:__main__:Predicted uncertainity 0.0001
INFO:__main__:Completed epoch 78 of 100

INFO:__main__:NLL: 0.3102, L2: 0.0175, Reg: -0.0059
INFO:__main__:Total loss 0.3218
INFO:__main__:Predicted mean: -0.0037
INFO:__main__:Predicted uncertainity 0.0000
INFO:__main__:Completed epoch 79 of 100

INFO:__main__:NLL: 0.3102, L2: 0.0161, Reg: -0.0067
INFO:__main__:Total loss 0.3196
INFO:__main__:Predicted mean: -0.0037
INFO:__main__:Predicted uncertainity 0.0000
INFO:__main__:Completed epoch 80 of 100

INFO:__main__:NLL: 0.3102, L2: 0.0178, Reg: -0.0083
INFO:__main__:Total loss 0.3197
INFO:__main__:Predicted mean: -0.0037
INFO:__main__:Predicted uncertainity -0.0000
INFO:__main__:Completed epoch 81 of 100

INFO:__main__:NLL: 0.3102, L2: 0.0184, Reg: -0.0059
INFO:__main__:Total loss 0.3227
INFO:__main__:Predicted mean: -0.0037
INFO:__main__:Predicted uncertainity 0.0001
INFO:__main__:Completed epoch 82 of 100

INFO:__main__:NLL: 0.3102, L2: 0.0182, Reg: -0.0070
INFO:__main__:Total loss 0.3214
INFO:__main__:Predicted mean: -0.0037
INFO:__main__:Predicted uncertainity 0.0000
INFO:__main__:Completed epoch 83 of 100

INFO:__main__:NLL: 0.3102, L2: 0.0172, Reg: -0.0066
INFO:__main__:Total loss 0.3208
INFO:__main__:Predicted mean: -0.0037
INFO:__main__:Predicted uncertainity 0.0000
INFO:__main__:Completed epoch 84 of 100

INFO:__main__:NLL: 0.3102, L2: 0.0217, Reg: -0.0065
INFO:__main__:Total loss 0.3254
INFO:__main__:Predicted mean: -0.0037
INFO:__main__:Predicted uncertainity 0.0000
INFO:__main__:Completed epoch 85 of 100

INFO:__main__:NLL: 0.3102, L2: 0.0191, Reg: -0.0058
INFO:__main__:Total loss 0.3235
INFO:__main__:Predicted mean: -0.0037
INFO:__main__:Predicted uncertainity 0.0000
INFO:__main__:Completed epoch 86 of 100

INFO:__main__:NLL: 0.3102, L2: 0.0189, Reg: -0.0079
INFO:__main__:Total loss 0.3212
INFO:__main__:Predicted mean: -0.0037
INFO:__main__:Predicted uncertainity 0.0000
INFO:__main__:Completed epoch 87 of 100

INFO:__main__:NLL: 0.3102, L2: 0.0192, Reg: -0.0063
INFO:__main__:Total loss 0.3231
INFO:__main__:Predicted mean: -0.0037
INFO:__main__:Predicted uncertainity 0.0001
INFO:__main__:Completed epoch 88 of 100

INFO:__main__:NLL: 0.3102, L2: 0.0170, Reg: -0.0068
INFO:__main__:Total loss 0.3204
INFO:__main__:Predicted mean: -0.0037
INFO:__main__:Predicted uncertainity -0.0000
INFO:__main__:Completed epoch 89 of 100

INFO:__main__:NLL: 0.3102, L2: 0.0173, Reg: -0.0069
INFO:__main__:Total loss 0.3207
INFO:__main__:Predicted mean: -0.0037
INFO:__main__:Predicted uncertainity 0.0000
INFO:__main__:Completed epoch 90 of 100

INFO:__main__:NLL: 0.3102, L2: 0.0165, Reg: -0.0072
INFO:__main__:Total loss 0.3195
INFO:__main__:Predicted mean: -0.0037
INFO:__main__:Predicted uncertainity 0.0001
INFO:__main__:Completed epoch 91 of 100

INFO:__main__:NLL: 0.3102, L2: 0.0193, Reg: -0.0056
INFO:__main__:Total loss 0.3240
INFO:__main__:Predicted mean: -0.0037
INFO:__main__:Predicted uncertainity 0.0001
INFO:__main__:Completed epoch 92 of 100

INFO:__main__:NLL: 0.3102, L2: 0.0203, Reg: -0.0066
INFO:__main__:Total loss 0.3239
INFO:__main__:Predicted mean: -0.0037
INFO:__main__:Predicted uncertainity 0.0001
INFO:__main__:Completed epoch 93 of 100

INFO:__main__:NLL: 0.3102, L2: 0.0205, Reg: -0.0065
INFO:__main__:Total loss 0.3242
INFO:__main__:Predicted mean: -0.0037
INFO:__main__:Predicted uncertainity 0.0002
INFO:__main__:Completed epoch 94 of 100

INFO:__main__:NLL: 0.3102, L2: 0.0203, Reg: -0.0062
INFO:__main__:Total loss 0.3244
INFO:__main__:Predicted mean: -0.0037
INFO:__main__:Predicted uncertainity 0.0001
INFO:__main__:Completed epoch 95 of 100

INFO:__main__:NLL: 0.3102, L2: 0.0200, Reg: -0.0079
INFO:__main__:Total loss 0.3223
INFO:__main__:Predicted mean: -0.0037
INFO:__main__:Predicted uncertainity 0.0001
INFO:__main__:Completed epoch 96 of 100

INFO:__main__:NLL: 0.3102, L2: 0.0199, Reg: -0.0063
INFO:__main__:Total loss 0.3237
INFO:__main__:Predicted mean: -0.0037
INFO:__main__:Predicted uncertainity 0.0001
INFO:__main__:Completed epoch 97 of 100

INFO:__main__:NLL: 0.3102, L2: 0.0185, Reg: -0.0082
INFO:__main__:Total loss 0.3205
INFO:__main__:Predicted mean: -0.0037
INFO:__main__:Predicted uncertainity 0.0001
INFO:__main__:Completed epoch 98 of 100

INFO:__main__:NLL: 0.3102, L2: 0.0213, Reg: -0.0066
INFO:__main__:Total loss 0.3249
INFO:__main__:Predicted mean: -0.0037
INFO:__main__:Predicted uncertainity 0.0001
INFO:__main__:Completed epoch 99 of 100

INFO:__main__:NLL: 0.3102, L2: 0.0187, Reg: -0.0070
INFO:__main__:Total loss 0.3218
INFO:__main__:Predicted mean: -0.0037
INFO:__main__:Predicted uncertainity 0.0000
INFO:__main__:Completed epoch 100 of 100

INFO:__main__:514.360143 s
