INFO:__main__:PROCESS RUNNING ON cpu
INFO:__main__:NLL: 0.1168, L2: 0.0482, Reg: 0.0026
INFO:__main__:Total loss 0.1676
INFO:__main__:Predicted mean: -0.4353
INFO:__main__:Predicted uncertainity -0.6759
INFO:__main__:Completed epoch 1 of 100

INFO:__main__:NLL: 0.1288, L2: 0.0556, Reg: 0.0033
INFO:__main__:Total loss 0.1877
INFO:__main__:Predicted mean: -0.4639
INFO:__main__:Predicted uncertainity -0.8082
INFO:__main__:Completed epoch 2 of 100

INFO:__main__:NLL: 0.2862, L2: 0.0461, Reg: 0.0022
INFO:__main__:Total loss 0.3345
INFO:__main__:Predicted mean: -0.5213
INFO:__main__:Predicted uncertainity -0.6791
INFO:__main__:Completed epoch 3 of 100

INFO:__main__:NLL: 0.1868, L2: 0.0474, Reg: 0.0024
INFO:__main__:Total loss 0.2366
INFO:__main__:Predicted mean: -0.4421
INFO:__main__:Predicted uncertainity -0.7291
INFO:__main__:Completed epoch 4 of 100

INFO:__main__:NLL: 0.1856, L2: 0.0432, Reg: 0.0019
INFO:__main__:Total loss 0.2307
INFO:__main__:Predicted mean: -0.4890
INFO:__main__:Predicted uncertainity -0.5768
INFO:__main__:Completed epoch 5 of 100

INFO:__main__:NLL: 0.2066, L2: 0.0546, Reg: 0.0027
INFO:__main__:Total loss 0.2638
INFO:__main__:Predicted mean: -0.4963
INFO:__main__:Predicted uncertainity -0.7127
INFO:__main__:Completed epoch 6 of 100

INFO:__main__:NLL: 0.1816, L2: 0.0512, Reg: 0.0026
INFO:__main__:Total loss 0.2354
INFO:__main__:Predicted mean: -0.4782
INFO:__main__:Predicted uncertainity -0.6588
INFO:__main__:Completed epoch 7 of 100

INFO:__main__:NLL: 0.2427, L2: 0.0537, Reg: 0.0026
INFO:__main__:Total loss 0.2989
INFO:__main__:Predicted mean: -0.4759
INFO:__main__:Predicted uncertainity -0.6244
INFO:__main__:Completed epoch 8 of 100

INFO:__main__:NLL: 0.0613, L2: 0.0584, Reg: 0.0034
INFO:__main__:Total loss 0.1231
INFO:__main__:Predicted mean: -0.4370
INFO:__main__:Predicted uncertainity -0.7650
INFO:__main__:Completed epoch 9 of 100

INFO:__main__:NLL: 0.3407, L2: 0.0525, Reg: 0.0030
INFO:__main__:Total loss 0.3963
INFO:__main__:Predicted mean: -0.4884
INFO:__main__:Predicted uncertainity -0.7994
INFO:__main__:Completed epoch 10 of 100

INFO:__main__:NLL: 0.1095, L2: 0.0480, Reg: 0.0028
INFO:__main__:Total loss 0.1602
INFO:__main__:Predicted mean: -0.4855
INFO:__main__:Predicted uncertainity -0.8091
INFO:__main__:Completed epoch 11 of 100

INFO:__main__:NLL: 0.1836, L2: 0.0442, Reg: 0.0020
INFO:__main__:Total loss 0.2298
INFO:__main__:Predicted mean: -0.4201
INFO:__main__:Predicted uncertainity -0.5268
INFO:__main__:Completed epoch 12 of 100

INFO:__main__:NLL: 0.1468, L2: 0.0465, Reg: 0.0023
INFO:__main__:Total loss 0.1956
INFO:__main__:Predicted mean: -0.4054
INFO:__main__:Predicted uncertainity -0.6709
INFO:__main__:Completed epoch 13 of 100

INFO:__main__:NLL: 0.2394, L2: 0.0557, Reg: 0.0031
INFO:__main__:Total loss 0.2982
INFO:__main__:Predicted mean: -0.4572
INFO:__main__:Predicted uncertainity -0.7810
INFO:__main__:Completed epoch 14 of 100

INFO:__main__:NLL: 0.1951, L2: 0.0501, Reg: 0.0026
INFO:__main__:Total loss 0.2478
INFO:__main__:Predicted mean: -0.3941
INFO:__main__:Predicted uncertainity -0.7243
INFO:__main__:Completed epoch 15 of 100

INFO:__main__:NLL: 0.1905, L2: 0.0543, Reg: 0.0030
INFO:__main__:Total loss 0.2478
INFO:__main__:Predicted mean: -0.4231
INFO:__main__:Predicted uncertainity -0.7940
INFO:__main__:Completed epoch 16 of 100

INFO:__main__:NLL: 0.0599, L2: 0.0562, Reg: 0.0032
INFO:__main__:Total loss 0.1193
INFO:__main__:Predicted mean: -0.4812
INFO:__main__:Predicted uncertainity -0.7979
INFO:__main__:Completed epoch 17 of 100

INFO:__main__:NLL: 0.1852, L2: 0.0437, Reg: 0.0020
INFO:__main__:Total loss 0.2309
INFO:__main__:Predicted mean: -0.4192
INFO:__main__:Predicted uncertainity -0.6748
INFO:__main__:Completed epoch 18 of 100

INFO:__main__:NLL: 0.1039, L2: 0.0459, Reg: 0.0020
INFO:__main__:Total loss 0.1518
INFO:__main__:Predicted mean: -0.4703
INFO:__main__:Predicted uncertainity -0.6403
INFO:__main__:Completed epoch 19 of 100

INFO:__main__:NLL: 0.1743, L2: 0.0462, Reg: 0.0018
INFO:__main__:Total loss 0.2222
INFO:__main__:Predicted mean: -0.4242
INFO:__main__:Predicted uncertainity -0.5432
INFO:__main__:Completed epoch 20 of 100

INFO:__main__:NLL: 0.1390, L2: 0.0484, Reg: 0.0021
INFO:__main__:Total loss 0.1895
INFO:__main__:Predicted mean: -0.4594
INFO:__main__:Predicted uncertainity -0.6195
INFO:__main__:Completed epoch 21 of 100

INFO:__main__:NLL: 0.1721, L2: 0.0454, Reg: 0.0022
INFO:__main__:Total loss 0.2198
INFO:__main__:Predicted mean: -0.4088
INFO:__main__:Predicted uncertainity -0.6645
INFO:__main__:Completed epoch 22 of 100

INFO:__main__:NLL: 0.1751, L2: 0.0524, Reg: 0.0023
INFO:__main__:Total loss 0.2299
INFO:__main__:Predicted mean: -0.4775
INFO:__main__:Predicted uncertainity -0.5594
INFO:__main__:Completed epoch 23 of 100

INFO:__main__:NLL: 0.1898, L2: 0.0438, Reg: 0.0020
INFO:__main__:Total loss 0.2356
INFO:__main__:Predicted mean: -0.4192
INFO:__main__:Predicted uncertainity -0.6054
INFO:__main__:Completed epoch 24 of 100

INFO:__main__:NLL: 0.2711, L2: 0.0648, Reg: 0.0033
INFO:__main__:Total loss 0.3392
INFO:__main__:Predicted mean: -0.4576
INFO:__main__:Predicted uncertainity -0.8127
INFO:__main__:Completed epoch 25 of 100

INFO:__main__:NLL: 0.0351, L2: 0.0529, Reg: 0.0029
INFO:__main__:Total loss 0.0909
INFO:__main__:Predicted mean: -0.4673
INFO:__main__:Predicted uncertainity -0.6964
INFO:__main__:Completed epoch 26 of 100

INFO:__main__:NLL: 0.2397, L2: 0.0483, Reg: 0.0026
INFO:__main__:Total loss 0.2905
INFO:__main__:Predicted mean: -0.4450
INFO:__main__:Predicted uncertainity -0.7482
INFO:__main__:Completed epoch 27 of 100

INFO:__main__:NLL: 0.2042, L2: 0.0463, Reg: 0.0024
INFO:__main__:Total loss 0.2529
INFO:__main__:Predicted mean: -0.4414
INFO:__main__:Predicted uncertainity -0.6579
INFO:__main__:Completed epoch 28 of 100

INFO:__main__:NLL: 0.2106, L2: 0.0493, Reg: 0.0026
INFO:__main__:Total loss 0.2625
INFO:__main__:Predicted mean: -0.4328
INFO:__main__:Predicted uncertainity -0.6747
INFO:__main__:Completed epoch 29 of 100

INFO:__main__:NLL: 0.1660, L2: 0.0465, Reg: 0.0020
INFO:__main__:Total loss 0.2145
INFO:__main__:Predicted mean: -0.4093
INFO:__main__:Predicted uncertainity -0.6299
INFO:__main__:Completed epoch 30 of 100

INFO:__main__:NLL: 0.1863, L2: 0.0484, Reg: 0.0029
INFO:__main__:Total loss 0.2376
INFO:__main__:Predicted mean: -0.4511
INFO:__main__:Predicted uncertainity -0.7750
INFO:__main__:Completed epoch 31 of 100

INFO:__main__:NLL: 0.1273, L2: 0.0523, Reg: 0.0029
INFO:__main__:Total loss 0.1825
INFO:__main__:Predicted mean: -0.4201
INFO:__main__:Predicted uncertainity -0.7956
INFO:__main__:Completed epoch 32 of 100

INFO:__main__:NLL: 0.1351, L2: 0.0582, Reg: 0.0028
INFO:__main__:Total loss 0.1961
INFO:__main__:Predicted mean: -0.4729
INFO:__main__:Predicted uncertainity -0.6450
INFO:__main__:Completed epoch 33 of 100

INFO:__main__:NLL: 0.1581, L2: 0.0458, Reg: 0.0020
INFO:__main__:Total loss 0.2059
INFO:__main__:Predicted mean: -0.4497
INFO:__main__:Predicted uncertainity -0.6444
INFO:__main__:Completed epoch 34 of 100

INFO:__main__:NLL: 0.1278, L2: 0.0505, Reg: 0.0025
INFO:__main__:Total loss 0.1807
INFO:__main__:Predicted mean: -0.4525
INFO:__main__:Predicted uncertainity -0.6499
INFO:__main__:Completed epoch 35 of 100

INFO:__main__:NLL: 0.2337, L2: 0.0540, Reg: 0.0029
INFO:__main__:Total loss 0.2906
INFO:__main__:Predicted mean: -0.4219
INFO:__main__:Predicted uncertainity -0.7578
INFO:__main__:Completed epoch 36 of 100

INFO:__main__:NLL: 0.1145, L2: 0.0500, Reg: 0.0025
INFO:__main__:Total loss 0.1669
INFO:__main__:Predicted mean: -0.5182
INFO:__main__:Predicted uncertainity -0.6996
INFO:__main__:Completed epoch 37 of 100

INFO:__main__:NLL: 0.3109, L2: 0.0510, Reg: 0.0023
INFO:__main__:Total loss 0.3642
INFO:__main__:Predicted mean: -0.4549
INFO:__main__:Predicted uncertainity -0.7131
INFO:__main__:Completed epoch 38 of 100

INFO:__main__:NLL: 0.1677, L2: 0.0467, Reg: 0.0022
INFO:__main__:Total loss 0.2166
INFO:__main__:Predicted mean: -0.4272
INFO:__main__:Predicted uncertainity -0.6277
INFO:__main__:Completed epoch 39 of 100

INFO:__main__:NLL: 0.1221, L2: 0.0516, Reg: 0.0026
INFO:__main__:Total loss 0.1763
INFO:__main__:Predicted mean: -0.4626
INFO:__main__:Predicted uncertainity -0.6017
INFO:__main__:Completed epoch 40 of 100

INFO:__main__:NLL: 0.1233, L2: 0.0468, Reg: 0.0023
INFO:__main__:Total loss 0.1725
INFO:__main__:Predicted mean: -0.4401
INFO:__main__:Predicted uncertainity -0.6693
INFO:__main__:Completed epoch 41 of 100

INFO:__main__:NLL: 0.1805, L2: 0.0515, Reg: 0.0026
INFO:__main__:Total loss 0.2346
INFO:__main__:Predicted mean: -0.4541
INFO:__main__:Predicted uncertainity -0.6608
INFO:__main__:Completed epoch 42 of 100

INFO:__main__:NLL: 0.1619, L2: 0.0527, Reg: 0.0028
INFO:__main__:Total loss 0.2173
INFO:__main__:Predicted mean: -0.4630
INFO:__main__:Predicted uncertainity -0.6860
INFO:__main__:Completed epoch 43 of 100

INFO:__main__:NLL: 0.2225, L2: 0.0586, Reg: 0.0028
INFO:__main__:Total loss 0.2839
INFO:__main__:Predicted mean: -0.4934
INFO:__main__:Predicted uncertainity -0.6968
INFO:__main__:Completed epoch 44 of 100

INFO:__main__:NLL: 0.2646, L2: 0.0441, Reg: 0.0021
INFO:__main__:Total loss 0.3108
INFO:__main__:Predicted mean: -0.4439
INFO:__main__:Predicted uncertainity -0.6811
INFO:__main__:Completed epoch 45 of 100

INFO:__main__:NLL: 0.1322, L2: 0.0543, Reg: 0.0031
INFO:__main__:Total loss 0.1896
INFO:__main__:Predicted mean: -0.4568
INFO:__main__:Predicted uncertainity -0.7473
INFO:__main__:Completed epoch 46 of 100

INFO:__main__:NLL: 0.1206, L2: 0.0574, Reg: 0.0036
INFO:__main__:Total loss 0.1815
INFO:__main__:Predicted mean: -0.4583
INFO:__main__:Predicted uncertainity -0.8720
INFO:__main__:Completed epoch 47 of 100

INFO:__main__:NLL: 0.1043, L2: 0.0577, Reg: 0.0030
INFO:__main__:Total loss 0.1649
INFO:__main__:Predicted mean: -0.4570
INFO:__main__:Predicted uncertainity -0.6670
INFO:__main__:Completed epoch 48 of 100

INFO:__main__:NLL: 0.0448, L2: 0.0515, Reg: 0.0028
INFO:__main__:Total loss 0.0991
INFO:__main__:Predicted mean: -0.4565
INFO:__main__:Predicted uncertainity -0.7148
INFO:__main__:Completed epoch 49 of 100

INFO:__main__:NLL: 0.1162, L2: 0.0497, Reg: 0.0027
INFO:__main__:Total loss 0.1687
INFO:__main__:Predicted mean: -0.3876
INFO:__main__:Predicted uncertainity -0.7023
INFO:__main__:Completed epoch 50 of 100

INFO:__main__:NLL: 0.4222, L2: 0.0519, Reg: 0.0020
INFO:__main__:Total loss 0.4761
INFO:__main__:Predicted mean: -0.4434
INFO:__main__:Predicted uncertainity -0.6272
INFO:__main__:Completed epoch 51 of 100

INFO:__main__:NLL: 0.0896, L2: 0.0526, Reg: 0.0025
INFO:__main__:Total loss 0.1447
INFO:__main__:Predicted mean: -0.4415
INFO:__main__:Predicted uncertainity -0.6372
INFO:__main__:Completed epoch 52 of 100

INFO:__main__:NLL: 0.1136, L2: 0.0507, Reg: 0.0025
INFO:__main__:Total loss 0.1668
INFO:__main__:Predicted mean: -0.3888
INFO:__main__:Predicted uncertainity -0.6221
INFO:__main__:Completed epoch 53 of 100

INFO:__main__:NLL: 0.2525, L2: 0.0464, Reg: 0.0018
INFO:__main__:Total loss 0.3006
INFO:__main__:Predicted mean: -0.4075
INFO:__main__:Predicted uncertainity -0.5773
INFO:__main__:Completed epoch 54 of 100

INFO:__main__:NLL: 0.1350, L2: 0.0491, Reg: 0.0025
INFO:__main__:Total loss 0.1866
INFO:__main__:Predicted mean: -0.3649
INFO:__main__:Predicted uncertainity -0.6532
INFO:__main__:Completed epoch 55 of 100

INFO:__main__:NLL: 0.3074, L2: 0.0498, Reg: 0.0026
INFO:__main__:Total loss 0.3598
INFO:__main__:Predicted mean: -0.4174
INFO:__main__:Predicted uncertainity -0.6897
INFO:__main__:Completed epoch 56 of 100

INFO:__main__:NLL: 0.1306, L2: 0.0467, Reg: 0.0020
INFO:__main__:Total loss 0.1793
INFO:__main__:Predicted mean: -0.3832
INFO:__main__:Predicted uncertainity -0.6048
INFO:__main__:Completed epoch 57 of 100

INFO:__main__:NLL: 0.0895, L2: 0.0495, Reg: 0.0026
INFO:__main__:Total loss 0.1416
INFO:__main__:Predicted mean: -0.4387
INFO:__main__:Predicted uncertainity -0.7317
INFO:__main__:Completed epoch 58 of 100

INFO:__main__:NLL: 0.0907, L2: 0.0499, Reg: 0.0027
INFO:__main__:Total loss 0.1433
INFO:__main__:Predicted mean: -0.4528
INFO:__main__:Predicted uncertainity -0.7233
INFO:__main__:Completed epoch 59 of 100

INFO:__main__:NLL: 0.2442, L2: 0.0477, Reg: 0.0021
INFO:__main__:Total loss 0.2940
INFO:__main__:Predicted mean: -0.4761
INFO:__main__:Predicted uncertainity -0.6417
INFO:__main__:Completed epoch 60 of 100

INFO:__main__:NLL: 0.2219, L2: 0.0503, Reg: 0.0024
INFO:__main__:Total loss 0.2746
INFO:__main__:Predicted mean: -0.4051
INFO:__main__:Predicted uncertainity -0.6960
INFO:__main__:Completed epoch 61 of 100

INFO:__main__:NLL: 0.2014, L2: 0.0440, Reg: 0.0023
INFO:__main__:Total loss 0.2477
INFO:__main__:Predicted mean: -0.4322
INFO:__main__:Predicted uncertainity -0.6705
INFO:__main__:Completed epoch 62 of 100

INFO:__main__:NLL: 0.1203, L2: 0.0586, Reg: 0.0025
INFO:__main__:Total loss 0.1813
INFO:__main__:Predicted mean: -0.4989
INFO:__main__:Predicted uncertainity -0.6123
INFO:__main__:Completed epoch 63 of 100

INFO:__main__:NLL: 0.0616, L2: 0.0526, Reg: 0.0025
INFO:__main__:Total loss 0.1166
INFO:__main__:Predicted mean: -0.4564
INFO:__main__:Predicted uncertainity -0.6486
INFO:__main__:Completed epoch 64 of 100

INFO:__main__:NLL: 0.1528, L2: 0.0449, Reg: 0.0022
INFO:__main__:Total loss 0.1998
INFO:__main__:Predicted mean: -0.4165
INFO:__main__:Predicted uncertainity -0.6480
INFO:__main__:Completed epoch 65 of 100

INFO:__main__:NLL: 0.1580, L2: 0.0503, Reg: 0.0023
INFO:__main__:Total loss 0.2105
INFO:__main__:Predicted mean: -0.4323
INFO:__main__:Predicted uncertainity -0.6044
INFO:__main__:Completed epoch 66 of 100

INFO:__main__:NLL: 0.1109, L2: 0.0497, Reg: 0.0025
INFO:__main__:Total loss 0.1631
INFO:__main__:Predicted mean: -0.4119
INFO:__main__:Predicted uncertainity -0.7136
INFO:__main__:Completed epoch 67 of 100

INFO:__main__:NLL: 0.0968, L2: 0.0524, Reg: 0.0027
INFO:__main__:Total loss 0.1520
INFO:__main__:Predicted mean: -0.4359
INFO:__main__:Predicted uncertainity -0.7594
INFO:__main__:Completed epoch 68 of 100

INFO:__main__:NLL: 0.1191, L2: 0.0559, Reg: 0.0030
INFO:__main__:Total loss 0.1780
INFO:__main__:Predicted mean: -0.5050
INFO:__main__:Predicted uncertainity -0.7313
INFO:__main__:Completed epoch 69 of 100

INFO:__main__:NLL: 0.4303, L2: 0.0572, Reg: 0.0033
INFO:__main__:Total loss 0.4908
INFO:__main__:Predicted mean: -0.5101
INFO:__main__:Predicted uncertainity -0.7379
INFO:__main__:Completed epoch 70 of 100

INFO:__main__:NLL: 0.0939, L2: 0.0493, Reg: 0.0026
INFO:__main__:Total loss 0.1458
INFO:__main__:Predicted mean: -0.4811
INFO:__main__:Predicted uncertainity -0.6416
INFO:__main__:Completed epoch 71 of 100

INFO:__main__:NLL: 0.3215, L2: 0.0606, Reg: 0.0034
INFO:__main__:Total loss 0.3855
INFO:__main__:Predicted mean: -0.4969
INFO:__main__:Predicted uncertainity -0.7939
INFO:__main__:Completed epoch 72 of 100

INFO:__main__:NLL: 0.2076, L2: 0.0498, Reg: 0.0026
INFO:__main__:Total loss 0.2600
INFO:__main__:Predicted mean: -0.4971
INFO:__main__:Predicted uncertainity -0.7203
INFO:__main__:Completed epoch 73 of 100

INFO:__main__:NLL: 0.1418, L2: 0.0538, Reg: 0.0027
INFO:__main__:Total loss 0.1982
INFO:__main__:Predicted mean: -0.4783
INFO:__main__:Predicted uncertainity -0.6642
INFO:__main__:Completed epoch 74 of 100

INFO:__main__:NLL: 0.1279, L2: 0.0526, Reg: 0.0025
INFO:__main__:Total loss 0.1831
INFO:__main__:Predicted mean: -0.5066
INFO:__main__:Predicted uncertainity -0.6213
INFO:__main__:Completed epoch 75 of 100

INFO:__main__:NLL: 0.1577, L2: 0.0544, Reg: 0.0031
INFO:__main__:Total loss 0.2151
INFO:__main__:Predicted mean: -0.4694
INFO:__main__:Predicted uncertainity -0.7636
INFO:__main__:Completed epoch 76 of 100

INFO:__main__:NLL: 0.1890, L2: 0.0425, Reg: 0.0019
INFO:__main__:Total loss 0.2334
INFO:__main__:Predicted mean: -0.4739
INFO:__main__:Predicted uncertainity -0.6059
INFO:__main__:Completed epoch 77 of 100

INFO:__main__:NLL: 0.2454, L2: 0.0515, Reg: 0.0026
INFO:__main__:Total loss 0.2995
INFO:__main__:Predicted mean: -0.4429
INFO:__main__:Predicted uncertainity -0.6658
INFO:__main__:Completed epoch 78 of 100

INFO:__main__:NLL: 0.1658, L2: 0.0455, Reg: 0.0022
INFO:__main__:Total loss 0.2135
INFO:__main__:Predicted mean: -0.3554
INFO:__main__:Predicted uncertainity -0.6631
INFO:__main__:Completed epoch 79 of 100

INFO:__main__:NLL: 0.1387, L2: 0.0514, Reg: 0.0025
INFO:__main__:Total loss 0.1927
INFO:__main__:Predicted mean: -0.4373
INFO:__main__:Predicted uncertainity -0.6303
INFO:__main__:Completed epoch 80 of 100

INFO:__main__:NLL: 0.2336, L2: 0.0483, Reg: 0.0015
INFO:__main__:Total loss 0.2834
INFO:__main__:Predicted mean: -0.4437
INFO:__main__:Predicted uncertainity -0.4238
INFO:__main__:Completed epoch 81 of 100

INFO:__main__:NLL: 0.1688, L2: 0.0419, Reg: 0.0022
INFO:__main__:Total loss 0.2129
INFO:__main__:Predicted mean: -0.4402
INFO:__main__:Predicted uncertainity -0.6501
INFO:__main__:Completed epoch 82 of 100

INFO:__main__:NLL: 0.0102, L2: 0.0535, Reg: 0.0031
INFO:__main__:Total loss 0.0667
INFO:__main__:Predicted mean: -0.4714
INFO:__main__:Predicted uncertainity -0.8050
INFO:__main__:Completed epoch 83 of 100

INFO:__main__:NLL: 0.3278, L2: 0.0498, Reg: 0.0024
INFO:__main__:Total loss 0.3799
INFO:__main__:Predicted mean: -0.4476
INFO:__main__:Predicted uncertainity -0.7036
INFO:__main__:Completed epoch 84 of 100

INFO:__main__:NLL: 0.1458, L2: 0.0506, Reg: 0.0025
INFO:__main__:Total loss 0.1989
INFO:__main__:Predicted mean: -0.4322
INFO:__main__:Predicted uncertainity -0.6631
INFO:__main__:Completed epoch 85 of 100

INFO:__main__:NLL: -0.0011, L2: 0.0572, Reg: 0.0033
INFO:__main__:Total loss 0.0594
INFO:__main__:Predicted mean: -0.4715
INFO:__main__:Predicted uncertainity -0.7270
INFO:__main__:Completed epoch 86 of 100

INFO:__main__:NLL: 0.1782, L2: 0.0498, Reg: 0.0017
INFO:__main__:Total loss 0.2297
INFO:__main__:Predicted mean: -0.4393
INFO:__main__:Predicted uncertainity -0.5607
INFO:__main__:Completed epoch 87 of 100

INFO:__main__:NLL: 0.1646, L2: 0.0427, Reg: 0.0018
INFO:__main__:Total loss 0.2091
INFO:__main__:Predicted mean: -0.4542
INFO:__main__:Predicted uncertainity -0.5972
INFO:__main__:Completed epoch 88 of 100

INFO:__main__:NLL: 0.1549, L2: 0.0514, Reg: 0.0026
INFO:__main__:Total loss 0.2090
INFO:__main__:Predicted mean: -0.4313
INFO:__main__:Predicted uncertainity -0.7269
INFO:__main__:Completed epoch 89 of 100

INFO:__main__:NLL: 0.3568, L2: 0.0582, Reg: 0.0035
INFO:__main__:Total loss 0.4185
INFO:__main__:Predicted mean: -0.4842
INFO:__main__:Predicted uncertainity -0.7566
INFO:__main__:Completed epoch 90 of 100

INFO:__main__:NLL: 0.0571, L2: 0.0571, Reg: 0.0033
INFO:__main__:Total loss 0.1176
INFO:__main__:Predicted mean: -0.4912
INFO:__main__:Predicted uncertainity -0.8000
INFO:__main__:Completed epoch 91 of 100

INFO:__main__:NLL: 0.4631, L2: 0.0594, Reg: 0.0037
INFO:__main__:Total loss 0.5262
INFO:__main__:Predicted mean: -0.4161
INFO:__main__:Predicted uncertainity -0.8287
INFO:__main__:Completed epoch 92 of 100

INFO:__main__:NLL: 0.1058, L2: 0.0503, Reg: 0.0025
INFO:__main__:Total loss 0.1586
INFO:__main__:Predicted mean: -0.4105
INFO:__main__:Predicted uncertainity -0.6822
INFO:__main__:Completed epoch 93 of 100

INFO:__main__:NLL: 0.1576, L2: 0.0485, Reg: 0.0025
INFO:__main__:Total loss 0.2086
INFO:__main__:Predicted mean: -0.4170
INFO:__main__:Predicted uncertainity -0.7056
INFO:__main__:Completed epoch 94 of 100

INFO:__main__:NLL: 0.1790, L2: 0.0447, Reg: 0.0024
INFO:__main__:Total loss 0.2262
INFO:__main__:Predicted mean: -0.3920
INFO:__main__:Predicted uncertainity -0.6383
INFO:__main__:Completed epoch 95 of 100

INFO:__main__:NLL: 0.1843, L2: 0.0576, Reg: 0.0032
INFO:__main__:Total loss 0.2452
INFO:__main__:Predicted mean: -0.4625
INFO:__main__:Predicted uncertainity -0.7115
INFO:__main__:Completed epoch 96 of 100

INFO:__main__:NLL: 0.2230, L2: 0.0400, Reg: 0.0017
INFO:__main__:Total loss 0.2647
INFO:__main__:Predicted mean: -0.4354
INFO:__main__:Predicted uncertainity -0.5860
INFO:__main__:Completed epoch 97 of 100

INFO:__main__:NLL: 0.2072, L2: 0.0564, Reg: 0.0031
INFO:__main__:Total loss 0.2667
INFO:__main__:Predicted mean: -0.4175
INFO:__main__:Predicted uncertainity -0.7101
INFO:__main__:Completed epoch 98 of 100

INFO:__main__:NLL: 0.2261, L2: 0.0502, Reg: 0.0028
INFO:__main__:Total loss 0.2791
INFO:__main__:Predicted mean: -0.4695
INFO:__main__:Predicted uncertainity -0.7279
INFO:__main__:Completed epoch 99 of 100

INFO:__main__:NLL: 0.3816, L2: 0.0569, Reg: 0.0034
INFO:__main__:Total loss 0.4419
INFO:__main__:Predicted mean: -0.5079
INFO:__main__:Predicted uncertainity -0.7613
INFO:__main__:Completed epoch 100 of 100

INFO:__main__:395.521833 s
