INFO:__main__:PROCESS RUNNING ON cpu
INFO:__main__:NLL: 0.3927, L2: 0.2073, Reg: -0.1132
INFO:__main__:Total loss 0.4868
INFO:__main__:Predicted mean: -0.2458
INFO:__main__:Predicted uncertainity 0.3833
INFO:__main__:Completed epoch 1 of 100

INFO:__main__:NLL: 0.3940, L2: 0.2116, Reg: -0.1099
INFO:__main__:Total loss 0.4957
INFO:__main__:Predicted mean: -0.2480
INFO:__main__:Predicted uncertainity 0.3874
INFO:__main__:Completed epoch 2 of 100

INFO:__main__:NLL: 0.3900, L2: 0.2003, Reg: -0.0844
INFO:__main__:Total loss 0.5059
INFO:__main__:Predicted mean: -0.2452
INFO:__main__:Predicted uncertainity 0.3744
INFO:__main__:Completed epoch 3 of 100

INFO:__main__:NLL: 0.3907, L2: 0.2018, Reg: -0.0781
INFO:__main__:Total loss 0.5144
INFO:__main__:Predicted mean: -0.2448
INFO:__main__:Predicted uncertainity 0.3767
INFO:__main__:Completed epoch 4 of 100

INFO:__main__:NLL: 0.3916, L2: 0.2030, Reg: -0.1205
INFO:__main__:Total loss 0.4741
INFO:__main__:Predicted mean: -0.2413
INFO:__main__:Predicted uncertainity 0.3804
INFO:__main__:Completed epoch 5 of 100

INFO:__main__:NLL: 0.3886, L2: 0.1925, Reg: -0.0926
INFO:__main__:Total loss 0.4885
INFO:__main__:Predicted mean: -0.2342
INFO:__main__:Predicted uncertainity 0.3710
INFO:__main__:Completed epoch 6 of 100

INFO:__main__:NLL: 0.3915, L2: 0.2018, Reg: -0.0920
INFO:__main__:Total loss 0.5013
INFO:__main__:Predicted mean: -0.2388
INFO:__main__:Predicted uncertainity 0.3803
INFO:__main__:Completed epoch 7 of 100

INFO:__main__:NLL: 0.3895, L2: 0.1953, Reg: -0.0824
INFO:__main__:Total loss 0.5025
INFO:__main__:Predicted mean: -0.2351
INFO:__main__:Predicted uncertainity 0.3741
INFO:__main__:Completed epoch 8 of 100

INFO:__main__:NLL: 0.3950, L2: 0.2108, Reg: -0.1150
INFO:__main__:Total loss 0.4908
INFO:__main__:Predicted mean: -0.2389
INFO:__main__:Predicted uncertainity 0.3920
INFO:__main__:Completed epoch 9 of 100

INFO:__main__:NLL: 0.3890, L2: 0.1923, Reg: -0.0855
INFO:__main__:Total loss 0.4958
INFO:__main__:Predicted mean: -0.2306
INFO:__main__:Predicted uncertainity 0.3729
INFO:__main__:Completed epoch 10 of 100

INFO:__main__:NLL: 0.3892, L2: 0.1925, Reg: -0.0891
INFO:__main__:Total loss 0.4926
INFO:__main__:Predicted mean: -0.2298
INFO:__main__:Predicted uncertainity 0.3736
INFO:__main__:Completed epoch 11 of 100

INFO:__main__:NLL: 0.3911, L2: 0.1983, Reg: -0.1210
INFO:__main__:Total loss 0.4684
INFO:__main__:Predicted mean: -0.2328
INFO:__main__:Predicted uncertainity 0.3795
INFO:__main__:Completed epoch 12 of 100

INFO:__main__:NLL: 0.3932, L2: 0.2068, Reg: -0.0953
INFO:__main__:Total loss 0.5047
INFO:__main__:Predicted mean: -0.2408
INFO:__main__:Predicted uncertainity 0.3856
INFO:__main__:Completed epoch 13 of 100

INFO:__main__:NLL: 0.3931, L2: 0.2035, Reg: -0.0932
INFO:__main__:Total loss 0.5034
INFO:__main__:Predicted mean: -0.2330
INFO:__main__:Predicted uncertainity 0.3861
INFO:__main__:Completed epoch 14 of 100

INFO:__main__:NLL: 0.3916, L2: 0.2015, Reg: -0.1043
INFO:__main__:Total loss 0.4889
INFO:__main__:Predicted mean: -0.2369
INFO:__main__:Predicted uncertainity 0.3810
INFO:__main__:Completed epoch 15 of 100

INFO:__main__:NLL: 0.3948, L2: 0.2100, Reg: -0.0941
INFO:__main__:Total loss 0.5107
INFO:__main__:Predicted mean: -0.2384
INFO:__main__:Predicted uncertainity 0.3912
INFO:__main__:Completed epoch 16 of 100

INFO:__main__:NLL: 0.3928, L2: 0.2036, Reg: -0.1219
INFO:__main__:Total loss 0.4744
INFO:__main__:Predicted mean: -0.2350
INFO:__main__:Predicted uncertainity 0.3849
INFO:__main__:Completed epoch 17 of 100

INFO:__main__:NLL: 0.3922, L2: 0.2017, Reg: -0.1045
INFO:__main__:Total loss 0.4894
INFO:__main__:Predicted mean: -0.2336
INFO:__main__:Predicted uncertainity 0.3833
INFO:__main__:Completed epoch 18 of 100

INFO:__main__:NLL: 0.3920, L2: 0.2025, Reg: -0.0819
INFO:__main__:Total loss 0.5127
INFO:__main__:Predicted mean: -0.2372
INFO:__main__:Predicted uncertainity 0.3822
INFO:__main__:Completed epoch 19 of 100

INFO:__main__:NLL: 0.3939, L2: 0.2082, Reg: -0.0866
INFO:__main__:Total loss 0.5155
INFO:__main__:Predicted mean: -0.2391
INFO:__main__:Predicted uncertainity 0.3883
INFO:__main__:Completed epoch 20 of 100

INFO:__main__:NLL: 0.3920, L2: 0.2024, Reg: -0.1124
INFO:__main__:Total loss 0.4820
INFO:__main__:Predicted mean: -0.2369
INFO:__main__:Predicted uncertainity 0.3822
INFO:__main__:Completed epoch 21 of 100

INFO:__main__:NLL: 0.3902, L2: 0.1961, Reg: -0.0889
INFO:__main__:Total loss 0.4974
INFO:__main__:Predicted mean: -0.2326
INFO:__main__:Predicted uncertainity 0.3766
INFO:__main__:Completed epoch 22 of 100

INFO:__main__:NLL: 0.3939, L2: 0.2079, Reg: -0.0868
INFO:__main__:Total loss 0.5151
INFO:__main__:Predicted mean: -0.2387
INFO:__main__:Predicted uncertainity 0.3883
INFO:__main__:Completed epoch 23 of 100

INFO:__main__:NLL: 0.3950, L2: 0.2125, Reg: -0.0903
INFO:__main__:Total loss 0.5173
INFO:__main__:Predicted mean: -0.2432
INFO:__main__:Predicted uncertainity 0.3915
INFO:__main__:Completed epoch 24 of 100

INFO:__main__:NLL: 0.3914, L2: 0.1989, Reg: -0.0639
INFO:__main__:Total loss 0.5264
INFO:__main__:Predicted mean: -0.2319
INFO:__main__:Predicted uncertainity 0.3807
INFO:__main__:Completed epoch 25 of 100

INFO:__main__:NLL: 0.3880, L2: 0.1901, Reg: -0.0504
INFO:__main__:Total loss 0.5278
INFO:__main__:Predicted mean: -0.2312
INFO:__main__:Predicted uncertainity 0.3694
INFO:__main__:Completed epoch 26 of 100

INFO:__main__:NLL: 0.3928, L2: 0.2036, Reg: -0.1036
INFO:__main__:Total loss 0.4927
INFO:__main__:Predicted mean: -0.2348
INFO:__main__:Predicted uncertainity 0.3851
INFO:__main__:Completed epoch 27 of 100

INFO:__main__:NLL: 0.3917, L2: 0.2013, Reg: -0.1081
INFO:__main__:Total loss 0.4849
INFO:__main__:Predicted mean: -0.2358
INFO:__main__:Predicted uncertainity 0.3814
INFO:__main__:Completed epoch 28 of 100

INFO:__main__:NLL: 0.3958, L2: 0.2122, Reg: -0.0833
INFO:__main__:Total loss 0.5247
INFO:__main__:Predicted mean: -0.2364
INFO:__main__:Predicted uncertainity 0.3950
INFO:__main__:Completed epoch 29 of 100

INFO:__main__:NLL: 0.3926, L2: 0.2042, Reg: -0.1257
INFO:__main__:Total loss 0.4711
INFO:__main__:Predicted mean: -0.2379
INFO:__main__:Predicted uncertainity 0.3839
INFO:__main__:Completed epoch 30 of 100

INFO:__main__:NLL: 0.3950, L2: 0.2100, Reg: -0.1035
INFO:__main__:Total loss 0.5014
INFO:__main__:Predicted mean: -0.2368
INFO:__main__:Predicted uncertainity 0.3921
INFO:__main__:Completed epoch 31 of 100

INFO:__main__:NLL: 0.3894, L2: 0.1945, Reg: -0.0761
INFO:__main__:Total loss 0.5078
INFO:__main__:Predicted mean: -0.2333
INFO:__main__:Predicted uncertainity 0.3740
INFO:__main__:Completed epoch 32 of 100

INFO:__main__:NLL: 0.3892, L2: 0.1931, Reg: -0.0964
INFO:__main__:Total loss 0.4859
INFO:__main__:Predicted mean: -0.2312
INFO:__main__:Predicted uncertainity 0.3734
INFO:__main__:Completed epoch 33 of 100

INFO:__main__:NLL: 0.3940, L2: 0.2076, Reg: -0.0908
INFO:__main__:Total loss 0.5108
INFO:__main__:Predicted mean: -0.2370
INFO:__main__:Predicted uncertainity 0.3889
INFO:__main__:Completed epoch 34 of 100

INFO:__main__:NLL: 0.3883, L2: 0.1901, Reg: -0.0959
INFO:__main__:Total loss 0.4825
INFO:__main__:Predicted mean: -0.2299
INFO:__main__:Predicted uncertainity 0.3703
INFO:__main__:Completed epoch 35 of 100

INFO:__main__:NLL: 0.3922, L2: 0.2024, Reg: -0.1046
INFO:__main__:Total loss 0.4899
INFO:__main__:Predicted mean: -0.2362
INFO:__main__:Predicted uncertainity 0.3827
INFO:__main__:Completed epoch 36 of 100

INFO:__main__:NLL: 0.3946, L2: 0.2109, Reg: -0.0930
INFO:__main__:Total loss 0.5126
INFO:__main__:Predicted mean: -0.2415
INFO:__main__:Predicted uncertainity 0.3904
INFO:__main__:Completed epoch 37 of 100

INFO:__main__:NLL: 0.3923, L2: 0.2041, Reg: -0.0909
INFO:__main__:Total loss 0.5055
INFO:__main__:Predicted mean: -0.2394
INFO:__main__:Predicted uncertainity 0.3829
INFO:__main__:Completed epoch 38 of 100

INFO:__main__:NLL: 0.3913, L2: 0.1977, Reg: -0.0950
INFO:__main__:Total loss 0.4940
INFO:__main__:Predicted mean: -0.2299
INFO:__main__:Predicted uncertainity 0.3804
INFO:__main__:Completed epoch 39 of 100

INFO:__main__:NLL: 0.3938, L2: 0.2091, Reg: -0.0817
INFO:__main__:Total loss 0.5212
INFO:__main__:Predicted mean: -0.2425
INFO:__main__:Predicted uncertainity 0.3875
INFO:__main__:Completed epoch 40 of 100

INFO:__main__:NLL: 0.3904, L2: 0.1969, Reg: -0.0874
INFO:__main__:Total loss 0.4998
INFO:__main__:Predicted mean: -0.2336
INFO:__main__:Predicted uncertainity 0.3770
INFO:__main__:Completed epoch 41 of 100

INFO:__main__:NLL: 0.3922, L2: 0.2034, Reg: -0.1002
INFO:__main__:Total loss 0.4954
INFO:__main__:Predicted mean: -0.2380
INFO:__main__:Predicted uncertainity 0.3828
INFO:__main__:Completed epoch 42 of 100

INFO:__main__:NLL: 0.3921, L2: 0.2010, Reg: -0.0890
INFO:__main__:Total loss 0.5042
INFO:__main__:Predicted mean: -0.2327
INFO:__main__:Predicted uncertainity 0.3830
INFO:__main__:Completed epoch 43 of 100

INFO:__main__:NLL: 0.3910, L2: 0.1996, Reg: -0.0990
INFO:__main__:Total loss 0.4916
INFO:__main__:Predicted mean: -0.2369
INFO:__main__:Predicted uncertainity 0.3787
INFO:__main__:Completed epoch 44 of 100

INFO:__main__:NLL: 0.3926, L2: 0.2040, Reg: -0.0991
INFO:__main__:Total loss 0.4975
INFO:__main__:Predicted mean: -0.2371
INFO:__main__:Predicted uncertainity 0.3841
INFO:__main__:Completed epoch 45 of 100

INFO:__main__:NLL: 0.3911, L2: 0.2002, Reg: -0.0928
INFO:__main__:Total loss 0.4986
INFO:__main__:Predicted mean: -0.2374
INFO:__main__:Predicted uncertainity 0.3790
INFO:__main__:Completed epoch 46 of 100

INFO:__main__:NLL: 0.3964, L2: 0.2146, Reg: -0.1126
INFO:__main__:Total loss 0.4984
INFO:__main__:Predicted mean: -0.2391
INFO:__main__:Predicted uncertainity 0.3966
INFO:__main__:Completed epoch 47 of 100

INFO:__main__:NLL: 0.3936, L2: 0.2073, Reg: -0.0988
INFO:__main__:Total loss 0.5021
INFO:__main__:Predicted mean: -0.2391
INFO:__main__:Predicted uncertainity 0.3873
INFO:__main__:Completed epoch 48 of 100

INFO:__main__:NLL: 0.3957, L2: 0.2139, Reg: -0.1085
INFO:__main__:Total loss 0.5012
INFO:__main__:Predicted mean: -0.2419
INFO:__main__:Predicted uncertainity 0.3940
INFO:__main__:Completed epoch 49 of 100

INFO:__main__:NLL: 0.3951, L2: 0.2123, Reg: -0.1195
INFO:__main__:Total loss 0.4878
INFO:__main__:Predicted mean: -0.2422
INFO:__main__:Predicted uncertainity 0.3917
INFO:__main__:Completed epoch 50 of 100

INFO:__main__:NLL: 0.3940, L2: 0.2081, Reg: -0.0858
INFO:__main__:Total loss 0.5164
INFO:__main__:Predicted mean: -0.2384
INFO:__main__:Predicted uncertainity 0.3887
INFO:__main__:Completed epoch 51 of 100

INFO:__main__:NLL: 0.3903, L2: 0.1978, Reg: -0.0558
INFO:__main__:Total loss 0.5323
INFO:__main__:Predicted mean: -0.2362
INFO:__main__:Predicted uncertainity 0.3766
INFO:__main__:Completed epoch 52 of 100

INFO:__main__:NLL: 0.3931, L2: 0.2041, Reg: -0.1101
INFO:__main__:Total loss 0.4871
INFO:__main__:Predicted mean: -0.2343
INFO:__main__:Predicted uncertainity 0.3861
INFO:__main__:Completed epoch 53 of 100

INFO:__main__:NLL: 0.3908, L2: 0.1980, Reg: -0.0759
INFO:__main__:Total loss 0.5129
INFO:__main__:Predicted mean: -0.2333
INFO:__main__:Predicted uncertainity 0.3786
INFO:__main__:Completed epoch 54 of 100

INFO:__main__:NLL: 0.3904, L2: 0.1966, Reg: -0.0966
INFO:__main__:Total loss 0.4904
INFO:__main__:Predicted mean: -0.2329
INFO:__main__:Predicted uncertainity 0.3771
INFO:__main__:Completed epoch 55 of 100

INFO:__main__:NLL: 0.3918, L2: 0.2019, Reg: -0.0966
INFO:__main__:Total loss 0.4971
INFO:__main__:Predicted mean: -0.2373
INFO:__main__:Predicted uncertainity 0.3813
INFO:__main__:Completed epoch 56 of 100

INFO:__main__:NLL: 0.3880, L2: 0.1911, Reg: -0.0902
INFO:__main__:Total loss 0.4889
INFO:__main__:Predicted mean: -0.2338
INFO:__main__:Predicted uncertainity 0.3691
INFO:__main__:Completed epoch 57 of 100

INFO:__main__:NLL: 0.3864, L2: 0.1864, Reg: -0.0728
INFO:__main__:Total loss 0.5001
INFO:__main__:Predicted mean: -0.2319
INFO:__main__:Predicted uncertainity 0.3639
INFO:__main__:Completed epoch 58 of 100

INFO:__main__:NLL: 0.3938, L2: 0.2064, Reg: -0.0829
INFO:__main__:Total loss 0.5173
INFO:__main__:Predicted mean: -0.2357
INFO:__main__:Predicted uncertainity 0.3882
INFO:__main__:Completed epoch 59 of 100

INFO:__main__:NLL: 0.3941, L2: 0.2078, Reg: -0.0927
INFO:__main__:Total loss 0.5091
INFO:__main__:Predicted mean: -0.2369
INFO:__main__:Predicted uncertainity 0.3891
INFO:__main__:Completed epoch 60 of 100

INFO:__main__:NLL: 0.3922, L2: 0.2009, Reg: -0.1046
INFO:__main__:Total loss 0.4885
INFO:__main__:Predicted mean: -0.2320
INFO:__main__:Predicted uncertainity 0.3833
INFO:__main__:Completed epoch 61 of 100

INFO:__main__:NLL: 0.3916, L2: 0.2017, Reg: -0.1013
INFO:__main__:Total loss 0.4920
INFO:__main__:Predicted mean: -0.2381
INFO:__main__:Predicted uncertainity 0.3805
INFO:__main__:Completed epoch 62 of 100

INFO:__main__:NLL: 0.3917, L2: 0.2003, Reg: -0.0877
INFO:__main__:Total loss 0.5044
INFO:__main__:Predicted mean: -0.2337
INFO:__main__:Predicted uncertainity 0.3815
INFO:__main__:Completed epoch 63 of 100

INFO:__main__:NLL: 0.3876, L2: 0.1894, Reg: -0.0721
INFO:__main__:Total loss 0.5048
INFO:__main__:Predicted mean: -0.2324
INFO:__main__:Predicted uncertainity 0.3677
INFO:__main__:Completed epoch 64 of 100

INFO:__main__:NLL: 0.3934, L2: 0.2055, Reg: -0.0976
INFO:__main__:Total loss 0.5014
INFO:__main__:Predicted mean: -0.2355
INFO:__main__:Predicted uncertainity 0.3871
INFO:__main__:Completed epoch 65 of 100

INFO:__main__:NLL: 0.3919, L2: 0.2014, Reg: -0.0846
INFO:__main__:Total loss 0.5087
INFO:__main__:Predicted mean: -0.2353
INFO:__main__:Predicted uncertainity 0.3819
INFO:__main__:Completed epoch 66 of 100

INFO:__main__:NLL: 0.3926, L2: 0.2040, Reg: -0.0958
INFO:__main__:Total loss 0.5008
INFO:__main__:Predicted mean: -0.2375
INFO:__main__:Predicted uncertainity 0.3840
INFO:__main__:Completed epoch 67 of 100

INFO:__main__:NLL: 0.3929, L2: 0.2043, Reg: -0.0919
INFO:__main__:Total loss 0.5053
INFO:__main__:Predicted mean: -0.2362
INFO:__main__:Predicted uncertainity 0.3852
INFO:__main__:Completed epoch 68 of 100

INFO:__main__:NLL: 0.3873, L2: 0.1876, Reg: -0.0982
INFO:__main__:Total loss 0.4768
INFO:__main__:Predicted mean: -0.2293
INFO:__main__:Predicted uncertainity 0.3673
INFO:__main__:Completed epoch 69 of 100

INFO:__main__:NLL: 0.3906, L2: 0.1961, Reg: -0.1137
INFO:__main__:Total loss 0.4730
INFO:__main__:Predicted mean: -0.2300
INFO:__main__:Predicted uncertainity 0.3781
INFO:__main__:Completed epoch 70 of 100

INFO:__main__:NLL: 0.3929, L2: 0.2047, Reg: -0.0887
INFO:__main__:Total loss 0.5090
INFO:__main__:Predicted mean: -0.2369
INFO:__main__:Predicted uncertainity 0.3853
INFO:__main__:Completed epoch 71 of 100

INFO:__main__:NLL: 0.3923, L2: 0.2028, Reg: -0.0896
INFO:__main__:Total loss 0.5056
INFO:__main__:Predicted mean: -0.2361
INFO:__main__:Predicted uncertainity 0.3832
INFO:__main__:Completed epoch 72 of 100

INFO:__main__:NLL: 0.3913, L2: 0.2000, Reg: -0.1061
INFO:__main__:Total loss 0.4851
INFO:__main__:Predicted mean: -0.2358
INFO:__main__:Predicted uncertainity 0.3798
INFO:__main__:Completed epoch 73 of 100

INFO:__main__:NLL: 0.3947, L2: 0.2109, Reg: -0.1196
INFO:__main__:Total loss 0.4860
INFO:__main__:Predicted mean: -0.2407
INFO:__main__:Predicted uncertainity 0.3908
INFO:__main__:Completed epoch 74 of 100

INFO:__main__:NLL: 0.3928, L2: 0.2038, Reg: -0.0960
INFO:__main__:Total loss 0.5006
INFO:__main__:Predicted mean: -0.2354
INFO:__main__:Predicted uncertainity 0.3850
INFO:__main__:Completed epoch 75 of 100

INFO:__main__:NLL: 0.3956, L2: 0.2126, Reg: -0.1041
INFO:__main__:Total loss 0.5041
INFO:__main__:Predicted mean: -0.2396
INFO:__main__:Predicted uncertainity 0.3938
INFO:__main__:Completed epoch 76 of 100

INFO:__main__:NLL: 0.3897, L2: 0.1958, Reg: -0.0788
INFO:__main__:Total loss 0.5067
INFO:__main__:Predicted mean: -0.2349
INFO:__main__:Predicted uncertainity 0.3747
INFO:__main__:Completed epoch 77 of 100

INFO:__main__:NLL: 0.3932, L2: 0.2040, Reg: -0.0943
INFO:__main__:Total loss 0.5029
INFO:__main__:Predicted mean: -0.2329
INFO:__main__:Predicted uncertainity 0.3866
INFO:__main__:Completed epoch 78 of 100

INFO:__main__:NLL: 0.3939, L2: 0.2080, Reg: -0.0833
INFO:__main__:Total loss 0.5185
INFO:__main__:Predicted mean: -0.2389
INFO:__main__:Predicted uncertainity 0.3882
INFO:__main__:Completed epoch 79 of 100

INFO:__main__:NLL: 0.3905, L2: 0.1975, Reg: -0.0845
INFO:__main__:Total loss 0.5035
INFO:__main__:Predicted mean: -0.2343
INFO:__main__:Predicted uncertainity 0.3775
INFO:__main__:Completed epoch 80 of 100

INFO:__main__:NLL: 0.3916, L2: 0.2017, Reg: -0.1210
INFO:__main__:Total loss 0.4723
INFO:__main__:Predicted mean: -0.2379
INFO:__main__:Predicted uncertainity 0.3807
INFO:__main__:Completed epoch 81 of 100

INFO:__main__:NLL: 0.3919, L2: 0.2012, Reg: -0.0757
INFO:__main__:Total loss 0.5174
INFO:__main__:Predicted mean: -0.2347
INFO:__main__:Predicted uncertainity 0.3820
INFO:__main__:Completed epoch 82 of 100

INFO:__main__:NLL: 0.3948, L2: 0.2116, Reg: -0.1064
INFO:__main__:Total loss 0.5001
INFO:__main__:Predicted mean: -0.2420
INFO:__main__:Predicted uncertainity 0.3910
INFO:__main__:Completed epoch 83 of 100

INFO:__main__:NLL: 0.3934, L2: 0.2063, Reg: -0.0936
INFO:__main__:Total loss 0.5062
INFO:__main__:Predicted mean: -0.2378
INFO:__main__:Predicted uncertainity 0.3868
INFO:__main__:Completed epoch 84 of 100

INFO:__main__:NLL: 0.3918, L2: 0.1999, Reg: -0.0851
INFO:__main__:Total loss 0.5066
INFO:__main__:Predicted mean: -0.2322
INFO:__main__:Predicted uncertainity 0.3819
INFO:__main__:Completed epoch 85 of 100

INFO:__main__:NLL: 0.3921, L2: 0.2017, Reg: -0.0745
INFO:__main__:Total loss 0.5194
INFO:__main__:Predicted mean: -0.2344
INFO:__main__:Predicted uncertainity 0.3829
INFO:__main__:Completed epoch 86 of 100

INFO:__main__:NLL: 0.3935, L2: 0.2071, Reg: -0.1189
INFO:__main__:Total loss 0.4818
INFO:__main__:Predicted mean: -0.2388
INFO:__main__:Predicted uncertainity 0.3871
INFO:__main__:Completed epoch 87 of 100

INFO:__main__:NLL: 0.3916, L2: 0.2013, Reg: -0.0814
INFO:__main__:Total loss 0.5115
INFO:__main__:Predicted mean: -0.2372
INFO:__main__:Predicted uncertainity 0.3806
INFO:__main__:Completed epoch 88 of 100

INFO:__main__:NLL: 0.3960, L2: 0.2137, Reg: -0.1060
INFO:__main__:Total loss 0.5036
INFO:__main__:Predicted mean: -0.2397
INFO:__main__:Predicted uncertainity 0.3950
INFO:__main__:Completed epoch 89 of 100

INFO:__main__:NLL: 0.3948, L2: 0.2091, Reg: -0.1036
INFO:__main__:Total loss 0.5003
INFO:__main__:Predicted mean: -0.2359
INFO:__main__:Predicted uncertainity 0.3915
INFO:__main__:Completed epoch 90 of 100

INFO:__main__:NLL: 0.3954, L2: 0.2122, Reg: -0.1139
INFO:__main__:Total loss 0.4937
INFO:__main__:Predicted mean: -0.2400
INFO:__main__:Predicted uncertainity 0.3930
INFO:__main__:Completed epoch 91 of 100

INFO:__main__:NLL: 0.3930, L2: 0.2045, Reg: -0.0751
INFO:__main__:Total loss 0.5224
INFO:__main__:Predicted mean: -0.2359
INFO:__main__:Predicted uncertainity 0.3856
INFO:__main__:Completed epoch 92 of 100

INFO:__main__:NLL: 0.3928, L2: 0.2056, Reg: -0.0951
INFO:__main__:Total loss 0.5033
INFO:__main__:Predicted mean: -0.2400
INFO:__main__:Predicted uncertainity 0.3844
INFO:__main__:Completed epoch 93 of 100

INFO:__main__:NLL: 0.3942, L2: 0.2089, Reg: -0.0967
INFO:__main__:Total loss 0.5065
INFO:__main__:Predicted mean: -0.2391
INFO:__main__:Predicted uncertainity 0.3893
INFO:__main__:Completed epoch 94 of 100

INFO:__main__:NLL: 0.3909, L2: 0.1987, Reg: -0.0748
INFO:__main__:Total loss 0.5148
INFO:__main__:Predicted mean: -0.2344
INFO:__main__:Predicted uncertainity 0.3789
INFO:__main__:Completed epoch 95 of 100

INFO:__main__:NLL: 0.3933, L2: 0.2064, Reg: -0.1171
INFO:__main__:Total loss 0.4826
INFO:__main__:Predicted mean: -0.2385
INFO:__main__:Predicted uncertainity 0.3864
INFO:__main__:Completed epoch 96 of 100

INFO:__main__:NLL: 0.3917, L2: 0.2022, Reg: -0.0841
INFO:__main__:Total loss 0.5098
INFO:__main__:Predicted mean: -0.2381
INFO:__main__:Predicted uncertainity 0.3811
INFO:__main__:Completed epoch 97 of 100

INFO:__main__:NLL: 0.3938, L2: 0.2078, Reg: -0.1234
INFO:__main__:Total loss 0.4782
INFO:__main__:Predicted mean: -0.2390
INFO:__main__:Predicted uncertainity 0.3880
INFO:__main__:Completed epoch 98 of 100

INFO:__main__:NLL: 0.3952, L2: 0.2130, Reg: -0.1011
INFO:__main__:Total loss 0.5070
INFO:__main__:Predicted mean: -0.2431
INFO:__main__:Predicted uncertainity 0.3920
INFO:__main__:Completed epoch 99 of 100

INFO:__main__:NLL: 0.3910, L2: 0.1984, Reg: -0.0927
INFO:__main__:Total loss 0.4967
INFO:__main__:Predicted mean: -0.2336
INFO:__main__:Predicted uncertainity 0.3791
INFO:__main__:Completed epoch 100 of 100

INFO:__main__:611.403629 s
