INFO:__main__:PROCESS RUNNING ON cpu
INFO:__main__:NLL: 0.1810, L2: 0.0267, Reg: 0.1464
INFO:__main__:Total loss 0.3541
INFO:__main__:Predicted mean: -0.3818
INFO:__main__:Predicted uncertainity -0.7076
INFO:__main__:Completed epoch 1 of 100

INFO:__main__:NLL: 0.0526, L2: 0.0277, Reg: 0.1456
INFO:__main__:Total loss 0.2260
INFO:__main__:Predicted mean: -0.3975
INFO:__main__:Predicted uncertainity -0.8084
INFO:__main__:Completed epoch 2 of 100

INFO:__main__:NLL: 0.0721, L2: 0.0277, Reg: 0.1459
INFO:__main__:Total loss 0.2457
INFO:__main__:Predicted mean: -0.4253
INFO:__main__:Predicted uncertainity -0.7596
INFO:__main__:Completed epoch 3 of 100

INFO:__main__:NLL: -0.0276, L2: 0.0299, Reg: 0.1446
INFO:__main__:Total loss 0.1469
INFO:__main__:Predicted mean: -0.3803
INFO:__main__:Predicted uncertainity -0.7628
INFO:__main__:Completed epoch 4 of 100

INFO:__main__:NLL: 0.1306, L2: 0.0282, Reg: 0.1466
INFO:__main__:Total loss 0.3054
INFO:__main__:Predicted mean: -0.4046
INFO:__main__:Predicted uncertainity -0.6715
INFO:__main__:Completed epoch 5 of 100

INFO:__main__:NLL: 0.1767, L2: 0.0273, Reg: 0.1456
INFO:__main__:Total loss 0.3495
INFO:__main__:Predicted mean: -0.3855
INFO:__main__:Predicted uncertainity -0.7170
INFO:__main__:Completed epoch 6 of 100

INFO:__main__:NLL: 0.1127, L2: 0.0290, Reg: 0.1469
INFO:__main__:Total loss 0.2885
INFO:__main__:Predicted mean: -0.3886
INFO:__main__:Predicted uncertainity -0.6855
INFO:__main__:Completed epoch 7 of 100

INFO:__main__:NLL: 0.2279, L2: 0.0282, Reg: 0.1454
INFO:__main__:Total loss 0.4015
INFO:__main__:Predicted mean: -0.3842
INFO:__main__:Predicted uncertainity -0.7468
INFO:__main__:Completed epoch 8 of 100

INFO:__main__:NLL: 0.0277, L2: 0.0283, Reg: 0.1488
INFO:__main__:Total loss 0.2048
INFO:__main__:Predicted mean: -0.3779
INFO:__main__:Predicted uncertainity -0.8302
INFO:__main__:Completed epoch 9 of 100

INFO:__main__:NLL: 0.2606, L2: 0.0278, Reg: 0.1460
INFO:__main__:Total loss 0.4344
INFO:__main__:Predicted mean: -0.3960
INFO:__main__:Predicted uncertainity -0.7466
INFO:__main__:Completed epoch 10 of 100

INFO:__main__:NLL: 0.0309, L2: 0.0274, Reg: 0.1446
INFO:__main__:Total loss 0.2029
INFO:__main__:Predicted mean: -0.3843
INFO:__main__:Predicted uncertainity -0.7674
INFO:__main__:Completed epoch 11 of 100

INFO:__main__:NLL: 0.1915, L2: 0.0258, Reg: 0.1477
INFO:__main__:Total loss 0.3650
INFO:__main__:Predicted mean: -0.3723
INFO:__main__:Predicted uncertainity -0.6556
INFO:__main__:Completed epoch 12 of 100

INFO:__main__:NLL: 0.0174, L2: 0.0294, Reg: 0.1475
INFO:__main__:Total loss 0.1944
INFO:__main__:Predicted mean: -0.3426
INFO:__main__:Predicted uncertainity -0.7816
INFO:__main__:Completed epoch 13 of 100

INFO:__main__:NLL: 0.2726, L2: 0.0292, Reg: 0.1465
INFO:__main__:Total loss 0.4483
INFO:__main__:Predicted mean: -0.3636
INFO:__main__:Predicted uncertainity -0.7612
INFO:__main__:Completed epoch 14 of 100

INFO:__main__:NLL: 0.1951, L2: 0.0293, Reg: 0.1477
INFO:__main__:Total loss 0.3721
INFO:__main__:Predicted mean: -0.3902
INFO:__main__:Predicted uncertainity -0.7854
INFO:__main__:Completed epoch 15 of 100

INFO:__main__:NLL: 0.1721, L2: 0.0289, Reg: 0.1475
INFO:__main__:Total loss 0.3484
INFO:__main__:Predicted mean: -0.3616
INFO:__main__:Predicted uncertainity -0.8049
INFO:__main__:Completed epoch 16 of 100

INFO:__main__:NLL: 0.0599, L2: 0.0271, Reg: 0.1447
INFO:__main__:Total loss 0.2317
INFO:__main__:Predicted mean: -0.3739
INFO:__main__:Predicted uncertainity -0.7364
INFO:__main__:Completed epoch 17 of 100

INFO:__main__:NLL: 0.2367, L2: 0.0272, Reg: 0.1462
INFO:__main__:Total loss 0.4100
INFO:__main__:Predicted mean: -0.4203
INFO:__main__:Predicted uncertainity -0.6341
INFO:__main__:Completed epoch 18 of 100

INFO:__main__:NLL: -0.0621, L2: 0.0274, Reg: 0.1446
INFO:__main__:Total loss 0.1099
INFO:__main__:Predicted mean: -0.4052
INFO:__main__:Predicted uncertainity -0.7445
INFO:__main__:Completed epoch 19 of 100

INFO:__main__:NLL: 0.1250, L2: 0.0273, Reg: 0.1449
INFO:__main__:Total loss 0.2971
INFO:__main__:Predicted mean: -0.4015
INFO:__main__:Predicted uncertainity -0.6926
INFO:__main__:Completed epoch 20 of 100

INFO:__main__:NLL: -0.0368, L2: 0.0278, Reg: 0.1454
INFO:__main__:Total loss 0.1365
INFO:__main__:Predicted mean: -0.3676
INFO:__main__:Predicted uncertainity -0.6708
INFO:__main__:Completed epoch 21 of 100

INFO:__main__:NLL: 0.0472, L2: 0.0277, Reg: 0.1465
INFO:__main__:Total loss 0.2214
INFO:__main__:Predicted mean: -0.3543
INFO:__main__:Predicted uncertainity -0.8250
INFO:__main__:Completed epoch 22 of 100

INFO:__main__:NLL: 0.1504, L2: 0.0276, Reg: 0.1476
INFO:__main__:Total loss 0.3256
INFO:__main__:Predicted mean: -0.4215
INFO:__main__:Predicted uncertainity -0.6795
INFO:__main__:Completed epoch 23 of 100

INFO:__main__:NLL: 0.1602, L2: 0.0278, Reg: 0.1464
INFO:__main__:Total loss 0.3344
INFO:__main__:Predicted mean: -0.3710
INFO:__main__:Predicted uncertainity -0.6437
INFO:__main__:Completed epoch 24 of 100

INFO:__main__:NLL: 0.1978, L2: 0.0280, Reg: 0.1472
INFO:__main__:Total loss 0.3730
INFO:__main__:Predicted mean: -0.4043
INFO:__main__:Predicted uncertainity -0.7460
INFO:__main__:Completed epoch 25 of 100

INFO:__main__:NLL: -0.0314, L2: 0.0291, Reg: 0.1455
INFO:__main__:Total loss 0.1432
INFO:__main__:Predicted mean: -0.3564
INFO:__main__:Predicted uncertainity -0.6001
INFO:__main__:Completed epoch 26 of 100

INFO:__main__:NLL: 0.1783, L2: 0.0270, Reg: 0.1469
INFO:__main__:Total loss 0.3521
INFO:__main__:Predicted mean: -0.4317
INFO:__main__:Predicted uncertainity -0.7789
INFO:__main__:Completed epoch 27 of 100

INFO:__main__:NLL: 0.1780, L2: 0.0270, Reg: 0.1454
INFO:__main__:Total loss 0.3503
INFO:__main__:Predicted mean: -0.3651
INFO:__main__:Predicted uncertainity -0.5820
INFO:__main__:Completed epoch 28 of 100

INFO:__main__:NLL: 0.1052, L2: 0.0273, Reg: 0.1457
INFO:__main__:Total loss 0.2782
INFO:__main__:Predicted mean: -0.3386
INFO:__main__:Predicted uncertainity -0.7883
INFO:__main__:Completed epoch 29 of 100

INFO:__main__:NLL: 0.1340, L2: 0.0257, Reg: 0.1451
INFO:__main__:Total loss 0.3048
INFO:__main__:Predicted mean: -0.3476
INFO:__main__:Predicted uncertainity -0.6671
INFO:__main__:Completed epoch 30 of 100

INFO:__main__:NLL: 0.1883, L2: 0.0260, Reg: 0.1459
INFO:__main__:Total loss 0.3602
INFO:__main__:Predicted mean: -0.4214
INFO:__main__:Predicted uncertainity -0.7529
INFO:__main__:Completed epoch 31 of 100

INFO:__main__:NLL: -0.0185, L2: 0.0292, Reg: 0.1471
INFO:__main__:Total loss 0.1578
INFO:__main__:Predicted mean: -0.3598
INFO:__main__:Predicted uncertainity -0.8956
INFO:__main__:Completed epoch 32 of 100

INFO:__main__:NLL: 0.1034, L2: 0.0288, Reg: 0.1461
INFO:__main__:Total loss 0.2782
INFO:__main__:Predicted mean: -0.4228
INFO:__main__:Predicted uncertainity -0.7247
INFO:__main__:Completed epoch 33 of 100

INFO:__main__:NLL: 0.0129, L2: 0.0297, Reg: 0.1465
INFO:__main__:Total loss 0.1892
INFO:__main__:Predicted mean: -0.3550
INFO:__main__:Predicted uncertainity -0.7562
INFO:__main__:Completed epoch 34 of 100

INFO:__main__:NLL: -0.0181, L2: 0.0276, Reg: 0.1449
INFO:__main__:Total loss 0.1544
INFO:__main__:Predicted mean: -0.3926
INFO:__main__:Predicted uncertainity -0.7228
INFO:__main__:Completed epoch 35 of 100

INFO:__main__:NLL: 0.1028, L2: 0.0270, Reg: 0.1469
INFO:__main__:Total loss 0.2766
INFO:__main__:Predicted mean: -0.3554
INFO:__main__:Predicted uncertainity -0.7644
INFO:__main__:Completed epoch 36 of 100

INFO:__main__:NLL: -0.0057, L2: 0.0275, Reg: 0.1457
INFO:__main__:Total loss 0.1675
INFO:__main__:Predicted mean: -0.3781
INFO:__main__:Predicted uncertainity -0.8268
INFO:__main__:Completed epoch 37 of 100

INFO:__main__:NLL: 0.3307, L2: 0.0305, Reg: 0.1448
INFO:__main__:Total loss 0.5060
INFO:__main__:Predicted mean: -0.4142
INFO:__main__:Predicted uncertainity -0.7622
INFO:__main__:Completed epoch 38 of 100

INFO:__main__:NLL: 0.2241, L2: 0.0298, Reg: 0.1456
INFO:__main__:Total loss 0.3995
INFO:__main__:Predicted mean: -0.4578
INFO:__main__:Predicted uncertainity -0.7065
INFO:__main__:Completed epoch 39 of 100

INFO:__main__:NLL: 0.1612, L2: 0.0298, Reg: 0.1460
INFO:__main__:Total loss 0.3370
INFO:__main__:Predicted mean: -0.4296
INFO:__main__:Predicted uncertainity -0.5897
INFO:__main__:Completed epoch 40 of 100

INFO:__main__:NLL: -0.0472, L2: 0.0283, Reg: 0.1455
INFO:__main__:Total loss 0.1266
INFO:__main__:Predicted mean: -0.3481
INFO:__main__:Predicted uncertainity -0.7326
INFO:__main__:Completed epoch 41 of 100

INFO:__main__:NLL: 0.0785, L2: 0.0284, Reg: 0.1458
INFO:__main__:Total loss 0.2526
INFO:__main__:Predicted mean: -0.4361
INFO:__main__:Predicted uncertainity -0.6610
INFO:__main__:Completed epoch 42 of 100

INFO:__main__:NLL: 0.1833, L2: 0.0284, Reg: 0.1463
INFO:__main__:Total loss 0.3580
INFO:__main__:Predicted mean: -0.3917
INFO:__main__:Predicted uncertainity -0.7353
INFO:__main__:Completed epoch 43 of 100

INFO:__main__:NLL: 0.2760, L2: 0.0284, Reg: 0.1477
INFO:__main__:Total loss 0.4521
INFO:__main__:Predicted mean: -0.4389
INFO:__main__:Predicted uncertainity -0.7759
INFO:__main__:Completed epoch 44 of 100

INFO:__main__:NLL: 0.1070, L2: 0.0244, Reg: 0.1454
INFO:__main__:Total loss 0.2768
INFO:__main__:Predicted mean: -0.4070
INFO:__main__:Predicted uncertainity -0.7286
INFO:__main__:Completed epoch 45 of 100

INFO:__main__:NLL: 0.1455, L2: 0.0264, Reg: 0.1460
INFO:__main__:Total loss 0.3180
INFO:__main__:Predicted mean: -0.3662
INFO:__main__:Predicted uncertainity -0.7789
INFO:__main__:Completed epoch 46 of 100

INFO:__main__:NLL: 0.0796, L2: 0.0274, Reg: 0.1448
INFO:__main__:Total loss 0.2518
INFO:__main__:Predicted mean: -0.4160
INFO:__main__:Predicted uncertainity -0.7321
INFO:__main__:Completed epoch 47 of 100

INFO:__main__:NLL: 0.1300, L2: 0.0294, Reg: 0.1456
INFO:__main__:Total loss 0.3051
INFO:__main__:Predicted mean: -0.3842
INFO:__main__:Predicted uncertainity -0.6661
INFO:__main__:Completed epoch 48 of 100

INFO:__main__:NLL: -0.0129, L2: 0.0267, Reg: 0.1458
INFO:__main__:Total loss 0.1596
INFO:__main__:Predicted mean: -0.3721
INFO:__main__:Predicted uncertainity -0.6889
INFO:__main__:Completed epoch 49 of 100

INFO:__main__:NLL: 0.0526, L2: 0.0269, Reg: 0.1450
INFO:__main__:Total loss 0.2246
INFO:__main__:Predicted mean: -0.4057
INFO:__main__:Predicted uncertainity -0.7670
INFO:__main__:Completed epoch 50 of 100

INFO:__main__:NLL: 0.4155, L2: 0.0277, Reg: 0.1460
INFO:__main__:Total loss 0.5892
INFO:__main__:Predicted mean: -0.3815
INFO:__main__:Predicted uncertainity -0.8224
INFO:__main__:Completed epoch 51 of 100

INFO:__main__:NLL: -0.0865, L2: 0.0250, Reg: 0.1454
INFO:__main__:Total loss 0.0839
INFO:__main__:Predicted mean: -0.4022
INFO:__main__:Predicted uncertainity -0.8108
INFO:__main__:Completed epoch 52 of 100

INFO:__main__:NLL: 0.0324, L2: 0.0264, Reg: 0.1445
INFO:__main__:Total loss 0.2032
INFO:__main__:Predicted mean: -0.3757
INFO:__main__:Predicted uncertainity -0.6648
INFO:__main__:Completed epoch 53 of 100

INFO:__main__:NLL: 0.2489, L2: 0.0269, Reg: 0.1443
INFO:__main__:Total loss 0.4200
INFO:__main__:Predicted mean: -0.3756
INFO:__main__:Predicted uncertainity -0.7134
INFO:__main__:Completed epoch 54 of 100

INFO:__main__:NLL: 0.2645, L2: 0.0281, Reg: 0.1448
INFO:__main__:Total loss 0.4373
INFO:__main__:Predicted mean: -0.3337
INFO:__main__:Predicted uncertainity -0.7502
INFO:__main__:Completed epoch 55 of 100

INFO:__main__:NLL: 0.3239, L2: 0.0273, Reg: 0.1459
INFO:__main__:Total loss 0.4971
INFO:__main__:Predicted mean: -0.4110
INFO:__main__:Predicted uncertainity -0.7134
INFO:__main__:Completed epoch 56 of 100

INFO:__main__:NLL: 0.0632, L2: 0.0278, Reg: 0.1451
INFO:__main__:Total loss 0.2361
INFO:__main__:Predicted mean: -0.3783
INFO:__main__:Predicted uncertainity -0.6711
INFO:__main__:Completed epoch 57 of 100

INFO:__main__:NLL: 0.0433, L2: 0.0267, Reg: 0.1463
INFO:__main__:Total loss 0.2164
INFO:__main__:Predicted mean: -0.4571
INFO:__main__:Predicted uncertainity -0.6907
INFO:__main__:Completed epoch 58 of 100

INFO:__main__:NLL: 0.0117, L2: 0.0282, Reg: 0.1458
INFO:__main__:Total loss 0.1857
INFO:__main__:Predicted mean: -0.3379
INFO:__main__:Predicted uncertainity -0.6768
INFO:__main__:Completed epoch 59 of 100

INFO:__main__:NLL: 0.0971, L2: 0.0295, Reg: 0.1448
INFO:__main__:Total loss 0.2714
INFO:__main__:Predicted mean: -0.3869
INFO:__main__:Predicted uncertainity -0.7555
INFO:__main__:Completed epoch 60 of 100

INFO:__main__:NLL: 0.1652, L2: 0.0280, Reg: 0.1450
INFO:__main__:Total loss 0.3383
INFO:__main__:Predicted mean: -0.3362
INFO:__main__:Predicted uncertainity -0.7350
INFO:__main__:Completed epoch 61 of 100

INFO:__main__:NLL: 0.1719, L2: 0.0265, Reg: 0.1450
INFO:__main__:Total loss 0.3434
INFO:__main__:Predicted mean: -0.3452
INFO:__main__:Predicted uncertainity -0.7257
INFO:__main__:Completed epoch 62 of 100

INFO:__main__:NLL: 0.0885, L2: 0.0274, Reg: 0.1453
INFO:__main__:Total loss 0.2612
INFO:__main__:Predicted mean: -0.4787
INFO:__main__:Predicted uncertainity -0.7182
INFO:__main__:Completed epoch 63 of 100

INFO:__main__:NLL: 0.0086, L2: 0.0267, Reg: 0.1456
INFO:__main__:Total loss 0.1809
INFO:__main__:Predicted mean: -0.3588
INFO:__main__:Predicted uncertainity -0.7601
INFO:__main__:Completed epoch 64 of 100

INFO:__main__:NLL: 0.0306, L2: 0.0270, Reg: 0.1448
INFO:__main__:Total loss 0.2024
INFO:__main__:Predicted mean: -0.3335
INFO:__main__:Predicted uncertainity -0.6665
INFO:__main__:Completed epoch 65 of 100

INFO:__main__:NLL: 0.2503, L2: 0.0272, Reg: 0.1452
INFO:__main__:Total loss 0.4227
INFO:__main__:Predicted mean: -0.3942
INFO:__main__:Predicted uncertainity -0.7549
INFO:__main__:Completed epoch 66 of 100

INFO:__main__:NLL: 0.0108, L2: 0.0244, Reg: 0.1455
INFO:__main__:Total loss 0.1807
INFO:__main__:Predicted mean: -0.3847
INFO:__main__:Predicted uncertainity -0.7673
INFO:__main__:Completed epoch 67 of 100

INFO:__main__:NLL: 0.0624, L2: 0.0261, Reg: 0.1455
INFO:__main__:Total loss 0.2341
INFO:__main__:Predicted mean: -0.3691
INFO:__main__:Predicted uncertainity -0.7753
INFO:__main__:Completed epoch 68 of 100

INFO:__main__:NLL: 0.0694, L2: 0.0289, Reg: 0.1463
INFO:__main__:Total loss 0.2446
INFO:__main__:Predicted mean: -0.4300
INFO:__main__:Predicted uncertainity -0.6765
INFO:__main__:Completed epoch 69 of 100

INFO:__main__:NLL: 0.4370, L2: 0.0273, Reg: 0.1471
INFO:__main__:Total loss 0.6114
INFO:__main__:Predicted mean: -0.4616
INFO:__main__:Predicted uncertainity -0.6594
INFO:__main__:Completed epoch 70 of 100

INFO:__main__:NLL: 0.0033, L2: 0.0256, Reg: 0.1464
INFO:__main__:Total loss 0.1753
INFO:__main__:Predicted mean: -0.4150
INFO:__main__:Predicted uncertainity -0.7589
INFO:__main__:Completed epoch 71 of 100

INFO:__main__:NLL: 0.2623, L2: 0.0272, Reg: 0.1485
INFO:__main__:Total loss 0.4380
INFO:__main__:Predicted mean: -0.4265
INFO:__main__:Predicted uncertainity -0.8536
INFO:__main__:Completed epoch 72 of 100

INFO:__main__:NLL: 0.3149, L2: 0.0263, Reg: 0.1462
INFO:__main__:Total loss 0.4874
INFO:__main__:Predicted mean: -0.3700
INFO:__main__:Predicted uncertainity -0.7908
INFO:__main__:Completed epoch 73 of 100

INFO:__main__:NLL: 0.0750, L2: 0.0274, Reg: 0.1472
INFO:__main__:Total loss 0.2496
INFO:__main__:Predicted mean: -0.3929
INFO:__main__:Predicted uncertainity -0.7679
INFO:__main__:Completed epoch 74 of 100

INFO:__main__:NLL: -0.0008, L2: 0.0272, Reg: 0.1470
INFO:__main__:Total loss 0.1734
INFO:__main__:Predicted mean: -0.4140
INFO:__main__:Predicted uncertainity -0.7725
INFO:__main__:Completed epoch 75 of 100

INFO:__main__:NLL: 0.0874, L2: 0.0256, Reg: 0.1456
INFO:__main__:Total loss 0.2586
INFO:__main__:Predicted mean: -0.4320
INFO:__main__:Predicted uncertainity -0.7573
INFO:__main__:Completed epoch 76 of 100

INFO:__main__:NLL: 0.2121, L2: 0.0249, Reg: 0.1452
INFO:__main__:Total loss 0.3822
INFO:__main__:Predicted mean: -0.4085
INFO:__main__:Predicted uncertainity -0.7730
INFO:__main__:Completed epoch 77 of 100

INFO:__main__:NLL: 0.2409, L2: 0.0252, Reg: 0.1471
INFO:__main__:Total loss 0.4132
INFO:__main__:Predicted mean: -0.3715
INFO:__main__:Predicted uncertainity -0.7838
INFO:__main__:Completed epoch 78 of 100

INFO:__main__:NLL: 0.2988, L2: 0.0249, Reg: 0.1441
INFO:__main__:Total loss 0.4678
INFO:__main__:Predicted mean: -0.3641
INFO:__main__:Predicted uncertainity -0.6356
INFO:__main__:Completed epoch 79 of 100

INFO:__main__:NLL: 0.0683, L2: 0.0278, Reg: 0.1474
INFO:__main__:Total loss 0.2436
INFO:__main__:Predicted mean: -0.3744
INFO:__main__:Predicted uncertainity -0.6071
INFO:__main__:Completed epoch 80 of 100

INFO:__main__:NLL: 0.0854, L2: 0.0295, Reg: 0.1463
INFO:__main__:Total loss 0.2612
INFO:__main__:Predicted mean: -0.3975
INFO:__main__:Predicted uncertainity -0.6208
INFO:__main__:Completed epoch 81 of 100

INFO:__main__:NLL: 0.1061, L2: 0.0268, Reg: 0.1449
INFO:__main__:Total loss 0.2778
INFO:__main__:Predicted mean: -0.4034
INFO:__main__:Predicted uncertainity -0.7392
INFO:__main__:Completed epoch 82 of 100

INFO:__main__:NLL: -0.0356, L2: 0.0272, Reg: 0.1477
INFO:__main__:Total loss 0.1393
INFO:__main__:Predicted mean: -0.3899
INFO:__main__:Predicted uncertainity -0.7913
INFO:__main__:Completed epoch 83 of 100

INFO:__main__:NLL: 0.3713, L2: 0.0273, Reg: 0.1451
INFO:__main__:Total loss 0.5437
INFO:__main__:Predicted mean: -0.3525
INFO:__main__:Predicted uncertainity -0.6618
INFO:__main__:Completed epoch 84 of 100

INFO:__main__:NLL: 0.0979, L2: 0.0271, Reg: 0.1452
INFO:__main__:Total loss 0.2701
INFO:__main__:Predicted mean: -0.3834
INFO:__main__:Predicted uncertainity -0.6618
INFO:__main__:Completed epoch 85 of 100

INFO:__main__:NLL: -0.0707, L2: 0.0277, Reg: 0.1466
INFO:__main__:Total loss 0.1036
INFO:__main__:Predicted mean: -0.4359
INFO:__main__:Predicted uncertainity -0.7971
INFO:__main__:Completed epoch 86 of 100

INFO:__main__:NLL: 0.1307, L2: 0.0266, Reg: 0.1453
INFO:__main__:Total loss 0.3027
INFO:__main__:Predicted mean: -0.4179
INFO:__main__:Predicted uncertainity -0.6834
INFO:__main__:Completed epoch 87 of 100

INFO:__main__:NLL: 0.0545, L2: 0.0290, Reg: 0.1454
INFO:__main__:Total loss 0.2289
INFO:__main__:Predicted mean: -0.3693
INFO:__main__:Predicted uncertainity -0.6505
INFO:__main__:Completed epoch 88 of 100

INFO:__main__:NLL: 0.0452, L2: 0.0273, Reg: 0.1458
INFO:__main__:Total loss 0.2183
INFO:__main__:Predicted mean: -0.3739
INFO:__main__:Predicted uncertainity -0.8055
INFO:__main__:Completed epoch 89 of 100

INFO:__main__:NLL: 0.0966, L2: 0.0280, Reg: 0.1464
INFO:__main__:Total loss 0.2710
INFO:__main__:Predicted mean: -0.4136
INFO:__main__:Predicted uncertainity -0.8069
INFO:__main__:Completed epoch 90 of 100

INFO:__main__:NLL: 0.0800, L2: 0.0283, Reg: 0.1471
INFO:__main__:Total loss 0.2554
INFO:__main__:Predicted mean: -0.4533
INFO:__main__:Predicted uncertainity -0.7852
INFO:__main__:Completed epoch 91 of 100

INFO:__main__:NLL: 0.0743, L2: 0.0277, Reg: 0.1473
INFO:__main__:Total loss 0.2492
INFO:__main__:Predicted mean: -0.3965
INFO:__main__:Predicted uncertainity -0.8324
INFO:__main__:Completed epoch 92 of 100

INFO:__main__:NLL: 0.0739, L2: 0.0287, Reg: 0.1453
INFO:__main__:Total loss 0.2480
INFO:__main__:Predicted mean: -0.4016
INFO:__main__:Predicted uncertainity -0.6209
INFO:__main__:Completed epoch 93 of 100

INFO:__main__:NLL: 0.1180, L2: 0.0294, Reg: 0.1450
INFO:__main__:Total loss 0.2925
INFO:__main__:Predicted mean: -0.3594
INFO:__main__:Predicted uncertainity -0.7261
INFO:__main__:Completed epoch 94 of 100

INFO:__main__:NLL: 0.1485, L2: 0.0259, Reg: 0.1445
INFO:__main__:Total loss 0.3189
INFO:__main__:Predicted mean: -0.3814
INFO:__main__:Predicted uncertainity -0.6667
INFO:__main__:Completed epoch 95 of 100

INFO:__main__:NLL: 0.2391, L2: 0.0283, Reg: 0.1464
INFO:__main__:Total loss 0.4138
INFO:__main__:Predicted mean: -0.3955
INFO:__main__:Predicted uncertainity -0.8637
INFO:__main__:Completed epoch 96 of 100

INFO:__main__:NLL: 0.0592, L2: 0.0256, Reg: 0.1439
INFO:__main__:Total loss 0.2286
INFO:__main__:Predicted mean: -0.3469
INFO:__main__:Predicted uncertainity -0.7224
INFO:__main__:Completed epoch 97 of 100

INFO:__main__:NLL: 0.1147, L2: 0.0286, Reg: 0.1458
INFO:__main__:Total loss 0.2892
INFO:__main__:Predicted mean: -0.3805
INFO:__main__:Predicted uncertainity -0.6756
INFO:__main__:Completed epoch 98 of 100

INFO:__main__:NLL: 0.2343, L2: 0.0271, Reg: 0.1478
INFO:__main__:Total loss 0.4093
INFO:__main__:Predicted mean: -0.4260
INFO:__main__:Predicted uncertainity -0.7898
INFO:__main__:Completed epoch 99 of 100

INFO:__main__:NLL: 0.1563, L2: 0.0256, Reg: 0.1466
INFO:__main__:Total loss 0.3284
INFO:__main__:Predicted mean: -0.3882
INFO:__main__:Predicted uncertainity -0.8602
INFO:__main__:Completed epoch 100 of 100

INFO:__main__:374.767703 s
