INFO:__main__:PROCESS RUNNING ON cpu
INFO:__main__:NLL: 0.0611, L2: 0.0065, Reg: 0.1674
INFO:__main__:Total loss 0.2350
INFO:__main__:Predicted mean: -0.4513
INFO:__main__:Predicted uncertainity -0.7426
INFO:__main__:Completed epoch 1 of 100

INFO:__main__:NLL: 0.1343, L2: 0.0069, Reg: 0.1683
INFO:__main__:Total loss 0.3096
INFO:__main__:Predicted mean: -0.3988
INFO:__main__:Predicted uncertainity -0.8049
INFO:__main__:Completed epoch 2 of 100

INFO:__main__:NLL: 0.1239, L2: 0.0075, Reg: 0.1670
INFO:__main__:Total loss 0.2984
INFO:__main__:Predicted mean: -0.3867
INFO:__main__:Predicted uncertainity -0.6666
INFO:__main__:Completed epoch 3 of 100

INFO:__main__:NLL: -0.1412, L2: 0.0078, Reg: 0.1681
INFO:__main__:Total loss 0.0347
INFO:__main__:Predicted mean: -0.4181
INFO:__main__:Predicted uncertainity -0.8405
INFO:__main__:Completed epoch 4 of 100

INFO:__main__:NLL: 0.2125, L2: 0.0075, Reg: 0.1663
INFO:__main__:Total loss 0.3864
INFO:__main__:Predicted mean: -0.3811
INFO:__main__:Predicted uncertainity -0.7724
INFO:__main__:Completed epoch 5 of 100

INFO:__main__:NLL: -0.0146, L2: 0.0077, Reg: 0.1671
INFO:__main__:Total loss 0.1603
INFO:__main__:Predicted mean: -0.3665
INFO:__main__:Predicted uncertainity -0.6367
INFO:__main__:Completed epoch 6 of 100

INFO:__main__:NLL: -0.0843, L2: 0.0076, Reg: 0.1663
INFO:__main__:Total loss 0.0896
INFO:__main__:Predicted mean: -0.3814
INFO:__main__:Predicted uncertainity -0.7386
INFO:__main__:Completed epoch 7 of 100

INFO:__main__:NLL: 0.2132, L2: 0.0081, Reg: 0.1668
INFO:__main__:Total loss 0.3881
INFO:__main__:Predicted mean: -0.4420
INFO:__main__:Predicted uncertainity -0.6995
INFO:__main__:Completed epoch 8 of 100

INFO:__main__:NLL: 0.0772, L2: 0.0079, Reg: 0.1658
INFO:__main__:Total loss 0.2509
INFO:__main__:Predicted mean: -0.4268
INFO:__main__:Predicted uncertainity -0.8416
INFO:__main__:Completed epoch 9 of 100

INFO:__main__:NLL: 0.3205, L2: 0.0077, Reg: 0.1680
INFO:__main__:Total loss 0.4962
INFO:__main__:Predicted mean: -0.3628
INFO:__main__:Predicted uncertainity -0.7809
INFO:__main__:Completed epoch 10 of 100

INFO:__main__:NLL: 0.0645, L2: 0.0078, Reg: 0.1667
INFO:__main__:Total loss 0.2390
INFO:__main__:Predicted mean: -0.3879
INFO:__main__:Predicted uncertainity -0.7768
INFO:__main__:Completed epoch 11 of 100

INFO:__main__:NLL: 0.1348, L2: 0.0074, Reg: 0.1666
INFO:__main__:Total loss 0.3089
INFO:__main__:Predicted mean: -0.4301
INFO:__main__:Predicted uncertainity -0.7156
INFO:__main__:Completed epoch 12 of 100

INFO:__main__:NLL: 0.0190, L2: 0.0078, Reg: 0.1666
INFO:__main__:Total loss 0.1934
INFO:__main__:Predicted mean: -0.3910
INFO:__main__:Predicted uncertainity -0.6803
INFO:__main__:Completed epoch 13 of 100

INFO:__main__:NLL: 0.0763, L2: 0.0077, Reg: 0.1658
INFO:__main__:Total loss 0.2498
INFO:__main__:Predicted mean: -0.3758
INFO:__main__:Predicted uncertainity -0.7609
INFO:__main__:Completed epoch 14 of 100

INFO:__main__:NLL: 0.0739, L2: 0.0081, Reg: 0.1669
INFO:__main__:Total loss 0.2488
INFO:__main__:Predicted mean: -0.3405
INFO:__main__:Predicted uncertainity -0.8030
INFO:__main__:Completed epoch 15 of 100

INFO:__main__:NLL: 0.1029, L2: 0.0072, Reg: 0.1680
INFO:__main__:Total loss 0.2781
INFO:__main__:Predicted mean: -0.4041
INFO:__main__:Predicted uncertainity -0.6942
INFO:__main__:Completed epoch 16 of 100

INFO:__main__:NLL: 0.0550, L2: 0.0078, Reg: 0.1673
INFO:__main__:Total loss 0.2301
INFO:__main__:Predicted mean: -0.3964
INFO:__main__:Predicted uncertainity -0.8240
INFO:__main__:Completed epoch 17 of 100

INFO:__main__:NLL: 0.0838, L2: 0.0079, Reg: 0.1681
INFO:__main__:Total loss 0.2598
INFO:__main__:Predicted mean: -0.3671
INFO:__main__:Predicted uncertainity -0.7397
INFO:__main__:Completed epoch 18 of 100

INFO:__main__:NLL: -0.0034, L2: 0.0086, Reg: 0.1675
INFO:__main__:Total loss 0.1726
INFO:__main__:Predicted mean: -0.3566
INFO:__main__:Predicted uncertainity -0.7100
INFO:__main__:Completed epoch 19 of 100

INFO:__main__:NLL: -0.0090, L2: 0.0086, Reg: 0.1676
INFO:__main__:Total loss 0.1672
INFO:__main__:Predicted mean: -0.4203
INFO:__main__:Predicted uncertainity -0.7260
INFO:__main__:Completed epoch 20 of 100

INFO:__main__:NLL: 0.0848, L2: 0.0080, Reg: 0.1650
INFO:__main__:Total loss 0.2578
INFO:__main__:Predicted mean: -0.4071
INFO:__main__:Predicted uncertainity -0.6476
INFO:__main__:Completed epoch 21 of 100

INFO:__main__:NLL: 0.0291, L2: 0.0080, Reg: 0.1661
INFO:__main__:Total loss 0.2033
INFO:__main__:Predicted mean: -0.3757
INFO:__main__:Predicted uncertainity -0.7289
INFO:__main__:Completed epoch 22 of 100

INFO:__main__:NLL: 0.5176, L2: 0.0080, Reg: 0.1670
INFO:__main__:Total loss 0.6925
INFO:__main__:Predicted mean: -0.4049
INFO:__main__:Predicted uncertainity -0.7840
INFO:__main__:Completed epoch 23 of 100

INFO:__main__:NLL: -0.0136, L2: 0.0076, Reg: 0.1700
INFO:__main__:Total loss 0.1640
INFO:__main__:Predicted mean: -0.3778
INFO:__main__:Predicted uncertainity -0.6625
INFO:__main__:Completed epoch 24 of 100

INFO:__main__:NLL: 0.0402, L2: 0.0080, Reg: 0.1658
INFO:__main__:Total loss 0.2140
INFO:__main__:Predicted mean: -0.3479
INFO:__main__:Predicted uncertainity -0.6971
INFO:__main__:Completed epoch 25 of 100

INFO:__main__:NLL: 0.2480, L2: 0.0081, Reg: 0.1674
INFO:__main__:Total loss 0.4234
INFO:__main__:Predicted mean: -0.4038
INFO:__main__:Predicted uncertainity -0.7109
INFO:__main__:Completed epoch 26 of 100

INFO:__main__:NLL: 0.0908, L2: 0.0079, Reg: 0.1661
INFO:__main__:Total loss 0.2649
INFO:__main__:Predicted mean: -0.3445
INFO:__main__:Predicted uncertainity -0.6784
INFO:__main__:Completed epoch 27 of 100

INFO:__main__:NLL: -0.0142, L2: 0.0085, Reg: 0.1678
INFO:__main__:Total loss 0.1621
INFO:__main__:Predicted mean: -0.3735
INFO:__main__:Predicted uncertainity -0.8157
INFO:__main__:Completed epoch 28 of 100

INFO:__main__:NLL: 0.1911, L2: 0.0091, Reg: 0.1670
INFO:__main__:Total loss 0.3672
INFO:__main__:Predicted mean: -0.3798
INFO:__main__:Predicted uncertainity -0.7467
INFO:__main__:Completed epoch 29 of 100

INFO:__main__:NLL: 0.1695, L2: 0.0086, Reg: 0.1655
INFO:__main__:Total loss 0.3436
INFO:__main__:Predicted mean: -0.3880
INFO:__main__:Predicted uncertainity -0.7520
INFO:__main__:Completed epoch 30 of 100

INFO:__main__:NLL: -0.1033, L2: 0.0090, Reg: 0.1663
INFO:__main__:Total loss 0.0720
INFO:__main__:Predicted mean: -0.3131
INFO:__main__:Predicted uncertainity -0.7880
INFO:__main__:Completed epoch 31 of 100

INFO:__main__:NLL: -0.0077, L2: 0.0091, Reg: 0.1671
INFO:__main__:Total loss 0.1684
INFO:__main__:Predicted mean: -0.3457
INFO:__main__:Predicted uncertainity -0.8215
INFO:__main__:Completed epoch 32 of 100

INFO:__main__:NLL: 0.0761, L2: 0.0093, Reg: 0.1690
INFO:__main__:Total loss 0.2544
INFO:__main__:Predicted mean: -0.3969
INFO:__main__:Predicted uncertainity -0.8658
INFO:__main__:Completed epoch 33 of 100

INFO:__main__:NLL: 0.1831, L2: 0.0087, Reg: 0.1671
INFO:__main__:Total loss 0.3589
INFO:__main__:Predicted mean: -0.3904
INFO:__main__:Predicted uncertainity -0.7377
INFO:__main__:Completed epoch 34 of 100

INFO:__main__:NLL: 0.0908, L2: 0.0088, Reg: 0.1663
INFO:__main__:Total loss 0.2659
INFO:__main__:Predicted mean: -0.3528
INFO:__main__:Predicted uncertainity -0.7809
INFO:__main__:Completed epoch 35 of 100

INFO:__main__:NLL: 0.1580, L2: 0.0088, Reg: 0.1664
INFO:__main__:Total loss 0.3333
INFO:__main__:Predicted mean: -0.3340
INFO:__main__:Predicted uncertainity -0.8216
INFO:__main__:Completed epoch 36 of 100

INFO:__main__:NLL: 0.3068, L2: 0.0092, Reg: 0.1672
INFO:__main__:Total loss 0.4833
INFO:__main__:Predicted mean: -0.4313
INFO:__main__:Predicted uncertainity -0.6926
INFO:__main__:Completed epoch 37 of 100

INFO:__main__:NLL: -0.0630, L2: 0.0089, Reg: 0.1667
INFO:__main__:Total loss 0.1126
INFO:__main__:Predicted mean: -0.3504
INFO:__main__:Predicted uncertainity -0.7935
INFO:__main__:Completed epoch 38 of 100

INFO:__main__:NLL: 0.1336, L2: 0.0098, Reg: 0.1665
INFO:__main__:Total loss 0.3100
INFO:__main__:Predicted mean: -0.5046
INFO:__main__:Predicted uncertainity -0.7731
INFO:__main__:Completed epoch 39 of 100

INFO:__main__:NLL: 0.0413, L2: 0.0092, Reg: 0.1667
INFO:__main__:Total loss 0.2172
INFO:__main__:Predicted mean: -0.3792
INFO:__main__:Predicted uncertainity -0.6972
INFO:__main__:Completed epoch 40 of 100

INFO:__main__:NLL: 0.1170, L2: 0.0089, Reg: 0.1660
INFO:__main__:Total loss 0.2920
INFO:__main__:Predicted mean: -0.3164
INFO:__main__:Predicted uncertainity -0.6860
INFO:__main__:Completed epoch 41 of 100

INFO:__main__:NLL: 0.4131, L2: 0.0086, Reg: 0.1671
INFO:__main__:Total loss 0.5888
INFO:__main__:Predicted mean: -0.4239
INFO:__main__:Predicted uncertainity -0.8222
INFO:__main__:Completed epoch 42 of 100

INFO:__main__:NLL: 0.0363, L2: 0.0091, Reg: 0.1664
INFO:__main__:Total loss 0.2117
INFO:__main__:Predicted mean: -0.3786
INFO:__main__:Predicted uncertainity -0.7106
INFO:__main__:Completed epoch 43 of 100

INFO:__main__:NLL: 0.0473, L2: 0.0094, Reg: 0.1662
INFO:__main__:Total loss 0.2230
INFO:__main__:Predicted mean: -0.3639
INFO:__main__:Predicted uncertainity -0.7397
INFO:__main__:Completed epoch 44 of 100

INFO:__main__:NLL: 0.1208, L2: 0.0091, Reg: 0.1677
INFO:__main__:Total loss 0.2976
INFO:__main__:Predicted mean: -0.3802
INFO:__main__:Predicted uncertainity -0.8241
INFO:__main__:Completed epoch 45 of 100

INFO:__main__:NLL: 0.1849, L2: 0.0086, Reg: 0.1676
INFO:__main__:Total loss 0.3611
INFO:__main__:Predicted mean: -0.3443
INFO:__main__:Predicted uncertainity -0.7605
INFO:__main__:Completed epoch 46 of 100

INFO:__main__:NLL: 0.0800, L2: 0.0087, Reg: 0.1674
INFO:__main__:Total loss 0.2560
INFO:__main__:Predicted mean: -0.4363
INFO:__main__:Predicted uncertainity -0.7899
INFO:__main__:Completed epoch 47 of 100

INFO:__main__:NLL: 0.3585, L2: 0.0091, Reg: 0.1680
INFO:__main__:Total loss 0.5355
INFO:__main__:Predicted mean: -0.4067
INFO:__main__:Predicted uncertainity -0.6253
INFO:__main__:Completed epoch 48 of 100

INFO:__main__:NLL: 0.0503, L2: 0.0093, Reg: 0.1675
INFO:__main__:Total loss 0.2271
INFO:__main__:Predicted mean: -0.3958
INFO:__main__:Predicted uncertainity -0.7290
INFO:__main__:Completed epoch 49 of 100

INFO:__main__:NLL: 0.0410, L2: 0.0094, Reg: 0.1665
INFO:__main__:Total loss 0.2169
INFO:__main__:Predicted mean: -0.4097
INFO:__main__:Predicted uncertainity -0.6512
INFO:__main__:Completed epoch 50 of 100

INFO:__main__:NLL: 0.2485, L2: 0.0089, Reg: 0.1675
INFO:__main__:Total loss 0.4249
INFO:__main__:Predicted mean: -0.4367
INFO:__main__:Predicted uncertainity -0.7821
INFO:__main__:Completed epoch 51 of 100

INFO:__main__:NLL: 0.1343, L2: 0.0091, Reg: 0.1678
INFO:__main__:Total loss 0.3112
INFO:__main__:Predicted mean: -0.3918
INFO:__main__:Predicted uncertainity -0.7314
INFO:__main__:Completed epoch 52 of 100

INFO:__main__:NLL: 0.2001, L2: 0.0086, Reg: 0.1662
INFO:__main__:Total loss 0.3749
INFO:__main__:Predicted mean: -0.4097
INFO:__main__:Predicted uncertainity -0.7278
INFO:__main__:Completed epoch 53 of 100

INFO:__main__:NLL: 0.0769, L2: 0.0085, Reg: 0.1662
INFO:__main__:Total loss 0.2516
INFO:__main__:Predicted mean: -0.3610
INFO:__main__:Predicted uncertainity -0.7632
INFO:__main__:Completed epoch 54 of 100

INFO:__main__:NLL: 0.0685, L2: 0.0087, Reg: 0.1666
INFO:__main__:Total loss 0.2438
INFO:__main__:Predicted mean: -0.4194
INFO:__main__:Predicted uncertainity -0.7472
INFO:__main__:Completed epoch 55 of 100

INFO:__main__:NLL: 0.1175, L2: 0.0091, Reg: 0.1667
INFO:__main__:Total loss 0.2933
INFO:__main__:Predicted mean: -0.3948
INFO:__main__:Predicted uncertainity -0.7382
INFO:__main__:Completed epoch 56 of 100

INFO:__main__:NLL: 0.1789, L2: 0.0090, Reg: 0.1665
INFO:__main__:Total loss 0.3544
INFO:__main__:Predicted mean: -0.3658
INFO:__main__:Predicted uncertainity -0.8203
INFO:__main__:Completed epoch 57 of 100

INFO:__main__:NLL: 0.1559, L2: 0.0090, Reg: 0.1682
INFO:__main__:Total loss 0.3331
INFO:__main__:Predicted mean: -0.3950
INFO:__main__:Predicted uncertainity -0.7404
INFO:__main__:Completed epoch 58 of 100

INFO:__main__:NLL: 0.1194, L2: 0.0091, Reg: 0.1664
INFO:__main__:Total loss 0.2950
INFO:__main__:Predicted mean: -0.3631
INFO:__main__:Predicted uncertainity -0.7162
INFO:__main__:Completed epoch 59 of 100

INFO:__main__:NLL: 0.0312, L2: 0.0092, Reg: 0.1662
INFO:__main__:Total loss 0.2067
INFO:__main__:Predicted mean: -0.4033
INFO:__main__:Predicted uncertainity -0.5695
INFO:__main__:Completed epoch 60 of 100

INFO:__main__:NLL: 0.0111, L2: 0.0093, Reg: 0.1670
INFO:__main__:Total loss 0.1873
INFO:__main__:Predicted mean: -0.3875
INFO:__main__:Predicted uncertainity -0.6493
INFO:__main__:Completed epoch 61 of 100

INFO:__main__:NLL: 0.0966, L2: 0.0092, Reg: 0.1657
INFO:__main__:Total loss 0.2714
INFO:__main__:Predicted mean: -0.3737
INFO:__main__:Predicted uncertainity -0.7035
INFO:__main__:Completed epoch 62 of 100

INFO:__main__:NLL: 0.0745, L2: 0.0093, Reg: 0.1679
INFO:__main__:Total loss 0.2516
INFO:__main__:Predicted mean: -0.3905
INFO:__main__:Predicted uncertainity -0.8217
INFO:__main__:Completed epoch 63 of 100

INFO:__main__:NLL: 0.2095, L2: 0.0097, Reg: 0.1685
INFO:__main__:Total loss 0.3877
INFO:__main__:Predicted mean: -0.4107
INFO:__main__:Predicted uncertainity -0.8336
INFO:__main__:Completed epoch 64 of 100

INFO:__main__:NLL: -0.0580, L2: 0.0093, Reg: 0.1668
INFO:__main__:Total loss 0.1180
INFO:__main__:Predicted mean: -0.4502
INFO:__main__:Predicted uncertainity -0.7549
INFO:__main__:Completed epoch 65 of 100

INFO:__main__:NLL: 0.0915, L2: 0.0088, Reg: 0.1666
INFO:__main__:Total loss 0.2669
INFO:__main__:Predicted mean: -0.3791
INFO:__main__:Predicted uncertainity -0.6433
INFO:__main__:Completed epoch 66 of 100

INFO:__main__:NLL: 0.0167, L2: 0.0086, Reg: 0.1676
INFO:__main__:Total loss 0.1929
INFO:__main__:Predicted mean: -0.4543
INFO:__main__:Predicted uncertainity -0.8160
INFO:__main__:Completed epoch 67 of 100

INFO:__main__:NLL: 0.0743, L2: 0.0087, Reg: 0.1676
INFO:__main__:Total loss 0.2505
INFO:__main__:Predicted mean: -0.3723
INFO:__main__:Predicted uncertainity -0.7271
INFO:__main__:Completed epoch 68 of 100

INFO:__main__:NLL: 0.1205, L2: 0.0083, Reg: 0.1667
INFO:__main__:Total loss 0.2956
INFO:__main__:Predicted mean: -0.3893
INFO:__main__:Predicted uncertainity -0.7771
INFO:__main__:Completed epoch 69 of 100

INFO:__main__:NLL: -0.1017, L2: 0.0084, Reg: 0.1664
INFO:__main__:Total loss 0.0731
INFO:__main__:Predicted mean: -0.3867
INFO:__main__:Predicted uncertainity -0.7824
INFO:__main__:Completed epoch 70 of 100

INFO:__main__:NLL: 0.0602, L2: 0.0086, Reg: 0.1666
INFO:__main__:Total loss 0.2355
INFO:__main__:Predicted mean: -0.3743
INFO:__main__:Predicted uncertainity -0.7019
INFO:__main__:Completed epoch 71 of 100

INFO:__main__:NLL: 0.0532, L2: 0.0086, Reg: 0.1682
INFO:__main__:Total loss 0.2300
INFO:__main__:Predicted mean: -0.3605
INFO:__main__:Predicted uncertainity -0.7797
INFO:__main__:Completed epoch 72 of 100

INFO:__main__:NLL: 0.0095, L2: 0.0087, Reg: 0.1661
INFO:__main__:Total loss 0.1842
INFO:__main__:Predicted mean: -0.3963
INFO:__main__:Predicted uncertainity -0.7024
INFO:__main__:Completed epoch 73 of 100

INFO:__main__:NLL: 0.0062, L2: 0.0089, Reg: 0.1674
INFO:__main__:Total loss 0.1825
INFO:__main__:Predicted mean: -0.3971
INFO:__main__:Predicted uncertainity -0.8805
INFO:__main__:Completed epoch 74 of 100

INFO:__main__:NLL: 0.1727, L2: 0.0086, Reg: 0.1659
INFO:__main__:Total loss 0.3472
INFO:__main__:Predicted mean: -0.4193
INFO:__main__:Predicted uncertainity -0.6712
INFO:__main__:Completed epoch 75 of 100

INFO:__main__:NLL: 0.0718, L2: 0.0087, Reg: 0.1664
INFO:__main__:Total loss 0.2470
INFO:__main__:Predicted mean: -0.4113
INFO:__main__:Predicted uncertainity -0.7012
INFO:__main__:Completed epoch 76 of 100

INFO:__main__:NLL: 0.1496, L2: 0.0086, Reg: 0.1678
INFO:__main__:Total loss 0.3260
INFO:__main__:Predicted mean: -0.3305
INFO:__main__:Predicted uncertainity -0.6043
INFO:__main__:Completed epoch 77 of 100

INFO:__main__:NLL: -0.0019, L2: 0.0089, Reg: 0.1673
INFO:__main__:Total loss 0.1744
INFO:__main__:Predicted mean: -0.3871
INFO:__main__:Predicted uncertainity -0.6984
INFO:__main__:Completed epoch 78 of 100

INFO:__main__:NLL: 0.1344, L2: 0.0085, Reg: 0.1668
INFO:__main__:Total loss 0.3096
INFO:__main__:Predicted mean: -0.3642
INFO:__main__:Predicted uncertainity -0.7438
INFO:__main__:Completed epoch 79 of 100

INFO:__main__:NLL: 0.0302, L2: 0.0085, Reg: 0.1670
INFO:__main__:Total loss 0.2057
INFO:__main__:Predicted mean: -0.3830
INFO:__main__:Predicted uncertainity -0.6643
INFO:__main__:Completed epoch 80 of 100

INFO:__main__:NLL: -0.0061, L2: 0.0087, Reg: 0.1666
INFO:__main__:Total loss 0.1692
INFO:__main__:Predicted mean: -0.3686
INFO:__main__:Predicted uncertainity -0.7749
INFO:__main__:Completed epoch 81 of 100

INFO:__main__:NLL: 0.0933, L2: 0.0090, Reg: 0.1673
INFO:__main__:Total loss 0.2695
INFO:__main__:Predicted mean: -0.3576
INFO:__main__:Predicted uncertainity -0.7508
INFO:__main__:Completed epoch 82 of 100

INFO:__main__:NLL: 0.3389, L2: 0.0091, Reg: 0.1663
INFO:__main__:Total loss 0.5143
INFO:__main__:Predicted mean: -0.4708
INFO:__main__:Predicted uncertainity -0.7201
INFO:__main__:Completed epoch 83 of 100

INFO:__main__:NLL: -0.0302, L2: 0.0093, Reg: 0.1662
INFO:__main__:Total loss 0.1452
INFO:__main__:Predicted mean: -0.4013
INFO:__main__:Predicted uncertainity -0.6484
INFO:__main__:Completed epoch 84 of 100

INFO:__main__:NLL: 0.0929, L2: 0.0088, Reg: 0.1669
INFO:__main__:Total loss 0.2685
INFO:__main__:Predicted mean: -0.3426
INFO:__main__:Predicted uncertainity -0.7157
INFO:__main__:Completed epoch 85 of 100

INFO:__main__:NLL: -0.0500, L2: 0.0084, Reg: 0.1676
INFO:__main__:Total loss 0.1260
INFO:__main__:Predicted mean: -0.3715
INFO:__main__:Predicted uncertainity -0.7598
INFO:__main__:Completed epoch 86 of 100

INFO:__main__:NLL: 0.0963, L2: 0.0085, Reg: 0.1676
INFO:__main__:Total loss 0.2724
INFO:__main__:Predicted mean: -0.4207
INFO:__main__:Predicted uncertainity -0.6819
INFO:__main__:Completed epoch 87 of 100

INFO:__main__:NLL: 0.1736, L2: 0.0088, Reg: 0.1657
INFO:__main__:Total loss 0.3481
INFO:__main__:Predicted mean: -0.3408
INFO:__main__:Predicted uncertainity -0.7103
INFO:__main__:Completed epoch 88 of 100

INFO:__main__:NLL: 0.4628, L2: 0.0082, Reg: 0.1665
INFO:__main__:Total loss 0.6376
INFO:__main__:Predicted mean: -0.3514
INFO:__main__:Predicted uncertainity -0.7324
INFO:__main__:Completed epoch 89 of 100

INFO:__main__:NLL: 0.2027, L2: 0.0091, Reg: 0.1659
INFO:__main__:Total loss 0.3778
INFO:__main__:Predicted mean: -0.3793
INFO:__main__:Predicted uncertainity -0.6656
INFO:__main__:Completed epoch 90 of 100

INFO:__main__:NLL: 0.1009, L2: 0.0089, Reg: 0.1681
INFO:__main__:Total loss 0.2779
INFO:__main__:Predicted mean: -0.3499
INFO:__main__:Predicted uncertainity -0.6744
INFO:__main__:Completed epoch 91 of 100

INFO:__main__:NLL: 0.0040, L2: 0.0089, Reg: 0.1693
INFO:__main__:Total loss 0.1823
INFO:__main__:Predicted mean: -0.3782
INFO:__main__:Predicted uncertainity -0.7657
INFO:__main__:Completed epoch 92 of 100

INFO:__main__:NLL: 0.2573, L2: 0.0089, Reg: 0.1667
INFO:__main__:Total loss 0.4328
INFO:__main__:Predicted mean: -0.3340
INFO:__main__:Predicted uncertainity -0.7873
INFO:__main__:Completed epoch 93 of 100

INFO:__main__:NLL: 0.2772, L2: 0.0089, Reg: 0.1690
INFO:__main__:Total loss 0.4551
INFO:__main__:Predicted mean: -0.3809
INFO:__main__:Predicted uncertainity -0.8126
INFO:__main__:Completed epoch 94 of 100

INFO:__main__:NLL: 0.1470, L2: 0.0084, Reg: 0.1668
INFO:__main__:Total loss 0.3221
INFO:__main__:Predicted mean: -0.3758
INFO:__main__:Predicted uncertainity -0.7636
INFO:__main__:Completed epoch 95 of 100

INFO:__main__:NLL: 0.1468, L2: 0.0086, Reg: 0.1670
INFO:__main__:Total loss 0.3224
INFO:__main__:Predicted mean: -0.3350
INFO:__main__:Predicted uncertainity -0.7218
INFO:__main__:Completed epoch 96 of 100

INFO:__main__:NLL: 0.1283, L2: 0.0089, Reg: 0.1691
INFO:__main__:Total loss 0.3063
INFO:__main__:Predicted mean: -0.3263
INFO:__main__:Predicted uncertainity -0.6891
INFO:__main__:Completed epoch 97 of 100

INFO:__main__:NLL: -0.0073, L2: 0.0085, Reg: 0.1668
INFO:__main__:Total loss 0.1681
INFO:__main__:Predicted mean: -0.3611
INFO:__main__:Predicted uncertainity -0.7317
INFO:__main__:Completed epoch 98 of 100

INFO:__main__:NLL: -0.0553, L2: 0.0091, Reg: 0.1689
INFO:__main__:Total loss 0.1228
INFO:__main__:Predicted mean: -0.3704
INFO:__main__:Predicted uncertainity -0.8647
INFO:__main__:Completed epoch 99 of 100

INFO:__main__:NLL: 0.1608, L2: 0.0092, Reg: 0.1665
INFO:__main__:Total loss 0.3366
INFO:__main__:Predicted mean: -0.3974
INFO:__main__:Predicted uncertainity -0.7690
INFO:__main__:Completed epoch 100 of 100

INFO:__main__:822.247745 s
