INFO:__main__:PROCESS RUNNING ON cpu
INFO:__main__:NLL: 0.1249, L2: 0.0457, Reg: 0.0057
INFO:__main__:Total loss 0.1763
INFO:__main__:Predicted mean: -0.4250
INFO:__main__:Predicted uncertainity -0.6797
INFO:__main__:Completed epoch 1 of 100

INFO:__main__:NLL: 0.1326, L2: 0.0561, Reg: 0.0074
INFO:__main__:Total loss 0.1962
INFO:__main__:Predicted mean: -0.4624
INFO:__main__:Predicted uncertainity -0.8040
INFO:__main__:Completed epoch 2 of 100

INFO:__main__:NLL: 0.2512, L2: 0.0454, Reg: 0.0045
INFO:__main__:Total loss 0.3011
INFO:__main__:Predicted mean: -0.4835
INFO:__main__:Predicted uncertainity -0.6547
INFO:__main__:Completed epoch 3 of 100

INFO:__main__:NLL: 0.1991, L2: 0.0483, Reg: 0.0051
INFO:__main__:Total loss 0.2524
INFO:__main__:Predicted mean: -0.4449
INFO:__main__:Predicted uncertainity -0.7103
INFO:__main__:Completed epoch 4 of 100

INFO:__main__:NLL: 0.1823, L2: 0.0426, Reg: 0.0050
INFO:__main__:Total loss 0.2300
INFO:__main__:Predicted mean: -0.4903
INFO:__main__:Predicted uncertainity -0.6110
INFO:__main__:Completed epoch 5 of 100

INFO:__main__:NLL: 0.1812, L2: 0.0569, Reg: 0.0069
INFO:__main__:Total loss 0.2450
INFO:__main__:Predicted mean: -0.5227
INFO:__main__:Predicted uncertainity -0.6909
INFO:__main__:Completed epoch 6 of 100

INFO:__main__:NLL: 0.1722, L2: 0.0525, Reg: 0.0063
INFO:__main__:Total loss 0.2309
INFO:__main__:Predicted mean: -0.4770
INFO:__main__:Predicted uncertainity -0.6346
INFO:__main__:Completed epoch 7 of 100

INFO:__main__:NLL: 0.2498, L2: 0.0539, Reg: 0.0069
INFO:__main__:Total loss 0.3107
INFO:__main__:Predicted mean: -0.4990
INFO:__main__:Predicted uncertainity -0.6355
INFO:__main__:Completed epoch 8 of 100

INFO:__main__:NLL: 0.0675, L2: 0.0549, Reg: 0.0079
INFO:__main__:Total loss 0.1303
INFO:__main__:Predicted mean: -0.4504
INFO:__main__:Predicted uncertainity -0.7855
INFO:__main__:Completed epoch 9 of 100

INFO:__main__:NLL: 0.3929, L2: 0.0541, Reg: 0.0075
INFO:__main__:Total loss 0.4545
INFO:__main__:Predicted mean: -0.4940
INFO:__main__:Predicted uncertainity -0.8175
INFO:__main__:Completed epoch 10 of 100

INFO:__main__:NLL: 0.1162, L2: 0.0470, Reg: 0.0053
INFO:__main__:Total loss 0.1685
INFO:__main__:Predicted mean: -0.4810
INFO:__main__:Predicted uncertainity -0.7746
INFO:__main__:Completed epoch 11 of 100

INFO:__main__:NLL: 0.1889, L2: 0.0471, Reg: 0.0065
INFO:__main__:Total loss 0.2425
INFO:__main__:Predicted mean: -0.4123
INFO:__main__:Predicted uncertainity -0.5397
INFO:__main__:Completed epoch 12 of 100

INFO:__main__:NLL: 0.1663, L2: 0.0437, Reg: 0.0056
INFO:__main__:Total loss 0.2157
INFO:__main__:Predicted mean: -0.3909
INFO:__main__:Predicted uncertainity -0.6489
INFO:__main__:Completed epoch 13 of 100

INFO:__main__:NLL: 0.1999, L2: 0.0526, Reg: 0.0072
INFO:__main__:Total loss 0.2597
INFO:__main__:Predicted mean: -0.4443
INFO:__main__:Predicted uncertainity -0.7525
INFO:__main__:Completed epoch 14 of 100

INFO:__main__:NLL: 0.1987, L2: 0.0479, Reg: 0.0064
INFO:__main__:Total loss 0.2530
INFO:__main__:Predicted mean: -0.3905
INFO:__main__:Predicted uncertainity -0.7445
INFO:__main__:Completed epoch 15 of 100

INFO:__main__:NLL: 0.2177, L2: 0.0544, Reg: 0.0083
INFO:__main__:Total loss 0.2804
INFO:__main__:Predicted mean: -0.4328
INFO:__main__:Predicted uncertainity -0.7898
INFO:__main__:Completed epoch 16 of 100

INFO:__main__:NLL: 0.0776, L2: 0.0563, Reg: 0.0066
INFO:__main__:Total loss 0.1405
INFO:__main__:Predicted mean: -0.4640
INFO:__main__:Predicted uncertainity -0.7457
INFO:__main__:Completed epoch 17 of 100

INFO:__main__:NLL: 0.1578, L2: 0.0440, Reg: 0.0046
INFO:__main__:Total loss 0.2064
INFO:__main__:Predicted mean: -0.4258
INFO:__main__:Predicted uncertainity -0.7096
INFO:__main__:Completed epoch 18 of 100

INFO:__main__:NLL: 0.1184, L2: 0.0458, Reg: 0.0048
INFO:__main__:Total loss 0.1690
INFO:__main__:Predicted mean: -0.4508
INFO:__main__:Predicted uncertainity -0.6484
INFO:__main__:Completed epoch 19 of 100

INFO:__main__:NLL: 0.1588, L2: 0.0490, Reg: 0.0053
INFO:__main__:Total loss 0.2131
INFO:__main__:Predicted mean: -0.4420
INFO:__main__:Predicted uncertainity -0.5863
INFO:__main__:Completed epoch 20 of 100

INFO:__main__:NLL: 0.1204, L2: 0.0523, Reg: 0.0055
INFO:__main__:Total loss 0.1782
INFO:__main__:Predicted mean: -0.4784
INFO:__main__:Predicted uncertainity -0.6523
INFO:__main__:Completed epoch 21 of 100

INFO:__main__:NLL: 0.1971, L2: 0.0448, Reg: 0.0047
INFO:__main__:Total loss 0.2466
INFO:__main__:Predicted mean: -0.3764
INFO:__main__:Predicted uncertainity -0.6081
INFO:__main__:Completed epoch 22 of 100

INFO:__main__:NLL: 0.2039, L2: 0.0496, Reg: 0.0061
INFO:__main__:Total loss 0.2595
INFO:__main__:Predicted mean: -0.4733
INFO:__main__:Predicted uncertainity -0.5544
INFO:__main__:Completed epoch 23 of 100

INFO:__main__:NLL: 0.2305, L2: 0.0468, Reg: 0.0048
INFO:__main__:Total loss 0.2821
INFO:__main__:Predicted mean: -0.4590
INFO:__main__:Predicted uncertainity -0.6931
INFO:__main__:Completed epoch 24 of 100

INFO:__main__:NLL: 0.2805, L2: 0.0588, Reg: 0.0066
INFO:__main__:Total loss 0.3458
INFO:__main__:Predicted mean: -0.4220
INFO:__main__:Predicted uncertainity -0.7256
INFO:__main__:Completed epoch 25 of 100

INFO:__main__:NLL: 0.0666, L2: 0.0510, Reg: 0.0060
INFO:__main__:Total loss 0.1236
INFO:__main__:Predicted mean: -0.4643
INFO:__main__:Predicted uncertainity -0.6704
INFO:__main__:Completed epoch 26 of 100

INFO:__main__:NLL: 0.2830, L2: 0.0469, Reg: 0.0051
INFO:__main__:Total loss 0.3350
INFO:__main__:Predicted mean: -0.4069
INFO:__main__:Predicted uncertainity -0.7339
INFO:__main__:Completed epoch 27 of 100

INFO:__main__:NLL: 0.2003, L2: 0.0472, Reg: 0.0060
INFO:__main__:Total loss 0.2535
INFO:__main__:Predicted mean: -0.4456
INFO:__main__:Predicted uncertainity -0.6805
INFO:__main__:Completed epoch 28 of 100

INFO:__main__:NLL: 0.1927, L2: 0.0509, Reg: 0.0070
INFO:__main__:Total loss 0.2505
INFO:__main__:Predicted mean: -0.4410
INFO:__main__:Predicted uncertainity -0.6488
INFO:__main__:Completed epoch 29 of 100

INFO:__main__:NLL: 0.1431, L2: 0.0518, Reg: 0.0055
INFO:__main__:Total loss 0.2003
INFO:__main__:Predicted mean: -0.4060
INFO:__main__:Predicted uncertainity -0.6276
INFO:__main__:Completed epoch 30 of 100

INFO:__main__:NLL: 0.1999, L2: 0.0455, Reg: 0.0067
INFO:__main__:Total loss 0.2522
INFO:__main__:Predicted mean: -0.4546
INFO:__main__:Predicted uncertainity -0.7580
INFO:__main__:Completed epoch 31 of 100

INFO:__main__:NLL: 0.1255, L2: 0.0509, Reg: 0.0061
INFO:__main__:Total loss 0.1826
INFO:__main__:Predicted mean: -0.4137
INFO:__main__:Predicted uncertainity -0.7686
INFO:__main__:Completed epoch 32 of 100

INFO:__main__:NLL: 0.1675, L2: 0.0624, Reg: 0.0072
INFO:__main__:Total loss 0.2371
INFO:__main__:Predicted mean: -0.4986
INFO:__main__:Predicted uncertainity -0.5872
INFO:__main__:Completed epoch 33 of 100

INFO:__main__:NLL: 0.1789, L2: 0.0420, Reg: 0.0044
INFO:__main__:Total loss 0.2253
INFO:__main__:Predicted mean: -0.4044
INFO:__main__:Predicted uncertainity -0.5751
INFO:__main__:Completed epoch 34 of 100

INFO:__main__:NLL: 0.1330, L2: 0.0466, Reg: 0.0053
INFO:__main__:Total loss 0.1849
INFO:__main__:Predicted mean: -0.4416
INFO:__main__:Predicted uncertainity -0.6239
INFO:__main__:Completed epoch 35 of 100

INFO:__main__:NLL: 0.1661, L2: 0.0489, Reg: 0.0057
INFO:__main__:Total loss 0.2207
INFO:__main__:Predicted mean: -0.4097
INFO:__main__:Predicted uncertainity -0.7086
INFO:__main__:Completed epoch 36 of 100

INFO:__main__:NLL: 0.1386, L2: 0.0478, Reg: 0.0052
INFO:__main__:Total loss 0.1916
INFO:__main__:Predicted mean: -0.5000
INFO:__main__:Predicted uncertainity -0.6752
INFO:__main__:Completed epoch 37 of 100

INFO:__main__:NLL: 0.2653, L2: 0.0506, Reg: 0.0049
INFO:__main__:Total loss 0.3208
INFO:__main__:Predicted mean: -0.4424
INFO:__main__:Predicted uncertainity -0.6965
INFO:__main__:Completed epoch 38 of 100

INFO:__main__:NLL: 0.1518, L2: 0.0473, Reg: 0.0048
INFO:__main__:Total loss 0.2038
INFO:__main__:Predicted mean: -0.4082
INFO:__main__:Predicted uncertainity -0.6186
INFO:__main__:Completed epoch 39 of 100

INFO:__main__:NLL: 0.1383, L2: 0.0530, Reg: 0.0063
INFO:__main__:Total loss 0.1976
INFO:__main__:Predicted mean: -0.4744
INFO:__main__:Predicted uncertainity -0.6585
INFO:__main__:Completed epoch 40 of 100

INFO:__main__:NLL: 0.1415, L2: 0.0473, Reg: 0.0055
INFO:__main__:Total loss 0.1943
INFO:__main__:Predicted mean: -0.4334
INFO:__main__:Predicted uncertainity -0.6668
INFO:__main__:Completed epoch 41 of 100

INFO:__main__:NLL: 0.1569, L2: 0.0499, Reg: 0.0060
INFO:__main__:Total loss 0.2128
INFO:__main__:Predicted mean: -0.4684
INFO:__main__:Predicted uncertainity -0.6771
INFO:__main__:Completed epoch 42 of 100

INFO:__main__:NLL: 0.1834, L2: 0.0513, Reg: 0.0066
INFO:__main__:Total loss 0.2414
INFO:__main__:Predicted mean: -0.4163
INFO:__main__:Predicted uncertainity -0.7130
INFO:__main__:Completed epoch 43 of 100

INFO:__main__:NLL: 0.1716, L2: 0.0577, Reg: 0.0076
INFO:__main__:Total loss 0.2370
INFO:__main__:Predicted mean: -0.4660
INFO:__main__:Predicted uncertainity -0.7266
INFO:__main__:Completed epoch 44 of 100

INFO:__main__:NLL: 0.2372, L2: 0.0435, Reg: 0.0057
INFO:__main__:Total loss 0.2864
INFO:__main__:Predicted mean: -0.4657
INFO:__main__:Predicted uncertainity -0.6823
INFO:__main__:Completed epoch 45 of 100

INFO:__main__:NLL: 0.1550, L2: 0.0498, Reg: 0.0083
INFO:__main__:Total loss 0.2131
INFO:__main__:Predicted mean: -0.4313
INFO:__main__:Predicted uncertainity -0.6952
INFO:__main__:Completed epoch 46 of 100

INFO:__main__:NLL: 0.0809, L2: 0.0575, Reg: 0.0083
INFO:__main__:Total loss 0.1466
INFO:__main__:Predicted mean: -0.4878
INFO:__main__:Predicted uncertainity -0.8620
INFO:__main__:Completed epoch 47 of 100

INFO:__main__:NLL: 0.1205, L2: 0.0550, Reg: 0.0068
INFO:__main__:Total loss 0.1823
INFO:__main__:Predicted mean: -0.4171
INFO:__main__:Predicted uncertainity -0.6968
INFO:__main__:Completed epoch 48 of 100

INFO:__main__:NLL: 0.0638, L2: 0.0513, Reg: 0.0075
INFO:__main__:Total loss 0.1225
INFO:__main__:Predicted mean: -0.4853
INFO:__main__:Predicted uncertainity -0.7514
INFO:__main__:Completed epoch 49 of 100

INFO:__main__:NLL: 0.1320, L2: 0.0492, Reg: 0.0061
INFO:__main__:Total loss 0.1873
INFO:__main__:Predicted mean: -0.4042
INFO:__main__:Predicted uncertainity -0.6814
INFO:__main__:Completed epoch 50 of 100

INFO:__main__:NLL: 0.3877, L2: 0.0497, Reg: 0.0060
INFO:__main__:Total loss 0.4435
INFO:__main__:Predicted mean: -0.4022
INFO:__main__:Predicted uncertainity -0.7063
INFO:__main__:Completed epoch 51 of 100

INFO:__main__:NLL: 0.0768, L2: 0.0509, Reg: 0.0060
INFO:__main__:Total loss 0.1336
INFO:__main__:Predicted mean: -0.4492
INFO:__main__:Predicted uncertainity -0.6220
INFO:__main__:Completed epoch 52 of 100

INFO:__main__:NLL: 0.1146, L2: 0.0469, Reg: 0.0050
INFO:__main__:Total loss 0.1665
INFO:__main__:Predicted mean: -0.3918
INFO:__main__:Predicted uncertainity -0.6042
INFO:__main__:Completed epoch 53 of 100

INFO:__main__:NLL: 0.2661, L2: 0.0385, Reg: 0.0032
INFO:__main__:Total loss 0.3079
INFO:__main__:Predicted mean: -0.3751
INFO:__main__:Predicted uncertainity -0.4941
INFO:__main__:Completed epoch 54 of 100

INFO:__main__:NLL: 0.1809, L2: 0.0421, Reg: 0.0045
INFO:__main__:Total loss 0.2274
INFO:__main__:Predicted mean: -0.3671
INFO:__main__:Predicted uncertainity -0.6131
INFO:__main__:Completed epoch 55 of 100

INFO:__main__:NLL: 0.2397, L2: 0.0449, Reg: 0.0057
INFO:__main__:Total loss 0.2903
INFO:__main__:Predicted mean: -0.4307
INFO:__main__:Predicted uncertainity -0.6628
INFO:__main__:Completed epoch 56 of 100

INFO:__main__:NLL: 0.1554, L2: 0.0390, Reg: 0.0038
INFO:__main__:Total loss 0.1983
INFO:__main__:Predicted mean: -0.3844
INFO:__main__:Predicted uncertainity -0.6006
INFO:__main__:Completed epoch 57 of 100

INFO:__main__:NLL: 0.0960, L2: 0.0550, Reg: 0.0059
INFO:__main__:Total loss 0.1569
INFO:__main__:Predicted mean: -0.4673
INFO:__main__:Predicted uncertainity -0.7022
INFO:__main__:Completed epoch 58 of 100

INFO:__main__:NLL: 0.0816, L2: 0.0526, Reg: 0.0070
INFO:__main__:Total loss 0.1412
INFO:__main__:Predicted mean: -0.3922
INFO:__main__:Predicted uncertainity -0.7211
INFO:__main__:Completed epoch 59 of 100

INFO:__main__:NLL: 0.1975, L2: 0.0467, Reg: 0.0048
INFO:__main__:Total loss 0.2490
INFO:__main__:Predicted mean: -0.4569
INFO:__main__:Predicted uncertainity -0.6618
INFO:__main__:Completed epoch 60 of 100

INFO:__main__:NLL: 0.2733, L2: 0.0444, Reg: 0.0047
INFO:__main__:Total loss 0.3224
INFO:__main__:Predicted mean: -0.4101
INFO:__main__:Predicted uncertainity -0.6431
INFO:__main__:Completed epoch 61 of 100

INFO:__main__:NLL: 0.1763, L2: 0.0486, Reg: 0.0055
INFO:__main__:Total loss 0.2303
INFO:__main__:Predicted mean: -0.4252
INFO:__main__:Predicted uncertainity -0.7022
INFO:__main__:Completed epoch 62 of 100

INFO:__main__:NLL: 0.1151, L2: 0.0586, Reg: 0.0063
INFO:__main__:Total loss 0.1800
INFO:__main__:Predicted mean: -0.5002
INFO:__main__:Predicted uncertainity -0.6600
INFO:__main__:Completed epoch 63 of 100

INFO:__main__:NLL: 0.0831, L2: 0.0525, Reg: 0.0069
INFO:__main__:Total loss 0.1426
INFO:__main__:Predicted mean: -0.4614
INFO:__main__:Predicted uncertainity -0.6672
INFO:__main__:Completed epoch 64 of 100

INFO:__main__:NLL: 0.1418, L2: 0.0451, Reg: 0.0050
INFO:__main__:Total loss 0.1919
INFO:__main__:Predicted mean: -0.3878
INFO:__main__:Predicted uncertainity -0.6282
INFO:__main__:Completed epoch 65 of 100

INFO:__main__:NLL: 0.1747, L2: 0.0463, Reg: 0.0053
INFO:__main__:Total loss 0.2263
INFO:__main__:Predicted mean: -0.4295
INFO:__main__:Predicted uncertainity -0.5935
INFO:__main__:Completed epoch 66 of 100

INFO:__main__:NLL: 0.1314, L2: 0.0480, Reg: 0.0049
INFO:__main__:Total loss 0.1843
INFO:__main__:Predicted mean: -0.4708
INFO:__main__:Predicted uncertainity -0.7100
INFO:__main__:Completed epoch 67 of 100

INFO:__main__:NLL: 0.0822, L2: 0.0534, Reg: 0.0073
INFO:__main__:Total loss 0.1430
INFO:__main__:Predicted mean: -0.4432
INFO:__main__:Predicted uncertainity -0.7551
INFO:__main__:Completed epoch 68 of 100

INFO:__main__:NLL: 0.1146, L2: 0.0575, Reg: 0.0082
INFO:__main__:Total loss 0.1803
INFO:__main__:Predicted mean: -0.5083
INFO:__main__:Predicted uncertainity -0.7207
INFO:__main__:Completed epoch 69 of 100

INFO:__main__:NLL: 0.3540, L2: 0.0531, Reg: 0.0063
INFO:__main__:Total loss 0.4134
INFO:__main__:Predicted mean: -0.5126
INFO:__main__:Predicted uncertainity -0.6725
INFO:__main__:Completed epoch 70 of 100

INFO:__main__:NLL: 0.1239, L2: 0.0486, Reg: 0.0057
INFO:__main__:Total loss 0.1783
INFO:__main__:Predicted mean: -0.5205
INFO:__main__:Predicted uncertainity -0.6225
INFO:__main__:Completed epoch 71 of 100

INFO:__main__:NLL: 0.2305, L2: 0.0572, Reg: 0.0081
INFO:__main__:Total loss 0.2957
INFO:__main__:Predicted mean: -0.4541
INFO:__main__:Predicted uncertainity -0.7198
INFO:__main__:Completed epoch 72 of 100

INFO:__main__:NLL: 0.2275, L2: 0.0503, Reg: 0.0063
INFO:__main__:Total loss 0.2840
INFO:__main__:Predicted mean: -0.5016
INFO:__main__:Predicted uncertainity -0.7412
INFO:__main__:Completed epoch 73 of 100

INFO:__main__:NLL: 0.1655, L2: 0.0557, Reg: 0.0075
INFO:__main__:Total loss 0.2286
INFO:__main__:Predicted mean: -0.4728
INFO:__main__:Predicted uncertainity -0.6846
INFO:__main__:Completed epoch 74 of 100

INFO:__main__:NLL: 0.1195, L2: 0.0539, Reg: 0.0071
INFO:__main__:Total loss 0.1805
INFO:__main__:Predicted mean: -0.4924
INFO:__main__:Predicted uncertainity -0.7038
INFO:__main__:Completed epoch 75 of 100

INFO:__main__:NLL: 0.2638, L2: 0.0505, Reg: 0.0061
INFO:__main__:Total loss 0.3204
INFO:__main__:Predicted mean: -0.4554
INFO:__main__:Predicted uncertainity -0.7300
INFO:__main__:Completed epoch 76 of 100

INFO:__main__:NLL: 0.1843, L2: 0.0428, Reg: 0.0050
INFO:__main__:Total loss 0.2321
INFO:__main__:Predicted mean: -0.4692
INFO:__main__:Predicted uncertainity -0.6088
INFO:__main__:Completed epoch 77 of 100

INFO:__main__:NLL: 0.1923, L2: 0.0539, Reg: 0.0068
INFO:__main__:Total loss 0.2529
INFO:__main__:Predicted mean: -0.4330
INFO:__main__:Predicted uncertainity -0.6622
INFO:__main__:Completed epoch 78 of 100

INFO:__main__:NLL: 0.1717, L2: 0.0477, Reg: 0.0051
INFO:__main__:Total loss 0.2246
INFO:__main__:Predicted mean: -0.3616
INFO:__main__:Predicted uncertainity -0.6778
INFO:__main__:Completed epoch 79 of 100

INFO:__main__:NLL: 0.1391, L2: 0.0516, Reg: 0.0068
INFO:__main__:Total loss 0.1975
INFO:__main__:Predicted mean: -0.4323
INFO:__main__:Predicted uncertainity -0.6121
INFO:__main__:Completed epoch 80 of 100

INFO:__main__:NLL: 0.2257, L2: 0.0483, Reg: 0.0045
INFO:__main__:Total loss 0.2785
INFO:__main__:Predicted mean: -0.4443
INFO:__main__:Predicted uncertainity -0.5654
INFO:__main__:Completed epoch 81 of 100

INFO:__main__:NLL: 0.1838, L2: 0.0425, Reg: 0.0052
INFO:__main__:Total loss 0.2314
INFO:__main__:Predicted mean: -0.4381
INFO:__main__:Predicted uncertainity -0.6120
INFO:__main__:Completed epoch 82 of 100

INFO:__main__:NLL: 0.0681, L2: 0.0499, Reg: 0.0055
INFO:__main__:Total loss 0.1235
INFO:__main__:Predicted mean: -0.4851
INFO:__main__:Predicted uncertainity -0.7579
INFO:__main__:Completed epoch 83 of 100

INFO:__main__:NLL: 0.2900, L2: 0.0456, Reg: 0.0053
INFO:__main__:Total loss 0.3409
INFO:__main__:Predicted mean: -0.4262
INFO:__main__:Predicted uncertainity -0.6731
INFO:__main__:Completed epoch 84 of 100

INFO:__main__:NLL: 0.1768, L2: 0.0462, Reg: 0.0055
INFO:__main__:Total loss 0.2285
INFO:__main__:Predicted mean: -0.4458
INFO:__main__:Predicted uncertainity -0.6989
INFO:__main__:Completed epoch 85 of 100

INFO:__main__:NLL: 0.0192, L2: 0.0596, Reg: 0.0089
INFO:__main__:Total loss 0.0877
INFO:__main__:Predicted mean: -0.4457
INFO:__main__:Predicted uncertainity -0.7547
INFO:__main__:Completed epoch 86 of 100

INFO:__main__:NLL: 0.1613, L2: 0.0498, Reg: 0.0049
INFO:__main__:Total loss 0.2160
INFO:__main__:Predicted mean: -0.4646
INFO:__main__:Predicted uncertainity -0.6226
INFO:__main__:Completed epoch 87 of 100

INFO:__main__:NLL: 0.1670, L2: 0.0400, Reg: 0.0043
INFO:__main__:Total loss 0.2113
INFO:__main__:Predicted mean: -0.4429
INFO:__main__:Predicted uncertainity -0.5908
INFO:__main__:Completed epoch 88 of 100

INFO:__main__:NLL: 0.1781, L2: 0.0478, Reg: 0.0057
INFO:__main__:Total loss 0.2316
INFO:__main__:Predicted mean: -0.4299
INFO:__main__:Predicted uncertainity -0.6711
INFO:__main__:Completed epoch 89 of 100

INFO:__main__:NLL: 0.4652, L2: 0.0623, Reg: 0.0100
INFO:__main__:Total loss 0.5375
INFO:__main__:Predicted mean: -0.4716
INFO:__main__:Predicted uncertainity -0.6816
INFO:__main__:Completed epoch 90 of 100

INFO:__main__:NLL: 0.0790, L2: 0.0543, Reg: 0.0074
INFO:__main__:Total loss 0.1407
INFO:__main__:Predicted mean: -0.4975
INFO:__main__:Predicted uncertainity -0.7704
INFO:__main__:Completed epoch 91 of 100

INFO:__main__:NLL: 0.3993, L2: 0.0579, Reg: 0.0082
INFO:__main__:Total loss 0.4654
INFO:__main__:Predicted mean: -0.4397
INFO:__main__:Predicted uncertainity -0.8179
INFO:__main__:Completed epoch 92 of 100

INFO:__main__:NLL: 0.1043, L2: 0.0484, Reg: 0.0053
INFO:__main__:Total loss 0.1580
INFO:__main__:Predicted mean: -0.4126
INFO:__main__:Predicted uncertainity -0.6522
INFO:__main__:Completed epoch 93 of 100

INFO:__main__:NLL: 0.1439, L2: 0.0482, Reg: 0.0060
INFO:__main__:Total loss 0.1982
INFO:__main__:Predicted mean: -0.3936
INFO:__main__:Predicted uncertainity -0.6940
INFO:__main__:Completed epoch 94 of 100

INFO:__main__:NLL: 0.1855, L2: 0.0456, Reg: 0.0056
INFO:__main__:Total loss 0.2367
INFO:__main__:Predicted mean: -0.3801
INFO:__main__:Predicted uncertainity -0.6243
INFO:__main__:Completed epoch 95 of 100

INFO:__main__:NLL: 0.2116, L2: 0.0552, Reg: 0.0069
INFO:__main__:Total loss 0.2737
INFO:__main__:Predicted mean: -0.4879
INFO:__main__:Predicted uncertainity -0.7059
INFO:__main__:Completed epoch 96 of 100

INFO:__main__:NLL: 0.2135, L2: 0.0416, Reg: 0.0042
INFO:__main__:Total loss 0.2593
INFO:__main__:Predicted mean: -0.4358
INFO:__main__:Predicted uncertainity -0.6295
INFO:__main__:Completed epoch 97 of 100

INFO:__main__:NLL: 0.2566, L2: 0.0533, Reg: 0.0071
INFO:__main__:Total loss 0.3171
INFO:__main__:Predicted mean: -0.4380
INFO:__main__:Predicted uncertainity -0.6631
INFO:__main__:Completed epoch 98 of 100

INFO:__main__:NLL: 0.2780, L2: 0.0472, Reg: 0.0066
INFO:__main__:Total loss 0.3317
INFO:__main__:Predicted mean: -0.4249
INFO:__main__:Predicted uncertainity -0.7200
INFO:__main__:Completed epoch 99 of 100

INFO:__main__:NLL: 0.3285, L2: 0.0541, Reg: 0.0078
INFO:__main__:Total loss 0.3904
INFO:__main__:Predicted mean: -0.4938
INFO:__main__:Predicted uncertainity -0.7792
INFO:__main__:Completed epoch 100 of 100

INFO:__main__:363.086660 s
