INFO:__main__:PROCESS RUNNING ON cpu
INFO:__main__:NLL: 0.2038, L2: 0.0060, Reg: 0.0579
INFO:__main__:Total loss 0.2677
INFO:__main__:Predicted mean: -0.4022
INFO:__main__:Predicted uncertainity -0.6048
INFO:__main__:Completed epoch 1 of 100

INFO:__main__:NLL: 0.0489, L2: 0.0064, Reg: 0.0577
INFO:__main__:Total loss 0.1131
INFO:__main__:Predicted mean: -0.4063
INFO:__main__:Predicted uncertainity -0.5875
INFO:__main__:Completed epoch 2 of 100

INFO:__main__:NLL: 0.0982, L2: 0.0065, Reg: 0.0521
INFO:__main__:Total loss 0.1568
INFO:__main__:Predicted mean: -0.4261
INFO:__main__:Predicted uncertainity -0.5543
INFO:__main__:Completed epoch 3 of 100

INFO:__main__:NLL: -0.0124, L2: 0.0070, Reg: 0.0409
INFO:__main__:Total loss 0.0355
INFO:__main__:Predicted mean: -0.3905
INFO:__main__:Predicted uncertainity -0.6267
INFO:__main__:Completed epoch 4 of 100

INFO:__main__:NLL: 0.0833, L2: 0.0065, Reg: 0.0511
INFO:__main__:Total loss 0.1408
INFO:__main__:Predicted mean: -0.3890
INFO:__main__:Predicted uncertainity -0.6593
INFO:__main__:Completed epoch 5 of 100

INFO:__main__:NLL: 0.1703, L2: 0.0065, Reg: 0.0562
INFO:__main__:Total loss 0.2330
INFO:__main__:Predicted mean: -0.4165
INFO:__main__:Predicted uncertainity -0.5589
INFO:__main__:Completed epoch 6 of 100

INFO:__main__:NLL: 0.2028, L2: 0.0067, Reg: 0.0549
INFO:__main__:Total loss 0.2643
INFO:__main__:Predicted mean: -0.3950
INFO:__main__:Predicted uncertainity -0.5982
INFO:__main__:Completed epoch 7 of 100

INFO:__main__:NLL: 0.1903, L2: 0.0069, Reg: 0.0521
INFO:__main__:Total loss 0.2492
INFO:__main__:Predicted mean: -0.4105
INFO:__main__:Predicted uncertainity -0.6405
INFO:__main__:Completed epoch 8 of 100

INFO:__main__:NLL: 0.0140, L2: 0.0070, Reg: 0.0614
INFO:__main__:Total loss 0.0824
INFO:__main__:Predicted mean: -0.3849
INFO:__main__:Predicted uncertainity -0.6245
INFO:__main__:Completed epoch 9 of 100

INFO:__main__:NLL: 0.2425, L2: 0.0073, Reg: 0.0539
INFO:__main__:Total loss 0.3037
INFO:__main__:Predicted mean: -0.4186
INFO:__main__:Predicted uncertainity -0.6272
INFO:__main__:Completed epoch 10 of 100

INFO:__main__:NLL: 0.1170, L2: 0.0074, Reg: 0.0532
INFO:__main__:Total loss 0.1776
INFO:__main__:Predicted mean: -0.4270
INFO:__main__:Predicted uncertainity -0.6657
INFO:__main__:Completed epoch 11 of 100

INFO:__main__:NLL: 0.1398, L2: 0.0072, Reg: 0.0532
INFO:__main__:Total loss 0.2002
INFO:__main__:Predicted mean: -0.3951
INFO:__main__:Predicted uncertainity -0.5534
INFO:__main__:Completed epoch 12 of 100

INFO:__main__:NLL: 0.0412, L2: 0.0074, Reg: 0.0561
INFO:__main__:Total loss 0.1047
INFO:__main__:Predicted mean: -0.3735
INFO:__main__:Predicted uncertainity -0.6416
INFO:__main__:Completed epoch 13 of 100

INFO:__main__:NLL: 0.3177, L2: 0.0077, Reg: 0.0489
INFO:__main__:Total loss 0.3743
INFO:__main__:Predicted mean: -0.4103
INFO:__main__:Predicted uncertainity -0.5899
INFO:__main__:Completed epoch 14 of 100

INFO:__main__:NLL: 0.1750, L2: 0.0079, Reg: 0.0567
INFO:__main__:Total loss 0.2395
INFO:__main__:Predicted mean: -0.3887
INFO:__main__:Predicted uncertainity -0.6426
INFO:__main__:Completed epoch 15 of 100

INFO:__main__:NLL: 0.2217, L2: 0.0079, Reg: 0.0592
INFO:__main__:Total loss 0.2888
INFO:__main__:Predicted mean: -0.3676
INFO:__main__:Predicted uncertainity -0.6851
INFO:__main__:Completed epoch 16 of 100

INFO:__main__:NLL: 0.0924, L2: 0.0076, Reg: 0.0403
INFO:__main__:Total loss 0.1404
INFO:__main__:Predicted mean: -0.3624
INFO:__main__:Predicted uncertainity -0.5906
INFO:__main__:Completed epoch 17 of 100

INFO:__main__:NLL: 0.1499, L2: 0.0074, Reg: 0.0514
INFO:__main__:Total loss 0.2088
INFO:__main__:Predicted mean: -0.4251
INFO:__main__:Predicted uncertainity -0.5922
INFO:__main__:Completed epoch 18 of 100

INFO:__main__:NLL: 0.0070, L2: 0.0076, Reg: 0.0472
INFO:__main__:Total loss 0.0617
INFO:__main__:Predicted mean: -0.4313
INFO:__main__:Predicted uncertainity -0.5554
INFO:__main__:Completed epoch 19 of 100

INFO:__main__:NLL: 0.1872, L2: 0.0074, Reg: 0.0437
INFO:__main__:Total loss 0.2383
INFO:__main__:Predicted mean: -0.4062
INFO:__main__:Predicted uncertainity -0.6079
INFO:__main__:Completed epoch 20 of 100

INFO:__main__:NLL: 0.1094, L2: 0.0076, Reg: 0.0455
INFO:__main__:Total loss 0.1625
INFO:__main__:Predicted mean: -0.4203
INFO:__main__:Predicted uncertainity -0.5680
INFO:__main__:Completed epoch 21 of 100

INFO:__main__:NLL: 0.0512, L2: 0.0076, Reg: 0.0489
INFO:__main__:Total loss 0.1077
INFO:__main__:Predicted mean: -0.4164
INFO:__main__:Predicted uncertainity -0.6173
INFO:__main__:Completed epoch 22 of 100

INFO:__main__:NLL: 0.0399, L2: 0.0076, Reg: 0.0693
INFO:__main__:Total loss 0.1168
INFO:__main__:Predicted mean: -0.4144
INFO:__main__:Predicted uncertainity -0.6592
INFO:__main__:Completed epoch 23 of 100

INFO:__main__:NLL: 0.2364, L2: 0.0078, Reg: 0.0462
INFO:__main__:Total loss 0.2903
INFO:__main__:Predicted mean: -0.3801
INFO:__main__:Predicted uncertainity -0.5845
INFO:__main__:Completed epoch 24 of 100

INFO:__main__:NLL: 0.2123, L2: 0.0075, Reg: 0.0517
INFO:__main__:Total loss 0.2716
INFO:__main__:Predicted mean: -0.3981
INFO:__main__:Predicted uncertainity -0.5859
INFO:__main__:Completed epoch 25 of 100

INFO:__main__:NLL: -0.0016, L2: 0.0074, Reg: 0.0497
INFO:__main__:Total loss 0.0556
INFO:__main__:Predicted mean: -0.4167
INFO:__main__:Predicted uncertainity -0.5156
INFO:__main__:Completed epoch 26 of 100

INFO:__main__:NLL: 0.1932, L2: 0.0073, Reg: 0.0505
INFO:__main__:Total loss 0.2509
INFO:__main__:Predicted mean: -0.3870
INFO:__main__:Predicted uncertainity -0.6433
INFO:__main__:Completed epoch 27 of 100

INFO:__main__:NLL: 0.1496, L2: 0.0074, Reg: 0.0420
INFO:__main__:Total loss 0.1990
INFO:__main__:Predicted mean: -0.3862
INFO:__main__:Predicted uncertainity -0.5415
INFO:__main__:Completed epoch 28 of 100

INFO:__main__:NLL: 0.1579, L2: 0.0076, Reg: 0.0561
INFO:__main__:Total loss 0.2216
INFO:__main__:Predicted mean: -0.3738
INFO:__main__:Predicted uncertainity -0.6455
INFO:__main__:Completed epoch 29 of 100

INFO:__main__:NLL: 0.1531, L2: 0.0078, Reg: 0.0453
INFO:__main__:Total loss 0.2062
INFO:__main__:Predicted mean: -0.3579
INFO:__main__:Predicted uncertainity -0.5224
INFO:__main__:Completed epoch 30 of 100

INFO:__main__:NLL: 0.1894, L2: 0.0077, Reg: 0.0527
INFO:__main__:Total loss 0.2498
INFO:__main__:Predicted mean: -0.4571
INFO:__main__:Predicted uncertainity -0.6268
INFO:__main__:Completed epoch 31 of 100

INFO:__main__:NLL: -0.0029, L2: 0.0082, Reg: 0.0581
INFO:__main__:Total loss 0.0635
INFO:__main__:Predicted mean: -0.3996
INFO:__main__:Predicted uncertainity -0.6678
INFO:__main__:Completed epoch 32 of 100

INFO:__main__:NLL: 0.1169, L2: 0.0081, Reg: 0.0533
INFO:__main__:Total loss 0.1782
INFO:__main__:Predicted mean: -0.4308
INFO:__main__:Predicted uncertainity -0.6047
INFO:__main__:Completed epoch 33 of 100

INFO:__main__:NLL: 0.1175, L2: 0.0079, Reg: 0.0520
INFO:__main__:Total loss 0.1774
INFO:__main__:Predicted mean: -0.4180
INFO:__main__:Predicted uncertainity -0.6549
INFO:__main__:Completed epoch 34 of 100

INFO:__main__:NLL: 0.0059, L2: 0.0077, Reg: 0.0496
INFO:__main__:Total loss 0.0632
INFO:__main__:Predicted mean: -0.4176
INFO:__main__:Predicted uncertainity -0.5859
INFO:__main__:Completed epoch 35 of 100

INFO:__main__:NLL: 0.0777, L2: 0.0075, Reg: 0.0484
INFO:__main__:Total loss 0.1335
INFO:__main__:Predicted mean: -0.3417
INFO:__main__:Predicted uncertainity -0.6276
INFO:__main__:Completed epoch 36 of 100

INFO:__main__:NLL: -0.0453, L2: 0.0077, Reg: 0.0483
INFO:__main__:Total loss 0.0107
INFO:__main__:Predicted mean: -0.3643
INFO:__main__:Predicted uncertainity -0.6831
INFO:__main__:Completed epoch 37 of 100

INFO:__main__:NLL: 0.2647, L2: 0.0077, Reg: 0.0480
INFO:__main__:Total loss 0.3205
INFO:__main__:Predicted mean: -0.4076
INFO:__main__:Predicted uncertainity -0.6559
INFO:__main__:Completed epoch 38 of 100

INFO:__main__:NLL: 0.0800, L2: 0.0078, Reg: 0.0554
INFO:__main__:Total loss 0.1432
INFO:__main__:Predicted mean: -0.4222
INFO:__main__:Predicted uncertainity -0.5945
INFO:__main__:Completed epoch 39 of 100

INFO:__main__:NLL: 0.1025, L2: 0.0079, Reg: 0.0554
INFO:__main__:Total loss 0.1658
INFO:__main__:Predicted mean: -0.4408
INFO:__main__:Predicted uncertainity -0.5743
INFO:__main__:Completed epoch 40 of 100

INFO:__main__:NLL: -0.0059, L2: 0.0078, Reg: 0.0508
INFO:__main__:Total loss 0.0528
INFO:__main__:Predicted mean: -0.3977
INFO:__main__:Predicted uncertainity -0.6070
INFO:__main__:Completed epoch 41 of 100

INFO:__main__:NLL: 0.1070, L2: 0.0075, Reg: 0.0538
INFO:__main__:Total loss 0.1683
INFO:__main__:Predicted mean: -0.4119
INFO:__main__:Predicted uncertainity -0.5617
INFO:__main__:Completed epoch 42 of 100

INFO:__main__:NLL: 0.2159, L2: 0.0074, Reg: 0.0560
INFO:__main__:Total loss 0.2793
INFO:__main__:Predicted mean: -0.4203
INFO:__main__:Predicted uncertainity -0.6155
INFO:__main__:Completed epoch 43 of 100

INFO:__main__:NLL: 0.2133, L2: 0.0075, Reg: 0.0617
INFO:__main__:Total loss 0.2825
INFO:__main__:Predicted mean: -0.4518
INFO:__main__:Predicted uncertainity -0.5976
INFO:__main__:Completed epoch 44 of 100

INFO:__main__:NLL: 0.1383, L2: 0.0073, Reg: 0.0447
INFO:__main__:Total loss 0.1903
INFO:__main__:Predicted mean: -0.4075
INFO:__main__:Predicted uncertainity -0.5611
INFO:__main__:Completed epoch 45 of 100

INFO:__main__:NLL: 0.1101, L2: 0.0078, Reg: 0.0432
INFO:__main__:Total loss 0.1611
INFO:__main__:Predicted mean: -0.3823
INFO:__main__:Predicted uncertainity -0.6199
INFO:__main__:Completed epoch 46 of 100

INFO:__main__:NLL: 0.0548, L2: 0.0077, Reg: 0.0467
INFO:__main__:Total loss 0.1092
INFO:__main__:Predicted mean: -0.4212
INFO:__main__:Predicted uncertainity -0.5726
INFO:__main__:Completed epoch 47 of 100

INFO:__main__:NLL: 0.0743, L2: 0.0076, Reg: 0.0532
INFO:__main__:Total loss 0.1351
INFO:__main__:Predicted mean: -0.4243
INFO:__main__:Predicted uncertainity -0.6294
INFO:__main__:Completed epoch 48 of 100

INFO:__main__:NLL: 0.0442, L2: 0.0076, Reg: 0.0476
INFO:__main__:Total loss 0.0995
INFO:__main__:Predicted mean: -0.3960
INFO:__main__:Predicted uncertainity -0.5405
INFO:__main__:Completed epoch 49 of 100

INFO:__main__:NLL: 0.0079, L2: 0.0075, Reg: 0.0440
INFO:__main__:Total loss 0.0595
INFO:__main__:Predicted mean: -0.3897
INFO:__main__:Predicted uncertainity -0.5944
INFO:__main__:Completed epoch 50 of 100

INFO:__main__:NLL: 0.3654, L2: 0.0078, Reg: 0.0495
INFO:__main__:Total loss 0.4227
INFO:__main__:Predicted mean: -0.4289
INFO:__main__:Predicted uncertainity -0.6813
INFO:__main__:Completed epoch 51 of 100

INFO:__main__:NLL: -0.0283, L2: 0.0074, Reg: 0.0479
INFO:__main__:Total loss 0.0270
INFO:__main__:Predicted mean: -0.4104
INFO:__main__:Predicted uncertainity -0.6645
INFO:__main__:Completed epoch 52 of 100

INFO:__main__:NLL: 0.0707, L2: 0.0075, Reg: 0.0444
INFO:__main__:Total loss 0.1226
INFO:__main__:Predicted mean: -0.4082
INFO:__main__:Predicted uncertainity -0.5403
INFO:__main__:Completed epoch 53 of 100

INFO:__main__:NLL: 0.2609, L2: 0.0080, Reg: 0.0395
INFO:__main__:Total loss 0.3084
INFO:__main__:Predicted mean: -0.3689
INFO:__main__:Predicted uncertainity -0.5994
INFO:__main__:Completed epoch 54 of 100

INFO:__main__:NLL: 0.2398, L2: 0.0080, Reg: 0.0463
INFO:__main__:Total loss 0.2941
INFO:__main__:Predicted mean: -0.3651
INFO:__main__:Predicted uncertainity -0.6404
INFO:__main__:Completed epoch 55 of 100

INFO:__main__:NLL: 0.2327, L2: 0.0075, Reg: 0.0582
INFO:__main__:Total loss 0.2984
INFO:__main__:Predicted mean: -0.3870
INFO:__main__:Predicted uncertainity -0.6549
INFO:__main__:Completed epoch 56 of 100

INFO:__main__:NLL: 0.1492, L2: 0.0074, Reg: 0.0477
INFO:__main__:Total loss 0.2043
INFO:__main__:Predicted mean: -0.4104
INFO:__main__:Predicted uncertainity -0.5373
INFO:__main__:Completed epoch 57 of 100

INFO:__main__:NLL: 0.0545, L2: 0.0074, Reg: 0.0578
INFO:__main__:Total loss 0.1197
INFO:__main__:Predicted mean: -0.4620
INFO:__main__:Predicted uncertainity -0.5931
INFO:__main__:Completed epoch 58 of 100

INFO:__main__:NLL: 0.0901, L2: 0.0075, Reg: 0.0480
INFO:__main__:Total loss 0.1456
INFO:__main__:Predicted mean: -0.4143
INFO:__main__:Predicted uncertainity -0.5621
INFO:__main__:Completed epoch 59 of 100

INFO:__main__:NLL: 0.0927, L2: 0.0076, Reg: 0.0383
INFO:__main__:Total loss 0.1386
INFO:__main__:Predicted mean: -0.3712
INFO:__main__:Predicted uncertainity -0.6433
INFO:__main__:Completed epoch 60 of 100

INFO:__main__:NLL: 0.2003, L2: 0.0076, Reg: 0.0499
INFO:__main__:Total loss 0.2578
INFO:__main__:Predicted mean: -0.3553
INFO:__main__:Predicted uncertainity -0.5924
INFO:__main__:Completed epoch 61 of 100

INFO:__main__:NLL: 0.2488, L2: 0.0075, Reg: 0.0443
INFO:__main__:Total loss 0.3006
INFO:__main__:Predicted mean: -0.3727
INFO:__main__:Predicted uncertainity -0.5136
INFO:__main__:Completed epoch 62 of 100

INFO:__main__:NLL: 0.1215, L2: 0.0075, Reg: 0.0467
INFO:__main__:Total loss 0.1756
INFO:__main__:Predicted mean: -0.4898
INFO:__main__:Predicted uncertainity -0.5575
INFO:__main__:Completed epoch 63 of 100

INFO:__main__:NLL: 0.0484, L2: 0.0072, Reg: 0.0529
INFO:__main__:Total loss 0.1086
INFO:__main__:Predicted mean: -0.3944
INFO:__main__:Predicted uncertainity -0.6346
INFO:__main__:Completed epoch 64 of 100

INFO:__main__:NLL: 0.0474, L2: 0.0075, Reg: 0.0534
INFO:__main__:Total loss 0.1084
INFO:__main__:Predicted mean: -0.3988
INFO:__main__:Predicted uncertainity -0.6655
INFO:__main__:Completed epoch 65 of 100

INFO:__main__:NLL: 0.1806, L2: 0.0074, Reg: 0.0582
INFO:__main__:Total loss 0.2461
INFO:__main__:Predicted mean: -0.4310
INFO:__main__:Predicted uncertainity -0.6074
INFO:__main__:Completed epoch 66 of 100

INFO:__main__:NLL: 0.0738, L2: 0.0073, Reg: 0.0474
INFO:__main__:Total loss 0.1285
INFO:__main__:Predicted mean: -0.3948
INFO:__main__:Predicted uncertainity -0.5916
INFO:__main__:Completed epoch 67 of 100

INFO:__main__:NLL: 0.0573, L2: 0.0081, Reg: 0.0538
INFO:__main__:Total loss 0.1193
INFO:__main__:Predicted mean: -0.4010
INFO:__main__:Predicted uncertainity -0.6213
INFO:__main__:Completed epoch 68 of 100

INFO:__main__:NLL: 0.0842, L2: 0.0074, Reg: 0.0559
INFO:__main__:Total loss 0.1475
INFO:__main__:Predicted mean: -0.3965
INFO:__main__:Predicted uncertainity -0.6350
INFO:__main__:Completed epoch 69 of 100

INFO:__main__:NLL: 0.3069, L2: 0.0079, Reg: 0.0655
INFO:__main__:Total loss 0.3803
INFO:__main__:Predicted mean: -0.4384
INFO:__main__:Predicted uncertainity -0.5596
INFO:__main__:Completed epoch 70 of 100

INFO:__main__:NLL: -0.0182, L2: 0.0077, Reg: 0.0516
INFO:__main__:Total loss 0.0412
INFO:__main__:Predicted mean: -0.4170
INFO:__main__:Predicted uncertainity -0.5956
INFO:__main__:Completed epoch 71 of 100

INFO:__main__:NLL: 0.2676, L2: 0.0075, Reg: 0.0808
INFO:__main__:Total loss 0.3558
INFO:__main__:Predicted mean: -0.4232
INFO:__main__:Predicted uncertainity -0.7033
INFO:__main__:Completed epoch 72 of 100

INFO:__main__:NLL: 0.3494, L2: 0.0077, Reg: 0.0548
INFO:__main__:Total loss 0.4119
INFO:__main__:Predicted mean: -0.4485
INFO:__main__:Predicted uncertainity -0.6222
INFO:__main__:Completed epoch 73 of 100

INFO:__main__:NLL: 0.1275, L2: 0.0078, Reg: 0.0615
INFO:__main__:Total loss 0.1968
INFO:__main__:Predicted mean: -0.3856
INFO:__main__:Predicted uncertainity -0.6961
INFO:__main__:Completed epoch 74 of 100

INFO:__main__:NLL: 0.0416, L2: 0.0076, Reg: 0.0562
INFO:__main__:Total loss 0.1055
INFO:__main__:Predicted mean: -0.4254
INFO:__main__:Predicted uncertainity -0.5992
INFO:__main__:Completed epoch 75 of 100

INFO:__main__:NLL: 0.0999, L2: 0.0077, Reg: 0.0465
INFO:__main__:Total loss 0.1541
INFO:__main__:Predicted mean: -0.4147
INFO:__main__:Predicted uncertainity -0.6074
INFO:__main__:Completed epoch 76 of 100

INFO:__main__:NLL: 0.1932, L2: 0.0078, Reg: 0.0536
INFO:__main__:Total loss 0.2546
INFO:__main__:Predicted mean: -0.4556
INFO:__main__:Predicted uncertainity -0.5809
INFO:__main__:Completed epoch 77 of 100

INFO:__main__:NLL: 0.1943, L2: 0.0077, Reg: 0.0542
INFO:__main__:Total loss 0.2562
INFO:__main__:Predicted mean: -0.3920
INFO:__main__:Predicted uncertainity -0.5831
INFO:__main__:Completed epoch 78 of 100

INFO:__main__:NLL: 0.2004, L2: 0.0076, Reg: 0.0416
INFO:__main__:Total loss 0.2496
INFO:__main__:Predicted mean: -0.3870
INFO:__main__:Predicted uncertainity -0.5523
INFO:__main__:Completed epoch 79 of 100

INFO:__main__:NLL: 0.1101, L2: 0.0078, Reg: 0.0643
INFO:__main__:Total loss 0.1822
INFO:__main__:Predicted mean: -0.3687
INFO:__main__:Predicted uncertainity -0.5504
INFO:__main__:Completed epoch 80 of 100

INFO:__main__:NLL: 0.0551, L2: 0.0078, Reg: 0.0508
INFO:__main__:Total loss 0.1137
INFO:__main__:Predicted mean: -0.3822
INFO:__main__:Predicted uncertainity -0.6145
INFO:__main__:Completed epoch 81 of 100

INFO:__main__:NLL: 0.1305, L2: 0.0075, Reg: 0.0539
INFO:__main__:Total loss 0.1919
INFO:__main__:Predicted mean: -0.3987
INFO:__main__:Predicted uncertainity -0.6408
INFO:__main__:Completed epoch 82 of 100

INFO:__main__:NLL: 0.1514, L2: 0.0077, Reg: 0.0486
INFO:__main__:Total loss 0.2076
INFO:__main__:Predicted mean: -0.4323
INFO:__main__:Predicted uncertainity -0.5890
INFO:__main__:Completed epoch 83 of 100

INFO:__main__:NLL: 0.3181, L2: 0.0077, Reg: 0.0508
INFO:__main__:Total loss 0.3766
INFO:__main__:Predicted mean: -0.3779
INFO:__main__:Predicted uncertainity -0.6477
INFO:__main__:Completed epoch 84 of 100

INFO:__main__:NLL: 0.1442, L2: 0.0077, Reg: 0.0474
INFO:__main__:Total loss 0.1993
INFO:__main__:Predicted mean: -0.3698
INFO:__main__:Predicted uncertainity -0.5731
INFO:__main__:Completed epoch 85 of 100

INFO:__main__:NLL: -0.1110, L2: 0.0077, Reg: 0.0641
INFO:__main__:Total loss -0.0392
INFO:__main__:Predicted mean: -0.4473
INFO:__main__:Predicted uncertainity -0.6071
INFO:__main__:Completed epoch 86 of 100

INFO:__main__:NLL: 0.1093, L2: 0.0077, Reg: 0.0595
INFO:__main__:Total loss 0.1764
INFO:__main__:Predicted mean: -0.4204
INFO:__main__:Predicted uncertainity -0.6137
INFO:__main__:Completed epoch 87 of 100

INFO:__main__:NLL: 0.1168, L2: 0.0079, Reg: 0.0446
INFO:__main__:Total loss 0.1693
INFO:__main__:Predicted mean: -0.4040
INFO:__main__:Predicted uncertainity -0.6142
INFO:__main__:Completed epoch 88 of 100

INFO:__main__:NLL: 0.0821, L2: 0.0079, Reg: 0.0466
INFO:__main__:Total loss 0.1365
INFO:__main__:Predicted mean: -0.3538
INFO:__main__:Predicted uncertainity -0.6075
INFO:__main__:Completed epoch 89 of 100

INFO:__main__:NLL: 0.2262, L2: 0.0078, Reg: 0.0590
INFO:__main__:Total loss 0.2930
INFO:__main__:Predicted mean: -0.4142
INFO:__main__:Predicted uncertainity -0.6227
INFO:__main__:Completed epoch 90 of 100

INFO:__main__:NLL: 0.2309, L2: 0.0077, Reg: 0.0584
INFO:__main__:Total loss 0.2969
INFO:__main__:Predicted mean: -0.4546
INFO:__main__:Predicted uncertainity -0.6631
INFO:__main__:Completed epoch 91 of 100

INFO:__main__:NLL: 0.1081, L2: 0.0075, Reg: 0.0643
INFO:__main__:Total loss 0.1799
INFO:__main__:Predicted mean: -0.4102
INFO:__main__:Predicted uncertainity -0.6896
INFO:__main__:Completed epoch 92 of 100

INFO:__main__:NLL: 0.0871, L2: 0.0076, Reg: 0.0561
INFO:__main__:Total loss 0.1509
INFO:__main__:Predicted mean: -0.4174
INFO:__main__:Predicted uncertainity -0.6087
INFO:__main__:Completed epoch 93 of 100

INFO:__main__:NLL: 0.0954, L2: 0.0078, Reg: 0.0535
INFO:__main__:Total loss 0.1567
INFO:__main__:Predicted mean: -0.3768
INFO:__main__:Predicted uncertainity -0.5972
INFO:__main__:Completed epoch 94 of 100

INFO:__main__:NLL: 0.1567, L2: 0.0078, Reg: 0.0484
INFO:__main__:Total loss 0.2129
INFO:__main__:Predicted mean: -0.4075
INFO:__main__:Predicted uncertainity -0.5545
INFO:__main__:Completed epoch 95 of 100

INFO:__main__:NLL: 0.3205, L2: 0.0077, Reg: 0.0577
INFO:__main__:Total loss 0.3858
INFO:__main__:Predicted mean: -0.4226
INFO:__main__:Predicted uncertainity -0.5899
INFO:__main__:Completed epoch 96 of 100

INFO:__main__:NLL: 0.1136, L2: 0.0073, Reg: 0.0409
INFO:__main__:Total loss 0.1618
INFO:__main__:Predicted mean: -0.3610
INFO:__main__:Predicted uncertainity -0.5977
INFO:__main__:Completed epoch 97 of 100

INFO:__main__:NLL: 0.1073, L2: 0.0073, Reg: 0.0525
INFO:__main__:Total loss 0.1671
INFO:__main__:Predicted mean: -0.4057
INFO:__main__:Predicted uncertainity -0.6106
INFO:__main__:Completed epoch 98 of 100

INFO:__main__:NLL: 0.1502, L2: 0.0076, Reg: 0.0609
INFO:__main__:Total loss 0.2187
INFO:__main__:Predicted mean: -0.4805
INFO:__main__:Predicted uncertainity -0.6702
INFO:__main__:Completed epoch 99 of 100

INFO:__main__:NLL: 0.1693, L2: 0.0072, Reg: 0.0500
INFO:__main__:Total loss 0.2266
INFO:__main__:Predicted mean: -0.3999
INFO:__main__:Predicted uncertainity -0.6508
INFO:__main__:Completed epoch 100 of 100

INFO:__main__:467.225917 s
