INFO:__main__:PROCESS RUNNING ON cpu
INFO:__main__:NLL: 0.2153, L2: 0.0067, Reg: 0.0085
INFO:__main__:Total loss 0.2306
INFO:__main__:Predicted mean: -0.3984
INFO:__main__:Predicted uncertainity -0.6662
INFO:__main__:Completed epoch 1 of 100

INFO:__main__:NLL: 0.0392, L2: 0.0071, Reg: 0.0070
INFO:__main__:Total loss 0.0534
INFO:__main__:Predicted mean: -0.4035
INFO:__main__:Predicted uncertainity -0.7283
INFO:__main__:Completed epoch 2 of 100

INFO:__main__:NLL: 0.0383, L2: 0.0073, Reg: 0.0074
INFO:__main__:Total loss 0.0530
INFO:__main__:Predicted mean: -0.4407
INFO:__main__:Predicted uncertainity -0.6841
INFO:__main__:Completed epoch 3 of 100

INFO:__main__:NLL: 0.0234, L2: 0.0078, Reg: 0.0057
INFO:__main__:Total loss 0.0369
INFO:__main__:Predicted mean: -0.3421
INFO:__main__:Predicted uncertainity -0.7634
INFO:__main__:Completed epoch 4 of 100

INFO:__main__:NLL: 0.0288, L2: 0.0076, Reg: 0.0075
INFO:__main__:Total loss 0.0439
INFO:__main__:Predicted mean: -0.3550
INFO:__main__:Predicted uncertainity -0.7958
INFO:__main__:Completed epoch 5 of 100

INFO:__main__:NLL: 0.1214, L2: 0.0073, Reg: 0.0073
INFO:__main__:Total loss 0.1361
INFO:__main__:Predicted mean: -0.4123
INFO:__main__:Predicted uncertainity -0.7009
INFO:__main__:Completed epoch 6 of 100

INFO:__main__:NLL: 0.0715, L2: 0.0074, Reg: 0.0090
INFO:__main__:Total loss 0.0879
INFO:__main__:Predicted mean: -0.3645
INFO:__main__:Predicted uncertainity -0.6509
INFO:__main__:Completed epoch 7 of 100

INFO:__main__:NLL: 0.2259, L2: 0.0076, Reg: 0.0064
INFO:__main__:Total loss 0.2399
INFO:__main__:Predicted mean: -0.3584
INFO:__main__:Predicted uncertainity -0.7111
INFO:__main__:Completed epoch 8 of 100

INFO:__main__:NLL: -0.0153, L2: 0.0072, Reg: 0.0083
INFO:__main__:Total loss 0.0002
INFO:__main__:Predicted mean: -0.3547
INFO:__main__:Predicted uncertainity -0.7859
INFO:__main__:Completed epoch 9 of 100

INFO:__main__:NLL: 0.3337, L2: 0.0078, Reg: 0.0072
INFO:__main__:Total loss 0.3487
INFO:__main__:Predicted mean: -0.4284
INFO:__main__:Predicted uncertainity -0.7510
INFO:__main__:Completed epoch 10 of 100

INFO:__main__:NLL: 0.1265, L2: 0.0075, Reg: 0.0057
INFO:__main__:Total loss 0.1398
INFO:__main__:Predicted mean: -0.4080
INFO:__main__:Predicted uncertainity -0.8325
INFO:__main__:Completed epoch 11 of 100

INFO:__main__:NLL: 0.1660, L2: 0.0077, Reg: 0.0080
INFO:__main__:Total loss 0.1817
INFO:__main__:Predicted mean: -0.3801
INFO:__main__:Predicted uncertainity -0.6185
INFO:__main__:Completed epoch 12 of 100

INFO:__main__:NLL: -0.0056, L2: 0.0080, Reg: 0.0078
INFO:__main__:Total loss 0.0102
INFO:__main__:Predicted mean: -0.3583
INFO:__main__:Predicted uncertainity -0.7388
INFO:__main__:Completed epoch 13 of 100

INFO:__main__:NLL: 0.3752, L2: 0.0081, Reg: 0.0070
INFO:__main__:Total loss 0.3902
INFO:__main__:Predicted mean: -0.3858
INFO:__main__:Predicted uncertainity -0.7432
INFO:__main__:Completed epoch 14 of 100

INFO:__main__:NLL: 0.1787, L2: 0.0083, Reg: 0.0087
INFO:__main__:Total loss 0.1957
INFO:__main__:Predicted mean: -0.3909
INFO:__main__:Predicted uncertainity -0.7508
INFO:__main__:Completed epoch 15 of 100

INFO:__main__:NLL: 0.2515, L2: 0.0090, Reg: 0.0075
INFO:__main__:Total loss 0.2681
INFO:__main__:Predicted mean: -0.3486
INFO:__main__:Predicted uncertainity -0.7950
INFO:__main__:Completed epoch 16 of 100

INFO:__main__:NLL: -0.0151, L2: 0.0083, Reg: 0.0048
INFO:__main__:Total loss -0.0021
INFO:__main__:Predicted mean: -0.3914
INFO:__main__:Predicted uncertainity -0.7162
INFO:__main__:Completed epoch 17 of 100

INFO:__main__:NLL: 0.1927, L2: 0.0086, Reg: 0.0079
INFO:__main__:Total loss 0.2092
INFO:__main__:Predicted mean: -0.4569
INFO:__main__:Predicted uncertainity -0.7037
INFO:__main__:Completed epoch 18 of 100

INFO:__main__:NLL: -0.0752, L2: 0.0085, Reg: 0.0068
INFO:__main__:Total loss -0.0598
INFO:__main__:Predicted mean: -0.3680
INFO:__main__:Predicted uncertainity -0.7244
INFO:__main__:Completed epoch 19 of 100

INFO:__main__:NLL: 0.1001, L2: 0.0087, Reg: 0.0063
INFO:__main__:Total loss 0.1151
INFO:__main__:Predicted mean: -0.4044
INFO:__main__:Predicted uncertainity -0.6546
INFO:__main__:Completed epoch 20 of 100

INFO:__main__:NLL: 0.0482, L2: 0.0088, Reg: 0.0066
INFO:__main__:Total loss 0.0636
INFO:__main__:Predicted mean: -0.4050
INFO:__main__:Predicted uncertainity -0.6130
INFO:__main__:Completed epoch 21 of 100

INFO:__main__:NLL: -0.0013, L2: 0.0083, Reg: 0.0070
INFO:__main__:Total loss 0.0140
INFO:__main__:Predicted mean: -0.3883
INFO:__main__:Predicted uncertainity -0.7711
INFO:__main__:Completed epoch 22 of 100

INFO:__main__:NLL: -0.0083, L2: 0.0089, Reg: 0.0092
INFO:__main__:Total loss 0.0098
INFO:__main__:Predicted mean: -0.3395
INFO:__main__:Predicted uncertainity -0.8099
INFO:__main__:Completed epoch 23 of 100

INFO:__main__:NLL: 0.2635, L2: 0.0093, Reg: 0.0061
INFO:__main__:Total loss 0.2790
INFO:__main__:Predicted mean: -0.3552
INFO:__main__:Predicted uncertainity -0.6834
INFO:__main__:Completed epoch 24 of 100

INFO:__main__:NLL: 0.1721, L2: 0.0088, Reg: 0.0057
INFO:__main__:Total loss 0.1866
INFO:__main__:Predicted mean: -0.3882
INFO:__main__:Predicted uncertainity -0.6893
INFO:__main__:Completed epoch 25 of 100

INFO:__main__:NLL: -0.0785, L2: 0.0094, Reg: 0.0072
INFO:__main__:Total loss -0.0618
INFO:__main__:Predicted mean: -0.3670
INFO:__main__:Predicted uncertainity -0.6779
INFO:__main__:Completed epoch 26 of 100

INFO:__main__:NLL: 0.1351, L2: 0.0090, Reg: 0.0071
INFO:__main__:Total loss 0.1512
INFO:__main__:Predicted mean: -0.3538
INFO:__main__:Predicted uncertainity -0.7685
INFO:__main__:Completed epoch 27 of 100

INFO:__main__:NLL: 0.1210, L2: 0.0084, Reg: 0.0055
INFO:__main__:Total loss 0.1348
INFO:__main__:Predicted mean: -0.3636
INFO:__main__:Predicted uncertainity -0.6340
INFO:__main__:Completed epoch 28 of 100

INFO:__main__:NLL: 0.1171, L2: 0.0086, Reg: 0.0058
INFO:__main__:Total loss 0.1316
INFO:__main__:Predicted mean: -0.3191
INFO:__main__:Predicted uncertainity -0.6979
INFO:__main__:Completed epoch 29 of 100

INFO:__main__:NLL: 0.1872, L2: 0.0084, Reg: 0.0055
INFO:__main__:Total loss 0.2010
INFO:__main__:Predicted mean: -0.3409
INFO:__main__:Predicted uncertainity -0.6579
INFO:__main__:Completed epoch 30 of 100

INFO:__main__:NLL: 0.1466, L2: 0.0088, Reg: 0.0074
INFO:__main__:Total loss 0.1628
INFO:__main__:Predicted mean: -0.4355
INFO:__main__:Predicted uncertainity -0.7526
INFO:__main__:Completed epoch 31 of 100

INFO:__main__:NLL: -0.0141, L2: 0.0089, Reg: 0.0087
INFO:__main__:Total loss 0.0035
INFO:__main__:Predicted mean: -0.3645
INFO:__main__:Predicted uncertainity -0.8525
INFO:__main__:Completed epoch 32 of 100

INFO:__main__:NLL: 0.1595, L2: 0.0090, Reg: 0.0060
INFO:__main__:Total loss 0.1745
INFO:__main__:Predicted mean: -0.3782
INFO:__main__:Predicted uncertainity -0.6659
INFO:__main__:Completed epoch 33 of 100

INFO:__main__:NLL: 0.0170, L2: 0.0094, Reg: 0.0070
INFO:__main__:Total loss 0.0333
INFO:__main__:Predicted mean: -0.3518
INFO:__main__:Predicted uncertainity -0.7299
INFO:__main__:Completed epoch 34 of 100

INFO:__main__:NLL: -0.0846, L2: 0.0085, Reg: 0.0068
INFO:__main__:Total loss -0.0693
INFO:__main__:Predicted mean: -0.3896
INFO:__main__:Predicted uncertainity -0.7220
INFO:__main__:Completed epoch 35 of 100

INFO:__main__:NLL: 0.0033, L2: 0.0085, Reg: 0.0070
INFO:__main__:Total loss 0.0187
INFO:__main__:Predicted mean: -0.3541
INFO:__main__:Predicted uncertainity -0.7678
INFO:__main__:Completed epoch 36 of 100

INFO:__main__:NLL: -0.0377, L2: 0.0086, Reg: 0.0078
INFO:__main__:Total loss -0.0213
INFO:__main__:Predicted mean: -0.3567
INFO:__main__:Predicted uncertainity -0.8639
INFO:__main__:Completed epoch 37 of 100

INFO:__main__:NLL: 0.2544, L2: 0.0078, Reg: 0.0062
INFO:__main__:Total loss 0.2683
INFO:__main__:Predicted mean: -0.3619
INFO:__main__:Predicted uncertainity -0.8580
INFO:__main__:Completed epoch 38 of 100

INFO:__main__:NLL: 0.1162, L2: 0.0081, Reg: 0.0081
INFO:__main__:Total loss 0.1324
INFO:__main__:Predicted mean: -0.4166
INFO:__main__:Predicted uncertainity -0.6902
INFO:__main__:Completed epoch 39 of 100

INFO:__main__:NLL: 0.0831, L2: 0.0082, Reg: 0.0077
INFO:__main__:Total loss 0.0990
INFO:__main__:Predicted mean: -0.4286
INFO:__main__:Predicted uncertainity -0.6368
INFO:__main__:Completed epoch 40 of 100

INFO:__main__:NLL: 0.0007, L2: 0.0085, Reg: 0.0065
INFO:__main__:Total loss 0.0157
INFO:__main__:Predicted mean: -0.3436
INFO:__main__:Predicted uncertainity -0.6971
INFO:__main__:Completed epoch 41 of 100

INFO:__main__:NLL: 0.1129, L2: 0.0082, Reg: 0.0071
INFO:__main__:Total loss 0.1283
INFO:__main__:Predicted mean: -0.3955
INFO:__main__:Predicted uncertainity -0.7023
INFO:__main__:Completed epoch 42 of 100

INFO:__main__:NLL: 0.2134, L2: 0.0079, Reg: 0.0064
INFO:__main__:Total loss 0.2276
INFO:__main__:Predicted mean: -0.3837
INFO:__main__:Predicted uncertainity -0.7647
INFO:__main__:Completed epoch 43 of 100

INFO:__main__:NLL: 0.2971, L2: 0.0084, Reg: 0.0089
INFO:__main__:Total loss 0.3144
INFO:__main__:Predicted mean: -0.4289
INFO:__main__:Predicted uncertainity -0.7755
INFO:__main__:Completed epoch 44 of 100

INFO:__main__:NLL: 0.1122, L2: 0.0075, Reg: 0.0061
INFO:__main__:Total loss 0.1258
INFO:__main__:Predicted mean: -0.4066
INFO:__main__:Predicted uncertainity -0.7158
INFO:__main__:Completed epoch 45 of 100

INFO:__main__:NLL: 0.2149, L2: 0.0075, Reg: 0.0052
INFO:__main__:Total loss 0.2276
INFO:__main__:Predicted mean: -0.4016
INFO:__main__:Predicted uncertainity -0.6813
INFO:__main__:Completed epoch 46 of 100

INFO:__main__:NLL: -0.0276, L2: 0.0077, Reg: 0.0056
INFO:__main__:Total loss -0.0143
INFO:__main__:Predicted mean: -0.4012
INFO:__main__:Predicted uncertainity -0.6868
INFO:__main__:Completed epoch 47 of 100

INFO:__main__:NLL: 0.1246, L2: 0.0081, Reg: 0.0083
INFO:__main__:Total loss 0.1410
INFO:__main__:Predicted mean: -0.3601
INFO:__main__:Predicted uncertainity -0.7741
INFO:__main__:Completed epoch 48 of 100

INFO:__main__:NLL: 0.0489, L2: 0.0082, Reg: 0.0064
INFO:__main__:Total loss 0.0635
INFO:__main__:Predicted mean: -0.3439
INFO:__main__:Predicted uncertainity -0.5723
INFO:__main__:Completed epoch 49 of 100

INFO:__main__:NLL: 0.0288, L2: 0.0081, Reg: 0.0056
INFO:__main__:Total loss 0.0425
INFO:__main__:Predicted mean: -0.3406
INFO:__main__:Predicted uncertainity -0.7363
INFO:__main__:Completed epoch 50 of 100

INFO:__main__:NLL: 0.4313, L2: 0.0083, Reg: 0.0072
INFO:__main__:Total loss 0.4468
INFO:__main__:Predicted mean: -0.3838
INFO:__main__:Predicted uncertainity -0.8074
INFO:__main__:Completed epoch 51 of 100

INFO:__main__:NLL: -0.0917, L2: 0.0082, Reg: 0.0066
INFO:__main__:Total loss -0.0769
INFO:__main__:Predicted mean: -0.3985
INFO:__main__:Predicted uncertainity -0.7912
INFO:__main__:Completed epoch 52 of 100

INFO:__main__:NLL: 0.0340, L2: 0.0083, Reg: 0.0055
INFO:__main__:Total loss 0.0479
INFO:__main__:Predicted mean: -0.3841
INFO:__main__:Predicted uncertainity -0.6788
INFO:__main__:Completed epoch 53 of 100

INFO:__main__:NLL: 0.2137, L2: 0.0085, Reg: 0.0050
INFO:__main__:Total loss 0.2272
INFO:__main__:Predicted mean: -0.3485
INFO:__main__:Predicted uncertainity -0.7204
INFO:__main__:Completed epoch 54 of 100

INFO:__main__:NLL: 0.3894, L2: 0.0088, Reg: 0.0051
INFO:__main__:Total loss 0.4032
INFO:__main__:Predicted mean: -0.3345
INFO:__main__:Predicted uncertainity -0.7621
INFO:__main__:Completed epoch 55 of 100

INFO:__main__:NLL: 0.2665, L2: 0.0085, Reg: 0.0064
INFO:__main__:Total loss 0.2814
INFO:__main__:Predicted mean: -0.3987
INFO:__main__:Predicted uncertainity -0.7810
INFO:__main__:Completed epoch 56 of 100

INFO:__main__:NLL: 0.0398, L2: 0.0086, Reg: 0.0066
INFO:__main__:Total loss 0.0550
INFO:__main__:Predicted mean: -0.3796
INFO:__main__:Predicted uncertainity -0.6823
INFO:__main__:Completed epoch 57 of 100

INFO:__main__:NLL: -0.0938, L2: 0.0086, Reg: 0.0082
INFO:__main__:Total loss -0.0770
INFO:__main__:Predicted mean: -0.4261
INFO:__main__:Predicted uncertainity -0.7669
INFO:__main__:Completed epoch 58 of 100

INFO:__main__:NLL: -0.0045, L2: 0.0086, Reg: 0.0059
INFO:__main__:Total loss 0.0100
INFO:__main__:Predicted mean: -0.3178
INFO:__main__:Predicted uncertainity -0.6976
INFO:__main__:Completed epoch 59 of 100

INFO:__main__:NLL: -0.0281, L2: 0.0088, Reg: 0.0061
INFO:__main__:Total loss -0.0131
INFO:__main__:Predicted mean: -0.3541
INFO:__main__:Predicted uncertainity -0.7826
INFO:__main__:Completed epoch 60 of 100

INFO:__main__:NLL: 0.1035, L2: 0.0087, Reg: 0.0060
INFO:__main__:Total loss 0.1182
INFO:__main__:Predicted mean: -0.3375
INFO:__main__:Predicted uncertainity -0.7558
INFO:__main__:Completed epoch 61 of 100

INFO:__main__:NLL: 0.2249, L2: 0.0083, Reg: 0.0061
INFO:__main__:Total loss 0.2393
INFO:__main__:Predicted mean: -0.3364
INFO:__main__:Predicted uncertainity -0.7055
INFO:__main__:Completed epoch 62 of 100

INFO:__main__:NLL: 0.0948, L2: 0.0084, Reg: 0.0063
INFO:__main__:Total loss 0.1095
INFO:__main__:Predicted mean: -0.4868
INFO:__main__:Predicted uncertainity -0.7790
INFO:__main__:Completed epoch 63 of 100

INFO:__main__:NLL: -0.0010, L2: 0.0085, Reg: 0.0072
INFO:__main__:Total loss 0.0148
INFO:__main__:Predicted mean: -0.3672
INFO:__main__:Predicted uncertainity -0.7352
INFO:__main__:Completed epoch 64 of 100

INFO:__main__:NLL: -0.0278, L2: 0.0089, Reg: 0.0071
INFO:__main__:Total loss -0.0118
INFO:__main__:Predicted mean: -0.3864
INFO:__main__:Predicted uncertainity -0.8283
INFO:__main__:Completed epoch 65 of 100

INFO:__main__:NLL: 0.2660, L2: 0.0085, Reg: 0.0066
INFO:__main__:Total loss 0.2811
INFO:__main__:Predicted mean: -0.4196
INFO:__main__:Predicted uncertainity -0.7444
INFO:__main__:Completed epoch 66 of 100

INFO:__main__:NLL: 0.0125, L2: 0.0081, Reg: 0.0062
INFO:__main__:Total loss 0.0269
INFO:__main__:Predicted mean: -0.3743
INFO:__main__:Predicted uncertainity -0.7347
INFO:__main__:Completed epoch 67 of 100

INFO:__main__:NLL: 0.0303, L2: 0.0087, Reg: 0.0075
INFO:__main__:Total loss 0.0465
INFO:__main__:Predicted mean: -0.3624
INFO:__main__:Predicted uncertainity -0.7566
INFO:__main__:Completed epoch 68 of 100

INFO:__main__:NLL: 0.0019, L2: 0.0085, Reg: 0.0067
INFO:__main__:Total loss 0.0172
INFO:__main__:Predicted mean: -0.3693
INFO:__main__:Predicted uncertainity -0.7277
INFO:__main__:Completed epoch 69 of 100

INFO:__main__:NLL: 0.4396, L2: 0.0083, Reg: 0.0102
INFO:__main__:Total loss 0.4581
INFO:__main__:Predicted mean: -0.4692
INFO:__main__:Predicted uncertainity -0.6399
INFO:__main__:Completed epoch 70 of 100

INFO:__main__:NLL: -0.0360, L2: 0.0084, Reg: 0.0068
INFO:__main__:Total loss -0.0208
INFO:__main__:Predicted mean: -0.3841
INFO:__main__:Predicted uncertainity -0.7678
INFO:__main__:Completed epoch 71 of 100

INFO:__main__:NLL: 0.4086, L2: 0.0084, Reg: 0.0110
INFO:__main__:Total loss 0.4280
INFO:__main__:Predicted mean: -0.4426
INFO:__main__:Predicted uncertainity -0.8717
INFO:__main__:Completed epoch 72 of 100

INFO:__main__:NLL: 0.4822, L2: 0.0090, Reg: 0.0082
INFO:__main__:Total loss 0.4994
INFO:__main__:Predicted mean: -0.3936
INFO:__main__:Predicted uncertainity -0.7803
INFO:__main__:Completed epoch 73 of 100

INFO:__main__:NLL: 0.1241, L2: 0.0089, Reg: 0.0084
INFO:__main__:Total loss 0.1413
INFO:__main__:Predicted mean: -0.3601
INFO:__main__:Predicted uncertainity -0.8305
INFO:__main__:Completed epoch 74 of 100

INFO:__main__:NLL: 0.0071, L2: 0.0092, Reg: 0.0072
INFO:__main__:Total loss 0.0235
INFO:__main__:Predicted mean: -0.3953
INFO:__main__:Predicted uncertainity -0.7399
INFO:__main__:Completed epoch 75 of 100

INFO:__main__:NLL: 0.1330, L2: 0.0089, Reg: 0.0060
INFO:__main__:Total loss 0.1480
INFO:__main__:Predicted mean: -0.3972
INFO:__main__:Predicted uncertainity -0.6961
INFO:__main__:Completed epoch 76 of 100

INFO:__main__:NLL: 0.1812, L2: 0.0084, Reg: 0.0067
INFO:__main__:Total loss 0.1963
INFO:__main__:Predicted mean: -0.4154
INFO:__main__:Predicted uncertainity -0.7495
INFO:__main__:Completed epoch 77 of 100

INFO:__main__:NLL: 0.1661, L2: 0.0093, Reg: 0.0076
INFO:__main__:Total loss 0.1830
INFO:__main__:Predicted mean: -0.3668
INFO:__main__:Predicted uncertainity -0.7414
INFO:__main__:Completed epoch 78 of 100

INFO:__main__:NLL: 0.2332, L2: 0.0088, Reg: 0.0058
INFO:__main__:Total loss 0.2478
INFO:__main__:Predicted mean: -0.3308
INFO:__main__:Predicted uncertainity -0.6347
INFO:__main__:Completed epoch 79 of 100

INFO:__main__:NLL: 0.1444, L2: 0.0090, Reg: 0.0105
INFO:__main__:Total loss 0.1639
INFO:__main__:Predicted mean: -0.3671
INFO:__main__:Predicted uncertainity -0.6997
INFO:__main__:Completed epoch 80 of 100

INFO:__main__:NLL: 0.0068, L2: 0.0089, Reg: 0.0084
INFO:__main__:Total loss 0.0241
INFO:__main__:Predicted mean: -0.3971
INFO:__main__:Predicted uncertainity -0.7142
INFO:__main__:Completed epoch 81 of 100

INFO:__main__:NLL: 0.0476, L2: 0.0087, Reg: 0.0070
INFO:__main__:Total loss 0.0634
INFO:__main__:Predicted mean: -0.3737
INFO:__main__:Predicted uncertainity -0.8274
INFO:__main__:Completed epoch 82 of 100

INFO:__main__:NLL: -0.0565, L2: 0.0086, Reg: 0.0088
INFO:__main__:Total loss -0.0391
INFO:__main__:Predicted mean: -0.3912
INFO:__main__:Predicted uncertainity -0.8413
INFO:__main__:Completed epoch 83 of 100

INFO:__main__:NLL: 0.3066, L2: 0.0087, Reg: 0.0066
INFO:__main__:Total loss 0.3218
INFO:__main__:Predicted mean: -0.3521
INFO:__main__:Predicted uncertainity -0.7137
INFO:__main__:Completed epoch 84 of 100

INFO:__main__:NLL: 0.1326, L2: 0.0091, Reg: 0.0062
INFO:__main__:Total loss 0.1479
INFO:__main__:Predicted mean: -0.3337
INFO:__main__:Predicted uncertainity -0.6452
INFO:__main__:Completed epoch 85 of 100

INFO:__main__:NLL: -0.1502, L2: 0.0090, Reg: 0.0079
INFO:__main__:Total loss -0.1333
INFO:__main__:Predicted mean: -0.3820
INFO:__main__:Predicted uncertainity -0.7324
INFO:__main__:Completed epoch 86 of 100

INFO:__main__:NLL: 0.0456, L2: 0.0087, Reg: 0.0083
INFO:__main__:Total loss 0.0626
INFO:__main__:Predicted mean: -0.3996
INFO:__main__:Predicted uncertainity -0.6641
INFO:__main__:Completed epoch 87 of 100

INFO:__main__:NLL: 0.0612, L2: 0.0084, Reg: 0.0061
INFO:__main__:Total loss 0.0758
INFO:__main__:Predicted mean: -0.3890
INFO:__main__:Predicted uncertainity -0.6872
INFO:__main__:Completed epoch 88 of 100

INFO:__main__:NLL: 0.0675, L2: 0.0087, Reg: 0.0058
INFO:__main__:Total loss 0.0820
INFO:__main__:Predicted mean: -0.3475
INFO:__main__:Predicted uncertainity -0.6873
INFO:__main__:Completed epoch 89 of 100

INFO:__main__:NLL: 0.1676, L2: 0.0087, Reg: 0.0093
INFO:__main__:Total loss 0.1857
INFO:__main__:Predicted mean: -0.4070
INFO:__main__:Predicted uncertainity -0.6890
INFO:__main__:Completed epoch 90 of 100

INFO:__main__:NLL: 0.1942, L2: 0.0089, Reg: 0.0085
INFO:__main__:Total loss 0.2116
INFO:__main__:Predicted mean: -0.4277
INFO:__main__:Predicted uncertainity -0.7355
INFO:__main__:Completed epoch 91 of 100

INFO:__main__:NLL: 0.0529, L2: 0.0083, Reg: 0.0083
INFO:__main__:Total loss 0.0694
INFO:__main__:Predicted mean: -0.4048
INFO:__main__:Predicted uncertainity -0.8063
INFO:__main__:Completed epoch 92 of 100

INFO:__main__:NLL: 0.0067, L2: 0.0088, Reg: 0.0069
INFO:__main__:Total loss 0.0225
INFO:__main__:Predicted mean: -0.3975
INFO:__main__:Predicted uncertainity -0.7040
INFO:__main__:Completed epoch 93 of 100

INFO:__main__:NLL: 0.0612, L2: 0.0092, Reg: 0.0076
INFO:__main__:Total loss 0.0780
INFO:__main__:Predicted mean: -0.3073
INFO:__main__:Predicted uncertainity -0.6828
INFO:__main__:Completed epoch 94 of 100

INFO:__main__:NLL: 0.1772, L2: 0.0082, Reg: 0.0066
INFO:__main__:Total loss 0.1920
INFO:__main__:Predicted mean: -0.3874
INFO:__main__:Predicted uncertainity -0.6835
INFO:__main__:Completed epoch 95 of 100

INFO:__main__:NLL: 0.3751, L2: 0.0084, Reg: 0.0072
INFO:__main__:Total loss 0.3906
INFO:__main__:Predicted mean: -0.3972
INFO:__main__:Predicted uncertainity -0.8105
INFO:__main__:Completed epoch 96 of 100

INFO:__main__:NLL: 0.0436, L2: 0.0089, Reg: 0.0053
INFO:__main__:Total loss 0.0578
INFO:__main__:Predicted mean: -0.3299
INFO:__main__:Predicted uncertainity -0.7034
INFO:__main__:Completed epoch 97 of 100

INFO:__main__:NLL: 0.0606, L2: 0.0088, Reg: 0.0074
INFO:__main__:Total loss 0.0769
INFO:__main__:Predicted mean: -0.3272
INFO:__main__:Predicted uncertainity -0.7314
INFO:__main__:Completed epoch 98 of 100

INFO:__main__:NLL: 0.2160, L2: 0.0085, Reg: 0.0093
INFO:__main__:Total loss 0.2337
INFO:__main__:Predicted mean: -0.4754
INFO:__main__:Predicted uncertainity -0.8327
INFO:__main__:Completed epoch 99 of 100

INFO:__main__:NLL: 0.2305, L2: 0.0087, Reg: 0.0073
INFO:__main__:Total loss 0.2465
INFO:__main__:Predicted mean: -0.4107
INFO:__main__:Predicted uncertainity -0.8209
INFO:__main__:Completed epoch 100 of 100

INFO:__main__:424.434437 s
