INFO:__main__:PROCESS RUNNING ON cpu
INFO:__main__:NLL: 0.3104, L2: 0.0003, Reg: 0.0299
INFO:__main__:Total loss 0.3407
INFO:__main__:Predicted mean: -0.0016
INFO:__main__:Predicted uncertainity -0.0007
INFO:__main__:Completed epoch 1 of 100

INFO:__main__:NLL: 0.3105, L2: 0.0002, Reg: 0.0299
INFO:__main__:Total loss 0.3407
INFO:__main__:Predicted mean: -0.0014
INFO:__main__:Predicted uncertainity -0.0003
INFO:__main__:Completed epoch 2 of 100

INFO:__main__:NLL: 0.3104, L2: 0.0043, Reg: 0.0299
INFO:__main__:Total loss 0.3445
INFO:__main__:Predicted mean: -0.0020
INFO:__main__:Predicted uncertainity -0.0008
INFO:__main__:Completed epoch 3 of 100

INFO:__main__:NLL: 0.3103, L2: 0.0021, Reg: 0.0299
INFO:__main__:Total loss 0.3423
INFO:__main__:Predicted mean: -0.0024
INFO:__main__:Predicted uncertainity -0.0005
INFO:__main__:Completed epoch 4 of 100

INFO:__main__:NLL: 0.3104, L2: 0.0047, Reg: 0.0299
INFO:__main__:Total loss 0.3450
INFO:__main__:Predicted mean: -0.0019
INFO:__main__:Predicted uncertainity -0.0008
INFO:__main__:Completed epoch 5 of 100

INFO:__main__:NLL: 0.3104, L2: 0.0037, Reg: 0.0299
INFO:__main__:Total loss 0.3440
INFO:__main__:Predicted mean: -0.0022
INFO:__main__:Predicted uncertainity -0.0005
INFO:__main__:Completed epoch 6 of 100

INFO:__main__:NLL: 0.3104, L2: 0.0036, Reg: 0.0299
INFO:__main__:Total loss 0.3440
INFO:__main__:Predicted mean: -0.0019
INFO:__main__:Predicted uncertainity -0.0006
INFO:__main__:Completed epoch 7 of 100

INFO:__main__:NLL: 0.3104, L2: 0.0065, Reg: 0.0299
INFO:__main__:Total loss 0.3468
INFO:__main__:Predicted mean: -0.0024
INFO:__main__:Predicted uncertainity -0.0001
INFO:__main__:Completed epoch 8 of 100

INFO:__main__:NLL: 0.3104, L2: 0.0086, Reg: 0.0299
INFO:__main__:Total loss 0.3489
INFO:__main__:Predicted mean: -0.0028
INFO:__main__:Predicted uncertainity 0.0001
INFO:__main__:Completed epoch 9 of 100

INFO:__main__:NLL: 0.3104, L2: 0.0113, Reg: 0.0299
INFO:__main__:Total loss 0.3516
INFO:__main__:Predicted mean: -0.0027
INFO:__main__:Predicted uncertainity 0.0001
INFO:__main__:Completed epoch 10 of 100

INFO:__main__:NLL: 0.3103, L2: 0.0134, Reg: 0.0299
INFO:__main__:Total loss 0.3536
INFO:__main__:Predicted mean: -0.0032
INFO:__main__:Predicted uncertainity 0.0000
INFO:__main__:Completed epoch 11 of 100

INFO:__main__:NLL: 0.3102, L2: 0.0183, Reg: 0.0299
INFO:__main__:Total loss 0.3584
INFO:__main__:Predicted mean: -0.0035
INFO:__main__:Predicted uncertainity 0.0000
INFO:__main__:Completed epoch 12 of 100

INFO:__main__:NLL: 0.3102, L2: 0.0217, Reg: 0.0299
INFO:__main__:Total loss 0.3618
INFO:__main__:Predicted mean: -0.0036
INFO:__main__:Predicted uncertainity -0.0000
INFO:__main__:Completed epoch 13 of 100

INFO:__main__:NLL: 0.3102, L2: 0.0155, Reg: 0.0299
INFO:__main__:Total loss 0.3557
INFO:__main__:Predicted mean: -0.0036
INFO:__main__:Predicted uncertainity -0.0000
INFO:__main__:Completed epoch 14 of 100

INFO:__main__:NLL: 0.3102, L2: 0.0204, Reg: 0.0299
INFO:__main__:Total loss 0.3605
INFO:__main__:Predicted mean: -0.0036
INFO:__main__:Predicted uncertainity -0.0001
INFO:__main__:Completed epoch 15 of 100

INFO:__main__:NLL: 0.3102, L2: 0.0170, Reg: 0.0299
INFO:__main__:Total loss 0.3571
INFO:__main__:Predicted mean: -0.0036
INFO:__main__:Predicted uncertainity -0.0001
INFO:__main__:Completed epoch 16 of 100

INFO:__main__:NLL: 0.3102, L2: 0.0216, Reg: 0.0299
INFO:__main__:Total loss 0.3617
INFO:__main__:Predicted mean: -0.0036
INFO:__main__:Predicted uncertainity -0.0001
INFO:__main__:Completed epoch 17 of 100

INFO:__main__:NLL: 0.3102, L2: 0.0155, Reg: 0.0299
INFO:__main__:Total loss 0.3556
INFO:__main__:Predicted mean: -0.0036
INFO:__main__:Predicted uncertainity -0.0001
INFO:__main__:Completed epoch 18 of 100

INFO:__main__:NLL: 0.3102, L2: 0.0175, Reg: 0.0299
INFO:__main__:Total loss 0.3577
INFO:__main__:Predicted mean: -0.0036
INFO:__main__:Predicted uncertainity -0.0001
INFO:__main__:Completed epoch 19 of 100

INFO:__main__:NLL: 0.3102, L2: 0.0148, Reg: 0.0299
INFO:__main__:Total loss 0.3549
INFO:__main__:Predicted mean: -0.0036
INFO:__main__:Predicted uncertainity -0.0001
INFO:__main__:Completed epoch 20 of 100

INFO:__main__:NLL: 0.3102, L2: 0.0188, Reg: 0.0299
INFO:__main__:Total loss 0.3589
INFO:__main__:Predicted mean: -0.0036
INFO:__main__:Predicted uncertainity -0.0001
INFO:__main__:Completed epoch 21 of 100

INFO:__main__:NLL: 0.3102, L2: 0.0177, Reg: 0.0299
INFO:__main__:Total loss 0.3578
INFO:__main__:Predicted mean: -0.0036
INFO:__main__:Predicted uncertainity -0.0001
INFO:__main__:Completed epoch 22 of 100

INFO:__main__:NLL: 0.3102, L2: 0.0175, Reg: 0.0299
INFO:__main__:Total loss 0.3576
INFO:__main__:Predicted mean: -0.0036
INFO:__main__:Predicted uncertainity -0.0001
INFO:__main__:Completed epoch 23 of 100

INFO:__main__:NLL: 0.3102, L2: 0.0231, Reg: 0.0299
INFO:__main__:Total loss 0.3632
INFO:__main__:Predicted mean: -0.0036
INFO:__main__:Predicted uncertainity -0.0001
INFO:__main__:Completed epoch 24 of 100

INFO:__main__:NLL: 0.3102, L2: 0.0201, Reg: 0.0299
INFO:__main__:Total loss 0.3602
INFO:__main__:Predicted mean: -0.0036
INFO:__main__:Predicted uncertainity -0.0001
INFO:__main__:Completed epoch 25 of 100

INFO:__main__:NLL: 0.3102, L2: 0.0183, Reg: 0.0299
INFO:__main__:Total loss 0.3584
INFO:__main__:Predicted mean: -0.0036
INFO:__main__:Predicted uncertainity -0.0001
INFO:__main__:Completed epoch 26 of 100

INFO:__main__:NLL: 0.3102, L2: 0.0210, Reg: 0.0299
INFO:__main__:Total loss 0.3611
INFO:__main__:Predicted mean: -0.0036
INFO:__main__:Predicted uncertainity -0.0001
INFO:__main__:Completed epoch 27 of 100

INFO:__main__:NLL: 0.3102, L2: 0.0188, Reg: 0.0299
INFO:__main__:Total loss 0.3589
INFO:__main__:Predicted mean: -0.0036
INFO:__main__:Predicted uncertainity -0.0001
INFO:__main__:Completed epoch 28 of 100

INFO:__main__:NLL: 0.3102, L2: 0.0200, Reg: 0.0299
INFO:__main__:Total loss 0.3601
INFO:__main__:Predicted mean: -0.0036
INFO:__main__:Predicted uncertainity -0.0001
INFO:__main__:Completed epoch 29 of 100

INFO:__main__:NLL: 0.3102, L2: 0.0184, Reg: 0.0299
INFO:__main__:Total loss 0.3585
INFO:__main__:Predicted mean: -0.0036
INFO:__main__:Predicted uncertainity -0.0001
INFO:__main__:Completed epoch 30 of 100

INFO:__main__:NLL: 0.3102, L2: 0.0212, Reg: 0.0299
INFO:__main__:Total loss 0.3613
INFO:__main__:Predicted mean: -0.0036
INFO:__main__:Predicted uncertainity -0.0001
INFO:__main__:Completed epoch 31 of 100

INFO:__main__:NLL: 0.3102, L2: 0.0220, Reg: 0.0299
INFO:__main__:Total loss 0.3621
INFO:__main__:Predicted mean: -0.0036
INFO:__main__:Predicted uncertainity -0.0001
INFO:__main__:Completed epoch 32 of 100

INFO:__main__:NLL: 0.3102, L2: 0.0185, Reg: 0.0299
INFO:__main__:Total loss 0.3586
INFO:__main__:Predicted mean: -0.0036
INFO:__main__:Predicted uncertainity -0.0001
INFO:__main__:Completed epoch 33 of 100

INFO:__main__:NLL: 0.3102, L2: 0.0209, Reg: 0.0299
INFO:__main__:Total loss 0.3610
INFO:__main__:Predicted mean: -0.0036
INFO:__main__:Predicted uncertainity -0.0001
INFO:__main__:Completed epoch 34 of 100

INFO:__main__:NLL: 0.3102, L2: 0.0179, Reg: 0.0299
INFO:__main__:Total loss 0.3580
INFO:__main__:Predicted mean: -0.0036
INFO:__main__:Predicted uncertainity -0.0001
INFO:__main__:Completed epoch 35 of 100

INFO:__main__:NLL: 0.3102, L2: 0.0175, Reg: 0.0299
INFO:__main__:Total loss 0.3576
INFO:__main__:Predicted mean: -0.0036
INFO:__main__:Predicted uncertainity -0.0001
INFO:__main__:Completed epoch 36 of 100

INFO:__main__:NLL: 0.3102, L2: 0.0198, Reg: 0.0299
INFO:__main__:Total loss 0.3599
INFO:__main__:Predicted mean: -0.0036
INFO:__main__:Predicted uncertainity -0.0001
INFO:__main__:Completed epoch 37 of 100

INFO:__main__:NLL: 0.3102, L2: 0.0200, Reg: 0.0299
INFO:__main__:Total loss 0.3601
INFO:__main__:Predicted mean: -0.0036
INFO:__main__:Predicted uncertainity -0.0001
INFO:__main__:Completed epoch 38 of 100

INFO:__main__:NLL: 0.3102, L2: 0.0175, Reg: 0.0299
INFO:__main__:Total loss 0.3576
INFO:__main__:Predicted mean: -0.0036
INFO:__main__:Predicted uncertainity -0.0001
INFO:__main__:Completed epoch 39 of 100

INFO:__main__:NLL: 0.3102, L2: 0.0181, Reg: 0.0299
INFO:__main__:Total loss 0.3582
INFO:__main__:Predicted mean: -0.0036
INFO:__main__:Predicted uncertainity -0.0001
INFO:__main__:Completed epoch 40 of 100

INFO:__main__:NLL: 0.3102, L2: 0.0164, Reg: 0.0299
INFO:__main__:Total loss 0.3565
INFO:__main__:Predicted mean: -0.0036
INFO:__main__:Predicted uncertainity -0.0001
INFO:__main__:Completed epoch 41 of 100

INFO:__main__:NLL: 0.3102, L2: 0.0230, Reg: 0.0299
INFO:__main__:Total loss 0.3631
INFO:__main__:Predicted mean: -0.0036
INFO:__main__:Predicted uncertainity -0.0001
INFO:__main__:Completed epoch 42 of 100

INFO:__main__:NLL: 0.3102, L2: 0.0157, Reg: 0.0299
INFO:__main__:Total loss 0.3558
INFO:__main__:Predicted mean: -0.0036
INFO:__main__:Predicted uncertainity -0.0001
INFO:__main__:Completed epoch 43 of 100

INFO:__main__:NLL: 0.3102, L2: 0.0189, Reg: 0.0299
INFO:__main__:Total loss 0.3590
INFO:__main__:Predicted mean: -0.0036
INFO:__main__:Predicted uncertainity -0.0001
INFO:__main__:Completed epoch 44 of 100

INFO:__main__:NLL: 0.3102, L2: 0.0193, Reg: 0.0299
INFO:__main__:Total loss 0.3594
INFO:__main__:Predicted mean: -0.0036
INFO:__main__:Predicted uncertainity -0.0001
INFO:__main__:Completed epoch 45 of 100

INFO:__main__:NLL: 0.3102, L2: 0.0215, Reg: 0.0299
INFO:__main__:Total loss 0.3616
INFO:__main__:Predicted mean: -0.0036
INFO:__main__:Predicted uncertainity -0.0001
INFO:__main__:Completed epoch 46 of 100

INFO:__main__:NLL: 0.3102, L2: 0.0135, Reg: 0.0299
INFO:__main__:Total loss 0.3536
INFO:__main__:Predicted mean: -0.0036
INFO:__main__:Predicted uncertainity -0.0001
INFO:__main__:Completed epoch 47 of 100

INFO:__main__:NLL: 0.3102, L2: 0.0204, Reg: 0.0299
INFO:__main__:Total loss 0.3605
INFO:__main__:Predicted mean: -0.0036
INFO:__main__:Predicted uncertainity -0.0001
INFO:__main__:Completed epoch 48 of 100

INFO:__main__:NLL: 0.3102, L2: 0.0169, Reg: 0.0299
INFO:__main__:Total loss 0.3570
INFO:__main__:Predicted mean: -0.0036
INFO:__main__:Predicted uncertainity -0.0001
INFO:__main__:Completed epoch 49 of 100

INFO:__main__:NLL: 0.3102, L2: 0.0223, Reg: 0.0299
INFO:__main__:Total loss 0.3625
INFO:__main__:Predicted mean: -0.0036
INFO:__main__:Predicted uncertainity -0.0001
INFO:__main__:Completed epoch 50 of 100

INFO:__main__:NLL: 0.3102, L2: 0.0169, Reg: 0.0299
INFO:__main__:Total loss 0.3570
INFO:__main__:Predicted mean: -0.0036
INFO:__main__:Predicted uncertainity -0.0001
INFO:__main__:Completed epoch 51 of 100

INFO:__main__:NLL: 0.3102, L2: 0.0210, Reg: 0.0299
INFO:__main__:Total loss 0.3611
INFO:__main__:Predicted mean: -0.0036
INFO:__main__:Predicted uncertainity -0.0001
INFO:__main__:Completed epoch 52 of 100

INFO:__main__:NLL: 0.3102, L2: 0.0241, Reg: 0.0299
INFO:__main__:Total loss 0.3642
INFO:__main__:Predicted mean: -0.0036
INFO:__main__:Predicted uncertainity -0.0001
INFO:__main__:Completed epoch 53 of 100

INFO:__main__:NLL: 0.3102, L2: 0.0172, Reg: 0.0299
INFO:__main__:Total loss 0.3573
INFO:__main__:Predicted mean: -0.0036
INFO:__main__:Predicted uncertainity -0.0001
INFO:__main__:Completed epoch 54 of 100

INFO:__main__:NLL: 0.3102, L2: 0.0177, Reg: 0.0299
INFO:__main__:Total loss 0.3578
INFO:__main__:Predicted mean: -0.0036
INFO:__main__:Predicted uncertainity -0.0001
INFO:__main__:Completed epoch 55 of 100

INFO:__main__:NLL: 0.3102, L2: 0.0181, Reg: 0.0299
INFO:__main__:Total loss 0.3582
INFO:__main__:Predicted mean: -0.0036
INFO:__main__:Predicted uncertainity -0.0001
INFO:__main__:Completed epoch 56 of 100

INFO:__main__:NLL: 0.3102, L2: 0.0203, Reg: 0.0299
INFO:__main__:Total loss 0.3604
INFO:__main__:Predicted mean: -0.0036
INFO:__main__:Predicted uncertainity -0.0001
INFO:__main__:Completed epoch 57 of 100

INFO:__main__:NLL: 0.3102, L2: 0.0200, Reg: 0.0299
INFO:__main__:Total loss 0.3601
INFO:__main__:Predicted mean: -0.0036
INFO:__main__:Predicted uncertainity -0.0001
INFO:__main__:Completed epoch 58 of 100

INFO:__main__:NLL: 0.3102, L2: 0.0160, Reg: 0.0299
INFO:__main__:Total loss 0.3561
INFO:__main__:Predicted mean: -0.0036
INFO:__main__:Predicted uncertainity -0.0001
INFO:__main__:Completed epoch 59 of 100

INFO:__main__:NLL: 0.3102, L2: 0.0177, Reg: 0.0299
INFO:__main__:Total loss 0.3578
INFO:__main__:Predicted mean: -0.0036
INFO:__main__:Predicted uncertainity -0.0001
INFO:__main__:Completed epoch 60 of 100

INFO:__main__:NLL: 0.3102, L2: 0.0169, Reg: 0.0299
INFO:__main__:Total loss 0.3571
INFO:__main__:Predicted mean: -0.0036
INFO:__main__:Predicted uncertainity -0.0001
INFO:__main__:Completed epoch 61 of 100

INFO:__main__:NLL: 0.3102, L2: 0.0163, Reg: 0.0299
INFO:__main__:Total loss 0.3564
INFO:__main__:Predicted mean: -0.0036
INFO:__main__:Predicted uncertainity -0.0001
INFO:__main__:Completed epoch 62 of 100

INFO:__main__:NLL: 0.3102, L2: 0.0170, Reg: 0.0299
INFO:__main__:Total loss 0.3571
INFO:__main__:Predicted mean: -0.0036
INFO:__main__:Predicted uncertainity -0.0001
INFO:__main__:Completed epoch 63 of 100

INFO:__main__:NLL: 0.3102, L2: 0.0179, Reg: 0.0299
INFO:__main__:Total loss 0.3580
INFO:__main__:Predicted mean: -0.0036
INFO:__main__:Predicted uncertainity -0.0001
INFO:__main__:Completed epoch 64 of 100

INFO:__main__:NLL: 0.3102, L2: 0.0184, Reg: 0.0299
INFO:__main__:Total loss 0.3585
INFO:__main__:Predicted mean: -0.0036
INFO:__main__:Predicted uncertainity -0.0001
INFO:__main__:Completed epoch 65 of 100

INFO:__main__:NLL: 0.3102, L2: 0.0211, Reg: 0.0299
INFO:__main__:Total loss 0.3613
INFO:__main__:Predicted mean: -0.0036
INFO:__main__:Predicted uncertainity -0.0001
INFO:__main__:Completed epoch 66 of 100

INFO:__main__:NLL: 0.3102, L2: 0.0187, Reg: 0.0299
INFO:__main__:Total loss 0.3588
INFO:__main__:Predicted mean: -0.0036
INFO:__main__:Predicted uncertainity -0.0001
INFO:__main__:Completed epoch 67 of 100

INFO:__main__:NLL: 0.3102, L2: 0.0201, Reg: 0.0299
INFO:__main__:Total loss 0.3602
INFO:__main__:Predicted mean: -0.0036
INFO:__main__:Predicted uncertainity -0.0001
INFO:__main__:Completed epoch 68 of 100

INFO:__main__:NLL: 0.3102, L2: 0.0174, Reg: 0.0299
INFO:__main__:Total loss 0.3575
INFO:__main__:Predicted mean: -0.0036
INFO:__main__:Predicted uncertainity -0.0001
INFO:__main__:Completed epoch 69 of 100

INFO:__main__:NLL: 0.3102, L2: 0.0193, Reg: 0.0299
INFO:__main__:Total loss 0.3594
INFO:__main__:Predicted mean: -0.0036
INFO:__main__:Predicted uncertainity -0.0001
INFO:__main__:Completed epoch 70 of 100

INFO:__main__:NLL: 0.3102, L2: 0.0184, Reg: 0.0299
INFO:__main__:Total loss 0.3585
INFO:__main__:Predicted mean: -0.0036
INFO:__main__:Predicted uncertainity -0.0001
INFO:__main__:Completed epoch 71 of 100

INFO:__main__:NLL: 0.3102, L2: 0.0167, Reg: 0.0299
INFO:__main__:Total loss 0.3568
INFO:__main__:Predicted mean: -0.0036
INFO:__main__:Predicted uncertainity -0.0001
INFO:__main__:Completed epoch 72 of 100

INFO:__main__:NLL: 0.3102, L2: 0.0195, Reg: 0.0299
INFO:__main__:Total loss 0.3596
INFO:__main__:Predicted mean: -0.0036
INFO:__main__:Predicted uncertainity -0.0001
INFO:__main__:Completed epoch 73 of 100

INFO:__main__:NLL: 0.3102, L2: 0.0181, Reg: 0.0299
INFO:__main__:Total loss 0.3582
INFO:__main__:Predicted mean: -0.0036
INFO:__main__:Predicted uncertainity -0.0001
INFO:__main__:Completed epoch 74 of 100

INFO:__main__:NLL: 0.3102, L2: 0.0221, Reg: 0.0299
INFO:__main__:Total loss 0.3622
INFO:__main__:Predicted mean: -0.0036
INFO:__main__:Predicted uncertainity -0.0001
INFO:__main__:Completed epoch 75 of 100

INFO:__main__:NLL: 0.3102, L2: 0.0190, Reg: 0.0299
INFO:__main__:Total loss 0.3591
INFO:__main__:Predicted mean: -0.0036
INFO:__main__:Predicted uncertainity -0.0001
INFO:__main__:Completed epoch 76 of 100

INFO:__main__:NLL: 0.3102, L2: 0.0193, Reg: 0.0299
INFO:__main__:Total loss 0.3594
INFO:__main__:Predicted mean: -0.0036
INFO:__main__:Predicted uncertainity -0.0001
INFO:__main__:Completed epoch 77 of 100

INFO:__main__:NLL: 0.3102, L2: 0.0175, Reg: 0.0299
INFO:__main__:Total loss 0.3576
INFO:__main__:Predicted mean: -0.0036
INFO:__main__:Predicted uncertainity -0.0001
INFO:__main__:Completed epoch 78 of 100

INFO:__main__:NLL: 0.3102, L2: 0.0192, Reg: 0.0299
INFO:__main__:Total loss 0.3593
INFO:__main__:Predicted mean: -0.0036
INFO:__main__:Predicted uncertainity -0.0001
INFO:__main__:Completed epoch 79 of 100

INFO:__main__:NLL: 0.3102, L2: 0.0164, Reg: 0.0299
INFO:__main__:Total loss 0.3565
INFO:__main__:Predicted mean: -0.0036
INFO:__main__:Predicted uncertainity -0.0001
INFO:__main__:Completed epoch 80 of 100

INFO:__main__:NLL: 0.3102, L2: 0.0171, Reg: 0.0299
INFO:__main__:Total loss 0.3572
INFO:__main__:Predicted mean: -0.0036
INFO:__main__:Predicted uncertainity -0.0001
INFO:__main__:Completed epoch 81 of 100

INFO:__main__:NLL: 0.3102, L2: 0.0208, Reg: 0.0299
INFO:__main__:Total loss 0.3609
INFO:__main__:Predicted mean: -0.0036
INFO:__main__:Predicted uncertainity -0.0001
INFO:__main__:Completed epoch 82 of 100

INFO:__main__:NLL: 0.3102, L2: 0.0175, Reg: 0.0299
INFO:__main__:Total loss 0.3576
INFO:__main__:Predicted mean: -0.0036
INFO:__main__:Predicted uncertainity -0.0001
INFO:__main__:Completed epoch 83 of 100

INFO:__main__:NLL: 0.3102, L2: 0.0197, Reg: 0.0299
INFO:__main__:Total loss 0.3598
INFO:__main__:Predicted mean: -0.0036
INFO:__main__:Predicted uncertainity -0.0001
INFO:__main__:Completed epoch 84 of 100

INFO:__main__:NLL: 0.3102, L2: 0.0178, Reg: 0.0299
INFO:__main__:Total loss 0.3579
INFO:__main__:Predicted mean: -0.0036
INFO:__main__:Predicted uncertainity -0.0001
INFO:__main__:Completed epoch 85 of 100

INFO:__main__:NLL: 0.3102, L2: 0.0172, Reg: 0.0299
INFO:__main__:Total loss 0.3573
INFO:__main__:Predicted mean: -0.0036
INFO:__main__:Predicted uncertainity -0.0001
INFO:__main__:Completed epoch 86 of 100

INFO:__main__:NLL: 0.3102, L2: 0.0215, Reg: 0.0299
INFO:__main__:Total loss 0.3616
INFO:__main__:Predicted mean: -0.0036
INFO:__main__:Predicted uncertainity -0.0001
INFO:__main__:Completed epoch 87 of 100

INFO:__main__:NLL: 0.3102, L2: 0.0150, Reg: 0.0299
INFO:__main__:Total loss 0.3551
INFO:__main__:Predicted mean: -0.0036
INFO:__main__:Predicted uncertainity -0.0001
INFO:__main__:Completed epoch 88 of 100

INFO:__main__:NLL: 0.3102, L2: 0.0191, Reg: 0.0299
INFO:__main__:Total loss 0.3592
INFO:__main__:Predicted mean: -0.0036
INFO:__main__:Predicted uncertainity -0.0001
INFO:__main__:Completed epoch 89 of 100

INFO:__main__:NLL: 0.3102, L2: 0.0181, Reg: 0.0299
INFO:__main__:Total loss 0.3582
INFO:__main__:Predicted mean: -0.0036
INFO:__main__:Predicted uncertainity -0.0001
INFO:__main__:Completed epoch 90 of 100

INFO:__main__:NLL: 0.3102, L2: 0.0187, Reg: 0.0299
INFO:__main__:Total loss 0.3588
INFO:__main__:Predicted mean: -0.0036
INFO:__main__:Predicted uncertainity -0.0001
INFO:__main__:Completed epoch 91 of 100

INFO:__main__:NLL: 0.3102, L2: 0.0152, Reg: 0.0299
INFO:__main__:Total loss 0.3553
INFO:__main__:Predicted mean: -0.0036
INFO:__main__:Predicted uncertainity -0.0001
INFO:__main__:Completed epoch 92 of 100

INFO:__main__:NLL: 0.3102, L2: 0.0179, Reg: 0.0299
INFO:__main__:Total loss 0.3580
INFO:__main__:Predicted mean: -0.0036
INFO:__main__:Predicted uncertainity -0.0001
INFO:__main__:Completed epoch 93 of 100

INFO:__main__:NLL: 0.3102, L2: 0.0222, Reg: 0.0299
INFO:__main__:Total loss 0.3623
INFO:__main__:Predicted mean: -0.0036
INFO:__main__:Predicted uncertainity -0.0001
INFO:__main__:Completed epoch 94 of 100

INFO:__main__:NLL: 0.3102, L2: 0.0175, Reg: 0.0299
INFO:__main__:Total loss 0.3576
INFO:__main__:Predicted mean: -0.0036
INFO:__main__:Predicted uncertainity -0.0001
INFO:__main__:Completed epoch 95 of 100

INFO:__main__:NLL: 0.3102, L2: 0.0175, Reg: 0.0299
INFO:__main__:Total loss 0.3576
INFO:__main__:Predicted mean: -0.0036
INFO:__main__:Predicted uncertainity -0.0001
INFO:__main__:Completed epoch 96 of 100

INFO:__main__:NLL: 0.3102, L2: 0.0208, Reg: 0.0299
INFO:__main__:Total loss 0.3609
INFO:__main__:Predicted mean: -0.0036
INFO:__main__:Predicted uncertainity -0.0001
INFO:__main__:Completed epoch 97 of 100

INFO:__main__:NLL: 0.3102, L2: 0.0178, Reg: 0.0299
INFO:__main__:Total loss 0.3579
INFO:__main__:Predicted mean: -0.0036
INFO:__main__:Predicted uncertainity -0.0001
INFO:__main__:Completed epoch 98 of 100

INFO:__main__:NLL: 0.3102, L2: 0.0174, Reg: 0.0299
INFO:__main__:Total loss 0.3575
INFO:__main__:Predicted mean: -0.0036
INFO:__main__:Predicted uncertainity -0.0001
INFO:__main__:Completed epoch 99 of 100

INFO:__main__:NLL: 0.3102, L2: 0.0196, Reg: 0.0299
INFO:__main__:Total loss 0.3597
INFO:__main__:Predicted mean: -0.0036
INFO:__main__:Predicted uncertainity -0.0001
INFO:__main__:Completed epoch 100 of 100

INFO:__main__:650.063359 s
