INFO:__main__:PROCESS RUNNING ON cpu
INFO:__main__:NLL: 0.3930, L2: 0.2088, Reg: -0.0988
INFO:__main__:Total loss 0.5030
INFO:__main__:Predicted mean: -0.2474
INFO:__main__:Predicted uncertainity 0.3841
INFO:__main__:Completed epoch 1 of 100

INFO:__main__:NLL: 0.3961, L2: 0.2181, Reg: -0.1406
INFO:__main__:Total loss 0.4736
INFO:__main__:Predicted mean: -0.2508
INFO:__main__:Predicted uncertainity 0.3940
INFO:__main__:Completed epoch 2 of 100

INFO:__main__:NLL: 0.3982, L2: 0.2249, Reg: -0.1364
INFO:__main__:Total loss 0.4867
INFO:__main__:Predicted mean: -0.2539
INFO:__main__:Predicted uncertainity 0.4006
INFO:__main__:Completed epoch 3 of 100

INFO:__main__:NLL: 0.3964, L2: 0.2190, Reg: -0.1467
INFO:__main__:Total loss 0.4687
INFO:__main__:Predicted mean: -0.2510
INFO:__main__:Predicted uncertainity 0.3950
INFO:__main__:Completed epoch 4 of 100

INFO:__main__:NLL: 0.3977, L2: 0.2212, Reg: -0.0804
INFO:__main__:Total loss 0.5385
INFO:__main__:Predicted mean: -0.2476
INFO:__main__:Predicted uncertainity 0.3998
INFO:__main__:Completed epoch 5 of 100

INFO:__main__:NLL: 0.3983, L2: 0.2216, Reg: -0.1292
INFO:__main__:Total loss 0.4907
INFO:__main__:Predicted mean: -0.2449
INFO:__main__:Predicted uncertainity 0.4020
INFO:__main__:Completed epoch 6 of 100

INFO:__main__:NLL: 0.3989, L2: 0.2242, Reg: -0.0679
INFO:__main__:Total loss 0.5552
INFO:__main__:Predicted mean: -0.2470
INFO:__main__:Predicted uncertainity 0.4039
INFO:__main__:Completed epoch 7 of 100

INFO:__main__:NLL: 0.3935, L2: 0.2081, Reg: -0.1153
INFO:__main__:Total loss 0.4862
INFO:__main__:Predicted mean: -0.2423
INFO:__main__:Predicted uncertainity 0.3864
INFO:__main__:Completed epoch 8 of 100

INFO:__main__:NLL: 0.3977, L2: 0.2208, Reg: -0.0785
INFO:__main__:Total loss 0.5400
INFO:__main__:Predicted mean: -0.2463
INFO:__main__:Predicted uncertainity 0.4001
INFO:__main__:Completed epoch 9 of 100

INFO:__main__:NLL: 0.3952, L2: 0.2132, Reg: -0.0966
INFO:__main__:Total loss 0.5118
INFO:__main__:Predicted mean: -0.2436
INFO:__main__:Predicted uncertainity 0.3922
INFO:__main__:Completed epoch 10 of 100

INFO:__main__:NLL: 0.3914, L2: 0.2022, Reg: -0.1164
INFO:__main__:Total loss 0.4772
INFO:__main__:Predicted mean: -0.2403
INFO:__main__:Predicted uncertainity 0.3799
INFO:__main__:Completed epoch 11 of 100

INFO:__main__:NLL: 0.3979, L2: 0.2209, Reg: -0.1118
INFO:__main__:Total loss 0.5070
INFO:__main__:Predicted mean: -0.2453
INFO:__main__:Predicted uncertainity 0.4008
INFO:__main__:Completed epoch 12 of 100

INFO:__main__:NLL: 0.3997, L2: 0.2262, Reg: -0.1266
INFO:__main__:Total loss 0.4993
INFO:__main__:Predicted mean: -0.2461
INFO:__main__:Predicted uncertainity 0.4067
INFO:__main__:Completed epoch 13 of 100

INFO:__main__:NLL: 0.3998, L2: 0.2255, Reg: -0.1297
INFO:__main__:Total loss 0.4956
INFO:__main__:Predicted mean: -0.2439
INFO:__main__:Predicted uncertainity 0.4072
INFO:__main__:Completed epoch 14 of 100

INFO:__main__:NLL: 0.3922, L2: 0.2032, Reg: -0.0970
INFO:__main__:Total loss 0.4984
INFO:__main__:Predicted mean: -0.2380
INFO:__main__:Predicted uncertainity 0.3826
INFO:__main__:Completed epoch 15 of 100

INFO:__main__:NLL: 0.3951, L2: 0.2119, Reg: -0.0681
INFO:__main__:Total loss 0.5389
INFO:__main__:Predicted mean: -0.2409
INFO:__main__:Predicted uncertainity 0.3920
INFO:__main__:Completed epoch 16 of 100

INFO:__main__:NLL: 0.3988, L2: 0.2242, Reg: -0.1615
INFO:__main__:Total loss 0.4615
INFO:__main__:Predicted mean: -0.2474
INFO:__main__:Predicted uncertainity 0.4035
INFO:__main__:Completed epoch 17 of 100

INFO:__main__:NLL: 0.3911, L2: 0.2012, Reg: -0.1360
INFO:__main__:Total loss 0.4563
INFO:__main__:Predicted mean: -0.2398
INFO:__main__:Predicted uncertainity 0.3788
INFO:__main__:Completed epoch 18 of 100

INFO:__main__:NLL: 0.3954, L2: 0.2129, Reg: -0.0975
INFO:__main__:Total loss 0.5109
INFO:__main__:Predicted mean: -0.2413
INFO:__main__:Predicted uncertainity 0.3931
INFO:__main__:Completed epoch 19 of 100

INFO:__main__:NLL: 0.3979, L2: 0.2207, Reg: -0.1294
INFO:__main__:Total loss 0.4892
INFO:__main__:Predicted mean: -0.2448
INFO:__main__:Predicted uncertainity 0.4008
INFO:__main__:Completed epoch 20 of 100

INFO:__main__:NLL: 0.3923, L2: 0.2060, Reg: -0.0989
INFO:__main__:Total loss 0.4994
INFO:__main__:Predicted mean: -0.2445
INFO:__main__:Predicted uncertainity 0.3822
INFO:__main__:Completed epoch 21 of 100

INFO:__main__:NLL: 0.3965, L2: 0.2183, Reg: -0.1198
INFO:__main__:Total loss 0.4949
INFO:__main__:Predicted mean: -0.2481
INFO:__main__:Predicted uncertainity 0.3956
INFO:__main__:Completed epoch 22 of 100

INFO:__main__:NLL: 0.3992, L2: 0.2264, Reg: -0.0943
INFO:__main__:Total loss 0.5313
INFO:__main__:Predicted mean: -0.2506
INFO:__main__:Predicted uncertainity 0.4043
INFO:__main__:Completed epoch 23 of 100

INFO:__main__:NLL: 0.3992, L2: 0.2236, Reg: -0.1319
INFO:__main__:Total loss 0.4910
INFO:__main__:Predicted mean: -0.2429
INFO:__main__:Predicted uncertainity 0.4055
INFO:__main__:Completed epoch 24 of 100

INFO:__main__:NLL: 0.4022, L2: 0.2308, Reg: -0.1468
INFO:__main__:Total loss 0.4862
INFO:__main__:Predicted mean: -0.2406
INFO:__main__:Predicted uncertainity 0.4156
INFO:__main__:Completed epoch 25 of 100

INFO:__main__:NLL: 0.3955, L2: 0.2140, Reg: -0.1016
INFO:__main__:Total loss 0.5079
INFO:__main__:Predicted mean: -0.2434
INFO:__main__:Predicted uncertainity 0.3931
INFO:__main__:Completed epoch 26 of 100

INFO:__main__:NLL: 0.3944, L2: 0.2095, Reg: -0.1295
INFO:__main__:Total loss 0.4744
INFO:__main__:Predicted mean: -0.2398
INFO:__main__:Predicted uncertainity 0.3897
INFO:__main__:Completed epoch 27 of 100

INFO:__main__:NLL: 0.3953, L2: 0.2135, Reg: -0.1209
INFO:__main__:Total loss 0.4879
INFO:__main__:Predicted mean: -0.2435
INFO:__main__:Predicted uncertainity 0.3924
INFO:__main__:Completed epoch 28 of 100

INFO:__main__:NLL: 0.3989, L2: 0.2241, Reg: -0.1204
INFO:__main__:Total loss 0.5026
INFO:__main__:Predicted mean: -0.2467
INFO:__main__:Predicted uncertainity 0.4039
INFO:__main__:Completed epoch 29 of 100

INFO:__main__:NLL: 0.3982, L2: 0.2213, Reg: -0.1309
INFO:__main__:Total loss 0.4886
INFO:__main__:Predicted mean: -0.2440
INFO:__main__:Predicted uncertainity 0.4019
INFO:__main__:Completed epoch 30 of 100

INFO:__main__:NLL: 0.3967, L2: 0.2162, Reg: -0.1133
INFO:__main__:Total loss 0.4996
INFO:__main__:Predicted mean: -0.2416
INFO:__main__:Predicted uncertainity 0.3971
INFO:__main__:Completed epoch 31 of 100

INFO:__main__:NLL: 0.3976, L2: 0.2187, Reg: -0.1198
INFO:__main__:Total loss 0.4965
INFO:__main__:Predicted mean: -0.2416
INFO:__main__:Predicted uncertainity 0.4002
INFO:__main__:Completed epoch 32 of 100

INFO:__main__:NLL: 0.3956, L2: 0.2151, Reg: -0.1088
INFO:__main__:Total loss 0.5020
INFO:__main__:Predicted mean: -0.2458
INFO:__main__:Predicted uncertainity 0.3931
INFO:__main__:Completed epoch 33 of 100

INFO:__main__:NLL: 0.3923, L2: 0.2025, Reg: -0.0828
INFO:__main__:Total loss 0.5120
INFO:__main__:Predicted mean: -0.2352
INFO:__main__:Predicted uncertainity 0.3833
INFO:__main__:Completed epoch 34 of 100

INFO:__main__:NLL: 0.3927, L2: 0.2070, Reg: -0.1053
INFO:__main__:Total loss 0.4944
INFO:__main__:Predicted mean: -0.2439
INFO:__main__:Predicted uncertainity 0.3837
INFO:__main__:Completed epoch 35 of 100

INFO:__main__:NLL: 0.3953, L2: 0.2113, Reg: -0.1001
INFO:__main__:Total loss 0.5065
INFO:__main__:Predicted mean: -0.2383
INFO:__main__:Predicted uncertainity 0.3929
INFO:__main__:Completed epoch 36 of 100

INFO:__main__:NLL: 0.3956, L2: 0.2142, Reg: -0.1333
INFO:__main__:Total loss 0.4765
INFO:__main__:Predicted mean: -0.2437
INFO:__main__:Predicted uncertainity 0.3932
INFO:__main__:Completed epoch 37 of 100

INFO:__main__:NLL: 0.3999, L2: 0.2270, Reg: -0.1493
INFO:__main__:Total loss 0.4776
INFO:__main__:Predicted mean: -0.2475
INFO:__main__:Predicted uncertainity 0.4069
INFO:__main__:Completed epoch 38 of 100

INFO:__main__:NLL: 0.3992, L2: 0.2245, Reg: -0.1440
INFO:__main__:Total loss 0.4798
INFO:__main__:Predicted mean: -0.2454
INFO:__main__:Predicted uncertainity 0.4051
INFO:__main__:Completed epoch 39 of 100

INFO:__main__:NLL: 0.3982, L2: 0.2189, Reg: -0.1257
INFO:__main__:Total loss 0.4914
INFO:__main__:Predicted mean: -0.2382
INFO:__main__:Predicted uncertainity 0.4026
INFO:__main__:Completed epoch 40 of 100

INFO:__main__:NLL: 0.3939, L2: 0.2089, Reg: -0.1040
INFO:__main__:Total loss 0.4988
INFO:__main__:Predicted mean: -0.2410
INFO:__main__:Predicted uncertainity 0.3882
INFO:__main__:Completed epoch 41 of 100

INFO:__main__:NLL: 0.3910, L2: 0.2013, Reg: -0.0849
INFO:__main__:Total loss 0.5074
INFO:__main__:Predicted mean: -0.2409
INFO:__main__:Predicted uncertainity 0.3782
INFO:__main__:Completed epoch 42 of 100

INFO:__main__:NLL: 0.3961, L2: 0.2142, Reg: -0.1315
INFO:__main__:Total loss 0.4788
INFO:__main__:Predicted mean: -0.2400
INFO:__main__:Predicted uncertainity 0.3954
INFO:__main__:Completed epoch 43 of 100

INFO:__main__:NLL: 0.3983, L2: 0.2199, Reg: -0.1052
INFO:__main__:Total loss 0.5129
INFO:__main__:Predicted mean: -0.2398
INFO:__main__:Predicted uncertainity 0.4027
INFO:__main__:Completed epoch 44 of 100

INFO:__main__:NLL: 0.3951, L2: 0.2112, Reg: -0.0890
INFO:__main__:Total loss 0.5173
INFO:__main__:Predicted mean: -0.2389
INFO:__main__:Predicted uncertainity 0.3923
INFO:__main__:Completed epoch 45 of 100

INFO:__main__:NLL: 0.3968, L2: 0.2163, Reg: -0.1378
INFO:__main__:Total loss 0.4753
INFO:__main__:Predicted mean: -0.2410
INFO:__main__:Predicted uncertainity 0.3976
INFO:__main__:Completed epoch 46 of 100

INFO:__main__:NLL: 0.3989, L2: 0.2222, Reg: -0.1277
INFO:__main__:Total loss 0.4934
INFO:__main__:Predicted mean: -0.2419
INFO:__main__:Predicted uncertainity 0.4043
INFO:__main__:Completed epoch 47 of 100

INFO:__main__:NLL: 0.3955, L2: 0.2166, Reg: -0.1192
INFO:__main__:Total loss 0.4930
INFO:__main__:Predicted mean: -0.2502
INFO:__main__:Predicted uncertainity 0.3922
INFO:__main__:Completed epoch 48 of 100

INFO:__main__:NLL: 0.3991, L2: 0.2247, Reg: -0.1228
INFO:__main__:Total loss 0.5011
INFO:__main__:Predicted mean: -0.2465
INFO:__main__:Predicted uncertainity 0.4047
INFO:__main__:Completed epoch 49 of 100

INFO:__main__:NLL: 0.3970, L2: 0.2174, Reg: -0.1230
INFO:__main__:Total loss 0.4914
INFO:__main__:Predicted mean: -0.2426
INFO:__main__:Predicted uncertainity 0.3980
INFO:__main__:Completed epoch 50 of 100

INFO:__main__:NLL: 0.3904, L2: 0.1970, Reg: -0.0669
INFO:__main__:Total loss 0.5204
INFO:__main__:Predicted mean: -0.2335
INFO:__main__:Predicted uncertainity 0.3771
INFO:__main__:Completed epoch 51 of 100

INFO:__main__:NLL: 0.3961, L2: 0.2175, Reg: -0.1320
INFO:__main__:Total loss 0.4815
INFO:__main__:Predicted mean: -0.2487
INFO:__main__:Predicted uncertainity 0.3942
INFO:__main__:Completed epoch 52 of 100

INFO:__main__:NLL: 0.3943, L2: 0.2095, Reg: -0.1338
INFO:__main__:Total loss 0.4700
INFO:__main__:Predicted mean: -0.2399
INFO:__main__:Predicted uncertainity 0.3895
INFO:__main__:Completed epoch 53 of 100

INFO:__main__:NLL: 0.3953, L2: 0.2121, Reg: -0.1103
INFO:__main__:Total loss 0.4971
INFO:__main__:Predicted mean: -0.2399
INFO:__main__:Predicted uncertainity 0.3929
INFO:__main__:Completed epoch 54 of 100

INFO:__main__:NLL: 0.3959, L2: 0.2134, Reg: -0.1165
INFO:__main__:Total loss 0.4929
INFO:__main__:Predicted mean: -0.2391
INFO:__main__:Predicted uncertainity 0.3950
INFO:__main__:Completed epoch 55 of 100

INFO:__main__:NLL: 0.3976, L2: 0.2193, Reg: -0.1134
INFO:__main__:Total loss 0.5035
INFO:__main__:Predicted mean: -0.2435
INFO:__main__:Predicted uncertainity 0.3999
INFO:__main__:Completed epoch 56 of 100

INFO:__main__:NLL: 0.3926, L2: 0.2070, Reg: -0.1018
INFO:__main__:Total loss 0.4978
INFO:__main__:Predicted mean: -0.2447
INFO:__main__:Predicted uncertainity 0.3833
INFO:__main__:Completed epoch 57 of 100

INFO:__main__:NLL: 0.3926, L2: 0.2032, Reg: -0.0977
INFO:__main__:Total loss 0.4981
INFO:__main__:Predicted mean: -0.2355
INFO:__main__:Predicted uncertainity 0.3842
INFO:__main__:Completed epoch 58 of 100

INFO:__main__:NLL: 0.3978, L2: 0.2221, Reg: -0.0917
INFO:__main__:Total loss 0.5282
INFO:__main__:Predicted mean: -0.2490
INFO:__main__:Predicted uncertainity 0.3999
INFO:__main__:Completed epoch 59 of 100

INFO:__main__:NLL: 0.3986, L2: 0.2194, Reg: -0.1356
INFO:__main__:Total loss 0.4824
INFO:__main__:Predicted mean: -0.2368
INFO:__main__:Predicted uncertainity 0.4039
INFO:__main__:Completed epoch 60 of 100

INFO:__main__:NLL: 0.3986, L2: 0.2223, Reg: -0.1137
INFO:__main__:Total loss 0.5072
INFO:__main__:Predicted mean: -0.2438
INFO:__main__:Predicted uncertainity 0.4033
INFO:__main__:Completed epoch 61 of 100

INFO:__main__:NLL: 0.3935, L2: 0.2068, Reg: -0.0905
INFO:__main__:Total loss 0.5098
INFO:__main__:Predicted mean: -0.2387
INFO:__main__:Predicted uncertainity 0.3868
INFO:__main__:Completed epoch 62 of 100

INFO:__main__:NLL: 0.3934, L2: 0.2079, Reg: -0.1285
INFO:__main__:Total loss 0.4729
INFO:__main__:Predicted mean: -0.2417
INFO:__main__:Predicted uncertainity 0.3863
INFO:__main__:Completed epoch 63 of 100

INFO:__main__:NLL: 0.3917, L2: 0.2030, Reg: -0.1012
INFO:__main__:Total loss 0.4935
INFO:__main__:Predicted mean: -0.2404
INFO:__main__:Predicted uncertainity 0.3808
INFO:__main__:Completed epoch 64 of 100

INFO:__main__:NLL: 0.3952, L2: 0.2106, Reg: -0.1199
INFO:__main__:Total loss 0.4860
INFO:__main__:Predicted mean: -0.2368
INFO:__main__:Predicted uncertainity 0.3930
INFO:__main__:Completed epoch 65 of 100

INFO:__main__:NLL: 0.3961, L2: 0.2159, Reg: -0.0971
INFO:__main__:Total loss 0.5149
INFO:__main__:Predicted mean: -0.2447
INFO:__main__:Predicted uncertainity 0.3948
INFO:__main__:Completed epoch 66 of 100

INFO:__main__:NLL: 0.3989, L2: 0.2233, Reg: -0.1345
INFO:__main__:Total loss 0.4877
INFO:__main__:Predicted mean: -0.2447
INFO:__main__:Predicted uncertainity 0.4040
INFO:__main__:Completed epoch 67 of 100

INFO:__main__:NLL: 0.3973, L2: 0.2185, Reg: -0.1316
INFO:__main__:Total loss 0.4843
INFO:__main__:Predicted mean: -0.2428
INFO:__main__:Predicted uncertainity 0.3992
INFO:__main__:Completed epoch 68 of 100

INFO:__main__:NLL: 0.3959, L2: 0.2142, Reg: -0.0842
INFO:__main__:Total loss 0.5259
INFO:__main__:Predicted mean: -0.2418
INFO:__main__:Predicted uncertainity 0.3945
INFO:__main__:Completed epoch 69 of 100

INFO:__main__:NLL: 0.3975, L2: 0.2189, Reg: -0.1097
INFO:__main__:Total loss 0.5067
INFO:__main__:Predicted mean: -0.2429
INFO:__main__:Predicted uncertainity 0.3997
INFO:__main__:Completed epoch 70 of 100

INFO:__main__:NLL: 0.3980, L2: 0.2185, Reg: -0.1359
INFO:__main__:Total loss 0.4806
INFO:__main__:Predicted mean: -0.2379
INFO:__main__:Predicted uncertainity 0.4021
INFO:__main__:Completed epoch 71 of 100

INFO:__main__:NLL: 0.3984, L2: 0.2228, Reg: -0.0962
INFO:__main__:Total loss 0.5250
INFO:__main__:Predicted mean: -0.2467
INFO:__main__:Predicted uncertainity 0.4022
INFO:__main__:Completed epoch 72 of 100

INFO:__main__:NLL: 0.4013, L2: 0.2298, Reg: -0.1297
INFO:__main__:Total loss 0.5014
INFO:__main__:Predicted mean: -0.2447
INFO:__main__:Predicted uncertainity 0.4120
INFO:__main__:Completed epoch 73 of 100

INFO:__main__:NLL: 0.3972, L2: 0.2189, Reg: -0.1138
INFO:__main__:Total loss 0.5023
INFO:__main__:Predicted mean: -0.2444
INFO:__main__:Predicted uncertainity 0.3987
INFO:__main__:Completed epoch 74 of 100

INFO:__main__:NLL: 0.3998, L2: 0.2255, Reg: -0.1137
INFO:__main__:Total loss 0.5115
INFO:__main__:Predicted mean: -0.2441
INFO:__main__:Predicted uncertainity 0.4070
INFO:__main__:Completed epoch 75 of 100

INFO:__main__:NLL: 0.3923, L2: 0.2014, Reg: -0.0901
INFO:__main__:Total loss 0.5035
INFO:__main__:Predicted mean: -0.2327
INFO:__main__:Predicted uncertainity 0.3835
INFO:__main__:Completed epoch 76 of 100

INFO:__main__:NLL: 0.3982, L2: 0.2192, Reg: -0.0887
INFO:__main__:Total loss 0.5287
INFO:__main__:Predicted mean: -0.2387
INFO:__main__:Predicted uncertainity 0.4026
INFO:__main__:Completed epoch 77 of 100

INFO:__main__:NLL: 0.4018, L2: 0.2336, Reg: -0.1309
INFO:__main__:Total loss 0.5045
INFO:__main__:Predicted mean: -0.2508
INFO:__main__:Predicted uncertainity 0.4129
INFO:__main__:Completed epoch 78 of 100

INFO:__main__:NLL: 0.3975, L2: 0.2197, Reg: -0.1518
INFO:__main__:Total loss 0.4654
INFO:__main__:Predicted mean: -0.2447
INFO:__main__:Predicted uncertainity 0.3996
INFO:__main__:Completed epoch 79 of 100

INFO:__main__:NLL: 0.3903, L2: 0.1972, Reg: -0.0658
INFO:__main__:Total loss 0.5216
INFO:__main__:Predicted mean: -0.2350
INFO:__main__:Predicted uncertainity 0.3765
INFO:__main__:Completed epoch 80 of 100

INFO:__main__:NLL: 0.3904, L2: 0.1990, Reg: -0.0954
INFO:__main__:Total loss 0.4939
INFO:__main__:Predicted mean: -0.2390
INFO:__main__:Predicted uncertainity 0.3765
INFO:__main__:Completed epoch 81 of 100

INFO:__main__:NLL: 0.4000, L2: 0.2279, Reg: -0.1305
INFO:__main__:Total loss 0.4974
INFO:__main__:Predicted mean: -0.2487
INFO:__main__:Predicted uncertainity 0.4072
INFO:__main__:Completed epoch 82 of 100

INFO:__main__:NLL: 0.3920, L2: 0.2044, Reg: -0.1085
INFO:__main__:Total loss 0.4879
INFO:__main__:Predicted mean: -0.2423
INFO:__main__:Predicted uncertainity 0.3815
INFO:__main__:Completed epoch 83 of 100

INFO:__main__:NLL: 0.3961, L2: 0.2144, Reg: -0.0734
INFO:__main__:Total loss 0.5371
INFO:__main__:Predicted mean: -0.2406
INFO:__main__:Predicted uncertainity 0.3954
INFO:__main__:Completed epoch 84 of 100

INFO:__main__:NLL: 0.3964, L2: 0.2156, Reg: -0.0976
INFO:__main__:Total loss 0.5144
INFO:__main__:Predicted mean: -0.2413
INFO:__main__:Predicted uncertainity 0.3963
INFO:__main__:Completed epoch 85 of 100

INFO:__main__:NLL: 0.3942, L2: 0.2089, Reg: -0.0900
INFO:__main__:Total loss 0.5131
INFO:__main__:Predicted mean: -0.2392
INFO:__main__:Predicted uncertainity 0.3892
INFO:__main__:Completed epoch 86 of 100

INFO:__main__:NLL: 0.3937, L2: 0.2060, Reg: -0.1194
INFO:__main__:Total loss 0.4803
INFO:__main__:Predicted mean: -0.2354
INFO:__main__:Predicted uncertainity 0.3879
INFO:__main__:Completed epoch 87 of 100

INFO:__main__:NLL: 0.3931, L2: 0.2067, Reg: -0.1185
INFO:__main__:Total loss 0.4812
INFO:__main__:Predicted mean: -0.2409
INFO:__main__:Predicted uncertainity 0.3853
INFO:__main__:Completed epoch 88 of 100

INFO:__main__:NLL: 0.3957, L2: 0.2155, Reg: -0.0943
INFO:__main__:Total loss 0.5169
INFO:__main__:Predicted mean: -0.2466
INFO:__main__:Predicted uncertainity 0.3931
INFO:__main__:Completed epoch 89 of 100

INFO:__main__:NLL: 0.4019, L2: 0.2320, Reg: -0.1360
INFO:__main__:Total loss 0.4979
INFO:__main__:Predicted mean: -0.2464
INFO:__main__:Predicted uncertainity 0.4137
INFO:__main__:Completed epoch 90 of 100

INFO:__main__:NLL: 0.3913, L2: 0.1993, Reg: -0.0772
INFO:__main__:Total loss 0.5134
INFO:__main__:Predicted mean: -0.2335
INFO:__main__:Predicted uncertainity 0.3801
INFO:__main__:Completed epoch 91 of 100

INFO:__main__:NLL: 0.3962, L2: 0.2143, Reg: -0.1060
INFO:__main__:Total loss 0.5045
INFO:__main__:Predicted mean: -0.2397
INFO:__main__:Predicted uncertainity 0.3958
INFO:__main__:Completed epoch 92 of 100

INFO:__main__:NLL: 0.3955, L2: 0.2134, Reg: -0.1158
INFO:__main__:Total loss 0.4930
INFO:__main__:Predicted mean: -0.2423
INFO:__main__:Predicted uncertainity 0.3931
INFO:__main__:Completed epoch 93 of 100

INFO:__main__:NLL: 0.3910, L2: 0.2006, Reg: -0.1058
INFO:__main__:Total loss 0.4858
INFO:__main__:Predicted mean: -0.2390
INFO:__main__:Predicted uncertainity 0.3785
INFO:__main__:Completed epoch 94 of 100

INFO:__main__:NLL: 0.3974, L2: 0.2187, Reg: -0.1254
INFO:__main__:Total loss 0.4907
INFO:__main__:Predicted mean: -0.2428
INFO:__main__:Predicted uncertainity 0.3995
INFO:__main__:Completed epoch 95 of 100

INFO:__main__:NLL: 0.3958, L2: 0.2144, Reg: -0.1159
INFO:__main__:Total loss 0.4942
INFO:__main__:Predicted mean: -0.2428
INFO:__main__:Predicted uncertainity 0.3939
INFO:__main__:Completed epoch 96 of 100

INFO:__main__:NLL: 0.3966, L2: 0.2161, Reg: -0.1256
INFO:__main__:Total loss 0.4871
INFO:__main__:Predicted mean: -0.2419
INFO:__main__:Predicted uncertainity 0.3968
INFO:__main__:Completed epoch 97 of 100

INFO:__main__:NLL: 0.3974, L2: 0.2174, Reg: -0.1488
INFO:__main__:Total loss 0.4660
INFO:__main__:Predicted mean: -0.2400
INFO:__main__:Predicted uncertainity 0.3996
INFO:__main__:Completed epoch 98 of 100

INFO:__main__:NLL: 0.3965, L2: 0.2158, Reg: -0.0984
INFO:__main__:Total loss 0.5139
INFO:__main__:Predicted mean: -0.2417
INFO:__main__:Predicted uncertainity 0.3965
INFO:__main__:Completed epoch 99 of 100

INFO:__main__:NLL: 0.3939, L2: 0.2075, Reg: -0.0982
INFO:__main__:Total loss 0.5032
INFO:__main__:Predicted mean: -0.2378
INFO:__main__:Predicted uncertainity 0.3883
INFO:__main__:Completed epoch 100 of 100

INFO:__main__:375.204361 s
