INFO:__main__:PROCESS RUNNING ON cpu
INFO:__main__:NLL: 0.2171, L2: 0.0068, Reg: 0.1655
INFO:__main__:Total loss 0.3894
INFO:__main__:Predicted mean: -0.3971
INFO:__main__:Predicted uncertainity -0.6697
INFO:__main__:Completed epoch 1 of 100

INFO:__main__:NLL: 0.0394, L2: 0.0072, Reg: 0.1636
INFO:__main__:Total loss 0.2101
INFO:__main__:Predicted mean: -0.4053
INFO:__main__:Predicted uncertainity -0.7287
INFO:__main__:Completed epoch 2 of 100

INFO:__main__:NLL: 0.0451, L2: 0.0074, Reg: 0.1639
INFO:__main__:Total loss 0.2163
INFO:__main__:Predicted mean: -0.4404
INFO:__main__:Predicted uncertainity -0.6753
INFO:__main__:Completed epoch 3 of 100

INFO:__main__:NLL: -0.0118, L2: 0.0077, Reg: 0.1626
INFO:__main__:Total loss 0.1584
INFO:__main__:Predicted mean: -0.3340
INFO:__main__:Predicted uncertainity -0.7755
INFO:__main__:Completed epoch 4 of 100

INFO:__main__:NLL: 0.0307, L2: 0.0075, Reg: 0.1645
INFO:__main__:Total loss 0.2027
INFO:__main__:Predicted mean: -0.3414
INFO:__main__:Predicted uncertainity -0.7871
INFO:__main__:Completed epoch 5 of 100

INFO:__main__:NLL: 0.1738, L2: 0.0077, Reg: 0.1636
INFO:__main__:Total loss 0.3451
INFO:__main__:Predicted mean: -0.4098
INFO:__main__:Predicted uncertainity -0.6293
INFO:__main__:Completed epoch 6 of 100

INFO:__main__:NLL: 0.0720, L2: 0.0077, Reg: 0.1657
INFO:__main__:Total loss 0.2454
INFO:__main__:Predicted mean: -0.3690
INFO:__main__:Predicted uncertainity -0.7059
INFO:__main__:Completed epoch 7 of 100

INFO:__main__:NLL: 0.2198, L2: 0.0079, Reg: 0.1630
INFO:__main__:Total loss 0.3907
INFO:__main__:Predicted mean: -0.3549
INFO:__main__:Predicted uncertainity -0.7657
INFO:__main__:Completed epoch 8 of 100

INFO:__main__:NLL: 0.0319, L2: 0.0081, Reg: 0.1653
INFO:__main__:Total loss 0.2053
INFO:__main__:Predicted mean: -0.3694
INFO:__main__:Predicted uncertainity -0.8055
INFO:__main__:Completed epoch 9 of 100

INFO:__main__:NLL: 0.3039, L2: 0.0088, Reg: 0.1654
INFO:__main__:Total loss 0.4780
INFO:__main__:Predicted mean: -0.4058
INFO:__main__:Predicted uncertainity -0.7716
INFO:__main__:Completed epoch 10 of 100

INFO:__main__:NLL: 0.1404, L2: 0.0087, Reg: 0.1628
INFO:__main__:Total loss 0.3118
INFO:__main__:Predicted mean: -0.4396
INFO:__main__:Predicted uncertainity -0.8411
INFO:__main__:Completed epoch 11 of 100

INFO:__main__:NLL: 0.2488, L2: 0.0086, Reg: 0.1651
INFO:__main__:Total loss 0.4225
INFO:__main__:Predicted mean: -0.3739
INFO:__main__:Predicted uncertainity -0.6266
INFO:__main__:Completed epoch 12 of 100

INFO:__main__:NLL: 0.0131, L2: 0.0085, Reg: 0.1642
INFO:__main__:Total loss 0.1858
INFO:__main__:Predicted mean: -0.3391
INFO:__main__:Predicted uncertainity -0.8049
INFO:__main__:Completed epoch 13 of 100

INFO:__main__:NLL: 0.3842, L2: 0.0087, Reg: 0.1638
INFO:__main__:Total loss 0.5568
INFO:__main__:Predicted mean: -0.3954
INFO:__main__:Predicted uncertainity -0.7219
INFO:__main__:Completed epoch 14 of 100

INFO:__main__:NLL: 0.1709, L2: 0.0090, Reg: 0.1647
INFO:__main__:Total loss 0.3446
INFO:__main__:Predicted mean: -0.3604
INFO:__main__:Predicted uncertainity -0.7770
INFO:__main__:Completed epoch 15 of 100

INFO:__main__:NLL: 0.2599, L2: 0.0089, Reg: 0.1642
INFO:__main__:Total loss 0.4330
INFO:__main__:Predicted mean: -0.3640
INFO:__main__:Predicted uncertainity -0.7991
INFO:__main__:Completed epoch 16 of 100

INFO:__main__:NLL: 0.0016, L2: 0.0083, Reg: 0.1625
INFO:__main__:Total loss 0.1724
INFO:__main__:Predicted mean: -0.3651
INFO:__main__:Predicted uncertainity -0.7120
INFO:__main__:Completed epoch 17 of 100

INFO:__main__:NLL: 0.1070, L2: 0.0084, Reg: 0.1639
INFO:__main__:Total loss 0.2794
INFO:__main__:Predicted mean: -0.4208
INFO:__main__:Predicted uncertainity -0.7529
INFO:__main__:Completed epoch 18 of 100

INFO:__main__:NLL: -0.0703, L2: 0.0081, Reg: 0.1630
INFO:__main__:Total loss 0.1008
INFO:__main__:Predicted mean: -0.4069
INFO:__main__:Predicted uncertainity -0.6469
INFO:__main__:Completed epoch 19 of 100

INFO:__main__:NLL: 0.1210, L2: 0.0083, Reg: 0.1622
INFO:__main__:Total loss 0.2916
INFO:__main__:Predicted mean: -0.3659
INFO:__main__:Predicted uncertainity -0.6786
INFO:__main__:Completed epoch 20 of 100

INFO:__main__:NLL: 0.0224, L2: 0.0082, Reg: 0.1631
INFO:__main__:Total loss 0.1937
INFO:__main__:Predicted mean: -0.3847
INFO:__main__:Predicted uncertainity -0.6762
INFO:__main__:Completed epoch 21 of 100

INFO:__main__:NLL: 0.0380, L2: 0.0089, Reg: 0.1629
INFO:__main__:Total loss 0.2098
INFO:__main__:Predicted mean: -0.3505
INFO:__main__:Predicted uncertainity -0.7548
INFO:__main__:Completed epoch 22 of 100

INFO:__main__:NLL: 0.0101, L2: 0.0093, Reg: 0.1657
INFO:__main__:Total loss 0.1851
INFO:__main__:Predicted mean: -0.3799
INFO:__main__:Predicted uncertainity -0.7814
INFO:__main__:Completed epoch 23 of 100

INFO:__main__:NLL: 0.3165, L2: 0.0086, Reg: 0.1627
INFO:__main__:Total loss 0.4878
INFO:__main__:Predicted mean: -0.3706
INFO:__main__:Predicted uncertainity -0.6862
INFO:__main__:Completed epoch 24 of 100

INFO:__main__:NLL: 0.1534, L2: 0.0087, Reg: 0.1642
INFO:__main__:Total loss 0.3263
INFO:__main__:Predicted mean: -0.3928
INFO:__main__:Predicted uncertainity -0.7244
INFO:__main__:Completed epoch 25 of 100

INFO:__main__:NLL: -0.0865, L2: 0.0085, Reg: 0.1635
INFO:__main__:Total loss 0.0856
INFO:__main__:Predicted mean: -0.3752
INFO:__main__:Predicted uncertainity -0.6604
INFO:__main__:Completed epoch 26 of 100

INFO:__main__:NLL: 0.2195, L2: 0.0086, Reg: 0.1639
INFO:__main__:Total loss 0.3920
INFO:__main__:Predicted mean: -0.3451
INFO:__main__:Predicted uncertainity -0.7844
INFO:__main__:Completed epoch 27 of 100

INFO:__main__:NLL: 0.1698, L2: 0.0084, Reg: 0.1619
INFO:__main__:Total loss 0.3401
INFO:__main__:Predicted mean: -0.3577
INFO:__main__:Predicted uncertainity -0.6644
INFO:__main__:Completed epoch 28 of 100

INFO:__main__:NLL: 0.1581, L2: 0.0088, Reg: 0.1634
INFO:__main__:Total loss 0.3302
INFO:__main__:Predicted mean: -0.3257
INFO:__main__:Predicted uncertainity -0.7182
INFO:__main__:Completed epoch 29 of 100

INFO:__main__:NLL: 0.1816, L2: 0.0086, Reg: 0.1626
INFO:__main__:Total loss 0.3528
INFO:__main__:Predicted mean: -0.3468
INFO:__main__:Predicted uncertainity -0.7326
INFO:__main__:Completed epoch 30 of 100

INFO:__main__:NLL: 0.1274, L2: 0.0085, Reg: 0.1638
INFO:__main__:Total loss 0.2998
INFO:__main__:Predicted mean: -0.4196
INFO:__main__:Predicted uncertainity -0.7034
INFO:__main__:Completed epoch 31 of 100

INFO:__main__:NLL: 0.0063, L2: 0.0084, Reg: 0.1635
INFO:__main__:Total loss 0.1782
INFO:__main__:Predicted mean: -0.3802
INFO:__main__:Predicted uncertainity -0.7972
INFO:__main__:Completed epoch 32 of 100

INFO:__main__:NLL: 0.1111, L2: 0.0090, Reg: 0.1624
INFO:__main__:Total loss 0.2824
INFO:__main__:Predicted mean: -0.4258
INFO:__main__:Predicted uncertainity -0.6794
INFO:__main__:Completed epoch 33 of 100

INFO:__main__:NLL: 0.0882, L2: 0.0089, Reg: 0.1629
INFO:__main__:Total loss 0.2600
INFO:__main__:Predicted mean: -0.3757
INFO:__main__:Predicted uncertainity -0.7525
INFO:__main__:Completed epoch 34 of 100

INFO:__main__:NLL: -0.0552, L2: 0.0088, Reg: 0.1637
INFO:__main__:Total loss 0.1174
INFO:__main__:Predicted mean: -0.3726
INFO:__main__:Predicted uncertainity -0.7237
INFO:__main__:Completed epoch 35 of 100

INFO:__main__:NLL: 0.1137, L2: 0.0088, Reg: 0.1629
INFO:__main__:Total loss 0.2854
INFO:__main__:Predicted mean: -0.3123
INFO:__main__:Predicted uncertainity -0.7335
INFO:__main__:Completed epoch 36 of 100

INFO:__main__:NLL: -0.0915, L2: 0.0089, Reg: 0.1638
INFO:__main__:Total loss 0.0812
INFO:__main__:Predicted mean: -0.3436
INFO:__main__:Predicted uncertainity -0.8213
INFO:__main__:Completed epoch 37 of 100

INFO:__main__:NLL: 0.2788, L2: 0.0087, Reg: 0.1617
INFO:__main__:Total loss 0.4492
INFO:__main__:Predicted mean: -0.3780
INFO:__main__:Predicted uncertainity -0.7556
INFO:__main__:Completed epoch 38 of 100

INFO:__main__:NLL: 0.0126, L2: 0.0090, Reg: 0.1647
INFO:__main__:Total loss 0.1863
INFO:__main__:Predicted mean: -0.4131
INFO:__main__:Predicted uncertainity -0.6979
INFO:__main__:Completed epoch 39 of 100

INFO:__main__:NLL: 0.0215, L2: 0.0089, Reg: 0.1649
INFO:__main__:Total loss 0.1953
INFO:__main__:Predicted mean: -0.4382
INFO:__main__:Predicted uncertainity -0.6963
INFO:__main__:Completed epoch 40 of 100

INFO:__main__:NLL: -0.0723, L2: 0.0089, Reg: 0.1627
INFO:__main__:Total loss 0.0993
INFO:__main__:Predicted mean: -0.3945
INFO:__main__:Predicted uncertainity -0.7284
INFO:__main__:Completed epoch 41 of 100

INFO:__main__:NLL: 0.0913, L2: 0.0089, Reg: 0.1632
INFO:__main__:Total loss 0.2634
INFO:__main__:Predicted mean: -0.3821
INFO:__main__:Predicted uncertainity -0.6652
INFO:__main__:Completed epoch 42 of 100

INFO:__main__:NLL: 0.1540, L2: 0.0089, Reg: 0.1635
INFO:__main__:Total loss 0.3264
INFO:__main__:Predicted mean: -0.3853
INFO:__main__:Predicted uncertainity -0.8001
INFO:__main__:Completed epoch 43 of 100

INFO:__main__:NLL: 0.2435, L2: 0.0092, Reg: 0.1648
INFO:__main__:Total loss 0.4175
INFO:__main__:Predicted mean: -0.4428
INFO:__main__:Predicted uncertainity -0.7140
INFO:__main__:Completed epoch 44 of 100

INFO:__main__:NLL: 0.0917, L2: 0.0091, Reg: 0.1629
INFO:__main__:Total loss 0.2637
INFO:__main__:Predicted mean: -0.3655
INFO:__main__:Predicted uncertainity -0.6600
INFO:__main__:Completed epoch 45 of 100

INFO:__main__:NLL: 0.1423, L2: 0.0088, Reg: 0.1618
INFO:__main__:Total loss 0.3129
INFO:__main__:Predicted mean: -0.3738
INFO:__main__:Predicted uncertainity -0.6937
INFO:__main__:Completed epoch 46 of 100

INFO:__main__:NLL: -0.0464, L2: 0.0085, Reg: 0.1622
INFO:__main__:Total loss 0.1243
INFO:__main__:Predicted mean: -0.4036
INFO:__main__:Predicted uncertainity -0.6955
INFO:__main__:Completed epoch 47 of 100

INFO:__main__:NLL: 0.0111, L2: 0.0089, Reg: 0.1637
INFO:__main__:Total loss 0.1838
INFO:__main__:Predicted mean: -0.3825
INFO:__main__:Predicted uncertainity -0.8217
INFO:__main__:Completed epoch 48 of 100

INFO:__main__:NLL: -0.0056, L2: 0.0089, Reg: 0.1646
INFO:__main__:Total loss 0.1679
INFO:__main__:Predicted mean: -0.3959
INFO:__main__:Predicted uncertainity -0.6581
INFO:__main__:Completed epoch 49 of 100

INFO:__main__:NLL: 0.0088, L2: 0.0088, Reg: 0.1628
INFO:__main__:Total loss 0.1803
INFO:__main__:Predicted mean: -0.3702
INFO:__main__:Predicted uncertainity -0.7282
INFO:__main__:Completed epoch 50 of 100

INFO:__main__:NLL: 0.4818, L2: 0.0090, Reg: 0.1639
INFO:__main__:Total loss 0.6546
INFO:__main__:Predicted mean: -0.4014
INFO:__main__:Predicted uncertainity -0.8463
INFO:__main__:Completed epoch 51 of 100

INFO:__main__:NLL: -0.1209, L2: 0.0082, Reg: 0.1633
INFO:__main__:Total loss 0.0506
INFO:__main__:Predicted mean: -0.3912
INFO:__main__:Predicted uncertainity -0.8163
INFO:__main__:Completed epoch 52 of 100

INFO:__main__:NLL: 0.0650, L2: 0.0084, Reg: 0.1622
INFO:__main__:Total loss 0.2356
INFO:__main__:Predicted mean: -0.3850
INFO:__main__:Predicted uncertainity -0.6336
INFO:__main__:Completed epoch 53 of 100

INFO:__main__:NLL: 0.2205, L2: 0.0086, Reg: 0.1611
INFO:__main__:Total loss 0.3903
INFO:__main__:Predicted mean: -0.3507
INFO:__main__:Predicted uncertainity -0.7007
INFO:__main__:Completed epoch 54 of 100

INFO:__main__:NLL: 0.3862, L2: 0.0088, Reg: 0.1618
INFO:__main__:Total loss 0.5569
INFO:__main__:Predicted mean: -0.3490
INFO:__main__:Predicted uncertainity -0.7472
INFO:__main__:Completed epoch 55 of 100

INFO:__main__:NLL: 0.2684, L2: 0.0085, Reg: 0.1629
INFO:__main__:Total loss 0.4399
INFO:__main__:Predicted mean: -0.4085
INFO:__main__:Predicted uncertainity -0.7806
INFO:__main__:Completed epoch 56 of 100

INFO:__main__:NLL: 0.0863, L2: 0.0087, Reg: 0.1632
INFO:__main__:Total loss 0.2582
INFO:__main__:Predicted mean: -0.3752
INFO:__main__:Predicted uncertainity -0.7563
INFO:__main__:Completed epoch 57 of 100

INFO:__main__:NLL: -0.0291, L2: 0.0084, Reg: 0.1640
INFO:__main__:Total loss 0.1433
INFO:__main__:Predicted mean: -0.4511
INFO:__main__:Predicted uncertainity -0.6845
INFO:__main__:Completed epoch 58 of 100

INFO:__main__:NLL: 0.0497, L2: 0.0087, Reg: 0.1637
INFO:__main__:Total loss 0.2221
INFO:__main__:Predicted mean: -0.3689
INFO:__main__:Predicted uncertainity -0.6234
INFO:__main__:Completed epoch 59 of 100

INFO:__main__:NLL: 0.0181, L2: 0.0090, Reg: 0.1625
INFO:__main__:Total loss 0.1896
INFO:__main__:Predicted mean: -0.3653
INFO:__main__:Predicted uncertainity -0.7935
INFO:__main__:Completed epoch 60 of 100

INFO:__main__:NLL: 0.1206, L2: 0.0084, Reg: 0.1625
INFO:__main__:Total loss 0.2916
INFO:__main__:Predicted mean: -0.3189
INFO:__main__:Predicted uncertainity -0.7363
INFO:__main__:Completed epoch 61 of 100

INFO:__main__:NLL: 0.2839, L2: 0.0086, Reg: 0.1619
INFO:__main__:Total loss 0.4544
INFO:__main__:Predicted mean: -0.3555
INFO:__main__:Predicted uncertainity -0.6979
INFO:__main__:Completed epoch 62 of 100

INFO:__main__:NLL: 0.0758, L2: 0.0089, Reg: 0.1633
INFO:__main__:Total loss 0.2479
INFO:__main__:Predicted mean: -0.4343
INFO:__main__:Predicted uncertainity -0.7159
INFO:__main__:Completed epoch 63 of 100

INFO:__main__:NLL: 0.0006, L2: 0.0088, Reg: 0.1635
INFO:__main__:Total loss 0.1729
INFO:__main__:Predicted mean: -0.3806
INFO:__main__:Predicted uncertainity -0.7534
INFO:__main__:Completed epoch 64 of 100

INFO:__main__:NLL: -0.0015, L2: 0.0085, Reg: 0.1634
INFO:__main__:Total loss 0.1704
INFO:__main__:Predicted mean: -0.3619
INFO:__main__:Predicted uncertainity -0.8086
INFO:__main__:Completed epoch 65 of 100

INFO:__main__:NLL: 0.2025, L2: 0.0087, Reg: 0.1631
INFO:__main__:Total loss 0.3743
INFO:__main__:Predicted mean: -0.4063
INFO:__main__:Predicted uncertainity -0.7015
INFO:__main__:Completed epoch 66 of 100

INFO:__main__:NLL: 0.0040, L2: 0.0081, Reg: 0.1639
INFO:__main__:Total loss 0.1760
INFO:__main__:Predicted mean: -0.3923
INFO:__main__:Predicted uncertainity -0.7430
INFO:__main__:Completed epoch 67 of 100

INFO:__main__:NLL: 0.0068, L2: 0.0085, Reg: 0.1639
INFO:__main__:Total loss 0.1793
INFO:__main__:Predicted mean: -0.3509
INFO:__main__:Predicted uncertainity -0.7821
INFO:__main__:Completed epoch 68 of 100

INFO:__main__:NLL: 0.0420, L2: 0.0086, Reg: 0.1640
INFO:__main__:Total loss 0.2146
INFO:__main__:Predicted mean: -0.3808
INFO:__main__:Predicted uncertainity -0.7323
INFO:__main__:Completed epoch 69 of 100

INFO:__main__:NLL: 0.6360, L2: 0.0089, Reg: 0.1680
INFO:__main__:Total loss 0.8128
INFO:__main__:Predicted mean: -0.4336
INFO:__main__:Predicted uncertainity -0.7013
INFO:__main__:Completed epoch 70 of 100

INFO:__main__:NLL: -0.0873, L2: 0.0086, Reg: 0.1649
INFO:__main__:Total loss 0.0861
INFO:__main__:Predicted mean: -0.4023
INFO:__main__:Predicted uncertainity -0.7713
INFO:__main__:Completed epoch 71 of 100

INFO:__main__:NLL: 0.3024, L2: 0.0090, Reg: 0.1676
INFO:__main__:Total loss 0.4790
INFO:__main__:Predicted mean: -0.4154
INFO:__main__:Predicted uncertainity -0.8188
INFO:__main__:Completed epoch 72 of 100

INFO:__main__:NLL: 0.4068, L2: 0.0092, Reg: 0.1636
INFO:__main__:Total loss 0.5796
INFO:__main__:Predicted mean: -0.3735
INFO:__main__:Predicted uncertainity -0.7502
INFO:__main__:Completed epoch 73 of 100

INFO:__main__:NLL: 0.1043, L2: 0.0089, Reg: 0.1652
INFO:__main__:Total loss 0.2784
INFO:__main__:Predicted mean: -0.3898
INFO:__main__:Predicted uncertainity -0.8009
INFO:__main__:Completed epoch 74 of 100

INFO:__main__:NLL: -0.0315, L2: 0.0088, Reg: 0.1650
INFO:__main__:Total loss 0.1424
INFO:__main__:Predicted mean: -0.4078
INFO:__main__:Predicted uncertainity -0.7800
INFO:__main__:Completed epoch 75 of 100

INFO:__main__:NLL: 0.0749, L2: 0.0085, Reg: 0.1631
INFO:__main__:Total loss 0.2465
INFO:__main__:Predicted mean: -0.4100
INFO:__main__:Predicted uncertainity -0.7266
INFO:__main__:Completed epoch 76 of 100

INFO:__main__:NLL: 0.1028, L2: 0.0081, Reg: 0.1633
INFO:__main__:Total loss 0.2742
INFO:__main__:Predicted mean: -0.4449
INFO:__main__:Predicted uncertainity -0.7473
INFO:__main__:Completed epoch 77 of 100

INFO:__main__:NLL: 0.1192, L2: 0.0085, Reg: 0.1634
INFO:__main__:Total loss 0.2912
INFO:__main__:Predicted mean: -0.3491
INFO:__main__:Predicted uncertainity -0.7311
INFO:__main__:Completed epoch 78 of 100

INFO:__main__:NLL: 0.2269, L2: 0.0084, Reg: 0.1629
INFO:__main__:Total loss 0.3982
INFO:__main__:Predicted mean: -0.3471
INFO:__main__:Predicted uncertainity -0.6240
INFO:__main__:Completed epoch 79 of 100

INFO:__main__:NLL: 0.0597, L2: 0.0081, Reg: 0.1659
INFO:__main__:Total loss 0.2337
INFO:__main__:Predicted mean: -0.3586
INFO:__main__:Predicted uncertainity -0.6532
INFO:__main__:Completed epoch 80 of 100

INFO:__main__:NLL: 0.0737, L2: 0.0090, Reg: 0.1640
INFO:__main__:Total loss 0.2467
INFO:__main__:Predicted mean: -0.4165
INFO:__main__:Predicted uncertainity -0.8267
INFO:__main__:Completed epoch 81 of 100

INFO:__main__:NLL: 0.0819, L2: 0.0094, Reg: 0.1632
INFO:__main__:Total loss 0.2545
INFO:__main__:Predicted mean: -0.3903
INFO:__main__:Predicted uncertainity -0.7321
INFO:__main__:Completed epoch 82 of 100

INFO:__main__:NLL: -0.0143, L2: 0.0091, Reg: 0.1646
INFO:__main__:Total loss 0.1594
INFO:__main__:Predicted mean: -0.4014
INFO:__main__:Predicted uncertainity -0.7554
INFO:__main__:Completed epoch 83 of 100

INFO:__main__:NLL: 0.2510, L2: 0.0088, Reg: 0.1627
INFO:__main__:Total loss 0.4225
INFO:__main__:Predicted mean: -0.3426
INFO:__main__:Predicted uncertainity -0.7518
INFO:__main__:Completed epoch 84 of 100

INFO:__main__:NLL: 0.1472, L2: 0.0087, Reg: 0.1628
INFO:__main__:Total loss 0.3186
INFO:__main__:Predicted mean: -0.3791
INFO:__main__:Predicted uncertainity -0.6317
INFO:__main__:Completed epoch 85 of 100

INFO:__main__:NLL: -0.1812, L2: 0.0089, Reg: 0.1640
INFO:__main__:Total loss -0.0083
INFO:__main__:Predicted mean: -0.3873
INFO:__main__:Predicted uncertainity -0.7171
INFO:__main__:Completed epoch 86 of 100

INFO:__main__:NLL: 0.0850, L2: 0.0083, Reg: 0.1634
INFO:__main__:Total loss 0.2566
INFO:__main__:Predicted mean: -0.3803
INFO:__main__:Predicted uncertainity -0.7410
INFO:__main__:Completed epoch 87 of 100

INFO:__main__:NLL: 0.0314, L2: 0.0084, Reg: 0.1620
INFO:__main__:Total loss 0.2018
INFO:__main__:Predicted mean: -0.3517
INFO:__main__:Predicted uncertainity -0.6965
INFO:__main__:Completed epoch 88 of 100

INFO:__main__:NLL: 0.1230, L2: 0.0086, Reg: 0.1624
INFO:__main__:Total loss 0.2940
INFO:__main__:Predicted mean: -0.3270
INFO:__main__:Predicted uncertainity -0.7053
INFO:__main__:Completed epoch 89 of 100

INFO:__main__:NLL: 0.1669, L2: 0.0081, Reg: 0.1655
INFO:__main__:Total loss 0.3405
INFO:__main__:Predicted mean: -0.3878
INFO:__main__:Predicted uncertainity -0.6986
INFO:__main__:Completed epoch 90 of 100

INFO:__main__:NLL: 0.1328, L2: 0.0085, Reg: 0.1651
INFO:__main__:Total loss 0.3064
INFO:__main__:Predicted mean: -0.4422
INFO:__main__:Predicted uncertainity -0.7517
INFO:__main__:Completed epoch 91 of 100

INFO:__main__:NLL: 0.0644, L2: 0.0079, Reg: 0.1652
INFO:__main__:Total loss 0.2376
INFO:__main__:Predicted mean: -0.4036
INFO:__main__:Predicted uncertainity -0.8767
INFO:__main__:Completed epoch 92 of 100

INFO:__main__:NLL: 0.0461, L2: 0.0083, Reg: 0.1642
INFO:__main__:Total loss 0.2186
INFO:__main__:Predicted mean: -0.3940
INFO:__main__:Predicted uncertainity -0.6933
INFO:__main__:Completed epoch 93 of 100

INFO:__main__:NLL: 0.0462, L2: 0.0084, Reg: 0.1641
INFO:__main__:Total loss 0.2186
INFO:__main__:Predicted mean: -0.3023
INFO:__main__:Predicted uncertainity -0.6963
INFO:__main__:Completed epoch 94 of 100

INFO:__main__:NLL: 0.1549, L2: 0.0080, Reg: 0.1622
INFO:__main__:Total loss 0.3251
INFO:__main__:Predicted mean: -0.3970
INFO:__main__:Predicted uncertainity -0.6496
INFO:__main__:Completed epoch 95 of 100

INFO:__main__:NLL: 0.3724, L2: 0.0085, Reg: 0.1635
INFO:__main__:Total loss 0.5444
INFO:__main__:Predicted mean: -0.3999
INFO:__main__:Predicted uncertainity -0.8162
INFO:__main__:Completed epoch 96 of 100

INFO:__main__:NLL: 0.0886, L2: 0.0085, Reg: 0.1611
INFO:__main__:Total loss 0.2582
INFO:__main__:Predicted mean: -0.2837
INFO:__main__:Predicted uncertainity -0.6579
INFO:__main__:Completed epoch 97 of 100

INFO:__main__:NLL: 0.0618, L2: 0.0082, Reg: 0.1649
INFO:__main__:Total loss 0.2349
INFO:__main__:Predicted mean: -0.3488
INFO:__main__:Predicted uncertainity -0.7099
INFO:__main__:Completed epoch 98 of 100

INFO:__main__:NLL: 0.2223, L2: 0.0089, Reg: 0.1653
INFO:__main__:Total loss 0.3965
INFO:__main__:Predicted mean: -0.4529
INFO:__main__:Predicted uncertainity -0.8211
INFO:__main__:Completed epoch 99 of 100

INFO:__main__:NLL: 0.0866, L2: 0.0084, Reg: 0.1635
INFO:__main__:Total loss 0.2585
INFO:__main__:Predicted mean: -0.3961
INFO:__main__:Predicted uncertainity -0.8019
INFO:__main__:Completed epoch 100 of 100

INFO:__main__:477.648740 s
