INFO:__main__:PROCESS RUNNING ON cpu
INFO:__main__:NLL: 0.2882, L2: 0.0069, Reg: 0.0522
INFO:__main__:Total loss 0.3472
INFO:__main__:Predicted mean: -0.4195
INFO:__main__:Predicted uncertainity 0.0335
INFO:__main__:Completed epoch 1 of 100

INFO:__main__:NLL: 0.2985, L2: 0.0075, Reg: 0.0635
INFO:__main__:Total loss 0.3696
INFO:__main__:Predicted mean: -0.4077
INFO:__main__:Predicted uncertainity 0.0149
INFO:__main__:Completed epoch 2 of 100

INFO:__main__:NLL: 0.2788, L2: 0.0073, Reg: 0.0669
INFO:__main__:Total loss 0.3530
INFO:__main__:Predicted mean: -0.3924
INFO:__main__:Predicted uncertainity 0.0027
INFO:__main__:Completed epoch 3 of 100

INFO:__main__:NLL: 0.2586, L2: 0.0071, Reg: 0.0748
INFO:__main__:Total loss 0.3405
INFO:__main__:Predicted mean: -0.4255
INFO:__main__:Predicted uncertainity -0.0112
INFO:__main__:Completed epoch 4 of 100

INFO:__main__:NLL: 0.3113, L2: 0.0070, Reg: 0.0496
INFO:__main__:Total loss 0.3679
INFO:__main__:Predicted mean: -0.4205
INFO:__main__:Predicted uncertainity 0.0221
INFO:__main__:Completed epoch 5 of 100

INFO:__main__:NLL: 0.2674, L2: 0.0075, Reg: 0.0609
INFO:__main__:Total loss 0.3358
INFO:__main__:Predicted mean: -0.4052
INFO:__main__:Predicted uncertainity 0.0179
INFO:__main__:Completed epoch 6 of 100

INFO:__main__:NLL: 0.2704, L2: 0.0067, Reg: 0.0657
INFO:__main__:Total loss 0.3428
INFO:__main__:Predicted mean: -0.3925
INFO:__main__:Predicted uncertainity -0.0111
INFO:__main__:Completed epoch 7 of 100

INFO:__main__:NLL: 0.2902, L2: 0.0074, Reg: 0.0647
INFO:__main__:Total loss 0.3623
INFO:__main__:Predicted mean: -0.4318
INFO:__main__:Predicted uncertainity 0.0092
INFO:__main__:Completed epoch 8 of 100

INFO:__main__:NLL: 0.2627, L2: 0.0077, Reg: 0.0712
INFO:__main__:Total loss 0.3416
INFO:__main__:Predicted mean: -0.4277
INFO:__main__:Predicted uncertainity 0.0033
INFO:__main__:Completed epoch 9 of 100

INFO:__main__:NLL: 0.3199, L2: 0.0065, Reg: 0.0449
INFO:__main__:Total loss 0.3713
INFO:__main__:Predicted mean: -0.3934
INFO:__main__:Predicted uncertainity 0.0339
INFO:__main__:Completed epoch 10 of 100

INFO:__main__:NLL: 0.2651, L2: 0.0069, Reg: 0.0584
INFO:__main__:Total loss 0.3303
INFO:__main__:Predicted mean: -0.3989
INFO:__main__:Predicted uncertainity -0.0062
INFO:__main__:Completed epoch 11 of 100

INFO:__main__:NLL: 0.3385, L2: 0.0075, Reg: 0.0522
INFO:__main__:Total loss 0.3982
INFO:__main__:Predicted mean: -0.4056
INFO:__main__:Predicted uncertainity 0.0339
INFO:__main__:Completed epoch 12 of 100

INFO:__main__:NLL: 0.2880, L2: 0.0071, Reg: 0.0518
INFO:__main__:Total loss 0.3469
INFO:__main__:Predicted mean: -0.4055
INFO:__main__:Predicted uncertainity 0.0389
INFO:__main__:Completed epoch 13 of 100

INFO:__main__:NLL: 0.2737, L2: 0.0074, Reg: 0.0632
INFO:__main__:Total loss 0.3444
INFO:__main__:Predicted mean: -0.3907
INFO:__main__:Predicted uncertainity 0.0353
INFO:__main__:Completed epoch 14 of 100

INFO:__main__:NLL: 0.2808, L2: 0.0067, Reg: 0.0436
INFO:__main__:Total loss 0.3311
INFO:__main__:Predicted mean: -0.3900
INFO:__main__:Predicted uncertainity 0.0310
INFO:__main__:Completed epoch 15 of 100

INFO:__main__:NLL: 0.2936, L2: 0.0072, Reg: 0.0583
INFO:__main__:Total loss 0.3591
INFO:__main__:Predicted mean: -0.3946
INFO:__main__:Predicted uncertainity 0.0302
INFO:__main__:Completed epoch 16 of 100

INFO:__main__:NLL: 0.2828, L2: 0.0073, Reg: 0.0492
INFO:__main__:Total loss 0.3393
INFO:__main__:Predicted mean: -0.3939
INFO:__main__:Predicted uncertainity 0.0032
INFO:__main__:Completed epoch 17 of 100

INFO:__main__:NLL: 0.3007, L2: 0.0073, Reg: 0.0569
INFO:__main__:Total loss 0.3650
INFO:__main__:Predicted mean: -0.3881
INFO:__main__:Predicted uncertainity 0.0107
INFO:__main__:Completed epoch 18 of 100

INFO:__main__:NLL: 0.2949, L2: 0.0074, Reg: 0.0562
INFO:__main__:Total loss 0.3585
INFO:__main__:Predicted mean: -0.3861
INFO:__main__:Predicted uncertainity 0.0307
INFO:__main__:Completed epoch 19 of 100

INFO:__main__:NLL: 0.2853, L2: 0.0074, Reg: 0.0654
INFO:__main__:Total loss 0.3581
INFO:__main__:Predicted mean: -0.4176
INFO:__main__:Predicted uncertainity 0.0154
INFO:__main__:Completed epoch 20 of 100

INFO:__main__:NLL: 0.2816, L2: 0.0068, Reg: 0.0522
INFO:__main__:Total loss 0.3407
INFO:__main__:Predicted mean: -0.4191
INFO:__main__:Predicted uncertainity -0.0090
INFO:__main__:Completed epoch 21 of 100

INFO:__main__:NLL: 0.2587, L2: 0.0074, Reg: 0.0725
INFO:__main__:Total loss 0.3387
INFO:__main__:Predicted mean: -0.4055
INFO:__main__:Predicted uncertainity 0.0136
INFO:__main__:Completed epoch 22 of 100

INFO:__main__:NLL: 0.2980, L2: 0.0073, Reg: 0.0642
INFO:__main__:Total loss 0.3696
INFO:__main__:Predicted mean: -0.3948
INFO:__main__:Predicted uncertainity 0.0133
INFO:__main__:Completed epoch 23 of 100

INFO:__main__:NLL: 0.3015, L2: 0.0077, Reg: 0.0620
INFO:__main__:Total loss 0.3711
INFO:__main__:Predicted mean: -0.4097
INFO:__main__:Predicted uncertainity 0.0686
INFO:__main__:Completed epoch 24 of 100

INFO:__main__:NLL: 0.2893, L2: 0.0067, Reg: 0.0649
INFO:__main__:Total loss 0.3608
INFO:__main__:Predicted mean: -0.3998
INFO:__main__:Predicted uncertainity 0.0112
INFO:__main__:Completed epoch 25 of 100

INFO:__main__:NLL: 0.2846, L2: 0.0070, Reg: 0.0675
INFO:__main__:Total loss 0.3590
INFO:__main__:Predicted mean: -0.3946
INFO:__main__:Predicted uncertainity -0.0157
INFO:__main__:Completed epoch 26 of 100

INFO:__main__:NLL: 0.2997, L2: 0.0070, Reg: 0.0525
INFO:__main__:Total loss 0.3592
INFO:__main__:Predicted mean: -0.3705
INFO:__main__:Predicted uncertainity 0.0296
INFO:__main__:Completed epoch 27 of 100

INFO:__main__:NLL: 0.2909, L2: 0.0075, Reg: 0.0565
INFO:__main__:Total loss 0.3548
INFO:__main__:Predicted mean: -0.4092
INFO:__main__:Predicted uncertainity 0.0129
INFO:__main__:Completed epoch 28 of 100

INFO:__main__:NLL: 0.3024, L2: 0.0076, Reg: 0.0549
INFO:__main__:Total loss 0.3649
INFO:__main__:Predicted mean: -0.4076
INFO:__main__:Predicted uncertainity 0.0667
INFO:__main__:Completed epoch 29 of 100

INFO:__main__:NLL: 0.2851, L2: 0.0072, Reg: 0.0428
INFO:__main__:Total loss 0.3351
INFO:__main__:Predicted mean: -0.3994
INFO:__main__:Predicted uncertainity 0.0367
INFO:__main__:Completed epoch 30 of 100

INFO:__main__:NLL: 0.2838, L2: 0.0068, Reg: 0.0435
INFO:__main__:Total loss 0.3340
INFO:__main__:Predicted mean: -0.3916
INFO:__main__:Predicted uncertainity 0.0389
INFO:__main__:Completed epoch 31 of 100

INFO:__main__:NLL: 0.2956, L2: 0.0071, Reg: 0.0609
INFO:__main__:Total loss 0.3636
INFO:__main__:Predicted mean: -0.3974
INFO:__main__:Predicted uncertainity 0.0107
INFO:__main__:Completed epoch 32 of 100

INFO:__main__:NLL: 0.2954, L2: 0.0075, Reg: 0.0611
INFO:__main__:Total loss 0.3640
INFO:__main__:Predicted mean: -0.4008
INFO:__main__:Predicted uncertainity 0.0125
INFO:__main__:Completed epoch 33 of 100

INFO:__main__:NLL: 0.3035, L2: 0.0073, Reg: 0.0567
INFO:__main__:Total loss 0.3676
INFO:__main__:Predicted mean: -0.4039
INFO:__main__:Predicted uncertainity 0.0395
INFO:__main__:Completed epoch 34 of 100

INFO:__main__:NLL: 0.3016, L2: 0.0068, Reg: 0.0431
INFO:__main__:Total loss 0.3515
INFO:__main__:Predicted mean: -0.3986
INFO:__main__:Predicted uncertainity 0.0037
INFO:__main__:Completed epoch 35 of 100

INFO:__main__:NLL: 0.2907, L2: 0.0069, Reg: 0.0496
INFO:__main__:Total loss 0.3472
INFO:__main__:Predicted mean: -0.3947
INFO:__main__:Predicted uncertainity 0.0229
INFO:__main__:Completed epoch 36 of 100

INFO:__main__:NLL: 0.3069, L2: 0.0077, Reg: 0.0554
INFO:__main__:Total loss 0.3700
INFO:__main__:Predicted mean: -0.4049
INFO:__main__:Predicted uncertainity 0.0439
INFO:__main__:Completed epoch 37 of 100

INFO:__main__:NLL: 0.2858, L2: 0.0066, Reg: 0.0614
INFO:__main__:Total loss 0.3538
INFO:__main__:Predicted mean: -0.3976
INFO:__main__:Predicted uncertainity -0.0154
INFO:__main__:Completed epoch 38 of 100

INFO:__main__:NLL: 0.2881, L2: 0.0074, Reg: 0.0575
INFO:__main__:Total loss 0.3530
INFO:__main__:Predicted mean: -0.4094
INFO:__main__:Predicted uncertainity 0.0273
INFO:__main__:Completed epoch 39 of 100

INFO:__main__:NLL: 0.2852, L2: 0.0069, Reg: 0.0559
INFO:__main__:Total loss 0.3480
INFO:__main__:Predicted mean: -0.4044
INFO:__main__:Predicted uncertainity 0.0299
INFO:__main__:Completed epoch 40 of 100

INFO:__main__:NLL: 0.2978, L2: 0.0068, Reg: 0.0589
INFO:__main__:Total loss 0.3636
INFO:__main__:Predicted mean: -0.3811
INFO:__main__:Predicted uncertainity 0.0129
INFO:__main__:Completed epoch 41 of 100

INFO:__main__:NLL: 0.3095, L2: 0.0070, Reg: 0.0572
INFO:__main__:Total loss 0.3736
INFO:__main__:Predicted mean: -0.3923
INFO:__main__:Predicted uncertainity 0.0064
INFO:__main__:Completed epoch 42 of 100

INFO:__main__:NLL: 0.2860, L2: 0.0072, Reg: 0.0591
INFO:__main__:Total loss 0.3524
INFO:__main__:Predicted mean: -0.3889
INFO:__main__:Predicted uncertainity 0.0259
INFO:__main__:Completed epoch 43 of 100

INFO:__main__:NLL: 0.2926, L2: 0.0076, Reg: 0.0530
INFO:__main__:Total loss 0.3531
INFO:__main__:Predicted mean: -0.4001
INFO:__main__:Predicted uncertainity 0.0407
INFO:__main__:Completed epoch 44 of 100

INFO:__main__:NLL: 0.2821, L2: 0.0068, Reg: 0.0511
INFO:__main__:Total loss 0.3400
INFO:__main__:Predicted mean: -0.3688
INFO:__main__:Predicted uncertainity 0.0161
INFO:__main__:Completed epoch 45 of 100

INFO:__main__:NLL: 0.3102, L2: 0.0071, Reg: 0.0575
INFO:__main__:Total loss 0.3748
INFO:__main__:Predicted mean: -0.3895
INFO:__main__:Predicted uncertainity 0.0081
INFO:__main__:Completed epoch 46 of 100

INFO:__main__:NLL: 0.3262, L2: 0.0073, Reg: 0.0643
INFO:__main__:Total loss 0.3978
INFO:__main__:Predicted mean: -0.4242
INFO:__main__:Predicted uncertainity 0.0595
INFO:__main__:Completed epoch 47 of 100

INFO:__main__:NLL: 0.2994, L2: 0.0074, Reg: 0.0616
INFO:__main__:Total loss 0.3683
INFO:__main__:Predicted mean: -0.4104
INFO:__main__:Predicted uncertainity 0.0296
INFO:__main__:Completed epoch 48 of 100

INFO:__main__:NLL: 0.2910, L2: 0.0072, Reg: 0.0532
INFO:__main__:Total loss 0.3515
INFO:__main__:Predicted mean: -0.3899
INFO:__main__:Predicted uncertainity 0.0293
INFO:__main__:Completed epoch 49 of 100

INFO:__main__:NLL: 0.3084, L2: 0.0070, Reg: 0.0401
INFO:__main__:Total loss 0.3555
INFO:__main__:Predicted mean: -0.4112
INFO:__main__:Predicted uncertainity 0.0720
INFO:__main__:Completed epoch 50 of 100

INFO:__main__:NLL: 0.2996, L2: 0.0069, Reg: 0.0725
INFO:__main__:Total loss 0.3790
INFO:__main__:Predicted mean: -0.4106
INFO:__main__:Predicted uncertainity 0.0041
INFO:__main__:Completed epoch 51 of 100

INFO:__main__:NLL: 0.2729, L2: 0.0069, Reg: 0.0696
INFO:__main__:Total loss 0.3493
INFO:__main__:Predicted mean: -0.3886
INFO:__main__:Predicted uncertainity 0.0068
INFO:__main__:Completed epoch 52 of 100

INFO:__main__:NLL: 0.3104, L2: 0.0070, Reg: 0.0419
INFO:__main__:Total loss 0.3593
INFO:__main__:Predicted mean: -0.4173
INFO:__main__:Predicted uncertainity 0.0490
INFO:__main__:Completed epoch 53 of 100

INFO:__main__:NLL: 0.2849, L2: 0.0069, Reg: 0.0509
INFO:__main__:Total loss 0.3427
INFO:__main__:Predicted mean: -0.3876
INFO:__main__:Predicted uncertainity 0.0186
INFO:__main__:Completed epoch 54 of 100

INFO:__main__:NLL: 0.2802, L2: 0.0071, Reg: 0.0524
INFO:__main__:Total loss 0.3397
INFO:__main__:Predicted mean: -0.4077
INFO:__main__:Predicted uncertainity 0.0179
INFO:__main__:Completed epoch 55 of 100

INFO:__main__:NLL: 0.2809, L2: 0.0072, Reg: 0.0576
INFO:__main__:Total loss 0.3457
INFO:__main__:Predicted mean: -0.4018
INFO:__main__:Predicted uncertainity 0.0025
INFO:__main__:Completed epoch 56 of 100

INFO:__main__:NLL: 0.2725, L2: 0.0073, Reg: 0.0632
INFO:__main__:Total loss 0.3430
INFO:__main__:Predicted mean: -0.3930
INFO:__main__:Predicted uncertainity -0.0241
INFO:__main__:Completed epoch 57 of 100

INFO:__main__:NLL: 0.2944, L2: 0.0072, Reg: 0.0670
INFO:__main__:Total loss 0.3686
INFO:__main__:Predicted mean: -0.4189
INFO:__main__:Predicted uncertainity -0.0041
INFO:__main__:Completed epoch 58 of 100

INFO:__main__:NLL: 0.3024, L2: 0.0067, Reg: 0.0577
INFO:__main__:Total loss 0.3668
INFO:__main__:Predicted mean: -0.3745
INFO:__main__:Predicted uncertainity 0.0331
INFO:__main__:Completed epoch 59 of 100

INFO:__main__:NLL: 0.3012, L2: 0.0071, Reg: 0.0525
INFO:__main__:Total loss 0.3608
INFO:__main__:Predicted mean: -0.4043
INFO:__main__:Predicted uncertainity 0.0800
INFO:__main__:Completed epoch 60 of 100

INFO:__main__:NLL: 0.2833, L2: 0.0068, Reg: 0.0546
INFO:__main__:Total loss 0.3448
INFO:__main__:Predicted mean: -0.3859
INFO:__main__:Predicted uncertainity 0.0104
INFO:__main__:Completed epoch 61 of 100

INFO:__main__:NLL: 0.2965, L2: 0.0072, Reg: 0.0593
INFO:__main__:Total loss 0.3629
INFO:__main__:Predicted mean: -0.3914
INFO:__main__:Predicted uncertainity 0.0194
INFO:__main__:Completed epoch 62 of 100

INFO:__main__:NLL: 0.2800, L2: 0.0073, Reg: 0.0666
INFO:__main__:Total loss 0.3539
INFO:__main__:Predicted mean: -0.4045
INFO:__main__:Predicted uncertainity 0.0007
INFO:__main__:Completed epoch 63 of 100

INFO:__main__:NLL: 0.2579, L2: 0.0070, Reg: 0.0738
INFO:__main__:Total loss 0.3387
INFO:__main__:Predicted mean: -0.3838
INFO:__main__:Predicted uncertainity -0.0309
INFO:__main__:Completed epoch 64 of 100

INFO:__main__:NLL: 0.2732, L2: 0.0072, Reg: 0.0525
INFO:__main__:Total loss 0.3330
INFO:__main__:Predicted mean: -0.4151
INFO:__main__:Predicted uncertainity 0.0278
INFO:__main__:Completed epoch 65 of 100

INFO:__main__:NLL: 0.3093, L2: 0.0068, Reg: 0.0540
INFO:__main__:Total loss 0.3701
INFO:__main__:Predicted mean: -0.3926
INFO:__main__:Predicted uncertainity 0.0215
INFO:__main__:Completed epoch 66 of 100

INFO:__main__:NLL: 0.2636, L2: 0.0073, Reg: 0.0616
INFO:__main__:Total loss 0.3325
INFO:__main__:Predicted mean: -0.4317
INFO:__main__:Predicted uncertainity 0.0365
INFO:__main__:Completed epoch 67 of 100

INFO:__main__:NLL: 0.2781, L2: 0.0076, Reg: 0.0712
INFO:__main__:Total loss 0.3569
INFO:__main__:Predicted mean: -0.4125
INFO:__main__:Predicted uncertainity 0.0295
INFO:__main__:Completed epoch 68 of 100

INFO:__main__:NLL: 0.2927, L2: 0.0070, Reg: 0.0486
INFO:__main__:Total loss 0.3483
INFO:__main__:Predicted mean: -0.4020
INFO:__main__:Predicted uncertainity 0.0140
INFO:__main__:Completed epoch 69 of 100

INFO:__main__:NLL: 0.2637, L2: 0.0066, Reg: 0.0537
INFO:__main__:Total loss 0.3240
INFO:__main__:Predicted mean: -0.3976
INFO:__main__:Predicted uncertainity -0.0277
INFO:__main__:Completed epoch 70 of 100

INFO:__main__:NLL: 0.3073, L2: 0.0073, Reg: 0.0601
INFO:__main__:Total loss 0.3747
INFO:__main__:Predicted mean: -0.3941
INFO:__main__:Predicted uncertainity 0.0390
INFO:__main__:Completed epoch 71 of 100

INFO:__main__:NLL: 0.2909, L2: 0.0069, Reg: 0.0550
INFO:__main__:Total loss 0.3527
INFO:__main__:Predicted mean: -0.3943
INFO:__main__:Predicted uncertainity 0.0118
INFO:__main__:Completed epoch 72 of 100

INFO:__main__:NLL: 0.2740, L2: 0.0069, Reg: 0.0475
INFO:__main__:Total loss 0.3283
INFO:__main__:Predicted mean: -0.4000
INFO:__main__:Predicted uncertainity 0.0220
INFO:__main__:Completed epoch 73 of 100

INFO:__main__:NLL: 0.2856, L2: 0.0067, Reg: 0.0480
INFO:__main__:Total loss 0.3403
INFO:__main__:Predicted mean: -0.4017
INFO:__main__:Predicted uncertainity 0.0183
INFO:__main__:Completed epoch 74 of 100

INFO:__main__:NLL: 0.3051, L2: 0.0063, Reg: 0.0591
INFO:__main__:Total loss 0.3705
INFO:__main__:Predicted mean: -0.4133
INFO:__main__:Predicted uncertainity 0.0385
INFO:__main__:Completed epoch 75 of 100

INFO:__main__:NLL: 0.3029, L2: 0.0073, Reg: 0.0524
INFO:__main__:Total loss 0.3626
INFO:__main__:Predicted mean: -0.3998
INFO:__main__:Predicted uncertainity 0.0501
INFO:__main__:Completed epoch 76 of 100

INFO:__main__:NLL: 0.2791, L2: 0.0072, Reg: 0.0621
INFO:__main__:Total loss 0.3483
INFO:__main__:Predicted mean: -0.3750
INFO:__main__:Predicted uncertainity -0.0070
INFO:__main__:Completed epoch 77 of 100

INFO:__main__:NLL: 0.2888, L2: 0.0076, Reg: 0.0662
INFO:__main__:Total loss 0.3626
INFO:__main__:Predicted mean: -0.4168
INFO:__main__:Predicted uncertainity 0.0445
INFO:__main__:Completed epoch 78 of 100

INFO:__main__:NLL: 0.2782, L2: 0.0073, Reg: 0.0628
INFO:__main__:Total loss 0.3484
INFO:__main__:Predicted mean: -0.3919
INFO:__main__:Predicted uncertainity 0.0419
INFO:__main__:Completed epoch 79 of 100

INFO:__main__:NLL: 0.2867, L2: 0.0072, Reg: 0.0636
INFO:__main__:Total loss 0.3576
INFO:__main__:Predicted mean: -0.3967
INFO:__main__:Predicted uncertainity 0.0109
INFO:__main__:Completed epoch 80 of 100

INFO:__main__:NLL: 0.2900, L2: 0.0067, Reg: 0.0484
INFO:__main__:Total loss 0.3451
INFO:__main__:Predicted mean: -0.4010
INFO:__main__:Predicted uncertainity 0.0272
INFO:__main__:Completed epoch 81 of 100

INFO:__main__:NLL: 0.3037, L2: 0.0072, Reg: 0.0651
INFO:__main__:Total loss 0.3761
INFO:__main__:Predicted mean: -0.3946
INFO:__main__:Predicted uncertainity 0.0264
INFO:__main__:Completed epoch 82 of 100

INFO:__main__:NLL: 0.3156, L2: 0.0072, Reg: 0.0614
INFO:__main__:Total loss 0.3841
INFO:__main__:Predicted mean: -0.4011
INFO:__main__:Predicted uncertainity 0.0368
INFO:__main__:Completed epoch 83 of 100

INFO:__main__:NLL: 0.2639, L2: 0.0072, Reg: 0.0581
INFO:__main__:Total loss 0.3292
INFO:__main__:Predicted mean: -0.3925
INFO:__main__:Predicted uncertainity 0.0509
INFO:__main__:Completed epoch 84 of 100

INFO:__main__:NLL: 0.2843, L2: 0.0067, Reg: 0.0547
INFO:__main__:Total loss 0.3457
INFO:__main__:Predicted mean: -0.3952
INFO:__main__:Predicted uncertainity 0.0129
INFO:__main__:Completed epoch 85 of 100

INFO:__main__:NLL: 0.2798, L2: 0.0073, Reg: 0.0662
INFO:__main__:Total loss 0.3533
INFO:__main__:Predicted mean: -0.3918
INFO:__main__:Predicted uncertainity 0.0220
INFO:__main__:Completed epoch 86 of 100

INFO:__main__:NLL: 0.2981, L2: 0.0069, Reg: 0.0494
INFO:__main__:Total loss 0.3544
INFO:__main__:Predicted mean: -0.4142
INFO:__main__:Predicted uncertainity 0.0255
INFO:__main__:Completed epoch 87 of 100

INFO:__main__:NLL: 0.3051, L2: 0.0072, Reg: 0.0592
INFO:__main__:Total loss 0.3715
INFO:__main__:Predicted mean: -0.3940
INFO:__main__:Predicted uncertainity -0.0075
INFO:__main__:Completed epoch 88 of 100

INFO:__main__:NLL: 0.3305, L2: 0.0075, Reg: 0.0503
INFO:__main__:Total loss 0.3884
INFO:__main__:Predicted mean: -0.3802
INFO:__main__:Predicted uncertainity 0.0439
INFO:__main__:Completed epoch 89 of 100

INFO:__main__:NLL: 0.2947, L2: 0.0071, Reg: 0.0544
INFO:__main__:Total loss 0.3561
INFO:__main__:Predicted mean: -0.3922
INFO:__main__:Predicted uncertainity 0.0204
INFO:__main__:Completed epoch 90 of 100

INFO:__main__:NLL: 0.2890, L2: 0.0066, Reg: 0.0505
INFO:__main__:Total loss 0.3460
INFO:__main__:Predicted mean: -0.3801
INFO:__main__:Predicted uncertainity 0.0150
INFO:__main__:Completed epoch 91 of 100

INFO:__main__:NLL: 0.2735, L2: 0.0068, Reg: 0.0575
INFO:__main__:Total loss 0.3378
INFO:__main__:Predicted mean: -0.3967
INFO:__main__:Predicted uncertainity 0.0207
INFO:__main__:Completed epoch 92 of 100

INFO:__main__:NLL: 0.3039, L2: 0.0070, Reg: 0.0538
INFO:__main__:Total loss 0.3646
INFO:__main__:Predicted mean: -0.3846
INFO:__main__:Predicted uncertainity 0.0035
INFO:__main__:Completed epoch 93 of 100

INFO:__main__:NLL: 0.3058, L2: 0.0076, Reg: 0.0590
INFO:__main__:Total loss 0.3723
INFO:__main__:Predicted mean: -0.4050
INFO:__main__:Predicted uncertainity 0.0105
INFO:__main__:Completed epoch 94 of 100

INFO:__main__:NLL: 0.2891, L2: 0.0069, Reg: 0.0627
INFO:__main__:Total loss 0.3586
INFO:__main__:Predicted mean: -0.3971
INFO:__main__:Predicted uncertainity 0.0279
INFO:__main__:Completed epoch 95 of 100

INFO:__main__:NLL: 0.2904, L2: 0.0073, Reg: 0.0566
INFO:__main__:Total loss 0.3543
INFO:__main__:Predicted mean: -0.3929
INFO:__main__:Predicted uncertainity 0.0092
INFO:__main__:Completed epoch 96 of 100

INFO:__main__:NLL: 0.2893, L2: 0.0071, Reg: 0.0696
INFO:__main__:Total loss 0.3660
INFO:__main__:Predicted mean: -0.3859
INFO:__main__:Predicted uncertainity -0.0060
INFO:__main__:Completed epoch 97 of 100

INFO:__main__:NLL: 0.2718, L2: 0.0073, Reg: 0.0516
INFO:__main__:Total loss 0.3307
INFO:__main__:Predicted mean: -0.4026
INFO:__main__:Predicted uncertainity 0.0108
INFO:__main__:Completed epoch 98 of 100

INFO:__main__:NLL: 0.2968, L2: 0.0075, Reg: 0.0516
INFO:__main__:Total loss 0.3559
INFO:__main__:Predicted mean: -0.3929
INFO:__main__:Predicted uncertainity 0.0229
INFO:__main__:Completed epoch 99 of 100

INFO:__main__:NLL: 0.2941, L2: 0.0074, Reg: 0.0617
INFO:__main__:Total loss 0.3632
INFO:__main__:Predicted mean: -0.4054
INFO:__main__:Predicted uncertainity 0.0403
INFO:__main__:Completed epoch 100 of 100

INFO:__main__:680.397717 s
