INFO:__main__:PROCESS RUNNING ON cpu
INFO:__main__:NLL: 0.3064, L2: 0.0037, Reg: 0.0734
INFO:__main__:Total loss 0.3835
INFO:__main__:Predicted mean: -0.0181
INFO:__main__:Predicted uncertainity -0.0067
INFO:__main__:Completed epoch 1 of 100

INFO:__main__:NLL: 0.3079, L2: 0.0019, Reg: 0.0710
INFO:__main__:Total loss 0.3807
INFO:__main__:Predicted mean: -0.0134
INFO:__main__:Predicted uncertainity -0.0030
INFO:__main__:Completed epoch 2 of 100

INFO:__main__:NLL: 0.3077, L2: 0.0022, Reg: 0.0717
INFO:__main__:Total loss 0.3816
INFO:__main__:Predicted mean: -0.0144
INFO:__main__:Predicted uncertainity -0.0031
INFO:__main__:Completed epoch 3 of 100

INFO:__main__:NLL: 0.3069, L2: 0.0030, Reg: 0.0706
INFO:__main__:Total loss 0.3806
INFO:__main__:Predicted mean: -0.0160
INFO:__main__:Predicted uncertainity -0.0055
INFO:__main__:Completed epoch 4 of 100

INFO:__main__:NLL: 0.3065, L2: 0.0037, Reg: 0.0750
INFO:__main__:Total loss 0.3852
INFO:__main__:Predicted mean: -0.0180
INFO:__main__:Predicted uncertainity -0.0063
INFO:__main__:Completed epoch 5 of 100

INFO:__main__:NLL: 0.3061, L2: 0.0047, Reg: 0.0721
INFO:__main__:Total loss 0.3829
INFO:__main__:Predicted mean: -0.0192
INFO:__main__:Predicted uncertainity -0.0068
INFO:__main__:Completed epoch 6 of 100

INFO:__main__:NLL: 0.3060, L2: 0.0048, Reg: 0.0761
INFO:__main__:Total loss 0.3869
INFO:__main__:Predicted mean: -0.0200
INFO:__main__:Predicted uncertainity -0.0069
INFO:__main__:Completed epoch 7 of 100

INFO:__main__:NLL: 0.3060, L2: 0.0052, Reg: 0.0719
INFO:__main__:Total loss 0.3830
INFO:__main__:Predicted mean: -0.0202
INFO:__main__:Predicted uncertainity -0.0069
INFO:__main__:Completed epoch 8 of 100

INFO:__main__:NLL: 0.3059, L2: 0.0051, Reg: 0.0751
INFO:__main__:Total loss 0.3861
INFO:__main__:Predicted mean: -0.0204
INFO:__main__:Predicted uncertainity -0.0068
INFO:__main__:Completed epoch 9 of 100

INFO:__main__:NLL: 0.3060, L2: 0.0059, Reg: 0.0736
INFO:__main__:Total loss 0.3855
INFO:__main__:Predicted mean: -0.0204
INFO:__main__:Predicted uncertainity -0.0065
INFO:__main__:Completed epoch 10 of 100

INFO:__main__:NLL: 0.3059, L2: 0.0060, Reg: 0.0707
INFO:__main__:Total loss 0.3826
INFO:__main__:Predicted mean: -0.0205
INFO:__main__:Predicted uncertainity -0.0069
INFO:__main__:Completed epoch 11 of 100

INFO:__main__:NLL: 0.3060, L2: 0.0062, Reg: 0.0729
INFO:__main__:Total loss 0.3851
INFO:__main__:Predicted mean: -0.0204
INFO:__main__:Predicted uncertainity -0.0065
INFO:__main__:Completed epoch 12 of 100

INFO:__main__:NLL: 0.3059, L2: 0.0064, Reg: 0.0729
INFO:__main__:Total loss 0.3853
INFO:__main__:Predicted mean: -0.0204
INFO:__main__:Predicted uncertainity -0.0068
INFO:__main__:Completed epoch 13 of 100

INFO:__main__:NLL: 0.3060, L2: 0.0062, Reg: 0.0724
INFO:__main__:Total loss 0.3845
INFO:__main__:Predicted mean: -0.0205
INFO:__main__:Predicted uncertainity -0.0066
INFO:__main__:Completed epoch 14 of 100

INFO:__main__:NLL: 0.3059, L2: 0.0064, Reg: 0.0724
INFO:__main__:Total loss 0.3847
INFO:__main__:Predicted mean: -0.0203
INFO:__main__:Predicted uncertainity -0.0071
INFO:__main__:Completed epoch 15 of 100

INFO:__main__:NLL: 0.3060, L2: 0.0061, Reg: 0.0745
INFO:__main__:Total loss 0.3866
INFO:__main__:Predicted mean: -0.0205
INFO:__main__:Predicted uncertainity -0.0067
INFO:__main__:Completed epoch 16 of 100

INFO:__main__:NLL: 0.3059, L2: 0.0064, Reg: 0.0700
INFO:__main__:Total loss 0.3823
INFO:__main__:Predicted mean: -0.0205
INFO:__main__:Predicted uncertainity -0.0069
INFO:__main__:Completed epoch 17 of 100

INFO:__main__:NLL: 0.3060, L2: 0.0066, Reg: 0.0703
INFO:__main__:Total loss 0.3829
INFO:__main__:Predicted mean: -0.0205
INFO:__main__:Predicted uncertainity -0.0067
INFO:__main__:Completed epoch 18 of 100

INFO:__main__:NLL: 0.3059, L2: 0.0064, Reg: 0.0731
INFO:__main__:Total loss 0.3854
INFO:__main__:Predicted mean: -0.0204
INFO:__main__:Predicted uncertainity -0.0070
INFO:__main__:Completed epoch 19 of 100

INFO:__main__:NLL: 0.3060, L2: 0.0067, Reg: 0.0720
INFO:__main__:Total loss 0.3847
INFO:__main__:Predicted mean: -0.0205
INFO:__main__:Predicted uncertainity -0.0065
INFO:__main__:Completed epoch 20 of 100

INFO:__main__:NLL: 0.3060, L2: 0.0059, Reg: 0.0728
INFO:__main__:Total loss 0.3847
INFO:__main__:Predicted mean: -0.0204
INFO:__main__:Predicted uncertainity -0.0067
INFO:__main__:Completed epoch 21 of 100

INFO:__main__:NLL: 0.3059, L2: 0.0071, Reg: 0.0718
INFO:__main__:Total loss 0.3849
INFO:__main__:Predicted mean: -0.0204
INFO:__main__:Predicted uncertainity -0.0069
INFO:__main__:Completed epoch 22 of 100

INFO:__main__:NLL: 0.3060, L2: 0.0062, Reg: 0.0748
INFO:__main__:Total loss 0.3870
INFO:__main__:Predicted mean: -0.0205
INFO:__main__:Predicted uncertainity -0.0067
INFO:__main__:Completed epoch 23 of 100

INFO:__main__:NLL: 0.3059, L2: 0.0061, Reg: 0.0721
INFO:__main__:Total loss 0.3842
INFO:__main__:Predicted mean: -0.0204
INFO:__main__:Predicted uncertainity -0.0070
INFO:__main__:Completed epoch 24 of 100

INFO:__main__:NLL: 0.3059, L2: 0.0064, Reg: 0.0717
INFO:__main__:Total loss 0.3840
INFO:__main__:Predicted mean: -0.0204
INFO:__main__:Predicted uncertainity -0.0069
INFO:__main__:Completed epoch 25 of 100

INFO:__main__:NLL: 0.3060, L2: 0.0063, Reg: 0.0730
INFO:__main__:Total loss 0.3853
INFO:__main__:Predicted mean: -0.0205
INFO:__main__:Predicted uncertainity -0.0065
INFO:__main__:Completed epoch 26 of 100

INFO:__main__:NLL: 0.3059, L2: 0.0065, Reg: 0.0716
INFO:__main__:Total loss 0.3840
INFO:__main__:Predicted mean: -0.0204
INFO:__main__:Predicted uncertainity -0.0071
INFO:__main__:Completed epoch 27 of 100

INFO:__main__:NLL: 0.3060, L2: 0.0062, Reg: 0.0721
INFO:__main__:Total loss 0.3843
INFO:__main__:Predicted mean: -0.0206
INFO:__main__:Predicted uncertainity -0.0065
INFO:__main__:Completed epoch 28 of 100

INFO:__main__:NLL: 0.3059, L2: 0.0068, Reg: 0.0727
INFO:__main__:Total loss 0.3854
INFO:__main__:Predicted mean: -0.0205
INFO:__main__:Predicted uncertainity -0.0067
INFO:__main__:Completed epoch 29 of 100

INFO:__main__:NLL: 0.3059, L2: 0.0062, Reg: 0.0721
INFO:__main__:Total loss 0.3842
INFO:__main__:Predicted mean: -0.0205
INFO:__main__:Predicted uncertainity -0.0068
INFO:__main__:Completed epoch 30 of 100

INFO:__main__:NLL: 0.3059, L2: 0.0064, Reg: 0.0728
INFO:__main__:Total loss 0.3851
INFO:__main__:Predicted mean: -0.0204
INFO:__main__:Predicted uncertainity -0.0068
INFO:__main__:Completed epoch 31 of 100

INFO:__main__:NLL: 0.3060, L2: 0.0060, Reg: 0.0720
INFO:__main__:Total loss 0.3839
INFO:__main__:Predicted mean: -0.0204
INFO:__main__:Predicted uncertainity -0.0067
INFO:__main__:Completed epoch 32 of 100

INFO:__main__:NLL: 0.3059, L2: 0.0068, Reg: 0.0727
INFO:__main__:Total loss 0.3855
INFO:__main__:Predicted mean: -0.0205
INFO:__main__:Predicted uncertainity -0.0067
INFO:__main__:Completed epoch 33 of 100

INFO:__main__:NLL: 0.3059, L2: 0.0062, Reg: 0.0734
INFO:__main__:Total loss 0.3856
INFO:__main__:Predicted mean: -0.0204
INFO:__main__:Predicted uncertainity -0.0068
INFO:__main__:Completed epoch 34 of 100

INFO:__main__:NLL: 0.3059, L2: 0.0065, Reg: 0.0723
INFO:__main__:Total loss 0.3847
INFO:__main__:Predicted mean: -0.0204
INFO:__main__:Predicted uncertainity -0.0069
INFO:__main__:Completed epoch 35 of 100

INFO:__main__:NLL: 0.3059, L2: 0.0060, Reg: 0.0729
INFO:__main__:Total loss 0.3848
INFO:__main__:Predicted mean: -0.0205
INFO:__main__:Predicted uncertainity -0.0069
INFO:__main__:Completed epoch 36 of 100

INFO:__main__:NLL: 0.3060, L2: 0.0063, Reg: 0.0713
INFO:__main__:Total loss 0.3836
INFO:__main__:Predicted mean: -0.0205
INFO:__main__:Predicted uncertainity -0.0064
INFO:__main__:Completed epoch 37 of 100

INFO:__main__:NLL: 0.3059, L2: 0.0065, Reg: 0.0711
INFO:__main__:Total loss 0.3835
INFO:__main__:Predicted mean: -0.0204
INFO:__main__:Predicted uncertainity -0.0068
INFO:__main__:Completed epoch 38 of 100

INFO:__main__:NLL: 0.3059, L2: 0.0066, Reg: 0.0710
INFO:__main__:Total loss 0.3835
INFO:__main__:Predicted mean: -0.0204
INFO:__main__:Predicted uncertainity -0.0070
INFO:__main__:Completed epoch 39 of 100

INFO:__main__:NLL: 0.3060, L2: 0.0063, Reg: 0.0722
INFO:__main__:Total loss 0.3845
INFO:__main__:Predicted mean: -0.0205
INFO:__main__:Predicted uncertainity -0.0066
INFO:__main__:Completed epoch 40 of 100

INFO:__main__:NLL: 0.3059, L2: 0.0063, Reg: 0.0723
INFO:__main__:Total loss 0.3845
INFO:__main__:Predicted mean: -0.0205
INFO:__main__:Predicted uncertainity -0.0069
INFO:__main__:Completed epoch 41 of 100

INFO:__main__:NLL: 0.3059, L2: 0.0066, Reg: 0.0732
INFO:__main__:Total loss 0.3857
INFO:__main__:Predicted mean: -0.0205
INFO:__main__:Predicted uncertainity -0.0069
INFO:__main__:Completed epoch 42 of 100

INFO:__main__:NLL: 0.3059, L2: 0.0064, Reg: 0.0714
INFO:__main__:Total loss 0.3838
INFO:__main__:Predicted mean: -0.0203
INFO:__main__:Predicted uncertainity -0.0068
INFO:__main__:Completed epoch 43 of 100

INFO:__main__:NLL: 0.3059, L2: 0.0066, Reg: 0.0726
INFO:__main__:Total loss 0.3851
INFO:__main__:Predicted mean: -0.0205
INFO:__main__:Predicted uncertainity -0.0067
INFO:__main__:Completed epoch 44 of 100

INFO:__main__:NLL: 0.3059, L2: 0.0065, Reg: 0.0736
INFO:__main__:Total loss 0.3860
INFO:__main__:Predicted mean: -0.0204
INFO:__main__:Predicted uncertainity -0.0069
INFO:__main__:Completed epoch 45 of 100

INFO:__main__:NLL: 0.3059, L2: 0.0069, Reg: 0.0712
INFO:__main__:Total loss 0.3840
INFO:__main__:Predicted mean: -0.0205
INFO:__main__:Predicted uncertainity -0.0068
INFO:__main__:Completed epoch 46 of 100

INFO:__main__:NLL: 0.3059, L2: 0.0064, Reg: 0.0723
INFO:__main__:Total loss 0.3846
INFO:__main__:Predicted mean: -0.0206
INFO:__main__:Predicted uncertainity -0.0067
INFO:__main__:Completed epoch 47 of 100

INFO:__main__:NLL: 0.3059, L2: 0.0065, Reg: 0.0716
INFO:__main__:Total loss 0.3840
INFO:__main__:Predicted mean: -0.0204
INFO:__main__:Predicted uncertainity -0.0069
INFO:__main__:Completed epoch 48 of 100

INFO:__main__:NLL: 0.3059, L2: 0.0065, Reg: 0.0727
INFO:__main__:Total loss 0.3851
INFO:__main__:Predicted mean: -0.0204
INFO:__main__:Predicted uncertainity -0.0069
INFO:__main__:Completed epoch 49 of 100

INFO:__main__:NLL: 0.3059, L2: 0.0066, Reg: 0.0725
INFO:__main__:Total loss 0.3850
INFO:__main__:Predicted mean: -0.0205
INFO:__main__:Predicted uncertainity -0.0068
INFO:__main__:Completed epoch 50 of 100

INFO:__main__:NLL: 0.3059, L2: 0.0063, Reg: 0.0738
INFO:__main__:Total loss 0.3860
INFO:__main__:Predicted mean: -0.0205
INFO:__main__:Predicted uncertainity -0.0068
INFO:__main__:Completed epoch 51 of 100

INFO:__main__:NLL: 0.3060, L2: 0.0068, Reg: 0.0714
INFO:__main__:Total loss 0.3841
INFO:__main__:Predicted mean: -0.0204
INFO:__main__:Predicted uncertainity -0.0067
INFO:__main__:Completed epoch 52 of 100

INFO:__main__:NLL: 0.3059, L2: 0.0063, Reg: 0.0710
INFO:__main__:Total loss 0.3832
INFO:__main__:Predicted mean: -0.0205
INFO:__main__:Predicted uncertainity -0.0069
INFO:__main__:Completed epoch 53 of 100

INFO:__main__:NLL: 0.3059, L2: 0.0070, Reg: 0.0721
INFO:__main__:Total loss 0.3850
INFO:__main__:Predicted mean: -0.0205
INFO:__main__:Predicted uncertainity -0.0068
INFO:__main__:Completed epoch 54 of 100

INFO:__main__:NLL: 0.3060, L2: 0.0063, Reg: 0.0720
INFO:__main__:Total loss 0.3842
INFO:__main__:Predicted mean: -0.0205
INFO:__main__:Predicted uncertainity -0.0066
INFO:__main__:Completed epoch 55 of 100

INFO:__main__:NLL: 0.3060, L2: 0.0059, Reg: 0.0729
INFO:__main__:Total loss 0.3848
INFO:__main__:Predicted mean: -0.0204
INFO:__main__:Predicted uncertainity -0.0066
INFO:__main__:Completed epoch 56 of 100

INFO:__main__:NLL: 0.3059, L2: 0.0065, Reg: 0.0721
INFO:__main__:Total loss 0.3845
INFO:__main__:Predicted mean: -0.0205
INFO:__main__:Predicted uncertainity -0.0067
INFO:__main__:Completed epoch 57 of 100

INFO:__main__:NLL: 0.3060, L2: 0.0068, Reg: 0.0728
INFO:__main__:Total loss 0.3855
INFO:__main__:Predicted mean: -0.0204
INFO:__main__:Predicted uncertainity -0.0067
INFO:__main__:Completed epoch 58 of 100

INFO:__main__:NLL: 0.3060, L2: 0.0060, Reg: 0.0744
INFO:__main__:Total loss 0.3863
INFO:__main__:Predicted mean: -0.0204
INFO:__main__:Predicted uncertainity -0.0067
INFO:__main__:Completed epoch 59 of 100

INFO:__main__:NLL: 0.3060, L2: 0.0069, Reg: 0.0716
INFO:__main__:Total loss 0.3845
INFO:__main__:Predicted mean: -0.0205
INFO:__main__:Predicted uncertainity -0.0067
INFO:__main__:Completed epoch 60 of 100

INFO:__main__:NLL: 0.3059, L2: 0.0063, Reg: 0.0731
INFO:__main__:Total loss 0.3853
INFO:__main__:Predicted mean: -0.0205
INFO:__main__:Predicted uncertainity -0.0068
INFO:__main__:Completed epoch 61 of 100

INFO:__main__:NLL: 0.3060, L2: 0.0068, Reg: 0.0731
INFO:__main__:Total loss 0.3858
INFO:__main__:Predicted mean: -0.0204
INFO:__main__:Predicted uncertainity -0.0066
INFO:__main__:Completed epoch 62 of 100

INFO:__main__:NLL: 0.3059, L2: 0.0064, Reg: 0.0711
INFO:__main__:Total loss 0.3834
INFO:__main__:Predicted mean: -0.0204
INFO:__main__:Predicted uncertainity -0.0068
INFO:__main__:Completed epoch 63 of 100

INFO:__main__:NLL: 0.3059, L2: 0.0067, Reg: 0.0721
INFO:__main__:Total loss 0.3848
INFO:__main__:Predicted mean: -0.0205
INFO:__main__:Predicted uncertainity -0.0068
INFO:__main__:Completed epoch 64 of 100

INFO:__main__:NLL: 0.3060, L2: 0.0064, Reg: 0.0717
INFO:__main__:Total loss 0.3840
INFO:__main__:Predicted mean: -0.0204
INFO:__main__:Predicted uncertainity -0.0068
INFO:__main__:Completed epoch 65 of 100

INFO:__main__:NLL: 0.3059, L2: 0.0061, Reg: 0.0733
INFO:__main__:Total loss 0.3853
INFO:__main__:Predicted mean: -0.0204
INFO:__main__:Predicted uncertainity -0.0070
INFO:__main__:Completed epoch 66 of 100

INFO:__main__:NLL: 0.3060, L2: 0.0065, Reg: 0.0718
INFO:__main__:Total loss 0.3842
INFO:__main__:Predicted mean: -0.0204
INFO:__main__:Predicted uncertainity -0.0066
INFO:__main__:Completed epoch 67 of 100

INFO:__main__:NLL: 0.3059, L2: 0.0062, Reg: 0.0714
INFO:__main__:Total loss 0.3836
INFO:__main__:Predicted mean: -0.0204
INFO:__main__:Predicted uncertainity -0.0071
INFO:__main__:Completed epoch 68 of 100

INFO:__main__:NLL: 0.3059, L2: 0.0062, Reg: 0.0740
INFO:__main__:Total loss 0.3861
INFO:__main__:Predicted mean: -0.0205
INFO:__main__:Predicted uncertainity -0.0068
INFO:__main__:Completed epoch 69 of 100

INFO:__main__:NLL: 0.3059, L2: 0.0067, Reg: 0.0728
INFO:__main__:Total loss 0.3854
INFO:__main__:Predicted mean: -0.0205
INFO:__main__:Predicted uncertainity -0.0070
INFO:__main__:Completed epoch 70 of 100

INFO:__main__:NLL: 0.3059, L2: 0.0064, Reg: 0.0717
INFO:__main__:Total loss 0.3840
INFO:__main__:Predicted mean: -0.0204
INFO:__main__:Predicted uncertainity -0.0069
INFO:__main__:Completed epoch 71 of 100

INFO:__main__:NLL: 0.3059, L2: 0.0067, Reg: 0.0740
INFO:__main__:Total loss 0.3866
INFO:__main__:Predicted mean: -0.0205
INFO:__main__:Predicted uncertainity -0.0068
INFO:__main__:Completed epoch 72 of 100

INFO:__main__:NLL: 0.3060, L2: 0.0066, Reg: 0.0726
INFO:__main__:Total loss 0.3851
INFO:__main__:Predicted mean: -0.0205
INFO:__main__:Predicted uncertainity -0.0066
INFO:__main__:Completed epoch 73 of 100

INFO:__main__:NLL: 0.3059, L2: 0.0068, Reg: 0.0728
INFO:__main__:Total loss 0.3856
INFO:__main__:Predicted mean: -0.0205
INFO:__main__:Predicted uncertainity -0.0068
INFO:__main__:Completed epoch 74 of 100

INFO:__main__:NLL: 0.3059, L2: 0.0065, Reg: 0.0734
INFO:__main__:Total loss 0.3858
INFO:__main__:Predicted mean: -0.0205
INFO:__main__:Predicted uncertainity -0.0068
INFO:__main__:Completed epoch 75 of 100

INFO:__main__:NLL: 0.3059, L2: 0.0068, Reg: 0.0729
INFO:__main__:Total loss 0.3856
INFO:__main__:Predicted mean: -0.0204
INFO:__main__:Predicted uncertainity -0.0069
INFO:__main__:Completed epoch 76 of 100

INFO:__main__:NLL: 0.3060, L2: 0.0064, Reg: 0.0743
INFO:__main__:Total loss 0.3867
INFO:__main__:Predicted mean: -0.0205
INFO:__main__:Predicted uncertainity -0.0064
INFO:__main__:Completed epoch 77 of 100

INFO:__main__:NLL: 0.3060, L2: 0.0062, Reg: 0.0727
INFO:__main__:Total loss 0.3849
INFO:__main__:Predicted mean: -0.0204
INFO:__main__:Predicted uncertainity -0.0067
INFO:__main__:Completed epoch 78 of 100

INFO:__main__:NLL: 0.3059, L2: 0.0063, Reg: 0.0702
INFO:__main__:Total loss 0.3824
INFO:__main__:Predicted mean: -0.0205
INFO:__main__:Predicted uncertainity -0.0069
INFO:__main__:Completed epoch 79 of 100

INFO:__main__:NLL: 0.3059, L2: 0.0059, Reg: 0.0740
INFO:__main__:Total loss 0.3859
INFO:__main__:Predicted mean: -0.0204
INFO:__main__:Predicted uncertainity -0.0068
INFO:__main__:Completed epoch 80 of 100

INFO:__main__:NLL: 0.3059, L2: 0.0062, Reg: 0.0721
INFO:__main__:Total loss 0.3841
INFO:__main__:Predicted mean: -0.0204
INFO:__main__:Predicted uncertainity -0.0068
INFO:__main__:Completed epoch 81 of 100

INFO:__main__:NLL: 0.3059, L2: 0.0065, Reg: 0.0719
INFO:__main__:Total loss 0.3842
INFO:__main__:Predicted mean: -0.0206
INFO:__main__:Predicted uncertainity -0.0067
INFO:__main__:Completed epoch 82 of 100

INFO:__main__:NLL: 0.3059, L2: 0.0062, Reg: 0.0722
INFO:__main__:Total loss 0.3844
INFO:__main__:Predicted mean: -0.0205
INFO:__main__:Predicted uncertainity -0.0068
INFO:__main__:Completed epoch 83 of 100

INFO:__main__:NLL: 0.3059, L2: 0.0063, Reg: 0.0744
INFO:__main__:Total loss 0.3866
INFO:__main__:Predicted mean: -0.0205
INFO:__main__:Predicted uncertainity -0.0069
INFO:__main__:Completed epoch 84 of 100

INFO:__main__:NLL: 0.3060, L2: 0.0062, Reg: 0.0738
INFO:__main__:Total loss 0.3859
INFO:__main__:Predicted mean: -0.0205
INFO:__main__:Predicted uncertainity -0.0067
INFO:__main__:Completed epoch 85 of 100

INFO:__main__:NLL: 0.3060, L2: 0.0063, Reg: 0.0730
INFO:__main__:Total loss 0.3853
INFO:__main__:Predicted mean: -0.0205
INFO:__main__:Predicted uncertainity -0.0067
INFO:__main__:Completed epoch 86 of 100

INFO:__main__:NLL: 0.3059, L2: 0.0062, Reg: 0.0712
INFO:__main__:Total loss 0.3832
INFO:__main__:Predicted mean: -0.0204
INFO:__main__:Predicted uncertainity -0.0071
INFO:__main__:Completed epoch 87 of 100

INFO:__main__:NLL: 0.3060, L2: 0.0067, Reg: 0.0711
INFO:__main__:Total loss 0.3837
INFO:__main__:Predicted mean: -0.0204
INFO:__main__:Predicted uncertainity -0.0067
INFO:__main__:Completed epoch 88 of 100

INFO:__main__:NLL: 0.3060, L2: 0.0066, Reg: 0.0737
INFO:__main__:Total loss 0.3862
INFO:__main__:Predicted mean: -0.0205
INFO:__main__:Predicted uncertainity -0.0067
INFO:__main__:Completed epoch 89 of 100

INFO:__main__:NLL: 0.3059, L2: 0.0067, Reg: 0.0719
INFO:__main__:Total loss 0.3844
INFO:__main__:Predicted mean: -0.0204
INFO:__main__:Predicted uncertainity -0.0070
INFO:__main__:Completed epoch 90 of 100

INFO:__main__:NLL: 0.3059, L2: 0.0064, Reg: 0.0734
INFO:__main__:Total loss 0.3858
INFO:__main__:Predicted mean: -0.0204
INFO:__main__:Predicted uncertainity -0.0068
INFO:__main__:Completed epoch 91 of 100

INFO:__main__:NLL: 0.3060, L2: 0.0066, Reg: 0.0727
INFO:__main__:Total loss 0.3852
INFO:__main__:Predicted mean: -0.0204
INFO:__main__:Predicted uncertainity -0.0067
INFO:__main__:Completed epoch 92 of 100

INFO:__main__:NLL: 0.3060, L2: 0.0065, Reg: 0.0726
INFO:__main__:Total loss 0.3851
INFO:__main__:Predicted mean: -0.0205
INFO:__main__:Predicted uncertainity -0.0066
INFO:__main__:Completed epoch 93 of 100

INFO:__main__:NLL: 0.3059, L2: 0.0065, Reg: 0.0713
INFO:__main__:Total loss 0.3837
INFO:__main__:Predicted mean: -0.0204
INFO:__main__:Predicted uncertainity -0.0070
INFO:__main__:Completed epoch 94 of 100

INFO:__main__:NLL: 0.3059, L2: 0.0063, Reg: 0.0714
INFO:__main__:Total loss 0.3837
INFO:__main__:Predicted mean: -0.0205
INFO:__main__:Predicted uncertainity -0.0069
INFO:__main__:Completed epoch 95 of 100

INFO:__main__:NLL: 0.3059, L2: 0.0063, Reg: 0.0724
INFO:__main__:Total loss 0.3846
INFO:__main__:Predicted mean: -0.0204
INFO:__main__:Predicted uncertainity -0.0071
INFO:__main__:Completed epoch 96 of 100

INFO:__main__:NLL: 0.3060, L2: 0.0061, Reg: 0.0720
INFO:__main__:Total loss 0.3840
INFO:__main__:Predicted mean: -0.0204
INFO:__main__:Predicted uncertainity -0.0067
INFO:__main__:Completed epoch 97 of 100

INFO:__main__:NLL: 0.3059, L2: 0.0063, Reg: 0.0707
INFO:__main__:Total loss 0.3829
INFO:__main__:Predicted mean: -0.0203
INFO:__main__:Predicted uncertainity -0.0071
INFO:__main__:Completed epoch 98 of 100

INFO:__main__:NLL: 0.3059, L2: 0.0065, Reg: 0.0734
INFO:__main__:Total loss 0.3858
INFO:__main__:Predicted mean: -0.0205
INFO:__main__:Predicted uncertainity -0.0068
INFO:__main__:Completed epoch 99 of 100

INFO:__main__:NLL: 0.3059, L2: 0.0066, Reg: 0.0726
INFO:__main__:Total loss 0.3851
INFO:__main__:Predicted mean: -0.0205
INFO:__main__:Predicted uncertainity -0.0068
INFO:__main__:Completed epoch 100 of 100

INFO:__main__:310.162761 s
