INFO:__main__:PROCESS RUNNING ON cpu
INFO:__main__:NLL: 0.0157, L2: 0.0247, Reg: 0.0018
INFO:__main__:Total loss 0.0422
INFO:__main__:Predicted mean: -0.4274
INFO:__main__:Predicted uncertainity -0.7986
INFO:__main__:Completed epoch 1 of 100

INFO:__main__:NLL: 0.1323, L2: 0.0241, Reg: 0.0018
INFO:__main__:Total loss 0.1582
INFO:__main__:Predicted mean: -0.3963
INFO:__main__:Predicted uncertainity -0.7557
INFO:__main__:Completed epoch 2 of 100

INFO:__main__:NLL: 0.1652, L2: 0.0266, Reg: 0.0018
INFO:__main__:Total loss 0.1936
INFO:__main__:Predicted mean: -0.3415
INFO:__main__:Predicted uncertainity -0.7487
INFO:__main__:Completed epoch 3 of 100

INFO:__main__:NLL: -0.0775, L2: 0.0253, Reg: 0.0018
INFO:__main__:Total loss -0.0504
INFO:__main__:Predicted mean: -0.4237
INFO:__main__:Predicted uncertainity -0.8065
INFO:__main__:Completed epoch 4 of 100

INFO:__main__:NLL: 0.0650, L2: 0.0263, Reg: 0.0018
INFO:__main__:Total loss 0.0931
INFO:__main__:Predicted mean: -0.3384
INFO:__main__:Predicted uncertainity -0.8005
INFO:__main__:Completed epoch 5 of 100

INFO:__main__:NLL: -0.0169, L2: 0.0263, Reg: 0.0017
INFO:__main__:Total loss 0.0111
INFO:__main__:Predicted mean: -0.3843
INFO:__main__:Predicted uncertainity -0.6579
INFO:__main__:Completed epoch 6 of 100

INFO:__main__:NLL: -0.0704, L2: 0.0262, Reg: 0.0017
INFO:__main__:Total loss -0.0425
INFO:__main__:Predicted mean: -0.3539
INFO:__main__:Predicted uncertainity -0.6936
INFO:__main__:Completed epoch 7 of 100

INFO:__main__:NLL: 0.3016, L2: 0.0279, Reg: 0.0019
INFO:__main__:Total loss 0.3314
INFO:__main__:Predicted mean: -0.4422
INFO:__main__:Predicted uncertainity -0.8622
INFO:__main__:Completed epoch 8 of 100

INFO:__main__:NLL: 0.0820, L2: 0.0265, Reg: 0.0018
INFO:__main__:Total loss 0.1104
INFO:__main__:Predicted mean: -0.4401
INFO:__main__:Predicted uncertainity -0.8891
INFO:__main__:Completed epoch 9 of 100

INFO:__main__:NLL: 0.2508, L2: 0.0274, Reg: 0.0018
INFO:__main__:Total loss 0.2800
INFO:__main__:Predicted mean: -0.3777
INFO:__main__:Predicted uncertainity -0.7480
INFO:__main__:Completed epoch 10 of 100

INFO:__main__:NLL: 0.0844, L2: 0.0263, Reg: 0.0017
INFO:__main__:Total loss 0.1125
INFO:__main__:Predicted mean: -0.4169
INFO:__main__:Predicted uncertainity -0.7509
INFO:__main__:Completed epoch 11 of 100

INFO:__main__:NLL: 0.1857, L2: 0.0260, Reg: 0.0017
INFO:__main__:Total loss 0.2134
INFO:__main__:Predicted mean: -0.4704
INFO:__main__:Predicted uncertainity -0.7064
INFO:__main__:Completed epoch 12 of 100

INFO:__main__:NLL: 0.0100, L2: 0.0254, Reg: 0.0017
INFO:__main__:Total loss 0.0372
INFO:__main__:Predicted mean: -0.3870
INFO:__main__:Predicted uncertainity -0.7267
INFO:__main__:Completed epoch 13 of 100

INFO:__main__:NLL: 0.1034, L2: 0.0244, Reg: 0.0017
INFO:__main__:Total loss 0.1296
INFO:__main__:Predicted mean: -0.3835
INFO:__main__:Predicted uncertainity -0.7629
INFO:__main__:Completed epoch 14 of 100

INFO:__main__:NLL: 0.0719, L2: 0.0258, Reg: 0.0018
INFO:__main__:Total loss 0.0995
INFO:__main__:Predicted mean: -0.3655
INFO:__main__:Predicted uncertainity -0.7763
INFO:__main__:Completed epoch 15 of 100

INFO:__main__:NLL: 0.2270, L2: 0.0269, Reg: 0.0017
INFO:__main__:Total loss 0.2555
INFO:__main__:Predicted mean: -0.4106
INFO:__main__:Predicted uncertainity -0.7367
INFO:__main__:Completed epoch 16 of 100

INFO:__main__:NLL: 0.1193, L2: 0.0300, Reg: 0.0018
INFO:__main__:Total loss 0.1511
INFO:__main__:Predicted mean: -0.3783
INFO:__main__:Predicted uncertainity -0.8388
INFO:__main__:Completed epoch 17 of 100

INFO:__main__:NLL: 0.1207, L2: 0.0286, Reg: 0.0018
INFO:__main__:Total loss 0.1512
INFO:__main__:Predicted mean: -0.3394
INFO:__main__:Predicted uncertainity -0.7894
INFO:__main__:Completed epoch 18 of 100

INFO:__main__:NLL: 0.0872, L2: 0.0269, Reg: 0.0018
INFO:__main__:Total loss 0.1159
INFO:__main__:Predicted mean: -0.4167
INFO:__main__:Predicted uncertainity -0.8147
INFO:__main__:Completed epoch 19 of 100

INFO:__main__:NLL: 0.0619, L2: 0.0270, Reg: 0.0018
INFO:__main__:Total loss 0.0907
INFO:__main__:Predicted mean: -0.4326
INFO:__main__:Predicted uncertainity -0.7505
INFO:__main__:Completed epoch 20 of 100

INFO:__main__:NLL: 0.0936, L2: 0.0277, Reg: 0.0017
INFO:__main__:Total loss 0.1230
INFO:__main__:Predicted mean: -0.3731
INFO:__main__:Predicted uncertainity -0.6576
INFO:__main__:Completed epoch 21 of 100

INFO:__main__:NLL: -0.0092, L2: 0.0259, Reg: 0.0018
INFO:__main__:Total loss 0.0185
INFO:__main__:Predicted mean: -0.4159
INFO:__main__:Predicted uncertainity -0.7933
INFO:__main__:Completed epoch 22 of 100

INFO:__main__:NLL: 0.3529, L2: 0.0285, Reg: 0.0018
INFO:__main__:Total loss 0.3833
INFO:__main__:Predicted mean: -0.3857
INFO:__main__:Predicted uncertainity -0.8632
INFO:__main__:Completed epoch 23 of 100

INFO:__main__:NLL: 0.0713, L2: 0.0253, Reg: 0.0017
INFO:__main__:Total loss 0.0983
INFO:__main__:Predicted mean: -0.3697
INFO:__main__:Predicted uncertainity -0.6525
INFO:__main__:Completed epoch 24 of 100

INFO:__main__:NLL: 0.1368, L2: 0.0277, Reg: 0.0017
INFO:__main__:Total loss 0.1662
INFO:__main__:Predicted mean: -0.3054
INFO:__main__:Predicted uncertainity -0.6991
INFO:__main__:Completed epoch 25 of 100

INFO:__main__:NLL: 0.1901, L2: 0.0290, Reg: 0.0017
INFO:__main__:Total loss 0.2208
INFO:__main__:Predicted mean: -0.3426
INFO:__main__:Predicted uncertainity -0.6668
INFO:__main__:Completed epoch 26 of 100

INFO:__main__:NLL: 0.0447, L2: 0.0254, Reg: 0.0017
INFO:__main__:Total loss 0.0718
INFO:__main__:Predicted mean: -0.2995
INFO:__main__:Predicted uncertainity -0.7292
INFO:__main__:Completed epoch 27 of 100

INFO:__main__:NLL: 0.0077, L2: 0.0264, Reg: 0.0019
INFO:__main__:Total loss 0.0360
INFO:__main__:Predicted mean: -0.3536
INFO:__main__:Predicted uncertainity -0.8729
INFO:__main__:Completed epoch 28 of 100

INFO:__main__:NLL: 0.1204, L2: 0.0275, Reg: 0.0017
INFO:__main__:Total loss 0.1497
INFO:__main__:Predicted mean: -0.3498
INFO:__main__:Predicted uncertainity -0.7344
INFO:__main__:Completed epoch 29 of 100

INFO:__main__:NLL: 0.0684, L2: 0.0278, Reg: 0.0017
INFO:__main__:Total loss 0.0978
INFO:__main__:Predicted mean: -0.3614
INFO:__main__:Predicted uncertainity -0.6930
INFO:__main__:Completed epoch 30 of 100

INFO:__main__:NLL: -0.0582, L2: 0.0266, Reg: 0.0017
INFO:__main__:Total loss -0.0299
INFO:__main__:Predicted mean: -0.3610
INFO:__main__:Predicted uncertainity -0.7377
INFO:__main__:Completed epoch 31 of 100

INFO:__main__:NLL: 0.0509, L2: 0.0282, Reg: 0.0017
INFO:__main__:Total loss 0.0808
INFO:__main__:Predicted mean: -0.3673
INFO:__main__:Predicted uncertainity -0.7306
INFO:__main__:Completed epoch 32 of 100

INFO:__main__:NLL: 0.1817, L2: 0.0269, Reg: 0.0018
INFO:__main__:Total loss 0.2104
INFO:__main__:Predicted mean: -0.3924
INFO:__main__:Predicted uncertainity -0.8190
INFO:__main__:Completed epoch 33 of 100

INFO:__main__:NLL: 0.1714, L2: 0.0271, Reg: 0.0017
INFO:__main__:Total loss 0.2003
INFO:__main__:Predicted mean: -0.3649
INFO:__main__:Predicted uncertainity -0.7669
INFO:__main__:Completed epoch 34 of 100

INFO:__main__:NLL: 0.1109, L2: 0.0276, Reg: 0.0018
INFO:__main__:Total loss 0.1403
INFO:__main__:Predicted mean: -0.3658
INFO:__main__:Predicted uncertainity -0.8039
INFO:__main__:Completed epoch 35 of 100

INFO:__main__:NLL: 0.0867, L2: 0.0262, Reg: 0.0018
INFO:__main__:Total loss 0.1147
INFO:__main__:Predicted mean: -0.3517
INFO:__main__:Predicted uncertainity -0.7983
INFO:__main__:Completed epoch 36 of 100

INFO:__main__:NLL: 0.3006, L2: 0.0275, Reg: 0.0017
INFO:__main__:Total loss 0.3298
INFO:__main__:Predicted mean: -0.4204
INFO:__main__:Predicted uncertainity -0.6617
INFO:__main__:Completed epoch 37 of 100

INFO:__main__:NLL: -0.0768, L2: 0.0265, Reg: 0.0018
INFO:__main__:Total loss -0.0485
INFO:__main__:Predicted mean: -0.3378
INFO:__main__:Predicted uncertainity -0.8518
INFO:__main__:Completed epoch 38 of 100

INFO:__main__:NLL: 0.1416, L2: 0.0284, Reg: 0.0018
INFO:__main__:Total loss 0.1718
INFO:__main__:Predicted mean: -0.4356
INFO:__main__:Predicted uncertainity -0.8722
INFO:__main__:Completed epoch 39 of 100

INFO:__main__:NLL: 0.0566, L2: 0.0257, Reg: 0.0017
INFO:__main__:Total loss 0.0839
INFO:__main__:Predicted mean: -0.3423
INFO:__main__:Predicted uncertainity -0.6569
INFO:__main__:Completed epoch 40 of 100

INFO:__main__:NLL: 0.0649, L2: 0.0278, Reg: 0.0017
INFO:__main__:Total loss 0.0944
INFO:__main__:Predicted mean: -0.3471
INFO:__main__:Predicted uncertainity -0.6369
INFO:__main__:Completed epoch 41 of 100

INFO:__main__:NLL: 0.3351, L2: 0.0245, Reg: 0.0017
INFO:__main__:Total loss 0.3613
INFO:__main__:Predicted mean: -0.4028
INFO:__main__:Predicted uncertainity -0.7122
INFO:__main__:Completed epoch 42 of 100

INFO:__main__:NLL: 0.0638, L2: 0.0264, Reg: 0.0018
INFO:__main__:Total loss 0.0920
INFO:__main__:Predicted mean: -0.3545
INFO:__main__:Predicted uncertainity -0.7607
INFO:__main__:Completed epoch 43 of 100

INFO:__main__:NLL: 0.0460, L2: 0.0287, Reg: 0.0018
INFO:__main__:Total loss 0.0764
INFO:__main__:Predicted mean: -0.3566
INFO:__main__:Predicted uncertainity -0.7267
INFO:__main__:Completed epoch 44 of 100

INFO:__main__:NLL: 0.1481, L2: 0.0263, Reg: 0.0018
INFO:__main__:Total loss 0.1761
INFO:__main__:Predicted mean: -0.3443
INFO:__main__:Predicted uncertainity -0.7082
INFO:__main__:Completed epoch 45 of 100

INFO:__main__:NLL: 0.1999, L2: 0.0259, Reg: 0.0017
INFO:__main__:Total loss 0.2275
INFO:__main__:Predicted mean: -0.3430
INFO:__main__:Predicted uncertainity -0.6988
INFO:__main__:Completed epoch 46 of 100

INFO:__main__:NLL: -0.0263, L2: 0.0265, Reg: 0.0018
INFO:__main__:Total loss 0.0020
INFO:__main__:Predicted mean: -0.4238
INFO:__main__:Predicted uncertainity -0.8300
INFO:__main__:Completed epoch 47 of 100

INFO:__main__:NLL: 0.3517, L2: 0.0295, Reg: 0.0017
INFO:__main__:Total loss 0.3829
INFO:__main__:Predicted mean: -0.4147
INFO:__main__:Predicted uncertainity -0.6089
INFO:__main__:Completed epoch 48 of 100

INFO:__main__:NLL: 0.0363, L2: 0.0275, Reg: 0.0018
INFO:__main__:Total loss 0.0656
INFO:__main__:Predicted mean: -0.3866
INFO:__main__:Predicted uncertainity -0.8107
INFO:__main__:Completed epoch 49 of 100

INFO:__main__:NLL: 0.0371, L2: 0.0269, Reg: 0.0017
INFO:__main__:Total loss 0.0657
INFO:__main__:Predicted mean: -0.3721
INFO:__main__:Predicted uncertainity -0.6994
INFO:__main__:Completed epoch 50 of 100

INFO:__main__:NLL: 0.1785, L2: 0.0269, Reg: 0.0019
INFO:__main__:Total loss 0.2073
INFO:__main__:Predicted mean: -0.3836
INFO:__main__:Predicted uncertainity -0.9123
INFO:__main__:Completed epoch 51 of 100

INFO:__main__:NLL: 0.1305, L2: 0.0256, Reg: 0.0017
INFO:__main__:Total loss 0.1578
INFO:__main__:Predicted mean: -0.3825
INFO:__main__:Predicted uncertainity -0.6847
INFO:__main__:Completed epoch 52 of 100

INFO:__main__:NLL: 0.1778, L2: 0.0250, Reg: 0.0018
INFO:__main__:Total loss 0.2046
INFO:__main__:Predicted mean: -0.3986
INFO:__main__:Predicted uncertainity -0.7479
INFO:__main__:Completed epoch 53 of 100

INFO:__main__:NLL: 0.0439, L2: 0.0269, Reg: 0.0018
INFO:__main__:Total loss 0.0725
INFO:__main__:Predicted mean: -0.3127
INFO:__main__:Predicted uncertainity -0.8049
INFO:__main__:Completed epoch 54 of 100

INFO:__main__:NLL: 0.0636, L2: 0.0269, Reg: 0.0018
INFO:__main__:Total loss 0.0923
INFO:__main__:Predicted mean: -0.3492
INFO:__main__:Predicted uncertainity -0.8195
INFO:__main__:Completed epoch 55 of 100

INFO:__main__:NLL: 0.0621, L2: 0.0259, Reg: 0.0017
INFO:__main__:Total loss 0.0897
INFO:__main__:Predicted mean: -0.3965
INFO:__main__:Predicted uncertainity -0.7116
INFO:__main__:Completed epoch 56 of 100

INFO:__main__:NLL: 0.1462, L2: 0.0260, Reg: 0.0018
INFO:__main__:Total loss 0.1740
INFO:__main__:Predicted mean: -0.3418
INFO:__main__:Predicted uncertainity -0.7910
INFO:__main__:Completed epoch 57 of 100

INFO:__main__:NLL: 0.1844, L2: 0.0296, Reg: 0.0018
INFO:__main__:Total loss 0.2159
INFO:__main__:Predicted mean: -0.3957
INFO:__main__:Predicted uncertainity -0.7966
INFO:__main__:Completed epoch 58 of 100

INFO:__main__:NLL: 0.1860, L2: 0.0284, Reg: 0.0018
INFO:__main__:Total loss 0.2161
INFO:__main__:Predicted mean: -0.3803
INFO:__main__:Predicted uncertainity -0.7734
INFO:__main__:Completed epoch 59 of 100

INFO:__main__:NLL: 0.0863, L2: 0.0280, Reg: 0.0016
INFO:__main__:Total loss 0.1159
INFO:__main__:Predicted mean: -0.4061
INFO:__main__:Predicted uncertainity -0.5225
INFO:__main__:Completed epoch 60 of 100

INFO:__main__:NLL: 0.0797, L2: 0.0262, Reg: 0.0018
INFO:__main__:Total loss 0.1076
INFO:__main__:Predicted mean: -0.3367
INFO:__main__:Predicted uncertainity -0.7582
INFO:__main__:Completed epoch 61 of 100

INFO:__main__:NLL: 0.1791, L2: 0.0263, Reg: 0.0017
INFO:__main__:Total loss 0.2070
INFO:__main__:Predicted mean: -0.3466
INFO:__main__:Predicted uncertainity -0.6704
INFO:__main__:Completed epoch 62 of 100

INFO:__main__:NLL: 0.0864, L2: 0.0269, Reg: 0.0019
INFO:__main__:Total loss 0.1151
INFO:__main__:Predicted mean: -0.3435
INFO:__main__:Predicted uncertainity -0.8378
INFO:__main__:Completed epoch 63 of 100

INFO:__main__:NLL: 0.2537, L2: 0.0306, Reg: 0.0018
INFO:__main__:Total loss 0.2861
INFO:__main__:Predicted mean: -0.3996
INFO:__main__:Predicted uncertainity -0.7848
INFO:__main__:Completed epoch 64 of 100

INFO:__main__:NLL: -0.0173, L2: 0.0287, Reg: 0.0018
INFO:__main__:Total loss 0.0132
INFO:__main__:Predicted mean: -0.3898
INFO:__main__:Predicted uncertainity -0.8029
INFO:__main__:Completed epoch 65 of 100

INFO:__main__:NLL: 0.1199, L2: 0.0250, Reg: 0.0018
INFO:__main__:Total loss 0.1468
INFO:__main__:Predicted mean: -0.3651
INFO:__main__:Predicted uncertainity -0.7723
INFO:__main__:Completed epoch 66 of 100

INFO:__main__:NLL: 0.0787, L2: 0.0261, Reg: 0.0018
INFO:__main__:Total loss 0.1066
INFO:__main__:Predicted mean: -0.4235
INFO:__main__:Predicted uncertainity -0.8194
INFO:__main__:Completed epoch 67 of 100

INFO:__main__:NLL: 0.0989, L2: 0.0262, Reg: 0.0017
INFO:__main__:Total loss 0.1267
INFO:__main__:Predicted mean: -0.3606
INFO:__main__:Predicted uncertainity -0.7301
INFO:__main__:Completed epoch 68 of 100

INFO:__main__:NLL: 0.0295, L2: 0.0243, Reg: 0.0018
INFO:__main__:Total loss 0.0556
INFO:__main__:Predicted mean: -0.3426
INFO:__main__:Predicted uncertainity -0.7957
INFO:__main__:Completed epoch 69 of 100

INFO:__main__:NLL: -0.0431, L2: 0.0262, Reg: 0.0017
INFO:__main__:Total loss -0.0152
INFO:__main__:Predicted mean: -0.3396
INFO:__main__:Predicted uncertainity -0.7228
INFO:__main__:Completed epoch 70 of 100

INFO:__main__:NLL: 0.1100, L2: 0.0266, Reg: 0.0017
INFO:__main__:Total loss 0.1383
INFO:__main__:Predicted mean: -0.3236
INFO:__main__:Predicted uncertainity -0.7290
INFO:__main__:Completed epoch 71 of 100

INFO:__main__:NLL: 0.0675, L2: 0.0254, Reg: 0.0017
INFO:__main__:Total loss 0.0946
INFO:__main__:Predicted mean: -0.3181
INFO:__main__:Predicted uncertainity -0.7128
INFO:__main__:Completed epoch 72 of 100

INFO:__main__:NLL: -0.0027, L2: 0.0255, Reg: 0.0017
INFO:__main__:Total loss 0.0245
INFO:__main__:Predicted mean: -0.3552
INFO:__main__:Predicted uncertainity -0.6361
INFO:__main__:Completed epoch 73 of 100

INFO:__main__:NLL: -0.0144, L2: 0.0272, Reg: 0.0019
INFO:__main__:Total loss 0.0147
INFO:__main__:Predicted mean: -0.3822
INFO:__main__:Predicted uncertainity -0.9536
INFO:__main__:Completed epoch 74 of 100

INFO:__main__:NLL: 0.1081, L2: 0.0255, Reg: 0.0017
INFO:__main__:Total loss 0.1352
INFO:__main__:Predicted mean: -0.3657
INFO:__main__:Predicted uncertainity -0.7081
INFO:__main__:Completed epoch 75 of 100

INFO:__main__:NLL: 0.1413, L2: 0.0274, Reg: 0.0018
INFO:__main__:Total loss 0.1705
INFO:__main__:Predicted mean: -0.3846
INFO:__main__:Predicted uncertainity -0.7589
INFO:__main__:Completed epoch 76 of 100

INFO:__main__:NLL: 0.1444, L2: 0.0275, Reg: 0.0017
INFO:__main__:Total loss 0.1736
INFO:__main__:Predicted mean: -0.3475
INFO:__main__:Predicted uncertainity -0.6602
INFO:__main__:Completed epoch 77 of 100

INFO:__main__:NLL: 0.0280, L2: 0.0269, Reg: 0.0017
INFO:__main__:Total loss 0.0566
INFO:__main__:Predicted mean: -0.4349
INFO:__main__:Predicted uncertainity -0.6761
INFO:__main__:Completed epoch 78 of 100

INFO:__main__:NLL: 0.1137, L2: 0.0261, Reg: 0.0017
INFO:__main__:Total loss 0.1416
INFO:__main__:Predicted mean: -0.3617
INFO:__main__:Predicted uncertainity -0.7252
INFO:__main__:Completed epoch 79 of 100

INFO:__main__:NLL: 0.0023, L2: 0.0266, Reg: 0.0017
INFO:__main__:Total loss 0.0307
INFO:__main__:Predicted mean: -0.3644
INFO:__main__:Predicted uncertainity -0.6409
INFO:__main__:Completed epoch 80 of 100

INFO:__main__:NLL: 0.0298, L2: 0.0277, Reg: 0.0017
INFO:__main__:Total loss 0.0592
INFO:__main__:Predicted mean: -0.3468
INFO:__main__:Predicted uncertainity -0.6292
INFO:__main__:Completed epoch 81 of 100

INFO:__main__:NLL: 0.0650, L2: 0.0259, Reg: 0.0017
INFO:__main__:Total loss 0.0926
INFO:__main__:Predicted mean: -0.3430
INFO:__main__:Predicted uncertainity -0.6831
INFO:__main__:Completed epoch 82 of 100

INFO:__main__:NLL: 0.3335, L2: 0.0253, Reg: 0.0017
INFO:__main__:Total loss 0.3605
INFO:__main__:Predicted mean: -0.4236
INFO:__main__:Predicted uncertainity -0.7182
INFO:__main__:Completed epoch 83 of 100

INFO:__main__:NLL: 0.0139, L2: 0.0282, Reg: 0.0016
INFO:__main__:Total loss 0.0437
INFO:__main__:Predicted mean: -0.3873
INFO:__main__:Predicted uncertainity -0.6277
INFO:__main__:Completed epoch 84 of 100

INFO:__main__:NLL: 0.1506, L2: 0.0266, Reg: 0.0017
INFO:__main__:Total loss 0.1790
INFO:__main__:Predicted mean: -0.3205
INFO:__main__:Predicted uncertainity -0.7704
INFO:__main__:Completed epoch 85 of 100

INFO:__main__:NLL: 0.0230, L2: 0.0262, Reg: 0.0018
INFO:__main__:Total loss 0.0509
INFO:__main__:Predicted mean: -0.3615
INFO:__main__:Predicted uncertainity -0.7745
INFO:__main__:Completed epoch 86 of 100

INFO:__main__:NLL: 0.0509, L2: 0.0256, Reg: 0.0018
INFO:__main__:Total loss 0.0783
INFO:__main__:Predicted mean: -0.4296
INFO:__main__:Predicted uncertainity -0.7545
INFO:__main__:Completed epoch 87 of 100

INFO:__main__:NLL: 0.1622, L2: 0.0262, Reg: 0.0018
INFO:__main__:Total loss 0.1902
INFO:__main__:Predicted mean: -0.3585
INFO:__main__:Predicted uncertainity -0.8455
INFO:__main__:Completed epoch 88 of 100

INFO:__main__:NLL: 0.4097, L2: 0.0274, Reg: 0.0017
INFO:__main__:Total loss 0.4387
INFO:__main__:Predicted mean: -0.3518
INFO:__main__:Predicted uncertainity -0.7373
INFO:__main__:Completed epoch 89 of 100

INFO:__main__:NLL: 0.1149, L2: 0.0262, Reg: 0.0017
INFO:__main__:Total loss 0.1428
INFO:__main__:Predicted mean: -0.3338
INFO:__main__:Predicted uncertainity -0.6833
INFO:__main__:Completed epoch 90 of 100

INFO:__main__:NLL: 0.1062, L2: 0.0273, Reg: 0.0017
INFO:__main__:Total loss 0.1353
INFO:__main__:Predicted mean: -0.3101
INFO:__main__:Predicted uncertainity -0.6693
INFO:__main__:Completed epoch 91 of 100

INFO:__main__:NLL: 0.0172, L2: 0.0260, Reg: 0.0018
INFO:__main__:Total loss 0.0450
INFO:__main__:Predicted mean: -0.3806
INFO:__main__:Predicted uncertainity -0.7702
INFO:__main__:Completed epoch 92 of 100

INFO:__main__:NLL: 0.1761, L2: 0.0261, Reg: 0.0018
INFO:__main__:Total loss 0.2040
INFO:__main__:Predicted mean: -0.3586
INFO:__main__:Predicted uncertainity -0.7885
INFO:__main__:Completed epoch 93 of 100

INFO:__main__:NLL: 0.2009, L2: 0.0282, Reg: 0.0018
INFO:__main__:Total loss 0.2310
INFO:__main__:Predicted mean: -0.3904
INFO:__main__:Predicted uncertainity -0.8309
INFO:__main__:Completed epoch 94 of 100

INFO:__main__:NLL: 0.1790, L2: 0.0255, Reg: 0.0018
INFO:__main__:Total loss 0.2062
INFO:__main__:Predicted mean: -0.3890
INFO:__main__:Predicted uncertainity -0.7765
INFO:__main__:Completed epoch 95 of 100

INFO:__main__:NLL: 0.2263, L2: 0.0265, Reg: 0.0017
INFO:__main__:Total loss 0.2545
INFO:__main__:Predicted mean: -0.4161
INFO:__main__:Predicted uncertainity -0.7420
INFO:__main__:Completed epoch 96 of 100

INFO:__main__:NLL: 0.1526, L2: 0.0275, Reg: 0.0017
INFO:__main__:Total loss 0.1819
INFO:__main__:Predicted mean: -0.3768
INFO:__main__:Predicted uncertainity -0.7165
INFO:__main__:Completed epoch 97 of 100

INFO:__main__:NLL: -0.0073, L2: 0.0280, Reg: 0.0017
INFO:__main__:Total loss 0.0224
INFO:__main__:Predicted mean: -0.3286
INFO:__main__:Predicted uncertainity -0.7518
INFO:__main__:Completed epoch 98 of 100

INFO:__main__:NLL: -0.0040, L2: 0.0282, Reg: 0.0018
INFO:__main__:Total loss 0.0261
INFO:__main__:Predicted mean: -0.3538
INFO:__main__:Predicted uncertainity -0.7913
INFO:__main__:Completed epoch 99 of 100

INFO:__main__:NLL: 0.1688, L2: 0.0270, Reg: 0.0017
INFO:__main__:Total loss 0.1976
INFO:__main__:Predicted mean: -0.3352
INFO:__main__:Predicted uncertainity -0.7526
INFO:__main__:Completed epoch 100 of 100

INFO:__main__:725.397259 s
