INFO:__main__:PROCESS RUNNING ON cpu
INFO:__main__:NLL: 0.1996, L2: 0.0269, Reg: 0.0027
INFO:__main__:Total loss 0.2292
INFO:__main__:Predicted mean: -0.3863
INFO:__main__:Predicted uncertainity -0.7373
INFO:__main__:Completed epoch 1 of 100

INFO:__main__:NLL: 0.0697, L2: 0.0280, Reg: 0.0027
INFO:__main__:Total loss 0.1005
INFO:__main__:Predicted mean: -0.4015
INFO:__main__:Predicted uncertainity -0.8260
INFO:__main__:Completed epoch 2 of 100

INFO:__main__:NLL: 0.0660, L2: 0.0276, Reg: 0.0027
INFO:__main__:Total loss 0.0964
INFO:__main__:Predicted mean: -0.4160
INFO:__main__:Predicted uncertainity -0.7734
INFO:__main__:Completed epoch 3 of 100

INFO:__main__:NLL: -0.0397, L2: 0.0298, Reg: 0.0027
INFO:__main__:Total loss -0.0072
INFO:__main__:Predicted mean: -0.3604
INFO:__main__:Predicted uncertainity -0.7474
INFO:__main__:Completed epoch 4 of 100

INFO:__main__:NLL: 0.1199, L2: 0.0291, Reg: 0.0027
INFO:__main__:Total loss 0.1517
INFO:__main__:Predicted mean: -0.3974
INFO:__main__:Predicted uncertainity -0.7322
INFO:__main__:Completed epoch 5 of 100

INFO:__main__:NLL: 0.2061, L2: 0.0277, Reg: 0.0027
INFO:__main__:Total loss 0.2366
INFO:__main__:Predicted mean: -0.4066
INFO:__main__:Predicted uncertainity -0.7660
INFO:__main__:Completed epoch 6 of 100

INFO:__main__:NLL: 0.1371, L2: 0.0297, Reg: 0.0027
INFO:__main__:Total loss 0.1696
INFO:__main__:Predicted mean: -0.3836
INFO:__main__:Predicted uncertainity -0.7102
INFO:__main__:Completed epoch 7 of 100

INFO:__main__:NLL: 0.2787, L2: 0.0278, Reg: 0.0027
INFO:__main__:Total loss 0.3092
INFO:__main__:Predicted mean: -0.3861
INFO:__main__:Predicted uncertainity -0.8342
INFO:__main__:Completed epoch 8 of 100

INFO:__main__:NLL: 0.0292, L2: 0.0275, Reg: 0.0027
INFO:__main__:Total loss 0.0595
INFO:__main__:Predicted mean: -0.3693
INFO:__main__:Predicted uncertainity -0.8292
INFO:__main__:Completed epoch 9 of 100

INFO:__main__:NLL: 0.2889, L2: 0.0286, Reg: 0.0027
INFO:__main__:Total loss 0.3202
INFO:__main__:Predicted mean: -0.4021
INFO:__main__:Predicted uncertainity -0.7640
INFO:__main__:Completed epoch 10 of 100

INFO:__main__:NLL: 0.0125, L2: 0.0282, Reg: 0.0027
INFO:__main__:Total loss 0.0434
INFO:__main__:Predicted mean: -0.3928
INFO:__main__:Predicted uncertainity -0.8573
INFO:__main__:Completed epoch 11 of 100

INFO:__main__:NLL: 0.1841, L2: 0.0256, Reg: 0.0027
INFO:__main__:Total loss 0.2124
INFO:__main__:Predicted mean: -0.3783
INFO:__main__:Predicted uncertainity -0.6292
INFO:__main__:Completed epoch 12 of 100

INFO:__main__:NLL: -0.0221, L2: 0.0292, Reg: 0.0027
INFO:__main__:Total loss 0.0099
INFO:__main__:Predicted mean: -0.3535
INFO:__main__:Predicted uncertainity -0.7981
INFO:__main__:Completed epoch 13 of 100

INFO:__main__:NLL: 0.2844, L2: 0.0285, Reg: 0.0027
INFO:__main__:Total loss 0.3157
INFO:__main__:Predicted mean: -0.3661
INFO:__main__:Predicted uncertainity -0.8122
INFO:__main__:Completed epoch 14 of 100

INFO:__main__:NLL: 0.1717, L2: 0.0287, Reg: 0.0027
INFO:__main__:Total loss 0.2031
INFO:__main__:Predicted mean: -0.3810
INFO:__main__:Predicted uncertainity -0.8275
INFO:__main__:Completed epoch 15 of 100

INFO:__main__:NLL: 0.2058, L2: 0.0289, Reg: 0.0027
INFO:__main__:Total loss 0.2374
INFO:__main__:Predicted mean: -0.3619
INFO:__main__:Predicted uncertainity -0.8301
INFO:__main__:Completed epoch 16 of 100

INFO:__main__:NLL: 0.1038, L2: 0.0261, Reg: 0.0027
INFO:__main__:Total loss 0.1326
INFO:__main__:Predicted mean: -0.3829
INFO:__main__:Predicted uncertainity -0.7807
INFO:__main__:Completed epoch 17 of 100

INFO:__main__:NLL: 0.1786, L2: 0.0271, Reg: 0.0027
INFO:__main__:Total loss 0.2084
INFO:__main__:Predicted mean: -0.4094
INFO:__main__:Predicted uncertainity -0.6888
INFO:__main__:Completed epoch 18 of 100

INFO:__main__:NLL: -0.0984, L2: 0.0286, Reg: 0.0027
INFO:__main__:Total loss -0.0671
INFO:__main__:Predicted mean: -0.3978
INFO:__main__:Predicted uncertainity -0.7702
INFO:__main__:Completed epoch 19 of 100

INFO:__main__:NLL: 0.0849, L2: 0.0272, Reg: 0.0027
INFO:__main__:Total loss 0.1148
INFO:__main__:Predicted mean: -0.3929
INFO:__main__:Predicted uncertainity -0.6799
INFO:__main__:Completed epoch 20 of 100

INFO:__main__:NLL: -0.0316, L2: 0.0284, Reg: 0.0027
INFO:__main__:Total loss -0.0005
INFO:__main__:Predicted mean: -0.3693
INFO:__main__:Predicted uncertainity -0.6966
INFO:__main__:Completed epoch 21 of 100

INFO:__main__:NLL: 0.0771, L2: 0.0293, Reg: 0.0027
INFO:__main__:Total loss 0.1091
INFO:__main__:Predicted mean: -0.3380
INFO:__main__:Predicted uncertainity -0.8236
INFO:__main__:Completed epoch 22 of 100

INFO:__main__:NLL: 0.1389, L2: 0.0280, Reg: 0.0027
INFO:__main__:Total loss 0.1697
INFO:__main__:Predicted mean: -0.3890
INFO:__main__:Predicted uncertainity -0.7049
INFO:__main__:Completed epoch 23 of 100

INFO:__main__:NLL: 0.2487, L2: 0.0284, Reg: 0.0027
INFO:__main__:Total loss 0.2799
INFO:__main__:Predicted mean: -0.3616
INFO:__main__:Predicted uncertainity -0.6940
INFO:__main__:Completed epoch 24 of 100

INFO:__main__:NLL: 0.1743, L2: 0.0297, Reg: 0.0027
INFO:__main__:Total loss 0.2068
INFO:__main__:Predicted mean: -0.3826
INFO:__main__:Predicted uncertainity -0.7595
INFO:__main__:Completed epoch 25 of 100

INFO:__main__:NLL: -0.0559, L2: 0.0299, Reg: 0.0027
INFO:__main__:Total loss -0.0233
INFO:__main__:Predicted mean: -0.3707
INFO:__main__:Predicted uncertainity -0.6750
INFO:__main__:Completed epoch 26 of 100

INFO:__main__:NLL: 0.1914, L2: 0.0290, Reg: 0.0027
INFO:__main__:Total loss 0.2232
INFO:__main__:Predicted mean: -0.3858
INFO:__main__:Predicted uncertainity -0.8008
INFO:__main__:Completed epoch 27 of 100

INFO:__main__:NLL: 0.1417, L2: 0.0275, Reg: 0.0027
INFO:__main__:Total loss 0.1719
INFO:__main__:Predicted mean: -0.3696
INFO:__main__:Predicted uncertainity -0.6490
INFO:__main__:Completed epoch 28 of 100

INFO:__main__:NLL: 0.1246, L2: 0.0279, Reg: 0.0027
INFO:__main__:Total loss 0.1553
INFO:__main__:Predicted mean: -0.3591
INFO:__main__:Predicted uncertainity -0.8079
INFO:__main__:Completed epoch 29 of 100

INFO:__main__:NLL: 0.1264, L2: 0.0272, Reg: 0.0027
INFO:__main__:Total loss 0.1563
INFO:__main__:Predicted mean: -0.3473
INFO:__main__:Predicted uncertainity -0.6764
INFO:__main__:Completed epoch 30 of 100

INFO:__main__:NLL: 0.1723, L2: 0.0269, Reg: 0.0027
INFO:__main__:Total loss 0.2019
INFO:__main__:Predicted mean: -0.3993
INFO:__main__:Predicted uncertainity -0.7848
INFO:__main__:Completed epoch 31 of 100

INFO:__main__:NLL: -0.0555, L2: 0.0296, Reg: 0.0027
INFO:__main__:Total loss -0.0232
INFO:__main__:Predicted mean: -0.3598
INFO:__main__:Predicted uncertainity -0.8604
INFO:__main__:Completed epoch 32 of 100

INFO:__main__:NLL: 0.1147, L2: 0.0293, Reg: 0.0027
INFO:__main__:Total loss 0.1468
INFO:__main__:Predicted mean: -0.4336
INFO:__main__:Predicted uncertainity -0.7679
INFO:__main__:Completed epoch 33 of 100

INFO:__main__:NLL: 0.0300, L2: 0.0298, Reg: 0.0027
INFO:__main__:Total loss 0.0625
INFO:__main__:Predicted mean: -0.3391
INFO:__main__:Predicted uncertainity -0.7342
INFO:__main__:Completed epoch 34 of 100

INFO:__main__:NLL: -0.0318, L2: 0.0281, Reg: 0.0027
INFO:__main__:Total loss -0.0009
INFO:__main__:Predicted mean: -0.3646
INFO:__main__:Predicted uncertainity -0.7660
INFO:__main__:Completed epoch 35 of 100

INFO:__main__:NLL: 0.1488, L2: 0.0265, Reg: 0.0027
INFO:__main__:Total loss 0.1781
INFO:__main__:Predicted mean: -0.3371
INFO:__main__:Predicted uncertainity -0.8682
INFO:__main__:Completed epoch 36 of 100

INFO:__main__:NLL: -0.0002, L2: 0.0287, Reg: 0.0027
INFO:__main__:Total loss 0.0311
INFO:__main__:Predicted mean: -0.3358
INFO:__main__:Predicted uncertainity -0.7684
INFO:__main__:Completed epoch 37 of 100

INFO:__main__:NLL: 0.2542, L2: 0.0289, Reg: 0.0027
INFO:__main__:Total loss 0.2858
INFO:__main__:Predicted mean: -0.3790
INFO:__main__:Predicted uncertainity -0.7998
INFO:__main__:Completed epoch 38 of 100

INFO:__main__:NLL: 0.2236, L2: 0.0288, Reg: 0.0027
INFO:__main__:Total loss 0.2552
INFO:__main__:Predicted mean: -0.4447
INFO:__main__:Predicted uncertainity -0.7677
INFO:__main__:Completed epoch 39 of 100

INFO:__main__:NLL: 0.1520, L2: 0.0295, Reg: 0.0027
INFO:__main__:Total loss 0.1843
INFO:__main__:Predicted mean: -0.4385
INFO:__main__:Predicted uncertainity -0.6107
INFO:__main__:Completed epoch 40 of 100

INFO:__main__:NLL: -0.0840, L2: 0.0273, Reg: 0.0027
INFO:__main__:Total loss -0.0539
INFO:__main__:Predicted mean: -0.3885
INFO:__main__:Predicted uncertainity -0.8064
INFO:__main__:Completed epoch 41 of 100

INFO:__main__:NLL: 0.0587, L2: 0.0289, Reg: 0.0027
INFO:__main__:Total loss 0.0904
INFO:__main__:Predicted mean: -0.4443
INFO:__main__:Predicted uncertainity -0.6916
INFO:__main__:Completed epoch 42 of 100

INFO:__main__:NLL: 0.2216, L2: 0.0274, Reg: 0.0027
INFO:__main__:Total loss 0.2518
INFO:__main__:Predicted mean: -0.3761
INFO:__main__:Predicted uncertainity -0.7501
INFO:__main__:Completed epoch 43 of 100

INFO:__main__:NLL: 0.3164, L2: 0.0281, Reg: 0.0027
INFO:__main__:Total loss 0.3472
INFO:__main__:Predicted mean: -0.4316
INFO:__main__:Predicted uncertainity -0.7798
INFO:__main__:Completed epoch 44 of 100

INFO:__main__:NLL: 0.1147, L2: 0.0248, Reg: 0.0027
INFO:__main__:Total loss 0.1423
INFO:__main__:Predicted mean: -0.4006
INFO:__main__:Predicted uncertainity -0.7653
INFO:__main__:Completed epoch 45 of 100

INFO:__main__:NLL: 0.1444, L2: 0.0277, Reg: 0.0027
INFO:__main__:Total loss 0.1749
INFO:__main__:Predicted mean: -0.3435
INFO:__main__:Predicted uncertainity -0.8096
INFO:__main__:Completed epoch 46 of 100

INFO:__main__:NLL: 0.0872, L2: 0.0280, Reg: 0.0027
INFO:__main__:Total loss 0.1180
INFO:__main__:Predicted mean: -0.4108
INFO:__main__:Predicted uncertainity -0.7689
INFO:__main__:Completed epoch 47 of 100

INFO:__main__:NLL: 0.0468, L2: 0.0296, Reg: 0.0027
INFO:__main__:Total loss 0.0791
INFO:__main__:Predicted mean: -0.3844
INFO:__main__:Predicted uncertainity -0.7123
INFO:__main__:Completed epoch 48 of 100

INFO:__main__:NLL: -0.0221, L2: 0.0270, Reg: 0.0027
INFO:__main__:Total loss 0.0077
INFO:__main__:Predicted mean: -0.3537
INFO:__main__:Predicted uncertainity -0.6776
INFO:__main__:Completed epoch 49 of 100

INFO:__main__:NLL: -0.0055, L2: 0.0284, Reg: 0.0027
INFO:__main__:Total loss 0.0257
INFO:__main__:Predicted mean: -0.3814
INFO:__main__:Predicted uncertainity -0.7823
INFO:__main__:Completed epoch 50 of 100

INFO:__main__:NLL: 0.3143, L2: 0.0290, Reg: 0.0027
INFO:__main__:Total loss 0.3461
INFO:__main__:Predicted mean: -0.3878
INFO:__main__:Predicted uncertainity -0.8304
INFO:__main__:Completed epoch 51 of 100

INFO:__main__:NLL: -0.0574, L2: 0.0291, Reg: 0.0027
INFO:__main__:Total loss -0.0255
INFO:__main__:Predicted mean: -0.3717
INFO:__main__:Predicted uncertainity -0.8006
INFO:__main__:Completed epoch 52 of 100

INFO:__main__:NLL: 0.0445, L2: 0.0281, Reg: 0.0027
INFO:__main__:Total loss 0.0754
INFO:__main__:Predicted mean: -0.3629
INFO:__main__:Predicted uncertainity -0.6071
INFO:__main__:Completed epoch 53 of 100

INFO:__main__:NLL: 0.2369, L2: 0.0276, Reg: 0.0027
INFO:__main__:Total loss 0.2672
INFO:__main__:Predicted mean: -0.3770
INFO:__main__:Predicted uncertainity -0.7406
INFO:__main__:Completed epoch 54 of 100

INFO:__main__:NLL: 0.2658, L2: 0.0291, Reg: 0.0027
INFO:__main__:Total loss 0.2977
INFO:__main__:Predicted mean: -0.3202
INFO:__main__:Predicted uncertainity -0.7702
INFO:__main__:Completed epoch 55 of 100

INFO:__main__:NLL: 0.3028, L2: 0.0296, Reg: 0.0027
INFO:__main__:Total loss 0.3351
INFO:__main__:Predicted mean: -0.4297
INFO:__main__:Predicted uncertainity -0.7194
INFO:__main__:Completed epoch 56 of 100

INFO:__main__:NLL: 0.0615, L2: 0.0291, Reg: 0.0027
INFO:__main__:Total loss 0.0933
INFO:__main__:Predicted mean: -0.4097
INFO:__main__:Predicted uncertainity -0.6781
INFO:__main__:Completed epoch 57 of 100

INFO:__main__:NLL: 0.0585, L2: 0.0285, Reg: 0.0027
INFO:__main__:Total loss 0.0896
INFO:__main__:Predicted mean: -0.4590
INFO:__main__:Predicted uncertainity -0.7466
INFO:__main__:Completed epoch 58 of 100

INFO:__main__:NLL: -0.0285, L2: 0.0291, Reg: 0.0027
INFO:__main__:Total loss 0.0034
INFO:__main__:Predicted mean: -0.3198
INFO:__main__:Predicted uncertainity -0.7272
INFO:__main__:Completed epoch 59 of 100

INFO:__main__:NLL: 0.1042, L2: 0.0297, Reg: 0.0027
INFO:__main__:Total loss 0.1366
INFO:__main__:Predicted mean: -0.4125
INFO:__main__:Predicted uncertainity -0.8019
INFO:__main__:Completed epoch 60 of 100

INFO:__main__:NLL: 0.1555, L2: 0.0293, Reg: 0.0027
INFO:__main__:Total loss 0.1876
INFO:__main__:Predicted mean: -0.3560
INFO:__main__:Predicted uncertainity -0.7031
INFO:__main__:Completed epoch 61 of 100

INFO:__main__:NLL: 0.1592, L2: 0.0291, Reg: 0.0027
INFO:__main__:Total loss 0.1911
INFO:__main__:Predicted mean: -0.3521
INFO:__main__:Predicted uncertainity -0.7004
INFO:__main__:Completed epoch 62 of 100

INFO:__main__:NLL: 0.0831, L2: 0.0286, Reg: 0.0027
INFO:__main__:Total loss 0.1144
INFO:__main__:Predicted mean: -0.4566
INFO:__main__:Predicted uncertainity -0.7677
INFO:__main__:Completed epoch 63 of 100

INFO:__main__:NLL: -0.0001, L2: 0.0284, Reg: 0.0027
INFO:__main__:Total loss 0.0310
INFO:__main__:Predicted mean: -0.3609
INFO:__main__:Predicted uncertainity -0.7611
INFO:__main__:Completed epoch 64 of 100

INFO:__main__:NLL: 0.0083, L2: 0.0291, Reg: 0.0027
INFO:__main__:Total loss 0.0401
INFO:__main__:Predicted mean: -0.3393
INFO:__main__:Predicted uncertainity -0.7308
INFO:__main__:Completed epoch 65 of 100

INFO:__main__:NLL: 0.1634, L2: 0.0293, Reg: 0.0027
INFO:__main__:Total loss 0.1955
INFO:__main__:Predicted mean: -0.4123
INFO:__main__:Predicted uncertainity -0.7987
INFO:__main__:Completed epoch 66 of 100

INFO:__main__:NLL: 0.0535, L2: 0.0279, Reg: 0.0027
INFO:__main__:Total loss 0.0841
INFO:__main__:Predicted mean: -0.3608
INFO:__main__:Predicted uncertainity -0.7295
INFO:__main__:Completed epoch 67 of 100

INFO:__main__:NLL: 0.0180, L2: 0.0291, Reg: 0.0027
INFO:__main__:Total loss 0.0499
INFO:__main__:Predicted mean: -0.3679
INFO:__main__:Predicted uncertainity -0.8464
INFO:__main__:Completed epoch 68 of 100

INFO:__main__:NLL: 0.0702, L2: 0.0300, Reg: 0.0027
INFO:__main__:Total loss 0.1028
INFO:__main__:Predicted mean: -0.4153
INFO:__main__:Predicted uncertainity -0.8259
INFO:__main__:Completed epoch 69 of 100

INFO:__main__:NLL: 0.5150, L2: 0.0282, Reg: 0.0027
INFO:__main__:Total loss 0.5460
INFO:__main__:Predicted mean: -0.4350
INFO:__main__:Predicted uncertainity -0.7449
INFO:__main__:Completed epoch 70 of 100

INFO:__main__:NLL: -0.0664, L2: 0.0270, Reg: 0.0027
INFO:__main__:Total loss -0.0367
INFO:__main__:Predicted mean: -0.4009
INFO:__main__:Predicted uncertainity -0.8135
INFO:__main__:Completed epoch 71 of 100

INFO:__main__:NLL: 0.2398, L2: 0.0288, Reg: 0.0027
INFO:__main__:Total loss 0.2714
INFO:__main__:Predicted mean: -0.4189
INFO:__main__:Predicted uncertainity -0.8154
INFO:__main__:Completed epoch 72 of 100

INFO:__main__:NLL: 0.3176, L2: 0.0296, Reg: 0.0027
INFO:__main__:Total loss 0.3499
INFO:__main__:Predicted mean: -0.3643
INFO:__main__:Predicted uncertainity -0.8232
INFO:__main__:Completed epoch 73 of 100

INFO:__main__:NLL: 0.1593, L2: 0.0297, Reg: 0.0027
INFO:__main__:Total loss 0.1917
INFO:__main__:Predicted mean: -0.4079
INFO:__main__:Predicted uncertainity -0.8179
INFO:__main__:Completed epoch 74 of 100

INFO:__main__:NLL: 0.0500, L2: 0.0285, Reg: 0.0027
INFO:__main__:Total loss 0.0813
INFO:__main__:Predicted mean: -0.3768
INFO:__main__:Predicted uncertainity -0.7766
INFO:__main__:Completed epoch 75 of 100

INFO:__main__:NLL: 0.1633, L2: 0.0285, Reg: 0.0027
INFO:__main__:Total loss 0.1946
INFO:__main__:Predicted mean: -0.4451
INFO:__main__:Predicted uncertainity -0.7263
INFO:__main__:Completed epoch 76 of 100

INFO:__main__:NLL: 0.2227, L2: 0.0283, Reg: 0.0027
INFO:__main__:Total loss 0.2538
INFO:__main__:Predicted mean: -0.3961
INFO:__main__:Predicted uncertainity -0.7785
INFO:__main__:Completed epoch 77 of 100

INFO:__main__:NLL: 0.1473, L2: 0.0272, Reg: 0.0027
INFO:__main__:Total loss 0.1773
INFO:__main__:Predicted mean: -0.3819
INFO:__main__:Predicted uncertainity -0.7464
INFO:__main__:Completed epoch 78 of 100

INFO:__main__:NLL: 0.2824, L2: 0.0273, Reg: 0.0027
INFO:__main__:Total loss 0.3124
INFO:__main__:Predicted mean: -0.3473
INFO:__main__:Predicted uncertainity -0.6896
INFO:__main__:Completed epoch 79 of 100

INFO:__main__:NLL: 0.0853, L2: 0.0298, Reg: 0.0027
INFO:__main__:Total loss 0.1178
INFO:__main__:Predicted mean: -0.3530
INFO:__main__:Predicted uncertainity -0.6779
INFO:__main__:Completed epoch 80 of 100

INFO:__main__:NLL: 0.0065, L2: 0.0276, Reg: 0.0027
INFO:__main__:Total loss 0.0368
INFO:__main__:Predicted mean: -0.3921
INFO:__main__:Predicted uncertainity -0.7704
INFO:__main__:Completed epoch 81 of 100

INFO:__main__:NLL: 0.0939, L2: 0.0272, Reg: 0.0027
INFO:__main__:Total loss 0.1238
INFO:__main__:Predicted mean: -0.4119
INFO:__main__:Predicted uncertainity -0.7291
INFO:__main__:Completed epoch 82 of 100

INFO:__main__:NLL: 0.0159, L2: 0.0278, Reg: 0.0027
INFO:__main__:Total loss 0.0464
INFO:__main__:Predicted mean: -0.3842
INFO:__main__:Predicted uncertainity -0.7854
INFO:__main__:Completed epoch 83 of 100

INFO:__main__:NLL: 0.3860, L2: 0.0295, Reg: 0.0027
INFO:__main__:Total loss 0.4182
INFO:__main__:Predicted mean: -0.3665
INFO:__main__:Predicted uncertainity -0.6326
INFO:__main__:Completed epoch 84 of 100

INFO:__main__:NLL: 0.0740, L2: 0.0279, Reg: 0.0027
INFO:__main__:Total loss 0.1046
INFO:__main__:Predicted mean: -0.3968
INFO:__main__:Predicted uncertainity -0.6755
INFO:__main__:Completed epoch 85 of 100

INFO:__main__:NLL: -0.0285, L2: 0.0291, Reg: 0.0027
INFO:__main__:Total loss 0.0033
INFO:__main__:Predicted mean: -0.4108
INFO:__main__:Predicted uncertainity -0.8023
INFO:__main__:Completed epoch 86 of 100

INFO:__main__:NLL: 0.1706, L2: 0.0298, Reg: 0.0027
INFO:__main__:Total loss 0.2031
INFO:__main__:Predicted mean: -0.4540
INFO:__main__:Predicted uncertainity -0.6674
INFO:__main__:Completed epoch 87 of 100

INFO:__main__:NLL: 0.0439, L2: 0.0293, Reg: 0.0027
INFO:__main__:Total loss 0.0759
INFO:__main__:Predicted mean: -0.3748
INFO:__main__:Predicted uncertainity -0.6989
INFO:__main__:Completed epoch 88 of 100

INFO:__main__:NLL: 0.0103, L2: 0.0280, Reg: 0.0027
INFO:__main__:Total loss 0.0409
INFO:__main__:Predicted mean: -0.3478
INFO:__main__:Predicted uncertainity -0.8153
INFO:__main__:Completed epoch 89 of 100

INFO:__main__:NLL: 0.1328, L2: 0.0289, Reg: 0.0027
INFO:__main__:Total loss 0.1644
INFO:__main__:Predicted mean: -0.4070
INFO:__main__:Predicted uncertainity -0.7682
INFO:__main__:Completed epoch 90 of 100

INFO:__main__:NLL: 0.0976, L2: 0.0283, Reg: 0.0027
INFO:__main__:Total loss 0.1286
INFO:__main__:Predicted mean: -0.4190
INFO:__main__:Predicted uncertainity -0.7837
INFO:__main__:Completed epoch 91 of 100

INFO:__main__:NLL: 0.0690, L2: 0.0278, Reg: 0.0027
INFO:__main__:Total loss 0.0995
INFO:__main__:Predicted mean: -0.3986
INFO:__main__:Predicted uncertainity -0.8972
INFO:__main__:Completed epoch 92 of 100

INFO:__main__:NLL: 0.0620, L2: 0.0295, Reg: 0.0027
INFO:__main__:Total loss 0.0942
INFO:__main__:Predicted mean: -0.4086
INFO:__main__:Predicted uncertainity -0.6420
INFO:__main__:Completed epoch 93 of 100

INFO:__main__:NLL: 0.0831, L2: 0.0322, Reg: 0.0027
INFO:__main__:Total loss 0.1181
INFO:__main__:Predicted mean: -0.3438
INFO:__main__:Predicted uncertainity -0.7183
INFO:__main__:Completed epoch 94 of 100

INFO:__main__:NLL: 0.1240, L2: 0.0272, Reg: 0.0027
INFO:__main__:Total loss 0.1539
INFO:__main__:Predicted mean: -0.3729
INFO:__main__:Predicted uncertainity -0.6089
INFO:__main__:Completed epoch 95 of 100

INFO:__main__:NLL: 0.2423, L2: 0.0285, Reg: 0.0027
INFO:__main__:Total loss 0.2735
INFO:__main__:Predicted mean: -0.4117
INFO:__main__:Predicted uncertainity -0.8574
INFO:__main__:Completed epoch 96 of 100

INFO:__main__:NLL: 0.0380, L2: 0.0275, Reg: 0.0027
INFO:__main__:Total loss 0.0682
INFO:__main__:Predicted mean: -0.3454
INFO:__main__:Predicted uncertainity -0.7555
INFO:__main__:Completed epoch 97 of 100

INFO:__main__:NLL: 0.1640, L2: 0.0275, Reg: 0.0027
INFO:__main__:Total loss 0.1943
INFO:__main__:Predicted mean: -0.3686
INFO:__main__:Predicted uncertainity -0.7131
INFO:__main__:Completed epoch 98 of 100

INFO:__main__:NLL: 0.2638, L2: 0.0294, Reg: 0.0027
INFO:__main__:Total loss 0.2959
INFO:__main__:Predicted mean: -0.4329
INFO:__main__:Predicted uncertainity -0.8504
INFO:__main__:Completed epoch 99 of 100

INFO:__main__:NLL: 0.2571, L2: 0.0279, Reg: 0.0027
INFO:__main__:Total loss 0.2877
INFO:__main__:Predicted mean: -0.3847
INFO:__main__:Predicted uncertainity -0.8368
INFO:__main__:Completed epoch 100 of 100

INFO:__main__:412.969897 s
