INFO:__main__:PROCESS RUNNING ON cpu
INFO:__main__:NLL: 0.0125, L2: 0.0247, Reg: 0.0022
INFO:__main__:Total loss 0.0395
INFO:__main__:Predicted mean: -0.4258
INFO:__main__:Predicted uncertainity -0.7929
INFO:__main__:Completed epoch 1 of 100

INFO:__main__:NLL: 0.1347, L2: 0.0240, Reg: 0.0020
INFO:__main__:Total loss 0.1608
INFO:__main__:Predicted mean: -0.3959
INFO:__main__:Predicted uncertainity -0.7500
INFO:__main__:Completed epoch 2 of 100

INFO:__main__:NLL: 0.1744, L2: 0.0268, Reg: 0.0019
INFO:__main__:Total loss 0.2031
INFO:__main__:Predicted mean: -0.3535
INFO:__main__:Predicted uncertainity -0.7262
INFO:__main__:Completed epoch 3 of 100

INFO:__main__:NLL: -0.0687, L2: 0.0250, Reg: 0.0022
INFO:__main__:Total loss -0.0415
INFO:__main__:Predicted mean: -0.4265
INFO:__main__:Predicted uncertainity -0.8046
INFO:__main__:Completed epoch 4 of 100

INFO:__main__:NLL: 0.0733, L2: 0.0261, Reg: 0.0019
INFO:__main__:Total loss 0.1013
INFO:__main__:Predicted mean: -0.3432
INFO:__main__:Predicted uncertainity -0.8419
INFO:__main__:Completed epoch 5 of 100

INFO:__main__:NLL: -0.0223, L2: 0.0262, Reg: 0.0016
INFO:__main__:Total loss 0.0055
INFO:__main__:Predicted mean: -0.3809
INFO:__main__:Predicted uncertainity -0.6482
INFO:__main__:Completed epoch 6 of 100

INFO:__main__:NLL: -0.0625, L2: 0.0270, Reg: 0.0017
INFO:__main__:Total loss -0.0338
INFO:__main__:Predicted mean: -0.3634
INFO:__main__:Predicted uncertainity -0.7271
INFO:__main__:Completed epoch 7 of 100

INFO:__main__:NLL: 0.3294, L2: 0.0281, Reg: 0.0025
INFO:__main__:Total loss 0.3599
INFO:__main__:Predicted mean: -0.4410
INFO:__main__:Predicted uncertainity -0.8756
INFO:__main__:Completed epoch 8 of 100

INFO:__main__:NLL: 0.0712, L2: 0.0264, Reg: 0.0021
INFO:__main__:Total loss 0.0998
INFO:__main__:Predicted mean: -0.4477
INFO:__main__:Predicted uncertainity -0.8754
INFO:__main__:Completed epoch 9 of 100

INFO:__main__:NLL: 0.2839, L2: 0.0260, Reg: 0.0020
INFO:__main__:Total loss 0.3119
INFO:__main__:Predicted mean: -0.4079
INFO:__main__:Predicted uncertainity -0.7687
INFO:__main__:Completed epoch 10 of 100

INFO:__main__:NLL: 0.0439, L2: 0.0254, Reg: 0.0020
INFO:__main__:Total loss 0.0713
INFO:__main__:Predicted mean: -0.4097
INFO:__main__:Predicted uncertainity -0.7841
INFO:__main__:Completed epoch 11 of 100

INFO:__main__:NLL: 0.1531, L2: 0.0269, Reg: 0.0018
INFO:__main__:Total loss 0.1818
INFO:__main__:Predicted mean: -0.4564
INFO:__main__:Predicted uncertainity -0.7015
INFO:__main__:Completed epoch 12 of 100

INFO:__main__:NLL: 0.0544, L2: 0.0256, Reg: 0.0018
INFO:__main__:Total loss 0.0818
INFO:__main__:Predicted mean: -0.3911
INFO:__main__:Predicted uncertainity -0.6939
INFO:__main__:Completed epoch 13 of 100

INFO:__main__:NLL: 0.1156, L2: 0.0269, Reg: 0.0017
INFO:__main__:Total loss 0.1442
INFO:__main__:Predicted mean: -0.3703
INFO:__main__:Predicted uncertainity -0.7131
INFO:__main__:Completed epoch 14 of 100

INFO:__main__:NLL: 0.0447, L2: 0.0269, Reg: 0.0018
INFO:__main__:Total loss 0.0734
INFO:__main__:Predicted mean: -0.3603
INFO:__main__:Predicted uncertainity -0.7836
INFO:__main__:Completed epoch 15 of 100

INFO:__main__:NLL: 0.0953, L2: 0.0256, Reg: 0.0017
INFO:__main__:Total loss 0.1226
INFO:__main__:Predicted mean: -0.3912
INFO:__main__:Predicted uncertainity -0.7259
INFO:__main__:Completed epoch 16 of 100

INFO:__main__:NLL: 0.0825, L2: 0.0283, Reg: 0.0018
INFO:__main__:Total loss 0.1126
INFO:__main__:Predicted mean: -0.4105
INFO:__main__:Predicted uncertainity -0.7931
INFO:__main__:Completed epoch 17 of 100

INFO:__main__:NLL: 0.1345, L2: 0.0290, Reg: 0.0021
INFO:__main__:Total loss 0.1655
INFO:__main__:Predicted mean: -0.3453
INFO:__main__:Predicted uncertainity -0.7708
INFO:__main__:Completed epoch 18 of 100

INFO:__main__:NLL: 0.0309, L2: 0.0268, Reg: 0.0018
INFO:__main__:Total loss 0.0595
INFO:__main__:Predicted mean: -0.4172
INFO:__main__:Predicted uncertainity -0.7789
INFO:__main__:Completed epoch 19 of 100

INFO:__main__:NLL: 0.0441, L2: 0.0287, Reg: 0.0020
INFO:__main__:Total loss 0.0748
INFO:__main__:Predicted mean: -0.4173
INFO:__main__:Predicted uncertainity -0.6998
INFO:__main__:Completed epoch 20 of 100

INFO:__main__:NLL: 0.0864, L2: 0.0278, Reg: 0.0014
INFO:__main__:Total loss 0.1156
INFO:__main__:Predicted mean: -0.3365
INFO:__main__:Predicted uncertainity -0.6497
INFO:__main__:Completed epoch 21 of 100

INFO:__main__:NLL: -0.0237, L2: 0.0279, Reg: 0.0020
INFO:__main__:Total loss 0.0062
INFO:__main__:Predicted mean: -0.4078
INFO:__main__:Predicted uncertainity -0.7956
INFO:__main__:Completed epoch 22 of 100

INFO:__main__:NLL: 0.3738, L2: 0.0280, Reg: 0.0022
INFO:__main__:Total loss 0.4040
INFO:__main__:Predicted mean: -0.3998
INFO:__main__:Predicted uncertainity -0.8099
INFO:__main__:Completed epoch 23 of 100

INFO:__main__:NLL: 0.0893, L2: 0.0271, Reg: 0.0019
INFO:__main__:Total loss 0.1183
INFO:__main__:Predicted mean: -0.3523
INFO:__main__:Predicted uncertainity -0.6027
INFO:__main__:Completed epoch 24 of 100

INFO:__main__:NLL: 0.1670, L2: 0.0272, Reg: 0.0016
INFO:__main__:Total loss 0.1958
INFO:__main__:Predicted mean: -0.3502
INFO:__main__:Predicted uncertainity -0.7168
INFO:__main__:Completed epoch 25 of 100

INFO:__main__:NLL: 0.2348, L2: 0.0292, Reg: 0.0020
INFO:__main__:Total loss 0.2660
INFO:__main__:Predicted mean: -0.3399
INFO:__main__:Predicted uncertainity -0.6903
INFO:__main__:Completed epoch 26 of 100

INFO:__main__:NLL: 0.0760, L2: 0.0277, Reg: 0.0016
INFO:__main__:Total loss 0.1052
INFO:__main__:Predicted mean: -0.3192
INFO:__main__:Predicted uncertainity -0.6745
INFO:__main__:Completed epoch 27 of 100

INFO:__main__:NLL: 0.0164, L2: 0.0266, Reg: 0.0023
INFO:__main__:Total loss 0.0453
INFO:__main__:Predicted mean: -0.3403
INFO:__main__:Predicted uncertainity -0.9081
INFO:__main__:Completed epoch 28 of 100

INFO:__main__:NLL: 0.1206, L2: 0.0277, Reg: 0.0017
INFO:__main__:Total loss 0.1499
INFO:__main__:Predicted mean: -0.3423
INFO:__main__:Predicted uncertainity -0.6915
INFO:__main__:Completed epoch 29 of 100

INFO:__main__:NLL: 0.0571, L2: 0.0275, Reg: 0.0018
INFO:__main__:Total loss 0.0864
INFO:__main__:Predicted mean: -0.3475
INFO:__main__:Predicted uncertainity -0.7159
INFO:__main__:Completed epoch 30 of 100

INFO:__main__:NLL: -0.0715, L2: 0.0276, Reg: 0.0018
INFO:__main__:Total loss -0.0421
INFO:__main__:Predicted mean: -0.3858
INFO:__main__:Predicted uncertainity -0.7560
INFO:__main__:Completed epoch 31 of 100

INFO:__main__:NLL: 0.0712, L2: 0.0267, Reg: 0.0016
INFO:__main__:Total loss 0.0995
INFO:__main__:Predicted mean: -0.3910
INFO:__main__:Predicted uncertainity -0.7242
INFO:__main__:Completed epoch 32 of 100

INFO:__main__:NLL: 0.1624, L2: 0.0267, Reg: 0.0021
INFO:__main__:Total loss 0.1913
INFO:__main__:Predicted mean: -0.4143
INFO:__main__:Predicted uncertainity -0.8047
INFO:__main__:Completed epoch 33 of 100

INFO:__main__:NLL: 0.1746, L2: 0.0272, Reg: 0.0018
INFO:__main__:Total loss 0.2036
INFO:__main__:Predicted mean: -0.3819
INFO:__main__:Predicted uncertainity -0.6776
INFO:__main__:Completed epoch 34 of 100

INFO:__main__:NLL: 0.0886, L2: 0.0279, Reg: 0.0021
INFO:__main__:Total loss 0.1186
INFO:__main__:Predicted mean: -0.3434
INFO:__main__:Predicted uncertainity -0.8033
INFO:__main__:Completed epoch 35 of 100

INFO:__main__:NLL: 0.1124, L2: 0.0267, Reg: 0.0019
INFO:__main__:Total loss 0.1409
INFO:__main__:Predicted mean: -0.3456
INFO:__main__:Predicted uncertainity -0.7672
INFO:__main__:Completed epoch 36 of 100

INFO:__main__:NLL: 0.3082, L2: 0.0282, Reg: 0.0016
INFO:__main__:Total loss 0.3380
INFO:__main__:Predicted mean: -0.4082
INFO:__main__:Predicted uncertainity -0.6657
INFO:__main__:Completed epoch 37 of 100

INFO:__main__:NLL: -0.0578, L2: 0.0263, Reg: 0.0021
INFO:__main__:Total loss -0.0294
INFO:__main__:Predicted mean: -0.3558
INFO:__main__:Predicted uncertainity -0.8184
INFO:__main__:Completed epoch 38 of 100

INFO:__main__:NLL: 0.0077, L2: 0.0278, Reg: 0.0021
INFO:__main__:Total loss 0.0376
INFO:__main__:Predicted mean: -0.4238
INFO:__main__:Predicted uncertainity -0.8050
INFO:__main__:Completed epoch 39 of 100

INFO:__main__:NLL: 0.0491, L2: 0.0248, Reg: 0.0016
INFO:__main__:Total loss 0.0756
INFO:__main__:Predicted mean: -0.3657
INFO:__main__:Predicted uncertainity -0.6644
INFO:__main__:Completed epoch 40 of 100

INFO:__main__:NLL: 0.0600, L2: 0.0268, Reg: 0.0018
INFO:__main__:Total loss 0.0886
INFO:__main__:Predicted mean: -0.3244
INFO:__main__:Predicted uncertainity -0.6762
INFO:__main__:Completed epoch 41 of 100

INFO:__main__:NLL: 0.3332, L2: 0.0255, Reg: 0.0018
INFO:__main__:Total loss 0.3605
INFO:__main__:Predicted mean: -0.4225
INFO:__main__:Predicted uncertainity -0.7310
INFO:__main__:Completed epoch 42 of 100

INFO:__main__:NLL: 0.0265, L2: 0.0269, Reg: 0.0020
INFO:__main__:Total loss 0.0554
INFO:__main__:Predicted mean: -0.3641
INFO:__main__:Predicted uncertainity -0.7308
INFO:__main__:Completed epoch 43 of 100

INFO:__main__:NLL: 0.0537, L2: 0.0277, Reg: 0.0019
INFO:__main__:Total loss 0.0834
INFO:__main__:Predicted mean: -0.3675
INFO:__main__:Predicted uncertainity -0.7333
INFO:__main__:Completed epoch 44 of 100

INFO:__main__:NLL: 0.2070, L2: 0.0262, Reg: 0.0021
INFO:__main__:Total loss 0.2353
INFO:__main__:Predicted mean: -0.3437
INFO:__main__:Predicted uncertainity -0.7123
INFO:__main__:Completed epoch 45 of 100

INFO:__main__:NLL: 0.1878, L2: 0.0252, Reg: 0.0017
INFO:__main__:Total loss 0.2148
INFO:__main__:Predicted mean: -0.3429
INFO:__main__:Predicted uncertainity -0.7070
INFO:__main__:Completed epoch 46 of 100

INFO:__main__:NLL: 0.0581, L2: 0.0251, Reg: 0.0020
INFO:__main__:Total loss 0.0852
INFO:__main__:Predicted mean: -0.4162
INFO:__main__:Predicted uncertainity -0.7780
INFO:__main__:Completed epoch 47 of 100

INFO:__main__:NLL: 0.3047, L2: 0.0269, Reg: 0.0017
INFO:__main__:Total loss 0.3334
INFO:__main__:Predicted mean: -0.3801
INFO:__main__:Predicted uncertainity -0.6071
INFO:__main__:Completed epoch 48 of 100

INFO:__main__:NLL: -0.0230, L2: 0.0266, Reg: 0.0021
INFO:__main__:Total loss 0.0057
INFO:__main__:Predicted mean: -0.3746
INFO:__main__:Predicted uncertainity -0.7888
INFO:__main__:Completed epoch 49 of 100

INFO:__main__:NLL: 0.0914, L2: 0.0256, Reg: 0.0017
INFO:__main__:Total loss 0.1187
INFO:__main__:Predicted mean: -0.3681
INFO:__main__:Predicted uncertainity -0.6773
INFO:__main__:Completed epoch 50 of 100

INFO:__main__:NLL: 0.1527, L2: 0.0256, Reg: 0.0026
INFO:__main__:Total loss 0.1808
INFO:__main__:Predicted mean: -0.3764
INFO:__main__:Predicted uncertainity -0.8782
INFO:__main__:Completed epoch 51 of 100

INFO:__main__:NLL: 0.1714, L2: 0.0252, Reg: 0.0020
INFO:__main__:Total loss 0.1986
INFO:__main__:Predicted mean: -0.3795
INFO:__main__:Predicted uncertainity -0.7130
INFO:__main__:Completed epoch 52 of 100

INFO:__main__:NLL: 0.2246, L2: 0.0254, Reg: 0.0018
INFO:__main__:Total loss 0.2518
INFO:__main__:Predicted mean: -0.4188
INFO:__main__:Predicted uncertainity -0.7378
INFO:__main__:Completed epoch 53 of 100

INFO:__main__:NLL: 0.0706, L2: 0.0257, Reg: 0.0019
INFO:__main__:Total loss 0.0982
INFO:__main__:Predicted mean: -0.3357
INFO:__main__:Predicted uncertainity -0.7458
INFO:__main__:Completed epoch 54 of 100

INFO:__main__:NLL: 0.0852, L2: 0.0277, Reg: 0.0019
INFO:__main__:Total loss 0.1148
INFO:__main__:Predicted mean: -0.3548
INFO:__main__:Predicted uncertainity -0.8338
INFO:__main__:Completed epoch 55 of 100

INFO:__main__:NLL: 0.0961, L2: 0.0285, Reg: 0.0015
INFO:__main__:Total loss 0.1261
INFO:__main__:Predicted mean: -0.3825
INFO:__main__:Predicted uncertainity -0.7000
INFO:__main__:Completed epoch 56 of 100

INFO:__main__:NLL: 0.2160, L2: 0.0262, Reg: 0.0020
INFO:__main__:Total loss 0.2442
INFO:__main__:Predicted mean: -0.3624
INFO:__main__:Predicted uncertainity -0.8221
INFO:__main__:Completed epoch 57 of 100

INFO:__main__:NLL: 0.2154, L2: 0.0278, Reg: 0.0025
INFO:__main__:Total loss 0.2458
INFO:__main__:Predicted mean: -0.3682
INFO:__main__:Predicted uncertainity -0.8350
INFO:__main__:Completed epoch 58 of 100

INFO:__main__:NLL: 0.1572, L2: 0.0281, Reg: 0.0019
INFO:__main__:Total loss 0.1872
INFO:__main__:Predicted mean: -0.3912
INFO:__main__:Predicted uncertainity -0.6992
INFO:__main__:Completed epoch 59 of 100

INFO:__main__:NLL: 0.0671, L2: 0.0270, Reg: 0.0015
INFO:__main__:Total loss 0.0957
INFO:__main__:Predicted mean: -0.4068
INFO:__main__:Predicted uncertainity -0.5721
INFO:__main__:Completed epoch 60 of 100

INFO:__main__:NLL: 0.0937, L2: 0.0265, Reg: 0.0020
INFO:__main__:Total loss 0.1222
INFO:__main__:Predicted mean: -0.3605
INFO:__main__:Predicted uncertainity -0.7566
INFO:__main__:Completed epoch 61 of 100

INFO:__main__:NLL: 0.1572, L2: 0.0268, Reg: 0.0017
INFO:__main__:Total loss 0.1857
INFO:__main__:Predicted mean: -0.3593
INFO:__main__:Predicted uncertainity -0.6788
INFO:__main__:Completed epoch 62 of 100

INFO:__main__:NLL: 0.0778, L2: 0.0267, Reg: 0.0023
INFO:__main__:Total loss 0.1068
INFO:__main__:Predicted mean: -0.3316
INFO:__main__:Predicted uncertainity -0.7406
INFO:__main__:Completed epoch 63 of 100

INFO:__main__:NLL: 0.1762, L2: 0.0299, Reg: 0.0021
INFO:__main__:Total loss 0.2082
INFO:__main__:Predicted mean: -0.3917
INFO:__main__:Predicted uncertainity -0.8402
INFO:__main__:Completed epoch 64 of 100

INFO:__main__:NLL: -0.0078, L2: 0.0281, Reg: 0.0020
INFO:__main__:Total loss 0.0224
INFO:__main__:Predicted mean: -0.3942
INFO:__main__:Predicted uncertainity -0.7652
INFO:__main__:Completed epoch 65 of 100

INFO:__main__:NLL: 0.1124, L2: 0.0252, Reg: 0.0018
INFO:__main__:Total loss 0.1395
INFO:__main__:Predicted mean: -0.3576
INFO:__main__:Predicted uncertainity -0.7323
INFO:__main__:Completed epoch 66 of 100

INFO:__main__:NLL: 0.0752, L2: 0.0275, Reg: 0.0019
INFO:__main__:Total loss 0.1045
INFO:__main__:Predicted mean: -0.4271
INFO:__main__:Predicted uncertainity -0.7732
INFO:__main__:Completed epoch 67 of 100

INFO:__main__:NLL: 0.1115, L2: 0.0244, Reg: 0.0018
INFO:__main__:Total loss 0.1377
INFO:__main__:Predicted mean: -0.3710
INFO:__main__:Predicted uncertainity -0.7204
INFO:__main__:Completed epoch 68 of 100

INFO:__main__:NLL: 0.0559, L2: 0.0252, Reg: 0.0021
INFO:__main__:Total loss 0.0831
INFO:__main__:Predicted mean: -0.3681
INFO:__main__:Predicted uncertainity -0.8090
INFO:__main__:Completed epoch 69 of 100

INFO:__main__:NLL: -0.0277, L2: 0.0273, Reg: 0.0017
INFO:__main__:Total loss 0.0013
INFO:__main__:Predicted mean: -0.3402
INFO:__main__:Predicted uncertainity -0.6911
INFO:__main__:Completed epoch 70 of 100

INFO:__main__:NLL: 0.1423, L2: 0.0254, Reg: 0.0018
INFO:__main__:Total loss 0.1695
INFO:__main__:Predicted mean: -0.3284
INFO:__main__:Predicted uncertainity -0.7110
INFO:__main__:Completed epoch 71 of 100

INFO:__main__:NLL: 0.0650, L2: 0.0267, Reg: 0.0018
INFO:__main__:Total loss 0.0935
INFO:__main__:Predicted mean: -0.3366
INFO:__main__:Predicted uncertainity -0.7530
INFO:__main__:Completed epoch 72 of 100

INFO:__main__:NLL: -0.0283, L2: 0.0276, Reg: 0.0016
INFO:__main__:Total loss 0.0010
INFO:__main__:Predicted mean: -0.3357
INFO:__main__:Predicted uncertainity -0.6884
INFO:__main__:Completed epoch 73 of 100

INFO:__main__:NLL: -0.0311, L2: 0.0266, Reg: 0.0022
INFO:__main__:Total loss -0.0023
INFO:__main__:Predicted mean: -0.3986
INFO:__main__:Predicted uncertainity -0.9217
INFO:__main__:Completed epoch 74 of 100

INFO:__main__:NLL: 0.1319, L2: 0.0280, Reg: 0.0016
INFO:__main__:Total loss 0.1615
INFO:__main__:Predicted mean: -0.3655
INFO:__main__:Predicted uncertainity -0.6758
INFO:__main__:Completed epoch 75 of 100

INFO:__main__:NLL: 0.1049, L2: 0.0297, Reg: 0.0018
INFO:__main__:Total loss 0.1364
INFO:__main__:Predicted mean: -0.3714
INFO:__main__:Predicted uncertainity -0.7183
INFO:__main__:Completed epoch 76 of 100

INFO:__main__:NLL: 0.1136, L2: 0.0284, Reg: 0.0016
INFO:__main__:Total loss 0.1435
INFO:__main__:Predicted mean: -0.3563
INFO:__main__:Predicted uncertainity -0.5759
INFO:__main__:Completed epoch 77 of 100

INFO:__main__:NLL: 0.0460, L2: 0.0262, Reg: 0.0020
INFO:__main__:Total loss 0.0742
INFO:__main__:Predicted mean: -0.4475
INFO:__main__:Predicted uncertainity -0.6873
INFO:__main__:Completed epoch 78 of 100

INFO:__main__:NLL: 0.0677, L2: 0.0277, Reg: 0.0019
INFO:__main__:Total loss 0.0973
INFO:__main__:Predicted mean: -0.3152
INFO:__main__:Predicted uncertainity -0.7289
INFO:__main__:Completed epoch 79 of 100

INFO:__main__:NLL: 0.0342, L2: 0.0265, Reg: 0.0020
INFO:__main__:Total loss 0.0628
INFO:__main__:Predicted mean: -0.3961
INFO:__main__:Predicted uncertainity -0.6012
INFO:__main__:Completed epoch 80 of 100

INFO:__main__:NLL: 0.0386, L2: 0.0254, Reg: 0.0015
INFO:__main__:Total loss 0.0655
INFO:__main__:Predicted mean: -0.3489
INFO:__main__:Predicted uncertainity -0.6641
INFO:__main__:Completed epoch 81 of 100

INFO:__main__:NLL: 0.0921, L2: 0.0265, Reg: 0.0019
INFO:__main__:Total loss 0.1205
INFO:__main__:Predicted mean: -0.3468
INFO:__main__:Predicted uncertainity -0.6698
INFO:__main__:Completed epoch 82 of 100

INFO:__main__:NLL: 0.3034, L2: 0.0254, Reg: 0.0019
INFO:__main__:Total loss 0.3306
INFO:__main__:Predicted mean: -0.4346
INFO:__main__:Predicted uncertainity -0.7378
INFO:__main__:Completed epoch 83 of 100

INFO:__main__:NLL: 0.0241, L2: 0.0287, Reg: 0.0014
INFO:__main__:Total loss 0.0542
INFO:__main__:Predicted mean: -0.4038
INFO:__main__:Predicted uncertainity -0.5976
INFO:__main__:Completed epoch 84 of 100

INFO:__main__:NLL: 0.2158, L2: 0.0250, Reg: 0.0018
INFO:__main__:Total loss 0.2426
INFO:__main__:Predicted mean: -0.3490
INFO:__main__:Predicted uncertainity -0.7573
INFO:__main__:Completed epoch 85 of 100

INFO:__main__:NLL: 0.0714, L2: 0.0267, Reg: 0.0022
INFO:__main__:Total loss 0.1003
INFO:__main__:Predicted mean: -0.3387
INFO:__main__:Predicted uncertainity -0.7942
INFO:__main__:Completed epoch 86 of 100

INFO:__main__:NLL: 0.0171, L2: 0.0256, Reg: 0.0025
INFO:__main__:Total loss 0.0452
INFO:__main__:Predicted mean: -0.4135
INFO:__main__:Predicted uncertainity -0.7954
INFO:__main__:Completed epoch 87 of 100

INFO:__main__:NLL: 0.2169, L2: 0.0273, Reg: 0.0019
INFO:__main__:Total loss 0.2462
INFO:__main__:Predicted mean: -0.3706
INFO:__main__:Predicted uncertainity -0.7987
INFO:__main__:Completed epoch 88 of 100

INFO:__main__:NLL: 0.2675, L2: 0.0284, Reg: 0.0016
INFO:__main__:Total loss 0.2975
INFO:__main__:Predicted mean: -0.3335
INFO:__main__:Predicted uncertainity -0.7278
INFO:__main__:Completed epoch 89 of 100

INFO:__main__:NLL: 0.1886, L2: 0.0255, Reg: 0.0018
INFO:__main__:Total loss 0.2160
INFO:__main__:Predicted mean: -0.3477
INFO:__main__:Predicted uncertainity -0.6798
INFO:__main__:Completed epoch 90 of 100

INFO:__main__:NLL: 0.1222, L2: 0.0279, Reg: 0.0020
INFO:__main__:Total loss 0.1521
INFO:__main__:Predicted mean: -0.3158
INFO:__main__:Predicted uncertainity -0.7289
INFO:__main__:Completed epoch 91 of 100

INFO:__main__:NLL: 0.0475, L2: 0.0264, Reg: 0.0021
INFO:__main__:Total loss 0.0761
INFO:__main__:Predicted mean: -0.3639
INFO:__main__:Predicted uncertainity -0.7257
INFO:__main__:Completed epoch 92 of 100

INFO:__main__:NLL: 0.1635, L2: 0.0253, Reg: 0.0021
INFO:__main__:Total loss 0.1910
INFO:__main__:Predicted mean: -0.3419
INFO:__main__:Predicted uncertainity -0.7679
INFO:__main__:Completed epoch 93 of 100

INFO:__main__:NLL: 0.2671, L2: 0.0275, Reg: 0.0023
INFO:__main__:Total loss 0.2969
INFO:__main__:Predicted mean: -0.3811
INFO:__main__:Predicted uncertainity -0.7858
INFO:__main__:Completed epoch 94 of 100

INFO:__main__:NLL: 0.1542, L2: 0.0252, Reg: 0.0020
INFO:__main__:Total loss 0.1814
INFO:__main__:Predicted mean: -0.3758
INFO:__main__:Predicted uncertainity -0.7686
INFO:__main__:Completed epoch 95 of 100

INFO:__main__:NLL: 0.1814, L2: 0.0289, Reg: 0.0021
INFO:__main__:Total loss 0.2124
INFO:__main__:Predicted mean: -0.3722
INFO:__main__:Predicted uncertainity -0.8419
INFO:__main__:Completed epoch 96 of 100

INFO:__main__:NLL: 0.1176, L2: 0.0281, Reg: 0.0022
INFO:__main__:Total loss 0.1479
INFO:__main__:Predicted mean: -0.3605
INFO:__main__:Predicted uncertainity -0.7888
INFO:__main__:Completed epoch 97 of 100

INFO:__main__:NLL: -0.0092, L2: 0.0275, Reg: 0.0019
INFO:__main__:Total loss 0.0202
INFO:__main__:Predicted mean: -0.3260
INFO:__main__:Predicted uncertainity -0.7951
INFO:__main__:Completed epoch 98 of 100

INFO:__main__:NLL: -0.0638, L2: 0.0297, Reg: 0.0022
INFO:__main__:Total loss -0.0319
INFO:__main__:Predicted mean: -0.3407
INFO:__main__:Predicted uncertainity -0.8540
INFO:__main__:Completed epoch 99 of 100

INFO:__main__:NLL: 0.1613, L2: 0.0264, Reg: 0.0019
INFO:__main__:Total loss 0.1896
INFO:__main__:Predicted mean: -0.3831
INFO:__main__:Predicted uncertainity -0.8174
INFO:__main__:Completed epoch 100 of 100

INFO:__main__:605.514036 s
