INFO:__main__:PROCESS RUNNING ON cpu
INFO:__main__:NLL: 0.3026, L2: 0.0108, Reg: 0.0596
INFO:__main__:Total loss 0.3730
INFO:__main__:Predicted mean: -0.3289
INFO:__main__:Predicted uncertainity -0.0028
INFO:__main__:Completed epoch 1 of 100

INFO:__main__:NLL: 0.3062, L2: 0.0108, Reg: 0.0400
INFO:__main__:Total loss 0.3569
INFO:__main__:Predicted mean: -0.3279
INFO:__main__:Predicted uncertainity 0.0157
INFO:__main__:Completed epoch 2 of 100

INFO:__main__:NLL: 0.3059, L2: 0.0108, Reg: 0.0458
INFO:__main__:Total loss 0.3625
INFO:__main__:Predicted mean: -0.3280
INFO:__main__:Predicted uncertainity 0.0143
INFO:__main__:Completed epoch 3 of 100

INFO:__main__:NLL: 0.3053, L2: 0.0108, Reg: 0.0395
INFO:__main__:Total loss 0.3556
INFO:__main__:Predicted mean: -0.3279
INFO:__main__:Predicted uncertainity 0.0113
INFO:__main__:Completed epoch 4 of 100

INFO:__main__:NLL: 0.3076, L2: 0.0108, Reg: 0.0680
INFO:__main__:Total loss 0.3863
INFO:__main__:Predicted mean: -0.3272
INFO:__main__:Predicted uncertainity 0.0229
INFO:__main__:Completed epoch 5 of 100

INFO:__main__:NLL: 0.3065, L2: 0.0107, Reg: 0.0488
INFO:__main__:Total loss 0.3660
INFO:__main__:Predicted mean: -0.3271
INFO:__main__:Predicted uncertainity 0.0178
INFO:__main__:Completed epoch 6 of 100

INFO:__main__:NLL: 0.3052, L2: 0.0107, Reg: 0.0789
INFO:__main__:Total loss 0.3948
INFO:__main__:Predicted mean: -0.3270
INFO:__main__:Predicted uncertainity 0.0115
INFO:__main__:Completed epoch 7 of 100

INFO:__main__:NLL: 0.3036, L2: 0.0107, Reg: 0.0486
INFO:__main__:Total loss 0.3629
INFO:__main__:Predicted mean: -0.3271
INFO:__main__:Predicted uncertainity 0.0035
INFO:__main__:Completed epoch 8 of 100

INFO:__main__:NLL: 0.3059, L2: 0.0107, Reg: 0.0696
INFO:__main__:Total loss 0.3862
INFO:__main__:Predicted mean: -0.3268
INFO:__main__:Predicted uncertainity 0.0150
INFO:__main__:Completed epoch 9 of 100

INFO:__main__:NLL: 0.3041, L2: 0.0107, Reg: 0.0610
INFO:__main__:Total loss 0.3758
INFO:__main__:Predicted mean: -0.3273
INFO:__main__:Predicted uncertainity 0.0057
INFO:__main__:Completed epoch 10 of 100

INFO:__main__:NLL: 0.3008, L2: 0.0107, Reg: 0.0469
INFO:__main__:Total loss 0.3584
INFO:__main__:Predicted mean: -0.3261
INFO:__main__:Predicted uncertainity -0.0101
INFO:__main__:Completed epoch 11 of 100

INFO:__main__:NLL: 0.3070, L2: 0.0108, Reg: 0.0529
INFO:__main__:Total loss 0.3707
INFO:__main__:Predicted mean: -0.3280
INFO:__main__:Predicted uncertainity 0.0197
INFO:__main__:Completed epoch 12 of 100

INFO:__main__:NLL: 0.3043, L2: 0.0107, Reg: 0.0544
INFO:__main__:Total loss 0.3695
INFO:__main__:Predicted mean: -0.3271
INFO:__main__:Predicted uncertainity 0.0070
INFO:__main__:Completed epoch 13 of 100

INFO:__main__:NLL: 0.3051, L2: 0.0108, Reg: 0.0504
INFO:__main__:Total loss 0.3662
INFO:__main__:Predicted mean: -0.3276
INFO:__main__:Predicted uncertainity 0.0103
INFO:__main__:Completed epoch 14 of 100

INFO:__main__:NLL: 0.3053, L2: 0.0107, Reg: 0.0528
INFO:__main__:Total loss 0.3688
INFO:__main__:Predicted mean: -0.3273
INFO:__main__:Predicted uncertainity 0.0115
INFO:__main__:Completed epoch 15 of 100

INFO:__main__:NLL: 0.3035, L2: 0.0108, Reg: 0.0706
INFO:__main__:Total loss 0.3849
INFO:__main__:Predicted mean: -0.3275
INFO:__main__:Predicted uncertainity 0.0027
INFO:__main__:Completed epoch 16 of 100

INFO:__main__:NLL: 0.3038, L2: 0.0107, Reg: 0.0345
INFO:__main__:Total loss 0.3490
INFO:__main__:Predicted mean: -0.3268
INFO:__main__:Predicted uncertainity 0.0046
INFO:__main__:Completed epoch 17 of 100

INFO:__main__:NLL: 0.3063, L2: 0.0108, Reg: 0.0356
INFO:__main__:Total loss 0.3527
INFO:__main__:Predicted mean: -0.3269
INFO:__main__:Predicted uncertainity 0.0170
INFO:__main__:Completed epoch 18 of 100

INFO:__main__:NLL: 0.3068, L2: 0.0108, Reg: 0.0562
INFO:__main__:Total loss 0.3737
INFO:__main__:Predicted mean: -0.3271
INFO:__main__:Predicted uncertainity 0.0191
INFO:__main__:Completed epoch 19 of 100

INFO:__main__:NLL: 0.3046, L2: 0.0107, Reg: 0.0480
INFO:__main__:Total loss 0.3634
INFO:__main__:Predicted mean: -0.3273
INFO:__main__:Predicted uncertainity 0.0085
INFO:__main__:Completed epoch 20 of 100

INFO:__main__:NLL: 0.3051, L2: 0.0107, Reg: 0.0527
INFO:__main__:Total loss 0.3685
INFO:__main__:Predicted mean: -0.3264
INFO:__main__:Predicted uncertainity 0.0115
INFO:__main__:Completed epoch 21 of 100

INFO:__main__:NLL: 0.3047, L2: 0.0107, Reg: 0.0501
INFO:__main__:Total loss 0.3655
INFO:__main__:Predicted mean: -0.3268
INFO:__main__:Predicted uncertainity 0.0092
INFO:__main__:Completed epoch 22 of 100

INFO:__main__:NLL: 0.3039, L2: 0.0107, Reg: 0.0683
INFO:__main__:Total loss 0.3829
INFO:__main__:Predicted mean: -0.3270
INFO:__main__:Predicted uncertainity 0.0047
INFO:__main__:Completed epoch 23 of 100

INFO:__main__:NLL: 0.3079, L2: 0.0108, Reg: 0.0440
INFO:__main__:Total loss 0.3627
INFO:__main__:Predicted mean: -0.3272
INFO:__main__:Predicted uncertainity 0.0245
INFO:__main__:Completed epoch 24 of 100

INFO:__main__:NLL: 0.3077, L2: 0.0108, Reg: 0.0409
INFO:__main__:Total loss 0.3594
INFO:__main__:Predicted mean: -0.3278
INFO:__main__:Predicted uncertainity 0.0233
INFO:__main__:Completed epoch 25 of 100

INFO:__main__:NLL: 0.3031, L2: 0.0107, Reg: 0.0574
INFO:__main__:Total loss 0.3712
INFO:__main__:Predicted mean: -0.3266
INFO:__main__:Predicted uncertainity 0.0009
INFO:__main__:Completed epoch 26 of 100

INFO:__main__:NLL: 0.3048, L2: 0.0107, Reg: 0.0447
INFO:__main__:Total loss 0.3601
INFO:__main__:Predicted mean: -0.3268
INFO:__main__:Predicted uncertainity 0.0094
INFO:__main__:Completed epoch 27 of 100

INFO:__main__:NLL: 0.3054, L2: 0.0108, Reg: 0.0476
INFO:__main__:Total loss 0.3637
INFO:__main__:Predicted mean: -0.3274
INFO:__main__:Predicted uncertainity 0.0122
INFO:__main__:Completed epoch 28 of 100

INFO:__main__:NLL: 0.3047, L2: 0.0108, Reg: 0.0555
INFO:__main__:Total loss 0.3710
INFO:__main__:Predicted mean: -0.3275
INFO:__main__:Predicted uncertainity 0.0085
INFO:__main__:Completed epoch 29 of 100

INFO:__main__:NLL: 0.3058, L2: 0.0108, Reg: 0.0481
INFO:__main__:Total loss 0.3647
INFO:__main__:Predicted mean: -0.3273
INFO:__main__:Predicted uncertainity 0.0144
INFO:__main__:Completed epoch 30 of 100

INFO:__main__:NLL: 0.3042, L2: 0.0107, Reg: 0.0543
INFO:__main__:Total loss 0.3691
INFO:__main__:Predicted mean: -0.3269
INFO:__main__:Predicted uncertainity 0.0062
INFO:__main__:Completed epoch 31 of 100

INFO:__main__:NLL: 0.3046, L2: 0.0107, Reg: 0.0511
INFO:__main__:Total loss 0.3665
INFO:__main__:Predicted mean: -0.3270
INFO:__main__:Predicted uncertainity 0.0086
INFO:__main__:Completed epoch 32 of 100

INFO:__main__:NLL: 0.3060, L2: 0.0107, Reg: 0.0541
INFO:__main__:Total loss 0.3708
INFO:__main__:Predicted mean: -0.3265
INFO:__main__:Predicted uncertainity 0.0158
INFO:__main__:Completed epoch 33 of 100

INFO:__main__:NLL: 0.3031, L2: 0.0106, Reg: 0.0611
INFO:__main__:Total loss 0.3749
INFO:__main__:Predicted mean: -0.3259
INFO:__main__:Predicted uncertainity 0.0018
INFO:__main__:Completed epoch 34 of 100

INFO:__main__:NLL: 0.3022, L2: 0.0107, Reg: 0.0530
INFO:__main__:Total loss 0.3659
INFO:__main__:Predicted mean: -0.3261
INFO:__main__:Predicted uncertainity -0.0029
INFO:__main__:Completed epoch 35 of 100

INFO:__main__:NLL: 0.3079, L2: 0.0108, Reg: 0.0526
INFO:__main__:Total loss 0.3713
INFO:__main__:Predicted mean: -0.3276
INFO:__main__:Predicted uncertainity 0.0243
INFO:__main__:Completed epoch 36 of 100

INFO:__main__:NLL: 0.3068, L2: 0.0107, Reg: 0.0428
INFO:__main__:Total loss 0.3603
INFO:__main__:Predicted mean: -0.3267
INFO:__main__:Predicted uncertainity 0.0194
INFO:__main__:Completed epoch 37 of 100

INFO:__main__:NLL: 0.3074, L2: 0.0108, Reg: 0.0412
INFO:__main__:Total loss 0.3594
INFO:__main__:Predicted mean: -0.3282
INFO:__main__:Predicted uncertainity 0.0216
INFO:__main__:Completed epoch 38 of 100

INFO:__main__:NLL: 0.3054, L2: 0.0108, Reg: 0.0423
INFO:__main__:Total loss 0.3584
INFO:__main__:Predicted mean: -0.3272
INFO:__main__:Predicted uncertainity 0.0120
INFO:__main__:Completed epoch 39 of 100

INFO:__main__:NLL: 0.3071, L2: 0.0108, Reg: 0.0481
INFO:__main__:Total loss 0.3660
INFO:__main__:Predicted mean: -0.3276
INFO:__main__:Predicted uncertainity 0.0206
INFO:__main__:Completed epoch 40 of 100

INFO:__main__:NLL: 0.3057, L2: 0.0108, Reg: 0.0506
INFO:__main__:Total loss 0.3671
INFO:__main__:Predicted mean: -0.3272
INFO:__main__:Predicted uncertainity 0.0137
INFO:__main__:Completed epoch 41 of 100

INFO:__main__:NLL: 0.3023, L2: 0.0107, Reg: 0.0582
INFO:__main__:Total loss 0.3712
INFO:__main__:Predicted mean: -0.3266
INFO:__main__:Predicted uncertainity -0.0029
INFO:__main__:Completed epoch 42 of 100

INFO:__main__:NLL: 0.3077, L2: 0.0108, Reg: 0.0409
INFO:__main__:Total loss 0.3594
INFO:__main__:Predicted mean: -0.3275
INFO:__main__:Predicted uncertainity 0.0236
INFO:__main__:Completed epoch 43 of 100

INFO:__main__:NLL: 0.3056, L2: 0.0108, Reg: 0.0564
INFO:__main__:Total loss 0.3727
INFO:__main__:Predicted mean: -0.3273
INFO:__main__:Predicted uncertainity 0.0129
INFO:__main__:Completed epoch 44 of 100

INFO:__main__:NLL: 0.3071, L2: 0.0108, Reg: 0.0587
INFO:__main__:Total loss 0.3765
INFO:__main__:Predicted mean: -0.3271
INFO:__main__:Predicted uncertainity 0.0206
INFO:__main__:Completed epoch 45 of 100

INFO:__main__:NLL: 0.3057, L2: 0.0108, Reg: 0.0418
INFO:__main__:Total loss 0.3583
INFO:__main__:Predicted mean: -0.3274
INFO:__main__:Predicted uncertainity 0.0135
INFO:__main__:Completed epoch 46 of 100

INFO:__main__:NLL: 0.3072, L2: 0.0108, Reg: 0.0489
INFO:__main__:Total loss 0.3670
INFO:__main__:Predicted mean: -0.3279
INFO:__main__:Predicted uncertainity 0.0208
INFO:__main__:Completed epoch 47 of 100

INFO:__main__:NLL: 0.3012, L2: 0.0107, Reg: 0.0511
INFO:__main__:Total loss 0.3631
INFO:__main__:Predicted mean: -0.3268
INFO:__main__:Predicted uncertainity -0.0085
INFO:__main__:Completed epoch 48 of 100

INFO:__main__:NLL: 0.3077, L2: 0.0107, Reg: 0.0505
INFO:__main__:Total loss 0.3690
INFO:__main__:Predicted mean: -0.3267
INFO:__main__:Predicted uncertainity 0.0240
INFO:__main__:Completed epoch 49 of 100

INFO:__main__:NLL: 0.3058, L2: 0.0107, Reg: 0.0485
INFO:__main__:Total loss 0.3650
INFO:__main__:Predicted mean: -0.3271
INFO:__main__:Predicted uncertainity 0.0143
INFO:__main__:Completed epoch 50 of 100

INFO:__main__:NLL: 0.3054, L2: 0.0107, Reg: 0.0612
INFO:__main__:Total loss 0.3774
INFO:__main__:Predicted mean: -0.3268
INFO:__main__:Predicted uncertainity 0.0128
INFO:__main__:Completed epoch 51 of 100

INFO:__main__:NLL: 0.3037, L2: 0.0107, Reg: 0.0475
INFO:__main__:Total loss 0.3618
INFO:__main__:Predicted mean: -0.3268
INFO:__main__:Predicted uncertainity 0.0038
INFO:__main__:Completed epoch 52 of 100

INFO:__main__:NLL: 0.3045, L2: 0.0107, Reg: 0.0410
INFO:__main__:Total loss 0.3562
INFO:__main__:Predicted mean: -0.3269
INFO:__main__:Predicted uncertainity 0.0079
INFO:__main__:Completed epoch 53 of 100

INFO:__main__:NLL: 0.3035, L2: 0.0107, Reg: 0.0532
INFO:__main__:Total loss 0.3674
INFO:__main__:Predicted mean: -0.3275
INFO:__main__:Predicted uncertainity 0.0023
INFO:__main__:Completed epoch 54 of 100

INFO:__main__:NLL: 0.3063, L2: 0.0108, Reg: 0.0479
INFO:__main__:Total loss 0.3650
INFO:__main__:Predicted mean: -0.3276
INFO:__main__:Predicted uncertainity 0.0165
INFO:__main__:Completed epoch 55 of 100

INFO:__main__:NLL: 0.3060, L2: 0.0108, Reg: 0.0543
INFO:__main__:Total loss 0.3711
INFO:__main__:Predicted mean: -0.3276
INFO:__main__:Predicted uncertainity 0.0152
INFO:__main__:Completed epoch 56 of 100

INFO:__main__:NLL: 0.3028, L2: 0.0108, Reg: 0.0531
INFO:__main__:Total loss 0.3667
INFO:__main__:Predicted mean: -0.3269
INFO:__main__:Predicted uncertainity -0.0005
INFO:__main__:Completed epoch 57 of 100

INFO:__main__:NLL: 0.3035, L2: 0.0107, Reg: 0.0538
INFO:__main__:Total loss 0.3680
INFO:__main__:Predicted mean: -0.3268
INFO:__main__:Predicted uncertainity 0.0029
INFO:__main__:Completed epoch 58 of 100

INFO:__main__:NLL: 0.3050, L2: 0.0108, Reg: 0.0659
INFO:__main__:Total loss 0.3817
INFO:__main__:Predicted mean: -0.3277
INFO:__main__:Predicted uncertainity 0.0101
INFO:__main__:Completed epoch 59 of 100

INFO:__main__:NLL: 0.3058, L2: 0.0108, Reg: 0.0463
INFO:__main__:Total loss 0.3629
INFO:__main__:Predicted mean: -0.3277
INFO:__main__:Predicted uncertainity 0.0141
INFO:__main__:Completed epoch 60 of 100

INFO:__main__:NLL: 0.3094, L2: 0.0108, Reg: 0.0509
INFO:__main__:Total loss 0.3711
INFO:__main__:Predicted mean: -0.3271
INFO:__main__:Predicted uncertainity 0.0320
INFO:__main__:Completed epoch 61 of 100

INFO:__main__:NLL: 0.3023, L2: 0.0107, Reg: 0.0603
INFO:__main__:Total loss 0.3734
INFO:__main__:Predicted mean: -0.3270
INFO:__main__:Predicted uncertainity -0.0031
INFO:__main__:Completed epoch 62 of 100

INFO:__main__:NLL: 0.3027, L2: 0.0107, Reg: 0.0446
INFO:__main__:Total loss 0.3581
INFO:__main__:Predicted mean: -0.3266
INFO:__main__:Predicted uncertainity -0.0007
INFO:__main__:Completed epoch 63 of 100

INFO:__main__:NLL: 0.3027, L2: 0.0107, Reg: 0.0529
INFO:__main__:Total loss 0.3662
INFO:__main__:Predicted mean: -0.3269
INFO:__main__:Predicted uncertainity -0.0011
INFO:__main__:Completed epoch 64 of 100

INFO:__main__:NLL: 0.3052, L2: 0.0108, Reg: 0.0464
INFO:__main__:Total loss 0.3624
INFO:__main__:Predicted mean: -0.3272
INFO:__main__:Predicted uncertainity 0.0114
INFO:__main__:Completed epoch 65 of 100

INFO:__main__:NLL: 0.3023, L2: 0.0107, Reg: 0.0625
INFO:__main__:Total loss 0.3755
INFO:__main__:Predicted mean: -0.3267
INFO:__main__:Predicted uncertainity -0.0032
INFO:__main__:Completed epoch 66 of 100

INFO:__main__:NLL: 0.3063, L2: 0.0108, Reg: 0.0454
INFO:__main__:Total loss 0.3625
INFO:__main__:Predicted mean: -0.3275
INFO:__main__:Predicted uncertainity 0.0166
INFO:__main__:Completed epoch 67 of 100

INFO:__main__:NLL: 0.3037, L2: 0.0107, Reg: 0.0475
INFO:__main__:Total loss 0.3619
INFO:__main__:Predicted mean: -0.3274
INFO:__main__:Predicted uncertainity 0.0035
INFO:__main__:Completed epoch 68 of 100

INFO:__main__:NLL: 0.3028, L2: 0.0107, Reg: 0.0671
INFO:__main__:Total loss 0.3807
INFO:__main__:Predicted mean: -0.3266
INFO:__main__:Predicted uncertainity -0.0002
INFO:__main__:Completed epoch 69 of 100

INFO:__main__:NLL: 0.3057, L2: 0.0108, Reg: 0.0561
INFO:__main__:Total loss 0.3726
INFO:__main__:Predicted mean: -0.3275
INFO:__main__:Predicted uncertainity 0.0138
INFO:__main__:Completed epoch 70 of 100

INFO:__main__:NLL: 0.3083, L2: 0.0108, Reg: 0.0425
INFO:__main__:Total loss 0.3616
INFO:__main__:Predicted mean: -0.3269
INFO:__main__:Predicted uncertainity 0.0267
INFO:__main__:Completed epoch 71 of 100

INFO:__main__:NLL: 0.3072, L2: 0.0108, Reg: 0.0621
INFO:__main__:Total loss 0.3801
INFO:__main__:Predicted mean: -0.3279
INFO:__main__:Predicted uncertainity 0.0206
INFO:__main__:Completed epoch 72 of 100

INFO:__main__:NLL: 0.3079, L2: 0.0108, Reg: 0.0493
INFO:__main__:Total loss 0.3680
INFO:__main__:Predicted mean: -0.3277
INFO:__main__:Predicted uncertainity 0.0241
INFO:__main__:Completed epoch 73 of 100

INFO:__main__:NLL: 0.3039, L2: 0.0108, Reg: 0.0541
INFO:__main__:Total loss 0.3688
INFO:__main__:Predicted mean: -0.3277
INFO:__main__:Predicted uncertainity 0.0047
INFO:__main__:Completed epoch 74 of 100

INFO:__main__:NLL: 0.3079, L2: 0.0108, Reg: 0.0545
INFO:__main__:Total loss 0.3732
INFO:__main__:Predicted mean: -0.3270
INFO:__main__:Predicted uncertainity 0.0248
INFO:__main__:Completed epoch 75 of 100

INFO:__main__:NLL: 0.3059, L2: 0.0108, Reg: 0.0537
INFO:__main__:Total loss 0.3704
INFO:__main__:Predicted mean: -0.3274
INFO:__main__:Predicted uncertainity 0.0147
INFO:__main__:Completed epoch 76 of 100

INFO:__main__:NLL: 0.3060, L2: 0.0108, Reg: 0.0658
INFO:__main__:Total loss 0.3826
INFO:__main__:Predicted mean: -0.3277
INFO:__main__:Predicted uncertainity 0.0149
INFO:__main__:Completed epoch 77 of 100

INFO:__main__:NLL: 0.3054, L2: 0.0108, Reg: 0.0548
INFO:__main__:Total loss 0.3709
INFO:__main__:Predicted mean: -0.3271
INFO:__main__:Predicted uncertainity 0.0121
INFO:__main__:Completed epoch 78 of 100

INFO:__main__:NLL: 0.3054, L2: 0.0107, Reg: 0.0374
INFO:__main__:Total loss 0.3535
INFO:__main__:Predicted mean: -0.3268
INFO:__main__:Predicted uncertainity 0.0126
INFO:__main__:Completed epoch 79 of 100

INFO:__main__:NLL: 0.3030, L2: 0.0107, Reg: 0.0646
INFO:__main__:Total loss 0.3783
INFO:__main__:Predicted mean: -0.3271
INFO:__main__:Predicted uncertainity 0.0005
INFO:__main__:Completed epoch 80 of 100

INFO:__main__:NLL: 0.3011, L2: 0.0107, Reg: 0.0547
INFO:__main__:Total loss 0.3665
INFO:__main__:Predicted mean: -0.3266
INFO:__main__:Predicted uncertainity -0.0089
INFO:__main__:Completed epoch 81 of 100

INFO:__main__:NLL: 0.3058, L2: 0.0108, Reg: 0.0487
INFO:__main__:Total loss 0.3652
INFO:__main__:Predicted mean: -0.3272
INFO:__main__:Predicted uncertainity 0.0141
INFO:__main__:Completed epoch 82 of 100

INFO:__main__:NLL: 0.3035, L2: 0.0107, Reg: 0.0498
INFO:__main__:Total loss 0.3640
INFO:__main__:Predicted mean: -0.3269
INFO:__main__:Predicted uncertainity 0.0028
INFO:__main__:Completed epoch 83 of 100

INFO:__main__:NLL: 0.3055, L2: 0.0107, Reg: 0.0683
INFO:__main__:Total loss 0.3846
INFO:__main__:Predicted mean: -0.3269
INFO:__main__:Predicted uncertainity 0.0129
INFO:__main__:Completed epoch 84 of 100

INFO:__main__:NLL: 0.3063, L2: 0.0108, Reg: 0.0590
INFO:__main__:Total loss 0.3760
INFO:__main__:Predicted mean: -0.3271
INFO:__main__:Predicted uncertainity 0.0167
INFO:__main__:Completed epoch 85 of 100

INFO:__main__:NLL: 0.3040, L2: 0.0108, Reg: 0.0597
INFO:__main__:Total loss 0.3744
INFO:__main__:Predicted mean: -0.3279
INFO:__main__:Predicted uncertainity 0.0048
INFO:__main__:Completed epoch 86 of 100

INFO:__main__:NLL: 0.3043, L2: 0.0107, Reg: 0.0456
INFO:__main__:Total loss 0.3605
INFO:__main__:Predicted mean: -0.3267
INFO:__main__:Predicted uncertainity 0.0069
INFO:__main__:Completed epoch 87 of 100

INFO:__main__:NLL: 0.3019, L2: 0.0107, Reg: 0.0480
INFO:__main__:Total loss 0.3606
INFO:__main__:Predicted mean: -0.3264
INFO:__main__:Predicted uncertainity -0.0049
INFO:__main__:Completed epoch 88 of 100

INFO:__main__:NLL: 0.3006, L2: 0.0108, Reg: 0.0672
INFO:__main__:Total loss 0.3786
INFO:__main__:Predicted mean: -0.3271
INFO:__main__:Predicted uncertainity -0.0123
INFO:__main__:Completed epoch 89 of 100

INFO:__main__:NLL: 0.3077, L2: 0.0108, Reg: 0.0467
INFO:__main__:Total loss 0.3652
INFO:__main__:Predicted mean: -0.3274
INFO:__main__:Predicted uncertainity 0.0235
INFO:__main__:Completed epoch 90 of 100

INFO:__main__:NLL: 0.3035, L2: 0.0107, Reg: 0.0605
INFO:__main__:Total loss 0.3747
INFO:__main__:Predicted mean: -0.3274
INFO:__main__:Predicted uncertainity 0.0024
INFO:__main__:Completed epoch 91 of 100

INFO:__main__:NLL: 0.3069, L2: 0.0108, Reg: 0.0509
INFO:__main__:Total loss 0.3686
INFO:__main__:Predicted mean: -0.3277
INFO:__main__:Predicted uncertainity 0.0195
INFO:__main__:Completed epoch 92 of 100

INFO:__main__:NLL: 0.3025, L2: 0.0107, Reg: 0.0526
INFO:__main__:Total loss 0.3659
INFO:__main__:Predicted mean: -0.3269
INFO:__main__:Predicted uncertainity -0.0019
INFO:__main__:Completed epoch 93 of 100

INFO:__main__:NLL: 0.3014, L2: 0.0109, Reg: 0.0512
INFO:__main__:Total loss 0.3635
INFO:__main__:Predicted mean: -0.3275
INFO:__main__:Predicted uncertainity -0.0089
INFO:__main__:Completed epoch 94 of 100

INFO:__main__:NLL: 0.3055, L2: 0.0108, Reg: 0.0462
INFO:__main__:Total loss 0.3625
INFO:__main__:Predicted mean: -0.3277
INFO:__main__:Predicted uncertainity 0.0125
INFO:__main__:Completed epoch 95 of 100

INFO:__main__:NLL: 0.3073, L2: 0.0108, Reg: 0.0484
INFO:__main__:Total loss 0.3665
INFO:__main__:Predicted mean: -0.3275
INFO:__main__:Predicted uncertainity 0.0213
INFO:__main__:Completed epoch 96 of 100

INFO:__main__:NLL: 0.3089, L2: 0.0108, Reg: 0.0445
INFO:__main__:Total loss 0.3643
INFO:__main__:Predicted mean: -0.3278
INFO:__main__:Predicted uncertainity 0.0293
INFO:__main__:Completed epoch 97 of 100

INFO:__main__:NLL: 0.3069, L2: 0.0108, Reg: 0.0373
INFO:__main__:Total loss 0.3550
INFO:__main__:Predicted mean: -0.3278
INFO:__main__:Predicted uncertainity 0.0194
INFO:__main__:Completed epoch 98 of 100

INFO:__main__:NLL: 0.3050, L2: 0.0108, Reg: 0.0596
INFO:__main__:Total loss 0.3754
INFO:__main__:Predicted mean: -0.3275
INFO:__main__:Predicted uncertainity 0.0103
INFO:__main__:Completed epoch 99 of 100

INFO:__main__:NLL: 0.3056, L2: 0.0108, Reg: 0.0516
INFO:__main__:Total loss 0.3680
INFO:__main__:Predicted mean: -0.3276
INFO:__main__:Predicted uncertainity 0.0131
INFO:__main__:Completed epoch 100 of 100

INFO:__main__:388.659095 s
