INFO:__main__:PROCESS RUNNING ON cpu
INFO:__main__:NLL: 0.0446, L2: 0.0068, Reg: 0.5681
INFO:__main__:Total loss 0.6195
INFO:__main__:Predicted mean: -0.4504
INFO:__main__:Predicted uncertainity -0.7671
INFO:__main__:Completed epoch 1 of 100

INFO:__main__:NLL: 0.1029, L2: 0.0075, Reg: 0.5681
INFO:__main__:Total loss 0.6785
INFO:__main__:Predicted mean: -0.3745
INFO:__main__:Predicted uncertainity -0.7834
INFO:__main__:Completed epoch 2 of 100

INFO:__main__:NLL: 0.1038, L2: 0.0078, Reg: 0.5681
INFO:__main__:Total loss 0.6798
INFO:__main__:Predicted mean: -0.3925
INFO:__main__:Predicted uncertainity -0.6879
INFO:__main__:Completed epoch 3 of 100

INFO:__main__:NLL: -0.1682, L2: 0.0079, Reg: 0.5681
INFO:__main__:Total loss 0.4078
INFO:__main__:Predicted mean: -0.4499
INFO:__main__:Predicted uncertainity -0.8330
INFO:__main__:Completed epoch 4 of 100

INFO:__main__:NLL: 0.2104, L2: 0.0080, Reg: 0.5681
INFO:__main__:Total loss 0.7865
INFO:__main__:Predicted mean: -0.3768
INFO:__main__:Predicted uncertainity -0.7490
INFO:__main__:Completed epoch 5 of 100

INFO:__main__:NLL: -0.0038, L2: 0.0081, Reg: 0.5681
INFO:__main__:Total loss 0.5724
INFO:__main__:Predicted mean: -0.3899
INFO:__main__:Predicted uncertainity -0.6567
INFO:__main__:Completed epoch 6 of 100

INFO:__main__:NLL: -0.1106, L2: 0.0081, Reg: 0.5681
INFO:__main__:Total loss 0.4656
INFO:__main__:Predicted mean: -0.3738
INFO:__main__:Predicted uncertainity -0.7413
INFO:__main__:Completed epoch 7 of 100

INFO:__main__:NLL: 0.2589, L2: 0.0083, Reg: 0.5681
INFO:__main__:Total loss 0.8353
INFO:__main__:Predicted mean: -0.4677
INFO:__main__:Predicted uncertainity -0.7372
INFO:__main__:Completed epoch 8 of 100

INFO:__main__:NLL: 0.0033, L2: 0.0086, Reg: 0.5681
INFO:__main__:Total loss 0.5801
INFO:__main__:Predicted mean: -0.4162
INFO:__main__:Predicted uncertainity -0.8345
INFO:__main__:Completed epoch 9 of 100

INFO:__main__:NLL: 0.2984, L2: 0.0088, Reg: 0.5681
INFO:__main__:Total loss 0.8754
INFO:__main__:Predicted mean: -0.3586
INFO:__main__:Predicted uncertainity -0.8087
INFO:__main__:Completed epoch 10 of 100

INFO:__main__:NLL: 0.0558, L2: 0.0088, Reg: 0.5681
INFO:__main__:Total loss 0.6328
INFO:__main__:Predicted mean: -0.3943
INFO:__main__:Predicted uncertainity -0.8141
INFO:__main__:Completed epoch 11 of 100

INFO:__main__:NLL: 0.1369, L2: 0.0090, Reg: 0.5681
INFO:__main__:Total loss 0.7140
INFO:__main__:Predicted mean: -0.4247
INFO:__main__:Predicted uncertainity -0.6760
INFO:__main__:Completed epoch 12 of 100

INFO:__main__:NLL: 0.0006, L2: 0.0088, Reg: 0.5681
INFO:__main__:Total loss 0.5775
INFO:__main__:Predicted mean: -0.3884
INFO:__main__:Predicted uncertainity -0.7293
INFO:__main__:Completed epoch 13 of 100

INFO:__main__:NLL: 0.0569, L2: 0.0086, Reg: 0.5681
INFO:__main__:Total loss 0.6337
INFO:__main__:Predicted mean: -0.3809
INFO:__main__:Predicted uncertainity -0.7780
INFO:__main__:Completed epoch 14 of 100

INFO:__main__:NLL: 0.0089, L2: 0.0085, Reg: 0.5681
INFO:__main__:Total loss 0.5856
INFO:__main__:Predicted mean: -0.3492
INFO:__main__:Predicted uncertainity -0.7955
INFO:__main__:Completed epoch 15 of 100

INFO:__main__:NLL: 0.0733, L2: 0.0078, Reg: 0.5681
INFO:__main__:Total loss 0.6491
INFO:__main__:Predicted mean: -0.3987
INFO:__main__:Predicted uncertainity -0.7525
INFO:__main__:Completed epoch 16 of 100

INFO:__main__:NLL: 0.0188, L2: 0.0090, Reg: 0.5681
INFO:__main__:Total loss 0.5959
INFO:__main__:Predicted mean: -0.3586
INFO:__main__:Predicted uncertainity -0.8162
INFO:__main__:Completed epoch 17 of 100

INFO:__main__:NLL: 0.1116, L2: 0.0094, Reg: 0.5681
INFO:__main__:Total loss 0.6890
INFO:__main__:Predicted mean: -0.3903
INFO:__main__:Predicted uncertainity -0.6897
INFO:__main__:Completed epoch 18 of 100

INFO:__main__:NLL: -0.0847, L2: 0.0087, Reg: 0.5681
INFO:__main__:Total loss 0.4921
INFO:__main__:Predicted mean: -0.3626
INFO:__main__:Predicted uncertainity -0.7569
INFO:__main__:Completed epoch 19 of 100

INFO:__main__:NLL: 0.0260, L2: 0.0084, Reg: 0.5681
INFO:__main__:Total loss 0.6024
INFO:__main__:Predicted mean: -0.3931
INFO:__main__:Predicted uncertainity -0.7821
INFO:__main__:Completed epoch 20 of 100

INFO:__main__:NLL: 0.0674, L2: 0.0089, Reg: 0.5681
INFO:__main__:Total loss 0.6444
INFO:__main__:Predicted mean: -0.3837
INFO:__main__:Predicted uncertainity -0.7100
INFO:__main__:Completed epoch 21 of 100

INFO:__main__:NLL: 0.0562, L2: 0.0092, Reg: 0.5681
INFO:__main__:Total loss 0.6335
INFO:__main__:Predicted mean: -0.3890
INFO:__main__:Predicted uncertainity -0.7422
INFO:__main__:Completed epoch 22 of 100

INFO:__main__:NLL: 0.5252, L2: 0.0088, Reg: 0.5681
INFO:__main__:Total loss 1.1021
INFO:__main__:Predicted mean: -0.3734
INFO:__main__:Predicted uncertainity -0.8390
INFO:__main__:Completed epoch 23 of 100

INFO:__main__:NLL: 0.0064, L2: 0.0089, Reg: 0.5681
INFO:__main__:Total loss 0.5834
INFO:__main__:Predicted mean: -0.3653
INFO:__main__:Predicted uncertainity -0.6656
INFO:__main__:Completed epoch 24 of 100

INFO:__main__:NLL: 0.1061, L2: 0.0085, Reg: 0.5681
INFO:__main__:Total loss 0.6828
INFO:__main__:Predicted mean: -0.3673
INFO:__main__:Predicted uncertainity -0.7775
INFO:__main__:Completed epoch 25 of 100

INFO:__main__:NLL: 0.1964, L2: 0.0090, Reg: 0.5681
INFO:__main__:Total loss 0.7736
INFO:__main__:Predicted mean: -0.3503
INFO:__main__:Predicted uncertainity -0.7033
INFO:__main__:Completed epoch 26 of 100

INFO:__main__:NLL: 0.0873, L2: 0.0087, Reg: 0.5681
INFO:__main__:Total loss 0.6641
INFO:__main__:Predicted mean: -0.3517
INFO:__main__:Predicted uncertainity -0.6852
INFO:__main__:Completed epoch 27 of 100

INFO:__main__:NLL: -0.0464, L2: 0.0089, Reg: 0.5681
INFO:__main__:Total loss 0.5306
INFO:__main__:Predicted mean: -0.3887
INFO:__main__:Predicted uncertainity -0.8434
INFO:__main__:Completed epoch 28 of 100

INFO:__main__:NLL: 0.1440, L2: 0.0092, Reg: 0.5681
INFO:__main__:Total loss 0.7214
INFO:__main__:Predicted mean: -0.3950
INFO:__main__:Predicted uncertainity -0.7540
INFO:__main__:Completed epoch 29 of 100

INFO:__main__:NLL: 0.0614, L2: 0.0088, Reg: 0.5681
INFO:__main__:Total loss 0.6383
INFO:__main__:Predicted mean: -0.3676
INFO:__main__:Predicted uncertainity -0.7641
INFO:__main__:Completed epoch 30 of 100

INFO:__main__:NLL: -0.0993, L2: 0.0091, Reg: 0.5681
INFO:__main__:Total loss 0.4779
INFO:__main__:Predicted mean: -0.3422
INFO:__main__:Predicted uncertainity -0.7392
INFO:__main__:Completed epoch 31 of 100

INFO:__main__:NLL: 0.0478, L2: 0.0090, Reg: 0.5681
INFO:__main__:Total loss 0.6250
INFO:__main__:Predicted mean: -0.3520
INFO:__main__:Predicted uncertainity -0.7993
INFO:__main__:Completed epoch 32 of 100

INFO:__main__:NLL: 0.1846, L2: 0.0089, Reg: 0.5681
INFO:__main__:Total loss 0.7616
INFO:__main__:Predicted mean: -0.4271
INFO:__main__:Predicted uncertainity -0.8810
INFO:__main__:Completed epoch 33 of 100

INFO:__main__:NLL: 0.1451, L2: 0.0091, Reg: 0.5681
INFO:__main__:Total loss 0.7223
INFO:__main__:Predicted mean: -0.3368
INFO:__main__:Predicted uncertainity -0.7622
INFO:__main__:Completed epoch 34 of 100

INFO:__main__:NLL: 0.1304, L2: 0.0086, Reg: 0.5681
INFO:__main__:Total loss 0.7071
INFO:__main__:Predicted mean: -0.3699
INFO:__main__:Predicted uncertainity -0.7862
INFO:__main__:Completed epoch 35 of 100

INFO:__main__:NLL: 0.1040, L2: 0.0087, Reg: 0.5681
INFO:__main__:Total loss 0.6808
INFO:__main__:Predicted mean: -0.3497
INFO:__main__:Predicted uncertainity -0.8160
INFO:__main__:Completed epoch 36 of 100

INFO:__main__:NLL: 0.3876, L2: 0.0095, Reg: 0.5681
INFO:__main__:Total loss 0.9652
INFO:__main__:Predicted mean: -0.4141
INFO:__main__:Predicted uncertainity -0.7398
INFO:__main__:Completed epoch 37 of 100

INFO:__main__:NLL: -0.0837, L2: 0.0085, Reg: 0.5681
INFO:__main__:Total loss 0.4929
INFO:__main__:Predicted mean: -0.3169
INFO:__main__:Predicted uncertainity -0.8333
INFO:__main__:Completed epoch 38 of 100

INFO:__main__:NLL: 0.1209, L2: 0.0085, Reg: 0.5681
INFO:__main__:Total loss 0.6976
INFO:__main__:Predicted mean: -0.4834
INFO:__main__:Predicted uncertainity -0.7563
INFO:__main__:Completed epoch 39 of 100

INFO:__main__:NLL: 0.0484, L2: 0.0083, Reg: 0.5681
INFO:__main__:Total loss 0.6249
INFO:__main__:Predicted mean: -0.3513
INFO:__main__:Predicted uncertainity -0.6979
INFO:__main__:Completed epoch 40 of 100

INFO:__main__:NLL: 0.0747, L2: 0.0085, Reg: 0.5681
INFO:__main__:Total loss 0.6513
INFO:__main__:Predicted mean: -0.3220
INFO:__main__:Predicted uncertainity -0.6497
INFO:__main__:Completed epoch 41 of 100

INFO:__main__:NLL: 0.4545, L2: 0.0084, Reg: 0.5681
INFO:__main__:Total loss 1.0310
INFO:__main__:Predicted mean: -0.4269
INFO:__main__:Predicted uncertainity -0.8210
INFO:__main__:Completed epoch 42 of 100

INFO:__main__:NLL: 0.0644, L2: 0.0089, Reg: 0.5681
INFO:__main__:Total loss 0.6415
INFO:__main__:Predicted mean: -0.3577
INFO:__main__:Predicted uncertainity -0.6821
INFO:__main__:Completed epoch 43 of 100

INFO:__main__:NLL: 0.0104, L2: 0.0090, Reg: 0.5681
INFO:__main__:Total loss 0.5875
INFO:__main__:Predicted mean: -0.3304
INFO:__main__:Predicted uncertainity -0.7411
INFO:__main__:Completed epoch 44 of 100

INFO:__main__:NLL: 0.1828, L2: 0.0091, Reg: 0.5681
INFO:__main__:Total loss 0.7599
INFO:__main__:Predicted mean: -0.3718
INFO:__main__:Predicted uncertainity -0.7998
INFO:__main__:Completed epoch 45 of 100

INFO:__main__:NLL: 0.1341, L2: 0.0090, Reg: 0.5681
INFO:__main__:Total loss 0.7112
INFO:__main__:Predicted mean: -0.3554
INFO:__main__:Predicted uncertainity -0.7049
INFO:__main__:Completed epoch 46 of 100

INFO:__main__:NLL: -0.0230, L2: 0.0082, Reg: 0.5681
INFO:__main__:Total loss 0.5534
INFO:__main__:Predicted mean: -0.3989
INFO:__main__:Predicted uncertainity -0.7836
INFO:__main__:Completed epoch 47 of 100

INFO:__main__:NLL: 0.2896, L2: 0.0087, Reg: 0.5681
INFO:__main__:Total loss 0.8664
INFO:__main__:Predicted mean: -0.4085
INFO:__main__:Predicted uncertainity -0.6759
INFO:__main__:Completed epoch 48 of 100

INFO:__main__:NLL: 0.0764, L2: 0.0085, Reg: 0.5681
INFO:__main__:Total loss 0.6530
INFO:__main__:Predicted mean: -0.3802
INFO:__main__:Predicted uncertainity -0.8162
INFO:__main__:Completed epoch 49 of 100

INFO:__main__:NLL: 0.0332, L2: 0.0086, Reg: 0.5681
INFO:__main__:Total loss 0.6099
INFO:__main__:Predicted mean: -0.4231
INFO:__main__:Predicted uncertainity -0.7010
INFO:__main__:Completed epoch 50 of 100

INFO:__main__:NLL: 0.1892, L2: 0.0088, Reg: 0.5681
INFO:__main__:Total loss 0.7661
INFO:__main__:Predicted mean: -0.4042
INFO:__main__:Predicted uncertainity -0.8549
INFO:__main__:Completed epoch 51 of 100

INFO:__main__:NLL: 0.1310, L2: 0.0090, Reg: 0.5681
INFO:__main__:Total loss 0.7081
INFO:__main__:Predicted mean: -0.4032
INFO:__main__:Predicted uncertainity -0.6990
INFO:__main__:Completed epoch 52 of 100

INFO:__main__:NLL: 0.1989, L2: 0.0085, Reg: 0.5681
INFO:__main__:Total loss 0.7755
INFO:__main__:Predicted mean: -0.3846
INFO:__main__:Predicted uncertainity -0.7390
INFO:__main__:Completed epoch 53 of 100

INFO:__main__:NLL: 0.0134, L2: 0.0089, Reg: 0.5681
INFO:__main__:Total loss 0.5904
INFO:__main__:Predicted mean: -0.3375
INFO:__main__:Predicted uncertainity -0.7457
INFO:__main__:Completed epoch 54 of 100

INFO:__main__:NLL: 0.1520, L2: 0.0088, Reg: 0.5681
INFO:__main__:Total loss 0.7289
INFO:__main__:Predicted mean: -0.3579
INFO:__main__:Predicted uncertainity -0.8014
INFO:__main__:Completed epoch 55 of 100

INFO:__main__:NLL: 0.0909, L2: 0.0088, Reg: 0.5681
INFO:__main__:Total loss 0.6678
INFO:__main__:Predicted mean: -0.3657
INFO:__main__:Predicted uncertainity -0.8136
INFO:__main__:Completed epoch 56 of 100

INFO:__main__:NLL: 0.1698, L2: 0.0085, Reg: 0.5681
INFO:__main__:Total loss 0.7464
INFO:__main__:Predicted mean: -0.3172
INFO:__main__:Predicted uncertainity -0.8813
INFO:__main__:Completed epoch 57 of 100

INFO:__main__:NLL: 0.2268, L2: 0.0084, Reg: 0.5681
INFO:__main__:Total loss 0.8034
INFO:__main__:Predicted mean: -0.4132
INFO:__main__:Predicted uncertainity -0.7289
INFO:__main__:Completed epoch 58 of 100

INFO:__main__:NLL: 0.2057, L2: 0.0087, Reg: 0.5681
INFO:__main__:Total loss 0.7825
INFO:__main__:Predicted mean: -0.3646
INFO:__main__:Predicted uncertainity -0.8095
INFO:__main__:Completed epoch 59 of 100

INFO:__main__:NLL: 0.0662, L2: 0.0091, Reg: 0.5681
INFO:__main__:Total loss 0.6434
INFO:__main__:Predicted mean: -0.3732
INFO:__main__:Predicted uncertainity -0.5952
INFO:__main__:Completed epoch 60 of 100

INFO:__main__:NLL: 0.0323, L2: 0.0087, Reg: 0.5681
INFO:__main__:Total loss 0.6091
INFO:__main__:Predicted mean: -0.3933
INFO:__main__:Predicted uncertainity -0.6399
INFO:__main__:Completed epoch 61 of 100

INFO:__main__:NLL: 0.0800, L2: 0.0086, Reg: 0.5681
INFO:__main__:Total loss 0.6568
INFO:__main__:Predicted mean: -0.3855
INFO:__main__:Predicted uncertainity -0.7749
INFO:__main__:Completed epoch 62 of 100

INFO:__main__:NLL: 0.0221, L2: 0.0090, Reg: 0.5681
INFO:__main__:Total loss 0.5991
INFO:__main__:Predicted mean: -0.3398
INFO:__main__:Predicted uncertainity -0.8192
INFO:__main__:Completed epoch 63 of 100

INFO:__main__:NLL: 0.1116, L2: 0.0090, Reg: 0.5681
INFO:__main__:Total loss 0.6888
INFO:__main__:Predicted mean: -0.4055
INFO:__main__:Predicted uncertainity -0.7891
INFO:__main__:Completed epoch 64 of 100

INFO:__main__:NLL: -0.0010, L2: 0.0091, Reg: 0.5681
INFO:__main__:Total loss 0.5762
INFO:__main__:Predicted mean: -0.4433
INFO:__main__:Predicted uncertainity -0.8210
INFO:__main__:Completed epoch 65 of 100

INFO:__main__:NLL: 0.1415, L2: 0.0083, Reg: 0.5681
INFO:__main__:Total loss 0.7180
INFO:__main__:Predicted mean: -0.3815
INFO:__main__:Predicted uncertainity -0.7866
INFO:__main__:Completed epoch 66 of 100

INFO:__main__:NLL: 0.0532, L2: 0.0085, Reg: 0.5681
INFO:__main__:Total loss 0.6298
INFO:__main__:Predicted mean: -0.4337
INFO:__main__:Predicted uncertainity -0.7928
INFO:__main__:Completed epoch 67 of 100

INFO:__main__:NLL: 0.0507, L2: 0.0086, Reg: 0.5681
INFO:__main__:Total loss 0.6274
INFO:__main__:Predicted mean: -0.3592
INFO:__main__:Predicted uncertainity -0.7486
INFO:__main__:Completed epoch 68 of 100

INFO:__main__:NLL: 0.1176, L2: 0.0082, Reg: 0.5681
INFO:__main__:Total loss 0.6939
INFO:__main__:Predicted mean: -0.3726
INFO:__main__:Predicted uncertainity -0.7519
INFO:__main__:Completed epoch 69 of 100

INFO:__main__:NLL: -0.0649, L2: 0.0087, Reg: 0.5681
INFO:__main__:Total loss 0.5119
INFO:__main__:Predicted mean: -0.3356
INFO:__main__:Predicted uncertainity -0.7861
INFO:__main__:Completed epoch 70 of 100

INFO:__main__:NLL: 0.0391, L2: 0.0090, Reg: 0.5681
INFO:__main__:Total loss 0.6163
INFO:__main__:Predicted mean: -0.3411
INFO:__main__:Predicted uncertainity -0.7586
INFO:__main__:Completed epoch 71 of 100

INFO:__main__:NLL: 0.1007, L2: 0.0089, Reg: 0.5681
INFO:__main__:Total loss 0.6778
INFO:__main__:Predicted mean: -0.3517
INFO:__main__:Predicted uncertainity -0.7944
INFO:__main__:Completed epoch 72 of 100

INFO:__main__:NLL: -0.0257, L2: 0.0097, Reg: 0.5681
INFO:__main__:Total loss 0.5521
INFO:__main__:Predicted mean: -0.4004
INFO:__main__:Predicted uncertainity -0.7031
INFO:__main__:Completed epoch 73 of 100

INFO:__main__:NLL: 0.0066, L2: 0.0098, Reg: 0.5681
INFO:__main__:Total loss 0.5846
INFO:__main__:Predicted mean: -0.3701
INFO:__main__:Predicted uncertainity -0.9031
INFO:__main__:Completed epoch 74 of 100

INFO:__main__:NLL: 0.1414, L2: 0.0092, Reg: 0.5681
INFO:__main__:Total loss 0.7187
INFO:__main__:Predicted mean: -0.4146
INFO:__main__:Predicted uncertainity -0.6593
INFO:__main__:Completed epoch 75 of 100

INFO:__main__:NLL: 0.0391, L2: 0.0101, Reg: 0.5681
INFO:__main__:Total loss 0.6173
INFO:__main__:Predicted mean: -0.3701
INFO:__main__:Predicted uncertainity -0.6948
INFO:__main__:Completed epoch 76 of 100

INFO:__main__:NLL: 0.1517, L2: 0.0098, Reg: 0.5681
INFO:__main__:Total loss 0.7297
INFO:__main__:Predicted mean: -0.3289
INFO:__main__:Predicted uncertainity -0.6477
INFO:__main__:Completed epoch 77 of 100

INFO:__main__:NLL: 0.0151, L2: 0.0094, Reg: 0.5681
INFO:__main__:Total loss 0.5926
INFO:__main__:Predicted mean: -0.4179
INFO:__main__:Predicted uncertainity -0.7345
INFO:__main__:Completed epoch 78 of 100

INFO:__main__:NLL: 0.1472, L2: 0.0095, Reg: 0.5681
INFO:__main__:Total loss 0.7248
INFO:__main__:Predicted mean: -0.3597
INFO:__main__:Predicted uncertainity -0.6936
INFO:__main__:Completed epoch 79 of 100

INFO:__main__:NLL: 0.0705, L2: 0.0093, Reg: 0.5681
INFO:__main__:Total loss 0.6480
INFO:__main__:Predicted mean: -0.4050
INFO:__main__:Predicted uncertainity -0.7002
INFO:__main__:Completed epoch 80 of 100

INFO:__main__:NLL: -0.0342, L2: 0.0096, Reg: 0.5681
INFO:__main__:Total loss 0.5435
INFO:__main__:Predicted mean: -0.3300
INFO:__main__:Predicted uncertainity -0.7408
INFO:__main__:Completed epoch 81 of 100

INFO:__main__:NLL: 0.0869, L2: 0.0096, Reg: 0.5681
INFO:__main__:Total loss 0.6646
INFO:__main__:Predicted mean: -0.3736
INFO:__main__:Predicted uncertainity -0.7656
INFO:__main__:Completed epoch 82 of 100

INFO:__main__:NLL: 0.2618, L2: 0.0091, Reg: 0.5681
INFO:__main__:Total loss 0.8390
INFO:__main__:Predicted mean: -0.4279
INFO:__main__:Predicted uncertainity -0.7199
INFO:__main__:Completed epoch 83 of 100

INFO:__main__:NLL: 0.0367, L2: 0.0093, Reg: 0.5681
INFO:__main__:Total loss 0.6142
INFO:__main__:Predicted mean: -0.3921
INFO:__main__:Predicted uncertainity -0.6255
INFO:__main__:Completed epoch 84 of 100

INFO:__main__:NLL: 0.1265, L2: 0.0084, Reg: 0.5681
INFO:__main__:Total loss 0.7030
INFO:__main__:Predicted mean: -0.3072
INFO:__main__:Predicted uncertainity -0.7204
INFO:__main__:Completed epoch 85 of 100

INFO:__main__:NLL: -0.0780, L2: 0.0089, Reg: 0.5681
INFO:__main__:Total loss 0.4990
INFO:__main__:Predicted mean: -0.3405
INFO:__main__:Predicted uncertainity -0.7660
INFO:__main__:Completed epoch 86 of 100

INFO:__main__:NLL: 0.0544, L2: 0.0088, Reg: 0.5681
INFO:__main__:Total loss 0.6313
INFO:__main__:Predicted mean: -0.4372
INFO:__main__:Predicted uncertainity -0.7817
INFO:__main__:Completed epoch 87 of 100

INFO:__main__:NLL: 0.2129, L2: 0.0093, Reg: 0.5681
INFO:__main__:Total loss 0.7903
INFO:__main__:Predicted mean: -0.3706
INFO:__main__:Predicted uncertainity -0.7630
INFO:__main__:Completed epoch 88 of 100

INFO:__main__:NLL: 0.3741, L2: 0.0092, Reg: 0.5681
INFO:__main__:Total loss 0.9514
INFO:__main__:Predicted mean: -0.3591
INFO:__main__:Predicted uncertainity -0.7868
INFO:__main__:Completed epoch 89 of 100

INFO:__main__:NLL: 0.1170, L2: 0.0094, Reg: 0.5681
INFO:__main__:Total loss 0.6945
INFO:__main__:Predicted mean: -0.3595
INFO:__main__:Predicted uncertainity -0.7391
INFO:__main__:Completed epoch 90 of 100

INFO:__main__:NLL: 0.1486, L2: 0.0094, Reg: 0.5681
INFO:__main__:Total loss 0.7262
INFO:__main__:Predicted mean: -0.4023
INFO:__main__:Predicted uncertainity -0.7399
INFO:__main__:Completed epoch 91 of 100

INFO:__main__:NLL: -0.0204, L2: 0.0089, Reg: 0.5681
INFO:__main__:Total loss 0.5567
INFO:__main__:Predicted mean: -0.3840
INFO:__main__:Predicted uncertainity -0.7341
INFO:__main__:Completed epoch 92 of 100

INFO:__main__:NLL: 0.2033, L2: 0.0088, Reg: 0.5681
INFO:__main__:Total loss 0.7803
INFO:__main__:Predicted mean: -0.3485
INFO:__main__:Predicted uncertainity -0.7691
INFO:__main__:Completed epoch 93 of 100

INFO:__main__:NLL: 0.3683, L2: 0.0093, Reg: 0.5681
INFO:__main__:Total loss 0.9458
INFO:__main__:Predicted mean: -0.4093
INFO:__main__:Predicted uncertainity -0.8287
INFO:__main__:Completed epoch 94 of 100

INFO:__main__:NLL: 0.1236, L2: 0.0091, Reg: 0.5681
INFO:__main__:Total loss 0.7008
INFO:__main__:Predicted mean: -0.3815
INFO:__main__:Predicted uncertainity -0.7780
INFO:__main__:Completed epoch 95 of 100

INFO:__main__:NLL: 0.2062, L2: 0.0087, Reg: 0.5681
INFO:__main__:Total loss 0.7830
INFO:__main__:Predicted mean: -0.3567
INFO:__main__:Predicted uncertainity -0.7785
INFO:__main__:Completed epoch 96 of 100

INFO:__main__:NLL: 0.1943, L2: 0.0090, Reg: 0.5681
INFO:__main__:Total loss 0.7714
INFO:__main__:Predicted mean: -0.3592
INFO:__main__:Predicted uncertainity -0.7544
INFO:__main__:Completed epoch 97 of 100

INFO:__main__:NLL: 0.0270, L2: 0.0096, Reg: 0.5681
INFO:__main__:Total loss 0.6047
INFO:__main__:Predicted mean: -0.3494
INFO:__main__:Predicted uncertainity -0.7549
INFO:__main__:Completed epoch 98 of 100

INFO:__main__:NLL: -0.1069, L2: 0.0093, Reg: 0.5681
INFO:__main__:Total loss 0.4706
INFO:__main__:Predicted mean: -0.3371
INFO:__main__:Predicted uncertainity -0.8048
INFO:__main__:Completed epoch 99 of 100

INFO:__main__:NLL: 0.0597, L2: 0.0093, Reg: 0.5681
INFO:__main__:Total loss 0.6372
INFO:__main__:Predicted mean: -0.4082
INFO:__main__:Predicted uncertainity -0.8403
INFO:__main__:Completed epoch 100 of 100

INFO:__main__:786.019988 s
