INFO:__main__:PROCESS RUNNING ON cpu
INFO:__main__:NLL: 0.3105, L2: 0.0005, Reg: 0.0662
INFO:__main__:Total loss 0.3773
INFO:__main__:Predicted mean: -0.0022
INFO:__main__:Predicted uncertainity 0.0004
INFO:__main__:Completed epoch 1 of 100

INFO:__main__:NLL: 0.3107, L2: 0.0004, Reg: 0.0707
INFO:__main__:Total loss 0.3818
INFO:__main__:Predicted mean: -0.0020
INFO:__main__:Predicted uncertainity 0.0008
INFO:__main__:Completed epoch 2 of 100

INFO:__main__:NLL: 0.3105, L2: 0.0027, Reg: 0.0764
INFO:__main__:Total loss 0.3896
INFO:__main__:Predicted mean: -0.0025
INFO:__main__:Predicted uncertainity 0.0003
INFO:__main__:Completed epoch 3 of 100

INFO:__main__:NLL: 0.3104, L2: 0.0019, Reg: 0.0808
INFO:__main__:Total loss 0.3931
INFO:__main__:Predicted mean: -0.0031
INFO:__main__:Predicted uncertainity 0.0008
INFO:__main__:Completed epoch 4 of 100

INFO:__main__:NLL: 0.3105, L2: 0.0031, Reg: 0.0600
INFO:__main__:Total loss 0.3736
INFO:__main__:Predicted mean: -0.0026
INFO:__main__:Predicted uncertainity 0.0004
INFO:__main__:Completed epoch 5 of 100

INFO:__main__:NLL: 0.3105, L2: 0.0051, Reg: 0.0681
INFO:__main__:Total loss 0.3837
INFO:__main__:Predicted mean: -0.0027
INFO:__main__:Predicted uncertainity 0.0007
INFO:__main__:Completed epoch 6 of 100

INFO:__main__:NLL: 0.3105, L2: 0.0051, Reg: 0.0744
INFO:__main__:Total loss 0.3900
INFO:__main__:Predicted mean: -0.0025
INFO:__main__:Predicted uncertainity 0.0007
INFO:__main__:Completed epoch 7 of 100

INFO:__main__:NLL: 0.3104, L2: 0.0049, Reg: 0.0751
INFO:__main__:Total loss 0.3904
INFO:__main__:Predicted mean: -0.0029
INFO:__main__:Predicted uncertainity 0.0005
INFO:__main__:Completed epoch 8 of 100

INFO:__main__:NLL: 0.3104, L2: 0.0075, Reg: 0.0682
INFO:__main__:Total loss 0.3860
INFO:__main__:Predicted mean: -0.0035
INFO:__main__:Predicted uncertainity 0.0009
INFO:__main__:Completed epoch 9 of 100

INFO:__main__:NLL: 0.3106, L2: 0.0130, Reg: 0.0715
INFO:__main__:Total loss 0.3951
INFO:__main__:Predicted mean: -0.0033
INFO:__main__:Predicted uncertainity 0.0019
INFO:__main__:Completed epoch 10 of 100

INFO:__main__:NLL: 0.3104, L2: 0.0117, Reg: 0.0699
INFO:__main__:Total loss 0.3920
INFO:__main__:Predicted mean: -0.0038
INFO:__main__:Predicted uncertainity 0.0014
INFO:__main__:Completed epoch 11 of 100

INFO:__main__:NLL: 0.3104, L2: 0.0144, Reg: 0.0575
INFO:__main__:Total loss 0.3822
INFO:__main__:Predicted mean: -0.0039
INFO:__main__:Predicted uncertainity 0.0011
INFO:__main__:Completed epoch 12 of 100

INFO:__main__:NLL: 0.3104, L2: 0.0232, Reg: 0.0756
INFO:__main__:Total loss 0.4092
INFO:__main__:Predicted mean: -0.0042
INFO:__main__:Predicted uncertainity 0.0016
INFO:__main__:Completed epoch 13 of 100

INFO:__main__:NLL: 0.3103, L2: 0.0170, Reg: 0.0754
INFO:__main__:Total loss 0.4026
INFO:__main__:Predicted mean: -0.0042
INFO:__main__:Predicted uncertainity 0.0009
INFO:__main__:Completed epoch 14 of 100

INFO:__main__:NLL: 0.3103, L2: 0.0204, Reg: 0.0676
INFO:__main__:Total loss 0.3982
INFO:__main__:Predicted mean: -0.0042
INFO:__main__:Predicted uncertainity 0.0011
INFO:__main__:Completed epoch 15 of 100

INFO:__main__:NLL: 0.3104, L2: 0.0173, Reg: 0.0790
INFO:__main__:Total loss 0.4066
INFO:__main__:Predicted mean: -0.0044
INFO:__main__:Predicted uncertainity 0.0017
INFO:__main__:Completed epoch 16 of 100

INFO:__main__:NLL: 0.3103, L2: 0.0188, Reg: 0.0599
INFO:__main__:Total loss 0.3890
INFO:__main__:Predicted mean: -0.0043
INFO:__main__:Predicted uncertainity 0.0012
INFO:__main__:Completed epoch 17 of 100

INFO:__main__:NLL: 0.3104, L2: 0.0212, Reg: 0.0679
INFO:__main__:Total loss 0.3995
INFO:__main__:Predicted mean: -0.0042
INFO:__main__:Predicted uncertainity 0.0014
INFO:__main__:Completed epoch 18 of 100

INFO:__main__:NLL: 0.3103, L2: 0.0238, Reg: 0.0799
INFO:__main__:Total loss 0.4141
INFO:__main__:Predicted mean: -0.0043
INFO:__main__:Predicted uncertainity 0.0014
INFO:__main__:Completed epoch 19 of 100

INFO:__main__:NLL: 0.3104, L2: 0.0209, Reg: 0.0817
INFO:__main__:Total loss 0.4130
INFO:__main__:Predicted mean: -0.0041
INFO:__main__:Predicted uncertainity 0.0015
INFO:__main__:Completed epoch 20 of 100

INFO:__main__:NLL: 0.3103, L2: 0.0225, Reg: 0.0639
INFO:__main__:Total loss 0.3968
INFO:__main__:Predicted mean: -0.0043
INFO:__main__:Predicted uncertainity 0.0012
INFO:__main__:Completed epoch 21 of 100

INFO:__main__:NLL: 0.3103, L2: 0.0193, Reg: 0.0723
INFO:__main__:Total loss 0.4019
INFO:__main__:Predicted mean: -0.0041
INFO:__main__:Predicted uncertainity 0.0012
INFO:__main__:Completed epoch 22 of 100

INFO:__main__:NLL: 0.3104, L2: 0.0194, Reg: 0.0813
INFO:__main__:Total loss 0.4111
INFO:__main__:Predicted mean: -0.0043
INFO:__main__:Predicted uncertainity 0.0017
INFO:__main__:Completed epoch 23 of 100

INFO:__main__:NLL: 0.3103, L2: 0.0197, Reg: 0.0827
INFO:__main__:Total loss 0.4126
INFO:__main__:Predicted mean: -0.0039
INFO:__main__:Predicted uncertainity 0.0007
INFO:__main__:Completed epoch 24 of 100

INFO:__main__:NLL: 0.3103, L2: 0.0202, Reg: 0.0872
INFO:__main__:Total loss 0.4177
INFO:__main__:Predicted mean: -0.0042
INFO:__main__:Predicted uncertainity 0.0012
INFO:__main__:Completed epoch 25 of 100

INFO:__main__:NLL: 0.3102, L2: 0.0184, Reg: 0.0870
INFO:__main__:Total loss 0.4156
INFO:__main__:Predicted mean: -0.0046
INFO:__main__:Predicted uncertainity 0.0008
INFO:__main__:Completed epoch 26 of 100

INFO:__main__:NLL: 0.3103, L2: 0.0221, Reg: 0.0696
INFO:__main__:Total loss 0.4020
INFO:__main__:Predicted mean: -0.0042
INFO:__main__:Predicted uncertainity 0.0013
INFO:__main__:Completed epoch 27 of 100

INFO:__main__:NLL: 0.3102, L2: 0.0202, Reg: 0.0657
INFO:__main__:Total loss 0.3961
INFO:__main__:Predicted mean: -0.0040
INFO:__main__:Predicted uncertainity 0.0005
INFO:__main__:Completed epoch 28 of 100

INFO:__main__:NLL: 0.3103, L2: 0.0214, Reg: 0.0870
INFO:__main__:Total loss 0.4187
INFO:__main__:Predicted mean: -0.0040
INFO:__main__:Predicted uncertainity 0.0010
INFO:__main__:Completed epoch 29 of 100

INFO:__main__:NLL: 0.3103, L2: 0.0187, Reg: 0.0580
INFO:__main__:Total loss 0.3870
INFO:__main__:Predicted mean: -0.0040
INFO:__main__:Predicted uncertainity 0.0007
INFO:__main__:Completed epoch 30 of 100

INFO:__main__:NLL: 0.3103, L2: 0.0203, Reg: 0.0739
INFO:__main__:Total loss 0.4045
INFO:__main__:Predicted mean: -0.0043
INFO:__main__:Predicted uncertainity 0.0011
INFO:__main__:Completed epoch 31 of 100

INFO:__main__:NLL: 0.3104, L2: 0.0239, Reg: 0.0772
INFO:__main__:Total loss 0.4116
INFO:__main__:Predicted mean: -0.0042
INFO:__main__:Predicted uncertainity 0.0016
INFO:__main__:Completed epoch 32 of 100

INFO:__main__:NLL: 0.3102, L2: 0.0183, Reg: 0.0666
INFO:__main__:Total loss 0.3952
INFO:__main__:Predicted mean: -0.0043
INFO:__main__:Predicted uncertainity 0.0009
INFO:__main__:Completed epoch 33 of 100

INFO:__main__:NLL: 0.3102, L2: 0.0207, Reg: 0.0794
INFO:__main__:Total loss 0.4103
INFO:__main__:Predicted mean: -0.0042
INFO:__main__:Predicted uncertainity 0.0005
INFO:__main__:Completed epoch 34 of 100

INFO:__main__:NLL: 0.3103, L2: 0.0217, Reg: 0.0651
INFO:__main__:Total loss 0.3971
INFO:__main__:Predicted mean: -0.0041
INFO:__main__:Predicted uncertainity 0.0009
INFO:__main__:Completed epoch 35 of 100

INFO:__main__:NLL: 0.3103, L2: 0.0179, Reg: 0.0682
INFO:__main__:Total loss 0.3964
INFO:__main__:Predicted mean: -0.0043
INFO:__main__:Predicted uncertainity 0.0010
INFO:__main__:Completed epoch 36 of 100

INFO:__main__:NLL: 0.3104, L2: 0.0218, Reg: 0.0799
INFO:__main__:Total loss 0.4120
INFO:__main__:Predicted mean: -0.0042
INFO:__main__:Predicted uncertainity 0.0014
INFO:__main__:Completed epoch 37 of 100

INFO:__main__:NLL: 0.3102, L2: 0.0179, Reg: 0.0763
INFO:__main__:Total loss 0.4044
INFO:__main__:Predicted mean: -0.0043
INFO:__main__:Predicted uncertainity 0.0006
INFO:__main__:Completed epoch 38 of 100

INFO:__main__:NLL: 0.3103, L2: 0.0181, Reg: 0.0706
INFO:__main__:Total loss 0.3990
INFO:__main__:Predicted mean: -0.0041
INFO:__main__:Predicted uncertainity 0.0009
INFO:__main__:Completed epoch 39 of 100

INFO:__main__:NLL: 0.3103, L2: 0.0203, Reg: 0.0846
INFO:__main__:Total loss 0.4152
INFO:__main__:Predicted mean: -0.0042
INFO:__main__:Predicted uncertainity 0.0014
INFO:__main__:Completed epoch 40 of 100

INFO:__main__:NLL: 0.3103, L2: 0.0169, Reg: 0.0735
INFO:__main__:Total loss 0.4007
INFO:__main__:Predicted mean: -0.0041
INFO:__main__:Predicted uncertainity 0.0009
INFO:__main__:Completed epoch 41 of 100

INFO:__main__:NLL: 0.3104, L2: 0.0267, Reg: 0.0709
INFO:__main__:Total loss 0.4080
INFO:__main__:Predicted mean: -0.0042
INFO:__main__:Predicted uncertainity 0.0014
INFO:__main__:Completed epoch 42 of 100

INFO:__main__:NLL: 0.3103, L2: 0.0196, Reg: 0.0758
INFO:__main__:Total loss 0.4058
INFO:__main__:Predicted mean: -0.0042
INFO:__main__:Predicted uncertainity 0.0012
INFO:__main__:Completed epoch 43 of 100

INFO:__main__:NLL: 0.3104, L2: 0.0187, Reg: 0.0691
INFO:__main__:Total loss 0.3982
INFO:__main__:Predicted mean: -0.0041
INFO:__main__:Predicted uncertainity 0.0015
INFO:__main__:Completed epoch 44 of 100

INFO:__main__:NLL: 0.3103, L2: 0.0205, Reg: 0.0721
INFO:__main__:Total loss 0.4030
INFO:__main__:Predicted mean: -0.0040
INFO:__main__:Predicted uncertainity 0.0011
INFO:__main__:Completed epoch 45 of 100

INFO:__main__:NLL: 0.3105, L2: 0.0242, Reg: 0.0725
INFO:__main__:Total loss 0.4072
INFO:__main__:Predicted mean: -0.0040
INFO:__main__:Predicted uncertainity 0.0018
INFO:__main__:Completed epoch 46 of 100

INFO:__main__:NLL: 0.3103, L2: 0.0228, Reg: 0.0720
INFO:__main__:Total loss 0.4051
INFO:__main__:Predicted mean: -0.0042
INFO:__main__:Predicted uncertainity 0.0012
INFO:__main__:Completed epoch 47 of 100

INFO:__main__:NLL: 0.3103, L2: 0.0178, Reg: 0.0744
INFO:__main__:Total loss 0.4025
INFO:__main__:Predicted mean: -0.0042
INFO:__main__:Predicted uncertainity 0.0010
INFO:__main__:Completed epoch 48 of 100

INFO:__main__:NLL: 0.3104, L2: 0.0183, Reg: 0.0735
INFO:__main__:Total loss 0.4022
INFO:__main__:Predicted mean: -0.0042
INFO:__main__:Predicted uncertainity 0.0015
INFO:__main__:Completed epoch 49 of 100

INFO:__main__:NLL: 0.3103, L2: 0.0208, Reg: 0.0661
INFO:__main__:Total loss 0.3972
INFO:__main__:Predicted mean: -0.0042
INFO:__main__:Predicted uncertainity 0.0009
INFO:__main__:Completed epoch 50 of 100

INFO:__main__:NLL: 0.3104, L2: 0.0190, Reg: 0.0822
INFO:__main__:Total loss 0.4116
INFO:__main__:Predicted mean: -0.0040
INFO:__main__:Predicted uncertainity 0.0012
INFO:__main__:Completed epoch 51 of 100

INFO:__main__:NLL: 0.3103, L2: 0.0186, Reg: 0.0899
INFO:__main__:Total loss 0.4188
INFO:__main__:Predicted mean: -0.0042
INFO:__main__:Predicted uncertainity 0.0013
INFO:__main__:Completed epoch 52 of 100

INFO:__main__:NLL: 0.3103, L2: 0.0181, Reg: 0.0667
INFO:__main__:Total loss 0.3951
INFO:__main__:Predicted mean: -0.0039
INFO:__main__:Predicted uncertainity 0.0009
INFO:__main__:Completed epoch 53 of 100

INFO:__main__:NLL: 0.3103, L2: 0.0181, Reg: 0.0801
INFO:__main__:Total loss 0.4085
INFO:__main__:Predicted mean: -0.0044
INFO:__main__:Predicted uncertainity 0.0013
INFO:__main__:Completed epoch 54 of 100

INFO:__main__:NLL: 0.3103, L2: 0.0220, Reg: 0.0687
INFO:__main__:Total loss 0.4009
INFO:__main__:Predicted mean: -0.0041
INFO:__main__:Predicted uncertainity 0.0009
INFO:__main__:Completed epoch 55 of 100

INFO:__main__:NLL: 0.3104, L2: 0.0150, Reg: 0.0718
INFO:__main__:Total loss 0.3972
INFO:__main__:Predicted mean: -0.0041
INFO:__main__:Predicted uncertainity 0.0014
INFO:__main__:Completed epoch 56 of 100

INFO:__main__:NLL: 0.3104, L2: 0.0210, Reg: 0.0680
INFO:__main__:Total loss 0.3993
INFO:__main__:Predicted mean: -0.0040
INFO:__main__:Predicted uncertainity 0.0012
INFO:__main__:Completed epoch 57 of 100

INFO:__main__:NLL: 0.3103, L2: 0.0216, Reg: 0.0734
INFO:__main__:Total loss 0.4053
INFO:__main__:Predicted mean: -0.0039
INFO:__main__:Predicted uncertainity 0.0009
INFO:__main__:Completed epoch 58 of 100

INFO:__main__:NLL: 0.3103, L2: 0.0190, Reg: 0.0827
INFO:__main__:Total loss 0.4121
INFO:__main__:Predicted mean: -0.0042
INFO:__main__:Predicted uncertainity 0.0012
INFO:__main__:Completed epoch 59 of 100

INFO:__main__:NLL: 0.3103, L2: 0.0208, Reg: 0.0783
INFO:__main__:Total loss 0.4094
INFO:__main__:Predicted mean: -0.0041
INFO:__main__:Predicted uncertainity 0.0011
INFO:__main__:Completed epoch 60 of 100

INFO:__main__:NLL: 0.3103, L2: 0.0210, Reg: 0.0677
INFO:__main__:Total loss 0.3990
INFO:__main__:Predicted mean: -0.0037
INFO:__main__:Predicted uncertainity 0.0007
INFO:__main__:Completed epoch 61 of 100

INFO:__main__:NLL: 0.3104, L2: 0.0186, Reg: 0.0692
INFO:__main__:Total loss 0.3982
INFO:__main__:Predicted mean: -0.0039
INFO:__main__:Predicted uncertainity 0.0010
INFO:__main__:Completed epoch 62 of 100

INFO:__main__:NLL: 0.3103, L2: 0.0209, Reg: 0.0758
INFO:__main__:Total loss 0.4070
INFO:__main__:Predicted mean: -0.0041
INFO:__main__:Predicted uncertainity 0.0011
INFO:__main__:Completed epoch 63 of 100

INFO:__main__:NLL: 0.3104, L2: 0.0184, Reg: 0.0756
INFO:__main__:Total loss 0.4043
INFO:__main__:Predicted mean: -0.0042
INFO:__main__:Predicted uncertainity 0.0015
INFO:__main__:Completed epoch 64 of 100

INFO:__main__:NLL: 0.3103, L2: 0.0198, Reg: 0.0742
INFO:__main__:Total loss 0.4043
INFO:__main__:Predicted mean: -0.0040
INFO:__main__:Predicted uncertainity 0.0008
INFO:__main__:Completed epoch 65 of 100

INFO:__main__:NLL: 0.3103, L2: 0.0182, Reg: 0.0780
INFO:__main__:Total loss 0.4065
INFO:__main__:Predicted mean: -0.0043
INFO:__main__:Predicted uncertainity 0.0012
INFO:__main__:Completed epoch 66 of 100

INFO:__main__:NLL: 0.3102, L2: 0.0185, Reg: 0.0740
INFO:__main__:Total loss 0.4027
INFO:__main__:Predicted mean: -0.0041
INFO:__main__:Predicted uncertainity 0.0005
INFO:__main__:Completed epoch 67 of 100

INFO:__main__:NLL: 0.3104, L2: 0.0179, Reg: 0.0761
INFO:__main__:Total loss 0.4044
INFO:__main__:Predicted mean: -0.0044
INFO:__main__:Predicted uncertainity 0.0017
INFO:__main__:Completed epoch 68 of 100

INFO:__main__:NLL: 0.3103, L2: 0.0196, Reg: 0.0623
INFO:__main__:Total loss 0.3923
INFO:__main__:Predicted mean: -0.0040
INFO:__main__:Predicted uncertainity 0.0011
INFO:__main__:Completed epoch 69 of 100

INFO:__main__:NLL: 0.3103, L2: 0.0178, Reg: 0.0600
INFO:__main__:Total loss 0.3880
INFO:__main__:Predicted mean: -0.0042
INFO:__main__:Predicted uncertainity 0.0009
INFO:__main__:Completed epoch 70 of 100

INFO:__main__:NLL: 0.3103, L2: 0.0207, Reg: 0.0782
INFO:__main__:Total loss 0.4092
INFO:__main__:Predicted mean: -0.0041
INFO:__main__:Predicted uncertainity 0.0012
INFO:__main__:Completed epoch 71 of 100

INFO:__main__:NLL: 0.3103, L2: 0.0163, Reg: 0.0765
INFO:__main__:Total loss 0.4031
INFO:__main__:Predicted mean: -0.0039
INFO:__main__:Predicted uncertainity 0.0009
INFO:__main__:Completed epoch 72 of 100

INFO:__main__:NLL: 0.3103, L2: 0.0201, Reg: 0.0658
INFO:__main__:Total loss 0.3962
INFO:__main__:Predicted mean: -0.0041
INFO:__main__:Predicted uncertainity 0.0010
INFO:__main__:Completed epoch 73 of 100

INFO:__main__:NLL: 0.3104, L2: 0.0195, Reg: 0.0652
INFO:__main__:Total loss 0.3951
INFO:__main__:Predicted mean: -0.0041
INFO:__main__:Predicted uncertainity 0.0013
INFO:__main__:Completed epoch 74 of 100

INFO:__main__:NLL: 0.3103, L2: 0.0198, Reg: 0.0738
INFO:__main__:Total loss 0.4039
INFO:__main__:Predicted mean: -0.0041
INFO:__main__:Predicted uncertainity 0.0010
INFO:__main__:Completed epoch 75 of 100

INFO:__main__:NLL: 0.3103, L2: 0.0179, Reg: 0.0754
INFO:__main__:Total loss 0.4035
INFO:__main__:Predicted mean: -0.0040
INFO:__main__:Predicted uncertainity 0.0009
INFO:__main__:Completed epoch 76 of 100

INFO:__main__:NLL: 0.3103, L2: 0.0219, Reg: 0.0769
INFO:__main__:Total loss 0.4090
INFO:__main__:Predicted mean: -0.0041
INFO:__main__:Predicted uncertainity 0.0009
INFO:__main__:Completed epoch 77 of 100

INFO:__main__:NLL: 0.3104, L2: 0.0218, Reg: 0.0749
INFO:__main__:Total loss 0.4072
INFO:__main__:Predicted mean: -0.0043
INFO:__main__:Predicted uncertainity 0.0015
INFO:__main__:Completed epoch 78 of 100

INFO:__main__:NLL: 0.3103, L2: 0.0181, Reg: 0.0833
INFO:__main__:Total loss 0.4117
INFO:__main__:Predicted mean: -0.0042
INFO:__main__:Predicted uncertainity 0.0011
INFO:__main__:Completed epoch 79 of 100

INFO:__main__:NLL: 0.3103, L2: 0.0220, Reg: 0.0753
INFO:__main__:Total loss 0.4077
INFO:__main__:Predicted mean: -0.0042
INFO:__main__:Predicted uncertainity 0.0012
INFO:__main__:Completed epoch 80 of 100

INFO:__main__:NLL: 0.3102, L2: 0.0207, Reg: 0.0591
INFO:__main__:Total loss 0.3899
INFO:__main__:Predicted mean: -0.0041
INFO:__main__:Predicted uncertainity 0.0003
INFO:__main__:Completed epoch 81 of 100

INFO:__main__:NLL: 0.3104, L2: 0.0198, Reg: 0.0825
INFO:__main__:Total loss 0.4127
INFO:__main__:Predicted mean: -0.0041
INFO:__main__:Predicted uncertainity 0.0017
INFO:__main__:Completed epoch 82 of 100

INFO:__main__:NLL: 0.3103, L2: 0.0192, Reg: 0.0731
INFO:__main__:Total loss 0.4026
INFO:__main__:Predicted mean: -0.0042
INFO:__main__:Predicted uncertainity 0.0012
INFO:__main__:Completed epoch 83 of 100

INFO:__main__:NLL: 0.3103, L2: 0.0195, Reg: 0.0767
INFO:__main__:Total loss 0.4065
INFO:__main__:Predicted mean: -0.0041
INFO:__main__:Predicted uncertainity 0.0012
INFO:__main__:Completed epoch 84 of 100

INFO:__main__:NLL: 0.3103, L2: 0.0209, Reg: 0.0771
INFO:__main__:Total loss 0.4083
INFO:__main__:Predicted mean: -0.0041
INFO:__main__:Predicted uncertainity 0.0008
INFO:__main__:Completed epoch 85 of 100

INFO:__main__:NLL: 0.3104, L2: 0.0161, Reg: 0.0836
INFO:__main__:Total loss 0.4100
INFO:__main__:Predicted mean: -0.0041
INFO:__main__:Predicted uncertainity 0.0015
INFO:__main__:Completed epoch 86 of 100

INFO:__main__:NLL: 0.3104, L2: 0.0184, Reg: 0.0633
INFO:__main__:Total loss 0.3920
INFO:__main__:Predicted mean: -0.0044
INFO:__main__:Predicted uncertainity 0.0015
INFO:__main__:Completed epoch 87 of 100

INFO:__main__:NLL: 0.3103, L2: 0.0185, Reg: 0.0795
INFO:__main__:Total loss 0.4083
INFO:__main__:Predicted mean: -0.0041
INFO:__main__:Predicted uncertainity 0.0008
INFO:__main__:Completed epoch 88 of 100

INFO:__main__:NLL: 0.3102, L2: 0.0240, Reg: 0.0751
INFO:__main__:Total loss 0.4092
INFO:__main__:Predicted mean: -0.0045
INFO:__main__:Predicted uncertainity 0.0006
INFO:__main__:Completed epoch 89 of 100

INFO:__main__:NLL: 0.3102, L2: 0.0193, Reg: 0.0735
INFO:__main__:Total loss 0.4030
INFO:__main__:Predicted mean: -0.0041
INFO:__main__:Predicted uncertainity 0.0006
INFO:__main__:Completed epoch 90 of 100

INFO:__main__:NLL: 0.3103, L2: 0.0184, Reg: 0.0694
INFO:__main__:Total loss 0.3982
INFO:__main__:Predicted mean: -0.0042
INFO:__main__:Predicted uncertainity 0.0010
INFO:__main__:Completed epoch 91 of 100

INFO:__main__:NLL: 0.3102, L2: 0.0223, Reg: 0.0855
INFO:__main__:Total loss 0.4180
INFO:__main__:Predicted mean: -0.0041
INFO:__main__:Predicted uncertainity 0.0007
INFO:__main__:Completed epoch 92 of 100

INFO:__main__:NLL: 0.3104, L2: 0.0166, Reg: 0.0749
INFO:__main__:Total loss 0.4019
INFO:__main__:Predicted mean: -0.0041
INFO:__main__:Predicted uncertainity 0.0015
INFO:__main__:Completed epoch 93 of 100

INFO:__main__:NLL: 0.3103, L2: 0.0217, Reg: 0.0767
INFO:__main__:Total loss 0.4087
INFO:__main__:Predicted mean: -0.0041
INFO:__main__:Predicted uncertainity 0.0012
INFO:__main__:Completed epoch 94 of 100

INFO:__main__:NLL: 0.3103, L2: 0.0213, Reg: 0.0812
INFO:__main__:Total loss 0.4127
INFO:__main__:Predicted mean: -0.0041
INFO:__main__:Predicted uncertainity 0.0010
INFO:__main__:Completed epoch 95 of 100

INFO:__main__:NLL: 0.3104, L2: 0.0149, Reg: 0.0638
INFO:__main__:Total loss 0.3891
INFO:__main__:Predicted mean: -0.0042
INFO:__main__:Predicted uncertainity 0.0016
INFO:__main__:Completed epoch 96 of 100

INFO:__main__:NLL: 0.3104, L2: 0.0179, Reg: 0.0784
INFO:__main__:Total loss 0.4066
INFO:__main__:Predicted mean: -0.0042
INFO:__main__:Predicted uncertainity 0.0013
INFO:__main__:Completed epoch 97 of 100

INFO:__main__:NLL: 0.3103, L2: 0.0180, Reg: 0.0613
INFO:__main__:Total loss 0.3896
INFO:__main__:Predicted mean: -0.0043
INFO:__main__:Predicted uncertainity 0.0014
INFO:__main__:Completed epoch 98 of 100

INFO:__main__:NLL: 0.3103, L2: 0.0182, Reg: 0.0770
INFO:__main__:Total loss 0.4054
INFO:__main__:Predicted mean: -0.0039
INFO:__main__:Predicted uncertainity 0.0007
INFO:__main__:Completed epoch 99 of 100

INFO:__main__:NLL: 0.3103, L2: 0.0198, Reg: 0.0719
INFO:__main__:Total loss 0.4020
INFO:__main__:Predicted mean: -0.0041
INFO:__main__:Predicted uncertainity 0.0011
INFO:__main__:Completed epoch 100 of 100

INFO:__main__:531.222746 s
