INFO:__main__:PROCESS RUNNING ON cpu
INFO:__main__:NLL: 0.3104, L2: 0.0003, Reg: 0.0734
INFO:__main__:Total loss 0.3842
INFO:__main__:Predicted mean: -0.0017
INFO:__main__:Predicted uncertainity -0.0006
INFO:__main__:Completed epoch 1 of 100

INFO:__main__:NLL: 0.3106, L2: 0.0002, Reg: 0.0710
INFO:__main__:Total loss 0.3818
INFO:__main__:Predicted mean: -0.0015
INFO:__main__:Predicted uncertainity -0.0002
INFO:__main__:Completed epoch 2 of 100

INFO:__main__:NLL: 0.3104, L2: 0.0042, Reg: 0.0718
INFO:__main__:Total loss 0.3864
INFO:__main__:Predicted mean: -0.0020
INFO:__main__:Predicted uncertainity -0.0007
INFO:__main__:Completed epoch 3 of 100

INFO:__main__:NLL: 0.3103, L2: 0.0012, Reg: 0.0706
INFO:__main__:Total loss 0.3821
INFO:__main__:Predicted mean: -0.0025
INFO:__main__:Predicted uncertainity -0.0004
INFO:__main__:Completed epoch 4 of 100

INFO:__main__:NLL: 0.3104, L2: 0.0040, Reg: 0.0751
INFO:__main__:Total loss 0.3894
INFO:__main__:Predicted mean: -0.0020
INFO:__main__:Predicted uncertainity -0.0007
INFO:__main__:Completed epoch 5 of 100

INFO:__main__:NLL: 0.3104, L2: 0.0026, Reg: 0.0721
INFO:__main__:Total loss 0.3851
INFO:__main__:Predicted mean: -0.0023
INFO:__main__:Predicted uncertainity -0.0004
INFO:__main__:Completed epoch 6 of 100

INFO:__main__:NLL: 0.3104, L2: 0.0040, Reg: 0.0761
INFO:__main__:Total loss 0.3906
INFO:__main__:Predicted mean: -0.0019
INFO:__main__:Predicted uncertainity -0.0005
INFO:__main__:Completed epoch 7 of 100

INFO:__main__:NLL: 0.3104, L2: 0.0052, Reg: 0.0720
INFO:__main__:Total loss 0.3876
INFO:__main__:Predicted mean: -0.0024
INFO:__main__:Predicted uncertainity -0.0000
INFO:__main__:Completed epoch 8 of 100

INFO:__main__:NLL: 0.3104, L2: 0.0116, Reg: 0.0751
INFO:__main__:Total loss 0.3971
INFO:__main__:Predicted mean: -0.0029
INFO:__main__:Predicted uncertainity 0.0003
INFO:__main__:Completed epoch 9 of 100

INFO:__main__:NLL: 0.3104, L2: 0.0099, Reg: 0.0737
INFO:__main__:Total loss 0.3940
INFO:__main__:Predicted mean: -0.0028
INFO:__main__:Predicted uncertainity 0.0001
INFO:__main__:Completed epoch 10 of 100

INFO:__main__:NLL: 0.3103, L2: 0.0119, Reg: 0.0707
INFO:__main__:Total loss 0.3929
INFO:__main__:Predicted mean: -0.0033
INFO:__main__:Predicted uncertainity 0.0001
INFO:__main__:Completed epoch 11 of 100

INFO:__main__:NLL: 0.3102, L2: 0.0145, Reg: 0.0729
INFO:__main__:Total loss 0.3976
INFO:__main__:Predicted mean: -0.0036
INFO:__main__:Predicted uncertainity 0.0001
INFO:__main__:Completed epoch 12 of 100

INFO:__main__:NLL: 0.3102, L2: 0.0190, Reg: 0.0729
INFO:__main__:Total loss 0.4021
INFO:__main__:Predicted mean: -0.0036
INFO:__main__:Predicted uncertainity 0.0001
INFO:__main__:Completed epoch 13 of 100

INFO:__main__:NLL: 0.3102, L2: 0.0179, Reg: 0.0724
INFO:__main__:Total loss 0.4005
INFO:__main__:Predicted mean: -0.0037
INFO:__main__:Predicted uncertainity 0.0001
INFO:__main__:Completed epoch 14 of 100

INFO:__main__:NLL: 0.3102, L2: 0.0179, Reg: 0.0725
INFO:__main__:Total loss 0.4006
INFO:__main__:Predicted mean: -0.0037
INFO:__main__:Predicted uncertainity 0.0000
INFO:__main__:Completed epoch 15 of 100

INFO:__main__:NLL: 0.3102, L2: 0.0155, Reg: 0.0745
INFO:__main__:Total loss 0.4002
INFO:__main__:Predicted mean: -0.0037
INFO:__main__:Predicted uncertainity 0.0001
INFO:__main__:Completed epoch 16 of 100

INFO:__main__:NLL: 0.3102, L2: 0.0152, Reg: 0.0700
INFO:__main__:Total loss 0.3954
INFO:__main__:Predicted mean: -0.0037
INFO:__main__:Predicted uncertainity 0.0001
INFO:__main__:Completed epoch 17 of 100

INFO:__main__:NLL: 0.3102, L2: 0.0204, Reg: 0.0704
INFO:__main__:Total loss 0.4010
INFO:__main__:Predicted mean: -0.0037
INFO:__main__:Predicted uncertainity 0.0001
INFO:__main__:Completed epoch 18 of 100

INFO:__main__:NLL: 0.3102, L2: 0.0250, Reg: 0.0731
INFO:__main__:Total loss 0.4083
INFO:__main__:Predicted mean: -0.0037
INFO:__main__:Predicted uncertainity 0.0001
INFO:__main__:Completed epoch 19 of 100

INFO:__main__:NLL: 0.3102, L2: 0.0170, Reg: 0.0721
INFO:__main__:Total loss 0.3993
INFO:__main__:Predicted mean: -0.0037
INFO:__main__:Predicted uncertainity 0.0000
INFO:__main__:Completed epoch 20 of 100

INFO:__main__:NLL: 0.3102, L2: 0.0199, Reg: 0.0729
INFO:__main__:Total loss 0.4030
INFO:__main__:Predicted mean: -0.0037
INFO:__main__:Predicted uncertainity 0.0001
INFO:__main__:Completed epoch 21 of 100

INFO:__main__:NLL: 0.3102, L2: 0.0161, Reg: 0.0719
INFO:__main__:Total loss 0.3982
INFO:__main__:Predicted mean: -0.0037
INFO:__main__:Predicted uncertainity -0.0000
INFO:__main__:Completed epoch 22 of 100

INFO:__main__:NLL: 0.3102, L2: 0.0155, Reg: 0.0749
INFO:__main__:Total loss 0.4006
INFO:__main__:Predicted mean: -0.0037
INFO:__main__:Predicted uncertainity 0.0001
INFO:__main__:Completed epoch 23 of 100

INFO:__main__:NLL: 0.3102, L2: 0.0177, Reg: 0.0721
INFO:__main__:Total loss 0.4001
INFO:__main__:Predicted mean: -0.0037
INFO:__main__:Predicted uncertainity 0.0000
INFO:__main__:Completed epoch 24 of 100

INFO:__main__:NLL: 0.3102, L2: 0.0225, Reg: 0.0718
INFO:__main__:Total loss 0.4045
INFO:__main__:Predicted mean: -0.0037
INFO:__main__:Predicted uncertainity 0.0000
INFO:__main__:Completed epoch 25 of 100

INFO:__main__:NLL: 0.3102, L2: 0.0174, Reg: 0.0730
INFO:__main__:Total loss 0.4006
INFO:__main__:Predicted mean: -0.0037
INFO:__main__:Predicted uncertainity 0.0001
INFO:__main__:Completed epoch 26 of 100

INFO:__main__:NLL: 0.3102, L2: 0.0180, Reg: 0.0716
INFO:__main__:Total loss 0.3998
INFO:__main__:Predicted mean: -0.0037
INFO:__main__:Predicted uncertainity 0.0000
INFO:__main__:Completed epoch 27 of 100

INFO:__main__:NLL: 0.3102, L2: 0.0183, Reg: 0.0721
INFO:__main__:Total loss 0.4006
INFO:__main__:Predicted mean: -0.0037
INFO:__main__:Predicted uncertainity 0.0001
INFO:__main__:Completed epoch 28 of 100

INFO:__main__:NLL: 0.3102, L2: 0.0168, Reg: 0.0727
INFO:__main__:Total loss 0.3998
INFO:__main__:Predicted mean: -0.0037
INFO:__main__:Predicted uncertainity 0.0000
INFO:__main__:Completed epoch 29 of 100

INFO:__main__:NLL: 0.3102, L2: 0.0219, Reg: 0.0722
INFO:__main__:Total loss 0.4042
INFO:__main__:Predicted mean: -0.0037
INFO:__main__:Predicted uncertainity 0.0000
INFO:__main__:Completed epoch 30 of 100

INFO:__main__:NLL: 0.3102, L2: 0.0171, Reg: 0.0728
INFO:__main__:Total loss 0.4001
INFO:__main__:Predicted mean: -0.0037
INFO:__main__:Predicted uncertainity 0.0000
INFO:__main__:Completed epoch 31 of 100

INFO:__main__:NLL: 0.3102, L2: 0.0194, Reg: 0.0720
INFO:__main__:Total loss 0.4016
INFO:__main__:Predicted mean: -0.0037
INFO:__main__:Predicted uncertainity 0.0001
INFO:__main__:Completed epoch 32 of 100

INFO:__main__:NLL: 0.3102, L2: 0.0160, Reg: 0.0727
INFO:__main__:Total loss 0.3990
INFO:__main__:Predicted mean: -0.0037
INFO:__main__:Predicted uncertainity -0.0001
INFO:__main__:Completed epoch 33 of 100

INFO:__main__:NLL: 0.3102, L2: 0.0233, Reg: 0.0735
INFO:__main__:Total loss 0.4070
INFO:__main__:Predicted mean: -0.0037
INFO:__main__:Predicted uncertainity 0.0001
INFO:__main__:Completed epoch 34 of 100

INFO:__main__:NLL: 0.3102, L2: 0.0184, Reg: 0.0723
INFO:__main__:Total loss 0.4009
INFO:__main__:Predicted mean: -0.0037
INFO:__main__:Predicted uncertainity -0.0000
INFO:__main__:Completed epoch 35 of 100

INFO:__main__:NLL: 0.3102, L2: 0.0186, Reg: 0.0729
INFO:__main__:Total loss 0.4017
INFO:__main__:Predicted mean: -0.0037
INFO:__main__:Predicted uncertainity -0.0001
INFO:__main__:Completed epoch 36 of 100

INFO:__main__:NLL: 0.3102, L2: 0.0179, Reg: 0.0713
INFO:__main__:Total loss 0.3994
INFO:__main__:Predicted mean: -0.0037
INFO:__main__:Predicted uncertainity -0.0000
INFO:__main__:Completed epoch 37 of 100

INFO:__main__:NLL: 0.3102, L2: 0.0206, Reg: 0.0711
INFO:__main__:Total loss 0.4019
INFO:__main__:Predicted mean: -0.0037
INFO:__main__:Predicted uncertainity 0.0000
INFO:__main__:Completed epoch 38 of 100

INFO:__main__:NLL: 0.3102, L2: 0.0189, Reg: 0.0710
INFO:__main__:Total loss 0.4001
INFO:__main__:Predicted mean: -0.0037
INFO:__main__:Predicted uncertainity -0.0000
INFO:__main__:Completed epoch 39 of 100

INFO:__main__:NLL: 0.3102, L2: 0.0190, Reg: 0.0723
INFO:__main__:Total loss 0.4014
INFO:__main__:Predicted mean: -0.0037
INFO:__main__:Predicted uncertainity 0.0001
INFO:__main__:Completed epoch 40 of 100

INFO:__main__:NLL: 0.3102, L2: 0.0192, Reg: 0.0723
INFO:__main__:Total loss 0.4017
INFO:__main__:Predicted mean: -0.0037
INFO:__main__:Predicted uncertainity 0.0002
INFO:__main__:Completed epoch 41 of 100

INFO:__main__:NLL: 0.3102, L2: 0.0185, Reg: 0.0732
INFO:__main__:Total loss 0.4019
INFO:__main__:Predicted mean: -0.0037
INFO:__main__:Predicted uncertainity 0.0001
INFO:__main__:Completed epoch 42 of 100

INFO:__main__:NLL: 0.3102, L2: 0.0222, Reg: 0.0714
INFO:__main__:Total loss 0.4038
INFO:__main__:Predicted mean: -0.0037
INFO:__main__:Predicted uncertainity 0.0001
INFO:__main__:Completed epoch 43 of 100

INFO:__main__:NLL: 0.3102, L2: 0.0167, Reg: 0.0726
INFO:__main__:Total loss 0.3995
INFO:__main__:Predicted mean: -0.0037
INFO:__main__:Predicted uncertainity 0.0000
INFO:__main__:Completed epoch 44 of 100

INFO:__main__:NLL: 0.3102, L2: 0.0151, Reg: 0.0736
INFO:__main__:Total loss 0.3989
INFO:__main__:Predicted mean: -0.0037
INFO:__main__:Predicted uncertainity 0.0001
INFO:__main__:Completed epoch 45 of 100

INFO:__main__:NLL: 0.3102, L2: 0.0195, Reg: 0.0712
INFO:__main__:Total loss 0.4008
INFO:__main__:Predicted mean: -0.0037
INFO:__main__:Predicted uncertainity -0.0000
INFO:__main__:Completed epoch 46 of 100

INFO:__main__:NLL: 0.3102, L2: 0.0228, Reg: 0.0723
INFO:__main__:Total loss 0.4053
INFO:__main__:Predicted mean: -0.0037
INFO:__main__:Predicted uncertainity 0.0001
INFO:__main__:Completed epoch 47 of 100

INFO:__main__:NLL: 0.3102, L2: 0.0169, Reg: 0.0716
INFO:__main__:Total loss 0.3987
INFO:__main__:Predicted mean: -0.0037
INFO:__main__:Predicted uncertainity 0.0000
INFO:__main__:Completed epoch 48 of 100

INFO:__main__:NLL: 0.3102, L2: 0.0217, Reg: 0.0728
INFO:__main__:Total loss 0.4046
INFO:__main__:Predicted mean: -0.0037
INFO:__main__:Predicted uncertainity -0.0001
INFO:__main__:Completed epoch 49 of 100

INFO:__main__:NLL: 0.3102, L2: 0.0200, Reg: 0.0725
INFO:__main__:Total loss 0.4027
INFO:__main__:Predicted mean: -0.0037
INFO:__main__:Predicted uncertainity 0.0000
INFO:__main__:Completed epoch 50 of 100

INFO:__main__:NLL: 0.3102, L2: 0.0207, Reg: 0.0738
INFO:__main__:Total loss 0.4048
INFO:__main__:Predicted mean: -0.0036
INFO:__main__:Predicted uncertainity 0.0000
INFO:__main__:Completed epoch 51 of 100

INFO:__main__:NLL: 0.3102, L2: 0.0230, Reg: 0.0714
INFO:__main__:Total loss 0.4046
INFO:__main__:Predicted mean: -0.0037
INFO:__main__:Predicted uncertainity 0.0000
INFO:__main__:Completed epoch 52 of 100

INFO:__main__:NLL: 0.3102, L2: 0.0176, Reg: 0.0710
INFO:__main__:Total loss 0.3988
INFO:__main__:Predicted mean: -0.0037
INFO:__main__:Predicted uncertainity 0.0000
INFO:__main__:Completed epoch 53 of 100

INFO:__main__:NLL: 0.3102, L2: 0.0189, Reg: 0.0721
INFO:__main__:Total loss 0.4012
INFO:__main__:Predicted mean: -0.0037
INFO:__main__:Predicted uncertainity 0.0001
INFO:__main__:Completed epoch 54 of 100

INFO:__main__:NLL: 0.3102, L2: 0.0185, Reg: 0.0720
INFO:__main__:Total loss 0.4007
INFO:__main__:Predicted mean: -0.0037
INFO:__main__:Predicted uncertainity 0.0001
INFO:__main__:Completed epoch 55 of 100

INFO:__main__:NLL: 0.3102, L2: 0.0205, Reg: 0.0730
INFO:__main__:Total loss 0.4036
INFO:__main__:Predicted mean: -0.0037
INFO:__main__:Predicted uncertainity 0.0001
INFO:__main__:Completed epoch 56 of 100

INFO:__main__:NLL: 0.3102, L2: 0.0196, Reg: 0.0722
INFO:__main__:Total loss 0.4019
INFO:__main__:Predicted mean: -0.0037
INFO:__main__:Predicted uncertainity 0.0001
INFO:__main__:Completed epoch 57 of 100

INFO:__main__:NLL: 0.3102, L2: 0.0183, Reg: 0.0728
INFO:__main__:Total loss 0.4013
INFO:__main__:Predicted mean: -0.0037
INFO:__main__:Predicted uncertainity 0.0001
INFO:__main__:Completed epoch 58 of 100

INFO:__main__:NLL: 0.3102, L2: 0.0207, Reg: 0.0744
INFO:__main__:Total loss 0.4054
INFO:__main__:Predicted mean: -0.0037
INFO:__main__:Predicted uncertainity 0.0001
INFO:__main__:Completed epoch 59 of 100

INFO:__main__:NLL: 0.3102, L2: 0.0189, Reg: 0.0717
INFO:__main__:Total loss 0.4008
INFO:__main__:Predicted mean: -0.0037
INFO:__main__:Predicted uncertainity 0.0001
INFO:__main__:Completed epoch 60 of 100

INFO:__main__:NLL: 0.3102, L2: 0.0219, Reg: 0.0732
INFO:__main__:Total loss 0.4053
INFO:__main__:Predicted mean: -0.0037
INFO:__main__:Predicted uncertainity 0.0001
INFO:__main__:Completed epoch 61 of 100

INFO:__main__:NLL: 0.3102, L2: 0.0190, Reg: 0.0731
INFO:__main__:Total loss 0.4024
INFO:__main__:Predicted mean: -0.0037
INFO:__main__:Predicted uncertainity 0.0000
INFO:__main__:Completed epoch 62 of 100

INFO:__main__:NLL: 0.3102, L2: 0.0226, Reg: 0.0711
INFO:__main__:Total loss 0.4039
INFO:__main__:Predicted mean: -0.0037
INFO:__main__:Predicted uncertainity 0.0001
INFO:__main__:Completed epoch 63 of 100

INFO:__main__:NLL: 0.3102, L2: 0.0201, Reg: 0.0722
INFO:__main__:Total loss 0.4024
INFO:__main__:Predicted mean: -0.0037
INFO:__main__:Predicted uncertainity 0.0001
INFO:__main__:Completed epoch 64 of 100

INFO:__main__:NLL: 0.3102, L2: 0.0208, Reg: 0.0717
INFO:__main__:Total loss 0.4027
INFO:__main__:Predicted mean: -0.0037
INFO:__main__:Predicted uncertainity 0.0001
INFO:__main__:Completed epoch 65 of 100

INFO:__main__:NLL: 0.3102, L2: 0.0205, Reg: 0.0734
INFO:__main__:Total loss 0.4041
INFO:__main__:Predicted mean: -0.0037
INFO:__main__:Predicted uncertainity 0.0001
INFO:__main__:Completed epoch 66 of 100

INFO:__main__:NLL: 0.3102, L2: 0.0175, Reg: 0.0718
INFO:__main__:Total loss 0.3995
INFO:__main__:Predicted mean: -0.0037
INFO:__main__:Predicted uncertainity 0.0001
INFO:__main__:Completed epoch 67 of 100

INFO:__main__:NLL: 0.3102, L2: 0.0228, Reg: 0.0715
INFO:__main__:Total loss 0.4044
INFO:__main__:Predicted mean: -0.0037
INFO:__main__:Predicted uncertainity 0.0001
INFO:__main__:Completed epoch 68 of 100

INFO:__main__:NLL: 0.3102, L2: 0.0213, Reg: 0.0741
INFO:__main__:Total loss 0.4055
INFO:__main__:Predicted mean: -0.0037
INFO:__main__:Predicted uncertainity 0.0001
INFO:__main__:Completed epoch 69 of 100

INFO:__main__:NLL: 0.3102, L2: 0.0186, Reg: 0.0729
INFO:__main__:Total loss 0.4017
INFO:__main__:Predicted mean: -0.0037
INFO:__main__:Predicted uncertainity 0.0001
INFO:__main__:Completed epoch 70 of 100

INFO:__main__:NLL: 0.3102, L2: 0.0156, Reg: 0.0717
INFO:__main__:Total loss 0.3976
INFO:__main__:Predicted mean: -0.0037
INFO:__main__:Predicted uncertainity 0.0001
INFO:__main__:Completed epoch 71 of 100

INFO:__main__:NLL: 0.3102, L2: 0.0221, Reg: 0.0741
INFO:__main__:Total loss 0.4064
INFO:__main__:Predicted mean: -0.0037
INFO:__main__:Predicted uncertainity 0.0001
INFO:__main__:Completed epoch 72 of 100

INFO:__main__:NLL: 0.3102, L2: 0.0158, Reg: 0.0726
INFO:__main__:Total loss 0.3987
INFO:__main__:Predicted mean: -0.0037
INFO:__main__:Predicted uncertainity 0.0001
INFO:__main__:Completed epoch 73 of 100

INFO:__main__:NLL: 0.3102, L2: 0.0165, Reg: 0.0729
INFO:__main__:Total loss 0.3996
INFO:__main__:Predicted mean: -0.0036
INFO:__main__:Predicted uncertainity 0.0001
INFO:__main__:Completed epoch 74 of 100

INFO:__main__:NLL: 0.3102, L2: 0.0214, Reg: 0.0735
INFO:__main__:Total loss 0.4051
INFO:__main__:Predicted mean: -0.0037
INFO:__main__:Predicted uncertainity 0.0001
INFO:__main__:Completed epoch 75 of 100

INFO:__main__:NLL: 0.3102, L2: 0.0158, Reg: 0.0729
INFO:__main__:Total loss 0.3989
INFO:__main__:Predicted mean: -0.0037
INFO:__main__:Predicted uncertainity 0.0001
INFO:__main__:Completed epoch 76 of 100

INFO:__main__:NLL: 0.3102, L2: 0.0164, Reg: 0.0743
INFO:__main__:Total loss 0.4009
INFO:__main__:Predicted mean: -0.0037
INFO:__main__:Predicted uncertainity 0.0001
INFO:__main__:Completed epoch 77 of 100

INFO:__main__:NLL: 0.3102, L2: 0.0210, Reg: 0.0727
INFO:__main__:Total loss 0.4040
INFO:__main__:Predicted mean: -0.0037
INFO:__main__:Predicted uncertainity 0.0001
INFO:__main__:Completed epoch 78 of 100

INFO:__main__:NLL: 0.3102, L2: 0.0165, Reg: 0.0703
INFO:__main__:Total loss 0.3970
INFO:__main__:Predicted mean: -0.0037
INFO:__main__:Predicted uncertainity 0.0000
INFO:__main__:Completed epoch 79 of 100

INFO:__main__:NLL: 0.3102, L2: 0.0230, Reg: 0.0741
INFO:__main__:Total loss 0.4073
INFO:__main__:Predicted mean: -0.0037
INFO:__main__:Predicted uncertainity 0.0000
INFO:__main__:Completed epoch 80 of 100

INFO:__main__:NLL: 0.3102, L2: 0.0208, Reg: 0.0721
INFO:__main__:Total loss 0.4031
INFO:__main__:Predicted mean: -0.0037
INFO:__main__:Predicted uncertainity -0.0000
INFO:__main__:Completed epoch 81 of 100

INFO:__main__:NLL: 0.3102, L2: 0.0201, Reg: 0.0719
INFO:__main__:Total loss 0.4022
INFO:__main__:Predicted mean: -0.0037
INFO:__main__:Predicted uncertainity -0.0001
INFO:__main__:Completed epoch 82 of 100

INFO:__main__:NLL: 0.3102, L2: 0.0199, Reg: 0.0723
INFO:__main__:Total loss 0.4024
INFO:__main__:Predicted mean: -0.0037
INFO:__main__:Predicted uncertainity -0.0000
INFO:__main__:Completed epoch 83 of 100

INFO:__main__:NLL: 0.3102, L2: 0.0156, Reg: 0.0745
INFO:__main__:Total loss 0.4003
INFO:__main__:Predicted mean: -0.0037
INFO:__main__:Predicted uncertainity -0.0000
INFO:__main__:Completed epoch 84 of 100

INFO:__main__:NLL: 0.3102, L2: 0.0183, Reg: 0.0738
INFO:__main__:Total loss 0.4023
INFO:__main__:Predicted mean: -0.0037
INFO:__main__:Predicted uncertainity -0.0001
INFO:__main__:Completed epoch 85 of 100

INFO:__main__:NLL: 0.3102, L2: 0.0182, Reg: 0.0731
INFO:__main__:Total loss 0.4015
INFO:__main__:Predicted mean: -0.0036
INFO:__main__:Predicted uncertainity 0.0000
INFO:__main__:Completed epoch 86 of 100

INFO:__main__:NLL: 0.3102, L2: 0.0220, Reg: 0.0712
INFO:__main__:Total loss 0.4034
INFO:__main__:Predicted mean: -0.0037
INFO:__main__:Predicted uncertainity -0.0000
INFO:__main__:Completed epoch 87 of 100

INFO:__main__:NLL: 0.3102, L2: 0.0150, Reg: 0.0711
INFO:__main__:Total loss 0.3963
INFO:__main__:Predicted mean: -0.0037
INFO:__main__:Predicted uncertainity 0.0000
INFO:__main__:Completed epoch 88 of 100

INFO:__main__:NLL: 0.3102, L2: 0.0207, Reg: 0.0737
INFO:__main__:Total loss 0.4046
INFO:__main__:Predicted mean: -0.0037
INFO:__main__:Predicted uncertainity 0.0000
INFO:__main__:Completed epoch 89 of 100

INFO:__main__:NLL: 0.3102, L2: 0.0170, Reg: 0.0719
INFO:__main__:Total loss 0.3991
INFO:__main__:Predicted mean: -0.0037
INFO:__main__:Predicted uncertainity -0.0001
INFO:__main__:Completed epoch 90 of 100

INFO:__main__:NLL: 0.3102, L2: 0.0204, Reg: 0.0735
INFO:__main__:Total loss 0.4040
INFO:__main__:Predicted mean: -0.0037
INFO:__main__:Predicted uncertainity 0.0001
INFO:__main__:Completed epoch 91 of 100

INFO:__main__:NLL: 0.3102, L2: 0.0184, Reg: 0.0727
INFO:__main__:Total loss 0.4013
INFO:__main__:Predicted mean: -0.0037
INFO:__main__:Predicted uncertainity 0.0000
INFO:__main__:Completed epoch 92 of 100

INFO:__main__:NLL: 0.3102, L2: 0.0185, Reg: 0.0726
INFO:__main__:Total loss 0.4012
INFO:__main__:Predicted mean: -0.0037
INFO:__main__:Predicted uncertainity -0.0001
INFO:__main__:Completed epoch 93 of 100

INFO:__main__:NLL: 0.3102, L2: 0.0175, Reg: 0.0714
INFO:__main__:Total loss 0.3990
INFO:__main__:Predicted mean: -0.0037
INFO:__main__:Predicted uncertainity 0.0001
INFO:__main__:Completed epoch 94 of 100

INFO:__main__:NLL: 0.3102, L2: 0.0203, Reg: 0.0715
INFO:__main__:Total loss 0.4019
INFO:__main__:Predicted mean: -0.0037
INFO:__main__:Predicted uncertainity 0.0001
INFO:__main__:Completed epoch 95 of 100

INFO:__main__:NLL: 0.3102, L2: 0.0231, Reg: 0.0724
INFO:__main__:Total loss 0.4058
INFO:__main__:Predicted mean: -0.0037
INFO:__main__:Predicted uncertainity 0.0000
INFO:__main__:Completed epoch 96 of 100

INFO:__main__:NLL: 0.3102, L2: 0.0151, Reg: 0.0720
INFO:__main__:Total loss 0.3973
INFO:__main__:Predicted mean: -0.0037
INFO:__main__:Predicted uncertainity 0.0001
INFO:__main__:Completed epoch 97 of 100

INFO:__main__:NLL: 0.3102, L2: 0.0193, Reg: 0.0707
INFO:__main__:Total loss 0.4001
INFO:__main__:Predicted mean: -0.0037
INFO:__main__:Predicted uncertainity -0.0001
INFO:__main__:Completed epoch 98 of 100

INFO:__main__:NLL: 0.3102, L2: 0.0204, Reg: 0.0734
INFO:__main__:Total loss 0.4040
INFO:__main__:Predicted mean: -0.0036
INFO:__main__:Predicted uncertainity -0.0000
INFO:__main__:Completed epoch 99 of 100

INFO:__main__:NLL: 0.3102, L2: 0.0155, Reg: 0.0727
INFO:__main__:Total loss 0.3983
INFO:__main__:Predicted mean: -0.0037
INFO:__main__:Predicted uncertainity -0.0000
INFO:__main__:Completed epoch 100 of 100

INFO:__main__:365.241346 s
