INFO:__main__:PROCESS RUNNING ON cpu
INFO:__main__:NLL: 0.0446, L2: 0.0068, Reg: 0.5671
INFO:__main__:Total loss 0.6185
INFO:__main__:Predicted mean: -0.4504
INFO:__main__:Predicted uncertainity -0.7668
INFO:__main__:Completed epoch 1 of 100

INFO:__main__:NLL: 0.1014, L2: 0.0075, Reg: 0.5671
INFO:__main__:Total loss 0.6760
INFO:__main__:Predicted mean: -0.3749
INFO:__main__:Predicted uncertainity -0.7829
INFO:__main__:Completed epoch 2 of 100

INFO:__main__:NLL: 0.1116, L2: 0.0078, Reg: 0.5671
INFO:__main__:Total loss 0.6865
INFO:__main__:Predicted mean: -0.3911
INFO:__main__:Predicted uncertainity -0.6969
INFO:__main__:Completed epoch 3 of 100

INFO:__main__:NLL: -0.1836, L2: 0.0078, Reg: 0.5671
INFO:__main__:Total loss 0.3912
INFO:__main__:Predicted mean: -0.4640
INFO:__main__:Predicted uncertainity -0.8432
INFO:__main__:Completed epoch 4 of 100

INFO:__main__:NLL: 0.2247, L2: 0.0079, Reg: 0.5671
INFO:__main__:Total loss 0.7998
INFO:__main__:Predicted mean: -0.3643
INFO:__main__:Predicted uncertainity -0.7543
INFO:__main__:Completed epoch 5 of 100

INFO:__main__:NLL: 0.0164, L2: 0.0084, Reg: 0.5671
INFO:__main__:Total loss 0.5918
INFO:__main__:Predicted mean: -0.3614
INFO:__main__:Predicted uncertainity -0.6720
INFO:__main__:Completed epoch 6 of 100

INFO:__main__:NLL: -0.1349, L2: 0.0085, Reg: 0.5671
INFO:__main__:Total loss 0.4406
INFO:__main__:Predicted mean: -0.3721
INFO:__main__:Predicted uncertainity -0.7414
INFO:__main__:Completed epoch 7 of 100

INFO:__main__:NLL: 0.2709, L2: 0.0089, Reg: 0.5671
INFO:__main__:Total loss 0.8468
INFO:__main__:Predicted mean: -0.4618
INFO:__main__:Predicted uncertainity -0.7845
INFO:__main__:Completed epoch 8 of 100

INFO:__main__:NLL: 0.0380, L2: 0.0086, Reg: 0.5671
INFO:__main__:Total loss 0.6137
INFO:__main__:Predicted mean: -0.4252
INFO:__main__:Predicted uncertainity -0.7927
INFO:__main__:Completed epoch 9 of 100

INFO:__main__:NLL: 0.1669, L2: 0.0082, Reg: 0.5671
INFO:__main__:Total loss 0.7422
INFO:__main__:Predicted mean: -0.3513
INFO:__main__:Predicted uncertainity -0.6788
INFO:__main__:Completed epoch 10 of 100

INFO:__main__:NLL: 0.0444, L2: 0.0085, Reg: 0.5671
INFO:__main__:Total loss 0.6200
INFO:__main__:Predicted mean: -0.3980
INFO:__main__:Predicted uncertainity -0.7709
INFO:__main__:Completed epoch 11 of 100

INFO:__main__:NLL: 0.1546, L2: 0.0081, Reg: 0.5671
INFO:__main__:Total loss 0.7297
INFO:__main__:Predicted mean: -0.4175
INFO:__main__:Predicted uncertainity -0.7440
INFO:__main__:Completed epoch 12 of 100

INFO:__main__:NLL: 0.0024, L2: 0.0081, Reg: 0.5671
INFO:__main__:Total loss 0.5776
INFO:__main__:Predicted mean: -0.3699
INFO:__main__:Predicted uncertainity -0.7274
INFO:__main__:Completed epoch 13 of 100

INFO:__main__:NLL: 0.0914, L2: 0.0082, Reg: 0.5671
INFO:__main__:Total loss 0.6667
INFO:__main__:Predicted mean: -0.3896
INFO:__main__:Predicted uncertainity -0.7733
INFO:__main__:Completed epoch 14 of 100

INFO:__main__:NLL: 0.0742, L2: 0.0085, Reg: 0.5671
INFO:__main__:Total loss 0.6498
INFO:__main__:Predicted mean: -0.3455
INFO:__main__:Predicted uncertainity -0.7835
INFO:__main__:Completed epoch 15 of 100

INFO:__main__:NLL: 0.1233, L2: 0.0081, Reg: 0.5671
INFO:__main__:Total loss 0.6985
INFO:__main__:Predicted mean: -0.4107
INFO:__main__:Predicted uncertainity -0.7470
INFO:__main__:Completed epoch 16 of 100

INFO:__main__:NLL: 0.1010, L2: 0.0085, Reg: 0.5671
INFO:__main__:Total loss 0.6766
INFO:__main__:Predicted mean: -0.3836
INFO:__main__:Predicted uncertainity -0.8416
INFO:__main__:Completed epoch 17 of 100

INFO:__main__:NLL: 0.0539, L2: 0.0085, Reg: 0.5671
INFO:__main__:Total loss 0.6295
INFO:__main__:Predicted mean: -0.3554
INFO:__main__:Predicted uncertainity -0.7726
INFO:__main__:Completed epoch 18 of 100

INFO:__main__:NLL: -0.0552, L2: 0.0087, Reg: 0.5671
INFO:__main__:Total loss 0.5205
INFO:__main__:Predicted mean: -0.3443
INFO:__main__:Predicted uncertainity -0.7782
INFO:__main__:Completed epoch 19 of 100

INFO:__main__:NLL: -0.0178, L2: 0.0085, Reg: 0.5671
INFO:__main__:Total loss 0.5578
INFO:__main__:Predicted mean: -0.3672
INFO:__main__:Predicted uncertainity -0.7184
INFO:__main__:Completed epoch 20 of 100

INFO:__main__:NLL: 0.0430, L2: 0.0090, Reg: 0.5671
INFO:__main__:Total loss 0.6191
INFO:__main__:Predicted mean: -0.3566
INFO:__main__:Predicted uncertainity -0.6203
INFO:__main__:Completed epoch 21 of 100

INFO:__main__:NLL: 0.1078, L2: 0.0088, Reg: 0.5671
INFO:__main__:Total loss 0.6836
INFO:__main__:Predicted mean: -0.4011
INFO:__main__:Predicted uncertainity -0.7921
INFO:__main__:Completed epoch 22 of 100

INFO:__main__:NLL: 0.4021, L2: 0.0085, Reg: 0.5671
INFO:__main__:Total loss 0.9776
INFO:__main__:Predicted mean: -0.3538
INFO:__main__:Predicted uncertainity -0.8180
INFO:__main__:Completed epoch 23 of 100

INFO:__main__:NLL: 0.0594, L2: 0.0090, Reg: 0.5671
INFO:__main__:Total loss 0.6355
INFO:__main__:Predicted mean: -0.3892
INFO:__main__:Predicted uncertainity -0.6718
INFO:__main__:Completed epoch 24 of 100

INFO:__main__:NLL: 0.0880, L2: 0.0087, Reg: 0.5671
INFO:__main__:Total loss 0.6637
INFO:__main__:Predicted mean: -0.3332
INFO:__main__:Predicted uncertainity -0.6971
INFO:__main__:Completed epoch 25 of 100

INFO:__main__:NLL: 0.1795, L2: 0.0090, Reg: 0.5671
INFO:__main__:Total loss 0.7556
INFO:__main__:Predicted mean: -0.3766
INFO:__main__:Predicted uncertainity -0.7015
INFO:__main__:Completed epoch 26 of 100

INFO:__main__:NLL: 0.0624, L2: 0.0091, Reg: 0.5671
INFO:__main__:Total loss 0.6386
INFO:__main__:Predicted mean: -0.3673
INFO:__main__:Predicted uncertainity -0.7185
INFO:__main__:Completed epoch 27 of 100

INFO:__main__:NLL: -0.0782, L2: 0.0091, Reg: 0.5671
INFO:__main__:Total loss 0.4981
INFO:__main__:Predicted mean: -0.3802
INFO:__main__:Predicted uncertainity -0.8802
INFO:__main__:Completed epoch 28 of 100

INFO:__main__:NLL: 0.1968, L2: 0.0092, Reg: 0.5671
INFO:__main__:Total loss 0.7730
INFO:__main__:Predicted mean: -0.3504
INFO:__main__:Predicted uncertainity -0.7497
INFO:__main__:Completed epoch 29 of 100

INFO:__main__:NLL: 0.0409, L2: 0.0092, Reg: 0.5671
INFO:__main__:Total loss 0.6171
INFO:__main__:Predicted mean: -0.3654
INFO:__main__:Predicted uncertainity -0.7826
INFO:__main__:Completed epoch 30 of 100

INFO:__main__:NLL: -0.0749, L2: 0.0091, Reg: 0.5671
INFO:__main__:Total loss 0.5013
INFO:__main__:Predicted mean: -0.2936
INFO:__main__:Predicted uncertainity -0.7426
INFO:__main__:Completed epoch 31 of 100

INFO:__main__:NLL: -0.0059, L2: 0.0090, Reg: 0.5671
INFO:__main__:Total loss 0.5702
INFO:__main__:Predicted mean: -0.3535
INFO:__main__:Predicted uncertainity -0.7809
INFO:__main__:Completed epoch 32 of 100

INFO:__main__:NLL: 0.2621, L2: 0.0085, Reg: 0.5671
INFO:__main__:Total loss 0.8378
INFO:__main__:Predicted mean: -0.3992
INFO:__main__:Predicted uncertainity -0.8765
INFO:__main__:Completed epoch 33 of 100

INFO:__main__:NLL: 0.0928, L2: 0.0089, Reg: 0.5671
INFO:__main__:Total loss 0.6687
INFO:__main__:Predicted mean: -0.3575
INFO:__main__:Predicted uncertainity -0.7515
INFO:__main__:Completed epoch 34 of 100

INFO:__main__:NLL: 0.0869, L2: 0.0086, Reg: 0.5671
INFO:__main__:Total loss 0.6626
INFO:__main__:Predicted mean: -0.3546
INFO:__main__:Predicted uncertainity -0.7140
INFO:__main__:Completed epoch 35 of 100

INFO:__main__:NLL: 0.1068, L2: 0.0085, Reg: 0.5671
INFO:__main__:Total loss 0.6823
INFO:__main__:Predicted mean: -0.3555
INFO:__main__:Predicted uncertainity -0.8291
INFO:__main__:Completed epoch 36 of 100

INFO:__main__:NLL: 0.3141, L2: 0.0084, Reg: 0.5671
INFO:__main__:Total loss 0.8896
INFO:__main__:Predicted mean: -0.3728
INFO:__main__:Predicted uncertainity -0.7446
INFO:__main__:Completed epoch 37 of 100

INFO:__main__:NLL: -0.0675, L2: 0.0084, Reg: 0.5671
INFO:__main__:Total loss 0.5079
INFO:__main__:Predicted mean: -0.3262
INFO:__main__:Predicted uncertainity -0.9067
INFO:__main__:Completed epoch 38 of 100

INFO:__main__:NLL: 0.0875, L2: 0.0090, Reg: 0.5671
INFO:__main__:Total loss 0.6635
INFO:__main__:Predicted mean: -0.4966
INFO:__main__:Predicted uncertainity -0.7763
INFO:__main__:Completed epoch 39 of 100

INFO:__main__:NLL: 0.0584, L2: 0.0088, Reg: 0.5671
INFO:__main__:Total loss 0.6342
INFO:__main__:Predicted mean: -0.3916
INFO:__main__:Predicted uncertainity -0.6640
INFO:__main__:Completed epoch 40 of 100

INFO:__main__:NLL: 0.0802, L2: 0.0091, Reg: 0.5671
INFO:__main__:Total loss 0.6563
INFO:__main__:Predicted mean: -0.3328
INFO:__main__:Predicted uncertainity -0.6215
INFO:__main__:Completed epoch 41 of 100

INFO:__main__:NLL: 0.3239, L2: 0.0096, Reg: 0.5671
INFO:__main__:Total loss 0.9006
INFO:__main__:Predicted mean: -0.4036
INFO:__main__:Predicted uncertainity -0.7999
INFO:__main__:Completed epoch 42 of 100

INFO:__main__:NLL: 0.0958, L2: 0.0085, Reg: 0.5671
INFO:__main__:Total loss 0.6714
INFO:__main__:Predicted mean: -0.3627
INFO:__main__:Predicted uncertainity -0.6901
INFO:__main__:Completed epoch 43 of 100

INFO:__main__:NLL: 0.0098, L2: 0.0094, Reg: 0.5671
INFO:__main__:Total loss 0.5862
INFO:__main__:Predicted mean: -0.3318
INFO:__main__:Predicted uncertainity -0.7508
INFO:__main__:Completed epoch 44 of 100

INFO:__main__:NLL: 0.1019, L2: 0.0092, Reg: 0.5671
INFO:__main__:Total loss 0.6781
INFO:__main__:Predicted mean: -0.3541
INFO:__main__:Predicted uncertainity -0.7810
INFO:__main__:Completed epoch 45 of 100

INFO:__main__:NLL: 0.0579, L2: 0.0095, Reg: 0.5671
INFO:__main__:Total loss 0.6345
INFO:__main__:Predicted mean: -0.3383
INFO:__main__:Predicted uncertainity -0.7332
INFO:__main__:Completed epoch 46 of 100

INFO:__main__:NLL: 0.0235, L2: 0.0089, Reg: 0.5671
INFO:__main__:Total loss 0.5995
INFO:__main__:Predicted mean: -0.4315
INFO:__main__:Predicted uncertainity -0.7959
INFO:__main__:Completed epoch 47 of 100

INFO:__main__:NLL: 0.3137, L2: 0.0092, Reg: 0.5671
INFO:__main__:Total loss 0.8899
INFO:__main__:Predicted mean: -0.4019
INFO:__main__:Predicted uncertainity -0.7139
INFO:__main__:Completed epoch 48 of 100

INFO:__main__:NLL: 0.0374, L2: 0.0088, Reg: 0.5671
INFO:__main__:Total loss 0.6133
INFO:__main__:Predicted mean: -0.3565
INFO:__main__:Predicted uncertainity -0.7985
INFO:__main__:Completed epoch 49 of 100

INFO:__main__:NLL: 0.0197, L2: 0.0093, Reg: 0.5671
INFO:__main__:Total loss 0.5961
INFO:__main__:Predicted mean: -0.4014
INFO:__main__:Predicted uncertainity -0.6885
INFO:__main__:Completed epoch 50 of 100

INFO:__main__:NLL: 0.1458, L2: 0.0094, Reg: 0.5671
INFO:__main__:Total loss 0.7222
INFO:__main__:Predicted mean: -0.4246
INFO:__main__:Predicted uncertainity -0.8597
INFO:__main__:Completed epoch 51 of 100

INFO:__main__:NLL: 0.2352, L2: 0.0090, Reg: 0.5671
INFO:__main__:Total loss 0.8113
INFO:__main__:Predicted mean: -0.3777
INFO:__main__:Predicted uncertainity -0.7660
INFO:__main__:Completed epoch 52 of 100

INFO:__main__:NLL: 0.1826, L2: 0.0092, Reg: 0.5671
INFO:__main__:Total loss 0.7588
INFO:__main__:Predicted mean: -0.4033
INFO:__main__:Predicted uncertainity -0.6970
INFO:__main__:Completed epoch 53 of 100

INFO:__main__:NLL: -0.0120, L2: 0.0093, Reg: 0.5671
INFO:__main__:Total loss 0.5643
INFO:__main__:Predicted mean: -0.3626
INFO:__main__:Predicted uncertainity -0.7518
INFO:__main__:Completed epoch 54 of 100

INFO:__main__:NLL: 0.0889, L2: 0.0102, Reg: 0.5671
INFO:__main__:Total loss 0.6662
INFO:__main__:Predicted mean: -0.3753
INFO:__main__:Predicted uncertainity -0.7787
INFO:__main__:Completed epoch 55 of 100

INFO:__main__:NLL: 0.0887, L2: 0.0099, Reg: 0.5671
INFO:__main__:Total loss 0.6656
INFO:__main__:Predicted mean: -0.3689
INFO:__main__:Predicted uncertainity -0.7270
INFO:__main__:Completed epoch 56 of 100

INFO:__main__:NLL: 0.1494, L2: 0.0088, Reg: 0.5671
INFO:__main__:Total loss 0.7253
INFO:__main__:Predicted mean: -0.3450
INFO:__main__:Predicted uncertainity -0.8063
INFO:__main__:Completed epoch 57 of 100

INFO:__main__:NLL: 0.2335, L2: 0.0087, Reg: 0.5671
INFO:__main__:Total loss 0.8093
INFO:__main__:Predicted mean: -0.4117
INFO:__main__:Predicted uncertainity -0.8086
INFO:__main__:Completed epoch 58 of 100

INFO:__main__:NLL: 0.1291, L2: 0.0089, Reg: 0.5671
INFO:__main__:Total loss 0.7051
INFO:__main__:Predicted mean: -0.3575
INFO:__main__:Predicted uncertainity -0.7629
INFO:__main__:Completed epoch 59 of 100

INFO:__main__:NLL: 0.0442, L2: 0.0087, Reg: 0.5671
INFO:__main__:Total loss 0.6199
INFO:__main__:Predicted mean: -0.3898
INFO:__main__:Predicted uncertainity -0.5864
INFO:__main__:Completed epoch 60 of 100

INFO:__main__:NLL: 0.0183, L2: 0.0091, Reg: 0.5671
INFO:__main__:Total loss 0.5944
INFO:__main__:Predicted mean: -0.3759
INFO:__main__:Predicted uncertainity -0.6440
INFO:__main__:Completed epoch 61 of 100

INFO:__main__:NLL: 0.1324, L2: 0.0084, Reg: 0.5671
INFO:__main__:Total loss 0.7078
INFO:__main__:Predicted mean: -0.3675
INFO:__main__:Predicted uncertainity -0.8303
INFO:__main__:Completed epoch 62 of 100

INFO:__main__:NLL: 0.0117, L2: 0.0081, Reg: 0.5671
INFO:__main__:Total loss 0.5869
INFO:__main__:Predicted mean: -0.3598
INFO:__main__:Predicted uncertainity -0.8250
INFO:__main__:Completed epoch 63 of 100

INFO:__main__:NLL: 0.2542, L2: 0.0082, Reg: 0.5671
INFO:__main__:Total loss 0.8295
INFO:__main__:Predicted mean: -0.3946
INFO:__main__:Predicted uncertainity -0.8078
INFO:__main__:Completed epoch 64 of 100

INFO:__main__:NLL: -0.0623, L2: 0.0082, Reg: 0.5671
INFO:__main__:Total loss 0.5130
INFO:__main__:Predicted mean: -0.4241
INFO:__main__:Predicted uncertainity -0.8111
INFO:__main__:Completed epoch 65 of 100

INFO:__main__:NLL: 0.1106, L2: 0.0077, Reg: 0.5671
INFO:__main__:Total loss 0.6854
INFO:__main__:Predicted mean: -0.3834
INFO:__main__:Predicted uncertainity -0.7229
INFO:__main__:Completed epoch 66 of 100

INFO:__main__:NLL: 0.0568, L2: 0.0081, Reg: 0.5671
INFO:__main__:Total loss 0.6319
INFO:__main__:Predicted mean: -0.4405
INFO:__main__:Predicted uncertainity -0.7926
INFO:__main__:Completed epoch 67 of 100

INFO:__main__:NLL: 0.1123, L2: 0.0081, Reg: 0.5671
INFO:__main__:Total loss 0.6875
INFO:__main__:Predicted mean: -0.3741
INFO:__main__:Predicted uncertainity -0.7402
INFO:__main__:Completed epoch 68 of 100

INFO:__main__:NLL: 0.0713, L2: 0.0079, Reg: 0.5671
INFO:__main__:Total loss 0.6462
INFO:__main__:Predicted mean: -0.3542
INFO:__main__:Predicted uncertainity -0.8115
INFO:__main__:Completed epoch 69 of 100

INFO:__main__:NLL: -0.1098, L2: 0.0084, Reg: 0.5671
INFO:__main__:Total loss 0.4657
INFO:__main__:Predicted mean: -0.3589
INFO:__main__:Predicted uncertainity -0.7783
INFO:__main__:Completed epoch 70 of 100

INFO:__main__:NLL: 0.0934, L2: 0.0087, Reg: 0.5671
INFO:__main__:Total loss 0.6692
INFO:__main__:Predicted mean: -0.3713
INFO:__main__:Predicted uncertainity -0.7145
INFO:__main__:Completed epoch 71 of 100

INFO:__main__:NLL: 0.2454, L2: 0.0082, Reg: 0.5671
INFO:__main__:Total loss 0.8207
INFO:__main__:Predicted mean: -0.3561
INFO:__main__:Predicted uncertainity -0.7884
INFO:__main__:Completed epoch 72 of 100

INFO:__main__:NLL: -0.0303, L2: 0.0084, Reg: 0.5671
INFO:__main__:Total loss 0.5452
INFO:__main__:Predicted mean: -0.3895
INFO:__main__:Predicted uncertainity -0.7097
INFO:__main__:Completed epoch 73 of 100

INFO:__main__:NLL: 0.0328, L2: 0.0085, Reg: 0.5671
INFO:__main__:Total loss 0.6084
INFO:__main__:Predicted mean: -0.3668
INFO:__main__:Predicted uncertainity -0.9661
INFO:__main__:Completed epoch 74 of 100

INFO:__main__:NLL: 0.1519, L2: 0.0082, Reg: 0.5671
INFO:__main__:Total loss 0.7272
INFO:__main__:Predicted mean: -0.4183
INFO:__main__:Predicted uncertainity -0.7149
INFO:__main__:Completed epoch 75 of 100

INFO:__main__:NLL: 0.0412, L2: 0.0088, Reg: 0.5671
INFO:__main__:Total loss 0.6170
INFO:__main__:Predicted mean: -0.3874
INFO:__main__:Predicted uncertainity -0.6853
INFO:__main__:Completed epoch 76 of 100

INFO:__main__:NLL: 0.1349, L2: 0.0085, Reg: 0.5671
INFO:__main__:Total loss 0.7105
INFO:__main__:Predicted mean: -0.3390
INFO:__main__:Predicted uncertainity -0.6996
INFO:__main__:Completed epoch 77 of 100

INFO:__main__:NLL: -0.0092, L2: 0.0082, Reg: 0.5671
INFO:__main__:Total loss 0.5661
INFO:__main__:Predicted mean: -0.4197
INFO:__main__:Predicted uncertainity -0.7372
INFO:__main__:Completed epoch 78 of 100

INFO:__main__:NLL: 0.1239, L2: 0.0084, Reg: 0.5671
INFO:__main__:Total loss 0.6993
INFO:__main__:Predicted mean: -0.3471
INFO:__main__:Predicted uncertainity -0.6872
INFO:__main__:Completed epoch 79 of 100

INFO:__main__:NLL: 0.0230, L2: 0.0084, Reg: 0.5671
INFO:__main__:Total loss 0.5984
INFO:__main__:Predicted mean: -0.4033
INFO:__main__:Predicted uncertainity -0.6999
INFO:__main__:Completed epoch 80 of 100

INFO:__main__:NLL: 0.0027, L2: 0.0081, Reg: 0.5671
INFO:__main__:Total loss 0.5779
INFO:__main__:Predicted mean: -0.3643
INFO:__main__:Predicted uncertainity -0.6775
INFO:__main__:Completed epoch 81 of 100

INFO:__main__:NLL: 0.0721, L2: 0.0083, Reg: 0.5671
INFO:__main__:Total loss 0.6475
INFO:__main__:Predicted mean: -0.3467
INFO:__main__:Predicted uncertainity -0.7124
INFO:__main__:Completed epoch 82 of 100

INFO:__main__:NLL: 0.3383, L2: 0.0079, Reg: 0.5671
INFO:__main__:Total loss 0.9133
INFO:__main__:Predicted mean: -0.4285
INFO:__main__:Predicted uncertainity -0.7059
INFO:__main__:Completed epoch 83 of 100

INFO:__main__:NLL: -0.0200, L2: 0.0087, Reg: 0.5671
INFO:__main__:Total loss 0.5557
INFO:__main__:Predicted mean: -0.4027
INFO:__main__:Predicted uncertainity -0.6505
INFO:__main__:Completed epoch 84 of 100

INFO:__main__:NLL: 0.1424, L2: 0.0079, Reg: 0.5671
INFO:__main__:Total loss 0.7173
INFO:__main__:Predicted mean: -0.3082
INFO:__main__:Predicted uncertainity -0.7337
INFO:__main__:Completed epoch 85 of 100

INFO:__main__:NLL: -0.0847, L2: 0.0079, Reg: 0.5671
INFO:__main__:Total loss 0.4902
INFO:__main__:Predicted mean: -0.3632
INFO:__main__:Predicted uncertainity -0.8082
INFO:__main__:Completed epoch 86 of 100

INFO:__main__:NLL: 0.0161, L2: 0.0083, Reg: 0.5671
INFO:__main__:Total loss 0.5914
INFO:__main__:Predicted mean: -0.4340
INFO:__main__:Predicted uncertainity -0.7343
INFO:__main__:Completed epoch 87 of 100

INFO:__main__:NLL: 0.2273, L2: 0.0085, Reg: 0.5671
INFO:__main__:Total loss 0.8028
INFO:__main__:Predicted mean: -0.3371
INFO:__main__:Predicted uncertainity -0.7587
INFO:__main__:Completed epoch 88 of 100

INFO:__main__:NLL: 0.3421, L2: 0.0084, Reg: 0.5671
INFO:__main__:Total loss 0.9175
INFO:__main__:Predicted mean: -0.3350
INFO:__main__:Predicted uncertainity -0.7397
INFO:__main__:Completed epoch 89 of 100

INFO:__main__:NLL: 0.1433, L2: 0.0082, Reg: 0.5671
INFO:__main__:Total loss 0.7187
INFO:__main__:Predicted mean: -0.3552
INFO:__main__:Predicted uncertainity -0.7399
INFO:__main__:Completed epoch 90 of 100

INFO:__main__:NLL: 0.0465, L2: 0.0085, Reg: 0.5671
INFO:__main__:Total loss 0.6221
INFO:__main__:Predicted mean: -0.3610
INFO:__main__:Predicted uncertainity -0.7408
INFO:__main__:Completed epoch 91 of 100

INFO:__main__:NLL: 0.0117, L2: 0.0084, Reg: 0.5671
INFO:__main__:Total loss 0.5873
INFO:__main__:Predicted mean: -0.3855
INFO:__main__:Predicted uncertainity -0.7384
INFO:__main__:Completed epoch 92 of 100

INFO:__main__:NLL: 0.2898, L2: 0.0089, Reg: 0.5671
INFO:__main__:Total loss 0.8657
INFO:__main__:Predicted mean: -0.3577
INFO:__main__:Predicted uncertainity -0.7858
INFO:__main__:Completed epoch 93 of 100

INFO:__main__:NLL: 0.2256, L2: 0.0087, Reg: 0.5671
INFO:__main__:Total loss 0.8014
INFO:__main__:Predicted mean: -0.3961
INFO:__main__:Predicted uncertainity -0.8335
INFO:__main__:Completed epoch 94 of 100

INFO:__main__:NLL: 0.0980, L2: 0.0084, Reg: 0.5671
INFO:__main__:Total loss 0.6734
INFO:__main__:Predicted mean: -0.3829
INFO:__main__:Predicted uncertainity -0.8001
INFO:__main__:Completed epoch 95 of 100

INFO:__main__:NLL: 0.1153, L2: 0.0086, Reg: 0.5671
INFO:__main__:Total loss 0.6909
INFO:__main__:Predicted mean: -0.3711
INFO:__main__:Predicted uncertainity -0.7351
INFO:__main__:Completed epoch 96 of 100

INFO:__main__:NLL: 0.0393, L2: 0.0090, Reg: 0.5671
INFO:__main__:Total loss 0.6154
INFO:__main__:Predicted mean: -0.3739
INFO:__main__:Predicted uncertainity -0.7650
INFO:__main__:Completed epoch 97 of 100

INFO:__main__:NLL: -0.0241, L2: 0.0092, Reg: 0.5671
INFO:__main__:Total loss 0.5522
INFO:__main__:Predicted mean: -0.3299
INFO:__main__:Predicted uncertainity -0.7870
INFO:__main__:Completed epoch 98 of 100

INFO:__main__:NLL: -0.0766, L2: 0.0092, Reg: 0.5671
INFO:__main__:Total loss 0.4996
INFO:__main__:Predicted mean: -0.3338
INFO:__main__:Predicted uncertainity -0.9080
INFO:__main__:Completed epoch 99 of 100

INFO:__main__:NLL: 0.0928, L2: 0.0089, Reg: 0.5671
INFO:__main__:Total loss 0.6689
INFO:__main__:Predicted mean: -0.3802
INFO:__main__:Predicted uncertainity -0.7719
INFO:__main__:Completed epoch 100 of 100

INFO:__main__:698.768033 s
