INFO:__main__:PROCESS RUNNING ON cpu
INFO:__main__:NLL: 0.1233, L2: 0.0480, Reg: 0.0028
INFO:__main__:Total loss 0.1740
INFO:__main__:Predicted mean: -0.4292
INFO:__main__:Predicted uncertainity -0.6915
INFO:__main__:Completed epoch 1 of 100

INFO:__main__:NLL: 0.1259, L2: 0.0573, Reg: 0.0028
INFO:__main__:Total loss 0.1861
INFO:__main__:Predicted mean: -0.4669
INFO:__main__:Predicted uncertainity -0.8228
INFO:__main__:Completed epoch 2 of 100

INFO:__main__:NLL: 0.2787, L2: 0.0456, Reg: 0.0027
INFO:__main__:Total loss 0.3270
INFO:__main__:Predicted mean: -0.5252
INFO:__main__:Predicted uncertainity -0.6350
INFO:__main__:Completed epoch 3 of 100

INFO:__main__:NLL: 0.1904, L2: 0.0490, Reg: 0.0028
INFO:__main__:Total loss 0.2421
INFO:__main__:Predicted mean: -0.4402
INFO:__main__:Predicted uncertainity -0.7217
INFO:__main__:Completed epoch 4 of 100

INFO:__main__:NLL: 0.1901, L2: 0.0449, Reg: 0.0027
INFO:__main__:Total loss 0.2378
INFO:__main__:Predicted mean: -0.4770
INFO:__main__:Predicted uncertainity -0.5776
INFO:__main__:Completed epoch 5 of 100

INFO:__main__:NLL: 0.2091, L2: 0.0556, Reg: 0.0028
INFO:__main__:Total loss 0.2675
INFO:__main__:Predicted mean: -0.5091
INFO:__main__:Predicted uncertainity -0.7354
INFO:__main__:Completed epoch 6 of 100

INFO:__main__:NLL: 0.1787, L2: 0.0528, Reg: 0.0028
INFO:__main__:Total loss 0.2343
INFO:__main__:Predicted mean: -0.4597
INFO:__main__:Predicted uncertainity -0.7027
INFO:__main__:Completed epoch 7 of 100

INFO:__main__:NLL: 0.2380, L2: 0.0540, Reg: 0.0028
INFO:__main__:Total loss 0.2948
INFO:__main__:Predicted mean: -0.4939
INFO:__main__:Predicted uncertainity -0.6406
INFO:__main__:Completed epoch 8 of 100

INFO:__main__:NLL: 0.0603, L2: 0.0567, Reg: 0.0028
INFO:__main__:Total loss 0.1198
INFO:__main__:Predicted mean: -0.4314
INFO:__main__:Predicted uncertainity -0.8428
INFO:__main__:Completed epoch 9 of 100

INFO:__main__:NLL: 0.3455, L2: 0.0540, Reg: 0.0028
INFO:__main__:Total loss 0.4023
INFO:__main__:Predicted mean: -0.4953
INFO:__main__:Predicted uncertainity -0.8103
INFO:__main__:Completed epoch 10 of 100

INFO:__main__:NLL: 0.0890, L2: 0.0533, Reg: 0.0028
INFO:__main__:Total loss 0.1450
INFO:__main__:Predicted mean: -0.5024
INFO:__main__:Predicted uncertainity -0.8018
INFO:__main__:Completed epoch 11 of 100

INFO:__main__:NLL: 0.2114, L2: 0.0455, Reg: 0.0027
INFO:__main__:Total loss 0.2597
INFO:__main__:Predicted mean: -0.4190
INFO:__main__:Predicted uncertainity -0.4907
INFO:__main__:Completed epoch 12 of 100

INFO:__main__:NLL: 0.1483, L2: 0.0445, Reg: 0.0028
INFO:__main__:Total loss 0.1955
INFO:__main__:Predicted mean: -0.3842
INFO:__main__:Predicted uncertainity -0.6705
INFO:__main__:Completed epoch 13 of 100

INFO:__main__:NLL: 0.2045, L2: 0.0550, Reg: 0.0028
INFO:__main__:Total loss 0.2622
INFO:__main__:Predicted mean: -0.4574
INFO:__main__:Predicted uncertainity -0.7759
INFO:__main__:Completed epoch 14 of 100

INFO:__main__:NLL: 0.2037, L2: 0.0478, Reg: 0.0028
INFO:__main__:Total loss 0.2543
INFO:__main__:Predicted mean: -0.4035
INFO:__main__:Predicted uncertainity -0.7589
INFO:__main__:Completed epoch 15 of 100

INFO:__main__:NLL: 0.1907, L2: 0.0541, Reg: 0.0028
INFO:__main__:Total loss 0.2476
INFO:__main__:Predicted mean: -0.4308
INFO:__main__:Predicted uncertainity -0.7770
INFO:__main__:Completed epoch 16 of 100

INFO:__main__:NLL: 0.0930, L2: 0.0561, Reg: 0.0028
INFO:__main__:Total loss 0.1519
INFO:__main__:Predicted mean: -0.4881
INFO:__main__:Predicted uncertainity -0.8234
INFO:__main__:Completed epoch 17 of 100

INFO:__main__:NLL: 0.1558, L2: 0.0450, Reg: 0.0028
INFO:__main__:Total loss 0.2035
INFO:__main__:Predicted mean: -0.4239
INFO:__main__:Predicted uncertainity -0.6993
INFO:__main__:Completed epoch 18 of 100

INFO:__main__:NLL: 0.1486, L2: 0.0451, Reg: 0.0027
INFO:__main__:Total loss 0.1964
INFO:__main__:Predicted mean: -0.4646
INFO:__main__:Predicted uncertainity -0.6437
INFO:__main__:Completed epoch 19 of 100

INFO:__main__:NLL: 0.1592, L2: 0.0464, Reg: 0.0027
INFO:__main__:Total loss 0.2083
INFO:__main__:Predicted mean: -0.4278
INFO:__main__:Predicted uncertainity -0.5967
INFO:__main__:Completed epoch 20 of 100

INFO:__main__:NLL: 0.1081, L2: 0.0523, Reg: 0.0028
INFO:__main__:Total loss 0.1632
INFO:__main__:Predicted mean: -0.4822
INFO:__main__:Predicted uncertainity -0.6622
INFO:__main__:Completed epoch 21 of 100

INFO:__main__:NLL: 0.2252, L2: 0.0442, Reg: 0.0027
INFO:__main__:Total loss 0.2722
INFO:__main__:Predicted mean: -0.3954
INFO:__main__:Predicted uncertainity -0.6540
INFO:__main__:Completed epoch 22 of 100

INFO:__main__:NLL: 0.1545, L2: 0.0509, Reg: 0.0028
INFO:__main__:Total loss 0.2082
INFO:__main__:Predicted mean: -0.4504
INFO:__main__:Predicted uncertainity -0.6337
INFO:__main__:Completed epoch 23 of 100

INFO:__main__:NLL: 0.2176, L2: 0.0475, Reg: 0.0027
INFO:__main__:Total loss 0.2679
INFO:__main__:Predicted mean: -0.4275
INFO:__main__:Predicted uncertainity -0.6310
INFO:__main__:Completed epoch 24 of 100

INFO:__main__:NLL: 0.3541, L2: 0.0506, Reg: 0.0028
INFO:__main__:Total loss 0.4074
INFO:__main__:Predicted mean: -0.4213
INFO:__main__:Predicted uncertainity -0.6741
INFO:__main__:Completed epoch 25 of 100

INFO:__main__:NLL: 0.0832, L2: 0.0514, Reg: 0.0028
INFO:__main__:Total loss 0.1374
INFO:__main__:Predicted mean: -0.4716
INFO:__main__:Predicted uncertainity -0.6503
INFO:__main__:Completed epoch 26 of 100

INFO:__main__:NLL: 0.3040, L2: 0.0562, Reg: 0.0028
INFO:__main__:Total loss 0.3630
INFO:__main__:Predicted mean: -0.4617
INFO:__main__:Predicted uncertainity -0.7602
INFO:__main__:Completed epoch 27 of 100

INFO:__main__:NLL: 0.2052, L2: 0.0484, Reg: 0.0028
INFO:__main__:Total loss 0.2564
INFO:__main__:Predicted mean: -0.4409
INFO:__main__:Predicted uncertainity -0.6653
INFO:__main__:Completed epoch 28 of 100

INFO:__main__:NLL: 0.2179, L2: 0.0504, Reg: 0.0028
INFO:__main__:Total loss 0.2710
INFO:__main__:Predicted mean: -0.4431
INFO:__main__:Predicted uncertainity -0.6575
INFO:__main__:Completed epoch 29 of 100

INFO:__main__:NLL: 0.1684, L2: 0.0467, Reg: 0.0027
INFO:__main__:Total loss 0.2178
INFO:__main__:Predicted mean: -0.3997
INFO:__main__:Predicted uncertainity -0.6272
INFO:__main__:Completed epoch 30 of 100

INFO:__main__:NLL: 0.2013, L2: 0.0485, Reg: 0.0028
INFO:__main__:Total loss 0.2526
INFO:__main__:Predicted mean: -0.4542
INFO:__main__:Predicted uncertainity -0.7716
INFO:__main__:Completed epoch 31 of 100

INFO:__main__:NLL: 0.0965, L2: 0.0553, Reg: 0.0028
INFO:__main__:Total loss 0.1545
INFO:__main__:Predicted mean: -0.4266
INFO:__main__:Predicted uncertainity -0.8108
INFO:__main__:Completed epoch 32 of 100

INFO:__main__:NLL: 0.1642, L2: 0.0561, Reg: 0.0028
INFO:__main__:Total loss 0.2231
INFO:__main__:Predicted mean: -0.4505
INFO:__main__:Predicted uncertainity -0.6867
INFO:__main__:Completed epoch 33 of 100

INFO:__main__:NLL: 0.1515, L2: 0.0481, Reg: 0.0027
INFO:__main__:Total loss 0.2023
INFO:__main__:Predicted mean: -0.4483
INFO:__main__:Predicted uncertainity -0.6385
INFO:__main__:Completed epoch 34 of 100

INFO:__main__:NLL: 0.1088, L2: 0.0466, Reg: 0.0028
INFO:__main__:Total loss 0.1582
INFO:__main__:Predicted mean: -0.4346
INFO:__main__:Predicted uncertainity -0.6910
INFO:__main__:Completed epoch 35 of 100

INFO:__main__:NLL: 0.2236, L2: 0.0550, Reg: 0.0028
INFO:__main__:Total loss 0.2814
INFO:__main__:Predicted mean: -0.4400
INFO:__main__:Predicted uncertainity -0.7587
INFO:__main__:Completed epoch 36 of 100

INFO:__main__:NLL: 0.1131, L2: 0.0494, Reg: 0.0028
INFO:__main__:Total loss 0.1652
INFO:__main__:Predicted mean: -0.4779
INFO:__main__:Predicted uncertainity -0.7179
INFO:__main__:Completed epoch 37 of 100

INFO:__main__:NLL: 0.2778, L2: 0.0494, Reg: 0.0028
INFO:__main__:Total loss 0.3299
INFO:__main__:Predicted mean: -0.4472
INFO:__main__:Predicted uncertainity -0.6978
INFO:__main__:Completed epoch 38 of 100

INFO:__main__:NLL: 0.2232, L2: 0.0469, Reg: 0.0028
INFO:__main__:Total loss 0.2728
INFO:__main__:Predicted mean: -0.4380
INFO:__main__:Predicted uncertainity -0.6822
INFO:__main__:Completed epoch 39 of 100

INFO:__main__:NLL: 0.1353, L2: 0.0531, Reg: 0.0028
INFO:__main__:Total loss 0.1911
INFO:__main__:Predicted mean: -0.4731
INFO:__main__:Predicted uncertainity -0.6538
INFO:__main__:Completed epoch 40 of 100

INFO:__main__:NLL: 0.1125, L2: 0.0484, Reg: 0.0028
INFO:__main__:Total loss 0.1636
INFO:__main__:Predicted mean: -0.4406
INFO:__main__:Predicted uncertainity -0.7044
INFO:__main__:Completed epoch 41 of 100

INFO:__main__:NLL: 0.1297, L2: 0.0542, Reg: 0.0028
INFO:__main__:Total loss 0.1866
INFO:__main__:Predicted mean: -0.4824
INFO:__main__:Predicted uncertainity -0.6783
INFO:__main__:Completed epoch 42 of 100

INFO:__main__:NLL: 0.1949, L2: 0.0489, Reg: 0.0028
INFO:__main__:Total loss 0.2466
INFO:__main__:Predicted mean: -0.4241
INFO:__main__:Predicted uncertainity -0.6532
INFO:__main__:Completed epoch 43 of 100

INFO:__main__:NLL: 0.1793, L2: 0.0590, Reg: 0.0028
INFO:__main__:Total loss 0.2411
INFO:__main__:Predicted mean: -0.4901
INFO:__main__:Predicted uncertainity -0.7324
INFO:__main__:Completed epoch 44 of 100

INFO:__main__:NLL: 0.2084, L2: 0.0424, Reg: 0.0027
INFO:__main__:Total loss 0.2536
INFO:__main__:Predicted mean: -0.4423
INFO:__main__:Predicted uncertainity -0.6576
INFO:__main__:Completed epoch 45 of 100

INFO:__main__:NLL: 0.1673, L2: 0.0517, Reg: 0.0028
INFO:__main__:Total loss 0.2217
INFO:__main__:Predicted mean: -0.4294
INFO:__main__:Predicted uncertainity -0.7283
INFO:__main__:Completed epoch 46 of 100

INFO:__main__:NLL: 0.1096, L2: 0.0549, Reg: 0.0028
INFO:__main__:Total loss 0.1673
INFO:__main__:Predicted mean: -0.5028
INFO:__main__:Predicted uncertainity -0.8365
INFO:__main__:Completed epoch 47 of 100

INFO:__main__:NLL: 0.0917, L2: 0.0571, Reg: 0.0028
INFO:__main__:Total loss 0.1515
INFO:__main__:Predicted mean: -0.4388
INFO:__main__:Predicted uncertainity -0.7151
INFO:__main__:Completed epoch 48 of 100

INFO:__main__:NLL: 0.0128, L2: 0.0552, Reg: 0.0028
INFO:__main__:Total loss 0.0707
INFO:__main__:Predicted mean: -0.5089
INFO:__main__:Predicted uncertainity -0.7662
INFO:__main__:Completed epoch 49 of 100

INFO:__main__:NLL: 0.1269, L2: 0.0482, Reg: 0.0028
INFO:__main__:Total loss 0.1779
INFO:__main__:Predicted mean: -0.3975
INFO:__main__:Predicted uncertainity -0.7164
INFO:__main__:Completed epoch 50 of 100

INFO:__main__:NLL: 0.5264, L2: 0.0557, Reg: 0.0028
INFO:__main__:Total loss 0.5849
INFO:__main__:Predicted mean: -0.4643
INFO:__main__:Predicted uncertainity -0.7358
INFO:__main__:Completed epoch 51 of 100

INFO:__main__:NLL: 0.0809, L2: 0.0509, Reg: 0.0028
INFO:__main__:Total loss 0.1346
INFO:__main__:Predicted mean: -0.4315
INFO:__main__:Predicted uncertainity -0.6568
INFO:__main__:Completed epoch 52 of 100

INFO:__main__:NLL: 0.1169, L2: 0.0501, Reg: 0.0028
INFO:__main__:Total loss 0.1698
INFO:__main__:Predicted mean: -0.4150
INFO:__main__:Predicted uncertainity -0.6372
INFO:__main__:Completed epoch 53 of 100

INFO:__main__:NLL: 0.2557, L2: 0.0412, Reg: 0.0027
INFO:__main__:Total loss 0.2996
INFO:__main__:Predicted mean: -0.3889
INFO:__main__:Predicted uncertainity -0.5390
INFO:__main__:Completed epoch 54 of 100

INFO:__main__:NLL: 0.1864, L2: 0.0468, Reg: 0.0028
INFO:__main__:Total loss 0.2359
INFO:__main__:Predicted mean: -0.4057
INFO:__main__:Predicted uncertainity -0.6928
INFO:__main__:Completed epoch 55 of 100

INFO:__main__:NLL: 0.2888, L2: 0.0487, Reg: 0.0028
INFO:__main__:Total loss 0.3402
INFO:__main__:Predicted mean: -0.4555
INFO:__main__:Predicted uncertainity -0.6762
INFO:__main__:Completed epoch 56 of 100

INFO:__main__:NLL: 0.1517, L2: 0.0379, Reg: 0.0027
INFO:__main__:Total loss 0.1924
INFO:__main__:Predicted mean: -0.3770
INFO:__main__:Predicted uncertainity -0.5949
INFO:__main__:Completed epoch 57 of 100

INFO:__main__:NLL: 0.0882, L2: 0.0529, Reg: 0.0028
INFO:__main__:Total loss 0.1440
INFO:__main__:Predicted mean: -0.4439
INFO:__main__:Predicted uncertainity -0.7187
INFO:__main__:Completed epoch 58 of 100

INFO:__main__:NLL: 0.1269, L2: 0.0529, Reg: 0.0028
INFO:__main__:Total loss 0.1826
INFO:__main__:Predicted mean: -0.4426
INFO:__main__:Predicted uncertainity -0.7212
INFO:__main__:Completed epoch 59 of 100

INFO:__main__:NLL: 0.1741, L2: 0.0508, Reg: 0.0028
INFO:__main__:Total loss 0.2277
INFO:__main__:Predicted mean: -0.4603
INFO:__main__:Predicted uncertainity -0.6869
INFO:__main__:Completed epoch 60 of 100

INFO:__main__:NLL: 0.2410, L2: 0.0494, Reg: 0.0028
INFO:__main__:Total loss 0.2932
INFO:__main__:Predicted mean: -0.3812
INFO:__main__:Predicted uncertainity -0.6645
INFO:__main__:Completed epoch 61 of 100

INFO:__main__:NLL: 0.2020, L2: 0.0498, Reg: 0.0028
INFO:__main__:Total loss 0.2546
INFO:__main__:Predicted mean: -0.4447
INFO:__main__:Predicted uncertainity -0.7155
INFO:__main__:Completed epoch 62 of 100

INFO:__main__:NLL: 0.1203, L2: 0.0583, Reg: 0.0028
INFO:__main__:Total loss 0.1814
INFO:__main__:Predicted mean: -0.5105
INFO:__main__:Predicted uncertainity -0.6775
INFO:__main__:Completed epoch 63 of 100

INFO:__main__:NLL: 0.0516, L2: 0.0573, Reg: 0.0028
INFO:__main__:Total loss 0.1117
INFO:__main__:Predicted mean: -0.4797
INFO:__main__:Predicted uncertainity -0.6715
INFO:__main__:Completed epoch 64 of 100

INFO:__main__:NLL: 0.1500, L2: 0.0423, Reg: 0.0027
INFO:__main__:Total loss 0.1950
INFO:__main__:Predicted mean: -0.4011
INFO:__main__:Predicted uncertainity -0.5813
INFO:__main__:Completed epoch 65 of 100

INFO:__main__:NLL: 0.1622, L2: 0.0496, Reg: 0.0027
INFO:__main__:Total loss 0.2145
INFO:__main__:Predicted mean: -0.4273
INFO:__main__:Predicted uncertainity -0.5545
INFO:__main__:Completed epoch 66 of 100

INFO:__main__:NLL: 0.0946, L2: 0.0522, Reg: 0.0028
INFO:__main__:Total loss 0.1496
INFO:__main__:Predicted mean: -0.4524
INFO:__main__:Predicted uncertainity -0.7546
INFO:__main__:Completed epoch 67 of 100

INFO:__main__:NLL: 0.1273, L2: 0.0521, Reg: 0.0028
INFO:__main__:Total loss 0.1822
INFO:__main__:Predicted mean: -0.4486
INFO:__main__:Predicted uncertainity -0.7645
INFO:__main__:Completed epoch 68 of 100

INFO:__main__:NLL: 0.0964, L2: 0.0562, Reg: 0.0028
INFO:__main__:Total loss 0.1553
INFO:__main__:Predicted mean: -0.4937
INFO:__main__:Predicted uncertainity -0.7683
INFO:__main__:Completed epoch 69 of 100

INFO:__main__:NLL: 0.3094, L2: 0.0541, Reg: 0.0028
INFO:__main__:Total loss 0.3663
INFO:__main__:Predicted mean: -0.4587
INFO:__main__:Predicted uncertainity -0.7178
INFO:__main__:Completed epoch 70 of 100

INFO:__main__:NLL: 0.1080, L2: 0.0506, Reg: 0.0028
INFO:__main__:Total loss 0.1613
INFO:__main__:Predicted mean: -0.4784
INFO:__main__:Predicted uncertainity -0.6020
INFO:__main__:Completed epoch 71 of 100

INFO:__main__:NLL: 0.2920, L2: 0.0517, Reg: 0.0028
INFO:__main__:Total loss 0.3464
INFO:__main__:Predicted mean: -0.4512
INFO:__main__:Predicted uncertainity -0.7888
INFO:__main__:Completed epoch 72 of 100

INFO:__main__:NLL: 0.2454, L2: 0.0520, Reg: 0.0028
INFO:__main__:Total loss 0.3001
INFO:__main__:Predicted mean: -0.4991
INFO:__main__:Predicted uncertainity -0.7587
INFO:__main__:Completed epoch 73 of 100

INFO:__main__:NLL: 0.1394, L2: 0.0575, Reg: 0.0028
INFO:__main__:Total loss 0.1996
INFO:__main__:Predicted mean: -0.4476
INFO:__main__:Predicted uncertainity -0.7327
INFO:__main__:Completed epoch 74 of 100

INFO:__main__:NLL: 0.1099, L2: 0.0521, Reg: 0.0028
INFO:__main__:Total loss 0.1648
INFO:__main__:Predicted mean: -0.4629
INFO:__main__:Predicted uncertainity -0.6164
INFO:__main__:Completed epoch 75 of 100

INFO:__main__:NLL: 0.2543, L2: 0.0532, Reg: 0.0028
INFO:__main__:Total loss 0.3103
INFO:__main__:Predicted mean: -0.4649
INFO:__main__:Predicted uncertainity -0.7856
INFO:__main__:Completed epoch 76 of 100

INFO:__main__:NLL: 0.2013, L2: 0.0471, Reg: 0.0027
INFO:__main__:Total loss 0.2512
INFO:__main__:Predicted mean: -0.4774
INFO:__main__:Predicted uncertainity -0.6329
INFO:__main__:Completed epoch 77 of 100

INFO:__main__:NLL: 0.1956, L2: 0.0526, Reg: 0.0028
INFO:__main__:Total loss 0.2510
INFO:__main__:Predicted mean: -0.4764
INFO:__main__:Predicted uncertainity -0.6544
INFO:__main__:Completed epoch 78 of 100

INFO:__main__:NLL: 0.1479, L2: 0.0470, Reg: 0.0028
INFO:__main__:Total loss 0.1977
INFO:__main__:Predicted mean: -0.3595
INFO:__main__:Predicted uncertainity -0.6799
INFO:__main__:Completed epoch 79 of 100

INFO:__main__:NLL: 0.1488, L2: 0.0504, Reg: 0.0028
INFO:__main__:Total loss 0.2019
INFO:__main__:Predicted mean: -0.4486
INFO:__main__:Predicted uncertainity -0.6332
INFO:__main__:Completed epoch 80 of 100

INFO:__main__:NLL: 0.2389, L2: 0.0487, Reg: 0.0027
INFO:__main__:Total loss 0.2903
INFO:__main__:Predicted mean: -0.4440
INFO:__main__:Predicted uncertainity -0.5005
INFO:__main__:Completed epoch 81 of 100

INFO:__main__:NLL: 0.1605, L2: 0.0434, Reg: 0.0027
INFO:__main__:Total loss 0.2067
INFO:__main__:Predicted mean: -0.4327
INFO:__main__:Predicted uncertainity -0.6328
INFO:__main__:Completed epoch 82 of 100

INFO:__main__:NLL: 0.0365, L2: 0.0533, Reg: 0.0028
INFO:__main__:Total loss 0.0926
INFO:__main__:Predicted mean: -0.5007
INFO:__main__:Predicted uncertainity -0.8083
INFO:__main__:Completed epoch 83 of 100

INFO:__main__:NLL: 0.2917, L2: 0.0465, Reg: 0.0028
INFO:__main__:Total loss 0.3410
INFO:__main__:Predicted mean: -0.4414
INFO:__main__:Predicted uncertainity -0.7140
INFO:__main__:Completed epoch 84 of 100

INFO:__main__:NLL: 0.1384, L2: 0.0512, Reg: 0.0028
INFO:__main__:Total loss 0.1923
INFO:__main__:Predicted mean: -0.4704
INFO:__main__:Predicted uncertainity -0.7372
INFO:__main__:Completed epoch 85 of 100

INFO:__main__:NLL: -0.0225, L2: 0.0588, Reg: 0.0028
INFO:__main__:Total loss 0.0391
INFO:__main__:Predicted mean: -0.4699
INFO:__main__:Predicted uncertainity -0.7349
INFO:__main__:Completed epoch 86 of 100

INFO:__main__:NLL: 0.1690, L2: 0.0485, Reg: 0.0027
INFO:__main__:Total loss 0.2203
INFO:__main__:Predicted mean: -0.4552
INFO:__main__:Predicted uncertainity -0.5771
INFO:__main__:Completed epoch 87 of 100

INFO:__main__:NLL: 0.1887, L2: 0.0391, Reg: 0.0027
INFO:__main__:Total loss 0.2305
INFO:__main__:Predicted mean: -0.4141
INFO:__main__:Predicted uncertainity -0.5347
INFO:__main__:Completed epoch 88 of 100

INFO:__main__:NLL: 0.1473, L2: 0.0504, Reg: 0.0028
INFO:__main__:Total loss 0.2005
INFO:__main__:Predicted mean: -0.4054
INFO:__main__:Predicted uncertainity -0.6927
INFO:__main__:Completed epoch 89 of 100

INFO:__main__:NLL: 0.1592, L2: 0.0604, Reg: 0.0028
INFO:__main__:Total loss 0.2224
INFO:__main__:Predicted mean: -0.4906
INFO:__main__:Predicted uncertainity -0.7148
INFO:__main__:Completed epoch 90 of 100

INFO:__main__:NLL: 0.0901, L2: 0.0546, Reg: 0.0028
INFO:__main__:Total loss 0.1475
INFO:__main__:Predicted mean: -0.4910
INFO:__main__:Predicted uncertainity -0.7959
INFO:__main__:Completed epoch 91 of 100

INFO:__main__:NLL: 0.3574, L2: 0.0551, Reg: 0.0028
INFO:__main__:Total loss 0.4152
INFO:__main__:Predicted mean: -0.4209
INFO:__main__:Predicted uncertainity -0.8594
INFO:__main__:Completed epoch 92 of 100

INFO:__main__:NLL: 0.0998, L2: 0.0517, Reg: 0.0028
INFO:__main__:Total loss 0.1543
INFO:__main__:Predicted mean: -0.4327
INFO:__main__:Predicted uncertainity -0.6793
INFO:__main__:Completed epoch 93 of 100

INFO:__main__:NLL: 0.1351, L2: 0.0496, Reg: 0.0028
INFO:__main__:Total loss 0.1875
INFO:__main__:Predicted mean: -0.4026
INFO:__main__:Predicted uncertainity -0.7156
INFO:__main__:Completed epoch 94 of 100

INFO:__main__:NLL: 0.1732, L2: 0.0468, Reg: 0.0028
INFO:__main__:Total loss 0.2228
INFO:__main__:Predicted mean: -0.4008
INFO:__main__:Predicted uncertainity -0.6871
INFO:__main__:Completed epoch 95 of 100

INFO:__main__:NLL: 0.1929, L2: 0.0565, Reg: 0.0028
INFO:__main__:Total loss 0.2521
INFO:__main__:Predicted mean: -0.5371
INFO:__main__:Predicted uncertainity -0.7195
INFO:__main__:Completed epoch 96 of 100

INFO:__main__:NLL: 0.1880, L2: 0.0423, Reg: 0.0028
INFO:__main__:Total loss 0.2331
INFO:__main__:Predicted mean: -0.4204
INFO:__main__:Predicted uncertainity -0.6898
INFO:__main__:Completed epoch 97 of 100

INFO:__main__:NLL: 0.2218, L2: 0.0576, Reg: 0.0028
INFO:__main__:Total loss 0.2822
INFO:__main__:Predicted mean: -0.4260
INFO:__main__:Predicted uncertainity -0.7045
INFO:__main__:Completed epoch 98 of 100

INFO:__main__:NLL: 0.2545, L2: 0.0398, Reg: 0.0027
INFO:__main__:Total loss 0.2971
INFO:__main__:Predicted mean: -0.3883
INFO:__main__:Predicted uncertainity -0.6784
INFO:__main__:Completed epoch 99 of 100

INFO:__main__:NLL: 0.3790, L2: 0.0570, Reg: 0.0028
INFO:__main__:Total loss 0.4388
INFO:__main__:Predicted mean: -0.5148
INFO:__main__:Predicted uncertainity -0.7809
INFO:__main__:Completed epoch 100 of 100

INFO:__main__:372.889278 s
