INFO:__main__:PROCESS RUNNING ON cpu
INFO:__main__:NLL: 0.2756, L2: 0.0138, Reg: 0.0240
INFO:__main__:Total loss 0.3134
INFO:__main__:Predicted mean: -0.3326
INFO:__main__:Predicted uncertainity -0.1657
INFO:__main__:Completed epoch 1 of 100

INFO:__main__:NLL: 0.2756, L2: 0.0138, Reg: 0.0245
INFO:__main__:Total loss 0.3138
INFO:__main__:Predicted mean: -0.3321
INFO:__main__:Predicted uncertainity -0.1651
INFO:__main__:Completed epoch 2 of 100

INFO:__main__:NLL: 0.2754, L2: 0.0138, Reg: 0.0239
INFO:__main__:Total loss 0.3131
INFO:__main__:Predicted mean: -0.3317
INFO:__main__:Predicted uncertainity -0.1658
INFO:__main__:Completed epoch 3 of 100

INFO:__main__:NLL: 0.2754, L2: 0.0138, Reg: 0.0237
INFO:__main__:Total loss 0.3128
INFO:__main__:Predicted mean: -0.3316
INFO:__main__:Predicted uncertainity -0.1660
INFO:__main__:Completed epoch 4 of 100

INFO:__main__:NLL: 0.2755, L2: 0.0137, Reg: 0.0225
INFO:__main__:Total loss 0.3118
INFO:__main__:Predicted mean: -0.3317
INFO:__main__:Predicted uncertainity -0.1654
INFO:__main__:Completed epoch 5 of 100

INFO:__main__:NLL: 0.2751, L2: 0.0138, Reg: 0.0218
INFO:__main__:Total loss 0.3107
INFO:__main__:Predicted mean: -0.3314
INFO:__main__:Predicted uncertainity -0.1681
INFO:__main__:Completed epoch 6 of 100

INFO:__main__:NLL: 0.2752, L2: 0.0138, Reg: 0.0249
INFO:__main__:Total loss 0.3138
INFO:__main__:Predicted mean: -0.3316
INFO:__main__:Predicted uncertainity -0.1677
INFO:__main__:Completed epoch 7 of 100

INFO:__main__:NLL: 0.2756, L2: 0.0137, Reg: 0.0238
INFO:__main__:Total loss 0.3131
INFO:__main__:Predicted mean: -0.3315
INFO:__main__:Predicted uncertainity -0.1646
INFO:__main__:Completed epoch 8 of 100

INFO:__main__:NLL: 0.2754, L2: 0.0138, Reg: 0.0235
INFO:__main__:Total loss 0.3127
INFO:__main__:Predicted mean: -0.3316
INFO:__main__:Predicted uncertainity -0.1658
INFO:__main__:Completed epoch 9 of 100

INFO:__main__:NLL: 0.2755, L2: 0.0137, Reg: 0.0228
INFO:__main__:Total loss 0.3121
INFO:__main__:Predicted mean: -0.3315
INFO:__main__:Predicted uncertainity -0.1650
INFO:__main__:Completed epoch 10 of 100

INFO:__main__:NLL: 0.2756, L2: 0.0137, Reg: 0.0241
INFO:__main__:Total loss 0.3134
INFO:__main__:Predicted mean: -0.3315
INFO:__main__:Predicted uncertainity -0.1645
INFO:__main__:Completed epoch 11 of 100

INFO:__main__:NLL: 0.2752, L2: 0.0138, Reg: 0.0237
INFO:__main__:Total loss 0.3127
INFO:__main__:Predicted mean: -0.3312
INFO:__main__:Predicted uncertainity -0.1669
INFO:__main__:Completed epoch 12 of 100

INFO:__main__:NLL: 0.2752, L2: 0.0138, Reg: 0.0237
INFO:__main__:Total loss 0.3127
INFO:__main__:Predicted mean: -0.3314
INFO:__main__:Predicted uncertainity -0.1675
INFO:__main__:Completed epoch 13 of 100

INFO:__main__:NLL: 0.2758, L2: 0.0137, Reg: 0.0234
INFO:__main__:Total loss 0.3129
INFO:__main__:Predicted mean: -0.3316
INFO:__main__:Predicted uncertainity -0.1634
INFO:__main__:Completed epoch 14 of 100

INFO:__main__:NLL: 0.2753, L2: 0.0138, Reg: 0.0232
INFO:__main__:Total loss 0.3123
INFO:__main__:Predicted mean: -0.3314
INFO:__main__:Predicted uncertainity -0.1663
INFO:__main__:Completed epoch 15 of 100

INFO:__main__:NLL: 0.2756, L2: 0.0137, Reg: 0.0237
INFO:__main__:Total loss 0.3130
INFO:__main__:Predicted mean: -0.3315
INFO:__main__:Predicted uncertainity -0.1644
INFO:__main__:Completed epoch 16 of 100

INFO:__main__:NLL: 0.2756, L2: 0.0137, Reg: 0.0228
INFO:__main__:Total loss 0.3122
INFO:__main__:Predicted mean: -0.3313
INFO:__main__:Predicted uncertainity -0.1643
INFO:__main__:Completed epoch 17 of 100

INFO:__main__:NLL: 0.2754, L2: 0.0138, Reg: 0.0236
INFO:__main__:Total loss 0.3127
INFO:__main__:Predicted mean: -0.3314
INFO:__main__:Predicted uncertainity -0.1661
INFO:__main__:Completed epoch 18 of 100

INFO:__main__:NLL: 0.2752, L2: 0.0138, Reg: 0.0245
INFO:__main__:Total loss 0.3135
INFO:__main__:Predicted mean: -0.3314
INFO:__main__:Predicted uncertainity -0.1670
INFO:__main__:Completed epoch 19 of 100

INFO:__main__:NLL: 0.2754, L2: 0.0138, Reg: 0.0265
INFO:__main__:Total loss 0.3157
INFO:__main__:Predicted mean: -0.3314
INFO:__main__:Predicted uncertainity -0.1657
INFO:__main__:Completed epoch 20 of 100

INFO:__main__:NLL: 0.2750, L2: 0.0138, Reg: 0.0252
INFO:__main__:Total loss 0.3140
INFO:__main__:Predicted mean: -0.3315
INFO:__main__:Predicted uncertainity -0.1684
INFO:__main__:Completed epoch 21 of 100

INFO:__main__:NLL: 0.2757, L2: 0.0137, Reg: 0.0234
INFO:__main__:Total loss 0.3128
INFO:__main__:Predicted mean: -0.3315
INFO:__main__:Predicted uncertainity -0.1640
INFO:__main__:Completed epoch 22 of 100

INFO:__main__:NLL: 0.2753, L2: 0.0138, Reg: 0.0253
INFO:__main__:Total loss 0.3143
INFO:__main__:Predicted mean: -0.3314
INFO:__main__:Predicted uncertainity -0.1665
INFO:__main__:Completed epoch 23 of 100

INFO:__main__:NLL: 0.2754, L2: 0.0140, Reg: 0.0252
INFO:__main__:Total loss 0.3145
INFO:__main__:Predicted mean: -0.3323
INFO:__main__:Predicted uncertainity -0.1663
INFO:__main__:Completed epoch 24 of 100

INFO:__main__:NLL: 0.2754, L2: 0.0138, Reg: 0.0256
INFO:__main__:Total loss 0.3148
INFO:__main__:Predicted mean: -0.3315
INFO:__main__:Predicted uncertainity -0.1658
INFO:__main__:Completed epoch 25 of 100

INFO:__main__:NLL: 0.2752, L2: 0.0138, Reg: 0.0267
INFO:__main__:Total loss 0.3157
INFO:__main__:Predicted mean: -0.3315
INFO:__main__:Predicted uncertainity -0.1675
INFO:__main__:Completed epoch 26 of 100

INFO:__main__:NLL: 0.2757, L2: 0.0137, Reg: 0.0229
INFO:__main__:Total loss 0.3122
INFO:__main__:Predicted mean: -0.3314
INFO:__main__:Predicted uncertainity -0.1638
INFO:__main__:Completed epoch 27 of 100

INFO:__main__:NLL: 0.2754, L2: 0.0138, Reg: 0.0231
INFO:__main__:Total loss 0.3123
INFO:__main__:Predicted mean: -0.3316
INFO:__main__:Predicted uncertainity -0.1656
INFO:__main__:Completed epoch 28 of 100

INFO:__main__:NLL: 0.2754, L2: 0.0138, Reg: 0.0275
INFO:__main__:Total loss 0.3167
INFO:__main__:Predicted mean: -0.3315
INFO:__main__:Predicted uncertainity -0.1658
INFO:__main__:Completed epoch 29 of 100

INFO:__main__:NLL: 0.2751, L2: 0.0138, Reg: 0.0229
INFO:__main__:Total loss 0.3119
INFO:__main__:Predicted mean: -0.3315
INFO:__main__:Predicted uncertainity -0.1680
INFO:__main__:Completed epoch 30 of 100

INFO:__main__:NLL: 0.2756, L2: 0.0137, Reg: 0.0250
INFO:__main__:Total loss 0.3143
INFO:__main__:Predicted mean: -0.3315
INFO:__main__:Predicted uncertainity -0.1644
INFO:__main__:Completed epoch 31 of 100

INFO:__main__:NLL: 0.2751, L2: 0.0138, Reg: 0.0259
INFO:__main__:Total loss 0.3148
INFO:__main__:Predicted mean: -0.3315
INFO:__main__:Predicted uncertainity -0.1682
INFO:__main__:Completed epoch 32 of 100

INFO:__main__:NLL: 0.2751, L2: 0.0138, Reg: 0.0233
INFO:__main__:Total loss 0.3122
INFO:__main__:Predicted mean: -0.3314
INFO:__main__:Predicted uncertainity -0.1680
INFO:__main__:Completed epoch 33 of 100

INFO:__main__:NLL: 0.2756, L2: 0.0137, Reg: 0.0240
INFO:__main__:Total loss 0.3133
INFO:__main__:Predicted mean: -0.3315
INFO:__main__:Predicted uncertainity -0.1646
INFO:__main__:Completed epoch 34 of 100

INFO:__main__:NLL: 0.2755, L2: 0.0137, Reg: 0.0213
INFO:__main__:Total loss 0.3105
INFO:__main__:Predicted mean: -0.3315
INFO:__main__:Predicted uncertainity -0.1649
INFO:__main__:Completed epoch 35 of 100

INFO:__main__:NLL: 0.2754, L2: 0.0138, Reg: 0.0221
INFO:__main__:Total loss 0.3113
INFO:__main__:Predicted mean: -0.3315
INFO:__main__:Predicted uncertainity -0.1661
INFO:__main__:Completed epoch 36 of 100

INFO:__main__:NLL: 0.2758, L2: 0.0136, Reg: 0.0258
INFO:__main__:Total loss 0.3153
INFO:__main__:Predicted mean: -0.3314
INFO:__main__:Predicted uncertainity -0.1626
INFO:__main__:Completed epoch 37 of 100

INFO:__main__:NLL: 0.2754, L2: 0.0140, Reg: 0.0222
INFO:__main__:Total loss 0.3115
INFO:__main__:Predicted mean: -0.3320
INFO:__main__:Predicted uncertainity -0.1657
INFO:__main__:Completed epoch 38 of 100

INFO:__main__:NLL: 0.2753, L2: 0.0139, Reg: 0.0244
INFO:__main__:Total loss 0.3135
INFO:__main__:Predicted mean: -0.3316
INFO:__main__:Predicted uncertainity -0.1671
INFO:__main__:Completed epoch 39 of 100

INFO:__main__:NLL: 0.2752, L2: 0.0138, Reg: 0.0268
INFO:__main__:Total loss 0.3158
INFO:__main__:Predicted mean: -0.3315
INFO:__main__:Predicted uncertainity -0.1672
INFO:__main__:Completed epoch 40 of 100

INFO:__main__:NLL: 0.2754, L2: 0.0138, Reg: 0.0252
INFO:__main__:Total loss 0.3144
INFO:__main__:Predicted mean: -0.3315
INFO:__main__:Predicted uncertainity -0.1660
INFO:__main__:Completed epoch 41 of 100

INFO:__main__:NLL: 0.2759, L2: 0.0136, Reg: 0.0239
INFO:__main__:Total loss 0.3134
INFO:__main__:Predicted mean: -0.3314
INFO:__main__:Predicted uncertainity -0.1625
INFO:__main__:Completed epoch 42 of 100

INFO:__main__:NLL: 0.2756, L2: 0.0137, Reg: 0.0244
INFO:__main__:Total loss 0.3138
INFO:__main__:Predicted mean: -0.3313
INFO:__main__:Predicted uncertainity -0.1639
INFO:__main__:Completed epoch 43 of 100

INFO:__main__:NLL: 0.2753, L2: 0.0138, Reg: 0.0246
INFO:__main__:Total loss 0.3137
INFO:__main__:Predicted mean: -0.3314
INFO:__main__:Predicted uncertainity -0.1667
INFO:__main__:Completed epoch 44 of 100

INFO:__main__:NLL: 0.2758, L2: 0.0138, Reg: 0.0234
INFO:__main__:Total loss 0.3130
INFO:__main__:Predicted mean: -0.3317
INFO:__main__:Predicted uncertainity -0.1635
INFO:__main__:Completed epoch 45 of 100

INFO:__main__:NLL: 0.2755, L2: 0.0137, Reg: 0.0230
INFO:__main__:Total loss 0.3122
INFO:__main__:Predicted mean: -0.3313
INFO:__main__:Predicted uncertainity -0.1651
INFO:__main__:Completed epoch 46 of 100

INFO:__main__:NLL: 0.2751, L2: 0.0138, Reg: 0.0237
INFO:__main__:Total loss 0.3126
INFO:__main__:Predicted mean: -0.3314
INFO:__main__:Predicted uncertainity -0.1678
INFO:__main__:Completed epoch 47 of 100

INFO:__main__:NLL: 0.2755, L2: 0.0137, Reg: 0.0238
INFO:__main__:Total loss 0.3130
INFO:__main__:Predicted mean: -0.3313
INFO:__main__:Predicted uncertainity -0.1652
INFO:__main__:Completed epoch 48 of 100

INFO:__main__:NLL: 0.2757, L2: 0.0137, Reg: 0.0250
INFO:__main__:Total loss 0.3144
INFO:__main__:Predicted mean: -0.3314
INFO:__main__:Predicted uncertainity -0.1639
INFO:__main__:Completed epoch 49 of 100

INFO:__main__:NLL: 0.2752, L2: 0.0138, Reg: 0.0243
INFO:__main__:Total loss 0.3133
INFO:__main__:Predicted mean: -0.3314
INFO:__main__:Predicted uncertainity -0.1672
INFO:__main__:Completed epoch 50 of 100

INFO:__main__:NLL: 0.2752, L2: 0.0138, Reg: 0.0251
INFO:__main__:Total loss 0.3141
INFO:__main__:Predicted mean: -0.3315
INFO:__main__:Predicted uncertainity -0.1671
INFO:__main__:Completed epoch 51 of 100

INFO:__main__:NLL: 0.2753, L2: 0.0138, Reg: 0.0270
INFO:__main__:Total loss 0.3161
INFO:__main__:Predicted mean: -0.3313
INFO:__main__:Predicted uncertainity -0.1663
INFO:__main__:Completed epoch 52 of 100

INFO:__main__:NLL: 0.2752, L2: 0.0138, Reg: 0.0250
INFO:__main__:Total loss 0.3141
INFO:__main__:Predicted mean: -0.3313
INFO:__main__:Predicted uncertainity -0.1670
INFO:__main__:Completed epoch 53 of 100

INFO:__main__:NLL: 0.2753, L2: 0.0138, Reg: 0.0241
INFO:__main__:Total loss 0.3131
INFO:__main__:Predicted mean: -0.3315
INFO:__main__:Predicted uncertainity -0.1668
INFO:__main__:Completed epoch 54 of 100

INFO:__main__:NLL: 0.2757, L2: 0.0137, Reg: 0.0242
INFO:__main__:Total loss 0.3136
INFO:__main__:Predicted mean: -0.3315
INFO:__main__:Predicted uncertainity -0.1638
INFO:__main__:Completed epoch 55 of 100

INFO:__main__:NLL: 0.2753, L2: 0.0138, Reg: 0.0234
INFO:__main__:Total loss 0.3125
INFO:__main__:Predicted mean: -0.3315
INFO:__main__:Predicted uncertainity -0.1663
INFO:__main__:Completed epoch 56 of 100

INFO:__main__:NLL: 0.2751, L2: 0.0138, Reg: 0.0251
INFO:__main__:Total loss 0.3140
INFO:__main__:Predicted mean: -0.3316
INFO:__main__:Predicted uncertainity -0.1681
INFO:__main__:Completed epoch 57 of 100

INFO:__main__:NLL: 0.2748, L2: 0.0139, Reg: 0.0267
INFO:__main__:Total loss 0.3155
INFO:__main__:Predicted mean: -0.3314
INFO:__main__:Predicted uncertainity -0.1698
INFO:__main__:Completed epoch 58 of 100

INFO:__main__:NLL: 0.2753, L2: 0.0138, Reg: 0.0254
INFO:__main__:Total loss 0.3146
INFO:__main__:Predicted mean: -0.3313
INFO:__main__:Predicted uncertainity -0.1667
INFO:__main__:Completed epoch 59 of 100

INFO:__main__:NLL: 0.2755, L2: 0.0137, Reg: 0.0236
INFO:__main__:Total loss 0.3128
INFO:__main__:Predicted mean: -0.3316
INFO:__main__:Predicted uncertainity -0.1650
INFO:__main__:Completed epoch 60 of 100

INFO:__main__:NLL: 0.2758, L2: 0.0137, Reg: 0.0222
INFO:__main__:Total loss 0.3117
INFO:__main__:Predicted mean: -0.3314
INFO:__main__:Predicted uncertainity -0.1627
INFO:__main__:Completed epoch 61 of 100

INFO:__main__:NLL: 0.2752, L2: 0.0138, Reg: 0.0247
INFO:__main__:Total loss 0.3137
INFO:__main__:Predicted mean: -0.3316
INFO:__main__:Predicted uncertainity -0.1670
INFO:__main__:Completed epoch 62 of 100

INFO:__main__:NLL: 0.2755, L2: 0.0138, Reg: 0.0248
INFO:__main__:Total loss 0.3140
INFO:__main__:Predicted mean: -0.3316
INFO:__main__:Predicted uncertainity -0.1654
INFO:__main__:Completed epoch 63 of 100

INFO:__main__:NLL: 0.2754, L2: 0.0137, Reg: 0.0219
INFO:__main__:Total loss 0.3110
INFO:__main__:Predicted mean: -0.3312
INFO:__main__:Predicted uncertainity -0.1653
INFO:__main__:Completed epoch 64 of 100

INFO:__main__:NLL: 0.2752, L2: 0.0138, Reg: 0.0259
INFO:__main__:Total loss 0.3149
INFO:__main__:Predicted mean: -0.3312
INFO:__main__:Predicted uncertainity -0.1667
INFO:__main__:Completed epoch 65 of 100

INFO:__main__:NLL: 0.2752, L2: 0.0138, Reg: 0.0237
INFO:__main__:Total loss 0.3127
INFO:__main__:Predicted mean: -0.3314
INFO:__main__:Predicted uncertainity -0.1674
INFO:__main__:Completed epoch 66 of 100

INFO:__main__:NLL: 0.2751, L2: 0.0139, Reg: 0.0231
INFO:__main__:Total loss 0.3121
INFO:__main__:Predicted mean: -0.3316
INFO:__main__:Predicted uncertainity -0.1678
INFO:__main__:Completed epoch 67 of 100

INFO:__main__:NLL: 0.2755, L2: 0.0137, Reg: 0.0244
INFO:__main__:Total loss 0.3137
INFO:__main__:Predicted mean: -0.3316
INFO:__main__:Predicted uncertainity -0.1650
INFO:__main__:Completed epoch 68 of 100

INFO:__main__:NLL: 0.2751, L2: 0.0139, Reg: 0.0233
INFO:__main__:Total loss 0.3123
INFO:__main__:Predicted mean: -0.3318
INFO:__main__:Predicted uncertainity -0.1673
INFO:__main__:Completed epoch 69 of 100

INFO:__main__:NLL: 0.2756, L2: 0.0137, Reg: 0.0218
INFO:__main__:Total loss 0.3111
INFO:__main__:Predicted mean: -0.3315
INFO:__main__:Predicted uncertainity -0.1648
INFO:__main__:Completed epoch 70 of 100

INFO:__main__:NLL: 0.2754, L2: 0.0137, Reg: 0.0245
INFO:__main__:Total loss 0.3136
INFO:__main__:Predicted mean: -0.3314
INFO:__main__:Predicted uncertainity -0.1658
INFO:__main__:Completed epoch 71 of 100

INFO:__main__:NLL: 0.2757, L2: 0.0137, Reg: 0.0241
INFO:__main__:Total loss 0.3135
INFO:__main__:Predicted mean: -0.3314
INFO:__main__:Predicted uncertainity -0.1636
INFO:__main__:Completed epoch 72 of 100

INFO:__main__:NLL: 0.2750, L2: 0.0138, Reg: 0.0233
INFO:__main__:Total loss 0.3122
INFO:__main__:Predicted mean: -0.3315
INFO:__main__:Predicted uncertainity -0.1685
INFO:__main__:Completed epoch 73 of 100

INFO:__main__:NLL: 0.2754, L2: 0.0138, Reg: 0.0231
INFO:__main__:Total loss 0.3123
INFO:__main__:Predicted mean: -0.3315
INFO:__main__:Predicted uncertainity -0.1658
INFO:__main__:Completed epoch 74 of 100

INFO:__main__:NLL: 0.2755, L2: 0.0137, Reg: 0.0228
INFO:__main__:Total loss 0.3121
INFO:__main__:Predicted mean: -0.3315
INFO:__main__:Predicted uncertainity -0.1650
INFO:__main__:Completed epoch 75 of 100

INFO:__main__:NLL: 0.2753, L2: 0.0138, Reg: 0.0252
INFO:__main__:Total loss 0.3143
INFO:__main__:Predicted mean: -0.3315
INFO:__main__:Predicted uncertainity -0.1667
INFO:__main__:Completed epoch 76 of 100

INFO:__main__:NLL: 0.2753, L2: 0.0138, Reg: 0.0250
INFO:__main__:Total loss 0.3140
INFO:__main__:Predicted mean: -0.3312
INFO:__main__:Predicted uncertainity -0.1666
INFO:__main__:Completed epoch 77 of 100

INFO:__main__:NLL: 0.2755, L2: 0.0137, Reg: 0.0244
INFO:__main__:Total loss 0.3136
INFO:__main__:Predicted mean: -0.3316
INFO:__main__:Predicted uncertainity -0.1651
INFO:__main__:Completed epoch 78 of 100

INFO:__main__:NLL: 0.2755, L2: 0.0137, Reg: 0.0255
INFO:__main__:Total loss 0.3148
INFO:__main__:Predicted mean: -0.3315
INFO:__main__:Predicted uncertainity -0.1649
INFO:__main__:Completed epoch 79 of 100

INFO:__main__:NLL: 0.2753, L2: 0.0138, Reg: 0.0257
INFO:__main__:Total loss 0.3148
INFO:__main__:Predicted mean: -0.3314
INFO:__main__:Predicted uncertainity -0.1667
INFO:__main__:Completed epoch 80 of 100

INFO:__main__:NLL: 0.2757, L2: 0.0137, Reg: 0.0220
INFO:__main__:Total loss 0.3114
INFO:__main__:Predicted mean: -0.3315
INFO:__main__:Predicted uncertainity -0.1637
INFO:__main__:Completed epoch 81 of 100

INFO:__main__:NLL: 0.2752, L2: 0.0138, Reg: 0.0262
INFO:__main__:Total loss 0.3152
INFO:__main__:Predicted mean: -0.3314
INFO:__main__:Predicted uncertainity -0.1672
INFO:__main__:Completed epoch 82 of 100

INFO:__main__:NLL: 0.2756, L2: 0.0137, Reg: 0.0245
INFO:__main__:Total loss 0.3138
INFO:__main__:Predicted mean: -0.3312
INFO:__main__:Predicted uncertainity -0.1639
INFO:__main__:Completed epoch 83 of 100

INFO:__main__:NLL: 0.2757, L2: 0.0137, Reg: 0.0237
INFO:__main__:Total loss 0.3131
INFO:__main__:Predicted mean: -0.3313
INFO:__main__:Predicted uncertainity -0.1636
INFO:__main__:Completed epoch 84 of 100

INFO:__main__:NLL: 0.2756, L2: 0.0137, Reg: 0.0243
INFO:__main__:Total loss 0.3136
INFO:__main__:Predicted mean: -0.3314
INFO:__main__:Predicted uncertainity -0.1646
INFO:__main__:Completed epoch 85 of 100

INFO:__main__:NLL: 0.2753, L2: 0.0138, Reg: 0.0251
INFO:__main__:Total loss 0.3141
INFO:__main__:Predicted mean: -0.3312
INFO:__main__:Predicted uncertainity -0.1664
INFO:__main__:Completed epoch 86 of 100

INFO:__main__:NLL: 0.2754, L2: 0.0137, Reg: 0.0216
INFO:__main__:Total loss 0.3108
INFO:__main__:Predicted mean: -0.3314
INFO:__main__:Predicted uncertainity -0.1656
INFO:__main__:Completed epoch 87 of 100

INFO:__main__:NLL: 0.2753, L2: 0.0138, Reg: 0.0251
INFO:__main__:Total loss 0.3142
INFO:__main__:Predicted mean: -0.3313
INFO:__main__:Predicted uncertainity -0.1661
INFO:__main__:Completed epoch 88 of 100

INFO:__main__:NLL: 0.2754, L2: 0.0138, Reg: 0.0228
INFO:__main__:Total loss 0.3120
INFO:__main__:Predicted mean: -0.3316
INFO:__main__:Predicted uncertainity -0.1658
INFO:__main__:Completed epoch 89 of 100

INFO:__main__:NLL: 0.2756, L2: 0.0138, Reg: 0.0250
INFO:__main__:Total loss 0.3144
INFO:__main__:Predicted mean: -0.3317
INFO:__main__:Predicted uncertainity -0.1650
INFO:__main__:Completed epoch 90 of 100

INFO:__main__:NLL: 0.2756, L2: 0.0137, Reg: 0.0230
INFO:__main__:Total loss 0.3123
INFO:__main__:Predicted mean: -0.3316
INFO:__main__:Predicted uncertainity -0.1644
INFO:__main__:Completed epoch 91 of 100

INFO:__main__:NLL: 0.2755, L2: 0.0137, Reg: 0.0260
INFO:__main__:Total loss 0.3152
INFO:__main__:Predicted mean: -0.3315
INFO:__main__:Predicted uncertainity -0.1653
INFO:__main__:Completed epoch 92 of 100

INFO:__main__:NLL: 0.2750, L2: 0.0139, Reg: 0.0249
INFO:__main__:Total loss 0.3137
INFO:__main__:Predicted mean: -0.3314
INFO:__main__:Predicted uncertainity -0.1686
INFO:__main__:Completed epoch 93 of 100

INFO:__main__:NLL: 0.2754, L2: 0.0138, Reg: 0.0256
INFO:__main__:Total loss 0.3147
INFO:__main__:Predicted mean: -0.3314
INFO:__main__:Predicted uncertainity -0.1661
INFO:__main__:Completed epoch 94 of 100

INFO:__main__:NLL: 0.2754, L2: 0.0137, Reg: 0.0242
INFO:__main__:Total loss 0.3134
INFO:__main__:Predicted mean: -0.3313
INFO:__main__:Predicted uncertainity -0.1654
INFO:__main__:Completed epoch 95 of 100

INFO:__main__:NLL: 0.2756, L2: 0.0137, Reg: 0.0223
INFO:__main__:Total loss 0.3116
INFO:__main__:Predicted mean: -0.3315
INFO:__main__:Predicted uncertainity -0.1648
INFO:__main__:Completed epoch 96 of 100

INFO:__main__:NLL: 0.2751, L2: 0.0138, Reg: 0.0251
INFO:__main__:Total loss 0.3140
INFO:__main__:Predicted mean: -0.3314
INFO:__main__:Predicted uncertainity -0.1675
INFO:__main__:Completed epoch 97 of 100

INFO:__main__:NLL: 0.2755, L2: 0.0137, Reg: 0.0216
INFO:__main__:Total loss 0.3108
INFO:__main__:Predicted mean: -0.3314
INFO:__main__:Predicted uncertainity -0.1650
INFO:__main__:Completed epoch 98 of 100

INFO:__main__:NLL: 0.2752, L2: 0.0138, Reg: 0.0233
INFO:__main__:Total loss 0.3123
INFO:__main__:Predicted mean: -0.3315
INFO:__main__:Predicted uncertainity -0.1670
INFO:__main__:Completed epoch 99 of 100

INFO:__main__:NLL: 0.2753, L2: 0.0138, Reg: 0.0251
INFO:__main__:Total loss 0.3142
INFO:__main__:Predicted mean: -0.3316
INFO:__main__:Predicted uncertainity -0.1665
INFO:__main__:Completed epoch 100 of 100

INFO:__main__:776.987599 s
