INFO:__main__:PROCESS RUNNING ON cpu
INFO:__main__:NLL: 0.1623, L2: 0.0064, Reg: 0.0696
INFO:__main__:Total loss 0.2383
INFO:__main__:Predicted mean: -0.4204
INFO:__main__:Predicted uncertainity -0.3059
INFO:__main__:Completed epoch 1 of 100

INFO:__main__:NLL: 0.1696, L2: 0.0070, Reg: 0.0822
INFO:__main__:Total loss 0.2589
INFO:__main__:Predicted mean: -0.4426
INFO:__main__:Predicted uncertainity -0.3188
INFO:__main__:Completed epoch 2 of 100

INFO:__main__:NLL: 0.1717, L2: 0.0076, Reg: 0.0654
INFO:__main__:Total loss 0.2446
INFO:__main__:Predicted mean: -0.4176
INFO:__main__:Predicted uncertainity -0.2911
INFO:__main__:Completed epoch 3 of 100

INFO:__main__:NLL: 0.0249, L2: 0.0079, Reg: 0.0850
INFO:__main__:Total loss 0.1178
INFO:__main__:Predicted mean: -0.4579
INFO:__main__:Predicted uncertainity -0.3303
INFO:__main__:Completed epoch 4 of 100

INFO:__main__:NLL: 0.2129, L2: 0.0082, Reg: 0.0724
INFO:__main__:Total loss 0.2934
INFO:__main__:Predicted mean: -0.4427
INFO:__main__:Predicted uncertainity -0.2639
INFO:__main__:Completed epoch 5 of 100

INFO:__main__:NLL: 0.1492, L2: 0.0085, Reg: 0.0655
INFO:__main__:Total loss 0.2232
INFO:__main__:Predicted mean: -0.4014
INFO:__main__:Predicted uncertainity -0.2798
INFO:__main__:Completed epoch 6 of 100

INFO:__main__:NLL: 0.0224, L2: 0.0081, Reg: 0.0758
INFO:__main__:Total loss 0.1062
INFO:__main__:Predicted mean: -0.3976
INFO:__main__:Predicted uncertainity -0.3496
INFO:__main__:Completed epoch 7 of 100

INFO:__main__:NLL: 0.1703, L2: 0.0082, Reg: 0.0758
INFO:__main__:Total loss 0.2543
INFO:__main__:Predicted mean: -0.4525
INFO:__main__:Predicted uncertainity -0.2902
INFO:__main__:Completed epoch 8 of 100

INFO:__main__:NLL: 0.1355, L2: 0.0084, Reg: 0.0737
INFO:__main__:Total loss 0.2175
INFO:__main__:Predicted mean: -0.4109
INFO:__main__:Predicted uncertainity -0.3315
INFO:__main__:Completed epoch 9 of 100

INFO:__main__:NLL: 0.1935, L2: 0.0083, Reg: 0.0673
INFO:__main__:Total loss 0.2691
INFO:__main__:Predicted mean: -0.3857
INFO:__main__:Predicted uncertainity -0.3030
INFO:__main__:Completed epoch 10 of 100

INFO:__main__:NLL: 0.0945, L2: 0.0082, Reg: 0.0733
INFO:__main__:Total loss 0.1760
INFO:__main__:Predicted mean: -0.3799
INFO:__main__:Predicted uncertainity -0.3410
INFO:__main__:Completed epoch 11 of 100

INFO:__main__:NLL: 0.1908, L2: 0.0080, Reg: 0.0675
INFO:__main__:Total loss 0.2663
INFO:__main__:Predicted mean: -0.4119
INFO:__main__:Predicted uncertainity -0.2671
INFO:__main__:Completed epoch 12 of 100

INFO:__main__:NLL: 0.2184, L2: 0.0084, Reg: 0.0620
INFO:__main__:Total loss 0.2888
INFO:__main__:Predicted mean: -0.4153
INFO:__main__:Predicted uncertainity -0.2577
INFO:__main__:Completed epoch 13 of 100

INFO:__main__:NLL: 0.1372, L2: 0.0085, Reg: 0.0631
INFO:__main__:Total loss 0.2088
INFO:__main__:Predicted mean: -0.4076
INFO:__main__:Predicted uncertainity -0.2240
INFO:__main__:Completed epoch 14 of 100

INFO:__main__:NLL: 0.1018, L2: 0.0083, Reg: 0.0697
INFO:__main__:Total loss 0.1798
INFO:__main__:Predicted mean: -0.3680
INFO:__main__:Predicted uncertainity -0.3364
INFO:__main__:Completed epoch 15 of 100

INFO:__main__:NLL: 0.2058, L2: 0.0081, Reg: 0.0683
INFO:__main__:Total loss 0.2822
INFO:__main__:Predicted mean: -0.4265
INFO:__main__:Predicted uncertainity -0.3020
INFO:__main__:Completed epoch 16 of 100

INFO:__main__:NLL: 0.1407, L2: 0.0083, Reg: 0.0795
INFO:__main__:Total loss 0.2284
INFO:__main__:Predicted mean: -0.3836
INFO:__main__:Predicted uncertainity -0.3055
INFO:__main__:Completed epoch 17 of 100

INFO:__main__:NLL: 0.1540, L2: 0.0083, Reg: 0.0740
INFO:__main__:Total loss 0.2363
INFO:__main__:Predicted mean: -0.3943
INFO:__main__:Predicted uncertainity -0.3027
INFO:__main__:Completed epoch 18 of 100

INFO:__main__:NLL: 0.0820, L2: 0.0084, Reg: 0.0628
INFO:__main__:Total loss 0.1533
INFO:__main__:Predicted mean: -0.3721
INFO:__main__:Predicted uncertainity -0.2981
INFO:__main__:Completed epoch 19 of 100

INFO:__main__:NLL: 0.0911, L2: 0.0083, Reg: 0.0783
INFO:__main__:Total loss 0.1777
INFO:__main__:Predicted mean: -0.4294
INFO:__main__:Predicted uncertainity -0.3001
INFO:__main__:Completed epoch 20 of 100

INFO:__main__:NLL: 0.1908, L2: 0.0083, Reg: 0.0670
INFO:__main__:Total loss 0.2661
INFO:__main__:Predicted mean: -0.4076
INFO:__main__:Predicted uncertainity -0.2736
INFO:__main__:Completed epoch 21 of 100

INFO:__main__:NLL: 0.1644, L2: 0.0082, Reg: 0.0706
INFO:__main__:Total loss 0.2432
INFO:__main__:Predicted mean: -0.3916
INFO:__main__:Predicted uncertainity -0.2964
INFO:__main__:Completed epoch 22 of 100

INFO:__main__:NLL: 0.2967, L2: 0.0084, Reg: 0.0767
INFO:__main__:Total loss 0.3818
INFO:__main__:Predicted mean: -0.3866
INFO:__main__:Predicted uncertainity -0.3063
INFO:__main__:Completed epoch 23 of 100

INFO:__main__:NLL: 0.1339, L2: 0.0085, Reg: 0.0779
INFO:__main__:Total loss 0.2203
INFO:__main__:Predicted mean: -0.3678
INFO:__main__:Predicted uncertainity -0.2756
INFO:__main__:Completed epoch 24 of 100

INFO:__main__:NLL: 0.1335, L2: 0.0084, Reg: 0.0653
INFO:__main__:Total loss 0.2072
INFO:__main__:Predicted mean: -0.3742
INFO:__main__:Predicted uncertainity -0.3079
INFO:__main__:Completed epoch 25 of 100

INFO:__main__:NLL: 0.1462, L2: 0.0084, Reg: 0.0715
INFO:__main__:Total loss 0.2261
INFO:__main__:Predicted mean: -0.3728
INFO:__main__:Predicted uncertainity -0.2922
INFO:__main__:Completed epoch 26 of 100

INFO:__main__:NLL: 0.1807, L2: 0.0084, Reg: 0.0604
INFO:__main__:Total loss 0.2496
INFO:__main__:Predicted mean: -0.3621
INFO:__main__:Predicted uncertainity -0.2469
INFO:__main__:Completed epoch 27 of 100

INFO:__main__:NLL: 0.1469, L2: 0.0083, Reg: 0.0748
INFO:__main__:Total loss 0.2300
INFO:__main__:Predicted mean: -0.3686
INFO:__main__:Predicted uncertainity -0.3154
INFO:__main__:Completed epoch 28 of 100

INFO:__main__:NLL: 0.1651, L2: 0.0084, Reg: 0.0783
INFO:__main__:Total loss 0.2518
INFO:__main__:Predicted mean: -0.3988
INFO:__main__:Predicted uncertainity -0.2539
INFO:__main__:Completed epoch 29 of 100

INFO:__main__:NLL: 0.1662, L2: 0.0082, Reg: 0.0642
INFO:__main__:Total loss 0.2386
INFO:__main__:Predicted mean: -0.3956
INFO:__main__:Predicted uncertainity -0.2366
INFO:__main__:Completed epoch 30 of 100

INFO:__main__:NLL: 0.0286, L2: 0.0088, Reg: 0.0697
INFO:__main__:Total loss 0.1072
INFO:__main__:Predicted mean: -0.3641
INFO:__main__:Predicted uncertainity -0.3264
INFO:__main__:Completed epoch 31 of 100

INFO:__main__:NLL: 0.1814, L2: 0.0083, Reg: 0.0585
INFO:__main__:Total loss 0.2482
INFO:__main__:Predicted mean: -0.3697
INFO:__main__:Predicted uncertainity -0.3027
INFO:__main__:Completed epoch 32 of 100

INFO:__main__:NLL: 0.2071, L2: 0.0085, Reg: 0.0856
INFO:__main__:Total loss 0.3013
INFO:__main__:Predicted mean: -0.4039
INFO:__main__:Predicted uncertainity -0.2991
INFO:__main__:Completed epoch 33 of 100

INFO:__main__:NLL: 0.2677, L2: 0.0089, Reg: 0.0692
INFO:__main__:Total loss 0.3458
INFO:__main__:Predicted mean: -0.3979
INFO:__main__:Predicted uncertainity -0.3066
INFO:__main__:Completed epoch 34 of 100

INFO:__main__:NLL: 0.2131, L2: 0.0082, Reg: 0.0711
INFO:__main__:Total loss 0.2924
INFO:__main__:Predicted mean: -0.3780
INFO:__main__:Predicted uncertainity -0.3456
INFO:__main__:Completed epoch 35 of 100

INFO:__main__:NLL: 0.1495, L2: 0.0086, Reg: 0.0767
INFO:__main__:Total loss 0.2348
INFO:__main__:Predicted mean: -0.3777
INFO:__main__:Predicted uncertainity -0.3252
INFO:__main__:Completed epoch 36 of 100

INFO:__main__:NLL: 0.3367, L2: 0.0088, Reg: 0.0674
INFO:__main__:Total loss 0.4129
INFO:__main__:Predicted mean: -0.4284
INFO:__main__:Predicted uncertainity -0.2173
INFO:__main__:Completed epoch 37 of 100

INFO:__main__:NLL: 0.1210, L2: 0.0085, Reg: 0.0667
INFO:__main__:Total loss 0.1962
INFO:__main__:Predicted mean: -0.3821
INFO:__main__:Predicted uncertainity -0.3129
INFO:__main__:Completed epoch 38 of 100

INFO:__main__:NLL: 0.1846, L2: 0.0087, Reg: 0.0722
INFO:__main__:Total loss 0.2655
INFO:__main__:Predicted mean: -0.4306
INFO:__main__:Predicted uncertainity -0.3007
INFO:__main__:Completed epoch 39 of 100

INFO:__main__:NLL: 0.1405, L2: 0.0083, Reg: 0.0727
INFO:__main__:Total loss 0.2214
INFO:__main__:Predicted mean: -0.4417
INFO:__main__:Predicted uncertainity -0.2276
INFO:__main__:Completed epoch 40 of 100

INFO:__main__:NLL: 0.1950, L2: 0.0084, Reg: 0.0643
INFO:__main__:Total loss 0.2676
INFO:__main__:Predicted mean: -0.3808
INFO:__main__:Predicted uncertainity -0.2323
INFO:__main__:Completed epoch 41 of 100

INFO:__main__:NLL: 0.3442, L2: 0.0082, Reg: 0.0796
INFO:__main__:Total loss 0.4319
INFO:__main__:Predicted mean: -0.4590
INFO:__main__:Predicted uncertainity -0.3277
INFO:__main__:Completed epoch 42 of 100

INFO:__main__:NLL: 0.1542, L2: 0.0080, Reg: 0.0771
INFO:__main__:Total loss 0.2394
INFO:__main__:Predicted mean: -0.3805
INFO:__main__:Predicted uncertainity -0.2531
INFO:__main__:Completed epoch 43 of 100

INFO:__main__:NLL: 0.1832, L2: 0.0084, Reg: 0.0671
INFO:__main__:Total loss 0.2587
INFO:__main__:Predicted mean: -0.3694
INFO:__main__:Predicted uncertainity -0.2887
INFO:__main__:Completed epoch 44 of 100

INFO:__main__:NLL: 0.1929, L2: 0.0085, Reg: 0.0719
INFO:__main__:Total loss 0.2732
INFO:__main__:Predicted mean: -0.3725
INFO:__main__:Predicted uncertainity -0.2671
INFO:__main__:Completed epoch 45 of 100

INFO:__main__:NLL: 0.2138, L2: 0.0084, Reg: 0.0737
INFO:__main__:Total loss 0.2960
INFO:__main__:Predicted mean: -0.3824
INFO:__main__:Predicted uncertainity -0.2978
INFO:__main__:Completed epoch 46 of 100

INFO:__main__:NLL: 0.0984, L2: 0.0081, Reg: 0.0738
INFO:__main__:Total loss 0.1804
INFO:__main__:Predicted mean: -0.3926
INFO:__main__:Predicted uncertainity -0.3065
INFO:__main__:Completed epoch 47 of 100

INFO:__main__:NLL: 0.2889, L2: 0.0077, Reg: 0.0719
INFO:__main__:Total loss 0.3685
INFO:__main__:Predicted mean: -0.4099
INFO:__main__:Predicted uncertainity -0.2824
INFO:__main__:Completed epoch 48 of 100

INFO:__main__:NLL: 0.1750, L2: 0.0083, Reg: 0.0715
INFO:__main__:Total loss 0.2548
INFO:__main__:Predicted mean: -0.4039
INFO:__main__:Predicted uncertainity -0.2709
INFO:__main__:Completed epoch 49 of 100

INFO:__main__:NLL: 0.1671, L2: 0.0082, Reg: 0.0645
INFO:__main__:Total loss 0.2398
INFO:__main__:Predicted mean: -0.4271
INFO:__main__:Predicted uncertainity -0.2138
INFO:__main__:Completed epoch 50 of 100

INFO:__main__:NLL: 0.2193, L2: 0.0084, Reg: 0.0800
INFO:__main__:Total loss 0.3077
INFO:__main__:Predicted mean: -0.4349
INFO:__main__:Predicted uncertainity -0.3139
INFO:__main__:Completed epoch 51 of 100

INFO:__main__:NLL: 0.1963, L2: 0.0083, Reg: 0.0796
INFO:__main__:Total loss 0.2843
INFO:__main__:Predicted mean: -0.3725
INFO:__main__:Predicted uncertainity -0.3216
INFO:__main__:Completed epoch 52 of 100

INFO:__main__:NLL: 0.1865, L2: 0.0084, Reg: 0.0609
INFO:__main__:Total loss 0.2558
INFO:__main__:Predicted mean: -0.4050
INFO:__main__:Predicted uncertainity -0.2780
INFO:__main__:Completed epoch 53 of 100

INFO:__main__:NLL: 0.1782, L2: 0.0084, Reg: 0.0664
INFO:__main__:Total loss 0.2530
INFO:__main__:Predicted mean: -0.3869
INFO:__main__:Predicted uncertainity -0.2981
INFO:__main__:Completed epoch 54 of 100

INFO:__main__:NLL: 0.1482, L2: 0.0088, Reg: 0.0702
INFO:__main__:Total loss 0.2272
INFO:__main__:Predicted mean: -0.3772
INFO:__main__:Predicted uncertainity -0.3014
INFO:__main__:Completed epoch 55 of 100

INFO:__main__:NLL: 0.1482, L2: 0.0084, Reg: 0.0743
INFO:__main__:Total loss 0.2310
INFO:__main__:Predicted mean: -0.4223
INFO:__main__:Predicted uncertainity -0.3603
INFO:__main__:Completed epoch 56 of 100

INFO:__main__:NLL: 0.1602, L2: 0.0085, Reg: 0.0668
INFO:__main__:Total loss 0.2355
INFO:__main__:Predicted mean: -0.4003
INFO:__main__:Predicted uncertainity -0.2974
INFO:__main__:Completed epoch 57 of 100

INFO:__main__:NLL: 0.2384, L2: 0.0082, Reg: 0.0611
INFO:__main__:Total loss 0.3077
INFO:__main__:Predicted mean: -0.3828
INFO:__main__:Predicted uncertainity -0.2647
INFO:__main__:Completed epoch 58 of 100

INFO:__main__:NLL: 0.1558, L2: 0.0085, Reg: 0.0652
INFO:__main__:Total loss 0.2294
INFO:__main__:Predicted mean: -0.3845
INFO:__main__:Predicted uncertainity -0.2551
INFO:__main__:Completed epoch 59 of 100

INFO:__main__:NLL: 0.1402, L2: 0.0081, Reg: 0.0615
INFO:__main__:Total loss 0.2098
INFO:__main__:Predicted mean: -0.4072
INFO:__main__:Predicted uncertainity -0.2102
INFO:__main__:Completed epoch 60 of 100

INFO:__main__:NLL: 0.1105, L2: 0.0084, Reg: 0.0686
INFO:__main__:Total loss 0.1876
INFO:__main__:Predicted mean: -0.3765
INFO:__main__:Predicted uncertainity -0.2427
INFO:__main__:Completed epoch 61 of 100

INFO:__main__:NLL: 0.2368, L2: 0.0084, Reg: 0.0597
INFO:__main__:Total loss 0.3049
INFO:__main__:Predicted mean: -0.4300
INFO:__main__:Predicted uncertainity -0.2311
INFO:__main__:Completed epoch 62 of 100

INFO:__main__:NLL: 0.1212, L2: 0.0082, Reg: 0.0731
INFO:__main__:Total loss 0.2025
INFO:__main__:Predicted mean: -0.4091
INFO:__main__:Predicted uncertainity -0.2746
INFO:__main__:Completed epoch 63 of 100

INFO:__main__:NLL: 0.1942, L2: 0.0084, Reg: 0.0816
INFO:__main__:Total loss 0.2842
INFO:__main__:Predicted mean: -0.4178
INFO:__main__:Predicted uncertainity -0.3336
INFO:__main__:Completed epoch 64 of 100

INFO:__main__:NLL: 0.1062, L2: 0.0081, Reg: 0.0718
INFO:__main__:Total loss 0.1861
INFO:__main__:Predicted mean: -0.4336
INFO:__main__:Predicted uncertainity -0.3072
INFO:__main__:Completed epoch 65 of 100

INFO:__main__:NLL: 0.2101, L2: 0.0078, Reg: 0.0577
INFO:__main__:Total loss 0.2756
INFO:__main__:Predicted mean: -0.3772
INFO:__main__:Predicted uncertainity -0.2963
INFO:__main__:Completed epoch 66 of 100

INFO:__main__:NLL: 0.1317, L2: 0.0079, Reg: 0.0633
INFO:__main__:Total loss 0.2029
INFO:__main__:Predicted mean: -0.4462
INFO:__main__:Predicted uncertainity -0.2571
INFO:__main__:Completed epoch 67 of 100

INFO:__main__:NLL: 0.1631, L2: 0.0082, Reg: 0.0753
INFO:__main__:Total loss 0.2466
INFO:__main__:Predicted mean: -0.3866
INFO:__main__:Predicted uncertainity -0.2825
INFO:__main__:Completed epoch 68 of 100

INFO:__main__:NLL: 0.1864, L2: 0.0080, Reg: 0.0725
INFO:__main__:Total loss 0.2668
INFO:__main__:Predicted mean: -0.3626
INFO:__main__:Predicted uncertainity -0.2952
INFO:__main__:Completed epoch 69 of 100

INFO:__main__:NLL: 0.0615, L2: 0.0084, Reg: 0.0834
INFO:__main__:Total loss 0.1533
INFO:__main__:Predicted mean: -0.3884
INFO:__main__:Predicted uncertainity -0.3256
INFO:__main__:Completed epoch 70 of 100

INFO:__main__:NLL: 0.1946, L2: 0.0086, Reg: 0.0703
INFO:__main__:Total loss 0.2735
INFO:__main__:Predicted mean: -0.3855
INFO:__main__:Predicted uncertainity -0.3086
INFO:__main__:Completed epoch 71 of 100

INFO:__main__:NLL: 0.1548, L2: 0.0085, Reg: 0.0675
INFO:__main__:Total loss 0.2308
INFO:__main__:Predicted mean: -0.3697
INFO:__main__:Predicted uncertainity -0.2888
INFO:__main__:Completed epoch 72 of 100

INFO:__main__:NLL: 0.0948, L2: 0.0086, Reg: 0.0600
INFO:__main__:Total loss 0.1634
INFO:__main__:Predicted mean: -0.4163
INFO:__main__:Predicted uncertainity -0.2692
INFO:__main__:Completed epoch 73 of 100

INFO:__main__:NLL: 0.1031, L2: 0.0087, Reg: 0.0784
INFO:__main__:Total loss 0.1903
INFO:__main__:Predicted mean: -0.3608
INFO:__main__:Predicted uncertainity -0.3372
INFO:__main__:Completed epoch 74 of 100

INFO:__main__:NLL: 0.1437, L2: 0.0085, Reg: 0.0735
INFO:__main__:Total loss 0.2258
INFO:__main__:Predicted mean: -0.4318
INFO:__main__:Predicted uncertainity -0.2813
INFO:__main__:Completed epoch 75 of 100

INFO:__main__:NLL: 0.1630, L2: 0.0082, Reg: 0.0653
INFO:__main__:Total loss 0.2365
INFO:__main__:Predicted mean: -0.3694
INFO:__main__:Predicted uncertainity -0.2795
INFO:__main__:Completed epoch 76 of 100

INFO:__main__:NLL: 0.2014, L2: 0.0081, Reg: 0.0885
INFO:__main__:Total loss 0.2980
INFO:__main__:Predicted mean: -0.3428
INFO:__main__:Predicted uncertainity -0.3155
INFO:__main__:Completed epoch 77 of 100

INFO:__main__:NLL: 0.1614, L2: 0.0081, Reg: 0.0709
INFO:__main__:Total loss 0.2404
INFO:__main__:Predicted mean: -0.3928
INFO:__main__:Predicted uncertainity -0.2485
INFO:__main__:Completed epoch 78 of 100

INFO:__main__:NLL: 0.2236, L2: 0.0084, Reg: 0.0734
INFO:__main__:Total loss 0.3055
INFO:__main__:Predicted mean: -0.4392
INFO:__main__:Predicted uncertainity -0.2930
INFO:__main__:Completed epoch 79 of 100

INFO:__main__:NLL: 0.1665, L2: 0.0083, Reg: 0.0752
INFO:__main__:Total loss 0.2500
INFO:__main__:Predicted mean: -0.4310
INFO:__main__:Predicted uncertainity -0.2526
INFO:__main__:Completed epoch 80 of 100

INFO:__main__:NLL: 0.0669, L2: 0.0082, Reg: 0.0651
INFO:__main__:Total loss 0.1402
INFO:__main__:Predicted mean: -0.4215
INFO:__main__:Predicted uncertainity -0.2478
INFO:__main__:Completed epoch 81 of 100

INFO:__main__:NLL: 0.1275, L2: 0.0083, Reg: 0.0737
INFO:__main__:Total loss 0.2094
INFO:__main__:Predicted mean: -0.3716
INFO:__main__:Predicted uncertainity -0.3082
INFO:__main__:Completed epoch 82 of 100

INFO:__main__:NLL: 0.3625, L2: 0.0083, Reg: 0.0683
INFO:__main__:Total loss 0.4391
INFO:__main__:Predicted mean: -0.4600
INFO:__main__:Predicted uncertainity -0.2641
INFO:__main__:Completed epoch 83 of 100

INFO:__main__:NLL: 0.0870, L2: 0.0089, Reg: 0.0625
INFO:__main__:Total loss 0.1584
INFO:__main__:Predicted mean: -0.4257
INFO:__main__:Predicted uncertainity -0.2462
INFO:__main__:Completed epoch 84 of 100

INFO:__main__:NLL: 0.1078, L2: 0.0083, Reg: 0.0738
INFO:__main__:Total loss 0.1898
INFO:__main__:Predicted mean: -0.3485
INFO:__main__:Predicted uncertainity -0.3187
INFO:__main__:Completed epoch 85 of 100

INFO:__main__:NLL: 0.0760, L2: 0.0087, Reg: 0.0734
INFO:__main__:Total loss 0.1581
INFO:__main__:Predicted mean: -0.3786
INFO:__main__:Predicted uncertainity -0.2873
INFO:__main__:Completed epoch 86 of 100

INFO:__main__:NLL: 0.1876, L2: 0.0084, Reg: 0.0687
INFO:__main__:Total loss 0.2646
INFO:__main__:Predicted mean: -0.4599
INFO:__main__:Predicted uncertainity -0.2358
INFO:__main__:Completed epoch 87 of 100

INFO:__main__:NLL: 0.1923, L2: 0.0083, Reg: 0.0754
INFO:__main__:Total loss 0.2760
INFO:__main__:Predicted mean: -0.3628
INFO:__main__:Predicted uncertainity -0.3302
INFO:__main__:Completed epoch 88 of 100

INFO:__main__:NLL: 0.3054, L2: 0.0082, Reg: 0.0551
INFO:__main__:Total loss 0.3687
INFO:__main__:Predicted mean: -0.3934
INFO:__main__:Predicted uncertainity -0.2745
INFO:__main__:Completed epoch 89 of 100

INFO:__main__:NLL: 0.1922, L2: 0.0082, Reg: 0.0650
INFO:__main__:Total loss 0.2654
INFO:__main__:Predicted mean: -0.3942
INFO:__main__:Predicted uncertainity -0.2487
INFO:__main__:Completed epoch 90 of 100

INFO:__main__:NLL: 0.1791, L2: 0.0084, Reg: 0.0626
INFO:__main__:Total loss 0.2501
INFO:__main__:Predicted mean: -0.3888
INFO:__main__:Predicted uncertainity -0.3081
INFO:__main__:Completed epoch 91 of 100

INFO:__main__:NLL: 0.1443, L2: 0.0081, Reg: 0.0693
INFO:__main__:Total loss 0.2218
INFO:__main__:Predicted mean: -0.3873
INFO:__main__:Predicted uncertainity -0.2498
INFO:__main__:Completed epoch 92 of 100

INFO:__main__:NLL: 0.2667, L2: 0.0081, Reg: 0.0699
INFO:__main__:Total loss 0.3448
INFO:__main__:Predicted mean: -0.3532
INFO:__main__:Predicted uncertainity -0.2794
INFO:__main__:Completed epoch 93 of 100

INFO:__main__:NLL: 0.2622, L2: 0.0083, Reg: 0.0882
INFO:__main__:Total loss 0.3587
INFO:__main__:Predicted mean: -0.3660
INFO:__main__:Predicted uncertainity -0.3267
INFO:__main__:Completed epoch 94 of 100

INFO:__main__:NLL: 0.1572, L2: 0.0082, Reg: 0.0628
INFO:__main__:Total loss 0.2282
INFO:__main__:Predicted mean: -0.3831
INFO:__main__:Predicted uncertainity -0.2839
INFO:__main__:Completed epoch 95 of 100

INFO:__main__:NLL: 0.2091, L2: 0.0082, Reg: 0.0690
INFO:__main__:Total loss 0.2864
INFO:__main__:Predicted mean: -0.4444
INFO:__main__:Predicted uncertainity -0.2228
INFO:__main__:Completed epoch 96 of 100

INFO:__main__:NLL: 0.1409, L2: 0.0085, Reg: 0.0775
INFO:__main__:Total loss 0.2269
INFO:__main__:Predicted mean: -0.3727
INFO:__main__:Predicted uncertainity -0.3224
INFO:__main__:Completed epoch 97 of 100

INFO:__main__:NLL: 0.1190, L2: 0.0085, Reg: 0.0647
INFO:__main__:Total loss 0.1923
INFO:__main__:Predicted mean: -0.3853
INFO:__main__:Predicted uncertainity -0.3052
INFO:__main__:Completed epoch 98 of 100

INFO:__main__:NLL: 0.0688, L2: 0.0086, Reg: 0.0881
INFO:__main__:Total loss 0.1654
INFO:__main__:Predicted mean: -0.3809
INFO:__main__:Predicted uncertainity -0.3401
INFO:__main__:Completed epoch 99 of 100

INFO:__main__:NLL: 0.1203, L2: 0.0083, Reg: 0.0773
INFO:__main__:Total loss 0.2060
INFO:__main__:Predicted mean: -0.3962
INFO:__main__:Predicted uncertainity -0.2467
INFO:__main__:Completed epoch 100 of 100

INFO:__main__:584.701475 s
