INFO:__main__:PROCESS RUNNING ON cpu
INFO:__main__:NLL: 0.1232, L2: 0.0480, Reg: 0.0568
INFO:__main__:Total loss 0.2280
INFO:__main__:Predicted mean: -0.4299
INFO:__main__:Predicted uncertainity -0.6912
INFO:__main__:Completed epoch 1 of 100

INFO:__main__:NLL: 0.1313, L2: 0.0550, Reg: 0.0568
INFO:__main__:Total loss 0.2431
INFO:__main__:Predicted mean: -0.4638
INFO:__main__:Predicted uncertainity -0.8124
INFO:__main__:Completed epoch 2 of 100

INFO:__main__:NLL: 0.2470, L2: 0.0488, Reg: 0.0568
INFO:__main__:Total loss 0.3526
INFO:__main__:Predicted mean: -0.5015
INFO:__main__:Predicted uncertainity -0.6986
INFO:__main__:Completed epoch 3 of 100

INFO:__main__:NLL: 0.1813, L2: 0.0468, Reg: 0.0568
INFO:__main__:Total loss 0.2849
INFO:__main__:Predicted mean: -0.4493
INFO:__main__:Predicted uncertainity -0.7125
INFO:__main__:Completed epoch 4 of 100

INFO:__main__:NLL: 0.2002, L2: 0.0445, Reg: 0.0568
INFO:__main__:Total loss 0.3015
INFO:__main__:Predicted mean: -0.4942
INFO:__main__:Predicted uncertainity -0.6120
INFO:__main__:Completed epoch 5 of 100

INFO:__main__:NLL: 0.2339, L2: 0.0541, Reg: 0.0568
INFO:__main__:Total loss 0.3448
INFO:__main__:Predicted mean: -0.4960
INFO:__main__:Predicted uncertainity -0.7130
INFO:__main__:Completed epoch 6 of 100

INFO:__main__:NLL: 0.1448, L2: 0.0519, Reg: 0.0568
INFO:__main__:Total loss 0.2535
INFO:__main__:Predicted mean: -0.4536
INFO:__main__:Predicted uncertainity -0.6307
INFO:__main__:Completed epoch 7 of 100

INFO:__main__:NLL: 0.2432, L2: 0.0529, Reg: 0.0568
INFO:__main__:Total loss 0.3529
INFO:__main__:Predicted mean: -0.4874
INFO:__main__:Predicted uncertainity -0.6626
INFO:__main__:Completed epoch 8 of 100

INFO:__main__:NLL: 0.0672, L2: 0.0553, Reg: 0.0568
INFO:__main__:Total loss 0.1794
INFO:__main__:Predicted mean: -0.4392
INFO:__main__:Predicted uncertainity -0.7585
INFO:__main__:Completed epoch 9 of 100

INFO:__main__:NLL: 0.3301, L2: 0.0538, Reg: 0.0568
INFO:__main__:Total loss 0.4407
INFO:__main__:Predicted mean: -0.4842
INFO:__main__:Predicted uncertainity -0.8021
INFO:__main__:Completed epoch 10 of 100

INFO:__main__:NLL: 0.1149, L2: 0.0488, Reg: 0.0568
INFO:__main__:Total loss 0.2205
INFO:__main__:Predicted mean: -0.5076
INFO:__main__:Predicted uncertainity -0.7688
INFO:__main__:Completed epoch 11 of 100

INFO:__main__:NLL: 0.2176, L2: 0.0465, Reg: 0.0568
INFO:__main__:Total loss 0.3209
INFO:__main__:Predicted mean: -0.4249
INFO:__main__:Predicted uncertainity -0.5086
INFO:__main__:Completed epoch 12 of 100

INFO:__main__:NLL: 0.1345, L2: 0.0464, Reg: 0.0568
INFO:__main__:Total loss 0.2377
INFO:__main__:Predicted mean: -0.3868
INFO:__main__:Predicted uncertainity -0.6602
INFO:__main__:Completed epoch 13 of 100

INFO:__main__:NLL: 0.1781, L2: 0.0539, Reg: 0.0568
INFO:__main__:Total loss 0.2888
INFO:__main__:Predicted mean: -0.4584
INFO:__main__:Predicted uncertainity -0.7653
INFO:__main__:Completed epoch 14 of 100

INFO:__main__:NLL: 0.1941, L2: 0.0532, Reg: 0.0568
INFO:__main__:Total loss 0.3041
INFO:__main__:Predicted mean: -0.4216
INFO:__main__:Predicted uncertainity -0.7465
INFO:__main__:Completed epoch 15 of 100

INFO:__main__:NLL: 0.2070, L2: 0.0542, Reg: 0.0568
INFO:__main__:Total loss 0.3180
INFO:__main__:Predicted mean: -0.4300
INFO:__main__:Predicted uncertainity -0.7933
INFO:__main__:Completed epoch 16 of 100

INFO:__main__:NLL: 0.1300, L2: 0.0558, Reg: 0.0568
INFO:__main__:Total loss 0.2426
INFO:__main__:Predicted mean: -0.4921
INFO:__main__:Predicted uncertainity -0.7750
INFO:__main__:Completed epoch 17 of 100

INFO:__main__:NLL: 0.1631, L2: 0.0438, Reg: 0.0568
INFO:__main__:Total loss 0.2637
INFO:__main__:Predicted mean: -0.4201
INFO:__main__:Predicted uncertainity -0.7021
INFO:__main__:Completed epoch 18 of 100

INFO:__main__:NLL: 0.1293, L2: 0.0459, Reg: 0.0568
INFO:__main__:Total loss 0.2320
INFO:__main__:Predicted mean: -0.4474
INFO:__main__:Predicted uncertainity -0.6673
INFO:__main__:Completed epoch 19 of 100

INFO:__main__:NLL: 0.1619, L2: 0.0488, Reg: 0.0568
INFO:__main__:Total loss 0.2675
INFO:__main__:Predicted mean: -0.4515
INFO:__main__:Predicted uncertainity -0.5947
INFO:__main__:Completed epoch 20 of 100

INFO:__main__:NLL: 0.1219, L2: 0.0513, Reg: 0.0568
INFO:__main__:Total loss 0.2299
INFO:__main__:Predicted mean: -0.4843
INFO:__main__:Predicted uncertainity -0.6437
INFO:__main__:Completed epoch 21 of 100

INFO:__main__:NLL: 0.1937, L2: 0.0490, Reg: 0.0568
INFO:__main__:Total loss 0.2995
INFO:__main__:Predicted mean: -0.4147
INFO:__main__:Predicted uncertainity -0.7316
INFO:__main__:Completed epoch 22 of 100

INFO:__main__:NLL: 0.1861, L2: 0.0502, Reg: 0.0568
INFO:__main__:Total loss 0.2932
INFO:__main__:Predicted mean: -0.4795
INFO:__main__:Predicted uncertainity -0.5888
INFO:__main__:Completed epoch 23 of 100

INFO:__main__:NLL: 0.2201, L2: 0.0438, Reg: 0.0568
INFO:__main__:Total loss 0.3207
INFO:__main__:Predicted mean: -0.4693
INFO:__main__:Predicted uncertainity -0.5689
INFO:__main__:Completed epoch 24 of 100

INFO:__main__:NLL: 0.3353, L2: 0.0578, Reg: 0.0568
INFO:__main__:Total loss 0.4500
INFO:__main__:Predicted mean: -0.3977
INFO:__main__:Predicted uncertainity -0.7436
INFO:__main__:Completed epoch 25 of 100

INFO:__main__:NLL: 0.0494, L2: 0.0502, Reg: 0.0568
INFO:__main__:Total loss 0.1564
INFO:__main__:Predicted mean: -0.4610
INFO:__main__:Predicted uncertainity -0.6811
INFO:__main__:Completed epoch 26 of 100

INFO:__main__:NLL: 0.2878, L2: 0.0522, Reg: 0.0568
INFO:__main__:Total loss 0.3968
INFO:__main__:Predicted mean: -0.4464
INFO:__main__:Predicted uncertainity -0.7590
INFO:__main__:Completed epoch 27 of 100

INFO:__main__:NLL: 0.1974, L2: 0.0477, Reg: 0.0568
INFO:__main__:Total loss 0.3019
INFO:__main__:Predicted mean: -0.4304
INFO:__main__:Predicted uncertainity -0.6163
INFO:__main__:Completed epoch 28 of 100

INFO:__main__:NLL: 0.2168, L2: 0.0512, Reg: 0.0568
INFO:__main__:Total loss 0.3248
INFO:__main__:Predicted mean: -0.4599
INFO:__main__:Predicted uncertainity -0.6775
INFO:__main__:Completed epoch 29 of 100

INFO:__main__:NLL: 0.1557, L2: 0.0468, Reg: 0.0568
INFO:__main__:Total loss 0.2593
INFO:__main__:Predicted mean: -0.3949
INFO:__main__:Predicted uncertainity -0.6512
INFO:__main__:Completed epoch 30 of 100

INFO:__main__:NLL: 0.1949, L2: 0.0448, Reg: 0.0568
INFO:__main__:Total loss 0.2965
INFO:__main__:Predicted mean: -0.4341
INFO:__main__:Predicted uncertainity -0.7499
INFO:__main__:Completed epoch 31 of 100

INFO:__main__:NLL: 0.1073, L2: 0.0491, Reg: 0.0568
INFO:__main__:Total loss 0.2133
INFO:__main__:Predicted mean: -0.4222
INFO:__main__:Predicted uncertainity -0.7873
INFO:__main__:Completed epoch 32 of 100

INFO:__main__:NLL: 0.1643, L2: 0.0571, Reg: 0.0568
INFO:__main__:Total loss 0.2783
INFO:__main__:Predicted mean: -0.4953
INFO:__main__:Predicted uncertainity -0.7011
INFO:__main__:Completed epoch 33 of 100

INFO:__main__:NLL: 0.1386, L2: 0.0491, Reg: 0.0568
INFO:__main__:Total loss 0.2445
INFO:__main__:Predicted mean: -0.4576
INFO:__main__:Predicted uncertainity -0.6485
INFO:__main__:Completed epoch 34 of 100

INFO:__main__:NLL: 0.0930, L2: 0.0484, Reg: 0.0568
INFO:__main__:Total loss 0.1982
INFO:__main__:Predicted mean: -0.4108
INFO:__main__:Predicted uncertainity -0.6097
INFO:__main__:Completed epoch 35 of 100

INFO:__main__:NLL: 0.1453, L2: 0.0553, Reg: 0.0568
INFO:__main__:Total loss 0.2575
INFO:__main__:Predicted mean: -0.4322
INFO:__main__:Predicted uncertainity -0.7455
INFO:__main__:Completed epoch 36 of 100

INFO:__main__:NLL: 0.1092, L2: 0.0487, Reg: 0.0568
INFO:__main__:Total loss 0.2147
INFO:__main__:Predicted mean: -0.5246
INFO:__main__:Predicted uncertainity -0.7125
INFO:__main__:Completed epoch 37 of 100

INFO:__main__:NLL: 0.2916, L2: 0.0491, Reg: 0.0568
INFO:__main__:Total loss 0.3975
INFO:__main__:Predicted mean: -0.4347
INFO:__main__:Predicted uncertainity -0.7117
INFO:__main__:Completed epoch 38 of 100

INFO:__main__:NLL: 0.1716, L2: 0.0493, Reg: 0.0568
INFO:__main__:Total loss 0.2777
INFO:__main__:Predicted mean: -0.4166
INFO:__main__:Predicted uncertainity -0.6252
INFO:__main__:Completed epoch 39 of 100

INFO:__main__:NLL: 0.1282, L2: 0.0570, Reg: 0.0568
INFO:__main__:Total loss 0.2420
INFO:__main__:Predicted mean: -0.5124
INFO:__main__:Predicted uncertainity -0.7030
INFO:__main__:Completed epoch 40 of 100

INFO:__main__:NLL: 0.1195, L2: 0.0505, Reg: 0.0568
INFO:__main__:Total loss 0.2268
INFO:__main__:Predicted mean: -0.4634
INFO:__main__:Predicted uncertainity -0.7190
INFO:__main__:Completed epoch 41 of 100

INFO:__main__:NLL: 0.1383, L2: 0.0505, Reg: 0.0568
INFO:__main__:Total loss 0.2457
INFO:__main__:Predicted mean: -0.4548
INFO:__main__:Predicted uncertainity -0.6676
INFO:__main__:Completed epoch 42 of 100

INFO:__main__:NLL: 0.1789, L2: 0.0543, Reg: 0.0568
INFO:__main__:Total loss 0.2900
INFO:__main__:Predicted mean: -0.4349
INFO:__main__:Predicted uncertainity -0.7084
INFO:__main__:Completed epoch 43 of 100

INFO:__main__:NLL: 0.1926, L2: 0.0581, Reg: 0.0568
INFO:__main__:Total loss 0.3075
INFO:__main__:Predicted mean: -0.4838
INFO:__main__:Predicted uncertainity -0.6951
INFO:__main__:Completed epoch 44 of 100

INFO:__main__:NLL: 0.3178, L2: 0.0445, Reg: 0.0568
INFO:__main__:Total loss 0.4191
INFO:__main__:Predicted mean: -0.4781
INFO:__main__:Predicted uncertainity -0.7069
INFO:__main__:Completed epoch 45 of 100

INFO:__main__:NLL: 0.1669, L2: 0.0502, Reg: 0.0568
INFO:__main__:Total loss 0.2739
INFO:__main__:Predicted mean: -0.4283
INFO:__main__:Predicted uncertainity -0.6817
INFO:__main__:Completed epoch 46 of 100

INFO:__main__:NLL: 0.1179, L2: 0.0589, Reg: 0.0568
INFO:__main__:Total loss 0.2337
INFO:__main__:Predicted mean: -0.4871
INFO:__main__:Predicted uncertainity -0.8816
INFO:__main__:Completed epoch 47 of 100

INFO:__main__:NLL: 0.0869, L2: 0.0564, Reg: 0.0568
INFO:__main__:Total loss 0.2002
INFO:__main__:Predicted mean: -0.4655
INFO:__main__:Predicted uncertainity -0.7477
INFO:__main__:Completed epoch 48 of 100

INFO:__main__:NLL: 0.0720, L2: 0.0507, Reg: 0.0568
INFO:__main__:Total loss 0.1795
INFO:__main__:Predicted mean: -0.4854
INFO:__main__:Predicted uncertainity -0.7095
INFO:__main__:Completed epoch 49 of 100

INFO:__main__:NLL: 0.1117, L2: 0.0491, Reg: 0.0568
INFO:__main__:Total loss 0.2176
INFO:__main__:Predicted mean: -0.3934
INFO:__main__:Predicted uncertainity -0.6881
INFO:__main__:Completed epoch 50 of 100

INFO:__main__:NLL: 0.3792, L2: 0.0520, Reg: 0.0568
INFO:__main__:Total loss 0.4880
INFO:__main__:Predicted mean: -0.4395
INFO:__main__:Predicted uncertainity -0.7075
INFO:__main__:Completed epoch 51 of 100

INFO:__main__:NLL: 0.0842, L2: 0.0534, Reg: 0.0568
INFO:__main__:Total loss 0.1944
INFO:__main__:Predicted mean: -0.4844
INFO:__main__:Predicted uncertainity -0.6548
INFO:__main__:Completed epoch 52 of 100

INFO:__main__:NLL: 0.1332, L2: 0.0483, Reg: 0.0568
INFO:__main__:Total loss 0.2384
INFO:__main__:Predicted mean: -0.4135
INFO:__main__:Predicted uncertainity -0.6405
INFO:__main__:Completed epoch 53 of 100

INFO:__main__:NLL: 0.2479, L2: 0.0445, Reg: 0.0568
INFO:__main__:Total loss 0.3492
INFO:__main__:Predicted mean: -0.4065
INFO:__main__:Predicted uncertainity -0.5085
INFO:__main__:Completed epoch 54 of 100

INFO:__main__:NLL: 0.2038, L2: 0.0428, Reg: 0.0568
INFO:__main__:Total loss 0.3034
INFO:__main__:Predicted mean: -0.3695
INFO:__main__:Predicted uncertainity -0.6522
INFO:__main__:Completed epoch 55 of 100

INFO:__main__:NLL: 0.2446, L2: 0.0425, Reg: 0.0568
INFO:__main__:Total loss 0.3439
INFO:__main__:Predicted mean: -0.4184
INFO:__main__:Predicted uncertainity -0.5977
INFO:__main__:Completed epoch 56 of 100

INFO:__main__:NLL: 0.1547, L2: 0.0418, Reg: 0.0568
INFO:__main__:Total loss 0.2533
INFO:__main__:Predicted mean: -0.4118
INFO:__main__:Predicted uncertainity -0.6173
INFO:__main__:Completed epoch 57 of 100

INFO:__main__:NLL: 0.1021, L2: 0.0506, Reg: 0.0568
INFO:__main__:Total loss 0.2096
INFO:__main__:Predicted mean: -0.4144
INFO:__main__:Predicted uncertainity -0.6955
INFO:__main__:Completed epoch 58 of 100

INFO:__main__:NLL: 0.1091, L2: 0.0524, Reg: 0.0568
INFO:__main__:Total loss 0.2184
INFO:__main__:Predicted mean: -0.4188
INFO:__main__:Predicted uncertainity -0.7020
INFO:__main__:Completed epoch 59 of 100

INFO:__main__:NLL: 0.2236, L2: 0.0528, Reg: 0.0568
INFO:__main__:Total loss 0.3332
INFO:__main__:Predicted mean: -0.4780
INFO:__main__:Predicted uncertainity -0.6693
INFO:__main__:Completed epoch 60 of 100

INFO:__main__:NLL: 0.2401, L2: 0.0443, Reg: 0.0568
INFO:__main__:Total loss 0.3412
INFO:__main__:Predicted mean: -0.3900
INFO:__main__:Predicted uncertainity -0.6618
INFO:__main__:Completed epoch 61 of 100

INFO:__main__:NLL: 0.1710, L2: 0.0462, Reg: 0.0568
INFO:__main__:Total loss 0.2740
INFO:__main__:Predicted mean: -0.4239
INFO:__main__:Predicted uncertainity -0.6572
INFO:__main__:Completed epoch 62 of 100

INFO:__main__:NLL: 0.1256, L2: 0.0581, Reg: 0.0568
INFO:__main__:Total loss 0.2405
INFO:__main__:Predicted mean: -0.5190
INFO:__main__:Predicted uncertainity -0.6093
INFO:__main__:Completed epoch 63 of 100

INFO:__main__:NLL: 0.0587, L2: 0.0531, Reg: 0.0568
INFO:__main__:Total loss 0.1687
INFO:__main__:Predicted mean: -0.4470
INFO:__main__:Predicted uncertainity -0.6923
INFO:__main__:Completed epoch 64 of 100

INFO:__main__:NLL: 0.1485, L2: 0.0462, Reg: 0.0568
INFO:__main__:Total loss 0.2515
INFO:__main__:Predicted mean: -0.3907
INFO:__main__:Predicted uncertainity -0.6158
INFO:__main__:Completed epoch 65 of 100

INFO:__main__:NLL: 0.1722, L2: 0.0457, Reg: 0.0568
INFO:__main__:Total loss 0.2747
INFO:__main__:Predicted mean: -0.4049
INFO:__main__:Predicted uncertainity -0.5990
INFO:__main__:Completed epoch 66 of 100

INFO:__main__:NLL: 0.1205, L2: 0.0494, Reg: 0.0568
INFO:__main__:Total loss 0.2267
INFO:__main__:Predicted mean: -0.4442
INFO:__main__:Predicted uncertainity -0.6821
INFO:__main__:Completed epoch 67 of 100

INFO:__main__:NLL: 0.1083, L2: 0.0563, Reg: 0.0568
INFO:__main__:Total loss 0.2215
INFO:__main__:Predicted mean: -0.4377
INFO:__main__:Predicted uncertainity -0.7614
INFO:__main__:Completed epoch 68 of 100

INFO:__main__:NLL: 0.1113, L2: 0.0582, Reg: 0.0568
INFO:__main__:Total loss 0.2264
INFO:__main__:Predicted mean: -0.4895
INFO:__main__:Predicted uncertainity -0.7735
INFO:__main__:Completed epoch 69 of 100

INFO:__main__:NLL: 0.4226, L2: 0.0583, Reg: 0.0568
INFO:__main__:Total loss 0.5377
INFO:__main__:Predicted mean: -0.5074
INFO:__main__:Predicted uncertainity -0.7034
INFO:__main__:Completed epoch 70 of 100

INFO:__main__:NLL: 0.1190, L2: 0.0483, Reg: 0.0568
INFO:__main__:Total loss 0.2241
INFO:__main__:Predicted mean: -0.4999
INFO:__main__:Predicted uncertainity -0.6759
INFO:__main__:Completed epoch 71 of 100

INFO:__main__:NLL: 0.3058, L2: 0.0601, Reg: 0.0568
INFO:__main__:Total loss 0.4227
INFO:__main__:Predicted mean: -0.4693
INFO:__main__:Predicted uncertainity -0.8895
INFO:__main__:Completed epoch 72 of 100

INFO:__main__:NLL: 0.2398, L2: 0.0473, Reg: 0.0568
INFO:__main__:Total loss 0.3439
INFO:__main__:Predicted mean: -0.4834
INFO:__main__:Predicted uncertainity -0.7317
INFO:__main__:Completed epoch 73 of 100

INFO:__main__:NLL: 0.1609, L2: 0.0541, Reg: 0.0568
INFO:__main__:Total loss 0.2718
INFO:__main__:Predicted mean: -0.4718
INFO:__main__:Predicted uncertainity -0.6545
INFO:__main__:Completed epoch 74 of 100

INFO:__main__:NLL: 0.1212, L2: 0.0555, Reg: 0.0568
INFO:__main__:Total loss 0.2335
INFO:__main__:Predicted mean: -0.4674
INFO:__main__:Predicted uncertainity -0.6798
INFO:__main__:Completed epoch 75 of 100

INFO:__main__:NLL: 0.2310, L2: 0.0524, Reg: 0.0568
INFO:__main__:Total loss 0.3402
INFO:__main__:Predicted mean: -0.4774
INFO:__main__:Predicted uncertainity -0.7339
INFO:__main__:Completed epoch 76 of 100

INFO:__main__:NLL: 0.1798, L2: 0.0485, Reg: 0.0568
INFO:__main__:Total loss 0.2851
INFO:__main__:Predicted mean: -0.4473
INFO:__main__:Predicted uncertainity -0.6711
INFO:__main__:Completed epoch 77 of 100

INFO:__main__:NLL: 0.2329, L2: 0.0499, Reg: 0.0568
INFO:__main__:Total loss 0.3396
INFO:__main__:Predicted mean: -0.4381
INFO:__main__:Predicted uncertainity -0.6596
INFO:__main__:Completed epoch 78 of 100

INFO:__main__:NLL: 0.1680, L2: 0.0477, Reg: 0.0568
INFO:__main__:Total loss 0.2725
INFO:__main__:Predicted mean: -0.3895
INFO:__main__:Predicted uncertainity -0.6435
INFO:__main__:Completed epoch 79 of 100

INFO:__main__:NLL: 0.1307, L2: 0.0545, Reg: 0.0568
INFO:__main__:Total loss 0.2421
INFO:__main__:Predicted mean: -0.4690
INFO:__main__:Predicted uncertainity -0.6806
INFO:__main__:Completed epoch 80 of 100

INFO:__main__:NLL: 0.2063, L2: 0.0504, Reg: 0.0568
INFO:__main__:Total loss 0.3135
INFO:__main__:Predicted mean: -0.4365
INFO:__main__:Predicted uncertainity -0.6019
INFO:__main__:Completed epoch 81 of 100

INFO:__main__:NLL: 0.1770, L2: 0.0424, Reg: 0.0568
INFO:__main__:Total loss 0.2762
INFO:__main__:Predicted mean: -0.4600
INFO:__main__:Predicted uncertainity -0.6282
INFO:__main__:Completed epoch 82 of 100

INFO:__main__:NLL: 0.0913, L2: 0.0481, Reg: 0.0568
INFO:__main__:Total loss 0.1962
INFO:__main__:Predicted mean: -0.4871
INFO:__main__:Predicted uncertainity -0.7173
INFO:__main__:Completed epoch 83 of 100

INFO:__main__:NLL: 0.3388, L2: 0.0497, Reg: 0.0568
INFO:__main__:Total loss 0.4453
INFO:__main__:Predicted mean: -0.4550
INFO:__main__:Predicted uncertainity -0.7175
INFO:__main__:Completed epoch 84 of 100

INFO:__main__:NLL: 0.1355, L2: 0.0522, Reg: 0.0568
INFO:__main__:Total loss 0.2445
INFO:__main__:Predicted mean: -0.4728
INFO:__main__:Predicted uncertainity -0.7406
INFO:__main__:Completed epoch 85 of 100

INFO:__main__:NLL: -0.0076, L2: 0.0572, Reg: 0.0568
INFO:__main__:Total loss 0.1065
INFO:__main__:Predicted mean: -0.4443
INFO:__main__:Predicted uncertainity -0.7233
INFO:__main__:Completed epoch 86 of 100

INFO:__main__:NLL: 0.2041, L2: 0.0473, Reg: 0.0568
INFO:__main__:Total loss 0.3083
INFO:__main__:Predicted mean: -0.4691
INFO:__main__:Predicted uncertainity -0.5751
INFO:__main__:Completed epoch 87 of 100

INFO:__main__:NLL: 0.1818, L2: 0.0429, Reg: 0.0568
INFO:__main__:Total loss 0.2815
INFO:__main__:Predicted mean: -0.4505
INFO:__main__:Predicted uncertainity -0.5223
INFO:__main__:Completed epoch 88 of 100

INFO:__main__:NLL: 0.1557, L2: 0.0533, Reg: 0.0568
INFO:__main__:Total loss 0.2658
INFO:__main__:Predicted mean: -0.4073
INFO:__main__:Predicted uncertainity -0.7303
INFO:__main__:Completed epoch 89 of 100

INFO:__main__:NLL: 0.3576, L2: 0.0597, Reg: 0.0568
INFO:__main__:Total loss 0.4740
INFO:__main__:Predicted mean: -0.4959
INFO:__main__:Predicted uncertainity -0.6282
INFO:__main__:Completed epoch 90 of 100

INFO:__main__:NLL: 0.0784, L2: 0.0561, Reg: 0.0568
INFO:__main__:Total loss 0.1913
INFO:__main__:Predicted mean: -0.5200
INFO:__main__:Predicted uncertainity -0.7887
INFO:__main__:Completed epoch 91 of 100

INFO:__main__:NLL: 0.4617, L2: 0.0543, Reg: 0.0568
INFO:__main__:Total loss 0.5728
INFO:__main__:Predicted mean: -0.4364
INFO:__main__:Predicted uncertainity -0.7626
INFO:__main__:Completed epoch 92 of 100

INFO:__main__:NLL: 0.1056, L2: 0.0485, Reg: 0.0568
INFO:__main__:Total loss 0.2109
INFO:__main__:Predicted mean: -0.4063
INFO:__main__:Predicted uncertainity -0.6756
INFO:__main__:Completed epoch 93 of 100

INFO:__main__:NLL: 0.1514, L2: 0.0497, Reg: 0.0568
INFO:__main__:Total loss 0.2578
INFO:__main__:Predicted mean: -0.4168
INFO:__main__:Predicted uncertainity -0.7174
INFO:__main__:Completed epoch 94 of 100

INFO:__main__:NLL: 0.2131, L2: 0.0462, Reg: 0.0568
INFO:__main__:Total loss 0.3161
INFO:__main__:Predicted mean: -0.4282
INFO:__main__:Predicted uncertainity -0.5970
INFO:__main__:Completed epoch 95 of 100

INFO:__main__:NLL: 0.2088, L2: 0.0571, Reg: 0.0568
INFO:__main__:Total loss 0.3227
INFO:__main__:Predicted mean: -0.5045
INFO:__main__:Predicted uncertainity -0.6725
INFO:__main__:Completed epoch 96 of 100

INFO:__main__:NLL: 0.2065, L2: 0.0422, Reg: 0.0568
INFO:__main__:Total loss 0.3056
INFO:__main__:Predicted mean: -0.4063
INFO:__main__:Predicted uncertainity -0.6633
INFO:__main__:Completed epoch 97 of 100

INFO:__main__:NLL: 0.2460, L2: 0.0568, Reg: 0.0568
INFO:__main__:Total loss 0.3596
INFO:__main__:Predicted mean: -0.4335
INFO:__main__:Predicted uncertainity -0.7174
INFO:__main__:Completed epoch 98 of 100

INFO:__main__:NLL: 0.2481, L2: 0.0468, Reg: 0.0568
INFO:__main__:Total loss 0.3517
INFO:__main__:Predicted mean: -0.4215
INFO:__main__:Predicted uncertainity -0.7404
INFO:__main__:Completed epoch 99 of 100

INFO:__main__:NLL: 0.5223, L2: 0.0572, Reg: 0.0568
INFO:__main__:Total loss 0.6363
INFO:__main__:Predicted mean: -0.4985
INFO:__main__:Predicted uncertainity -0.7986
INFO:__main__:Completed epoch 100 of 100

INFO:__main__:598.182074 s
