INFO:__main__:PROCESS RUNNING ON cpu
INFO:__main__:NLL: 0.2406, L2: 0.0069, Reg: 0.0016
INFO:__main__:Total loss 0.2491
INFO:__main__:Predicted mean: -0.3835
INFO:__main__:Predicted uncertainity -0.7013
INFO:__main__:Completed epoch 1 of 100

INFO:__main__:NLL: 0.0106, L2: 0.0074, Reg: 0.0013
INFO:__main__:Total loss 0.0193
INFO:__main__:Predicted mean: -0.3727
INFO:__main__:Predicted uncertainity -0.7372
INFO:__main__:Completed epoch 2 of 100

INFO:__main__:NLL: 0.0103, L2: 0.0076, Reg: 0.0014
INFO:__main__:Total loss 0.0193
INFO:__main__:Predicted mean: -0.4349
INFO:__main__:Predicted uncertainity -0.7168
INFO:__main__:Completed epoch 3 of 100

INFO:__main__:NLL: 0.0107, L2: 0.0080, Reg: 0.0012
INFO:__main__:Total loss 0.0198
INFO:__main__:Predicted mean: -0.3235
INFO:__main__:Predicted uncertainity -0.7388
INFO:__main__:Completed epoch 4 of 100

INFO:__main__:NLL: 0.0889, L2: 0.0081, Reg: 0.0015
INFO:__main__:Total loss 0.0985
INFO:__main__:Predicted mean: -0.3541
INFO:__main__:Predicted uncertainity -0.8093
INFO:__main__:Completed epoch 5 of 100

INFO:__main__:NLL: 0.2028, L2: 0.0081, Reg: 0.0015
INFO:__main__:Total loss 0.2123
INFO:__main__:Predicted mean: -0.4196
INFO:__main__:Predicted uncertainity -0.7241
INFO:__main__:Completed epoch 6 of 100

INFO:__main__:NLL: 0.1004, L2: 0.0079, Reg: 0.0017
INFO:__main__:Total loss 0.1100
INFO:__main__:Predicted mean: -0.3864
INFO:__main__:Predicted uncertainity -0.7423
INFO:__main__:Completed epoch 7 of 100

INFO:__main__:NLL: 0.2668, L2: 0.0079, Reg: 0.0014
INFO:__main__:Total loss 0.2761
INFO:__main__:Predicted mean: -0.3180
INFO:__main__:Predicted uncertainity -0.7311
INFO:__main__:Completed epoch 8 of 100

INFO:__main__:NLL: 0.0141, L2: 0.0079, Reg: 0.0016
INFO:__main__:Total loss 0.0236
INFO:__main__:Predicted mean: -0.3694
INFO:__main__:Predicted uncertainity -0.8138
INFO:__main__:Completed epoch 9 of 100

INFO:__main__:NLL: 0.3011, L2: 0.0090, Reg: 0.0016
INFO:__main__:Total loss 0.3117
INFO:__main__:Predicted mean: -0.3768
INFO:__main__:Predicted uncertainity -0.7750
INFO:__main__:Completed epoch 10 of 100

INFO:__main__:NLL: 0.1203, L2: 0.0084, Reg: 0.0013
INFO:__main__:Total loss 0.1301
INFO:__main__:Predicted mean: -0.4247
INFO:__main__:Predicted uncertainity -0.8065
INFO:__main__:Completed epoch 11 of 100

INFO:__main__:NLL: 0.2096, L2: 0.0086, Reg: 0.0016
INFO:__main__:Total loss 0.2197
INFO:__main__:Predicted mean: -0.3507
INFO:__main__:Predicted uncertainity -0.6764
INFO:__main__:Completed epoch 12 of 100

INFO:__main__:NLL: -0.0381, L2: 0.0089, Reg: 0.0015
INFO:__main__:Total loss -0.0278
INFO:__main__:Predicted mean: -0.3537
INFO:__main__:Predicted uncertainity -0.8313
INFO:__main__:Completed epoch 13 of 100

INFO:__main__:NLL: 0.3713, L2: 0.0088, Reg: 0.0014
INFO:__main__:Total loss 0.3815
INFO:__main__:Predicted mean: -0.3270
INFO:__main__:Predicted uncertainity -0.7472
INFO:__main__:Completed epoch 14 of 100

INFO:__main__:NLL: 0.2345, L2: 0.0090, Reg: 0.0016
INFO:__main__:Total loss 0.2450
INFO:__main__:Predicted mean: -0.3869
INFO:__main__:Predicted uncertainity -0.7915
INFO:__main__:Completed epoch 15 of 100

INFO:__main__:NLL: 0.2236, L2: 0.0095, Reg: 0.0015
INFO:__main__:Total loss 0.2347
INFO:__main__:Predicted mean: -0.3214
INFO:__main__:Predicted uncertainity -0.8200
INFO:__main__:Completed epoch 16 of 100

INFO:__main__:NLL: 0.0668, L2: 0.0089, Reg: 0.0012
INFO:__main__:Total loss 0.0769
INFO:__main__:Predicted mean: -0.3376
INFO:__main__:Predicted uncertainity -0.7772
INFO:__main__:Completed epoch 17 of 100

INFO:__main__:NLL: 0.0978, L2: 0.0092, Reg: 0.0014
INFO:__main__:Total loss 0.1083
INFO:__main__:Predicted mean: -0.4173
INFO:__main__:Predicted uncertainity -0.7715
INFO:__main__:Completed epoch 18 of 100

INFO:__main__:NLL: -0.0945, L2: 0.0092, Reg: 0.0013
INFO:__main__:Total loss -0.0840
INFO:__main__:Predicted mean: -0.3942
INFO:__main__:Predicted uncertainity -0.7095
INFO:__main__:Completed epoch 19 of 100

INFO:__main__:NLL: 0.0725, L2: 0.0091, Reg: 0.0014
INFO:__main__:Total loss 0.0830
INFO:__main__:Predicted mean: -0.4035
INFO:__main__:Predicted uncertainity -0.6742
INFO:__main__:Completed epoch 20 of 100

INFO:__main__:NLL: 0.0190, L2: 0.0093, Reg: 0.0013
INFO:__main__:Total loss 0.0296
INFO:__main__:Predicted mean: -0.3695
INFO:__main__:Predicted uncertainity -0.6249
INFO:__main__:Completed epoch 21 of 100

INFO:__main__:NLL: -0.0404, L2: 0.0099, Reg: 0.0014
INFO:__main__:Total loss -0.0292
INFO:__main__:Predicted mean: -0.3966
INFO:__main__:Predicted uncertainity -0.8083
INFO:__main__:Completed epoch 22 of 100

INFO:__main__:NLL: 0.0285, L2: 0.0097, Reg: 0.0015
INFO:__main__:Total loss 0.0397
INFO:__main__:Predicted mean: -0.3858
INFO:__main__:Predicted uncertainity -0.8021
INFO:__main__:Completed epoch 23 of 100

INFO:__main__:NLL: 0.3534, L2: 0.0096, Reg: 0.0013
INFO:__main__:Total loss 0.3644
INFO:__main__:Predicted mean: -0.3822
INFO:__main__:Predicted uncertainity -0.6958
INFO:__main__:Completed epoch 24 of 100

INFO:__main__:NLL: 0.0982, L2: 0.0095, Reg: 0.0014
INFO:__main__:Total loss 0.1092
INFO:__main__:Predicted mean: -0.3665
INFO:__main__:Predicted uncertainity -0.7448
INFO:__main__:Completed epoch 25 of 100

INFO:__main__:NLL: -0.0446, L2: 0.0094, Reg: 0.0014
INFO:__main__:Total loss -0.0338
INFO:__main__:Predicted mean: -0.3497
INFO:__main__:Predicted uncertainity -0.6095
INFO:__main__:Completed epoch 26 of 100

INFO:__main__:NLL: 0.1864, L2: 0.0091, Reg: 0.0014
INFO:__main__:Total loss 0.1969
INFO:__main__:Predicted mean: -0.3525
INFO:__main__:Predicted uncertainity -0.8336
INFO:__main__:Completed epoch 27 of 100

INFO:__main__:NLL: 0.2113, L2: 0.0090, Reg: 0.0013
INFO:__main__:Total loss 0.2215
INFO:__main__:Predicted mean: -0.3679
INFO:__main__:Predicted uncertainity -0.6454
INFO:__main__:Completed epoch 28 of 100

INFO:__main__:NLL: 0.1473, L2: 0.0092, Reg: 0.0014
INFO:__main__:Total loss 0.1580
INFO:__main__:Predicted mean: -0.3327
INFO:__main__:Predicted uncertainity -0.7946
INFO:__main__:Completed epoch 29 of 100

INFO:__main__:NLL: 0.1956, L2: 0.0090, Reg: 0.0013
INFO:__main__:Total loss 0.2059
INFO:__main__:Predicted mean: -0.3197
INFO:__main__:Predicted uncertainity -0.6714
INFO:__main__:Completed epoch 30 of 100

INFO:__main__:NLL: 0.1539, L2: 0.0082, Reg: 0.0014
INFO:__main__:Total loss 0.1634
INFO:__main__:Predicted mean: -0.4096
INFO:__main__:Predicted uncertainity -0.7340
INFO:__main__:Completed epoch 31 of 100

INFO:__main__:NLL: -0.0306, L2: 0.0091, Reg: 0.0014
INFO:__main__:Total loss -0.0200
INFO:__main__:Predicted mean: -0.3709
INFO:__main__:Predicted uncertainity -0.8291
INFO:__main__:Completed epoch 32 of 100

INFO:__main__:NLL: 0.1644, L2: 0.0090, Reg: 0.0013
INFO:__main__:Total loss 0.1747
INFO:__main__:Predicted mean: -0.4560
INFO:__main__:Predicted uncertainity -0.7022
INFO:__main__:Completed epoch 33 of 100

INFO:__main__:NLL: 0.0341, L2: 0.0093, Reg: 0.0014
INFO:__main__:Total loss 0.0448
INFO:__main__:Predicted mean: -0.3638
INFO:__main__:Predicted uncertainity -0.7652
INFO:__main__:Completed epoch 34 of 100

INFO:__main__:NLL: -0.1000, L2: 0.0093, Reg: 0.0014
INFO:__main__:Total loss -0.0892
INFO:__main__:Predicted mean: -0.3957
INFO:__main__:Predicted uncertainity -0.7177
INFO:__main__:Completed epoch 35 of 100

INFO:__main__:NLL: 0.1283, L2: 0.0089, Reg: 0.0014
INFO:__main__:Total loss 0.1386
INFO:__main__:Predicted mean: -0.3062
INFO:__main__:Predicted uncertainity -0.8077
INFO:__main__:Completed epoch 36 of 100

INFO:__main__:NLL: -0.1506, L2: 0.0098, Reg: 0.0015
INFO:__main__:Total loss -0.1393
INFO:__main__:Predicted mean: -0.3340
INFO:__main__:Predicted uncertainity -0.9234
INFO:__main__:Completed epoch 37 of 100

INFO:__main__:NLL: 0.3046, L2: 0.0093, Reg: 0.0012
INFO:__main__:Total loss 0.3151
INFO:__main__:Predicted mean: -0.3406
INFO:__main__:Predicted uncertainity -0.8199
INFO:__main__:Completed epoch 38 of 100

INFO:__main__:NLL: 0.0734, L2: 0.0094, Reg: 0.0014
INFO:__main__:Total loss 0.0842
INFO:__main__:Predicted mean: -0.4288
INFO:__main__:Predicted uncertainity -0.7040
INFO:__main__:Completed epoch 39 of 100

INFO:__main__:NLL: 0.1825, L2: 0.0098, Reg: 0.0015
INFO:__main__:Total loss 0.1938
INFO:__main__:Predicted mean: -0.4224
INFO:__main__:Predicted uncertainity -0.7117
INFO:__main__:Completed epoch 40 of 100

INFO:__main__:NLL: 0.0021, L2: 0.0094, Reg: 0.0013
INFO:__main__:Total loss 0.0128
INFO:__main__:Predicted mean: -0.3555
INFO:__main__:Predicted uncertainity -0.6911
INFO:__main__:Completed epoch 41 of 100

INFO:__main__:NLL: 0.0960, L2: 0.0093, Reg: 0.0014
INFO:__main__:Total loss 0.1067
INFO:__main__:Predicted mean: -0.3502
INFO:__main__:Predicted uncertainity -0.6758
INFO:__main__:Completed epoch 42 of 100

INFO:__main__:NLL: 0.2268, L2: 0.0095, Reg: 0.0014
INFO:__main__:Total loss 0.2377
INFO:__main__:Predicted mean: -0.4119
INFO:__main__:Predicted uncertainity -0.8068
INFO:__main__:Completed epoch 43 of 100

INFO:__main__:NLL: 0.2172, L2: 0.0091, Reg: 0.0016
INFO:__main__:Total loss 0.2279
INFO:__main__:Predicted mean: -0.4508
INFO:__main__:Predicted uncertainity -0.7809
INFO:__main__:Completed epoch 44 of 100

INFO:__main__:NLL: 0.1222, L2: 0.0095, Reg: 0.0013
INFO:__main__:Total loss 0.1330
INFO:__main__:Predicted mean: -0.3818
INFO:__main__:Predicted uncertainity -0.7608
INFO:__main__:Completed epoch 45 of 100

INFO:__main__:NLL: 0.1375, L2: 0.0085, Reg: 0.0013
INFO:__main__:Total loss 0.1473
INFO:__main__:Predicted mean: -0.3525
INFO:__main__:Predicted uncertainity -0.7407
INFO:__main__:Completed epoch 46 of 100

INFO:__main__:NLL: -0.0610, L2: 0.0085, Reg: 0.0013
INFO:__main__:Total loss -0.0512
INFO:__main__:Predicted mean: -0.4132
INFO:__main__:Predicted uncertainity -0.7815
INFO:__main__:Completed epoch 47 of 100

INFO:__main__:NLL: 0.0126, L2: 0.0090, Reg: 0.0015
INFO:__main__:Total loss 0.0231
INFO:__main__:Predicted mean: -0.3889
INFO:__main__:Predicted uncertainity -0.7527
INFO:__main__:Completed epoch 48 of 100

INFO:__main__:NLL: -0.0381, L2: 0.0088, Reg: 0.0014
INFO:__main__:Total loss -0.0279
INFO:__main__:Predicted mean: -0.3649
INFO:__main__:Predicted uncertainity -0.6473
INFO:__main__:Completed epoch 49 of 100

INFO:__main__:NLL: -0.0170, L2: 0.0090, Reg: 0.0014
INFO:__main__:Total loss -0.0066
INFO:__main__:Predicted mean: -0.3763
INFO:__main__:Predicted uncertainity -0.7518
INFO:__main__:Completed epoch 50 of 100

INFO:__main__:NLL: 0.3802, L2: 0.0090, Reg: 0.0014
INFO:__main__:Total loss 0.3907
INFO:__main__:Predicted mean: -0.3904
INFO:__main__:Predicted uncertainity -0.8003
INFO:__main__:Completed epoch 51 of 100

INFO:__main__:NLL: -0.0737, L2: 0.0087, Reg: 0.0014
INFO:__main__:Total loss -0.0636
INFO:__main__:Predicted mean: -0.3707
INFO:__main__:Predicted uncertainity -0.8188
INFO:__main__:Completed epoch 52 of 100

INFO:__main__:NLL: -0.0009, L2: 0.0087, Reg: 0.0013
INFO:__main__:Total loss 0.0091
INFO:__main__:Predicted mean: -0.3748
INFO:__main__:Predicted uncertainity -0.6239
INFO:__main__:Completed epoch 53 of 100

INFO:__main__:NLL: 0.2193, L2: 0.0087, Reg: 0.0012
INFO:__main__:Total loss 0.2292
INFO:__main__:Predicted mean: -0.3245
INFO:__main__:Predicted uncertainity -0.7222
INFO:__main__:Completed epoch 54 of 100

INFO:__main__:NLL: 0.3227, L2: 0.0093, Reg: 0.0013
INFO:__main__:Total loss 0.3333
INFO:__main__:Predicted mean: -0.3420
INFO:__main__:Predicted uncertainity -0.7974
INFO:__main__:Completed epoch 55 of 100

INFO:__main__:NLL: 0.2389, L2: 0.0088, Reg: 0.0014
INFO:__main__:Total loss 0.2491
INFO:__main__:Predicted mean: -0.4007
INFO:__main__:Predicted uncertainity -0.7318
INFO:__main__:Completed epoch 56 of 100

INFO:__main__:NLL: 0.0826, L2: 0.0090, Reg: 0.0014
INFO:__main__:Total loss 0.0930
INFO:__main__:Predicted mean: -0.3584
INFO:__main__:Predicted uncertainity -0.7602
INFO:__main__:Completed epoch 57 of 100

INFO:__main__:NLL: -0.0549, L2: 0.0089, Reg: 0.0015
INFO:__main__:Total loss -0.0445
INFO:__main__:Predicted mean: -0.4412
INFO:__main__:Predicted uncertainity -0.8035
INFO:__main__:Completed epoch 58 of 100

INFO:__main__:NLL: -0.0330, L2: 0.0090, Reg: 0.0015
INFO:__main__:Total loss -0.0225
INFO:__main__:Predicted mean: -0.3363
INFO:__main__:Predicted uncertainity -0.7054
INFO:__main__:Completed epoch 59 of 100

INFO:__main__:NLL: 0.0608, L2: 0.0089, Reg: 0.0014
INFO:__main__:Total loss 0.0711
INFO:__main__:Predicted mean: -0.3472
INFO:__main__:Predicted uncertainity -0.7680
INFO:__main__:Completed epoch 60 of 100

INFO:__main__:NLL: 0.0827, L2: 0.0091, Reg: 0.0013
INFO:__main__:Total loss 0.0931
INFO:__main__:Predicted mean: -0.3059
INFO:__main__:Predicted uncertainity -0.8273
INFO:__main__:Completed epoch 61 of 100

INFO:__main__:NLL: 0.2654, L2: 0.0083, Reg: 0.0013
INFO:__main__:Total loss 0.2750
INFO:__main__:Predicted mean: -0.3549
INFO:__main__:Predicted uncertainity -0.7500
INFO:__main__:Completed epoch 62 of 100

INFO:__main__:NLL: 0.0901, L2: 0.0088, Reg: 0.0014
INFO:__main__:Total loss 0.1004
INFO:__main__:Predicted mean: -0.4768
INFO:__main__:Predicted uncertainity -0.6839
INFO:__main__:Completed epoch 63 of 100

INFO:__main__:NLL: 0.0096, L2: 0.0083, Reg: 0.0013
INFO:__main__:Total loss 0.0193
INFO:__main__:Predicted mean: -0.3491
INFO:__main__:Predicted uncertainity -0.7463
INFO:__main__:Completed epoch 64 of 100

INFO:__main__:NLL: 0.0383, L2: 0.0083, Reg: 0.0014
INFO:__main__:Total loss 0.0480
INFO:__main__:Predicted mean: -0.3661
INFO:__main__:Predicted uncertainity -0.8292
INFO:__main__:Completed epoch 65 of 100

INFO:__main__:NLL: 0.1506, L2: 0.0083, Reg: 0.0015
INFO:__main__:Total loss 0.1604
INFO:__main__:Predicted mean: -0.4134
INFO:__main__:Predicted uncertainity -0.6424
INFO:__main__:Completed epoch 66 of 100

INFO:__main__:NLL: 0.0167, L2: 0.0084, Reg: 0.0015
INFO:__main__:Total loss 0.0266
INFO:__main__:Predicted mean: -0.4054
INFO:__main__:Predicted uncertainity -0.6738
INFO:__main__:Completed epoch 67 of 100

INFO:__main__:NLL: 0.0481, L2: 0.0083, Reg: 0.0014
INFO:__main__:Total loss 0.0579
INFO:__main__:Predicted mean: -0.3429
INFO:__main__:Predicted uncertainity -0.7708
INFO:__main__:Completed epoch 68 of 100

INFO:__main__:NLL: -0.0185, L2: 0.0085, Reg: 0.0014
INFO:__main__:Total loss -0.0086
INFO:__main__:Predicted mean: -0.3570
INFO:__main__:Predicted uncertainity -0.7638
INFO:__main__:Completed epoch 69 of 100

INFO:__main__:NLL: 0.4078, L2: 0.0093, Reg: 0.0017
INFO:__main__:Total loss 0.4187
INFO:__main__:Predicted mean: -0.4176
INFO:__main__:Predicted uncertainity -0.6629
INFO:__main__:Completed epoch 70 of 100

INFO:__main__:NLL: -0.1289, L2: 0.0090, Reg: 0.0015
INFO:__main__:Total loss -0.1184
INFO:__main__:Predicted mean: -0.4125
INFO:__main__:Predicted uncertainity -0.8443
INFO:__main__:Completed epoch 71 of 100

INFO:__main__:NLL: 0.2585, L2: 0.0088, Reg: 0.0018
INFO:__main__:Total loss 0.2691
INFO:__main__:Predicted mean: -0.4605
INFO:__main__:Predicted uncertainity -0.8476
INFO:__main__:Completed epoch 72 of 100

INFO:__main__:NLL: 0.4032, L2: 0.0089, Reg: 0.0013
INFO:__main__:Total loss 0.4135
INFO:__main__:Predicted mean: -0.3897
INFO:__main__:Predicted uncertainity -0.8089
INFO:__main__:Completed epoch 73 of 100

INFO:__main__:NLL: 0.1022, L2: 0.0088, Reg: 0.0016
INFO:__main__:Total loss 0.1127
INFO:__main__:Predicted mean: -0.3833
INFO:__main__:Predicted uncertainity -0.7835
INFO:__main__:Completed epoch 74 of 100

INFO:__main__:NLL: -0.0271, L2: 0.0090, Reg: 0.0015
INFO:__main__:Total loss -0.0165
INFO:__main__:Predicted mean: -0.3956
INFO:__main__:Predicted uncertainity -0.7971
INFO:__main__:Completed epoch 75 of 100

INFO:__main__:NLL: 0.1145, L2: 0.0089, Reg: 0.0014
INFO:__main__:Total loss 0.1248
INFO:__main__:Predicted mean: -0.3781
INFO:__main__:Predicted uncertainity -0.7677
INFO:__main__:Completed epoch 76 of 100

INFO:__main__:NLL: 0.1494, L2: 0.0092, Reg: 0.0013
INFO:__main__:Total loss 0.1600
INFO:__main__:Predicted mean: -0.3978
INFO:__main__:Predicted uncertainity -0.7692
INFO:__main__:Completed epoch 77 of 100

INFO:__main__:NLL: 0.2885, L2: 0.0090, Reg: 0.0014
INFO:__main__:Total loss 0.2990
INFO:__main__:Predicted mean: -0.3543
INFO:__main__:Predicted uncertainity -0.7416
INFO:__main__:Completed epoch 78 of 100

INFO:__main__:NLL: 0.2530, L2: 0.0088, Reg: 0.0013
INFO:__main__:Total loss 0.2631
INFO:__main__:Predicted mean: -0.3194
INFO:__main__:Predicted uncertainity -0.7017
INFO:__main__:Completed epoch 79 of 100

INFO:__main__:NLL: 0.0885, L2: 0.0088, Reg: 0.0017
INFO:__main__:Total loss 0.0990
INFO:__main__:Predicted mean: -0.3523
INFO:__main__:Predicted uncertainity -0.6929
INFO:__main__:Completed epoch 80 of 100

INFO:__main__:NLL: -0.0599, L2: 0.0090, Reg: 0.0015
INFO:__main__:Total loss -0.0494
INFO:__main__:Predicted mean: -0.3900
INFO:__main__:Predicted uncertainity -0.8408
INFO:__main__:Completed epoch 81 of 100

INFO:__main__:NLL: 0.0198, L2: 0.0094, Reg: 0.0014
INFO:__main__:Total loss 0.0306
INFO:__main__:Predicted mean: -0.3692
INFO:__main__:Predicted uncertainity -0.7244
INFO:__main__:Completed epoch 82 of 100

INFO:__main__:NLL: -0.0293, L2: 0.0089, Reg: 0.0016
INFO:__main__:Total loss -0.0188
INFO:__main__:Predicted mean: -0.4038
INFO:__main__:Predicted uncertainity -0.8181
INFO:__main__:Completed epoch 83 of 100

INFO:__main__:NLL: 0.3094, L2: 0.0090, Reg: 0.0014
INFO:__main__:Total loss 0.3198
INFO:__main__:Predicted mean: -0.3903
INFO:__main__:Predicted uncertainity -0.7318
INFO:__main__:Completed epoch 84 of 100

INFO:__main__:NLL: 0.1958, L2: 0.0086, Reg: 0.0014
INFO:__main__:Total loss 0.2059
INFO:__main__:Predicted mean: -0.3783
INFO:__main__:Predicted uncertainity -0.6512
INFO:__main__:Completed epoch 85 of 100

INFO:__main__:NLL: -0.1311, L2: 0.0087, Reg: 0.0015
INFO:__main__:Total loss -0.1209
INFO:__main__:Predicted mean: -0.4104
INFO:__main__:Predicted uncertainity -0.7381
INFO:__main__:Completed epoch 86 of 100

INFO:__main__:NLL: 0.0700, L2: 0.0082, Reg: 0.0015
INFO:__main__:Total loss 0.0797
INFO:__main__:Predicted mean: -0.4135
INFO:__main__:Predicted uncertainity -0.7558
INFO:__main__:Completed epoch 87 of 100

INFO:__main__:NLL: 0.1040, L2: 0.0086, Reg: 0.0014
INFO:__main__:Total loss 0.1139
INFO:__main__:Predicted mean: -0.3640
INFO:__main__:Predicted uncertainity -0.7723
INFO:__main__:Completed epoch 88 of 100

INFO:__main__:NLL: 0.0924, L2: 0.0082, Reg: 0.0013
INFO:__main__:Total loss 0.1019
INFO:__main__:Predicted mean: -0.3197
INFO:__main__:Predicted uncertainity -0.6814
INFO:__main__:Completed epoch 89 of 100

INFO:__main__:NLL: 0.2296, L2: 0.0085, Reg: 0.0016
INFO:__main__:Total loss 0.2397
INFO:__main__:Predicted mean: -0.3665
INFO:__main__:Predicted uncertainity -0.7750
INFO:__main__:Completed epoch 90 of 100

INFO:__main__:NLL: 0.1133, L2: 0.0085, Reg: 0.0015
INFO:__main__:Total loss 0.1234
INFO:__main__:Predicted mean: -0.4418
INFO:__main__:Predicted uncertainity -0.8736
INFO:__main__:Completed epoch 91 of 100

INFO:__main__:NLL: 0.1051, L2: 0.0083, Reg: 0.0015
INFO:__main__:Total loss 0.1148
INFO:__main__:Predicted mean: -0.4055
INFO:__main__:Predicted uncertainity -0.8666
INFO:__main__:Completed epoch 92 of 100

INFO:__main__:NLL: -0.0363, L2: 0.0085, Reg: 0.0015
INFO:__main__:Total loss -0.0264
INFO:__main__:Predicted mean: -0.3307
INFO:__main__:Predicted uncertainity -0.7187
INFO:__main__:Completed epoch 93 of 100

INFO:__main__:NLL: 0.0527, L2: 0.0086, Reg: 0.0016
INFO:__main__:Total loss 0.0628
INFO:__main__:Predicted mean: -0.3171
INFO:__main__:Predicted uncertainity -0.7438
INFO:__main__:Completed epoch 94 of 100

INFO:__main__:NLL: 0.1234, L2: 0.0078, Reg: 0.0013
INFO:__main__:Total loss 0.1325
INFO:__main__:Predicted mean: -0.3882
INFO:__main__:Predicted uncertainity -0.6200
INFO:__main__:Completed epoch 95 of 100

INFO:__main__:NLL: 0.2444, L2: 0.0084, Reg: 0.0015
INFO:__main__:Total loss 0.2544
INFO:__main__:Predicted mean: -0.4076
INFO:__main__:Predicted uncertainity -0.8688
INFO:__main__:Completed epoch 96 of 100

INFO:__main__:NLL: 0.0368, L2: 0.0088, Reg: 0.0012
INFO:__main__:Total loss 0.0468
INFO:__main__:Predicted mean: -0.2829
INFO:__main__:Predicted uncertainity -0.6669
INFO:__main__:Completed epoch 97 of 100

INFO:__main__:NLL: 0.0593, L2: 0.0089, Reg: 0.0015
INFO:__main__:Total loss 0.0697
INFO:__main__:Predicted mean: -0.3535
INFO:__main__:Predicted uncertainity -0.6942
INFO:__main__:Completed epoch 98 of 100

INFO:__main__:NLL: 0.2137, L2: 0.0088, Reg: 0.0017
INFO:__main__:Total loss 0.2242
INFO:__main__:Predicted mean: -0.4379
INFO:__main__:Predicted uncertainity -0.8170
INFO:__main__:Completed epoch 99 of 100

INFO:__main__:NLL: 0.1104, L2: 0.0086, Reg: 0.0014
INFO:__main__:Total loss 0.1204
INFO:__main__:Predicted mean: -0.3918
INFO:__main__:Predicted uncertainity -0.8639
INFO:__main__:Completed epoch 100 of 100

INFO:__main__:491.553256 s
