INFO:__main__:PROCESS RUNNING ON cpu
INFO:__main__:NLL: 0.1232, L2: 0.0480, Reg: 0.0059
INFO:__main__:Total loss 0.1770
INFO:__main__:Predicted mean: -0.4299
INFO:__main__:Predicted uncertainity -0.6912
INFO:__main__:Completed epoch 1 of 100

INFO:__main__:NLL: 0.1311, L2: 0.0550, Reg: 0.0059
INFO:__main__:Total loss 0.1919
INFO:__main__:Predicted mean: -0.4637
INFO:__main__:Predicted uncertainity -0.8114
INFO:__main__:Completed epoch 2 of 100

INFO:__main__:NLL: 0.2321, L2: 0.0501, Reg: 0.0059
INFO:__main__:Total loss 0.2881
INFO:__main__:Predicted mean: -0.4889
INFO:__main__:Predicted uncertainity -0.7283
INFO:__main__:Completed epoch 3 of 100

INFO:__main__:NLL: 0.1777, L2: 0.0456, Reg: 0.0059
INFO:__main__:Total loss 0.2291
INFO:__main__:Predicted mean: -0.4525
INFO:__main__:Predicted uncertainity -0.7218
INFO:__main__:Completed epoch 4 of 100

INFO:__main__:NLL: 0.1983, L2: 0.0461, Reg: 0.0059
INFO:__main__:Total loss 0.2503
INFO:__main__:Predicted mean: -0.4864
INFO:__main__:Predicted uncertainity -0.5789
INFO:__main__:Completed epoch 5 of 100

INFO:__main__:NLL: 0.2038, L2: 0.0561, Reg: 0.0059
INFO:__main__:Total loss 0.2657
INFO:__main__:Predicted mean: -0.5021
INFO:__main__:Predicted uncertainity -0.6877
INFO:__main__:Completed epoch 6 of 100

INFO:__main__:NLL: 0.1728, L2: 0.0505, Reg: 0.0059
INFO:__main__:Total loss 0.2291
INFO:__main__:Predicted mean: -0.4731
INFO:__main__:Predicted uncertainity -0.6349
INFO:__main__:Completed epoch 7 of 100

INFO:__main__:NLL: 0.2628, L2: 0.0545, Reg: 0.0059
INFO:__main__:Total loss 0.3231
INFO:__main__:Predicted mean: -0.4755
INFO:__main__:Predicted uncertainity -0.6264
INFO:__main__:Completed epoch 8 of 100

INFO:__main__:NLL: 0.0419, L2: 0.0588, Reg: 0.0059
INFO:__main__:Total loss 0.1066
INFO:__main__:Predicted mean: -0.4736
INFO:__main__:Predicted uncertainity -0.8052
INFO:__main__:Completed epoch 9 of 100

INFO:__main__:NLL: 0.3569, L2: 0.0555, Reg: 0.0059
INFO:__main__:Total loss 0.4183
INFO:__main__:Predicted mean: -0.4955
INFO:__main__:Predicted uncertainity -0.8057
INFO:__main__:Completed epoch 10 of 100

INFO:__main__:NLL: 0.1046, L2: 0.0516, Reg: 0.0059
INFO:__main__:Total loss 0.1621
INFO:__main__:Predicted mean: -0.4943
INFO:__main__:Predicted uncertainity -0.8220
INFO:__main__:Completed epoch 11 of 100

INFO:__main__:NLL: 0.2176, L2: 0.0478, Reg: 0.0059
INFO:__main__:Total loss 0.2713
INFO:__main__:Predicted mean: -0.4280
INFO:__main__:Predicted uncertainity -0.5115
INFO:__main__:Completed epoch 12 of 100

INFO:__main__:NLL: 0.1055, L2: 0.0495, Reg: 0.0059
INFO:__main__:Total loss 0.1609
INFO:__main__:Predicted mean: -0.3862
INFO:__main__:Predicted uncertainity -0.6777
INFO:__main__:Completed epoch 13 of 100

INFO:__main__:NLL: 0.1993, L2: 0.0554, Reg: 0.0059
INFO:__main__:Total loss 0.2606
INFO:__main__:Predicted mean: -0.4988
INFO:__main__:Predicted uncertainity -0.7803
INFO:__main__:Completed epoch 14 of 100

INFO:__main__:NLL: 0.1987, L2: 0.0475, Reg: 0.0059
INFO:__main__:Total loss 0.2521
INFO:__main__:Predicted mean: -0.4015
INFO:__main__:Predicted uncertainity -0.7610
INFO:__main__:Completed epoch 15 of 100

INFO:__main__:NLL: 0.1602, L2: 0.0536, Reg: 0.0059
INFO:__main__:Total loss 0.2197
INFO:__main__:Predicted mean: -0.4185
INFO:__main__:Predicted uncertainity -0.7448
INFO:__main__:Completed epoch 16 of 100

INFO:__main__:NLL: 0.0501, L2: 0.0506, Reg: 0.0059
INFO:__main__:Total loss 0.1066
INFO:__main__:Predicted mean: -0.4723
INFO:__main__:Predicted uncertainity -0.7544
INFO:__main__:Completed epoch 17 of 100

INFO:__main__:NLL: 0.1985, L2: 0.0447, Reg: 0.0059
INFO:__main__:Total loss 0.2490
INFO:__main__:Predicted mean: -0.4287
INFO:__main__:Predicted uncertainity -0.6892
INFO:__main__:Completed epoch 18 of 100

INFO:__main__:NLL: 0.0934, L2: 0.0475, Reg: 0.0059
INFO:__main__:Total loss 0.1467
INFO:__main__:Predicted mean: -0.4580
INFO:__main__:Predicted uncertainity -0.6378
INFO:__main__:Completed epoch 19 of 100

INFO:__main__:NLL: 0.1867, L2: 0.0465, Reg: 0.0059
INFO:__main__:Total loss 0.2390
INFO:__main__:Predicted mean: -0.4482
INFO:__main__:Predicted uncertainity -0.5296
INFO:__main__:Completed epoch 20 of 100

INFO:__main__:NLL: 0.1439, L2: 0.0509, Reg: 0.0059
INFO:__main__:Total loss 0.2007
INFO:__main__:Predicted mean: -0.4869
INFO:__main__:Predicted uncertainity -0.6203
INFO:__main__:Completed epoch 21 of 100

INFO:__main__:NLL: 0.1359, L2: 0.0489, Reg: 0.0059
INFO:__main__:Total loss 0.1907
INFO:__main__:Predicted mean: -0.4156
INFO:__main__:Predicted uncertainity -0.6748
INFO:__main__:Completed epoch 22 of 100

INFO:__main__:NLL: 0.2282, L2: 0.0488, Reg: 0.0059
INFO:__main__:Total loss 0.2829
INFO:__main__:Predicted mean: -0.4902
INFO:__main__:Predicted uncertainity -0.5430
INFO:__main__:Completed epoch 23 of 100

INFO:__main__:NLL: 0.2278, L2: 0.0493, Reg: 0.0059
INFO:__main__:Total loss 0.2830
INFO:__main__:Predicted mean: -0.4300
INFO:__main__:Predicted uncertainity -0.6299
INFO:__main__:Completed epoch 24 of 100

INFO:__main__:NLL: 0.3852, L2: 0.0532, Reg: 0.0059
INFO:__main__:Total loss 0.4443
INFO:__main__:Predicted mean: -0.4270
INFO:__main__:Predicted uncertainity -0.6832
INFO:__main__:Completed epoch 25 of 100

INFO:__main__:NLL: 0.0616, L2: 0.0514, Reg: 0.0059
INFO:__main__:Total loss 0.1189
INFO:__main__:Predicted mean: -0.4625
INFO:__main__:Predicted uncertainity -0.6775
INFO:__main__:Completed epoch 26 of 100

INFO:__main__:NLL: 0.2690, L2: 0.0495, Reg: 0.0059
INFO:__main__:Total loss 0.3244
INFO:__main__:Predicted mean: -0.4459
INFO:__main__:Predicted uncertainity -0.7710
INFO:__main__:Completed epoch 27 of 100

INFO:__main__:NLL: 0.1970, L2: 0.0464, Reg: 0.0059
INFO:__main__:Total loss 0.2492
INFO:__main__:Predicted mean: -0.4152
INFO:__main__:Predicted uncertainity -0.6493
INFO:__main__:Completed epoch 28 of 100

INFO:__main__:NLL: 0.2055, L2: 0.0489, Reg: 0.0059
INFO:__main__:Total loss 0.2603
INFO:__main__:Predicted mean: -0.4415
INFO:__main__:Predicted uncertainity -0.6782
INFO:__main__:Completed epoch 29 of 100

INFO:__main__:NLL: 0.1399, L2: 0.0504, Reg: 0.0059
INFO:__main__:Total loss 0.1962
INFO:__main__:Predicted mean: -0.4090
INFO:__main__:Predicted uncertainity -0.6662
INFO:__main__:Completed epoch 30 of 100

INFO:__main__:NLL: 0.2078, L2: 0.0459, Reg: 0.0059
INFO:__main__:Total loss 0.2595
INFO:__main__:Predicted mean: -0.4450
INFO:__main__:Predicted uncertainity -0.7271
INFO:__main__:Completed epoch 31 of 100

INFO:__main__:NLL: 0.1277, L2: 0.0504, Reg: 0.0059
INFO:__main__:Total loss 0.1840
INFO:__main__:Predicted mean: -0.4219
INFO:__main__:Predicted uncertainity -0.7759
INFO:__main__:Completed epoch 32 of 100

INFO:__main__:NLL: 0.1848, L2: 0.0607, Reg: 0.0059
INFO:__main__:Total loss 0.2514
INFO:__main__:Predicted mean: -0.4658
INFO:__main__:Predicted uncertainity -0.6378
INFO:__main__:Completed epoch 33 of 100

INFO:__main__:NLL: 0.1533, L2: 0.0455, Reg: 0.0059
INFO:__main__:Total loss 0.2047
INFO:__main__:Predicted mean: -0.4495
INFO:__main__:Predicted uncertainity -0.5906
INFO:__main__:Completed epoch 34 of 100

INFO:__main__:NLL: 0.1350, L2: 0.0462, Reg: 0.0059
INFO:__main__:Total loss 0.1871
INFO:__main__:Predicted mean: -0.4182
INFO:__main__:Predicted uncertainity -0.6642
INFO:__main__:Completed epoch 35 of 100

INFO:__main__:NLL: 0.2069, L2: 0.0536, Reg: 0.0059
INFO:__main__:Total loss 0.2664
INFO:__main__:Predicted mean: -0.4243
INFO:__main__:Predicted uncertainity -0.7333
INFO:__main__:Completed epoch 36 of 100

INFO:__main__:NLL: 0.1436, L2: 0.0500, Reg: 0.0059
INFO:__main__:Total loss 0.1994
INFO:__main__:Predicted mean: -0.4204
INFO:__main__:Predicted uncertainity -0.8124
INFO:__main__:Completed epoch 37 of 100

INFO:__main__:NLL: 0.2625, L2: 0.0505, Reg: 0.0059
INFO:__main__:Total loss 0.3189
INFO:__main__:Predicted mean: -0.4287
INFO:__main__:Predicted uncertainity -0.7012
INFO:__main__:Completed epoch 38 of 100

INFO:__main__:NLL: 0.1718, L2: 0.0474, Reg: 0.0059
INFO:__main__:Total loss 0.2251
INFO:__main__:Predicted mean: -0.4290
INFO:__main__:Predicted uncertainity -0.6536
INFO:__main__:Completed epoch 39 of 100

INFO:__main__:NLL: 0.1510, L2: 0.0515, Reg: 0.0059
INFO:__main__:Total loss 0.2084
INFO:__main__:Predicted mean: -0.4864
INFO:__main__:Predicted uncertainity -0.6641
INFO:__main__:Completed epoch 40 of 100

INFO:__main__:NLL: 0.1269, L2: 0.0478, Reg: 0.0059
INFO:__main__:Total loss 0.1806
INFO:__main__:Predicted mean: -0.4358
INFO:__main__:Predicted uncertainity -0.6736
INFO:__main__:Completed epoch 41 of 100

INFO:__main__:NLL: 0.1251, L2: 0.0523, Reg: 0.0059
INFO:__main__:Total loss 0.1832
INFO:__main__:Predicted mean: -0.4547
INFO:__main__:Predicted uncertainity -0.7016
INFO:__main__:Completed epoch 42 of 100

INFO:__main__:NLL: 0.2160, L2: 0.0508, Reg: 0.0059
INFO:__main__:Total loss 0.2727
INFO:__main__:Predicted mean: -0.4434
INFO:__main__:Predicted uncertainity -0.7088
INFO:__main__:Completed epoch 43 of 100

INFO:__main__:NLL: 0.1986, L2: 0.0583, Reg: 0.0059
INFO:__main__:Total loss 0.2628
INFO:__main__:Predicted mean: -0.5068
INFO:__main__:Predicted uncertainity -0.7201
INFO:__main__:Completed epoch 44 of 100

INFO:__main__:NLL: 0.2727, L2: 0.0472, Reg: 0.0059
INFO:__main__:Total loss 0.3258
INFO:__main__:Predicted mean: -0.4769
INFO:__main__:Predicted uncertainity -0.7315
INFO:__main__:Completed epoch 45 of 100

INFO:__main__:NLL: 0.1976, L2: 0.0512, Reg: 0.0059
INFO:__main__:Total loss 0.2547
INFO:__main__:Predicted mean: -0.4290
INFO:__main__:Predicted uncertainity -0.6888
INFO:__main__:Completed epoch 46 of 100

INFO:__main__:NLL: 0.1307, L2: 0.0546, Reg: 0.0059
INFO:__main__:Total loss 0.1912
INFO:__main__:Predicted mean: -0.5223
INFO:__main__:Predicted uncertainity -0.8348
INFO:__main__:Completed epoch 47 of 100

INFO:__main__:NLL: 0.0779, L2: 0.0570, Reg: 0.0059
INFO:__main__:Total loss 0.1408
INFO:__main__:Predicted mean: -0.4356
INFO:__main__:Predicted uncertainity -0.7458
INFO:__main__:Completed epoch 48 of 100

INFO:__main__:NLL: 0.0340, L2: 0.0512, Reg: 0.0059
INFO:__main__:Total loss 0.0911
INFO:__main__:Predicted mean: -0.5062
INFO:__main__:Predicted uncertainity -0.7579
INFO:__main__:Completed epoch 49 of 100

INFO:__main__:NLL: 0.1883, L2: 0.0505, Reg: 0.0059
INFO:__main__:Total loss 0.2447
INFO:__main__:Predicted mean: -0.4093
INFO:__main__:Predicted uncertainity -0.7357
INFO:__main__:Completed epoch 50 of 100

INFO:__main__:NLL: 0.5019, L2: 0.0539, Reg: 0.0059
INFO:__main__:Total loss 0.5616
INFO:__main__:Predicted mean: -0.4830
INFO:__main__:Predicted uncertainity -0.6668
INFO:__main__:Completed epoch 51 of 100

INFO:__main__:NLL: 0.0951, L2: 0.0530, Reg: 0.0059
INFO:__main__:Total loss 0.1540
INFO:__main__:Predicted mean: -0.4354
INFO:__main__:Predicted uncertainity -0.6486
INFO:__main__:Completed epoch 52 of 100

INFO:__main__:NLL: 0.1415, L2: 0.0471, Reg: 0.0059
INFO:__main__:Total loss 0.1945
INFO:__main__:Predicted mean: -0.4182
INFO:__main__:Predicted uncertainity -0.6439
INFO:__main__:Completed epoch 53 of 100

INFO:__main__:NLL: 0.2524, L2: 0.0417, Reg: 0.0059
INFO:__main__:Total loss 0.3000
INFO:__main__:Predicted mean: -0.3782
INFO:__main__:Predicted uncertainity -0.5456
INFO:__main__:Completed epoch 54 of 100

INFO:__main__:NLL: 0.1725, L2: 0.0463, Reg: 0.0059
INFO:__main__:Total loss 0.2247
INFO:__main__:Predicted mean: -0.3666
INFO:__main__:Predicted uncertainity -0.6368
INFO:__main__:Completed epoch 55 of 100

INFO:__main__:NLL: 0.2634, L2: 0.0442, Reg: 0.0059
INFO:__main__:Total loss 0.3135
INFO:__main__:Predicted mean: -0.4325
INFO:__main__:Predicted uncertainity -0.6467
INFO:__main__:Completed epoch 56 of 100

INFO:__main__:NLL: 0.1367, L2: 0.0388, Reg: 0.0059
INFO:__main__:Total loss 0.1814
INFO:__main__:Predicted mean: -0.3783
INFO:__main__:Predicted uncertainity -0.6178
INFO:__main__:Completed epoch 57 of 100

INFO:__main__:NLL: 0.1241, L2: 0.0519, Reg: 0.0059
INFO:__main__:Total loss 0.1819
INFO:__main__:Predicted mean: -0.4372
INFO:__main__:Predicted uncertainity -0.6471
INFO:__main__:Completed epoch 58 of 100

INFO:__main__:NLL: 0.0940, L2: 0.0515, Reg: 0.0059
INFO:__main__:Total loss 0.1514
INFO:__main__:Predicted mean: -0.4429
INFO:__main__:Predicted uncertainity -0.6814
INFO:__main__:Completed epoch 59 of 100

INFO:__main__:NLL: 0.1747, L2: 0.0483, Reg: 0.0059
INFO:__main__:Total loss 0.2288
INFO:__main__:Predicted mean: -0.4636
INFO:__main__:Predicted uncertainity -0.6468
INFO:__main__:Completed epoch 60 of 100

INFO:__main__:NLL: 0.2407, L2: 0.0469, Reg: 0.0059
INFO:__main__:Total loss 0.2935
INFO:__main__:Predicted mean: -0.3572
INFO:__main__:Predicted uncertainity -0.6488
INFO:__main__:Completed epoch 61 of 100

INFO:__main__:NLL: 0.1953, L2: 0.0471, Reg: 0.0059
INFO:__main__:Total loss 0.2483
INFO:__main__:Predicted mean: -0.4027
INFO:__main__:Predicted uncertainity -0.6799
INFO:__main__:Completed epoch 62 of 100

INFO:__main__:NLL: 0.1148, L2: 0.0601, Reg: 0.0059
INFO:__main__:Total loss 0.1808
INFO:__main__:Predicted mean: -0.5361
INFO:__main__:Predicted uncertainity -0.6594
INFO:__main__:Completed epoch 63 of 100

INFO:__main__:NLL: 0.0302, L2: 0.0539, Reg: 0.0059
INFO:__main__:Total loss 0.0899
INFO:__main__:Predicted mean: -0.4479
INFO:__main__:Predicted uncertainity -0.7345
INFO:__main__:Completed epoch 64 of 100

INFO:__main__:NLL: 0.1335, L2: 0.0462, Reg: 0.0059
INFO:__main__:Total loss 0.1855
INFO:__main__:Predicted mean: -0.3961
INFO:__main__:Predicted uncertainity -0.6540
INFO:__main__:Completed epoch 65 of 100

INFO:__main__:NLL: 0.1796, L2: 0.0467, Reg: 0.0059
INFO:__main__:Total loss 0.2321
INFO:__main__:Predicted mean: -0.4576
INFO:__main__:Predicted uncertainity -0.6146
INFO:__main__:Completed epoch 66 of 100

INFO:__main__:NLL: 0.1258, L2: 0.0468, Reg: 0.0059
INFO:__main__:Total loss 0.1785
INFO:__main__:Predicted mean: -0.4379
INFO:__main__:Predicted uncertainity -0.6740
INFO:__main__:Completed epoch 67 of 100

INFO:__main__:NLL: 0.1231, L2: 0.0522, Reg: 0.0059
INFO:__main__:Total loss 0.1812
INFO:__main__:Predicted mean: -0.4342
INFO:__main__:Predicted uncertainity -0.7385
INFO:__main__:Completed epoch 68 of 100

INFO:__main__:NLL: 0.1378, L2: 0.0562, Reg: 0.0059
INFO:__main__:Total loss 0.1998
INFO:__main__:Predicted mean: -0.4715
INFO:__main__:Predicted uncertainity -0.7832
INFO:__main__:Completed epoch 69 of 100

INFO:__main__:NLL: 0.3960, L2: 0.0562, Reg: 0.0059
INFO:__main__:Total loss 0.4580
INFO:__main__:Predicted mean: -0.4974
INFO:__main__:Predicted uncertainity -0.7195
INFO:__main__:Completed epoch 70 of 100

INFO:__main__:NLL: 0.1465, L2: 0.0502, Reg: 0.0059
INFO:__main__:Total loss 0.2026
INFO:__main__:Predicted mean: -0.4934
INFO:__main__:Predicted uncertainity -0.6102
INFO:__main__:Completed epoch 71 of 100

INFO:__main__:NLL: 0.3035, L2: 0.0620, Reg: 0.0059
INFO:__main__:Total loss 0.3714
INFO:__main__:Predicted mean: -0.4765
INFO:__main__:Predicted uncertainity -0.8548
INFO:__main__:Completed epoch 72 of 100

INFO:__main__:NLL: 0.2255, L2: 0.0526, Reg: 0.0059
INFO:__main__:Total loss 0.2840
INFO:__main__:Predicted mean: -0.5208
INFO:__main__:Predicted uncertainity -0.7972
INFO:__main__:Completed epoch 73 of 100

INFO:__main__:NLL: 0.1485, L2: 0.0557, Reg: 0.0059
INFO:__main__:Total loss 0.2100
INFO:__main__:Predicted mean: -0.4565
INFO:__main__:Predicted uncertainity -0.6713
INFO:__main__:Completed epoch 74 of 100

INFO:__main__:NLL: 0.0537, L2: 0.0566, Reg: 0.0059
INFO:__main__:Total loss 0.1161
INFO:__main__:Predicted mean: -0.4685
INFO:__main__:Predicted uncertainity -0.6772
INFO:__main__:Completed epoch 75 of 100

INFO:__main__:NLL: 0.1646, L2: 0.0524, Reg: 0.0059
INFO:__main__:Total loss 0.2228
INFO:__main__:Predicted mean: -0.4457
INFO:__main__:Predicted uncertainity -0.7294
INFO:__main__:Completed epoch 76 of 100

INFO:__main__:NLL: 0.1736, L2: 0.0444, Reg: 0.0059
INFO:__main__:Total loss 0.2239
INFO:__main__:Predicted mean: -0.4638
INFO:__main__:Predicted uncertainity -0.6798
INFO:__main__:Completed epoch 77 of 100

INFO:__main__:NLL: 0.1814, L2: 0.0520, Reg: 0.0059
INFO:__main__:Total loss 0.2392
INFO:__main__:Predicted mean: -0.4371
INFO:__main__:Predicted uncertainity -0.6233
INFO:__main__:Completed epoch 78 of 100

INFO:__main__:NLL: 0.1474, L2: 0.0476, Reg: 0.0059
INFO:__main__:Total loss 0.2008
INFO:__main__:Predicted mean: -0.3718
INFO:__main__:Predicted uncertainity -0.6621
INFO:__main__:Completed epoch 79 of 100

INFO:__main__:NLL: 0.1423, L2: 0.0524, Reg: 0.0059
INFO:__main__:Total loss 0.2006
INFO:__main__:Predicted mean: -0.4514
INFO:__main__:Predicted uncertainity -0.6406
INFO:__main__:Completed epoch 80 of 100

INFO:__main__:NLL: 0.1912, L2: 0.0505, Reg: 0.0059
INFO:__main__:Total loss 0.2475
INFO:__main__:Predicted mean: -0.4282
INFO:__main__:Predicted uncertainity -0.5265
INFO:__main__:Completed epoch 81 of 100

INFO:__main__:NLL: 0.1700, L2: 0.0431, Reg: 0.0059
INFO:__main__:Total loss 0.2190
INFO:__main__:Predicted mean: -0.4256
INFO:__main__:Predicted uncertainity -0.6193
INFO:__main__:Completed epoch 82 of 100

INFO:__main__:NLL: 0.0370, L2: 0.0538, Reg: 0.0059
INFO:__main__:Total loss 0.0966
INFO:__main__:Predicted mean: -0.4889
INFO:__main__:Predicted uncertainity -0.7903
INFO:__main__:Completed epoch 83 of 100

INFO:__main__:NLL: 0.3015, L2: 0.0444, Reg: 0.0059
INFO:__main__:Total loss 0.3518
INFO:__main__:Predicted mean: -0.4251
INFO:__main__:Predicted uncertainity -0.7077
INFO:__main__:Completed epoch 84 of 100

INFO:__main__:NLL: 0.1790, L2: 0.0496, Reg: 0.0059
INFO:__main__:Total loss 0.2345
INFO:__main__:Predicted mean: -0.4238
INFO:__main__:Predicted uncertainity -0.6660
INFO:__main__:Completed epoch 85 of 100

INFO:__main__:NLL: -0.0059, L2: 0.0575, Reg: 0.0059
INFO:__main__:Total loss 0.0575
INFO:__main__:Predicted mean: -0.4429
INFO:__main__:Predicted uncertainity -0.7499
INFO:__main__:Completed epoch 86 of 100

INFO:__main__:NLL: 0.1233, L2: 0.0511, Reg: 0.0059
INFO:__main__:Total loss 0.1803
INFO:__main__:Predicted mean: -0.4389
INFO:__main__:Predicted uncertainity -0.6438
INFO:__main__:Completed epoch 87 of 100

INFO:__main__:NLL: 0.1472, L2: 0.0452, Reg: 0.0059
INFO:__main__:Total loss 0.1983
INFO:__main__:Predicted mean: -0.4223
INFO:__main__:Predicted uncertainity -0.5421
INFO:__main__:Completed epoch 88 of 100

INFO:__main__:NLL: 0.1638, L2: 0.0502, Reg: 0.0059
INFO:__main__:Total loss 0.2199
INFO:__main__:Predicted mean: -0.4344
INFO:__main__:Predicted uncertainity -0.6980
INFO:__main__:Completed epoch 89 of 100

INFO:__main__:NLL: 0.3307, L2: 0.0593, Reg: 0.0059
INFO:__main__:Total loss 0.3959
INFO:__main__:Predicted mean: -0.4589
INFO:__main__:Predicted uncertainity -0.7133
INFO:__main__:Completed epoch 90 of 100

INFO:__main__:NLL: 0.0619, L2: 0.0585, Reg: 0.0059
INFO:__main__:Total loss 0.1263
INFO:__main__:Predicted mean: -0.4873
INFO:__main__:Predicted uncertainity -0.7869
INFO:__main__:Completed epoch 91 of 100

INFO:__main__:NLL: 0.2748, L2: 0.0540, Reg: 0.0059
INFO:__main__:Total loss 0.3347
INFO:__main__:Predicted mean: -0.4543
INFO:__main__:Predicted uncertainity -0.8205
INFO:__main__:Completed epoch 92 of 100

INFO:__main__:NLL: 0.0972, L2: 0.0495, Reg: 0.0059
INFO:__main__:Total loss 0.1526
INFO:__main__:Predicted mean: -0.4083
INFO:__main__:Predicted uncertainity -0.7186
INFO:__main__:Completed epoch 93 of 100

INFO:__main__:NLL: 0.1698, L2: 0.0474, Reg: 0.0059
INFO:__main__:Total loss 0.2230
INFO:__main__:Predicted mean: -0.4076
INFO:__main__:Predicted uncertainity -0.6729
INFO:__main__:Completed epoch 94 of 100

INFO:__main__:NLL: 0.2298, L2: 0.0470, Reg: 0.0059
INFO:__main__:Total loss 0.2827
INFO:__main__:Predicted mean: -0.4272
INFO:__main__:Predicted uncertainity -0.6456
INFO:__main__:Completed epoch 95 of 100

INFO:__main__:NLL: 0.1594, L2: 0.0568, Reg: 0.0059
INFO:__main__:Total loss 0.2220
INFO:__main__:Predicted mean: -0.5099
INFO:__main__:Predicted uncertainity -0.6976
INFO:__main__:Completed epoch 96 of 100

INFO:__main__:NLL: 0.1857, L2: 0.0432, Reg: 0.0059
INFO:__main__:Total loss 0.2348
INFO:__main__:Predicted mean: -0.4328
INFO:__main__:Predicted uncertainity -0.6959
INFO:__main__:Completed epoch 97 of 100

INFO:__main__:NLL: 0.2250, L2: 0.0549, Reg: 0.0059
INFO:__main__:Total loss 0.2858
INFO:__main__:Predicted mean: -0.4379
INFO:__main__:Predicted uncertainity -0.6846
INFO:__main__:Completed epoch 98 of 100

INFO:__main__:NLL: 0.1842, L2: 0.0505, Reg: 0.0059
INFO:__main__:Total loss 0.2406
INFO:__main__:Predicted mean: -0.3987
INFO:__main__:Predicted uncertainity -0.7176
INFO:__main__:Completed epoch 99 of 100

INFO:__main__:NLL: 0.3109, L2: 0.0541, Reg: 0.0059
INFO:__main__:Total loss 0.3708
INFO:__main__:Predicted mean: -0.5089
INFO:__main__:Predicted uncertainity -0.7654
INFO:__main__:Completed epoch 100 of 100

INFO:__main__:468.015581 s
