INFO:__main__:PROCESS RUNNING ON cpu
INFO:__main__:NLL: 0.1564, L2: 0.0403, Reg: 0.0355
INFO:__main__:Total loss 0.2322
INFO:__main__:Predicted mean: -0.4212
INFO:__main__:Predicted uncertainity -0.5886
INFO:__main__:Completed epoch 1 of 100

INFO:__main__:NLL: 0.1408, L2: 0.0489, Reg: 0.0427
INFO:__main__:Total loss 0.2324
INFO:__main__:Predicted mean: -0.4400
INFO:__main__:Predicted uncertainity -0.6528
INFO:__main__:Completed epoch 2 of 100

INFO:__main__:NLL: 0.2450, L2: 0.0395, Reg: 0.0277
INFO:__main__:Total loss 0.3122
INFO:__main__:Predicted mean: -0.4502
INFO:__main__:Predicted uncertainity -0.5490
INFO:__main__:Completed epoch 3 of 100

INFO:__main__:NLL: 0.1851, L2: 0.0364, Reg: 0.0229
INFO:__main__:Total loss 0.2445
INFO:__main__:Predicted mean: -0.4063
INFO:__main__:Predicted uncertainity -0.5408
INFO:__main__:Completed epoch 4 of 100

INFO:__main__:NLL: 0.1898, L2: 0.0383, Reg: 0.0310
INFO:__main__:Total loss 0.2591
INFO:__main__:Predicted mean: -0.4656
INFO:__main__:Predicted uncertainity -0.4853
INFO:__main__:Completed epoch 5 of 100

INFO:__main__:NLL: 0.1896, L2: 0.0484, Reg: 0.0367
INFO:__main__:Total loss 0.2747
INFO:__main__:Predicted mean: -0.4770
INFO:__main__:Predicted uncertainity -0.5550
INFO:__main__:Completed epoch 6 of 100

INFO:__main__:NLL: 0.1910, L2: 0.0452, Reg: 0.0434
INFO:__main__:Total loss 0.2796
INFO:__main__:Predicted mean: -0.4272
INFO:__main__:Predicted uncertainity -0.5584
INFO:__main__:Completed epoch 7 of 100

INFO:__main__:NLL: 0.2293, L2: 0.0407, Reg: 0.0324
INFO:__main__:Total loss 0.3023
INFO:__main__:Predicted mean: -0.4242
INFO:__main__:Predicted uncertainity -0.5383
INFO:__main__:Completed epoch 8 of 100

INFO:__main__:NLL: 0.1053, L2: 0.0474, Reg: 0.0510
INFO:__main__:Total loss 0.2037
INFO:__main__:Predicted mean: -0.4103
INFO:__main__:Predicted uncertainity -0.6224
INFO:__main__:Completed epoch 9 of 100

INFO:__main__:NLL: 0.2191, L2: 0.0422, Reg: 0.0357
INFO:__main__:Total loss 0.2970
INFO:__main__:Predicted mean: -0.4546
INFO:__main__:Predicted uncertainity -0.6216
INFO:__main__:Completed epoch 10 of 100

INFO:__main__:NLL: 0.1234, L2: 0.0444, Reg: 0.0310
INFO:__main__:Total loss 0.1988
INFO:__main__:Predicted mean: -0.4680
INFO:__main__:Predicted uncertainity -0.6315
INFO:__main__:Completed epoch 11 of 100

INFO:__main__:NLL: 0.1822, L2: 0.0403, Reg: 0.0373
INFO:__main__:Total loss 0.2599
INFO:__main__:Predicted mean: -0.3932
INFO:__main__:Predicted uncertainity -0.4668
INFO:__main__:Completed epoch 12 of 100

INFO:__main__:NLL: 0.1448, L2: 0.0451, Reg: 0.0450
INFO:__main__:Total loss 0.2348
INFO:__main__:Predicted mean: -0.4253
INFO:__main__:Predicted uncertainity -0.6499
INFO:__main__:Completed epoch 13 of 100

INFO:__main__:NLL: 0.2310, L2: 0.0466, Reg: 0.0447
INFO:__main__:Total loss 0.3223
INFO:__main__:Predicted mean: -0.4692
INFO:__main__:Predicted uncertainity -0.6558
INFO:__main__:Completed epoch 14 of 100

INFO:__main__:NLL: 0.2482, L2: 0.0448, Reg: 0.0358
INFO:__main__:Total loss 0.3288
INFO:__main__:Predicted mean: -0.4272
INFO:__main__:Predicted uncertainity -0.6249
INFO:__main__:Completed epoch 15 of 100

INFO:__main__:NLL: 0.1817, L2: 0.0421, Reg: 0.0403
INFO:__main__:Total loss 0.2641
INFO:__main__:Predicted mean: -0.4030
INFO:__main__:Predicted uncertainity -0.5952
INFO:__main__:Completed epoch 16 of 100

INFO:__main__:NLL: 0.0830, L2: 0.0447, Reg: 0.0338
INFO:__main__:Total loss 0.1615
INFO:__main__:Predicted mean: -0.4312
INFO:__main__:Predicted uncertainity -0.6466
INFO:__main__:Completed epoch 17 of 100

INFO:__main__:NLL: 0.1648, L2: 0.0420, Reg: 0.0324
INFO:__main__:Total loss 0.2391
INFO:__main__:Predicted mean: -0.4422
INFO:__main__:Predicted uncertainity -0.6289
INFO:__main__:Completed epoch 18 of 100

INFO:__main__:NLL: 0.1532, L2: 0.0379, Reg: 0.0280
INFO:__main__:Total loss 0.2191
INFO:__main__:Predicted mean: -0.4003
INFO:__main__:Predicted uncertainity -0.5271
INFO:__main__:Completed epoch 19 of 100

INFO:__main__:NLL: 0.2100, L2: 0.0408, Reg: 0.0248
INFO:__main__:Total loss 0.2757
INFO:__main__:Predicted mean: -0.4210
INFO:__main__:Predicted uncertainity -0.4876
INFO:__main__:Completed epoch 20 of 100

INFO:__main__:NLL: 0.1527, L2: 0.0459, Reg: 0.0353
INFO:__main__:Total loss 0.2340
INFO:__main__:Predicted mean: -0.4724
INFO:__main__:Predicted uncertainity -0.5736
INFO:__main__:Completed epoch 21 of 100

INFO:__main__:NLL: 0.1887, L2: 0.0380, Reg: 0.0292
INFO:__main__:Total loss 0.2560
INFO:__main__:Predicted mean: -0.3768
INFO:__main__:Predicted uncertainity -0.5616
INFO:__main__:Completed epoch 22 of 100

INFO:__main__:NLL: 0.2236, L2: 0.0438, Reg: 0.0378
INFO:__main__:Total loss 0.3052
INFO:__main__:Predicted mean: -0.4315
INFO:__main__:Predicted uncertainity -0.5032
INFO:__main__:Completed epoch 23 of 100

INFO:__main__:NLL: 0.2014, L2: 0.0377, Reg: 0.0277
INFO:__main__:Total loss 0.2668
INFO:__main__:Predicted mean: -0.3831
INFO:__main__:Predicted uncertainity -0.5346
INFO:__main__:Completed epoch 24 of 100

INFO:__main__:NLL: 0.2861, L2: 0.0475, Reg: 0.0333
INFO:__main__:Total loss 0.3669
INFO:__main__:Predicted mean: -0.4090
INFO:__main__:Predicted uncertainity -0.5501
INFO:__main__:Completed epoch 25 of 100

INFO:__main__:NLL: 0.1375, L2: 0.0390, Reg: 0.0292
INFO:__main__:Total loss 0.2057
INFO:__main__:Predicted mean: -0.4348
INFO:__main__:Predicted uncertainity -0.5553
INFO:__main__:Completed epoch 26 of 100

INFO:__main__:NLL: 0.2274, L2: 0.0390, Reg: 0.0280
INFO:__main__:Total loss 0.2944
INFO:__main__:Predicted mean: -0.4265
INFO:__main__:Predicted uncertainity -0.5797
INFO:__main__:Completed epoch 27 of 100

INFO:__main__:NLL: 0.2049, L2: 0.0401, Reg: 0.0341
INFO:__main__:Total loss 0.2791
INFO:__main__:Predicted mean: -0.3993
INFO:__main__:Predicted uncertainity -0.5423
INFO:__main__:Completed epoch 28 of 100

INFO:__main__:NLL: 0.2274, L2: 0.0404, Reg: 0.0321
INFO:__main__:Total loss 0.2999
INFO:__main__:Predicted mean: -0.4236
INFO:__main__:Predicted uncertainity -0.5603
INFO:__main__:Completed epoch 29 of 100

INFO:__main__:NLL: 0.2020, L2: 0.0338, Reg: 0.0224
INFO:__main__:Total loss 0.2581
INFO:__main__:Predicted mean: -0.3867
INFO:__main__:Predicted uncertainity -0.4959
INFO:__main__:Completed epoch 30 of 100

INFO:__main__:NLL: 0.2163, L2: 0.0393, Reg: 0.0335
INFO:__main__:Total loss 0.2891
INFO:__main__:Predicted mean: -0.4239
INFO:__main__:Predicted uncertainity -0.5540
INFO:__main__:Completed epoch 31 of 100

INFO:__main__:NLL: 0.1592, L2: 0.0392, Reg: 0.0300
INFO:__main__:Total loss 0.2283
INFO:__main__:Predicted mean: -0.4239
INFO:__main__:Predicted uncertainity -0.6044
INFO:__main__:Completed epoch 32 of 100

INFO:__main__:NLL: 0.1474, L2: 0.0516, Reg: 0.0433
INFO:__main__:Total loss 0.2424
INFO:__main__:Predicted mean: -0.4400
INFO:__main__:Predicted uncertainity -0.5082
INFO:__main__:Completed epoch 33 of 100

INFO:__main__:NLL: 0.1744, L2: 0.0414, Reg: 0.0292
INFO:__main__:Total loss 0.2449
INFO:__main__:Predicted mean: -0.3989
INFO:__main__:Predicted uncertainity -0.4718
INFO:__main__:Completed epoch 34 of 100

INFO:__main__:NLL: 0.1338, L2: 0.0421, Reg: 0.0301
INFO:__main__:Total loss 0.2059
INFO:__main__:Predicted mean: -0.4324
INFO:__main__:Predicted uncertainity -0.5859
INFO:__main__:Completed epoch 35 of 100

INFO:__main__:NLL: 0.1948, L2: 0.0429, Reg: 0.0341
INFO:__main__:Total loss 0.2719
INFO:__main__:Predicted mean: -0.3950
INFO:__main__:Predicted uncertainity -0.5646
INFO:__main__:Completed epoch 36 of 100

INFO:__main__:NLL: 0.1424, L2: 0.0388, Reg: 0.0311
INFO:__main__:Total loss 0.2123
INFO:__main__:Predicted mean: -0.4163
INFO:__main__:Predicted uncertainity -0.6074
INFO:__main__:Completed epoch 37 of 100

INFO:__main__:NLL: 0.3043, L2: 0.0437, Reg: 0.0298
INFO:__main__:Total loss 0.3778
INFO:__main__:Predicted mean: -0.4674
INFO:__main__:Predicted uncertainity -0.5761
INFO:__main__:Completed epoch 38 of 100

INFO:__main__:NLL: 0.1111, L2: 0.0460, Reg: 0.0298
INFO:__main__:Total loss 0.1869
INFO:__main__:Predicted mean: -0.4364
INFO:__main__:Predicted uncertainity -0.5211
INFO:__main__:Completed epoch 39 of 100

INFO:__main__:NLL: 0.1610, L2: 0.0429, Reg: 0.0307
INFO:__main__:Total loss 0.2346
INFO:__main__:Predicted mean: -0.4401
INFO:__main__:Predicted uncertainity -0.5603
INFO:__main__:Completed epoch 40 of 100

INFO:__main__:NLL: 0.1331, L2: 0.0433, Reg: 0.0360
INFO:__main__:Total loss 0.2125
INFO:__main__:Predicted mean: -0.4331
INFO:__main__:Predicted uncertainity -0.6064
INFO:__main__:Completed epoch 41 of 100

INFO:__main__:NLL: 0.1484, L2: 0.0462, Reg: 0.0424
INFO:__main__:Total loss 0.2370
INFO:__main__:Predicted mean: -0.4304
INFO:__main__:Predicted uncertainity -0.6116
INFO:__main__:Completed epoch 42 of 100

INFO:__main__:NLL: 0.1717, L2: 0.0438, Reg: 0.0303
INFO:__main__:Total loss 0.2458
INFO:__main__:Predicted mean: -0.4141
INFO:__main__:Predicted uncertainity -0.5400
INFO:__main__:Completed epoch 43 of 100

INFO:__main__:NLL: 0.2027, L2: 0.0425, Reg: 0.0317
INFO:__main__:Total loss 0.2769
INFO:__main__:Predicted mean: -0.4393
INFO:__main__:Predicted uncertainity -0.5327
INFO:__main__:Completed epoch 44 of 100

INFO:__main__:NLL: 0.2598, L2: 0.0421, Reg: 0.0373
INFO:__main__:Total loss 0.3392
INFO:__main__:Predicted mean: -0.4595
INFO:__main__:Predicted uncertainity -0.5893
INFO:__main__:Completed epoch 45 of 100

INFO:__main__:NLL: 0.1573, L2: 0.0449, Reg: 0.0386
INFO:__main__:Total loss 0.2408
INFO:__main__:Predicted mean: -0.4070
INFO:__main__:Predicted uncertainity -0.5831
INFO:__main__:Completed epoch 46 of 100

INFO:__main__:NLL: 0.1334, L2: 0.0476, Reg: 0.0432
INFO:__main__:Total loss 0.2242
INFO:__main__:Predicted mean: -0.4859
INFO:__main__:Predicted uncertainity -0.7008
INFO:__main__:Completed epoch 47 of 100

INFO:__main__:NLL: 0.1636, L2: 0.0479, Reg: 0.0313
INFO:__main__:Total loss 0.2428
INFO:__main__:Predicted mean: -0.3956
INFO:__main__:Predicted uncertainity -0.5481
INFO:__main__:Completed epoch 48 of 100

INFO:__main__:NLL: 0.0958, L2: 0.0463, Reg: 0.0409
INFO:__main__:Total loss 0.1830
INFO:__main__:Predicted mean: -0.4450
INFO:__main__:Predicted uncertainity -0.5539
INFO:__main__:Completed epoch 49 of 100

INFO:__main__:NLL: 0.1721, L2: 0.0406, Reg: 0.0288
INFO:__main__:Total loss 0.2415
INFO:__main__:Predicted mean: -0.3755
INFO:__main__:Predicted uncertainity -0.5251
INFO:__main__:Completed epoch 50 of 100

INFO:__main__:NLL: 0.3970, L2: 0.0459, Reg: 0.0374
INFO:__main__:Total loss 0.4802
INFO:__main__:Predicted mean: -0.4305
INFO:__main__:Predicted uncertainity -0.5990
INFO:__main__:Completed epoch 51 of 100

INFO:__main__:NLL: 0.1440, L2: 0.0402, Reg: 0.0273
INFO:__main__:Total loss 0.2115
INFO:__main__:Predicted mean: -0.4233
INFO:__main__:Predicted uncertainity -0.5132
INFO:__main__:Completed epoch 52 of 100

INFO:__main__:NLL: 0.1611, L2: 0.0393, Reg: 0.0243
INFO:__main__:Total loss 0.2248
INFO:__main__:Predicted mean: -0.3826
INFO:__main__:Predicted uncertainity -0.5108
INFO:__main__:Completed epoch 53 of 100

INFO:__main__:NLL: 0.2488, L2: 0.0379, Reg: 0.0228
INFO:__main__:Total loss 0.3095
INFO:__main__:Predicted mean: -0.3737
INFO:__main__:Predicted uncertainity -0.4752
INFO:__main__:Completed epoch 54 of 100

INFO:__main__:NLL: 0.1845, L2: 0.0369, Reg: 0.0255
INFO:__main__:Total loss 0.2470
INFO:__main__:Predicted mean: -0.3499
INFO:__main__:Predicted uncertainity -0.4963
INFO:__main__:Completed epoch 55 of 100

INFO:__main__:NLL: 0.2576, L2: 0.0341, Reg: 0.0294
INFO:__main__:Total loss 0.3211
INFO:__main__:Predicted mean: -0.3850
INFO:__main__:Predicted uncertainity -0.4986
INFO:__main__:Completed epoch 56 of 100

INFO:__main__:NLL: 0.1931, L2: 0.0332, Reg: 0.0221
INFO:__main__:Total loss 0.2484
INFO:__main__:Predicted mean: -0.3827
INFO:__main__:Predicted uncertainity -0.5041
INFO:__main__:Completed epoch 57 of 100

INFO:__main__:NLL: 0.1325, L2: 0.0363, Reg: 0.0309
INFO:__main__:Total loss 0.1996
INFO:__main__:Predicted mean: -0.4016
INFO:__main__:Predicted uncertainity -0.5627
INFO:__main__:Completed epoch 58 of 100

INFO:__main__:NLL: 0.1639, L2: 0.0406, Reg: 0.0363
INFO:__main__:Total loss 0.2408
INFO:__main__:Predicted mean: -0.4218
INFO:__main__:Predicted uncertainity -0.5657
INFO:__main__:Completed epoch 59 of 100

INFO:__main__:NLL: 0.2186, L2: 0.0430, Reg: 0.0279
INFO:__main__:Total loss 0.2895
INFO:__main__:Predicted mean: -0.4522
INFO:__main__:Predicted uncertainity -0.5396
INFO:__main__:Completed epoch 60 of 100

INFO:__main__:NLL: 0.2424, L2: 0.0344, Reg: 0.0245
INFO:__main__:Total loss 0.3014
INFO:__main__:Predicted mean: -0.3748
INFO:__main__:Predicted uncertainity -0.4970
INFO:__main__:Completed epoch 61 of 100

INFO:__main__:NLL: 0.1951, L2: 0.0348, Reg: 0.0294
INFO:__main__:Total loss 0.2593
INFO:__main__:Predicted mean: -0.4002
INFO:__main__:Predicted uncertainity -0.5556
INFO:__main__:Completed epoch 62 of 100

INFO:__main__:NLL: 0.1770, L2: 0.0471, Reg: 0.0312
INFO:__main__:Total loss 0.2553
INFO:__main__:Predicted mean: -0.4765
INFO:__main__:Predicted uncertainity -0.5762
INFO:__main__:Completed epoch 63 of 100

INFO:__main__:NLL: 0.0823, L2: 0.0513, Reg: 0.0459
INFO:__main__:Total loss 0.1795
INFO:__main__:Predicted mean: -0.4172
INFO:__main__:Predicted uncertainity -0.5709
INFO:__main__:Completed epoch 64 of 100

INFO:__main__:NLL: 0.1525, L2: 0.0388, Reg: 0.0274
INFO:__main__:Total loss 0.2188
INFO:__main__:Predicted mean: -0.3724
INFO:__main__:Predicted uncertainity -0.5165
INFO:__main__:Completed epoch 65 of 100

INFO:__main__:NLL: 0.1709, L2: 0.0415, Reg: 0.0315
INFO:__main__:Total loss 0.2439
INFO:__main__:Predicted mean: -0.4250
INFO:__main__:Predicted uncertainity -0.5543
INFO:__main__:Completed epoch 66 of 100

INFO:__main__:NLL: 0.1671, L2: 0.0372, Reg: 0.0242
INFO:__main__:Total loss 0.2284
INFO:__main__:Predicted mean: -0.3976
INFO:__main__:Predicted uncertainity -0.5365
INFO:__main__:Completed epoch 67 of 100

INFO:__main__:NLL: 0.1336, L2: 0.0458, Reg: 0.0445
INFO:__main__:Total loss 0.2239
INFO:__main__:Predicted mean: -0.4051
INFO:__main__:Predicted uncertainity -0.6684
INFO:__main__:Completed epoch 68 of 100

INFO:__main__:NLL: 0.1334, L2: 0.0487, Reg: 0.0462
INFO:__main__:Total loss 0.2283
INFO:__main__:Predicted mean: -0.4658
INFO:__main__:Predicted uncertainity -0.6475
INFO:__main__:Completed epoch 69 of 100

INFO:__main__:NLL: 0.3422, L2: 0.0492, Reg: 0.0447
INFO:__main__:Total loss 0.4360
INFO:__main__:Predicted mean: -0.4745
INFO:__main__:Predicted uncertainity -0.6299
INFO:__main__:Completed epoch 70 of 100

INFO:__main__:NLL: 0.1164, L2: 0.0465, Reg: 0.0396
INFO:__main__:Total loss 0.2025
INFO:__main__:Predicted mean: -0.4593
INFO:__main__:Predicted uncertainity -0.5560
INFO:__main__:Completed epoch 71 of 100

INFO:__main__:NLL: 0.2259, L2: 0.0478, Reg: 0.0541
INFO:__main__:Total loss 0.3277
INFO:__main__:Predicted mean: -0.4207
INFO:__main__:Predicted uncertainity -0.6350
INFO:__main__:Completed epoch 72 of 100

INFO:__main__:NLL: 0.2266, L2: 0.0421, Reg: 0.0338
INFO:__main__:Total loss 0.3025
INFO:__main__:Predicted mean: -0.4619
INFO:__main__:Predicted uncertainity -0.5702
INFO:__main__:Completed epoch 73 of 100

INFO:__main__:NLL: 0.1726, L2: 0.0469, Reg: 0.0384
INFO:__main__:Total loss 0.2579
INFO:__main__:Predicted mean: -0.4551
INFO:__main__:Predicted uncertainity -0.5877
INFO:__main__:Completed epoch 74 of 100

INFO:__main__:NLL: 0.1410, L2: 0.0437, Reg: 0.0332
INFO:__main__:Total loss 0.2179
INFO:__main__:Predicted mean: -0.4565
INFO:__main__:Predicted uncertainity -0.5535
INFO:__main__:Completed epoch 75 of 100

INFO:__main__:NLL: 0.2011, L2: 0.0384, Reg: 0.0303
INFO:__main__:Total loss 0.2699
INFO:__main__:Predicted mean: -0.4261
INFO:__main__:Predicted uncertainity -0.5779
INFO:__main__:Completed epoch 76 of 100

INFO:__main__:NLL: 0.1796, L2: 0.0387, Reg: 0.0316
INFO:__main__:Total loss 0.2500
INFO:__main__:Predicted mean: -0.4275
INFO:__main__:Predicted uncertainity -0.5417
INFO:__main__:Completed epoch 77 of 100

INFO:__main__:NLL: 0.2247, L2: 0.0429, Reg: 0.0319
INFO:__main__:Total loss 0.2995
INFO:__main__:Predicted mean: -0.4305
INFO:__main__:Predicted uncertainity -0.5386
INFO:__main__:Completed epoch 78 of 100

INFO:__main__:NLL: 0.2055, L2: 0.0379, Reg: 0.0226
INFO:__main__:Total loss 0.2661
INFO:__main__:Predicted mean: -0.3876
INFO:__main__:Predicted uncertainity -0.5358
INFO:__main__:Completed epoch 79 of 100

INFO:__main__:NLL: 0.1770, L2: 0.0420, Reg: 0.0399
INFO:__main__:Total loss 0.2589
INFO:__main__:Predicted mean: -0.4400
INFO:__main__:Predicted uncertainity -0.5870
INFO:__main__:Completed epoch 80 of 100

INFO:__main__:NLL: 0.2315, L2: 0.0381, Reg: 0.0243
INFO:__main__:Total loss 0.2938
INFO:__main__:Predicted mean: -0.3757
INFO:__main__:Predicted uncertainity -0.4836
INFO:__main__:Completed epoch 81 of 100

INFO:__main__:NLL: 0.1771, L2: 0.0378, Reg: 0.0321
INFO:__main__:Total loss 0.2470
INFO:__main__:Predicted mean: -0.4215
INFO:__main__:Predicted uncertainity -0.5334
INFO:__main__:Completed epoch 82 of 100

INFO:__main__:NLL: 0.0857, L2: 0.0457, Reg: 0.0342
INFO:__main__:Total loss 0.1656
INFO:__main__:Predicted mean: -0.4674
INFO:__main__:Predicted uncertainity -0.6780
INFO:__main__:Completed epoch 83 of 100

INFO:__main__:NLL: 0.2945, L2: 0.0355, Reg: 0.0298
INFO:__main__:Total loss 0.3597
INFO:__main__:Predicted mean: -0.4188
INFO:__main__:Predicted uncertainity -0.5355
INFO:__main__:Completed epoch 84 of 100

INFO:__main__:NLL: 0.1673, L2: 0.0417, Reg: 0.0326
INFO:__main__:Total loss 0.2416
INFO:__main__:Predicted mean: -0.4233
INFO:__main__:Predicted uncertainity -0.6013
INFO:__main__:Completed epoch 85 of 100

INFO:__main__:NLL: 0.0534, L2: 0.0479, Reg: 0.0433
INFO:__main__:Total loss 0.1446
INFO:__main__:Predicted mean: -0.4145
INFO:__main__:Predicted uncertainity -0.6214
INFO:__main__:Completed epoch 86 of 100

INFO:__main__:NLL: 0.1866, L2: 0.0402, Reg: 0.0243
INFO:__main__:Total loss 0.2510
INFO:__main__:Predicted mean: -0.4332
INFO:__main__:Predicted uncertainity -0.4838
INFO:__main__:Completed epoch 87 of 100

INFO:__main__:NLL: 0.1868, L2: 0.0362, Reg: 0.0275
INFO:__main__:Total loss 0.2505
INFO:__main__:Predicted mean: -0.3943
INFO:__main__:Predicted uncertainity -0.4698
INFO:__main__:Completed epoch 88 of 100

INFO:__main__:NLL: 0.1724, L2: 0.0413, Reg: 0.0345
INFO:__main__:Total loss 0.2482
INFO:__main__:Predicted mean: -0.3982
INFO:__main__:Predicted uncertainity -0.5586
INFO:__main__:Completed epoch 89 of 100

INFO:__main__:NLL: 0.1888, L2: 0.0495, Reg: 0.0435
INFO:__main__:Total loss 0.2818
INFO:__main__:Predicted mean: -0.4193
INFO:__main__:Predicted uncertainity -0.5671
INFO:__main__:Completed epoch 90 of 100

INFO:__main__:NLL: 0.1171, L2: 0.0451, Reg: 0.0406
INFO:__main__:Total loss 0.2028
INFO:__main__:Predicted mean: -0.4605
INFO:__main__:Predicted uncertainity -0.6313
INFO:__main__:Completed epoch 91 of 100

INFO:__main__:NLL: 0.2291, L2: 0.0493, Reg: 0.0461
INFO:__main__:Total loss 0.3245
INFO:__main__:Predicted mean: -0.4357
INFO:__main__:Predicted uncertainity -0.6480
INFO:__main__:Completed epoch 92 of 100

INFO:__main__:NLL: 0.1564, L2: 0.0335, Reg: 0.0279
INFO:__main__:Total loss 0.2178
INFO:__main__:Predicted mean: -0.3828
INFO:__main__:Predicted uncertainity -0.5214
INFO:__main__:Completed epoch 93 of 100

INFO:__main__:NLL: 0.1900, L2: 0.0395, Reg: 0.0314
INFO:__main__:Total loss 0.2608
INFO:__main__:Predicted mean: -0.3836
INFO:__main__:Predicted uncertainity -0.5880
INFO:__main__:Completed epoch 94 of 100

INFO:__main__:NLL: 0.1854, L2: 0.0398, Reg: 0.0294
INFO:__main__:Total loss 0.2547
INFO:__main__:Predicted mean: -0.3867
INFO:__main__:Predicted uncertainity -0.5001
INFO:__main__:Completed epoch 95 of 100

INFO:__main__:NLL: 0.1524, L2: 0.0472, Reg: 0.0347
INFO:__main__:Total loss 0.2344
INFO:__main__:Predicted mean: -0.4468
INFO:__main__:Predicted uncertainity -0.5605
INFO:__main__:Completed epoch 96 of 100

INFO:__main__:NLL: 0.2097, L2: 0.0372, Reg: 0.0258
INFO:__main__:Total loss 0.2727
INFO:__main__:Predicted mean: -0.4248
INFO:__main__:Predicted uncertainity -0.5767
INFO:__main__:Completed epoch 97 of 100

INFO:__main__:NLL: 0.1956, L2: 0.0471, Reg: 0.0392
INFO:__main__:Total loss 0.2820
INFO:__main__:Predicted mean: -0.4009
INFO:__main__:Predicted uncertainity -0.6015
INFO:__main__:Completed epoch 98 of 100

INFO:__main__:NLL: 0.2320, L2: 0.0221, Reg: 0.0267
INFO:__main__:Total loss 0.2808
INFO:__main__:Predicted mean: -0.4247
INFO:__main__:Predicted uncertainity -0.5309
INFO:__main__:Completed epoch 99 of 100

INFO:__main__:NLL: 0.2791, L2: 0.0248, Reg: 0.0287
INFO:__main__:Total loss 0.3325
INFO:__main__:Predicted mean: -0.4197
INFO:__main__:Predicted uncertainity -0.5477
INFO:__main__:Completed epoch 100 of 100

INFO:__main__:423.844637 s
