INFO:__main__:PROCESS RUNNING ON cpu
INFO:__main__:NLL: 0.1443, L2: 0.0060, Reg: 0.0540
INFO:__main__:Total loss 0.2042
INFO:__main__:Predicted mean: -0.4677
INFO:__main__:Predicted uncertainity -0.6205
INFO:__main__:Completed epoch 1 of 100

INFO:__main__:NLL: 0.1775, L2: 0.0060, Reg: 0.0532
INFO:__main__:Total loss 0.2368
INFO:__main__:Predicted mean: -0.4249
INFO:__main__:Predicted uncertainity -0.6337
INFO:__main__:Completed epoch 2 of 100

INFO:__main__:NLL: 0.0954, L2: 0.0065, Reg: 0.0579
INFO:__main__:Total loss 0.1599
INFO:__main__:Predicted mean: -0.4078
INFO:__main__:Predicted uncertainity -0.5882
INFO:__main__:Completed epoch 3 of 100

INFO:__main__:NLL: -0.0139, L2: 0.0069, Reg: 0.0614
INFO:__main__:Total loss 0.0544
INFO:__main__:Predicted mean: -0.4443
INFO:__main__:Predicted uncertainity -0.6949
INFO:__main__:Completed epoch 4 of 100

INFO:__main__:NLL: 0.1630, L2: 0.0071, Reg: 0.0538
INFO:__main__:Total loss 0.2239
INFO:__main__:Predicted mean: -0.4138
INFO:__main__:Predicted uncertainity -0.6172
INFO:__main__:Completed epoch 5 of 100

INFO:__main__:NLL: 0.0648, L2: 0.0068, Reg: 0.0520
INFO:__main__:Total loss 0.1237
INFO:__main__:Predicted mean: -0.3927
INFO:__main__:Predicted uncertainity -0.5888
INFO:__main__:Completed epoch 6 of 100

INFO:__main__:NLL: 0.0030, L2: 0.0069, Reg: 0.0496
INFO:__main__:Total loss 0.0595
INFO:__main__:Predicted mean: -0.4063
INFO:__main__:Predicted uncertainity -0.6591
INFO:__main__:Completed epoch 7 of 100

INFO:__main__:NLL: 0.2221, L2: 0.0072, Reg: 0.0619
INFO:__main__:Total loss 0.2912
INFO:__main__:Predicted mean: -0.4525
INFO:__main__:Predicted uncertainity -0.6440
INFO:__main__:Completed epoch 8 of 100

INFO:__main__:NLL: 0.0644, L2: 0.0077, Reg: 0.0512
INFO:__main__:Total loss 0.1233
INFO:__main__:Predicted mean: -0.4227
INFO:__main__:Predicted uncertainity -0.7177
INFO:__main__:Completed epoch 9 of 100

INFO:__main__:NLL: 0.2016, L2: 0.0076, Reg: 0.0538
INFO:__main__:Total loss 0.2631
INFO:__main__:Predicted mean: -0.3836
INFO:__main__:Predicted uncertainity -0.6303
INFO:__main__:Completed epoch 10 of 100

INFO:__main__:NLL: 0.0898, L2: 0.0078, Reg: 0.0485
INFO:__main__:Total loss 0.1461
INFO:__main__:Predicted mean: -0.4101
INFO:__main__:Predicted uncertainity -0.6806
INFO:__main__:Completed epoch 11 of 100

INFO:__main__:NLL: 0.1870, L2: 0.0079, Reg: 0.0464
INFO:__main__:Total loss 0.2413
INFO:__main__:Predicted mean: -0.4522
INFO:__main__:Predicted uncertainity -0.5959
INFO:__main__:Completed epoch 12 of 100

INFO:__main__:NLL: 0.0753, L2: 0.0078, Reg: 0.0499
INFO:__main__:Total loss 0.1330
INFO:__main__:Predicted mean: -0.4268
INFO:__main__:Predicted uncertainity -0.6059
INFO:__main__:Completed epoch 13 of 100

INFO:__main__:NLL: 0.1025, L2: 0.0080, Reg: 0.0481
INFO:__main__:Total loss 0.1585
INFO:__main__:Predicted mean: -0.4231
INFO:__main__:Predicted uncertainity -0.5322
INFO:__main__:Completed epoch 14 of 100

INFO:__main__:NLL: 0.0147, L2: 0.0082, Reg: 0.0503
INFO:__main__:Total loss 0.0731
INFO:__main__:Predicted mean: -0.3768
INFO:__main__:Predicted uncertainity -0.6543
INFO:__main__:Completed epoch 15 of 100

INFO:__main__:NLL: 0.1278, L2: 0.0076, Reg: 0.0563
INFO:__main__:Total loss 0.1917
INFO:__main__:Predicted mean: -0.4206
INFO:__main__:Predicted uncertainity -0.6504
INFO:__main__:Completed epoch 16 of 100

INFO:__main__:NLL: 0.0430, L2: 0.0081, Reg: 0.0549
INFO:__main__:Total loss 0.1060
INFO:__main__:Predicted mean: -0.3924
INFO:__main__:Predicted uncertainity -0.6933
INFO:__main__:Completed epoch 17 of 100

INFO:__main__:NLL: 0.1212, L2: 0.0081, Reg: 0.0643
INFO:__main__:Total loss 0.1935
INFO:__main__:Predicted mean: -0.3862
INFO:__main__:Predicted uncertainity -0.6242
INFO:__main__:Completed epoch 18 of 100

INFO:__main__:NLL: 0.0201, L2: 0.0080, Reg: 0.0567
INFO:__main__:Total loss 0.0847
INFO:__main__:Predicted mean: -0.3800
INFO:__main__:Predicted uncertainity -0.6627
INFO:__main__:Completed epoch 19 of 100

INFO:__main__:NLL: 0.0569, L2: 0.0076, Reg: 0.0537
INFO:__main__:Total loss 0.1182
INFO:__main__:Predicted mean: -0.4338
INFO:__main__:Predicted uncertainity -0.6682
INFO:__main__:Completed epoch 20 of 100

INFO:__main__:NLL: 0.1357, L2: 0.0074, Reg: 0.0434
INFO:__main__:Total loss 0.1865
INFO:__main__:Predicted mean: -0.3987
INFO:__main__:Predicted uncertainity -0.6276
INFO:__main__:Completed epoch 21 of 100

INFO:__main__:NLL: 0.0943, L2: 0.0075, Reg: 0.0519
INFO:__main__:Total loss 0.1536
INFO:__main__:Predicted mean: -0.4034
INFO:__main__:Predicted uncertainity -0.6321
INFO:__main__:Completed epoch 22 of 100

INFO:__main__:NLL: 0.3422, L2: 0.0078, Reg: 0.0569
INFO:__main__:Total loss 0.4069
INFO:__main__:Predicted mean: -0.3909
INFO:__main__:Predicted uncertainity -0.6858
INFO:__main__:Completed epoch 23 of 100

INFO:__main__:NLL: 0.0212, L2: 0.0079, Reg: 0.0655
INFO:__main__:Total loss 0.0946
INFO:__main__:Predicted mean: -0.3713
INFO:__main__:Predicted uncertainity -0.6009
INFO:__main__:Completed epoch 24 of 100

INFO:__main__:NLL: 0.1215, L2: 0.0079, Reg: 0.0446
INFO:__main__:Total loss 0.1740
INFO:__main__:Predicted mean: -0.3571
INFO:__main__:Predicted uncertainity -0.5921
INFO:__main__:Completed epoch 25 of 100

INFO:__main__:NLL: 0.1761, L2: 0.0076, Reg: 0.0586
INFO:__main__:Total loss 0.2424
INFO:__main__:Predicted mean: -0.3765
INFO:__main__:Predicted uncertainity -0.6224
INFO:__main__:Completed epoch 26 of 100

INFO:__main__:NLL: 0.0847, L2: 0.0079, Reg: 0.0478
INFO:__main__:Total loss 0.1403
INFO:__main__:Predicted mean: -0.3552
INFO:__main__:Predicted uncertainity -0.5611
INFO:__main__:Completed epoch 27 of 100

INFO:__main__:NLL: 0.0478, L2: 0.0077, Reg: 0.0546
INFO:__main__:Total loss 0.1101
INFO:__main__:Predicted mean: -0.3844
INFO:__main__:Predicted uncertainity -0.6477
INFO:__main__:Completed epoch 28 of 100

INFO:__main__:NLL: 0.1805, L2: 0.0079, Reg: 0.0574
INFO:__main__:Total loss 0.2458
INFO:__main__:Predicted mean: -0.3951
INFO:__main__:Predicted uncertainity -0.5650
INFO:__main__:Completed epoch 29 of 100

INFO:__main__:NLL: 0.1099, L2: 0.0076, Reg: 0.0467
INFO:__main__:Total loss 0.1642
INFO:__main__:Predicted mean: -0.3911
INFO:__main__:Predicted uncertainity -0.6146
INFO:__main__:Completed epoch 30 of 100

INFO:__main__:NLL: -0.0713, L2: 0.0079, Reg: 0.0490
INFO:__main__:Total loss -0.0144
INFO:__main__:Predicted mean: -0.3602
INFO:__main__:Predicted uncertainity -0.6658
INFO:__main__:Completed epoch 31 of 100

INFO:__main__:NLL: 0.1179, L2: 0.0073, Reg: 0.0466
INFO:__main__:Total loss 0.1717
INFO:__main__:Predicted mean: -0.3560
INFO:__main__:Predicted uncertainity -0.6206
INFO:__main__:Completed epoch 32 of 100

INFO:__main__:NLL: 0.2169, L2: 0.0074, Reg: 0.0641
INFO:__main__:Total loss 0.2884
INFO:__main__:Predicted mean: -0.4486
INFO:__main__:Predicted uncertainity -0.7053
INFO:__main__:Completed epoch 33 of 100

INFO:__main__:NLL: 0.2050, L2: 0.0077, Reg: 0.0555
INFO:__main__:Total loss 0.2682
INFO:__main__:Predicted mean: -0.4075
INFO:__main__:Predicted uncertainity -0.6403
INFO:__main__:Completed epoch 34 of 100

INFO:__main__:NLL: 0.2258, L2: 0.0075, Reg: 0.0533
INFO:__main__:Total loss 0.2866
INFO:__main__:Predicted mean: -0.4148
INFO:__main__:Predicted uncertainity -0.6908
INFO:__main__:Completed epoch 35 of 100

INFO:__main__:NLL: 0.0560, L2: 0.0077, Reg: 0.0507
INFO:__main__:Total loss 0.1143
INFO:__main__:Predicted mean: -0.3668
INFO:__main__:Predicted uncertainity -0.6931
INFO:__main__:Completed epoch 36 of 100

INFO:__main__:NLL: 0.3234, L2: 0.0078, Reg: 0.0506
INFO:__main__:Total loss 0.3818
INFO:__main__:Predicted mean: -0.4330
INFO:__main__:Predicted uncertainity -0.5832
INFO:__main__:Completed epoch 37 of 100

INFO:__main__:NLL: 0.0229, L2: 0.0076, Reg: 0.0517
INFO:__main__:Total loss 0.0822
INFO:__main__:Predicted mean: -0.3777
INFO:__main__:Predicted uncertainity -0.6925
INFO:__main__:Completed epoch 38 of 100

INFO:__main__:NLL: 0.1650, L2: 0.0080, Reg: 0.0508
INFO:__main__:Total loss 0.2238
INFO:__main__:Predicted mean: -0.4806
INFO:__main__:Predicted uncertainity -0.6689
INFO:__main__:Completed epoch 39 of 100

INFO:__main__:NLL: 0.1264, L2: 0.0081, Reg: 0.0543
INFO:__main__:Total loss 0.1889
INFO:__main__:Predicted mean: -0.4393
INFO:__main__:Predicted uncertainity -0.5808
INFO:__main__:Completed epoch 40 of 100

INFO:__main__:NLL: 0.1397, L2: 0.0080, Reg: 0.0538
INFO:__main__:Total loss 0.2015
INFO:__main__:Predicted mean: -0.3497
INFO:__main__:Predicted uncertainity -0.5463
INFO:__main__:Completed epoch 41 of 100

INFO:__main__:NLL: 0.4367, L2: 0.0077, Reg: 0.0540
INFO:__main__:Total loss 0.4984
INFO:__main__:Predicted mean: -0.4659
INFO:__main__:Predicted uncertainity -0.6852
INFO:__main__:Completed epoch 42 of 100

INFO:__main__:NLL: 0.1271, L2: 0.0076, Reg: 0.0572
INFO:__main__:Total loss 0.1920
INFO:__main__:Predicted mean: -0.4078
INFO:__main__:Predicted uncertainity -0.5779
INFO:__main__:Completed epoch 43 of 100

INFO:__main__:NLL: 0.1594, L2: 0.0079, Reg: 0.0470
INFO:__main__:Total loss 0.2143
INFO:__main__:Predicted mean: -0.3663
INFO:__main__:Predicted uncertainity -0.6351
INFO:__main__:Completed epoch 44 of 100

INFO:__main__:NLL: 0.1588, L2: 0.0079, Reg: 0.0652
INFO:__main__:Total loss 0.2320
INFO:__main__:Predicted mean: -0.3794
INFO:__main__:Predicted uncertainity -0.6458
INFO:__main__:Completed epoch 45 of 100

INFO:__main__:NLL: 0.1268, L2: 0.0079, Reg: 0.0573
INFO:__main__:Total loss 0.1920
INFO:__main__:Predicted mean: -0.3808
INFO:__main__:Predicted uncertainity -0.6225
INFO:__main__:Completed epoch 46 of 100

INFO:__main__:NLL: 0.0208, L2: 0.0079, Reg: 0.0594
INFO:__main__:Total loss 0.0881
INFO:__main__:Predicted mean: -0.4281
INFO:__main__:Predicted uncertainity -0.6688
INFO:__main__:Completed epoch 47 of 100

INFO:__main__:NLL: 0.3893, L2: 0.0076, Reg: 0.0565
INFO:__main__:Total loss 0.4535
INFO:__main__:Predicted mean: -0.4196
INFO:__main__:Predicted uncertainity -0.5844
INFO:__main__:Completed epoch 48 of 100

INFO:__main__:NLL: 0.0880, L2: 0.0077, Reg: 0.0589
INFO:__main__:Total loss 0.1547
INFO:__main__:Predicted mean: -0.4098
INFO:__main__:Predicted uncertainity -0.6165
INFO:__main__:Completed epoch 49 of 100

INFO:__main__:NLL: 0.0577, L2: 0.0076, Reg: 0.0505
INFO:__main__:Total loss 0.1158
INFO:__main__:Predicted mean: -0.4447
INFO:__main__:Predicted uncertainity -0.5948
INFO:__main__:Completed epoch 50 of 100

INFO:__main__:NLL: 0.1562, L2: 0.0077, Reg: 0.0609
INFO:__main__:Total loss 0.2248
INFO:__main__:Predicted mean: -0.4124
INFO:__main__:Predicted uncertainity -0.7023
INFO:__main__:Completed epoch 51 of 100

INFO:__main__:NLL: 0.1096, L2: 0.0075, Reg: 0.0571
INFO:__main__:Total loss 0.1743
INFO:__main__:Predicted mean: -0.3904
INFO:__main__:Predicted uncertainity -0.6090
INFO:__main__:Completed epoch 52 of 100

INFO:__main__:NLL: 0.1714, L2: 0.0074, Reg: 0.0436
INFO:__main__:Total loss 0.2224
INFO:__main__:Predicted mean: -0.4253
INFO:__main__:Predicted uncertainity -0.5985
INFO:__main__:Completed epoch 53 of 100

INFO:__main__:NLL: 0.0853, L2: 0.0074, Reg: 0.0517
INFO:__main__:Total loss 0.1445
INFO:__main__:Predicted mean: -0.3707
INFO:__main__:Predicted uncertainity -0.6580
INFO:__main__:Completed epoch 54 of 100

INFO:__main__:NLL: 0.0952, L2: 0.0074, Reg: 0.0518
INFO:__main__:Total loss 0.1543
INFO:__main__:Predicted mean: -0.4184
INFO:__main__:Predicted uncertainity -0.6464
INFO:__main__:Completed epoch 55 of 100

INFO:__main__:NLL: 0.1093, L2: 0.0075, Reg: 0.0520
INFO:__main__:Total loss 0.1688
INFO:__main__:Predicted mean: -0.4262
INFO:__main__:Predicted uncertainity -0.6503
INFO:__main__:Completed epoch 56 of 100

INFO:__main__:NLL: 0.1356, L2: 0.0074, Reg: 0.0505
INFO:__main__:Total loss 0.1935
INFO:__main__:Predicted mean: -0.3915
INFO:__main__:Predicted uncertainity -0.6565
INFO:__main__:Completed epoch 57 of 100

INFO:__main__:NLL: 0.2116, L2: 0.0075, Reg: 0.0513
INFO:__main__:Total loss 0.2704
INFO:__main__:Predicted mean: -0.4071
INFO:__main__:Predicted uncertainity -0.5675
INFO:__main__:Completed epoch 58 of 100

INFO:__main__:NLL: 0.1439, L2: 0.0076, Reg: 0.0573
INFO:__main__:Total loss 0.2088
INFO:__main__:Predicted mean: -0.4007
INFO:__main__:Predicted uncertainity -0.6053
INFO:__main__:Completed epoch 59 of 100

INFO:__main__:NLL: 0.0791, L2: 0.0075, Reg: 0.0504
INFO:__main__:Total loss 0.1371
INFO:__main__:Predicted mean: -0.4175
INFO:__main__:Predicted uncertainity -0.5275
INFO:__main__:Completed epoch 60 of 100

INFO:__main__:NLL: 0.0955, L2: 0.0077, Reg: 0.0535
INFO:__main__:Total loss 0.1567
INFO:__main__:Predicted mean: -0.3725
INFO:__main__:Predicted uncertainity -0.5344
INFO:__main__:Completed epoch 61 of 100

INFO:__main__:NLL: 0.1604, L2: 0.0076, Reg: 0.0433
INFO:__main__:Total loss 0.2113
INFO:__main__:Predicted mean: -0.3744
INFO:__main__:Predicted uncertainity -0.5906
INFO:__main__:Completed epoch 62 of 100

INFO:__main__:NLL: 0.0451, L2: 0.0075, Reg: 0.0573
INFO:__main__:Total loss 0.1100
INFO:__main__:Predicted mean: -0.3994
INFO:__main__:Predicted uncertainity -0.6214
INFO:__main__:Completed epoch 63 of 100

INFO:__main__:NLL: 0.1700, L2: 0.0074, Reg: 0.0619
INFO:__main__:Total loss 0.2394
INFO:__main__:Predicted mean: -0.4241
INFO:__main__:Predicted uncertainity -0.6694
INFO:__main__:Completed epoch 64 of 100

INFO:__main__:NLL: 0.0514, L2: 0.0074, Reg: 0.0460
INFO:__main__:Total loss 0.1048
INFO:__main__:Predicted mean: -0.4460
INFO:__main__:Predicted uncertainity -0.6258
INFO:__main__:Completed epoch 65 of 100

INFO:__main__:NLL: 0.1478, L2: 0.0070, Reg: 0.0551
INFO:__main__:Total loss 0.2099
INFO:__main__:Predicted mean: -0.4064
INFO:__main__:Predicted uncertainity -0.5928
INFO:__main__:Completed epoch 66 of 100

INFO:__main__:NLL: 0.0662, L2: 0.0073, Reg: 0.0530
INFO:__main__:Total loss 0.1265
INFO:__main__:Predicted mean: -0.4738
INFO:__main__:Predicted uncertainity -0.5894
INFO:__main__:Completed epoch 67 of 100

INFO:__main__:NLL: 0.1138, L2: 0.0074, Reg: 0.0563
INFO:__main__:Total loss 0.1774
INFO:__main__:Predicted mean: -0.3925
INFO:__main__:Predicted uncertainity -0.6074
INFO:__main__:Completed epoch 68 of 100

INFO:__main__:NLL: 0.1501, L2: 0.0072, Reg: 0.0462
INFO:__main__:Total loss 0.2035
INFO:__main__:Predicted mean: -0.3907
INFO:__main__:Predicted uncertainity -0.6293
INFO:__main__:Completed epoch 69 of 100

INFO:__main__:NLL: -0.0154, L2: 0.0075, Reg: 0.0491
INFO:__main__:Total loss 0.0412
INFO:__main__:Predicted mean: -0.3643
INFO:__main__:Predicted uncertainity -0.6644
INFO:__main__:Completed epoch 70 of 100

INFO:__main__:NLL: 0.0706, L2: 0.0075, Reg: 0.0541
INFO:__main__:Total loss 0.1322
INFO:__main__:Predicted mean: -0.4020
INFO:__main__:Predicted uncertainity -0.5689
INFO:__main__:Completed epoch 71 of 100

INFO:__main__:NLL: 0.0486, L2: 0.0074, Reg: 0.0565
INFO:__main__:Total loss 0.1125
INFO:__main__:Predicted mean: -0.3876
INFO:__main__:Predicted uncertainity -0.6298
INFO:__main__:Completed epoch 72 of 100

INFO:__main__:NLL: 0.0349, L2: 0.0072, Reg: 0.0462
INFO:__main__:Total loss 0.0883
INFO:__main__:Predicted mean: -0.4158
INFO:__main__:Predicted uncertainity -0.6228
INFO:__main__:Completed epoch 73 of 100

INFO:__main__:NLL: 0.0201, L2: 0.0077, Reg: 0.0544
INFO:__main__:Total loss 0.0822
INFO:__main__:Predicted mean: -0.3861
INFO:__main__:Predicted uncertainity -0.7168
INFO:__main__:Completed epoch 74 of 100

INFO:__main__:NLL: 0.1493, L2: 0.0077, Reg: 0.0467
INFO:__main__:Total loss 0.2037
INFO:__main__:Predicted mean: -0.4076
INFO:__main__:Predicted uncertainity -0.5649
INFO:__main__:Completed epoch 75 of 100

INFO:__main__:NLL: 0.1027, L2: 0.0077, Reg: 0.0506
INFO:__main__:Total loss 0.1610
INFO:__main__:Predicted mean: -0.4112
INFO:__main__:Predicted uncertainity -0.5678
INFO:__main__:Completed epoch 76 of 100

INFO:__main__:NLL: 0.1404, L2: 0.0074, Reg: 0.0559
INFO:__main__:Total loss 0.2038
INFO:__main__:Predicted mean: -0.3653
INFO:__main__:Predicted uncertainity -0.5869
INFO:__main__:Completed epoch 77 of 100

INFO:__main__:NLL: 0.0484, L2: 0.0075, Reg: 0.0576
INFO:__main__:Total loss 0.1135
INFO:__main__:Predicted mean: -0.4300
INFO:__main__:Predicted uncertainity -0.5578
INFO:__main__:Completed epoch 78 of 100

INFO:__main__:NLL: 0.1745, L2: 0.0074, Reg: 0.0569
INFO:__main__:Total loss 0.2388
INFO:__main__:Predicted mean: -0.4125
INFO:__main__:Predicted uncertainity -0.6618
INFO:__main__:Completed epoch 79 of 100

INFO:__main__:NLL: 0.0599, L2: 0.0079, Reg: 0.0574
INFO:__main__:Total loss 0.1252
INFO:__main__:Predicted mean: -0.4157
INFO:__main__:Predicted uncertainity -0.6234
INFO:__main__:Completed epoch 80 of 100

INFO:__main__:NLL: 0.0378, L2: 0.0075, Reg: 0.0437
INFO:__main__:Total loss 0.0890
INFO:__main__:Predicted mean: -0.3871
INFO:__main__:Predicted uncertainity -0.6495
INFO:__main__:Completed epoch 81 of 100

INFO:__main__:NLL: 0.0910, L2: 0.0076, Reg: 0.0577
INFO:__main__:Total loss 0.1563
INFO:__main__:Predicted mean: -0.3824
INFO:__main__:Predicted uncertainity -0.6316
INFO:__main__:Completed epoch 82 of 100

INFO:__main__:NLL: 0.2693, L2: 0.0076, Reg: 0.0475
INFO:__main__:Total loss 0.3244
INFO:__main__:Predicted mean: -0.4483
INFO:__main__:Predicted uncertainity -0.5906
INFO:__main__:Completed epoch 83 of 100

INFO:__main__:NLL: 0.0395, L2: 0.0081, Reg: 0.0452
INFO:__main__:Total loss 0.0929
INFO:__main__:Predicted mean: -0.4303
INFO:__main__:Predicted uncertainity -0.5444
INFO:__main__:Completed epoch 84 of 100

INFO:__main__:NLL: 0.0960, L2: 0.0073, Reg: 0.0490
INFO:__main__:Total loss 0.1523
INFO:__main__:Predicted mean: -0.3540
INFO:__main__:Predicted uncertainity -0.5990
INFO:__main__:Completed epoch 85 of 100

INFO:__main__:NLL: -0.0438, L2: 0.0076, Reg: 0.0602
INFO:__main__:Total loss 0.0239
INFO:__main__:Predicted mean: -0.3807
INFO:__main__:Predicted uncertainity -0.6846
INFO:__main__:Completed epoch 86 of 100

INFO:__main__:NLL: 0.0783, L2: 0.0075, Reg: 0.0606
INFO:__main__:Total loss 0.1464
INFO:__main__:Predicted mean: -0.4369
INFO:__main__:Predicted uncertainity -0.6570
INFO:__main__:Completed epoch 87 of 100

INFO:__main__:NLL: 0.2627, L2: 0.0076, Reg: 0.0507
INFO:__main__:Total loss 0.3210
INFO:__main__:Predicted mean: -0.3841
INFO:__main__:Predicted uncertainity -0.6724
INFO:__main__:Completed epoch 88 of 100

INFO:__main__:NLL: 0.2437, L2: 0.0075, Reg: 0.0433
INFO:__main__:Total loss 0.2945
INFO:__main__:Predicted mean: -0.3738
INFO:__main__:Predicted uncertainity -0.5941
INFO:__main__:Completed epoch 89 of 100

INFO:__main__:NLL: 0.1664, L2: 0.0075, Reg: 0.0499
INFO:__main__:Total loss 0.2239
INFO:__main__:Predicted mean: -0.4125
INFO:__main__:Predicted uncertainity -0.5698
INFO:__main__:Completed epoch 90 of 100

INFO:__main__:NLL: 0.0971, L2: 0.0074, Reg: 0.0515
INFO:__main__:Total loss 0.1560
INFO:__main__:Predicted mean: -0.3837
INFO:__main__:Predicted uncertainity -0.5587
INFO:__main__:Completed epoch 91 of 100

INFO:__main__:NLL: 0.0790, L2: 0.0073, Reg: 0.0581
INFO:__main__:Total loss 0.1444
INFO:__main__:Predicted mean: -0.4096
INFO:__main__:Predicted uncertainity -0.6295
INFO:__main__:Completed epoch 92 of 100

INFO:__main__:NLL: 0.2567, L2: 0.0078, Reg: 0.0507
INFO:__main__:Total loss 0.3152
INFO:__main__:Predicted mean: -0.3859
INFO:__main__:Predicted uncertainity -0.6521
INFO:__main__:Completed epoch 93 of 100

INFO:__main__:NLL: 0.2237, L2: 0.0081, Reg: 0.0597
INFO:__main__:Total loss 0.2914
INFO:__main__:Predicted mean: -0.3991
INFO:__main__:Predicted uncertainity -0.6761
INFO:__main__:Completed epoch 94 of 100

INFO:__main__:NLL: 0.1281, L2: 0.0077, Reg: 0.0580
INFO:__main__:Total loss 0.1937
INFO:__main__:Predicted mean: -0.4103
INFO:__main__:Predicted uncertainity -0.6664
INFO:__main__:Completed epoch 95 of 100

INFO:__main__:NLL: 0.1548, L2: 0.0074, Reg: 0.0501
INFO:__main__:Total loss 0.2123
INFO:__main__:Predicted mean: -0.4235
INFO:__main__:Predicted uncertainity -0.6097
INFO:__main__:Completed epoch 96 of 100

INFO:__main__:NLL: 0.1301, L2: 0.0077, Reg: 0.0599
INFO:__main__:Total loss 0.1977
INFO:__main__:Predicted mean: -0.3859
INFO:__main__:Predicted uncertainity -0.6030
INFO:__main__:Completed epoch 97 of 100

INFO:__main__:NLL: 0.0413, L2: 0.0078, Reg: 0.0497
INFO:__main__:Total loss 0.0989
INFO:__main__:Predicted mean: -0.3803
INFO:__main__:Predicted uncertainity -0.6376
INFO:__main__:Completed epoch 98 of 100

INFO:__main__:NLL: -0.0327, L2: 0.0073, Reg: 0.0599
INFO:__main__:Total loss 0.0345
INFO:__main__:Predicted mean: -0.3894
INFO:__main__:Predicted uncertainity -0.6882
INFO:__main__:Completed epoch 99 of 100

INFO:__main__:NLL: 0.1383, L2: 0.0072, Reg: 0.0548
INFO:__main__:Total loss 0.2003
INFO:__main__:Predicted mean: -0.4363
INFO:__main__:Predicted uncertainity -0.5733
INFO:__main__:Completed epoch 100 of 100

INFO:__main__:699.915106 s
