INFO:__main__:PROCESS RUNNING ON cpu
INFO:__main__:NLL: 0.4669, L2: 0.0021, Reg: -0.2879
INFO:__main__:Total loss 0.1810
INFO:__main__:Predicted mean: -0.3678
INFO:__main__:Predicted uncertainity 0.5990
INFO:__main__:Completed epoch 1 of 100

INFO:__main__:NLL: 0.4640, L2: 0.0013, Reg: -0.2913
INFO:__main__:Total loss 0.1740
INFO:__main__:Predicted mean: -0.3680
INFO:__main__:Predicted uncertainity 0.5981
INFO:__main__:Completed epoch 2 of 100

INFO:__main__:NLL: 0.4713, L2: 0.0009, Reg: -0.2939
INFO:__main__:Total loss 0.1784
INFO:__main__:Predicted mean: -0.3667
INFO:__main__:Predicted uncertainity 0.6071
INFO:__main__:Completed epoch 3 of 100

INFO:__main__:NLL: 0.4657, L2: 0.0007, Reg: -0.2943
INFO:__main__:Total loss 0.1721
INFO:__main__:Predicted mean: -0.3599
INFO:__main__:Predicted uncertainity 0.6023
INFO:__main__:Completed epoch 4 of 100

INFO:__main__:NLL: 0.4666, L2: 0.0006, Reg: -0.2868
INFO:__main__:Total loss 0.1804
INFO:__main__:Predicted mean: -0.3544
INFO:__main__:Predicted uncertainity 0.6042
INFO:__main__:Completed epoch 5 of 100

INFO:__main__:NLL: 0.4656, L2: 0.0006, Reg: -0.2910
INFO:__main__:Total loss 0.1752
INFO:__main__:Predicted mean: -0.3563
INFO:__main__:Predicted uncertainity 0.6001
INFO:__main__:Completed epoch 6 of 100

INFO:__main__:NLL: 0.4695, L2: 0.0006, Reg: -0.2907
INFO:__main__:Total loss 0.1794
INFO:__main__:Predicted mean: -0.3571
INFO:__main__:Predicted uncertainity 0.6121
INFO:__main__:Completed epoch 7 of 100

INFO:__main__:NLL: 0.4651, L2: 0.0007, Reg: -0.2896
INFO:__main__:Total loss 0.1762
INFO:__main__:Predicted mean: -0.3553
INFO:__main__:Predicted uncertainity 0.6000
INFO:__main__:Completed epoch 8 of 100

INFO:__main__:NLL: 0.4701, L2: 0.0007, Reg: -0.2919
INFO:__main__:Total loss 0.1789
INFO:__main__:Predicted mean: -0.3636
INFO:__main__:Predicted uncertainity 0.6176
INFO:__main__:Completed epoch 9 of 100

INFO:__main__:NLL: 0.4684, L2: 0.0007, Reg: -0.2895
INFO:__main__:Total loss 0.1796
INFO:__main__:Predicted mean: -0.3636
INFO:__main__:Predicted uncertainity 0.6062
INFO:__main__:Completed epoch 10 of 100

INFO:__main__:NLL: 0.4692, L2: 0.0007, Reg: -0.2960
INFO:__main__:Total loss 0.1739
INFO:__main__:Predicted mean: -0.3615
INFO:__main__:Predicted uncertainity 0.6117
INFO:__main__:Completed epoch 11 of 100

INFO:__main__:NLL: 0.4692, L2: 0.0007, Reg: -0.2926
INFO:__main__:Total loss 0.1773
INFO:__main__:Predicted mean: -0.3587
INFO:__main__:Predicted uncertainity 0.6086
INFO:__main__:Completed epoch 12 of 100

INFO:__main__:NLL: 0.4694, L2: 0.0007, Reg: -0.2902
INFO:__main__:Total loss 0.1799
INFO:__main__:Predicted mean: -0.3637
INFO:__main__:Predicted uncertainity 0.6075
INFO:__main__:Completed epoch 13 of 100

INFO:__main__:NLL: 0.4720, L2: 0.0007, Reg: -0.2958
INFO:__main__:Total loss 0.1770
INFO:__main__:Predicted mean: -0.3634
INFO:__main__:Predicted uncertainity 0.6140
INFO:__main__:Completed epoch 14 of 100

INFO:__main__:NLL: 0.4629, L2: 0.0007, Reg: -0.2870
INFO:__main__:Total loss 0.1766
INFO:__main__:Predicted mean: -0.3609
INFO:__main__:Predicted uncertainity 0.5896
INFO:__main__:Completed epoch 15 of 100

INFO:__main__:NLL: 0.4642, L2: 0.0007, Reg: -0.2827
INFO:__main__:Total loss 0.1822
INFO:__main__:Predicted mean: -0.3579
INFO:__main__:Predicted uncertainity 0.5936
INFO:__main__:Completed epoch 16 of 100

INFO:__main__:NLL: 0.4732, L2: 0.0007, Reg: -0.2960
INFO:__main__:Total loss 0.1779
INFO:__main__:Predicted mean: -0.3596
INFO:__main__:Predicted uncertainity 0.6177
INFO:__main__:Completed epoch 17 of 100

INFO:__main__:NLL: 0.4683, L2: 0.0007, Reg: -0.2951
INFO:__main__:Total loss 0.1739
INFO:__main__:Predicted mean: -0.3620
INFO:__main__:Predicted uncertainity 0.6032
INFO:__main__:Completed epoch 18 of 100

INFO:__main__:NLL: 0.4645, L2: 0.0007, Reg: -0.2868
INFO:__main__:Total loss 0.1784
INFO:__main__:Predicted mean: -0.3586
INFO:__main__:Predicted uncertainity 0.5946
INFO:__main__:Completed epoch 19 of 100

INFO:__main__:NLL: 0.4714, L2: 0.0007, Reg: -0.2951
INFO:__main__:Total loss 0.1770
INFO:__main__:Predicted mean: -0.3598
INFO:__main__:Predicted uncertainity 0.6122
INFO:__main__:Completed epoch 20 of 100

INFO:__main__:NLL: 0.4660, L2: 0.0007, Reg: -0.2885
INFO:__main__:Total loss 0.1782
INFO:__main__:Predicted mean: -0.3606
INFO:__main__:Predicted uncertainity 0.6019
INFO:__main__:Completed epoch 21 of 100

INFO:__main__:NLL: 0.4695, L2: 0.0007, Reg: -0.2934
INFO:__main__:Total loss 0.1768
INFO:__main__:Predicted mean: -0.3603
INFO:__main__:Predicted uncertainity 0.6080
INFO:__main__:Completed epoch 22 of 100

INFO:__main__:NLL: 0.4675, L2: 0.0007, Reg: -0.2888
INFO:__main__:Total loss 0.1794
INFO:__main__:Predicted mean: -0.3591
INFO:__main__:Predicted uncertainity 0.6045
INFO:__main__:Completed epoch 23 of 100

INFO:__main__:NLL: 0.4684, L2: 0.0007, Reg: -0.2921
INFO:__main__:Total loss 0.1770
INFO:__main__:Predicted mean: -0.3593
INFO:__main__:Predicted uncertainity 0.6052
INFO:__main__:Completed epoch 24 of 100

INFO:__main__:NLL: 0.4653, L2: 0.0007, Reg: -0.2901
INFO:__main__:Total loss 0.1759
INFO:__main__:Predicted mean: -0.3589
INFO:__main__:Predicted uncertainity 0.5991
INFO:__main__:Completed epoch 25 of 100

INFO:__main__:NLL: 0.4702, L2: 0.0007, Reg: -0.2929
INFO:__main__:Total loss 0.1780
INFO:__main__:Predicted mean: -0.3601
INFO:__main__:Predicted uncertainity 0.6098
INFO:__main__:Completed epoch 26 of 100

INFO:__main__:NLL: 0.4676, L2: 0.0007, Reg: -0.2922
INFO:__main__:Total loss 0.1760
INFO:__main__:Predicted mean: -0.3555
INFO:__main__:Predicted uncertainity 0.6038
INFO:__main__:Completed epoch 27 of 100

INFO:__main__:NLL: 0.4718, L2: 0.0007, Reg: -0.2951
INFO:__main__:Total loss 0.1774
INFO:__main__:Predicted mean: -0.3621
INFO:__main__:Predicted uncertainity 0.6140
INFO:__main__:Completed epoch 28 of 100

INFO:__main__:NLL: 0.4687, L2: 0.0007, Reg: -0.2906
INFO:__main__:Total loss 0.1787
INFO:__main__:Predicted mean: -0.3637
INFO:__main__:Predicted uncertainity 0.6093
INFO:__main__:Completed epoch 29 of 100

INFO:__main__:NLL: 0.4694, L2: 0.0007, Reg: -0.2931
INFO:__main__:Total loss 0.1770
INFO:__main__:Predicted mean: -0.3629
INFO:__main__:Predicted uncertainity 0.6083
INFO:__main__:Completed epoch 30 of 100

INFO:__main__:NLL: 0.4678, L2: 0.0007, Reg: -0.2910
INFO:__main__:Total loss 0.1775
INFO:__main__:Predicted mean: -0.3611
INFO:__main__:Predicted uncertainity 0.6017
INFO:__main__:Completed epoch 31 of 100

INFO:__main__:NLL: 0.4642, L2: 0.0007, Reg: -0.2889
INFO:__main__:Total loss 0.1760
INFO:__main__:Predicted mean: -0.3563
INFO:__main__:Predicted uncertainity 0.5957
INFO:__main__:Completed epoch 32 of 100

INFO:__main__:NLL: 0.4724, L2: 0.0007, Reg: -0.2949
INFO:__main__:Total loss 0.1783
INFO:__main__:Predicted mean: -0.3611
INFO:__main__:Predicted uncertainity 0.6171
INFO:__main__:Completed epoch 33 of 100

INFO:__main__:NLL: 0.4661, L2: 0.0007, Reg: -0.2910
INFO:__main__:Total loss 0.1758
INFO:__main__:Predicted mean: -0.3613
INFO:__main__:Predicted uncertainity 0.6037
INFO:__main__:Completed epoch 34 of 100

INFO:__main__:NLL: 0.4672, L2: 0.0007, Reg: -0.2914
INFO:__main__:Total loss 0.1765
INFO:__main__:Predicted mean: -0.3630
INFO:__main__:Predicted uncertainity 0.6055
INFO:__main__:Completed epoch 35 of 100

INFO:__main__:NLL: 0.4710, L2: 0.0007, Reg: -0.2936
INFO:__main__:Total loss 0.1781
INFO:__main__:Predicted mean: -0.3601
INFO:__main__:Predicted uncertainity 0.6102
INFO:__main__:Completed epoch 36 of 100

INFO:__main__:NLL: 0.4664, L2: 0.0007, Reg: -0.2920
INFO:__main__:Total loss 0.1751
INFO:__main__:Predicted mean: -0.3556
INFO:__main__:Predicted uncertainity 0.6081
INFO:__main__:Completed epoch 37 of 100

INFO:__main__:NLL: 0.4690, L2: 0.0007, Reg: -0.2948
INFO:__main__:Total loss 0.1749
INFO:__main__:Predicted mean: -0.3593
INFO:__main__:Predicted uncertainity 0.6083
INFO:__main__:Completed epoch 38 of 100

INFO:__main__:NLL: 0.4679, L2: 0.0007, Reg: -0.2917
INFO:__main__:Total loss 0.1770
INFO:__main__:Predicted mean: -0.3575
INFO:__main__:Predicted uncertainity 0.6014
INFO:__main__:Completed epoch 39 of 100

INFO:__main__:NLL: 0.4677, L2: 0.0007, Reg: -0.2941
INFO:__main__:Total loss 0.1743
INFO:__main__:Predicted mean: -0.3612
INFO:__main__:Predicted uncertainity 0.6091
INFO:__main__:Completed epoch 40 of 100

INFO:__main__:NLL: 0.4679, L2: 0.0007, Reg: -0.2920
INFO:__main__:Total loss 0.1766
INFO:__main__:Predicted mean: -0.3596
INFO:__main__:Predicted uncertainity 0.6101
INFO:__main__:Completed epoch 41 of 100

INFO:__main__:NLL: 0.4703, L2: 0.0007, Reg: -0.2936
INFO:__main__:Total loss 0.1774
INFO:__main__:Predicted mean: -0.3580
INFO:__main__:Predicted uncertainity 0.6132
INFO:__main__:Completed epoch 42 of 100

INFO:__main__:NLL: 0.4628, L2: 0.0007, Reg: -0.2886
INFO:__main__:Total loss 0.1749
INFO:__main__:Predicted mean: -0.3633
INFO:__main__:Predicted uncertainity 0.5950
INFO:__main__:Completed epoch 43 of 100

INFO:__main__:NLL: 0.4687, L2: 0.0007, Reg: -0.2929
INFO:__main__:Total loss 0.1766
INFO:__main__:Predicted mean: -0.3619
INFO:__main__:Predicted uncertainity 0.6087
INFO:__main__:Completed epoch 44 of 100

INFO:__main__:NLL: 0.4663, L2: 0.0007, Reg: -0.2903
INFO:__main__:Total loss 0.1766
INFO:__main__:Predicted mean: -0.3613
INFO:__main__:Predicted uncertainity 0.6019
INFO:__main__:Completed epoch 45 of 100

INFO:__main__:NLL: 0.4707, L2: 0.0007, Reg: -0.2948
INFO:__main__:Total loss 0.1766
INFO:__main__:Predicted mean: -0.3610
INFO:__main__:Predicted uncertainity 0.6102
INFO:__main__:Completed epoch 46 of 100

INFO:__main__:NLL: 0.4700, L2: 0.0007, Reg: -0.2952
INFO:__main__:Total loss 0.1755
INFO:__main__:Predicted mean: -0.3585
INFO:__main__:Predicted uncertainity 0.6184
INFO:__main__:Completed epoch 47 of 100

INFO:__main__:NLL: 0.4680, L2: 0.0007, Reg: -0.2935
INFO:__main__:Total loss 0.1753
INFO:__main__:Predicted mean: -0.3593
INFO:__main__:Predicted uncertainity 0.6093
INFO:__main__:Completed epoch 48 of 100

INFO:__main__:NLL: 0.4671, L2: 0.0007, Reg: -0.2928
INFO:__main__:Total loss 0.1750
INFO:__main__:Predicted mean: -0.3587
INFO:__main__:Predicted uncertainity 0.6092
INFO:__main__:Completed epoch 49 of 100

INFO:__main__:NLL: 0.4723, L2: 0.0007, Reg: -0.2971
INFO:__main__:Total loss 0.1760
INFO:__main__:Predicted mean: -0.3634
INFO:__main__:Predicted uncertainity 0.6158
INFO:__main__:Completed epoch 50 of 100

INFO:__main__:NLL: 0.4667, L2: 0.0007, Reg: -0.2891
INFO:__main__:Total loss 0.1783
INFO:__main__:Predicted mean: -0.3601
INFO:__main__:Predicted uncertainity 0.5989
INFO:__main__:Completed epoch 51 of 100

INFO:__main__:NLL: 0.4683, L2: 0.0007, Reg: -0.2948
INFO:__main__:Total loss 0.1743
INFO:__main__:Predicted mean: -0.3596
INFO:__main__:Predicted uncertainity 0.6130
INFO:__main__:Completed epoch 52 of 100

INFO:__main__:NLL: 0.4690, L2: 0.0007, Reg: -0.2942
INFO:__main__:Total loss 0.1755
INFO:__main__:Predicted mean: -0.3575
INFO:__main__:Predicted uncertainity 0.6065
INFO:__main__:Completed epoch 53 of 100

INFO:__main__:NLL: 0.4699, L2: 0.0007, Reg: -0.2941
INFO:__main__:Total loss 0.1765
INFO:__main__:Predicted mean: -0.3581
INFO:__main__:Predicted uncertainity 0.6063
INFO:__main__:Completed epoch 54 of 100

INFO:__main__:NLL: 0.4662, L2: 0.0007, Reg: -0.2924
INFO:__main__:Total loss 0.1745
INFO:__main__:Predicted mean: -0.3569
INFO:__main__:Predicted uncertainity 0.6077
INFO:__main__:Completed epoch 55 of 100

INFO:__main__:NLL: 0.4702, L2: 0.0007, Reg: -0.2906
INFO:__main__:Total loss 0.1802
INFO:__main__:Predicted mean: -0.3614
INFO:__main__:Predicted uncertainity 0.6033
INFO:__main__:Completed epoch 56 of 100

INFO:__main__:NLL: 0.4727, L2: 0.0007, Reg: -0.2941
INFO:__main__:Total loss 0.1793
INFO:__main__:Predicted mean: -0.3616
INFO:__main__:Predicted uncertainity 0.6127
INFO:__main__:Completed epoch 57 of 100

INFO:__main__:NLL: 0.4686, L2: 0.0007, Reg: -0.2919
INFO:__main__:Total loss 0.1775
INFO:__main__:Predicted mean: -0.3596
INFO:__main__:Predicted uncertainity 0.6076
INFO:__main__:Completed epoch 58 of 100

INFO:__main__:NLL: 0.4659, L2: 0.0007, Reg: -0.2871
INFO:__main__:Total loss 0.1794
INFO:__main__:Predicted mean: -0.3618
INFO:__main__:Predicted uncertainity 0.5998
INFO:__main__:Completed epoch 59 of 100

INFO:__main__:NLL: 0.4662, L2: 0.0007, Reg: -0.2925
INFO:__main__:Total loss 0.1745
INFO:__main__:Predicted mean: -0.3602
INFO:__main__:Predicted uncertainity 0.6010
INFO:__main__:Completed epoch 60 of 100

INFO:__main__:NLL: 0.4690, L2: 0.0008, Reg: -0.2918
INFO:__main__:Total loss 0.1779
INFO:__main__:Predicted mean: -0.3582
INFO:__main__:Predicted uncertainity 0.6045
INFO:__main__:Completed epoch 61 of 100

INFO:__main__:NLL: 0.4688, L2: 0.0007, Reg: -0.2933
INFO:__main__:Total loss 0.1762
INFO:__main__:Predicted mean: -0.3584
INFO:__main__:Predicted uncertainity 0.6101
INFO:__main__:Completed epoch 62 of 100

INFO:__main__:NLL: 0.4688, L2: 0.0007, Reg: -0.2957
INFO:__main__:Total loss 0.1738
INFO:__main__:Predicted mean: -0.3650
INFO:__main__:Predicted uncertainity 0.6068
INFO:__main__:Completed epoch 63 of 100

INFO:__main__:NLL: 0.4682, L2: 0.0007, Reg: -0.2916
INFO:__main__:Total loss 0.1773
INFO:__main__:Predicted mean: -0.3593
INFO:__main__:Predicted uncertainity 0.6052
INFO:__main__:Completed epoch 64 of 100

INFO:__main__:NLL: 0.4625, L2: 0.0008, Reg: -0.2874
INFO:__main__:Total loss 0.1758
INFO:__main__:Predicted mean: -0.3598
INFO:__main__:Predicted uncertainity 0.5956
INFO:__main__:Completed epoch 65 of 100

INFO:__main__:NLL: 0.4663, L2: 0.0007, Reg: -0.2890
INFO:__main__:Total loss 0.1780
INFO:__main__:Predicted mean: -0.3571
INFO:__main__:Predicted uncertainity 0.6053
INFO:__main__:Completed epoch 66 of 100

INFO:__main__:NLL: 0.4645, L2: 0.0007, Reg: -0.2883
INFO:__main__:Total loss 0.1769
INFO:__main__:Predicted mean: -0.3593
INFO:__main__:Predicted uncertainity 0.5989
INFO:__main__:Completed epoch 67 of 100

INFO:__main__:NLL: 0.4710, L2: 0.0007, Reg: -0.2956
INFO:__main__:Total loss 0.1761
INFO:__main__:Predicted mean: -0.3592
INFO:__main__:Predicted uncertainity 0.6140
INFO:__main__:Completed epoch 68 of 100

INFO:__main__:NLL: 0.4675, L2: 0.0007, Reg: -0.2910
INFO:__main__:Total loss 0.1772
INFO:__main__:Predicted mean: -0.3627
INFO:__main__:Predicted uncertainity 0.6072
INFO:__main__:Completed epoch 69 of 100

INFO:__main__:NLL: 0.4696, L2: 0.0007, Reg: -0.2932
INFO:__main__:Total loss 0.1771
INFO:__main__:Predicted mean: -0.3690
INFO:__main__:Predicted uncertainity 0.6090
INFO:__main__:Completed epoch 70 of 100

INFO:__main__:NLL: 0.4623, L2: 0.0007, Reg: -0.2881
INFO:__main__:Total loss 0.1749
INFO:__main__:Predicted mean: -0.3570
INFO:__main__:Predicted uncertainity 0.5931
INFO:__main__:Completed epoch 71 of 100

INFO:__main__:NLL: 0.4700, L2: 0.0007, Reg: -0.2908
INFO:__main__:Total loss 0.1799
INFO:__main__:Predicted mean: -0.3615
INFO:__main__:Predicted uncertainity 0.6109
INFO:__main__:Completed epoch 72 of 100

INFO:__main__:NLL: 0.4685, L2: 0.0007, Reg: -0.2923
INFO:__main__:Total loss 0.1769
INFO:__main__:Predicted mean: -0.3632
INFO:__main__:Predicted uncertainity 0.6085
INFO:__main__:Completed epoch 73 of 100

INFO:__main__:NLL: 0.4707, L2: 0.0007, Reg: -0.2926
INFO:__main__:Total loss 0.1788
INFO:__main__:Predicted mean: -0.3592
INFO:__main__:Predicted uncertainity 0.6108
INFO:__main__:Completed epoch 74 of 100

INFO:__main__:NLL: 0.4697, L2: 0.0007, Reg: -0.2937
INFO:__main__:Total loss 0.1768
INFO:__main__:Predicted mean: -0.3623
INFO:__main__:Predicted uncertainity 0.6164
INFO:__main__:Completed epoch 75 of 100

INFO:__main__:NLL: 0.4662, L2: 0.0007, Reg: -0.2899
INFO:__main__:Total loss 0.1770
INFO:__main__:Predicted mean: -0.3598
INFO:__main__:Predicted uncertainity 0.5998
INFO:__main__:Completed epoch 76 of 100

INFO:__main__:NLL: 0.4675, L2: 0.0007, Reg: -0.2870
INFO:__main__:Total loss 0.1813
INFO:__main__:Predicted mean: -0.3591
INFO:__main__:Predicted uncertainity 0.6081
INFO:__main__:Completed epoch 77 of 100

INFO:__main__:NLL: 0.4712, L2: 0.0007, Reg: -0.2941
INFO:__main__:Total loss 0.1778
INFO:__main__:Predicted mean: -0.3594
INFO:__main__:Predicted uncertainity 0.6101
INFO:__main__:Completed epoch 78 of 100

INFO:__main__:NLL: 0.4706, L2: 0.0007, Reg: -0.2967
INFO:__main__:Total loss 0.1745
INFO:__main__:Predicted mean: -0.3577
INFO:__main__:Predicted uncertainity 0.6068
INFO:__main__:Completed epoch 79 of 100

INFO:__main__:NLL: 0.4673, L2: 0.0007, Reg: -0.2912
INFO:__main__:Total loss 0.1768
INFO:__main__:Predicted mean: -0.3627
INFO:__main__:Predicted uncertainity 0.6046
INFO:__main__:Completed epoch 80 of 100

INFO:__main__:NLL: 0.4662, L2: 0.0007, Reg: -0.2908
INFO:__main__:Total loss 0.1761
INFO:__main__:Predicted mean: -0.3611
INFO:__main__:Predicted uncertainity 0.5966
INFO:__main__:Completed epoch 81 of 100

INFO:__main__:NLL: 0.4721, L2: 0.0007, Reg: -0.2946
INFO:__main__:Total loss 0.1782
INFO:__main__:Predicted mean: -0.3582
INFO:__main__:Predicted uncertainity 0.6107
INFO:__main__:Completed epoch 82 of 100

INFO:__main__:NLL: 0.4689, L2: 0.0007, Reg: -0.2907
INFO:__main__:Total loss 0.1790
INFO:__main__:Predicted mean: -0.3586
INFO:__main__:Predicted uncertainity 0.6106
INFO:__main__:Completed epoch 83 of 100

INFO:__main__:NLL: 0.4710, L2: 0.0007, Reg: -0.2892
INFO:__main__:Total loss 0.1825
INFO:__main__:Predicted mean: -0.3622
INFO:__main__:Predicted uncertainity 0.6083
INFO:__main__:Completed epoch 84 of 100

INFO:__main__:NLL: 0.4665, L2: 0.0007, Reg: -0.2879
INFO:__main__:Total loss 0.1793
INFO:__main__:Predicted mean: -0.3607
INFO:__main__:Predicted uncertainity 0.6050
INFO:__main__:Completed epoch 85 of 100

INFO:__main__:NLL: 0.4669, L2: 0.0007, Reg: -0.2896
INFO:__main__:Total loss 0.1780
INFO:__main__:Predicted mean: -0.3625
INFO:__main__:Predicted uncertainity 0.6028
INFO:__main__:Completed epoch 86 of 100

INFO:__main__:NLL: 0.4689, L2: 0.0007, Reg: -0.2932
INFO:__main__:Total loss 0.1765
INFO:__main__:Predicted mean: -0.3635
INFO:__main__:Predicted uncertainity 0.6052
INFO:__main__:Completed epoch 87 of 100

INFO:__main__:NLL: 0.4667, L2: 0.0007, Reg: -0.2917
INFO:__main__:Total loss 0.1756
INFO:__main__:Predicted mean: -0.3587
INFO:__main__:Predicted uncertainity 0.5988
INFO:__main__:Completed epoch 88 of 100

INFO:__main__:NLL: 0.4691, L2: 0.0007, Reg: -0.2913
INFO:__main__:Total loss 0.1785
INFO:__main__:Predicted mean: -0.3595
INFO:__main__:Predicted uncertainity 0.6076
INFO:__main__:Completed epoch 89 of 100

INFO:__main__:NLL: 0.4655, L2: 0.0007, Reg: -0.2911
INFO:__main__:Total loss 0.1751
INFO:__main__:Predicted mean: -0.3611
INFO:__main__:Predicted uncertainity 0.6002
INFO:__main__:Completed epoch 90 of 100

INFO:__main__:NLL: 0.4675, L2: 0.0007, Reg: -0.2899
INFO:__main__:Total loss 0.1783
INFO:__main__:Predicted mean: -0.3628
INFO:__main__:Predicted uncertainity 0.6014
INFO:__main__:Completed epoch 91 of 100

INFO:__main__:NLL: 0.4643, L2: 0.0006, Reg: -0.2863
INFO:__main__:Total loss 0.1787
INFO:__main__:Predicted mean: -0.3595
INFO:__main__:Predicted uncertainity 0.5937
INFO:__main__:Completed epoch 92 of 100

INFO:__main__:NLL: 0.4677, L2: 0.0007, Reg: -0.2912
INFO:__main__:Total loss 0.1773
INFO:__main__:Predicted mean: -0.3617
INFO:__main__:Predicted uncertainity 0.6026
INFO:__main__:Completed epoch 93 of 100

INFO:__main__:NLL: 0.4665, L2: 0.0007, Reg: -0.2887
INFO:__main__:Total loss 0.1785
INFO:__main__:Predicted mean: -0.3581
INFO:__main__:Predicted uncertainity 0.5972
INFO:__main__:Completed epoch 94 of 100

INFO:__main__:NLL: 0.4675, L2: 0.0007, Reg: -0.2924
INFO:__main__:Total loss 0.1758
INFO:__main__:Predicted mean: -0.3621
INFO:__main__:Predicted uncertainity 0.6017
INFO:__main__:Completed epoch 95 of 100

INFO:__main__:NLL: 0.4671, L2: 0.0007, Reg: -0.2917
INFO:__main__:Total loss 0.1761
INFO:__main__:Predicted mean: -0.3584
INFO:__main__:Predicted uncertainity 0.6045
INFO:__main__:Completed epoch 96 of 100

INFO:__main__:NLL: 0.4668, L2: 0.0007, Reg: -0.2900
INFO:__main__:Total loss 0.1775
INFO:__main__:Predicted mean: -0.3622
INFO:__main__:Predicted uncertainity 0.6009
INFO:__main__:Completed epoch 97 of 100

INFO:__main__:NLL: 0.4651, L2: 0.0007, Reg: -0.2928
INFO:__main__:Total loss 0.1730
INFO:__main__:Predicted mean: -0.3583
INFO:__main__:Predicted uncertainity 0.5973
INFO:__main__:Completed epoch 98 of 100

INFO:__main__:NLL: 0.4665, L2: 0.0007, Reg: -0.2908
INFO:__main__:Total loss 0.1764
INFO:__main__:Predicted mean: -0.3618
INFO:__main__:Predicted uncertainity 0.6016
INFO:__main__:Completed epoch 99 of 100

INFO:__main__:NLL: 0.4669, L2: 0.0007, Reg: -0.2912
INFO:__main__:Total loss 0.1765
INFO:__main__:Predicted mean: -0.3571
INFO:__main__:Predicted uncertainity 0.6066
INFO:__main__:Completed epoch 100 of 100

INFO:__main__:339.770741 s
