INFO:__main__:PROCESS RUNNING ON cpu
INFO:__main__:NLL: 0.2808, L2: 0.0231, Reg: 0.1277
INFO:__main__:Total loss 0.4315
INFO:__main__:Predicted mean: -0.1339
INFO:__main__:Predicted uncertainity -0.0717
INFO:__main__:Completed epoch 1 of 100

INFO:__main__:NLL: 0.2807, L2: 0.0234, Reg: 0.1275
INFO:__main__:Total loss 0.4315
INFO:__main__:Predicted mean: -0.1350
INFO:__main__:Predicted uncertainity -0.0716
INFO:__main__:Completed epoch 2 of 100

INFO:__main__:NLL: 0.2806, L2: 0.0237, Reg: 0.1275
INFO:__main__:Total loss 0.4318
INFO:__main__:Predicted mean: -0.1358
INFO:__main__:Predicted uncertainity -0.0720
INFO:__main__:Completed epoch 3 of 100

INFO:__main__:NLL: 0.2805, L2: 0.0238, Reg: 0.1273
INFO:__main__:Total loss 0.4316
INFO:__main__:Predicted mean: -0.1363
INFO:__main__:Predicted uncertainity -0.0723
INFO:__main__:Completed epoch 4 of 100

INFO:__main__:NLL: 0.2805, L2: 0.0239, Reg: 0.1279
INFO:__main__:Total loss 0.4323
INFO:__main__:Predicted mean: -0.1365
INFO:__main__:Predicted uncertainity -0.0725
INFO:__main__:Completed epoch 5 of 100

INFO:__main__:NLL: 0.2805, L2: 0.0239, Reg: 0.1275
INFO:__main__:Total loss 0.4319
INFO:__main__:Predicted mean: -0.1366
INFO:__main__:Predicted uncertainity -0.0725
INFO:__main__:Completed epoch 6 of 100

INFO:__main__:NLL: 0.2804, L2: 0.0240, Reg: 0.1280
INFO:__main__:Total loss 0.4324
INFO:__main__:Predicted mean: -0.1366
INFO:__main__:Predicted uncertainity -0.0725
INFO:__main__:Completed epoch 7 of 100

INFO:__main__:NLL: 0.2804, L2: 0.0240, Reg: 0.1276
INFO:__main__:Total loss 0.4321
INFO:__main__:Predicted mean: -0.1367
INFO:__main__:Predicted uncertainity -0.0726
INFO:__main__:Completed epoch 8 of 100

INFO:__main__:NLL: 0.2804, L2: 0.0241, Reg: 0.1280
INFO:__main__:Total loss 0.4325
INFO:__main__:Predicted mean: -0.1367
INFO:__main__:Predicted uncertainity -0.0725
INFO:__main__:Completed epoch 9 of 100

INFO:__main__:NLL: 0.2804, L2: 0.0241, Reg: 0.1277
INFO:__main__:Total loss 0.4322
INFO:__main__:Predicted mean: -0.1367
INFO:__main__:Predicted uncertainity -0.0726
INFO:__main__:Completed epoch 10 of 100

INFO:__main__:NLL: 0.2804, L2: 0.0241, Reg: 0.1274
INFO:__main__:Total loss 0.4319
INFO:__main__:Predicted mean: -0.1367
INFO:__main__:Predicted uncertainity -0.0727
INFO:__main__:Completed epoch 11 of 100

INFO:__main__:NLL: 0.2804, L2: 0.0241, Reg: 0.1278
INFO:__main__:Total loss 0.4323
INFO:__main__:Predicted mean: -0.1367
INFO:__main__:Predicted uncertainity -0.0726
INFO:__main__:Completed epoch 12 of 100

INFO:__main__:NLL: 0.2805, L2: 0.0241, Reg: 0.1277
INFO:__main__:Total loss 0.4323
INFO:__main__:Predicted mean: -0.1367
INFO:__main__:Predicted uncertainity -0.0725
INFO:__main__:Completed epoch 13 of 100

INFO:__main__:NLL: 0.2804, L2: 0.0241, Reg: 0.1278
INFO:__main__:Total loss 0.4323
INFO:__main__:Predicted mean: -0.1367
INFO:__main__:Predicted uncertainity -0.0725
INFO:__main__:Completed epoch 14 of 100

INFO:__main__:NLL: 0.2804, L2: 0.0242, Reg: 0.1275
INFO:__main__:Total loss 0.4321
INFO:__main__:Predicted mean: -0.1367
INFO:__main__:Predicted uncertainity -0.0727
INFO:__main__:Completed epoch 15 of 100

INFO:__main__:NLL: 0.2804, L2: 0.0241, Reg: 0.1279
INFO:__main__:Total loss 0.4324
INFO:__main__:Predicted mean: -0.1367
INFO:__main__:Predicted uncertainity -0.0726
INFO:__main__:Completed epoch 16 of 100

INFO:__main__:NLL: 0.2804, L2: 0.0241, Reg: 0.1274
INFO:__main__:Total loss 0.4319
INFO:__main__:Predicted mean: -0.1367
INFO:__main__:Predicted uncertainity -0.0725
INFO:__main__:Completed epoch 17 of 100

INFO:__main__:NLL: 0.2804, L2: 0.0242, Reg: 0.1273
INFO:__main__:Total loss 0.4319
INFO:__main__:Predicted mean: -0.1367
INFO:__main__:Predicted uncertainity -0.0727
INFO:__main__:Completed epoch 18 of 100

INFO:__main__:NLL: 0.2804, L2: 0.0241, Reg: 0.1276
INFO:__main__:Total loss 0.4322
INFO:__main__:Predicted mean: -0.1367
INFO:__main__:Predicted uncertainity -0.0726
INFO:__main__:Completed epoch 19 of 100

INFO:__main__:NLL: 0.2804, L2: 0.0242, Reg: 0.1276
INFO:__main__:Total loss 0.4322
INFO:__main__:Predicted mean: -0.1367
INFO:__main__:Predicted uncertainity -0.0726
INFO:__main__:Completed epoch 20 of 100

INFO:__main__:NLL: 0.2804, L2: 0.0242, Reg: 0.1277
INFO:__main__:Total loss 0.4323
INFO:__main__:Predicted mean: -0.1367
INFO:__main__:Predicted uncertainity -0.0726
INFO:__main__:Completed epoch 21 of 100

INFO:__main__:NLL: 0.2804, L2: 0.0242, Reg: 0.1275
INFO:__main__:Total loss 0.4321
INFO:__main__:Predicted mean: -0.1367
INFO:__main__:Predicted uncertainity -0.0726
INFO:__main__:Completed epoch 22 of 100

INFO:__main__:NLL: 0.2804, L2: 0.0241, Reg: 0.1280
INFO:__main__:Total loss 0.4326
INFO:__main__:Predicted mean: -0.1367
INFO:__main__:Predicted uncertainity -0.0725
INFO:__main__:Completed epoch 23 of 100

INFO:__main__:NLL: 0.2804, L2: 0.0241, Reg: 0.1278
INFO:__main__:Total loss 0.4323
INFO:__main__:Predicted mean: -0.1367
INFO:__main__:Predicted uncertainity -0.0725
INFO:__main__:Completed epoch 24 of 100

INFO:__main__:NLL: 0.2804, L2: 0.0242, Reg: 0.1279
INFO:__main__:Total loss 0.4325
INFO:__main__:Predicted mean: -0.1367
INFO:__main__:Predicted uncertainity -0.0725
INFO:__main__:Completed epoch 25 of 100

INFO:__main__:NLL: 0.2804, L2: 0.0242, Reg: 0.1278
INFO:__main__:Total loss 0.4324
INFO:__main__:Predicted mean: -0.1367
INFO:__main__:Predicted uncertainity -0.0726
INFO:__main__:Completed epoch 26 of 100

INFO:__main__:NLL: 0.2804, L2: 0.0241, Reg: 0.1275
INFO:__main__:Total loss 0.4320
INFO:__main__:Predicted mean: -0.1367
INFO:__main__:Predicted uncertainity -0.0727
INFO:__main__:Completed epoch 27 of 100

INFO:__main__:NLL: 0.2804, L2: 0.0241, Reg: 0.1276
INFO:__main__:Total loss 0.4322
INFO:__main__:Predicted mean: -0.1367
INFO:__main__:Predicted uncertainity -0.0726
INFO:__main__:Completed epoch 28 of 100

INFO:__main__:NLL: 0.2804, L2: 0.0241, Reg: 0.1276
INFO:__main__:Total loss 0.4321
INFO:__main__:Predicted mean: -0.1367
INFO:__main__:Predicted uncertainity -0.0725
INFO:__main__:Completed epoch 29 of 100

INFO:__main__:NLL: 0.2804, L2: 0.0241, Reg: 0.1276
INFO:__main__:Total loss 0.4321
INFO:__main__:Predicted mean: -0.1367
INFO:__main__:Predicted uncertainity -0.0726
INFO:__main__:Completed epoch 30 of 100

INFO:__main__:NLL: 0.2804, L2: 0.0242, Reg: 0.1277
INFO:__main__:Total loss 0.4323
INFO:__main__:Predicted mean: -0.1367
INFO:__main__:Predicted uncertainity -0.0726
INFO:__main__:Completed epoch 31 of 100

INFO:__main__:NLL: 0.2804, L2: 0.0242, Reg: 0.1275
INFO:__main__:Total loss 0.4321
INFO:__main__:Predicted mean: -0.1367
INFO:__main__:Predicted uncertainity -0.0726
INFO:__main__:Completed epoch 32 of 100

INFO:__main__:NLL: 0.2804, L2: 0.0241, Reg: 0.1276
INFO:__main__:Total loss 0.4321
INFO:__main__:Predicted mean: -0.1367
INFO:__main__:Predicted uncertainity -0.0726
INFO:__main__:Completed epoch 33 of 100

INFO:__main__:NLL: 0.2804, L2: 0.0241, Reg: 0.1277
INFO:__main__:Total loss 0.4322
INFO:__main__:Predicted mean: -0.1367
INFO:__main__:Predicted uncertainity -0.0727
INFO:__main__:Completed epoch 34 of 100

INFO:__main__:NLL: 0.2804, L2: 0.0241, Reg: 0.1277
INFO:__main__:Total loss 0.4323
INFO:__main__:Predicted mean: -0.1367
INFO:__main__:Predicted uncertainity -0.0726
INFO:__main__:Completed epoch 35 of 100

INFO:__main__:NLL: 0.2804, L2: 0.0241, Reg: 0.1276
INFO:__main__:Total loss 0.4322
INFO:__main__:Predicted mean: -0.1367
INFO:__main__:Predicted uncertainity -0.0727
INFO:__main__:Completed epoch 36 of 100

INFO:__main__:NLL: 0.2804, L2: 0.0241, Reg: 0.1274
INFO:__main__:Total loss 0.4319
INFO:__main__:Predicted mean: -0.1367
INFO:__main__:Predicted uncertainity -0.0726
INFO:__main__:Completed epoch 37 of 100

INFO:__main__:NLL: 0.2804, L2: 0.0242, Reg: 0.1274
INFO:__main__:Total loss 0.4320
INFO:__main__:Predicted mean: -0.1367
INFO:__main__:Predicted uncertainity -0.0725
INFO:__main__:Completed epoch 38 of 100

INFO:__main__:NLL: 0.2804, L2: 0.0242, Reg: 0.1274
INFO:__main__:Total loss 0.4321
INFO:__main__:Predicted mean: -0.1367
INFO:__main__:Predicted uncertainity -0.0725
INFO:__main__:Completed epoch 39 of 100

INFO:__main__:NLL: 0.2804, L2: 0.0241, Reg: 0.1276
INFO:__main__:Total loss 0.4321
INFO:__main__:Predicted mean: -0.1367
INFO:__main__:Predicted uncertainity -0.0726
INFO:__main__:Completed epoch 40 of 100

INFO:__main__:NLL: 0.2804, L2: 0.0242, Reg: 0.1276
INFO:__main__:Total loss 0.4322
INFO:__main__:Predicted mean: -0.1367
INFO:__main__:Predicted uncertainity -0.0727
INFO:__main__:Completed epoch 41 of 100

INFO:__main__:NLL: 0.2804, L2: 0.0242, Reg: 0.1278
INFO:__main__:Total loss 0.4324
INFO:__main__:Predicted mean: -0.1367
INFO:__main__:Predicted uncertainity -0.0727
INFO:__main__:Completed epoch 42 of 100

INFO:__main__:NLL: 0.2804, L2: 0.0241, Reg: 0.1276
INFO:__main__:Total loss 0.4322
INFO:__main__:Predicted mean: -0.1367
INFO:__main__:Predicted uncertainity -0.0726
INFO:__main__:Completed epoch 43 of 100

INFO:__main__:NLL: 0.2804, L2: 0.0241, Reg: 0.1275
INFO:__main__:Total loss 0.4321
INFO:__main__:Predicted mean: -0.1367
INFO:__main__:Predicted uncertainity -0.0726
INFO:__main__:Completed epoch 44 of 100

INFO:__main__:NLL: 0.2804, L2: 0.0242, Reg: 0.1276
INFO:__main__:Total loss 0.4322
INFO:__main__:Predicted mean: -0.1367
INFO:__main__:Predicted uncertainity -0.0727
INFO:__main__:Completed epoch 45 of 100

INFO:__main__:NLL: 0.2804, L2: 0.0241, Reg: 0.1275
INFO:__main__:Total loss 0.4320
INFO:__main__:Predicted mean: -0.1367
INFO:__main__:Predicted uncertainity -0.0726
INFO:__main__:Completed epoch 46 of 100

INFO:__main__:NLL: 0.2804, L2: 0.0242, Reg: 0.1276
INFO:__main__:Total loss 0.4322
INFO:__main__:Predicted mean: -0.1367
INFO:__main__:Predicted uncertainity -0.0726
INFO:__main__:Completed epoch 47 of 100

INFO:__main__:NLL: 0.2804, L2: 0.0241, Reg: 0.1276
INFO:__main__:Total loss 0.4322
INFO:__main__:Predicted mean: -0.1367
INFO:__main__:Predicted uncertainity -0.0725
INFO:__main__:Completed epoch 48 of 100

INFO:__main__:NLL: 0.2804, L2: 0.0241, Reg: 0.1277
INFO:__main__:Total loss 0.4322
INFO:__main__:Predicted mean: -0.1367
INFO:__main__:Predicted uncertainity -0.0725
INFO:__main__:Completed epoch 49 of 100

INFO:__main__:NLL: 0.2804, L2: 0.0241, Reg: 0.1277
INFO:__main__:Total loss 0.4323
INFO:__main__:Predicted mean: -0.1367
INFO:__main__:Predicted uncertainity -0.0726
INFO:__main__:Completed epoch 50 of 100

INFO:__main__:NLL: 0.2804, L2: 0.0242, Reg: 0.1277
INFO:__main__:Total loss 0.4323
INFO:__main__:Predicted mean: -0.1367
INFO:__main__:Predicted uncertainity -0.0728
INFO:__main__:Completed epoch 51 of 100

INFO:__main__:NLL: 0.2804, L2: 0.0242, Reg: 0.1273
INFO:__main__:Total loss 0.4319
INFO:__main__:Predicted mean: -0.1367
INFO:__main__:Predicted uncertainity -0.0725
INFO:__main__:Completed epoch 52 of 100

INFO:__main__:NLL: 0.2804, L2: 0.0242, Reg: 0.1274
INFO:__main__:Total loss 0.4320
INFO:__main__:Predicted mean: -0.1367
INFO:__main__:Predicted uncertainity -0.0726
INFO:__main__:Completed epoch 53 of 100

INFO:__main__:NLL: 0.2804, L2: 0.0241, Reg: 0.1275
INFO:__main__:Total loss 0.4320
INFO:__main__:Predicted mean: -0.1367
INFO:__main__:Predicted uncertainity -0.0726
INFO:__main__:Completed epoch 54 of 100

INFO:__main__:NLL: 0.2804, L2: 0.0241, Reg: 0.1277
INFO:__main__:Total loss 0.4322
INFO:__main__:Predicted mean: -0.1367
INFO:__main__:Predicted uncertainity -0.0727
INFO:__main__:Completed epoch 55 of 100

INFO:__main__:NLL: 0.2804, L2: 0.0242, Reg: 0.1276
INFO:__main__:Total loss 0.4322
INFO:__main__:Predicted mean: -0.1367
INFO:__main__:Predicted uncertainity -0.0726
INFO:__main__:Completed epoch 56 of 100

INFO:__main__:NLL: 0.2804, L2: 0.0242, Reg: 0.1276
INFO:__main__:Total loss 0.4322
INFO:__main__:Predicted mean: -0.1367
INFO:__main__:Predicted uncertainity -0.0727
INFO:__main__:Completed epoch 57 of 100

INFO:__main__:NLL: 0.2804, L2: 0.0241, Reg: 0.1278
INFO:__main__:Total loss 0.4324
INFO:__main__:Predicted mean: -0.1367
INFO:__main__:Predicted uncertainity -0.0727
INFO:__main__:Completed epoch 58 of 100

INFO:__main__:NLL: 0.2804, L2: 0.0241, Reg: 0.1279
INFO:__main__:Total loss 0.4325
INFO:__main__:Predicted mean: -0.1367
INFO:__main__:Predicted uncertainity -0.0725
INFO:__main__:Completed epoch 59 of 100

INFO:__main__:NLL: 0.2804, L2: 0.0241, Reg: 0.1274
INFO:__main__:Total loss 0.4319
INFO:__main__:Predicted mean: -0.1367
INFO:__main__:Predicted uncertainity -0.0726
INFO:__main__:Completed epoch 60 of 100

INFO:__main__:NLL: 0.2804, L2: 0.0241, Reg: 0.1277
INFO:__main__:Total loss 0.4323
INFO:__main__:Predicted mean: -0.1367
INFO:__main__:Predicted uncertainity -0.0726
INFO:__main__:Completed epoch 61 of 100

INFO:__main__:NLL: 0.2804, L2: 0.0241, Reg: 0.1278
INFO:__main__:Total loss 0.4323
INFO:__main__:Predicted mean: -0.1367
INFO:__main__:Predicted uncertainity -0.0726
INFO:__main__:Completed epoch 62 of 100

INFO:__main__:NLL: 0.2804, L2: 0.0242, Reg: 0.1274
INFO:__main__:Total loss 0.4320
INFO:__main__:Predicted mean: -0.1367
INFO:__main__:Predicted uncertainity -0.0726
INFO:__main__:Completed epoch 63 of 100

INFO:__main__:NLL: 0.2804, L2: 0.0242, Reg: 0.1276
INFO:__main__:Total loss 0.4322
INFO:__main__:Predicted mean: -0.1367
INFO:__main__:Predicted uncertainity -0.0727
INFO:__main__:Completed epoch 64 of 100

INFO:__main__:NLL: 0.2804, L2: 0.0241, Reg: 0.1276
INFO:__main__:Total loss 0.4321
INFO:__main__:Predicted mean: -0.1367
INFO:__main__:Predicted uncertainity -0.0726
INFO:__main__:Completed epoch 65 of 100

INFO:__main__:NLL: 0.2804, L2: 0.0241, Reg: 0.1277
INFO:__main__:Total loss 0.4323
INFO:__main__:Predicted mean: -0.1367
INFO:__main__:Predicted uncertainity -0.0725
INFO:__main__:Completed epoch 66 of 100

INFO:__main__:NLL: 0.2804, L2: 0.0242, Reg: 0.1276
INFO:__main__:Total loss 0.4321
INFO:__main__:Predicted mean: -0.1367
INFO:__main__:Predicted uncertainity -0.0726
INFO:__main__:Completed epoch 67 of 100

INFO:__main__:NLL: 0.2804, L2: 0.0242, Reg: 0.1274
INFO:__main__:Total loss 0.4320
INFO:__main__:Predicted mean: -0.1367
INFO:__main__:Predicted uncertainity -0.0726
INFO:__main__:Completed epoch 68 of 100

INFO:__main__:NLL: 0.2804, L2: 0.0242, Reg: 0.1278
INFO:__main__:Total loss 0.4324
INFO:__main__:Predicted mean: -0.1367
INFO:__main__:Predicted uncertainity -0.0726
INFO:__main__:Completed epoch 69 of 100

INFO:__main__:NLL: 0.2804, L2: 0.0241, Reg: 0.1276
INFO:__main__:Total loss 0.4321
INFO:__main__:Predicted mean: -0.1367
INFO:__main__:Predicted uncertainity -0.0725
INFO:__main__:Completed epoch 70 of 100

INFO:__main__:NLL: 0.2804, L2: 0.0241, Reg: 0.1275
INFO:__main__:Total loss 0.4321
INFO:__main__:Predicted mean: -0.1367
INFO:__main__:Predicted uncertainity -0.0726
INFO:__main__:Completed epoch 71 of 100

INFO:__main__:NLL: 0.2804, L2: 0.0242, Reg: 0.1278
INFO:__main__:Total loss 0.4324
INFO:__main__:Predicted mean: -0.1367
INFO:__main__:Predicted uncertainity -0.0725
INFO:__main__:Completed epoch 72 of 100

INFO:__main__:NLL: 0.2804, L2: 0.0241, Reg: 0.1277
INFO:__main__:Total loss 0.4323
INFO:__main__:Predicted mean: -0.1367
INFO:__main__:Predicted uncertainity -0.0725
INFO:__main__:Completed epoch 73 of 100

INFO:__main__:NLL: 0.2804, L2: 0.0241, Reg: 0.1279
INFO:__main__:Total loss 0.4324
INFO:__main__:Predicted mean: -0.1367
INFO:__main__:Predicted uncertainity -0.0726
INFO:__main__:Completed epoch 74 of 100

INFO:__main__:NLL: 0.2804, L2: 0.0241, Reg: 0.1279
INFO:__main__:Total loss 0.4324
INFO:__main__:Predicted mean: -0.1367
INFO:__main__:Predicted uncertainity -0.0726
INFO:__main__:Completed epoch 75 of 100

INFO:__main__:NLL: 0.2804, L2: 0.0242, Reg: 0.1277
INFO:__main__:Total loss 0.4323
INFO:__main__:Predicted mean: -0.1367
INFO:__main__:Predicted uncertainity -0.0727
INFO:__main__:Completed epoch 76 of 100

INFO:__main__:NLL: 0.2804, L2: 0.0241, Reg: 0.1278
INFO:__main__:Total loss 0.4324
INFO:__main__:Predicted mean: -0.1367
INFO:__main__:Predicted uncertainity -0.0726
INFO:__main__:Completed epoch 77 of 100

INFO:__main__:NLL: 0.2805, L2: 0.0241, Reg: 0.1275
INFO:__main__:Total loss 0.4321
INFO:__main__:Predicted mean: -0.1367
INFO:__main__:Predicted uncertainity -0.0724
INFO:__main__:Completed epoch 78 of 100

INFO:__main__:NLL: 0.2804, L2: 0.0242, Reg: 0.1273
INFO:__main__:Total loss 0.4319
INFO:__main__:Predicted mean: -0.1367
INFO:__main__:Predicted uncertainity -0.0726
INFO:__main__:Completed epoch 79 of 100

INFO:__main__:NLL: 0.2804, L2: 0.0242, Reg: 0.1278
INFO:__main__:Total loss 0.4324
INFO:__main__:Predicted mean: -0.1367
INFO:__main__:Predicted uncertainity -0.0727
INFO:__main__:Completed epoch 80 of 100

INFO:__main__:NLL: 0.2804, L2: 0.0241, Reg: 0.1275
INFO:__main__:Total loss 0.4320
INFO:__main__:Predicted mean: -0.1367
INFO:__main__:Predicted uncertainity -0.0727
INFO:__main__:Completed epoch 81 of 100

INFO:__main__:NLL: 0.2804, L2: 0.0241, Reg: 0.1276
INFO:__main__:Total loss 0.4322
INFO:__main__:Predicted mean: -0.1367
INFO:__main__:Predicted uncertainity -0.0725
INFO:__main__:Completed epoch 82 of 100

INFO:__main__:NLL: 0.2804, L2: 0.0242, Reg: 0.1277
INFO:__main__:Total loss 0.4323
INFO:__main__:Predicted mean: -0.1367
INFO:__main__:Predicted uncertainity -0.0727
INFO:__main__:Completed epoch 83 of 100

INFO:__main__:NLL: 0.2804, L2: 0.0242, Reg: 0.1277
INFO:__main__:Total loss 0.4323
INFO:__main__:Predicted mean: -0.1367
INFO:__main__:Predicted uncertainity -0.0726
INFO:__main__:Completed epoch 84 of 100

INFO:__main__:NLL: 0.2804, L2: 0.0241, Reg: 0.1278
INFO:__main__:Total loss 0.4324
INFO:__main__:Predicted mean: -0.1367
INFO:__main__:Predicted uncertainity -0.0726
INFO:__main__:Completed epoch 85 of 100

INFO:__main__:NLL: 0.2804, L2: 0.0242, Reg: 0.1276
INFO:__main__:Total loss 0.4322
INFO:__main__:Predicted mean: -0.1367
INFO:__main__:Predicted uncertainity -0.0727
INFO:__main__:Completed epoch 86 of 100

INFO:__main__:NLL: 0.2804, L2: 0.0242, Reg: 0.1274
INFO:__main__:Total loss 0.4320
INFO:__main__:Predicted mean: -0.1367
INFO:__main__:Predicted uncertainity -0.0727
INFO:__main__:Completed epoch 87 of 100

INFO:__main__:NLL: 0.2804, L2: 0.0242, Reg: 0.1274
INFO:__main__:Total loss 0.4320
INFO:__main__:Predicted mean: -0.1367
INFO:__main__:Predicted uncertainity -0.0727
INFO:__main__:Completed epoch 88 of 100

INFO:__main__:NLL: 0.2804, L2: 0.0242, Reg: 0.1277
INFO:__main__:Total loss 0.4323
INFO:__main__:Predicted mean: -0.1367
INFO:__main__:Predicted uncertainity -0.0725
INFO:__main__:Completed epoch 89 of 100

INFO:__main__:NLL: 0.2805, L2: 0.0241, Reg: 0.1275
INFO:__main__:Total loss 0.4321
INFO:__main__:Predicted mean: -0.1367
INFO:__main__:Predicted uncertainity -0.0724
INFO:__main__:Completed epoch 90 of 100

INFO:__main__:NLL: 0.2804, L2: 0.0242, Reg: 0.1277
INFO:__main__:Total loss 0.4323
INFO:__main__:Predicted mean: -0.1367
INFO:__main__:Predicted uncertainity -0.0727
INFO:__main__:Completed epoch 91 of 100

INFO:__main__:NLL: 0.2804, L2: 0.0241, Reg: 0.1278
INFO:__main__:Total loss 0.4323
INFO:__main__:Predicted mean: -0.1367
INFO:__main__:Predicted uncertainity -0.0726
INFO:__main__:Completed epoch 92 of 100

INFO:__main__:NLL: 0.2804, L2: 0.0241, Reg: 0.1278
INFO:__main__:Total loss 0.4323
INFO:__main__:Predicted mean: -0.1367
INFO:__main__:Predicted uncertainity -0.0726
INFO:__main__:Completed epoch 93 of 100

INFO:__main__:NLL: 0.2804, L2: 0.0242, Reg: 0.1274
INFO:__main__:Total loss 0.4320
INFO:__main__:Predicted mean: -0.1367
INFO:__main__:Predicted uncertainity -0.0727
INFO:__main__:Completed epoch 94 of 100

INFO:__main__:NLL: 0.2804, L2: 0.0242, Reg: 0.1275
INFO:__main__:Total loss 0.4321
INFO:__main__:Predicted mean: -0.1367
INFO:__main__:Predicted uncertainity -0.0726
INFO:__main__:Completed epoch 95 of 100

INFO:__main__:NLL: 0.2804, L2: 0.0241, Reg: 0.1276
INFO:__main__:Total loss 0.4321
INFO:__main__:Predicted mean: -0.1367
INFO:__main__:Predicted uncertainity -0.0726
INFO:__main__:Completed epoch 96 of 100

INFO:__main__:NLL: 0.2804, L2: 0.0242, Reg: 0.1275
INFO:__main__:Total loss 0.4321
INFO:__main__:Predicted mean: -0.1367
INFO:__main__:Predicted uncertainity -0.0726
INFO:__main__:Completed epoch 97 of 100

INFO:__main__:NLL: 0.2804, L2: 0.0242, Reg: 0.1274
INFO:__main__:Total loss 0.4320
INFO:__main__:Predicted mean: -0.1367
INFO:__main__:Predicted uncertainity -0.0725
INFO:__main__:Completed epoch 98 of 100

INFO:__main__:NLL: 0.2804, L2: 0.0241, Reg: 0.1277
INFO:__main__:Total loss 0.4322
INFO:__main__:Predicted mean: -0.1367
INFO:__main__:Predicted uncertainity -0.0726
INFO:__main__:Completed epoch 99 of 100

INFO:__main__:NLL: 0.2804, L2: 0.0242, Reg: 0.1278
INFO:__main__:Total loss 0.4324
INFO:__main__:Predicted mean: -0.1367
INFO:__main__:Predicted uncertainity -0.0727
INFO:__main__:Completed epoch 100 of 100

INFO:__main__:406.980289 s
