INFO:__main__:PROCESS RUNNING ON cpu
INFO:__main__:NLL: 0.1222, L2: 0.0468, Reg: 0.0135
INFO:__main__:Total loss 0.1826
INFO:__main__:Predicted mean: -0.4267
INFO:__main__:Predicted uncertainity -0.6814
INFO:__main__:Completed epoch 1 of 100

INFO:__main__:NLL: 0.1302, L2: 0.0580, Reg: 0.0139
INFO:__main__:Total loss 0.2020
INFO:__main__:Predicted mean: -0.4724
INFO:__main__:Predicted uncertainity -0.8312
INFO:__main__:Completed epoch 2 of 100

INFO:__main__:NLL: 0.2564, L2: 0.0492, Reg: 0.0135
INFO:__main__:Total loss 0.3191
INFO:__main__:Predicted mean: -0.5023
INFO:__main__:Predicted uncertainity -0.7254
INFO:__main__:Completed epoch 3 of 100

INFO:__main__:NLL: 0.1848, L2: 0.0497, Reg: 0.0134
INFO:__main__:Total loss 0.2480
INFO:__main__:Predicted mean: -0.4509
INFO:__main__:Predicted uncertainity -0.7254
INFO:__main__:Completed epoch 4 of 100

INFO:__main__:NLL: 0.1729, L2: 0.0445, Reg: 0.0134
INFO:__main__:Total loss 0.2308
INFO:__main__:Predicted mean: -0.5053
INFO:__main__:Predicted uncertainity -0.6084
INFO:__main__:Completed epoch 5 of 100

INFO:__main__:NLL: 0.2103, L2: 0.0559, Reg: 0.0136
INFO:__main__:Total loss 0.2798
INFO:__main__:Predicted mean: -0.5038
INFO:__main__:Predicted uncertainity -0.7425
INFO:__main__:Completed epoch 6 of 100

INFO:__main__:NLL: 0.1468, L2: 0.0540, Reg: 0.0137
INFO:__main__:Total loss 0.2145
INFO:__main__:Predicted mean: -0.4671
INFO:__main__:Predicted uncertainity -0.6776
INFO:__main__:Completed epoch 7 of 100

INFO:__main__:NLL: 0.2563, L2: 0.0542, Reg: 0.0136
INFO:__main__:Total loss 0.3241
INFO:__main__:Predicted mean: -0.4960
INFO:__main__:Predicted uncertainity -0.5872
INFO:__main__:Completed epoch 8 of 100

INFO:__main__:NLL: 0.0991, L2: 0.0571, Reg: 0.0139
INFO:__main__:Total loss 0.1702
INFO:__main__:Predicted mean: -0.4510
INFO:__main__:Predicted uncertainity -0.7805
INFO:__main__:Completed epoch 9 of 100

INFO:__main__:NLL: 0.3155, L2: 0.0516, Reg: 0.0136
INFO:__main__:Total loss 0.3806
INFO:__main__:Predicted mean: -0.4770
INFO:__main__:Predicted uncertainity -0.7939
INFO:__main__:Completed epoch 10 of 100

INFO:__main__:NLL: 0.0891, L2: 0.0570, Reg: 0.0137
INFO:__main__:Total loss 0.1599
INFO:__main__:Predicted mean: -0.4949
INFO:__main__:Predicted uncertainity -0.8096
INFO:__main__:Completed epoch 11 of 100

INFO:__main__:NLL: 0.1828, L2: 0.0446, Reg: 0.0135
INFO:__main__:Total loss 0.2409
INFO:__main__:Predicted mean: -0.4208
INFO:__main__:Predicted uncertainity -0.5363
INFO:__main__:Completed epoch 12 of 100

INFO:__main__:NLL: 0.1200, L2: 0.0452, Reg: 0.0135
INFO:__main__:Total loss 0.1787
INFO:__main__:Predicted mean: -0.3910
INFO:__main__:Predicted uncertainity -0.6946
INFO:__main__:Completed epoch 13 of 100

INFO:__main__:NLL: 0.2198, L2: 0.0541, Reg: 0.0138
INFO:__main__:Total loss 0.2877
INFO:__main__:Predicted mean: -0.4825
INFO:__main__:Predicted uncertainity -0.7694
INFO:__main__:Completed epoch 14 of 100

INFO:__main__:NLL: 0.2036, L2: 0.0503, Reg: 0.0137
INFO:__main__:Total loss 0.2676
INFO:__main__:Predicted mean: -0.4067
INFO:__main__:Predicted uncertainity -0.7831
INFO:__main__:Completed epoch 15 of 100

INFO:__main__:NLL: 0.1989, L2: 0.0544, Reg: 0.0137
INFO:__main__:Total loss 0.2670
INFO:__main__:Predicted mean: -0.4258
INFO:__main__:Predicted uncertainity -0.7239
INFO:__main__:Completed epoch 16 of 100

INFO:__main__:NLL: 0.0969, L2: 0.0544, Reg: 0.0137
INFO:__main__:Total loss 0.1650
INFO:__main__:Predicted mean: -0.4685
INFO:__main__:Predicted uncertainity -0.7743
INFO:__main__:Completed epoch 17 of 100

INFO:__main__:NLL: 0.1883, L2: 0.0420, Reg: 0.0132
INFO:__main__:Total loss 0.2435
INFO:__main__:Predicted mean: -0.3972
INFO:__main__:Predicted uncertainity -0.6155
INFO:__main__:Completed epoch 18 of 100

INFO:__main__:NLL: 0.1406, L2: 0.0499, Reg: 0.0134
INFO:__main__:Total loss 0.2039
INFO:__main__:Predicted mean: -0.4992
INFO:__main__:Predicted uncertainity -0.6683
INFO:__main__:Completed epoch 19 of 100

INFO:__main__:NLL: 0.1653, L2: 0.0453, Reg: 0.0133
INFO:__main__:Total loss 0.2239
INFO:__main__:Predicted mean: -0.4432
INFO:__main__:Predicted uncertainity -0.5137
INFO:__main__:Completed epoch 20 of 100

INFO:__main__:NLL: 0.1281, L2: 0.0519, Reg: 0.0135
INFO:__main__:Total loss 0.1935
INFO:__main__:Predicted mean: -0.4928
INFO:__main__:Predicted uncertainity -0.6296
INFO:__main__:Completed epoch 21 of 100

INFO:__main__:NLL: 0.1982, L2: 0.0490, Reg: 0.0135
INFO:__main__:Total loss 0.2606
INFO:__main__:Predicted mean: -0.4095
INFO:__main__:Predicted uncertainity -0.7032
INFO:__main__:Completed epoch 22 of 100

INFO:__main__:NLL: 0.1713, L2: 0.0500, Reg: 0.0135
INFO:__main__:Total loss 0.2348
INFO:__main__:Predicted mean: -0.4754
INFO:__main__:Predicted uncertainity -0.5879
INFO:__main__:Completed epoch 23 of 100

INFO:__main__:NLL: 0.2234, L2: 0.0512, Reg: 0.0136
INFO:__main__:Total loss 0.2881
INFO:__main__:Predicted mean: -0.4213
INFO:__main__:Predicted uncertainity -0.6965
INFO:__main__:Completed epoch 24 of 100

INFO:__main__:NLL: 0.3272, L2: 0.0549, Reg: 0.0137
INFO:__main__:Total loss 0.3958
INFO:__main__:Predicted mean: -0.4111
INFO:__main__:Predicted uncertainity -0.7380
INFO:__main__:Completed epoch 25 of 100

INFO:__main__:NLL: 0.0646, L2: 0.0505, Reg: 0.0136
INFO:__main__:Total loss 0.1286
INFO:__main__:Predicted mean: -0.4438
INFO:__main__:Predicted uncertainity -0.6871
INFO:__main__:Completed epoch 26 of 100

INFO:__main__:NLL: 0.3398, L2: 0.0542, Reg: 0.0136
INFO:__main__:Total loss 0.4076
INFO:__main__:Predicted mean: -0.4303
INFO:__main__:Predicted uncertainity -0.7518
INFO:__main__:Completed epoch 27 of 100

INFO:__main__:NLL: 0.2043, L2: 0.0465, Reg: 0.0135
INFO:__main__:Total loss 0.2643
INFO:__main__:Predicted mean: -0.4328
INFO:__main__:Predicted uncertainity -0.6795
INFO:__main__:Completed epoch 28 of 100

INFO:__main__:NLL: 0.2333, L2: 0.0477, Reg: 0.0135
INFO:__main__:Total loss 0.2945
INFO:__main__:Predicted mean: -0.4349
INFO:__main__:Predicted uncertainity -0.6862
INFO:__main__:Completed epoch 29 of 100

INFO:__main__:NLL: 0.1392, L2: 0.0489, Reg: 0.0134
INFO:__main__:Total loss 0.2014
INFO:__main__:Predicted mean: -0.4050
INFO:__main__:Predicted uncertainity -0.6492
INFO:__main__:Completed epoch 30 of 100

INFO:__main__:NLL: 0.2173, L2: 0.0451, Reg: 0.0135
INFO:__main__:Total loss 0.2758
INFO:__main__:Predicted mean: -0.4159
INFO:__main__:Predicted uncertainity -0.6936
INFO:__main__:Completed epoch 31 of 100

INFO:__main__:NLL: 0.1149, L2: 0.0464, Reg: 0.0134
INFO:__main__:Total loss 0.1748
INFO:__main__:Predicted mean: -0.4092
INFO:__main__:Predicted uncertainity -0.7616
INFO:__main__:Completed epoch 32 of 100

INFO:__main__:NLL: 0.1633, L2: 0.0587, Reg: 0.0137
INFO:__main__:Total loss 0.2357
INFO:__main__:Predicted mean: -0.4738
INFO:__main__:Predicted uncertainity -0.6783
INFO:__main__:Completed epoch 33 of 100

INFO:__main__:NLL: 0.1294, L2: 0.0494, Reg: 0.0134
INFO:__main__:Total loss 0.1923
INFO:__main__:Predicted mean: -0.4119
INFO:__main__:Predicted uncertainity -0.6696
INFO:__main__:Completed epoch 34 of 100

INFO:__main__:NLL: 0.1444, L2: 0.0438, Reg: 0.0133
INFO:__main__:Total loss 0.2015
INFO:__main__:Predicted mean: -0.4281
INFO:__main__:Predicted uncertainity -0.6274
INFO:__main__:Completed epoch 35 of 100

INFO:__main__:NLL: 0.2063, L2: 0.0536, Reg: 0.0137
INFO:__main__:Total loss 0.2735
INFO:__main__:Predicted mean: -0.4326
INFO:__main__:Predicted uncertainity -0.7659
INFO:__main__:Completed epoch 36 of 100

INFO:__main__:NLL: 0.1050, L2: 0.0519, Reg: 0.0136
INFO:__main__:Total loss 0.1705
INFO:__main__:Predicted mean: -0.4990
INFO:__main__:Predicted uncertainity -0.7721
INFO:__main__:Completed epoch 37 of 100

INFO:__main__:NLL: 0.3340, L2: 0.0511, Reg: 0.0134
INFO:__main__:Total loss 0.3985
INFO:__main__:Predicted mean: -0.4535
INFO:__main__:Predicted uncertainity -0.7282
INFO:__main__:Completed epoch 38 of 100

INFO:__main__:NLL: 0.1930, L2: 0.0519, Reg: 0.0135
INFO:__main__:Total loss 0.2584
INFO:__main__:Predicted mean: -0.4401
INFO:__main__:Predicted uncertainity -0.6124
INFO:__main__:Completed epoch 39 of 100

INFO:__main__:NLL: 0.1406, L2: 0.0543, Reg: 0.0136
INFO:__main__:Total loss 0.2084
INFO:__main__:Predicted mean: -0.5043
INFO:__main__:Predicted uncertainity -0.5995
INFO:__main__:Completed epoch 40 of 100

INFO:__main__:NLL: 0.1121, L2: 0.0509, Reg: 0.0136
INFO:__main__:Total loss 0.1766
INFO:__main__:Predicted mean: -0.4452
INFO:__main__:Predicted uncertainity -0.6973
INFO:__main__:Completed epoch 41 of 100

INFO:__main__:NLL: 0.1330, L2: 0.0531, Reg: 0.0136
INFO:__main__:Total loss 0.1997
INFO:__main__:Predicted mean: -0.4663
INFO:__main__:Predicted uncertainity -0.6634
INFO:__main__:Completed epoch 42 of 100

INFO:__main__:NLL: 0.2042, L2: 0.0485, Reg: 0.0135
INFO:__main__:Total loss 0.2662
INFO:__main__:Predicted mean: -0.4271
INFO:__main__:Predicted uncertainity -0.6408
INFO:__main__:Completed epoch 43 of 100

INFO:__main__:NLL: 0.1973, L2: 0.0586, Reg: 0.0137
INFO:__main__:Total loss 0.2696
INFO:__main__:Predicted mean: -0.4772
INFO:__main__:Predicted uncertainity -0.7281
INFO:__main__:Completed epoch 44 of 100

INFO:__main__:NLL: 0.2001, L2: 0.0465, Reg: 0.0134
INFO:__main__:Total loss 0.2601
INFO:__main__:Predicted mean: -0.4537
INFO:__main__:Predicted uncertainity -0.6674
INFO:__main__:Completed epoch 45 of 100

INFO:__main__:NLL: 0.2030, L2: 0.0494, Reg: 0.0137
INFO:__main__:Total loss 0.2661
INFO:__main__:Predicted mean: -0.4465
INFO:__main__:Predicted uncertainity -0.7043
INFO:__main__:Completed epoch 46 of 100

INFO:__main__:NLL: 0.1126, L2: 0.0566, Reg: 0.0137
INFO:__main__:Total loss 0.1829
INFO:__main__:Predicted mean: -0.4982
INFO:__main__:Predicted uncertainity -0.8726
INFO:__main__:Completed epoch 47 of 100

INFO:__main__:NLL: 0.1142, L2: 0.0560, Reg: 0.0137
INFO:__main__:Total loss 0.1840
INFO:__main__:Predicted mean: -0.4657
INFO:__main__:Predicted uncertainity -0.7110
INFO:__main__:Completed epoch 48 of 100

INFO:__main__:NLL: 0.0302, L2: 0.0526, Reg: 0.0137
INFO:__main__:Total loss 0.0965
INFO:__main__:Predicted mean: -0.4560
INFO:__main__:Predicted uncertainity -0.7348
INFO:__main__:Completed epoch 49 of 100

INFO:__main__:NLL: 0.1029, L2: 0.0454, Reg: 0.0135
INFO:__main__:Total loss 0.1618
INFO:__main__:Predicted mean: -0.3906
INFO:__main__:Predicted uncertainity -0.6704
INFO:__main__:Completed epoch 50 of 100

INFO:__main__:NLL: 0.4688, L2: 0.0539, Reg: 0.0134
INFO:__main__:Total loss 0.5361
INFO:__main__:Predicted mean: -0.4580
INFO:__main__:Predicted uncertainity -0.6511
INFO:__main__:Completed epoch 51 of 100

INFO:__main__:NLL: 0.0932, L2: 0.0506, Reg: 0.0135
INFO:__main__:Total loss 0.1573
INFO:__main__:Predicted mean: -0.4409
INFO:__main__:Predicted uncertainity -0.6429
INFO:__main__:Completed epoch 52 of 100

INFO:__main__:NLL: 0.1466, L2: 0.0468, Reg: 0.0134
INFO:__main__:Total loss 0.2067
INFO:__main__:Predicted mean: -0.4269
INFO:__main__:Predicted uncertainity -0.6431
INFO:__main__:Completed epoch 53 of 100

INFO:__main__:NLL: 0.2557, L2: 0.0462, Reg: 0.0132
INFO:__main__:Total loss 0.3151
INFO:__main__:Predicted mean: -0.4150
INFO:__main__:Predicted uncertainity -0.5543
INFO:__main__:Completed epoch 54 of 100

INFO:__main__:NLL: 0.1537, L2: 0.0464, Reg: 0.0135
INFO:__main__:Total loss 0.2136
INFO:__main__:Predicted mean: -0.3679
INFO:__main__:Predicted uncertainity -0.6778
INFO:__main__:Completed epoch 55 of 100

INFO:__main__:NLL: 0.2593, L2: 0.0444, Reg: 0.0134
INFO:__main__:Total loss 0.3171
INFO:__main__:Predicted mean: -0.4145
INFO:__main__:Predicted uncertainity -0.6130
INFO:__main__:Completed epoch 56 of 100

INFO:__main__:NLL: 0.1509, L2: 0.0414, Reg: 0.0132
INFO:__main__:Total loss 0.2055
INFO:__main__:Predicted mean: -0.3907
INFO:__main__:Predicted uncertainity -0.6162
INFO:__main__:Completed epoch 57 of 100

INFO:__main__:NLL: 0.0927, L2: 0.0550, Reg: 0.0135
INFO:__main__:Total loss 0.1612
INFO:__main__:Predicted mean: -0.4577
INFO:__main__:Predicted uncertainity -0.6548
INFO:__main__:Completed epoch 58 of 100

INFO:__main__:NLL: 0.1043, L2: 0.0515, Reg: 0.0136
INFO:__main__:Total loss 0.1695
INFO:__main__:Predicted mean: -0.4348
INFO:__main__:Predicted uncertainity -0.6926
INFO:__main__:Completed epoch 59 of 100

INFO:__main__:NLL: 0.1910, L2: 0.0499, Reg: 0.0133
INFO:__main__:Total loss 0.2542
INFO:__main__:Predicted mean: -0.4708
INFO:__main__:Predicted uncertainity -0.6404
INFO:__main__:Completed epoch 60 of 100

INFO:__main__:NLL: 0.2316, L2: 0.0453, Reg: 0.0133
INFO:__main__:Total loss 0.2902
INFO:__main__:Predicted mean: -0.3856
INFO:__main__:Predicted uncertainity -0.6349
INFO:__main__:Completed epoch 61 of 100

INFO:__main__:NLL: 0.2219, L2: 0.0553, Reg: 0.0135
INFO:__main__:Total loss 0.2908
INFO:__main__:Predicted mean: -0.4410
INFO:__main__:Predicted uncertainity -0.6943
INFO:__main__:Completed epoch 62 of 100

INFO:__main__:NLL: 0.0803, L2: 0.0604, Reg: 0.0137
INFO:__main__:Total loss 0.1544
INFO:__main__:Predicted mean: -0.5112
INFO:__main__:Predicted uncertainity -0.6958
INFO:__main__:Completed epoch 63 of 100

INFO:__main__:NLL: 0.1020, L2: 0.0527, Reg: 0.0136
INFO:__main__:Total loss 0.1684
INFO:__main__:Predicted mean: -0.4598
INFO:__main__:Predicted uncertainity -0.6562
INFO:__main__:Completed epoch 64 of 100

INFO:__main__:NLL: 0.0985, L2: 0.0454, Reg: 0.0134
INFO:__main__:Total loss 0.1574
INFO:__main__:Predicted mean: -0.3890
INFO:__main__:Predicted uncertainity -0.6486
INFO:__main__:Completed epoch 65 of 100

INFO:__main__:NLL: 0.1685, L2: 0.0495, Reg: 0.0134
INFO:__main__:Total loss 0.2314
INFO:__main__:Predicted mean: -0.4660
INFO:__main__:Predicted uncertainity -0.6287
INFO:__main__:Completed epoch 66 of 100

INFO:__main__:NLL: 0.1346, L2: 0.0464, Reg: 0.0134
INFO:__main__:Total loss 0.1944
INFO:__main__:Predicted mean: -0.4425
INFO:__main__:Predicted uncertainity -0.7104
INFO:__main__:Completed epoch 67 of 100

INFO:__main__:NLL: 0.0871, L2: 0.0551, Reg: 0.0136
INFO:__main__:Total loss 0.1558
INFO:__main__:Predicted mean: -0.4304
INFO:__main__:Predicted uncertainity -0.7398
INFO:__main__:Completed epoch 68 of 100

INFO:__main__:NLL: 0.1263, L2: 0.0548, Reg: 0.0137
INFO:__main__:Total loss 0.1947
INFO:__main__:Predicted mean: -0.4807
INFO:__main__:Predicted uncertainity -0.7243
INFO:__main__:Completed epoch 69 of 100

INFO:__main__:NLL: 0.3551, L2: 0.0567, Reg: 0.0137
INFO:__main__:Total loss 0.4254
INFO:__main__:Predicted mean: -0.5148
INFO:__main__:Predicted uncertainity -0.6717
INFO:__main__:Completed epoch 70 of 100

INFO:__main__:NLL: 0.1480, L2: 0.0508, Reg: 0.0136
INFO:__main__:Total loss 0.2124
INFO:__main__:Predicted mean: -0.5071
INFO:__main__:Predicted uncertainity -0.6585
INFO:__main__:Completed epoch 71 of 100

INFO:__main__:NLL: 0.2870, L2: 0.0639, Reg: 0.0140
INFO:__main__:Total loss 0.3648
INFO:__main__:Predicted mean: -0.4841
INFO:__main__:Predicted uncertainity -0.7888
INFO:__main__:Completed epoch 72 of 100

INFO:__main__:NLL: 0.2837, L2: 0.0514, Reg: 0.0136
INFO:__main__:Total loss 0.3487
INFO:__main__:Predicted mean: -0.5208
INFO:__main__:Predicted uncertainity -0.7416
INFO:__main__:Completed epoch 73 of 100

INFO:__main__:NLL: 0.1481, L2: 0.0579, Reg: 0.0138
INFO:__main__:Total loss 0.2198
INFO:__main__:Predicted mean: -0.4769
INFO:__main__:Predicted uncertainity -0.6690
INFO:__main__:Completed epoch 74 of 100

INFO:__main__:NLL: 0.0489, L2: 0.0567, Reg: 0.0138
INFO:__main__:Total loss 0.1194
INFO:__main__:Predicted mean: -0.4809
INFO:__main__:Predicted uncertainity -0.6824
INFO:__main__:Completed epoch 75 of 100

INFO:__main__:NLL: 0.1764, L2: 0.0515, Reg: 0.0136
INFO:__main__:Total loss 0.2415
INFO:__main__:Predicted mean: -0.4577
INFO:__main__:Predicted uncertainity -0.7300
INFO:__main__:Completed epoch 76 of 100

INFO:__main__:NLL: 0.2134, L2: 0.0483, Reg: 0.0135
INFO:__main__:Total loss 0.2751
INFO:__main__:Predicted mean: -0.5028
INFO:__main__:Predicted uncertainity -0.6275
INFO:__main__:Completed epoch 77 of 100

INFO:__main__:NLL: 0.1935, L2: 0.0535, Reg: 0.0137
INFO:__main__:Total loss 0.2606
INFO:__main__:Predicted mean: -0.4390
INFO:__main__:Predicted uncertainity -0.6692
INFO:__main__:Completed epoch 78 of 100

INFO:__main__:NLL: 0.1827, L2: 0.0464, Reg: 0.0132
INFO:__main__:Total loss 0.2423
INFO:__main__:Predicted mean: -0.4211
INFO:__main__:Predicted uncertainity -0.5952
INFO:__main__:Completed epoch 79 of 100

INFO:__main__:NLL: 0.1533, L2: 0.0509, Reg: 0.0136
INFO:__main__:Total loss 0.2178
INFO:__main__:Predicted mean: -0.4366
INFO:__main__:Predicted uncertainity -0.6205
INFO:__main__:Completed epoch 80 of 100

INFO:__main__:NLL: 0.2009, L2: 0.0499, Reg: 0.0134
INFO:__main__:Total loss 0.2642
INFO:__main__:Predicted mean: -0.4210
INFO:__main__:Predicted uncertainity -0.6248
INFO:__main__:Completed epoch 81 of 100

INFO:__main__:NLL: 0.1684, L2: 0.0432, Reg: 0.0134
INFO:__main__:Total loss 0.2250
INFO:__main__:Predicted mean: -0.4330
INFO:__main__:Predicted uncertainity -0.6881
INFO:__main__:Completed epoch 82 of 100

INFO:__main__:NLL: 0.0376, L2: 0.0503, Reg: 0.0135
INFO:__main__:Total loss 0.1014
INFO:__main__:Predicted mean: -0.4998
INFO:__main__:Predicted uncertainity -0.7166
INFO:__main__:Completed epoch 83 of 100

INFO:__main__:NLL: 0.2876, L2: 0.0434, Reg: 0.0134
INFO:__main__:Total loss 0.3444
INFO:__main__:Predicted mean: -0.4221
INFO:__main__:Predicted uncertainity -0.6881
INFO:__main__:Completed epoch 84 of 100

INFO:__main__:NLL: 0.1695, L2: 0.0496, Reg: 0.0136
INFO:__main__:Total loss 0.2327
INFO:__main__:Predicted mean: -0.3957
INFO:__main__:Predicted uncertainity -0.6532
INFO:__main__:Completed epoch 85 of 100

INFO:__main__:NLL: 0.0740, L2: 0.0552, Reg: 0.0138
INFO:__main__:Total loss 0.1430
INFO:__main__:Predicted mean: -0.4638
INFO:__main__:Predicted uncertainity -0.7175
INFO:__main__:Completed epoch 86 of 100

INFO:__main__:NLL: 0.1185, L2: 0.0520, Reg: 0.0135
INFO:__main__:Total loss 0.1840
INFO:__main__:Predicted mean: -0.4440
INFO:__main__:Predicted uncertainity -0.6100
INFO:__main__:Completed epoch 87 of 100

INFO:__main__:NLL: 0.1817, L2: 0.0414, Reg: 0.0132
INFO:__main__:Total loss 0.2363
INFO:__main__:Predicted mean: -0.4038
INFO:__main__:Predicted uncertainity -0.4777
INFO:__main__:Completed epoch 88 of 100

INFO:__main__:NLL: 0.1413, L2: 0.0503, Reg: 0.0135
INFO:__main__:Total loss 0.2051
INFO:__main__:Predicted mean: -0.4210
INFO:__main__:Predicted uncertainity -0.7062
INFO:__main__:Completed epoch 89 of 100

INFO:__main__:NLL: 0.3659, L2: 0.0596, Reg: 0.0140
INFO:__main__:Total loss 0.4395
INFO:__main__:Predicted mean: -0.4580
INFO:__main__:Predicted uncertainity -0.7187
INFO:__main__:Completed epoch 90 of 100

INFO:__main__:NLL: 0.1023, L2: 0.0539, Reg: 0.0138
INFO:__main__:Total loss 0.1700
INFO:__main__:Predicted mean: -0.5097
INFO:__main__:Predicted uncertainity -0.8278
INFO:__main__:Completed epoch 91 of 100

INFO:__main__:NLL: 0.2917, L2: 0.0567, Reg: 0.0139
INFO:__main__:Total loss 0.3623
INFO:__main__:Predicted mean: -0.4497
INFO:__main__:Predicted uncertainity -0.8322
INFO:__main__:Completed epoch 92 of 100

INFO:__main__:NLL: 0.1044, L2: 0.0480, Reg: 0.0135
INFO:__main__:Total loss 0.1659
INFO:__main__:Predicted mean: -0.4330
INFO:__main__:Predicted uncertainity -0.7219
INFO:__main__:Completed epoch 93 of 100

INFO:__main__:NLL: 0.1678, L2: 0.0494, Reg: 0.0135
INFO:__main__:Total loss 0.2306
INFO:__main__:Predicted mean: -0.4414
INFO:__main__:Predicted uncertainity -0.6977
INFO:__main__:Completed epoch 94 of 100

INFO:__main__:NLL: 0.2078, L2: 0.0445, Reg: 0.0136
INFO:__main__:Total loss 0.2659
INFO:__main__:Predicted mean: -0.3998
INFO:__main__:Predicted uncertainity -0.6610
INFO:__main__:Completed epoch 95 of 100

INFO:__main__:NLL: 0.1699, L2: 0.0567, Reg: 0.0138
INFO:__main__:Total loss 0.2404
INFO:__main__:Predicted mean: -0.5348
INFO:__main__:Predicted uncertainity -0.7463
INFO:__main__:Completed epoch 96 of 100

INFO:__main__:NLL: 0.1930, L2: 0.0426, Reg: 0.0133
INFO:__main__:Total loss 0.2489
INFO:__main__:Predicted mean: -0.4225
INFO:__main__:Predicted uncertainity -0.6768
INFO:__main__:Completed epoch 97 of 100

INFO:__main__:NLL: 0.2554, L2: 0.0582, Reg: 0.0138
INFO:__main__:Total loss 0.3274
INFO:__main__:Predicted mean: -0.4096
INFO:__main__:Predicted uncertainity -0.6448
INFO:__main__:Completed epoch 98 of 100

INFO:__main__:NLL: 0.2429, L2: 0.0505, Reg: 0.0137
INFO:__main__:Total loss 0.3071
INFO:__main__:Predicted mean: -0.4343
INFO:__main__:Predicted uncertainity -0.7137
INFO:__main__:Completed epoch 99 of 100

INFO:__main__:NLL: 0.3493, L2: 0.0550, Reg: 0.0138
INFO:__main__:Total loss 0.4182
INFO:__main__:Predicted mean: -0.4851
INFO:__main__:Predicted uncertainity -0.7810
INFO:__main__:Completed epoch 100 of 100

INFO:__main__:385.323745 s
