INFO:__main__:PROCESS RUNNING ON cpu
INFO:__main__:NLL: 0.1434, L2: 0.0481, Reg: 0.0416
INFO:__main__:Total loss 0.2332
INFO:__main__:Predicted mean: -0.4777
INFO:__main__:Predicted uncertainity -0.5806
INFO:__main__:Completed epoch 1 of 100

INFO:__main__:NLL: 0.2345, L2: 0.0449, Reg: 0.0322
INFO:__main__:Total loss 0.3116
INFO:__main__:Predicted mean: -0.4458
INFO:__main__:Predicted uncertainity -0.5050
INFO:__main__:Completed epoch 2 of 100

INFO:__main__:NLL: 0.2100, L2: 0.0332, Reg: 0.0274
INFO:__main__:Total loss 0.2707
INFO:__main__:Predicted mean: -0.4108
INFO:__main__:Predicted uncertainity -0.5388
INFO:__main__:Completed epoch 3 of 100

INFO:__main__:NLL: 0.1092, L2: 0.0439, Reg: 0.0401
INFO:__main__:Total loss 0.1932
INFO:__main__:Predicted mean: -0.4902
INFO:__main__:Predicted uncertainity -0.6085
INFO:__main__:Completed epoch 4 of 100

INFO:__main__:NLL: 0.1643, L2: 0.0398, Reg: 0.0286
INFO:__main__:Total loss 0.2327
INFO:__main__:Predicted mean: -0.4179
INFO:__main__:Predicted uncertainity -0.5356
INFO:__main__:Completed epoch 5 of 100

INFO:__main__:NLL: 0.1214, L2: 0.0399, Reg: 0.0285
INFO:__main__:Total loss 0.1898
INFO:__main__:Predicted mean: -0.4153
INFO:__main__:Predicted uncertainity -0.5450
INFO:__main__:Completed epoch 6 of 100

INFO:__main__:NLL: 0.1654, L2: 0.0361, Reg: 0.0283
INFO:__main__:Total loss 0.2298
INFO:__main__:Predicted mean: -0.4005
INFO:__main__:Predicted uncertainity -0.4714
INFO:__main__:Completed epoch 7 of 100

INFO:__main__:NLL: 0.2297, L2: 0.0436, Reg: 0.0382
INFO:__main__:Total loss 0.3115
INFO:__main__:Predicted mean: -0.4239
INFO:__main__:Predicted uncertainity -0.6349
INFO:__main__:Completed epoch 8 of 100

INFO:__main__:NLL: 0.1325, L2: 0.0473, Reg: 0.0342
INFO:__main__:Total loss 0.2140
INFO:__main__:Predicted mean: -0.4635
INFO:__main__:Predicted uncertainity -0.5863
INFO:__main__:Completed epoch 9 of 100

INFO:__main__:NLL: 0.2499, L2: 0.0398, Reg: 0.0337
INFO:__main__:Total loss 0.3234
INFO:__main__:Predicted mean: -0.3985
INFO:__main__:Predicted uncertainity -0.5770
INFO:__main__:Completed epoch 10 of 100

INFO:__main__:NLL: 0.1663, L2: 0.0432, Reg: 0.0356
INFO:__main__:Total loss 0.2451
INFO:__main__:Predicted mean: -0.4649
INFO:__main__:Predicted uncertainity -0.5934
INFO:__main__:Completed epoch 11 of 100

INFO:__main__:NLL: 0.2472, L2: 0.0462, Reg: 0.0319
INFO:__main__:Total loss 0.3253
INFO:__main__:Predicted mean: -0.4321
INFO:__main__:Predicted uncertainity -0.5420
INFO:__main__:Completed epoch 12 of 100

INFO:__main__:NLL: 0.1318, L2: 0.0410, Reg: 0.0310
INFO:__main__:Total loss 0.2038
INFO:__main__:Predicted mean: -0.4218
INFO:__main__:Predicted uncertainity -0.5685
INFO:__main__:Completed epoch 13 of 100

INFO:__main__:NLL: 0.1370, L2: 0.0386, Reg: 0.0316
INFO:__main__:Total loss 0.2071
INFO:__main__:Predicted mean: -0.3968
INFO:__main__:Predicted uncertainity -0.5682
INFO:__main__:Completed epoch 14 of 100

INFO:__main__:NLL: 0.0898, L2: 0.0425, Reg: 0.0317
INFO:__main__:Total loss 0.1639
INFO:__main__:Predicted mean: -0.4071
INFO:__main__:Predicted uncertainity -0.5683
INFO:__main__:Completed epoch 15 of 100

INFO:__main__:NLL: 0.1850, L2: 0.0388, Reg: 0.0309
INFO:__main__:Total loss 0.2546
INFO:__main__:Predicted mean: -0.4135
INFO:__main__:Predicted uncertainity -0.5204
INFO:__main__:Completed epoch 16 of 100

INFO:__main__:NLL: 0.1244, L2: 0.0390, Reg: 0.0255
INFO:__main__:Total loss 0.1889
INFO:__main__:Predicted mean: -0.4408
INFO:__main__:Predicted uncertainity -0.5535
INFO:__main__:Completed epoch 17 of 100

INFO:__main__:NLL: 0.1852, L2: 0.0473, Reg: 0.0452
INFO:__main__:Total loss 0.2776
INFO:__main__:Predicted mean: -0.4509
INFO:__main__:Predicted uncertainity -0.6366
INFO:__main__:Completed epoch 18 of 100

INFO:__main__:NLL: 0.1962, L2: 0.0388, Reg: 0.0287
INFO:__main__:Total loss 0.2637
INFO:__main__:Predicted mean: -0.3919
INFO:__main__:Predicted uncertainity -0.5131
INFO:__main__:Completed epoch 19 of 100

INFO:__main__:NLL: 0.1523, L2: 0.0476, Reg: 0.0407
INFO:__main__:Total loss 0.2406
INFO:__main__:Predicted mean: -0.4781
INFO:__main__:Predicted uncertainity -0.6014
INFO:__main__:Completed epoch 20 of 100

INFO:__main__:NLL: 0.1719, L2: 0.0432, Reg: 0.0286
INFO:__main__:Total loss 0.2437
INFO:__main__:Predicted mean: -0.4511
INFO:__main__:Predicted uncertainity -0.4979
INFO:__main__:Completed epoch 21 of 100

INFO:__main__:NLL: 0.0925, L2: 0.0397, Reg: 0.0304
INFO:__main__:Total loss 0.1626
INFO:__main__:Predicted mean: -0.4256
INFO:__main__:Predicted uncertainity -0.5698
INFO:__main__:Completed epoch 22 of 100

INFO:__main__:NLL: 0.2220, L2: 0.0426, Reg: 0.0355
INFO:__main__:Total loss 0.3001
INFO:__main__:Predicted mean: -0.4095
INFO:__main__:Predicted uncertainity -0.5684
INFO:__main__:Completed epoch 23 of 100

INFO:__main__:NLL: 0.1468, L2: 0.0439, Reg: 0.0341
INFO:__main__:Total loss 0.2248
INFO:__main__:Predicted mean: -0.4329
INFO:__main__:Predicted uncertainity -0.5009
INFO:__main__:Completed epoch 24 of 100

INFO:__main__:NLL: 0.2020, L2: 0.0371, Reg: 0.0299
INFO:__main__:Total loss 0.2690
INFO:__main__:Predicted mean: -0.3814
INFO:__main__:Predicted uncertainity -0.4863
INFO:__main__:Completed epoch 25 of 100

INFO:__main__:NLL: 0.2928, L2: 0.0407, Reg: 0.0360
INFO:__main__:Total loss 0.3694
INFO:__main__:Predicted mean: -0.3989
INFO:__main__:Predicted uncertainity -0.5275
INFO:__main__:Completed epoch 26 of 100

INFO:__main__:NLL: 0.1816, L2: 0.0369, Reg: 0.0267
INFO:__main__:Total loss 0.2452
INFO:__main__:Predicted mean: -0.3739
INFO:__main__:Predicted uncertainity -0.4984
INFO:__main__:Completed epoch 27 of 100

INFO:__main__:NLL: 0.1475, L2: 0.0461, Reg: 0.0392
INFO:__main__:Total loss 0.2328
INFO:__main__:Predicted mean: -0.4434
INFO:__main__:Predicted uncertainity -0.6388
INFO:__main__:Completed epoch 28 of 100

INFO:__main__:NLL: 0.1759, L2: 0.0382, Reg: 0.0306
INFO:__main__:Total loss 0.2446
INFO:__main__:Predicted mean: -0.4259
INFO:__main__:Predicted uncertainity -0.5240
INFO:__main__:Completed epoch 29 of 100

INFO:__main__:NLL: 0.1866, L2: 0.0377, Reg: 0.0210
INFO:__main__:Total loss 0.2452
INFO:__main__:Predicted mean: -0.4341
INFO:__main__:Predicted uncertainity -0.5025
INFO:__main__:Completed epoch 30 of 100

INFO:__main__:NLL: 0.1282, L2: 0.0421, Reg: 0.0322
INFO:__main__:Total loss 0.2026
INFO:__main__:Predicted mean: -0.4470
INFO:__main__:Predicted uncertainity -0.5615
INFO:__main__:Completed epoch 31 of 100

INFO:__main__:NLL: 0.1472, L2: 0.0378, Reg: 0.0291
INFO:__main__:Total loss 0.2142
INFO:__main__:Predicted mean: -0.4096
INFO:__main__:Predicted uncertainity -0.4957
INFO:__main__:Completed epoch 32 of 100

INFO:__main__:NLL: 0.2189, L2: 0.0453, Reg: 0.0343
INFO:__main__:Total loss 0.2984
INFO:__main__:Predicted mean: -0.4215
INFO:__main__:Predicted uncertainity -0.5869
INFO:__main__:Completed epoch 33 of 100

INFO:__main__:NLL: 0.1962, L2: 0.0444, Reg: 0.0369
INFO:__main__:Total loss 0.2774
INFO:__main__:Predicted mean: -0.4548
INFO:__main__:Predicted uncertainity -0.5588
INFO:__main__:Completed epoch 34 of 100

INFO:__main__:NLL: 0.1664, L2: 0.0458, Reg: 0.0346
INFO:__main__:Total loss 0.2468
INFO:__main__:Predicted mean: -0.4404
INFO:__main__:Predicted uncertainity -0.5985
INFO:__main__:Completed epoch 35 of 100

INFO:__main__:NLL: 0.1800, L2: 0.0420, Reg: 0.0312
INFO:__main__:Total loss 0.2532
INFO:__main__:Predicted mean: -0.4270
INFO:__main__:Predicted uncertainity -0.5235
INFO:__main__:Completed epoch 36 of 100

INFO:__main__:NLL: 0.2669, L2: 0.0349, Reg: 0.0242
INFO:__main__:Total loss 0.3260
INFO:__main__:Predicted mean: -0.4276
INFO:__main__:Predicted uncertainity -0.4712
INFO:__main__:Completed epoch 37 of 100

INFO:__main__:NLL: 0.1684, L2: 0.0374, Reg: 0.0309
INFO:__main__:Total loss 0.2367
INFO:__main__:Predicted mean: -0.4155
INFO:__main__:Predicted uncertainity -0.5635
INFO:__main__:Completed epoch 38 of 100

INFO:__main__:NLL: 0.1648, L2: 0.0408, Reg: 0.0297
INFO:__main__:Total loss 0.2352
INFO:__main__:Predicted mean: -0.4561
INFO:__main__:Predicted uncertainity -0.6168
INFO:__main__:Completed epoch 39 of 100

INFO:__main__:NLL: 0.1461, L2: 0.0395, Reg: 0.0322
INFO:__main__:Total loss 0.2178
INFO:__main__:Predicted mean: -0.4062
INFO:__main__:Predicted uncertainity -0.5042
INFO:__main__:Completed epoch 40 of 100

INFO:__main__:NLL: 0.1847, L2: 0.0378, Reg: 0.0301
INFO:__main__:Total loss 0.2527
INFO:__main__:Predicted mean: -0.4388
INFO:__main__:Predicted uncertainity -0.5572
INFO:__main__:Completed epoch 41 of 100

INFO:__main__:NLL: 0.2892, L2: 0.0420, Reg: 0.0326
INFO:__main__:Total loss 0.3638
INFO:__main__:Predicted mean: -0.4583
INFO:__main__:Predicted uncertainity -0.5508
INFO:__main__:Completed epoch 42 of 100

INFO:__main__:NLL: 0.1770, L2: 0.0438, Reg: 0.0383
INFO:__main__:Total loss 0.2592
INFO:__main__:Predicted mean: -0.4733
INFO:__main__:Predicted uncertainity -0.5719
INFO:__main__:Completed epoch 43 of 100

INFO:__main__:NLL: 0.1917, L2: 0.0420, Reg: 0.0307
INFO:__main__:Total loss 0.2644
INFO:__main__:Predicted mean: -0.4453
INFO:__main__:Predicted uncertainity -0.5887
INFO:__main__:Completed epoch 44 of 100

INFO:__main__:NLL: 0.1515, L2: 0.0424, Reg: 0.0352
INFO:__main__:Total loss 0.2292
INFO:__main__:Predicted mean: -0.3767
INFO:__main__:Predicted uncertainity -0.5710
INFO:__main__:Completed epoch 45 of 100

INFO:__main__:NLL: 0.3027, L2: 0.0376, Reg: 0.0292
INFO:__main__:Total loss 0.3695
INFO:__main__:Predicted mean: -0.4219
INFO:__main__:Predicted uncertainity -0.5570
INFO:__main__:Completed epoch 46 of 100

INFO:__main__:NLL: 0.1757, L2: 0.0485, Reg: 0.0429
INFO:__main__:Total loss 0.2671
INFO:__main__:Predicted mean: -0.4776
INFO:__main__:Predicted uncertainity -0.6101
INFO:__main__:Completed epoch 47 of 100

INFO:__main__:NLL: 0.2334, L2: 0.0409, Reg: 0.0294
INFO:__main__:Total loss 0.3037
INFO:__main__:Predicted mean: -0.3810
INFO:__main__:Predicted uncertainity -0.4774
INFO:__main__:Completed epoch 48 of 100

INFO:__main__:NLL: 0.1557, L2: 0.0410, Reg: 0.0318
INFO:__main__:Total loss 0.2285
INFO:__main__:Predicted mean: -0.4597
INFO:__main__:Predicted uncertainity -0.5726
INFO:__main__:Completed epoch 49 of 100

INFO:__main__:NLL: 0.1741, L2: 0.0439, Reg: 0.0284
INFO:__main__:Total loss 0.2464
INFO:__main__:Predicted mean: -0.4610
INFO:__main__:Predicted uncertainity -0.4915
INFO:__main__:Completed epoch 50 of 100

INFO:__main__:NLL: 0.2317, L2: 0.0380, Reg: 0.0335
INFO:__main__:Total loss 0.3033
INFO:__main__:Predicted mean: -0.4369
INFO:__main__:Predicted uncertainity -0.6079
INFO:__main__:Completed epoch 51 of 100

INFO:__main__:NLL: 0.1285, L2: 0.0401, Reg: 0.0382
INFO:__main__:Total loss 0.2068
INFO:__main__:Predicted mean: -0.4162
INFO:__main__:Predicted uncertainity -0.5729
INFO:__main__:Completed epoch 52 of 100

INFO:__main__:NLL: 0.2087, L2: 0.0432, Reg: 0.0343
INFO:__main__:Total loss 0.2862
INFO:__main__:Predicted mean: -0.4430
INFO:__main__:Predicted uncertainity -0.6048
INFO:__main__:Completed epoch 53 of 100

INFO:__main__:NLL: 0.1674, L2: 0.0376, Reg: 0.0290
INFO:__main__:Total loss 0.2340
INFO:__main__:Predicted mean: -0.3909
INFO:__main__:Predicted uncertainity -0.5327
INFO:__main__:Completed epoch 54 of 100

INFO:__main__:NLL: 0.1675, L2: 0.0432, Reg: 0.0373
INFO:__main__:Total loss 0.2480
INFO:__main__:Predicted mean: -0.4453
INFO:__main__:Predicted uncertainity -0.6207
INFO:__main__:Completed epoch 55 of 100

INFO:__main__:NLL: 0.1581, L2: 0.0437, Reg: 0.0362
INFO:__main__:Total loss 0.2380
INFO:__main__:Predicted mean: -0.4489
INFO:__main__:Predicted uncertainity -0.6023
INFO:__main__:Completed epoch 56 of 100

INFO:__main__:NLL: 0.2312, L2: 0.0446, Reg: 0.0347
INFO:__main__:Total loss 0.3105
INFO:__main__:Predicted mean: -0.4383
INFO:__main__:Predicted uncertainity -0.5939
INFO:__main__:Completed epoch 57 of 100

INFO:__main__:NLL: 0.2119, L2: 0.0476, Reg: 0.0431
INFO:__main__:Total loss 0.3026
INFO:__main__:Predicted mean: -0.4937
INFO:__main__:Predicted uncertainity -0.6824
INFO:__main__:Completed epoch 58 of 100

INFO:__main__:NLL: 0.1640, L2: 0.0389, Reg: 0.0307
INFO:__main__:Total loss 0.2336
INFO:__main__:Predicted mean: -0.4029
INFO:__main__:Predicted uncertainity -0.5076
INFO:__main__:Completed epoch 59 of 100

INFO:__main__:NLL: 0.2200, L2: 0.0184, Reg: 0.0223
INFO:__main__:Total loss 0.2606
INFO:__main__:Predicted mean: -0.3595
INFO:__main__:Predicted uncertainity -0.4711
INFO:__main__:Completed epoch 60 of 100

INFO:__main__:NLL: 0.1939, L2: 0.0211, Reg: 0.0215
INFO:__main__:Total loss 0.2364
INFO:__main__:Predicted mean: -0.3962
INFO:__main__:Predicted uncertainity -0.4941
INFO:__main__:Completed epoch 61 of 100

INFO:__main__:NLL: 0.2849, L2: 0.0225, Reg: 0.0228
INFO:__main__:Total loss 0.3302
INFO:__main__:Predicted mean: -0.4321
INFO:__main__:Predicted uncertainity -0.5172
INFO:__main__:Completed epoch 62 of 100

INFO:__main__:NLL: 0.2733, L2: 0.0209, Reg: 0.0237
INFO:__main__:Total loss 0.3180
INFO:__main__:Predicted mean: -0.3861
INFO:__main__:Predicted uncertainity -0.5076
INFO:__main__:Completed epoch 63 of 100

INFO:__main__:NLL: 0.1893, L2: 0.0243, Reg: 0.0271
INFO:__main__:Total loss 0.2407
INFO:__main__:Predicted mean: -0.4250
INFO:__main__:Predicted uncertainity -0.5248
INFO:__main__:Completed epoch 64 of 100

INFO:__main__:NLL: 0.1794, L2: 0.0217, Reg: 0.0239
INFO:__main__:Total loss 0.2250
INFO:__main__:Predicted mean: -0.4076
INFO:__main__:Predicted uncertainity -0.5119
INFO:__main__:Completed epoch 65 of 100

INFO:__main__:NLL: 0.2483, L2: 0.0206, Reg: 0.0259
INFO:__main__:Total loss 0.2948
INFO:__main__:Predicted mean: -0.4296
INFO:__main__:Predicted uncertainity -0.5292
INFO:__main__:Completed epoch 66 of 100

INFO:__main__:NLL: 0.1909, L2: 0.0220, Reg: 0.0264
INFO:__main__:Total loss 0.2392
INFO:__main__:Predicted mean: -0.4134
INFO:__main__:Predicted uncertainity -0.5497
INFO:__main__:Completed epoch 67 of 100

INFO:__main__:NLL: 0.2270, L2: 0.0262, Reg: 0.0278
INFO:__main__:Total loss 0.2810
INFO:__main__:Predicted mean: -0.4540
INFO:__main__:Predicted uncertainity -0.5469
INFO:__main__:Completed epoch 68 of 100

INFO:__main__:NLL: 0.1457, L2: 0.0244, Reg: 0.0251
INFO:__main__:Total loss 0.1951
INFO:__main__:Predicted mean: -0.3804
INFO:__main__:Predicted uncertainity -0.5166
INFO:__main__:Completed epoch 69 of 100

INFO:__main__:NLL: 0.1811, L2: 0.0210, Reg: 0.0185
INFO:__main__:Total loss 0.2207
INFO:__main__:Predicted mean: -0.3655
INFO:__main__:Predicted uncertainity -0.4818
INFO:__main__:Completed epoch 70 of 100

INFO:__main__:NLL: 0.2487, L2: 0.0189, Reg: 0.0234
INFO:__main__:Total loss 0.2909
INFO:__main__:Predicted mean: -0.3855
INFO:__main__:Predicted uncertainity -0.4979
INFO:__main__:Completed epoch 71 of 100

INFO:__main__:NLL: 0.2353, L2: 0.0183, Reg: 0.0219
INFO:__main__:Total loss 0.2755
INFO:__main__:Predicted mean: -0.3730
INFO:__main__:Predicted uncertainity -0.4957
INFO:__main__:Completed epoch 72 of 100

INFO:__main__:NLL: 0.1760, L2: 0.0217, Reg: 0.0217
INFO:__main__:Total loss 0.2194
INFO:__main__:Predicted mean: -0.3863
INFO:__main__:Predicted uncertainity -0.5146
INFO:__main__:Completed epoch 73 of 100

INFO:__main__:NLL: 0.1584, L2: 0.0223, Reg: 0.0219
INFO:__main__:Total loss 0.2026
INFO:__main__:Predicted mean: -0.4248
INFO:__main__:Predicted uncertainity -0.5111
INFO:__main__:Completed epoch 74 of 100

INFO:__main__:NLL: 0.2709, L2: 0.0245, Reg: 0.0259
INFO:__main__:Total loss 0.3214
INFO:__main__:Predicted mean: -0.4355
INFO:__main__:Predicted uncertainity -0.5107
INFO:__main__:Completed epoch 75 of 100

INFO:__main__:NLL: 0.2103, L2: 0.0198, Reg: 0.0228
INFO:__main__:Total loss 0.2529
INFO:__main__:Predicted mean: -0.3893
INFO:__main__:Predicted uncertainity -0.4850
INFO:__main__:Completed epoch 76 of 100

INFO:__main__:NLL: 0.1853, L2: 0.0218, Reg: 0.0244
INFO:__main__:Total loss 0.2315
INFO:__main__:Predicted mean: -0.3835
INFO:__main__:Predicted uncertainity -0.4757
INFO:__main__:Completed epoch 77 of 100

INFO:__main__:NLL: 0.1962, L2: 0.0248, Reg: 0.0269
INFO:__main__:Total loss 0.2479
INFO:__main__:Predicted mean: -0.4391
INFO:__main__:Predicted uncertainity -0.5265
INFO:__main__:Completed epoch 78 of 100

INFO:__main__:NLL: 0.1841, L2: 0.0194, Reg: 0.0236
INFO:__main__:Total loss 0.2270
INFO:__main__:Predicted mean: -0.4018
INFO:__main__:Predicted uncertainity -0.4955
INFO:__main__:Completed epoch 79 of 100

INFO:__main__:NLL: 0.2139, L2: 0.0232, Reg: 0.0272
INFO:__main__:Total loss 0.2643
INFO:__main__:Predicted mean: -0.4276
INFO:__main__:Predicted uncertainity -0.5554
INFO:__main__:Completed epoch 80 of 100

INFO:__main__:NLL: 0.2278, L2: 0.0213, Reg: 0.0199
INFO:__main__:Total loss 0.2690
INFO:__main__:Predicted mean: -0.3785
INFO:__main__:Predicted uncertainity -0.5032
INFO:__main__:Completed epoch 81 of 100

INFO:__main__:NLL: 0.2443, L2: 0.0184, Reg: 0.0228
INFO:__main__:Total loss 0.2854
INFO:__main__:Predicted mean: -0.3504
INFO:__main__:Predicted uncertainity -0.4781
INFO:__main__:Completed epoch 82 of 100

INFO:__main__:NLL: 0.2207, L2: 0.0223, Reg: 0.0242
INFO:__main__:Total loss 0.2672
INFO:__main__:Predicted mean: -0.3989
INFO:__main__:Predicted uncertainity -0.5087
INFO:__main__:Completed epoch 83 of 100

INFO:__main__:NLL: 0.1736, L2: 0.0219, Reg: 0.0221
INFO:__main__:Total loss 0.2176
INFO:__main__:Predicted mean: -0.4105
INFO:__main__:Predicted uncertainity -0.4622
INFO:__main__:Completed epoch 84 of 100

INFO:__main__:NLL: 0.2109, L2: 0.0179, Reg: 0.0219
INFO:__main__:Total loss 0.2507
INFO:__main__:Predicted mean: -0.3884
INFO:__main__:Predicted uncertainity -0.4902
INFO:__main__:Completed epoch 85 of 100

INFO:__main__:NLL: 0.2272, L2: 0.0229, Reg: 0.0264
INFO:__main__:Total loss 0.2766
INFO:__main__:Predicted mean: -0.4192
INFO:__main__:Predicted uncertainity -0.4992
INFO:__main__:Completed epoch 86 of 100

INFO:__main__:NLL: 0.2144, L2: 0.0231, Reg: 0.0221
INFO:__main__:Total loss 0.2596
INFO:__main__:Predicted mean: -0.4648
INFO:__main__:Predicted uncertainity -0.5217
INFO:__main__:Completed epoch 87 of 100

INFO:__main__:NLL: 0.3075, L2: 0.0222, Reg: 0.0252
INFO:__main__:Total loss 0.3549
INFO:__main__:Predicted mean: -0.4772
INFO:__main__:Predicted uncertainity -0.4994
INFO:__main__:Completed epoch 88 of 100

INFO:__main__:NLL: 0.3418, L2: 0.0236, Reg: 0.0247
INFO:__main__:Total loss 0.3901
INFO:__main__:Predicted mean: -0.4450
INFO:__main__:Predicted uncertainity -0.5069
INFO:__main__:Completed epoch 89 of 100

INFO:__main__:NLL: 0.2379, L2: 0.0184, Reg: 0.0214
INFO:__main__:Total loss 0.2776
INFO:__main__:Predicted mean: -0.3918
INFO:__main__:Predicted uncertainity -0.4984
INFO:__main__:Completed epoch 90 of 100

INFO:__main__:NLL: 0.2037, L2: 0.0195, Reg: 0.0205
INFO:__main__:Total loss 0.2436
INFO:__main__:Predicted mean: -0.3563
INFO:__main__:Predicted uncertainity -0.4717
INFO:__main__:Completed epoch 91 of 100

INFO:__main__:NLL: 0.1653, L2: 0.0208, Reg: 0.0271
INFO:__main__:Total loss 0.2132
INFO:__main__:Predicted mean: -0.4038
INFO:__main__:Predicted uncertainity -0.5165
INFO:__main__:Completed epoch 92 of 100

INFO:__main__:NLL: 0.2285, L2: 0.0233, Reg: 0.0266
INFO:__main__:Total loss 0.2784
INFO:__main__:Predicted mean: -0.4126
INFO:__main__:Predicted uncertainity -0.5264
INFO:__main__:Completed epoch 93 of 100

INFO:__main__:NLL: 0.2666, L2: 0.0234, Reg: 0.0275
INFO:__main__:Total loss 0.3175
INFO:__main__:Predicted mean: -0.4312
INFO:__main__:Predicted uncertainity -0.5408
INFO:__main__:Completed epoch 94 of 100

INFO:__main__:NLL: 0.2048, L2: 0.0214, Reg: 0.0253
INFO:__main__:Total loss 0.2515
INFO:__main__:Predicted mean: -0.3837
INFO:__main__:Predicted uncertainity -0.4798
INFO:__main__:Completed epoch 95 of 100

INFO:__main__:NLL: 0.2322, L2: 0.0196, Reg: 0.0204
INFO:__main__:Total loss 0.2721
INFO:__main__:Predicted mean: -0.3936
INFO:__main__:Predicted uncertainity -0.5019
INFO:__main__:Completed epoch 96 of 100

INFO:__main__:NLL: 0.2305, L2: 0.0169, Reg: 0.0207
INFO:__main__:Total loss 0.2681
INFO:__main__:Predicted mean: -0.3797
INFO:__main__:Predicted uncertainity -0.4551
INFO:__main__:Completed epoch 97 of 100

INFO:__main__:NLL: 0.1912, L2: 0.0218, Reg: 0.0201
INFO:__main__:Total loss 0.2331
INFO:__main__:Predicted mean: -0.3987
INFO:__main__:Predicted uncertainity -0.4852
INFO:__main__:Completed epoch 98 of 100

INFO:__main__:NLL: 0.2252, L2: 0.0182, Reg: 0.0235
INFO:__main__:Total loss 0.2669
INFO:__main__:Predicted mean: -0.4248
INFO:__main__:Predicted uncertainity -0.5165
INFO:__main__:Completed epoch 99 of 100

INFO:__main__:NLL: 0.2570, L2: 0.0184, Reg: 0.0199
INFO:__main__:Total loss 0.2953
INFO:__main__:Predicted mean: -0.3725
INFO:__main__:Predicted uncertainity -0.4711
INFO:__main__:Completed epoch 100 of 100

INFO:__main__:590.208401 s
