INFO:__main__:PROCESS RUNNING ON cpu
INFO:__main__:NLL: 0.2565, L2: 0.0244, Reg: 0.1583
INFO:__main__:Total loss 0.4392
INFO:__main__:Predicted mean: -0.3380
INFO:__main__:Predicted uncertainity -0.3604
INFO:__main__:Completed epoch 1 of 100

INFO:__main__:NLL: 0.2563, L2: 0.0246, Reg: 0.1576
INFO:__main__:Total loss 0.4385
INFO:__main__:Predicted mean: -0.3379
INFO:__main__:Predicted uncertainity -0.3631
INFO:__main__:Completed epoch 2 of 100

INFO:__main__:NLL: 0.2562, L2: 0.0247, Reg: 0.1577
INFO:__main__:Total loss 0.4386
INFO:__main__:Predicted mean: -0.3379
INFO:__main__:Predicted uncertainity -0.3641
INFO:__main__:Completed epoch 3 of 100

INFO:__main__:NLL: 0.2562, L2: 0.0247, Reg: 0.1573
INFO:__main__:Total loss 0.4382
INFO:__main__:Predicted mean: -0.3379
INFO:__main__:Predicted uncertainity -0.3645
INFO:__main__:Completed epoch 4 of 100

INFO:__main__:NLL: 0.2562, L2: 0.0247, Reg: 0.1584
INFO:__main__:Total loss 0.4393
INFO:__main__:Predicted mean: -0.3379
INFO:__main__:Predicted uncertainity -0.3644
INFO:__main__:Completed epoch 5 of 100

INFO:__main__:NLL: 0.2562, L2: 0.0247, Reg: 0.1578
INFO:__main__:Total loss 0.4386
INFO:__main__:Predicted mean: -0.3379
INFO:__main__:Predicted uncertainity -0.3646
INFO:__main__:Completed epoch 6 of 100

INFO:__main__:NLL: 0.2562, L2: 0.0247, Reg: 0.1586
INFO:__main__:Total loss 0.4395
INFO:__main__:Predicted mean: -0.3379
INFO:__main__:Predicted uncertainity -0.3647
INFO:__main__:Completed epoch 7 of 100

INFO:__main__:NLL: 0.2561, L2: 0.0247, Reg: 0.1579
INFO:__main__:Total loss 0.4387
INFO:__main__:Predicted mean: -0.3379
INFO:__main__:Predicted uncertainity -0.3649
INFO:__main__:Completed epoch 8 of 100

INFO:__main__:NLL: 0.2561, L2: 0.0247, Reg: 0.1585
INFO:__main__:Total loss 0.4394
INFO:__main__:Predicted mean: -0.3378
INFO:__main__:Predicted uncertainity -0.3647
INFO:__main__:Completed epoch 9 of 100

INFO:__main__:NLL: 0.2562, L2: 0.0248, Reg: 0.1582
INFO:__main__:Total loss 0.4392
INFO:__main__:Predicted mean: -0.3380
INFO:__main__:Predicted uncertainity -0.3649
INFO:__main__:Completed epoch 10 of 100

INFO:__main__:NLL: 0.2562, L2: 0.0248, Reg: 0.1571
INFO:__main__:Total loss 0.4381
INFO:__main__:Predicted mean: -0.3380
INFO:__main__:Predicted uncertainity -0.3651
INFO:__main__:Completed epoch 11 of 100

INFO:__main__:NLL: 0.2562, L2: 0.0247, Reg: 0.1580
INFO:__main__:Total loss 0.4389
INFO:__main__:Predicted mean: -0.3379
INFO:__main__:Predicted uncertainity -0.3647
INFO:__main__:Completed epoch 12 of 100

INFO:__main__:NLL: 0.2562, L2: 0.0247, Reg: 0.1581
INFO:__main__:Total loss 0.4390
INFO:__main__:Predicted mean: -0.3379
INFO:__main__:Predicted uncertainity -0.3648
INFO:__main__:Completed epoch 13 of 100

INFO:__main__:NLL: 0.2562, L2: 0.0247, Reg: 0.1580
INFO:__main__:Total loss 0.4389
INFO:__main__:Predicted mean: -0.3379
INFO:__main__:Predicted uncertainity -0.3648
INFO:__main__:Completed epoch 14 of 100

INFO:__main__:NLL: 0.2562, L2: 0.0249, Reg: 0.1577
INFO:__main__:Total loss 0.4388
INFO:__main__:Predicted mean: -0.3383
INFO:__main__:Predicted uncertainity -0.3651
INFO:__main__:Completed epoch 15 of 100

INFO:__main__:NLL: 0.2561, L2: 0.0248, Reg: 0.1582
INFO:__main__:Total loss 0.4391
INFO:__main__:Predicted mean: -0.3379
INFO:__main__:Predicted uncertainity -0.3649
INFO:__main__:Completed epoch 16 of 100

INFO:__main__:NLL: 0.2561, L2: 0.0247, Reg: 0.1573
INFO:__main__:Total loss 0.4382
INFO:__main__:Predicted mean: -0.3379
INFO:__main__:Predicted uncertainity -0.3649
INFO:__main__:Completed epoch 17 of 100

INFO:__main__:NLL: 0.2562, L2: 0.0248, Reg: 0.1574
INFO:__main__:Total loss 0.4383
INFO:__main__:Predicted mean: -0.3380
INFO:__main__:Predicted uncertainity -0.3647
INFO:__main__:Completed epoch 18 of 100

INFO:__main__:NLL: 0.2562, L2: 0.0248, Reg: 0.1578
INFO:__main__:Total loss 0.4388
INFO:__main__:Predicted mean: -0.3380
INFO:__main__:Predicted uncertainity -0.3647
INFO:__main__:Completed epoch 19 of 100

INFO:__main__:NLL: 0.2562, L2: 0.0247, Reg: 0.1579
INFO:__main__:Total loss 0.4388
INFO:__main__:Predicted mean: -0.3379
INFO:__main__:Predicted uncertainity -0.3648
INFO:__main__:Completed epoch 20 of 100

INFO:__main__:NLL: 0.2562, L2: 0.0247, Reg: 0.1581
INFO:__main__:Total loss 0.4390
INFO:__main__:Predicted mean: -0.3379
INFO:__main__:Predicted uncertainity -0.3647
INFO:__main__:Completed epoch 21 of 100

INFO:__main__:NLL: 0.2562, L2: 0.0247, Reg: 0.1575
INFO:__main__:Total loss 0.4384
INFO:__main__:Predicted mean: -0.3379
INFO:__main__:Predicted uncertainity -0.3648
INFO:__main__:Completed epoch 22 of 100

INFO:__main__:NLL: 0.2562, L2: 0.0248, Reg: 0.1586
INFO:__main__:Total loss 0.4396
INFO:__main__:Predicted mean: -0.3379
INFO:__main__:Predicted uncertainity -0.3649
INFO:__main__:Completed epoch 23 of 100

INFO:__main__:NLL: 0.2562, L2: 0.0247, Reg: 0.1581
INFO:__main__:Total loss 0.4390
INFO:__main__:Predicted mean: -0.3379
INFO:__main__:Predicted uncertainity -0.3645
INFO:__main__:Completed epoch 24 of 100

INFO:__main__:NLL: 0.2562, L2: 0.0247, Reg: 0.1581
INFO:__main__:Total loss 0.4390
INFO:__main__:Predicted mean: -0.3379
INFO:__main__:Predicted uncertainity -0.3646
INFO:__main__:Completed epoch 25 of 100

INFO:__main__:NLL: 0.2561, L2: 0.0248, Reg: 0.1581
INFO:__main__:Total loss 0.4390
INFO:__main__:Predicted mean: -0.3379
INFO:__main__:Predicted uncertainity -0.3649
INFO:__main__:Completed epoch 26 of 100

INFO:__main__:NLL: 0.2562, L2: 0.0247, Reg: 0.1578
INFO:__main__:Total loss 0.4387
INFO:__main__:Predicted mean: -0.3379
INFO:__main__:Predicted uncertainity -0.3648
INFO:__main__:Completed epoch 27 of 100

INFO:__main__:NLL: 0.2562, L2: 0.0248, Reg: 0.1579
INFO:__main__:Total loss 0.4389
INFO:__main__:Predicted mean: -0.3379
INFO:__main__:Predicted uncertainity -0.3649
INFO:__main__:Completed epoch 28 of 100

INFO:__main__:NLL: 0.2562, L2: 0.0248, Reg: 0.1578
INFO:__main__:Total loss 0.4388
INFO:__main__:Predicted mean: -0.3379
INFO:__main__:Predicted uncertainity -0.3649
INFO:__main__:Completed epoch 29 of 100

INFO:__main__:NLL: 0.2562, L2: 0.0248, Reg: 0.1579
INFO:__main__:Total loss 0.4388
INFO:__main__:Predicted mean: -0.3380
INFO:__main__:Predicted uncertainity -0.3648
INFO:__main__:Completed epoch 30 of 100

INFO:__main__:NLL: 0.2561, L2: 0.0248, Reg: 0.1581
INFO:__main__:Total loss 0.4390
INFO:__main__:Predicted mean: -0.3379
INFO:__main__:Predicted uncertainity -0.3649
INFO:__main__:Completed epoch 31 of 100

INFO:__main__:NLL: 0.2561, L2: 0.0248, Reg: 0.1576
INFO:__main__:Total loss 0.4385
INFO:__main__:Predicted mean: -0.3379
INFO:__main__:Predicted uncertainity -0.3648
INFO:__main__:Completed epoch 32 of 100

INFO:__main__:NLL: 0.2562, L2: 0.0247, Reg: 0.1578
INFO:__main__:Total loss 0.4387
INFO:__main__:Predicted mean: -0.3379
INFO:__main__:Predicted uncertainity -0.3646
INFO:__main__:Completed epoch 33 of 100

INFO:__main__:NLL: 0.2561, L2: 0.0247, Reg: 0.1582
INFO:__main__:Total loss 0.4390
INFO:__main__:Predicted mean: -0.3379
INFO:__main__:Predicted uncertainity -0.3648
INFO:__main__:Completed epoch 34 of 100

INFO:__main__:NLL: 0.2561, L2: 0.0247, Reg: 0.1579
INFO:__main__:Total loss 0.4388
INFO:__main__:Predicted mean: -0.3377
INFO:__main__:Predicted uncertainity -0.3649
INFO:__main__:Completed epoch 35 of 100

INFO:__main__:NLL: 0.2562, L2: 0.0248, Reg: 0.1579
INFO:__main__:Total loss 0.4388
INFO:__main__:Predicted mean: -0.3380
INFO:__main__:Predicted uncertainity -0.3646
INFO:__main__:Completed epoch 36 of 100

INFO:__main__:NLL: 0.2562, L2: 0.0248, Reg: 0.1575
INFO:__main__:Total loss 0.4385
INFO:__main__:Predicted mean: -0.3380
INFO:__main__:Predicted uncertainity -0.3647
INFO:__main__:Completed epoch 37 of 100

INFO:__main__:NLL: 0.2562, L2: 0.0247, Reg: 0.1575
INFO:__main__:Total loss 0.4384
INFO:__main__:Predicted mean: -0.3379
INFO:__main__:Predicted uncertainity -0.3647
INFO:__main__:Completed epoch 38 of 100

INFO:__main__:NLL: 0.2562, L2: 0.0249, Reg: 0.1574
INFO:__main__:Total loss 0.4385
INFO:__main__:Predicted mean: -0.3381
INFO:__main__:Predicted uncertainity -0.3650
INFO:__main__:Completed epoch 39 of 100

INFO:__main__:NLL: 0.2562, L2: 0.0247, Reg: 0.1578
INFO:__main__:Total loss 0.4387
INFO:__main__:Predicted mean: -0.3379
INFO:__main__:Predicted uncertainity -0.3646
INFO:__main__:Completed epoch 40 of 100

INFO:__main__:NLL: 0.2562, L2: 0.0248, Reg: 0.1578
INFO:__main__:Total loss 0.4387
INFO:__main__:Predicted mean: -0.3380
INFO:__main__:Predicted uncertainity -0.3650
INFO:__main__:Completed epoch 41 of 100

INFO:__main__:NLL: 0.2562, L2: 0.0248, Reg: 0.1582
INFO:__main__:Total loss 0.4392
INFO:__main__:Predicted mean: -0.3379
INFO:__main__:Predicted uncertainity -0.3650
INFO:__main__:Completed epoch 42 of 100

INFO:__main__:NLL: 0.2562, L2: 0.0247, Reg: 0.1578
INFO:__main__:Total loss 0.4387
INFO:__main__:Predicted mean: -0.3379
INFO:__main__:Predicted uncertainity -0.3646
INFO:__main__:Completed epoch 43 of 100

INFO:__main__:NLL: 0.2562, L2: 0.0248, Reg: 0.1575
INFO:__main__:Total loss 0.4384
INFO:__main__:Predicted mean: -0.3379
INFO:__main__:Predicted uncertainity -0.3648
INFO:__main__:Completed epoch 44 of 100

INFO:__main__:NLL: 0.2562, L2: 0.0247, Reg: 0.1580
INFO:__main__:Total loss 0.4389
INFO:__main__:Predicted mean: -0.3379
INFO:__main__:Predicted uncertainity -0.3646
INFO:__main__:Completed epoch 45 of 100

INFO:__main__:NLL: 0.2562, L2: 0.0248, Reg: 0.1576
INFO:__main__:Total loss 0.4386
INFO:__main__:Predicted mean: -0.3381
INFO:__main__:Predicted uncertainity -0.3649
INFO:__main__:Completed epoch 46 of 100

INFO:__main__:NLL: 0.2562, L2: 0.0247, Reg: 0.1578
INFO:__main__:Total loss 0.4387
INFO:__main__:Predicted mean: -0.3379
INFO:__main__:Predicted uncertainity -0.3647
INFO:__main__:Completed epoch 47 of 100

INFO:__main__:NLL: 0.2561, L2: 0.0248, Reg: 0.1575
INFO:__main__:Total loss 0.4385
INFO:__main__:Predicted mean: -0.3379
INFO:__main__:Predicted uncertainity -0.3651
INFO:__main__:Completed epoch 48 of 100

INFO:__main__:NLL: 0.2562, L2: 0.0247, Reg: 0.1580
INFO:__main__:Total loss 0.4389
INFO:__main__:Predicted mean: -0.3379
INFO:__main__:Predicted uncertainity -0.3645
INFO:__main__:Completed epoch 49 of 100

INFO:__main__:NLL: 0.2562, L2: 0.0248, Reg: 0.1581
INFO:__main__:Total loss 0.4391
INFO:__main__:Predicted mean: -0.3380
INFO:__main__:Predicted uncertainity -0.3648
INFO:__main__:Completed epoch 50 of 100

INFO:__main__:NLL: 0.2562, L2: 0.0247, Reg: 0.1581
INFO:__main__:Total loss 0.4390
INFO:__main__:Predicted mean: -0.3378
INFO:__main__:Predicted uncertainity -0.3646
INFO:__main__:Completed epoch 51 of 100

INFO:__main__:NLL: 0.2562, L2: 0.0248, Reg: 0.1574
INFO:__main__:Total loss 0.4383
INFO:__main__:Predicted mean: -0.3380
INFO:__main__:Predicted uncertainity -0.3649
INFO:__main__:Completed epoch 52 of 100

INFO:__main__:NLL: 0.2562, L2: 0.0247, Reg: 0.1576
INFO:__main__:Total loss 0.4385
INFO:__main__:Predicted mean: -0.3379
INFO:__main__:Predicted uncertainity -0.3648
INFO:__main__:Completed epoch 53 of 100

INFO:__main__:NLL: 0.2562, L2: 0.0248, Reg: 0.1576
INFO:__main__:Total loss 0.4385
INFO:__main__:Predicted mean: -0.3380
INFO:__main__:Predicted uncertainity -0.3650
INFO:__main__:Completed epoch 54 of 100

INFO:__main__:NLL: 0.2562, L2: 0.0247, Reg: 0.1577
INFO:__main__:Total loss 0.4386
INFO:__main__:Predicted mean: -0.3379
INFO:__main__:Predicted uncertainity -0.3647
INFO:__main__:Completed epoch 55 of 100

INFO:__main__:NLL: 0.2562, L2: 0.0247, Reg: 0.1580
INFO:__main__:Total loss 0.4389
INFO:__main__:Predicted mean: -0.3379
INFO:__main__:Predicted uncertainity -0.3647
INFO:__main__:Completed epoch 56 of 100

INFO:__main__:NLL: 0.2563, L2: 0.0249, Reg: 0.1577
INFO:__main__:Total loss 0.4388
INFO:__main__:Predicted mean: -0.3381
INFO:__main__:Predicted uncertainity -0.3652
INFO:__main__:Completed epoch 57 of 100

INFO:__main__:NLL: 0.2561, L2: 0.0247, Reg: 0.1582
INFO:__main__:Total loss 0.4391
INFO:__main__:Predicted mean: -0.3379
INFO:__main__:Predicted uncertainity -0.3648
INFO:__main__:Completed epoch 58 of 100

INFO:__main__:NLL: 0.2562, L2: 0.0248, Reg: 0.1584
INFO:__main__:Total loss 0.4393
INFO:__main__:Predicted mean: -0.3379
INFO:__main__:Predicted uncertainity -0.3649
INFO:__main__:Completed epoch 59 of 100

INFO:__main__:NLL: 0.2562, L2: 0.0248, Reg: 0.1576
INFO:__main__:Total loss 0.4385
INFO:__main__:Predicted mean: -0.3379
INFO:__main__:Predicted uncertainity -0.3648
INFO:__main__:Completed epoch 60 of 100

INFO:__main__:NLL: 0.2562, L2: 0.0247, Reg: 0.1581
INFO:__main__:Total loss 0.4391
INFO:__main__:Predicted mean: -0.3381
INFO:__main__:Predicted uncertainity -0.3644
INFO:__main__:Completed epoch 61 of 100

INFO:__main__:NLL: 0.2562, L2: 0.0248, Reg: 0.1580
INFO:__main__:Total loss 0.4390
INFO:__main__:Predicted mean: -0.3381
INFO:__main__:Predicted uncertainity -0.3650
INFO:__main__:Completed epoch 62 of 100

INFO:__main__:NLL: 0.2561, L2: 0.0248, Reg: 0.1575
INFO:__main__:Total loss 0.4384
INFO:__main__:Predicted mean: -0.3379
INFO:__main__:Predicted uncertainity -0.3649
INFO:__main__:Completed epoch 63 of 100

INFO:__main__:NLL: 0.2562, L2: 0.0248, Reg: 0.1578
INFO:__main__:Total loss 0.4387
INFO:__main__:Predicted mean: -0.3379
INFO:__main__:Predicted uncertainity -0.3649
INFO:__main__:Completed epoch 64 of 100

INFO:__main__:NLL: 0.2562, L2: 0.0247, Reg: 0.1577
INFO:__main__:Total loss 0.4386
INFO:__main__:Predicted mean: -0.3379
INFO:__main__:Predicted uncertainity -0.3647
INFO:__main__:Completed epoch 65 of 100

INFO:__main__:NLL: 0.2561, L2: 0.0248, Reg: 0.1580
INFO:__main__:Total loss 0.4389
INFO:__main__:Predicted mean: -0.3379
INFO:__main__:Predicted uncertainity -0.3650
INFO:__main__:Completed epoch 66 of 100

INFO:__main__:NLL: 0.2562, L2: 0.0247, Reg: 0.1577
INFO:__main__:Total loss 0.4386
INFO:__main__:Predicted mean: -0.3379
INFO:__main__:Predicted uncertainity -0.3647
INFO:__main__:Completed epoch 67 of 100

INFO:__main__:NLL: 0.2561, L2: 0.0248, Reg: 0.1575
INFO:__main__:Total loss 0.4384
INFO:__main__:Predicted mean: -0.3379
INFO:__main__:Predicted uncertainity -0.3649
INFO:__main__:Completed epoch 68 of 100

INFO:__main__:NLL: 0.2561, L2: 0.0248, Reg: 0.1582
INFO:__main__:Total loss 0.4391
INFO:__main__:Predicted mean: -0.3379
INFO:__main__:Predicted uncertainity -0.3649
INFO:__main__:Completed epoch 69 of 100

INFO:__main__:NLL: 0.2562, L2: 0.0249, Reg: 0.1578
INFO:__main__:Total loss 0.4389
INFO:__main__:Predicted mean: -0.3382
INFO:__main__:Predicted uncertainity -0.3649
INFO:__main__:Completed epoch 70 of 100

INFO:__main__:NLL: 0.2570, L2: 0.0251, Reg: 0.1578
INFO:__main__:Total loss 0.4400
INFO:__main__:Predicted mean: -0.3396
INFO:__main__:Predicted uncertainity -0.3654
INFO:__main__:Completed epoch 71 of 100

INFO:__main__:NLL: 0.2562, L2: 0.0248, Reg: 0.1581
INFO:__main__:Total loss 0.4391
INFO:__main__:Predicted mean: -0.3380
INFO:__main__:Predicted uncertainity -0.3647
INFO:__main__:Completed epoch 72 of 100

INFO:__main__:NLL: 0.2562, L2: 0.0247, Reg: 0.1580
INFO:__main__:Total loss 0.4389
INFO:__main__:Predicted mean: -0.3379
INFO:__main__:Predicted uncertainity -0.3646
INFO:__main__:Completed epoch 73 of 100

INFO:__main__:NLL: 0.2561, L2: 0.0248, Reg: 0.1582
INFO:__main__:Total loss 0.4391
INFO:__main__:Predicted mean: -0.3379
INFO:__main__:Predicted uncertainity -0.3650
INFO:__main__:Completed epoch 74 of 100

INFO:__main__:NLL: 0.2562, L2: 0.0247, Reg: 0.1583
INFO:__main__:Total loss 0.4392
INFO:__main__:Predicted mean: -0.3379
INFO:__main__:Predicted uncertainity -0.3645
INFO:__main__:Completed epoch 75 of 100

INFO:__main__:NLL: 0.2562, L2: 0.0247, Reg: 0.1580
INFO:__main__:Total loss 0.4389
INFO:__main__:Predicted mean: -0.3379
INFO:__main__:Predicted uncertainity -0.3647
INFO:__main__:Completed epoch 76 of 100

INFO:__main__:NLL: 0.2561, L2: 0.0247, Reg: 0.1582
INFO:__main__:Total loss 0.4391
INFO:__main__:Predicted mean: -0.3378
INFO:__main__:Predicted uncertainity -0.3647
INFO:__main__:Completed epoch 77 of 100

INFO:__main__:NLL: 0.2561, L2: 0.0247, Reg: 0.1578
INFO:__main__:Total loss 0.4387
INFO:__main__:Predicted mean: -0.3378
INFO:__main__:Predicted uncertainity -0.3647
INFO:__main__:Completed epoch 78 of 100

INFO:__main__:NLL: 0.2561, L2: 0.0248, Reg: 0.1572
INFO:__main__:Total loss 0.4381
INFO:__main__:Predicted mean: -0.3379
INFO:__main__:Predicted uncertainity -0.3648
INFO:__main__:Completed epoch 79 of 100

INFO:__main__:NLL: 0.2561, L2: 0.0248, Reg: 0.1584
INFO:__main__:Total loss 0.4393
INFO:__main__:Predicted mean: -0.3379
INFO:__main__:Predicted uncertainity -0.3649
INFO:__main__:Completed epoch 80 of 100

INFO:__main__:NLL: 0.2562, L2: 0.0249, Reg: 0.1577
INFO:__main__:Total loss 0.4387
INFO:__main__:Predicted mean: -0.3382
INFO:__main__:Predicted uncertainity -0.3653
INFO:__main__:Completed epoch 81 of 100

INFO:__main__:NLL: 0.2561, L2: 0.0248, Reg: 0.1576
INFO:__main__:Total loss 0.4385
INFO:__main__:Predicted mean: -0.3379
INFO:__main__:Predicted uncertainity -0.3648
INFO:__main__:Completed epoch 82 of 100

INFO:__main__:NLL: 0.2561, L2: 0.0248, Reg: 0.1581
INFO:__main__:Total loss 0.4390
INFO:__main__:Predicted mean: -0.3379
INFO:__main__:Predicted uncertainity -0.3649
INFO:__main__:Completed epoch 83 of 100

INFO:__main__:NLL: 0.2562, L2: 0.0248, Reg: 0.1580
INFO:__main__:Total loss 0.4390
INFO:__main__:Predicted mean: -0.3380
INFO:__main__:Predicted uncertainity -0.3648
INFO:__main__:Completed epoch 84 of 100

INFO:__main__:NLL: 0.2562, L2: 0.0247, Reg: 0.1583
INFO:__main__:Total loss 0.4392
INFO:__main__:Predicted mean: -0.3379
INFO:__main__:Predicted uncertainity -0.3647
INFO:__main__:Completed epoch 85 of 100

INFO:__main__:NLL: 0.2563, L2: 0.0249, Reg: 0.1578
INFO:__main__:Total loss 0.4389
INFO:__main__:Predicted mean: -0.3385
INFO:__main__:Predicted uncertainity -0.3651
INFO:__main__:Completed epoch 86 of 100

INFO:__main__:NLL: 0.2561, L2: 0.0248, Reg: 0.1573
INFO:__main__:Total loss 0.4382
INFO:__main__:Predicted mean: -0.3379
INFO:__main__:Predicted uncertainity -0.3648
INFO:__main__:Completed epoch 87 of 100

INFO:__main__:NLL: 0.2561, L2: 0.0248, Reg: 0.1573
INFO:__main__:Total loss 0.4382
INFO:__main__:Predicted mean: -0.3379
INFO:__main__:Predicted uncertainity -0.3650
INFO:__main__:Completed epoch 88 of 100

INFO:__main__:NLL: 0.2561, L2: 0.0248, Reg: 0.1581
INFO:__main__:Total loss 0.4390
INFO:__main__:Predicted mean: -0.3379
INFO:__main__:Predicted uncertainity -0.3652
INFO:__main__:Completed epoch 89 of 100

INFO:__main__:NLL: 0.2562, L2: 0.0247, Reg: 0.1575
INFO:__main__:Total loss 0.4384
INFO:__main__:Predicted mean: -0.3379
INFO:__main__:Predicted uncertainity -0.3645
INFO:__main__:Completed epoch 90 of 100

INFO:__main__:NLL: 0.2561, L2: 0.0248, Reg: 0.1582
INFO:__main__:Total loss 0.4391
INFO:__main__:Predicted mean: -0.3379
INFO:__main__:Predicted uncertainity -0.3649
INFO:__main__:Completed epoch 91 of 100

INFO:__main__:NLL: 0.2562, L2: 0.0247, Reg: 0.1580
INFO:__main__:Total loss 0.4389
INFO:__main__:Predicted mean: -0.3379
INFO:__main__:Predicted uncertainity -0.3647
INFO:__main__:Completed epoch 92 of 100

INFO:__main__:NLL: 0.2561, L2: 0.0248, Reg: 0.1582
INFO:__main__:Total loss 0.4391
INFO:__main__:Predicted mean: -0.3379
INFO:__main__:Predicted uncertainity -0.3651
INFO:__main__:Completed epoch 93 of 100

INFO:__main__:NLL: 0.2561, L2: 0.0248, Reg: 0.1573
INFO:__main__:Total loss 0.4383
INFO:__main__:Predicted mean: -0.3378
INFO:__main__:Predicted uncertainity -0.3653
INFO:__main__:Completed epoch 94 of 100

INFO:__main__:NLL: 0.2562, L2: 0.0248, Reg: 0.1574
INFO:__main__:Total loss 0.4384
INFO:__main__:Predicted mean: -0.3380
INFO:__main__:Predicted uncertainity -0.3649
INFO:__main__:Completed epoch 95 of 100

INFO:__main__:NLL: 0.2562, L2: 0.0247, Reg: 0.1580
INFO:__main__:Total loss 0.4389
INFO:__main__:Predicted mean: -0.3379
INFO:__main__:Predicted uncertainity -0.3646
INFO:__main__:Completed epoch 96 of 100

INFO:__main__:NLL: 0.2562, L2: 0.0248, Reg: 0.1578
INFO:__main__:Total loss 0.4388
INFO:__main__:Predicted mean: -0.3381
INFO:__main__:Predicted uncertainity -0.3646
INFO:__main__:Completed epoch 97 of 100

INFO:__main__:NLL: 0.2562, L2: 0.0247, Reg: 0.1575
INFO:__main__:Total loss 0.4384
INFO:__main__:Predicted mean: -0.3379
INFO:__main__:Predicted uncertainity -0.3647
INFO:__main__:Completed epoch 98 of 100

INFO:__main__:NLL: 0.2562, L2: 0.0248, Reg: 0.1580
INFO:__main__:Total loss 0.4389
INFO:__main__:Predicted mean: -0.3380
INFO:__main__:Predicted uncertainity -0.3649
INFO:__main__:Completed epoch 99 of 100

INFO:__main__:NLL: 0.2561, L2: 0.0247, Reg: 0.1580
INFO:__main__:Total loss 0.4389
INFO:__main__:Predicted mean: -0.3379
INFO:__main__:Predicted uncertainity -0.3648
INFO:__main__:Completed epoch 100 of 100

INFO:__main__:386.705039 s
