INFO:__main__:PROCESS RUNNING ON cpu
INFO:__main__:NLL: 0.1991, L2: 0.0269, Reg: 0.0567
INFO:__main__:Total loss 0.2827
INFO:__main__:Predicted mean: -0.3866
INFO:__main__:Predicted uncertainity -0.7382
INFO:__main__:Completed epoch 1 of 100

INFO:__main__:NLL: 0.0646, L2: 0.0282, Reg: 0.0567
INFO:__main__:Total loss 0.1495
INFO:__main__:Predicted mean: -0.4007
INFO:__main__:Predicted uncertainity -0.8202
INFO:__main__:Completed epoch 2 of 100

INFO:__main__:NLL: 0.0544, L2: 0.0275, Reg: 0.0567
INFO:__main__:Total loss 0.1386
INFO:__main__:Predicted mean: -0.4125
INFO:__main__:Predicted uncertainity -0.7652
INFO:__main__:Completed epoch 3 of 100

INFO:__main__:NLL: -0.0308, L2: 0.0296, Reg: 0.0567
INFO:__main__:Total loss 0.0555
INFO:__main__:Predicted mean: -0.3588
INFO:__main__:Predicted uncertainity -0.7496
INFO:__main__:Completed epoch 4 of 100

INFO:__main__:NLL: 0.1507, L2: 0.0297, Reg: 0.0567
INFO:__main__:Total loss 0.2371
INFO:__main__:Predicted mean: -0.4071
INFO:__main__:Predicted uncertainity -0.7794
INFO:__main__:Completed epoch 5 of 100

INFO:__main__:NLL: 0.2147, L2: 0.0269, Reg: 0.0567
INFO:__main__:Total loss 0.2983
INFO:__main__:Predicted mean: -0.3880
INFO:__main__:Predicted uncertainity -0.7728
INFO:__main__:Completed epoch 6 of 100

INFO:__main__:NLL: 0.1049, L2: 0.0292, Reg: 0.0567
INFO:__main__:Total loss 0.1908
INFO:__main__:Predicted mean: -0.3740
INFO:__main__:Predicted uncertainity -0.7070
INFO:__main__:Completed epoch 7 of 100

INFO:__main__:NLL: 0.2724, L2: 0.0270, Reg: 0.0567
INFO:__main__:Total loss 0.3561
INFO:__main__:Predicted mean: -0.3827
INFO:__main__:Predicted uncertainity -0.8109
INFO:__main__:Completed epoch 8 of 100

INFO:__main__:NLL: 0.0378, L2: 0.0281, Reg: 0.0567
INFO:__main__:Total loss 0.1226
INFO:__main__:Predicted mean: -0.3554
INFO:__main__:Predicted uncertainity -0.8031
INFO:__main__:Completed epoch 9 of 100

INFO:__main__:NLL: 0.2267, L2: 0.0295, Reg: 0.0567
INFO:__main__:Total loss 0.3129
INFO:__main__:Predicted mean: -0.3806
INFO:__main__:Predicted uncertainity -0.7350
INFO:__main__:Completed epoch 10 of 100

INFO:__main__:NLL: 0.0268, L2: 0.0295, Reg: 0.0567
INFO:__main__:Total loss 0.1130
INFO:__main__:Predicted mean: -0.3923
INFO:__main__:Predicted uncertainity -0.8626
INFO:__main__:Completed epoch 11 of 100

INFO:__main__:NLL: 0.1980, L2: 0.0272, Reg: 0.0567
INFO:__main__:Total loss 0.2819
INFO:__main__:Predicted mean: -0.3717
INFO:__main__:Predicted uncertainity -0.6950
INFO:__main__:Completed epoch 12 of 100

INFO:__main__:NLL: -0.0261, L2: 0.0301, Reg: 0.0567
INFO:__main__:Total loss 0.0606
INFO:__main__:Predicted mean: -0.3525
INFO:__main__:Predicted uncertainity -0.7621
INFO:__main__:Completed epoch 13 of 100

INFO:__main__:NLL: 0.2719, L2: 0.0297, Reg: 0.0567
INFO:__main__:Total loss 0.3583
INFO:__main__:Predicted mean: -0.3646
INFO:__main__:Predicted uncertainity -0.7967
INFO:__main__:Completed epoch 14 of 100

INFO:__main__:NLL: 0.1775, L2: 0.0296, Reg: 0.0567
INFO:__main__:Total loss 0.2638
INFO:__main__:Predicted mean: -0.3816
INFO:__main__:Predicted uncertainity -0.8234
INFO:__main__:Completed epoch 15 of 100

INFO:__main__:NLL: 0.1909, L2: 0.0292, Reg: 0.0567
INFO:__main__:Total loss 0.2768
INFO:__main__:Predicted mean: -0.3336
INFO:__main__:Predicted uncertainity -0.7966
INFO:__main__:Completed epoch 16 of 100

INFO:__main__:NLL: 0.0127, L2: 0.0288, Reg: 0.0567
INFO:__main__:Total loss 0.0982
INFO:__main__:Predicted mean: -0.3625
INFO:__main__:Predicted uncertainity -0.7801
INFO:__main__:Completed epoch 17 of 100

INFO:__main__:NLL: 0.1521, L2: 0.0282, Reg: 0.0567
INFO:__main__:Total loss 0.2370
INFO:__main__:Predicted mean: -0.4435
INFO:__main__:Predicted uncertainity -0.6317
INFO:__main__:Completed epoch 18 of 100

INFO:__main__:NLL: -0.0850, L2: 0.0291, Reg: 0.0567
INFO:__main__:Total loss 0.0008
INFO:__main__:Predicted mean: -0.3843
INFO:__main__:Predicted uncertainity -0.7442
INFO:__main__:Completed epoch 19 of 100

INFO:__main__:NLL: 0.0761, L2: 0.0279, Reg: 0.0567
INFO:__main__:Total loss 0.1608
INFO:__main__:Predicted mean: -0.3712
INFO:__main__:Predicted uncertainity -0.6935
INFO:__main__:Completed epoch 20 of 100

INFO:__main__:NLL: 0.0274, L2: 0.0293, Reg: 0.0567
INFO:__main__:Total loss 0.1133
INFO:__main__:Predicted mean: -0.3650
INFO:__main__:Predicted uncertainity -0.6628
INFO:__main__:Completed epoch 21 of 100

INFO:__main__:NLL: 0.0248, L2: 0.0264, Reg: 0.0567
INFO:__main__:Total loss 0.1079
INFO:__main__:Predicted mean: -0.3607
INFO:__main__:Predicted uncertainity -0.8054
INFO:__main__:Completed epoch 22 of 100

INFO:__main__:NLL: 0.0928, L2: 0.0279, Reg: 0.0567
INFO:__main__:Total loss 0.1774
INFO:__main__:Predicted mean: -0.3906
INFO:__main__:Predicted uncertainity -0.6702
INFO:__main__:Completed epoch 23 of 100

INFO:__main__:NLL: 0.2253, L2: 0.0284, Reg: 0.0567
INFO:__main__:Total loss 0.3104
INFO:__main__:Predicted mean: -0.3377
INFO:__main__:Predicted uncertainity -0.6869
INFO:__main__:Completed epoch 24 of 100

INFO:__main__:NLL: 0.1432, L2: 0.0285, Reg: 0.0567
INFO:__main__:Total loss 0.2284
INFO:__main__:Predicted mean: -0.3732
INFO:__main__:Predicted uncertainity -0.7231
INFO:__main__:Completed epoch 25 of 100

INFO:__main__:NLL: -0.0276, L2: 0.0302, Reg: 0.0567
INFO:__main__:Total loss 0.0593
INFO:__main__:Predicted mean: -0.3652
INFO:__main__:Predicted uncertainity -0.6461
INFO:__main__:Completed epoch 26 of 100

INFO:__main__:NLL: 0.1707, L2: 0.0289, Reg: 0.0567
INFO:__main__:Total loss 0.2563
INFO:__main__:Predicted mean: -0.4103
INFO:__main__:Predicted uncertainity -0.7988
INFO:__main__:Completed epoch 27 of 100

INFO:__main__:NLL: 0.1600, L2: 0.0276, Reg: 0.0567
INFO:__main__:Total loss 0.2443
INFO:__main__:Predicted mean: -0.3794
INFO:__main__:Predicted uncertainity -0.6770
INFO:__main__:Completed epoch 28 of 100

INFO:__main__:NLL: 0.0999, L2: 0.0287, Reg: 0.0567
INFO:__main__:Total loss 0.1853
INFO:__main__:Predicted mean: -0.3401
INFO:__main__:Predicted uncertainity -0.8644
INFO:__main__:Completed epoch 29 of 100

INFO:__main__:NLL: 0.1904, L2: 0.0292, Reg: 0.0567
INFO:__main__:Total loss 0.2763
INFO:__main__:Predicted mean: -0.3469
INFO:__main__:Predicted uncertainity -0.6705
INFO:__main__:Completed epoch 30 of 100

INFO:__main__:NLL: 0.2387, L2: 0.0264, Reg: 0.0567
INFO:__main__:Total loss 0.3218
INFO:__main__:Predicted mean: -0.4195
INFO:__main__:Predicted uncertainity -0.7961
INFO:__main__:Completed epoch 31 of 100

INFO:__main__:NLL: -0.0349, L2: 0.0299, Reg: 0.0567
INFO:__main__:Total loss 0.0517
INFO:__main__:Predicted mean: -0.3699
INFO:__main__:Predicted uncertainity -0.8356
INFO:__main__:Completed epoch 32 of 100

INFO:__main__:NLL: 0.1403, L2: 0.0287, Reg: 0.0567
INFO:__main__:Total loss 0.2257
INFO:__main__:Predicted mean: -0.4339
INFO:__main__:Predicted uncertainity -0.7472
INFO:__main__:Completed epoch 33 of 100

INFO:__main__:NLL: 0.0111, L2: 0.0299, Reg: 0.0567
INFO:__main__:Total loss 0.0978
INFO:__main__:Predicted mean: -0.3307
INFO:__main__:Predicted uncertainity -0.6763
INFO:__main__:Completed epoch 34 of 100

INFO:__main__:NLL: -0.0368, L2: 0.0279, Reg: 0.0567
INFO:__main__:Total loss 0.0478
INFO:__main__:Predicted mean: -0.4037
INFO:__main__:Predicted uncertainity -0.7949
INFO:__main__:Completed epoch 35 of 100

INFO:__main__:NLL: 0.0552, L2: 0.0279, Reg: 0.0567
INFO:__main__:Total loss 0.1398
INFO:__main__:Predicted mean: -0.3167
INFO:__main__:Predicted uncertainity -0.8006
INFO:__main__:Completed epoch 36 of 100

INFO:__main__:NLL: -0.0326, L2: 0.0280, Reg: 0.0567
INFO:__main__:Total loss 0.0521
INFO:__main__:Predicted mean: -0.3528
INFO:__main__:Predicted uncertainity -0.8689
INFO:__main__:Completed epoch 37 of 100

INFO:__main__:NLL: 0.2551, L2: 0.0288, Reg: 0.0567
INFO:__main__:Total loss 0.3406
INFO:__main__:Predicted mean: -0.3945
INFO:__main__:Predicted uncertainity -0.8103
INFO:__main__:Completed epoch 38 of 100

INFO:__main__:NLL: 0.1938, L2: 0.0292, Reg: 0.0567
INFO:__main__:Total loss 0.2797
INFO:__main__:Predicted mean: -0.4754
INFO:__main__:Predicted uncertainity -0.7350
INFO:__main__:Completed epoch 39 of 100

INFO:__main__:NLL: 0.1368, L2: 0.0285, Reg: 0.0567
INFO:__main__:Total loss 0.2220
INFO:__main__:Predicted mean: -0.4242
INFO:__main__:Predicted uncertainity -0.6781
INFO:__main__:Completed epoch 40 of 100

INFO:__main__:NLL: -0.0782, L2: 0.0273, Reg: 0.0567
INFO:__main__:Total loss 0.0059
INFO:__main__:Predicted mean: -0.3842
INFO:__main__:Predicted uncertainity -0.7418
INFO:__main__:Completed epoch 41 of 100

INFO:__main__:NLL: 0.0685, L2: 0.0262, Reg: 0.0567
INFO:__main__:Total loss 0.1514
INFO:__main__:Predicted mean: -0.4377
INFO:__main__:Predicted uncertainity -0.6613
INFO:__main__:Completed epoch 42 of 100

INFO:__main__:NLL: 0.2696, L2: 0.0277, Reg: 0.0567
INFO:__main__:Total loss 0.3540
INFO:__main__:Predicted mean: -0.3919
INFO:__main__:Predicted uncertainity -0.6942
INFO:__main__:Completed epoch 43 of 100

INFO:__main__:NLL: 0.2787, L2: 0.0271, Reg: 0.0567
INFO:__main__:Total loss 0.3625
INFO:__main__:Predicted mean: -0.4397
INFO:__main__:Predicted uncertainity -0.7327
INFO:__main__:Completed epoch 44 of 100

INFO:__main__:NLL: 0.1739, L2: 0.0248, Reg: 0.0567
INFO:__main__:Total loss 0.2554
INFO:__main__:Predicted mean: -0.4347
INFO:__main__:Predicted uncertainity -0.7862
INFO:__main__:Completed epoch 45 of 100

INFO:__main__:NLL: 0.1182, L2: 0.0270, Reg: 0.0567
INFO:__main__:Total loss 0.2019
INFO:__main__:Predicted mean: -0.3733
INFO:__main__:Predicted uncertainity -0.8271
INFO:__main__:Completed epoch 46 of 100

INFO:__main__:NLL: 0.0987, L2: 0.0275, Reg: 0.0567
INFO:__main__:Total loss 0.1829
INFO:__main__:Predicted mean: -0.3941
INFO:__main__:Predicted uncertainity -0.7900
INFO:__main__:Completed epoch 47 of 100

INFO:__main__:NLL: 0.0078, L2: 0.0300, Reg: 0.0567
INFO:__main__:Total loss 0.0945
INFO:__main__:Predicted mean: -0.3657
INFO:__main__:Predicted uncertainity -0.7187
INFO:__main__:Completed epoch 48 of 100

INFO:__main__:NLL: -0.0067, L2: 0.0267, Reg: 0.0567
INFO:__main__:Total loss 0.0767
INFO:__main__:Predicted mean: -0.3976
INFO:__main__:Predicted uncertainity -0.6794
INFO:__main__:Completed epoch 49 of 100

INFO:__main__:NLL: 0.0244, L2: 0.0275, Reg: 0.0567
INFO:__main__:Total loss 0.1086
INFO:__main__:Predicted mean: -0.3673
INFO:__main__:Predicted uncertainity -0.7958
INFO:__main__:Completed epoch 50 of 100

INFO:__main__:NLL: 0.3944, L2: 0.0276, Reg: 0.0567
INFO:__main__:Total loss 0.4787
INFO:__main__:Predicted mean: -0.4128
INFO:__main__:Predicted uncertainity -0.8134
INFO:__main__:Completed epoch 51 of 100

INFO:__main__:NLL: -0.0782, L2: 0.0280, Reg: 0.0567
INFO:__main__:Total loss 0.0066
INFO:__main__:Predicted mean: -0.3799
INFO:__main__:Predicted uncertainity -0.8072
INFO:__main__:Completed epoch 52 of 100

INFO:__main__:NLL: 0.0286, L2: 0.0261, Reg: 0.0567
INFO:__main__:Total loss 0.1114
INFO:__main__:Predicted mean: -0.3640
INFO:__main__:Predicted uncertainity -0.6850
INFO:__main__:Completed epoch 53 of 100

INFO:__main__:NLL: 0.2851, L2: 0.0267, Reg: 0.0567
INFO:__main__:Total loss 0.3685
INFO:__main__:Predicted mean: -0.3792
INFO:__main__:Predicted uncertainity -0.6960
INFO:__main__:Completed epoch 54 of 100

INFO:__main__:NLL: 0.2397, L2: 0.0290, Reg: 0.0567
INFO:__main__:Total loss 0.3254
INFO:__main__:Predicted mean: -0.3503
INFO:__main__:Predicted uncertainity -0.7468
INFO:__main__:Completed epoch 55 of 100

INFO:__main__:NLL: 0.2734, L2: 0.0255, Reg: 0.0567
INFO:__main__:Total loss 0.3556
INFO:__main__:Predicted mean: -0.4038
INFO:__main__:Predicted uncertainity -0.7555
INFO:__main__:Completed epoch 56 of 100

INFO:__main__:NLL: 0.1194, L2: 0.0266, Reg: 0.0567
INFO:__main__:Total loss 0.2028
INFO:__main__:Predicted mean: -0.3737
INFO:__main__:Predicted uncertainity -0.7200
INFO:__main__:Completed epoch 57 of 100

INFO:__main__:NLL: 0.0325, L2: 0.0263, Reg: 0.0567
INFO:__main__:Total loss 0.1155
INFO:__main__:Predicted mean: -0.4629
INFO:__main__:Predicted uncertainity -0.7089
INFO:__main__:Completed epoch 58 of 100

INFO:__main__:NLL: -0.0242, L2: 0.0275, Reg: 0.0567
INFO:__main__:Total loss 0.0600
INFO:__main__:Predicted mean: -0.3575
INFO:__main__:Predicted uncertainity -0.6941
INFO:__main__:Completed epoch 59 of 100

INFO:__main__:NLL: 0.0513, L2: 0.0293, Reg: 0.0567
INFO:__main__:Total loss 0.1374
INFO:__main__:Predicted mean: -0.4013
INFO:__main__:Predicted uncertainity -0.7456
INFO:__main__:Completed epoch 60 of 100

INFO:__main__:NLL: 0.1875, L2: 0.0296, Reg: 0.0567
INFO:__main__:Total loss 0.2738
INFO:__main__:Predicted mean: -0.3601
INFO:__main__:Predicted uncertainity -0.7417
INFO:__main__:Completed epoch 61 of 100

INFO:__main__:NLL: 0.2435, L2: 0.0272, Reg: 0.0567
INFO:__main__:Total loss 0.3274
INFO:__main__:Predicted mean: -0.3498
INFO:__main__:Predicted uncertainity -0.7621
INFO:__main__:Completed epoch 62 of 100

INFO:__main__:NLL: 0.0233, L2: 0.0285, Reg: 0.0567
INFO:__main__:Total loss 0.1085
INFO:__main__:Predicted mean: -0.4802
INFO:__main__:Predicted uncertainity -0.7417
INFO:__main__:Completed epoch 63 of 100

INFO:__main__:NLL: 0.0057, L2: 0.0306, Reg: 0.0567
INFO:__main__:Total loss 0.0930
INFO:__main__:Predicted mean: -0.3907
INFO:__main__:Predicted uncertainity -0.7698
INFO:__main__:Completed epoch 64 of 100

INFO:__main__:NLL: -0.0315, L2: 0.0291, Reg: 0.0567
INFO:__main__:Total loss 0.0543
INFO:__main__:Predicted mean: -0.3419
INFO:__main__:Predicted uncertainity -0.7213
INFO:__main__:Completed epoch 65 of 100

INFO:__main__:NLL: 0.1943, L2: 0.0276, Reg: 0.0567
INFO:__main__:Total loss 0.2786
INFO:__main__:Predicted mean: -0.3828
INFO:__main__:Predicted uncertainity -0.8062
INFO:__main__:Completed epoch 66 of 100

INFO:__main__:NLL: 0.0333, L2: 0.0283, Reg: 0.0567
INFO:__main__:Total loss 0.1184
INFO:__main__:Predicted mean: -0.3862
INFO:__main__:Predicted uncertainity -0.6847
INFO:__main__:Completed epoch 67 of 100

INFO:__main__:NLL: -0.0608, L2: 0.0298, Reg: 0.0567
INFO:__main__:Total loss 0.0257
INFO:__main__:Predicted mean: -0.3330
INFO:__main__:Predicted uncertainity -0.7916
INFO:__main__:Completed epoch 68 of 100

INFO:__main__:NLL: 0.0470, L2: 0.0290, Reg: 0.0567
INFO:__main__:Total loss 0.1327
INFO:__main__:Predicted mean: -0.3920
INFO:__main__:Predicted uncertainity -0.7221
INFO:__main__:Completed epoch 69 of 100

INFO:__main__:NLL: 0.4748, L2: 0.0307, Reg: 0.0567
INFO:__main__:Total loss 0.5622
INFO:__main__:Predicted mean: -0.4494
INFO:__main__:Predicted uncertainity -0.7120
INFO:__main__:Completed epoch 70 of 100

INFO:__main__:NLL: -0.0250, L2: 0.0298, Reg: 0.0567
INFO:__main__:Total loss 0.0616
INFO:__main__:Predicted mean: -0.4038
INFO:__main__:Predicted uncertainity -0.7797
INFO:__main__:Completed epoch 71 of 100

INFO:__main__:NLL: 0.2173, L2: 0.0302, Reg: 0.0567
INFO:__main__:Total loss 0.3042
INFO:__main__:Predicted mean: -0.3932
INFO:__main__:Predicted uncertainity -0.8695
INFO:__main__:Completed epoch 72 of 100

INFO:__main__:NLL: 0.3521, L2: 0.0297, Reg: 0.0567
INFO:__main__:Total loss 0.4384
INFO:__main__:Predicted mean: -0.4089
INFO:__main__:Predicted uncertainity -0.7794
INFO:__main__:Completed epoch 73 of 100

INFO:__main__:NLL: 0.0688, L2: 0.0300, Reg: 0.0567
INFO:__main__:Total loss 0.1556
INFO:__main__:Predicted mean: -0.4028
INFO:__main__:Predicted uncertainity -0.7132
INFO:__main__:Completed epoch 74 of 100

INFO:__main__:NLL: 0.0428, L2: 0.0291, Reg: 0.0567
INFO:__main__:Total loss 0.1287
INFO:__main__:Predicted mean: -0.4123
INFO:__main__:Predicted uncertainity -0.7495
INFO:__main__:Completed epoch 75 of 100

INFO:__main__:NLL: 0.0873, L2: 0.0275, Reg: 0.0567
INFO:__main__:Total loss 0.1715
INFO:__main__:Predicted mean: -0.4247
INFO:__main__:Predicted uncertainity -0.8026
INFO:__main__:Completed epoch 76 of 100

INFO:__main__:NLL: 0.2593, L2: 0.0295, Reg: 0.0567
INFO:__main__:Total loss 0.3455
INFO:__main__:Predicted mean: -0.3996
INFO:__main__:Predicted uncertainity -0.8477
INFO:__main__:Completed epoch 77 of 100

INFO:__main__:NLL: 0.2497, L2: 0.0264, Reg: 0.0567
INFO:__main__:Total loss 0.3327
INFO:__main__:Predicted mean: -0.3428
INFO:__main__:Predicted uncertainity -0.7857
INFO:__main__:Completed epoch 78 of 100

INFO:__main__:NLL: 0.2874, L2: 0.0270, Reg: 0.0567
INFO:__main__:Total loss 0.3711
INFO:__main__:Predicted mean: -0.3717
INFO:__main__:Predicted uncertainity -0.7154
INFO:__main__:Completed epoch 79 of 100

INFO:__main__:NLL: 0.0698, L2: 0.0280, Reg: 0.0567
INFO:__main__:Total loss 0.1545
INFO:__main__:Predicted mean: -0.3242
INFO:__main__:Predicted uncertainity -0.6558
INFO:__main__:Completed epoch 80 of 100

INFO:__main__:NLL: -0.0154, L2: 0.0287, Reg: 0.0567
INFO:__main__:Total loss 0.0701
INFO:__main__:Predicted mean: -0.3698
INFO:__main__:Predicted uncertainity -0.6167
INFO:__main__:Completed epoch 81 of 100

INFO:__main__:NLL: 0.1380, L2: 0.0282, Reg: 0.0567
INFO:__main__:Total loss 0.2229
INFO:__main__:Predicted mean: -0.4016
INFO:__main__:Predicted uncertainity -0.7406
INFO:__main__:Completed epoch 82 of 100

INFO:__main__:NLL: 0.0483, L2: 0.0283, Reg: 0.0567
INFO:__main__:Total loss 0.1333
INFO:__main__:Predicted mean: -0.3966
INFO:__main__:Predicted uncertainity -0.7902
INFO:__main__:Completed epoch 83 of 100

INFO:__main__:NLL: 0.4092, L2: 0.0281, Reg: 0.0567
INFO:__main__:Total loss 0.4940
INFO:__main__:Predicted mean: -0.3683
INFO:__main__:Predicted uncertainity -0.7419
INFO:__main__:Completed epoch 84 of 100

INFO:__main__:NLL: 0.1251, L2: 0.0285, Reg: 0.0567
INFO:__main__:Total loss 0.2103
INFO:__main__:Predicted mean: -0.3908
INFO:__main__:Predicted uncertainity -0.6601
INFO:__main__:Completed epoch 85 of 100

INFO:__main__:NLL: -0.0039, L2: 0.0290, Reg: 0.0567
INFO:__main__:Total loss 0.0818
INFO:__main__:Predicted mean: -0.4189
INFO:__main__:Predicted uncertainity -0.8181
INFO:__main__:Completed epoch 86 of 100

INFO:__main__:NLL: 0.0860, L2: 0.0289, Reg: 0.0567
INFO:__main__:Total loss 0.1716
INFO:__main__:Predicted mean: -0.4216
INFO:__main__:Predicted uncertainity -0.6812
INFO:__main__:Completed epoch 87 of 100

INFO:__main__:NLL: 0.0806, L2: 0.0287, Reg: 0.0567
INFO:__main__:Total loss 0.1660
INFO:__main__:Predicted mean: -0.3683
INFO:__main__:Predicted uncertainity -0.6703
INFO:__main__:Completed epoch 88 of 100

INFO:__main__:NLL: 0.0362, L2: 0.0280, Reg: 0.0567
INFO:__main__:Total loss 0.1209
INFO:__main__:Predicted mean: -0.3499
INFO:__main__:Predicted uncertainity -0.7554
INFO:__main__:Completed epoch 89 of 100

INFO:__main__:NLL: 0.1072, L2: 0.0292, Reg: 0.0567
INFO:__main__:Total loss 0.1931
INFO:__main__:Predicted mean: -0.4117
INFO:__main__:Predicted uncertainity -0.8179
INFO:__main__:Completed epoch 90 of 100

INFO:__main__:NLL: 0.0877, L2: 0.0313, Reg: 0.0567
INFO:__main__:Total loss 0.1758
INFO:__main__:Predicted mean: -0.4346
INFO:__main__:Predicted uncertainity -0.7948
INFO:__main__:Completed epoch 91 of 100

INFO:__main__:NLL: 0.0544, L2: 0.0280, Reg: 0.0567
INFO:__main__:Total loss 0.1391
INFO:__main__:Predicted mean: -0.4016
INFO:__main__:Predicted uncertainity -0.8828
INFO:__main__:Completed epoch 92 of 100

INFO:__main__:NLL: 0.0566, L2: 0.0297, Reg: 0.0567
INFO:__main__:Total loss 0.1430
INFO:__main__:Predicted mean: -0.3897
INFO:__main__:Predicted uncertainity -0.7113
INFO:__main__:Completed epoch 93 of 100

INFO:__main__:NLL: 0.0876, L2: 0.0303, Reg: 0.0567
INFO:__main__:Total loss 0.1746
INFO:__main__:Predicted mean: -0.3285
INFO:__main__:Predicted uncertainity -0.6900
INFO:__main__:Completed epoch 94 of 100

INFO:__main__:NLL: 0.1639, L2: 0.0255, Reg: 0.0567
INFO:__main__:Total loss 0.2461
INFO:__main__:Predicted mean: -0.3976
INFO:__main__:Predicted uncertainity -0.7081
INFO:__main__:Completed epoch 95 of 100

INFO:__main__:NLL: 0.2821, L2: 0.0279, Reg: 0.0567
INFO:__main__:Total loss 0.3668
INFO:__main__:Predicted mean: -0.4069
INFO:__main__:Predicted uncertainity -0.8646
INFO:__main__:Completed epoch 96 of 100

INFO:__main__:NLL: 0.0624, L2: 0.0281, Reg: 0.0567
INFO:__main__:Total loss 0.1472
INFO:__main__:Predicted mean: -0.3623
INFO:__main__:Predicted uncertainity -0.6694
INFO:__main__:Completed epoch 97 of 100

INFO:__main__:NLL: 0.1396, L2: 0.0287, Reg: 0.0567
INFO:__main__:Total loss 0.2250
INFO:__main__:Predicted mean: -0.3721
INFO:__main__:Predicted uncertainity -0.7358
INFO:__main__:Completed epoch 98 of 100

INFO:__main__:NLL: 0.1381, L2: 0.0302, Reg: 0.0567
INFO:__main__:Total loss 0.2250
INFO:__main__:Predicted mean: -0.4142
INFO:__main__:Predicted uncertainity -0.7988
INFO:__main__:Completed epoch 99 of 100

INFO:__main__:NLL: 0.2239, L2: 0.0292, Reg: 0.0567
INFO:__main__:Total loss 0.3098
INFO:__main__:Predicted mean: -0.3833
INFO:__main__:Predicted uncertainity -0.8476
INFO:__main__:Completed epoch 100 of 100

INFO:__main__:352.192582 s
