INFO:__main__:PROCESS RUNNING ON cpu
INFO:__main__:NLL: 0.0180, L2: 0.0248, Reg: 0.0028
INFO:__main__:Total loss 0.0456
INFO:__main__:Predicted mean: -0.4300
INFO:__main__:Predicted uncertainity -0.7919
INFO:__main__:Completed epoch 1 of 100

INFO:__main__:NLL: 0.1273, L2: 0.0243, Reg: 0.0028
INFO:__main__:Total loss 0.1543
INFO:__main__:Predicted mean: -0.3923
INFO:__main__:Predicted uncertainity -0.7601
INFO:__main__:Completed epoch 2 of 100

INFO:__main__:NLL: 0.1654, L2: 0.0266, Reg: 0.0028
INFO:__main__:Total loss 0.1948
INFO:__main__:Predicted mean: -0.3538
INFO:__main__:Predicted uncertainity -0.7340
INFO:__main__:Completed epoch 3 of 100

INFO:__main__:NLL: -0.0867, L2: 0.0251, Reg: 0.0028
INFO:__main__:Total loss -0.0588
INFO:__main__:Predicted mean: -0.4288
INFO:__main__:Predicted uncertainity -0.8238
INFO:__main__:Completed epoch 4 of 100

INFO:__main__:NLL: 0.0780, L2: 0.0269, Reg: 0.0028
INFO:__main__:Total loss 0.1076
INFO:__main__:Predicted mean: -0.3420
INFO:__main__:Predicted uncertainity -0.7999
INFO:__main__:Completed epoch 5 of 100

INFO:__main__:NLL: -0.0228, L2: 0.0256, Reg: 0.0028
INFO:__main__:Total loss 0.0055
INFO:__main__:Predicted mean: -0.3845
INFO:__main__:Predicted uncertainity -0.6662
INFO:__main__:Completed epoch 6 of 100

INFO:__main__:NLL: -0.0626, L2: 0.0264, Reg: 0.0028
INFO:__main__:Total loss -0.0334
INFO:__main__:Predicted mean: -0.3542
INFO:__main__:Predicted uncertainity -0.7112
INFO:__main__:Completed epoch 7 of 100

INFO:__main__:NLL: 0.2478, L2: 0.0287, Reg: 0.0028
INFO:__main__:Total loss 0.2793
INFO:__main__:Predicted mean: -0.4284
INFO:__main__:Predicted uncertainity -0.8543
INFO:__main__:Completed epoch 8 of 100

INFO:__main__:NLL: 0.0822, L2: 0.0265, Reg: 0.0028
INFO:__main__:Total loss 0.1115
INFO:__main__:Predicted mean: -0.4362
INFO:__main__:Predicted uncertainity -0.8533
INFO:__main__:Completed epoch 9 of 100

INFO:__main__:NLL: 0.2508, L2: 0.0268, Reg: 0.0028
INFO:__main__:Total loss 0.2803
INFO:__main__:Predicted mean: -0.3690
INFO:__main__:Predicted uncertainity -0.7155
INFO:__main__:Completed epoch 10 of 100

INFO:__main__:NLL: 0.0481, L2: 0.0265, Reg: 0.0028
INFO:__main__:Total loss 0.0774
INFO:__main__:Predicted mean: -0.4265
INFO:__main__:Predicted uncertainity -0.7801
INFO:__main__:Completed epoch 11 of 100

INFO:__main__:NLL: 0.1815, L2: 0.0255, Reg: 0.0028
INFO:__main__:Total loss 0.2098
INFO:__main__:Predicted mean: -0.4861
INFO:__main__:Predicted uncertainity -0.7305
INFO:__main__:Completed epoch 12 of 100

INFO:__main__:NLL: 0.0186, L2: 0.0255, Reg: 0.0028
INFO:__main__:Total loss 0.0468
INFO:__main__:Predicted mean: -0.3743
INFO:__main__:Predicted uncertainity -0.7329
INFO:__main__:Completed epoch 13 of 100

INFO:__main__:NLL: 0.1065, L2: 0.0251, Reg: 0.0028
INFO:__main__:Total loss 0.1343
INFO:__main__:Predicted mean: -0.3581
INFO:__main__:Predicted uncertainity -0.7805
INFO:__main__:Completed epoch 14 of 100

INFO:__main__:NLL: 0.0521, L2: 0.0252, Reg: 0.0028
INFO:__main__:Total loss 0.0800
INFO:__main__:Predicted mean: -0.3539
INFO:__main__:Predicted uncertainity -0.8481
INFO:__main__:Completed epoch 15 of 100

INFO:__main__:NLL: 0.1833, L2: 0.0265, Reg: 0.0028
INFO:__main__:Total loss 0.2126
INFO:__main__:Predicted mean: -0.3831
INFO:__main__:Predicted uncertainity -0.7447
INFO:__main__:Completed epoch 16 of 100

INFO:__main__:NLL: 0.0962, L2: 0.0283, Reg: 0.0028
INFO:__main__:Total loss 0.1273
INFO:__main__:Predicted mean: -0.3839
INFO:__main__:Predicted uncertainity -0.8149
INFO:__main__:Completed epoch 17 of 100

INFO:__main__:NLL: 0.1406, L2: 0.0292, Reg: 0.0028
INFO:__main__:Total loss 0.1725
INFO:__main__:Predicted mean: -0.3422
INFO:__main__:Predicted uncertainity -0.8296
INFO:__main__:Completed epoch 18 of 100

INFO:__main__:NLL: -0.0098, L2: 0.0290, Reg: 0.0028
INFO:__main__:Total loss 0.0219
INFO:__main__:Predicted mean: -0.3844
INFO:__main__:Predicted uncertainity -0.7662
INFO:__main__:Completed epoch 19 of 100

INFO:__main__:NLL: 0.0587, L2: 0.0278, Reg: 0.0028
INFO:__main__:Total loss 0.0892
INFO:__main__:Predicted mean: -0.4124
INFO:__main__:Predicted uncertainity -0.7399
INFO:__main__:Completed epoch 20 of 100

INFO:__main__:NLL: 0.0952, L2: 0.0279, Reg: 0.0027
INFO:__main__:Total loss 0.1259
INFO:__main__:Predicted mean: -0.3564
INFO:__main__:Predicted uncertainity -0.6265
INFO:__main__:Completed epoch 21 of 100

INFO:__main__:NLL: -0.0299, L2: 0.0256, Reg: 0.0028
INFO:__main__:Total loss -0.0016
INFO:__main__:Predicted mean: -0.4179
INFO:__main__:Predicted uncertainity -0.7381
INFO:__main__:Completed epoch 22 of 100

INFO:__main__:NLL: 0.3283, L2: 0.0277, Reg: 0.0028
INFO:__main__:Total loss 0.3588
INFO:__main__:Predicted mean: -0.3963
INFO:__main__:Predicted uncertainity -0.8074
INFO:__main__:Completed epoch 23 of 100

INFO:__main__:NLL: 0.0678, L2: 0.0250, Reg: 0.0028
INFO:__main__:Total loss 0.0956
INFO:__main__:Predicted mean: -0.3588
INFO:__main__:Predicted uncertainity -0.6986
INFO:__main__:Completed epoch 24 of 100

INFO:__main__:NLL: 0.1637, L2: 0.0274, Reg: 0.0027
INFO:__main__:Total loss 0.1939
INFO:__main__:Predicted mean: -0.3108
INFO:__main__:Predicted uncertainity -0.6556
INFO:__main__:Completed epoch 25 of 100

INFO:__main__:NLL: 0.2527, L2: 0.0287, Reg: 0.0028
INFO:__main__:Total loss 0.2842
INFO:__main__:Predicted mean: -0.3309
INFO:__main__:Predicted uncertainity -0.6639
INFO:__main__:Completed epoch 26 of 100

INFO:__main__:NLL: 0.0588, L2: 0.0259, Reg: 0.0028
INFO:__main__:Total loss 0.0874
INFO:__main__:Predicted mean: -0.2966
INFO:__main__:Predicted uncertainity -0.7061
INFO:__main__:Completed epoch 27 of 100

INFO:__main__:NLL: 0.0141, L2: 0.0272, Reg: 0.0028
INFO:__main__:Total loss 0.0440
INFO:__main__:Predicted mean: -0.3530
INFO:__main__:Predicted uncertainity -0.9144
INFO:__main__:Completed epoch 28 of 100

INFO:__main__:NLL: 0.1276, L2: 0.0260, Reg: 0.0028
INFO:__main__:Total loss 0.1564
INFO:__main__:Predicted mean: -0.3592
INFO:__main__:Predicted uncertainity -0.7412
INFO:__main__:Completed epoch 29 of 100

INFO:__main__:NLL: 0.0822, L2: 0.0266, Reg: 0.0028
INFO:__main__:Total loss 0.1115
INFO:__main__:Predicted mean: -0.3369
INFO:__main__:Predicted uncertainity -0.6912
INFO:__main__:Completed epoch 30 of 100

INFO:__main__:NLL: -0.0986, L2: 0.0293, Reg: 0.0028
INFO:__main__:Total loss -0.0665
INFO:__main__:Predicted mean: -0.3752
INFO:__main__:Predicted uncertainity -0.7590
INFO:__main__:Completed epoch 31 of 100

INFO:__main__:NLL: 0.0650, L2: 0.0277, Reg: 0.0028
INFO:__main__:Total loss 0.0955
INFO:__main__:Predicted mean: -0.3594
INFO:__main__:Predicted uncertainity -0.7991
INFO:__main__:Completed epoch 32 of 100

INFO:__main__:NLL: 0.1876, L2: 0.0274, Reg: 0.0028
INFO:__main__:Total loss 0.2178
INFO:__main__:Predicted mean: -0.4210
INFO:__main__:Predicted uncertainity -0.7991
INFO:__main__:Completed epoch 33 of 100

INFO:__main__:NLL: 0.1884, L2: 0.0274, Reg: 0.0028
INFO:__main__:Total loss 0.2186
INFO:__main__:Predicted mean: -0.3837
INFO:__main__:Predicted uncertainity -0.7102
INFO:__main__:Completed epoch 34 of 100

INFO:__main__:NLL: 0.0841, L2: 0.0282, Reg: 0.0028
INFO:__main__:Total loss 0.1151
INFO:__main__:Predicted mean: -0.3661
INFO:__main__:Predicted uncertainity -0.8258
INFO:__main__:Completed epoch 35 of 100

INFO:__main__:NLL: 0.0829, L2: 0.0274, Reg: 0.0028
INFO:__main__:Total loss 0.1131
INFO:__main__:Predicted mean: -0.3232
INFO:__main__:Predicted uncertainity -0.7822
INFO:__main__:Completed epoch 36 of 100

INFO:__main__:NLL: 0.2927, L2: 0.0281, Reg: 0.0027
INFO:__main__:Total loss 0.3235
INFO:__main__:Predicted mean: -0.4241
INFO:__main__:Predicted uncertainity -0.6239
INFO:__main__:Completed epoch 37 of 100

INFO:__main__:NLL: -0.0256, L2: 0.0268, Reg: 0.0028
INFO:__main__:Total loss 0.0040
INFO:__main__:Predicted mean: -0.3323
INFO:__main__:Predicted uncertainity -0.8000
INFO:__main__:Completed epoch 38 of 100

INFO:__main__:NLL: 0.0446, L2: 0.0274, Reg: 0.0028
INFO:__main__:Total loss 0.0748
INFO:__main__:Predicted mean: -0.4324
INFO:__main__:Predicted uncertainity -0.8344
INFO:__main__:Completed epoch 39 of 100

INFO:__main__:NLL: 0.0337, L2: 0.0272, Reg: 0.0027
INFO:__main__:Total loss 0.0636
INFO:__main__:Predicted mean: -0.3445
INFO:__main__:Predicted uncertainity -0.6589
INFO:__main__:Completed epoch 40 of 100

INFO:__main__:NLL: 0.0659, L2: 0.0278, Reg: 0.0028
INFO:__main__:Total loss 0.0965
INFO:__main__:Predicted mean: -0.3306
INFO:__main__:Predicted uncertainity -0.6453
INFO:__main__:Completed epoch 41 of 100

INFO:__main__:NLL: 0.3586, L2: 0.0261, Reg: 0.0028
INFO:__main__:Total loss 0.3874
INFO:__main__:Predicted mean: -0.3995
INFO:__main__:Predicted uncertainity -0.7431
INFO:__main__:Completed epoch 42 of 100

INFO:__main__:NLL: 0.0646, L2: 0.0269, Reg: 0.0028
INFO:__main__:Total loss 0.0943
INFO:__main__:Predicted mean: -0.3410
INFO:__main__:Predicted uncertainity -0.7261
INFO:__main__:Completed epoch 43 of 100

INFO:__main__:NLL: 0.0752, L2: 0.0278, Reg: 0.0028
INFO:__main__:Total loss 0.1058
INFO:__main__:Predicted mean: -0.3711
INFO:__main__:Predicted uncertainity -0.7670
INFO:__main__:Completed epoch 44 of 100

INFO:__main__:NLL: 0.1875, L2: 0.0267, Reg: 0.0028
INFO:__main__:Total loss 0.2171
INFO:__main__:Predicted mean: -0.3429
INFO:__main__:Predicted uncertainity -0.7621
INFO:__main__:Completed epoch 45 of 100

INFO:__main__:NLL: 0.1356, L2: 0.0258, Reg: 0.0028
INFO:__main__:Total loss 0.1642
INFO:__main__:Predicted mean: -0.3434
INFO:__main__:Predicted uncertainity -0.6933
INFO:__main__:Completed epoch 46 of 100

INFO:__main__:NLL: 0.0463, L2: 0.0245, Reg: 0.0028
INFO:__main__:Total loss 0.0736
INFO:__main__:Predicted mean: -0.4174
INFO:__main__:Predicted uncertainity -0.8098
INFO:__main__:Completed epoch 47 of 100

INFO:__main__:NLL: 0.2836, L2: 0.0262, Reg: 0.0028
INFO:__main__:Total loss 0.3126
INFO:__main__:Predicted mean: -0.4048
INFO:__main__:Predicted uncertainity -0.6235
INFO:__main__:Completed epoch 48 of 100

INFO:__main__:NLL: 0.0437, L2: 0.0269, Reg: 0.0028
INFO:__main__:Total loss 0.0733
INFO:__main__:Predicted mean: -0.3945
INFO:__main__:Predicted uncertainity -0.7699
INFO:__main__:Completed epoch 49 of 100

INFO:__main__:NLL: 0.0353, L2: 0.0250, Reg: 0.0028
INFO:__main__:Total loss 0.0631
INFO:__main__:Predicted mean: -0.3867
INFO:__main__:Predicted uncertainity -0.7190
INFO:__main__:Completed epoch 50 of 100

INFO:__main__:NLL: 0.1198, L2: 0.0260, Reg: 0.0028
INFO:__main__:Total loss 0.1486
INFO:__main__:Predicted mean: -0.3741
INFO:__main__:Predicted uncertainity -0.9276
INFO:__main__:Completed epoch 51 of 100

INFO:__main__:NLL: 0.1046, L2: 0.0253, Reg: 0.0028
INFO:__main__:Total loss 0.1326
INFO:__main__:Predicted mean: -0.3675
INFO:__main__:Predicted uncertainity -0.6844
INFO:__main__:Completed epoch 52 of 100

INFO:__main__:NLL: 0.2207, L2: 0.0248, Reg: 0.0028
INFO:__main__:Total loss 0.2482
INFO:__main__:Predicted mean: -0.3899
INFO:__main__:Predicted uncertainity -0.6765
INFO:__main__:Completed epoch 53 of 100

INFO:__main__:NLL: 0.1065, L2: 0.0263, Reg: 0.0028
INFO:__main__:Total loss 0.1355
INFO:__main__:Predicted mean: -0.3160
INFO:__main__:Predicted uncertainity -0.7273
INFO:__main__:Completed epoch 54 of 100

INFO:__main__:NLL: 0.0934, L2: 0.0289, Reg: 0.0028
INFO:__main__:Total loss 0.1251
INFO:__main__:Predicted mean: -0.3688
INFO:__main__:Predicted uncertainity -0.8011
INFO:__main__:Completed epoch 55 of 100

INFO:__main__:NLL: 0.0662, L2: 0.0270, Reg: 0.0028
INFO:__main__:Total loss 0.0960
INFO:__main__:Predicted mean: -0.4086
INFO:__main__:Predicted uncertainity -0.6980
INFO:__main__:Completed epoch 56 of 100

INFO:__main__:NLL: 0.1981, L2: 0.0265, Reg: 0.0028
INFO:__main__:Total loss 0.2274
INFO:__main__:Predicted mean: -0.3575
INFO:__main__:Predicted uncertainity -0.8025
INFO:__main__:Completed epoch 57 of 100

INFO:__main__:NLL: 0.1614, L2: 0.0278, Reg: 0.0028
INFO:__main__:Total loss 0.1920
INFO:__main__:Predicted mean: -0.3981
INFO:__main__:Predicted uncertainity -0.8267
INFO:__main__:Completed epoch 58 of 100

INFO:__main__:NLL: 0.1319, L2: 0.0288, Reg: 0.0028
INFO:__main__:Total loss 0.1634
INFO:__main__:Predicted mean: -0.3526
INFO:__main__:Predicted uncertainity -0.7094
INFO:__main__:Completed epoch 59 of 100

INFO:__main__:NLL: 0.1092, L2: 0.0282, Reg: 0.0027
INFO:__main__:Total loss 0.1402
INFO:__main__:Predicted mean: -0.3685
INFO:__main__:Predicted uncertainity -0.5360
INFO:__main__:Completed epoch 60 of 100

INFO:__main__:NLL: 0.0283, L2: 0.0263, Reg: 0.0028
INFO:__main__:Total loss 0.0573
INFO:__main__:Predicted mean: -0.3475
INFO:__main__:Predicted uncertainity -0.7551
INFO:__main__:Completed epoch 61 of 100

INFO:__main__:NLL: 0.1586, L2: 0.0257, Reg: 0.0028
INFO:__main__:Total loss 0.1870
INFO:__main__:Predicted mean: -0.3159
INFO:__main__:Predicted uncertainity -0.6865
INFO:__main__:Completed epoch 62 of 100

INFO:__main__:NLL: 0.0206, L2: 0.0265, Reg: 0.0028
INFO:__main__:Total loss 0.0499
INFO:__main__:Predicted mean: -0.3582
INFO:__main__:Predicted uncertainity -0.7689
INFO:__main__:Completed epoch 63 of 100

INFO:__main__:NLL: 0.2980, L2: 0.0284, Reg: 0.0028
INFO:__main__:Total loss 0.3291
INFO:__main__:Predicted mean: -0.3795
INFO:__main__:Predicted uncertainity -0.7807
INFO:__main__:Completed epoch 64 of 100

INFO:__main__:NLL: -0.0672, L2: 0.0271, Reg: 0.0028
INFO:__main__:Total loss -0.0374
INFO:__main__:Predicted mean: -0.3853
INFO:__main__:Predicted uncertainity -0.7689
INFO:__main__:Completed epoch 65 of 100

INFO:__main__:NLL: 0.1024, L2: 0.0249, Reg: 0.0028
INFO:__main__:Total loss 0.1300
INFO:__main__:Predicted mean: -0.3868
INFO:__main__:Predicted uncertainity -0.7501
INFO:__main__:Completed epoch 66 of 100

INFO:__main__:NLL: 0.1009, L2: 0.0264, Reg: 0.0028
INFO:__main__:Total loss 0.1301
INFO:__main__:Predicted mean: -0.4316
INFO:__main__:Predicted uncertainity -0.7645
INFO:__main__:Completed epoch 67 of 100

INFO:__main__:NLL: 0.0722, L2: 0.0258, Reg: 0.0028
INFO:__main__:Total loss 0.1007
INFO:__main__:Predicted mean: -0.3217
INFO:__main__:Predicted uncertainity -0.7737
INFO:__main__:Completed epoch 68 of 100

INFO:__main__:NLL: 0.0489, L2: 0.0251, Reg: 0.0028
INFO:__main__:Total loss 0.0768
INFO:__main__:Predicted mean: -0.3391
INFO:__main__:Predicted uncertainity -0.8219
INFO:__main__:Completed epoch 69 of 100

INFO:__main__:NLL: 0.0136, L2: 0.0268, Reg: 0.0028
INFO:__main__:Total loss 0.0431
INFO:__main__:Predicted mean: -0.3535
INFO:__main__:Predicted uncertainity -0.7278
INFO:__main__:Completed epoch 70 of 100

INFO:__main__:NLL: 0.1192, L2: 0.0267, Reg: 0.0028
INFO:__main__:Total loss 0.1486
INFO:__main__:Predicted mean: -0.3175
INFO:__main__:Predicted uncertainity -0.7568
INFO:__main__:Completed epoch 71 of 100

INFO:__main__:NLL: 0.0415, L2: 0.0264, Reg: 0.0028
INFO:__main__:Total loss 0.0706
INFO:__main__:Predicted mean: -0.3754
INFO:__main__:Predicted uncertainity -0.8176
INFO:__main__:Completed epoch 72 of 100

INFO:__main__:NLL: -0.0004, L2: 0.0273, Reg: 0.0028
INFO:__main__:Total loss 0.0296
INFO:__main__:Predicted mean: -0.3469
INFO:__main__:Predicted uncertainity -0.7047
INFO:__main__:Completed epoch 73 of 100

INFO:__main__:NLL: 0.0361, L2: 0.0277, Reg: 0.0028
INFO:__main__:Total loss 0.0666
INFO:__main__:Predicted mean: -0.3836
INFO:__main__:Predicted uncertainity -0.9533
INFO:__main__:Completed epoch 74 of 100

INFO:__main__:NLL: 0.1518, L2: 0.0272, Reg: 0.0028
INFO:__main__:Total loss 0.1817
INFO:__main__:Predicted mean: -0.3677
INFO:__main__:Predicted uncertainity -0.6746
INFO:__main__:Completed epoch 75 of 100

INFO:__main__:NLL: 0.0921, L2: 0.0288, Reg: 0.0028
INFO:__main__:Total loss 0.1237
INFO:__main__:Predicted mean: -0.3731
INFO:__main__:Predicted uncertainity -0.7470
INFO:__main__:Completed epoch 76 of 100

INFO:__main__:NLL: 0.1144, L2: 0.0262, Reg: 0.0028
INFO:__main__:Total loss 0.1433
INFO:__main__:Predicted mean: -0.3490
INFO:__main__:Predicted uncertainity -0.6666
INFO:__main__:Completed epoch 77 of 100

INFO:__main__:NLL: 0.0418, L2: 0.0261, Reg: 0.0028
INFO:__main__:Total loss 0.0706
INFO:__main__:Predicted mean: -0.4563
INFO:__main__:Predicted uncertainity -0.6829
INFO:__main__:Completed epoch 78 of 100

INFO:__main__:NLL: 0.1787, L2: 0.0271, Reg: 0.0028
INFO:__main__:Total loss 0.2086
INFO:__main__:Predicted mean: -0.3607
INFO:__main__:Predicted uncertainity -0.7338
INFO:__main__:Completed epoch 79 of 100

INFO:__main__:NLL: 0.0492, L2: 0.0276, Reg: 0.0028
INFO:__main__:Total loss 0.0796
INFO:__main__:Predicted mean: -0.3665
INFO:__main__:Predicted uncertainity -0.6459
INFO:__main__:Completed epoch 80 of 100

INFO:__main__:NLL: 0.0866, L2: 0.0264, Reg: 0.0028
INFO:__main__:Total loss 0.1157
INFO:__main__:Predicted mean: -0.3435
INFO:__main__:Predicted uncertainity -0.7233
INFO:__main__:Completed epoch 81 of 100

INFO:__main__:NLL: 0.0933, L2: 0.0254, Reg: 0.0028
INFO:__main__:Total loss 0.1214
INFO:__main__:Predicted mean: -0.3411
INFO:__main__:Predicted uncertainity -0.7010
INFO:__main__:Completed epoch 82 of 100

INFO:__main__:NLL: 0.3082, L2: 0.0252, Reg: 0.0028
INFO:__main__:Total loss 0.3361
INFO:__main__:Predicted mean: -0.4127
INFO:__main__:Predicted uncertainity -0.7054
INFO:__main__:Completed epoch 83 of 100

INFO:__main__:NLL: -0.0143, L2: 0.0278, Reg: 0.0028
INFO:__main__:Total loss 0.0163
INFO:__main__:Predicted mean: -0.3951
INFO:__main__:Predicted uncertainity -0.6667
INFO:__main__:Completed epoch 84 of 100

INFO:__main__:NLL: 0.1990, L2: 0.0266, Reg: 0.0028
INFO:__main__:Total loss 0.2284
INFO:__main__:Predicted mean: -0.3312
INFO:__main__:Predicted uncertainity -0.7874
INFO:__main__:Completed epoch 85 of 100

INFO:__main__:NLL: -0.0015, L2: 0.0262, Reg: 0.0028
INFO:__main__:Total loss 0.0275
INFO:__main__:Predicted mean: -0.2988
INFO:__main__:Predicted uncertainity -0.7793
INFO:__main__:Completed epoch 86 of 100

INFO:__main__:NLL: 0.0713, L2: 0.0253, Reg: 0.0028
INFO:__main__:Total loss 0.0993
INFO:__main__:Predicted mean: -0.4282
INFO:__main__:Predicted uncertainity -0.7379
INFO:__main__:Completed epoch 87 of 100

INFO:__main__:NLL: 0.1454, L2: 0.0291, Reg: 0.0028
INFO:__main__:Total loss 0.1772
INFO:__main__:Predicted mean: -0.3076
INFO:__main__:Predicted uncertainity -0.7935
INFO:__main__:Completed epoch 88 of 100

INFO:__main__:NLL: 0.4299, L2: 0.0278, Reg: 0.0028
INFO:__main__:Total loss 0.4605
INFO:__main__:Predicted mean: -0.3404
INFO:__main__:Predicted uncertainity -0.7368
INFO:__main__:Completed epoch 89 of 100

INFO:__main__:NLL: 0.1007, L2: 0.0261, Reg: 0.0028
INFO:__main__:Total loss 0.1295
INFO:__main__:Predicted mean: -0.3228
INFO:__main__:Predicted uncertainity -0.7051
INFO:__main__:Completed epoch 90 of 100

INFO:__main__:NLL: 0.0970, L2: 0.0273, Reg: 0.0028
INFO:__main__:Total loss 0.1271
INFO:__main__:Predicted mean: -0.3446
INFO:__main__:Predicted uncertainity -0.6933
INFO:__main__:Completed epoch 91 of 100

INFO:__main__:NLL: 0.0610, L2: 0.0257, Reg: 0.0028
INFO:__main__:Total loss 0.0895
INFO:__main__:Predicted mean: -0.3897
INFO:__main__:Predicted uncertainity -0.7715
INFO:__main__:Completed epoch 92 of 100

INFO:__main__:NLL: 0.1857, L2: 0.0267, Reg: 0.0028
INFO:__main__:Total loss 0.2152
INFO:__main__:Predicted mean: -0.3522
INFO:__main__:Predicted uncertainity -0.7705
INFO:__main__:Completed epoch 93 of 100

INFO:__main__:NLL: 0.2722, L2: 0.0288, Reg: 0.0028
INFO:__main__:Total loss 0.3038
INFO:__main__:Predicted mean: -0.3920
INFO:__main__:Predicted uncertainity -0.8350
INFO:__main__:Completed epoch 94 of 100

INFO:__main__:NLL: 0.1570, L2: 0.0284, Reg: 0.0028
INFO:__main__:Total loss 0.1881
INFO:__main__:Predicted mean: -0.3859
INFO:__main__:Predicted uncertainity -0.7363
INFO:__main__:Completed epoch 95 of 100

INFO:__main__:NLL: 0.1703, L2: 0.0289, Reg: 0.0028
INFO:__main__:Total loss 0.2020
INFO:__main__:Predicted mean: -0.3858
INFO:__main__:Predicted uncertainity -0.7615
INFO:__main__:Completed epoch 96 of 100

INFO:__main__:NLL: 0.1817, L2: 0.0291, Reg: 0.0028
INFO:__main__:Total loss 0.2135
INFO:__main__:Predicted mean: -0.3739
INFO:__main__:Predicted uncertainity -0.7675
INFO:__main__:Completed epoch 97 of 100

INFO:__main__:NLL: -0.0372, L2: 0.0290, Reg: 0.0028
INFO:__main__:Total loss -0.0054
INFO:__main__:Predicted mean: -0.3366
INFO:__main__:Predicted uncertainity -0.8347
INFO:__main__:Completed epoch 98 of 100

INFO:__main__:NLL: -0.0407, L2: 0.0303, Reg: 0.0028
INFO:__main__:Total loss -0.0077
INFO:__main__:Predicted mean: -0.3810
INFO:__main__:Predicted uncertainity -0.8035
INFO:__main__:Completed epoch 99 of 100

INFO:__main__:NLL: 0.1963, L2: 0.0275, Reg: 0.0028
INFO:__main__:Total loss 0.2265
INFO:__main__:Predicted mean: -0.3960
INFO:__main__:Predicted uncertainity -0.7682
INFO:__main__:Completed epoch 100 of 100

INFO:__main__:651.325728 s
