INFO:__main__:PROCESS RUNNING ON cpu
INFO:__main__:NLL: 0.1562, L2: 0.0404, Reg: 0.1008
INFO:__main__:Total loss 0.2974
INFO:__main__:Predicted mean: -0.4207
INFO:__main__:Predicted uncertainity -0.5875
INFO:__main__:Completed epoch 1 of 100

INFO:__main__:NLL: 0.1433, L2: 0.0490, Reg: 0.1073
INFO:__main__:Total loss 0.2997
INFO:__main__:Predicted mean: -0.4450
INFO:__main__:Predicted uncertainity -0.6540
INFO:__main__:Completed epoch 2 of 100

INFO:__main__:NLL: 0.2464, L2: 0.0387, Reg: 0.0937
INFO:__main__:Total loss 0.3788
INFO:__main__:Predicted mean: -0.4593
INFO:__main__:Predicted uncertainity -0.5659
INFO:__main__:Completed epoch 3 of 100

INFO:__main__:NLL: 0.1835, L2: 0.0361, Reg: 0.0873
INFO:__main__:Total loss 0.3070
INFO:__main__:Predicted mean: -0.4074
INFO:__main__:Predicted uncertainity -0.5441
INFO:__main__:Completed epoch 4 of 100

INFO:__main__:NLL: 0.1906, L2: 0.0421, Reg: 0.0974
INFO:__main__:Total loss 0.3301
INFO:__main__:Predicted mean: -0.4493
INFO:__main__:Predicted uncertainity -0.4925
INFO:__main__:Completed epoch 5 of 100

INFO:__main__:NLL: 0.1924, L2: 0.0476, Reg: 0.1004
INFO:__main__:Total loss 0.3404
INFO:__main__:Predicted mean: -0.4808
INFO:__main__:Predicted uncertainity -0.5468
INFO:__main__:Completed epoch 6 of 100

INFO:__main__:NLL: 0.1960, L2: 0.0457, Reg: 0.1078
INFO:__main__:Total loss 0.3495
INFO:__main__:Predicted mean: -0.4222
INFO:__main__:Predicted uncertainity -0.5492
INFO:__main__:Completed epoch 7 of 100

INFO:__main__:NLL: 0.2238, L2: 0.0416, Reg: 0.0981
INFO:__main__:Total loss 0.3635
INFO:__main__:Predicted mean: -0.4075
INFO:__main__:Predicted uncertainity -0.5324
INFO:__main__:Completed epoch 8 of 100

INFO:__main__:NLL: 0.1090, L2: 0.0460, Reg: 0.1094
INFO:__main__:Total loss 0.2644
INFO:__main__:Predicted mean: -0.4049
INFO:__main__:Predicted uncertainity -0.6000
INFO:__main__:Completed epoch 9 of 100

INFO:__main__:NLL: 0.2227, L2: 0.0457, Reg: 0.1054
INFO:__main__:Total loss 0.3738
INFO:__main__:Predicted mean: -0.4751
INFO:__main__:Predicted uncertainity -0.6383
INFO:__main__:Completed epoch 10 of 100

INFO:__main__:NLL: 0.1471, L2: 0.0366, Reg: 0.0894
INFO:__main__:Total loss 0.2732
INFO:__main__:Predicted mean: -0.4586
INFO:__main__:Predicted uncertainity -0.6023
INFO:__main__:Completed epoch 11 of 100

INFO:__main__:NLL: 0.1875, L2: 0.0395, Reg: 0.1015
INFO:__main__:Total loss 0.3286
INFO:__main__:Predicted mean: -0.3925
INFO:__main__:Predicted uncertainity -0.4743
INFO:__main__:Completed epoch 12 of 100

INFO:__main__:NLL: 0.1534, L2: 0.0423, Reg: 0.1089
INFO:__main__:Total loss 0.3047
INFO:__main__:Predicted mean: -0.4142
INFO:__main__:Predicted uncertainity -0.6400
INFO:__main__:Completed epoch 13 of 100

INFO:__main__:NLL: 0.2252, L2: 0.0476, Reg: 0.1090
INFO:__main__:Total loss 0.3818
INFO:__main__:Predicted mean: -0.4746
INFO:__main__:Predicted uncertainity -0.6450
INFO:__main__:Completed epoch 14 of 100

INFO:__main__:NLL: 0.2413, L2: 0.0444, Reg: 0.0997
INFO:__main__:Total loss 0.3854
INFO:__main__:Predicted mean: -0.4328
INFO:__main__:Predicted uncertainity -0.6323
INFO:__main__:Completed epoch 15 of 100

INFO:__main__:NLL: 0.1706, L2: 0.0439, Reg: 0.1051
INFO:__main__:Total loss 0.3196
INFO:__main__:Predicted mean: -0.4021
INFO:__main__:Predicted uncertainity -0.5914
INFO:__main__:Completed epoch 16 of 100

INFO:__main__:NLL: 0.0786, L2: 0.0444, Reg: 0.0989
INFO:__main__:Total loss 0.2219
INFO:__main__:Predicted mean: -0.4421
INFO:__main__:Predicted uncertainity -0.6599
INFO:__main__:Completed epoch 17 of 100

INFO:__main__:NLL: 0.1640, L2: 0.0406, Reg: 0.0955
INFO:__main__:Total loss 0.3000
INFO:__main__:Predicted mean: -0.4285
INFO:__main__:Predicted uncertainity -0.6172
INFO:__main__:Completed epoch 18 of 100

INFO:__main__:NLL: 0.1665, L2: 0.0362, Reg: 0.0910
INFO:__main__:Total loss 0.2937
INFO:__main__:Predicted mean: -0.4027
INFO:__main__:Predicted uncertainity -0.5230
INFO:__main__:Completed epoch 19 of 100

INFO:__main__:NLL: 0.2050, L2: 0.0424, Reg: 0.0918
INFO:__main__:Total loss 0.3392
INFO:__main__:Predicted mean: -0.4296
INFO:__main__:Predicted uncertainity -0.4596
INFO:__main__:Completed epoch 20 of 100

INFO:__main__:NLL: 0.1515, L2: 0.0469, Reg: 0.1006
INFO:__main__:Total loss 0.2990
INFO:__main__:Predicted mean: -0.4753
INFO:__main__:Predicted uncertainity -0.5940
INFO:__main__:Completed epoch 21 of 100

INFO:__main__:NLL: 0.1793, L2: 0.0388, Reg: 0.0935
INFO:__main__:Total loss 0.3115
INFO:__main__:Predicted mean: -0.3640
INFO:__main__:Predicted uncertainity -0.5325
INFO:__main__:Completed epoch 22 of 100

INFO:__main__:NLL: 0.2266, L2: 0.0439, Reg: 0.1009
INFO:__main__:Total loss 0.3715
INFO:__main__:Predicted mean: -0.4365
INFO:__main__:Predicted uncertainity -0.4812
INFO:__main__:Completed epoch 23 of 100

INFO:__main__:NLL: 0.1886, L2: 0.0388, Reg: 0.0940
INFO:__main__:Total loss 0.3214
INFO:__main__:Predicted mean: -0.3857
INFO:__main__:Predicted uncertainity -0.5492
INFO:__main__:Completed epoch 24 of 100

INFO:__main__:NLL: 0.2340, L2: 0.0481, Reg: 0.0980
INFO:__main__:Total loss 0.3801
INFO:__main__:Predicted mean: -0.4128
INFO:__main__:Predicted uncertainity -0.5573
INFO:__main__:Completed epoch 25 of 100

INFO:__main__:NLL: 0.1454, L2: 0.0418, Reg: 0.0957
INFO:__main__:Total loss 0.2828
INFO:__main__:Predicted mean: -0.4368
INFO:__main__:Predicted uncertainity -0.5316
INFO:__main__:Completed epoch 26 of 100

INFO:__main__:NLL: 0.2429, L2: 0.0413, Reg: 0.0925
INFO:__main__:Total loss 0.3768
INFO:__main__:Predicted mean: -0.4415
INFO:__main__:Predicted uncertainity -0.5766
INFO:__main__:Completed epoch 27 of 100

INFO:__main__:NLL: 0.1900, L2: 0.0415, Reg: 0.1013
INFO:__main__:Total loss 0.3328
INFO:__main__:Predicted mean: -0.3733
INFO:__main__:Predicted uncertainity -0.5294
INFO:__main__:Completed epoch 28 of 100

INFO:__main__:NLL: 0.2199, L2: 0.0428, Reg: 0.1008
INFO:__main__:Total loss 0.3635
INFO:__main__:Predicted mean: -0.4267
INFO:__main__:Predicted uncertainity -0.5578
INFO:__main__:Completed epoch 29 of 100

INFO:__main__:NLL: 0.1853, L2: 0.0373, Reg: 0.0884
INFO:__main__:Total loss 0.3111
INFO:__main__:Predicted mean: -0.3814
INFO:__main__:Predicted uncertainity -0.4809
INFO:__main__:Completed epoch 30 of 100

INFO:__main__:NLL: 0.2303, L2: 0.0413, Reg: 0.1030
INFO:__main__:Total loss 0.3746
INFO:__main__:Predicted mean: -0.4308
INFO:__main__:Predicted uncertainity -0.5770
INFO:__main__:Completed epoch 31 of 100

INFO:__main__:NLL: 0.1695, L2: 0.0401, Reg: 0.0946
INFO:__main__:Total loss 0.3042
INFO:__main__:Predicted mean: -0.4250
INFO:__main__:Predicted uncertainity -0.5943
INFO:__main__:Completed epoch 32 of 100

INFO:__main__:NLL: 0.1449, L2: 0.0501, Reg: 0.1072
INFO:__main__:Total loss 0.3022
INFO:__main__:Predicted mean: -0.4472
INFO:__main__:Predicted uncertainity -0.5092
INFO:__main__:Completed epoch 33 of 100

INFO:__main__:NLL: 0.1716, L2: 0.0402, Reg: 0.0951
INFO:__main__:Total loss 0.3068
INFO:__main__:Predicted mean: -0.3851
INFO:__main__:Predicted uncertainity -0.4851
INFO:__main__:Completed epoch 34 of 100

INFO:__main__:NLL: 0.1454, L2: 0.0401, Reg: 0.0932
INFO:__main__:Total loss 0.2787
INFO:__main__:Predicted mean: -0.4260
INFO:__main__:Predicted uncertainity -0.5599
INFO:__main__:Completed epoch 35 of 100

INFO:__main__:NLL: 0.1734, L2: 0.0450, Reg: 0.1011
INFO:__main__:Total loss 0.3196
INFO:__main__:Predicted mean: -0.4090
INFO:__main__:Predicted uncertainity -0.6124
INFO:__main__:Completed epoch 36 of 100

INFO:__main__:NLL: 0.1614, L2: 0.0352, Reg: 0.0875
INFO:__main__:Total loss 0.2842
INFO:__main__:Predicted mean: -0.4523
INFO:__main__:Predicted uncertainity -0.5303
INFO:__main__:Completed epoch 37 of 100

INFO:__main__:NLL: 0.2732, L2: 0.0409, Reg: 0.0914
INFO:__main__:Total loss 0.4055
INFO:__main__:Predicted mean: -0.4507
INFO:__main__:Predicted uncertainity -0.5718
INFO:__main__:Completed epoch 38 of 100

INFO:__main__:NLL: 0.1538, L2: 0.0432, Reg: 0.0926
INFO:__main__:Total loss 0.2896
INFO:__main__:Predicted mean: -0.4193
INFO:__main__:Predicted uncertainity -0.5531
INFO:__main__:Completed epoch 39 of 100

INFO:__main__:NLL: 0.1614, L2: 0.0430, Reg: 0.0962
INFO:__main__:Total loss 0.3005
INFO:__main__:Predicted mean: -0.4299
INFO:__main__:Predicted uncertainity -0.5476
INFO:__main__:Completed epoch 40 of 100

INFO:__main__:NLL: 0.1259, L2: 0.0426, Reg: 0.0973
INFO:__main__:Total loss 0.2658
INFO:__main__:Predicted mean: -0.4243
INFO:__main__:Predicted uncertainity -0.5826
INFO:__main__:Completed epoch 41 of 100

INFO:__main__:NLL: 0.1755, L2: 0.0447, Reg: 0.1057
INFO:__main__:Total loss 0.3259
INFO:__main__:Predicted mean: -0.4466
INFO:__main__:Predicted uncertainity -0.6166
INFO:__main__:Completed epoch 42 of 100

INFO:__main__:NLL: 0.1865, L2: 0.0439, Reg: 0.0990
INFO:__main__:Total loss 0.3294
INFO:__main__:Predicted mean: -0.4211
INFO:__main__:Predicted uncertainity -0.5443
INFO:__main__:Completed epoch 43 of 100

INFO:__main__:NLL: 0.2069, L2: 0.0423, Reg: 0.0946
INFO:__main__:Total loss 0.3438
INFO:__main__:Predicted mean: -0.4358
INFO:__main__:Predicted uncertainity -0.5029
INFO:__main__:Completed epoch 44 of 100

INFO:__main__:NLL: 0.2315, L2: 0.0403, Reg: 0.1004
INFO:__main__:Total loss 0.3722
INFO:__main__:Predicted mean: -0.4394
INFO:__main__:Predicted uncertainity -0.5733
INFO:__main__:Completed epoch 45 of 100

INFO:__main__:NLL: 0.1601, L2: 0.0425, Reg: 0.0975
INFO:__main__:Total loss 0.3001
INFO:__main__:Predicted mean: -0.4109
INFO:__main__:Predicted uncertainity -0.5512
INFO:__main__:Completed epoch 46 of 100

INFO:__main__:NLL: 0.1525, L2: 0.0452, Reg: 0.1041
INFO:__main__:Total loss 0.3019
INFO:__main__:Predicted mean: -0.4646
INFO:__main__:Predicted uncertainity -0.6555
INFO:__main__:Completed epoch 47 of 100

INFO:__main__:NLL: 0.1414, L2: 0.0464, Reg: 0.0966
INFO:__main__:Total loss 0.2844
INFO:__main__:Predicted mean: -0.4084
INFO:__main__:Predicted uncertainity -0.5628
INFO:__main__:Completed epoch 48 of 100

INFO:__main__:NLL: 0.1100, L2: 0.0465, Reg: 0.1047
INFO:__main__:Total loss 0.2612
INFO:__main__:Predicted mean: -0.4312
INFO:__main__:Predicted uncertainity -0.5377
INFO:__main__:Completed epoch 49 of 100

INFO:__main__:NLL: 0.1841, L2: 0.0392, Reg: 0.0956
INFO:__main__:Total loss 0.3190
INFO:__main__:Predicted mean: -0.3841
INFO:__main__:Predicted uncertainity -0.5420
INFO:__main__:Completed epoch 50 of 100

INFO:__main__:NLL: 0.3794, L2: 0.0448, Reg: 0.1002
INFO:__main__:Total loss 0.5243
INFO:__main__:Predicted mean: -0.4517
INFO:__main__:Predicted uncertainity -0.5620
INFO:__main__:Completed epoch 51 of 100

INFO:__main__:NLL: 0.1231, L2: 0.0418, Reg: 0.0919
INFO:__main__:Total loss 0.2568
INFO:__main__:Predicted mean: -0.4149
INFO:__main__:Predicted uncertainity -0.5193
INFO:__main__:Completed epoch 52 of 100

INFO:__main__:NLL: 0.1541, L2: 0.0415, Reg: 0.0928
INFO:__main__:Total loss 0.2885
INFO:__main__:Predicted mean: -0.3780
INFO:__main__:Predicted uncertainity -0.5197
INFO:__main__:Completed epoch 53 of 100

INFO:__main__:NLL: 0.2647, L2: 0.0348, Reg: 0.0856
INFO:__main__:Total loss 0.3851
INFO:__main__:Predicted mean: -0.3720
INFO:__main__:Predicted uncertainity -0.4511
INFO:__main__:Completed epoch 54 of 100

INFO:__main__:NLL: 0.1943, L2: 0.0333, Reg: 0.0884
INFO:__main__:Total loss 0.3160
INFO:__main__:Predicted mean: -0.3509
INFO:__main__:Predicted uncertainity -0.4823
INFO:__main__:Completed epoch 55 of 100

INFO:__main__:NLL: 0.2486, L2: 0.0348, Reg: 0.0952
INFO:__main__:Total loss 0.3786
INFO:__main__:Predicted mean: -0.3838
INFO:__main__:Predicted uncertainity -0.5105
INFO:__main__:Completed epoch 56 of 100

INFO:__main__:NLL: 0.1798, L2: 0.0380, Reg: 0.0911
INFO:__main__:Total loss 0.3089
INFO:__main__:Predicted mean: -0.3984
INFO:__main__:Predicted uncertainity -0.5235
INFO:__main__:Completed epoch 57 of 100

INFO:__main__:NLL: 0.1356, L2: 0.0375, Reg: 0.0967
INFO:__main__:Total loss 0.2698
INFO:__main__:Predicted mean: -0.4140
INFO:__main__:Predicted uncertainity -0.5493
INFO:__main__:Completed epoch 58 of 100

INFO:__main__:NLL: 0.1729, L2: 0.0385, Reg: 0.0974
INFO:__main__:Total loss 0.3088
INFO:__main__:Predicted mean: -0.4087
INFO:__main__:Predicted uncertainity -0.5370
INFO:__main__:Completed epoch 59 of 100

INFO:__main__:NLL: 0.2227, L2: 0.0421, Reg: 0.0919
INFO:__main__:Total loss 0.3567
INFO:__main__:Predicted mean: -0.4505
INFO:__main__:Predicted uncertainity -0.5228
INFO:__main__:Completed epoch 60 of 100

INFO:__main__:NLL: 0.2254, L2: 0.0366, Reg: 0.0914
INFO:__main__:Total loss 0.3534
INFO:__main__:Predicted mean: -0.3656
INFO:__main__:Predicted uncertainity -0.5073
INFO:__main__:Completed epoch 61 of 100

INFO:__main__:NLL: 0.2069, L2: 0.0354, Reg: 0.0932
INFO:__main__:Total loss 0.3355
INFO:__main__:Predicted mean: -0.4010
INFO:__main__:Predicted uncertainity -0.5416
INFO:__main__:Completed epoch 62 of 100

INFO:__main__:NLL: 0.1579, L2: 0.0494, Reg: 0.0983
INFO:__main__:Total loss 0.3056
INFO:__main__:Predicted mean: -0.4932
INFO:__main__:Predicted uncertainity -0.5475
INFO:__main__:Completed epoch 63 of 100

INFO:__main__:NLL: 0.1129, L2: 0.0481, Reg: 0.1081
INFO:__main__:Total loss 0.2691
INFO:__main__:Predicted mean: -0.4319
INFO:__main__:Predicted uncertainity -0.5537
INFO:__main__:Completed epoch 64 of 100

INFO:__main__:NLL: 0.1517, L2: 0.0380, Reg: 0.0910
INFO:__main__:Total loss 0.2807
INFO:__main__:Predicted mean: -0.3720
INFO:__main__:Predicted uncertainity -0.4958
INFO:__main__:Completed epoch 65 of 100

INFO:__main__:NLL: 0.1645, L2: 0.0436, Reg: 0.1004
INFO:__main__:Total loss 0.3085
INFO:__main__:Predicted mean: -0.4427
INFO:__main__:Predicted uncertainity -0.5494
INFO:__main__:Completed epoch 66 of 100

INFO:__main__:NLL: 0.1589, L2: 0.0396, Reg: 0.0912
INFO:__main__:Total loss 0.2897
INFO:__main__:Predicted mean: -0.4081
INFO:__main__:Predicted uncertainity -0.5413
INFO:__main__:Completed epoch 67 of 100

INFO:__main__:NLL: 0.1525, L2: 0.0467, Reg: 0.1070
INFO:__main__:Total loss 0.3062
INFO:__main__:Predicted mean: -0.4147
INFO:__main__:Predicted uncertainity -0.6554
INFO:__main__:Completed epoch 68 of 100

INFO:__main__:NLL: 0.1218, L2: 0.0503, Reg: 0.1114
INFO:__main__:Total loss 0.2835
INFO:__main__:Predicted mean: -0.4535
INFO:__main__:Predicted uncertainity -0.6434
INFO:__main__:Completed epoch 69 of 100

INFO:__main__:NLL: 0.3254, L2: 0.0477, Reg: 0.1017
INFO:__main__:Total loss 0.4749
INFO:__main__:Predicted mean: -0.4789
INFO:__main__:Predicted uncertainity -0.5826
INFO:__main__:Completed epoch 70 of 100

INFO:__main__:NLL: 0.1159, L2: 0.0451, Reg: 0.1018
INFO:__main__:Total loss 0.2627
INFO:__main__:Predicted mean: -0.4870
INFO:__main__:Predicted uncertainity -0.5627
INFO:__main__:Completed epoch 71 of 100

INFO:__main__:NLL: 0.2429, L2: 0.0490, Reg: 0.1179
INFO:__main__:Total loss 0.4098
INFO:__main__:Predicted mean: -0.4460
INFO:__main__:Predicted uncertainity -0.6079
INFO:__main__:Completed epoch 72 of 100

INFO:__main__:NLL: 0.2144, L2: 0.0435, Reg: 0.1010
INFO:__main__:Total loss 0.3589
INFO:__main__:Predicted mean: -0.4739
INFO:__main__:Predicted uncertainity -0.5708
INFO:__main__:Completed epoch 73 of 100

INFO:__main__:NLL: 0.1661, L2: 0.0456, Reg: 0.1020
INFO:__main__:Total loss 0.3137
INFO:__main__:Predicted mean: -0.4474
INFO:__main__:Predicted uncertainity -0.5845
INFO:__main__:Completed epoch 74 of 100

INFO:__main__:NLL: 0.1525, L2: 0.0445, Reg: 0.0995
INFO:__main__:Total loss 0.2966
INFO:__main__:Predicted mean: -0.4639
INFO:__main__:Predicted uncertainity -0.5180
INFO:__main__:Completed epoch 75 of 100

INFO:__main__:NLL: 0.1996, L2: 0.0401, Reg: 0.0989
INFO:__main__:Total loss 0.3386
INFO:__main__:Predicted mean: -0.4284
INFO:__main__:Predicted uncertainity -0.6020
INFO:__main__:Completed epoch 76 of 100

INFO:__main__:NLL: 0.1800, L2: 0.0400, Reg: 0.0971
INFO:__main__:Total loss 0.3171
INFO:__main__:Predicted mean: -0.4188
INFO:__main__:Predicted uncertainity -0.5413
INFO:__main__:Completed epoch 77 of 100

INFO:__main__:NLL: 0.2208, L2: 0.0406, Reg: 0.0974
INFO:__main__:Total loss 0.3588
INFO:__main__:Predicted mean: -0.4127
INFO:__main__:Predicted uncertainity -0.5330
INFO:__main__:Completed epoch 78 of 100

INFO:__main__:NLL: 0.1944, L2: 0.0361, Reg: 0.0873
INFO:__main__:Total loss 0.3178
INFO:__main__:Predicted mean: -0.3899
INFO:__main__:Predicted uncertainity -0.5445
INFO:__main__:Completed epoch 79 of 100

INFO:__main__:NLL: 0.1661, L2: 0.0433, Reg: 0.1082
INFO:__main__:Total loss 0.3176
INFO:__main__:Predicted mean: -0.4199
INFO:__main__:Predicted uncertainity -0.5960
INFO:__main__:Completed epoch 80 of 100

INFO:__main__:NLL: 0.2362, L2: 0.0410, Reg: 0.0912
INFO:__main__:Total loss 0.3684
INFO:__main__:Predicted mean: -0.4066
INFO:__main__:Predicted uncertainity -0.5260
INFO:__main__:Completed epoch 81 of 100

INFO:__main__:NLL: 0.1828, L2: 0.0388, Reg: 0.0979
INFO:__main__:Total loss 0.3195
INFO:__main__:Predicted mean: -0.4218
INFO:__main__:Predicted uncertainity -0.5303
INFO:__main__:Completed epoch 82 of 100

INFO:__main__:NLL: 0.0948, L2: 0.0458, Reg: 0.1003
INFO:__main__:Total loss 0.2409
INFO:__main__:Predicted mean: -0.4439
INFO:__main__:Predicted uncertainity -0.6593
INFO:__main__:Completed epoch 83 of 100

INFO:__main__:NLL: 0.2924, L2: 0.0342, Reg: 0.0937
INFO:__main__:Total loss 0.4204
INFO:__main__:Predicted mean: -0.4119
INFO:__main__:Predicted uncertainity -0.5224
INFO:__main__:Completed epoch 84 of 100

INFO:__main__:NLL: 0.1616, L2: 0.0430, Reg: 0.0987
INFO:__main__:Total loss 0.3033
INFO:__main__:Predicted mean: -0.3950
INFO:__main__:Predicted uncertainity -0.5754
INFO:__main__:Completed epoch 85 of 100

INFO:__main__:NLL: 0.0515, L2: 0.0489, Reg: 0.1090
INFO:__main__:Total loss 0.2094
INFO:__main__:Predicted mean: -0.3961
INFO:__main__:Predicted uncertainity -0.6093
INFO:__main__:Completed epoch 86 of 100

INFO:__main__:NLL: 0.1832, L2: 0.0404, Reg: 0.0924
INFO:__main__:Total loss 0.3160
INFO:__main__:Predicted mean: -0.4396
INFO:__main__:Predicted uncertainity -0.5012
INFO:__main__:Completed epoch 87 of 100

INFO:__main__:NLL: 0.1972, L2: 0.0367, Reg: 0.0917
INFO:__main__:Total loss 0.3256
INFO:__main__:Predicted mean: -0.3935
INFO:__main__:Predicted uncertainity -0.4723
INFO:__main__:Completed epoch 88 of 100

INFO:__main__:NLL: 0.1849, L2: 0.0425, Reg: 0.0990
INFO:__main__:Total loss 0.3264
INFO:__main__:Predicted mean: -0.4103
INFO:__main__:Predicted uncertainity -0.5640
INFO:__main__:Completed epoch 89 of 100

INFO:__main__:NLL: 0.2053, L2: 0.0489, Reg: 0.1059
INFO:__main__:Total loss 0.3602
INFO:__main__:Predicted mean: -0.4198
INFO:__main__:Predicted uncertainity -0.5918
INFO:__main__:Completed epoch 90 of 100

INFO:__main__:NLL: 0.1148, L2: 0.0469, Reg: 0.1078
INFO:__main__:Total loss 0.2694
INFO:__main__:Predicted mean: -0.4793
INFO:__main__:Predicted uncertainity -0.6405
INFO:__main__:Completed epoch 91 of 100

INFO:__main__:NLL: 0.2284, L2: 0.0518, Reg: 0.1111
INFO:__main__:Total loss 0.3912
INFO:__main__:Predicted mean: -0.4422
INFO:__main__:Predicted uncertainity -0.6597
INFO:__main__:Completed epoch 92 of 100

INFO:__main__:NLL: 0.1623, L2: 0.0390, Reg: 0.0935
INFO:__main__:Total loss 0.2948
INFO:__main__:Predicted mean: -0.4120
INFO:__main__:Predicted uncertainity -0.5244
INFO:__main__:Completed epoch 93 of 100

INFO:__main__:NLL: 0.1879, L2: 0.0381, Reg: 0.0929
INFO:__main__:Total loss 0.3190
INFO:__main__:Predicted mean: -0.3708
INFO:__main__:Predicted uncertainity -0.5492
INFO:__main__:Completed epoch 94 of 100

INFO:__main__:NLL: 0.1890, L2: 0.0402, Reg: 0.0943
INFO:__main__:Total loss 0.3234
INFO:__main__:Predicted mean: -0.3955
INFO:__main__:Predicted uncertainity -0.5079
INFO:__main__:Completed epoch 95 of 100

INFO:__main__:NLL: 0.1744, L2: 0.0438, Reg: 0.0967
INFO:__main__:Total loss 0.3149
INFO:__main__:Predicted mean: -0.4587
INFO:__main__:Predicted uncertainity -0.5448
INFO:__main__:Completed epoch 96 of 100

INFO:__main__:NLL: 0.2208, L2: 0.0350, Reg: 0.0881
INFO:__main__:Total loss 0.3439
INFO:__main__:Predicted mean: -0.4058
INFO:__main__:Predicted uncertainity -0.5204
INFO:__main__:Completed epoch 97 of 100

INFO:__main__:NLL: 0.1796, L2: 0.0478, Reg: 0.1048
INFO:__main__:Total loss 0.3322
INFO:__main__:Predicted mean: -0.3888
INFO:__main__:Predicted uncertainity -0.5967
INFO:__main__:Completed epoch 98 of 100

INFO:__main__:NLL: 0.2409, L2: 0.0435, Reg: 0.1062
INFO:__main__:Total loss 0.3906
INFO:__main__:Predicted mean: -0.4222
INFO:__main__:Predicted uncertainity -0.6219
INFO:__main__:Completed epoch 99 of 100

INFO:__main__:NLL: 0.2997, L2: 0.0451, Reg: 0.1080
INFO:__main__:Total loss 0.4528
INFO:__main__:Predicted mean: -0.4711
INFO:__main__:Predicted uncertainity -0.6286
INFO:__main__:Completed epoch 100 of 100

INFO:__main__:380.366210 s
