INFO:__main__:PROCESS RUNNING ON cpu
INFO:__main__:NLL: 0.2929, L2: 0.0065, Reg: 0.0738
INFO:__main__:Total loss 0.3731
INFO:__main__:Predicted mean: -0.4237
INFO:__main__:Predicted uncertainity 0.0155
INFO:__main__:Completed epoch 1 of 100

INFO:__main__:NLL: 0.2864, L2: 0.0070, Reg: 0.0474
INFO:__main__:Total loss 0.3408
INFO:__main__:Predicted mean: -0.4096
INFO:__main__:Predicted uncertainity 0.0582
INFO:__main__:Completed epoch 2 of 100

INFO:__main__:NLL: 0.3198, L2: 0.0069, Reg: 0.0461
INFO:__main__:Total loss 0.3728
INFO:__main__:Predicted mean: -0.3999
INFO:__main__:Predicted uncertainity 0.0624
INFO:__main__:Completed epoch 3 of 100

INFO:__main__:NLL: 0.2811, L2: 0.0072, Reg: 0.0408
INFO:__main__:Total loss 0.3291
INFO:__main__:Predicted mean: -0.4009
INFO:__main__:Predicted uncertainity 0.0564
INFO:__main__:Completed epoch 4 of 100

INFO:__main__:NLL: 0.3021, L2: 0.0077, Reg: 0.0782
INFO:__main__:Total loss 0.3880
INFO:__main__:Predicted mean: -0.4117
INFO:__main__:Predicted uncertainity 0.0806
INFO:__main__:Completed epoch 5 of 100

INFO:__main__:NLL: 0.3003, L2: 0.0067, Reg: 0.0557
INFO:__main__:Total loss 0.3626
INFO:__main__:Predicted mean: -0.4158
INFO:__main__:Predicted uncertainity 0.0410
INFO:__main__:Completed epoch 6 of 100

INFO:__main__:NLL: 0.3075, L2: 0.0071, Reg: 0.0731
INFO:__main__:Total loss 0.3877
INFO:__main__:Predicted mean: -0.3846
INFO:__main__:Predicted uncertainity 0.0528
INFO:__main__:Completed epoch 7 of 100

INFO:__main__:NLL: 0.3073, L2: 0.0067, Reg: 0.0462
INFO:__main__:Total loss 0.3603
INFO:__main__:Predicted mean: -0.3779
INFO:__main__:Predicted uncertainity 0.0566
INFO:__main__:Completed epoch 8 of 100

INFO:__main__:NLL: 0.2820, L2: 0.0072, Reg: 0.0778
INFO:__main__:Total loss 0.3670
INFO:__main__:Predicted mean: -0.3886
INFO:__main__:Predicted uncertainity 0.0254
INFO:__main__:Completed epoch 9 of 100

INFO:__main__:NLL: 0.3069, L2: 0.0076, Reg: 0.0696
INFO:__main__:Total loss 0.3841
INFO:__main__:Predicted mean: -0.3988
INFO:__main__:Predicted uncertainity 0.0421
INFO:__main__:Completed epoch 10 of 100

INFO:__main__:NLL: 0.2733, L2: 0.0073, Reg: 0.0577
INFO:__main__:Total loss 0.3383
INFO:__main__:Predicted mean: -0.4084
INFO:__main__:Predicted uncertainity 0.0113
INFO:__main__:Completed epoch 11 of 100

INFO:__main__:NLL: 0.3072, L2: 0.0069, Reg: 0.0449
INFO:__main__:Total loss 0.3590
INFO:__main__:Predicted mean: -0.3896
INFO:__main__:Predicted uncertainity 0.0625
INFO:__main__:Completed epoch 12 of 100

INFO:__main__:NLL: 0.3101, L2: 0.0070, Reg: 0.0584
INFO:__main__:Total loss 0.3755
INFO:__main__:Predicted mean: -0.3818
INFO:__main__:Predicted uncertainity 0.0485
INFO:__main__:Completed epoch 13 of 100

INFO:__main__:NLL: 0.3060, L2: 0.0072, Reg: 0.0579
INFO:__main__:Total loss 0.3711
INFO:__main__:Predicted mean: -0.3946
INFO:__main__:Predicted uncertainity 0.0236
INFO:__main__:Completed epoch 14 of 100

INFO:__main__:NLL: 0.3021, L2: 0.0071, Reg: 0.0748
INFO:__main__:Total loss 0.3840
INFO:__main__:Predicted mean: -0.4061
INFO:__main__:Predicted uncertainity 0.0154
INFO:__main__:Completed epoch 15 of 100

INFO:__main__:NLL: 0.2901, L2: 0.0072, Reg: 0.0873
INFO:__main__:Total loss 0.3846
INFO:__main__:Predicted mean: -0.3808
INFO:__main__:Predicted uncertainity 0.0206
INFO:__main__:Completed epoch 16 of 100

INFO:__main__:NLL: 0.2811, L2: 0.0075, Reg: 0.0492
INFO:__main__:Total loss 0.3378
INFO:__main__:Predicted mean: -0.4006
INFO:__main__:Predicted uncertainity 0.0562
INFO:__main__:Completed epoch 17 of 100

INFO:__main__:NLL: 0.3014, L2: 0.0063, Reg: 0.0377
INFO:__main__:Total loss 0.3454
INFO:__main__:Predicted mean: -0.3869
INFO:__main__:Predicted uncertainity 0.0291
INFO:__main__:Completed epoch 18 of 100

INFO:__main__:NLL: 0.2990, L2: 0.0070, Reg: 0.0554
INFO:__main__:Total loss 0.3614
INFO:__main__:Predicted mean: -0.3997
INFO:__main__:Predicted uncertainity 0.0471
INFO:__main__:Completed epoch 19 of 100

INFO:__main__:NLL: 0.3314, L2: 0.0070, Reg: 0.0533
INFO:__main__:Total loss 0.3917
INFO:__main__:Predicted mean: -0.4096
INFO:__main__:Predicted uncertainity 0.0419
INFO:__main__:Completed epoch 20 of 100

INFO:__main__:NLL: 0.2890, L2: 0.0071, Reg: 0.0645
INFO:__main__:Total loss 0.3606
INFO:__main__:Predicted mean: -0.4013
INFO:__main__:Predicted uncertainity 0.0269
INFO:__main__:Completed epoch 21 of 100

INFO:__main__:NLL: 0.2932, L2: 0.0068, Reg: 0.0545
INFO:__main__:Total loss 0.3545
INFO:__main__:Predicted mean: -0.3848
INFO:__main__:Predicted uncertainity 0.0371
INFO:__main__:Completed epoch 22 of 100

INFO:__main__:NLL: 0.3023, L2: 0.0076, Reg: 0.0673
INFO:__main__:Total loss 0.3772
INFO:__main__:Predicted mean: -0.3945
INFO:__main__:Predicted uncertainity 0.0527
INFO:__main__:Completed epoch 23 of 100

INFO:__main__:NLL: 0.3113, L2: 0.0071, Reg: 0.0506
INFO:__main__:Total loss 0.3690
INFO:__main__:Predicted mean: -0.4050
INFO:__main__:Predicted uncertainity 0.0624
INFO:__main__:Completed epoch 24 of 100

INFO:__main__:NLL: 0.3017, L2: 0.0070, Reg: 0.0495
INFO:__main__:Total loss 0.3582
INFO:__main__:Predicted mean: -0.3992
INFO:__main__:Predicted uncertainity 0.0641
INFO:__main__:Completed epoch 25 of 100

INFO:__main__:NLL: 0.2747, L2: 0.0073, Reg: 0.0547
INFO:__main__:Total loss 0.3368
INFO:__main__:Predicted mean: -0.4093
INFO:__main__:Predicted uncertainity 0.0401
INFO:__main__:Completed epoch 26 of 100

INFO:__main__:NLL: 0.3029, L2: 0.0073, Reg: 0.0604
INFO:__main__:Total loss 0.3706
INFO:__main__:Predicted mean: -0.4027
INFO:__main__:Predicted uncertainity 0.0539
INFO:__main__:Completed epoch 27 of 100

INFO:__main__:NLL: 0.3157, L2: 0.0070, Reg: 0.0505
INFO:__main__:Total loss 0.3732
INFO:__main__:Predicted mean: -0.3943
INFO:__main__:Predicted uncertainity 0.0681
INFO:__main__:Completed epoch 28 of 100

INFO:__main__:NLL: 0.3089, L2: 0.0076, Reg: 0.0556
INFO:__main__:Total loss 0.3721
INFO:__main__:Predicted mean: -0.3871
INFO:__main__:Predicted uncertainity 0.0458
INFO:__main__:Completed epoch 29 of 100

INFO:__main__:NLL: 0.3033, L2: 0.0067, Reg: 0.0465
INFO:__main__:Total loss 0.3565
INFO:__main__:Predicted mean: -0.3892
INFO:__main__:Predicted uncertainity 0.0587
INFO:__main__:Completed epoch 30 of 100

INFO:__main__:NLL: 0.3085, L2: 0.0074, Reg: 0.0637
INFO:__main__:Total loss 0.3796
INFO:__main__:Predicted mean: -0.3853
INFO:__main__:Predicted uncertainity 0.0410
INFO:__main__:Completed epoch 31 of 100

INFO:__main__:NLL: 0.2957, L2: 0.0071, Reg: 0.0560
INFO:__main__:Total loss 0.3588
INFO:__main__:Predicted mean: -0.3915
INFO:__main__:Predicted uncertainity 0.0569
INFO:__main__:Completed epoch 32 of 100

INFO:__main__:NLL: 0.2880, L2: 0.0072, Reg: 0.0602
INFO:__main__:Total loss 0.3554
INFO:__main__:Predicted mean: -0.4182
INFO:__main__:Predicted uncertainity 0.0467
INFO:__main__:Completed epoch 33 of 100

INFO:__main__:NLL: 0.2870, L2: 0.0071, Reg: 0.0644
INFO:__main__:Total loss 0.3585
INFO:__main__:Predicted mean: -0.3967
INFO:__main__:Predicted uncertainity 0.0237
INFO:__main__:Completed epoch 34 of 100

INFO:__main__:NLL: 0.2753, L2: 0.0071, Reg: 0.0585
INFO:__main__:Total loss 0.3409
INFO:__main__:Predicted mean: -0.4110
INFO:__main__:Predicted uncertainity 0.0454
INFO:__main__:Completed epoch 35 of 100

INFO:__main__:NLL: 0.2947, L2: 0.0070, Reg: 0.0650
INFO:__main__:Total loss 0.3667
INFO:__main__:Predicted mean: -0.3806
INFO:__main__:Predicted uncertainity 0.0319
INFO:__main__:Completed epoch 36 of 100

INFO:__main__:NLL: 0.2871, L2: 0.0074, Reg: 0.0490
INFO:__main__:Total loss 0.3436
INFO:__main__:Predicted mean: -0.3951
INFO:__main__:Predicted uncertainity 0.0342
INFO:__main__:Completed epoch 37 of 100

INFO:__main__:NLL: 0.3227, L2: 0.0073, Reg: 0.0463
INFO:__main__:Total loss 0.3763
INFO:__main__:Predicted mean: -0.4145
INFO:__main__:Predicted uncertainity 0.0571
INFO:__main__:Completed epoch 38 of 100

INFO:__main__:NLL: 0.2955, L2: 0.0076, Reg: 0.0545
INFO:__main__:Total loss 0.3576
INFO:__main__:Predicted mean: -0.4058
INFO:__main__:Predicted uncertainity 0.0496
INFO:__main__:Completed epoch 39 of 100

INFO:__main__:NLL: 0.2891, L2: 0.0076, Reg: 0.0456
INFO:__main__:Total loss 0.3423
INFO:__main__:Predicted mean: -0.3975
INFO:__main__:Predicted uncertainity 0.0764
INFO:__main__:Completed epoch 40 of 100

INFO:__main__:NLL: 0.2672, L2: 0.0069, Reg: 0.0635
INFO:__main__:Total loss 0.3376
INFO:__main__:Predicted mean: -0.3902
INFO:__main__:Predicted uncertainity 0.0241
INFO:__main__:Completed epoch 41 of 100

INFO:__main__:NLL: 0.2869, L2: 0.0070, Reg: 0.0643
INFO:__main__:Total loss 0.3581
INFO:__main__:Predicted mean: -0.3890
INFO:__main__:Predicted uncertainity 0.0191
INFO:__main__:Completed epoch 42 of 100

INFO:__main__:NLL: 0.2931, L2: 0.0078, Reg: 0.0494
INFO:__main__:Total loss 0.3503
INFO:__main__:Predicted mean: -0.3969
INFO:__main__:Predicted uncertainity 0.0700
INFO:__main__:Completed epoch 43 of 100

INFO:__main__:NLL: 0.2998, L2: 0.0069, Reg: 0.0598
INFO:__main__:Total loss 0.3665
INFO:__main__:Predicted mean: -0.3998
INFO:__main__:Predicted uncertainity 0.0460
INFO:__main__:Completed epoch 44 of 100

INFO:__main__:NLL: 0.3022, L2: 0.0069, Reg: 0.0623
INFO:__main__:Total loss 0.3714
INFO:__main__:Predicted mean: -0.3920
INFO:__main__:Predicted uncertainity 0.0401
INFO:__main__:Completed epoch 45 of 100

INFO:__main__:NLL: 0.2966, L2: 0.0070, Reg: 0.0504
INFO:__main__:Total loss 0.3539
INFO:__main__:Predicted mean: -0.3839
INFO:__main__:Predicted uncertainity 0.0357
INFO:__main__:Completed epoch 46 of 100

INFO:__main__:NLL: 0.2864, L2: 0.0072, Reg: 0.0478
INFO:__main__:Total loss 0.3413
INFO:__main__:Predicted mean: -0.4148
INFO:__main__:Predicted uncertainity 0.0436
INFO:__main__:Completed epoch 47 of 100

INFO:__main__:NLL: 0.3061, L2: 0.0073, Reg: 0.0530
INFO:__main__:Total loss 0.3663
INFO:__main__:Predicted mean: -0.3965
INFO:__main__:Predicted uncertainity 0.0468
INFO:__main__:Completed epoch 48 of 100

INFO:__main__:NLL: 0.3005, L2: 0.0070, Reg: 0.0441
INFO:__main__:Total loss 0.3517
INFO:__main__:Predicted mean: -0.4066
INFO:__main__:Predicted uncertainity 0.0912
INFO:__main__:Completed epoch 49 of 100

INFO:__main__:NLL: 0.2869, L2: 0.0071, Reg: 0.0465
INFO:__main__:Total loss 0.3406
INFO:__main__:Predicted mean: -0.4155
INFO:__main__:Predicted uncertainity 0.0607
INFO:__main__:Completed epoch 50 of 100

INFO:__main__:NLL: 0.3417, L2: 0.0075, Reg: 0.0733
INFO:__main__:Total loss 0.4225
INFO:__main__:Predicted mean: -0.3967
INFO:__main__:Predicted uncertainity 0.0418
INFO:__main__:Completed epoch 51 of 100

INFO:__main__:NLL: 0.2701, L2: 0.0073, Reg: 0.0479
INFO:__main__:Total loss 0.3253
INFO:__main__:Predicted mean: -0.3899
INFO:__main__:Predicted uncertainity 0.0297
INFO:__main__:Completed epoch 52 of 100

INFO:__main__:NLL: 0.3062, L2: 0.0071, Reg: 0.0448
INFO:__main__:Total loss 0.3582
INFO:__main__:Predicted mean: -0.3964
INFO:__main__:Predicted uncertainity 0.0654
INFO:__main__:Completed epoch 53 of 100

INFO:__main__:NLL: 0.3077, L2: 0.0070, Reg: 0.0560
INFO:__main__:Total loss 0.3707
INFO:__main__:Predicted mean: -0.3806
INFO:__main__:Predicted uncertainity 0.0331
INFO:__main__:Completed epoch 54 of 100

INFO:__main__:NLL: 0.2926, L2: 0.0077, Reg: 0.0550
INFO:__main__:Total loss 0.3552
INFO:__main__:Predicted mean: -0.3953
INFO:__main__:Predicted uncertainity 0.0837
INFO:__main__:Completed epoch 55 of 100

INFO:__main__:NLL: 0.3177, L2: 0.0072, Reg: 0.0538
INFO:__main__:Total loss 0.3787
INFO:__main__:Predicted mean: -0.4083
INFO:__main__:Predicted uncertainity 0.0532
INFO:__main__:Completed epoch 56 of 100

INFO:__main__:NLL: 0.2955, L2: 0.0067, Reg: 0.0573
INFO:__main__:Total loss 0.3595
INFO:__main__:Predicted mean: -0.3847
INFO:__main__:Predicted uncertainity 0.0267
INFO:__main__:Completed epoch 57 of 100

INFO:__main__:NLL: 0.3104, L2: 0.0071, Reg: 0.0484
INFO:__main__:Total loss 0.3659
INFO:__main__:Predicted mean: -0.4123
INFO:__main__:Predicted uncertainity 0.0674
INFO:__main__:Completed epoch 58 of 100

INFO:__main__:NLL: 0.3032, L2: 0.0067, Reg: 0.0665
INFO:__main__:Total loss 0.3764
INFO:__main__:Predicted mean: -0.4005
INFO:__main__:Predicted uncertainity 0.0604
INFO:__main__:Completed epoch 59 of 100

INFO:__main__:NLL: 0.3005, L2: 0.0070, Reg: 0.0357
INFO:__main__:Total loss 0.3433
INFO:__main__:Predicted mean: -0.3795
INFO:__main__:Predicted uncertainity 0.0771
INFO:__main__:Completed epoch 60 of 100

INFO:__main__:NLL: 0.3115, L2: 0.0074, Reg: 0.0541
INFO:__main__:Total loss 0.3730
INFO:__main__:Predicted mean: -0.3980
INFO:__main__:Predicted uncertainity 0.0647
INFO:__main__:Completed epoch 61 of 100

INFO:__main__:NLL: 0.2912, L2: 0.0070, Reg: 0.0565
INFO:__main__:Total loss 0.3548
INFO:__main__:Predicted mean: -0.3983
INFO:__main__:Predicted uncertainity 0.0584
INFO:__main__:Completed epoch 62 of 100

INFO:__main__:NLL: 0.2809, L2: 0.0074, Reg: 0.0530
INFO:__main__:Total loss 0.3413
INFO:__main__:Predicted mean: -0.4082
INFO:__main__:Predicted uncertainity 0.0366
INFO:__main__:Completed epoch 63 of 100

INFO:__main__:NLL: 0.2834, L2: 0.0073, Reg: 0.0567
INFO:__main__:Total loss 0.3474
INFO:__main__:Predicted mean: -0.4065
INFO:__main__:Predicted uncertainity 0.0589
INFO:__main__:Completed epoch 64 of 100

INFO:__main__:NLL: 0.2795, L2: 0.0073, Reg: 0.0524
INFO:__main__:Total loss 0.3392
INFO:__main__:Predicted mean: -0.3855
INFO:__main__:Predicted uncertainity 0.0429
INFO:__main__:Completed epoch 65 of 100

INFO:__main__:NLL: 0.2827, L2: 0.0073, Reg: 0.0706
INFO:__main__:Total loss 0.3606
INFO:__main__:Predicted mean: -0.3943
INFO:__main__:Predicted uncertainity 0.0121
INFO:__main__:Completed epoch 66 of 100

INFO:__main__:NLL: 0.3015, L2: 0.0067, Reg: 0.0432
INFO:__main__:Total loss 0.3514
INFO:__main__:Predicted mean: -0.3894
INFO:__main__:Predicted uncertainity 0.0611
INFO:__main__:Completed epoch 67 of 100

INFO:__main__:NLL: 0.3011, L2: 0.0070, Reg: 0.0436
INFO:__main__:Total loss 0.3517
INFO:__main__:Predicted mean: -0.3963
INFO:__main__:Predicted uncertainity 0.0421
INFO:__main__:Completed epoch 68 of 100

INFO:__main__:NLL: 0.2657, L2: 0.0074, Reg: 0.0786
INFO:__main__:Total loss 0.3517
INFO:__main__:Predicted mean: -0.4089
INFO:__main__:Predicted uncertainity 0.0300
INFO:__main__:Completed epoch 69 of 100

INFO:__main__:NLL: 0.3101, L2: 0.0080, Reg: 0.0577
INFO:__main__:Total loss 0.3758
INFO:__main__:Predicted mean: -0.4241
INFO:__main__:Predicted uncertainity 0.0805
INFO:__main__:Completed epoch 70 of 100

INFO:__main__:NLL: 0.2757, L2: 0.0068, Reg: 0.0511
INFO:__main__:Total loss 0.3337
INFO:__main__:Predicted mean: -0.3953
INFO:__main__:Predicted uncertainity 0.0475
INFO:__main__:Completed epoch 71 of 100

INFO:__main__:NLL: 0.3462, L2: 0.0075, Reg: 0.0729
INFO:__main__:Total loss 0.4266
INFO:__main__:Predicted mean: -0.4077
INFO:__main__:Predicted uncertainity 0.0742
INFO:__main__:Completed epoch 72 of 100

INFO:__main__:NLL: 0.3074, L2: 0.0077, Reg: 0.0570
INFO:__main__:Total loss 0.3721
INFO:__main__:Predicted mean: -0.4186
INFO:__main__:Predicted uncertainity 0.0733
INFO:__main__:Completed epoch 73 of 100

INFO:__main__:NLL: 0.3047, L2: 0.0072, Reg: 0.0577
INFO:__main__:Total loss 0.3696
INFO:__main__:Predicted mean: -0.4082
INFO:__main__:Predicted uncertainity 0.0383
INFO:__main__:Completed epoch 74 of 100

INFO:__main__:NLL: 0.3003, L2: 0.0072, Reg: 0.0533
INFO:__main__:Total loss 0.3608
INFO:__main__:Predicted mean: -0.3957
INFO:__main__:Predicted uncertainity 0.0668
INFO:__main__:Completed epoch 75 of 100

INFO:__main__:NLL: 0.3112, L2: 0.0074, Reg: 0.0557
INFO:__main__:Total loss 0.3744
INFO:__main__:Predicted mean: -0.4120
INFO:__main__:Predicted uncertainity 0.0830
INFO:__main__:Completed epoch 76 of 100

INFO:__main__:NLL: 0.3200, L2: 0.0074, Reg: 0.0717
INFO:__main__:Total loss 0.3991
INFO:__main__:Predicted mean: -0.4152
INFO:__main__:Predicted uncertainity 0.0968
INFO:__main__:Completed epoch 77 of 100

INFO:__main__:NLL: 0.2991, L2: 0.0071, Reg: 0.0592
INFO:__main__:Total loss 0.3654
INFO:__main__:Predicted mean: -0.3954
INFO:__main__:Predicted uncertainity 0.0361
INFO:__main__:Completed epoch 78 of 100

INFO:__main__:NLL: 0.3066, L2: 0.0067, Reg: 0.0329
INFO:__main__:Total loss 0.3461
INFO:__main__:Predicted mean: -0.3738
INFO:__main__:Predicted uncertainity 0.0457
INFO:__main__:Completed epoch 79 of 100

INFO:__main__:NLL: 0.2949, L2: 0.0067, Reg: 0.0692
INFO:__main__:Total loss 0.3707
INFO:__main__:Predicted mean: -0.3809
INFO:__main__:Predicted uncertainity 0.0223
INFO:__main__:Completed epoch 80 of 100

INFO:__main__:NLL: 0.2965, L2: 0.0073, Reg: 0.0493
INFO:__main__:Total loss 0.3531
INFO:__main__:Predicted mean: -0.4074
INFO:__main__:Predicted uncertainity 0.0398
INFO:__main__:Completed epoch 81 of 100

INFO:__main__:NLL: 0.3142, L2: 0.0077, Reg: 0.0488
INFO:__main__:Total loss 0.3706
INFO:__main__:Predicted mean: -0.4069
INFO:__main__:Predicted uncertainity 0.0820
INFO:__main__:Completed epoch 82 of 100

INFO:__main__:NLL: 0.2803, L2: 0.0070, Reg: 0.0657
INFO:__main__:Total loss 0.3530
INFO:__main__:Predicted mean: -0.4066
INFO:__main__:Predicted uncertainity 0.0044
INFO:__main__:Completed epoch 83 of 100

INFO:__main__:NLL: 0.3409, L2: 0.0072, Reg: 0.0703
INFO:__main__:Total loss 0.4185
INFO:__main__:Predicted mean: -0.4201
INFO:__main__:Predicted uncertainity 0.0718
INFO:__main__:Completed epoch 84 of 100

INFO:__main__:NLL: 0.2883, L2: 0.0072, Reg: 0.0568
INFO:__main__:Total loss 0.3523
INFO:__main__:Predicted mean: -0.4011
INFO:__main__:Predicted uncertainity 0.0743
INFO:__main__:Completed epoch 85 of 100

INFO:__main__:NLL: 0.2523, L2: 0.0072, Reg: 0.0698
INFO:__main__:Total loss 0.3293
INFO:__main__:Predicted mean: -0.3788
INFO:__main__:Predicted uncertainity 0.0236
INFO:__main__:Completed epoch 86 of 100

INFO:__main__:NLL: 0.2911, L2: 0.0074, Reg: 0.0587
INFO:__main__:Total loss 0.3572
INFO:__main__:Predicted mean: -0.3923
INFO:__main__:Predicted uncertainity 0.0353
INFO:__main__:Completed epoch 87 of 100

INFO:__main__:NLL: 0.2982, L2: 0.0072, Reg: 0.0603
INFO:__main__:Total loss 0.3657
INFO:__main__:Predicted mean: -0.3905
INFO:__main__:Predicted uncertainity 0.0319
INFO:__main__:Completed epoch 88 of 100

INFO:__main__:NLL: 0.2978, L2: 0.0074, Reg: 0.0653
INFO:__main__:Total loss 0.3706
INFO:__main__:Predicted mean: -0.4102
INFO:__main__:Predicted uncertainity 0.0308
INFO:__main__:Completed epoch 89 of 100

INFO:__main__:NLL: 0.2978, L2: 0.0074, Reg: 0.0518
INFO:__main__:Total loss 0.3570
INFO:__main__:Predicted mean: -0.3940
INFO:__main__:Predicted uncertainity 0.0593
INFO:__main__:Completed epoch 90 of 100

INFO:__main__:NLL: 0.2866, L2: 0.0072, Reg: 0.0652
INFO:__main__:Total loss 0.3591
INFO:__main__:Predicted mean: -0.4185
INFO:__main__:Predicted uncertainity 0.0262
INFO:__main__:Completed epoch 91 of 100

INFO:__main__:NLL: 0.2953, L2: 0.0070, Reg: 0.0620
INFO:__main__:Total loss 0.3643
INFO:__main__:Predicted mean: -0.4079
INFO:__main__:Predicted uncertainity 0.0630
INFO:__main__:Completed epoch 92 of 100

INFO:__main__:NLL: 0.2966, L2: 0.0076, Reg: 0.0480
INFO:__main__:Total loss 0.3523
INFO:__main__:Predicted mean: -0.4098
INFO:__main__:Predicted uncertainity 0.0730
INFO:__main__:Completed epoch 93 of 100

INFO:__main__:NLL: 0.3042, L2: 0.0072, Reg: 0.0650
INFO:__main__:Total loss 0.3764
INFO:__main__:Predicted mean: -0.3874
INFO:__main__:Predicted uncertainity 0.0418
INFO:__main__:Completed epoch 94 of 100

INFO:__main__:NLL: 0.2991, L2: 0.0070, Reg: 0.0471
INFO:__main__:Total loss 0.3532
INFO:__main__:Predicted mean: -0.4112
INFO:__main__:Predicted uncertainity 0.0696
INFO:__main__:Completed epoch 95 of 100

INFO:__main__:NLL: 0.3033, L2: 0.0069, Reg: 0.0488
INFO:__main__:Total loss 0.3590
INFO:__main__:Predicted mean: -0.4257
INFO:__main__:Predicted uncertainity 0.0679
INFO:__main__:Completed epoch 96 of 100

INFO:__main__:NLL: 0.3133, L2: 0.0066, Reg: 0.0433
INFO:__main__:Total loss 0.3632
INFO:__main__:Predicted mean: -0.3908
INFO:__main__:Predicted uncertainity 0.0443
INFO:__main__:Completed epoch 97 of 100

INFO:__main__:NLL: 0.2948, L2: 0.0068, Reg: 0.0411
INFO:__main__:Total loss 0.3427
INFO:__main__:Predicted mean: -0.3854
INFO:__main__:Predicted uncertainity 0.0304
INFO:__main__:Completed epoch 98 of 100

INFO:__main__:NLL: 0.2788, L2: 0.0076, Reg: 0.0649
INFO:__main__:Total loss 0.3512
INFO:__main__:Predicted mean: -0.3939
INFO:__main__:Predicted uncertainity 0.0552
INFO:__main__:Completed epoch 99 of 100

INFO:__main__:NLL: 0.2932, L2: 0.0064, Reg: 0.0588
INFO:__main__:Total loss 0.3584
INFO:__main__:Predicted mean: -0.3860
INFO:__main__:Predicted uncertainity 0.0232
INFO:__main__:Completed epoch 100 of 100

INFO:__main__:379.113156 s
