INFO:__main__:PROCESS RUNNING ON cpu
INFO:__main__:NLL: 0.3189, L2: 0.0015, Reg: 0.0480
INFO:__main__:Total loss 0.3684
INFO:__main__:Predicted mean: -0.3687
INFO:__main__:Predicted uncertainity 0.0468
INFO:__main__:Completed epoch 1 of 100

INFO:__main__:NLL: 0.3245, L2: 0.0014, Reg: 0.0316
INFO:__main__:Total loss 0.3576
INFO:__main__:Predicted mean: -0.3730
INFO:__main__:Predicted uncertainity 0.0705
INFO:__main__:Completed epoch 2 of 100

INFO:__main__:NLL: 0.3234, L2: 0.0014, Reg: 0.0372
INFO:__main__:Total loss 0.3621
INFO:__main__:Predicted mean: -0.3730
INFO:__main__:Predicted uncertainity 0.0654
INFO:__main__:Completed epoch 3 of 100

INFO:__main__:NLL: 0.3228, L2: 0.0014, Reg: 0.0314
INFO:__main__:Total loss 0.3556
INFO:__main__:Predicted mean: -0.3730
INFO:__main__:Predicted uncertainity 0.0626
INFO:__main__:Completed epoch 4 of 100

INFO:__main__:NLL: 0.3257, L2: 0.0015, Reg: 0.0542
INFO:__main__:Total loss 0.3813
INFO:__main__:Predicted mean: -0.3702
INFO:__main__:Predicted uncertainity 0.0781
INFO:__main__:Completed epoch 5 of 100

INFO:__main__:NLL: 0.3245, L2: 0.0014, Reg: 0.0380
INFO:__main__:Total loss 0.3640
INFO:__main__:Predicted mean: -0.3725
INFO:__main__:Predicted uncertainity 0.0710
INFO:__main__:Completed epoch 6 of 100

INFO:__main__:NLL: 0.3236, L2: 0.0015, Reg: 0.0637
INFO:__main__:Total loss 0.3889
INFO:__main__:Predicted mean: -0.3721
INFO:__main__:Predicted uncertainity 0.0675
INFO:__main__:Completed epoch 7 of 100

INFO:__main__:NLL: 0.3211, L2: 0.0015, Reg: 0.0391
INFO:__main__:Total loss 0.3617
INFO:__main__:Predicted mean: -0.3640
INFO:__main__:Predicted uncertainity 0.0596
INFO:__main__:Completed epoch 8 of 100

INFO:__main__:NLL: 0.3213, L2: 0.0014, Reg: 0.0568
INFO:__main__:Total loss 0.3795
INFO:__main__:Predicted mean: -0.3536
INFO:__main__:Predicted uncertainity 0.0705
INFO:__main__:Completed epoch 9 of 100

INFO:__main__:NLL: 0.3238, L2: 0.0018, Reg: 0.0454
INFO:__main__:Total loss 0.3709
INFO:__main__:Predicted mean: -0.3660
INFO:__main__:Predicted uncertainity 0.0735
INFO:__main__:Completed epoch 10 of 100

INFO:__main__:NLL: 0.3232, L2: 0.0018, Reg: 0.0346
INFO:__main__:Total loss 0.3597
INFO:__main__:Predicted mean: -0.3651
INFO:__main__:Predicted uncertainity 0.0665
INFO:__main__:Completed epoch 11 of 100

INFO:__main__:NLL: 0.3230, L2: 0.0018, Reg: 0.0438
INFO:__main__:Total loss 0.3686
INFO:__main__:Predicted mean: -0.3648
INFO:__main__:Predicted uncertainity 0.0736
INFO:__main__:Completed epoch 12 of 100

INFO:__main__:NLL: 0.3211, L2: 0.0014, Reg: 0.0434
INFO:__main__:Total loss 0.3659
INFO:__main__:Predicted mean: -0.3664
INFO:__main__:Predicted uncertainity 0.0612
INFO:__main__:Completed epoch 13 of 100

INFO:__main__:NLL: 0.3219, L2: 0.0017, Reg: 0.0414
INFO:__main__:Total loss 0.3650
INFO:__main__:Predicted mean: -0.3657
INFO:__main__:Predicted uncertainity 0.0633
INFO:__main__:Completed epoch 14 of 100

INFO:__main__:NLL: 0.3217, L2: 0.0014, Reg: 0.0417
INFO:__main__:Total loss 0.3649
INFO:__main__:Predicted mean: -0.3607
INFO:__main__:Predicted uncertainity 0.0673
INFO:__main__:Completed epoch 15 of 100

INFO:__main__:NLL: 0.3205, L2: 0.0014, Reg: 0.0594
INFO:__main__:Total loss 0.3813
INFO:__main__:Predicted mean: -0.3663
INFO:__main__:Predicted uncertainity 0.0570
INFO:__main__:Completed epoch 16 of 100

INFO:__main__:NLL: 0.3230, L2: 0.0017, Reg: 0.0265
INFO:__main__:Total loss 0.3511
INFO:__main__:Predicted mean: -0.3573
INFO:__main__:Predicted uncertainity 0.0728
INFO:__main__:Completed epoch 17 of 100

INFO:__main__:NLL: 0.3226, L2: 0.0016, Reg: 0.0269
INFO:__main__:Total loss 0.3511
INFO:__main__:Predicted mean: -0.3638
INFO:__main__:Predicted uncertainity 0.0696
INFO:__main__:Completed epoch 18 of 100

INFO:__main__:NLL: 0.3244, L2: 0.0014, Reg: 0.0451
INFO:__main__:Total loss 0.3709
INFO:__main__:Predicted mean: -0.3691
INFO:__main__:Predicted uncertainity 0.0729
INFO:__main__:Completed epoch 19 of 100

INFO:__main__:NLL: 0.3210, L2: 0.0015, Reg: 0.0396
INFO:__main__:Total loss 0.3621
INFO:__main__:Predicted mean: -0.3643
INFO:__main__:Predicted uncertainity 0.0608
INFO:__main__:Completed epoch 20 of 100

INFO:__main__:NLL: 0.3229, L2: 0.0018, Reg: 0.0407
INFO:__main__:Total loss 0.3654
INFO:__main__:Predicted mean: -0.3605
INFO:__main__:Predicted uncertainity 0.0730
INFO:__main__:Completed epoch 21 of 100

INFO:__main__:NLL: 0.3252, L2: 0.0018, Reg: 0.0388
INFO:__main__:Total loss 0.3658
INFO:__main__:Predicted mean: -0.3701
INFO:__main__:Predicted uncertainity 0.0754
INFO:__main__:Completed epoch 22 of 100

INFO:__main__:NLL: 0.3210, L2: 0.0017, Reg: 0.0554
INFO:__main__:Total loss 0.3782
INFO:__main__:Predicted mean: -0.3643
INFO:__main__:Predicted uncertainity 0.0638
INFO:__main__:Completed epoch 23 of 100

INFO:__main__:NLL: 0.3267, L2: 0.0017, Reg: 0.0342
INFO:__main__:Total loss 0.3626
INFO:__main__:Predicted mean: -0.3618
INFO:__main__:Predicted uncertainity 0.0861
INFO:__main__:Completed epoch 24 of 100

INFO:__main__:NLL: 0.3208, L2: 0.0015, Reg: 0.0359
INFO:__main__:Total loss 0.3582
INFO:__main__:Predicted mean: -0.3507
INFO:__main__:Predicted uncertainity 0.0693
INFO:__main__:Completed epoch 25 of 100

INFO:__main__:NLL: 0.3188, L2: 0.0015, Reg: 0.0469
INFO:__main__:Total loss 0.3672
INFO:__main__:Predicted mean: -0.3525
INFO:__main__:Predicted uncertainity 0.0611
INFO:__main__:Completed epoch 26 of 100

INFO:__main__:NLL: 0.3220, L2: 0.0016, Reg: 0.0314
INFO:__main__:Total loss 0.3550
INFO:__main__:Predicted mean: -0.3502
INFO:__main__:Predicted uncertainity 0.0764
INFO:__main__:Completed epoch 27 of 100

INFO:__main__:NLL: 0.3250, L2: 0.0017, Reg: 0.0361
INFO:__main__:Total loss 0.3628
INFO:__main__:Predicted mean: -0.3639
INFO:__main__:Predicted uncertainity 0.0760
INFO:__main__:Completed epoch 28 of 100

INFO:__main__:NLL: 0.3205, L2: 0.0014, Reg: 0.0443
INFO:__main__:Total loss 0.3662
INFO:__main__:Predicted mean: -0.3583
INFO:__main__:Predicted uncertainity 0.0631
INFO:__main__:Completed epoch 29 of 100

INFO:__main__:NLL: 0.3245, L2: 0.0018, Reg: 0.0358
INFO:__main__:Total loss 0.3620
INFO:__main__:Predicted mean: -0.3611
INFO:__main__:Predicted uncertainity 0.0777
INFO:__main__:Completed epoch 30 of 100

INFO:__main__:NLL: 0.3204, L2: 0.0015, Reg: 0.0427
INFO:__main__:Total loss 0.3646
INFO:__main__:Predicted mean: -0.3532
INFO:__main__:Predicted uncertainity 0.0658
INFO:__main__:Completed epoch 31 of 100

INFO:__main__:NLL: 0.3197, L2: 0.0015, Reg: 0.0437
INFO:__main__:Total loss 0.3649
INFO:__main__:Predicted mean: -0.3578
INFO:__main__:Predicted uncertainity 0.0565
INFO:__main__:Completed epoch 32 of 100

INFO:__main__:NLL: 0.3248, L2: 0.0017, Reg: 0.0396
INFO:__main__:Total loss 0.3661
INFO:__main__:Predicted mean: -0.3597
INFO:__main__:Predicted uncertainity 0.0837
INFO:__main__:Completed epoch 33 of 100

INFO:__main__:NLL: 0.3223, L2: 0.0016, Reg: 0.0465
INFO:__main__:Total loss 0.3704
INFO:__main__:Predicted mean: -0.3606
INFO:__main__:Predicted uncertainity 0.0667
INFO:__main__:Completed epoch 34 of 100

INFO:__main__:NLL: 0.3211, L2: 0.0017, Reg: 0.0409
INFO:__main__:Total loss 0.3637
INFO:__main__:Predicted mean: -0.3608
INFO:__main__:Predicted uncertainity 0.0647
INFO:__main__:Completed epoch 35 of 100

INFO:__main__:NLL: 0.3232, L2: 0.0015, Reg: 0.0414
INFO:__main__:Total loss 0.3661
INFO:__main__:Predicted mean: -0.3516
INFO:__main__:Predicted uncertainity 0.0822
INFO:__main__:Completed epoch 36 of 100

INFO:__main__:NLL: 0.3254, L2: 0.0018, Reg: 0.0296
INFO:__main__:Total loss 0.3567
INFO:__main__:Predicted mean: -0.3589
INFO:__main__:Predicted uncertainity 0.0879
INFO:__main__:Completed epoch 37 of 100

INFO:__main__:NLL: 0.3251, L2: 0.0017, Reg: 0.0314
INFO:__main__:Total loss 0.3582
INFO:__main__:Predicted mean: -0.3662
INFO:__main__:Predicted uncertainity 0.0776
INFO:__main__:Completed epoch 38 of 100

INFO:__main__:NLL: 0.3212, L2: 0.0018, Reg: 0.0350
INFO:__main__:Total loss 0.3580
INFO:__main__:Predicted mean: -0.3662
INFO:__main__:Predicted uncertainity 0.0643
INFO:__main__:Completed epoch 39 of 100

INFO:__main__:NLL: 0.3215, L2: 0.0014, Reg: 0.0388
INFO:__main__:Total loss 0.3617
INFO:__main__:Predicted mean: -0.3554
INFO:__main__:Predicted uncertainity 0.0691
INFO:__main__:Completed epoch 40 of 100

INFO:__main__:NLL: 0.3223, L2: 0.0015, Reg: 0.0409
INFO:__main__:Total loss 0.3647
INFO:__main__:Predicted mean: -0.3560
INFO:__main__:Predicted uncertainity 0.0722
INFO:__main__:Completed epoch 41 of 100

INFO:__main__:NLL: 0.3206, L2: 0.0016, Reg: 0.0439
INFO:__main__:Total loss 0.3661
INFO:__main__:Predicted mean: -0.3497
INFO:__main__:Predicted uncertainity 0.0699
INFO:__main__:Completed epoch 42 of 100

INFO:__main__:NLL: 0.3247, L2: 0.0015, Reg: 0.0331
INFO:__main__:Total loss 0.3593
INFO:__main__:Predicted mean: -0.3687
INFO:__main__:Predicted uncertainity 0.0746
INFO:__main__:Completed epoch 43 of 100

INFO:__main__:NLL: 0.3213, L2: 0.0015, Reg: 0.0476
INFO:__main__:Total loss 0.3704
INFO:__main__:Predicted mean: -0.3601
INFO:__main__:Predicted uncertainity 0.0669
INFO:__main__:Completed epoch 44 of 100

INFO:__main__:NLL: 0.3212, L2: 0.0017, Reg: 0.0474
INFO:__main__:Total loss 0.3704
INFO:__main__:Predicted mean: -0.3590
INFO:__main__:Predicted uncertainity 0.0733
INFO:__main__:Completed epoch 45 of 100

INFO:__main__:NLL: 0.3236, L2: 0.0017, Reg: 0.0330
INFO:__main__:Total loss 0.3583
INFO:__main__:Predicted mean: -0.3636
INFO:__main__:Predicted uncertainity 0.0705
INFO:__main__:Completed epoch 46 of 100

INFO:__main__:NLL: 0.3246, L2: 0.0016, Reg: 0.0370
INFO:__main__:Total loss 0.3631
INFO:__main__:Predicted mean: -0.3597
INFO:__main__:Predicted uncertainity 0.0804
INFO:__main__:Completed epoch 47 of 100

INFO:__main__:NLL: 0.3177, L2: 0.0015, Reg: 0.0444
INFO:__main__:Total loss 0.3636
INFO:__main__:Predicted mean: -0.3662
INFO:__main__:Predicted uncertainity 0.0463
INFO:__main__:Completed epoch 48 of 100

INFO:__main__:NLL: 0.3255, L2: 0.0015, Reg: 0.0399
INFO:__main__:Total loss 0.3669
INFO:__main__:Predicted mean: -0.3713
INFO:__main__:Predicted uncertainity 0.0795
INFO:__main__:Completed epoch 49 of 100

INFO:__main__:NLL: 0.3241, L2: 0.0016, Reg: 0.0376
INFO:__main__:Total loss 0.3633
INFO:__main__:Predicted mean: -0.3602
INFO:__main__:Predicted uncertainity 0.0755
INFO:__main__:Completed epoch 50 of 100

INFO:__main__:NLL: 0.3218, L2: 0.0015, Reg: 0.0478
INFO:__main__:Total loss 0.3710
INFO:__main__:Predicted mean: -0.3543
INFO:__main__:Predicted uncertainity 0.0714
INFO:__main__:Completed epoch 51 of 100

INFO:__main__:NLL: 0.3233, L2: 0.0017, Reg: 0.0351
INFO:__main__:Total loss 0.3601
INFO:__main__:Predicted mean: -0.3628
INFO:__main__:Predicted uncertainity 0.0689
INFO:__main__:Completed epoch 52 of 100

INFO:__main__:NLL: 0.3208, L2: 0.0014, Reg: 0.0317
INFO:__main__:Total loss 0.3539
INFO:__main__:Predicted mean: -0.3544
INFO:__main__:Predicted uncertainity 0.0680
INFO:__main__:Completed epoch 53 of 100

INFO:__main__:NLL: 0.3217, L2: 0.0019, Reg: 0.0410
INFO:__main__:Total loss 0.3646
INFO:__main__:Predicted mean: -0.3632
INFO:__main__:Predicted uncertainity 0.0718
INFO:__main__:Completed epoch 54 of 100

INFO:__main__:NLL: 0.3237, L2: 0.0015, Reg: 0.0393
INFO:__main__:Total loss 0.3645
INFO:__main__:Predicted mean: -0.3690
INFO:__main__:Predicted uncertainity 0.0697
INFO:__main__:Completed epoch 55 of 100

INFO:__main__:NLL: 0.3202, L2: 0.0015, Reg: 0.0432
INFO:__main__:Total loss 0.3650
INFO:__main__:Predicted mean: -0.3490
INFO:__main__:Predicted uncertainity 0.0701
INFO:__main__:Completed epoch 56 of 100

INFO:__main__:NLL: 0.3247, L2: 0.0018, Reg: 0.0408
INFO:__main__:Total loss 0.3673
INFO:__main__:Predicted mean: -0.3748
INFO:__main__:Predicted uncertainity 0.0701
INFO:__main__:Completed epoch 57 of 100

INFO:__main__:NLL: 0.3223, L2: 0.0017, Reg: 0.0411
INFO:__main__:Total loss 0.3651
INFO:__main__:Predicted mean: -0.3624
INFO:__main__:Predicted uncertainity 0.0698
INFO:__main__:Completed epoch 58 of 100

INFO:__main__:NLL: 0.3210, L2: 0.0016, Reg: 0.0546
INFO:__main__:Total loss 0.3772
INFO:__main__:Predicted mean: -0.3631
INFO:__main__:Predicted uncertainity 0.0617
INFO:__main__:Completed epoch 59 of 100

INFO:__main__:NLL: 0.3224, L2: 0.0016, Reg: 0.0348
INFO:__main__:Total loss 0.3588
INFO:__main__:Predicted mean: -0.3593
INFO:__main__:Predicted uncertainity 0.0720
INFO:__main__:Completed epoch 60 of 100

INFO:__main__:NLL: 0.3249, L2: 0.0016, Reg: 0.0390
INFO:__main__:Total loss 0.3655
INFO:__main__:Predicted mean: -0.3451
INFO:__main__:Predicted uncertainity 0.0946
INFO:__main__:Completed epoch 61 of 100

INFO:__main__:NLL: 0.3191, L2: 0.0014, Reg: 0.0492
INFO:__main__:Total loss 0.3697
INFO:__main__:Predicted mean: -0.3625
INFO:__main__:Predicted uncertainity 0.0531
INFO:__main__:Completed epoch 62 of 100

INFO:__main__:NLL: 0.3203, L2: 0.0014, Reg: 0.0360
INFO:__main__:Total loss 0.3577
INFO:__main__:Predicted mean: -0.3719
INFO:__main__:Predicted uncertainity 0.0514
INFO:__main__:Completed epoch 63 of 100

INFO:__main__:NLL: 0.3202, L2: 0.0020, Reg: 0.0403
INFO:__main__:Total loss 0.3625
INFO:__main__:Predicted mean: -0.3550
INFO:__main__:Predicted uncertainity 0.0659
INFO:__main__:Completed epoch 64 of 100

INFO:__main__:NLL: 0.3229, L2: 0.0017, Reg: 0.0373
INFO:__main__:Total loss 0.3618
INFO:__main__:Predicted mean: -0.3609
INFO:__main__:Predicted uncertainity 0.0691
INFO:__main__:Completed epoch 65 of 100

INFO:__main__:NLL: 0.3186, L2: 0.0015, Reg: 0.0510
INFO:__main__:Total loss 0.3710
INFO:__main__:Predicted mean: -0.3563
INFO:__main__:Predicted uncertainity 0.0552
INFO:__main__:Completed epoch 66 of 100

INFO:__main__:NLL: 0.3237, L2: 0.0014, Reg: 0.0374
INFO:__main__:Total loss 0.3626
INFO:__main__:Predicted mean: -0.3720
INFO:__main__:Predicted uncertainity 0.0677
INFO:__main__:Completed epoch 67 of 100

INFO:__main__:NLL: 0.3210, L2: 0.0017, Reg: 0.0382
INFO:__main__:Total loss 0.3608
INFO:__main__:Predicted mean: -0.3624
INFO:__main__:Predicted uncertainity 0.0598
INFO:__main__:Completed epoch 68 of 100

INFO:__main__:NLL: 0.3209, L2: 0.0015, Reg: 0.0549
INFO:__main__:Total loss 0.3773
INFO:__main__:Predicted mean: -0.3679
INFO:__main__:Predicted uncertainity 0.0564
INFO:__main__:Completed epoch 69 of 100

INFO:__main__:NLL: 0.3229, L2: 0.0016, Reg: 0.0428
INFO:__main__:Total loss 0.3673
INFO:__main__:Predicted mean: -0.3594
INFO:__main__:Predicted uncertainity 0.0767
INFO:__main__:Completed epoch 70 of 100

INFO:__main__:NLL: 0.3248, L2: 0.0016, Reg: 0.0324
INFO:__main__:Total loss 0.3588
INFO:__main__:Predicted mean: -0.3632
INFO:__main__:Predicted uncertainity 0.0802
INFO:__main__:Completed epoch 71 of 100

INFO:__main__:NLL: 0.3263, L2: 0.0021, Reg: 0.0464
INFO:__main__:Total loss 0.3749
INFO:__main__:Predicted mean: -0.3582
INFO:__main__:Predicted uncertainity 0.0899
INFO:__main__:Completed epoch 72 of 100

INFO:__main__:NLL: 0.3251, L2: 0.0016, Reg: 0.0400
INFO:__main__:Total loss 0.3667
INFO:__main__:Predicted mean: -0.3587
INFO:__main__:Predicted uncertainity 0.0804
INFO:__main__:Completed epoch 73 of 100

INFO:__main__:NLL: 0.3205, L2: 0.0019, Reg: 0.0434
INFO:__main__:Total loss 0.3658
INFO:__main__:Predicted mean: -0.3522
INFO:__main__:Predicted uncertainity 0.0666
INFO:__main__:Completed epoch 74 of 100

INFO:__main__:NLL: 0.3273, L2: 0.0018, Reg: 0.0408
INFO:__main__:Total loss 0.3699
INFO:__main__:Predicted mean: -0.3569
INFO:__main__:Predicted uncertainity 0.0928
INFO:__main__:Completed epoch 75 of 100

INFO:__main__:NLL: 0.3227, L2: 0.0015, Reg: 0.0422
INFO:__main__:Total loss 0.3663
INFO:__main__:Predicted mean: -0.3576
INFO:__main__:Predicted uncertainity 0.0731
INFO:__main__:Completed epoch 76 of 100

INFO:__main__:NLL: 0.3221, L2: 0.0015, Reg: 0.0530
INFO:__main__:Total loss 0.3766
INFO:__main__:Predicted mean: -0.3596
INFO:__main__:Predicted uncertainity 0.0697
INFO:__main__:Completed epoch 77 of 100

INFO:__main__:NLL: 0.3206, L2: 0.0018, Reg: 0.0443
INFO:__main__:Total loss 0.3666
INFO:__main__:Predicted mean: -0.3646
INFO:__main__:Predicted uncertainity 0.0652
INFO:__main__:Completed epoch 78 of 100

INFO:__main__:NLL: 0.3237, L2: 0.0016, Reg: 0.0288
INFO:__main__:Total loss 0.3541
INFO:__main__:Predicted mean: -0.3698
INFO:__main__:Predicted uncertainity 0.0701
INFO:__main__:Completed epoch 79 of 100

INFO:__main__:NLL: 0.3200, L2: 0.0015, Reg: 0.0509
INFO:__main__:Total loss 0.3724
INFO:__main__:Predicted mean: -0.3616
INFO:__main__:Predicted uncertainity 0.0607
INFO:__main__:Completed epoch 80 of 100

INFO:__main__:NLL: 0.3179, L2: 0.0015, Reg: 0.0430
INFO:__main__:Total loss 0.3624
INFO:__main__:Predicted mean: -0.3553
INFO:__main__:Predicted uncertainity 0.0540
INFO:__main__:Completed epoch 81 of 100

INFO:__main__:NLL: 0.3232, L2: 0.0016, Reg: 0.0393
INFO:__main__:Total loss 0.3641
INFO:__main__:Predicted mean: -0.3575
INFO:__main__:Predicted uncertainity 0.0755
INFO:__main__:Completed epoch 82 of 100

INFO:__main__:NLL: 0.3222, L2: 0.0017, Reg: 0.0368
INFO:__main__:Total loss 0.3607
INFO:__main__:Predicted mean: -0.3629
INFO:__main__:Predicted uncertainity 0.0737
INFO:__main__:Completed epoch 83 of 100

INFO:__main__:NLL: 0.3238, L2: 0.0017, Reg: 0.0518
INFO:__main__:Total loss 0.3772
INFO:__main__:Predicted mean: -0.3519
INFO:__main__:Predicted uncertainity 0.0833
INFO:__main__:Completed epoch 84 of 100

INFO:__main__:NLL: 0.3230, L2: 0.0015, Reg: 0.0453
INFO:__main__:Total loss 0.3698
INFO:__main__:Predicted mean: -0.3531
INFO:__main__:Predicted uncertainity 0.0775
INFO:__main__:Completed epoch 85 of 100

INFO:__main__:NLL: 0.3202, L2: 0.0015, Reg: 0.0491
INFO:__main__:Total loss 0.3708
INFO:__main__:Predicted mean: -0.3617
INFO:__main__:Predicted uncertainity 0.0592
INFO:__main__:Completed epoch 86 of 100

INFO:__main__:NLL: 0.3228, L2: 0.0018, Reg: 0.0355
INFO:__main__:Total loss 0.3601
INFO:__main__:Predicted mean: -0.3601
INFO:__main__:Predicted uncertainity 0.0693
INFO:__main__:Completed epoch 87 of 100

INFO:__main__:NLL: 0.3203, L2: 0.0018, Reg: 0.0375
INFO:__main__:Total loss 0.3596
INFO:__main__:Predicted mean: -0.3553
INFO:__main__:Predicted uncertainity 0.0616
INFO:__main__:Completed epoch 88 of 100

INFO:__main__:NLL: 0.3175, L2: 0.0015, Reg: 0.0554
INFO:__main__:Total loss 0.3743
INFO:__main__:Predicted mean: -0.3665
INFO:__main__:Predicted uncertainity 0.0406
INFO:__main__:Completed epoch 89 of 100

INFO:__main__:NLL: 0.3231, L2: 0.0015, Reg: 0.0389
INFO:__main__:Total loss 0.3636
INFO:__main__:Predicted mean: -0.3555
INFO:__main__:Predicted uncertainity 0.0785
INFO:__main__:Completed epoch 90 of 100

INFO:__main__:NLL: 0.3204, L2: 0.0019, Reg: 0.0477
INFO:__main__:Total loss 0.3700
INFO:__main__:Predicted mean: -0.3581
INFO:__main__:Predicted uncertainity 0.0626
INFO:__main__:Completed epoch 91 of 100

INFO:__main__:NLL: 0.3217, L2: 0.0016, Reg: 0.0436
INFO:__main__:Total loss 0.3669
INFO:__main__:Predicted mean: -0.3577
INFO:__main__:Predicted uncertainity 0.0691
INFO:__main__:Completed epoch 92 of 100

INFO:__main__:NLL: 0.3189, L2: 0.0015, Reg: 0.0401
INFO:__main__:Total loss 0.3605
INFO:__main__:Predicted mean: -0.3508
INFO:__main__:Predicted uncertainity 0.0651
INFO:__main__:Completed epoch 93 of 100

INFO:__main__:NLL: 0.3163, L2: 0.0013, Reg: 0.0423
INFO:__main__:Total loss 0.3600
INFO:__main__:Predicted mean: -0.3558
INFO:__main__:Predicted uncertainity 0.0448
INFO:__main__:Completed epoch 94 of 100

INFO:__main__:NLL: 0.3220, L2: 0.0016, Reg: 0.0385
INFO:__main__:Total loss 0.3621
INFO:__main__:Predicted mean: -0.3609
INFO:__main__:Predicted uncertainity 0.0685
INFO:__main__:Completed epoch 95 of 100

INFO:__main__:NLL: 0.3226, L2: 0.0016, Reg: 0.0397
INFO:__main__:Total loss 0.3638
INFO:__main__:Predicted mean: -0.3632
INFO:__main__:Predicted uncertainity 0.0696
INFO:__main__:Completed epoch 96 of 100

INFO:__main__:NLL: 0.3243, L2: 0.0016, Reg: 0.0336
INFO:__main__:Total loss 0.3596
INFO:__main__:Predicted mean: -0.3536
INFO:__main__:Predicted uncertainity 0.0864
INFO:__main__:Completed epoch 97 of 100

INFO:__main__:NLL: 0.3222, L2: 0.0018, Reg: 0.0295
INFO:__main__:Total loss 0.3536
INFO:__main__:Predicted mean: -0.3598
INFO:__main__:Predicted uncertainity 0.0687
INFO:__main__:Completed epoch 98 of 100

INFO:__main__:NLL: 0.3197, L2: 0.0015, Reg: 0.0507
INFO:__main__:Total loss 0.3719
INFO:__main__:Predicted mean: -0.3585
INFO:__main__:Predicted uncertainity 0.0554
INFO:__main__:Completed epoch 99 of 100

INFO:__main__:NLL: 0.3218, L2: 0.0016, Reg: 0.0428
INFO:__main__:Total loss 0.3662
INFO:__main__:Predicted mean: -0.3535
INFO:__main__:Predicted uncertainity 0.0712
INFO:__main__:Completed epoch 100 of 100

INFO:__main__:433.192139 s
