INFO:__main__:PROCESS RUNNING ON cpu
INFO:__main__:NLL: 0.1987, L2: 0.0269, Reg: 0.5671
INFO:__main__:Total loss 0.7927
INFO:__main__:Predicted mean: -0.3865
INFO:__main__:Predicted uncertainity -0.7386
INFO:__main__:Completed epoch 1 of 100

INFO:__main__:NLL: 0.0678, L2: 0.0281, Reg: 0.5671
INFO:__main__:Total loss 0.6630
INFO:__main__:Predicted mean: -0.3992
INFO:__main__:Predicted uncertainity -0.8276
INFO:__main__:Completed epoch 2 of 100

INFO:__main__:NLL: 0.0576, L2: 0.0275, Reg: 0.5671
INFO:__main__:Total loss 0.6521
INFO:__main__:Predicted mean: -0.4136
INFO:__main__:Predicted uncertainity -0.7746
INFO:__main__:Completed epoch 3 of 100

INFO:__main__:NLL: -0.0365, L2: 0.0291, Reg: 0.5671
INFO:__main__:Total loss 0.5597
INFO:__main__:Predicted mean: -0.3622
INFO:__main__:Predicted uncertainity -0.7608
INFO:__main__:Completed epoch 4 of 100

INFO:__main__:NLL: 0.1500, L2: 0.0288, Reg: 0.5671
INFO:__main__:Total loss 0.7459
INFO:__main__:Predicted mean: -0.4000
INFO:__main__:Predicted uncertainity -0.7566
INFO:__main__:Completed epoch 5 of 100

INFO:__main__:NLL: 0.2084, L2: 0.0278, Reg: 0.5671
INFO:__main__:Total loss 0.8033
INFO:__main__:Predicted mean: -0.3827
INFO:__main__:Predicted uncertainity -0.7793
INFO:__main__:Completed epoch 6 of 100

INFO:__main__:NLL: 0.1480, L2: 0.0307, Reg: 0.5671
INFO:__main__:Total loss 0.7457
INFO:__main__:Predicted mean: -0.3856
INFO:__main__:Predicted uncertainity -0.7384
INFO:__main__:Completed epoch 7 of 100

INFO:__main__:NLL: 0.2707, L2: 0.0277, Reg: 0.5671
INFO:__main__:Total loss 0.8655
INFO:__main__:Predicted mean: -0.3770
INFO:__main__:Predicted uncertainity -0.8215
INFO:__main__:Completed epoch 8 of 100

INFO:__main__:NLL: 0.0253, L2: 0.0279, Reg: 0.5671
INFO:__main__:Total loss 0.6202
INFO:__main__:Predicted mean: -0.3692
INFO:__main__:Predicted uncertainity -0.8499
INFO:__main__:Completed epoch 9 of 100

INFO:__main__:NLL: 0.2415, L2: 0.0280, Reg: 0.5671
INFO:__main__:Total loss 0.8366
INFO:__main__:Predicted mean: -0.3938
INFO:__main__:Predicted uncertainity -0.7781
INFO:__main__:Completed epoch 10 of 100

INFO:__main__:NLL: 0.0231, L2: 0.0276, Reg: 0.5671
INFO:__main__:Total loss 0.6177
INFO:__main__:Predicted mean: -0.3856
INFO:__main__:Predicted uncertainity -0.8381
INFO:__main__:Completed epoch 11 of 100

INFO:__main__:NLL: 0.1813, L2: 0.0248, Reg: 0.5671
INFO:__main__:Total loss 0.7731
INFO:__main__:Predicted mean: -0.3698
INFO:__main__:Predicted uncertainity -0.6995
INFO:__main__:Completed epoch 12 of 100

INFO:__main__:NLL: -0.0098, L2: 0.0297, Reg: 0.5671
INFO:__main__:Total loss 0.5870
INFO:__main__:Predicted mean: -0.3447
INFO:__main__:Predicted uncertainity -0.7378
INFO:__main__:Completed epoch 13 of 100

INFO:__main__:NLL: 0.2373, L2: 0.0295, Reg: 0.5671
INFO:__main__:Total loss 0.8338
INFO:__main__:Predicted mean: -0.3441
INFO:__main__:Predicted uncertainity -0.7990
INFO:__main__:Completed epoch 14 of 100

INFO:__main__:NLL: 0.1975, L2: 0.0291, Reg: 0.5671
INFO:__main__:Total loss 0.7937
INFO:__main__:Predicted mean: -0.3769
INFO:__main__:Predicted uncertainity -0.8528
INFO:__main__:Completed epoch 15 of 100

INFO:__main__:NLL: 0.2145, L2: 0.0291, Reg: 0.5671
INFO:__main__:Total loss 0.8107
INFO:__main__:Predicted mean: -0.3476
INFO:__main__:Predicted uncertainity -0.8559
INFO:__main__:Completed epoch 16 of 100

INFO:__main__:NLL: 0.0695, L2: 0.0264, Reg: 0.5671
INFO:__main__:Total loss 0.6629
INFO:__main__:Predicted mean: -0.3599
INFO:__main__:Predicted uncertainity -0.7395
INFO:__main__:Completed epoch 17 of 100

INFO:__main__:NLL: 0.2058, L2: 0.0267, Reg: 0.5670
INFO:__main__:Total loss 0.7995
INFO:__main__:Predicted mean: -0.4262
INFO:__main__:Predicted uncertainity -0.6787
INFO:__main__:Completed epoch 18 of 100

INFO:__main__:NLL: -0.0816, L2: 0.0284, Reg: 0.5671
INFO:__main__:Total loss 0.5138
INFO:__main__:Predicted mean: -0.4024
INFO:__main__:Predicted uncertainity -0.7561
INFO:__main__:Completed epoch 19 of 100

INFO:__main__:NLL: 0.0803, L2: 0.0267, Reg: 0.5671
INFO:__main__:Total loss 0.6741
INFO:__main__:Predicted mean: -0.3742
INFO:__main__:Predicted uncertainity -0.7308
INFO:__main__:Completed epoch 20 of 100

INFO:__main__:NLL: -0.0276, L2: 0.0284, Reg: 0.5671
INFO:__main__:Total loss 0.5678
INFO:__main__:Predicted mean: -0.3723
INFO:__main__:Predicted uncertainity -0.7036
INFO:__main__:Completed epoch 21 of 100

INFO:__main__:NLL: 0.0842, L2: 0.0287, Reg: 0.5671
INFO:__main__:Total loss 0.6800
INFO:__main__:Predicted mean: -0.3606
INFO:__main__:Predicted uncertainity -0.8011
INFO:__main__:Completed epoch 22 of 100

INFO:__main__:NLL: 0.1581, L2: 0.0270, Reg: 0.5671
INFO:__main__:Total loss 0.7522
INFO:__main__:Predicted mean: -0.3974
INFO:__main__:Predicted uncertainity -0.7607
INFO:__main__:Completed epoch 23 of 100

INFO:__main__:NLL: 0.1985, L2: 0.0280, Reg: 0.5671
INFO:__main__:Total loss 0.7936
INFO:__main__:Predicted mean: -0.3496
INFO:__main__:Predicted uncertainity -0.7151
INFO:__main__:Completed epoch 24 of 100

INFO:__main__:NLL: 0.1668, L2: 0.0291, Reg: 0.5671
INFO:__main__:Total loss 0.7630
INFO:__main__:Predicted mean: -0.3854
INFO:__main__:Predicted uncertainity -0.7663
INFO:__main__:Completed epoch 25 of 100

INFO:__main__:NLL: -0.0535, L2: 0.0288, Reg: 0.5671
INFO:__main__:Total loss 0.5424
INFO:__main__:Predicted mean: -0.3692
INFO:__main__:Predicted uncertainity -0.7115
INFO:__main__:Completed epoch 26 of 100

INFO:__main__:NLL: 0.2462, L2: 0.0294, Reg: 0.5671
INFO:__main__:Total loss 0.8426
INFO:__main__:Predicted mean: -0.3887
INFO:__main__:Predicted uncertainity -0.8078
INFO:__main__:Completed epoch 27 of 100

INFO:__main__:NLL: 0.1574, L2: 0.0269, Reg: 0.5671
INFO:__main__:Total loss 0.7513
INFO:__main__:Predicted mean: -0.3611
INFO:__main__:Predicted uncertainity -0.6985
INFO:__main__:Completed epoch 28 of 100

INFO:__main__:NLL: 0.1518, L2: 0.0289, Reg: 0.5671
INFO:__main__:Total loss 0.7477
INFO:__main__:Predicted mean: -0.3524
INFO:__main__:Predicted uncertainity -0.8372
INFO:__main__:Completed epoch 29 of 100

INFO:__main__:NLL: 0.1449, L2: 0.0293, Reg: 0.5671
INFO:__main__:Total loss 0.7412
INFO:__main__:Predicted mean: -0.3452
INFO:__main__:Predicted uncertainity -0.7071
INFO:__main__:Completed epoch 30 of 100

INFO:__main__:NLL: 0.1624, L2: 0.0272, Reg: 0.5671
INFO:__main__:Total loss 0.7567
INFO:__main__:Predicted mean: -0.4412
INFO:__main__:Predicted uncertainity -0.7405
INFO:__main__:Completed epoch 31 of 100

INFO:__main__:NLL: -0.0619, L2: 0.0289, Reg: 0.5671
INFO:__main__:Total loss 0.5341
INFO:__main__:Predicted mean: -0.3664
INFO:__main__:Predicted uncertainity -0.9221
INFO:__main__:Completed epoch 32 of 100

INFO:__main__:NLL: 0.0839, L2: 0.0296, Reg: 0.5671
INFO:__main__:Total loss 0.6806
INFO:__main__:Predicted mean: -0.4369
INFO:__main__:Predicted uncertainity -0.7400
INFO:__main__:Completed epoch 33 of 100

INFO:__main__:NLL: 0.0174, L2: 0.0296, Reg: 0.5671
INFO:__main__:Total loss 0.6141
INFO:__main__:Predicted mean: -0.3422
INFO:__main__:Predicted uncertainity -0.7465
INFO:__main__:Completed epoch 34 of 100

INFO:__main__:NLL: -0.0071, L2: 0.0284, Reg: 0.5671
INFO:__main__:Total loss 0.5883
INFO:__main__:Predicted mean: -0.3858
INFO:__main__:Predicted uncertainity -0.7682
INFO:__main__:Completed epoch 35 of 100

INFO:__main__:NLL: 0.1057, L2: 0.0274, Reg: 0.5671
INFO:__main__:Total loss 0.7001
INFO:__main__:Predicted mean: -0.3507
INFO:__main__:Predicted uncertainity -0.8139
INFO:__main__:Completed epoch 36 of 100

INFO:__main__:NLL: -0.0016, L2: 0.0286, Reg: 0.5671
INFO:__main__:Total loss 0.5941
INFO:__main__:Predicted mean: -0.3386
INFO:__main__:Predicted uncertainity -0.8064
INFO:__main__:Completed epoch 37 of 100

INFO:__main__:NLL: 0.3076, L2: 0.0303, Reg: 0.5671
INFO:__main__:Total loss 0.9049
INFO:__main__:Predicted mean: -0.3870
INFO:__main__:Predicted uncertainity -0.8075
INFO:__main__:Completed epoch 38 of 100

INFO:__main__:NLL: 0.2125, L2: 0.0295, Reg: 0.5671
INFO:__main__:Total loss 0.8091
INFO:__main__:Predicted mean: -0.4572
INFO:__main__:Predicted uncertainity -0.7028
INFO:__main__:Completed epoch 39 of 100

INFO:__main__:NLL: 0.1280, L2: 0.0298, Reg: 0.5671
INFO:__main__:Total loss 0.7249
INFO:__main__:Predicted mean: -0.4098
INFO:__main__:Predicted uncertainity -0.6853
INFO:__main__:Completed epoch 40 of 100

INFO:__main__:NLL: -0.0771, L2: 0.0281, Reg: 0.5671
INFO:__main__:Total loss 0.5181
INFO:__main__:Predicted mean: -0.3566
INFO:__main__:Predicted uncertainity -0.7889
INFO:__main__:Completed epoch 41 of 100

INFO:__main__:NLL: 0.1107, L2: 0.0284, Reg: 0.5670
INFO:__main__:Total loss 0.7061
INFO:__main__:Predicted mean: -0.4268
INFO:__main__:Predicted uncertainity -0.6144
INFO:__main__:Completed epoch 42 of 100

INFO:__main__:NLL: 0.1782, L2: 0.0287, Reg: 0.5671
INFO:__main__:Total loss 0.7739
INFO:__main__:Predicted mean: -0.3888
INFO:__main__:Predicted uncertainity -0.7208
INFO:__main__:Completed epoch 43 of 100

INFO:__main__:NLL: 0.3682, L2: 0.0277, Reg: 0.5671
INFO:__main__:Total loss 0.9630
INFO:__main__:Predicted mean: -0.4211
INFO:__main__:Predicted uncertainity -0.8184
INFO:__main__:Completed epoch 44 of 100

INFO:__main__:NLL: 0.0817, L2: 0.0240, Reg: 0.5671
INFO:__main__:Total loss 0.6727
INFO:__main__:Predicted mean: -0.4135
INFO:__main__:Predicted uncertainity -0.7931
INFO:__main__:Completed epoch 45 of 100

INFO:__main__:NLL: 0.1179, L2: 0.0280, Reg: 0.5671
INFO:__main__:Total loss 0.7129
INFO:__main__:Predicted mean: -0.3368
INFO:__main__:Predicted uncertainity -0.7862
INFO:__main__:Completed epoch 46 of 100

INFO:__main__:NLL: 0.0562, L2: 0.0279, Reg: 0.5671
INFO:__main__:Total loss 0.6512
INFO:__main__:Predicted mean: -0.3937
INFO:__main__:Predicted uncertainity -0.8017
INFO:__main__:Completed epoch 47 of 100

INFO:__main__:NLL: 0.0514, L2: 0.0301, Reg: 0.5671
INFO:__main__:Total loss 0.6486
INFO:__main__:Predicted mean: -0.3880
INFO:__main__:Predicted uncertainity -0.7714
INFO:__main__:Completed epoch 48 of 100

INFO:__main__:NLL: 0.0106, L2: 0.0286, Reg: 0.5671
INFO:__main__:Total loss 0.6063
INFO:__main__:Predicted mean: -0.3672
INFO:__main__:Predicted uncertainity -0.7227
INFO:__main__:Completed epoch 49 of 100

INFO:__main__:NLL: 0.0706, L2: 0.0278, Reg: 0.5671
INFO:__main__:Total loss 0.6655
INFO:__main__:Predicted mean: -0.3619
INFO:__main__:Predicted uncertainity -0.7586
INFO:__main__:Completed epoch 50 of 100

INFO:__main__:NLL: 0.5399, L2: 0.0267, Reg: 0.5671
INFO:__main__:Total loss 1.1337
INFO:__main__:Predicted mean: -0.4113
INFO:__main__:Predicted uncertainity -0.8085
INFO:__main__:Completed epoch 51 of 100

INFO:__main__:NLL: -0.0501, L2: 0.0269, Reg: 0.5671
INFO:__main__:Total loss 0.5439
INFO:__main__:Predicted mean: -0.3743
INFO:__main__:Predicted uncertainity -0.8026
INFO:__main__:Completed epoch 52 of 100

INFO:__main__:NLL: 0.0476, L2: 0.0267, Reg: 0.5671
INFO:__main__:Total loss 0.6413
INFO:__main__:Predicted mean: -0.3978
INFO:__main__:Predicted uncertainity -0.6682
INFO:__main__:Completed epoch 53 of 100

INFO:__main__:NLL: 0.2152, L2: 0.0280, Reg: 0.5671
INFO:__main__:Total loss 0.8103
INFO:__main__:Predicted mean: -0.4026
INFO:__main__:Predicted uncertainity -0.7667
INFO:__main__:Completed epoch 54 of 100

INFO:__main__:NLL: 0.2663, L2: 0.0277, Reg: 0.5671
INFO:__main__:Total loss 0.8610
INFO:__main__:Predicted mean: -0.3199
INFO:__main__:Predicted uncertainity -0.7560
INFO:__main__:Completed epoch 55 of 100

INFO:__main__:NLL: 0.3116, L2: 0.0271, Reg: 0.5671
INFO:__main__:Total loss 0.9057
INFO:__main__:Predicted mean: -0.3954
INFO:__main__:Predicted uncertainity -0.7296
INFO:__main__:Completed epoch 56 of 100

INFO:__main__:NLL: 0.0644, L2: 0.0273, Reg: 0.5670
INFO:__main__:Total loss 0.6588
INFO:__main__:Predicted mean: -0.3586
INFO:__main__:Predicted uncertainity -0.6827
INFO:__main__:Completed epoch 57 of 100

INFO:__main__:NLL: 0.0427, L2: 0.0284, Reg: 0.5671
INFO:__main__:Total loss 0.6381
INFO:__main__:Predicted mean: -0.4588
INFO:__main__:Predicted uncertainity -0.6887
INFO:__main__:Completed epoch 58 of 100

INFO:__main__:NLL: 0.0104, L2: 0.0290, Reg: 0.5670
INFO:__main__:Total loss 0.6065
INFO:__main__:Predicted mean: -0.3479
INFO:__main__:Predicted uncertainity -0.7061
INFO:__main__:Completed epoch 59 of 100

INFO:__main__:NLL: 0.1673, L2: 0.0301, Reg: 0.5671
INFO:__main__:Total loss 0.7645
INFO:__main__:Predicted mean: -0.3891
INFO:__main__:Predicted uncertainity -0.7517
INFO:__main__:Completed epoch 60 of 100

INFO:__main__:NLL: 0.1484, L2: 0.0300, Reg: 0.5671
INFO:__main__:Total loss 0.7454
INFO:__main__:Predicted mean: -0.3312
INFO:__main__:Predicted uncertainity -0.7879
INFO:__main__:Completed epoch 61 of 100

INFO:__main__:NLL: 0.1602, L2: 0.0288, Reg: 0.5671
INFO:__main__:Total loss 0.7561
INFO:__main__:Predicted mean: -0.3777
INFO:__main__:Predicted uncertainity -0.7533
INFO:__main__:Completed epoch 62 of 100

INFO:__main__:NLL: 0.1045, L2: 0.0291, Reg: 0.5671
INFO:__main__:Total loss 0.7007
INFO:__main__:Predicted mean: -0.4740
INFO:__main__:Predicted uncertainity -0.7640
INFO:__main__:Completed epoch 63 of 100

INFO:__main__:NLL: 0.0632, L2: 0.0286, Reg: 0.5671
INFO:__main__:Total loss 0.6589
INFO:__main__:Predicted mean: -0.3652
INFO:__main__:Predicted uncertainity -0.7180
INFO:__main__:Completed epoch 64 of 100

INFO:__main__:NLL: 0.0354, L2: 0.0283, Reg: 0.5671
INFO:__main__:Total loss 0.6307
INFO:__main__:Predicted mean: -0.3259
INFO:__main__:Predicted uncertainity -0.7309
INFO:__main__:Completed epoch 65 of 100

INFO:__main__:NLL: 0.1564, L2: 0.0276, Reg: 0.5671
INFO:__main__:Total loss 0.7511
INFO:__main__:Predicted mean: -0.4057
INFO:__main__:Predicted uncertainity -0.8541
INFO:__main__:Completed epoch 66 of 100

INFO:__main__:NLL: 0.0290, L2: 0.0278, Reg: 0.5671
INFO:__main__:Total loss 0.6238
INFO:__main__:Predicted mean: -0.3764
INFO:__main__:Predicted uncertainity -0.7487
INFO:__main__:Completed epoch 67 of 100

INFO:__main__:NLL: -0.0031, L2: 0.0282, Reg: 0.5671
INFO:__main__:Total loss 0.5921
INFO:__main__:Predicted mean: -0.3798
INFO:__main__:Predicted uncertainity -0.8334
INFO:__main__:Completed epoch 68 of 100

INFO:__main__:NLL: 0.0472, L2: 0.0309, Reg: 0.5671
INFO:__main__:Total loss 0.6451
INFO:__main__:Predicted mean: -0.3869
INFO:__main__:Predicted uncertainity -0.7920
INFO:__main__:Completed epoch 69 of 100

INFO:__main__:NLL: 0.4119, L2: 0.0288, Reg: 0.5671
INFO:__main__:Total loss 1.0077
INFO:__main__:Predicted mean: -0.4436
INFO:__main__:Predicted uncertainity -0.7026
INFO:__main__:Completed epoch 70 of 100

INFO:__main__:NLL: -0.0032, L2: 0.0273, Reg: 0.5671
INFO:__main__:Total loss 0.5911
INFO:__main__:Predicted mean: -0.4063
INFO:__main__:Predicted uncertainity -0.7801
INFO:__main__:Completed epoch 71 of 100

INFO:__main__:NLL: 0.2737, L2: 0.0304, Reg: 0.5671
INFO:__main__:Total loss 0.8712
INFO:__main__:Predicted mean: -0.3828
INFO:__main__:Predicted uncertainity -0.8278
INFO:__main__:Completed epoch 72 of 100

INFO:__main__:NLL: 0.3491, L2: 0.0293, Reg: 0.5671
INFO:__main__:Total loss 0.9455
INFO:__main__:Predicted mean: -0.3626
INFO:__main__:Predicted uncertainity -0.8209
INFO:__main__:Completed epoch 73 of 100

INFO:__main__:NLL: 0.1081, L2: 0.0298, Reg: 0.5671
INFO:__main__:Total loss 0.7050
INFO:__main__:Predicted mean: -0.3775
INFO:__main__:Predicted uncertainity -0.8069
INFO:__main__:Completed epoch 74 of 100

INFO:__main__:NLL: 0.0422, L2: 0.0284, Reg: 0.5671
INFO:__main__:Total loss 0.6376
INFO:__main__:Predicted mean: -0.3785
INFO:__main__:Predicted uncertainity -0.7790
INFO:__main__:Completed epoch 75 of 100

INFO:__main__:NLL: 0.1276, L2: 0.0288, Reg: 0.5671
INFO:__main__:Total loss 0.7235
INFO:__main__:Predicted mean: -0.4150
INFO:__main__:Predicted uncertainity -0.7733
INFO:__main__:Completed epoch 76 of 100

INFO:__main__:NLL: 0.2042, L2: 0.0280, Reg: 0.5671
INFO:__main__:Total loss 0.7993
INFO:__main__:Predicted mean: -0.4115
INFO:__main__:Predicted uncertainity -0.7766
INFO:__main__:Completed epoch 77 of 100

INFO:__main__:NLL: 0.1987, L2: 0.0280, Reg: 0.5671
INFO:__main__:Total loss 0.7938
INFO:__main__:Predicted mean: -0.4012
INFO:__main__:Predicted uncertainity -0.7804
INFO:__main__:Completed epoch 78 of 100

INFO:__main__:NLL: 0.3126, L2: 0.0262, Reg: 0.5670
INFO:__main__:Total loss 0.9058
INFO:__main__:Predicted mean: -0.3859
INFO:__main__:Predicted uncertainity -0.6989
INFO:__main__:Completed epoch 79 of 100

INFO:__main__:NLL: 0.0813, L2: 0.0301, Reg: 0.5671
INFO:__main__:Total loss 0.6784
INFO:__main__:Predicted mean: -0.3932
INFO:__main__:Predicted uncertainity -0.7163
INFO:__main__:Completed epoch 80 of 100

INFO:__main__:NLL: 0.0848, L2: 0.0300, Reg: 0.5671
INFO:__main__:Total loss 0.6819
INFO:__main__:Predicted mean: -0.4139
INFO:__main__:Predicted uncertainity -0.6672
INFO:__main__:Completed epoch 81 of 100

INFO:__main__:NLL: 0.1036, L2: 0.0280, Reg: 0.5671
INFO:__main__:Total loss 0.6987
INFO:__main__:Predicted mean: -0.3796
INFO:__main__:Predicted uncertainity -0.7268
INFO:__main__:Completed epoch 82 of 100

INFO:__main__:NLL: 0.0210, L2: 0.0268, Reg: 0.5671
INFO:__main__:Total loss 0.6149
INFO:__main__:Predicted mean: -0.3889
INFO:__main__:Predicted uncertainity -0.8848
INFO:__main__:Completed epoch 83 of 100

INFO:__main__:NLL: 0.3973, L2: 0.0276, Reg: 0.5671
INFO:__main__:Total loss 0.9920
INFO:__main__:Predicted mean: -0.3765
INFO:__main__:Predicted uncertainity -0.7086
INFO:__main__:Completed epoch 84 of 100

INFO:__main__:NLL: 0.0663, L2: 0.0280, Reg: 0.5671
INFO:__main__:Total loss 0.6614
INFO:__main__:Predicted mean: -0.4210
INFO:__main__:Predicted uncertainity -0.7233
INFO:__main__:Completed epoch 85 of 100

INFO:__main__:NLL: -0.0019, L2: 0.0284, Reg: 0.5671
INFO:__main__:Total loss 0.5936
INFO:__main__:Predicted mean: -0.4095
INFO:__main__:Predicted uncertainity -0.8320
INFO:__main__:Completed epoch 86 of 100

INFO:__main__:NLL: 0.1185, L2: 0.0274, Reg: 0.5670
INFO:__main__:Total loss 0.7130
INFO:__main__:Predicted mean: -0.4582
INFO:__main__:Predicted uncertainity -0.6344
INFO:__main__:Completed epoch 87 of 100

INFO:__main__:NLL: 0.0741, L2: 0.0293, Reg: 0.5670
INFO:__main__:Total loss 0.6704
INFO:__main__:Predicted mean: -0.3730
INFO:__main__:Predicted uncertainity -0.6277
INFO:__main__:Completed epoch 88 of 100

INFO:__main__:NLL: 0.0826, L2: 0.0275, Reg: 0.5671
INFO:__main__:Total loss 0.6772
INFO:__main__:Predicted mean: -0.3569
INFO:__main__:Predicted uncertainity -0.8205
INFO:__main__:Completed epoch 89 of 100

INFO:__main__:NLL: 0.2169, L2: 0.0278, Reg: 0.5671
INFO:__main__:Total loss 0.8118
INFO:__main__:Predicted mean: -0.4111
INFO:__main__:Predicted uncertainity -0.7554
INFO:__main__:Completed epoch 90 of 100

INFO:__main__:NLL: 0.1459, L2: 0.0275, Reg: 0.5671
INFO:__main__:Total loss 0.7405
INFO:__main__:Predicted mean: -0.4169
INFO:__main__:Predicted uncertainity -0.7535
INFO:__main__:Completed epoch 91 of 100

INFO:__main__:NLL: 0.1255, L2: 0.0280, Reg: 0.5671
INFO:__main__:Total loss 0.7205
INFO:__main__:Predicted mean: -0.3811
INFO:__main__:Predicted uncertainity -0.9161
INFO:__main__:Completed epoch 92 of 100

INFO:__main__:NLL: 0.0658, L2: 0.0280, Reg: 0.5671
INFO:__main__:Total loss 0.6609
INFO:__main__:Predicted mean: -0.3795
INFO:__main__:Predicted uncertainity -0.7255
INFO:__main__:Completed epoch 93 of 100

INFO:__main__:NLL: 0.1068, L2: 0.0300, Reg: 0.5671
INFO:__main__:Total loss 0.7039
INFO:__main__:Predicted mean: -0.3764
INFO:__main__:Predicted uncertainity -0.8127
INFO:__main__:Completed epoch 94 of 100

INFO:__main__:NLL: 0.1614, L2: 0.0266, Reg: 0.5670
INFO:__main__:Total loss 0.7550
INFO:__main__:Predicted mean: -0.3871
INFO:__main__:Predicted uncertainity -0.6753
INFO:__main__:Completed epoch 95 of 100

INFO:__main__:NLL: 0.2617, L2: 0.0280, Reg: 0.5671
INFO:__main__:Total loss 0.8568
INFO:__main__:Predicted mean: -0.4357
INFO:__main__:Predicted uncertainity -0.8395
INFO:__main__:Completed epoch 96 of 100

INFO:__main__:NLL: 0.0105, L2: 0.0265, Reg: 0.5671
INFO:__main__:Total loss 0.6040
INFO:__main__:Predicted mean: -0.3689
INFO:__main__:Predicted uncertainity -0.7314
INFO:__main__:Completed epoch 97 of 100

INFO:__main__:NLL: 0.1410, L2: 0.0278, Reg: 0.5671
INFO:__main__:Total loss 0.7358
INFO:__main__:Predicted mean: -0.3806
INFO:__main__:Predicted uncertainity -0.7306
INFO:__main__:Completed epoch 98 of 100

INFO:__main__:NLL: 0.2379, L2: 0.0291, Reg: 0.5671
INFO:__main__:Total loss 0.8341
INFO:__main__:Predicted mean: -0.4311
INFO:__main__:Predicted uncertainity -0.8145
INFO:__main__:Completed epoch 99 of 100

INFO:__main__:NLL: 0.2133, L2: 0.0275, Reg: 0.5671
INFO:__main__:Total loss 0.8079
INFO:__main__:Predicted mean: -0.3969
INFO:__main__:Predicted uncertainity -0.8485
INFO:__main__:Completed epoch 100 of 100

INFO:__main__:382.484912 s
