INFO:__main__:PROCESS RUNNING ON cpu
INFO:__main__:NLL: 0.2171, L2: 0.0068, Reg: 0.0098
INFO:__main__:Total loss 0.2337
INFO:__main__:Predicted mean: -0.3971
INFO:__main__:Predicted uncertainity -0.6697
INFO:__main__:Completed epoch 1 of 100

INFO:__main__:NLL: 0.0394, L2: 0.0072, Reg: 0.0083
INFO:__main__:Total loss 0.0548
INFO:__main__:Predicted mean: -0.4053
INFO:__main__:Predicted uncertainity -0.7287
INFO:__main__:Completed epoch 2 of 100

INFO:__main__:NLL: 0.0451, L2: 0.0074, Reg: 0.0085
INFO:__main__:Total loss 0.0610
INFO:__main__:Predicted mean: -0.4404
INFO:__main__:Predicted uncertainity -0.6753
INFO:__main__:Completed epoch 3 of 100

INFO:__main__:NLL: -0.0118, L2: 0.0077, Reg: 0.0074
INFO:__main__:Total loss 0.0033
INFO:__main__:Predicted mean: -0.3340
INFO:__main__:Predicted uncertainity -0.7755
INFO:__main__:Completed epoch 4 of 100

INFO:__main__:NLL: 0.0307, L2: 0.0075, Reg: 0.0090
INFO:__main__:Total loss 0.0472
INFO:__main__:Predicted mean: -0.3413
INFO:__main__:Predicted uncertainity -0.7870
INFO:__main__:Completed epoch 5 of 100

INFO:__main__:NLL: 0.1729, L2: 0.0077, Reg: 0.0083
INFO:__main__:Total loss 0.1889
INFO:__main__:Predicted mean: -0.4113
INFO:__main__:Predicted uncertainity -0.6305
INFO:__main__:Completed epoch 6 of 100

INFO:__main__:NLL: 0.0671, L2: 0.0077, Reg: 0.0101
INFO:__main__:Total loss 0.0850
INFO:__main__:Predicted mean: -0.3692
INFO:__main__:Predicted uncertainity -0.7111
INFO:__main__:Completed epoch 7 of 100

INFO:__main__:NLL: 0.1936, L2: 0.0079, Reg: 0.0077
INFO:__main__:Total loss 0.2092
INFO:__main__:Predicted mean: -0.3538
INFO:__main__:Predicted uncertainity -0.7473
INFO:__main__:Completed epoch 8 of 100

INFO:__main__:NLL: 0.0308, L2: 0.0081, Reg: 0.0102
INFO:__main__:Total loss 0.0491
INFO:__main__:Predicted mean: -0.3627
INFO:__main__:Predicted uncertainity -0.8306
INFO:__main__:Completed epoch 9 of 100

INFO:__main__:NLL: 0.2906, L2: 0.0088, Reg: 0.0099
INFO:__main__:Total loss 0.3094
INFO:__main__:Predicted mean: -0.3964
INFO:__main__:Predicted uncertainity -0.7972
INFO:__main__:Completed epoch 10 of 100

INFO:__main__:NLL: 0.1564, L2: 0.0087, Reg: 0.0074
INFO:__main__:Total loss 0.1724
INFO:__main__:Predicted mean: -0.4233
INFO:__main__:Predicted uncertainity -0.8042
INFO:__main__:Completed epoch 11 of 100

INFO:__main__:NLL: 0.1548, L2: 0.0082, Reg: 0.0096
INFO:__main__:Total loss 0.1725
INFO:__main__:Predicted mean: -0.3610
INFO:__main__:Predicted uncertainity -0.6411
INFO:__main__:Completed epoch 12 of 100

INFO:__main__:NLL: 0.0263, L2: 0.0085, Reg: 0.0087
INFO:__main__:Total loss 0.0434
INFO:__main__:Predicted mean: -0.3454
INFO:__main__:Predicted uncertainity -0.8040
INFO:__main__:Completed epoch 13 of 100

INFO:__main__:NLL: 0.3804, L2: 0.0082, Reg: 0.0086
INFO:__main__:Total loss 0.3972
INFO:__main__:Predicted mean: -0.4096
INFO:__main__:Predicted uncertainity -0.7114
INFO:__main__:Completed epoch 14 of 100

INFO:__main__:NLL: 0.2029, L2: 0.0086, Reg: 0.0087
INFO:__main__:Total loss 0.2202
INFO:__main__:Predicted mean: -0.3694
INFO:__main__:Predicted uncertainity -0.7481
INFO:__main__:Completed epoch 15 of 100

INFO:__main__:NLL: 0.2146, L2: 0.0090, Reg: 0.0088
INFO:__main__:Total loss 0.2324
INFO:__main__:Predicted mean: -0.3464
INFO:__main__:Predicted uncertainity -0.8145
INFO:__main__:Completed epoch 16 of 100

INFO:__main__:NLL: -0.0352, L2: 0.0084, Reg: 0.0065
INFO:__main__:Total loss -0.0203
INFO:__main__:Predicted mean: -0.3615
INFO:__main__:Predicted uncertainity -0.7292
INFO:__main__:Completed epoch 17 of 100

INFO:__main__:NLL: 0.1323, L2: 0.0084, Reg: 0.0089
INFO:__main__:Total loss 0.1496
INFO:__main__:Predicted mean: -0.4166
INFO:__main__:Predicted uncertainity -0.7464
INFO:__main__:Completed epoch 18 of 100

INFO:__main__:NLL: -0.0589, L2: 0.0086, Reg: 0.0076
INFO:__main__:Total loss -0.0427
INFO:__main__:Predicted mean: -0.3782
INFO:__main__:Predicted uncertainity -0.6489
INFO:__main__:Completed epoch 19 of 100

INFO:__main__:NLL: 0.1022, L2: 0.0084, Reg: 0.0069
INFO:__main__:Total loss 0.1175
INFO:__main__:Predicted mean: -0.3897
INFO:__main__:Predicted uncertainity -0.6514
INFO:__main__:Completed epoch 20 of 100

INFO:__main__:NLL: 0.0217, L2: 0.0087, Reg: 0.0071
INFO:__main__:Total loss 0.0374
INFO:__main__:Predicted mean: -0.3812
INFO:__main__:Predicted uncertainity -0.6183
INFO:__main__:Completed epoch 21 of 100

INFO:__main__:NLL: -0.0401, L2: 0.0084, Reg: 0.0076
INFO:__main__:Total loss -0.0241
INFO:__main__:Predicted mean: -0.3548
INFO:__main__:Predicted uncertainity -0.8186
INFO:__main__:Completed epoch 22 of 100

INFO:__main__:NLL: 0.0130, L2: 0.0082, Reg: 0.0099
INFO:__main__:Total loss 0.0312
INFO:__main__:Predicted mean: -0.3665
INFO:__main__:Predicted uncertainity -0.7503
INFO:__main__:Completed epoch 23 of 100

INFO:__main__:NLL: 0.3115, L2: 0.0087, Reg: 0.0074
INFO:__main__:Total loss 0.3276
INFO:__main__:Predicted mean: -0.3827
INFO:__main__:Predicted uncertainity -0.6866
INFO:__main__:Completed epoch 24 of 100

INFO:__main__:NLL: 0.1371, L2: 0.0087, Reg: 0.0086
INFO:__main__:Total loss 0.1543
INFO:__main__:Predicted mean: -0.3848
INFO:__main__:Predicted uncertainity -0.7382
INFO:__main__:Completed epoch 25 of 100

INFO:__main__:NLL: -0.0884, L2: 0.0086, Reg: 0.0078
INFO:__main__:Total loss -0.0720
INFO:__main__:Predicted mean: -0.3870
INFO:__main__:Predicted uncertainity -0.6087
INFO:__main__:Completed epoch 26 of 100

INFO:__main__:NLL: 0.1355, L2: 0.0088, Reg: 0.0081
INFO:__main__:Total loss 0.1524
INFO:__main__:Predicted mean: -0.3281
INFO:__main__:Predicted uncertainity -0.7438
INFO:__main__:Completed epoch 27 of 100

INFO:__main__:NLL: 0.1337, L2: 0.0086, Reg: 0.0072
INFO:__main__:Total loss 0.1496
INFO:__main__:Predicted mean: -0.3874
INFO:__main__:Predicted uncertainity -0.6661
INFO:__main__:Completed epoch 28 of 100

INFO:__main__:NLL: 0.1453, L2: 0.0088, Reg: 0.0090
INFO:__main__:Total loss 0.1631
INFO:__main__:Predicted mean: -0.3543
INFO:__main__:Predicted uncertainity -0.7574
INFO:__main__:Completed epoch 29 of 100

INFO:__main__:NLL: 0.2147, L2: 0.0089, Reg: 0.0070
INFO:__main__:Total loss 0.2306
INFO:__main__:Predicted mean: -0.2986
INFO:__main__:Predicted uncertainity -0.6765
INFO:__main__:Completed epoch 30 of 100

INFO:__main__:NLL: 0.1183, L2: 0.0089, Reg: 0.0075
INFO:__main__:Total loss 0.1347
INFO:__main__:Predicted mean: -0.4001
INFO:__main__:Predicted uncertainity -0.7328
INFO:__main__:Completed epoch 31 of 100

INFO:__main__:NLL: -0.0408, L2: 0.0089, Reg: 0.0098
INFO:__main__:Total loss -0.0222
INFO:__main__:Predicted mean: -0.3908
INFO:__main__:Predicted uncertainity -0.7697
INFO:__main__:Completed epoch 32 of 100

INFO:__main__:NLL: 0.1509, L2: 0.0083, Reg: 0.0077
INFO:__main__:Total loss 0.1669
INFO:__main__:Predicted mean: -0.4073
INFO:__main__:Predicted uncertainity -0.7170
INFO:__main__:Completed epoch 33 of 100

INFO:__main__:NLL: 0.0561, L2: 0.0082, Reg: 0.0084
INFO:__main__:Total loss 0.0727
INFO:__main__:Predicted mean: -0.3391
INFO:__main__:Predicted uncertainity -0.8161
INFO:__main__:Completed epoch 34 of 100

INFO:__main__:NLL: -0.0852, L2: 0.0080, Reg: 0.0076
INFO:__main__:Total loss -0.0696
INFO:__main__:Predicted mean: -0.4216
INFO:__main__:Predicted uncertainity -0.7475
INFO:__main__:Completed epoch 35 of 100

INFO:__main__:NLL: 0.0806, L2: 0.0079, Reg: 0.0083
INFO:__main__:Total loss 0.0968
INFO:__main__:Predicted mean: -0.3037
INFO:__main__:Predicted uncertainity -0.7866
INFO:__main__:Completed epoch 36 of 100

INFO:__main__:NLL: -0.0418, L2: 0.0082, Reg: 0.0079
INFO:__main__:Total loss -0.0256
INFO:__main__:Predicted mean: -0.3561
INFO:__main__:Predicted uncertainity -0.8596
INFO:__main__:Completed epoch 37 of 100

INFO:__main__:NLL: 0.3010, L2: 0.0083, Reg: 0.0066
INFO:__main__:Total loss 0.3159
INFO:__main__:Predicted mean: -0.3708
INFO:__main__:Predicted uncertainity -0.7814
INFO:__main__:Completed epoch 38 of 100

INFO:__main__:NLL: 0.0863, L2: 0.0090, Reg: 0.0092
INFO:__main__:Total loss 0.1046
INFO:__main__:Predicted mean: -0.4141
INFO:__main__:Predicted uncertainity -0.6416
INFO:__main__:Completed epoch 39 of 100

INFO:__main__:NLL: 0.0805, L2: 0.0089, Reg: 0.0088
INFO:__main__:Total loss 0.0982
INFO:__main__:Predicted mean: -0.3934
INFO:__main__:Predicted uncertainity -0.6933
INFO:__main__:Completed epoch 40 of 100

INFO:__main__:NLL: -0.0440, L2: 0.0087, Reg: 0.0075
INFO:__main__:Total loss -0.0278
INFO:__main__:Predicted mean: -0.3750
INFO:__main__:Predicted uncertainity -0.7161
INFO:__main__:Completed epoch 41 of 100

INFO:__main__:NLL: 0.0965, L2: 0.0083, Reg: 0.0091
INFO:__main__:Total loss 0.1139
INFO:__main__:Predicted mean: -0.4127
INFO:__main__:Predicted uncertainity -0.6928
INFO:__main__:Completed epoch 42 of 100

INFO:__main__:NLL: 0.2676, L2: 0.0083, Reg: 0.0088
INFO:__main__:Total loss 0.2847
INFO:__main__:Predicted mean: -0.4263
INFO:__main__:Predicted uncertainity -0.7006
INFO:__main__:Completed epoch 43 of 100

INFO:__main__:NLL: 0.2663, L2: 0.0085, Reg: 0.0100
INFO:__main__:Total loss 0.2849
INFO:__main__:Predicted mean: -0.4370
INFO:__main__:Predicted uncertainity -0.7468
INFO:__main__:Completed epoch 44 of 100

INFO:__main__:NLL: 0.0940, L2: 0.0083, Reg: 0.0077
INFO:__main__:Total loss 0.1099
INFO:__main__:Predicted mean: -0.4019
INFO:__main__:Predicted uncertainity -0.7458
INFO:__main__:Completed epoch 45 of 100

INFO:__main__:NLL: 0.1115, L2: 0.0081, Reg: 0.0068
INFO:__main__:Total loss 0.1263
INFO:__main__:Predicted mean: -0.3588
INFO:__main__:Predicted uncertainity -0.7380
INFO:__main__:Completed epoch 46 of 100

INFO:__main__:NLL: -0.0348, L2: 0.0086, Reg: 0.0084
INFO:__main__:Total loss -0.0178
INFO:__main__:Predicted mean: -0.3915
INFO:__main__:Predicted uncertainity -0.7388
INFO:__main__:Completed epoch 47 of 100

INFO:__main__:NLL: -0.0193, L2: 0.0084, Reg: 0.0084
INFO:__main__:Total loss -0.0025
INFO:__main__:Predicted mean: -0.3979
INFO:__main__:Predicted uncertainity -0.7546
INFO:__main__:Completed epoch 48 of 100

INFO:__main__:NLL: 0.0153, L2: 0.0084, Reg: 0.0074
INFO:__main__:Total loss 0.0311
INFO:__main__:Predicted mean: -0.3807
INFO:__main__:Predicted uncertainity -0.5694
INFO:__main__:Completed epoch 49 of 100

INFO:__main__:NLL: 0.0096, L2: 0.0081, Reg: 0.0072
INFO:__main__:Total loss 0.0249
INFO:__main__:Predicted mean: -0.3209
INFO:__main__:Predicted uncertainity -0.7737
INFO:__main__:Completed epoch 50 of 100

INFO:__main__:NLL: 0.3160, L2: 0.0081, Reg: 0.0077
INFO:__main__:Total loss 0.3317
INFO:__main__:Predicted mean: -0.3940
INFO:__main__:Predicted uncertainity -0.7984
INFO:__main__:Completed epoch 51 of 100

INFO:__main__:NLL: -0.1070, L2: 0.0080, Reg: 0.0073
INFO:__main__:Total loss -0.0917
INFO:__main__:Predicted mean: -0.3746
INFO:__main__:Predicted uncertainity -0.8027
INFO:__main__:Completed epoch 52 of 100

INFO:__main__:NLL: 0.0656, L2: 0.0080, Reg: 0.0067
INFO:__main__:Total loss 0.0803
INFO:__main__:Predicted mean: -0.3861
INFO:__main__:Predicted uncertainity -0.5827
INFO:__main__:Completed epoch 53 of 100

INFO:__main__:NLL: 0.2542, L2: 0.0084, Reg: 0.0064
INFO:__main__:Total loss 0.2691
INFO:__main__:Predicted mean: -0.3612
INFO:__main__:Predicted uncertainity -0.6999
INFO:__main__:Completed epoch 54 of 100

INFO:__main__:NLL: 0.3111, L2: 0.0093, Reg: 0.0064
INFO:__main__:Total loss 0.3267
INFO:__main__:Predicted mean: -0.3741
INFO:__main__:Predicted uncertainity -0.7308
INFO:__main__:Completed epoch 55 of 100

INFO:__main__:NLL: 0.2338, L2: 0.0087, Reg: 0.0074
INFO:__main__:Total loss 0.2498
INFO:__main__:Predicted mean: -0.3970
INFO:__main__:Predicted uncertainity -0.7469
INFO:__main__:Completed epoch 56 of 100

INFO:__main__:NLL: 0.0598, L2: 0.0080, Reg: 0.0077
INFO:__main__:Total loss 0.0755
INFO:__main__:Predicted mean: -0.3631
INFO:__main__:Predicted uncertainity -0.6762
INFO:__main__:Completed epoch 57 of 100

INFO:__main__:NLL: -0.0386, L2: 0.0086, Reg: 0.0080
INFO:__main__:Total loss -0.0220
INFO:__main__:Predicted mean: -0.4108
INFO:__main__:Predicted uncertainity -0.7195
INFO:__main__:Completed epoch 58 of 100

INFO:__main__:NLL: -0.0056, L2: 0.0083, Reg: 0.0085
INFO:__main__:Total loss 0.0112
INFO:__main__:Predicted mean: -0.3611
INFO:__main__:Predicted uncertainity -0.6219
INFO:__main__:Completed epoch 59 of 100

INFO:__main__:NLL: 0.0240, L2: 0.0090, Reg: 0.0072
INFO:__main__:Total loss 0.0402
INFO:__main__:Predicted mean: -0.3527
INFO:__main__:Predicted uncertainity -0.7356
INFO:__main__:Completed epoch 60 of 100

INFO:__main__:NLL: 0.0915, L2: 0.0088, Reg: 0.0077
INFO:__main__:Total loss 0.1079
INFO:__main__:Predicted mean: -0.3216
INFO:__main__:Predicted uncertainity -0.7699
INFO:__main__:Completed epoch 61 of 100

INFO:__main__:NLL: 0.3218, L2: 0.0083, Reg: 0.0076
INFO:__main__:Total loss 0.3377
INFO:__main__:Predicted mean: -0.3783
INFO:__main__:Predicted uncertainity -0.6799
INFO:__main__:Completed epoch 62 of 100

INFO:__main__:NLL: 0.0714, L2: 0.0085, Reg: 0.0079
INFO:__main__:Total loss 0.0879
INFO:__main__:Predicted mean: -0.4516
INFO:__main__:Predicted uncertainity -0.6839
INFO:__main__:Completed epoch 63 of 100

INFO:__main__:NLL: -0.0054, L2: 0.0090, Reg: 0.0081
INFO:__main__:Total loss 0.0116
INFO:__main__:Predicted mean: -0.3921
INFO:__main__:Predicted uncertainity -0.6820
INFO:__main__:Completed epoch 64 of 100

INFO:__main__:NLL: 0.0031, L2: 0.0084, Reg: 0.0091
INFO:__main__:Total loss 0.0206
INFO:__main__:Predicted mean: -0.3630
INFO:__main__:Predicted uncertainity -0.7972
INFO:__main__:Completed epoch 65 of 100

INFO:__main__:NLL: 0.1836, L2: 0.0085, Reg: 0.0086
INFO:__main__:Total loss 0.2007
INFO:__main__:Predicted mean: -0.4045
INFO:__main__:Predicted uncertainity -0.7455
INFO:__main__:Completed epoch 66 of 100

INFO:__main__:NLL: 0.0686, L2: 0.0083, Reg: 0.0078
INFO:__main__:Total loss 0.0847
INFO:__main__:Predicted mean: -0.3887
INFO:__main__:Predicted uncertainity -0.7438
INFO:__main__:Completed epoch 67 of 100

INFO:__main__:NLL: 0.0560, L2: 0.0082, Reg: 0.0080
INFO:__main__:Total loss 0.0721
INFO:__main__:Predicted mean: -0.3703
INFO:__main__:Predicted uncertainity -0.7452
INFO:__main__:Completed epoch 68 of 100

INFO:__main__:NLL: 0.0215, L2: 0.0087, Reg: 0.0083
INFO:__main__:Total loss 0.0385
INFO:__main__:Predicted mean: -0.3751
INFO:__main__:Predicted uncertainity -0.7813
INFO:__main__:Completed epoch 69 of 100

INFO:__main__:NLL: 0.4024, L2: 0.0088, Reg: 0.0111
INFO:__main__:Total loss 0.4223
INFO:__main__:Predicted mean: -0.4273
INFO:__main__:Predicted uncertainity -0.6911
INFO:__main__:Completed epoch 70 of 100

INFO:__main__:NLL: -0.0766, L2: 0.0086, Reg: 0.0086
INFO:__main__:Total loss -0.0593
INFO:__main__:Predicted mean: -0.4130
INFO:__main__:Predicted uncertainity -0.7892
INFO:__main__:Completed epoch 71 of 100

INFO:__main__:NLL: 0.2675, L2: 0.0085, Reg: 0.0129
INFO:__main__:Total loss 0.2889
INFO:__main__:Predicted mean: -0.4571
INFO:__main__:Predicted uncertainity -0.8585
INFO:__main__:Completed epoch 72 of 100

INFO:__main__:NLL: 0.4025, L2: 0.0088, Reg: 0.0074
INFO:__main__:Total loss 0.4187
INFO:__main__:Predicted mean: -0.4004
INFO:__main__:Predicted uncertainity -0.7693
INFO:__main__:Completed epoch 73 of 100

INFO:__main__:NLL: 0.1159, L2: 0.0084, Reg: 0.0100
INFO:__main__:Total loss 0.1343
INFO:__main__:Predicted mean: -0.3567
INFO:__main__:Predicted uncertainity -0.8611
INFO:__main__:Completed epoch 74 of 100

INFO:__main__:NLL: -0.0190, L2: 0.0088, Reg: 0.0092
INFO:__main__:Total loss -0.0010
INFO:__main__:Predicted mean: -0.3994
INFO:__main__:Predicted uncertainity -0.8179
INFO:__main__:Completed epoch 75 of 100

INFO:__main__:NLL: 0.0567, L2: 0.0086, Reg: 0.0081
INFO:__main__:Total loss 0.0734
INFO:__main__:Predicted mean: -0.3878
INFO:__main__:Predicted uncertainity -0.7094
INFO:__main__:Completed epoch 76 of 100

INFO:__main__:NLL: 0.1881, L2: 0.0084, Reg: 0.0084
INFO:__main__:Total loss 0.2049
INFO:__main__:Predicted mean: -0.4104
INFO:__main__:Predicted uncertainity -0.7279
INFO:__main__:Completed epoch 77 of 100

INFO:__main__:NLL: 0.2079, L2: 0.0084, Reg: 0.0082
INFO:__main__:Total loss 0.2246
INFO:__main__:Predicted mean: -0.3737
INFO:__main__:Predicted uncertainity -0.7006
INFO:__main__:Completed epoch 78 of 100

INFO:__main__:NLL: 0.2734, L2: 0.0087, Reg: 0.0078
INFO:__main__:Total loss 0.2898
INFO:__main__:Predicted mean: -0.3090
INFO:__main__:Predicted uncertainity -0.6957
INFO:__main__:Completed epoch 79 of 100

INFO:__main__:NLL: 0.0751, L2: 0.0088, Reg: 0.0113
INFO:__main__:Total loss 0.0952
INFO:__main__:Predicted mean: -0.3427
INFO:__main__:Predicted uncertainity -0.6685
INFO:__main__:Completed epoch 80 of 100

INFO:__main__:NLL: 0.0186, L2: 0.0087, Reg: 0.0092
INFO:__main__:Total loss 0.0365
INFO:__main__:Predicted mean: -0.4250
INFO:__main__:Predicted uncertainity -0.7927
INFO:__main__:Completed epoch 81 of 100

INFO:__main__:NLL: 0.0595, L2: 0.0089, Reg: 0.0076
INFO:__main__:Total loss 0.0760
INFO:__main__:Predicted mean: -0.3792
INFO:__main__:Predicted uncertainity -0.7736
INFO:__main__:Completed epoch 82 of 100

INFO:__main__:NLL: -0.0217, L2: 0.0088, Reg: 0.0086
INFO:__main__:Total loss -0.0043
INFO:__main__:Predicted mean: -0.3858
INFO:__main__:Predicted uncertainity -0.7700
INFO:__main__:Completed epoch 83 of 100

INFO:__main__:NLL: 0.3304, L2: 0.0084, Reg: 0.0073
INFO:__main__:Total loss 0.3460
INFO:__main__:Predicted mean: -0.3297
INFO:__main__:Predicted uncertainity -0.7132
INFO:__main__:Completed epoch 84 of 100

INFO:__main__:NLL: 0.1185, L2: 0.0082, Reg: 0.0072
INFO:__main__:Total loss 0.1338
INFO:__main__:Predicted mean: -0.3801
INFO:__main__:Predicted uncertainity -0.6418
INFO:__main__:Completed epoch 85 of 100

INFO:__main__:NLL: -0.0520, L2: 0.0079, Reg: 0.0100
INFO:__main__:Total loss -0.0341
INFO:__main__:Predicted mean: -0.3765
INFO:__main__:Predicted uncertainity -0.7666
INFO:__main__:Completed epoch 86 of 100

INFO:__main__:NLL: 0.1226, L2: 0.0081, Reg: 0.0080
INFO:__main__:Total loss 0.1388
INFO:__main__:Predicted mean: -0.4133
INFO:__main__:Predicted uncertainity -0.6870
INFO:__main__:Completed epoch 87 of 100

INFO:__main__:NLL: 0.0746, L2: 0.0081, Reg: 0.0069
INFO:__main__:Total loss 0.0895
INFO:__main__:Predicted mean: -0.3689
INFO:__main__:Predicted uncertainity -0.7040
INFO:__main__:Completed epoch 88 of 100

INFO:__main__:NLL: 0.1291, L2: 0.0081, Reg: 0.0072
INFO:__main__:Total loss 0.1444
INFO:__main__:Predicted mean: -0.3483
INFO:__main__:Predicted uncertainity -0.7537
INFO:__main__:Completed epoch 89 of 100

INFO:__main__:NLL: 0.2755, L2: 0.0083, Reg: 0.0096
INFO:__main__:Total loss 0.2934
INFO:__main__:Predicted mean: -0.3976
INFO:__main__:Predicted uncertainity -0.7065
INFO:__main__:Completed epoch 90 of 100

INFO:__main__:NLL: 0.1423, L2: 0.0081, Reg: 0.0086
INFO:__main__:Total loss 0.1590
INFO:__main__:Predicted mean: -0.4335
INFO:__main__:Predicted uncertainity -0.7960
INFO:__main__:Completed epoch 91 of 100

INFO:__main__:NLL: 0.0534, L2: 0.0082, Reg: 0.0094
INFO:__main__:Total loss 0.0710
INFO:__main__:Predicted mean: -0.3811
INFO:__main__:Predicted uncertainity -0.8588
INFO:__main__:Completed epoch 92 of 100

INFO:__main__:NLL: 0.0630, L2: 0.0085, Reg: 0.0083
INFO:__main__:Total loss 0.0798
INFO:__main__:Predicted mean: -0.3862
INFO:__main__:Predicted uncertainity -0.7127
INFO:__main__:Completed epoch 93 of 100

INFO:__main__:NLL: 0.0664, L2: 0.0085, Reg: 0.0087
INFO:__main__:Total loss 0.0837
INFO:__main__:Predicted mean: -0.3553
INFO:__main__:Predicted uncertainity -0.6414
INFO:__main__:Completed epoch 94 of 100

INFO:__main__:NLL: 0.1123, L2: 0.0076, Reg: 0.0065
INFO:__main__:Total loss 0.1263
INFO:__main__:Predicted mean: -0.3752
INFO:__main__:Predicted uncertainity -0.6351
INFO:__main__:Completed epoch 95 of 100

INFO:__main__:NLL: 0.3234, L2: 0.0080, Reg: 0.0084
INFO:__main__:Total loss 0.3398
INFO:__main__:Predicted mean: -0.4091
INFO:__main__:Predicted uncertainity -0.7925
INFO:__main__:Completed epoch 96 of 100

INFO:__main__:NLL: 0.0543, L2: 0.0081, Reg: 0.0066
INFO:__main__:Total loss 0.0690
INFO:__main__:Predicted mean: -0.3457
INFO:__main__:Predicted uncertainity -0.7132
INFO:__main__:Completed epoch 97 of 100

INFO:__main__:NLL: 0.0348, L2: 0.0084, Reg: 0.0093
INFO:__main__:Total loss 0.0524
INFO:__main__:Predicted mean: -0.3461
INFO:__main__:Predicted uncertainity -0.7437
INFO:__main__:Completed epoch 98 of 100

INFO:__main__:NLL: 0.1898, L2: 0.0081, Reg: 0.0096
INFO:__main__:Total loss 0.2076
INFO:__main__:Predicted mean: -0.4487
INFO:__main__:Predicted uncertainity -0.8073
INFO:__main__:Completed epoch 99 of 100

INFO:__main__:NLL: 0.1880, L2: 0.0079, Reg: 0.0082
INFO:__main__:Total loss 0.2041
INFO:__main__:Predicted mean: -0.4241
INFO:__main__:Predicted uncertainity -0.8090
INFO:__main__:Completed epoch 100 of 100

INFO:__main__:512.389369 s
