INFO:__main__:PROCESS RUNNING ON cpu
INFO:__main__:NLL: 0.3197, L2: 0.1222, Reg: 0.4310
INFO:__main__:Total loss 0.8728
INFO:__main__:Predicted mean: -0.0653
INFO:__main__:Predicted uncertainity 0.0892
INFO:__main__:Completed epoch 1 of 100

INFO:__main__:NLL: 0.3192, L2: 0.1122, Reg: 0.4764
INFO:__main__:Total loss 0.9079
INFO:__main__:Predicted mean: -0.0623
INFO:__main__:Predicted uncertainity 0.0856
INFO:__main__:Completed epoch 2 of 100

INFO:__main__:NLL: 0.3198, L2: 0.1082, Reg: 0.5171
INFO:__main__:Total loss 0.9451
INFO:__main__:Predicted mean: -0.0582
INFO:__main__:Predicted uncertainity 0.0862
INFO:__main__:Completed epoch 3 of 100

INFO:__main__:NLL: 0.3215, L2: 0.1314, Reg: 0.5298
INFO:__main__:Total loss 0.9827
INFO:__main__:Predicted mean: -0.0626
INFO:__main__:Predicted uncertainity 0.0960
INFO:__main__:Completed epoch 4 of 100

INFO:__main__:NLL: 0.3210, L2: 0.1192, Reg: 0.3848
INFO:__main__:Total loss 0.8250
INFO:__main__:Predicted mean: -0.0590
INFO:__main__:Predicted uncertainity 0.0917
INFO:__main__:Completed epoch 5 of 100

INFO:__main__:NLL: 0.3197, L2: 0.1121, Reg: 0.4530
INFO:__main__:Total loss 0.8848
INFO:__main__:Predicted mean: -0.0602
INFO:__main__:Predicted uncertainity 0.0869
INFO:__main__:Completed epoch 6 of 100

INFO:__main__:NLL: 0.3206, L2: 0.1235, Reg: 0.4845
INFO:__main__:Total loss 0.9286
INFO:__main__:Predicted mean: -0.0622
INFO:__main__:Predicted uncertainity 0.0918
INFO:__main__:Completed epoch 7 of 100

INFO:__main__:NLL: 0.3197, L2: 0.1133, Reg: 0.5058
INFO:__main__:Total loss 0.9388
INFO:__main__:Predicted mean: -0.0607
INFO:__main__:Predicted uncertainity 0.0871
INFO:__main__:Completed epoch 8 of 100

INFO:__main__:NLL: 0.3214, L2: 0.1310, Reg: 0.4394
INFO:__main__:Total loss 0.8918
INFO:__main__:Predicted mean: -0.0625
INFO:__main__:Predicted uncertainity 0.0955
INFO:__main__:Completed epoch 9 of 100

INFO:__main__:NLL: 0.3190, L2: 0.1140, Reg: 0.4814
INFO:__main__:Total loss 0.9143
INFO:__main__:Predicted mean: -0.0637
INFO:__main__:Predicted uncertainity 0.0852
INFO:__main__:Completed epoch 10 of 100

INFO:__main__:NLL: 0.3187, L2: 0.1006, Reg: 0.4898
INFO:__main__:Total loss 0.9091
INFO:__main__:Predicted mean: -0.0579
INFO:__main__:Predicted uncertainity 0.0810
INFO:__main__:Completed epoch 11 of 100

INFO:__main__:NLL: 0.3200, L2: 0.1205, Reg: 0.3723
INFO:__main__:Total loss 0.8127
INFO:__main__:Predicted mean: -0.0629
INFO:__main__:Predicted uncertainity 0.0893
INFO:__main__:Completed epoch 12 of 100

INFO:__main__:NLL: 0.3207, L2: 0.1362, Reg: 0.4938
INFO:__main__:Total loss 0.9506
INFO:__main__:Predicted mean: -0.0673
INFO:__main__:Predicted uncertainity 0.0945
INFO:__main__:Completed epoch 13 of 100

INFO:__main__:NLL: 0.3199, L2: 0.1171, Reg: 0.5096
INFO:__main__:Total loss 0.9466
INFO:__main__:Predicted mean: -0.0613
INFO:__main__:Predicted uncertainity 0.0882
INFO:__main__:Completed epoch 14 of 100

INFO:__main__:NLL: 0.3213, L2: 0.1424, Reg: 0.4265
INFO:__main__:Total loss 0.8902
INFO:__main__:Predicted mean: -0.0676
INFO:__main__:Predicted uncertainity 0.0973
INFO:__main__:Completed epoch 15 of 100

INFO:__main__:NLL: 0.3224, L2: 0.1549, Reg: 0.4973
INFO:__main__:Total loss 0.9747
INFO:__main__:Predicted mean: -0.0688
INFO:__main__:Predicted uncertainity 0.1031
INFO:__main__:Completed epoch 16 of 100

INFO:__main__:NLL: 0.3206, L2: 0.1386, Reg: 0.3739
INFO:__main__:Total loss 0.8330
INFO:__main__:Predicted mean: -0.0687
INFO:__main__:Predicted uncertainity 0.0948
INFO:__main__:Completed epoch 17 of 100

INFO:__main__:NLL: 0.3194, L2: 0.1236, Reg: 0.4468
INFO:__main__:Total loss 0.8898
INFO:__main__:Predicted mean: -0.0661
INFO:__main__:Predicted uncertainity 0.0884
INFO:__main__:Completed epoch 18 of 100

INFO:__main__:NLL: 0.3211, L2: 0.1364, Reg: 0.5218
INFO:__main__:Total loss 0.9794
INFO:__main__:Predicted mean: -0.0656
INFO:__main__:Predicted uncertainity 0.0958
INFO:__main__:Completed epoch 19 of 100

INFO:__main__:NLL: 0.3209, L2: 0.1259, Reg: 0.5440
INFO:__main__:Total loss 0.9908
INFO:__main__:Predicted mean: -0.0619
INFO:__main__:Predicted uncertainity 0.0928
INFO:__main__:Completed epoch 20 of 100

INFO:__main__:NLL: 0.3209, L2: 0.1261, Reg: 0.4112
INFO:__main__:Total loss 0.8582
INFO:__main__:Predicted mean: -0.0619
INFO:__main__:Predicted uncertainity 0.0928
INFO:__main__:Completed epoch 21 of 100

INFO:__main__:NLL: 0.3216, L2: 0.1408, Reg: 0.4628
INFO:__main__:Total loss 0.9252
INFO:__main__:Predicted mean: -0.0658
INFO:__main__:Predicted uncertainity 0.0978
INFO:__main__:Completed epoch 22 of 100

INFO:__main__:NLL: 0.3213, L2: 0.1490, Reg: 0.5225
INFO:__main__:Total loss 0.9928
INFO:__main__:Predicted mean: -0.0703
INFO:__main__:Predicted uncertainity 0.0988
INFO:__main__:Completed epoch 23 of 100

INFO:__main__:NLL: 0.3230, L2: 0.1597, Reg: 0.5174
INFO:__main__:Total loss 1.0001
INFO:__main__:Predicted mean: -0.0685
INFO:__main__:Predicted uncertainity 0.1054
INFO:__main__:Completed epoch 24 of 100

INFO:__main__:NLL: 0.3189, L2: 0.1038, Reg: 0.6155
INFO:__main__:Total loss 1.0381
INFO:__main__:Predicted mean: -0.0587
INFO:__main__:Predicted uncertainity 0.0822
INFO:__main__:Completed epoch 25 of 100

INFO:__main__:NLL: 0.3189, L2: 0.1061, Reg: 0.6071
INFO:__main__:Total loss 1.0320
INFO:__main__:Predicted mean: -0.0599
INFO:__main__:Predicted uncertainity 0.0828
INFO:__main__:Completed epoch 26 of 100

INFO:__main__:NLL: 0.3205, L2: 0.1177, Reg: 0.4614
INFO:__main__:Total loss 0.8997
INFO:__main__:Predicted mean: -0.0594
INFO:__main__:Predicted uncertainity 0.0900
INFO:__main__:Completed epoch 27 of 100

INFO:__main__:NLL: 0.3202, L2: 0.1268, Reg: 0.4274
INFO:__main__:Total loss 0.8744
INFO:__main__:Predicted mean: -0.0645
INFO:__main__:Predicted uncertainity 0.0910
INFO:__main__:Completed epoch 28 of 100

INFO:__main__:NLL: 0.3200, L2: 0.1181, Reg: 0.5949
INFO:__main__:Total loss 1.0331
INFO:__main__:Predicted mean: -0.0615
INFO:__main__:Predicted uncertainity 0.0886
INFO:__main__:Completed epoch 29 of 100

INFO:__main__:NLL: 0.3214, L2: 0.1373, Reg: 0.3605
INFO:__main__:Total loss 0.8192
INFO:__main__:Predicted mean: -0.0646
INFO:__main__:Predicted uncertainity 0.0966
INFO:__main__:Completed epoch 30 of 100

INFO:__main__:NLL: 0.3205, L2: 0.1265, Reg: 0.4920
INFO:__main__:Total loss 0.9390
INFO:__main__:Predicted mean: -0.0634
INFO:__main__:Predicted uncertainity 0.0919
INFO:__main__:Completed epoch 31 of 100

INFO:__main__:NLL: 0.3189, L2: 0.1067, Reg: 0.5354
INFO:__main__:Total loss 0.9610
INFO:__main__:Predicted mean: -0.0601
INFO:__main__:Predicted uncertainity 0.0829
INFO:__main__:Completed epoch 32 of 100

INFO:__main__:NLL: 0.3183, L2: 0.0997, Reg: 0.4616
INFO:__main__:Total loss 0.8796
INFO:__main__:Predicted mean: -0.0584
INFO:__main__:Predicted uncertainity 0.0795
INFO:__main__:Completed epoch 33 of 100

INFO:__main__:NLL: 0.3206, L2: 0.1360, Reg: 0.5166
INFO:__main__:Total loss 0.9732
INFO:__main__:Predicted mean: -0.0673
INFO:__main__:Predicted uncertainity 0.0943
INFO:__main__:Completed epoch 34 of 100

INFO:__main__:NLL: 0.3192, L2: 0.1123, Reg: 0.4359
INFO:__main__:Total loss 0.8673
INFO:__main__:Predicted mean: -0.0615
INFO:__main__:Predicted uncertainity 0.0850
INFO:__main__:Completed epoch 35 of 100

INFO:__main__:NLL: 0.3194, L2: 0.1148, Reg: 0.4553
INFO:__main__:Total loss 0.8896
INFO:__main__:Predicted mean: -0.0619
INFO:__main__:Predicted uncertainity 0.0865
INFO:__main__:Completed epoch 36 of 100

INFO:__main__:NLL: 0.3213, L2: 0.1393, Reg: 0.5201
INFO:__main__:Total loss 0.9807
INFO:__main__:Predicted mean: -0.0665
INFO:__main__:Predicted uncertainity 0.0967
INFO:__main__:Completed epoch 37 of 100

INFO:__main__:NLL: 0.3207, L2: 0.1276, Reg: 0.5046
INFO:__main__:Total loss 0.9529
INFO:__main__:Predicted mean: -0.0632
INFO:__main__:Predicted uncertainity 0.0927
INFO:__main__:Completed epoch 38 of 100

INFO:__main__:NLL: 0.3195, L2: 0.1175, Reg: 0.4709
INFO:__main__:Total loss 0.9079
INFO:__main__:Predicted mean: -0.0630
INFO:__main__:Predicted uncertainity 0.0873
INFO:__main__:Completed epoch 39 of 100

INFO:__main__:NLL: 0.3221, L2: 0.1506, Reg: 0.5419
INFO:__main__:Total loss 1.0146
INFO:__main__:Predicted mean: -0.0683
INFO:__main__:Predicted uncertainity 0.1012
INFO:__main__:Completed epoch 40 of 100

INFO:__main__:NLL: 0.3201, L2: 0.1252, Reg: 0.4865
INFO:__main__:Total loss 0.9318
INFO:__main__:Predicted mean: -0.0643
INFO:__main__:Predicted uncertainity 0.0904
INFO:__main__:Completed epoch 41 of 100

INFO:__main__:NLL: 0.3216, L2: 0.1426, Reg: 0.4507
INFO:__main__:Total loss 0.9148
INFO:__main__:Predicted mean: -0.0668
INFO:__main__:Predicted uncertainity 0.0983
INFO:__main__:Completed epoch 42 of 100

INFO:__main__:NLL: 0.3200, L2: 0.1292, Reg: 0.4988
INFO:__main__:Total loss 0.9480
INFO:__main__:Predicted mean: -0.0667
INFO:__main__:Predicted uncertainity 0.0911
INFO:__main__:Completed epoch 43 of 100

INFO:__main__:NLL: 0.3208, L2: 0.1287, Reg: 0.4513
INFO:__main__:Total loss 0.9008
INFO:__main__:Predicted mean: -0.0631
INFO:__main__:Predicted uncertainity 0.0932
INFO:__main__:Completed epoch 44 of 100

INFO:__main__:NLL: 0.3212, L2: 0.1301, Reg: 0.4728
INFO:__main__:Total loss 0.9241
INFO:__main__:Predicted mean: -0.0626
INFO:__main__:Predicted uncertainity 0.0945
INFO:__main__:Completed epoch 45 of 100

INFO:__main__:NLL: 0.3207, L2: 0.1301, Reg: 0.4789
INFO:__main__:Total loss 0.9297
INFO:__main__:Predicted mean: -0.0642
INFO:__main__:Predicted uncertainity 0.0933
INFO:__main__:Completed epoch 46 of 100

INFO:__main__:NLL: 0.3206, L2: 0.1267, Reg: 0.4720
INFO:__main__:Total loss 0.9193
INFO:__main__:Predicted mean: -0.0633
INFO:__main__:Predicted uncertainity 0.0922
INFO:__main__:Completed epoch 47 of 100

INFO:__main__:NLL: 0.3209, L2: 0.1251, Reg: 0.4919
INFO:__main__:Total loss 0.9379
INFO:__main__:Predicted mean: -0.0613
INFO:__main__:Predicted uncertainity 0.0927
INFO:__main__:Completed epoch 48 of 100

INFO:__main__:NLL: 0.3214, L2: 0.1300, Reg: 0.4822
INFO:__main__:Total loss 0.9335
INFO:__main__:Predicted mean: -0.0615
INFO:__main__:Predicted uncertainity 0.0947
INFO:__main__:Completed epoch 49 of 100

INFO:__main__:NLL: 0.3216, L2: 0.1426, Reg: 0.4160
INFO:__main__:Total loss 0.8802
INFO:__main__:Predicted mean: -0.0667
INFO:__main__:Predicted uncertainity 0.0984
INFO:__main__:Completed epoch 50 of 100

INFO:__main__:NLL: 0.3201, L2: 0.1279, Reg: 0.5518
INFO:__main__:Total loss 0.9998
INFO:__main__:Predicted mean: -0.0656
INFO:__main__:Predicted uncertainity 0.0912
INFO:__main__:Completed epoch 51 of 100

INFO:__main__:NLL: 0.3209, L2: 0.1319, Reg: 0.5985
INFO:__main__:Total loss 1.0512
INFO:__main__:Predicted mean: -0.0643
INFO:__main__:Predicted uncertainity 0.0941
INFO:__main__:Completed epoch 52 of 100

INFO:__main__:NLL: 0.3202, L2: 0.1365, Reg: 0.4260
INFO:__main__:Total loss 0.8827
INFO:__main__:Predicted mean: -0.0691
INFO:__main__:Predicted uncertainity 0.0933
INFO:__main__:Completed epoch 53 of 100

INFO:__main__:NLL: 0.3191, L2: 0.1229, Reg: 0.5394
INFO:__main__:Total loss 0.9814
INFO:__main__:Predicted mean: -0.0669
INFO:__main__:Predicted uncertainity 0.0874
INFO:__main__:Completed epoch 54 of 100

INFO:__main__:NLL: 0.3196, L2: 0.1217, Reg: 0.4557
INFO:__main__:Total loss 0.8970
INFO:__main__:Predicted mean: -0.0645
INFO:__main__:Predicted uncertainity 0.0886
INFO:__main__:Completed epoch 55 of 100

INFO:__main__:NLL: 0.3215, L2: 0.1361, Reg: 0.4602
INFO:__main__:Total loss 0.9178
INFO:__main__:Predicted mean: -0.0641
INFO:__main__:Predicted uncertainity 0.0967
INFO:__main__:Completed epoch 56 of 100

INFO:__main__:NLL: 0.3201, L2: 0.1241, Reg: 0.4471
INFO:__main__:Total loss 0.8913
INFO:__main__:Predicted mean: -0.0636
INFO:__main__:Predicted uncertainity 0.0904
INFO:__main__:Completed epoch 57 of 100

INFO:__main__:NLL: 0.3190, L2: 0.1099, Reg: 0.4987
INFO:__main__:Total loss 0.9276
INFO:__main__:Predicted mean: -0.0611
INFO:__main__:Predicted uncertainity 0.0842
INFO:__main__:Completed epoch 58 of 100

INFO:__main__:NLL: 0.3211, L2: 0.1271, Reg: 0.5498
INFO:__main__:Total loss 0.9980
INFO:__main__:Predicted mean: -0.0613
INFO:__main__:Predicted uncertainity 0.0936
INFO:__main__:Completed epoch 59 of 100

INFO:__main__:NLL: 0.3207, L2: 0.1382, Reg: 0.5103
INFO:__main__:Total loss 0.9692
INFO:__main__:Predicted mean: -0.0681
INFO:__main__:Predicted uncertainity 0.0949
INFO:__main__:Completed epoch 60 of 100

INFO:__main__:NLL: 0.3192, L2: 0.1093, Reg: 0.4565
INFO:__main__:Total loss 0.8851
INFO:__main__:Predicted mean: -0.0602
INFO:__main__:Predicted uncertainity 0.0847
INFO:__main__:Completed epoch 61 of 100

INFO:__main__:NLL: 0.3207, L2: 0.1251, Reg: 0.4537
INFO:__main__:Total loss 0.8994
INFO:__main__:Predicted mean: -0.0619
INFO:__main__:Predicted uncertainity 0.0921
INFO:__main__:Completed epoch 62 of 100

INFO:__main__:NLL: 0.3196, L2: 0.1178, Reg: 0.5101
INFO:__main__:Total loss 0.9475
INFO:__main__:Predicted mean: -0.0630
INFO:__main__:Predicted uncertainity 0.0875
INFO:__main__:Completed epoch 63 of 100

INFO:__main__:NLL: 0.3203, L2: 0.1283, Reg: 0.4962
INFO:__main__:Total loss 0.9448
INFO:__main__:Predicted mean: -0.0651
INFO:__main__:Predicted uncertainity 0.0917
INFO:__main__:Completed epoch 64 of 100

INFO:__main__:NLL: 0.3193, L2: 0.1136, Reg: 0.4984
INFO:__main__:Total loss 0.9313
INFO:__main__:Predicted mean: -0.0620
INFO:__main__:Predicted uncertainity 0.0858
INFO:__main__:Completed epoch 65 of 100

INFO:__main__:NLL: 0.3200, L2: 0.1212, Reg: 0.5245
INFO:__main__:Total loss 0.9657
INFO:__main__:Predicted mean: -0.0628
INFO:__main__:Predicted uncertainity 0.0895
INFO:__main__:Completed epoch 66 of 100

INFO:__main__:NLL: 0.3211, L2: 0.1264, Reg: 0.4858
INFO:__main__:Total loss 0.9333
INFO:__main__:Predicted mean: -0.0611
INFO:__main__:Predicted uncertainity 0.0933
INFO:__main__:Completed epoch 67 of 100

INFO:__main__:NLL: 0.3199, L2: 0.1288, Reg: 0.5031
INFO:__main__:Total loss 0.9519
INFO:__main__:Predicted mean: -0.0664
INFO:__main__:Predicted uncertainity 0.0910
INFO:__main__:Completed epoch 68 of 100

INFO:__main__:NLL: 0.3185, L2: 0.0956, Reg: 0.4304
INFO:__main__:Total loss 0.8445
INFO:__main__:Predicted mean: -0.0560
INFO:__main__:Predicted uncertainity 0.0790
INFO:__main__:Completed epoch 69 of 100

INFO:__main__:NLL: 0.3188, L2: 0.1161, Reg: 0.3947
INFO:__main__:Total loss 0.8296
INFO:__main__:Predicted mean: -0.0650
INFO:__main__:Predicted uncertainity 0.0850
INFO:__main__:Completed epoch 70 of 100

INFO:__main__:NLL: 0.3221, L2: 0.1523, Reg: 0.4923
INFO:__main__:Total loss 0.9667
INFO:__main__:Predicted mean: -0.0687
INFO:__main__:Predicted uncertainity 0.1017
INFO:__main__:Completed epoch 71 of 100

INFO:__main__:NLL: 0.3208, L2: 0.1262, Reg: 0.5058
INFO:__main__:Total loss 0.9529
INFO:__main__:Predicted mean: -0.0621
INFO:__main__:Predicted uncertainity 0.0927
INFO:__main__:Completed epoch 72 of 100

INFO:__main__:NLL: 0.3195, L2: 0.1177, Reg: 0.4339
INFO:__main__:Total loss 0.8711
INFO:__main__:Predicted mean: -0.0630
INFO:__main__:Predicted uncertainity 0.0872
INFO:__main__:Completed epoch 73 of 100

INFO:__main__:NLL: 0.3214, L2: 0.1313, Reg: 0.4226
INFO:__main__:Total loss 0.8753
INFO:__main__:Predicted mean: -0.0622
INFO:__main__:Predicted uncertainity 0.0954
INFO:__main__:Completed epoch 74 of 100

INFO:__main__:NLL: 0.3204, L2: 0.1274, Reg: 0.4834
INFO:__main__:Total loss 0.9311
INFO:__main__:Predicted mean: -0.0644
INFO:__main__:Predicted uncertainity 0.0918
INFO:__main__:Completed epoch 75 of 100

INFO:__main__:NLL: 0.3215, L2: 0.1387, Reg: 0.4853
INFO:__main__:Total loss 0.9455
INFO:__main__:Predicted mean: -0.0652
INFO:__main__:Predicted uncertainity 0.0971
INFO:__main__:Completed epoch 76 of 100

INFO:__main__:NLL: 0.3200, L2: 0.1203, Reg: 0.5146
INFO:__main__:Total loss 0.9549
INFO:__main__:Predicted mean: -0.0627
INFO:__main__:Predicted uncertainity 0.0892
INFO:__main__:Completed epoch 77 of 100

INFO:__main__:NLL: 0.3197, L2: 0.1259, Reg: 0.4987
INFO:__main__:Total loss 0.9444
INFO:__main__:Predicted mean: -0.0659
INFO:__main__:Predicted uncertainity 0.0897
INFO:__main__:Completed epoch 78 of 100

INFO:__main__:NLL: 0.3211, L2: 0.1398, Reg: 0.5423
INFO:__main__:Total loss 1.0032
INFO:__main__:Predicted mean: -0.0673
INFO:__main__:Predicted uncertainity 0.0964
INFO:__main__:Completed epoch 79 of 100

INFO:__main__:NLL: 0.3211, L2: 0.1315, Reg: 0.4915
INFO:__main__:Total loss 0.9441
INFO:__main__:Predicted mean: -0.0635
INFO:__main__:Predicted uncertainity 0.0945
INFO:__main__:Completed epoch 80 of 100

INFO:__main__:NLL: 0.3215, L2: 0.1463, Reg: 0.3618
INFO:__main__:Total loss 0.8295
INFO:__main__:Predicted mean: -0.0683
INFO:__main__:Predicted uncertainity 0.0987
INFO:__main__:Completed epoch 81 of 100

INFO:__main__:NLL: 0.3205, L2: 0.1306, Reg: 0.5527
INFO:__main__:Total loss 1.0038
INFO:__main__:Predicted mean: -0.0654
INFO:__main__:Predicted uncertainity 0.0929
INFO:__main__:Completed epoch 82 of 100

INFO:__main__:NLL: 0.3224, L2: 0.1449, Reg: 0.4622
INFO:__main__:Total loss 0.9295
INFO:__main__:Predicted mean: -0.0645
INFO:__main__:Predicted uncertainity 0.1009
INFO:__main__:Completed epoch 83 of 100

INFO:__main__:NLL: 0.3212, L2: 0.1431, Reg: 0.4937
INFO:__main__:Total loss 0.9580
INFO:__main__:Predicted mean: -0.0680
INFO:__main__:Predicted uncertainity 0.0974
INFO:__main__:Completed epoch 84 of 100

INFO:__main__:NLL: 0.3197, L2: 0.1148, Reg: 0.5237
INFO:__main__:Total loss 0.9583
INFO:__main__:Predicted mean: -0.0611
INFO:__main__:Predicted uncertainity 0.0873
INFO:__main__:Completed epoch 85 of 100

INFO:__main__:NLL: 0.3197, L2: 0.1241, Reg: 0.5614
INFO:__main__:Total loss 1.0052
INFO:__main__:Predicted mean: -0.0653
INFO:__main__:Predicted uncertainity 0.0893
INFO:__main__:Completed epoch 86 of 100

INFO:__main__:NLL: 0.3214, L2: 0.1407, Reg: 0.3979
INFO:__main__:Total loss 0.8600
INFO:__main__:Predicted mean: -0.0665
INFO:__main__:Predicted uncertainity 0.0973
INFO:__main__:Completed epoch 87 of 100

INFO:__main__:NLL: 0.3210, L2: 0.1258, Reg: 0.5280
INFO:__main__:Total loss 0.9748
INFO:__main__:Predicted mean: -0.0612
INFO:__main__:Predicted uncertainity 0.0931
INFO:__main__:Completed epoch 88 of 100

INFO:__main__:NLL: 0.3214, L2: 0.1328, Reg: 0.4887
INFO:__main__:Total loss 0.9429
INFO:__main__:Predicted mean: -0.0628
INFO:__main__:Predicted uncertainity 0.0957
INFO:__main__:Completed epoch 89 of 100

INFO:__main__:NLL: 0.3200, L2: 0.1245, Reg: 0.4851
INFO:__main__:Total loss 0.9296
INFO:__main__:Predicted mean: -0.0642
INFO:__main__:Predicted uncertainity 0.0902
INFO:__main__:Completed epoch 90 of 100

INFO:__main__:NLL: 0.3207, L2: 0.1224, Reg: 0.4559
INFO:__main__:Total loss 0.8990
INFO:__main__:Predicted mean: -0.0610
INFO:__main__:Predicted uncertainity 0.0914
INFO:__main__:Completed epoch 91 of 100

INFO:__main__:NLL: 0.3208, L2: 0.1329, Reg: 0.5656
INFO:__main__:Total loss 1.0194
INFO:__main__:Predicted mean: -0.0653
INFO:__main__:Predicted uncertainity 0.0941
INFO:__main__:Completed epoch 92 of 100

INFO:__main__:NLL: 0.3227, L2: 0.1531, Reg: 0.4681
INFO:__main__:Total loss 0.9439
INFO:__main__:Predicted mean: -0.0671
INFO:__main__:Predicted uncertainity 0.1033
INFO:__main__:Completed epoch 93 of 100

INFO:__main__:NLL: 0.3216, L2: 0.1369, Reg: 0.4940
INFO:__main__:Total loss 0.9526
INFO:__main__:Predicted mean: -0.0639
INFO:__main__:Predicted uncertainity 0.0972
INFO:__main__:Completed epoch 94 of 100

INFO:__main__:NLL: 0.3209, L2: 0.1275, Reg: 0.5394
INFO:__main__:Total loss 0.9878
INFO:__main__:Predicted mean: -0.0627
INFO:__main__:Predicted uncertainity 0.0932
INFO:__main__:Completed epoch 95 of 100

INFO:__main__:NLL: 0.3211, L2: 0.1279, Reg: 0.4106
INFO:__main__:Total loss 0.8596
INFO:__main__:Predicted mean: -0.0620
INFO:__main__:Predicted uncertainity 0.0937
INFO:__main__:Completed epoch 96 of 100

INFO:__main__:NLL: 0.3213, L2: 0.1326, Reg: 0.5133
INFO:__main__:Total loss 0.9671
INFO:__main__:Predicted mean: -0.0630
INFO:__main__:Predicted uncertainity 0.0952
INFO:__main__:Completed epoch 97 of 100

INFO:__main__:NLL: 0.3203, L2: 0.1254, Reg: 0.3970
INFO:__main__:Total loss 0.8426
INFO:__main__:Predicted mean: -0.0635
INFO:__main__:Predicted uncertainity 0.0912
INFO:__main__:Completed epoch 98 of 100

INFO:__main__:NLL: 0.3223, L2: 0.1499, Reg: 0.4863
INFO:__main__:Total loss 0.9585
INFO:__main__:Predicted mean: -0.0672
INFO:__main__:Predicted uncertainity 0.1017
INFO:__main__:Completed epoch 99 of 100

INFO:__main__:NLL: 0.3194, L2: 0.1175, Reg: 0.4809
INFO:__main__:Total loss 0.9178
INFO:__main__:Predicted mean: -0.0630
INFO:__main__:Predicted uncertainity 0.0870
INFO:__main__:Completed epoch 100 of 100

INFO:__main__:605.915006 s
