INFO:__main__:PROCESS RUNNING ON cpu
INFO:__main__:NLL: 0.1122, L2: 0.0632, Reg: 0.5672
INFO:__main__:Total loss 0.7426
INFO:__main__:Predicted mean: -0.5403
INFO:__main__:Predicted uncertainity -0.7848
INFO:__main__:Completed epoch 1 of 100

INFO:__main__:NLL: 0.2241, L2: 0.0539, Reg: 0.5672
INFO:__main__:Total loss 0.8452
INFO:__main__:Predicted mean: -0.4942
INFO:__main__:Predicted uncertainity -0.5977
INFO:__main__:Completed epoch 2 of 100

INFO:__main__:NLL: 0.1433, L2: 0.0475, Reg: 0.5672
INFO:__main__:Total loss 0.7580
INFO:__main__:Predicted mean: -0.4537
INFO:__main__:Predicted uncertainity -0.7500
INFO:__main__:Completed epoch 3 of 100

INFO:__main__:NLL: 0.1176, L2: 0.0498, Reg: 0.5672
INFO:__main__:Total loss 0.7345
INFO:__main__:Predicted mean: -0.5051
INFO:__main__:Predicted uncertainity -0.7179
INFO:__main__:Completed epoch 4 of 100

INFO:__main__:NLL: 0.1214, L2: 0.0482, Reg: 0.5672
INFO:__main__:Total loss 0.7368
INFO:__main__:Predicted mean: -0.4486
INFO:__main__:Predicted uncertainity -0.6991
INFO:__main__:Completed epoch 5 of 100

INFO:__main__:NLL: 0.0540, L2: 0.0498, Reg: 0.5672
INFO:__main__:Total loss 0.6710
INFO:__main__:Predicted mean: -0.4511
INFO:__main__:Predicted uncertainity -0.6873
INFO:__main__:Completed epoch 6 of 100

INFO:__main__:NLL: 0.1282, L2: 0.0461, Reg: 0.5672
INFO:__main__:Total loss 0.7415
INFO:__main__:Predicted mean: -0.4597
INFO:__main__:Predicted uncertainity -0.5405
INFO:__main__:Completed epoch 7 of 100

INFO:__main__:NLL: 0.2583, L2: 0.0546, Reg: 0.5672
INFO:__main__:Total loss 0.8801
INFO:__main__:Predicted mean: -0.4270
INFO:__main__:Predicted uncertainity -0.7166
INFO:__main__:Completed epoch 8 of 100

INFO:__main__:NLL: 0.1179, L2: 0.0551, Reg: 0.5672
INFO:__main__:Total loss 0.7402
INFO:__main__:Predicted mean: -0.4898
INFO:__main__:Predicted uncertainity -0.7581
INFO:__main__:Completed epoch 9 of 100

INFO:__main__:NLL: 0.2441, L2: 0.0550, Reg: 0.5672
INFO:__main__:Total loss 0.8663
INFO:__main__:Predicted mean: -0.4563
INFO:__main__:Predicted uncertainity -0.7858
INFO:__main__:Completed epoch 10 of 100

INFO:__main__:NLL: 0.2048, L2: 0.0513, Reg: 0.5672
INFO:__main__:Total loss 0.8233
INFO:__main__:Predicted mean: -0.5083
INFO:__main__:Predicted uncertainity -0.7407
INFO:__main__:Completed epoch 11 of 100

INFO:__main__:NLL: 0.2255, L2: 0.0519, Reg: 0.5672
INFO:__main__:Total loss 0.8446
INFO:__main__:Predicted mean: -0.4462
INFO:__main__:Predicted uncertainity -0.6910
INFO:__main__:Completed epoch 12 of 100

INFO:__main__:NLL: 0.0522, L2: 0.0547, Reg: 0.5672
INFO:__main__:Total loss 0.6741
INFO:__main__:Predicted mean: -0.4484
INFO:__main__:Predicted uncertainity -0.7779
INFO:__main__:Completed epoch 13 of 100

INFO:__main__:NLL: 0.0995, L2: 0.0534, Reg: 0.5672
INFO:__main__:Total loss 0.7201
INFO:__main__:Predicted mean: -0.4438
INFO:__main__:Predicted uncertainity -0.7834
INFO:__main__:Completed epoch 14 of 100

INFO:__main__:NLL: 0.1040, L2: 0.0539, Reg: 0.5672
INFO:__main__:Total loss 0.7250
INFO:__main__:Predicted mean: -0.4584
INFO:__main__:Predicted uncertainity -0.6758
INFO:__main__:Completed epoch 15 of 100

INFO:__main__:NLL: 0.1165, L2: 0.0519, Reg: 0.5672
INFO:__main__:Total loss 0.7356
INFO:__main__:Predicted mean: -0.4623
INFO:__main__:Predicted uncertainity -0.7126
INFO:__main__:Completed epoch 16 of 100

INFO:__main__:NLL: 0.0846, L2: 0.0573, Reg: 0.5672
INFO:__main__:Total loss 0.7091
INFO:__main__:Predicted mean: -0.4849
INFO:__main__:Predicted uncertainity -0.7564
INFO:__main__:Completed epoch 17 of 100

INFO:__main__:NLL: 0.1309, L2: 0.0580, Reg: 0.5672
INFO:__main__:Total loss 0.7561
INFO:__main__:Predicted mean: -0.4475
INFO:__main__:Predicted uncertainity -0.7429
INFO:__main__:Completed epoch 18 of 100

INFO:__main__:NLL: 0.2309, L2: 0.0490, Reg: 0.5672
INFO:__main__:Total loss 0.8471
INFO:__main__:Predicted mean: -0.4702
INFO:__main__:Predicted uncertainity -0.6601
INFO:__main__:Completed epoch 19 of 100

INFO:__main__:NLL: 0.1136, L2: 0.0551, Reg: 0.5672
INFO:__main__:Total loss 0.7359
INFO:__main__:Predicted mean: -0.4657
INFO:__main__:Predicted uncertainity -0.7695
INFO:__main__:Completed epoch 20 of 100

INFO:__main__:NLL: 0.1308, L2: 0.0522, Reg: 0.5672
INFO:__main__:Total loss 0.7502
INFO:__main__:Predicted mean: -0.4900
INFO:__main__:Predicted uncertainity -0.6261
INFO:__main__:Completed epoch 21 of 100

INFO:__main__:NLL: 0.0529, L2: 0.0529, Reg: 0.5672
INFO:__main__:Total loss 0.6731
INFO:__main__:Predicted mean: -0.4541
INFO:__main__:Predicted uncertainity -0.7159
INFO:__main__:Completed epoch 22 of 100

INFO:__main__:NLL: 0.2217, L2: 0.0569, Reg: 0.5672
INFO:__main__:Total loss 0.8457
INFO:__main__:Predicted mean: -0.4688
INFO:__main__:Predicted uncertainity -0.7182
INFO:__main__:Completed epoch 23 of 100

INFO:__main__:NLL: 0.1392, L2: 0.0469, Reg: 0.5672
INFO:__main__:Total loss 0.7534
INFO:__main__:Predicted mean: -0.4203
INFO:__main__:Predicted uncertainity -0.6355
INFO:__main__:Completed epoch 24 of 100

INFO:__main__:NLL: 0.1772, L2: 0.0410, Reg: 0.5672
INFO:__main__:Total loss 0.7854
INFO:__main__:Predicted mean: -0.3916
INFO:__main__:Predicted uncertainity -0.5815
INFO:__main__:Completed epoch 25 of 100

INFO:__main__:NLL: 0.4081, L2: 0.0487, Reg: 0.5672
INFO:__main__:Total loss 1.0241
INFO:__main__:Predicted mean: -0.4370
INFO:__main__:Predicted uncertainity -0.6799
INFO:__main__:Completed epoch 26 of 100

INFO:__main__:NLL: 0.1423, L2: 0.0465, Reg: 0.5672
INFO:__main__:Total loss 0.7560
INFO:__main__:Predicted mean: -0.4079
INFO:__main__:Predicted uncertainity -0.5970
INFO:__main__:Completed epoch 27 of 100

INFO:__main__:NLL: 0.1546, L2: 0.0510, Reg: 0.5672
INFO:__main__:Total loss 0.7728
INFO:__main__:Predicted mean: -0.4793
INFO:__main__:Predicted uncertainity -0.7384
INFO:__main__:Completed epoch 28 of 100

INFO:__main__:NLL: 0.1406, L2: 0.0480, Reg: 0.5672
INFO:__main__:Total loss 0.7558
INFO:__main__:Predicted mean: -0.4518
INFO:__main__:Predicted uncertainity -0.7426
INFO:__main__:Completed epoch 29 of 100

INFO:__main__:NLL: 0.1534, L2: 0.0471, Reg: 0.5672
INFO:__main__:Total loss 0.7677
INFO:__main__:Predicted mean: -0.4397
INFO:__main__:Predicted uncertainity -0.6175
INFO:__main__:Completed epoch 30 of 100

INFO:__main__:NLL: 0.0866, L2: 0.0496, Reg: 0.5672
INFO:__main__:Total loss 0.7034
INFO:__main__:Predicted mean: -0.4538
INFO:__main__:Predicted uncertainity -0.6655
INFO:__main__:Completed epoch 31 of 100

INFO:__main__:NLL: 0.1199, L2: 0.0461, Reg: 0.5672
INFO:__main__:Total loss 0.7332
INFO:__main__:Predicted mean: -0.4329
INFO:__main__:Predicted uncertainity -0.5601
INFO:__main__:Completed epoch 32 of 100

INFO:__main__:NLL: 0.1571, L2: 0.0587, Reg: 0.5672
INFO:__main__:Total loss 0.7830
INFO:__main__:Predicted mean: -0.4696
INFO:__main__:Predicted uncertainity -0.7338
INFO:__main__:Completed epoch 33 of 100

INFO:__main__:NLL: 0.1507, L2: 0.0553, Reg: 0.5672
INFO:__main__:Total loss 0.7731
INFO:__main__:Predicted mean: -0.4880
INFO:__main__:Predicted uncertainity -0.6803
INFO:__main__:Completed epoch 34 of 100

INFO:__main__:NLL: 0.1338, L2: 0.0540, Reg: 0.5672
INFO:__main__:Total loss 0.7550
INFO:__main__:Predicted mean: -0.4281
INFO:__main__:Predicted uncertainity -0.7805
INFO:__main__:Completed epoch 35 of 100

INFO:__main__:NLL: 0.1710, L2: 0.0479, Reg: 0.5672
INFO:__main__:Total loss 0.7861
INFO:__main__:Predicted mean: -0.4662
INFO:__main__:Predicted uncertainity -0.6149
INFO:__main__:Completed epoch 36 of 100

INFO:__main__:NLL: 0.2394, L2: 0.0447, Reg: 0.5672
INFO:__main__:Total loss 0.8514
INFO:__main__:Predicted mean: -0.4118
INFO:__main__:Predicted uncertainity -0.6044
INFO:__main__:Completed epoch 37 of 100

INFO:__main__:NLL: 0.1145, L2: 0.0507, Reg: 0.5672
INFO:__main__:Total loss 0.7324
INFO:__main__:Predicted mean: -0.4512
INFO:__main__:Predicted uncertainity -0.7108
INFO:__main__:Completed epoch 38 of 100

INFO:__main__:NLL: 0.0738, L2: 0.0521, Reg: 0.5672
INFO:__main__:Total loss 0.6931
INFO:__main__:Predicted mean: -0.4507
INFO:__main__:Predicted uncertainity -0.7789
INFO:__main__:Completed epoch 39 of 100

INFO:__main__:NLL: 0.1231, L2: 0.0472, Reg: 0.5672
INFO:__main__:Total loss 0.7375
INFO:__main__:Predicted mean: -0.4375
INFO:__main__:Predicted uncertainity -0.5915
INFO:__main__:Completed epoch 40 of 100

INFO:__main__:NLL: 0.1758, L2: 0.0516, Reg: 0.5672
INFO:__main__:Total loss 0.7946
INFO:__main__:Predicted mean: -0.4452
INFO:__main__:Predicted uncertainity -0.6915
INFO:__main__:Completed epoch 41 of 100

INFO:__main__:NLL: 0.3493, L2: 0.0511, Reg: 0.5672
INFO:__main__:Total loss 0.9676
INFO:__main__:Predicted mean: -0.4711
INFO:__main__:Predicted uncertainity -0.7150
INFO:__main__:Completed epoch 42 of 100

INFO:__main__:NLL: 0.1578, L2: 0.0475, Reg: 0.5672
INFO:__main__:Total loss 0.7725
INFO:__main__:Predicted mean: -0.4759
INFO:__main__:Predicted uncertainity -0.6835
INFO:__main__:Completed epoch 43 of 100

INFO:__main__:NLL: 0.1386, L2: 0.0578, Reg: 0.5672
INFO:__main__:Total loss 0.7637
INFO:__main__:Predicted mean: -0.4463
INFO:__main__:Predicted uncertainity -0.7885
INFO:__main__:Completed epoch 44 of 100

INFO:__main__:NLL: 0.1692, L2: 0.0475, Reg: 0.5672
INFO:__main__:Total loss 0.7839
INFO:__main__:Predicted mean: -0.3930
INFO:__main__:Predicted uncertainity -0.7042
INFO:__main__:Completed epoch 45 of 100

INFO:__main__:NLL: 0.3336, L2: 0.0498, Reg: 0.5672
INFO:__main__:Total loss 0.9506
INFO:__main__:Predicted mean: -0.4192
INFO:__main__:Predicted uncertainity -0.6519
INFO:__main__:Completed epoch 46 of 100

INFO:__main__:NLL: 0.1086, L2: 0.0554, Reg: 0.5672
INFO:__main__:Total loss 0.7312
INFO:__main__:Predicted mean: -0.4970
INFO:__main__:Predicted uncertainity -0.7533
INFO:__main__:Completed epoch 47 of 100

INFO:__main__:NLL: 0.2290, L2: 0.0474, Reg: 0.5672
INFO:__main__:Total loss 0.8436
INFO:__main__:Predicted mean: -0.4243
INFO:__main__:Predicted uncertainity -0.6702
INFO:__main__:Completed epoch 48 of 100

INFO:__main__:NLL: 0.1195, L2: 0.0539, Reg: 0.5672
INFO:__main__:Total loss 0.7406
INFO:__main__:Predicted mean: -0.5075
INFO:__main__:Predicted uncertainity -0.7697
INFO:__main__:Completed epoch 49 of 100

INFO:__main__:NLL: 0.1364, L2: 0.0486, Reg: 0.5672
INFO:__main__:Total loss 0.7522
INFO:__main__:Predicted mean: -0.4927
INFO:__main__:Predicted uncertainity -0.7460
INFO:__main__:Completed epoch 50 of 100

INFO:__main__:NLL: 0.1440, L2: 0.0531, Reg: 0.5672
INFO:__main__:Total loss 0.7643
INFO:__main__:Predicted mean: -0.4420
INFO:__main__:Predicted uncertainity -0.8161
INFO:__main__:Completed epoch 51 of 100

INFO:__main__:NLL: 0.0552, L2: 0.0508, Reg: 0.5672
INFO:__main__:Total loss 0.6732
INFO:__main__:Predicted mean: -0.4253
INFO:__main__:Predicted uncertainity -0.7395
INFO:__main__:Completed epoch 52 of 100

INFO:__main__:NLL: 0.3059, L2: 0.0546, Reg: 0.5672
INFO:__main__:Total loss 0.9278
INFO:__main__:Predicted mean: -0.5013
INFO:__main__:Predicted uncertainity -0.8664
INFO:__main__:Completed epoch 53 of 100

INFO:__main__:NLL: 0.1017, L2: 0.0483, Reg: 0.5672
INFO:__main__:Total loss 0.7172
INFO:__main__:Predicted mean: -0.4163
INFO:__main__:Predicted uncertainity -0.6851
INFO:__main__:Completed epoch 54 of 100

INFO:__main__:NLL: 0.1642, L2: 0.0479, Reg: 0.5672
INFO:__main__:Total loss 0.7794
INFO:__main__:Predicted mean: -0.4323
INFO:__main__:Predicted uncertainity -0.7062
INFO:__main__:Completed epoch 55 of 100

INFO:__main__:NLL: 0.1452, L2: 0.0475, Reg: 0.5672
INFO:__main__:Total loss 0.7600
INFO:__main__:Predicted mean: -0.4000
INFO:__main__:Predicted uncertainity -0.6970
INFO:__main__:Completed epoch 56 of 100

INFO:__main__:NLL: 0.2039, L2: 0.0531, Reg: 0.5672
INFO:__main__:Total loss 0.8242
INFO:__main__:Predicted mean: -0.4425
INFO:__main__:Predicted uncertainity -0.7488
INFO:__main__:Completed epoch 57 of 100

INFO:__main__:NLL: 0.2254, L2: 0.0577, Reg: 0.5672
INFO:__main__:Total loss 0.8503
INFO:__main__:Predicted mean: -0.5021
INFO:__main__:Predicted uncertainity -0.8030
INFO:__main__:Completed epoch 58 of 100

INFO:__main__:NLL: 0.1438, L2: 0.0509, Reg: 0.5672
INFO:__main__:Total loss 0.7619
INFO:__main__:Predicted mean: -0.4453
INFO:__main__:Predicted uncertainity -0.6541
INFO:__main__:Completed epoch 59 of 100

INFO:__main__:NLL: 0.1145, L2: 0.0526, Reg: 0.5672
INFO:__main__:Total loss 0.7343
INFO:__main__:Predicted mean: -0.4085
INFO:__main__:Predicted uncertainity -0.5943
INFO:__main__:Completed epoch 60 of 100

INFO:__main__:NLL: 0.0864, L2: 0.0518, Reg: 0.5672
INFO:__main__:Total loss 0.7054
INFO:__main__:Predicted mean: -0.4592
INFO:__main__:Predicted uncertainity -0.6504
INFO:__main__:Completed epoch 61 of 100

INFO:__main__:NLL: 0.2082, L2: 0.0441, Reg: 0.5672
INFO:__main__:Total loss 0.8194
INFO:__main__:Predicted mean: -0.4216
INFO:__main__:Predicted uncertainity -0.6995
INFO:__main__:Completed epoch 62 of 100

INFO:__main__:NLL: 0.5108, L2: 0.0586, Reg: 0.5672
INFO:__main__:Total loss 1.1366
INFO:__main__:Predicted mean: -0.4676
INFO:__main__:Predicted uncertainity -0.7571
INFO:__main__:Completed epoch 63 of 100

INFO:__main__:NLL: 0.1099, L2: 0.0585, Reg: 0.5672
INFO:__main__:Total loss 0.7356
INFO:__main__:Predicted mean: -0.5322
INFO:__main__:Predicted uncertainity -0.7402
INFO:__main__:Completed epoch 64 of 100

INFO:__main__:NLL: 0.0288, L2: 0.0526, Reg: 0.5672
INFO:__main__:Total loss 0.6486
INFO:__main__:Predicted mean: -0.4547
INFO:__main__:Predicted uncertainity -0.7600
INFO:__main__:Completed epoch 65 of 100

INFO:__main__:NLL: 0.1635, L2: 0.0511, Reg: 0.5672
INFO:__main__:Total loss 0.7818
INFO:__main__:Predicted mean: -0.4545
INFO:__main__:Predicted uncertainity -0.7491
INFO:__main__:Completed epoch 66 of 100

INFO:__main__:NLL: 0.1058, L2: 0.0560, Reg: 0.5672
INFO:__main__:Total loss 0.7291
INFO:__main__:Predicted mean: -0.4568
INFO:__main__:Predicted uncertainity -0.7275
INFO:__main__:Completed epoch 67 of 100

INFO:__main__:NLL: 0.1839, L2: 0.0541, Reg: 0.5672
INFO:__main__:Total loss 0.8052
INFO:__main__:Predicted mean: -0.4555
INFO:__main__:Predicted uncertainity -0.7892
INFO:__main__:Completed epoch 68 of 100

INFO:__main__:NLL: 0.1366, L2: 0.0549, Reg: 0.5672
INFO:__main__:Total loss 0.7586
INFO:__main__:Predicted mean: -0.4453
INFO:__main__:Predicted uncertainity -0.7046
INFO:__main__:Completed epoch 69 of 100

INFO:__main__:NLL: 0.0917, L2: 0.0458, Reg: 0.5672
INFO:__main__:Total loss 0.7047
INFO:__main__:Predicted mean: -0.4374
INFO:__main__:Predicted uncertainity -0.6428
INFO:__main__:Completed epoch 70 of 100

INFO:__main__:NLL: 0.1814, L2: 0.0420, Reg: 0.5672
INFO:__main__:Total loss 0.7906
INFO:__main__:Predicted mean: -0.4161
INFO:__main__:Predicted uncertainity -0.6896
INFO:__main__:Completed epoch 71 of 100

INFO:__main__:NLL: 0.1535, L2: 0.0487, Reg: 0.5672
INFO:__main__:Total loss 0.7695
INFO:__main__:Predicted mean: -0.3974
INFO:__main__:Predicted uncertainity -0.6394
INFO:__main__:Completed epoch 72 of 100

INFO:__main__:NLL: 0.0928, L2: 0.0479, Reg: 0.5672
INFO:__main__:Total loss 0.7079
INFO:__main__:Predicted mean: -0.4180
INFO:__main__:Predicted uncertainity -0.6446
INFO:__main__:Completed epoch 73 of 100

INFO:__main__:NLL: 0.0246, L2: 0.0520, Reg: 0.5672
INFO:__main__:Total loss 0.6438
INFO:__main__:Predicted mean: -0.5098
INFO:__main__:Predicted uncertainity -0.7774
INFO:__main__:Completed epoch 74 of 100

INFO:__main__:NLL: 0.1632, L2: 0.0544, Reg: 0.5672
INFO:__main__:Total loss 0.7848
INFO:__main__:Predicted mean: -0.4510
INFO:__main__:Predicted uncertainity -0.6637
INFO:__main__:Completed epoch 75 of 100

INFO:__main__:NLL: 0.0968, L2: 0.0508, Reg: 0.5672
INFO:__main__:Total loss 0.7149
INFO:__main__:Predicted mean: -0.4478
INFO:__main__:Predicted uncertainity -0.6451
INFO:__main__:Completed epoch 76 of 100

INFO:__main__:NLL: 0.1225, L2: 0.0520, Reg: 0.5672
INFO:__main__:Total loss 0.7417
INFO:__main__:Predicted mean: -0.4702
INFO:__main__:Predicted uncertainity -0.5924
INFO:__main__:Completed epoch 77 of 100

INFO:__main__:NLL: 0.1046, L2: 0.0567, Reg: 0.5672
INFO:__main__:Total loss 0.7285
INFO:__main__:Predicted mean: -0.5053
INFO:__main__:Predicted uncertainity -0.5702
INFO:__main__:Completed epoch 78 of 100

INFO:__main__:NLL: 0.0956, L2: 0.0477, Reg: 0.5672
INFO:__main__:Total loss 0.7105
INFO:__main__:Predicted mean: -0.4260
INFO:__main__:Predicted uncertainity -0.7129
INFO:__main__:Completed epoch 79 of 100

INFO:__main__:NLL: 0.1278, L2: 0.0462, Reg: 0.5672
INFO:__main__:Total loss 0.7411
INFO:__main__:Predicted mean: -0.4106
INFO:__main__:Predicted uncertainity -0.7159
INFO:__main__:Completed epoch 80 of 100

INFO:__main__:NLL: 0.1543, L2: 0.0521, Reg: 0.5672
INFO:__main__:Total loss 0.7736
INFO:__main__:Predicted mean: -0.4457
INFO:__main__:Predicted uncertainity -0.7145
INFO:__main__:Completed epoch 81 of 100

INFO:__main__:NLL: 0.1894, L2: 0.0485, Reg: 0.5672
INFO:__main__:Total loss 0.8051
INFO:__main__:Predicted mean: -0.3636
INFO:__main__:Predicted uncertainity -0.6510
INFO:__main__:Completed epoch 82 of 100

INFO:__main__:NLL: 0.2171, L2: 0.0451, Reg: 0.5672
INFO:__main__:Total loss 0.8294
INFO:__main__:Predicted mean: -0.4166
INFO:__main__:Predicted uncertainity -0.6867
INFO:__main__:Completed epoch 83 of 100

INFO:__main__:NLL: 0.1176, L2: 0.0439, Reg: 0.5672
INFO:__main__:Total loss 0.7287
INFO:__main__:Predicted mean: -0.4221
INFO:__main__:Predicted uncertainity -0.6867
INFO:__main__:Completed epoch 84 of 100

INFO:__main__:NLL: 0.2087, L2: 0.0557, Reg: 0.5672
INFO:__main__:Total loss 0.8316
INFO:__main__:Predicted mean: -0.4943
INFO:__main__:Predicted uncertainity -0.6374
INFO:__main__:Completed epoch 85 of 100

INFO:__main__:NLL: 0.1333, L2: 0.0550, Reg: 0.5672
INFO:__main__:Total loss 0.7554
INFO:__main__:Predicted mean: -0.4630
INFO:__main__:Predicted uncertainity -0.6807
INFO:__main__:Completed epoch 86 of 100

INFO:__main__:NLL: 0.0969, L2: 0.0629, Reg: 0.5672
INFO:__main__:Total loss 0.7270
INFO:__main__:Predicted mean: -0.5044
INFO:__main__:Predicted uncertainity -0.8185
INFO:__main__:Completed epoch 87 of 100

INFO:__main__:NLL: 0.3145, L2: 0.0542, Reg: 0.5672
INFO:__main__:Total loss 0.9359
INFO:__main__:Predicted mean: -0.4638
INFO:__main__:Predicted uncertainity -0.7225
INFO:__main__:Completed epoch 88 of 100

INFO:__main__:NLL: 0.4054, L2: 0.0501, Reg: 0.5672
INFO:__main__:Total loss 1.0226
INFO:__main__:Predicted mean: -0.4060
INFO:__main__:Predicted uncertainity -0.7126
INFO:__main__:Completed epoch 89 of 100

INFO:__main__:NLL: 0.1818, L2: 0.0514, Reg: 0.5672
INFO:__main__:Total loss 0.8004
INFO:__main__:Predicted mean: -0.4343
INFO:__main__:Predicted uncertainity -0.6762
INFO:__main__:Completed epoch 90 of 100

INFO:__main__:NLL: 0.1279, L2: 0.0613, Reg: 0.5672
INFO:__main__:Total loss 0.7565
INFO:__main__:Predicted mean: -0.3946
INFO:__main__:Predicted uncertainity -0.6412
INFO:__main__:Completed epoch 91 of 100

INFO:__main__:NLL: 0.0272, L2: 0.0544, Reg: 0.5672
INFO:__main__:Total loss 0.6487
INFO:__main__:Predicted mean: -0.4631
INFO:__main__:Predicted uncertainity -0.6731
INFO:__main__:Completed epoch 92 of 100

INFO:__main__:NLL: 0.2914, L2: 0.0490, Reg: 0.5672
INFO:__main__:Total loss 0.9076
INFO:__main__:Predicted mean: -0.4533
INFO:__main__:Predicted uncertainity -0.7104
INFO:__main__:Completed epoch 93 of 100

INFO:__main__:NLL: 0.2938, L2: 0.0551, Reg: 0.5672
INFO:__main__:Total loss 0.9160
INFO:__main__:Predicted mean: -0.4629
INFO:__main__:Predicted uncertainity -0.8048
INFO:__main__:Completed epoch 94 of 100

INFO:__main__:NLL: 0.1825, L2: 0.0441, Reg: 0.5672
INFO:__main__:Total loss 0.7938
INFO:__main__:Predicted mean: -0.3824
INFO:__main__:Predicted uncertainity -0.6998
INFO:__main__:Completed epoch 95 of 100

INFO:__main__:NLL: 0.2236, L2: 0.0517, Reg: 0.5672
INFO:__main__:Total loss 0.8425
INFO:__main__:Predicted mean: -0.4559
INFO:__main__:Predicted uncertainity -0.7376
INFO:__main__:Completed epoch 96 of 100

INFO:__main__:NLL: 0.1807, L2: 0.0509, Reg: 0.5672
INFO:__main__:Total loss 0.7988
INFO:__main__:Predicted mean: -0.4216
INFO:__main__:Predicted uncertainity -0.6797
INFO:__main__:Completed epoch 97 of 100

INFO:__main__:NLL: 0.0833, L2: 0.0495, Reg: 0.5672
INFO:__main__:Total loss 0.7000
INFO:__main__:Predicted mean: -0.4239
INFO:__main__:Predicted uncertainity -0.6885
INFO:__main__:Completed epoch 98 of 100

INFO:__main__:NLL: 0.1152, L2: 0.0519, Reg: 0.5672
INFO:__main__:Total loss 0.7343
INFO:__main__:Predicted mean: -0.4825
INFO:__main__:Predicted uncertainity -0.7396
INFO:__main__:Completed epoch 99 of 100

INFO:__main__:NLL: 0.2765, L2: 0.0480, Reg: 0.5672
INFO:__main__:Total loss 0.8917
INFO:__main__:Predicted mean: -0.4164
INFO:__main__:Predicted uncertainity -0.7439
INFO:__main__:Completed epoch 100 of 100

INFO:__main__:601.355860 s
