INFO:__main__:PROCESS RUNNING ON cpu
INFO:__main__:NLL: 0.4637, L2: 0.0013, Reg: -0.2114
INFO:__main__:Total loss 0.2536
INFO:__main__:Predicted mean: -0.3674
INFO:__main__:Predicted uncertainity 0.5844
INFO:__main__:Completed epoch 1 of 100

INFO:__main__:NLL: 0.4633, L2: 0.0010, Reg: -0.2183
INFO:__main__:Total loss 0.2460
INFO:__main__:Predicted mean: -0.3699
INFO:__main__:Predicted uncertainity 0.5899
INFO:__main__:Completed epoch 2 of 100

INFO:__main__:NLL: 0.4668, L2: 0.0010, Reg: -0.2190
INFO:__main__:Total loss 0.2488
INFO:__main__:Predicted mean: -0.3655
INFO:__main__:Predicted uncertainity 0.5922
INFO:__main__:Completed epoch 3 of 100

INFO:__main__:NLL: 0.4613, L2: 0.0009, Reg: -0.2175
INFO:__main__:Total loss 0.2447
INFO:__main__:Predicted mean: -0.3583
INFO:__main__:Predicted uncertainity 0.5829
INFO:__main__:Completed epoch 4 of 100

INFO:__main__:NLL: 0.4659, L2: 0.0010, Reg: -0.2120
INFO:__main__:Total loss 0.2549
INFO:__main__:Predicted mean: -0.3580
INFO:__main__:Predicted uncertainity 0.5915
INFO:__main__:Completed epoch 5 of 100

INFO:__main__:NLL: 0.4627, L2: 0.0009, Reg: -0.2146
INFO:__main__:Total loss 0.2490
INFO:__main__:Predicted mean: -0.3535
INFO:__main__:Predicted uncertainity 0.5864
INFO:__main__:Completed epoch 6 of 100

INFO:__main__:NLL: 0.4700, L2: 0.0010, Reg: -0.2156
INFO:__main__:Total loss 0.2554
INFO:__main__:Predicted mean: -0.3595
INFO:__main__:Predicted uncertainity 0.6042
INFO:__main__:Completed epoch 7 of 100

INFO:__main__:NLL: 0.4656, L2: 0.0011, Reg: -0.2176
INFO:__main__:Total loss 0.2490
INFO:__main__:Predicted mean: -0.3596
INFO:__main__:Predicted uncertainity 0.5938
INFO:__main__:Completed epoch 8 of 100

INFO:__main__:NLL: 0.4705, L2: 0.0011, Reg: -0.2176
INFO:__main__:Total loss 0.2540
INFO:__main__:Predicted mean: -0.3634
INFO:__main__:Predicted uncertainity 0.6069
INFO:__main__:Completed epoch 9 of 100

INFO:__main__:NLL: 0.4673, L2: 0.0011, Reg: -0.2160
INFO:__main__:Total loss 0.2524
INFO:__main__:Predicted mean: -0.3620
INFO:__main__:Predicted uncertainity 0.5968
INFO:__main__:Completed epoch 10 of 100

INFO:__main__:NLL: 0.4684, L2: 0.0014, Reg: -0.2225
INFO:__main__:Total loss 0.2472
INFO:__main__:Predicted mean: -0.3642
INFO:__main__:Predicted uncertainity 0.6012
INFO:__main__:Completed epoch 11 of 100

INFO:__main__:NLL: 0.4697, L2: 0.0010, Reg: -0.2195
INFO:__main__:Total loss 0.2513
INFO:__main__:Predicted mean: -0.3639
INFO:__main__:Predicted uncertainity 0.6018
INFO:__main__:Completed epoch 12 of 100

INFO:__main__:NLL: 0.4676, L2: 0.0010, Reg: -0.2175
INFO:__main__:Total loss 0.2511
INFO:__main__:Predicted mean: -0.3650
INFO:__main__:Predicted uncertainity 0.5950
INFO:__main__:Completed epoch 13 of 100

INFO:__main__:NLL: 0.4716, L2: 0.0013, Reg: -0.2208
INFO:__main__:Total loss 0.2521
INFO:__main__:Predicted mean: -0.3655
INFO:__main__:Predicted uncertainity 0.6084
INFO:__main__:Completed epoch 14 of 100

INFO:__main__:NLL: 0.4643, L2: 0.0011, Reg: -0.2146
INFO:__main__:Total loss 0.2508
INFO:__main__:Predicted mean: -0.3635
INFO:__main__:Predicted uncertainity 0.5849
INFO:__main__:Completed epoch 15 of 100

INFO:__main__:NLL: 0.4649, L2: 0.0013, Reg: -0.2108
INFO:__main__:Total loss 0.2554
INFO:__main__:Predicted mean: -0.3601
INFO:__main__:Predicted uncertainity 0.5917
INFO:__main__:Completed epoch 16 of 100

INFO:__main__:NLL: 0.4684, L2: 0.0013, Reg: -0.2227
INFO:__main__:Total loss 0.2470
INFO:__main__:Predicted mean: -0.3646
INFO:__main__:Predicted uncertainity 0.6025
INFO:__main__:Completed epoch 17 of 100

INFO:__main__:NLL: 0.4665, L2: 0.0013, Reg: -0.2209
INFO:__main__:Total loss 0.2469
INFO:__main__:Predicted mean: -0.3687
INFO:__main__:Predicted uncertainity 0.5941
INFO:__main__:Completed epoch 18 of 100

INFO:__main__:NLL: 0.4653, L2: 0.0012, Reg: -0.2147
INFO:__main__:Total loss 0.2519
INFO:__main__:Predicted mean: -0.3609
INFO:__main__:Predicted uncertainity 0.5903
INFO:__main__:Completed epoch 19 of 100

INFO:__main__:NLL: 0.4713, L2: 0.0011, Reg: -0.2222
INFO:__main__:Total loss 0.2502
INFO:__main__:Predicted mean: -0.3654
INFO:__main__:Predicted uncertainity 0.6058
INFO:__main__:Completed epoch 20 of 100

INFO:__main__:NLL: 0.4654, L2: 0.0013, Reg: -0.2137
INFO:__main__:Total loss 0.2529
INFO:__main__:Predicted mean: -0.3654
INFO:__main__:Predicted uncertainity 0.5901
INFO:__main__:Completed epoch 21 of 100

INFO:__main__:NLL: 0.4700, L2: 0.0012, Reg: -0.2217
INFO:__main__:Total loss 0.2494
INFO:__main__:Predicted mean: -0.3590
INFO:__main__:Predicted uncertainity 0.6047
INFO:__main__:Completed epoch 22 of 100

INFO:__main__:NLL: 0.4709, L2: 0.0011, Reg: -0.2187
INFO:__main__:Total loss 0.2533
INFO:__main__:Predicted mean: -0.3638
INFO:__main__:Predicted uncertainity 0.6072
INFO:__main__:Completed epoch 23 of 100

INFO:__main__:NLL: 0.4677, L2: 0.0012, Reg: -0.2199
INFO:__main__:Total loss 0.2490
INFO:__main__:Predicted mean: -0.3600
INFO:__main__:Predicted uncertainity 0.5983
INFO:__main__:Completed epoch 24 of 100

INFO:__main__:NLL: 0.4653, L2: 0.0012, Reg: -0.2173
INFO:__main__:Total loss 0.2492
INFO:__main__:Predicted mean: -0.3648
INFO:__main__:Predicted uncertainity 0.5887
INFO:__main__:Completed epoch 25 of 100

INFO:__main__:NLL: 0.4700, L2: 0.0014, Reg: -0.2204
INFO:__main__:Total loss 0.2510
INFO:__main__:Predicted mean: -0.3706
INFO:__main__:Predicted uncertainity 0.6069
INFO:__main__:Completed epoch 26 of 100

INFO:__main__:NLL: 0.4669, L2: 0.0013, Reg: -0.2168
INFO:__main__:Total loss 0.2514
INFO:__main__:Predicted mean: -0.3665
INFO:__main__:Predicted uncertainity 0.5943
INFO:__main__:Completed epoch 27 of 100

INFO:__main__:NLL: 0.4710, L2: 0.0016, Reg: -0.2208
INFO:__main__:Total loss 0.2518
INFO:__main__:Predicted mean: -0.3681
INFO:__main__:Predicted uncertainity 0.6085
INFO:__main__:Completed epoch 28 of 100

INFO:__main__:NLL: 0.4685, L2: 0.0013, Reg: -0.2195
INFO:__main__:Total loss 0.2504
INFO:__main__:Predicted mean: -0.3595
INFO:__main__:Predicted uncertainity 0.6002
INFO:__main__:Completed epoch 29 of 100

INFO:__main__:NLL: 0.4692, L2: 0.0011, Reg: -0.2205
INFO:__main__:Total loss 0.2498
INFO:__main__:Predicted mean: -0.3650
INFO:__main__:Predicted uncertainity 0.6004
INFO:__main__:Completed epoch 30 of 100

INFO:__main__:NLL: 0.4689, L2: 0.0013, Reg: -0.2177
INFO:__main__:Total loss 0.2525
INFO:__main__:Predicted mean: -0.3674
INFO:__main__:Predicted uncertainity 0.5988
INFO:__main__:Completed epoch 31 of 100

INFO:__main__:NLL: 0.4666, L2: 0.0014, Reg: -0.2169
INFO:__main__:Total loss 0.2511
INFO:__main__:Predicted mean: -0.3673
INFO:__main__:Predicted uncertainity 0.5929
INFO:__main__:Completed epoch 32 of 100

INFO:__main__:NLL: 0.4740, L2: 0.0012, Reg: -0.2229
INFO:__main__:Total loss 0.2524
INFO:__main__:Predicted mean: -0.3688
INFO:__main__:Predicted uncertainity 0.6135
INFO:__main__:Completed epoch 33 of 100

INFO:__main__:NLL: 0.4655, L2: 0.0012, Reg: -0.2153
INFO:__main__:Total loss 0.2514
INFO:__main__:Predicted mean: -0.3670
INFO:__main__:Predicted uncertainity 0.5934
INFO:__main__:Completed epoch 34 of 100

INFO:__main__:NLL: 0.4665, L2: 0.0013, Reg: -0.2165
INFO:__main__:Total loss 0.2513
INFO:__main__:Predicted mean: -0.3643
INFO:__main__:Predicted uncertainity 0.5958
INFO:__main__:Completed epoch 35 of 100

INFO:__main__:NLL: 0.4691, L2: 0.0011, Reg: -0.2190
INFO:__main__:Total loss 0.2512
INFO:__main__:Predicted mean: -0.3635
INFO:__main__:Predicted uncertainity 0.5994
INFO:__main__:Completed epoch 36 of 100

INFO:__main__:NLL: 0.4681, L2: 0.0014, Reg: -0.2207
INFO:__main__:Total loss 0.2488
INFO:__main__:Predicted mean: -0.3643
INFO:__main__:Predicted uncertainity 0.6044
INFO:__main__:Completed epoch 37 of 100

INFO:__main__:NLL: 0.4684, L2: 0.0014, Reg: -0.2205
INFO:__main__:Total loss 0.2493
INFO:__main__:Predicted mean: -0.3617
INFO:__main__:Predicted uncertainity 0.6012
INFO:__main__:Completed epoch 38 of 100

INFO:__main__:NLL: 0.4653, L2: 0.0011, Reg: -0.2190
INFO:__main__:Total loss 0.2474
INFO:__main__:Predicted mean: -0.3577
INFO:__main__:Predicted uncertainity 0.5913
INFO:__main__:Completed epoch 39 of 100

INFO:__main__:NLL: 0.4682, L2: 0.0012, Reg: -0.2211
INFO:__main__:Total loss 0.2484
INFO:__main__:Predicted mean: -0.3679
INFO:__main__:Predicted uncertainity 0.6021
INFO:__main__:Completed epoch 40 of 100

INFO:__main__:NLL: 0.4690, L2: 0.0012, Reg: -0.2201
INFO:__main__:Total loss 0.2501
INFO:__main__:Predicted mean: -0.3702
INFO:__main__:Predicted uncertainity 0.6028
INFO:__main__:Completed epoch 41 of 100

INFO:__main__:NLL: 0.4689, L2: 0.0013, Reg: -0.2184
INFO:__main__:Total loss 0.2518
INFO:__main__:Predicted mean: -0.3698
INFO:__main__:Predicted uncertainity 0.6003
INFO:__main__:Completed epoch 42 of 100

INFO:__main__:NLL: 0.4618, L2: 0.0011, Reg: -0.2153
INFO:__main__:Total loss 0.2477
INFO:__main__:Predicted mean: -0.3652
INFO:__main__:Predicted uncertainity 0.5820
INFO:__main__:Completed epoch 43 of 100

INFO:__main__:NLL: 0.4681, L2: 0.0012, Reg: -0.2188
INFO:__main__:Total loss 0.2505
INFO:__main__:Predicted mean: -0.3686
INFO:__main__:Predicted uncertainity 0.6003
INFO:__main__:Completed epoch 44 of 100

INFO:__main__:NLL: 0.4669, L2: 0.0012, Reg: -0.2164
INFO:__main__:Total loss 0.2516
INFO:__main__:Predicted mean: -0.3640
INFO:__main__:Predicted uncertainity 0.5947
INFO:__main__:Completed epoch 45 of 100

INFO:__main__:NLL: 0.4696, L2: 0.0012, Reg: -0.2218
INFO:__main__:Total loss 0.2490
INFO:__main__:Predicted mean: -0.3656
INFO:__main__:Predicted uncertainity 0.5994
INFO:__main__:Completed epoch 46 of 100

INFO:__main__:NLL: 0.4736, L2: 0.0012, Reg: -0.2241
INFO:__main__:Total loss 0.2507
INFO:__main__:Predicted mean: -0.3739
INFO:__main__:Predicted uncertainity 0.6133
INFO:__main__:Completed epoch 47 of 100

INFO:__main__:NLL: 0.4682, L2: 0.0011, Reg: -0.2204
INFO:__main__:Total loss 0.2488
INFO:__main__:Predicted mean: -0.3615
INFO:__main__:Predicted uncertainity 0.5997
INFO:__main__:Completed epoch 48 of 100

INFO:__main__:NLL: 0.4673, L2: 0.0012, Reg: -0.2200
INFO:__main__:Total loss 0.2485
INFO:__main__:Predicted mean: -0.3626
INFO:__main__:Predicted uncertainity 0.6011
INFO:__main__:Completed epoch 49 of 100

INFO:__main__:NLL: 0.4717, L2: 0.0012, Reg: -0.2229
INFO:__main__:Total loss 0.2500
INFO:__main__:Predicted mean: -0.3677
INFO:__main__:Predicted uncertainity 0.6080
INFO:__main__:Completed epoch 50 of 100

INFO:__main__:NLL: 0.4650, L2: 0.0013, Reg: -0.2126
INFO:__main__:Total loss 0.2537
INFO:__main__:Predicted mean: -0.3690
INFO:__main__:Predicted uncertainity 0.5884
INFO:__main__:Completed epoch 51 of 100

INFO:__main__:NLL: 0.4693, L2: 0.0010, Reg: -0.2228
INFO:__main__:Total loss 0.2475
INFO:__main__:Predicted mean: -0.3624
INFO:__main__:Predicted uncertainity 0.6036
INFO:__main__:Completed epoch 52 of 100

INFO:__main__:NLL: 0.4660, L2: 0.0012, Reg: -0.2190
INFO:__main__:Total loss 0.2481
INFO:__main__:Predicted mean: -0.3631
INFO:__main__:Predicted uncertainity 0.5928
INFO:__main__:Completed epoch 53 of 100

INFO:__main__:NLL: 0.4679, L2: 0.0013, Reg: -0.2196
INFO:__main__:Total loss 0.2496
INFO:__main__:Predicted mean: -0.3639
INFO:__main__:Predicted uncertainity 0.5975
INFO:__main__:Completed epoch 54 of 100

INFO:__main__:NLL: 0.4679, L2: 0.0013, Reg: -0.2198
INFO:__main__:Total loss 0.2494
INFO:__main__:Predicted mean: -0.3673
INFO:__main__:Predicted uncertainity 0.6021
INFO:__main__:Completed epoch 55 of 100

INFO:__main__:NLL: 0.4686, L2: 0.0011, Reg: -0.2188
INFO:__main__:Total loss 0.2510
INFO:__main__:Predicted mean: -0.3652
INFO:__main__:Predicted uncertainity 0.5989
INFO:__main__:Completed epoch 56 of 100

INFO:__main__:NLL: 0.4699, L2: 0.0012, Reg: -0.2203
INFO:__main__:Total loss 0.2509
INFO:__main__:Predicted mean: -0.3691
INFO:__main__:Predicted uncertainity 0.6018
INFO:__main__:Completed epoch 57 of 100

INFO:__main__:NLL: 0.4665, L2: 0.0011, Reg: -0.2172
INFO:__main__:Total loss 0.2504
INFO:__main__:Predicted mean: -0.3658
INFO:__main__:Predicted uncertainity 0.5933
INFO:__main__:Completed epoch 58 of 100

INFO:__main__:NLL: 0.4655, L2: 0.0013, Reg: -0.2142
INFO:__main__:Total loss 0.2525
INFO:__main__:Predicted mean: -0.3625
INFO:__main__:Predicted uncertainity 0.5938
INFO:__main__:Completed epoch 59 of 100

INFO:__main__:NLL: 0.4675, L2: 0.0013, Reg: -0.2194
INFO:__main__:Total loss 0.2494
INFO:__main__:Predicted mean: -0.3679
INFO:__main__:Predicted uncertainity 0.5951
INFO:__main__:Completed epoch 60 of 100

INFO:__main__:NLL: 0.4704, L2: 0.0009, Reg: -0.2204
INFO:__main__:Total loss 0.2509
INFO:__main__:Predicted mean: -0.3634
INFO:__main__:Predicted uncertainity 0.6042
INFO:__main__:Completed epoch 61 of 100

INFO:__main__:NLL: 0.4696, L2: 0.0011, Reg: -0.2192
INFO:__main__:Total loss 0.2514
INFO:__main__:Predicted mean: -0.3702
INFO:__main__:Predicted uncertainity 0.6014
INFO:__main__:Completed epoch 62 of 100

INFO:__main__:NLL: 0.4684, L2: 0.0013, Reg: -0.2214
INFO:__main__:Total loss 0.2483
INFO:__main__:Predicted mean: -0.3683
INFO:__main__:Predicted uncertainity 0.6007
INFO:__main__:Completed epoch 63 of 100

INFO:__main__:NLL: 0.4691, L2: 0.0013, Reg: -0.2192
INFO:__main__:Total loss 0.2513
INFO:__main__:Predicted mean: -0.3676
INFO:__main__:Predicted uncertainity 0.5992
INFO:__main__:Completed epoch 64 of 100

INFO:__main__:NLL: 0.4663, L2: 0.0012, Reg: -0.2184
INFO:__main__:Total loss 0.2491
INFO:__main__:Predicted mean: -0.3661
INFO:__main__:Predicted uncertainity 0.5933
INFO:__main__:Completed epoch 65 of 100

INFO:__main__:NLL: 0.4689, L2: 0.0011, Reg: -0.2181
INFO:__main__:Total loss 0.2519
INFO:__main__:Predicted mean: -0.3642
INFO:__main__:Predicted uncertainity 0.6023
INFO:__main__:Completed epoch 66 of 100

INFO:__main__:NLL: 0.4673, L2: 0.0014, Reg: -0.2180
INFO:__main__:Total loss 0.2507
INFO:__main__:Predicted mean: -0.3637
INFO:__main__:Predicted uncertainity 0.5995
INFO:__main__:Completed epoch 67 of 100

INFO:__main__:NLL: 0.4690, L2: 0.0011, Reg: -0.2209
INFO:__main__:Total loss 0.2493
INFO:__main__:Predicted mean: -0.3672
INFO:__main__:Predicted uncertainity 0.6006
INFO:__main__:Completed epoch 68 of 100

INFO:__main__:NLL: 0.4685, L2: 0.0013, Reg: -0.2168
INFO:__main__:Total loss 0.2530
INFO:__main__:Predicted mean: -0.3688
INFO:__main__:Predicted uncertainity 0.6025
INFO:__main__:Completed epoch 69 of 100

INFO:__main__:NLL: 0.4689, L2: 0.0014, Reg: -0.2193
INFO:__main__:Total loss 0.2509
INFO:__main__:Predicted mean: -0.3632
INFO:__main__:Predicted uncertainity 0.6016
INFO:__main__:Completed epoch 70 of 100

INFO:__main__:NLL: 0.4627, L2: 0.0012, Reg: -0.2156
INFO:__main__:Total loss 0.2483
INFO:__main__:Predicted mean: -0.3601
INFO:__main__:Predicted uncertainity 0.5835
INFO:__main__:Completed epoch 71 of 100

INFO:__main__:NLL: 0.4703, L2: 0.0012, Reg: -0.2162
INFO:__main__:Total loss 0.2554
INFO:__main__:Predicted mean: -0.3599
INFO:__main__:Predicted uncertainity 0.6038
INFO:__main__:Completed epoch 72 of 100

INFO:__main__:NLL: 0.4699, L2: 0.0013, Reg: -0.2198
INFO:__main__:Total loss 0.2514
INFO:__main__:Predicted mean: -0.3673
INFO:__main__:Predicted uncertainity 0.6023
INFO:__main__:Completed epoch 73 of 100

INFO:__main__:NLL: 0.4713, L2: 0.0012, Reg: -0.2212
INFO:__main__:Total loss 0.2513
INFO:__main__:Predicted mean: -0.3669
INFO:__main__:Predicted uncertainity 0.6056
INFO:__main__:Completed epoch 74 of 100

INFO:__main__:NLL: 0.4723, L2: 0.0012, Reg: -0.2215
INFO:__main__:Total loss 0.2520
INFO:__main__:Predicted mean: -0.3666
INFO:__main__:Predicted uncertainity 0.6122
INFO:__main__:Completed epoch 75 of 100

INFO:__main__:NLL: 0.4646, L2: 0.0014, Reg: -0.2140
INFO:__main__:Total loss 0.2520
INFO:__main__:Predicted mean: -0.3648
INFO:__main__:Predicted uncertainity 0.5921
INFO:__main__:Completed epoch 76 of 100

INFO:__main__:NLL: 0.4683, L2: 0.0013, Reg: -0.2141
INFO:__main__:Total loss 0.2555
INFO:__main__:Predicted mean: -0.3667
INFO:__main__:Predicted uncertainity 0.6000
INFO:__main__:Completed epoch 77 of 100

INFO:__main__:NLL: 0.4718, L2: 0.0011, Reg: -0.2208
INFO:__main__:Total loss 0.2521
INFO:__main__:Predicted mean: -0.3725
INFO:__main__:Predicted uncertainity 0.6044
INFO:__main__:Completed epoch 78 of 100

INFO:__main__:NLL: 0.4712, L2: 0.0009, Reg: -0.2246
INFO:__main__:Total loss 0.2475
INFO:__main__:Predicted mean: -0.3643
INFO:__main__:Predicted uncertainity 0.6044
INFO:__main__:Completed epoch 79 of 100

INFO:__main__:NLL: 0.4655, L2: 0.0011, Reg: -0.2133
INFO:__main__:Total loss 0.2533
INFO:__main__:Predicted mean: -0.3670
INFO:__main__:Predicted uncertainity 0.5896
INFO:__main__:Completed epoch 80 of 100

INFO:__main__:NLL: 0.4649, L2: 0.0011, Reg: -0.2161
INFO:__main__:Total loss 0.2500
INFO:__main__:Predicted mean: -0.3649
INFO:__main__:Predicted uncertainity 0.5870
INFO:__main__:Completed epoch 81 of 100

INFO:__main__:NLL: 0.4730, L2: 0.0014, Reg: -0.2238
INFO:__main__:Total loss 0.2506
INFO:__main__:Predicted mean: -0.3673
INFO:__main__:Predicted uncertainity 0.6153
INFO:__main__:Completed epoch 82 of 100

INFO:__main__:NLL: 0.4683, L2: 0.0013, Reg: -0.2168
INFO:__main__:Total loss 0.2528
INFO:__main__:Predicted mean: -0.3715
INFO:__main__:Predicted uncertainity 0.5990
INFO:__main__:Completed epoch 83 of 100

INFO:__main__:NLL: 0.4695, L2: 0.0012, Reg: -0.2157
INFO:__main__:Total loss 0.2550
INFO:__main__:Predicted mean: -0.3645
INFO:__main__:Predicted uncertainity 0.6009
INFO:__main__:Completed epoch 84 of 100

INFO:__main__:NLL: 0.4670, L2: 0.0013, Reg: -0.2171
INFO:__main__:Total loss 0.2512
INFO:__main__:Predicted mean: -0.3601
INFO:__main__:Predicted uncertainity 0.6008
INFO:__main__:Completed epoch 85 of 100

INFO:__main__:NLL: 0.4661, L2: 0.0016, Reg: -0.2161
INFO:__main__:Total loss 0.2515
INFO:__main__:Predicted mean: -0.3684
INFO:__main__:Predicted uncertainity 0.5956
INFO:__main__:Completed epoch 86 of 100

INFO:__main__:NLL: 0.4674, L2: 0.0014, Reg: -0.2190
INFO:__main__:Total loss 0.2498
INFO:__main__:Predicted mean: -0.3689
INFO:__main__:Predicted uncertainity 0.5951
INFO:__main__:Completed epoch 87 of 100

INFO:__main__:NLL: 0.4671, L2: 0.0013, Reg: -0.2185
INFO:__main__:Total loss 0.2500
INFO:__main__:Predicted mean: -0.3639
INFO:__main__:Predicted uncertainity 0.5947
INFO:__main__:Completed epoch 88 of 100

INFO:__main__:NLL: 0.4679, L2: 0.0013, Reg: -0.2156
INFO:__main__:Total loss 0.2535
INFO:__main__:Predicted mean: -0.3671
INFO:__main__:Predicted uncertainity 0.6002
INFO:__main__:Completed epoch 89 of 100

INFO:__main__:NLL: 0.4683, L2: 0.0012, Reg: -0.2204
INFO:__main__:Total loss 0.2491
INFO:__main__:Predicted mean: -0.3694
INFO:__main__:Predicted uncertainity 0.5981
INFO:__main__:Completed epoch 90 of 100

INFO:__main__:NLL: 0.4640, L2: 0.0013, Reg: -0.2136
INFO:__main__:Total loss 0.2516
INFO:__main__:Predicted mean: -0.3673
INFO:__main__:Predicted uncertainity 0.5870
INFO:__main__:Completed epoch 91 of 100

INFO:__main__:NLL: 0.4628, L2: 0.0013, Reg: -0.2132
INFO:__main__:Total loss 0.2509
INFO:__main__:Predicted mean: -0.3659
INFO:__main__:Predicted uncertainity 0.5868
INFO:__main__:Completed epoch 92 of 100

INFO:__main__:NLL: 0.4699, L2: 0.0012, Reg: -0.2198
INFO:__main__:Total loss 0.2513
INFO:__main__:Predicted mean: -0.3694
INFO:__main__:Predicted uncertainity 0.6005
INFO:__main__:Completed epoch 93 of 100

INFO:__main__:NLL: 0.4609, L2: 0.0014, Reg: -0.2119
INFO:__main__:Total loss 0.2503
INFO:__main__:Predicted mean: -0.3586
INFO:__main__:Predicted uncertainity 0.5780
INFO:__main__:Completed epoch 94 of 100

INFO:__main__:NLL: 0.4656, L2: 0.0012, Reg: -0.2191
INFO:__main__:Total loss 0.2478
INFO:__main__:Predicted mean: -0.3628
INFO:__main__:Predicted uncertainity 0.5935
INFO:__main__:Completed epoch 95 of 100

INFO:__main__:NLL: 0.4655, L2: 0.0011, Reg: -0.2179
INFO:__main__:Total loss 0.2487
INFO:__main__:Predicted mean: -0.3592
INFO:__main__:Predicted uncertainity 0.5949
INFO:__main__:Completed epoch 96 of 100

INFO:__main__:NLL: 0.4685, L2: 0.0012, Reg: -0.2197
INFO:__main__:Total loss 0.2500
INFO:__main__:Predicted mean: -0.3630
INFO:__main__:Predicted uncertainity 0.5991
INFO:__main__:Completed epoch 97 of 100

INFO:__main__:NLL: 0.4652, L2: 0.0011, Reg: -0.2196
INFO:__main__:Total loss 0.2467
INFO:__main__:Predicted mean: -0.3640
INFO:__main__:Predicted uncertainity 0.5894
INFO:__main__:Completed epoch 98 of 100

INFO:__main__:NLL: 0.4660, L2: 0.0012, Reg: -0.2155
INFO:__main__:Total loss 0.2517
INFO:__main__:Predicted mean: -0.3705
INFO:__main__:Predicted uncertainity 0.5926
INFO:__main__:Completed epoch 99 of 100

INFO:__main__:NLL: 0.4680, L2: 0.0011, Reg: -0.2198
INFO:__main__:Total loss 0.2494
INFO:__main__:Predicted mean: -0.3643
INFO:__main__:Predicted uncertainity 0.5998
INFO:__main__:Completed epoch 100 of 100

INFO:__main__:442.705966 s
