INFO:__main__:PROCESS RUNNING ON cpu
INFO:__main__:NLL: 0.3105, L2: 0.0005, Reg: 0.0710
INFO:__main__:Total loss 0.3821
INFO:__main__:Predicted mean: -0.0023
INFO:__main__:Predicted uncertainity 0.0005
INFO:__main__:Completed epoch 1 of 100

INFO:__main__:NLL: 0.3107, L2: 0.0005, Reg: 0.0758
INFO:__main__:Total loss 0.3869
INFO:__main__:Predicted mean: -0.0020
INFO:__main__:Predicted uncertainity 0.0008
INFO:__main__:Completed epoch 2 of 100

INFO:__main__:NLL: 0.3105, L2: 0.0041, Reg: 0.0798
INFO:__main__:Total loss 0.3944
INFO:__main__:Predicted mean: -0.0026
INFO:__main__:Predicted uncertainity 0.0004
INFO:__main__:Completed epoch 3 of 100

INFO:__main__:NLL: 0.3105, L2: 0.0018, Reg: 0.0844
INFO:__main__:Total loss 0.3967
INFO:__main__:Predicted mean: -0.0031
INFO:__main__:Predicted uncertainity 0.0009
INFO:__main__:Completed epoch 4 of 100

INFO:__main__:NLL: 0.3105, L2: 0.0028, Reg: 0.0647
INFO:__main__:Total loss 0.3780
INFO:__main__:Predicted mean: -0.0026
INFO:__main__:Predicted uncertainity 0.0005
INFO:__main__:Completed epoch 5 of 100

INFO:__main__:NLL: 0.3105, L2: 0.0054, Reg: 0.0720
INFO:__main__:Total loss 0.3878
INFO:__main__:Predicted mean: -0.0028
INFO:__main__:Predicted uncertainity 0.0008
INFO:__main__:Completed epoch 6 of 100

INFO:__main__:NLL: 0.3105, L2: 0.0057, Reg: 0.0786
INFO:__main__:Total loss 0.3949
INFO:__main__:Predicted mean: -0.0025
INFO:__main__:Predicted uncertainity 0.0007
INFO:__main__:Completed epoch 7 of 100

INFO:__main__:NLL: 0.3104, L2: 0.0067, Reg: 0.0800
INFO:__main__:Total loss 0.3971
INFO:__main__:Predicted mean: -0.0030
INFO:__main__:Predicted uncertainity 0.0005
INFO:__main__:Completed epoch 8 of 100

INFO:__main__:NLL: 0.3104, L2: 0.0092, Reg: 0.0721
INFO:__main__:Total loss 0.3917
INFO:__main__:Predicted mean: -0.0035
INFO:__main__:Predicted uncertainity 0.0010
INFO:__main__:Completed epoch 9 of 100

INFO:__main__:NLL: 0.3106, L2: 0.0125, Reg: 0.0752
INFO:__main__:Total loss 0.3983
INFO:__main__:Predicted mean: -0.0033
INFO:__main__:Predicted uncertainity 0.0020
INFO:__main__:Completed epoch 10 of 100

INFO:__main__:NLL: 0.3104, L2: 0.0128, Reg: 0.0746
INFO:__main__:Total loss 0.3979
INFO:__main__:Predicted mean: -0.0038
INFO:__main__:Predicted uncertainity 0.0015
INFO:__main__:Completed epoch 11 of 100

INFO:__main__:NLL: 0.3104, L2: 0.0184, Reg: 0.0627
INFO:__main__:Total loss 0.3915
INFO:__main__:Predicted mean: -0.0040
INFO:__main__:Predicted uncertainity 0.0011
INFO:__main__:Completed epoch 12 of 100

INFO:__main__:NLL: 0.3104, L2: 0.0191, Reg: 0.0792
INFO:__main__:Total loss 0.4087
INFO:__main__:Predicted mean: -0.0042
INFO:__main__:Predicted uncertainity 0.0017
INFO:__main__:Completed epoch 13 of 100

INFO:__main__:NLL: 0.3103, L2: 0.0210, Reg: 0.0791
INFO:__main__:Total loss 0.4104
INFO:__main__:Predicted mean: -0.0043
INFO:__main__:Predicted uncertainity 0.0010
INFO:__main__:Completed epoch 14 of 100

INFO:__main__:NLL: 0.3103, L2: 0.0202, Reg: 0.0717
INFO:__main__:Total loss 0.4023
INFO:__main__:Predicted mean: -0.0042
INFO:__main__:Predicted uncertainity 0.0011
INFO:__main__:Completed epoch 15 of 100

INFO:__main__:NLL: 0.3104, L2: 0.0199, Reg: 0.0827
INFO:__main__:Total loss 0.4130
INFO:__main__:Predicted mean: -0.0045
INFO:__main__:Predicted uncertainity 0.0018
INFO:__main__:Completed epoch 16 of 100

INFO:__main__:NLL: 0.3103, L2: 0.0209, Reg: 0.0642
INFO:__main__:Total loss 0.3954
INFO:__main__:Predicted mean: -0.0044
INFO:__main__:Predicted uncertainity 0.0013
INFO:__main__:Completed epoch 17 of 100

INFO:__main__:NLL: 0.3104, L2: 0.0191, Reg: 0.0718
INFO:__main__:Total loss 0.4012
INFO:__main__:Predicted mean: -0.0043
INFO:__main__:Predicted uncertainity 0.0015
INFO:__main__:Completed epoch 18 of 100

INFO:__main__:NLL: 0.3103, L2: 0.0197, Reg: 0.0835
INFO:__main__:Total loss 0.4134
INFO:__main__:Predicted mean: -0.0044
INFO:__main__:Predicted uncertainity 0.0015
INFO:__main__:Completed epoch 19 of 100

INFO:__main__:NLL: 0.3104, L2: 0.0196, Reg: 0.0859
INFO:__main__:Total loss 0.4159
INFO:__main__:Predicted mean: -0.0041
INFO:__main__:Predicted uncertainity 0.0015
INFO:__main__:Completed epoch 20 of 100

INFO:__main__:NLL: 0.3103, L2: 0.0199, Reg: 0.0687
INFO:__main__:Total loss 0.3989
INFO:__main__:Predicted mean: -0.0043
INFO:__main__:Predicted uncertainity 0.0013
INFO:__main__:Completed epoch 21 of 100

INFO:__main__:NLL: 0.3104, L2: 0.0233, Reg: 0.0759
INFO:__main__:Total loss 0.4096
INFO:__main__:Predicted mean: -0.0041
INFO:__main__:Predicted uncertainity 0.0013
INFO:__main__:Completed epoch 22 of 100

INFO:__main__:NLL: 0.3104, L2: 0.0181, Reg: 0.0851
INFO:__main__:Total loss 0.4137
INFO:__main__:Predicted mean: -0.0043
INFO:__main__:Predicted uncertainity 0.0017
INFO:__main__:Completed epoch 23 of 100

INFO:__main__:NLL: 0.3103, L2: 0.0270, Reg: 0.0864
INFO:__main__:Total loss 0.4236
INFO:__main__:Predicted mean: -0.0040
INFO:__main__:Predicted uncertainity 0.0008
INFO:__main__:Completed epoch 24 of 100

INFO:__main__:NLL: 0.3103, L2: 0.0189, Reg: 0.0914
INFO:__main__:Total loss 0.4205
INFO:__main__:Predicted mean: -0.0042
INFO:__main__:Predicted uncertainity 0.0013
INFO:__main__:Completed epoch 25 of 100

INFO:__main__:NLL: 0.3102, L2: 0.0206, Reg: 0.0907
INFO:__main__:Total loss 0.4214
INFO:__main__:Predicted mean: -0.0047
INFO:__main__:Predicted uncertainity 0.0008
INFO:__main__:Completed epoch 26 of 100

INFO:__main__:NLL: 0.3103, L2: 0.0244, Reg: 0.0733
INFO:__main__:Total loss 0.4080
INFO:__main__:Predicted mean: -0.0043
INFO:__main__:Predicted uncertainity 0.0014
INFO:__main__:Completed epoch 27 of 100

INFO:__main__:NLL: 0.3102, L2: 0.0184, Reg: 0.0699
INFO:__main__:Total loss 0.3986
INFO:__main__:Predicted mean: -0.0040
INFO:__main__:Predicted uncertainity 0.0005
INFO:__main__:Completed epoch 28 of 100

INFO:__main__:NLL: 0.3103, L2: 0.0231, Reg: 0.0913
INFO:__main__:Total loss 0.4247
INFO:__main__:Predicted mean: -0.0041
INFO:__main__:Predicted uncertainity 0.0010
INFO:__main__:Completed epoch 29 of 100

INFO:__main__:NLL: 0.3103, L2: 0.0211, Reg: 0.0624
INFO:__main__:Total loss 0.3937
INFO:__main__:Predicted mean: -0.0041
INFO:__main__:Predicted uncertainity 0.0008
INFO:__main__:Completed epoch 30 of 100

INFO:__main__:NLL: 0.3103, L2: 0.0206, Reg: 0.0783
INFO:__main__:Total loss 0.4092
INFO:__main__:Predicted mean: -0.0044
INFO:__main__:Predicted uncertainity 0.0012
INFO:__main__:Completed epoch 31 of 100

INFO:__main__:NLL: 0.3104, L2: 0.0222, Reg: 0.0814
INFO:__main__:Total loss 0.4139
INFO:__main__:Predicted mean: -0.0042
INFO:__main__:Predicted uncertainity 0.0016
INFO:__main__:Completed epoch 32 of 100

INFO:__main__:NLL: 0.3102, L2: 0.0226, Reg: 0.0710
INFO:__main__:Total loss 0.4039
INFO:__main__:Predicted mean: -0.0044
INFO:__main__:Predicted uncertainity 0.0010
INFO:__main__:Completed epoch 33 of 100

INFO:__main__:NLL: 0.3102, L2: 0.0230, Reg: 0.0832
INFO:__main__:Total loss 0.4164
INFO:__main__:Predicted mean: -0.0042
INFO:__main__:Predicted uncertainity 0.0006
INFO:__main__:Completed epoch 34 of 100

INFO:__main__:NLL: 0.3103, L2: 0.0202, Reg: 0.0686
INFO:__main__:Total loss 0.3991
INFO:__main__:Predicted mean: -0.0041
INFO:__main__:Predicted uncertainity 0.0010
INFO:__main__:Completed epoch 35 of 100

INFO:__main__:NLL: 0.3103, L2: 0.0152, Reg: 0.0720
INFO:__main__:Total loss 0.3975
INFO:__main__:Predicted mean: -0.0043
INFO:__main__:Predicted uncertainity 0.0011
INFO:__main__:Completed epoch 36 of 100

INFO:__main__:NLL: 0.3104, L2: 0.0218, Reg: 0.0844
INFO:__main__:Total loss 0.4166
INFO:__main__:Predicted mean: -0.0043
INFO:__main__:Predicted uncertainity 0.0015
INFO:__main__:Completed epoch 37 of 100

INFO:__main__:NLL: 0.3102, L2: 0.0201, Reg: 0.0797
INFO:__main__:Total loss 0.4100
INFO:__main__:Predicted mean: -0.0044
INFO:__main__:Predicted uncertainity 0.0007
INFO:__main__:Completed epoch 38 of 100

INFO:__main__:NLL: 0.3103, L2: 0.0180, Reg: 0.0747
INFO:__main__:Total loss 0.4030
INFO:__main__:Predicted mean: -0.0041
INFO:__main__:Predicted uncertainity 0.0010
INFO:__main__:Completed epoch 39 of 100

INFO:__main__:NLL: 0.3104, L2: 0.0191, Reg: 0.0888
INFO:__main__:Total loss 0.4183
INFO:__main__:Predicted mean: -0.0043
INFO:__main__:Predicted uncertainity 0.0014
INFO:__main__:Completed epoch 40 of 100

INFO:__main__:NLL: 0.3103, L2: 0.0228, Reg: 0.0785
INFO:__main__:Total loss 0.4116
INFO:__main__:Predicted mean: -0.0041
INFO:__main__:Predicted uncertainity 0.0010
INFO:__main__:Completed epoch 41 of 100

INFO:__main__:NLL: 0.3104, L2: 0.0196, Reg: 0.0748
INFO:__main__:Total loss 0.4048
INFO:__main__:Predicted mean: -0.0042
INFO:__main__:Predicted uncertainity 0.0015
INFO:__main__:Completed epoch 42 of 100

INFO:__main__:NLL: 0.3103, L2: 0.0168, Reg: 0.0805
INFO:__main__:Total loss 0.4076
INFO:__main__:Predicted mean: -0.0042
INFO:__main__:Predicted uncertainity 0.0013
INFO:__main__:Completed epoch 43 of 100

INFO:__main__:NLL: 0.3104, L2: 0.0215, Reg: 0.0745
INFO:__main__:Total loss 0.4064
INFO:__main__:Predicted mean: -0.0042
INFO:__main__:Predicted uncertainity 0.0015
INFO:__main__:Completed epoch 44 of 100

INFO:__main__:NLL: 0.3103, L2: 0.0193, Reg: 0.0767
INFO:__main__:Total loss 0.4063
INFO:__main__:Predicted mean: -0.0040
INFO:__main__:Predicted uncertainity 0.0011
INFO:__main__:Completed epoch 45 of 100

INFO:__main__:NLL: 0.3105, L2: 0.0212, Reg: 0.0764
INFO:__main__:Total loss 0.4080
INFO:__main__:Predicted mean: -0.0040
INFO:__main__:Predicted uncertainity 0.0018
INFO:__main__:Completed epoch 46 of 100

INFO:__main__:NLL: 0.3103, L2: 0.0224, Reg: 0.0768
INFO:__main__:Total loss 0.4096
INFO:__main__:Predicted mean: -0.0042
INFO:__main__:Predicted uncertainity 0.0012
INFO:__main__:Completed epoch 47 of 100

INFO:__main__:NLL: 0.3103, L2: 0.0179, Reg: 0.0785
INFO:__main__:Total loss 0.4067
INFO:__main__:Predicted mean: -0.0043
INFO:__main__:Predicted uncertainity 0.0011
INFO:__main__:Completed epoch 48 of 100

INFO:__main__:NLL: 0.3104, L2: 0.0198, Reg: 0.0779
INFO:__main__:Total loss 0.4081
INFO:__main__:Predicted mean: -0.0042
INFO:__main__:Predicted uncertainity 0.0016
INFO:__main__:Completed epoch 49 of 100

INFO:__main__:NLL: 0.3103, L2: 0.0248, Reg: 0.0708
INFO:__main__:Total loss 0.4059
INFO:__main__:Predicted mean: -0.0043
INFO:__main__:Predicted uncertainity 0.0010
INFO:__main__:Completed epoch 50 of 100

INFO:__main__:NLL: 0.3104, L2: 0.0172, Reg: 0.0857
INFO:__main__:Total loss 0.4133
INFO:__main__:Predicted mean: -0.0040
INFO:__main__:Predicted uncertainity 0.0013
INFO:__main__:Completed epoch 51 of 100

INFO:__main__:NLL: 0.3103, L2: 0.0240, Reg: 0.0946
INFO:__main__:Total loss 0.4290
INFO:__main__:Predicted mean: -0.0042
INFO:__main__:Predicted uncertainity 0.0014
INFO:__main__:Completed epoch 52 of 100

INFO:__main__:NLL: 0.3103, L2: 0.0228, Reg: 0.0720
INFO:__main__:Total loss 0.4051
INFO:__main__:Predicted mean: -0.0040
INFO:__main__:Predicted uncertainity 0.0010
INFO:__main__:Completed epoch 53 of 100

INFO:__main__:NLL: 0.3103, L2: 0.0227, Reg: 0.0839
INFO:__main__:Total loss 0.4169
INFO:__main__:Predicted mean: -0.0044
INFO:__main__:Predicted uncertainity 0.0013
INFO:__main__:Completed epoch 54 of 100

INFO:__main__:NLL: 0.3103, L2: 0.0182, Reg: 0.0730
INFO:__main__:Total loss 0.4014
INFO:__main__:Predicted mean: -0.0041
INFO:__main__:Predicted uncertainity 0.0010
INFO:__main__:Completed epoch 55 of 100

INFO:__main__:NLL: 0.3104, L2: 0.0158, Reg: 0.0762
INFO:__main__:Total loss 0.4024
INFO:__main__:Predicted mean: -0.0041
INFO:__main__:Predicted uncertainity 0.0015
INFO:__main__:Completed epoch 56 of 100

INFO:__main__:NLL: 0.3104, L2: 0.0193, Reg: 0.0724
INFO:__main__:Total loss 0.4021
INFO:__main__:Predicted mean: -0.0041
INFO:__main__:Predicted uncertainity 0.0013
INFO:__main__:Completed epoch 57 of 100

INFO:__main__:NLL: 0.3103, L2: 0.0193, Reg: 0.0788
INFO:__main__:Total loss 0.4084
INFO:__main__:Predicted mean: -0.0039
INFO:__main__:Predicted uncertainity 0.0009
INFO:__main__:Completed epoch 58 of 100

INFO:__main__:NLL: 0.3103, L2: 0.0217, Reg: 0.0871
INFO:__main__:Total loss 0.4191
INFO:__main__:Predicted mean: -0.0042
INFO:__main__:Predicted uncertainity 0.0013
INFO:__main__:Completed epoch 59 of 100

INFO:__main__:NLL: 0.3103, L2: 0.0207, Reg: 0.0821
INFO:__main__:Total loss 0.4132
INFO:__main__:Predicted mean: -0.0041
INFO:__main__:Predicted uncertainity 0.0012
INFO:__main__:Completed epoch 60 of 100

INFO:__main__:NLL: 0.3103, L2: 0.0165, Reg: 0.0718
INFO:__main__:Total loss 0.3986
INFO:__main__:Predicted mean: -0.0037
INFO:__main__:Predicted uncertainity 0.0008
INFO:__main__:Completed epoch 61 of 100

INFO:__main__:NLL: 0.3104, L2: 0.0203, Reg: 0.0736
INFO:__main__:Total loss 0.4042
INFO:__main__:Predicted mean: -0.0039
INFO:__main__:Predicted uncertainity 0.0011
INFO:__main__:Completed epoch 62 of 100

INFO:__main__:NLL: 0.3103, L2: 0.0228, Reg: 0.0799
INFO:__main__:Total loss 0.4130
INFO:__main__:Predicted mean: -0.0042
INFO:__main__:Predicted uncertainity 0.0012
INFO:__main__:Completed epoch 63 of 100

INFO:__main__:NLL: 0.3104, L2: 0.0204, Reg: 0.0787
INFO:__main__:Total loss 0.4095
INFO:__main__:Predicted mean: -0.0043
INFO:__main__:Predicted uncertainity 0.0016
INFO:__main__:Completed epoch 64 of 100

INFO:__main__:NLL: 0.3103, L2: 0.0191, Reg: 0.0787
INFO:__main__:Total loss 0.4081
INFO:__main__:Predicted mean: -0.0040
INFO:__main__:Predicted uncertainity 0.0009
INFO:__main__:Completed epoch 65 of 100

INFO:__main__:NLL: 0.3103, L2: 0.0238, Reg: 0.0820
INFO:__main__:Total loss 0.4161
INFO:__main__:Predicted mean: -0.0043
INFO:__main__:Predicted uncertainity 0.0013
INFO:__main__:Completed epoch 66 of 100

INFO:__main__:NLL: 0.3102, L2: 0.0170, Reg: 0.0768
INFO:__main__:Total loss 0.4040
INFO:__main__:Predicted mean: -0.0041
INFO:__main__:Predicted uncertainity 0.0005
INFO:__main__:Completed epoch 67 of 100

INFO:__main__:NLL: 0.3104, L2: 0.0196, Reg: 0.0810
INFO:__main__:Total loss 0.4110
INFO:__main__:Predicted mean: -0.0044
INFO:__main__:Predicted uncertainity 0.0018
INFO:__main__:Completed epoch 68 of 100

INFO:__main__:NLL: 0.3103, L2: 0.0180, Reg: 0.0666
INFO:__main__:Total loss 0.3949
INFO:__main__:Predicted mean: -0.0041
INFO:__main__:Predicted uncertainity 0.0012
INFO:__main__:Completed epoch 69 of 100

INFO:__main__:NLL: 0.3103, L2: 0.0231, Reg: 0.0644
INFO:__main__:Total loss 0.3978
INFO:__main__:Predicted mean: -0.0042
INFO:__main__:Predicted uncertainity 0.0010
INFO:__main__:Completed epoch 70 of 100

INFO:__main__:NLL: 0.3103, L2: 0.0166, Reg: 0.0818
INFO:__main__:Total loss 0.4087
INFO:__main__:Predicted mean: -0.0042
INFO:__main__:Predicted uncertainity 0.0013
INFO:__main__:Completed epoch 71 of 100

INFO:__main__:NLL: 0.3103, L2: 0.0193, Reg: 0.0808
INFO:__main__:Total loss 0.4105
INFO:__main__:Predicted mean: -0.0039
INFO:__main__:Predicted uncertainity 0.0010
INFO:__main__:Completed epoch 72 of 100

INFO:__main__:NLL: 0.3103, L2: 0.0221, Reg: 0.0698
INFO:__main__:Total loss 0.4021
INFO:__main__:Predicted mean: -0.0041
INFO:__main__:Predicted uncertainity 0.0011
INFO:__main__:Completed epoch 73 of 100

INFO:__main__:NLL: 0.3104, L2: 0.0208, Reg: 0.0694
INFO:__main__:Total loss 0.4006
INFO:__main__:Predicted mean: -0.0042
INFO:__main__:Predicted uncertainity 0.0014
INFO:__main__:Completed epoch 74 of 100

INFO:__main__:NLL: 0.3103, L2: 0.0198, Reg: 0.0771
INFO:__main__:Total loss 0.4071
INFO:__main__:Predicted mean: -0.0042
INFO:__main__:Predicted uncertainity 0.0010
INFO:__main__:Completed epoch 75 of 100

INFO:__main__:NLL: 0.3103, L2: 0.0198, Reg: 0.0795
INFO:__main__:Total loss 0.4096
INFO:__main__:Predicted mean: -0.0041
INFO:__main__:Predicted uncertainity 0.0010
INFO:__main__:Completed epoch 76 of 100

INFO:__main__:NLL: 0.3103, L2: 0.0202, Reg: 0.0805
INFO:__main__:Total loss 0.4110
INFO:__main__:Predicted mean: -0.0041
INFO:__main__:Predicted uncertainity 0.0010
INFO:__main__:Completed epoch 77 of 100

INFO:__main__:NLL: 0.3104, L2: 0.0210, Reg: 0.0790
INFO:__main__:Total loss 0.4104
INFO:__main__:Predicted mean: -0.0043
INFO:__main__:Predicted uncertainity 0.0016
INFO:__main__:Completed epoch 78 of 100

INFO:__main__:NLL: 0.3103, L2: 0.0178, Reg: 0.0871
INFO:__main__:Total loss 0.4153
INFO:__main__:Predicted mean: -0.0042
INFO:__main__:Predicted uncertainity 0.0012
INFO:__main__:Completed epoch 79 of 100

INFO:__main__:NLL: 0.3103, L2: 0.0212, Reg: 0.0795
INFO:__main__:Total loss 0.4110
INFO:__main__:Predicted mean: -0.0042
INFO:__main__:Predicted uncertainity 0.0014
INFO:__main__:Completed epoch 80 of 100

INFO:__main__:NLL: 0.3102, L2: 0.0190, Reg: 0.0634
INFO:__main__:Total loss 0.3926
INFO:__main__:Predicted mean: -0.0041
INFO:__main__:Predicted uncertainity 0.0005
INFO:__main__:Completed epoch 81 of 100

INFO:__main__:NLL: 0.3104, L2: 0.0177, Reg: 0.0862
INFO:__main__:Total loss 0.4143
INFO:__main__:Predicted mean: -0.0042
INFO:__main__:Predicted uncertainity 0.0018
INFO:__main__:Completed epoch 82 of 100

INFO:__main__:NLL: 0.3103, L2: 0.0204, Reg: 0.0780
INFO:__main__:Total loss 0.4088
INFO:__main__:Predicted mean: -0.0042
INFO:__main__:Predicted uncertainity 0.0012
INFO:__main__:Completed epoch 83 of 100

INFO:__main__:NLL: 0.3103, L2: 0.0170, Reg: 0.0807
INFO:__main__:Total loss 0.4080
INFO:__main__:Predicted mean: -0.0042
INFO:__main__:Predicted uncertainity 0.0013
INFO:__main__:Completed epoch 84 of 100

INFO:__main__:NLL: 0.3103, L2: 0.0164, Reg: 0.0814
INFO:__main__:Total loss 0.4081
INFO:__main__:Predicted mean: -0.0041
INFO:__main__:Predicted uncertainity 0.0010
INFO:__main__:Completed epoch 85 of 100

INFO:__main__:NLL: 0.3104, L2: 0.0198, Reg: 0.0880
INFO:__main__:Total loss 0.4183
INFO:__main__:Predicted mean: -0.0042
INFO:__main__:Predicted uncertainity 0.0016
INFO:__main__:Completed epoch 86 of 100

INFO:__main__:NLL: 0.3103, L2: 0.0201, Reg: 0.0672
INFO:__main__:Total loss 0.3977
INFO:__main__:Predicted mean: -0.0044
INFO:__main__:Predicted uncertainity 0.0016
INFO:__main__:Completed epoch 87 of 100

INFO:__main__:NLL: 0.3103, L2: 0.0182, Reg: 0.0834
INFO:__main__:Total loss 0.4119
INFO:__main__:Predicted mean: -0.0041
INFO:__main__:Predicted uncertainity 0.0009
INFO:__main__:Completed epoch 88 of 100

INFO:__main__:NLL: 0.3102, L2: 0.0197, Reg: 0.0786
INFO:__main__:Total loss 0.4084
INFO:__main__:Predicted mean: -0.0045
INFO:__main__:Predicted uncertainity 0.0007
INFO:__main__:Completed epoch 89 of 100

INFO:__main__:NLL: 0.3102, L2: 0.0206, Reg: 0.0782
INFO:__main__:Total loss 0.4090
INFO:__main__:Predicted mean: -0.0042
INFO:__main__:Predicted uncertainity 0.0007
INFO:__main__:Completed epoch 90 of 100

INFO:__main__:NLL: 0.3103, L2: 0.0206, Reg: 0.0737
INFO:__main__:Total loss 0.4046
INFO:__main__:Predicted mean: -0.0043
INFO:__main__:Predicted uncertainity 0.0011
INFO:__main__:Completed epoch 91 of 100

INFO:__main__:NLL: 0.3102, L2: 0.0197, Reg: 0.0899
INFO:__main__:Total loss 0.4198
INFO:__main__:Predicted mean: -0.0042
INFO:__main__:Predicted uncertainity 0.0008
INFO:__main__:Completed epoch 92 of 100

INFO:__main__:NLL: 0.3104, L2: 0.0220, Reg: 0.0792
INFO:__main__:Total loss 0.4116
INFO:__main__:Predicted mean: -0.0041
INFO:__main__:Predicted uncertainity 0.0015
INFO:__main__:Completed epoch 93 of 100

INFO:__main__:NLL: 0.3103, L2: 0.0189, Reg: 0.0811
INFO:__main__:Total loss 0.4103
INFO:__main__:Predicted mean: -0.0042
INFO:__main__:Predicted uncertainity 0.0013
INFO:__main__:Completed epoch 94 of 100

INFO:__main__:NLL: 0.3103, L2: 0.0174, Reg: 0.0850
INFO:__main__:Total loss 0.4127
INFO:__main__:Predicted mean: -0.0042
INFO:__main__:Predicted uncertainity 0.0011
INFO:__main__:Completed epoch 95 of 100

INFO:__main__:NLL: 0.3104, L2: 0.0194, Reg: 0.0680
INFO:__main__:Total loss 0.3978
INFO:__main__:Predicted mean: -0.0042
INFO:__main__:Predicted uncertainity 0.0017
INFO:__main__:Completed epoch 96 of 100

INFO:__main__:NLL: 0.3104, L2: 0.0212, Reg: 0.0824
INFO:__main__:Total loss 0.4139
INFO:__main__:Predicted mean: -0.0042
INFO:__main__:Predicted uncertainity 0.0014
INFO:__main__:Completed epoch 97 of 100

INFO:__main__:NLL: 0.3103, L2: 0.0194, Reg: 0.0647
INFO:__main__:Total loss 0.3945
INFO:__main__:Predicted mean: -0.0043
INFO:__main__:Predicted uncertainity 0.0014
INFO:__main__:Completed epoch 98 of 100

INFO:__main__:NLL: 0.3103, L2: 0.0202, Reg: 0.0809
INFO:__main__:Total loss 0.4114
INFO:__main__:Predicted mean: -0.0040
INFO:__main__:Predicted uncertainity 0.0008
INFO:__main__:Completed epoch 99 of 100

INFO:__main__:NLL: 0.3103, L2: 0.0191, Reg: 0.0764
INFO:__main__:Total loss 0.4058
INFO:__main__:Predicted mean: -0.0041
INFO:__main__:Predicted uncertainity 0.0012
INFO:__main__:Completed epoch 100 of 100

INFO:__main__:649.701060 s
