INFO:__main__:PROCESS RUNNING ON cpu
INFO:__main__:NLL: 0.1124, L2: 0.0631, Reg: 0.0567
INFO:__main__:Total loss 0.2322
INFO:__main__:Predicted mean: -0.5403
INFO:__main__:Predicted uncertainity -0.7850
INFO:__main__:Completed epoch 1 of 100

INFO:__main__:NLL: 0.2239, L2: 0.0539, Reg: 0.0567
INFO:__main__:Total loss 0.3345
INFO:__main__:Predicted mean: -0.4941
INFO:__main__:Predicted uncertainity -0.5983
INFO:__main__:Completed epoch 2 of 100

INFO:__main__:NLL: 0.1396, L2: 0.0475, Reg: 0.0567
INFO:__main__:Total loss 0.2438
INFO:__main__:Predicted mean: -0.4461
INFO:__main__:Predicted uncertainity -0.7393
INFO:__main__:Completed epoch 3 of 100

INFO:__main__:NLL: 0.1047, L2: 0.0497, Reg: 0.0567
INFO:__main__:Total loss 0.2112
INFO:__main__:Predicted mean: -0.5071
INFO:__main__:Predicted uncertainity -0.7436
INFO:__main__:Completed epoch 4 of 100

INFO:__main__:NLL: 0.1365, L2: 0.0472, Reg: 0.0567
INFO:__main__:Total loss 0.2404
INFO:__main__:Predicted mean: -0.4536
INFO:__main__:Predicted uncertainity -0.6862
INFO:__main__:Completed epoch 5 of 100

INFO:__main__:NLL: 0.0592, L2: 0.0512, Reg: 0.0567
INFO:__main__:Total loss 0.1671
INFO:__main__:Predicted mean: -0.4474
INFO:__main__:Predicted uncertainity -0.6700
INFO:__main__:Completed epoch 6 of 100

INFO:__main__:NLL: 0.1194, L2: 0.0464, Reg: 0.0567
INFO:__main__:Total loss 0.2226
INFO:__main__:Predicted mean: -0.4636
INFO:__main__:Predicted uncertainity -0.5441
INFO:__main__:Completed epoch 7 of 100

INFO:__main__:NLL: 0.2757, L2: 0.0518, Reg: 0.0567
INFO:__main__:Total loss 0.3842
INFO:__main__:Predicted mean: -0.4427
INFO:__main__:Predicted uncertainity -0.7239
INFO:__main__:Completed epoch 8 of 100

INFO:__main__:NLL: 0.1147, L2: 0.0549, Reg: 0.0567
INFO:__main__:Total loss 0.2263
INFO:__main__:Predicted mean: -0.4701
INFO:__main__:Predicted uncertainity -0.7872
INFO:__main__:Completed epoch 9 of 100

INFO:__main__:NLL: 0.2524, L2: 0.0542, Reg: 0.0567
INFO:__main__:Total loss 0.3633
INFO:__main__:Predicted mean: -0.4685
INFO:__main__:Predicted uncertainity -0.7268
INFO:__main__:Completed epoch 10 of 100

INFO:__main__:NLL: 0.1995, L2: 0.0513, Reg: 0.0567
INFO:__main__:Total loss 0.3075
INFO:__main__:Predicted mean: -0.5140
INFO:__main__:Predicted uncertainity -0.7492
INFO:__main__:Completed epoch 11 of 100

INFO:__main__:NLL: 0.2302, L2: 0.0500, Reg: 0.0567
INFO:__main__:Total loss 0.3370
INFO:__main__:Predicted mean: -0.4203
INFO:__main__:Predicted uncertainity -0.6556
INFO:__main__:Completed epoch 12 of 100

INFO:__main__:NLL: 0.0790, L2: 0.0553, Reg: 0.0567
INFO:__main__:Total loss 0.1910
INFO:__main__:Predicted mean: -0.4565
INFO:__main__:Predicted uncertainity -0.7715
INFO:__main__:Completed epoch 13 of 100

INFO:__main__:NLL: 0.1065, L2: 0.0498, Reg: 0.0567
INFO:__main__:Total loss 0.2129
INFO:__main__:Predicted mean: -0.4332
INFO:__main__:Predicted uncertainity -0.7447
INFO:__main__:Completed epoch 14 of 100

INFO:__main__:NLL: 0.1217, L2: 0.0515, Reg: 0.0567
INFO:__main__:Total loss 0.2299
INFO:__main__:Predicted mean: -0.4573
INFO:__main__:Predicted uncertainity -0.7068
INFO:__main__:Completed epoch 15 of 100

INFO:__main__:NLL: 0.1269, L2: 0.0522, Reg: 0.0567
INFO:__main__:Total loss 0.2358
INFO:__main__:Predicted mean: -0.4651
INFO:__main__:Predicted uncertainity -0.6613
INFO:__main__:Completed epoch 16 of 100

INFO:__main__:NLL: 0.0865, L2: 0.0500, Reg: 0.0567
INFO:__main__:Total loss 0.1932
INFO:__main__:Predicted mean: -0.4549
INFO:__main__:Predicted uncertainity -0.7225
INFO:__main__:Completed epoch 17 of 100

INFO:__main__:NLL: 0.1342, L2: 0.0563, Reg: 0.0567
INFO:__main__:Total loss 0.2472
INFO:__main__:Predicted mean: -0.4621
INFO:__main__:Predicted uncertainity -0.7729
INFO:__main__:Completed epoch 18 of 100

INFO:__main__:NLL: 0.2249, L2: 0.0506, Reg: 0.0567
INFO:__main__:Total loss 0.3322
INFO:__main__:Predicted mean: -0.4822
INFO:__main__:Predicted uncertainity -0.6963
INFO:__main__:Completed epoch 19 of 100

INFO:__main__:NLL: 0.1255, L2: 0.0519, Reg: 0.0567
INFO:__main__:Total loss 0.2341
INFO:__main__:Predicted mean: -0.4462
INFO:__main__:Predicted uncertainity -0.6951
INFO:__main__:Completed epoch 20 of 100

INFO:__main__:NLL: 0.1399, L2: 0.0528, Reg: 0.0567
INFO:__main__:Total loss 0.2494
INFO:__main__:Predicted mean: -0.5058
INFO:__main__:Predicted uncertainity -0.6034
INFO:__main__:Completed epoch 21 of 100

INFO:__main__:NLL: 0.0182, L2: 0.0497, Reg: 0.0567
INFO:__main__:Total loss 0.1246
INFO:__main__:Predicted mean: -0.4601
INFO:__main__:Predicted uncertainity -0.7361
INFO:__main__:Completed epoch 22 of 100

INFO:__main__:NLL: 0.2566, L2: 0.0541, Reg: 0.0567
INFO:__main__:Total loss 0.3675
INFO:__main__:Predicted mean: -0.4772
INFO:__main__:Predicted uncertainity -0.8047
INFO:__main__:Completed epoch 23 of 100

INFO:__main__:NLL: 0.1242, L2: 0.0481, Reg: 0.0567
INFO:__main__:Total loss 0.2290
INFO:__main__:Predicted mean: -0.4202
INFO:__main__:Predicted uncertainity -0.6117
INFO:__main__:Completed epoch 24 of 100

INFO:__main__:NLL: 0.1595, L2: 0.0413, Reg: 0.0567
INFO:__main__:Total loss 0.2576
INFO:__main__:Predicted mean: -0.3982
INFO:__main__:Predicted uncertainity -0.6131
INFO:__main__:Completed epoch 25 of 100

INFO:__main__:NLL: 0.3171, L2: 0.0484, Reg: 0.0567
INFO:__main__:Total loss 0.4222
INFO:__main__:Predicted mean: -0.4479
INFO:__main__:Predicted uncertainity -0.6322
INFO:__main__:Completed epoch 26 of 100

INFO:__main__:NLL: 0.1656, L2: 0.0462, Reg: 0.0567
INFO:__main__:Total loss 0.2685
INFO:__main__:Predicted mean: -0.4139
INFO:__main__:Predicted uncertainity -0.5427
INFO:__main__:Completed epoch 27 of 100

INFO:__main__:NLL: 0.1388, L2: 0.0539, Reg: 0.0567
INFO:__main__:Total loss 0.2494
INFO:__main__:Predicted mean: -0.4745
INFO:__main__:Predicted uncertainity -0.8158
INFO:__main__:Completed epoch 28 of 100

INFO:__main__:NLL: 0.1652, L2: 0.0483, Reg: 0.0567
INFO:__main__:Total loss 0.2702
INFO:__main__:Predicted mean: -0.4452
INFO:__main__:Predicted uncertainity -0.6822
INFO:__main__:Completed epoch 29 of 100

INFO:__main__:NLL: 0.1169, L2: 0.0497, Reg: 0.0567
INFO:__main__:Total loss 0.2233
INFO:__main__:Predicted mean: -0.4320
INFO:__main__:Predicted uncertainity -0.5895
INFO:__main__:Completed epoch 30 of 100

INFO:__main__:NLL: 0.0935, L2: 0.0521, Reg: 0.0567
INFO:__main__:Total loss 0.2023
INFO:__main__:Predicted mean: -0.4994
INFO:__main__:Predicted uncertainity -0.6539
INFO:__main__:Completed epoch 31 of 100

INFO:__main__:NLL: 0.1331, L2: 0.0471, Reg: 0.0567
INFO:__main__:Total loss 0.2368
INFO:__main__:Predicted mean: -0.4506
INFO:__main__:Predicted uncertainity -0.5699
INFO:__main__:Completed epoch 32 of 100

INFO:__main__:NLL: 0.1002, L2: 0.0613, Reg: 0.0567
INFO:__main__:Total loss 0.2182
INFO:__main__:Predicted mean: -0.4474
INFO:__main__:Predicted uncertainity -0.8750
INFO:__main__:Completed epoch 33 of 100

INFO:__main__:NLL: 0.1484, L2: 0.0572, Reg: 0.0567
INFO:__main__:Total loss 0.2623
INFO:__main__:Predicted mean: -0.4905
INFO:__main__:Predicted uncertainity -0.6812
INFO:__main__:Completed epoch 34 of 100

INFO:__main__:NLL: 0.1335, L2: 0.0542, Reg: 0.0567
INFO:__main__:Total loss 0.2445
INFO:__main__:Predicted mean: -0.4032
INFO:__main__:Predicted uncertainity -0.8013
INFO:__main__:Completed epoch 35 of 100

INFO:__main__:NLL: 0.1336, L2: 0.0529, Reg: 0.0567
INFO:__main__:Total loss 0.2432
INFO:__main__:Predicted mean: -0.4852
INFO:__main__:Predicted uncertainity -0.7086
INFO:__main__:Completed epoch 36 of 100

INFO:__main__:NLL: 0.2583, L2: 0.0456, Reg: 0.0567
INFO:__main__:Total loss 0.3606
INFO:__main__:Predicted mean: -0.4371
INFO:__main__:Predicted uncertainity -0.6241
INFO:__main__:Completed epoch 37 of 100

INFO:__main__:NLL: 0.1030, L2: 0.0504, Reg: 0.0567
INFO:__main__:Total loss 0.2102
INFO:__main__:Predicted mean: -0.4691
INFO:__main__:Predicted uncertainity -0.6977
INFO:__main__:Completed epoch 38 of 100

INFO:__main__:NLL: 0.0684, L2: 0.0517, Reg: 0.0567
INFO:__main__:Total loss 0.1768
INFO:__main__:Predicted mean: -0.4869
INFO:__main__:Predicted uncertainity -0.8294
INFO:__main__:Completed epoch 39 of 100

INFO:__main__:NLL: 0.1098, L2: 0.0494, Reg: 0.0567
INFO:__main__:Total loss 0.2159
INFO:__main__:Predicted mean: -0.4660
INFO:__main__:Predicted uncertainity -0.6608
INFO:__main__:Completed epoch 40 of 100

INFO:__main__:NLL: 0.1609, L2: 0.0516, Reg: 0.0567
INFO:__main__:Total loss 0.2692
INFO:__main__:Predicted mean: -0.4407
INFO:__main__:Predicted uncertainity -0.7153
INFO:__main__:Completed epoch 41 of 100

INFO:__main__:NLL: 0.2861, L2: 0.0515, Reg: 0.0567
INFO:__main__:Total loss 0.3942
INFO:__main__:Predicted mean: -0.4637
INFO:__main__:Predicted uncertainity -0.7021
INFO:__main__:Completed epoch 42 of 100

INFO:__main__:NLL: 0.1296, L2: 0.0507, Reg: 0.0567
INFO:__main__:Total loss 0.2370
INFO:__main__:Predicted mean: -0.4755
INFO:__main__:Predicted uncertainity -0.6637
INFO:__main__:Completed epoch 43 of 100

INFO:__main__:NLL: 0.1279, L2: 0.0571, Reg: 0.0567
INFO:__main__:Total loss 0.2417
INFO:__main__:Predicted mean: -0.4361
INFO:__main__:Predicted uncertainity -0.7681
INFO:__main__:Completed epoch 44 of 100

INFO:__main__:NLL: 0.1372, L2: 0.0482, Reg: 0.0567
INFO:__main__:Total loss 0.2421
INFO:__main__:Predicted mean: -0.4024
INFO:__main__:Predicted uncertainity -0.7031
INFO:__main__:Completed epoch 45 of 100

INFO:__main__:NLL: 0.3095, L2: 0.0513, Reg: 0.0567
INFO:__main__:Total loss 0.4175
INFO:__main__:Predicted mean: -0.4371
INFO:__main__:Predicted uncertainity -0.6820
INFO:__main__:Completed epoch 46 of 100

INFO:__main__:NLL: 0.1426, L2: 0.0559, Reg: 0.0567
INFO:__main__:Total loss 0.2553
INFO:__main__:Predicted mean: -0.5059
INFO:__main__:Predicted uncertainity -0.6904
INFO:__main__:Completed epoch 47 of 100

INFO:__main__:NLL: 0.2989, L2: 0.0511, Reg: 0.0567
INFO:__main__:Total loss 0.4067
INFO:__main__:Predicted mean: -0.4471
INFO:__main__:Predicted uncertainity -0.6581
INFO:__main__:Completed epoch 48 of 100

INFO:__main__:NLL: 0.0837, L2: 0.0550, Reg: 0.0567
INFO:__main__:Total loss 0.1954
INFO:__main__:Predicted mean: -0.4728
INFO:__main__:Predicted uncertainity -0.7286
INFO:__main__:Completed epoch 49 of 100

INFO:__main__:NLL: 0.0991, L2: 0.0475, Reg: 0.0567
INFO:__main__:Total loss 0.2033
INFO:__main__:Predicted mean: -0.4640
INFO:__main__:Predicted uncertainity -0.6783
INFO:__main__:Completed epoch 50 of 100

INFO:__main__:NLL: 0.2371, L2: 0.0520, Reg: 0.0567
INFO:__main__:Total loss 0.3458
INFO:__main__:Predicted mean: -0.4892
INFO:__main__:Predicted uncertainity -0.8622
INFO:__main__:Completed epoch 51 of 100

INFO:__main__:NLL: 0.0211, L2: 0.0542, Reg: 0.0567
INFO:__main__:Total loss 0.1320
INFO:__main__:Predicted mean: -0.4243
INFO:__main__:Predicted uncertainity -0.7038
INFO:__main__:Completed epoch 52 of 100

INFO:__main__:NLL: 0.2419, L2: 0.0550, Reg: 0.0567
INFO:__main__:Total loss 0.3536
INFO:__main__:Predicted mean: -0.4998
INFO:__main__:Predicted uncertainity -0.8316
INFO:__main__:Completed epoch 53 of 100

INFO:__main__:NLL: 0.1055, L2: 0.0495, Reg: 0.0567
INFO:__main__:Total loss 0.2118
INFO:__main__:Predicted mean: -0.4245
INFO:__main__:Predicted uncertainity -0.6627
INFO:__main__:Completed epoch 54 of 100

INFO:__main__:NLL: 0.1455, L2: 0.0508, Reg: 0.0567
INFO:__main__:Total loss 0.2530
INFO:__main__:Predicted mean: -0.4476
INFO:__main__:Predicted uncertainity -0.7653
INFO:__main__:Completed epoch 55 of 100

INFO:__main__:NLL: 0.2118, L2: 0.0552, Reg: 0.0567
INFO:__main__:Total loss 0.3237
INFO:__main__:Predicted mean: -0.4625
INFO:__main__:Predicted uncertainity -0.7871
INFO:__main__:Completed epoch 56 of 100

INFO:__main__:NLL: 0.2228, L2: 0.0531, Reg: 0.0567
INFO:__main__:Total loss 0.3326
INFO:__main__:Predicted mean: -0.4420
INFO:__main__:Predicted uncertainity -0.7154
INFO:__main__:Completed epoch 57 of 100

INFO:__main__:NLL: 0.2937, L2: 0.0563, Reg: 0.0567
INFO:__main__:Total loss 0.4067
INFO:__main__:Predicted mean: -0.5066
INFO:__main__:Predicted uncertainity -0.8053
INFO:__main__:Completed epoch 58 of 100

INFO:__main__:NLL: 0.1401, L2: 0.0480, Reg: 0.0567
INFO:__main__:Total loss 0.2448
INFO:__main__:Predicted mean: -0.4497
INFO:__main__:Predicted uncertainity -0.6173
INFO:__main__:Completed epoch 59 of 100

INFO:__main__:NLL: 0.0966, L2: 0.0563, Reg: 0.0567
INFO:__main__:Total loss 0.2096
INFO:__main__:Predicted mean: -0.4377
INFO:__main__:Predicted uncertainity -0.6571
INFO:__main__:Completed epoch 60 of 100

INFO:__main__:NLL: 0.1111, L2: 0.0502, Reg: 0.0567
INFO:__main__:Total loss 0.2180
INFO:__main__:Predicted mean: -0.4680
INFO:__main__:Predicted uncertainity -0.6767
INFO:__main__:Completed epoch 61 of 100

INFO:__main__:NLL: 0.1982, L2: 0.0455, Reg: 0.0567
INFO:__main__:Total loss 0.3004
INFO:__main__:Predicted mean: -0.4371
INFO:__main__:Predicted uncertainity -0.6967
INFO:__main__:Completed epoch 62 of 100

INFO:__main__:NLL: 0.6257, L2: 0.0563, Reg: 0.0567
INFO:__main__:Total loss 0.7387
INFO:__main__:Predicted mean: -0.4860
INFO:__main__:Predicted uncertainity -0.6840
INFO:__main__:Completed epoch 63 of 100

INFO:__main__:NLL: 0.1365, L2: 0.0623, Reg: 0.0567
INFO:__main__:Total loss 0.2556
INFO:__main__:Predicted mean: -0.5516
INFO:__main__:Predicted uncertainity -0.7013
INFO:__main__:Completed epoch 64 of 100

INFO:__main__:NLL: 0.0153, L2: 0.0506, Reg: 0.0567
INFO:__main__:Total loss 0.1226
INFO:__main__:Predicted mean: -0.4566
INFO:__main__:Predicted uncertainity -0.7443
INFO:__main__:Completed epoch 65 of 100

INFO:__main__:NLL: 0.1645, L2: 0.0540, Reg: 0.0567
INFO:__main__:Total loss 0.2752
INFO:__main__:Predicted mean: -0.4638
INFO:__main__:Predicted uncertainity -0.7265
INFO:__main__:Completed epoch 66 of 100

INFO:__main__:NLL: 0.0982, L2: 0.0564, Reg: 0.0567
INFO:__main__:Total loss 0.2112
INFO:__main__:Predicted mean: -0.4715
INFO:__main__:Predicted uncertainity -0.7260
INFO:__main__:Completed epoch 67 of 100

INFO:__main__:NLL: 0.2052, L2: 0.0477, Reg: 0.0567
INFO:__main__:Total loss 0.3096
INFO:__main__:Predicted mean: -0.4536
INFO:__main__:Predicted uncertainity -0.7081
INFO:__main__:Completed epoch 68 of 100

INFO:__main__:NLL: 0.1280, L2: 0.0530, Reg: 0.0567
INFO:__main__:Total loss 0.2378
INFO:__main__:Predicted mean: -0.4361
INFO:__main__:Predicted uncertainity -0.7064
INFO:__main__:Completed epoch 69 of 100

INFO:__main__:NLL: 0.0612, L2: 0.0501, Reg: 0.0567
INFO:__main__:Total loss 0.1680
INFO:__main__:Predicted mean: -0.4336
INFO:__main__:Predicted uncertainity -0.7119
INFO:__main__:Completed epoch 70 of 100

INFO:__main__:NLL: 0.1668, L2: 0.0419, Reg: 0.0567
INFO:__main__:Total loss 0.2654
INFO:__main__:Predicted mean: -0.3800
INFO:__main__:Predicted uncertainity -0.6194
INFO:__main__:Completed epoch 71 of 100

INFO:__main__:NLL: 0.1588, L2: 0.0488, Reg: 0.0567
INFO:__main__:Total loss 0.2644
INFO:__main__:Predicted mean: -0.4427
INFO:__main__:Predicted uncertainity -0.6485
INFO:__main__:Completed epoch 72 of 100

INFO:__main__:NLL: 0.0439, L2: 0.0510, Reg: 0.0567
INFO:__main__:Total loss 0.1516
INFO:__main__:Predicted mean: -0.4578
INFO:__main__:Predicted uncertainity -0.6503
INFO:__main__:Completed epoch 73 of 100

INFO:__main__:NLL: 0.0749, L2: 0.0471, Reg: 0.0567
INFO:__main__:Total loss 0.1787
INFO:__main__:Predicted mean: -0.4598
INFO:__main__:Predicted uncertainity -0.6280
INFO:__main__:Completed epoch 74 of 100

INFO:__main__:NLL: 0.2997, L2: 0.0524, Reg: 0.0567
INFO:__main__:Total loss 0.4088
INFO:__main__:Predicted mean: -0.4608
INFO:__main__:Predicted uncertainity -0.7054
INFO:__main__:Completed epoch 75 of 100

INFO:__main__:NLL: 0.0890, L2: 0.0509, Reg: 0.0567
INFO:__main__:Total loss 0.1967
INFO:__main__:Predicted mean: -0.4540
INFO:__main__:Predicted uncertainity -0.6053
INFO:__main__:Completed epoch 76 of 100

INFO:__main__:NLL: 0.1271, L2: 0.0503, Reg: 0.0567
INFO:__main__:Total loss 0.2341
INFO:__main__:Predicted mean: -0.4670
INFO:__main__:Predicted uncertainity -0.6021
INFO:__main__:Completed epoch 77 of 100

INFO:__main__:NLL: 0.0709, L2: 0.0528, Reg: 0.0567
INFO:__main__:Total loss 0.1804
INFO:__main__:Predicted mean: -0.4767
INFO:__main__:Predicted uncertainity -0.5923
INFO:__main__:Completed epoch 78 of 100

INFO:__main__:NLL: 0.0480, L2: 0.0518, Reg: 0.0567
INFO:__main__:Total loss 0.1566
INFO:__main__:Predicted mean: -0.4224
INFO:__main__:Predicted uncertainity -0.7381
INFO:__main__:Completed epoch 79 of 100

INFO:__main__:NLL: 0.1422, L2: 0.0477, Reg: 0.0567
INFO:__main__:Total loss 0.2466
INFO:__main__:Predicted mean: -0.4515
INFO:__main__:Predicted uncertainity -0.7531
INFO:__main__:Completed epoch 80 of 100

INFO:__main__:NLL: 0.1400, L2: 0.0513, Reg: 0.0567
INFO:__main__:Total loss 0.2479
INFO:__main__:Predicted mean: -0.4395
INFO:__main__:Predicted uncertainity -0.6738
INFO:__main__:Completed epoch 81 of 100

INFO:__main__:NLL: 0.1868, L2: 0.0502, Reg: 0.0567
INFO:__main__:Total loss 0.2937
INFO:__main__:Predicted mean: -0.3773
INFO:__main__:Predicted uncertainity -0.6094
INFO:__main__:Completed epoch 82 of 100

INFO:__main__:NLL: 0.1799, L2: 0.0418, Reg: 0.0567
INFO:__main__:Total loss 0.2784
INFO:__main__:Predicted mean: -0.3911
INFO:__main__:Predicted uncertainity -0.6934
INFO:__main__:Completed epoch 83 of 100

INFO:__main__:NLL: 0.0849, L2: 0.0465, Reg: 0.0567
INFO:__main__:Total loss 0.1881
INFO:__main__:Predicted mean: -0.4320
INFO:__main__:Predicted uncertainity -0.7001
INFO:__main__:Completed epoch 84 of 100

INFO:__main__:NLL: 0.1982, L2: 0.0538, Reg: 0.0567
INFO:__main__:Total loss 0.3086
INFO:__main__:Predicted mean: -0.4937
INFO:__main__:Predicted uncertainity -0.6361
INFO:__main__:Completed epoch 85 of 100

INFO:__main__:NLL: 0.1923, L2: 0.0522, Reg: 0.0567
INFO:__main__:Total loss 0.3012
INFO:__main__:Predicted mean: -0.5113
INFO:__main__:Predicted uncertainity -0.6031
INFO:__main__:Completed epoch 86 of 100

INFO:__main__:NLL: 0.1405, L2: 0.0588, Reg: 0.0567
INFO:__main__:Total loss 0.2561
INFO:__main__:Predicted mean: -0.5317
INFO:__main__:Predicted uncertainity -0.7352
INFO:__main__:Completed epoch 87 of 100

INFO:__main__:NLL: 0.2948, L2: 0.0518, Reg: 0.0567
INFO:__main__:Total loss 0.4033
INFO:__main__:Predicted mean: -0.4880
INFO:__main__:Predicted uncertainity -0.6750
INFO:__main__:Completed epoch 88 of 100

INFO:__main__:NLL: 0.3503, L2: 0.0519, Reg: 0.0567
INFO:__main__:Total loss 0.4590
INFO:__main__:Predicted mean: -0.4370
INFO:__main__:Predicted uncertainity -0.7314
INFO:__main__:Completed epoch 89 of 100

INFO:__main__:NLL: 0.2063, L2: 0.0557, Reg: 0.0567
INFO:__main__:Total loss 0.3187
INFO:__main__:Predicted mean: -0.4557
INFO:__main__:Predicted uncertainity -0.7726
INFO:__main__:Completed epoch 90 of 100

INFO:__main__:NLL: 0.1408, L2: 0.0576, Reg: 0.0567
INFO:__main__:Total loss 0.2551
INFO:__main__:Predicted mean: -0.4131
INFO:__main__:Predicted uncertainity -0.6367
INFO:__main__:Completed epoch 91 of 100

INFO:__main__:NLL: 0.0149, L2: 0.0540, Reg: 0.0567
INFO:__main__:Total loss 0.1257
INFO:__main__:Predicted mean: -0.4607
INFO:__main__:Predicted uncertainity -0.6814
INFO:__main__:Completed epoch 92 of 100

INFO:__main__:NLL: 0.2688, L2: 0.0523, Reg: 0.0567
INFO:__main__:Total loss 0.3778
INFO:__main__:Predicted mean: -0.4422
INFO:__main__:Predicted uncertainity -0.7288
INFO:__main__:Completed epoch 93 of 100

INFO:__main__:NLL: 0.2920, L2: 0.0565, Reg: 0.0567
INFO:__main__:Total loss 0.4053
INFO:__main__:Predicted mean: -0.4423
INFO:__main__:Predicted uncertainity -0.7880
INFO:__main__:Completed epoch 94 of 100

INFO:__main__:NLL: 0.1634, L2: 0.0459, Reg: 0.0567
INFO:__main__:Total loss 0.2660
INFO:__main__:Predicted mean: -0.4007
INFO:__main__:Predicted uncertainity -0.6430
INFO:__main__:Completed epoch 95 of 100

INFO:__main__:NLL: 0.2939, L2: 0.0550, Reg: 0.0567
INFO:__main__:Total loss 0.4057
INFO:__main__:Predicted mean: -0.5010
INFO:__main__:Predicted uncertainity -0.7845
INFO:__main__:Completed epoch 96 of 100

INFO:__main__:NLL: 0.1793, L2: 0.0493, Reg: 0.0567
INFO:__main__:Total loss 0.2852
INFO:__main__:Predicted mean: -0.4129
INFO:__main__:Predicted uncertainity -0.5923
INFO:__main__:Completed epoch 97 of 100

INFO:__main__:NLL: 0.0725, L2: 0.0497, Reg: 0.0567
INFO:__main__:Total loss 0.1790
INFO:__main__:Predicted mean: -0.4252
INFO:__main__:Predicted uncertainity -0.7208
INFO:__main__:Completed epoch 98 of 100

INFO:__main__:NLL: 0.0895, L2: 0.0526, Reg: 0.0567
INFO:__main__:Total loss 0.1988
INFO:__main__:Predicted mean: -0.4503
INFO:__main__:Predicted uncertainity -0.7247
INFO:__main__:Completed epoch 99 of 100

INFO:__main__:NLL: 0.2812, L2: 0.0438, Reg: 0.0567
INFO:__main__:Total loss 0.3817
INFO:__main__:Predicted mean: -0.4316
INFO:__main__:Predicted uncertainity -0.7050
INFO:__main__:Completed epoch 100 of 100

INFO:__main__:540.137146 s
