INFO:__main__:PROCESS RUNNING ON cpu
INFO:__main__:NLL: 0.2418, L2: 0.0069, Reg: 0.0140
INFO:__main__:Total loss 0.2626
INFO:__main__:Predicted mean: -0.3833
INFO:__main__:Predicted uncertainity -0.6981
INFO:__main__:Completed epoch 1 of 100

INFO:__main__:NLL: 0.0171, L2: 0.0073, Reg: 0.0137
INFO:__main__:Total loss 0.0382
INFO:__main__:Predicted mean: -0.3782
INFO:__main__:Predicted uncertainity -0.7431
INFO:__main__:Completed epoch 2 of 100

INFO:__main__:NLL: 0.0607, L2: 0.0076, Reg: 0.0138
INFO:__main__:Total loss 0.0821
INFO:__main__:Predicted mean: -0.4336
INFO:__main__:Predicted uncertainity -0.7150
INFO:__main__:Completed epoch 3 of 100

INFO:__main__:NLL: 0.0150, L2: 0.0078, Reg: 0.0136
INFO:__main__:Total loss 0.0363
INFO:__main__:Predicted mean: -0.3519
INFO:__main__:Predicted uncertainity -0.7435
INFO:__main__:Completed epoch 4 of 100

INFO:__main__:NLL: 0.0287, L2: 0.0084, Reg: 0.0139
INFO:__main__:Total loss 0.0511
INFO:__main__:Predicted mean: -0.3724
INFO:__main__:Predicted uncertainity -0.8315
INFO:__main__:Completed epoch 5 of 100

INFO:__main__:NLL: 0.1118, L2: 0.0080, Reg: 0.0138
INFO:__main__:Total loss 0.1336
INFO:__main__:Predicted mean: -0.4310
INFO:__main__:Predicted uncertainity -0.6827
INFO:__main__:Completed epoch 6 of 100

INFO:__main__:NLL: 0.0958, L2: 0.0087, Reg: 0.0140
INFO:__main__:Total loss 0.1186
INFO:__main__:Predicted mean: -0.3383
INFO:__main__:Predicted uncertainity -0.7637
INFO:__main__:Completed epoch 7 of 100

INFO:__main__:NLL: 0.2520, L2: 0.0085, Reg: 0.0137
INFO:__main__:Total loss 0.2742
INFO:__main__:Predicted mean: -0.3453
INFO:__main__:Predicted uncertainity -0.7785
INFO:__main__:Completed epoch 8 of 100

INFO:__main__:NLL: 0.0493, L2: 0.0086, Reg: 0.0140
INFO:__main__:Total loss 0.0718
INFO:__main__:Predicted mean: -0.3447
INFO:__main__:Predicted uncertainity -0.8148
INFO:__main__:Completed epoch 9 of 100

INFO:__main__:NLL: 0.3062, L2: 0.0091, Reg: 0.0138
INFO:__main__:Total loss 0.3292
INFO:__main__:Predicted mean: -0.4034
INFO:__main__:Predicted uncertainity -0.7837
INFO:__main__:Completed epoch 10 of 100

INFO:__main__:NLL: 0.1056, L2: 0.0087, Reg: 0.0138
INFO:__main__:Total loss 0.1281
INFO:__main__:Predicted mean: -0.4067
INFO:__main__:Predicted uncertainity -0.8680
INFO:__main__:Completed epoch 11 of 100

INFO:__main__:NLL: 0.2422, L2: 0.0087, Reg: 0.0140
INFO:__main__:Total loss 0.2650
INFO:__main__:Predicted mean: -0.3443
INFO:__main__:Predicted uncertainity -0.6343
INFO:__main__:Completed epoch 12 of 100

INFO:__main__:NLL: -0.0027, L2: 0.0094, Reg: 0.0138
INFO:__main__:Total loss 0.0205
INFO:__main__:Predicted mean: -0.3120
INFO:__main__:Predicted uncertainity -0.7857
INFO:__main__:Completed epoch 13 of 100

INFO:__main__:NLL: 0.3583, L2: 0.0088, Reg: 0.0137
INFO:__main__:Total loss 0.3807
INFO:__main__:Predicted mean: -0.3665
INFO:__main__:Predicted uncertainity -0.7283
INFO:__main__:Completed epoch 14 of 100

INFO:__main__:NLL: 0.2452, L2: 0.0096, Reg: 0.0140
INFO:__main__:Total loss 0.2688
INFO:__main__:Predicted mean: -0.3480
INFO:__main__:Predicted uncertainity -0.7791
INFO:__main__:Completed epoch 15 of 100

INFO:__main__:NLL: 0.3011, L2: 0.0095, Reg: 0.0141
INFO:__main__:Total loss 0.3247
INFO:__main__:Predicted mean: -0.3613
INFO:__main__:Predicted uncertainity -0.8539
INFO:__main__:Completed epoch 16 of 100

INFO:__main__:NLL: 0.0381, L2: 0.0088, Reg: 0.0136
INFO:__main__:Total loss 0.0605
INFO:__main__:Predicted mean: -0.3264
INFO:__main__:Predicted uncertainity -0.7007
INFO:__main__:Completed epoch 17 of 100

INFO:__main__:NLL: 0.1836, L2: 0.0087, Reg: 0.0138
INFO:__main__:Total loss 0.2061
INFO:__main__:Predicted mean: -0.4390
INFO:__main__:Predicted uncertainity -0.7140
INFO:__main__:Completed epoch 18 of 100

INFO:__main__:NLL: -0.0948, L2: 0.0091, Reg: 0.0137
INFO:__main__:Total loss -0.0720
INFO:__main__:Predicted mean: -0.4060
INFO:__main__:Predicted uncertainity -0.7099
INFO:__main__:Completed epoch 19 of 100

INFO:__main__:NLL: 0.0961, L2: 0.0091, Reg: 0.0137
INFO:__main__:Total loss 0.1189
INFO:__main__:Predicted mean: -0.3945
INFO:__main__:Predicted uncertainity -0.6900
INFO:__main__:Completed epoch 20 of 100

INFO:__main__:NLL: 0.0402, L2: 0.0094, Reg: 0.0136
INFO:__main__:Total loss 0.0632
INFO:__main__:Predicted mean: -0.3893
INFO:__main__:Predicted uncertainity -0.6391
INFO:__main__:Completed epoch 21 of 100

INFO:__main__:NLL: 0.0382, L2: 0.0088, Reg: 0.0138
INFO:__main__:Total loss 0.0608
INFO:__main__:Predicted mean: -0.3759
INFO:__main__:Predicted uncertainity -0.7534
INFO:__main__:Completed epoch 22 of 100

INFO:__main__:NLL: -0.0121, L2: 0.0094, Reg: 0.0141
INFO:__main__:Total loss 0.0114
INFO:__main__:Predicted mean: -0.3660
INFO:__main__:Predicted uncertainity -0.8173
INFO:__main__:Completed epoch 23 of 100

INFO:__main__:NLL: 0.3869, L2: 0.0092, Reg: 0.0138
INFO:__main__:Total loss 0.4098
INFO:__main__:Predicted mean: -0.3824
INFO:__main__:Predicted uncertainity -0.6980
INFO:__main__:Completed epoch 24 of 100

INFO:__main__:NLL: 0.1298, L2: 0.0090, Reg: 0.0139
INFO:__main__:Total loss 0.1527
INFO:__main__:Predicted mean: -0.3580
INFO:__main__:Predicted uncertainity -0.7657
INFO:__main__:Completed epoch 25 of 100

INFO:__main__:NLL: -0.0729, L2: 0.0092, Reg: 0.0137
INFO:__main__:Total loss -0.0499
INFO:__main__:Predicted mean: -0.3653
INFO:__main__:Predicted uncertainity -0.6315
INFO:__main__:Completed epoch 26 of 100

INFO:__main__:NLL: 0.2956, L2: 0.0090, Reg: 0.0140
INFO:__main__:Total loss 0.3186
INFO:__main__:Predicted mean: -0.3719
INFO:__main__:Predicted uncertainity -0.8441
INFO:__main__:Completed epoch 27 of 100

INFO:__main__:NLL: 0.1686, L2: 0.0084, Reg: 0.0136
INFO:__main__:Total loss 0.1905
INFO:__main__:Predicted mean: -0.3448
INFO:__main__:Predicted uncertainity -0.6681
INFO:__main__:Completed epoch 28 of 100

INFO:__main__:NLL: 0.1334, L2: 0.0089, Reg: 0.0138
INFO:__main__:Total loss 0.1561
INFO:__main__:Predicted mean: -0.3210
INFO:__main__:Predicted uncertainity -0.8215
INFO:__main__:Completed epoch 29 of 100

INFO:__main__:NLL: 0.2074, L2: 0.0086, Reg: 0.0136
INFO:__main__:Total loss 0.2296
INFO:__main__:Predicted mean: -0.3128
INFO:__main__:Predicted uncertainity -0.6948
INFO:__main__:Completed epoch 30 of 100

INFO:__main__:NLL: 0.1347, L2: 0.0089, Reg: 0.0138
INFO:__main__:Total loss 0.1574
INFO:__main__:Predicted mean: -0.4015
INFO:__main__:Predicted uncertainity -0.7425
INFO:__main__:Completed epoch 31 of 100

INFO:__main__:NLL: -0.1104, L2: 0.0093, Reg: 0.0139
INFO:__main__:Total loss -0.0872
INFO:__main__:Predicted mean: -0.3969
INFO:__main__:Predicted uncertainity -0.8466
INFO:__main__:Completed epoch 32 of 100

INFO:__main__:NLL: 0.1701, L2: 0.0090, Reg: 0.0139
INFO:__main__:Total loss 0.1930
INFO:__main__:Predicted mean: -0.3936
INFO:__main__:Predicted uncertainity -0.7055
INFO:__main__:Completed epoch 33 of 100

INFO:__main__:NLL: 0.0790, L2: 0.0090, Reg: 0.0137
INFO:__main__:Total loss 0.1018
INFO:__main__:Predicted mean: -0.3557
INFO:__main__:Predicted uncertainity -0.7754
INFO:__main__:Completed epoch 34 of 100

INFO:__main__:NLL: -0.0861, L2: 0.0087, Reg: 0.0138
INFO:__main__:Total loss -0.0635
INFO:__main__:Predicted mean: -0.4020
INFO:__main__:Predicted uncertainity -0.7686
INFO:__main__:Completed epoch 35 of 100

INFO:__main__:NLL: 0.0742, L2: 0.0088, Reg: 0.0138
INFO:__main__:Total loss 0.0968
INFO:__main__:Predicted mean: -0.3007
INFO:__main__:Predicted uncertainity -0.7543
INFO:__main__:Completed epoch 36 of 100

INFO:__main__:NLL: -0.0917, L2: 0.0086, Reg: 0.0137
INFO:__main__:Total loss -0.0693
INFO:__main__:Predicted mean: -0.3208
INFO:__main__:Predicted uncertainity -0.8589
INFO:__main__:Completed epoch 37 of 100

INFO:__main__:NLL: 0.2597, L2: 0.0089, Reg: 0.0137
INFO:__main__:Total loss 0.2823
INFO:__main__:Predicted mean: -0.3646
INFO:__main__:Predicted uncertainity -0.8028
INFO:__main__:Completed epoch 38 of 100

INFO:__main__:NLL: 0.0844, L2: 0.0089, Reg: 0.0139
INFO:__main__:Total loss 0.1071
INFO:__main__:Predicted mean: -0.4202
INFO:__main__:Predicted uncertainity -0.7022
INFO:__main__:Completed epoch 39 of 100

INFO:__main__:NLL: 0.0793, L2: 0.0088, Reg: 0.0139
INFO:__main__:Total loss 0.1020
INFO:__main__:Predicted mean: -0.3991
INFO:__main__:Predicted uncertainity -0.7220
INFO:__main__:Completed epoch 40 of 100

INFO:__main__:NLL: -0.0837, L2: 0.0085, Reg: 0.0138
INFO:__main__:Total loss -0.0614
INFO:__main__:Predicted mean: -0.3770
INFO:__main__:Predicted uncertainity -0.6958
INFO:__main__:Completed epoch 41 of 100

INFO:__main__:NLL: 0.0559, L2: 0.0081, Reg: 0.0138
INFO:__main__:Total loss 0.0778
INFO:__main__:Predicted mean: -0.4057
INFO:__main__:Predicted uncertainity -0.6715
INFO:__main__:Completed epoch 42 of 100

INFO:__main__:NLL: 0.1766, L2: 0.0081, Reg: 0.0137
INFO:__main__:Total loss 0.1984
INFO:__main__:Predicted mean: -0.3833
INFO:__main__:Predicted uncertainity -0.6968
INFO:__main__:Completed epoch 43 of 100

INFO:__main__:NLL: 0.2584, L2: 0.0083, Reg: 0.0140
INFO:__main__:Total loss 0.2807
INFO:__main__:Predicted mean: -0.4356
INFO:__main__:Predicted uncertainity -0.6902
INFO:__main__:Completed epoch 44 of 100

INFO:__main__:NLL: 0.1043, L2: 0.0083, Reg: 0.0137
INFO:__main__:Total loss 0.1263
INFO:__main__:Predicted mean: -0.3715
INFO:__main__:Predicted uncertainity -0.7447
INFO:__main__:Completed epoch 45 of 100

INFO:__main__:NLL: 0.1092, L2: 0.0081, Reg: 0.0136
INFO:__main__:Total loss 0.1309
INFO:__main__:Predicted mean: -0.3777
INFO:__main__:Predicted uncertainity -0.6733
INFO:__main__:Completed epoch 46 of 100

INFO:__main__:NLL: -0.0474, L2: 0.0080, Reg: 0.0137
INFO:__main__:Total loss -0.0257
INFO:__main__:Predicted mean: -0.4006
INFO:__main__:Predicted uncertainity -0.7149
INFO:__main__:Completed epoch 47 of 100

INFO:__main__:NLL: 0.0404, L2: 0.0084, Reg: 0.0139
INFO:__main__:Total loss 0.0628
INFO:__main__:Predicted mean: -0.3727
INFO:__main__:Predicted uncertainity -0.7986
INFO:__main__:Completed epoch 48 of 100

INFO:__main__:NLL: -0.0030, L2: 0.0082, Reg: 0.0138
INFO:__main__:Total loss 0.0190
INFO:__main__:Predicted mean: -0.3583
INFO:__main__:Predicted uncertainity -0.6577
INFO:__main__:Completed epoch 49 of 100

INFO:__main__:NLL: -0.0138, L2: 0.0081, Reg: 0.0137
INFO:__main__:Total loss 0.0080
INFO:__main__:Predicted mean: -0.3484
INFO:__main__:Predicted uncertainity -0.7316
INFO:__main__:Completed epoch 50 of 100

INFO:__main__:NLL: 0.4000, L2: 0.0088, Reg: 0.0139
INFO:__main__:Total loss 0.4227
INFO:__main__:Predicted mean: -0.3783
INFO:__main__:Predicted uncertainity -0.8694
INFO:__main__:Completed epoch 51 of 100

INFO:__main__:NLL: -0.1524, L2: 0.0090, Reg: 0.0137
INFO:__main__:Total loss -0.1296
INFO:__main__:Predicted mean: -0.3800
INFO:__main__:Predicted uncertainity -0.7863
INFO:__main__:Completed epoch 52 of 100

INFO:__main__:NLL: 0.0302, L2: 0.0088, Reg: 0.0136
INFO:__main__:Total loss 0.0525
INFO:__main__:Predicted mean: -0.3695
INFO:__main__:Predicted uncertainity -0.6096
INFO:__main__:Completed epoch 53 of 100

INFO:__main__:NLL: 0.2384, L2: 0.0087, Reg: 0.0136
INFO:__main__:Total loss 0.2607
INFO:__main__:Predicted mean: -0.3401
INFO:__main__:Predicted uncertainity -0.7091
INFO:__main__:Completed epoch 54 of 100

INFO:__main__:NLL: 0.3142, L2: 0.0094, Reg: 0.0136
INFO:__main__:Total loss 0.3372
INFO:__main__:Predicted mean: -0.3473
INFO:__main__:Predicted uncertainity -0.7909
INFO:__main__:Completed epoch 55 of 100

INFO:__main__:NLL: 0.2378, L2: 0.0087, Reg: 0.0138
INFO:__main__:Total loss 0.2603
INFO:__main__:Predicted mean: -0.3917
INFO:__main__:Predicted uncertainity -0.7453
INFO:__main__:Completed epoch 56 of 100

INFO:__main__:NLL: 0.0423, L2: 0.0087, Reg: 0.0138
INFO:__main__:Total loss 0.0648
INFO:__main__:Predicted mean: -0.3785
INFO:__main__:Predicted uncertainity -0.6818
INFO:__main__:Completed epoch 57 of 100

INFO:__main__:NLL: -0.0958, L2: 0.0089, Reg: 0.0140
INFO:__main__:Total loss -0.0729
INFO:__main__:Predicted mean: -0.4406
INFO:__main__:Predicted uncertainity -0.6957
INFO:__main__:Completed epoch 58 of 100

INFO:__main__:NLL: -0.0046, L2: 0.0092, Reg: 0.0136
INFO:__main__:Total loss 0.0183
INFO:__main__:Predicted mean: -0.3248
INFO:__main__:Predicted uncertainity -0.6907
INFO:__main__:Completed epoch 59 of 100

INFO:__main__:NLL: -0.0507, L2: 0.0091, Reg: 0.0137
INFO:__main__:Total loss -0.0279
INFO:__main__:Predicted mean: -0.3705
INFO:__main__:Predicted uncertainity -0.7489
INFO:__main__:Completed epoch 60 of 100

INFO:__main__:NLL: 0.0468, L2: 0.0090, Reg: 0.0136
INFO:__main__:Total loss 0.0695
INFO:__main__:Predicted mean: -0.3056
INFO:__main__:Predicted uncertainity -0.7332
INFO:__main__:Completed epoch 61 of 100

INFO:__main__:NLL: 0.2179, L2: 0.0088, Reg: 0.0137
INFO:__main__:Total loss 0.2404
INFO:__main__:Predicted mean: -0.3542
INFO:__main__:Predicted uncertainity -0.7172
INFO:__main__:Completed epoch 62 of 100

INFO:__main__:NLL: 0.0630, L2: 0.0095, Reg: 0.0138
INFO:__main__:Total loss 0.0863
INFO:__main__:Predicted mean: -0.4992
INFO:__main__:Predicted uncertainity -0.6833
INFO:__main__:Completed epoch 63 of 100

INFO:__main__:NLL: 0.0477, L2: 0.0092, Reg: 0.0137
INFO:__main__:Total loss 0.0706
INFO:__main__:Predicted mean: -0.3439
INFO:__main__:Predicted uncertainity -0.6829
INFO:__main__:Completed epoch 64 of 100

INFO:__main__:NLL: 0.0639, L2: 0.0091, Reg: 0.0139
INFO:__main__:Total loss 0.0869
INFO:__main__:Predicted mean: -0.3559
INFO:__main__:Predicted uncertainity -0.8111
INFO:__main__:Completed epoch 65 of 100

INFO:__main__:NLL: 0.1692, L2: 0.0091, Reg: 0.0138
INFO:__main__:Total loss 0.1921
INFO:__main__:Predicted mean: -0.4024
INFO:__main__:Predicted uncertainity -0.7510
INFO:__main__:Completed epoch 66 of 100

INFO:__main__:NLL: 0.0250, L2: 0.0092, Reg: 0.0138
INFO:__main__:Total loss 0.0480
INFO:__main__:Predicted mean: -0.4330
INFO:__main__:Predicted uncertainity -0.7712
INFO:__main__:Completed epoch 67 of 100

INFO:__main__:NLL: 0.0257, L2: 0.0090, Reg: 0.0138
INFO:__main__:Total loss 0.0486
INFO:__main__:Predicted mean: -0.3581
INFO:__main__:Predicted uncertainity -0.7852
INFO:__main__:Completed epoch 68 of 100

INFO:__main__:NLL: 0.0302, L2: 0.0094, Reg: 0.0138
INFO:__main__:Total loss 0.0535
INFO:__main__:Predicted mean: -0.3613
INFO:__main__:Predicted uncertainity -0.7692
INFO:__main__:Completed epoch 69 of 100

INFO:__main__:NLL: 0.4893, L2: 0.0094, Reg: 0.0142
INFO:__main__:Total loss 0.5129
INFO:__main__:Predicted mean: -0.4535
INFO:__main__:Predicted uncertainity -0.6681
INFO:__main__:Completed epoch 70 of 100

INFO:__main__:NLL: -0.0291, L2: 0.0089, Reg: 0.0139
INFO:__main__:Total loss -0.0062
INFO:__main__:Predicted mean: -0.3814
INFO:__main__:Predicted uncertainity -0.7678
INFO:__main__:Completed epoch 71 of 100

INFO:__main__:NLL: 0.3191, L2: 0.0088, Reg: 0.0143
INFO:__main__:Total loss 0.3422
INFO:__main__:Predicted mean: -0.4007
INFO:__main__:Predicted uncertainity -0.8496
INFO:__main__:Completed epoch 72 of 100

INFO:__main__:NLL: 0.4783, L2: 0.0093, Reg: 0.0139
INFO:__main__:Total loss 0.5014
INFO:__main__:Predicted mean: -0.3752
INFO:__main__:Predicted uncertainity -0.7965
INFO:__main__:Completed epoch 73 of 100

INFO:__main__:NLL: 0.1598, L2: 0.0097, Reg: 0.0141
INFO:__main__:Total loss 0.1837
INFO:__main__:Predicted mean: -0.3485
INFO:__main__:Predicted uncertainity -0.8659
INFO:__main__:Completed epoch 74 of 100

INFO:__main__:NLL: -0.0298, L2: 0.0096, Reg: 0.0140
INFO:__main__:Total loss -0.0062
INFO:__main__:Predicted mean: -0.3912
INFO:__main__:Predicted uncertainity -0.8392
INFO:__main__:Completed epoch 75 of 100

INFO:__main__:NLL: 0.1153, L2: 0.0095, Reg: 0.0137
INFO:__main__:Total loss 0.1385
INFO:__main__:Predicted mean: -0.3986
INFO:__main__:Predicted uncertainity -0.7469
INFO:__main__:Completed epoch 76 of 100

INFO:__main__:NLL: 0.1193, L2: 0.0087, Reg: 0.0137
INFO:__main__:Total loss 0.1417
INFO:__main__:Predicted mean: -0.4125
INFO:__main__:Predicted uncertainity -0.7791
INFO:__main__:Completed epoch 77 of 100

INFO:__main__:NLL: 0.1774, L2: 0.0088, Reg: 0.0139
INFO:__main__:Total loss 0.2000
INFO:__main__:Predicted mean: -0.3677
INFO:__main__:Predicted uncertainity -0.7345
INFO:__main__:Completed epoch 78 of 100

INFO:__main__:NLL: 0.3377, L2: 0.0091, Reg: 0.0137
INFO:__main__:Total loss 0.3606
INFO:__main__:Predicted mean: -0.3126
INFO:__main__:Predicted uncertainity -0.6880
INFO:__main__:Completed epoch 79 of 100

INFO:__main__:NLL: 0.0750, L2: 0.0094, Reg: 0.0141
INFO:__main__:Total loss 0.0985
INFO:__main__:Predicted mean: -0.3548
INFO:__main__:Predicted uncertainity -0.6922
INFO:__main__:Completed epoch 80 of 100

INFO:__main__:NLL: 0.0171, L2: 0.0087, Reg: 0.0139
INFO:__main__:Total loss 0.0397
INFO:__main__:Predicted mean: -0.4197
INFO:__main__:Predicted uncertainity -0.7070
INFO:__main__:Completed epoch 81 of 100

INFO:__main__:NLL: 0.0744, L2: 0.0085, Reg: 0.0139
INFO:__main__:Total loss 0.0967
INFO:__main__:Predicted mean: -0.3577
INFO:__main__:Predicted uncertainity -0.7909
INFO:__main__:Completed epoch 82 of 100

INFO:__main__:NLL: 0.0305, L2: 0.0090, Reg: 0.0139
INFO:__main__:Total loss 0.0534
INFO:__main__:Predicted mean: -0.3850
INFO:__main__:Predicted uncertainity -0.7943
INFO:__main__:Completed epoch 83 of 100

INFO:__main__:NLL: 0.3151, L2: 0.0088, Reg: 0.0138
INFO:__main__:Total loss 0.3376
INFO:__main__:Predicted mean: -0.3664
INFO:__main__:Predicted uncertainity -0.7313
INFO:__main__:Completed epoch 84 of 100

INFO:__main__:NLL: 0.1936, L2: 0.0086, Reg: 0.0136
INFO:__main__:Total loss 0.2159
INFO:__main__:Predicted mean: -0.3623
INFO:__main__:Predicted uncertainity -0.6113
INFO:__main__:Completed epoch 85 of 100

INFO:__main__:NLL: -0.2052, L2: 0.0091, Reg: 0.0139
INFO:__main__:Total loss -0.1821
INFO:__main__:Predicted mean: -0.4119
INFO:__main__:Predicted uncertainity -0.8237
INFO:__main__:Completed epoch 86 of 100

INFO:__main__:NLL: 0.0520, L2: 0.0086, Reg: 0.0140
INFO:__main__:Total loss 0.0746
INFO:__main__:Predicted mean: -0.4107
INFO:__main__:Predicted uncertainity -0.7672
INFO:__main__:Completed epoch 87 of 100

INFO:__main__:NLL: 0.1256, L2: 0.0086, Reg: 0.0138
INFO:__main__:Total loss 0.1480
INFO:__main__:Predicted mean: -0.3659
INFO:__main__:Predicted uncertainity -0.7142
INFO:__main__:Completed epoch 88 of 100

INFO:__main__:NLL: 0.0305, L2: 0.0082, Reg: 0.0136
INFO:__main__:Total loss 0.0524
INFO:__main__:Predicted mean: -0.3560
INFO:__main__:Predicted uncertainity -0.7211
INFO:__main__:Completed epoch 89 of 100

INFO:__main__:NLL: 0.2081, L2: 0.0083, Reg: 0.0143
INFO:__main__:Total loss 0.2307
INFO:__main__:Predicted mean: -0.4110
INFO:__main__:Predicted uncertainity -0.7662
INFO:__main__:Completed epoch 90 of 100

INFO:__main__:NLL: 0.1342, L2: 0.0085, Reg: 0.0139
INFO:__main__:Total loss 0.1566
INFO:__main__:Predicted mean: -0.4452
INFO:__main__:Predicted uncertainity -0.7818
INFO:__main__:Completed epoch 91 of 100

INFO:__main__:NLL: 0.1478, L2: 0.0081, Reg: 0.0140
INFO:__main__:Total loss 0.1699
INFO:__main__:Predicted mean: -0.4088
INFO:__main__:Predicted uncertainity -0.7942
INFO:__main__:Completed epoch 92 of 100

INFO:__main__:NLL: -0.0101, L2: 0.0085, Reg: 0.0138
INFO:__main__:Total loss 0.0122
INFO:__main__:Predicted mean: -0.3986
INFO:__main__:Predicted uncertainity -0.7150
INFO:__main__:Completed epoch 93 of 100

INFO:__main__:NLL: 0.0615, L2: 0.0088, Reg: 0.0138
INFO:__main__:Total loss 0.0841
INFO:__main__:Predicted mean: -0.3320
INFO:__main__:Predicted uncertainity -0.7558
INFO:__main__:Completed epoch 94 of 100

INFO:__main__:NLL: 0.2568, L2: 0.0081, Reg: 0.0137
INFO:__main__:Total loss 0.2787
INFO:__main__:Predicted mean: -0.4031
INFO:__main__:Predicted uncertainity -0.6308
INFO:__main__:Completed epoch 95 of 100

INFO:__main__:NLL: 0.3363, L2: 0.0083, Reg: 0.0138
INFO:__main__:Total loss 0.3584
INFO:__main__:Predicted mean: -0.3878
INFO:__main__:Predicted uncertainity -0.8454
INFO:__main__:Completed epoch 96 of 100

INFO:__main__:NLL: 0.0481, L2: 0.0086, Reg: 0.0137
INFO:__main__:Total loss 0.0703
INFO:__main__:Predicted mean: -0.3188
INFO:__main__:Predicted uncertainity -0.7404
INFO:__main__:Completed epoch 97 of 100

INFO:__main__:NLL: 0.0635, L2: 0.0083, Reg: 0.0140
INFO:__main__:Total loss 0.0858
INFO:__main__:Predicted mean: -0.3475
INFO:__main__:Predicted uncertainity -0.7239
INFO:__main__:Completed epoch 98 of 100

INFO:__main__:NLL: 0.1259, L2: 0.0085, Reg: 0.0140
INFO:__main__:Total loss 0.1484
INFO:__main__:Predicted mean: -0.4292
INFO:__main__:Predicted uncertainity -0.8123
INFO:__main__:Completed epoch 99 of 100

INFO:__main__:NLL: 0.1960, L2: 0.0081, Reg: 0.0141
INFO:__main__:Total loss 0.2182
INFO:__main__:Predicted mean: -0.4074
INFO:__main__:Predicted uncertainity -0.8697
INFO:__main__:Completed epoch 100 of 100

INFO:__main__:565.774665 s
