INFO:__main__:PROCESS RUNNING ON cpu
INFO:__main__:NLL: 0.0176, L2: 0.0248, Reg: 0.0027
INFO:__main__:Total loss 0.0451
INFO:__main__:Predicted mean: -0.4296
INFO:__main__:Predicted uncertainity -0.7942
INFO:__main__:Completed epoch 1 of 100

INFO:__main__:NLL: 0.1296, L2: 0.0242, Reg: 0.0027
INFO:__main__:Total loss 0.1565
INFO:__main__:Predicted mean: -0.3945
INFO:__main__:Predicted uncertainity -0.7742
INFO:__main__:Completed epoch 2 of 100

INFO:__main__:NLL: 0.1667, L2: 0.0266, Reg: 0.0027
INFO:__main__:Total loss 0.1961
INFO:__main__:Predicted mean: -0.3523
INFO:__main__:Predicted uncertainity -0.7257
INFO:__main__:Completed epoch 3 of 100

INFO:__main__:NLL: -0.0766, L2: 0.0254, Reg: 0.0027
INFO:__main__:Total loss -0.0485
INFO:__main__:Predicted mean: -0.4323
INFO:__main__:Predicted uncertainity -0.8341
INFO:__main__:Completed epoch 4 of 100

INFO:__main__:NLL: 0.0721, L2: 0.0269, Reg: 0.0027
INFO:__main__:Total loss 0.1018
INFO:__main__:Predicted mean: -0.3408
INFO:__main__:Predicted uncertainity -0.8019
INFO:__main__:Completed epoch 5 of 100

INFO:__main__:NLL: -0.0217, L2: 0.0258, Reg: 0.0027
INFO:__main__:Total loss 0.0068
INFO:__main__:Predicted mean: -0.3678
INFO:__main__:Predicted uncertainity -0.6578
INFO:__main__:Completed epoch 6 of 100

INFO:__main__:NLL: -0.0764, L2: 0.0266, Reg: 0.0027
INFO:__main__:Total loss -0.0471
INFO:__main__:Predicted mean: -0.3727
INFO:__main__:Predicted uncertainity -0.7134
INFO:__main__:Completed epoch 7 of 100

INFO:__main__:NLL: 0.2490, L2: 0.0282, Reg: 0.0027
INFO:__main__:Total loss 0.2800
INFO:__main__:Predicted mean: -0.4308
INFO:__main__:Predicted uncertainity -0.8830
INFO:__main__:Completed epoch 8 of 100

INFO:__main__:NLL: 0.0801, L2: 0.0272, Reg: 0.0027
INFO:__main__:Total loss 0.1100
INFO:__main__:Predicted mean: -0.4302
INFO:__main__:Predicted uncertainity -0.8618
INFO:__main__:Completed epoch 9 of 100

INFO:__main__:NLL: 0.2549, L2: 0.0264, Reg: 0.0027
INFO:__main__:Total loss 0.2840
INFO:__main__:Predicted mean: -0.3982
INFO:__main__:Predicted uncertainity -0.7520
INFO:__main__:Completed epoch 10 of 100

INFO:__main__:NLL: 0.0817, L2: 0.0262, Reg: 0.0027
INFO:__main__:Total loss 0.1106
INFO:__main__:Predicted mean: -0.3963
INFO:__main__:Predicted uncertainity -0.8139
INFO:__main__:Completed epoch 11 of 100

INFO:__main__:NLL: 0.1465, L2: 0.0253, Reg: 0.0027
INFO:__main__:Total loss 0.1745
INFO:__main__:Predicted mean: -0.4507
INFO:__main__:Predicted uncertainity -0.7438
INFO:__main__:Completed epoch 12 of 100

INFO:__main__:NLL: 0.0617, L2: 0.0249, Reg: 0.0027
INFO:__main__:Total loss 0.0893
INFO:__main__:Predicted mean: -0.3884
INFO:__main__:Predicted uncertainity -0.7535
INFO:__main__:Completed epoch 13 of 100

INFO:__main__:NLL: 0.0882, L2: 0.0248, Reg: 0.0027
INFO:__main__:Total loss 0.1157
INFO:__main__:Predicted mean: -0.3731
INFO:__main__:Predicted uncertainity -0.7662
INFO:__main__:Completed epoch 14 of 100

INFO:__main__:NLL: 0.1062, L2: 0.0254, Reg: 0.0027
INFO:__main__:Total loss 0.1343
INFO:__main__:Predicted mean: -0.3315
INFO:__main__:Predicted uncertainity -0.8363
INFO:__main__:Completed epoch 15 of 100

INFO:__main__:NLL: 0.1776, L2: 0.0260, Reg: 0.0027
INFO:__main__:Total loss 0.2064
INFO:__main__:Predicted mean: -0.3913
INFO:__main__:Predicted uncertainity -0.7605
INFO:__main__:Completed epoch 16 of 100

INFO:__main__:NLL: 0.0416, L2: 0.0288, Reg: 0.0027
INFO:__main__:Total loss 0.0731
INFO:__main__:Predicted mean: -0.3860
INFO:__main__:Predicted uncertainity -0.8106
INFO:__main__:Completed epoch 17 of 100

INFO:__main__:NLL: 0.1224, L2: 0.0286, Reg: 0.0027
INFO:__main__:Total loss 0.1538
INFO:__main__:Predicted mean: -0.3552
INFO:__main__:Predicted uncertainity -0.8111
INFO:__main__:Completed epoch 18 of 100

INFO:__main__:NLL: 0.0537, L2: 0.0277, Reg: 0.0027
INFO:__main__:Total loss 0.0841
INFO:__main__:Predicted mean: -0.4122
INFO:__main__:Predicted uncertainity -0.7578
INFO:__main__:Completed epoch 19 of 100

INFO:__main__:NLL: 0.0399, L2: 0.0274, Reg: 0.0027
INFO:__main__:Total loss 0.0701
INFO:__main__:Predicted mean: -0.3899
INFO:__main__:Predicted uncertainity -0.7338
INFO:__main__:Completed epoch 20 of 100

INFO:__main__:NLL: 0.0911, L2: 0.0273, Reg: 0.0027
INFO:__main__:Total loss 0.1211
INFO:__main__:Predicted mean: -0.3713
INFO:__main__:Predicted uncertainity -0.6282
INFO:__main__:Completed epoch 21 of 100

INFO:__main__:NLL: -0.0243, L2: 0.0262, Reg: 0.0027
INFO:__main__:Total loss 0.0046
INFO:__main__:Predicted mean: -0.4198
INFO:__main__:Predicted uncertainity -0.8023
INFO:__main__:Completed epoch 22 of 100

INFO:__main__:NLL: 0.3546, L2: 0.0272, Reg: 0.0027
INFO:__main__:Total loss 0.3846
INFO:__main__:Predicted mean: -0.3839
INFO:__main__:Predicted uncertainity -0.8353
INFO:__main__:Completed epoch 23 of 100

INFO:__main__:NLL: 0.0879, L2: 0.0260, Reg: 0.0027
INFO:__main__:Total loss 0.1166
INFO:__main__:Predicted mean: -0.3691
INFO:__main__:Predicted uncertainity -0.6787
INFO:__main__:Completed epoch 24 of 100

INFO:__main__:NLL: 0.1365, L2: 0.0273, Reg: 0.0027
INFO:__main__:Total loss 0.1666
INFO:__main__:Predicted mean: -0.3354
INFO:__main__:Predicted uncertainity -0.6993
INFO:__main__:Completed epoch 25 of 100

INFO:__main__:NLL: 0.2154, L2: 0.0272, Reg: 0.0027
INFO:__main__:Total loss 0.2453
INFO:__main__:Predicted mean: -0.3266
INFO:__main__:Predicted uncertainity -0.6624
INFO:__main__:Completed epoch 26 of 100

INFO:__main__:NLL: 0.1047, L2: 0.0252, Reg: 0.0027
INFO:__main__:Total loss 0.1326
INFO:__main__:Predicted mean: -0.3207
INFO:__main__:Predicted uncertainity -0.6934
INFO:__main__:Completed epoch 27 of 100

INFO:__main__:NLL: 0.0505, L2: 0.0273, Reg: 0.0027
INFO:__main__:Total loss 0.0806
INFO:__main__:Predicted mean: -0.3642
INFO:__main__:Predicted uncertainity -0.8992
INFO:__main__:Completed epoch 28 of 100

INFO:__main__:NLL: 0.1068, L2: 0.0279, Reg: 0.0027
INFO:__main__:Total loss 0.1374
INFO:__main__:Predicted mean: -0.3359
INFO:__main__:Predicted uncertainity -0.7012
INFO:__main__:Completed epoch 29 of 100

INFO:__main__:NLL: 0.0809, L2: 0.0272, Reg: 0.0027
INFO:__main__:Total loss 0.1108
INFO:__main__:Predicted mean: -0.3575
INFO:__main__:Predicted uncertainity -0.6932
INFO:__main__:Completed epoch 30 of 100

INFO:__main__:NLL: -0.0898, L2: 0.0265, Reg: 0.0027
INFO:__main__:Total loss -0.0606
INFO:__main__:Predicted mean: -0.3397
INFO:__main__:Predicted uncertainity -0.7818
INFO:__main__:Completed epoch 31 of 100

INFO:__main__:NLL: 0.0655, L2: 0.0266, Reg: 0.0027
INFO:__main__:Total loss 0.0948
INFO:__main__:Predicted mean: -0.3624
INFO:__main__:Predicted uncertainity -0.7204
INFO:__main__:Completed epoch 32 of 100

INFO:__main__:NLL: 0.1638, L2: 0.0258, Reg: 0.0027
INFO:__main__:Total loss 0.1923
INFO:__main__:Predicted mean: -0.3887
INFO:__main__:Predicted uncertainity -0.8175
INFO:__main__:Completed epoch 33 of 100

INFO:__main__:NLL: 0.1248, L2: 0.0267, Reg: 0.0027
INFO:__main__:Total loss 0.1542
INFO:__main__:Predicted mean: -0.3837
INFO:__main__:Predicted uncertainity -0.6823
INFO:__main__:Completed epoch 34 of 100

INFO:__main__:NLL: 0.0720, L2: 0.0271, Reg: 0.0027
INFO:__main__:Total loss 0.1018
INFO:__main__:Predicted mean: -0.3682
INFO:__main__:Predicted uncertainity -0.7841
INFO:__main__:Completed epoch 35 of 100

INFO:__main__:NLL: 0.0574, L2: 0.0280, Reg: 0.0027
INFO:__main__:Total loss 0.0881
INFO:__main__:Predicted mean: -0.3560
INFO:__main__:Predicted uncertainity -0.7948
INFO:__main__:Completed epoch 36 of 100

INFO:__main__:NLL: 0.3001, L2: 0.0268, Reg: 0.0027
INFO:__main__:Total loss 0.3297
INFO:__main__:Predicted mean: -0.4028
INFO:__main__:Predicted uncertainity -0.7034
INFO:__main__:Completed epoch 37 of 100

INFO:__main__:NLL: -0.0540, L2: 0.0262, Reg: 0.0027
INFO:__main__:Total loss -0.0250
INFO:__main__:Predicted mean: -0.3576
INFO:__main__:Predicted uncertainity -0.8466
INFO:__main__:Completed epoch 38 of 100

INFO:__main__:NLL: 0.0804, L2: 0.0275, Reg: 0.0027
INFO:__main__:Total loss 0.1105
INFO:__main__:Predicted mean: -0.4437
INFO:__main__:Predicted uncertainity -0.8645
INFO:__main__:Completed epoch 39 of 100

INFO:__main__:NLL: 0.0679, L2: 0.0243, Reg: 0.0027
INFO:__main__:Total loss 0.0950
INFO:__main__:Predicted mean: -0.3605
INFO:__main__:Predicted uncertainity -0.6416
INFO:__main__:Completed epoch 40 of 100

INFO:__main__:NLL: 0.0443, L2: 0.0272, Reg: 0.0027
INFO:__main__:Total loss 0.0742
INFO:__main__:Predicted mean: -0.3277
INFO:__main__:Predicted uncertainity -0.6855
INFO:__main__:Completed epoch 41 of 100

INFO:__main__:NLL: 0.3851, L2: 0.0264, Reg: 0.0027
INFO:__main__:Total loss 0.4142
INFO:__main__:Predicted mean: -0.4051
INFO:__main__:Predicted uncertainity -0.6900
INFO:__main__:Completed epoch 42 of 100

INFO:__main__:NLL: 0.0902, L2: 0.0277, Reg: 0.0027
INFO:__main__:Total loss 0.1206
INFO:__main__:Predicted mean: -0.3597
INFO:__main__:Predicted uncertainity -0.6616
INFO:__main__:Completed epoch 43 of 100

INFO:__main__:NLL: 0.0379, L2: 0.0282, Reg: 0.0027
INFO:__main__:Total loss 0.0688
INFO:__main__:Predicted mean: -0.3723
INFO:__main__:Predicted uncertainity -0.7605
INFO:__main__:Completed epoch 44 of 100

INFO:__main__:NLL: 0.2002, L2: 0.0287, Reg: 0.0027
INFO:__main__:Total loss 0.2317
INFO:__main__:Predicted mean: -0.3256
INFO:__main__:Predicted uncertainity -0.7134
INFO:__main__:Completed epoch 45 of 100

INFO:__main__:NLL: 0.1833, L2: 0.0266, Reg: 0.0027
INFO:__main__:Total loss 0.2126
INFO:__main__:Predicted mean: -0.3586
INFO:__main__:Predicted uncertainity -0.7041
INFO:__main__:Completed epoch 46 of 100

INFO:__main__:NLL: 0.0443, L2: 0.0265, Reg: 0.0027
INFO:__main__:Total loss 0.0735
INFO:__main__:Predicted mean: -0.4324
INFO:__main__:Predicted uncertainity -0.7853
INFO:__main__:Completed epoch 47 of 100

INFO:__main__:NLL: 0.3210, L2: 0.0302, Reg: 0.0027
INFO:__main__:Total loss 0.3539
INFO:__main__:Predicted mean: -0.3429
INFO:__main__:Predicted uncertainity -0.6149
INFO:__main__:Completed epoch 48 of 100

INFO:__main__:NLL: 0.0605, L2: 0.0260, Reg: 0.0027
INFO:__main__:Total loss 0.0892
INFO:__main__:Predicted mean: -0.3859
INFO:__main__:Predicted uncertainity -0.8143
INFO:__main__:Completed epoch 49 of 100

INFO:__main__:NLL: 0.0419, L2: 0.0264, Reg: 0.0027
INFO:__main__:Total loss 0.0710
INFO:__main__:Predicted mean: -0.4156
INFO:__main__:Predicted uncertainity -0.6276
INFO:__main__:Completed epoch 50 of 100

INFO:__main__:NLL: 0.1307, L2: 0.0253, Reg: 0.0027
INFO:__main__:Total loss 0.1587
INFO:__main__:Predicted mean: -0.4076
INFO:__main__:Predicted uncertainity -0.8460
INFO:__main__:Completed epoch 51 of 100

INFO:__main__:NLL: 0.1081, L2: 0.0271, Reg: 0.0027
INFO:__main__:Total loss 0.1379
INFO:__main__:Predicted mean: -0.3641
INFO:__main__:Predicted uncertainity -0.7648
INFO:__main__:Completed epoch 52 of 100

INFO:__main__:NLL: 0.2436, L2: 0.0249, Reg: 0.0027
INFO:__main__:Total loss 0.2712
INFO:__main__:Predicted mean: -0.4007
INFO:__main__:Predicted uncertainity -0.7332
INFO:__main__:Completed epoch 53 of 100

INFO:__main__:NLL: 0.1077, L2: 0.0259, Reg: 0.0027
INFO:__main__:Total loss 0.1363
INFO:__main__:Predicted mean: -0.3053
INFO:__main__:Predicted uncertainity -0.7472
INFO:__main__:Completed epoch 54 of 100

INFO:__main__:NLL: 0.0499, L2: 0.0284, Reg: 0.0027
INFO:__main__:Total loss 0.0810
INFO:__main__:Predicted mean: -0.3708
INFO:__main__:Predicted uncertainity -0.8393
INFO:__main__:Completed epoch 55 of 100

INFO:__main__:NLL: 0.1434, L2: 0.0278, Reg: 0.0027
INFO:__main__:Total loss 0.1739
INFO:__main__:Predicted mean: -0.3922
INFO:__main__:Predicted uncertainity -0.7338
INFO:__main__:Completed epoch 56 of 100

INFO:__main__:NLL: 0.1033, L2: 0.0260, Reg: 0.0027
INFO:__main__:Total loss 0.1320
INFO:__main__:Predicted mean: -0.3452
INFO:__main__:Predicted uncertainity -0.7399
INFO:__main__:Completed epoch 57 of 100

INFO:__main__:NLL: 0.2167, L2: 0.0265, Reg: 0.0027
INFO:__main__:Total loss 0.2459
INFO:__main__:Predicted mean: -0.3651
INFO:__main__:Predicted uncertainity -0.7949
INFO:__main__:Completed epoch 58 of 100

INFO:__main__:NLL: 0.1435, L2: 0.0267, Reg: 0.0027
INFO:__main__:Total loss 0.1729
INFO:__main__:Predicted mean: -0.3717
INFO:__main__:Predicted uncertainity -0.7193
INFO:__main__:Completed epoch 59 of 100

INFO:__main__:NLL: 0.0493, L2: 0.0257, Reg: 0.0027
INFO:__main__:Total loss 0.0777
INFO:__main__:Predicted mean: -0.4034
INFO:__main__:Predicted uncertainity -0.5293
INFO:__main__:Completed epoch 60 of 100

INFO:__main__:NLL: 0.0585, L2: 0.0263, Reg: 0.0027
INFO:__main__:Total loss 0.0875
INFO:__main__:Predicted mean: -0.3354
INFO:__main__:Predicted uncertainity -0.7129
INFO:__main__:Completed epoch 61 of 100

INFO:__main__:NLL: 0.2064, L2: 0.0257, Reg: 0.0027
INFO:__main__:Total loss 0.2348
INFO:__main__:Predicted mean: -0.3587
INFO:__main__:Predicted uncertainity -0.7775
INFO:__main__:Completed epoch 62 of 100

INFO:__main__:NLL: 0.0403, L2: 0.0272, Reg: 0.0027
INFO:__main__:Total loss 0.0702
INFO:__main__:Predicted mean: -0.3238
INFO:__main__:Predicted uncertainity -0.8184
INFO:__main__:Completed epoch 63 of 100

INFO:__main__:NLL: 0.1855, L2: 0.0276, Reg: 0.0027
INFO:__main__:Total loss 0.2158
INFO:__main__:Predicted mean: -0.3989
INFO:__main__:Predicted uncertainity -0.8726
INFO:__main__:Completed epoch 64 of 100

INFO:__main__:NLL: -0.0323, L2: 0.0286, Reg: 0.0027
INFO:__main__:Total loss -0.0010
INFO:__main__:Predicted mean: -0.3871
INFO:__main__:Predicted uncertainity -0.8081
INFO:__main__:Completed epoch 65 of 100

INFO:__main__:NLL: 0.0925, L2: 0.0240, Reg: 0.0027
INFO:__main__:Total loss 0.1193
INFO:__main__:Predicted mean: -0.3800
INFO:__main__:Predicted uncertainity -0.7841
INFO:__main__:Completed epoch 66 of 100

INFO:__main__:NLL: 0.0474, L2: 0.0267, Reg: 0.0027
INFO:__main__:Total loss 0.0767
INFO:__main__:Predicted mean: -0.3876
INFO:__main__:Predicted uncertainity -0.8187
INFO:__main__:Completed epoch 67 of 100

INFO:__main__:NLL: 0.0846, L2: 0.0253, Reg: 0.0027
INFO:__main__:Total loss 0.1126
INFO:__main__:Predicted mean: -0.3540
INFO:__main__:Predicted uncertainity -0.7611
INFO:__main__:Completed epoch 68 of 100

INFO:__main__:NLL: 0.0437, L2: 0.0244, Reg: 0.0027
INFO:__main__:Total loss 0.0708
INFO:__main__:Predicted mean: -0.3633
INFO:__main__:Predicted uncertainity -0.7967
INFO:__main__:Completed epoch 69 of 100

INFO:__main__:NLL: -0.0528, L2: 0.0271, Reg: 0.0027
INFO:__main__:Total loss -0.0230
INFO:__main__:Predicted mean: -0.3443
INFO:__main__:Predicted uncertainity -0.7254
INFO:__main__:Completed epoch 70 of 100

INFO:__main__:NLL: 0.1192, L2: 0.0264, Reg: 0.0027
INFO:__main__:Total loss 0.1483
INFO:__main__:Predicted mean: -0.3313
INFO:__main__:Predicted uncertainity -0.7452
INFO:__main__:Completed epoch 71 of 100

INFO:__main__:NLL: 0.0593, L2: 0.0279, Reg: 0.0027
INFO:__main__:Total loss 0.0899
INFO:__main__:Predicted mean: -0.3177
INFO:__main__:Predicted uncertainity -0.7778
INFO:__main__:Completed epoch 72 of 100

INFO:__main__:NLL: 0.0189, L2: 0.0258, Reg: 0.0027
INFO:__main__:Total loss 0.0475
INFO:__main__:Predicted mean: -0.3418
INFO:__main__:Predicted uncertainity -0.6916
INFO:__main__:Completed epoch 73 of 100

INFO:__main__:NLL: -0.0446, L2: 0.0263, Reg: 0.0027
INFO:__main__:Total loss -0.0156
INFO:__main__:Predicted mean: -0.3665
INFO:__main__:Predicted uncertainity -0.9202
INFO:__main__:Completed epoch 74 of 100

INFO:__main__:NLL: 0.1206, L2: 0.0272, Reg: 0.0027
INFO:__main__:Total loss 0.1505
INFO:__main__:Predicted mean: -0.3899
INFO:__main__:Predicted uncertainity -0.7224
INFO:__main__:Completed epoch 75 of 100

INFO:__main__:NLL: 0.0634, L2: 0.0275, Reg: 0.0027
INFO:__main__:Total loss 0.0936
INFO:__main__:Predicted mean: -0.3819
INFO:__main__:Predicted uncertainity -0.6471
INFO:__main__:Completed epoch 76 of 100

INFO:__main__:NLL: 0.0970, L2: 0.0280, Reg: 0.0027
INFO:__main__:Total loss 0.1277
INFO:__main__:Predicted mean: -0.3351
INFO:__main__:Predicted uncertainity -0.6506
INFO:__main__:Completed epoch 77 of 100

INFO:__main__:NLL: -0.0169, L2: 0.0274, Reg: 0.0027
INFO:__main__:Total loss 0.0132
INFO:__main__:Predicted mean: -0.4343
INFO:__main__:Predicted uncertainity -0.6775
INFO:__main__:Completed epoch 78 of 100

INFO:__main__:NLL: 0.0681, L2: 0.0260, Reg: 0.0027
INFO:__main__:Total loss 0.0968
INFO:__main__:Predicted mean: -0.3577
INFO:__main__:Predicted uncertainity -0.7672
INFO:__main__:Completed epoch 79 of 100

INFO:__main__:NLL: 0.0361, L2: 0.0269, Reg: 0.0027
INFO:__main__:Total loss 0.0657
INFO:__main__:Predicted mean: -0.3897
INFO:__main__:Predicted uncertainity -0.6485
INFO:__main__:Completed epoch 80 of 100

INFO:__main__:NLL: -0.0045, L2: 0.0268, Reg: 0.0027
INFO:__main__:Total loss 0.0250
INFO:__main__:Predicted mean: -0.3143
INFO:__main__:Predicted uncertainity -0.6739
INFO:__main__:Completed epoch 81 of 100

INFO:__main__:NLL: 0.0761, L2: 0.0254, Reg: 0.0027
INFO:__main__:Total loss 0.1042
INFO:__main__:Predicted mean: -0.3502
INFO:__main__:Predicted uncertainity -0.6964
INFO:__main__:Completed epoch 82 of 100

INFO:__main__:NLL: 0.2238, L2: 0.0250, Reg: 0.0027
INFO:__main__:Total loss 0.2515
INFO:__main__:Predicted mean: -0.4020
INFO:__main__:Predicted uncertainity -0.7475
INFO:__main__:Completed epoch 83 of 100

INFO:__main__:NLL: 0.0078, L2: 0.0274, Reg: 0.0027
INFO:__main__:Total loss 0.0379
INFO:__main__:Predicted mean: -0.3921
INFO:__main__:Predicted uncertainity -0.6610
INFO:__main__:Completed epoch 84 of 100

INFO:__main__:NLL: 0.0971, L2: 0.0267, Reg: 0.0027
INFO:__main__:Total loss 0.1266
INFO:__main__:Predicted mean: -0.3374
INFO:__main__:Predicted uncertainity -0.7370
INFO:__main__:Completed epoch 85 of 100

INFO:__main__:NLL: -0.0017, L2: 0.0266, Reg: 0.0027
INFO:__main__:Total loss 0.0277
INFO:__main__:Predicted mean: -0.3456
INFO:__main__:Predicted uncertainity -0.8153
INFO:__main__:Completed epoch 86 of 100

INFO:__main__:NLL: 0.0927, L2: 0.0256, Reg: 0.0027
INFO:__main__:Total loss 0.1211
INFO:__main__:Predicted mean: -0.4257
INFO:__main__:Predicted uncertainity -0.7254
INFO:__main__:Completed epoch 87 of 100

INFO:__main__:NLL: 0.2511, L2: 0.0260, Reg: 0.0027
INFO:__main__:Total loss 0.2798
INFO:__main__:Predicted mean: -0.3632
INFO:__main__:Predicted uncertainity -0.7663
INFO:__main__:Completed epoch 88 of 100

INFO:__main__:NLL: 0.2857, L2: 0.0280, Reg: 0.0027
INFO:__main__:Total loss 0.3164
INFO:__main__:Predicted mean: -0.3367
INFO:__main__:Predicted uncertainity -0.7642
INFO:__main__:Completed epoch 89 of 100

INFO:__main__:NLL: 0.1131, L2: 0.0268, Reg: 0.0027
INFO:__main__:Total loss 0.1426
INFO:__main__:Predicted mean: -0.3450
INFO:__main__:Predicted uncertainity -0.6774
INFO:__main__:Completed epoch 90 of 100

INFO:__main__:NLL: 0.1140, L2: 0.0299, Reg: 0.0027
INFO:__main__:Total loss 0.1466
INFO:__main__:Predicted mean: -0.3391
INFO:__main__:Predicted uncertainity -0.7137
INFO:__main__:Completed epoch 91 of 100

INFO:__main__:NLL: 0.0260, L2: 0.0267, Reg: 0.0027
INFO:__main__:Total loss 0.0554
INFO:__main__:Predicted mean: -0.3591
INFO:__main__:Predicted uncertainity -0.7380
INFO:__main__:Completed epoch 92 of 100

INFO:__main__:NLL: 0.2537, L2: 0.0280, Reg: 0.0027
INFO:__main__:Total loss 0.2844
INFO:__main__:Predicted mean: -0.3422
INFO:__main__:Predicted uncertainity -0.7681
INFO:__main__:Completed epoch 93 of 100

INFO:__main__:NLL: 0.2836, L2: 0.0289, Reg: 0.0027
INFO:__main__:Total loss 0.3152
INFO:__main__:Predicted mean: -0.3588
INFO:__main__:Predicted uncertainity -0.8334
INFO:__main__:Completed epoch 94 of 100

INFO:__main__:NLL: 0.1726, L2: 0.0262, Reg: 0.0027
INFO:__main__:Total loss 0.2015
INFO:__main__:Predicted mean: -0.3932
INFO:__main__:Predicted uncertainity -0.7881
INFO:__main__:Completed epoch 95 of 100

INFO:__main__:NLL: 0.1960, L2: 0.0286, Reg: 0.0027
INFO:__main__:Total loss 0.2273
INFO:__main__:Predicted mean: -0.3621
INFO:__main__:Predicted uncertainity -0.7595
INFO:__main__:Completed epoch 96 of 100

INFO:__main__:NLL: 0.1107, L2: 0.0304, Reg: 0.0027
INFO:__main__:Total loss 0.1438
INFO:__main__:Predicted mean: -0.3825
INFO:__main__:Predicted uncertainity -0.6683
INFO:__main__:Completed epoch 97 of 100

INFO:__main__:NLL: -0.0034, L2: 0.0292, Reg: 0.0027
INFO:__main__:Total loss 0.0285
INFO:__main__:Predicted mean: -0.3405
INFO:__main__:Predicted uncertainity -0.7364
INFO:__main__:Completed epoch 98 of 100

INFO:__main__:NLL: -0.0027, L2: 0.0301, Reg: 0.0027
INFO:__main__:Total loss 0.0301
INFO:__main__:Predicted mean: -0.3738
INFO:__main__:Predicted uncertainity -0.8204
INFO:__main__:Completed epoch 99 of 100

INFO:__main__:NLL: 0.1128, L2: 0.0274, Reg: 0.0027
INFO:__main__:Total loss 0.1429
INFO:__main__:Predicted mean: -0.3787
INFO:__main__:Predicted uncertainity -0.8109
INFO:__main__:Completed epoch 100 of 100

INFO:__main__:564.384188 s
