INFO:__main__:PROCESS RUNNING ON cpu
INFO:__main__:NLL: 0.2115, L2: 0.0178, Reg: 0.0552
INFO:__main__:Total loss 0.2845
INFO:__main__:Predicted mean: -0.4286
INFO:__main__:Predicted uncertainity -0.2693
INFO:__main__:Completed epoch 1 of 100

INFO:__main__:NLL: 0.1946, L2: 0.0176, Reg: 0.0640
INFO:__main__:Total loss 0.2762
INFO:__main__:Predicted mean: -0.3908
INFO:__main__:Predicted uncertainity -0.2836
INFO:__main__:Completed epoch 2 of 100

INFO:__main__:NLL: 0.1738, L2: 0.0178, Reg: 0.0573
INFO:__main__:Total loss 0.2490
INFO:__main__:Predicted mean: -0.3975
INFO:__main__:Predicted uncertainity -0.2263
INFO:__main__:Completed epoch 3 of 100

INFO:__main__:NLL: 0.0883, L2: 0.0170, Reg: 0.0676
INFO:__main__:Total loss 0.1728
INFO:__main__:Predicted mean: -0.4450
INFO:__main__:Predicted uncertainity -0.2850
INFO:__main__:Completed epoch 4 of 100

INFO:__main__:NLL: 0.2611, L2: 0.0192, Reg: 0.0589
INFO:__main__:Total loss 0.3393
INFO:__main__:Predicted mean: -0.4025
INFO:__main__:Predicted uncertainity -0.1898
INFO:__main__:Completed epoch 5 of 100

INFO:__main__:NLL: 0.1259, L2: 0.0193, Reg: 0.0556
INFO:__main__:Total loss 0.2007
INFO:__main__:Predicted mean: -0.3742
INFO:__main__:Predicted uncertainity -0.2279
INFO:__main__:Completed epoch 6 of 100

INFO:__main__:NLL: 0.1136, L2: 0.0180, Reg: 0.0629
INFO:__main__:Total loss 0.1946
INFO:__main__:Predicted mean: -0.4105
INFO:__main__:Predicted uncertainity -0.2667
INFO:__main__:Completed epoch 7 of 100

INFO:__main__:NLL: 0.2334, L2: 0.0190, Reg: 0.0615
INFO:__main__:Total loss 0.3138
INFO:__main__:Predicted mean: -0.4457
INFO:__main__:Predicted uncertainity -0.2369
INFO:__main__:Completed epoch 8 of 100

INFO:__main__:NLL: 0.1435, L2: 0.0184, Reg: 0.0646
INFO:__main__:Total loss 0.2265
INFO:__main__:Predicted mean: -0.4551
INFO:__main__:Predicted uncertainity -0.2903
INFO:__main__:Completed epoch 9 of 100

INFO:__main__:NLL: 0.2607, L2: 0.0176, Reg: 0.0602
INFO:__main__:Total loss 0.3385
INFO:__main__:Predicted mean: -0.3865
INFO:__main__:Predicted uncertainity -0.2557
INFO:__main__:Completed epoch 10 of 100

INFO:__main__:NLL: 0.1499, L2: 0.0170, Reg: 0.0602
INFO:__main__:Total loss 0.2271
INFO:__main__:Predicted mean: -0.4074
INFO:__main__:Predicted uncertainity -0.3060
INFO:__main__:Completed epoch 11 of 100

INFO:__main__:NLL: 0.2447, L2: 0.0182, Reg: 0.0601
INFO:__main__:Total loss 0.3230
INFO:__main__:Predicted mean: -0.4332
INFO:__main__:Predicted uncertainity -0.2790
INFO:__main__:Completed epoch 12 of 100

INFO:__main__:NLL: 0.2181, L2: 0.0190, Reg: 0.0514
INFO:__main__:Total loss 0.2885
INFO:__main__:Predicted mean: -0.4149
INFO:__main__:Predicted uncertainity -0.2116
INFO:__main__:Completed epoch 13 of 100

INFO:__main__:NLL: 0.1610, L2: 0.0192, Reg: 0.0574
INFO:__main__:Total loss 0.2376
INFO:__main__:Predicted mean: -0.3702
INFO:__main__:Predicted uncertainity -0.2077
INFO:__main__:Completed epoch 14 of 100

INFO:__main__:NLL: 0.1261, L2: 0.0192, Reg: 0.0584
INFO:__main__:Total loss 0.2037
INFO:__main__:Predicted mean: -0.3655
INFO:__main__:Predicted uncertainity -0.2911
INFO:__main__:Completed epoch 15 of 100

INFO:__main__:NLL: 0.1803, L2: 0.0191, Reg: 0.0572
INFO:__main__:Total loss 0.2566
INFO:__main__:Predicted mean: -0.4140
INFO:__main__:Predicted uncertainity -0.2591
INFO:__main__:Completed epoch 16 of 100

INFO:__main__:NLL: 0.1659, L2: 0.0191, Reg: 0.0686
INFO:__main__:Total loss 0.2536
INFO:__main__:Predicted mean: -0.4166
INFO:__main__:Predicted uncertainity -0.2849
INFO:__main__:Completed epoch 17 of 100

INFO:__main__:NLL: 0.1882, L2: 0.0196, Reg: 0.0586
INFO:__main__:Total loss 0.2665
INFO:__main__:Predicted mean: -0.3781
INFO:__main__:Predicted uncertainity -0.2574
INFO:__main__:Completed epoch 18 of 100

INFO:__main__:NLL: 0.1392, L2: 0.0194, Reg: 0.0578
INFO:__main__:Total loss 0.2164
INFO:__main__:Predicted mean: -0.3830
INFO:__main__:Predicted uncertainity -0.2330
INFO:__main__:Completed epoch 19 of 100

INFO:__main__:NLL: 0.1632, L2: 0.0200, Reg: 0.0607
INFO:__main__:Total loss 0.2439
INFO:__main__:Predicted mean: -0.4189
INFO:__main__:Predicted uncertainity -0.2179
INFO:__main__:Completed epoch 20 of 100

INFO:__main__:NLL: 0.1797, L2: 0.0190, Reg: 0.0532
INFO:__main__:Total loss 0.2519
INFO:__main__:Predicted mean: -0.4135
INFO:__main__:Predicted uncertainity -0.2206
INFO:__main__:Completed epoch 21 of 100

INFO:__main__:NLL: 0.1041, L2: 0.0194, Reg: 0.0667
INFO:__main__:Total loss 0.1902
INFO:__main__:Predicted mean: -0.4362
INFO:__main__:Predicted uncertainity -0.2978
INFO:__main__:Completed epoch 22 of 100

INFO:__main__:NLL: 0.2944, L2: 0.0186, Reg: 0.0670
INFO:__main__:Total loss 0.3800
INFO:__main__:Predicted mean: -0.3975
INFO:__main__:Predicted uncertainity -0.2837
INFO:__main__:Completed epoch 23 of 100

INFO:__main__:NLL: 0.1412, L2: 0.0197, Reg: 0.0616
INFO:__main__:Total loss 0.2226
INFO:__main__:Predicted mean: -0.3733
INFO:__main__:Predicted uncertainity -0.2471
INFO:__main__:Completed epoch 24 of 100

INFO:__main__:NLL: 0.1833, L2: 0.0192, Reg: 0.0508
INFO:__main__:Total loss 0.2533
INFO:__main__:Predicted mean: -0.3793
INFO:__main__:Predicted uncertainity -0.2340
INFO:__main__:Completed epoch 25 of 100

INFO:__main__:NLL: 0.1940, L2: 0.0198, Reg: 0.0646
INFO:__main__:Total loss 0.2783
INFO:__main__:Predicted mean: -0.3904
INFO:__main__:Predicted uncertainity -0.2605
INFO:__main__:Completed epoch 26 of 100

INFO:__main__:NLL: 0.1861, L2: 0.0186, Reg: 0.0569
INFO:__main__:Total loss 0.2616
INFO:__main__:Predicted mean: -0.3429
INFO:__main__:Predicted uncertainity -0.2293
INFO:__main__:Completed epoch 27 of 100

INFO:__main__:NLL: 0.1579, L2: 0.0200, Reg: 0.0729
INFO:__main__:Total loss 0.2508
INFO:__main__:Predicted mean: -0.3813
INFO:__main__:Predicted uncertainity -0.2850
INFO:__main__:Completed epoch 28 of 100

INFO:__main__:NLL: 0.2267, L2: 0.0191, Reg: 0.0630
INFO:__main__:Total loss 0.3088
INFO:__main__:Predicted mean: -0.3797
INFO:__main__:Predicted uncertainity -0.2229
INFO:__main__:Completed epoch 29 of 100

INFO:__main__:NLL: 0.1244, L2: 0.0192, Reg: 0.0637
INFO:__main__:Total loss 0.2072
INFO:__main__:Predicted mean: -0.4039
INFO:__main__:Predicted uncertainity -0.2478
INFO:__main__:Completed epoch 30 of 100

INFO:__main__:NLL: 0.0440, L2: 0.0190, Reg: 0.0581
INFO:__main__:Total loss 0.1211
INFO:__main__:Predicted mean: -0.3741
INFO:__main__:Predicted uncertainity -0.2502
INFO:__main__:Completed epoch 31 of 100

INFO:__main__:NLL: 0.2000, L2: 0.0189, Reg: 0.0471
INFO:__main__:Total loss 0.2660
INFO:__main__:Predicted mean: -0.3761
INFO:__main__:Predicted uncertainity -0.2385
INFO:__main__:Completed epoch 32 of 100

INFO:__main__:NLL: 0.2552, L2: 0.0205, Reg: 0.0649
INFO:__main__:Total loss 0.3406
INFO:__main__:Predicted mean: -0.4144
INFO:__main__:Predicted uncertainity -0.2444
INFO:__main__:Completed epoch 33 of 100

INFO:__main__:NLL: 0.2537, L2: 0.0200, Reg: 0.0612
INFO:__main__:Total loss 0.3349
INFO:__main__:Predicted mean: -0.3706
INFO:__main__:Predicted uncertainity -0.3026
INFO:__main__:Completed epoch 34 of 100

INFO:__main__:NLL: 0.1613, L2: 0.0201, Reg: 0.0521
INFO:__main__:Total loss 0.2335
INFO:__main__:Predicted mean: -0.3572
INFO:__main__:Predicted uncertainity -0.2766
INFO:__main__:Completed epoch 35 of 100

INFO:__main__:NLL: 0.1586, L2: 0.0189, Reg: 0.0638
INFO:__main__:Total loss 0.2413
INFO:__main__:Predicted mean: -0.4220
INFO:__main__:Predicted uncertainity -0.2647
INFO:__main__:Completed epoch 36 of 100

INFO:__main__:NLL: 0.2735, L2: 0.0191, Reg: 0.0564
INFO:__main__:Total loss 0.3489
INFO:__main__:Predicted mean: -0.4100
INFO:__main__:Predicted uncertainity -0.2297
INFO:__main__:Completed epoch 37 of 100

INFO:__main__:NLL: 0.1561, L2: 0.0183, Reg: 0.0591
INFO:__main__:Total loss 0.2335
INFO:__main__:Predicted mean: -0.3760
INFO:__main__:Predicted uncertainity -0.3201
INFO:__main__:Completed epoch 38 of 100

INFO:__main__:NLL: 0.2405, L2: 0.0191, Reg: 0.0550
INFO:__main__:Total loss 0.3146
INFO:__main__:Predicted mean: -0.4461
INFO:__main__:Predicted uncertainity -0.2372
INFO:__main__:Completed epoch 39 of 100

INFO:__main__:NLL: 0.1846, L2: 0.0185, Reg: 0.0533
INFO:__main__:Total loss 0.2564
INFO:__main__:Predicted mean: -0.3983
INFO:__main__:Predicted uncertainity -0.2041
INFO:__main__:Completed epoch 40 of 100

INFO:__main__:NLL: 0.1928, L2: 0.0182, Reg: 0.0628
INFO:__main__:Total loss 0.2738
INFO:__main__:Predicted mean: -0.3520
INFO:__main__:Predicted uncertainity -0.2533
INFO:__main__:Completed epoch 41 of 100

INFO:__main__:NLL: 0.2905, L2: 0.0189, Reg: 0.0575
INFO:__main__:Total loss 0.3669
INFO:__main__:Predicted mean: -0.4185
INFO:__main__:Predicted uncertainity -0.2437
INFO:__main__:Completed epoch 42 of 100

INFO:__main__:NLL: 0.1817, L2: 0.0195, Reg: 0.0583
INFO:__main__:Total loss 0.2595
INFO:__main__:Predicted mean: -0.4152
INFO:__main__:Predicted uncertainity -0.2444
INFO:__main__:Completed epoch 43 of 100

INFO:__main__:NLL: 0.2142, L2: 0.0195, Reg: 0.0594
INFO:__main__:Total loss 0.2932
INFO:__main__:Predicted mean: -0.3963
INFO:__main__:Predicted uncertainity -0.2429
INFO:__main__:Completed epoch 44 of 100

INFO:__main__:NLL: 0.2075, L2: 0.0193, Reg: 0.0627
INFO:__main__:Total loss 0.2896
INFO:__main__:Predicted mean: -0.3636
INFO:__main__:Predicted uncertainity -0.2571
INFO:__main__:Completed epoch 45 of 100

INFO:__main__:NLL: 0.2250, L2: 0.0204, Reg: 0.0580
INFO:__main__:Total loss 0.3034
INFO:__main__:Predicted mean: -0.3508
INFO:__main__:Predicted uncertainity -0.2770
INFO:__main__:Completed epoch 46 of 100

INFO:__main__:NLL: 0.1718, L2: 0.0190, Reg: 0.0633
INFO:__main__:Total loss 0.2541
INFO:__main__:Predicted mean: -0.4147
INFO:__main__:Predicted uncertainity -0.2530
INFO:__main__:Completed epoch 47 of 100

INFO:__main__:NLL: 0.2648, L2: 0.0187, Reg: 0.0630
INFO:__main__:Total loss 0.3465
INFO:__main__:Predicted mean: -0.3882
INFO:__main__:Predicted uncertainity -0.2514
INFO:__main__:Completed epoch 48 of 100

INFO:__main__:NLL: 0.2223, L2: 0.0197, Reg: 0.0592
INFO:__main__:Total loss 0.3012
INFO:__main__:Predicted mean: -0.3851
INFO:__main__:Predicted uncertainity -0.2317
INFO:__main__:Completed epoch 49 of 100

INFO:__main__:NLL: 0.2135, L2: 0.0185, Reg: 0.0550
INFO:__main__:Total loss 0.2870
INFO:__main__:Predicted mean: -0.4243
INFO:__main__:Predicted uncertainity -0.2078
INFO:__main__:Completed epoch 50 of 100

INFO:__main__:NLL: 0.1875, L2: 0.0200, Reg: 0.0694
INFO:__main__:Total loss 0.2769
INFO:__main__:Predicted mean: -0.4297
INFO:__main__:Predicted uncertainity -0.2874
INFO:__main__:Completed epoch 51 of 100

INFO:__main__:NLL: 0.1489, L2: 0.0189, Reg: 0.0604
INFO:__main__:Total loss 0.2282
INFO:__main__:Predicted mean: -0.3985
INFO:__main__:Predicted uncertainity -0.2599
INFO:__main__:Completed epoch 52 of 100

INFO:__main__:NLL: 0.2066, L2: 0.0187, Reg: 0.0478
INFO:__main__:Total loss 0.2730
INFO:__main__:Predicted mean: -0.4103
INFO:__main__:Predicted uncertainity -0.2169
INFO:__main__:Completed epoch 53 of 100

INFO:__main__:NLL: 0.1322, L2: 0.0189, Reg: 0.0544
INFO:__main__:Total loss 0.2055
INFO:__main__:Predicted mean: -0.3703
INFO:__main__:Predicted uncertainity -0.2336
INFO:__main__:Completed epoch 54 of 100

INFO:__main__:NLL: 0.1784, L2: 0.0190, Reg: 0.0527
INFO:__main__:Total loss 0.2502
INFO:__main__:Predicted mean: -0.3614
INFO:__main__:Predicted uncertainity -0.2456
INFO:__main__:Completed epoch 55 of 100

INFO:__main__:NLL: 0.1702, L2: 0.0209, Reg: 0.0485
INFO:__main__:Total loss 0.2396
INFO:__main__:Predicted mean: -0.3814
INFO:__main__:Predicted uncertainity -0.2291
INFO:__main__:Completed epoch 56 of 100

INFO:__main__:NLL: 0.1311, L2: 0.0196, Reg: 0.0625
INFO:__main__:Total loss 0.2132
INFO:__main__:Predicted mean: -0.3747
INFO:__main__:Predicted uncertainity -0.2823
INFO:__main__:Completed epoch 57 of 100

INFO:__main__:NLL: 0.2431, L2: 0.0181, Reg: 0.0544
INFO:__main__:Total loss 0.3155
INFO:__main__:Predicted mean: -0.3812
INFO:__main__:Predicted uncertainity -0.2405
INFO:__main__:Completed epoch 58 of 100

INFO:__main__:NLL: 0.1904, L2: 0.0196, Reg: 0.0603
INFO:__main__:Total loss 0.2703
INFO:__main__:Predicted mean: -0.3717
INFO:__main__:Predicted uncertainity -0.2326
INFO:__main__:Completed epoch 59 of 100

INFO:__main__:NLL: 0.2293, L2: 0.0190, Reg: 0.0433
INFO:__main__:Total loss 0.2916
INFO:__main__:Predicted mean: -0.4029
INFO:__main__:Predicted uncertainity -0.1526
INFO:__main__:Completed epoch 60 of 100

INFO:__main__:NLL: 0.1648, L2: 0.0195, Reg: 0.0585
INFO:__main__:Total loss 0.2428
INFO:__main__:Predicted mean: -0.3892
INFO:__main__:Predicted uncertainity -0.2049
INFO:__main__:Completed epoch 61 of 100

INFO:__main__:NLL: 0.2369, L2: 0.0184, Reg: 0.0573
INFO:__main__:Total loss 0.3126
INFO:__main__:Predicted mean: -0.3874
INFO:__main__:Predicted uncertainity -0.2424
INFO:__main__:Completed epoch 62 of 100

INFO:__main__:NLL: 0.1152, L2: 0.0193, Reg: 0.0672
INFO:__main__:Total loss 0.2017
INFO:__main__:Predicted mean: -0.3690
INFO:__main__:Predicted uncertainity -0.2288
INFO:__main__:Completed epoch 63 of 100

INFO:__main__:NLL: 0.1971, L2: 0.0196, Reg: 0.0685
INFO:__main__:Total loss 0.2853
INFO:__main__:Predicted mean: -0.4159
INFO:__main__:Predicted uncertainity -0.3181
INFO:__main__:Completed epoch 64 of 100

INFO:__main__:NLL: 0.0975, L2: 0.0190, Reg: 0.0589
INFO:__main__:Total loss 0.1753
INFO:__main__:Predicted mean: -0.4004
INFO:__main__:Predicted uncertainity -0.2841
INFO:__main__:Completed epoch 65 of 100

INFO:__main__:NLL: 0.2393, L2: 0.0182, Reg: 0.0509
INFO:__main__:Total loss 0.3085
INFO:__main__:Predicted mean: -0.4127
INFO:__main__:Predicted uncertainity -0.2532
INFO:__main__:Completed epoch 66 of 100

INFO:__main__:NLL: 0.1179, L2: 0.0194, Reg: 0.0557
INFO:__main__:Total loss 0.1930
INFO:__main__:Predicted mean: -0.4145
INFO:__main__:Predicted uncertainity -0.2692
INFO:__main__:Completed epoch 67 of 100

INFO:__main__:NLL: 0.1892, L2: 0.0181, Reg: 0.0622
INFO:__main__:Total loss 0.2694
INFO:__main__:Predicted mean: -0.3793
INFO:__main__:Predicted uncertainity -0.2428
INFO:__main__:Completed epoch 68 of 100

INFO:__main__:NLL: 0.1737, L2: 0.0187, Reg: 0.0640
INFO:__main__:Total loss 0.2565
INFO:__main__:Predicted mean: -0.3902
INFO:__main__:Predicted uncertainity -0.2696
INFO:__main__:Completed epoch 69 of 100

INFO:__main__:NLL: 0.1237, L2: 0.0201, Reg: 0.0634
INFO:__main__:Total loss 0.2072
INFO:__main__:Predicted mean: -0.3789
INFO:__main__:Predicted uncertainity -0.3243
INFO:__main__:Completed epoch 70 of 100

INFO:__main__:NLL: 0.2319, L2: 0.0193, Reg: 0.0522
INFO:__main__:Total loss 0.3034
INFO:__main__:Predicted mean: -0.3849
INFO:__main__:Predicted uncertainity -0.2246
INFO:__main__:Completed epoch 71 of 100

INFO:__main__:NLL: 0.1803, L2: 0.0196, Reg: 0.0615
INFO:__main__:Total loss 0.2614
INFO:__main__:Predicted mean: -0.3758
INFO:__main__:Predicted uncertainity -0.2840
INFO:__main__:Completed epoch 72 of 100

INFO:__main__:NLL: 0.1250, L2: 0.0182, Reg: 0.0520
INFO:__main__:Total loss 0.1952
INFO:__main__:Predicted mean: -0.4076
INFO:__main__:Predicted uncertainity -0.2762
INFO:__main__:Completed epoch 73 of 100

INFO:__main__:NLL: 0.1511, L2: 0.0206, Reg: 0.0687
INFO:__main__:Total loss 0.2404
INFO:__main__:Predicted mean: -0.3816
INFO:__main__:Predicted uncertainity -0.2854
INFO:__main__:Completed epoch 74 of 100

INFO:__main__:NLL: 0.1412, L2: 0.0186, Reg: 0.0653
INFO:__main__:Total loss 0.2252
INFO:__main__:Predicted mean: -0.4288
INFO:__main__:Predicted uncertainity -0.2819
INFO:__main__:Completed epoch 75 of 100

INFO:__main__:NLL: 0.2045, L2: 0.0199, Reg: 0.0601
INFO:__main__:Total loss 0.2844
INFO:__main__:Predicted mean: -0.4018
INFO:__main__:Predicted uncertainity -0.2305
INFO:__main__:Completed epoch 76 of 100

INFO:__main__:NLL: 0.1574, L2: 0.0186, Reg: 0.0612
INFO:__main__:Total loss 0.2373
INFO:__main__:Predicted mean: -0.3488
INFO:__main__:Predicted uncertainity -0.2607
INFO:__main__:Completed epoch 77 of 100

INFO:__main__:NLL: 0.1737, L2: 0.0193, Reg: 0.0671
INFO:__main__:Total loss 0.2601
INFO:__main__:Predicted mean: -0.4038
INFO:__main__:Predicted uncertainity -0.2200
INFO:__main__:Completed epoch 78 of 100

INFO:__main__:NLL: 0.1805, L2: 0.0202, Reg: 0.0589
INFO:__main__:Total loss 0.2596
INFO:__main__:Predicted mean: -0.3906
INFO:__main__:Predicted uncertainity -0.2524
INFO:__main__:Completed epoch 79 of 100

INFO:__main__:NLL: 0.1774, L2: 0.0192, Reg: 0.0602
INFO:__main__:Total loss 0.2568
INFO:__main__:Predicted mean: -0.4156
INFO:__main__:Predicted uncertainity -0.2230
INFO:__main__:Completed epoch 80 of 100

INFO:__main__:NLL: 0.1737, L2: 0.0186, Reg: 0.0495
INFO:__main__:Total loss 0.2418
INFO:__main__:Predicted mean: -0.3840
INFO:__main__:Predicted uncertainity -0.2386
INFO:__main__:Completed epoch 81 of 100

INFO:__main__:NLL: 0.1540, L2: 0.0198, Reg: 0.0584
INFO:__main__:Total loss 0.2323
INFO:__main__:Predicted mean: -0.3904
INFO:__main__:Predicted uncertainity -0.2408
INFO:__main__:Completed epoch 82 of 100

INFO:__main__:NLL: 0.2949, L2: 0.0186, Reg: 0.0529
INFO:__main__:Total loss 0.3664
INFO:__main__:Predicted mean: -0.4227
INFO:__main__:Predicted uncertainity -0.2305
INFO:__main__:Completed epoch 83 of 100

INFO:__main__:NLL: 0.1364, L2: 0.0193, Reg: 0.0508
INFO:__main__:Total loss 0.2065
INFO:__main__:Predicted mean: -0.3957
INFO:__main__:Predicted uncertainity -0.2020
INFO:__main__:Completed epoch 84 of 100

INFO:__main__:NLL: 0.1877, L2: 0.0188, Reg: 0.0597
INFO:__main__:Total loss 0.2661
INFO:__main__:Predicted mean: -0.3581
INFO:__main__:Predicted uncertainity -0.2728
INFO:__main__:Completed epoch 85 of 100

INFO:__main__:NLL: 0.1066, L2: 0.0181, Reg: 0.0698
INFO:__main__:Total loss 0.1945
INFO:__main__:Predicted mean: -0.3871
INFO:__main__:Predicted uncertainity -0.3244
INFO:__main__:Completed epoch 86 of 100

INFO:__main__:NLL: 0.1422, L2: 0.0191, Reg: 0.0700
INFO:__main__:Total loss 0.2314
INFO:__main__:Predicted mean: -0.4459
INFO:__main__:Predicted uncertainity -0.2867
INFO:__main__:Completed epoch 87 of 100

INFO:__main__:NLL: 0.2505, L2: 0.0189, Reg: 0.0639
INFO:__main__:Total loss 0.3333
INFO:__main__:Predicted mean: -0.3735
INFO:__main__:Predicted uncertainity -0.2916
INFO:__main__:Completed epoch 88 of 100

INFO:__main__:NLL: 0.2765, L2: 0.0193, Reg: 0.0514
INFO:__main__:Total loss 0.3472
INFO:__main__:Predicted mean: -0.3445
INFO:__main__:Predicted uncertainity -0.2627
INFO:__main__:Completed epoch 89 of 100

INFO:__main__:NLL: 0.1987, L2: 0.0187, Reg: 0.0521
INFO:__main__:Total loss 0.2696
INFO:__main__:Predicted mean: -0.3730
INFO:__main__:Predicted uncertainity -0.2383
INFO:__main__:Completed epoch 90 of 100

INFO:__main__:NLL: 0.1902, L2: 0.0189, Reg: 0.0510
INFO:__main__:Total loss 0.2602
INFO:__main__:Predicted mean: -0.3999
INFO:__main__:Predicted uncertainity -0.2658
INFO:__main__:Completed epoch 91 of 100

INFO:__main__:NLL: 0.0892, L2: 0.0179, Reg: 0.0659
INFO:__main__:Total loss 0.1730
INFO:__main__:Predicted mean: -0.3957
INFO:__main__:Predicted uncertainity -0.2383
INFO:__main__:Completed epoch 92 of 100

INFO:__main__:NLL: 0.2701, L2: 0.0192, Reg: 0.0643
INFO:__main__:Total loss 0.3537
INFO:__main__:Predicted mean: -0.3750
INFO:__main__:Predicted uncertainity -0.2761
INFO:__main__:Completed epoch 93 of 100

INFO:__main__:NLL: 0.2319, L2: 0.0205, Reg: 0.0759
INFO:__main__:Total loss 0.3283
INFO:__main__:Predicted mean: -0.3851
INFO:__main__:Predicted uncertainity -0.3206
INFO:__main__:Completed epoch 94 of 100

INFO:__main__:NLL: 0.2170, L2: 0.0196, Reg: 0.0546
INFO:__main__:Total loss 0.2911
INFO:__main__:Predicted mean: -0.4066
INFO:__main__:Predicted uncertainity -0.2243
INFO:__main__:Completed epoch 95 of 100

INFO:__main__:NLL: 0.1957, L2: 0.0205, Reg: 0.0641
INFO:__main__:Total loss 0.2804
INFO:__main__:Predicted mean: -0.3998
INFO:__main__:Predicted uncertainity -0.2310
INFO:__main__:Completed epoch 96 of 100

INFO:__main__:NLL: 0.2129, L2: 0.0188, Reg: 0.0688
INFO:__main__:Total loss 0.3005
INFO:__main__:Predicted mean: -0.3497
INFO:__main__:Predicted uncertainity -0.3198
INFO:__main__:Completed epoch 97 of 100

INFO:__main__:NLL: 0.1231, L2: 0.0192, Reg: 0.0613
INFO:__main__:Total loss 0.2036
INFO:__main__:Predicted mean: -0.3829
INFO:__main__:Predicted uncertainity -0.2994
INFO:__main__:Completed epoch 98 of 100

INFO:__main__:NLL: 0.1574, L2: 0.0193, Reg: 0.0631
INFO:__main__:Total loss 0.2398
INFO:__main__:Predicted mean: -0.3760
INFO:__main__:Predicted uncertainity -0.2831
INFO:__main__:Completed epoch 99 of 100

INFO:__main__:NLL: 0.1633, L2: 0.0201, Reg: 0.0651
INFO:__main__:Total loss 0.2485
INFO:__main__:Predicted mean: -0.4147
INFO:__main__:Predicted uncertainity -0.2141
INFO:__main__:Completed epoch 100 of 100

INFO:__main__:603.643453 s
