INFO:__main__:PROCESS RUNNING ON cpu
INFO:__main__:NLL: 0.0439, L2: 0.0068, Reg: 0.0168
INFO:__main__:Total loss 0.0675
INFO:__main__:Predicted mean: -0.4508
INFO:__main__:Predicted uncertainity -0.7654
INFO:__main__:Completed epoch 1 of 100

INFO:__main__:NLL: 0.1169, L2: 0.0073, Reg: 0.0169
INFO:__main__:Total loss 0.1411
INFO:__main__:Predicted mean: -0.3783
INFO:__main__:Predicted uncertainity -0.7868
INFO:__main__:Completed epoch 2 of 100

INFO:__main__:NLL: 0.1314, L2: 0.0081, Reg: 0.0168
INFO:__main__:Total loss 0.1562
INFO:__main__:Predicted mean: -0.3845
INFO:__main__:Predicted uncertainity -0.7089
INFO:__main__:Completed epoch 3 of 100

INFO:__main__:NLL: -0.1554, L2: 0.0080, Reg: 0.0170
INFO:__main__:Total loss -0.1305
INFO:__main__:Predicted mean: -0.4463
INFO:__main__:Predicted uncertainity -0.8559
INFO:__main__:Completed epoch 4 of 100

INFO:__main__:NLL: 0.2229, L2: 0.0078, Reg: 0.0167
INFO:__main__:Total loss 0.2473
INFO:__main__:Predicted mean: -0.3701
INFO:__main__:Predicted uncertainity -0.7851
INFO:__main__:Completed epoch 5 of 100

INFO:__main__:NLL: -0.0069, L2: 0.0081, Reg: 0.0168
INFO:__main__:Total loss 0.0179
INFO:__main__:Predicted mean: -0.3597
INFO:__main__:Predicted uncertainity -0.6430
INFO:__main__:Completed epoch 6 of 100

INFO:__main__:NLL: -0.0942, L2: 0.0081, Reg: 0.0167
INFO:__main__:Total loss -0.0694
INFO:__main__:Predicted mean: -0.3959
INFO:__main__:Predicted uncertainity -0.7573
INFO:__main__:Completed epoch 7 of 100

INFO:__main__:NLL: 0.2343, L2: 0.0084, Reg: 0.0168
INFO:__main__:Total loss 0.2595
INFO:__main__:Predicted mean: -0.4364
INFO:__main__:Predicted uncertainity -0.7600
INFO:__main__:Completed epoch 8 of 100

INFO:__main__:NLL: 0.0743, L2: 0.0082, Reg: 0.0166
INFO:__main__:Total loss 0.0992
INFO:__main__:Predicted mean: -0.4158
INFO:__main__:Predicted uncertainity -0.7973
INFO:__main__:Completed epoch 9 of 100

INFO:__main__:NLL: 0.2620, L2: 0.0083, Reg: 0.0169
INFO:__main__:Total loss 0.2872
INFO:__main__:Predicted mean: -0.3737
INFO:__main__:Predicted uncertainity -0.8344
INFO:__main__:Completed epoch 10 of 100

INFO:__main__:NLL: 0.0789, L2: 0.0091, Reg: 0.0166
INFO:__main__:Total loss 0.1046
INFO:__main__:Predicted mean: -0.4178
INFO:__main__:Predicted uncertainity -0.7629
INFO:__main__:Completed epoch 11 of 100

INFO:__main__:NLL: 0.1490, L2: 0.0085, Reg: 0.0167
INFO:__main__:Total loss 0.1742
INFO:__main__:Predicted mean: -0.4479
INFO:__main__:Predicted uncertainity -0.6811
INFO:__main__:Completed epoch 12 of 100

INFO:__main__:NLL: 0.0284, L2: 0.0087, Reg: 0.0166
INFO:__main__:Total loss 0.0537
INFO:__main__:Predicted mean: -0.3616
INFO:__main__:Predicted uncertainity -0.7110
INFO:__main__:Completed epoch 13 of 100

INFO:__main__:NLL: 0.0553, L2: 0.0094, Reg: 0.0166
INFO:__main__:Total loss 0.0814
INFO:__main__:Predicted mean: -0.3732
INFO:__main__:Predicted uncertainity -0.7431
INFO:__main__:Completed epoch 14 of 100

INFO:__main__:NLL: 0.0356, L2: 0.0093, Reg: 0.0167
INFO:__main__:Total loss 0.0616
INFO:__main__:Predicted mean: -0.3388
INFO:__main__:Predicted uncertainity -0.8090
INFO:__main__:Completed epoch 15 of 100

INFO:__main__:NLL: 0.1509, L2: 0.0089, Reg: 0.0168
INFO:__main__:Total loss 0.1765
INFO:__main__:Predicted mean: -0.4073
INFO:__main__:Predicted uncertainity -0.6264
INFO:__main__:Completed epoch 16 of 100

INFO:__main__:NLL: 0.0107, L2: 0.0095, Reg: 0.0167
INFO:__main__:Total loss 0.0369
INFO:__main__:Predicted mean: -0.3616
INFO:__main__:Predicted uncertainity -0.7988
INFO:__main__:Completed epoch 17 of 100

INFO:__main__:NLL: 0.0924, L2: 0.0098, Reg: 0.0169
INFO:__main__:Total loss 0.1191
INFO:__main__:Predicted mean: -0.3672
INFO:__main__:Predicted uncertainity -0.7308
INFO:__main__:Completed epoch 18 of 100

INFO:__main__:NLL: -0.0248, L2: 0.0097, Reg: 0.0168
INFO:__main__:Total loss 0.0017
INFO:__main__:Predicted mean: -0.3522
INFO:__main__:Predicted uncertainity -0.7853
INFO:__main__:Completed epoch 19 of 100

INFO:__main__:NLL: 0.0445, L2: 0.0093, Reg: 0.0168
INFO:__main__:Total loss 0.0706
INFO:__main__:Predicted mean: -0.4238
INFO:__main__:Predicted uncertainity -0.7204
INFO:__main__:Completed epoch 20 of 100

INFO:__main__:NLL: 0.1088, L2: 0.0104, Reg: 0.0166
INFO:__main__:Total loss 0.1358
INFO:__main__:Predicted mean: -0.3768
INFO:__main__:Predicted uncertainity -0.6475
INFO:__main__:Completed epoch 21 of 100

INFO:__main__:NLL: -0.0050, L2: 0.0091, Reg: 0.0168
INFO:__main__:Total loss 0.0209
INFO:__main__:Predicted mean: -0.3668
INFO:__main__:Predicted uncertainity -0.8015
INFO:__main__:Completed epoch 22 of 100

INFO:__main__:NLL: 0.4773, L2: 0.0089, Reg: 0.0167
INFO:__main__:Total loss 0.5029
INFO:__main__:Predicted mean: -0.3986
INFO:__main__:Predicted uncertainity -0.8100
INFO:__main__:Completed epoch 23 of 100

INFO:__main__:NLL: 0.0475, L2: 0.0089, Reg: 0.0168
INFO:__main__:Total loss 0.0732
INFO:__main__:Predicted mean: -0.3627
INFO:__main__:Predicted uncertainity -0.6473
INFO:__main__:Completed epoch 24 of 100

INFO:__main__:NLL: 0.0487, L2: 0.0090, Reg: 0.0167
INFO:__main__:Total loss 0.0743
INFO:__main__:Predicted mean: -0.3280
INFO:__main__:Predicted uncertainity -0.7017
INFO:__main__:Completed epoch 25 of 100

INFO:__main__:NLL: 0.1653, L2: 0.0092, Reg: 0.0168
INFO:__main__:Total loss 0.1913
INFO:__main__:Predicted mean: -0.3761
INFO:__main__:Predicted uncertainity -0.7412
INFO:__main__:Completed epoch 26 of 100

INFO:__main__:NLL: 0.1025, L2: 0.0084, Reg: 0.0167
INFO:__main__:Total loss 0.1275
INFO:__main__:Predicted mean: -0.3632
INFO:__main__:Predicted uncertainity -0.6863
INFO:__main__:Completed epoch 27 of 100

INFO:__main__:NLL: -0.0300, L2: 0.0084, Reg: 0.0169
INFO:__main__:Total loss -0.0047
INFO:__main__:Predicted mean: -0.3459
INFO:__main__:Predicted uncertainity -0.7973
INFO:__main__:Completed epoch 28 of 100

INFO:__main__:NLL: 0.2140, L2: 0.0087, Reg: 0.0169
INFO:__main__:Total loss 0.2396
INFO:__main__:Predicted mean: -0.3732
INFO:__main__:Predicted uncertainity -0.7412
INFO:__main__:Completed epoch 29 of 100

INFO:__main__:NLL: 0.1046, L2: 0.0085, Reg: 0.0166
INFO:__main__:Total loss 0.1297
INFO:__main__:Predicted mean: -0.3467
INFO:__main__:Predicted uncertainity -0.7326
INFO:__main__:Completed epoch 30 of 100

INFO:__main__:NLL: -0.1098, L2: 0.0088, Reg: 0.0166
INFO:__main__:Total loss -0.0844
INFO:__main__:Predicted mean: -0.3386
INFO:__main__:Predicted uncertainity -0.7442
INFO:__main__:Completed epoch 31 of 100

INFO:__main__:NLL: -0.0008, L2: 0.0087, Reg: 0.0167
INFO:__main__:Total loss 0.0246
INFO:__main__:Predicted mean: -0.3471
INFO:__main__:Predicted uncertainity -0.7685
INFO:__main__:Completed epoch 32 of 100

INFO:__main__:NLL: 0.2220, L2: 0.0084, Reg: 0.0169
INFO:__main__:Total loss 0.2473
INFO:__main__:Predicted mean: -0.3901
INFO:__main__:Predicted uncertainity -0.8718
INFO:__main__:Completed epoch 33 of 100

INFO:__main__:NLL: 0.0983, L2: 0.0087, Reg: 0.0168
INFO:__main__:Total loss 0.1237
INFO:__main__:Predicted mean: -0.3680
INFO:__main__:Predicted uncertainity -0.7868
INFO:__main__:Completed epoch 34 of 100

INFO:__main__:NLL: 0.1170, L2: 0.0085, Reg: 0.0167
INFO:__main__:Total loss 0.1422
INFO:__main__:Predicted mean: -0.3646
INFO:__main__:Predicted uncertainity -0.7460
INFO:__main__:Completed epoch 35 of 100

INFO:__main__:NLL: 0.0678, L2: 0.0082, Reg: 0.0168
INFO:__main__:Total loss 0.0928
INFO:__main__:Predicted mean: -0.3536
INFO:__main__:Predicted uncertainity -0.8234
INFO:__main__:Completed epoch 36 of 100

INFO:__main__:NLL: 0.2864, L2: 0.0082, Reg: 0.0167
INFO:__main__:Total loss 0.3113
INFO:__main__:Predicted mean: -0.4178
INFO:__main__:Predicted uncertainity -0.7628
INFO:__main__:Completed epoch 37 of 100

INFO:__main__:NLL: -0.0424, L2: 0.0083, Reg: 0.0167
INFO:__main__:Total loss -0.0174
INFO:__main__:Predicted mean: -0.3282
INFO:__main__:Predicted uncertainity -0.7993
INFO:__main__:Completed epoch 38 of 100

INFO:__main__:NLL: 0.1820, L2: 0.0093, Reg: 0.0167
INFO:__main__:Total loss 0.2079
INFO:__main__:Predicted mean: -0.4929
INFO:__main__:Predicted uncertainity -0.7495
INFO:__main__:Completed epoch 39 of 100

INFO:__main__:NLL: 0.0402, L2: 0.0090, Reg: 0.0167
INFO:__main__:Total loss 0.0659
INFO:__main__:Predicted mean: -0.3708
INFO:__main__:Predicted uncertainity -0.7297
INFO:__main__:Completed epoch 40 of 100

INFO:__main__:NLL: 0.0551, L2: 0.0084, Reg: 0.0167
INFO:__main__:Total loss 0.0802
INFO:__main__:Predicted mean: -0.3509
INFO:__main__:Predicted uncertainity -0.7004
INFO:__main__:Completed epoch 41 of 100

INFO:__main__:NLL: 0.3947, L2: 0.0085, Reg: 0.0167
INFO:__main__:Total loss 0.4200
INFO:__main__:Predicted mean: -0.4304
INFO:__main__:Predicted uncertainity -0.8192
INFO:__main__:Completed epoch 42 of 100

INFO:__main__:NLL: 0.1079, L2: 0.0091, Reg: 0.0167
INFO:__main__:Total loss 0.1336
INFO:__main__:Predicted mean: -0.3603
INFO:__main__:Predicted uncertainity -0.7344
INFO:__main__:Completed epoch 43 of 100

INFO:__main__:NLL: 0.0390, L2: 0.0098, Reg: 0.0167
INFO:__main__:Total loss 0.0655
INFO:__main__:Predicted mean: -0.3481
INFO:__main__:Predicted uncertainity -0.7360
INFO:__main__:Completed epoch 44 of 100

INFO:__main__:NLL: 0.1283, L2: 0.0097, Reg: 0.0169
INFO:__main__:Total loss 0.1549
INFO:__main__:Predicted mean: -0.3578
INFO:__main__:Predicted uncertainity -0.8120
INFO:__main__:Completed epoch 45 of 100

INFO:__main__:NLL: 0.1298, L2: 0.0095, Reg: 0.0168
INFO:__main__:Total loss 0.1561
INFO:__main__:Predicted mean: -0.3349
INFO:__main__:Predicted uncertainity -0.7526
INFO:__main__:Completed epoch 46 of 100

INFO:__main__:NLL: 0.0110, L2: 0.0091, Reg: 0.0167
INFO:__main__:Total loss 0.0368
INFO:__main__:Predicted mean: -0.4095
INFO:__main__:Predicted uncertainity -0.7536
INFO:__main__:Completed epoch 47 of 100

INFO:__main__:NLL: 0.3036, L2: 0.0101, Reg: 0.0167
INFO:__main__:Total loss 0.3304
INFO:__main__:Predicted mean: -0.4133
INFO:__main__:Predicted uncertainity -0.6882
INFO:__main__:Completed epoch 48 of 100

INFO:__main__:NLL: 0.0737, L2: 0.0098, Reg: 0.0169
INFO:__main__:Total loss 0.1005
INFO:__main__:Predicted mean: -0.3771
INFO:__main__:Predicted uncertainity -0.8656
INFO:__main__:Completed epoch 49 of 100

INFO:__main__:NLL: 0.0258, L2: 0.0092, Reg: 0.0167
INFO:__main__:Total loss 0.0517
INFO:__main__:Predicted mean: -0.3912
INFO:__main__:Predicted uncertainity -0.6565
INFO:__main__:Completed epoch 50 of 100

INFO:__main__:NLL: 0.2074, L2: 0.0094, Reg: 0.0168
INFO:__main__:Total loss 0.2336
INFO:__main__:Predicted mean: -0.4304
INFO:__main__:Predicted uncertainity -0.8181
INFO:__main__:Completed epoch 51 of 100

INFO:__main__:NLL: 0.0789, L2: 0.0095, Reg: 0.0168
INFO:__main__:Total loss 0.1052
INFO:__main__:Predicted mean: -0.3967
INFO:__main__:Predicted uncertainity -0.7560
INFO:__main__:Completed epoch 52 of 100

INFO:__main__:NLL: 0.1628, L2: 0.0097, Reg: 0.0166
INFO:__main__:Total loss 0.1891
INFO:__main__:Predicted mean: -0.4063
INFO:__main__:Predicted uncertainity -0.7610
INFO:__main__:Completed epoch 53 of 100

INFO:__main__:NLL: 0.0211, L2: 0.0091, Reg: 0.0167
INFO:__main__:Total loss 0.0469
INFO:__main__:Predicted mean: -0.3434
INFO:__main__:Predicted uncertainity -0.7584
INFO:__main__:Completed epoch 54 of 100

INFO:__main__:NLL: 0.1702, L2: 0.0095, Reg: 0.0167
INFO:__main__:Total loss 0.1965
INFO:__main__:Predicted mean: -0.3804
INFO:__main__:Predicted uncertainity -0.7816
INFO:__main__:Completed epoch 55 of 100

INFO:__main__:NLL: 0.0941, L2: 0.0096, Reg: 0.0168
INFO:__main__:Total loss 0.1204
INFO:__main__:Predicted mean: -0.3965
INFO:__main__:Predicted uncertainity -0.8180
INFO:__main__:Completed epoch 56 of 100

INFO:__main__:NLL: 0.0846, L2: 0.0094, Reg: 0.0167
INFO:__main__:Total loss 0.1108
INFO:__main__:Predicted mean: -0.3281
INFO:__main__:Predicted uncertainity -0.8273
INFO:__main__:Completed epoch 57 of 100

INFO:__main__:NLL: 0.1791, L2: 0.0095, Reg: 0.0169
INFO:__main__:Total loss 0.2056
INFO:__main__:Predicted mean: -0.4128
INFO:__main__:Predicted uncertainity -0.7570
INFO:__main__:Completed epoch 58 of 100

INFO:__main__:NLL: 0.1424, L2: 0.0091, Reg: 0.0167
INFO:__main__:Total loss 0.1682
INFO:__main__:Predicted mean: -0.3621
INFO:__main__:Predicted uncertainity -0.7202
INFO:__main__:Completed epoch 59 of 100

INFO:__main__:NLL: 0.0875, L2: 0.0091, Reg: 0.0167
INFO:__main__:Total loss 0.1134
INFO:__main__:Predicted mean: -0.3687
INFO:__main__:Predicted uncertainity -0.6508
INFO:__main__:Completed epoch 60 of 100

INFO:__main__:NLL: 0.0112, L2: 0.0092, Reg: 0.0168
INFO:__main__:Total loss 0.0371
INFO:__main__:Predicted mean: -0.3613
INFO:__main__:Predicted uncertainity -0.6722
INFO:__main__:Completed epoch 61 of 100

INFO:__main__:NLL: 0.1005, L2: 0.0087, Reg: 0.0167
INFO:__main__:Total loss 0.1259
INFO:__main__:Predicted mean: -0.3684
INFO:__main__:Predicted uncertainity -0.7211
INFO:__main__:Completed epoch 62 of 100

INFO:__main__:NLL: 0.0892, L2: 0.0086, Reg: 0.0168
INFO:__main__:Total loss 0.1146
INFO:__main__:Predicted mean: -0.3494
INFO:__main__:Predicted uncertainity -0.7961
INFO:__main__:Completed epoch 63 of 100

INFO:__main__:NLL: 0.2232, L2: 0.0091, Reg: 0.0168
INFO:__main__:Total loss 0.2491
INFO:__main__:Predicted mean: -0.4080
INFO:__main__:Predicted uncertainity -0.7855
INFO:__main__:Completed epoch 64 of 100

INFO:__main__:NLL: 0.0216, L2: 0.0090, Reg: 0.0167
INFO:__main__:Total loss 0.0474
INFO:__main__:Predicted mean: -0.4581
INFO:__main__:Predicted uncertainity -0.7617
INFO:__main__:Completed epoch 65 of 100

INFO:__main__:NLL: 0.1128, L2: 0.0082, Reg: 0.0168
INFO:__main__:Total loss 0.1378
INFO:__main__:Predicted mean: -0.3561
INFO:__main__:Predicted uncertainity -0.7713
INFO:__main__:Completed epoch 66 of 100

INFO:__main__:NLL: -0.0013, L2: 0.0083, Reg: 0.0168
INFO:__main__:Total loss 0.0238
INFO:__main__:Predicted mean: -0.4288
INFO:__main__:Predicted uncertainity -0.8060
INFO:__main__:Completed epoch 67 of 100

INFO:__main__:NLL: 0.1003, L2: 0.0083, Reg: 0.0168
INFO:__main__:Total loss 0.1253
INFO:__main__:Predicted mean: -0.3483
INFO:__main__:Predicted uncertainity -0.7185
INFO:__main__:Completed epoch 68 of 100

INFO:__main__:NLL: 0.0853, L2: 0.0087, Reg: 0.0168
INFO:__main__:Total loss 0.1108
INFO:__main__:Predicted mean: -0.3387
INFO:__main__:Predicted uncertainity -0.8127
INFO:__main__:Completed epoch 69 of 100

INFO:__main__:NLL: -0.0826, L2: 0.0090, Reg: 0.0167
INFO:__main__:Total loss -0.0570
INFO:__main__:Predicted mean: -0.3774
INFO:__main__:Predicted uncertainity -0.8067
INFO:__main__:Completed epoch 70 of 100

INFO:__main__:NLL: 0.0837, L2: 0.0088, Reg: 0.0166
INFO:__main__:Total loss 0.1091
INFO:__main__:Predicted mean: -0.3637
INFO:__main__:Predicted uncertainity -0.7835
INFO:__main__:Completed epoch 71 of 100

INFO:__main__:NLL: 0.0357, L2: 0.0088, Reg: 0.0168
INFO:__main__:Total loss 0.0613
INFO:__main__:Predicted mean: -0.3632
INFO:__main__:Predicted uncertainity -0.7712
INFO:__main__:Completed epoch 72 of 100

INFO:__main__:NLL: -0.0418, L2: 0.0089, Reg: 0.0167
INFO:__main__:Total loss -0.0162
INFO:__main__:Predicted mean: -0.3653
INFO:__main__:Predicted uncertainity -0.7085
INFO:__main__:Completed epoch 73 of 100

INFO:__main__:NLL: 0.0137, L2: 0.0090, Reg: 0.0168
INFO:__main__:Total loss 0.0395
INFO:__main__:Predicted mean: -0.3936
INFO:__main__:Predicted uncertainity -0.8954
INFO:__main__:Completed epoch 74 of 100

INFO:__main__:NLL: 0.1489, L2: 0.0092, Reg: 0.0166
INFO:__main__:Total loss 0.1747
INFO:__main__:Predicted mean: -0.4002
INFO:__main__:Predicted uncertainity -0.6783
INFO:__main__:Completed epoch 75 of 100

INFO:__main__:NLL: 0.0585, L2: 0.0096, Reg: 0.0167
INFO:__main__:Total loss 0.0847
INFO:__main__:Predicted mean: -0.3966
INFO:__main__:Predicted uncertainity -0.7063
INFO:__main__:Completed epoch 76 of 100

INFO:__main__:NLL: 0.1256, L2: 0.0090, Reg: 0.0169
INFO:__main__:Total loss 0.1516
INFO:__main__:Predicted mean: -0.3170
INFO:__main__:Predicted uncertainity -0.6841
INFO:__main__:Completed epoch 77 of 100

INFO:__main__:NLL: -0.0133, L2: 0.0091, Reg: 0.0167
INFO:__main__:Total loss 0.0125
INFO:__main__:Predicted mean: -0.4338
INFO:__main__:Predicted uncertainity -0.7741
INFO:__main__:Completed epoch 78 of 100

INFO:__main__:NLL: 0.1442, L2: 0.0094, Reg: 0.0168
INFO:__main__:Total loss 0.1703
INFO:__main__:Predicted mean: -0.3521
INFO:__main__:Predicted uncertainity -0.7109
INFO:__main__:Completed epoch 79 of 100

INFO:__main__:NLL: 0.0102, L2: 0.0085, Reg: 0.0169
INFO:__main__:Total loss 0.0356
INFO:__main__:Predicted mean: -0.4096
INFO:__main__:Predicted uncertainity -0.6892
INFO:__main__:Completed epoch 80 of 100

INFO:__main__:NLL: -0.0147, L2: 0.0082, Reg: 0.0167
INFO:__main__:Total loss 0.0102
INFO:__main__:Predicted mean: -0.3271
INFO:__main__:Predicted uncertainity -0.7674
INFO:__main__:Completed epoch 81 of 100

INFO:__main__:NLL: 0.1154, L2: 0.0086, Reg: 0.0168
INFO:__main__:Total loss 0.1409
INFO:__main__:Predicted mean: -0.3325
INFO:__main__:Predicted uncertainity -0.7659
INFO:__main__:Completed epoch 82 of 100

INFO:__main__:NLL: 0.3122, L2: 0.0087, Reg: 0.0167
INFO:__main__:Total loss 0.3376
INFO:__main__:Predicted mean: -0.4324
INFO:__main__:Predicted uncertainity -0.7076
INFO:__main__:Completed epoch 83 of 100

INFO:__main__:NLL: -0.0269, L2: 0.0090, Reg: 0.0166
INFO:__main__:Total loss -0.0013
INFO:__main__:Predicted mean: -0.3756
INFO:__main__:Predicted uncertainity -0.6559
INFO:__main__:Completed epoch 84 of 100

INFO:__main__:NLL: 0.1193, L2: 0.0086, Reg: 0.0167
INFO:__main__:Total loss 0.1445
INFO:__main__:Predicted mean: -0.3293
INFO:__main__:Predicted uncertainity -0.7788
INFO:__main__:Completed epoch 85 of 100

INFO:__main__:NLL: -0.0603, L2: 0.0089, Reg: 0.0167
INFO:__main__:Total loss -0.0347
INFO:__main__:Predicted mean: -0.3581
INFO:__main__:Predicted uncertainity -0.7331
INFO:__main__:Completed epoch 86 of 100

INFO:__main__:NLL: 0.0196, L2: 0.0083, Reg: 0.0168
INFO:__main__:Total loss 0.0447
INFO:__main__:Predicted mean: -0.3979
INFO:__main__:Predicted uncertainity -0.7643
INFO:__main__:Completed epoch 87 of 100

INFO:__main__:NLL: 0.1730, L2: 0.0095, Reg: 0.0168
INFO:__main__:Total loss 0.1993
INFO:__main__:Predicted mean: -0.3439
INFO:__main__:Predicted uncertainity -0.8144
INFO:__main__:Completed epoch 88 of 100

INFO:__main__:NLL: 0.3976, L2: 0.0089, Reg: 0.0167
INFO:__main__:Total loss 0.4231
INFO:__main__:Predicted mean: -0.3387
INFO:__main__:Predicted uncertainity -0.7714
INFO:__main__:Completed epoch 89 of 100

INFO:__main__:NLL: 0.1312, L2: 0.0084, Reg: 0.0166
INFO:__main__:Total loss 0.1562
INFO:__main__:Predicted mean: -0.3351
INFO:__main__:Predicted uncertainity -0.7076
INFO:__main__:Completed epoch 90 of 100

INFO:__main__:NLL: 0.1417, L2: 0.0088, Reg: 0.0167
INFO:__main__:Total loss 0.1672
INFO:__main__:Predicted mean: -0.3654
INFO:__main__:Predicted uncertainity -0.7448
INFO:__main__:Completed epoch 91 of 100

INFO:__main__:NLL: -0.0169, L2: 0.0084, Reg: 0.0169
INFO:__main__:Total loss 0.0084
INFO:__main__:Predicted mean: -0.3799
INFO:__main__:Predicted uncertainity -0.7543
INFO:__main__:Completed epoch 92 of 100

INFO:__main__:NLL: 0.1664, L2: 0.0093, Reg: 0.0166
INFO:__main__:Total loss 0.1923
INFO:__main__:Predicted mean: -0.3780
INFO:__main__:Predicted uncertainity -0.7807
INFO:__main__:Completed epoch 93 of 100

INFO:__main__:NLL: 0.2467, L2: 0.0091, Reg: 0.0169
INFO:__main__:Total loss 0.2727
INFO:__main__:Predicted mean: -0.3930
INFO:__main__:Predicted uncertainity -0.8204
INFO:__main__:Completed epoch 94 of 100

INFO:__main__:NLL: 0.1038, L2: 0.0090, Reg: 0.0168
INFO:__main__:Total loss 0.1296
INFO:__main__:Predicted mean: -0.3821
INFO:__main__:Predicted uncertainity -0.7823
INFO:__main__:Completed epoch 95 of 100

INFO:__main__:NLL: 0.2500, L2: 0.0087, Reg: 0.0168
INFO:__main__:Total loss 0.2755
INFO:__main__:Predicted mean: -0.3720
INFO:__main__:Predicted uncertainity -0.7623
INFO:__main__:Completed epoch 96 of 100

INFO:__main__:NLL: 0.1425, L2: 0.0091, Reg: 0.0170
INFO:__main__:Total loss 0.1686
INFO:__main__:Predicted mean: -0.3803
INFO:__main__:Predicted uncertainity -0.7494
INFO:__main__:Completed epoch 97 of 100

INFO:__main__:NLL: -0.0432, L2: 0.0092, Reg: 0.0168
INFO:__main__:Total loss -0.0172
INFO:__main__:Predicted mean: -0.3472
INFO:__main__:Predicted uncertainity -0.7089
INFO:__main__:Completed epoch 98 of 100

INFO:__main__:NLL: -0.0577, L2: 0.0087, Reg: 0.0169
INFO:__main__:Total loss -0.0321
INFO:__main__:Predicted mean: -0.3499
INFO:__main__:Predicted uncertainity -0.8233
INFO:__main__:Completed epoch 99 of 100

INFO:__main__:NLL: 0.1309, L2: 0.0090, Reg: 0.0168
INFO:__main__:Total loss 0.1567
INFO:__main__:Predicted mean: -0.3807
INFO:__main__:Predicted uncertainity -0.7899
INFO:__main__:Completed epoch 100 of 100

INFO:__main__:853.381210 s
